5.867: [GC (Allocation Failure) [PSYoungGen: 128000K->12541K(148992K)] 128000K->12621K(488960K), 0.0185934 secs] [Times: user=0.03 sys=0.01, real=0.02 secs] 
6.397: [GC (Metadata GC Threshold) [PSYoungGen: 48937K->6028K(148992K)] 49017K->6124K(488960K), 0.0044331 secs] [Times: user=0.02 sys=0.01, real=0.00 secs] 
6.402: [Full GC (Metadata GC Threshold) [PSYoungGen: 6028K->0K(148992K)] [ParOldGen: 96K->5939K(134144K)] 6124K->5939K(283136K), [Metaspace: 20456K->20456K(1067008K)], 0.0189345 secs] [Times: user=0.06 sys=0.00, real=0.02 secs] 
7.569: [GC (Allocation Failure) [PSYoungGen: 128000K->9864K(148992K)] 133939K->15812K(283136K), 0.0025709 secs] [Times: user=0.00 sys=0.00, real=0.00 secs] 
8.091: [GC (Metadata GC Threshold) [PSYoungGen: 37926K->4630K(148992K)] 43873K->10586K(283136K), 0.0020873 secs] [Times: user=0.01 sys=0.00, real=0.00 secs] 
8.093: [Full GC (Metadata GC Threshold) [PSYoungGen: 4630K->0K(148992K)] [ParOldGen: 5955K->8870K(227840K)] 10586K->8870K(376832K), [Metaspace: 33770K->33770K(1081344K)], 0.0272326 secs] [Times: user=0.05 sys=0.00, real=0.03 secs] 
9.469: [GC (Allocation Failure) [PSYoungGen: 128000K->13080K(148992K)] 136870K->21959K(376832K), 0.0041386 secs] [Times: user=0.01 sys=0.00, real=0.00 secs] 
10.870: [GC (Allocation Failure) [PSYoungGen: 141080K->16372K(158720K)] 149959K->59759K(386560K), 0.0163098 secs] [Times: user=0.07 sys=0.02, real=0.02 secs] 
11.738: [GC (Allocation Failure) [PSYoungGen: 158708K->37335K(180736K)] 202095K->113499K(408576K), 0.0114754 secs] [Times: user=0.06 sys=0.01, real=0.01 secs] 
12.598: [GC (Allocation Failure) [PSYoungGen: 147290K->37367K(246272K)] 223453K->146307K(474112K), 0.0136395 secs] [Times: user=0.06 sys=0.01, real=0.01 secs] 
14.279: [GC (Allocation Failure) [PSYoungGen: 237559K->4376K(251392K)] 346499K->113324K(479232K), 0.0030017 secs] [Times: user=0.01 sys=0.00, real=0.00 secs] 
16.584: [GC (Allocation Failure) [PSYoungGen: 204568K->38066K(300544K)] 313516K->147021K(528384K), 0.0145605 secs] [Times: user=0.07 sys=0.00, real=0.01 secs] 
18.855: [GC (Allocation Failure) [PSYoungGen: 287922K->6281K(304640K)] 396877K->115245K(532480K), 0.0029371 secs] [Times: user=0.02 sys=0.00, real=0.00 secs] 
20.152: [GC (Allocation Failure) [PSYoungGen: 234854K->38041K(356864K)] 343818K->147005K(584704K), 0.0098921 secs] [Times: user=0.05 sys=0.00, real=0.01 secs] 
22.180: [GC (Allocation Failure) [PSYoungGen: 341145K->21657K(360448K)] 450109K->130629K(588288K), 0.0044452 secs] [Times: user=0.02 sys=0.00, real=0.01 secs] 
23.846: [GC (Allocation Failure) [PSYoungGen: 324761K->38386K(418816K)] 433733K->278437K(679936K), 0.0213027 secs] [Times: user=0.09 sys=0.02, real=0.02 secs] 
23.867: [Full GC (Ergonomics) [PSYoungGen: 38386K->0K(418816K)] [ParOldGen: 240051K->209655K(577536K)] 278437K->209655K(996352K), [Metaspace: 53694K->53686K(1099776K)], 0.1058347 secs] [Times: user=0.43 sys=0.01, real=0.10 secs] 
28.687: [GC (Allocation Failure) [PSYoungGen: 365056K->5616K(421888K)] 574711K->215279K(999424K), 0.0021393 secs] [Times: user=0.01 sys=0.01, real=0.00 secs] 
33.168: [GC (Allocation Failure) [PSYoungGen: 370672K->17888K(476672K)] 580335K->227559K(1054208K), 0.0030842 secs] [Times: user=0.02 sys=0.00, real=0.00 secs] 
36.967: [GC (Allocation Failure) [PSYoungGen: 455648K->34272K(491520K)] 665319K->243951K(1069056K), 0.0047350 secs] [Times: user=0.02 sys=0.00, real=0.00 secs] 
41.865: [GC (Allocation Failure) [PSYoungGen: 472032K->17920K(523264K)] 681711K->227607K(1100800K), 0.0031076 secs] [Times: user=0.01 sys=0.00, real=0.00 secs] 
45.705: [GC (Allocation Failure) [PSYoungGen: 498688K->1533K(533504K)] 708375K->211228K(1111040K), 0.0018372 secs] [Times: user=0.01 sys=0.00, real=0.00 secs] 
52.671: [GC (Allocation Failure) [PSYoungGen: 482301K->34256K(566272K)] 691996K->243959K(1143808K), 0.0051752 secs] [Times: user=0.02 sys=0.01, real=0.01 secs] 
59.475: [GC (Allocation Failure) [PSYoungGen: 548816K->9728K(508416K)] 758519K->219439K(1085952K), 0.0027924 secs] [Times: user=0.01 sys=0.00, real=0.00 secs] 
64.096: [GC (Allocation Failure) [PSYoungGen: 507904K->1536K(521216K)] 717615K->211255K(1098752K), 0.0018960 secs] [Times: user=0.01 sys=0.00, real=0.00 secs] 
69.319: [GC (Allocation Failure) [PSYoungGen: 484352K->34336K(502784K)] 694071K->244055K(1080320K), 0.0039625 secs] [Times: user=0.02 sys=0.00, real=0.00 secs] 
73.775: [GC (Allocation Failure) [PSYoungGen: 502304K->3568K(494080K)] 712023K->213295K(1071616K), 0.0021574 secs] [Times: user=0.01 sys=0.01, real=0.00 secs] 
79.930: [GC (Allocation Failure) [PSYoungGen: 457200K->34320K(475136K)] 666927K->244047K(1052672K), 0.0058146 secs] [Times: user=0.03 sys=0.00, real=0.01 secs] 
85.359: [GC (Allocation Failure) [PSYoungGen: 474640K->2560K(471040K)] 684367K->212295K(1048576K), 0.0018976 secs] [Times: user=0.01 sys=0.00, real=0.00 secs] 
90.253: [GC (Allocation Failure) [PSYoungGen: 430080K->34336K(450048K)] 639815K->244071K(1027584K), 0.0054478 secs] [Times: user=0.02 sys=0.00, real=0.01 secs] 
94.901: [GC (Allocation Failure) [PSYoungGen: 449568K->1568K(448512K)] 659303K->211311K(1026048K), 0.0020568 secs] [Times: user=0.01 sys=0.00, real=0.00 secs] 
100.597: [GC (Allocation Failure) [PSYoungGen: 405024K->9744K(402432K)] 614767K->219487K(979968K), 0.0032010 secs] [Times: user=0.02 sys=0.00, real=0.00 secs] 
104.436: [GC (Allocation Failure) [PSYoungGen: 401936K->34272K(431104K)] 611679K->244100K(1008640K), 0.0034914 secs] [Times: user=0.02 sys=0.00, real=0.00 secs] 
107.612: [GC (Allocation Failure) [PSYoungGen: 415712K->34240K(404992K)] 625540K->244084K(982528K), 0.0037616 secs] [Times: user=0.02 sys=0.00, real=0.01 secs] 
112.634: [GC (Allocation Failure) [PSYoungGen: 404928K->1728K(408064K)] 614772K->211620K(985600K), 0.0018702 secs] [Times: user=0.01 sys=0.00, real=0.00 secs] 
115.041: [GC (Allocation Failure) [PSYoungGen: 362176K->9664K(360448K)] 572068K->219604K(937984K), 0.0018188 secs] [Times: user=0.00 sys=0.00, real=0.00 secs] 
117.202: [GC (Allocation Failure) [PSYoungGen: 360384K->17888K(381440K)] 570324K->227836K(958976K), 0.0022856 secs] [Times: user=0.01 sys=0.00, real=0.01 secs] 
120.074: [GC (Allocation Failure) [PSYoungGen: 359392K->34272K(366592K)] 569340K->244260K(944128K), 0.0034700 secs] [Times: user=0.02 sys=0.00, real=0.01 secs] 
123.839: [GC (Allocation Failure) [PSYoungGen: 366560K->34256K(374272K)] 576548K->244276K(951808K), 0.0082147 secs] [Times: user=0.04 sys=0.00, real=0.01 secs] 
128.155: [GC (Allocation Failure) [PSYoungGen: 357840K->34272K(349696K)] 567860K->244332K(927232K), 0.0038190 secs] [Times: user=0.01 sys=0.00, real=0.00 secs] 
130.655: [GC (Allocation Failure) [PSYoungGen: 349664K->34272K(358912K)] 559724K->244356K(936448K), 0.0035263 secs] [Times: user=0.01 sys=0.00, real=0.00 secs] 
133.069: [GC (Allocation Failure) [PSYoungGen: 341472K->34256K(333824K)] 551556K->244364K(911360K), 0.0038830 secs] [Times: user=0.02 sys=0.00, real=0.00 secs] 
135.360: [GC (Allocation Failure) [PSYoungGen: 333776K->34240K(345088K)] 543884K->244356K(922624K), 0.0051997 secs] [Times: user=0.02 sys=0.00, real=0.01 secs] 
138.598: [GC (Allocation Failure) [PSYoungGen: 326592K->34240K(319488K)] 536708K->244388K(897024K), 0.0049589 secs] [Times: user=0.03 sys=0.00, real=0.00 secs] 
143.213: [GC (Allocation Failure) [PSYoungGen: 319424K->34272K(330752K)] 529572K->244428K(908288K), 0.0042174 secs] [Times: user=0.02 sys=0.00, real=0.01 secs] 
146.484: [GC (Allocation Failure) [PSYoungGen: 312800K->34240K(306176K)] 522956K->244436K(883712K), 0.0037361 secs] [Times: user=0.01 sys=0.00, real=0.00 secs] 
150.287: [GC (Allocation Failure) [PSYoungGen: 306112K->34208K(317440K)] 516308K->244412K(894976K), 0.0040144 secs] [Times: user=0.02 sys=0.00, real=0.00 secs] 
153.708: [GC (Allocation Failure) [PSYoungGen: 299936K->34240K(293888K)] 510140K->244452K(871424K), 0.0042057 secs] [Times: user=0.02 sys=0.00, real=0.00 secs] 
156.269: [GC (Allocation Failure) [PSYoungGen: 293824K->17856K(303616K)] 504036K->228084K(881152K), 0.0026229 secs] [Times: user=0.01 sys=0.00, real=0.00 secs] 
158.205: [GC (Allocation Failure) [PSYoungGen: 271808K->5552K(253952K)] 482036K->215780K(831488K), 0.0019757 secs] [Times: user=0.00 sys=0.00, real=0.00 secs] 
160.009: [GC (Allocation Failure) [PSYoungGen: 253872K->1424K(296448K)] 464100K->211652K(873984K), 0.0039470 secs] [Times: user=0.01 sys=0.00, real=0.00 secs] 
163.327: [GC (Allocation Failure) [PSYoungGen: 244112K->34240K(271872K)] 454340K->244484K(849408K), 0.0079255 secs] [Times: user=0.03 sys=0.00, real=0.01 secs] 
166.542: [GC (Allocation Failure) [PSYoungGen: 271808K->34240K(287232K)] 482052K->244516K(864768K), 0.0036712 secs] [Times: user=0.02 sys=0.00, real=0.01 secs] 
168.688: [GC (Allocation Failure) [PSYoungGen: 264566K->9680K(237056K)] 474843K->219964K(814592K), 0.0021126 secs] [Times: user=0.01 sys=0.00, real=0.00 secs] 
170.317: [GC (Allocation Failure) [PSYoungGen: 237008K->1440K(277504K)] 447292K->211764K(855040K), 0.0018968 secs] [Times: user=0.01 sys=0.00, real=0.00 secs] 
172.700: [GC (Allocation Failure) [PSYoungGen: 224160K->34240K(252416K)] 434484K->244572K(829952K), 0.0039427 secs] [Times: user=0.02 sys=0.00, real=0.00 secs] 
174.697: [GC (Allocation Failure) [PSYoungGen: 252352K->17856K(262656K)] 462684K->228220K(840192K), 0.0029133 secs] [Times: user=0.01 sys=0.00, real=0.00 secs] 
176.497: [GC (Allocation Failure) [PSYoungGen: 231360K->1584K(211456K)] 441724K->211964K(788992K), 0.0015396 secs] [Times: user=0.00 sys=0.00, real=0.00 secs] 
178.676: [GC (Allocation Failure) [PSYoungGen: 210992K->34144K(260608K)] 421372K->244524K(838144K), 0.0041260 secs] [Times: user=0.02 sys=0.00, real=0.00 secs] 
180.617: [GC (Allocation Failure) [PSYoungGen: 239456K->17840K(219136K)] 449836K->228228K(796672K), 0.0024952 secs] [Times: user=0.01 sys=0.00, real=0.00 secs] 
181.386: [GC (Allocation Failure) [PSYoungGen: 219056K->1376K(247808K)] 429444K->211772K(825344K), 0.0019800 secs] [Times: user=0.01 sys=0.00, real=0.00 secs] 
183.515: [GC (Allocation Failure) [PSYoungGen: 198496K->34208K(227840K)] 408892K->244620K(805376K), 0.0035848 secs] [Times: user=0.02 sys=0.00, real=0.00 secs] 
185.252: [GC (Allocation Failure) [PSYoungGen: 227134K->9648K(240640K)] 437547K->220068K(818176K), 0.0017539 secs] [Times: user=0.01 sys=0.00, real=0.00 secs] 
186.114: [GC (Allocation Failure) [PSYoungGen: 199600K->1392K(187904K)] 410020K->211828K(765440K), 0.0019406 secs] [Times: user=0.01 sys=0.00, real=0.00 secs] 
187.990: [GC (Allocation Failure) [PSYoungGen: 187760K->17856K(227328K)] 398196K->228292K(804864K), 0.0058962 secs] [Times: user=0.03 sys=0.00, real=0.01 secs] 
188.705: [GC (Allocation Failure) [PSYoungGen: 200640K->1440K(181248K)] 411076K->211876K(758784K), 0.0020039 secs] [Times: user=0.01 sys=0.00, real=0.00 secs] 
190.786: [GC (Allocation Failure) [PSYoungGen: 181152K->34224K(227840K)] 391588K->244668K(805376K), 0.0063028 secs] [Times: user=0.03 sys=0.00, real=0.00 secs] 
193.106: [GC (Allocation Failure) [PSYoungGen: 209216K->5584K(179200K)] 419661K->216036K(756736K), 0.0019887 secs] [Times: user=0.00 sys=0.00, real=0.00 secs] 
194.347: [GC (Allocation Failure) [PSYoungGen: 179152K->34144K(223232K)] 389604K->244604K(800768K), 0.0036343 secs] [Times: user=0.02 sys=0.00, real=0.00 secs] 
196.621: [GC (Allocation Failure) [PSYoungGen: 204640K->9632K(177152K)] 415100K->220092K(754688K), 0.0030994 secs] [Times: user=0.01 sys=0.00, real=0.01 secs] 
198.681: [GC (Allocation Failure) [PSYoungGen: 177056K->34176K(218112K)] 387516K->244636K(795648K), 0.0055539 secs] [Times: user=0.03 sys=0.00, real=0.01 secs] 
201.607: [GC (Allocation Failure) [PSYoungGen: 199040K->17824K(180224K)] 409500K->228284K(757760K), 0.0027422 secs] [Times: user=0.02 sys=0.00, real=0.00 secs] 
203.392: [GC (Allocation Failure) [PSYoungGen: 180128K->34192K(212480K)] 390588K->244668K(790016K), 0.0040424 secs] [Times: user=0.02 sys=0.00, real=0.01 secs] 
206.433: [GC (Allocation Failure) [PSYoungGen: 193936K->17856K(175104K)] 404412K->228340K(752640K), 0.0043135 secs] [Times: user=0.02 sys=0.00, real=0.01 secs] 
207.264: [GC (Allocation Failure) [PSYoungGen: 175040K->34208K(206336K)] 385524K->244700K(783872K), 0.0036688 secs] [Times: user=0.02 sys=0.00, real=0.00 secs] 
209.863: [GC (Allocation Failure) [PSYoungGen: 188832K->17856K(169984K)] 399324K->228348K(747520K), 0.0036456 secs] [Times: user=0.01 sys=0.01, real=0.01 secs] 
211.254: [GC (Allocation Failure) [PSYoungGen: 169920K->34240K(200704K)] 380412K->244740K(778240K), 0.0103015 secs] [Times: user=0.04 sys=0.00, real=0.01 secs] 
213.442: [GC (Allocation Failure) [PSYoungGen: 176969K->9648K(157184K)] 387470K->220172K(734720K), 0.0020592 secs] [Times: user=0.00 sys=0.00, real=0.01 secs] 
213.980: [GC (Allocation Failure) [PSYoungGen: 157104K->34240K(197632K)] 367628K->244764K(775168K), 0.0040748 secs] [Times: user=0.02 sys=0.00, real=0.01 secs] 
215.967: [GC (Allocation Failure) [PSYoungGen: 179648K->9648K(153088K)] 390172K->220172K(730624K), 0.0041589 secs] [Times: user=0.01 sys=0.00, real=0.00 secs] 
218.113: [GC (Allocation Failure) [PSYoungGen: 153008K->34144K(194560K)] 363532K->244668K(772096K), 0.0055986 secs] [Times: user=0.03 sys=0.00, real=0.01 secs] 
220.247: [GC (Allocation Failure) [PSYoungGen: 175456K->2496K(141824K)] 385980K->213020K(719360K), 0.0018560 secs] [Times: user=0.01 sys=0.00, real=0.00 secs] 
221.217: [GC (Allocation Failure) [PSYoungGen: 141760K->34208K(192000K)] 352284K->244740K(769536K), 0.0052788 secs] [Times: user=0.03 sys=0.00, real=0.00 secs] 
222.366: [GC (Allocation Failure) [PSYoungGen: 171424K->1408K(136704K)] 381956K->211940K(714240K), 0.0023853 secs] [Times: user=0.01 sys=0.00, real=0.00 secs] 
224.919: [GC (Allocation Failure) [PSYoungGen: 136576K->17856K(180736K)] 347108K->228404K(758272K), 0.0055730 secs] [Times: user=0.02 sys=0.00, real=0.01 secs] 
226.309: [GC (Allocation Failure) [PSYoungGen: 150976K->34160K(184320K)] 361524K->244708K(761856K), 0.0044498 secs] [Times: user=0.02 sys=0.00, real=0.01 secs] 
228.645: [GC (Allocation Failure) [PSYoungGen: 165232K->9664K(180224K)] 375780K->220212K(757760K), 0.0021672 secs] [Times: user=0.01 sys=0.00, real=0.00 secs] 
229.527: [GC (Allocation Failure) [PSYoungGen: 139200K->34144K(181760K)] 349748K->244692K(759296K), 0.0044958 secs] [Times: user=0.02 sys=0.00, real=0.00 secs] 
231.640: [GC (Allocation Failure) [PSYoungGen: 162144K->1696K(180736K)] 372692K->212252K(758272K), 0.0016198 secs] [Times: user=0.00 sys=0.00, real=0.00 secs] 
232.084: [GC (Allocation Failure) [PSYoungGen: 125231K->17776K(142848K)] 335788K->228332K(720384K), 0.0022414 secs] [Times: user=0.01 sys=0.00, real=0.00 secs] 
232.537: [GC (Allocation Failure) [PSYoungGen: 142704K->1424K(174080K)] 353260K->211988K(751616K), 0.0017516 secs] [Times: user=0.01 sys=0.00, real=0.00 secs] 
234.277: [GC (Allocation Failure) [PSYoungGen: 124816K->9632K(131584K)] 335380K->220196K(709120K), 0.0024063 secs] [Times: user=0.01 sys=0.00, real=0.00 secs] 
235.413: [GC (Allocation Failure) [PSYoungGen: 131488K->34176K(168960K)] 342052K->244740K(746496K), 0.0039488 secs] [Times: user=0.02 sys=0.00, real=0.01 secs] 
236.485: [GC (Allocation Failure) [PSYoungGen: 152960K->1440K(118784K)] 363524K->212004K(696320K), 0.0024175 secs] [Times: user=0.01 sys=0.00, real=0.00 secs] 
237.760: [GC (Allocation Failure) [PSYoungGen: 118688K->17824K(160768K)] 329252K->228396K(738304K), 0.0026442 secs] [Times: user=0.01 sys=0.00, real=0.00 secs] 
238.174: [GC (Allocation Failure) [PSYoungGen: 133536K->34176K(163840K)] 344108K->244748K(741376K), 0.0032950 secs] [Times: user=0.01 sys=0.00, real=0.00 secs] 
239.404: [GC (Allocation Failure) [PSYoungGen: 148352K->5568K(161792K)] 358924K->216156K(739328K), 0.0017795 secs] [Times: user=0.01 sys=0.00, real=0.00 secs] 
240.183: [GC (Allocation Failure) [PSYoungGen: 112407K->17840K(129024K)] 322996K->228428K(706560K), 0.0031208 secs] [Times: user=0.02 sys=0.00, real=0.01 secs] 
240.628: [GC (Allocation Failure) [PSYoungGen: 128944K->34208K(155648K)] 339532K->244796K(733184K), 0.0036545 secs] [Times: user=0.01 sys=0.00, real=0.00 secs] 
241.976: [GC (Allocation Failure) [PSYoungGen: 141728K->5536K(112128K)] 352316K->216140K(689664K), 0.0018971 secs] [Times: user=0.01 sys=0.00, real=0.00 secs] 
242.975: [GC (Allocation Failure) [PSYoungGen: 102751K->17840K(147968K)] 313356K->228444K(725504K), 0.0029113 secs] [Times: user=0.01 sys=0.00, real=0.00 secs] 
244.003: [GC (Allocation Failure) [PSYoungGen: 123312K->34176K(151552K)] 333916K->244780K(729088K), 0.0050835 secs] [Times: user=0.03 sys=0.00, real=0.01 secs] 
245.531: [GC (Allocation Failure) [PSYoungGen: 138624K->5536K(151040K)] 349228K->216140K(728576K), 0.0018055 secs] [Times: user=0.00 sys=0.00, real=0.00 secs] 
246.431: [GC (Allocation Failure) [PSYoungGen: 108960K->17792K(120320K)] 319564K->228396K(697856K), 0.0030267 secs] [Times: user=0.01 sys=0.00, real=0.01 secs] 
247.080: [GC (Allocation Failure) [PSYoungGen: 120192K->34208K(145920K)] 330796K->244812K(723456K), 0.0035176 secs] [Times: user=0.01 sys=0.00, real=0.00 secs] 
248.405: [GC (Allocation Failure) [PSYoungGen: 133536K->3488K(101888K)] 344140K->214092K(679424K), 0.0016610 secs] [Times: user=0.00 sys=0.00, real=0.00 secs] 
249.693: [GC (Allocation Failure) [PSYoungGen: 101792K->17792K(139776K)] 312396K->228404K(717312K), 0.0065076 secs] [Times: user=0.03 sys=0.00, real=0.01 secs] 
250.621: [GC (Allocation Failure) [PSYoungGen: 115072K->34176K(142848K)] 325684K->244788K(720384K), 0.0052135 secs] [Times: user=0.02 sys=0.00, real=0.01 secs] 
251.695: [GC (Allocation Failure) [PSYoungGen: 130432K->1408K(143872K)] 341044K->212020K(721408K), 0.0025716 secs] [Times: user=0.01 sys=0.00, real=0.00 secs] 
253.347: [GC (Allocation Failure) [PSYoungGen: 96640K->17824K(112128K)] 307252K->228460K(689664K), 0.0026310 secs] [Times: user=0.02 sys=0.00, real=0.00 secs] 
253.804: [GC (Allocation Failure) [PSYoungGen: 112032K->34208K(137728K)] 322668K->244844K(715264K), 0.0038379 secs] [Times: user=0.01 sys=0.00, real=0.00 secs] 
254.429: [GC (Allocation Failure) [PSYoungGen: 125344K->1392K(91648K)] 335980K->212044K(669184K), 0.0022468 secs] [Times: user=0.01 sys=0.00, real=0.00 secs] 
255.955: [GC (Allocation Failure) [PSYoungGen: 91504K->9632K(134656K)] 302156K->220284K(712192K), 0.0021105 secs] [Times: user=0.01 sys=0.00, real=0.00 secs] 
256.636: [GC (Allocation Failure) [PSYoungGen: 90845K->17808K(105984K)] 301498K->228460K(683520K), 0.0050167 secs] [Times: user=0.02 sys=0.00, real=0.00 secs] 
257.347: [GC (Allocation Failure) [PSYoungGen: 105872K->34208K(129536K)] 316524K->244860K(707072K), 0.0047509 secs] [Times: user=0.02 sys=0.00, real=0.00 secs] 
258.118: [GC (Allocation Failure) [PSYoungGen: 118688K->1376K(85504K)] 329340K->212036K(663040K), 0.0018539 secs] [Times: user=0.01 sys=0.00, real=0.00 secs] 
259.247: [GC (Allocation Failure) [PSYoungGen: 80580K->9616K(128512K)] 291241K->220276K(706048K), 0.0019724 secs] [Times: user=0.01 sys=0.00, real=0.00 secs] 
259.498: [GC (Allocation Failure) [PSYoungGen: 93072K->34208K(130048K)] 303732K->244868K(707584K), 0.0034864 secs] [Times: user=0.01 sys=0.00, real=0.00 secs] 
259.957: [GC (Allocation Failure) [PSYoungGen: 117152K->34208K(131072K)] 327812K->244876K(708608K), 0.0037722 secs] [Times: user=0.02 sys=0.00, real=0.00 secs] 
260.323: [GC (Allocation Failure) [PSYoungGen: 114592K->1344K(81408K)] 325260K->212012K(658944K), 0.0018127 secs] [Times: user=0.01 sys=0.00, real=0.01 secs] 
261.570: [GC (Allocation Failure) [PSYoungGen: 81216K->17856K(124928K)] 291884K->228540K(702464K), 0.0022534 secs] [Times: user=0.01 sys=0.00, real=0.00 secs] 
262.349: [GC (Allocation Failure) [PSYoungGen: 97216K->34208K(128512K)] 307900K->244900K(706048K), 0.0036193 secs] [Times: user=0.01 sys=0.00, real=0.00 secs] 
263.227: [GC (Allocation Failure) [PSYoungGen: 113056K->34176K(129536K)] 323748K->244868K(707072K), 0.0043181 secs] [Times: user=0.02 sys=0.00, real=0.00 secs] 
264.072: [GC (Allocation Failure) [PSYoungGen: 110976K->1376K(77824K)] 321668K->212068K(655360K), 0.0020603 secs] [Times: user=0.00 sys=0.00, real=0.01 secs] 
265.594: [GC (Allocation Failure) [PSYoungGen: 70506K->9648K(125952K)] 281199K->220356K(703488K), 0.0021351 secs] [Times: user=0.01 sys=0.00, real=0.00 secs] 
265.892: [GC (Allocation Failure) [PSYoungGen: 73331K->17840K(93184K)] 284040K->228548K(670720K), 0.0025943 secs] [Times: user=0.01 sys=0.00, real=0.01 secs] 
266.163: [GC (Allocation Failure) [PSYoungGen: 93104K->34160K(121344K)] 303812K->244868K(698880K), 0.0031929 secs] [Times: user=0.01 sys=0.00, real=0.01 secs] 
266.578: [GC (Allocation Failure) [PSYoungGen: 106352K->1376K(73216K)] 317060K->212084K(650752K), 0.0016740 secs] [Times: user=0.00 sys=0.00, real=0.00 secs] 
268.204: [GC (Allocation Failure) [PSYoungGen: 73056K->5536K(119808K)] 283764K->216244K(697344K), 0.0034396 secs] [Times: user=0.02 sys=0.00, real=0.00 secs] 
269.000: [GC (Allocation Failure) [PSYoungGen: 76704K->17792K(88576K)] 287412K->228500K(666112K), 0.0035590 secs] [Times: user=0.02 sys=0.00, real=0.00 secs] 
269.220: [GC (Allocation Failure) [PSYoungGen: 88448K->34176K(114688K)] 299156K->244884K(692224K), 0.0034967 secs] [Times: user=0.02 sys=0.00, real=0.01 secs] 
269.500: [GC (Allocation Failure) [PSYoungGen: 101248K->34160K(118272K)] 311956K->244876K(695808K), 0.0030608 secs] [Times: user=0.01 sys=0.00, real=0.00 secs] 
269.928: [GC (Allocation Failure) [PSYoungGen: 101232K->1408K(112640K)] 311948K->212124K(690176K), 0.0016489 secs] [Times: user=0.01 sys=0.00, real=0.00 secs] 
271.030: [GC (Allocation Failure) [PSYoungGen: 67968K->9632K(75776K)] 278684K->220348K(653312K), 0.0019355 secs] [Times: user=0.01 sys=0.00, real=0.00 secs] 
271.572: [GC (Allocation Failure) [PSYoungGen: 75680K->17792K(109568K)] 286396K->228508K(687104K), 0.0056335 secs] [Times: user=0.02 sys=0.00, real=0.01 secs] 
271.949: [GC (Allocation Failure) [PSYoungGen: 83328K->34176K(113664K)] 294044K->244892K(691200K), 0.0056058 secs] [Times: user=0.02 sys=0.00, real=0.01 secs] 
272.466: [GC (Allocation Failure) [PSYoungGen: 99712K->1344K(108544K)] 310428K->212060K(686080K), 0.0018605 secs] [Times: user=0.01 sys=0.00, real=0.00 secs] 
274.041: [GC (Allocation Failure) [PSYoungGen: 66368K->1984K(66560K)] 277084K->212716K(644096K), 0.0034648 secs] [Times: user=0.01 sys=0.00, real=0.01 secs] 
275.106: [GC (Allocation Failure) [PSYoungGen: 59432K->9648K(109056K)] 270165K->220380K(686592K), 0.0040293 secs] [Times: user=0.01 sys=0.00, real=0.00 secs] 
275.692: [GC (Allocation Failure) [PSYoungGen: 72418K->17808K(81408K)] 283151K->228540K(658944K), 0.0041147 secs] [Times: user=0.01 sys=0.00, real=0.01 secs] 
276.239: [GC (Allocation Failure) [PSYoungGen: 81296K->34176K(104960K)] 292028K->244908K(682496K), 0.0045905 secs] [Times: user=0.02 sys=0.00, real=0.00 secs] 
276.559: [GC (Allocation Failure) [PSYoungGen: 93568K->34208K(109056K)] 304300K->244940K(686592K), 0.0032774 secs] [Times: user=0.02 sys=0.00, real=0.00 secs] 
276.806: [GC (Allocation Failure) [PSYoungGen: 93600K->1440K(111104K)] 304332K->212172K(688640K), 0.0018045 secs] [Times: user=0.01 sys=0.00, real=0.00 secs] 
277.953: [GC (Allocation Failure) [PSYoungGen: 60832K->9632K(69120K)] 271564K->220364K(646656K), 0.0016922 secs] [Times: user=0.01 sys=0.00, real=0.01 secs] 
278.578: [GC (Allocation Failure) [PSYoungGen: 69024K->17824K(103424K)] 279756K->228556K(680960K), 0.0051051 secs] [Times: user=0.02 sys=0.00, real=0.00 secs] 
279.056: [GC (Allocation Failure) [PSYoungGen: 77216K->34208K(106496K)] 287948K->244940K(684032K), 0.0076272 secs] [Times: user=0.04 sys=0.00, real=0.00 secs] 
279.595: [GC (Allocation Failure) [PSYoungGen: 93600K->34208K(113664K)] 304332K->244940K(691200K), 0.0046895 secs] [Times: user=0.03 sys=0.01, real=0.00 secs] 
280.238: [GC (Allocation Failure) [PSYoungGen: 97184K->1408K(64000K)] 307916K->212140K(641536K), 0.0024083 secs] [Times: user=0.01 sys=0.00, real=0.00 secs] 
281.319: [GC (Allocation Failure) [PSYoungGen: 63872K->9664K(110592K)] 274604K->220404K(688128K), 0.0020327 secs] [Times: user=0.00 sys=0.00, real=0.00 secs] 
281.550: [GC (Allocation Failure) [PSYoungGen: 71616K->17792K(79360K)] 282356K->228532K(656896K), 0.0022253 secs] [Times: user=0.01 sys=0.00, real=0.00 secs] 
281.745: [GC (Allocation Failure) [PSYoungGen: 79232K->34208K(106496K)] 289972K->244948K(684032K), 0.0031432 secs] [Times: user=0.01 sys=0.00, real=0.00 secs] 
282.018: [GC (Allocation Failure) [PSYoungGen: 92576K->34208K(109568K)] 303316K->244948K(687104K), 0.0032126 secs] [Times: user=0.01 sys=0.00, real=0.00 secs] 
282.261: [GC (Allocation Failure) [PSYoungGen: 92576K->1408K(117760K)] 303316K->212180K(695296K), 0.0015212 secs] [Times: user=0.01 sys=0.00, real=0.00 secs] 
283.488: [GC (Allocation Failure) [PSYoungGen: 65213K->5552K(69632K)] 275986K->216324K(647168K), 0.0017703 secs] [Times: user=0.01 sys=0.00, real=0.00 secs] 
284.235: [GC (Allocation Failure) [PSYoungGen: 69552K->17792K(109056K)] 280324K->228564K(686592K), 0.0026145 secs] [Times: user=0.01 sys=0.00, real=0.00 secs] 
284.778: [GC (Allocation Failure) [PSYoungGen: 81280K->34208K(112128K)] 292052K->244980K(689664K), 0.0036317 secs] [Times: user=0.02 sys=0.00, real=0.00 secs] 
285.285: [GC (Allocation Failure) [PSYoungGen: 97184K->34208K(113152K)] 307956K->244980K(690688K), 0.0046157 secs] [Times: user=0.02 sys=0.00, real=0.00 secs] 
285.648: [GC (Allocation Failure) [PSYoungGen: 95136K->1408K(61952K)] 305908K->212180K(639488K), 0.0018838 secs] [Times: user=0.00 sys=0.00, real=0.00 secs] 
286.579: [GC (Allocation Failure) [PSYoungGen: 61824K->5568K(111616K)] 272596K->216340K(689152K), 0.0017500 secs] [Times: user=0.00 sys=0.00, real=0.00 secs] 
286.928: [GC (Allocation Failure) [PSYoungGen: 65472K->17824K(77824K)] 276244K->228596K(655360K), 0.0021940 secs] [Times: user=0.01 sys=0.01, real=0.00 secs] 
287.231: [GC (Allocation Failure) [PSYoungGen: 77728K->34208K(106496K)] 288500K->244980K(684032K), 0.0030528 secs] [Times: user=0.01 sys=0.00, real=0.01 secs] 
287.629: [GC (Allocation Failure) [PSYoungGen: 91040K->34208K(109568K)] 301812K->244980K(687104K), 0.0034694 secs] [Times: user=0.01 sys=0.00, real=0.00 secs] 
288.071: [GC (Allocation Failure) [PSYoungGen: 91040K->1408K(111616K)] 301812K->212180K(689152K), 0.0018183 secs] [Times: user=0.01 sys=0.00, real=0.00 secs] 
289.247: [GC (Allocation Failure) [PSYoungGen: 58240K->1920K(58880K)] 269012K->212708K(636416K), 0.0014154 secs] [Times: user=0.00 sys=0.00, real=0.00 secs] 
289.787: [GC (Allocation Failure) [PSYoungGen: 58752K->9632K(105984K)] 269540K->220420K(683520K), 0.0018534 secs] [Times: user=0.01 sys=0.00, real=0.00 secs] 
290.247: [GC (Allocation Failure) [PSYoungGen: 66464K->17792K(74752K)] 277252K->228580K(652288K), 0.0021897 secs] [Times: user=0.01 sys=0.00, real=0.00 secs] 
290.432: [GC (Allocation Failure) [PSYoungGen: 74624K->34208K(101888K)] 285412K->244996K(679424K), 0.0037719 secs] [Times: user=0.02 sys=0.01, real=0.01 secs] 
290.655: [GC (Allocation Failure) [PSYoungGen: 87456K->34144K(105472K)] 298244K->244932K(683008K), 0.0034651 secs] [Times: user=0.02 sys=0.00, real=0.00 secs] 
290.878: [GC (Allocation Failure) [PSYoungGen: 87392K->1360K(113152K)] 298180K->212164K(690688K), 0.0017926 secs] [Times: user=0.01 sys=0.00, real=0.00 secs] 
292.090: [GC (Allocation Failure) [PSYoungGen: 60752K->5552K(113664K)] 271556K->216356K(691200K), 0.0019532 secs] [Times: user=0.01 sys=0.00, real=0.00 secs] 
292.537: [GC (Allocation Failure) [PSYoungGen: 64944K->17824K(112128K)] 275748K->228628K(689664K), 0.0047928 secs] [Times: user=0.02 sys=0.00, real=0.00 secs] 
292.963: [GC (Allocation Failure) [PSYoungGen: 83360K->34208K(115200K)] 294164K->245012K(692736K), 0.0051839 secs] [Times: user=0.03 sys=0.00, real=0.01 secs] 
293.509: [GC (Allocation Failure) [PSYoungGen: 99744K->34176K(122880K)] 310548K->244980K(700416K), 0.0056872 secs] [Times: user=0.02 sys=0.00, real=0.01 secs] 
294.024: [GC (Allocation Failure) [PSYoungGen: 104320K->1376K(125440K)] 315124K->212196K(702976K), 0.0019293 secs] [Times: user=0.00 sys=0.00, real=0.00 secs] 
294.941: [GC (Allocation Failure) [PSYoungGen: 71520K->9632K(112640K)] 282340K->220452K(690176K), 0.0018479 secs] [Times: user=0.01 sys=0.00, real=0.00 secs] 
295.196: [GC (Allocation Failure) [PSYoungGen: 79264K->17760K(87040K)] 290084K->228580K(664576K), 0.0024145 secs] [Times: user=0.01 sys=0.00, real=0.00 secs] 
295.415: [GC (Allocation Failure) [PSYoungGen: 86880K->34176K(115200K)] 297700K->244996K(692736K), 0.0031847 secs] [Times: user=0.01 sys=0.00, real=0.00 secs] 
295.692: [GC (Allocation Failure) [PSYoungGen: 100224K->34208K(118272K)] 311044K->245028K(695808K), 0.0047369 secs] [Times: user=0.03 sys=0.00, real=0.01 secs] 
296.595: [GC (Allocation Failure) [PSYoungGen: 100256K->1456K(127488K)] 311076K->212284K(705024K), 0.0020761 secs] [Times: user=0.01 sys=0.00, real=0.00 secs] 
298.280: [GC (Allocation Failure) [PSYoungGen: 74672K->17792K(90624K)] 285500K->228620K(668160K), 0.0057420 secs] [Times: user=0.03 sys=0.00, real=0.01 secs] 
298.753: [GC (Allocation Failure) [PSYoungGen: 90496K->34208K(121344K)] 301324K->245036K(698880K), 0.0056794 secs] [Times: user=0.03 sys=0.00, real=0.01 secs] 
299.614: [GC (Allocation Failure) [PSYoungGen: 104352K->34176K(123904K)] 315180K->245004K(701440K), 0.0047979 secs] [Times: user=0.02 sys=0.00, real=0.01 secs] 
300.396: [GC (Allocation Failure) [PSYoungGen: 104320K->1440K(118272K)] 315148K->212268K(695808K), 0.0027946 secs] [Times: user=0.01 sys=0.00, real=0.00 secs] 
301.817: [GC (Allocation Failure) [PSYoungGen: 71072K->9696K(78848K)] 281900K->220524K(656384K), 0.0044319 secs] [Times: user=0.01 sys=0.00, real=0.00 secs] 
302.434: [GC (Allocation Failure) [PSYoungGen: 78816K->17824K(114688K)] 289644K->228660K(692224K), 0.0041977 secs] [Times: user=0.02 sys=0.00, real=0.00 secs] 
302.774: [GC (Allocation Failure) [PSYoungGen: 86432K->34208K(118272K)] 297268K->245044K(695808K), 0.0039669 secs] [Times: user=0.02 sys=0.00, real=0.01 secs] 
303.342: [GC (Allocation Failure) [PSYoungGen: 102304K->34208K(118784K)] 313140K->245052K(696320K), 0.0039001 secs] [Times: user=0.02 sys=0.00, real=0.01 secs] 
304.778: [GC (Allocation Failure) [PSYoungGen: 99974K->256K(120320K)] 310818K->211100K(697856K), 0.0013812 secs] [Times: user=0.01 sys=0.00, real=0.00 secs] 
305.047: [GC (Allocation Failure) [PSYoungGen: 64678K->9584K(115712K)] 275522K->220428K(693248K), 0.0019475 secs] [Times: user=0.00 sys=0.00, real=0.00 secs] 
305.273: [GC (Allocation Failure) [PSYoungGen: 71995K->17808K(82432K)] 282840K->228652K(659968K), 0.0022775 secs] [Times: user=0.01 sys=0.00, real=0.01 secs] 
305.474: [GC (Allocation Failure) [PSYoungGen: 82320K->34208K(112128K)] 293164K->245052K(689664K), 0.0032752 secs] [Times: user=0.01 sys=0.00, real=0.00 secs] 
305.734: [GC (Allocation Failure) [PSYoungGen: 96160K->1424K(114688K)] 307004K->212268K(692224K), 0.0017258 secs] [Times: user=0.00 sys=0.00, real=0.00 secs] 
306.613: [GC (Allocation Failure) [PSYoungGen: 63013K->256K(105984K)] 273858K->211100K(683520K), 0.0015546 secs] [Times: user=0.01 sys=0.00, real=0.01 secs] 
307.222: [GC (Allocation Failure) [PSYoungGen: 61696K->9632K(70656K)] 272540K->220484K(648192K), 0.0021950 secs] [Times: user=0.01 sys=0.00, real=0.01 secs] 
307.880: [GC (Allocation Failure) [PSYoungGen: 70560K->17824K(104448K)] 281412K->228676K(681984K), 0.0058194 secs] [Times: user=0.03 sys=0.00, real=0.01 secs] 
308.246: [GC (Allocation Failure) [PSYoungGen: 78240K->34176K(107520K)] 289092K->245028K(685056K), 0.0047819 secs] [Times: user=0.02 sys=0.00, real=0.00 secs] 
309.254: [GC (Allocation Failure) [PSYoungGen: 94592K->34176K(110080K)] 305444K->245028K(687616K), 0.0052944 secs] [Times: user=0.02 sys=0.00, real=0.00 secs] 
310.067: [GC (Allocation Failure) [PSYoungGen: 94080K->1376K(61440K)] 304932K->212228K(638976K), 0.0025510 secs] [Times: user=0.01 sys=0.00, real=0.00 secs] 
311.633: [GC (Allocation Failure) [PSYoungGen: 61280K->9664K(109056K)] 272132K->220516K(686592K), 0.0020791 secs] [Times: user=0.01 sys=0.00, real=0.01 secs] 
312.372: [GC (Allocation Failure) [PSYoungGen: 69568K->17824K(77824K)] 280420K->228676K(655360K), 0.0054383 secs] [Times: user=0.03 sys=0.00, real=0.01 secs] 
312.650: [GC (Allocation Failure) [PSYoungGen: 77728K->34208K(104960K)] 288580K->245068K(682496K), 0.0040133 secs] [Times: user=0.02 sys=0.00, real=0.01 secs] 
312.931: [GC (Allocation Failure) [PSYoungGen: 91040K->34208K(108032K)] 301900K->245068K(685568K), 0.0036074 secs] [Times: user=0.02 sys=0.00, real=0.01 secs] 
313.194: [GC (Allocation Failure) [PSYoungGen: 91040K->1392K(116736K)] 301900K->212252K(694272K), 0.0020944 secs] [Times: user=0.01 sys=0.00, real=0.00 secs] 
315.151: [GC (Allocation Failure) [PSYoungGen: 64368K->5568K(68096K)] 275228K->216428K(645632K), 0.0029847 secs] [Times: user=0.01 sys=0.00, real=0.01 secs] 
316.224: [GC (Allocation Failure) [PSYoungGen: 68032K->17792K(107520K)] 278892K->228652K(685056K), 0.0069412 secs] [Times: user=0.03 sys=0.00, real=0.00 secs] 
317.381: [GC (Allocation Failure) [PSYoungGen: 79744K->34176K(110592K)] 290604K->245036K(688128K), 0.0056464 secs] [Times: user=0.03 sys=0.00, real=0.01 secs] 
317.740: [GC (Allocation Failure) [PSYoungGen: 95616K->34208K(111104K)] 306476K->245068K(688640K), 0.0034322 secs] [Times: user=0.01 sys=0.00, real=0.00 secs] 
318.022: [GC (Allocation Failure) [PSYoungGen: 93088K->1392K(60416K)] 303948K->212252K(637952K), 0.0018988 secs] [Times: user=0.01 sys=0.00, real=0.01 secs] 
319.169: [GC (Allocation Failure) [PSYoungGen: 60272K->5472K(111104K)] 271132K->216332K(688640K), 0.0019143 secs] [Times: user=0.01 sys=0.00, real=0.00 secs] 
319.588: [GC (Allocation Failure) [PSYoungGen: 64352K->17824K(76800K)] 275212K->228684K(654336K), 0.0027514 secs] [Times: user=0.01 sys=0.00, real=0.00 secs] 
320.001: [GC (Allocation Failure) [PSYoungGen: 64915K->17808K(102400K)] 275776K->228668K(679936K), 0.0026210 secs] [Times: user=0.01 sys=0.00, real=0.00 secs] 
320.533: [GC (Allocation Failure) [PSYoungGen: 76688K->34144K(105472K)] 287548K->245004K(683008K), 0.0049817 secs] [Times: user=0.02 sys=0.00, real=0.01 secs] 
320.977: [GC (Allocation Failure) [PSYoungGen: 93024K->34176K(106496K)] 303884K->245036K(684032K), 0.0043102 secs] [Times: user=0.02 sys=0.00, real=0.00 secs] 
321.497: [GC (Allocation Failure) [PSYoungGen: 90496K->1408K(109056K)] 301356K->212276K(686592K), 0.0021935 secs] [Times: user=0.01 sys=0.00, real=0.00 secs] 
322.594: [GC (Allocation Failure) [PSYoungGen: 57728K->9664K(104960K)] 268596K->220540K(682496K), 0.0018774 secs] [Times: user=0.01 sys=0.00, real=0.00 secs] 
322.795: [GC (Allocation Failure) [PSYoungGen: 65984K->17792K(74240K)] 276860K->228676K(651776K), 0.0025290 secs] [Times: user=0.01 sys=0.00, real=0.00 secs] 
322.961: [GC (Allocation Failure) [PSYoungGen: 74112K->34144K(100864K)] 284996K->245028K(678400K), 0.0032971 secs] [Times: user=0.02 sys=0.00, real=0.01 secs] 
323.184: [GC (Allocation Failure) [PSYoungGen: 87392K->34176K(103936K)] 298276K->245060K(681472K), 0.0031163 secs] [Times: user=0.02 sys=0.00, real=0.00 secs] 
323.406: [GC (Allocation Failure) [PSYoungGen: 87424K->1408K(112640K)] 298308K->212292K(690176K), 0.0026482 secs] [Times: user=0.01 sys=0.00, real=0.00 secs] 
324.296: [GC (Allocation Failure) [PSYoungGen: 60800K->2464K(112640K)] 271684K->213348K(690176K), 0.0016324 secs] [Times: user=0.01 sys=0.00, real=0.00 secs] 
324.536: [GC (Allocation Failure) [PSYoungGen: 59488K->9584K(112640K)] 270373K->220468K(690176K), 0.0017649 secs] [Times: user=0.01 sys=0.00, real=0.00 secs] 
324.764: [GC (Allocation Failure) [PSYoungGen: 72402K->17840K(115712K)] 283287K->228724K(693248K), 0.0021191 secs] [Times: user=0.01 sys=0.00, real=0.00 secs] 
324.970: [GC (Allocation Failure) [PSYoungGen: 83376K->34208K(116224K)] 294260K->245092K(693760K), 0.0035752 secs] [Times: user=0.02 sys=0.00, real=0.00 secs] 
325.256: [GC (Allocation Failure) [PSYoungGen: 102816K->1408K(119808K)] 313700K->212292K(697344K), 0.0014726 secs] [Times: user=0.01 sys=0.00, real=0.00 secs] 
326.349: [GC (Allocation Failure) [PSYoungGen: 70016K->3488K(108544K)] 280900K->214380K(686080K), 0.0017570 secs] [Times: user=0.01 sys=0.00, real=0.00 secs] 
326.819: [GC (Allocation Failure) [PSYoungGen: 71584K->17792K(85504K)] 282476K->228684K(663040K), 0.0023742 secs] [Times: user=0.01 sys=0.00, real=0.00 secs] 
327.165: [GC (Allocation Failure) [PSYoungGen: 85376K->34240K(111104K)] 296268K->245132K(688640K), 0.0036179 secs] [Times: user=0.02 sys=0.00, real=0.00 secs] 
327.434: [GC (Allocation Failure) [PSYoungGen: 98240K->34208K(114688K)] 309132K->245100K(692224K), 0.0048351 secs] [Times: user=0.02 sys=0.00, real=0.00 secs] 
327.702: [GC (Allocation Failure) [PSYoungGen: 98208K->1408K(122880K)] 309100K->212332K(700416K), 0.0017611 secs] [Times: user=0.00 sys=0.00, real=0.01 secs] 
329.060: [GC (Allocation Failure) [PSYoungGen: 69649K->5520K(75776K)] 280574K->216444K(653312K), 0.0019814 secs] [Times: user=0.01 sys=0.00, real=0.00 secs] 
330.001: [GC (Allocation Failure) [PSYoungGen: 75664K->17792K(114688K)] 286588K->228716K(692224K), 0.0037294 secs] [Times: user=0.02 sys=0.00, real=0.01 secs] 
330.546: [GC (Allocation Failure) [PSYoungGen: 87424K->34176K(117760K)] 298348K->245100K(695296K), 0.0050195 secs] [Times: user=0.03 sys=0.01, real=0.00 secs] 
330.980: [GC (Allocation Failure) [PSYoungGen: 103296K->34176K(118784K)] 314220K->245100K(696320K), 0.0036829 secs] [Times: user=0.02 sys=0.00, real=0.00 secs] 
331.264: [GC (Allocation Failure) [PSYoungGen: 100736K->1376K(67584K)] 311660K->212300K(645120K), 0.0015812 secs] [Times: user=0.00 sys=0.00, real=0.00 secs] 
332.545: [GC (Allocation Failure) [PSYoungGen: 67424K->9664K(115200K)] 278348K->220588K(692736K), 0.0029310 secs] [Times: user=0.01 sys=0.00, real=0.00 secs] 
333.045: [GC (Allocation Failure) [PSYoungGen: 75200K->17824K(82944K)] 286124K->228748K(660480K), 0.0039498 secs] [Times: user=0.02 sys=0.00, real=0.00 secs] 
333.465: [GC (Allocation Failure) [PSYoungGen: 82848K->34208K(111104K)] 293772K->245132K(688640K), 0.0056546 secs] [Times: user=0.02 sys=0.00, real=0.00 secs] 
333.862: [GC (Allocation Failure) [PSYoungGen: 96160K->1376K(62976K)] 307084K->212300K(640512K), 0.0018200 secs] [Times: user=0.01 sys=0.00, real=0.01 secs] 
334.731: [GC (Allocation Failure) [PSYoungGen: 62629K->256K(111104K)] 273554K->211180K(688640K), 0.0014067 secs] [Times: user=0.01 sys=0.00, real=0.00 secs] 
335.177: [GC (Allocation Failure) [PSYoungGen: 61184K->9600K(70144K)] 272108K->220540K(647680K), 0.0019058 secs] [Times: user=0.01 sys=0.00, real=0.00 secs] 
335.592: [GC (Allocation Failure) [PSYoungGen: 70016K->17792K(103936K)] 280956K->228732K(681472K), 0.0041379 secs] [Times: user=0.02 sys=0.00, real=0.01 secs] 
336.081: [GC (Allocation Failure) [PSYoungGen: 77696K->34176K(106496K)] 288636K->245116K(684032K), 0.0056555 secs] [Times: user=0.03 sys=0.00, real=0.01 secs] 
336.731: [GC (Allocation Failure) [PSYoungGen: 94080K->34208K(107008K)] 305020K->245148K(684544K), 0.0084878 secs] [Times: user=0.04 sys=0.00, real=0.01 secs] 
337.173: [GC (Allocation Failure) [PSYoungGen: 91040K->1408K(110080K)] 301980K->212348K(687616K), 0.0029279 secs] [Times: user=0.01 sys=0.00, real=0.01 secs] 
338.355: [GC (Allocation Failure) [PSYoungGen: 58240K->9664K(99328K)] 269180K->220612K(676864K), 0.0018878 secs] [Times: user=0.01 sys=0.00, real=0.00 secs] 
338.840: [GC (Allocation Failure) [PSYoungGen: 66496K->17824K(74752K)] 277444K->228772K(652288K), 0.0028570 secs] [Times: user=0.01 sys=0.00, real=0.00 secs] 
339.244: [GC (Allocation Failure) [PSYoungGen: 74656K->34208K(100864K)] 285604K->245156K(678400K), 0.0043936 secs] [Times: user=0.02 sys=0.00, real=0.00 secs] 
339.587: [GC (Allocation Failure) [PSYoungGen: 87456K->34208K(104448K)] 298404K->245156K(681984K), 0.0042845 secs] [Times: user=0.01 sys=0.00, real=0.00 secs] 
339.811: [GC (Allocation Failure) [PSYoungGen: 87456K->1408K(112640K)] 298404K->212356K(690176K), 0.0015091 secs] [Times: user=0.01 sys=0.00, real=0.00 secs] 
340.690: [GC (Allocation Failure) [PSYoungGen: 60288K->1728K(60928K)] 271236K->212676K(638464K), 0.0016540 secs] [Times: user=0.01 sys=0.00, real=0.00 secs] 
340.900: [GC (Allocation Failure) [PSYoungGen: 60608K->9584K(106496K)] 271556K->220548K(684032K), 0.0018374 secs] [Times: user=0.00 sys=0.00, real=0.00 secs] 
341.112: [GC (Allocation Failure) [PSYoungGen: 68464K->17824K(76800K)] 279428K->228788K(654336K), 0.0020569 secs] [Times: user=0.01 sys=0.00, real=0.01 secs] 
341.288: [GC (Allocation Failure) [PSYoungGen: 76704K->34176K(102912K)] 287668K->245140K(680448K), 0.0032890 secs] [Times: user=0.02 sys=0.00, real=0.00 secs] 
341.534: [GC (Allocation Failure) [PSYoungGen: 89472K->34144K(106496K)] 300436K->245124K(684032K), 0.0032627 secs] [Times: user=0.01 sys=0.00, real=0.01 secs] 
341.764: [GC (Allocation Failure) [PSYoungGen: 89440K->1344K(114176K)] 300420K->212324K(691712K), 0.0015005 secs] [Times: user=0.01 sys=0.00, real=0.00 secs] 
342.727: [GC (Allocation Failure) [PSYoungGen: 62784K->9664K(70656K)] 273764K->220644K(648192K), 0.0019727 secs] [Times: user=0.00 sys=0.00, real=0.00 secs] 
343.171: [GC (Allocation Failure) [PSYoungGen: 70592K->17824K(105984K)] 281572K->228820K(683520K), 0.0020907 secs] [Times: user=0.00 sys=0.00, real=0.00 secs] 
343.546: [GC (Allocation Failure) [PSYoungGen: 78240K->34144K(109056K)] 289236K->245140K(686592K), 0.0042020 secs] [Times: user=0.02 sys=0.00, real=0.00 secs] 
344.020: [GC (Allocation Failure) [PSYoungGen: 94560K->34240K(115712K)] 305556K->245236K(693248K), 0.0043701 secs] [Times: user=0.03 sys=0.00, real=0.01 secs] 
344.550: [GC (Allocation Failure) [PSYoungGen: 98240K->1360K(65024K)] 309236K->212356K(642560K), 0.0023198 secs] [Times: user=0.01 sys=0.00, real=0.00 secs] 
346.892: [GC (Allocation Failure) [PSYoungGen: 63803K->5584K(114176K)] 274800K->216580K(691712K), 0.0034468 secs] [Times: user=0.01 sys=0.00, real=0.01 secs] 
347.639: [GC (Allocation Failure) [PSYoungGen: 68560K->17792K(80384K)] 279556K->228788K(657920K), 0.0037083 secs] [Times: user=0.02 sys=0.01, real=0.00 secs] 
348.003: [GC (Allocation Failure) [PSYoungGen: 80256K->34208K(108032K)] 291252K->245204K(685568K), 0.0047324 secs] [Times: user=0.02 sys=0.00, real=0.01 secs] 
348.454: [GC (Allocation Failure) [PSYoungGen: 93088K->34208K(111616K)] 304084K->245204K(689152K), 0.0042687 secs] [Times: user=0.02 sys=0.00, real=0.01 secs] 
348.912: [GC (Allocation Failure) [PSYoungGen: 93088K->1408K(113664K)] 304084K->212404K(691200K), 0.0021623 secs] [Times: user=0.01 sys=0.00, real=0.01 secs] 
350.298: [GC (Allocation Failure) [PSYoungGen: 60288K->5568K(64512K)] 271284K->216572K(642048K), 0.0019829 secs] [Times: user=0.01 sys=0.00, real=0.00 secs] 
350.973: [GC (Allocation Failure) [PSYoungGen: 64448K->17824K(104960K)] 275452K->228828K(682496K), 0.0027383 secs] [Times: user=0.01 sys=0.00, real=0.01 secs] 
351.460: [GC (Allocation Failure) [PSYoungGen: 64890K->17776K(76800K)] 275895K->228780K(654336K), 0.0029554 secs] [Times: user=0.01 sys=0.00, real=0.00 secs] 
351.861: [GC (Allocation Failure) [PSYoungGen: 76656K->34208K(102912K)] 287660K->245212K(680448K), 0.0061481 secs] [Times: user=0.03 sys=0.00, real=0.01 secs] 
352.346: [GC (Allocation Failure) [PSYoungGen: 90016K->34208K(105984K)] 301020K->245212K(683520K), 0.0043934 secs] [Times: user=0.02 sys=0.00, real=0.00 secs] 
352.809: [GC (Allocation Failure) [PSYoungGen: 90016K->1392K(102912K)] 301020K->212404K(680448K), 0.0025158 secs] [Times: user=0.01 sys=0.00, real=0.00 secs] 
354.354: [GC (Allocation Failure) [PSYoungGen: 57200K->9632K(65536K)] 268212K->220644K(643072K), 0.0019256 secs] [Times: user=0.01 sys=0.00, real=0.00 secs] 
354.755: [GC (Allocation Failure) [PSYoungGen: 65440K->17824K(100352K)] 276452K->228836K(677888K), 0.0054987 secs] [Times: user=0.02 sys=0.00, real=0.00 secs] 
355.099: [GC (Allocation Failure) [PSYoungGen: 73632K->34208K(103424K)] 284644K->245220K(680960K), 0.0041689 secs] [Times: user=0.02 sys=0.00, real=0.00 secs] 
355.576: [GC (Allocation Failure) [PSYoungGen: 90016K->34176K(109568K)] 301028K->245188K(687104K), 0.0038378 secs] [Times: user=0.02 sys=0.00, real=0.00 secs] 
356.022: [GC (Allocation Failure) [PSYoungGen: 93056K->1408K(112128K)] 304068K->212420K(689664K), 0.0020801 secs] [Times: user=0.01 sys=0.00, real=0.01 secs] 
357.299: [GC (Allocation Failure) [PSYoungGen: 60288K->2448K(111104K)] 271300K->213460K(688640K), 0.0024775 secs] [Times: user=0.01 sys=0.00, real=0.00 secs] 
357.507: [GC (Allocation Failure) [PSYoungGen: 57569K->9616K(68608K)] 268581K->220628K(646144K), 0.0018950 secs] [Times: user=0.01 sys=0.00, real=0.00 secs] 
357.719: [GC (Allocation Failure) [PSYoungGen: 68496K->17824K(103936K)] 279508K->228836K(681472K), 0.0025092 secs] [Times: user=0.01 sys=0.00, real=0.00 secs] 
357.897: [GC (Allocation Failure) [PSYoungGen: 76704K->34208K(106496K)] 287716K->245220K(684032K), 0.0032028 secs] [Times: user=0.01 sys=0.01, real=0.00 secs] 
358.181: [GC (Allocation Failure) [PSYoungGen: 93088K->34176K(114176K)] 304100K->245196K(691712K), 0.0034111 secs] [Times: user=0.01 sys=0.00, real=0.01 secs] 
358.647: [GC (Allocation Failure) [PSYoungGen: 97152K->1376K(116736K)] 308172K->212396K(694272K), 0.0016771 secs] [Times: user=0.00 sys=0.00, real=0.00 secs] 
359.969: [GC (Allocation Failure) [PSYoungGen: 64352K->9664K(104448K)] 275372K->220692K(681984K), 0.0019046 secs] [Times: user=0.01 sys=0.00, real=0.00 secs] 
360.212: [GC (Allocation Failure) [PSYoungGen: 72128K->17824K(79872K)] 283156K->228852K(657408K), 0.0026228 secs] [Times: user=0.01 sys=0.00, real=0.01 secs] 
360.455: [GC (Allocation Failure) [PSYoungGen: 79776K->34176K(107008K)] 290804K->245220K(684544K), 0.0042223 secs] [Times: user=0.02 sys=0.00, real=0.00 secs] 
360.901: [GC (Allocation Failure) [PSYoungGen: 93056K->34208K(110080K)] 304100K->245260K(687616K), 0.0034855 secs] [Times: user=0.01 sys=0.00, real=0.01 secs] 
361.584: [GC (Allocation Failure) [PSYoungGen: 93088K->1440K(105984K)] 304140K->212492K(683520K), 0.0017398 secs] [Times: user=0.01 sys=0.00, real=0.00 secs] 
362.856: [GC (Allocation Failure) [PSYoungGen: 60320K->9632K(68608K)] 271372K->220692K(646144K), 0.0019418 secs] [Times: user=0.01 sys=0.00, real=0.00 secs] 
363.157: [GC (Allocation Failure) [PSYoungGen: 68512K->17824K(104448K)] 279572K->228884K(681984K), 0.0022593 secs] [Times: user=0.01 sys=0.00, real=0.00 secs] 
363.335: [GC (Allocation Failure) [PSYoungGen: 76704K->34240K(107520K)] 287764K->245300K(685056K), 0.0033987 secs] [Times: user=0.02 sys=0.00, real=0.00 secs] 
363.581: [GC (Allocation Failure) [PSYoungGen: 93120K->34208K(115200K)] 304180K->245268K(692736K), 0.0032662 secs] [Times: user=0.01 sys=0.00, real=0.01 secs] 
363.846: [GC (Allocation Failure) [PSYoungGen: 97696K->1408K(117248K)] 308756K->212468K(694784K), 0.0016006 secs] [Times: user=0.01 sys=0.00, real=0.00 secs] 
364.985: [GC (Allocation Failure) [PSYoungGen: 64896K->5568K(107520K)] 275956K->216628K(685056K), 0.0017756 secs] [Times: user=0.01 sys=0.00, real=0.00 secs] 
365.438: [GC (Allocation Failure) [PSYoungGen: 68544K->17792K(80384K)] 279604K->228852K(657920K), 0.0023982 secs] [Times: user=0.01 sys=0.00, real=0.00 secs] 
365.685: [GC (Allocation Failure) [PSYoungGen: 80256K->34208K(108544K)] 291316K->245268K(686080K), 0.0036301 secs] [Times: user=0.01 sys=0.00, real=0.00 secs] 
365.969: [GC (Allocation Failure) [PSYoungGen: 93600K->34208K(111616K)] 304660K->245268K(689152K), 0.0032140 secs] [Times: user=0.01 sys=0.00, real=0.00 secs] 
366.218: [GC (Allocation Failure) [PSYoungGen: 93600K->1440K(120320K)] 304660K->212500K(697856K), 0.0017000 secs] [Times: user=0.01 sys=0.00, real=0.00 secs] 
367.225: [GC (Allocation Failure) [PSYoungGen: 67488K->5568K(71168K)] 278548K->216636K(648704K), 0.0018164 secs] [Times: user=0.01 sys=0.00, real=0.00 secs] 
367.446: [GC (Allocation Failure) [PSYoungGen: 71104K->17824K(110592K)] 282172K->228892K(688128K), 0.0022895 secs] [Times: user=0.01 sys=0.00, real=0.00 secs] 
367.649: [GC (Allocation Failure) [PSYoungGen: 82848K->34176K(114688K)] 293916K->245244K(692224K), 0.0035306 secs] [Times: user=0.02 sys=0.00, real=0.00 secs] 
367.921: [GC (Allocation Failure) [PSYoungGen: 99200K->34208K(123392K)] 310268K->245276K(700928K), 0.0050494 secs] [Times: user=0.02 sys=0.00, real=0.01 secs] 
368.219: [GC (Allocation Failure) [PSYoungGen: 104864K->1408K(125440K)] 315932K->212492K(702976K), 0.0025583 secs] [Times: user=0.01 sys=0.00, real=0.00 secs] 
369.655: [GC (Allocation Failure) [PSYoungGen: 72064K->9648K(128512K)] 283148K->220740K(706048K), 0.0022146 secs] [Times: user=0.01 sys=0.01, real=0.00 secs] 
370.669: [GC (Allocation Failure) [PSYoungGen: 87984K->17792K(95744K)] 299076K->228884K(673280K), 0.0037995 secs] [Times: user=0.02 sys=0.00, real=0.00 secs] 
370.921: [GC (Allocation Failure) [PSYoungGen: 95616K->34144K(123904K)] 306708K->245236K(701440K), 0.0038559 secs] [Times: user=0.02 sys=0.00, real=0.01 secs] 
371.681: [GC (Allocation Failure) [PSYoungGen: 108896K->1440K(75776K)] 319988K->212532K(653312K), 0.0020311 secs] [Times: user=0.00 sys=0.00, real=0.00 secs] 
372.943: [GC (Allocation Failure) [PSYoungGen: 75680K->9664K(121344K)] 286772K->220756K(698880K), 0.0015945 secs] [Times: user=0.01 sys=0.00, real=0.01 secs] 
373.215: [GC (Allocation Failure) [PSYoungGen: 83392K->17824K(91136K)] 294484K->228916K(668672K), 0.0019287 secs] [Times: user=0.01 sys=0.00, real=0.00 secs] 
373.451: [GC (Allocation Failure) [PSYoungGen: 91040K->34208K(116736K)] 302132K->245308K(694272K), 0.0027761 secs] [Times: user=0.01 sys=0.00, real=0.01 secs] 
373.741: [GC (Allocation Failure) [PSYoungGen: 103840K->1408K(70656K)] 314940K->212508K(648192K), 0.0016069 secs] [Times: user=0.01 sys=0.00, real=0.00 secs] 
374.683: [GC (Allocation Failure) [PSYoungGen: 70528K->3488K(116224K)] 281628K->214588K(693760K), 0.0016736 secs] [Times: user=0.01 sys=0.00, real=0.01 secs] 
374.914: [GC (Allocation Failure) [PSYoungGen: 72096K->17792K(86016K)] 283196K->228892K(663552K), 0.0022610 secs] [Times: user=0.01 sys=0.00, real=0.00 secs] 
375.217: [GC (Allocation Failure) [PSYoungGen: 85888K->34176K(111104K)] 296988K->245284K(688640K), 0.0029991 secs] [Times: user=0.02 sys=0.00, real=0.00 secs] 
375.706: [GC (Allocation Failure) [PSYoungGen: 98688K->34208K(114176K)] 309796K->245316K(691712K), 0.0034284 secs] [Times: user=0.02 sys=0.00, real=0.00 secs] 
376.232: [GC (Allocation Failure) [PSYoungGen: 98208K->1408K(115200K)] 309316K->212524K(692736K), 0.0017228 secs] [Times: user=0.01 sys=0.00, real=0.00 secs] 
377.657: [GC (Allocation Failure) [PSYoungGen: 64896K->5536K(68608K)] 276012K->216652K(646144K), 0.0026896 secs] [Times: user=0.01 sys=0.00, real=0.00 secs] 
378.414: [GC (Allocation Failure) [PSYoungGen: 68512K->17824K(107520K)] 279628K->228940K(685056K), 0.0047612 secs] [Times: user=0.02 sys=0.00, real=0.00 secs] 
379.133: [GC (Allocation Failure) [PSYoungGen: 80288K->34224K(110592K)] 291404K->245356K(688128K), 0.0065687 secs] [Times: user=0.03 sys=0.00, real=0.01 secs] 
380.059: [GC (Allocation Failure) [PSYoungGen: 96176K->34208K(111104K)] 307308K->245340K(688640K), 0.0060752 secs] [Times: user=0.03 sys=0.00, real=0.01 secs] 
380.717: [GC (Allocation Failure) [PSYoungGen: 93600K->1408K(113664K)] 304732K->212540K(691200K), 0.0029625 secs] [Times: user=0.02 sys=0.00, real=0.00 secs] 
382.091: [GC (Allocation Failure) [PSYoungGen: 60800K->2464K(111616K)] 271932K->213596K(689152K), 0.0015709 secs] [Times: user=0.00 sys=0.00, real=0.00 secs] 
382.296: [GC (Allocation Failure) [PSYoungGen: 61856K->17776K(77312K)] 272988K->228924K(654848K), 0.0024390 secs] [Times: user=0.01 sys=0.00, real=0.00 secs] 
382.508: [GC (Allocation Failure) [PSYoungGen: 69682K->17776K(103424K)] 280831K->228924K(680960K), 0.0022077 secs] [Times: user=0.01 sys=0.00, real=0.00 secs] 
382.688: [GC (Allocation Failure) [PSYoungGen: 77168K->34208K(106496K)] 288316K->245356K(684032K), 0.0033879 secs] [Times: user=0.01 sys=0.00, real=0.00 secs] 
383.012: [GC (Allocation Failure) [PSYoungGen: 93600K->34176K(114176K)] 304748K->245324K(691712K), 0.0054504 secs] [Times: user=0.03 sys=0.00, real=0.01 secs] 
383.699: [GC (Allocation Failure) [PSYoungGen: 97664K->1376K(116736K)] 308812K->212524K(694272K), 0.0022951 secs] [Times: user=0.01 sys=0.00, real=0.00 secs] 
385.023: [GC (Allocation Failure) [PSYoungGen: 64864K->9632K(104448K)] 276012K->220780K(681984K), 0.0032871 secs] [Times: user=0.01 sys=0.00, real=0.01 secs] 
385.536: [GC (Allocation Failure) [PSYoungGen: 72608K->17776K(80384K)] 283756K->228924K(657920K), 0.0039315 secs] [Times: user=0.01 sys=0.00, real=0.00 secs] 
385.807: [GC (Allocation Failure) [PSYoungGen: 80240K->34144K(107520K)] 291388K->245292K(685056K), 0.0050008 secs] [Times: user=0.02 sys=0.01, real=0.00 secs] 
386.322: [GC (Allocation Failure) [PSYoungGen: 93536K->34208K(110592K)] 304684K->245356K(688128K), 0.0039882 secs] [Times: user=0.02 sys=0.00, real=0.01 secs] 
386.850: [GC (Allocation Failure) [PSYoungGen: 93600K->1376K(106496K)] 304748K->212524K(684032K), 0.0021598 secs] [Times: user=0.00 sys=0.00, real=0.00 secs] 
389.062: [GC (Allocation Failure) [PSYoungGen: 60768K->9648K(69120K)] 271916K->220796K(646656K), 0.0023724 secs] [Times: user=0.01 sys=0.00, real=0.01 secs] 
389.717: [GC (Allocation Failure) [PSYoungGen: 69040K->17824K(103936K)] 280188K->228972K(681472K), 0.0039697 secs] [Times: user=0.02 sys=0.00, real=0.00 secs] 
390.071: [GC (Allocation Failure) [PSYoungGen: 77216K->34144K(107520K)] 288364K->245292K(685056K), 0.0058291 secs] [Times: user=0.03 sys=0.00, real=0.01 secs] 
390.655: [GC (Allocation Failure) [PSYoungGen: 93536K->34176K(114688K)] 304684K->245324K(692224K), 0.0047805 secs] [Times: user=0.02 sys=0.00, real=0.00 secs] 
391.148: [GC (Allocation Failure) [PSYoungGen: 97664K->1408K(64512K)] 308812K->212556K(642048K), 0.0024422 secs] [Times: user=0.01 sys=0.00, real=0.00 secs] 
392.415: [GC (Allocation Failure) [PSYoungGen: 64384K->9632K(111616K)] 275532K->220780K(689152K), 0.0018578 secs] [Times: user=0.01 sys=0.00, real=0.00 secs] 
393.185: [GC (Allocation Failure) [PSYoungGen: 72096K->17824K(79872K)] 283244K->228972K(657408K), 0.0034376 secs] [Times: user=0.01 sys=0.00, real=0.00 secs] 
393.686: [GC (Allocation Failure) [PSYoungGen: 79776K->34176K(108032K)] 290924K->245332K(685568K), 0.0050677 secs] [Times: user=0.03 sys=0.00, real=0.00 secs] 
394.169: [GC (Allocation Failure) [PSYoungGen: 93568K->34176K(110592K)] 304724K->245332K(688128K), 0.0046937 secs] [Times: user=0.03 sys=0.00, real=0.00 secs] 
394.412: [GC (Allocation Failure) [PSYoungGen: 93568K->1376K(113152K)] 304724K->212532K(690688K), 0.0018115 secs] [Times: user=0.00 sys=0.00, real=0.01 secs] 
395.287: [GC (Allocation Failure) [PSYoungGen: 60768K->5536K(65024K)] 271924K->216692K(642560K), 0.0017197 secs] [Times: user=0.01 sys=0.00, real=0.00 secs] 
395.483: [GC (Allocation Failure) [PSYoungGen: 64928K->17792K(104960K)] 276084K->228948K(682496K), 0.0021938 secs] [Times: user=0.01 sys=0.00, real=0.01 secs] 
395.662: [GC (Allocation Failure) [PSYoungGen: 77184K->34208K(108544K)] 288340K->245364K(686080K), 0.0029775 secs] [Times: user=0.02 sys=0.00, real=0.01 secs] 
395.914: [GC (Allocation Failure) [PSYoungGen: 93600K->34176K(116224K)] 304756K->245332K(693760K), 0.0031474 secs] [Times: user=0.02 sys=0.00, real=0.00 secs] 
396.182: [GC (Allocation Failure) [PSYoungGen: 98176K->1376K(118272K)] 309332K->212548K(695808K), 0.0024640 secs] [Times: user=0.01 sys=0.00, real=0.01 secs] 
397.192: [GC (Allocation Failure) [PSYoungGen: 64922K->3504K(108032K)] 276095K->214684K(685568K), 0.0018093 secs] [Times: user=0.01 sys=0.00, real=0.01 secs] 
397.662: [GC (Allocation Failure) [PSYoungGen: 66992K->17824K(80896K)] 278172K->229004K(658432K), 0.0022393 secs] [Times: user=0.01 sys=0.00, real=0.01 secs] 
398.173: [GC (Allocation Failure) [PSYoungGen: 80800K->34208K(110080K)] 291980K->245388K(687616K), 0.0071575 secs] [Times: user=0.04 sys=0.00, real=0.01 secs] 
398.950: [GC (Allocation Failure) [PSYoungGen: 94112K->34176K(113152K)] 305292K->245356K(690688K), 0.0056458 secs] [Times: user=0.02 sys=0.00, real=0.01 secs] 
399.690: [GC (Allocation Failure) [PSYoungGen: 94080K->1440K(109056K)] 305260K->212644K(686592K), 0.0033834 secs] [Times: user=0.01 sys=0.00, real=0.01 secs] 
401.319: [GC (Allocation Failure) [PSYoungGen: 61344K->1920K(61952K)] 272548K->213132K(639488K), 0.0015514 secs] [Times: user=0.01 sys=0.00, real=0.00 secs] 
401.539: [GC (Allocation Failure) [PSYoungGen: 58146K->9552K(109056K)] 269359K->220764K(686592K), 0.0016806 secs] [Times: user=0.00 sys=0.00, real=0.00 secs] 
401.772: [GC (Allocation Failure) [PSYoungGen: 69456K->17824K(77824K)] 280668K->229036K(655360K), 0.0021139 secs] [Times: user=0.01 sys=0.00, real=0.01 secs] 
401.957: [GC (Allocation Failure) [PSYoungGen: 77728K->34208K(105984K)] 288940K->245420K(683520K), 0.0032812 secs] [Times: user=0.01 sys=0.00, real=0.00 secs] 
402.208: [GC (Allocation Failure) [PSYoungGen: 91040K->34176K(109056K)] 302252K->245388K(686592K), 0.0048395 secs] [Times: user=0.03 sys=0.00, real=0.00 secs] 
402.448: [GC (Allocation Failure) [PSYoungGen: 91008K->1376K(116736K)] 302220K->212588K(694272K), 0.0018903 secs] [Times: user=0.01 sys=0.00, real=0.00 secs] 
403.510: [GC (Allocation Failure) [PSYoungGen: 64864K->9664K(117760K)] 276076K->220884K(695296K), 0.0019373 secs] [Times: user=0.00 sys=0.00, real=0.00 secs] 
404.301: [GC (Allocation Failure) [PSYoungGen: 73152K->17792K(101888K)] 284372K->229012K(679424K), 0.0028826 secs] [Times: user=0.01 sys=0.00, real=0.01 secs] 
404.744: [GC (Allocation Failure) [PSYoungGen: 80768K->34208K(111616K)] 291988K->245428K(689152K), 0.0039537 secs] [Times: user=0.02 sys=0.00, real=0.00 secs] 
405.582: [GC (Allocation Failure) [PSYoungGen: 96672K->34208K(112640K)] 307892K->245428K(690176K), 0.0043600 secs] [Times: user=0.02 sys=0.00, real=0.01 secs] 
406.414: [GC (Allocation Failure) [PSYoungGen: 94624K->1408K(61440K)] 305844K->212660K(638976K), 0.0020397 secs] [Times: user=0.01 sys=0.00, real=0.00 secs] 
407.561: [GC (Allocation Failure) [PSYoungGen: 61312K->9664K(110080K)] 272564K->220916K(687616K), 0.0019217 secs] [Times: user=0.01 sys=0.00, real=0.00 secs] 
408.093: [GC (Allocation Failure) [PSYoungGen: 69568K->17792K(77824K)] 280820K->229044K(655360K), 0.0029292 secs] [Times: user=0.01 sys=0.00, real=0.01 secs] 
408.590: [GC (Allocation Failure) [PSYoungGen: 77696K->34144K(106496K)] 288948K->245396K(684032K), 0.0056744 secs] [Times: user=0.03 sys=0.00, real=0.01 secs] 
409.407: [GC (Allocation Failure) [PSYoungGen: 91488K->34208K(109056K)] 302740K->245460K(686592K), 0.0048768 secs] [Times: user=0.02 sys=0.00, real=0.00 secs] 
409.940: [GC (Allocation Failure) [PSYoungGen: 91552K->1344K(111616K)] 302804K->212604K(689152K), 0.0018126 secs] [Times: user=0.00 sys=0.00, real=0.00 secs] 
411.281: [GC (Allocation Failure) [PSYoungGen: 58688K->3488K(60928K)] 269948K->214756K(638464K), 0.0036638 secs] [Times: user=0.01 sys=0.00, real=0.01 secs] 
412.132: [GC (Allocation Failure) [PSYoungGen: 60832K->17824K(103424K)] 272100K->229092K(680960K), 0.0055441 secs] [Times: user=0.02 sys=0.00, real=0.01 secs] 
412.441: [GC (Allocation Failure) [PSYoungGen: 67123K->17840K(75264K)] 278392K->229108K(652800K), 0.0028297 secs] [Times: user=0.01 sys=0.00, real=0.00 secs] 
412.757: [GC (Allocation Failure) [PSYoungGen: 75184K->34176K(101376K)] 286452K->245444K(678912K), 0.0059184 secs] [Times: user=0.03 sys=0.01, real=0.00 secs] 
413.264: [GC (Allocation Failure) [PSYoungGen: 88448K->34176K(104448K)] 299716K->245444K(681984K), 0.0061304 secs] [Times: user=0.03 sys=0.00, real=0.00 secs] 
413.717: [GC (Allocation Failure) [PSYoungGen: 88448K->1408K(113152K)] 299716K->212692K(690688K), 0.0027022 secs] [Times: user=0.01 sys=0.00, real=0.00 secs] 
414.783: [GC (Allocation Failure) [PSYoungGen: 61824K->9632K(69632K)] 273108K->220916K(647168K), 0.0015786 secs] [Times: user=0.01 sys=0.00, real=0.01 secs] 
415.073: [GC (Allocation Failure) [PSYoungGen: 69536K->17824K(104448K)] 280820K->229108K(681984K), 0.0023269 secs] [Times: user=0.01 sys=0.00, real=0.01 secs] 
415.293: [GC (Allocation Failure) [PSYoungGen: 77728K->34144K(107520K)] 289012K->245428K(685056K), 0.0032545 secs] [Times: user=0.01 sys=0.00, real=0.01 secs] 
415.562: [GC (Allocation Failure) [PSYoungGen: 94048K->34176K(114688K)] 305332K->245460K(692224K), 0.0032994 secs] [Times: user=0.02 sys=0.00, real=0.01 secs] 
415.879: [GC (Allocation Failure) [PSYoungGen: 98176K->1408K(117248K)] 309460K->212692K(694784K), 0.0016606 secs] [Times: user=0.01 sys=0.00, real=0.00 secs] 
416.846: [GC (Allocation Failure) [PSYoungGen: 65408K->5536K(107520K)] 276692K->216828K(685056K), 0.0018855 secs] [Times: user=0.01 sys=0.00, real=0.00 secs] 
417.248: [GC (Allocation Failure) [PSYoungGen: 69024K->17824K(80896K)] 280316K->229116K(658432K), 0.0032179 secs] [Times: user=0.02 sys=0.00, real=0.00 secs] 
417.664: [GC (Allocation Failure) [PSYoungGen: 80800K->34208K(108544K)] 292092K->245500K(686080K), 0.0045707 secs] [Times: user=0.02 sys=0.00, real=0.01 secs] 
418.335: [GC (Allocation Failure) [PSYoungGen: 94112K->34208K(111616K)] 305404K->245500K(689152K), 0.0057989 secs] [Times: user=0.03 sys=0.00, real=0.00 secs] 
419.056: [GC (Allocation Failure) [PSYoungGen: 94112K->1424K(114176K)] 305404K->212724K(691712K), 0.0026671 secs] [Times: user=0.01 sys=0.00, real=0.00 secs] 
421.344: [GC (Allocation Failure) [PSYoungGen: 61328K->5520K(65536K)] 272628K->216820K(643072K), 0.0035168 secs] [Times: user=0.01 sys=0.00, real=0.01 secs] 
422.347: [GC (Allocation Failure) [PSYoungGen: 65424K->17824K(106496K)] 276724K->229124K(684032K), 0.0056500 secs] [Times: user=0.03 sys=0.00, real=0.00 secs] 
422.896: [GC (Allocation Failure) [PSYoungGen: 77728K->34208K(109568K)] 289028K->245516K(687104K), 0.0075298 secs] [Times: user=0.04 sys=0.00, real=0.00 secs] 
423.398: [GC (Allocation Failure) [PSYoungGen: 94112K->34176K(109568K)] 305420K->245484K(687104K), 0.0047569 secs] [Times: user=0.02 sys=0.00, real=0.00 secs] 
423.798: [GC (Allocation Failure) [PSYoungGen: 91520K->1376K(112128K)] 302828K->212684K(689664K), 0.0020644 secs] [Times: user=0.00 sys=0.00, real=0.00 secs] 
424.886: [GC (Allocation Failure) [PSYoungGen: 58720K->1728K(110080K)] 270028K->213036K(687616K), 0.0016033 secs] [Times: user=0.01 sys=0.00, real=0.00 secs] 
425.645: [GC (Allocation Failure) [PSYoungGen: 59072K->9632K(67072K)] 270380K->220940K(644608K), 0.0024597 secs] [Times: user=0.01 sys=0.00, real=0.00 secs] 
426.304: [GC (Allocation Failure) [PSYoungGen: 66976K->17824K(102912K)] 278284K->229132K(680448K), 0.0038143 secs] [Times: user=0.01 sys=0.00, real=0.01 secs] 
426.783: [GC (Allocation Failure) [PSYoungGen: 75168K->34240K(105984K)] 286476K->245548K(683520K), 0.0057930 secs] [Times: user=0.02 sys=0.00, real=0.01 secs] 
427.481: [GC (Allocation Failure) [PSYoungGen: 91584K->34176K(107008K)] 302892K->245484K(684544K), 0.0057529 secs] [Times: user=0.03 sys=0.00, real=0.01 secs] 
428.035: [GC (Allocation Failure) [PSYoungGen: 88960K->1408K(56320K)] 300268K->212732K(633856K), 0.0031504 secs] [Times: user=0.01 sys=0.00, real=0.00 secs] 
429.194: [GC (Allocation Failure) [PSYoungGen: 56192K->5568K(105984K)] 267516K->216900K(683520K), 0.0019085 secs] [Times: user=0.00 sys=0.00, real=0.00 secs] 
429.647: [GC (Allocation Failure) [PSYoungGen: 60352K->17792K(72704K)] 271684K->229124K(650240K), 0.0049567 secs] [Times: user=0.02 sys=0.00, real=0.00 secs] 
430.030: [GC (Allocation Failure) [PSYoungGen: 60510K->17808K(98304K)] 271843K->229140K(675840K), 0.0054393 secs] [Times: user=0.02 sys=0.00, real=0.01 secs] 
430.347: [GC (Allocation Failure) [PSYoungGen: 72592K->34176K(101376K)] 283924K->245508K(678912K), 0.0039284 secs] [Times: user=0.02 sys=0.00, real=0.00 secs] 
430.578: [GC (Allocation Failure) [PSYoungGen: 88960K->34208K(108544K)] 300292K->245548K(686080K), 0.0034300 secs] [Times: user=0.01 sys=0.00, real=0.00 secs] 
430.822: [GC (Allocation Failure) [PSYoungGen: 92576K->1392K(111104K)] 303916K->212764K(688640K), 0.0018188 secs] [Times: user=0.01 sys=0.00, real=0.01 secs] 
431.689: [GC (Allocation Failure) [PSYoungGen: 59760K->9664K(100352K)] 271132K->221036K(677888K), 0.0018924 secs] [Times: user=0.01 sys=0.00, real=0.00 secs] 
431.928: [GC (Allocation Failure) [PSYoungGen: 68032K->17824K(76288K)] 279404K->229196K(653824K), 0.0021451 secs] [Times: user=0.01 sys=0.00, real=0.00 secs] 
432.102: [GC (Allocation Failure) [PSYoungGen: 76192K->34176K(102912K)] 287564K->245548K(680448K), 0.0030177 secs] [Times: user=0.01 sys=0.00, real=0.01 secs] 
432.367: [GC (Allocation Failure) [PSYoungGen: 89472K->34176K(105984K)] 300844K->245548K(683520K), 0.0034712 secs] [Times: user=0.02 sys=0.00, real=0.00 secs] 
432.613: [GC (Allocation Failure) [PSYoungGen: 89472K->1440K(114176K)] 300844K->212812K(691712K), 0.0018539 secs] [Times: user=0.01 sys=0.00, real=0.01 secs] 
433.653: [GC (Allocation Failure) [PSYoungGen: 62880K->3520K(64512K)] 274252K->214900K(642048K), 0.0019316 secs] [Times: user=0.01 sys=0.00, real=0.01 secs] 
434.096: [GC (Allocation Failure) [PSYoungGen: 64448K->17792K(105984K)] 275828K->229172K(683520K), 0.0033050 secs] [Times: user=0.01 sys=0.00, real=0.00 secs] 
434.739: [GC (Allocation Failure) [PSYoungGen: 70856K->17840K(77824K)] 282237K->229220K(655360K), 0.0052783 secs] [Times: user=0.03 sys=0.00, real=0.01 secs] 
435.302: [GC (Allocation Failure) [PSYoungGen: 77744K->34208K(102400K)] 289124K->245588K(679936K), 0.0076243 secs] [Times: user=0.03 sys=0.00, real=0.01 secs] 
435.921: [GC (Allocation Failure) [PSYoungGen: 90528K->34176K(105984K)] 301908K->245556K(683520K), 0.0053813 secs] [Times: user=0.03 sys=0.00, real=0.01 secs] 
436.369: [GC (Allocation Failure) [PSYoungGen: 90496K->1408K(114688K)] 301876K->212804K(692224K), 0.0035124 secs] [Times: user=0.01 sys=0.00, real=0.00 secs] 
437.535: [GC (Allocation Failure) [PSYoungGen: 63872K->9632K(71680K)] 275268K->221028K(649216K), 0.0018242 secs] [Times: user=0.01 sys=0.00, real=0.00 secs] 
438.000: [GC (Allocation Failure) [PSYoungGen: 71584K->17824K(104448K)] 282980K->229220K(681984K), 0.0021718 secs] [Times: user=0.01 sys=0.00, real=0.00 secs] 
438.400: [GC (Allocation Failure) [PSYoungGen: 79264K->34176K(108032K)] 290660K->245572K(685568K), 0.0034465 secs] [Times: user=0.02 sys=0.00, real=0.01 secs] 
439.021: [GC (Allocation Failure) [PSYoungGen: 95104K->34176K(108544K)] 306500K->245572K(686080K), 0.0038584 secs] [Times: user=0.01 sys=0.00, real=0.01 secs] 
439.518: [GC (Allocation Failure) [PSYoungGen: 92544K->1376K(111104K)] 303940K->212772K(688640K), 0.0020442 secs] [Times: user=0.00 sys=0.00, real=0.00 secs] 
440.860: [GC (Allocation Failure) [PSYoungGen: 59333K->5584K(109056K)] 270730K->216980K(686592K), 0.0021989 secs] [Times: user=0.01 sys=0.00, real=0.00 secs] 
441.343: [GC (Allocation Failure) [PSYoungGen: 63952K->17792K(76288K)] 275348K->229188K(653824K), 0.0041721 secs] [Times: user=0.02 sys=0.00, real=0.01 secs] 
441.910: [GC (Allocation Failure) [PSYoungGen: 76160K->34208K(103936K)] 287556K->245604K(681472K), 0.0071180 secs] [Times: user=0.03 sys=0.00, real=0.01 secs] 
442.583: [GC (Allocation Failure) [PSYoungGen: 89504K->34160K(107008K)] 300900K->245564K(684544K), 0.0085394 secs] [Times: user=0.04 sys=0.00, real=0.01 secs] 
443.172: [GC (Allocation Failure) [PSYoungGen: 89456K->1408K(102912K)] 300860K->212820K(680448K), 0.0024138 secs] [Times: user=0.01 sys=0.00, real=0.01 secs] 
444.255: [GC (Allocation Failure) [PSYoungGen: 56300K->192K(109056K)] 267713K->211604K(686592K), 0.0013171 secs] [Times: user=0.01 sys=0.00, real=0.00 secs] 
444.876: [GC (Allocation Failure) [PSYoungGen: 55488K->9632K(103936K)] 266900K->221044K(681472K), 0.0020435 secs] [Times: user=0.01 sys=0.00, real=0.00 secs] 
445.215: [GC (Allocation Failure) [PSYoungGen: 64928K->17792K(73216K)] 276340K->229204K(650752K), 0.0026770 secs] [Times: user=0.01 sys=0.00, real=0.00 secs] 
445.397: [GC (Allocation Failure) [PSYoungGen: 73088K->34176K(99840K)] 284500K->245588K(677376K), 0.0037062 secs] [Times: user=0.02 sys=0.00, real=0.00 secs] 
445.613: [GC (Allocation Failure) [PSYoungGen: 85888K->34176K(103424K)] 297300K->245588K(680960K), 0.0037986 secs] [Times: user=0.02 sys=0.00, real=0.01 secs] 
445.880: [GC (Allocation Failure) [PSYoungGen: 85888K->1440K(111104K)] 297300K->212852K(688640K), 0.0018231 secs] [Times: user=0.00 sys=0.00, real=0.00 secs] 
446.801: [GC (Allocation Failure) [PSYoungGen: 59296K->2496K(60416K)] 270708K->213908K(637952K), 0.0016983 secs] [Times: user=0.01 sys=0.00, real=0.00 secs] 
446.987: [GC (Allocation Failure) [PSYoungGen: 53708K->9616K(105984K)] 265121K->221028K(683520K), 0.0018362 secs] [Times: user=0.01 sys=0.00, real=0.00 secs] 
447.243: [GC (Allocation Failure) [PSYoungGen: 67472K->17856K(75776K)] 278884K->229276K(653312K), 0.0022014 secs] [Times: user=0.01 sys=0.00, real=0.01 secs] 
447.416: [GC (Allocation Failure) [PSYoungGen: 75712K->34176K(102400K)] 287132K->245596K(679936K), 0.0036875 secs] [Times: user=0.02 sys=0.00, real=0.00 secs] 
447.644: [GC (Allocation Failure) [PSYoungGen: 88448K->34144K(105984K)] 299868K->245580K(683520K), 0.0042000 secs] [Times: user=0.02 sys=0.00, real=0.00 secs] 
447.877: [GC (Allocation Failure) [PSYoungGen: 88416K->1408K(113664K)] 299852K->212868K(691200K), 0.0022786 secs] [Times: user=0.01 sys=0.00, real=0.00 secs] 
448.816: [GC (Allocation Failure) [PSYoungGen: 60501K->5584K(114688K)] 271962K->217060K(692224K), 0.0017595 secs] [Times: user=0.01 sys=0.00, real=0.00 secs] 
449.019: [GC (Allocation Failure) [PSYoungGen: 66512K->17776K(113664K)] 277988K->229252K(691200K), 0.0023169 secs] [Times: user=0.01 sys=0.00, real=0.00 secs] 
449.248: [GC (Allocation Failure) [PSYoungGen: 85360K->34176K(116736K)] 296836K->245660K(694272K), 0.0032021 secs] [Times: user=0.02 sys=0.00, real=0.00 secs] 
449.531: [GC (Allocation Failure) [PSYoungGen: 101760K->34176K(125440K)] 313244K->245660K(702976K), 0.0052181 secs] [Times: user=0.03 sys=0.00, real=0.01 secs] 
450.280: [GC (Allocation Failure) [PSYoungGen: 107392K->1408K(128000K)] 318876K->212892K(705536K), 0.0024015 secs] [Times: user=0.01 sys=0.00, real=0.00 secs] 
451.323: [GC (Allocation Failure) [PSYoungGen: 74624K->9632K(113664K)] 286108K->221218K(691200K), 0.0018802 secs] [Times: user=0.01 sys=0.00, real=0.01 secs] 
451.558: [GC (Allocation Failure) [PSYoungGen: 74459K->17776K(90112K)] 286046K->229362K(667648K), 0.0021387 secs] [Times: user=0.01 sys=0.00, real=0.00 secs] 
451.867: [GC (Allocation Failure) [PSYoungGen: 89968K->34144K(118272K)] 301554K->245730K(695808K), 0.0036227 secs] [Times: user=0.02 sys=0.00, real=0.00 secs] 
452.156: [GC (Allocation Failure) [PSYoungGen: 103264K->1376K(70144K)] 314850K->212962K(647680K), 0.0017921 secs] [Times: user=0.01 sys=0.00, real=0.00 secs] 
453.037: [GC (Allocation Failure) [PSYoungGen: 69984K->5568K(117248K)] 281570K->217162K(694784K), 0.0017020 secs] [Times: user=0.00 sys=0.00, real=0.00 secs] 
453.284: [GC (Allocation Failure) [PSYoungGen: 73664K->17792K(85504K)] 285258K->229386K(663040K), 0.0021229 secs] [Times: user=0.01 sys=0.00, real=0.00 secs] 
453.497: [GC (Allocation Failure) [PSYoungGen: 85376K->34176K(111616K)] 296970K->245770K(689152K), 0.0030760 secs] [Times: user=0.02 sys=0.00, real=0.00 secs] 
453.764: [GC (Allocation Failure) [PSYoungGen: 98176K->34176K(115200K)] 309770K->245786K(692736K), 0.0032219 secs] [Times: user=0.02 sys=0.00, real=0.00 secs] 
454.031: [GC (Allocation Failure) [PSYoungGen: 98176K->1408K(123904K)] 309786K->213018K(701440K), 0.0016465 secs] [Times: user=0.01 sys=0.00, real=0.00 secs] 
455.436: [GC (Allocation Failure) [PSYoungGen: 72064K->9664K(79872K)] 283674K->221274K(657408K), 0.0028549 secs] [Times: user=0.01 sys=0.00, real=0.00 secs] 
456.239: [GC (Allocation Failure) [PSYoungGen: 79808K->17792K(114176K)] 291418K->229402K(691712K), 0.0034984 secs] [Times: user=0.01 sys=0.00, real=0.00 secs] 
456.849: [GC (Allocation Failure) [PSYoungGen: 87424K->34192K(117248K)] 299034K->245802K(694784K), 0.0047613 secs] [Times: user=0.02 sys=0.00, real=0.01 secs] 
457.372: [GC (Allocation Failure) [PSYoungGen: 103312K->1440K(118784K)] 314922K->213050K(696320K), 0.0022448 secs] [Times: user=0.01 sys=0.00, real=0.01 secs] 
458.534: [GC (Allocation Failure) [PSYoungGen: 69758K->1968K(70144K)] 281369K->213578K(647680K), 0.0014243 secs] [Times: user=0.01 sys=0.00, real=0.00 secs] 
458.770: [GC (Allocation Failure) [PSYoungGen: 70064K->17824K(112128K)] 281674K->229434K(689664K), 0.0019942 secs] [Times: user=0.01 sys=0.00, real=0.00 secs] 
458.990: [GC (Allocation Failure) [PSYoungGen: 71628K->17808K(84992K)] 283239K->229418K(662528K), 0.0021235 secs] [Times: user=0.01 sys=0.01, real=0.00 secs] 
459.237: [GC (Allocation Failure) [PSYoungGen: 84880K->34176K(109056K)] 296490K->245786K(686592K), 0.0032536 secs] [Times: user=0.02 sys=0.00, real=0.00 secs] 
459.553: [GC (Allocation Failure) [PSYoungGen: 97664K->1376K(64512K)] 309274K->213026K(642048K), 0.0016064 secs] [Times: user=0.00 sys=0.00, real=0.01 secs] 
460.445: [GC (Allocation Failure) [PSYoungGen: 64352K->1904K(109568K)] 276002K->213562K(687104K), 0.0014368 secs] [Times: user=0.01 sys=0.00, real=0.00 secs] 
460.686: [GC (Allocation Failure) [PSYoungGen: 60107K->9616K(71680K)] 271766K->221274K(649216K), 0.0018835 secs] [Times: user=0.01 sys=0.00, real=0.00 secs] 
460.918: [GC (Allocation Failure) [PSYoungGen: 71568K->17792K(103424K)] 283226K->229450K(680960K), 0.0026204 secs] [Times: user=0.01 sys=0.00, real=0.00 secs] 
461.106: [GC (Allocation Failure) [PSYoungGen: 79232K->34176K(105472K)] 290890K->245834K(683008K), 0.0033111 secs] [Times: user=0.01 sys=0.00, real=0.00 secs] 
461.396: [GC (Allocation Failure) [PSYoungGen: 95616K->34176K(112640K)] 307274K->245834K(690176K), 0.0037082 secs] [Times: user=0.01 sys=0.00, real=0.00 secs] 
462.304: [GC (Allocation Failure) [PSYoungGen: 98688K->304K(64512K)] 310346K->211962K(642048K), 0.0013400 secs] [Times: user=0.01 sys=0.00, real=0.01 secs] 
463.109: [GC (Allocation Failure) [PSYoungGen: 64304K->9664K(110080K)] 275962K->221322K(687616K), 0.0020428 secs] [Times: user=0.01 sys=0.00, real=0.00 secs] 
463.957: [GC (Allocation Failure) [PSYoungGen: 73152K->17824K(80896K)] 284810K->229482K(658432K), 0.0024067 secs] [Times: user=0.01 sys=0.00, real=0.00 secs] 
464.381: [GC (Allocation Failure) [PSYoungGen: 80800K->34208K(105984K)] 292458K->245866K(683520K), 0.0037045 secs] [Times: user=0.02 sys=0.00, real=0.01 secs] 
464.970: [GC (Allocation Failure) [PSYoungGen: 93600K->34208K(109568K)] 305258K->245866K(687104K), 0.0037213 secs] [Times: user=0.02 sys=0.00, real=0.01 secs] 
465.421: [GC (Allocation Failure) [PSYoungGen: 93600K->1440K(111616K)] 305258K->213106K(689152K), 0.0017552 secs] [Times: user=0.01 sys=0.00, real=0.00 secs] 
467.044: [GC (Allocation Failure) [PSYoungGen: 60832K->9664K(69120K)] 272498K->221330K(646656K), 0.0045376 secs] [Times: user=0.02 sys=0.00, real=0.01 secs] 
467.601: [GC (Allocation Failure) [PSYoungGen: 69056K->17792K(103936K)] 280722K->229458K(681472K), 0.0083956 secs] [Times: user=0.04 sys=0.00, real=0.01 secs] 
468.099: [GC (Allocation Failure) [PSYoungGen: 77184K->34144K(107008K)] 288850K->245810K(684544K), 0.0049114 secs] [Times: user=0.03 sys=0.00, real=0.01 secs] 
468.597: [GC (Allocation Failure) [PSYoungGen: 93536K->34208K(108544K)] 305202K->245874K(686080K), 0.0043520 secs] [Times: user=0.01 sys=0.00, real=0.00 secs] 
469.128: [GC (Allocation Failure) [PSYoungGen: 91552K->1440K(110592K)] 303218K->213122K(688128K), 0.0025231 secs] [Times: user=0.00 sys=0.00, real=0.00 secs] 
470.311: [GC (Allocation Failure) [PSYoungGen: 58784K->5568K(108544K)] 270466K->217250K(686080K), 0.0017816 secs] [Times: user=0.01 sys=0.00, real=0.00 secs] 
470.498: [GC (Allocation Failure) [PSYoungGen: 62912K->17824K(75264K)] 274594K->229506K(652800K), 0.0023909 secs] [Times: user=0.01 sys=0.00, real=0.00 secs] 
470.679: [GC (Allocation Failure) [PSYoungGen: 75168K->34176K(102400K)] 286850K->245858K(679936K), 0.0033642 secs] [Times: user=0.02 sys=0.00, real=0.00 secs] 
470.970: [GC (Allocation Failure) [PSYoungGen: 87936K->34208K(105984K)] 299618K->245890K(683520K), 0.0030896 secs] [Times: user=0.01 sys=0.00, real=0.00 secs] 
471.271: [GC (Allocation Failure) [PSYoungGen: 87968K->1440K(113152K)] 299650K->213138K(690688K), 0.0016322 secs] [Times: user=0.01 sys=0.00, real=0.00 secs] 
471.625: [GC (Allocation Failure) [PSYoungGen: 60829K->256K(59904K)] 272528K->211954K(637440K), 0.0017280 secs] [Times: user=0.00 sys=0.00, real=0.00 secs] 
472.778: [GC (Allocation Failure) [PSYoungGen: 59648K->9632K(108032K)] 271346K->221330K(685568K), 0.0020693 secs] [Times: user=0.01 sys=0.00, real=0.00 secs] 
473.255: [GC (Allocation Failure) [PSYoungGen: 69024K->17824K(77312K)] 280722K->229522K(654848K), 0.0027468 secs] [Times: user=0.01 sys=0.00, real=0.00 secs] 
473.609: [GC (Allocation Failure) [PSYoungGen: 77216K->34176K(104960K)] 288914K->245874K(682496K), 0.0040803 secs] [Times: user=0.02 sys=0.01, real=0.00 secs] 
474.151: [GC (Allocation Failure) [PSYoungGen: 90496K->34144K(108032K)] 302194K->245842K(685568K), 0.0047124 secs] [Times: user=0.03 sys=0.00, real=0.01 secs] 
474.525: [GC (Allocation Failure) [PSYoungGen: 90464K->1376K(110080K)] 302162K->213074K(687616K), 0.0018790 secs] [Times: user=0.01 sys=0.00, real=0.00 secs] 
475.682: [GC (Allocation Failure) [PSYoungGen: 57696K->5536K(61952K)] 269394K->217234K(639488K), 0.0022150 secs] [Times: user=0.00 sys=0.00, real=0.01 secs] 
476.046: [GC (Allocation Failure) [PSYoungGen: 61856K->17824K(102912K)] 273554K->229522K(680448K), 0.0034197 secs] [Times: user=0.01 sys=0.00, real=0.00 secs] 
476.356: [GC (Allocation Failure) [PSYoungGen: 58352K->17808K(74240K)] 270051K->229506K(651776K), 0.0034378 secs] [Times: user=0.01 sys=0.00, real=0.00 secs] 
476.748: [GC (Allocation Failure) [PSYoungGen: 74128K->34176K(99328K)] 285826K->245874K(676864K), 0.0049649 secs] [Times: user=0.02 sys=0.00, real=0.00 secs] 
477.187: [GC (Allocation Failure) [PSYoungGen: 86912K->34144K(102912K)] 298610K->245850K(680448K), 0.0048675 secs] [Times: user=0.02 sys=0.00, real=0.00 secs] 
477.565: [GC (Allocation Failure) [PSYoungGen: 86880K->1408K(99840K)] 298586K->213114K(677376K), 0.0021737 secs] [Times: user=0.00 sys=0.00, real=0.00 secs] 
479.140: [GC (Allocation Failure) [PSYoungGen: 54144K->3456K(56320K)] 265850K->215162K(633856K), 0.0025182 secs] [Times: user=0.00 sys=0.00, real=0.00 secs] 
480.235: [GC (Allocation Failure) [PSYoungGen: 56192K->17824K(98304K)] 267898K->229530K(675840K), 0.0050845 secs] [Times: user=0.03 sys=0.00, real=0.00 secs] 
481.199: [GC (Allocation Failure) [PSYoungGen: 66269K->17808K(70656K)] 277976K->229514K(648192K), 0.0044854 secs] [Times: user=0.02 sys=0.00, real=0.01 secs] 
481.814: [GC (Allocation Failure) [PSYoungGen: 70544K->34176K(95232K)] 282250K->245882K(672768K), 0.0055511 secs] [Times: user=0.03 sys=0.00, real=0.00 secs] 
482.403: [GC (Allocation Failure) [PSYoungGen: 83328K->34176K(98816K)] 295034K->245906K(676352K), 0.0046926 secs] [Times: user=0.02 sys=0.00, real=0.01 secs] 
482.836: [GC (Allocation Failure) [PSYoungGen: 83328K->1392K(101376K)] 295058K->213122K(678912K), 0.0020948 secs] [Times: user=0.01 sys=0.00, real=0.00 secs] 
483.756: [GC (Allocation Failure) [PSYoungGen: 50544K->2432K(51712K)] 262274K->214162K(629248K), 0.0016058 secs] [Times: user=0.01 sys=0.00, real=0.00 secs] 
484.040: [GC (Allocation Failure) [PSYoungGen: 51584K->9632K(95744K)] 263314K->221362K(673280K), 0.0019903 secs] [Times: user=0.01 sys=0.00, real=0.00 secs] 
484.211: [GC (Allocation Failure) [PSYoungGen: 58784K->17760K(67072K)] 270514K->229490K(644608K), 0.0024280 secs] [Times: user=0.01 sys=0.00, real=0.00 secs] 
484.348: [GC (Allocation Failure) [PSYoungGen: 66912K->34176K(92160K)] 278642K->245906K(669696K), 0.0033345 secs] [Times: user=0.01 sys=0.00, real=0.00 secs] 
484.539: [GC (Allocation Failure) [PSYoungGen: 79744K->34176K(95744K)] 291474K->245906K(673280K), 0.0031618 secs] [Times: user=0.01 sys=0.00, real=0.00 secs] 
484.781: [GC (Allocation Failure) [PSYoungGen: 79744K->34176K(102400K)] 291474K->245906K(679936K), 0.0036168 secs] [Times: user=0.01 sys=0.00, real=0.01 secs] 
485.135: [GC (Allocation Failure) [PSYoungGen: 83328K->1424K(104448K)] 295058K->213162K(681984K), 0.0016200 secs] [Times: user=0.01 sys=0.00, real=0.00 secs] 
486.218: [GC (Allocation Failure) [PSYoungGen: 48870K->5552K(106496K)] 260609K->217290K(684032K), 0.0018004 secs] [Times: user=0.01 sys=0.00, real=0.00 secs] 
486.669: [GC (Allocation Failure) [PSYoungGen: 60336K->17792K(72704K)] 272074K->229530K(650240K), 0.0032411 secs] [Times: user=0.01 sys=0.00, real=0.00 secs] 
487.030: [GC (Allocation Failure) [PSYoungGen: 57036K->17840K(108032K)] 268775K->229578K(685568K), 0.0041281 secs] [Times: user=0.01 sys=0.00, real=0.01 secs] 
487.417: [GC (Allocation Failure) [PSYoungGen: 75696K->34176K(104960K)] 287434K->245930K(682496K), 0.0060318 secs] [Times: user=0.03 sys=0.01, real=0.00 secs] 
487.853: [GC (Allocation Failure) [PSYoungGen: 92032K->34176K(112128K)] 303786K->245938K(689664K), 0.0050787 secs] [Times: user=0.03 sys=0.00, real=0.01 secs] 
488.169: [GC (Allocation Failure) [PSYoungGen: 96128K->1408K(114688K)] 307890K->213170K(692224K), 0.0016371 secs] [Times: user=0.00 sys=0.00, real=0.00 secs] 
489.377: [GC (Allocation Failure) [PSYoungGen: 63360K->9664K(103424K)] 275122K->221426K(680960K), 0.0020500 secs] [Times: user=0.01 sys=0.00, real=0.00 secs] 
490.043: [GC (Allocation Failure) [PSYoungGen: 71104K->17792K(78848K)] 282866K->229554K(656384K), 0.0057198 secs] [Times: user=0.02 sys=0.00, real=0.01 secs] 
490.631: [GC (Allocation Failure) [PSYoungGen: 78720K->34208K(105472K)] 290482K->245970K(683008K), 0.0072390 secs] [Times: user=0.04 sys=0.00, real=0.01 secs] 
491.355: [GC (Allocation Failure) [PSYoungGen: 92064K->34208K(108544K)] 303826K->245978K(686080K), 0.0074424 secs] [Times: user=0.04 sys=0.00, real=0.00 secs] 
492.029: [GC (Allocation Failure) [PSYoungGen: 92064K->1360K(104960K)] 303834K->213130K(682496K), 0.0030493 secs] [Times: user=0.01 sys=0.00, real=0.00 secs] 
493.257: [GC (Allocation Failure) [PSYoungGen: 59056K->5552K(63488K)] 270827K->217322K(641024K), 0.0018861 secs] [Times: user=0.01 sys=0.00, real=0.00 secs] 
493.622: [GC (Allocation Failure) [PSYoungGen: 63408K->17824K(102912K)] 275178K->229594K(680448K), 0.0026392 secs] [Times: user=0.01 sys=0.00, real=0.01 secs] 
494.002: [GC (Allocation Failure) [PSYoungGen: 75680K->34208K(106496K)] 287450K->245978K(684032K), 0.0057132 secs] [Times: user=0.03 sys=0.00, real=0.01 secs] 
494.436: [GC (Allocation Failure) [PSYoungGen: 92064K->34208K(107008K)] 303834K->245978K(684544K), 0.0051035 secs] [Times: user=0.02 sys=0.00, real=0.00 secs] 
494.972: [GC (Allocation Failure) [PSYoungGen: 89504K->1408K(109568K)] 301274K->213178K(687104K), 0.0033930 secs] [Times: user=0.01 sys=0.00, real=0.01 secs] 
496.370: [GC (Allocation Failure) [PSYoungGen: 56704K->1600K(108544K)] 268474K->213370K(686080K), 0.0017676 secs] [Times: user=0.01 sys=0.00, real=0.00 secs] 
496.924: [GC (Allocation Failure) [PSYoungGen: 56896K->9600K(65024K)] 268666K->221370K(642560K), 0.0038840 secs] [Times: user=0.01 sys=0.00, real=0.00 secs] 
497.317: [GC (Allocation Failure) [PSYoungGen: 64896K->17792K(100352K)] 276666K->229562K(677888K), 0.0039167 secs] [Times: user=0.01 sys=0.00, real=0.00 secs] 
497.512: [GC (Allocation Failure) [PSYoungGen: 73088K->34208K(103424K)] 284858K->245986K(680960K), 0.0039357 secs] [Times: user=0.01 sys=0.01, real=0.01 secs] 
497.737: [GC (Allocation Failure) [PSYoungGen: 89504K->34176K(111104K)] 301282K->245962K(688640K), 0.0035381 secs] [Times: user=0.02 sys=0.00, real=0.00 secs] 
497.985: [GC (Allocation Failure) [PSYoungGen: 93568K->1392K(113664K)] 305354K->213178K(691200K), 0.0017891 secs] [Times: user=0.01 sys=0.00, real=0.00 secs] 
498.858: [GC (Allocation Failure) [PSYoungGen: 60784K->5568K(103936K)] 272570K->217354K(681472K), 0.0017762 secs] [Times: user=0.01 sys=0.00, real=0.00 secs] 
499.053: [GC (Allocation Failure) [PSYoungGen: 64960K->17792K(112128K)] 276746K->229594K(689664K), 0.0023527 secs] [Times: user=0.01 sys=0.00, real=0.01 secs] 
499.232: [GC (Allocation Failure) [PSYoungGen: 77184K->34208K(111616K)] 288986K->246010K(689152K), 0.0029629 secs] [Times: user=0.01 sys=0.00, real=0.01 secs] 
499.492: [GC (Allocation Failure) [PSYoungGen: 96672K->34176K(115200K)] 308474K->245978K(692736K), 0.0031091 secs] [Times: user=0.02 sys=0.00, real=0.01 secs] 
499.751: [GC (Allocation Failure) [PSYoungGen: 96640K->1424K(123904K)] 308442K->213250K(701440K), 0.0016032 secs] [Times: user=0.00 sys=0.00, real=0.00 secs] 
500.840: [GC (Allocation Failure) [PSYoungGen: 71056K->5536K(74752K)] 282882K->217362K(652288K), 0.0020138 secs] [Times: user=0.01 sys=0.00, real=0.00 secs] 
501.361: [GC (Allocation Failure) [PSYoungGen: 74656K->17856K(115200K)] 286482K->229682K(692736K), 0.0031074 secs] [Times: user=0.01 sys=0.00, real=0.01 secs] 
501.855: [GC (Allocation Failure) [PSYoungGen: 86464K->34208K(118272K)] 298290K->246034K(695808K), 0.0050695 secs] [Times: user=0.03 sys=0.00, real=0.00 secs] 
502.532: [GC (Allocation Failure) [PSYoungGen: 102304K->34208K(119296K)] 314130K->246034K(696832K), 0.0056753 secs] [Times: user=0.03 sys=0.00, real=0.01 secs] 
503.256: [GC (Allocation Failure) [PSYoungGen: 100256K->1440K(67072K)] 312082K->213266K(644608K), 0.0024492 secs] [Times: user=0.01 sys=0.00, real=0.00 secs] 
504.652: [GC (Allocation Failure) [PSYoungGen: 66976K->9696K(114688K)] 278802K->221530K(692224K), 0.0024357 secs] [Times: user=0.01 sys=0.00, real=0.01 secs] 
505.386: [GC (Allocation Failure) [PSYoungGen: 74720K->17824K(82432K)] 286554K->229658K(659968K), 0.0051387 secs] [Times: user=0.03 sys=0.00, real=0.00 secs] 
505.807: [GC (Allocation Failure) [PSYoungGen: 82336K->34208K(111616K)] 294170K->246042K(689152K), 0.0046863 secs] [Times: user=0.02 sys=0.00, real=0.00 secs] 
506.522: [GC (Allocation Failure) [PSYoungGen: 96160K->34176K(113664K)] 307994K->246010K(691200K), 0.0068693 secs] [Times: user=0.03 sys=0.01, real=0.01 secs] 
507.008: [GC (Allocation Failure) [PSYoungGen: 95616K->1440K(115200K)] 307450K->213274K(692736K), 0.0021869 secs] [Times: user=0.01 sys=0.00, real=0.00 secs] 
508.132: [GC (Allocation Failure) [PSYoungGen: 62368K->9600K(70144K)] 274202K->221458K(647680K), 0.0019215 secs] [Times: user=0.01 sys=0.00, real=0.00 secs] 
508.349: [GC (Allocation Failure) [PSYoungGen: 70016K->17792K(104960K)] 281874K->229650K(682496K), 0.0025127 secs] [Times: user=0.01 sys=0.00, real=0.00 secs] 
508.529: [GC (Allocation Failure) [PSYoungGen: 77696K->34176K(109056K)] 289554K->246034K(686592K), 0.0048808 secs] [Times: user=0.02 sys=0.00, real=0.01 secs] 
508.795: [GC (Allocation Failure) [PSYoungGen: 94080K->34208K(117248K)] 305938K->246066K(694784K), 0.0031973 secs] [Times: user=0.02 sys=0.00, real=0.00 secs] 
509.388: [GC (Allocation Failure) [PSYoungGen: 99232K->1408K(119296K)] 311090K->213274K(696832K), 0.0024319 secs] [Times: user=0.00 sys=0.00, real=0.00 secs] 
510.889: [GC (Allocation Failure) [PSYoungGen: 66432K->9664K(107008K)] 278298K->221538K(684544K), 0.0021941 secs] [Times: user=0.00 sys=0.00, real=0.00 secs] 
511.760: [GC (Allocation Failure) [PSYoungGen: 74176K->17824K(81920K)] 286050K->229698K(659456K), 0.0039575 secs] [Times: user=0.01 sys=0.00, real=0.01 secs] 
512.376: [GC (Allocation Failure) [PSYoungGen: 81824K->34176K(110592K)] 293698K->246050K(688128K), 0.0036225 secs] [Times: user=0.01 sys=0.00, real=0.00 secs] 
513.195: [GC (Allocation Failure) [PSYoungGen: 95616K->34208K(112640K)] 307490K->246082K(690176K), 0.0089125 secs] [Times: user=0.04 sys=0.00, real=0.01 secs] 
513.915: [GC (Allocation Failure) [PSYoungGen: 95136K->1440K(114176K)] 307010K->213322K(691712K), 0.0034207 secs] [Times: user=0.01 sys=0.01, real=0.00 secs] 
514.941: [GC (Allocation Failure) [PSYoungGen: 61856K->9632K(69632K)] 273738K->221522K(647168K), 0.0020108 secs] [Times: user=0.01 sys=0.00, real=0.00 secs] 
515.166: [GC (Allocation Failure) [PSYoungGen: 69536K->17824K(105984K)] 281426K->229714K(683520K), 0.0023897 secs] [Times: user=0.01 sys=0.00, real=0.00 secs] 
515.357: [GC (Allocation Failure) [PSYoungGen: 77728K->34208K(109056K)] 289618K->246098K(686592K), 0.0033837 secs] [Times: user=0.01 sys=0.00, real=0.00 secs] 
515.657: [GC (Allocation Failure) [PSYoungGen: 94112K->34208K(115712K)] 306002K->246098K(693248K), 0.0033340 secs] [Times: user=0.01 sys=0.00, real=0.00 secs] 
516.002: [GC (Allocation Failure) [PSYoungGen: 98208K->1408K(65024K)] 310098K->213298K(642560K), 0.0018100 secs] [Times: user=0.00 sys=0.00, real=0.01 secs] 
517.038: [GC (Allocation Failure) [PSYoungGen: 61573K->5520K(114688K)] 273464K->217410K(692224K), 0.0017879 secs] [Times: user=0.01 sys=0.00, real=0.00 secs] 
517.480: [GC (Allocation Failure) [PSYoungGen: 68496K->17824K(80384K)] 280386K->229714K(657920K), 0.0024448 secs] [Times: user=0.01 sys=0.00, real=0.00 secs] 
518.034: [GC (Allocation Failure) [PSYoungGen: 80288K->34208K(109568K)] 292178K->246098K(687104K), 0.0042428 secs] [Times: user=0.02 sys=0.00, real=0.00 secs] 
518.793: [GC (Allocation Failure) [PSYoungGen: 94112K->34176K(112128K)] 306002K->246066K(689664K), 0.0056854 secs] [Times: user=0.02 sys=0.00, real=0.01 secs] 
519.359: [GC (Allocation Failure) [PSYoungGen: 94080K->1440K(114688K)] 305970K->213330K(692224K), 0.0023762 secs] [Times: user=0.01 sys=0.00, real=0.00 secs] 
520.520: [GC (Allocation Failure) [PSYoungGen: 61344K->5536K(65536K)] 273234K->217450K(643072K), 0.0018064 secs] [Times: user=0.00 sys=0.00, real=0.00 secs] 
520.957: [GC (Allocation Failure) [PSYoungGen: 65440K->17824K(105984K)] 277354K->229738K(683520K), 0.0022261 secs] [Times: user=0.01 sys=0.00, real=0.00 secs] 
521.372: [GC (Allocation Failure) [PSYoungGen: 62118K->17808K(77824K)] 274033K->229722K(655360K), 0.0041742 secs] [Times: user=0.01 sys=0.00, real=0.01 secs] 
521.768: [GC (Allocation Failure) [PSYoungGen: 77712K->34208K(102912K)] 289626K->246138K(680448K), 0.0053481 secs] [Times: user=0.03 sys=0.01, real=0.00 secs] 
522.001: [GC (Allocation Failure) [PSYoungGen: 90528K->34144K(106496K)] 302458K->246074K(684032K), 0.0035608 secs] [Times: user=0.02 sys=0.00, real=0.01 secs] 
522.237: [GC (Allocation Failure) [PSYoungGen: 90464K->1408K(114176K)] 302394K->213338K(691712K), 0.0025275 secs] [Times: user=0.01 sys=0.00, real=0.00 secs] 
523.533: [GC (Allocation Failure) [PSYoungGen: 63360K->9632K(71168K)] 275290K->221562K(648704K), 0.0018800 secs] [Times: user=0.01 sys=0.00, real=0.01 secs] 
523.759: [GC (Allocation Failure) [PSYoungGen: 71072K->17792K(104960K)] 283002K->229722K(682496K), 0.0026002 secs] [Times: user=0.01 sys=0.00, real=0.00 secs] 
523.950: [GC (Allocation Failure) [PSYoungGen: 78720K->34160K(108544K)] 290650K->246090K(686080K), 0.0033889 secs] [Times: user=0.02 sys=0.00, real=0.00 secs] 
524.516: [GC (Allocation Failure) [PSYoungGen: 95088K->34208K(116736K)] 307018K->246146K(694272K), 0.0040706 secs] [Times: user=0.02 sys=0.00, real=0.00 secs] 
525.251: [GC (Allocation Failure) [PSYoungGen: 100256K->1424K(118272K)] 312194K->213362K(695808K), 0.0020437 secs] [Times: user=0.01 sys=0.00, real=0.00 secs] 
526.270: [GC (Allocation Failure) [PSYoungGen: 66960K->9632K(113664K)] 278898K->221570K(691200K), 0.0017675 secs] [Times: user=0.01 sys=0.00, real=0.00 secs] 
526.507: [GC (Allocation Failure) [PSYoungGen: 74656K->17792K(82432K)] 286594K->229730K(659968K), 0.0021868 secs] [Times: user=0.00 sys=0.00, real=0.00 secs] 
526.707: [GC (Allocation Failure) [PSYoungGen: 82304K->34176K(109568K)] 294242K->246114K(687104K), 0.0031688 secs] [Times: user=0.02 sys=0.00, real=0.00 secs] 
526.963: [GC (Allocation Failure) [PSYoungGen: 95616K->34176K(112640K)] 307554K->246114K(690176K), 0.0029634 secs] [Times: user=0.02 sys=0.01, real=0.01 secs] 
527.239: [GC (Allocation Failure) [PSYoungGen: 95616K->1440K(121344K)] 307554K->213378K(698880K), 0.0015936 secs] [Times: user=0.01 sys=0.00, real=0.00 secs] 
529.178: [GC (Allocation Failure) [PSYoungGen: 69536K->9664K(77312K)] 281474K->221602K(654848K), 0.0032138 secs] [Times: user=0.02 sys=0.00, real=0.00 secs] 
529.764: [GC (Allocation Failure) [PSYoungGen: 77248K->17824K(112128K)] 289186K->229762K(689664K), 0.0054023 secs] [Times: user=0.03 sys=0.00, real=0.00 secs] 
530.200: [GC (Allocation Failure) [PSYoungGen: 84896K->34208K(115200K)] 296834K->246146K(692736K), 0.0042192 secs] [Times: user=0.02 sys=0.00, real=0.01 secs] 
530.479: [GC (Allocation Failure) [PSYoungGen: 100768K->1376K(116736K)] 312706K->213314K(694272K), 0.0017776 secs] [Times: user=0.01 sys=0.00, real=0.00 secs] 
531.456: [GC (Allocation Failure) [PSYoungGen: 67424K->1952K(67584K)] 279362K->213890K(645120K), 0.0015806 secs] [Times: user=0.01 sys=0.00, real=0.00 secs] 
531.663: [GC (Allocation Failure) [PSYoungGen: 67488K->17792K(110080K)] 279426K->229746K(687616K), 0.0018950 secs] [Times: user=0.01 sys=0.00, real=0.01 secs] 
531.937: [GC (Allocation Failure) [PSYoungGen: 71098K->17776K(82432K)] 283053K->229730K(659968K), 0.0021840 secs] [Times: user=0.00 sys=0.00, real=0.00 secs] 
532.175: [GC (Allocation Failure) [PSYoungGen: 82288K->34208K(105472K)] 294242K->246162K(683008K), 0.0033305 secs] [Times: user=0.02 sys=0.01, real=0.00 secs] 
532.428: [GC (Allocation Failure) [PSYoungGen: 94624K->1440K(61440K)] 306578K->213394K(638976K), 0.0022513 secs] [Times: user=0.00 sys=0.00, real=0.00 secs] 
532.784: [GC (Allocation Failure) [PSYoungGen: 61344K->1408K(107520K)] 273298K->213362K(685056K), 0.0024900 secs] [Times: user=0.01 sys=0.00, real=0.00 secs] 
534.574: [GC (Allocation Failure) [PSYoungGen: 61312K->9664K(69632K)] 273266K->221618K(647168K), 0.0048209 secs] [Times: user=0.01 sys=0.00, real=0.00 secs] 
535.332: [GC (Allocation Failure) [PSYoungGen: 69568K->17824K(101888K)] 281522K->229778K(679424K), 0.0035061 secs] [Times: user=0.01 sys=0.00, real=0.01 secs] 
535.722: [GC (Allocation Failure) [PSYoungGen: 77728K->34208K(103936K)] 289682K->246162K(681472K), 0.0036811 secs] [Times: user=0.02 sys=0.00, real=0.01 secs] 
536.044: [GC (Allocation Failure) [PSYoungGen: 94112K->34176K(104448K)] 306066K->246138K(681984K), 0.0043861 secs] [Times: user=0.02 sys=0.00, real=0.00 secs] 
536.275: [GC (Allocation Failure) [PSYoungGen: 90496K->1408K(57856K)] 302458K->213370K(635392K), 0.0018436 secs] [Times: user=0.01 sys=0.00, real=0.00 secs] 
537.570: [GC (Allocation Failure) [PSYoungGen: 56068K->5584K(104448K)] 268031K->217554K(681984K), 0.0029276 secs] [Times: user=0.02 sys=0.00, real=0.00 secs] 
537.980: [GC (Allocation Failure) [PSYoungGen: 61904K->17792K(74240K)] 273874K->229762K(651776K), 0.0033388 secs] [Times: user=0.02 sys=0.00, real=0.00 secs] 
538.412: [GC (Allocation Failure) [PSYoungGen: 74112K->34208K(99840K)] 286082K->246178K(677376K), 0.0047503 secs] [Times: user=0.02 sys=0.00, real=0.01 secs] 
538.900: [GC (Allocation Failure) [PSYoungGen: 86944K->34208K(103424K)] 298914K->246178K(680960K), 0.0046990 secs] [Times: user=0.02 sys=0.00, real=0.01 secs] 
539.343: [GC (Allocation Failure) [PSYoungGen: 86944K->34176K(104448K)] 298914K->246146K(681984K), 0.0066864 secs] [Times: user=0.02 sys=0.00, real=0.01 secs] 
539.840: [GC (Allocation Failure) [PSYoungGen: 84864K->1408K(52224K)] 296834K->213378K(629760K), 0.0025743 secs] [Times: user=0.01 sys=0.00, real=0.00 secs] 
540.852: [GC (Allocation Failure) [PSYoungGen: 52096K->9664K(101888K)] 264066K->221634K(679424K), 0.0019070 secs] [Times: user=0.01 sys=0.00, real=0.01 secs] 
541.029: [GC (Allocation Failure) [PSYoungGen: 60352K->17824K(68608K)] 272322K->229794K(646144K), 0.0022328 secs] [Times: user=0.01 sys=0.00, real=0.00 secs] 
541.211: [GC (Allocation Failure) [PSYoungGen: 56319K->17808K(102912K)] 268289K->229778K(680448K), 0.0022331 secs] [Times: user=0.01 sys=0.00, real=0.00 secs] 
541.373: [GC (Allocation Failure) [PSYoungGen: 72080K->34192K(100864K)] 284050K->246186K(678400K), 0.0034138 secs] [Times: user=0.01 sys=0.00, real=0.01 secs] 
541.604: [GC (Allocation Failure) [PSYoungGen: 88464K->34208K(109056K)] 300458K->246202K(686592K), 0.0031420 secs] [Times: user=0.01 sys=0.00, real=0.00 secs] 
541.850: [GC (Allocation Failure) [PSYoungGen: 93088K->1408K(111104K)] 305082K->213410K(688640K), 0.0016979 secs] [Times: user=0.01 sys=0.00, real=0.00 secs] 
542.985: [GC (Allocation Failure) [PSYoungGen: 60288K->9632K(100864K)] 272290K->221642K(678400K), 0.0018524 secs] [Times: user=0.00 sys=0.00, real=0.00 secs] 
543.469: [GC (Allocation Failure) [PSYoungGen: 68512K->17792K(76800K)] 280522K->229802K(654336K), 0.0038646 secs] [Times: user=0.02 sys=0.00, real=0.00 secs] 
543.829: [GC (Allocation Failure) [PSYoungGen: 76672K->34208K(103424K)] 288682K->246218K(680960K), 0.0060442 secs] [Times: user=0.03 sys=0.00, real=0.01 secs] 
544.333: [GC (Allocation Failure) [PSYoungGen: 90016K->34176K(106496K)] 302026K->246186K(684032K), 0.0047504 secs] [Times: user=0.02 sys=0.00, real=0.01 secs] 
544.819: [GC (Allocation Failure) [PSYoungGen: 89984K->1408K(103424K)] 301994K->213434K(680960K), 0.0023495 secs] [Times: user=0.01 sys=0.00, real=0.00 secs] 
546.088: [GC (Allocation Failure) [PSYoungGen: 57080K->2480K(58368K)] 269107K->214506K(635904K), 0.0015322 secs] [Times: user=0.01 sys=0.00, real=0.00 secs] 
546.338: [GC (Allocation Failure) [PSYoungGen: 57275K->9616K(104448K)] 269302K->221642K(681984K), 0.0026779 secs] [Times: user=0.01 sys=0.00, real=0.00 secs] 
546.535: [GC (Allocation Failure) [PSYoungGen: 65424K->17824K(106496K)] 277450K->229850K(684032K), 0.0026033 secs] [Times: user=0.01 sys=0.00, real=0.00 secs] 
546.707: [GC (Allocation Failure) [PSYoungGen: 73632K->34176K(106496K)] 285658K->246202K(684032K), 0.0036874 secs] [Times: user=0.02 sys=0.00, real=0.00 secs] 
546.964: [GC (Allocation Failure) [PSYoungGen: 93056K->34208K(109568K)] 305082K->246234K(687104K), 0.0032778 secs] [Times: user=0.02 sys=0.00, real=0.00 secs] 
547.216: [GC (Allocation Failure) [PSYoungGen: 93088K->1408K(117760K)] 305114K->213450K(695296K), 0.0017474 secs] [Times: user=0.00 sys=0.00, real=0.00 secs] 
548.572: [GC (Allocation Failure) [PSYoungGen: 66944K->9664K(74752K)] 278986K->221706K(652288K), 0.0024748 secs] [Times: user=0.01 sys=0.00, real=0.01 secs] 
549.483: [GC (Allocation Failure) [PSYoungGen: 74688K->17824K(109056K)] 286730K->229866K(686592K), 0.0057309 secs] [Times: user=0.02 sys=0.00, real=0.01 secs] 
549.841: [GC (Allocation Failure) [PSYoungGen: 82336K->34208K(112640K)] 294378K->246250K(690176K), 0.0046907 secs] [Times: user=0.03 sys=0.01, real=0.01 secs] 
550.286: [GC (Allocation Failure) [PSYoungGen: 98720K->34208K(120320K)] 310762K->246274K(697856K), 0.0066098 secs] [Times: user=0.03 sys=0.00, real=0.00 secs] 
550.808: [GC (Allocation Failure) [PSYoungGen: 103328K->1408K(122880K)] 315394K->213474K(700416K), 0.0023215 secs] [Times: user=0.01 sys=0.00, real=0.00 secs] 
553.082: [GC (Allocation Failure) [PSYoungGen: 70528K->9664K(110592K)] 282594K->221730K(688128K), 0.0028178 secs] [Times: user=0.01 sys=0.00, real=0.01 secs] 
553.356: [GC (Allocation Failure) [PSYoungGen: 72712K->17808K(86016K)] 284779K->229874K(663552K), 0.0023167 secs] [Times: user=0.01 sys=0.00, real=0.00 secs] 
553.576: [GC (Allocation Failure) [PSYoungGen: 85904K->34176K(113152K)] 297970K->246242K(690688K), 0.0034018 secs] [Times: user=0.01 sys=0.00, real=0.00 secs] 
553.934: [GC (Allocation Failure) [PSYoungGen: 99200K->1376K(66048K)] 311266K->213442K(643584K), 0.0016477 secs] [Times: user=0.00 sys=0.00, real=0.00 secs] 
555.257: [GC (Allocation Failure) [PSYoungGen: 65729K->2480K(113664K)] 277796K->214546K(691200K), 0.0016053 secs] [Times: user=0.01 sys=0.00, real=0.00 secs] 
555.663: [GC (Allocation Failure) [PSYoungGen: 66480K->17824K(81408K)] 278546K->229890K(658944K), 0.0040638 secs] [Times: user=0.02 sys=0.00, real=0.01 secs] 
555.884: [GC (Allocation Failure) [PSYoungGen: 72085K->17808K(104960K)] 284152K->229874K(682496K), 0.0026378 secs] [Times: user=0.01 sys=0.00, real=0.00 secs] 
556.160: [GC (Allocation Failure) [PSYoungGen: 80784K->34176K(108032K)] 292850K->246242K(685568K), 0.0039273 secs] [Times: user=0.02 sys=0.00, real=0.01 secs] 
556.531: [GC (Allocation Failure) [PSYoungGen: 97152K->1376K(102912K)] 309218K->213442K(680448K), 0.0020704 secs] [Times: user=0.00 sys=0.00, real=0.00 secs] 
557.644: [GC (Allocation Failure) [PSYoungGen: 63335K->224K(62464K)] 275402K->212290K(640000K), 0.0013756 secs] [Times: user=0.00 sys=0.00, real=0.00 secs] 
558.179: [GC (Allocation Failure) [PSYoungGen: 62176K->9632K(104960K)] 274242K->221698K(682496K), 0.0021043 secs] [Times: user=0.01 sys=0.00, real=0.00 secs] 
558.401: [GC (Allocation Failure) [PSYoungGen: 71072K->17792K(78848K)] 283138K->229858K(656384K), 0.0028489 secs] [Times: user=0.01 sys=0.00, real=0.00 secs] 
558.588: [GC (Allocation Failure) [PSYoungGen: 78720K->34208K(100864K)] 290786K->246274K(678400K), 0.0046371 secs] [Times: user=0.03 sys=0.00, real=0.00 secs] 
558.829: [GC (Allocation Failure) [PSYoungGen: 91040K->34144K(104960K)] 303106K->246226K(682496K), 0.0045757 secs] [Times: user=0.02 sys=0.01, real=0.00 secs] 
559.067: [GC (Allocation Failure) [PSYoungGen: 90976K->1392K(114688K)] 303058K->213474K(692224K), 0.0018372 secs] [Times: user=0.00 sys=0.00, real=0.00 secs] 
560.075: [GC (Allocation Failure) [PSYoungGen: 65392K->9632K(115200K)] 277474K->221714K(692736K), 0.0018959 secs] [Times: user=0.01 sys=0.00, real=0.00 secs] 
560.545: [GC (Allocation Failure) [PSYoungGen: 73632K->17824K(99840K)] 285714K->229906K(677376K), 0.0025799 secs] [Times: user=0.01 sys=0.00, real=0.00 secs] 
560.951: [GC (Allocation Failure) [PSYoungGen: 81312K->34176K(110080K)] 293394K->246258K(687616K), 0.0046095 secs] [Times: user=0.02 sys=0.00, real=0.01 secs] 
561.429: [GC (Allocation Failure) [PSYoungGen: 97664K->34176K(117760K)] 309746K->246258K(695296K), 0.0050558 secs] [Times: user=0.03 sys=0.00, real=0.01 secs] 
561.723: [GC (Allocation Failure) [PSYoungGen: 101760K->1376K(120320K)] 313842K->213458K(697856K), 0.0021702 secs] [Times: user=0.00 sys=0.00, real=0.01 secs] 
563.349: [GC (Allocation Failure) [PSYoungGen: 68960K->9664K(108032K)] 281042K->221754K(685568K), 0.0023019 secs] [Times: user=0.01 sys=0.00, real=0.00 secs] 
564.091: [GC (Allocation Failure) [PSYoungGen: 76736K->17808K(84480K)] 288826K->229898K(662016K), 0.0057990 secs] [Times: user=0.02 sys=0.00, real=0.01 secs] 
564.565: [GC (Allocation Failure) [PSYoungGen: 84368K->34208K(111104K)] 296458K->246298K(688640K), 0.0057314 secs] [Times: user=0.03 sys=0.00, real=0.00 secs] 
565.083: [GC (Allocation Failure) [PSYoungGen: 97696K->1424K(64512K)] 309786K->213514K(642048K), 0.0024460 secs] [Times: user=0.01 sys=0.00, real=0.01 secs] 
566.581: [GC (Allocation Failure) [PSYoungGen: 64400K->1680K(111616K)] 276490K->213770K(689152K), 0.0016074 secs] [Times: user=0.00 sys=0.00, real=0.00 secs] 
567.169: [GC (Allocation Failure) [PSYoungGen: 61611K->9648K(71680K)] 273702K->221738K(649216K), 0.0018361 secs] [Times: user=0.01 sys=0.00, real=0.00 secs] 
567.803: [GC (Allocation Failure) [PSYoungGen: 71600K->17792K(104448K)] 283690K->229882K(681984K), 0.0054438 secs] [Times: user=0.03 sys=0.00, real=0.01 secs] 
568.273: [GC (Allocation Failure) [PSYoungGen: 79232K->34208K(106496K)] 291322K->246306K(684032K), 0.0061852 secs] [Times: user=0.03 sys=0.00, real=0.01 secs] 
568.881: [GC (Allocation Failure) [PSYoungGen: 95136K->34208K(106496K)] 307234K->246306K(684032K), 0.0071577 secs] [Times: user=0.04 sys=0.00, real=0.01 secs] 
569.470: [GC (Allocation Failure) [PSYoungGen: 91552K->1376K(58880K)] 303650K->213474K(636416K), 0.0021604 secs] [Times: user=0.01 sys=0.00, real=0.00 secs] 
570.658: [GC (Allocation Failure) [PSYoungGen: 58720K->9664K(104448K)] 270818K->221762K(681984K), 0.0020232 secs] [Times: user=0.01 sys=0.00, real=0.00 secs] 
570.914: [GC (Allocation Failure) [PSYoungGen: 67008K->17792K(75264K)] 279106K->229890K(652800K), 0.0026331 secs] [Times: user=0.01 sys=0.00, real=0.00 secs] 
571.164: [GC (Allocation Failure) [PSYoungGen: 75136K->34208K(100864K)] 287234K->246306K(678400K), 0.0035438 secs] [Times: user=0.01 sys=0.00, real=0.00 secs] 
571.631: [GC (Allocation Failure) [PSYoungGen: 87968K->34208K(104448K)] 300066K->246306K(681984K), 0.0037827 secs] [Times: user=0.02 sys=0.00, real=0.01 secs] 
572.174: [GC (Allocation Failure) [PSYoungGen: 87968K->1344K(107008K)] 300066K->213442K(684544K), 0.0023273 secs] [Times: user=0.01 sys=0.00, real=0.00 secs] 
573.870: [GC (Allocation Failure) [PSYoungGen: 55104K->2480K(56320K)] 267202K->214594K(633856K), 0.0023405 secs] [Times: user=0.01 sys=0.00, real=0.00 secs] 
574.999: [GC (Allocation Failure) [PSYoungGen: 56240K->9632K(100864K)] 268354K->221746K(678400K), 0.0033141 secs] [Times: user=0.01 sys=0.00, real=0.00 secs] 
575.458: [GC (Allocation Failure) [PSYoungGen: 63392K->17824K(71680K)] 275506K->229938K(649216K), 0.0043479 secs] [Times: user=0.02 sys=0.00, real=0.00 secs] 
575.779: [GC (Allocation Failure) [PSYoungGen: 71584K->34208K(97280K)] 283698K->246322K(674816K), 0.0050465 secs] [Times: user=0.02 sys=0.00, real=0.01 secs] 
576.022: [GC (Allocation Failure) [PSYoungGen: 84384K->34208K(100864K)] 296498K->246322K(678400K), 0.0033609 secs] [Times: user=0.02 sys=0.00, real=0.01 secs] 
576.277: [GC (Allocation Failure) [PSYoungGen: 84384K->1392K(108544K)] 296498K->213506K(686080K), 0.0018391 secs] [Times: user=0.01 sys=0.00, real=0.00 secs] 
577.828: [GC (Allocation Failure) [PSYoungGen: 57200K->2464K(58368K)] 269314K->214586K(635904K), 0.0023149 secs] [Times: user=0.01 sys=0.00, real=0.00 secs] 
578.677: [GC (Allocation Failure) [PSYoungGen: 55440K->9616K(102912K)] 267563K->221738K(680448K), 0.0025476 secs] [Times: user=0.01 sys=0.00, real=0.00 secs] 
579.087: [GC (Allocation Failure) [PSYoungGen: 65424K->17824K(73728K)] 277546K->229946K(651264K), 0.0030882 secs] [Times: user=0.01 sys=0.00, real=0.00 secs] 
579.630: [GC (Allocation Failure) [PSYoungGen: 73632K->34176K(98816K)] 285754K->246298K(676352K), 0.0047514 secs] [Times: user=0.03 sys=0.00, real=0.01 secs] 
580.246: [GC (Allocation Failure) [PSYoungGen: 85888K->34176K(102912K)] 298010K->246306K(680448K), 0.0053940 secs] [Times: user=0.03 sys=0.00, real=0.00 secs] 
580.741: [GC (Allocation Failure) [PSYoungGen: 85888K->1408K(104448K)] 298018K->213538K(681984K), 0.0023967 secs] [Times: user=0.00 sys=0.00, real=0.00 secs] 
583.413: [GC (Allocation Failure) [PSYoungGen: 53120K->2480K(54272K)] 265250K->214610K(631808K), 0.0034793 secs] [Times: user=0.01 sys=0.00, real=0.01 secs] 
583.772: [GC (Allocation Failure) [PSYoungGen: 50961K->9648K(98816K)] 263092K->221778K(676352K), 0.0030619 secs] [Times: user=0.01 sys=0.00, real=0.01 secs] 
584.197: [GC (Allocation Failure) [PSYoungGen: 61360K->17824K(69632K)] 273490K->229954K(647168K), 0.0043628 secs] [Times: user=0.02 sys=0.00, real=0.00 secs] 
584.478: [GC (Allocation Failure) [PSYoungGen: 69536K->34176K(95744K)] 281666K->246314K(673280K), 0.0042717 secs] [Times: user=0.02 sys=0.00, real=0.00 secs] 
584.777: [GC (Allocation Failure) [PSYoungGen: 82304K->34208K(99328K)] 294442K->246346K(676864K), 0.0043395 secs] [Times: user=0.02 sys=0.00, real=0.00 secs] 
585.096: [GC (Allocation Failure) [PSYoungGen: 82336K->1376K(106496K)] 294474K->213514K(684032K), 0.0022489 secs] [Times: user=0.01 sys=0.01, real=0.00 secs] 
586.186: [GC (Allocation Failure) [PSYoungGen: 54624K->1536K(55296K)] 266762K->213674K(632832K), 0.0015341 secs] [Times: user=0.01 sys=0.00, real=0.00 secs] 
586.680: [GC (Allocation Failure) [PSYoungGen: 54784K->9632K(100864K)] 266922K->221770K(678400K), 0.0020739 secs] [Times: user=0.00 sys=0.00, real=0.00 secs] 
587.094: [GC (Allocation Failure) [PSYoungGen: 62880K->17824K(71168K)] 275018K->229962K(648704K), 0.0048077 secs] [Times: user=0.02 sys=0.00, real=0.00 secs] 
587.353: [GC (Allocation Failure) [PSYoungGen: 71072K->34208K(97280K)] 283210K->246354K(674816K), 0.0045201 secs] [Times: user=0.03 sys=0.00, real=0.01 secs] 
587.562: [GC (Allocation Failure) [PSYoungGen: 83872K->34208K(100864K)] 296018K->246354K(678400K), 0.0036674 secs] [Times: user=0.01 sys=0.00, real=0.01 secs] 
587.808: [GC (Allocation Failure) [PSYoungGen: 83872K->1408K(109056K)] 296018K->213554K(686592K), 0.0015766 secs] [Times: user=0.00 sys=0.00, real=0.00 secs] 
588.686: [GC (Allocation Failure) [PSYoungGen: 57216K->1984K(57856K)] 269362K->214162K(635392K), 0.0014993 secs] [Times: user=0.01 sys=0.00, real=0.00 secs] 
589.450: [GC (Allocation Failure) [PSYoungGen: 57792K->9632K(103424K)] 269970K->221810K(680960K), 0.0031990 secs] [Times: user=0.02 sys=0.00, real=0.00 secs] 
589.810: [GC (Allocation Failure) [PSYoungGen: 65440K->17760K(105984K)] 277618K->229938K(683520K), 0.0058987 secs] [Times: user=0.02 sys=0.00, real=0.01 secs] 
590.109: [GC (Allocation Failure) [PSYoungGen: 73568K->34144K(105984K)] 285746K->246322K(683520K), 0.0041600 secs] [Times: user=0.02 sys=0.00, real=0.00 secs] 
590.568: [GC (Allocation Failure) [PSYoungGen: 92512K->34176K(109568K)] 304690K->246354K(687104K), 0.0041429 secs] [Times: user=0.02 sys=0.00, real=0.00 secs] 
591.044: [GC (Allocation Failure) [PSYoungGen: 92544K->1408K(104960K)] 304722K->213602K(682496K), 0.0023204 secs] [Times: user=0.01 sys=0.00, real=0.00 secs] 
592.146: [GC (Allocation Failure) [PSYoungGen: 59776K->5568K(64000K)] 271970K->217762K(641536K), 0.0016587 secs] [Times: user=0.01 sys=0.00, real=0.00 secs] 
592.494: [GC (Allocation Failure) [PSYoungGen: 63936K->17824K(104448K)] 276130K->230018K(681984K), 0.0024451 secs] [Times: user=0.01 sys=0.00, real=0.00 secs] 
592.838: [GC (Allocation Failure) [PSYoungGen: 76192K->34208K(107520K)] 288386K->246402K(685056K), 0.0039338 secs] [Times: user=0.01 sys=0.00, real=0.00 secs] 
593.326: [GC (Allocation Failure) [PSYoungGen: 92576K->34176K(108544K)] 304770K->246370K(686080K), 0.0046955 secs] [Times: user=0.02 sys=0.00, real=0.00 secs] 
593.808: [GC (Allocation Failure) [PSYoungGen: 89984K->1440K(57344K)] 302178K->213634K(634880K), 0.0026159 secs] [Times: user=0.01 sys=0.00, real=0.00 secs] 
594.902: [GC (Allocation Failure) [PSYoungGen: 57248K->1664K(108544K)] 269442K->213858K(686080K), 0.0015304 secs] [Times: user=0.01 sys=0.00, real=0.00 secs] 
595.568: [GC (Allocation Failure) [PSYoungGen: 57472K->9568K(65536K)] 269666K->221762K(643072K), 0.0017937 secs] [Times: user=0.01 sys=0.00, real=0.00 secs] 
596.295: [GC (Allocation Failure) [PSYoungGen: 65376K->17824K(101888K)] 277570K->230018K(679424K), 0.0032711 secs] [Times: user=0.02 sys=0.00, real=0.00 secs] 
596.847: [GC (Allocation Failure) [PSYoungGen: 73632K->34208K(104448K)] 285826K->246402K(681984K), 0.0056857 secs] [Times: user=0.02 sys=0.00, real=0.00 secs] 
597.695: [GC (Allocation Failure) [PSYoungGen: 90016K->34176K(105472K)] 302210K->246394K(683008K), 0.0051657 secs] [Times: user=0.03 sys=0.00, real=0.00 secs] 
598.345: [GC (Allocation Failure) [PSYoungGen: 87424K->1408K(54784K)] 299642K->213626K(632320K), 0.0037411 secs] [Times: user=0.01 sys=0.01, real=0.00 secs] 
600.247: [GC (Allocation Failure) [PSYoungGen: 53528K->3504K(104448K)] 265747K->215722K(681984K), 0.0024960 secs] [Times: user=0.01 sys=0.00, real=0.00 secs] 
600.809: [GC (Allocation Failure) [PSYoungGen: 50867K->9616K(62976K)] 263086K->221834K(640512K), 0.0048469 secs] [Times: user=0.01 sys=0.00, real=0.01 secs] 
601.524: [GC (Allocation Failure) [PSYoungGen: 62864K->17824K(98304K)] 275082K->230042K(675840K), 0.0053262 secs] [Times: user=0.02 sys=0.01, real=0.00 secs] 
602.154: [GC (Allocation Failure) [PSYoungGen: 71072K->34208K(100864K)] 283290K->246426K(678400K), 0.0086760 secs] [Times: user=0.04 sys=0.00, real=0.00 secs] 
602.852: [GC (Allocation Failure) [PSYoungGen: 87456K->34176K(102400K)] 299674K->246394K(679936K), 0.0049147 secs] [Times: user=0.02 sys=0.00, real=0.01 secs] 
603.480: [GC (Allocation Failure) [PSYoungGen: 84864K->1440K(52224K)] 297082K->213658K(629760K), 0.0034304 secs] [Times: user=0.02 sys=0.00, real=0.01 secs] 
604.784: [GC (Allocation Failure) [PSYoungGen: 51615K->1952K(102400K)] 263834K->214178K(679936K), 0.0015909 secs] [Times: user=0.00 sys=0.00, real=0.00 secs] 
605.001: [GC (Allocation Failure) [PSYoungGen: 52640K->9568K(60416K)] 264866K->221794K(637952K), 0.0019324 secs] [Times: user=0.01 sys=0.00, real=0.00 secs] 
605.196: [GC (Allocation Failure) [PSYoungGen: 60256K->17824K(95744K)] 272482K->230050K(673280K), 0.0023163 secs] [Times: user=0.01 sys=0.00, real=0.00 secs] 
605.452: [GC (Allocation Failure) [PSYoungGen: 68512K->34192K(98304K)] 280738K->246418K(675840K), 0.0029405 secs] [Times: user=0.01 sys=0.00, real=0.01 secs] 
605.861: [GC (Allocation Failure) [PSYoungGen: 84880K->34208K(98816K)] 297106K->246434K(676352K), 0.0032611 secs] [Times: user=0.01 sys=0.00, real=0.01 secs] 
606.231: [GC (Allocation Failure) [PSYoungGen: 81824K->1392K(49152K)] 294050K->213618K(626688K), 0.0015690 secs] [Times: user=0.00 sys=0.00, real=0.00 secs] 
606.630: [GC (Allocation Failure) [PSYoungGen: 49008K->1408K(99328K)] 261234K->213634K(676864K), 0.0017781 secs] [Times: user=0.00 sys=0.00, real=0.00 secs] 
607.691: [GC (Allocation Failure) [PSYoungGen: 49024K->9664K(57344K)] 261250K->221898K(634880K), 0.0019478 secs] [Times: user=0.01 sys=0.00, real=0.00 secs] 
608.014: [GC (Allocation Failure) [PSYoungGen: 57280K->17792K(92672K)] 269514K->230026K(670208K), 0.0027695 secs] [Times: user=0.01 sys=0.00, real=0.00 secs] 
608.472: [GC (Allocation Failure) [PSYoungGen: 56817K->17808K(65536K)] 269052K->230050K(643072K), 0.0041245 secs] [Times: user=0.01 sys=0.00, real=0.01 secs] 
608.897: [GC (Allocation Failure) [PSYoungGen: 65424K->34176K(89600K)] 277666K->246418K(667136K), 0.0052676 secs] [Times: user=0.02 sys=0.00, real=0.00 secs] 
609.466: [GC (Allocation Failure) [PSYoungGen: 78208K->34176K(93184K)] 290450K->246418K(670720K), 0.0077250 secs] [Times: user=0.04 sys=0.00, real=0.01 secs] 
610.023: [GC (Allocation Failure) [PSYoungGen: 78208K->1440K(91136K)] 290450K->213682K(668672K), 0.0035328 secs] [Times: user=0.01 sys=0.00, real=0.01 secs] 
610.611: [GC (Allocation Failure) [PSYoungGen: 45472K->1424K(45568K)] 257714K->213690K(623104K), 0.0034025 secs] [Times: user=0.01 sys=0.00, real=0.01 secs] 
612.153: [GC (Allocation Failure) [PSYoungGen: 42286K->5552K(92160K)] 254553K->217818K(669696K), 0.0032786 secs] [Times: user=0.01 sys=0.00, real=0.01 secs] 
612.485: [GC (Allocation Failure) [PSYoungGen: 49584K->17792K(61952K)] 261850K->230066K(639488K), 0.0050718 secs] [Times: user=0.02 sys=0.00, real=0.00 secs] 
612.796: [GC (Allocation Failure) [PSYoungGen: 61824K->17792K(87040K)] 274098K->230066K(664576K), 0.0031816 secs] [Times: user=0.01 sys=0.01, real=0.00 secs] 
612.905: [GC (Allocation Failure) [PSYoungGen: 61824K->34240K(89088K)] 274098K->246514K(666624K), 0.0036891 secs] [Times: user=0.02 sys=0.00, real=0.00 secs] 
613.229: [GC (Allocation Failure) [PSYoungGen: 78272K->34144K(96256K)] 290546K->246418K(673792K), 0.0030944 secs] [Times: user=0.01 sys=0.00, real=0.00 secs] 
613.844: [GC (Allocation Failure) [PSYoungGen: 81248K->1392K(99328K)] 293522K->213666K(676864K), 0.0021441 secs] [Times: user=0.00 sys=0.00, real=0.00 secs] 
614.570: [GC (Allocation Failure) [PSYoungGen: 48496K->1408K(102400K)] 260770K->213714K(679936K), 0.0033069 secs] [Times: user=0.01 sys=0.00, real=0.00 secs] 
615.842: [GC (Allocation Failure) [PSYoungGen: 53632K->9664K(61952K)] 265938K->221978K(639488K), 0.0019909 secs] [Times: user=0.01 sys=0.00, real=0.01 secs] 
616.028: [GC (Allocation Failure) [PSYoungGen: 61888K->17760K(95744K)] 274202K->230074K(673280K), 0.0025315 secs] [Times: user=0.01 sys=0.00, real=0.00 secs] 
616.178: [GC (Allocation Failure) [PSYoungGen: 69984K->34176K(98304K)] 282298K->246490K(675840K), 0.0037914 secs] [Times: user=0.02 sys=0.00, real=0.00 secs] 
616.397: [GC (Allocation Failure) [PSYoungGen: 86400K->34176K(105984K)] 298714K->246498K(683520K), 0.0055361 secs] [Times: user=0.02 sys=0.01, real=0.00 secs] 
616.652: [GC (Allocation Failure) [PSYoungGen: 89984K->1424K(109056K)] 302306K->213762K(686592K), 0.0019655 secs] [Times: user=0.01 sys=0.00, real=0.01 secs] 
616.876: [GC (Allocation Failure) [PSYoungGen: 57232K->1376K(112640K)] 269570K->213730K(690176K), 0.0018559 secs] [Times: user=0.00 sys=0.00, real=0.00 secs] 
618.080: [GC (Allocation Failure) [PSYoungGen: 63840K->9664K(114176K)] 276194K->222026K(691712K), 0.0020095 secs] [Times: user=0.01 sys=0.00, real=0.00 secs] 
618.642: [GC (Allocation Failure) [PSYoungGen: 72128K->17824K(99328K)] 284490K->230186K(676864K), 0.0033913 secs] [Times: user=0.02 sys=0.00, real=0.01 secs] 
619.090: [GC (Allocation Failure) [PSYoungGen: 79776K->34176K(109056K)] 292138K->246546K(686592K), 0.0052182 secs] [Times: user=0.03 sys=0.00, real=0.01 secs] 
619.406: [GC (Allocation Failure) [PSYoungGen: 96128K->34208K(116736K)] 308498K->246578K(694272K), 0.0048524 secs] [Times: user=0.02 sys=0.00, real=0.00 secs] 
619.685: [GC (Allocation Failure) [PSYoungGen: 100256K->1440K(119808K)] 312626K->213810K(697344K), 0.0021127 secs] [Times: user=0.01 sys=0.00, real=0.00 secs] 
620.607: [GC (Allocation Failure) [PSYoungGen: 67488K->9664K(105984K)] 279858K->222034K(683520K), 0.0017226 secs] [Times: user=0.01 sys=0.00, real=0.00 secs] 
620.865: [GC (Allocation Failure) [PSYoungGen: 74196K->17808K(82944K)] 286567K->230210K(660480K), 0.0022763 secs] [Times: user=0.01 sys=0.00, real=0.00 secs] 
621.075: [GC (Allocation Failure) [PSYoungGen: 82832K->34208K(109568K)] 295234K->246610K(687104K), 0.0031978 secs] [Times: user=0.02 sys=0.00, real=0.00 secs] 
621.344: [GC (Allocation Failure) [PSYoungGen: 95648K->1376K(113152K)] 308050K->213778K(690688K), 0.0036464 secs] [Times: user=0.02 sys=0.00, real=0.01 secs] 
622.285: [GC (Allocation Failure) [PSYoungGen: 62660K->256K(102400K)] 275063K->212778K(679936K), 0.0013351 secs] [Times: user=0.00 sys=0.00, real=0.00 secs] 
624.114: [GC (Allocation Failure) [PSYoungGen: 61184K->9632K(70144K)] 273706K->222162K(647680K), 0.0029754 secs] [Times: user=0.01 sys=0.00, real=0.00 secs] 
624.744: [GC (Allocation Failure) [PSYoungGen: 70048K->17792K(102912K)] 282578K->230322K(680448K), 0.0045368 secs] [Times: user=0.02 sys=0.00, real=0.00 secs] 
625.269: [GC (Allocation Failure) [PSYoungGen: 77696K->34176K(105472K)] 290226K->246706K(683008K), 0.0055204 secs] [Times: user=0.03 sys=0.00, real=0.01 secs] 
626.224: [GC (Allocation Failure) [PSYoungGen: 94080K->34208K(105984K)] 306610K->246738K(683520K), 0.0078141 secs] [Times: user=0.03 sys=0.01, real=0.01 secs] 
627.086: [GC (Allocation Failure) [PSYoungGen: 90528K->1376K(57856K)] 303058K->213906K(635392K), 0.0029530 secs] [Times: user=0.01 sys=0.00, real=0.00 secs] 
628.471: [GC (Allocation Failure) [PSYoungGen: 57696K->9632K(103936K)] 270226K->222170K(681472K), 0.0018677 secs] [Times: user=0.01 sys=0.00, real=0.00 secs] 
629.171: [GC (Allocation Failure) [PSYoungGen: 65952K->17792K(74240K)] 278490K->230330K(651776K), 0.0048912 secs] [Times: user=0.02 sys=0.00, real=0.01 secs] 
629.580: [GC (Allocation Failure) [PSYoungGen: 74112K->34176K(100352K)] 286650K->246714K(677888K), 0.0062272 secs] [Times: user=0.03 sys=0.00, real=0.01 secs] 
630.099: [GC (Allocation Failure) [PSYoungGen: 86912K->34208K(103936K)] 299450K->246754K(681472K), 0.0047135 secs] [Times: user=0.02 sys=0.00, real=0.01 secs] 
630.614: [GC (Allocation Failure) [PSYoungGen: 86944K->1408K(105472K)] 299490K->213962K(683008K), 0.0035250 secs] [Times: user=0.01 sys=0.00, real=0.00 secs] 
631.052: [GC (Allocation Failure) [PSYoungGen: 54144K->1376K(54272K)] 266698K->213954K(631808K), 0.0023082 secs] [Times: user=0.01 sys=0.00, real=0.01 secs] 
632.360: [GC (Allocation Failure) [PSYoungGen: 54112K->9600K(100352K)] 266690K->222178K(677888K), 0.0018604 secs] [Times: user=0.01 sys=0.00, real=0.00 secs] 
632.847: [GC (Allocation Failure) [PSYoungGen: 62336K->17824K(70656K)] 274914K->230402K(648192K), 0.0057270 secs] [Times: user=0.03 sys=0.00, real=0.00 secs] 
633.283: [GC (Allocation Failure) [PSYoungGen: 70560K->34208K(96768K)] 283138K->246786K(674304K), 0.0080933 secs] [Times: user=0.04 sys=0.00, real=0.01 secs] 
633.865: [GC (Allocation Failure) [PSYoungGen: 83360K->34208K(100352K)] 295938K->246802K(677888K), 0.0072488 secs] [Times: user=0.03 sys=0.00, real=0.00 secs] 
634.442: [GC (Allocation Failure) [PSYoungGen: 83360K->1408K(108032K)] 295954K->214010K(685568K), 0.0032519 secs] [Times: user=0.02 sys=0.00, real=0.01 secs] 
635.122: [GC (Allocation Failure) [PSYoungGen: 56192K->1408K(56320K)] 268794K->214018K(633856K), 0.0036642 secs] [Times: user=0.01 sys=0.00, real=0.01 secs] 
636.165: [GC (Allocation Failure) [PSYoungGen: 56192K->9664K(102400K)] 268802K->222290K(679936K), 0.0018180 secs] [Times: user=0.01 sys=0.00, real=0.00 secs] 
636.482: [GC (Allocation Failure) [PSYoungGen: 64448K->17824K(72704K)] 277074K->230450K(650240K), 0.0021780 secs] [Times: user=0.01 sys=0.00, real=0.01 secs] 
636.814: [GC (Allocation Failure) [PSYoungGen: 72608K->34208K(98816K)] 285234K->246834K(676352K), 0.0070784 secs] [Times: user=0.04 sys=0.00, real=0.00 secs] 
637.311: [GC (Allocation Failure) [PSYoungGen: 85408K->34176K(102400K)] 298034K->246810K(679936K), 0.0044638 secs] [Times: user=0.02 sys=0.00, real=0.01 secs] 
637.803: [GC (Allocation Failure) [PSYoungGen: 85376K->1408K(98816K)] 298010K->214050K(676352K), 0.0020597 secs] [Times: user=0.01 sys=0.00, real=0.01 secs] 
638.427: [GC (Allocation Failure) [PSYoungGen: 52608K->1440K(52736K)] 265250K->214082K(630272K), 0.0024268 secs] [Times: user=0.01 sys=0.00, real=0.00 secs] 
639.607: [GC (Allocation Failure) [PSYoungGen: 52640K->9632K(98816K)] 265282K->222282K(676352K), 0.0019642 secs] [Times: user=0.00 sys=0.00, real=0.00 secs] 
640.231: [GC (Allocation Failure) [PSYoungGen: 60832K->17824K(69120K)] 273482K->230474K(646656K), 0.0059962 secs] [Times: user=0.02 sys=0.00, real=0.01 secs] 
640.693: [GC (Allocation Failure) [PSYoungGen: 69024K->34176K(95232K)] 281674K->246826K(672768K), 0.0056831 secs] [Times: user=0.03 sys=0.00, real=0.01 secs] 
641.167: [GC (Allocation Failure) [PSYoungGen: 81792K->34176K(98816K)] 294442K->246842K(676352K), 0.0042210 secs] [Times: user=0.02 sys=0.00, real=0.00 secs] 
641.563: [GC (Allocation Failure) [PSYoungGen: 81792K->34208K(99840K)] 294458K->246898K(677376K), 0.0042044 secs] [Times: user=0.02 sys=0.00, real=0.01 secs] 
641.991: [GC (Allocation Failure) [PSYoungGen: 79776K->1440K(101888K)] 292466K->214138K(679424K), 0.0019064 secs] [Times: user=0.01 sys=0.00, real=0.00 secs] 
643.440: [GC (Allocation Failure) [PSYoungGen: 47008K->5536K(98816K)] 259706K->218234K(676352K), 0.0034903 secs] [Times: user=0.02 sys=0.00, real=0.00 secs] 
643.636: [GC (Allocation Failure) [PSYoungGen: 47878K->9616K(55296K)] 260577K->222322K(632832K), 0.0021497 secs] [Times: user=0.00 sys=0.00, real=0.00 secs] 
643.829: [GC (Allocation Failure) [PSYoungGen: 55184K->17792K(91648K)] 267890K->230498K(669184K), 0.0024608 secs] [Times: user=0.01 sys=0.00, real=0.00 secs] 
643.974: [GC (Allocation Failure) [PSYoungGen: 63360K->34176K(94720K)] 276066K->246890K(672256K), 0.0033817 secs] [Times: user=0.01 sys=0.00, real=0.00 secs] 
644.306: [GC (Allocation Failure) [PSYoungGen: 79744K->34208K(100864K)] 292458K->246930K(678400K), 0.0033786 secs] [Times: user=0.01 sys=0.01, real=0.00 secs] 
644.685: [GC (Allocation Failure) [PSYoungGen: 82848K->34176K(103424K)] 295570K->246906K(680960K), 0.0038840 secs] [Times: user=0.01 sys=0.00, real=0.00 secs] 
645.109: [GC (Allocation Failure) [PSYoungGen: 82816K->1408K(110080K)] 295546K->214162K(687616K), 0.0027453 secs] [Times: user=0.01 sys=0.00, real=0.00 secs] 
646.256: [GC (Allocation Failure) [PSYoungGen: 55680K->9632K(64000K)] 268434K->222394K(641536K), 0.0019406 secs] [Times: user=0.01 sys=0.00, real=0.00 secs] 
646.647: [GC (Allocation Failure) [PSYoungGen: 63904K->17824K(102400K)] 276666K->230586K(679936K), 0.0028917 secs] [Times: user=0.01 sys=0.00, real=0.00 secs] 
647.039: [GC (Allocation Failure) [PSYoungGen: 72096K->34240K(105472K)] 284858K->247002K(683008K), 0.0088075 secs] [Times: user=0.04 sys=0.01, real=0.01 secs] 
647.691: [GC (Allocation Failure) [PSYoungGen: 88512K->34208K(112640K)] 301274K->246978K(690176K), 0.0083974 secs] [Times: user=0.03 sys=0.01, real=0.01 secs] 
648.398: [GC (Allocation Failure) [PSYoungGen: 93088K->1440K(114688K)] 305858K->214234K(692224K), 0.0034930 secs] [Times: user=0.01 sys=0.00, real=0.00 secs] 
649.700: [GC (Allocation Failure) [PSYoungGen: 60320K->1696K(105984K)] 273114K->214506K(683520K), 0.0015015 secs] [Times: user=0.00 sys=0.00, real=0.00 secs] 
649.959: [GC (Allocation Failure) [PSYoungGen: 60576K->9600K(68608K)] 273386K->222410K(646144K), 0.0018906 secs] [Times: user=0.01 sys=0.00, real=0.00 secs] 
650.170: [GC (Allocation Failure) [PSYoungGen: 68480K->17792K(105472K)] 281290K->230602K(683008K), 0.0024974 secs] [Times: user=0.01 sys=0.01, real=0.00 secs] 
650.348: [GC (Allocation Failure) [PSYoungGen: 76672K->34208K(108544K)] 289482K->247018K(686080K), 0.0034710 secs] [Times: user=0.02 sys=0.00, real=0.00 secs] 
650.687: [GC (Allocation Failure) [PSYoungGen: 93088K->34176K(116224K)] 305898K->246994K(693760K), 0.0037664 secs] [Times: user=0.01 sys=0.00, real=0.00 secs] 
650.957: [GC (Allocation Failure) [PSYoungGen: 97664K->1424K(118272K)] 310482K->214258K(695808K), 0.0016125 secs] [Times: user=0.01 sys=0.00, real=0.00 secs] 
651.946: [GC (Allocation Failure) [PSYoungGen: 64912K->9632K(105984K)] 277746K->222474K(683520K), 0.0019652 secs] [Times: user=0.01 sys=0.00, real=0.00 secs] 
652.174: [GC (Allocation Failure) [PSYoungGen: 72608K->17824K(80384K)] 285450K->230674K(657920K), 0.0022079 secs] [Times: user=0.01 sys=0.00, real=0.00 secs] 
652.399: [GC (Allocation Failure) [PSYoungGen: 80288K->34144K(108544K)] 293138K->247010K(686080K), 0.0031784 secs] [Times: user=0.02 sys=0.00, real=0.00 secs] 
652.648: [GC (Allocation Failure) [PSYoungGen: 93536K->34224K(111616K)] 306402K->247098K(689152K), 0.0031144 secs] [Times: user=0.02 sys=0.00, real=0.00 secs] 
652.898: [GC (Allocation Failure) [PSYoungGen: 93616K->1408K(119296K)] 306490K->214290K(696832K), 0.0019538 secs] [Times: user=0.01 sys=0.00, real=0.00 secs] 
654.171: [GC (Allocation Failure) [PSYoungGen: 67456K->9664K(75264K)] 280338K->222655K(652800K), 0.0018712 secs] [Times: user=0.01 sys=0.00, real=0.00 secs] 
654.742: [GC (Allocation Failure) [PSYoungGen: 75200K->17824K(110592K)] 288191K->230815K(688128K), 0.0027430 secs] [Times: user=0.01 sys=0.00, real=0.01 secs] 
654.980: [GC (Allocation Failure) [PSYoungGen: 82848K->34176K(113664K)] 295839K->247167K(691200K), 0.0035606 secs] [Times: user=0.02 sys=0.00, real=0.01 secs] 
655.282: [GC (Allocation Failure) [PSYoungGen: 98688K->34208K(114688K)] 311679K->247207K(692224K), 0.0033736 secs] [Times: user=0.02 sys=0.00, real=0.01 secs] 
655.543: [GC (Allocation Failure) [PSYoungGen: 96672K->1440K(63488K)] 309671K->214446K(641024K), 0.0018246 secs] [Times: user=0.01 sys=0.00, real=0.01 secs] 
657.296: [GC (Allocation Failure) [PSYoungGen: 63392K->9632K(111104K)] 276398K->222663K(688640K), 0.0042459 secs] [Times: user=0.01 sys=0.00, real=0.00 secs] 
658.176: [GC (Allocation Failure) [PSYoungGen: 71072K->17792K(78848K)] 284103K->230823K(656384K), 0.0035756 secs] [Times: user=0.02 sys=0.00, real=0.00 secs] 
658.720: [GC (Allocation Failure) [PSYoungGen: 78720K->34176K(107520K)] 291751K->247207K(685056K), 0.0045677 secs] [Times: user=0.02 sys=0.00, real=0.01 secs] 
659.145: [GC (Allocation Failure) [PSYoungGen: 92544K->34176K(110080K)] 305575K->247207K(687616K), 0.0042278 secs] [Times: user=0.03 sys=0.00, real=0.00 secs] 
659.933: [GC (Allocation Failure) [PSYoungGen: 92544K->1408K(112640K)] 305575K->214438K(690176K), 0.0028147 secs] [Times: user=0.01 sys=0.00, real=0.01 secs] 
661.410: [GC (Allocation Failure) [PSYoungGen: 59776K->9664K(68096K)] 272806K->222695K(645632K), 0.0021441 secs] [Times: user=0.01 sys=0.00, real=0.00 secs] 
662.311: [GC (Allocation Failure) [PSYoungGen: 68032K->17824K(104448K)] 281063K->230855K(681984K), 0.0041981 secs] [Times: user=0.02 sys=0.00, real=0.01 secs] 
662.958: [GC (Allocation Failure) [PSYoungGen: 76192K->34208K(107520K)] 289223K->247239K(685056K), 0.0085328 secs] [Times: user=0.04 sys=0.00, real=0.01 secs] 
663.569: [GC (Allocation Failure) [PSYoungGen: 92576K->34208K(108032K)] 305607K->247239K(685568K), 0.0057020 secs] [Times: user=0.03 sys=0.00, real=0.01 secs] 
663.811: [GC (Allocation Failure) [PSYoungGen: 90528K->1440K(110080K)] 303559K->214478K(687616K), 0.0018047 secs] [Times: user=0.01 sys=0.00, real=0.00 secs] 
665.504: [GC (Allocation Failure) [PSYoungGen: 57760K->2496K(108544K)] 270798K->215550K(686080K), 0.0034980 secs] [Times: user=0.02 sys=0.00, real=0.00 secs] 
666.254: [GC (Allocation Failure) [PSYoungGen: 55919K->9616K(66048K)] 268974K->222679K(643584K), 0.0040981 secs] [Times: user=0.01 sys=0.00, real=0.00 secs] 
667.213: [GC (Allocation Failure) [PSYoungGen: 65936K->17824K(101376K)] 278999K->230895K(678912K), 0.0054148 secs] [Times: user=0.02 sys=0.00, real=0.01 secs] 
667.762: [GC (Allocation Failure) [PSYoungGen: 74144K->34176K(104448K)] 287215K->247247K(681984K), 0.0068243 secs] [Times: user=0.04 sys=0.00, real=0.01 secs] 
668.543: [GC (Allocation Failure) [PSYoungGen: 90496K->34208K(105472K)] 303567K->247287K(683008K), 0.0046475 secs] [Times: user=0.02 sys=0.00, real=0.01 secs] 
669.013: [GC (Allocation Failure) [PSYoungGen: 87968K->1408K(55296K)] 301047K->214494K(632832K), 0.0028893 secs] [Times: user=0.01 sys=0.00, real=0.01 secs] 
670.116: [GC (Allocation Failure) [PSYoungGen: 55168K->5536K(105472K)] 268254K->218631K(683008K), 0.0017441 secs] [Times: user=0.01 sys=0.00, real=0.00 secs] 
670.479: [GC (Allocation Failure) [PSYoungGen: 59296K->17792K(71680K)] 272391K->230895K(649216K), 0.0023638 secs] [Times: user=0.01 sys=0.00, real=0.00 secs] 
670.830: [GC (Allocation Failure) [PSYoungGen: 65061K->17776K(96768K)] 278164K->230879K(674304K), 0.0022186 secs] [Times: user=0.01 sys=0.00, real=0.00 secs] 
671.113: [GC (Allocation Failure) [PSYoungGen: 71536K->34208K(99840K)] 284639K->247319K(677376K), 0.0035482 secs] [Times: user=0.02 sys=0.00, real=0.01 secs] 
671.553: [GC (Allocation Failure) [PSYoungGen: 87968K->34208K(100864K)] 301079K->247327K(678400K), 0.0038727 secs] [Times: user=0.02 sys=0.00, real=0.01 secs] 
671.997: [GC (Allocation Failure) [PSYoungGen: 85408K->1376K(103424K)] 298527K->214502K(680960K), 0.0027091 secs] [Times: user=0.01 sys=0.00, real=0.00 secs] 
673.423: [GC (Allocation Failure) [PSYoungGen: 52576K->5568K(101376K)] 265702K->218703K(678912K), 0.0025663 secs] [Times: user=0.01 sys=0.00, real=0.01 secs] 
674.318: [GC (Allocation Failure) [PSYoungGen: 56768K->17824K(69120K)] 269903K->230959K(646656K), 0.0055857 secs] [Times: user=0.02 sys=0.00, real=0.00 secs] 
674.929: [GC (Allocation Failure) [PSYoungGen: 69024K->17792K(93184K)] 282159K->230935K(670720K), 0.0054655 secs] [Times: user=0.03 sys=0.00, real=0.01 secs] 
675.249: [GC (Allocation Failure) [PSYoungGen: 68992K->34208K(96256K)] 282135K->247359K(673792K), 0.0057409 secs] [Times: user=0.02 sys=0.00, real=0.01 secs] 
675.658: [GC (Allocation Failure) [PSYoungGen: 85408K->34208K(102912K)] 298559K->247367K(680448K), 0.0044711 secs] [Times: user=0.02 sys=0.00, real=0.00 secs] 
676.089: [GC (Allocation Failure) [PSYoungGen: 88480K->1472K(105472K)] 301639K->214646K(683008K), 0.0021584 secs] [Times: user=0.01 sys=0.00, real=0.00 secs] 
677.181: [GC (Allocation Failure) [PSYoungGen: 55744K->5568K(103936K)] 268918K->218751K(681472K), 0.0018429 secs] [Times: user=0.00 sys=0.01, real=0.00 secs] 
677.363: [GC (Allocation Failure) [PSYoungGen: 59840K->17824K(72192K)] 273023K->231007K(649728K), 0.0021431 secs] [Times: user=0.01 sys=0.00, real=0.01 secs] 
677.625: [GC (Allocation Failure) [PSYoungGen: 69906K->17808K(95744K)] 283088K->230999K(673280K), 0.0021617 secs] [Times: user=0.01 sys=0.00, real=0.00 secs] 
677.789: [GC (Allocation Failure) [PSYoungGen: 72080K->34208K(98816K)] 285271K->247407K(676352K), 0.0031223 secs] [Times: user=0.01 sys=0.00, real=0.00 secs] 
678.021: [GC (Allocation Failure) [PSYoungGen: 88480K->34208K(106496K)] 301679K->247415K(684032K), 0.0048109 secs] [Times: user=0.03 sys=0.00, real=0.01 secs] 
678.272: [GC (Allocation Failure) [PSYoungGen: 92576K->1408K(109056K)] 305783K->214622K(686592K), 0.0017000 secs] [Times: user=0.01 sys=0.00, real=0.01 secs] 
679.195: [GC (Allocation Failure) [PSYoungGen: 59776K->9632K(111616K)] 272990K->222855K(689152K), 0.0018353 secs] [Times: user=0.00 sys=0.00, real=0.00 secs] 
679.511: [GC (Allocation Failure) [PSYoungGen: 74144K->17792K(81920K)] 287367K->231023K(659456K), 0.0022717 secs] [Times: user=0.01 sys=0.00, real=0.00 secs] 
679.889: [GC (Allocation Failure) [PSYoungGen: 81792K->34208K(106496K)] 295023K->247439K(684032K), 0.0034514 secs] [Times: user=0.02 sys=0.00, real=0.00 secs] 
680.456: [GC (Allocation Failure) [PSYoungGen: 94624K->34176K(109568K)] 307855K->247415K(687104K), 0.0043359 secs] [Times: user=0.02 sys=0.00, real=0.00 secs] 
680.995: [GC (Allocation Failure) [PSYoungGen: 94080K->1408K(112128K)] 307319K->214646K(689664K), 0.0018946 secs] [Times: user=0.00 sys=0.00, real=0.00 secs] 
682.419: [GC (Allocation Failure) [PSYoungGen: 61312K->5568K(65536K)] 274550K->218807K(643072K), 0.0018086 secs] [Times: user=0.01 sys=0.00, real=0.00 secs] 
682.658: [GC (Allocation Failure) [PSYoungGen: 65472K->17792K(104960K)] 278711K->231039K(682496K), 0.0024984 secs] [Times: user=0.01 sys=0.00, real=0.00 secs] 
682.845: [GC (Allocation Failure) [PSYoungGen: 77696K->34208K(108032K)] 290943K->247455K(685568K), 0.0030468 secs] [Times: user=0.02 sys=0.00, real=0.00 secs] 
683.095: [GC (Allocation Failure) [PSYoungGen: 94112K->34144K(115712K)] 307359K->247399K(693248K), 0.0035970 secs] [Times: user=0.02 sys=0.00, real=0.00 secs] 
683.365: [GC (Allocation Failure) [PSYoungGen: 98656K->1408K(117760K)] 311911K->214670K(695296K), 0.0015939 secs] [Times: user=0.00 sys=0.01, real=0.00 secs] 
684.460: [GC (Allocation Failure) [PSYoungGen: 65920K->5504K(107520K)] 279182K->218775K(685056K), 0.0019015 secs] [Times: user=0.00 sys=0.01, real=0.00 secs] 
685.137: [GC (Allocation Failure) [PSYoungGen: 69504K->17824K(81408K)] 282775K->231095K(658944K), 0.0029141 secs] [Times: user=0.01 sys=0.00, real=0.00 secs] 
685.538: [GC (Allocation Failure) [PSYoungGen: 81312K->34208K(109568K)] 294583K->247487K(687104K), 0.0042185 secs] [Times: user=0.02 sys=0.00, real=0.00 secs] 
686.215: [GC (Allocation Failure) [PSYoungGen: 94624K->34208K(112128K)] 307903K->247487K(689664K), 0.0048421 secs] [Times: user=0.03 sys=0.00, real=0.00 secs] 
687.738: [GC (Allocation Failure) [PSYoungGen: 94112K->1408K(114176K)] 307391K->214694K(691712K), 0.0027047 secs] [Times: user=0.01 sys=0.00, real=0.00 secs] 
689.871: [GC (Allocation Failure) [PSYoungGen: 61312K->5536K(65536K)] 274598K->218839K(643072K), 0.0035742 secs] [Times: user=0.01 sys=0.00, real=0.01 secs] 
690.383: [GC (Allocation Failure) [PSYoungGen: 65440K->17824K(106496K)] 278743K->231143K(684032K), 0.0044363 secs] [Times: user=0.02 sys=0.00, real=0.01 secs] 
690.820: [GC (Allocation Failure) [PSYoungGen: 64535K->17776K(77824K)] 277854K->231103K(655360K), 0.0035747 secs] [Times: user=0.01 sys=0.00, real=0.01 secs] 
691.107: [GC (Allocation Failure) [PSYoungGen: 77680K->34208K(103424K)] 291007K->247535K(680960K), 0.0038771 secs] [Times: user=0.02 sys=0.00, real=0.00 secs] 
691.345: [GC (Allocation Failure) [PSYoungGen: 91040K->34176K(106496K)] 304367K->247511K(684032K), 0.0033321 secs] [Times: user=0.01 sys=0.00, real=0.00 secs] 
691.582: [GC (Allocation Failure) [PSYoungGen: 91008K->1440K(102400K)] 304343K->214790K(679936K), 0.0017316 secs] [Times: user=0.01 sys=0.00, real=0.01 secs] 
692.793: [GC (Allocation Failure) [PSYoungGen: 58272K->9632K(66560K)] 271622K->222991K(644096K), 0.0020615 secs] [Times: user=0.01 sys=0.00, real=0.01 secs] 
693.566: [GC (Allocation Failure) [PSYoungGen: 66464K->17792K(101376K)] 279823K->231151K(678912K), 0.0035014 secs] [Times: user=0.02 sys=0.00, real=0.00 secs] 
694.183: [GC (Allocation Failure) [PSYoungGen: 74624K->34176K(104448K)] 287983K->247535K(681984K), 0.0053091 secs] [Times: user=0.03 sys=0.00, real=0.01 secs] 
695.004: [GC (Allocation Failure) [PSYoungGen: 91008K->34176K(105472K)] 304367K->247543K(683008K), 0.0050370 secs] [Times: user=0.03 sys=0.00, real=0.00 secs] 
695.714: [GC (Allocation Failure) [PSYoungGen: 88960K->1408K(107520K)] 302327K->214790K(685056K), 0.0023506 secs] [Times: user=0.01 sys=0.00, real=0.00 secs] 
697.007: [GC (Allocation Failure) [PSYoungGen: 56192K->1920K(107008K)] 269574K->215310K(684544K), 0.0014494 secs] [Times: user=0.00 sys=0.00, real=0.00 secs] 
697.499: [GC (Allocation Failure) [PSYoungGen: 56704K->9600K(64512K)] 270094K->222999K(642048K), 0.0018679 secs] [Times: user=0.00 sys=0.00, real=0.00 secs] 
698.103: [GC (Allocation Failure) [PSYoungGen: 64384K->17792K(99840K)] 277783K->231191K(677376K), 0.0055395 secs] [Times: user=0.03 sys=0.00, real=0.01 secs] 
698.498: [GC (Allocation Failure) [PSYoungGen: 72576K->34208K(102400K)] 285975K->247615K(679936K), 0.0047835 secs] [Times: user=0.02 sys=0.00, real=0.00 secs] 
698.999: [GC (Allocation Failure) [PSYoungGen: 88992K->34176K(102400K)] 302399K->247607K(679936K), 0.0047845 secs] [Times: user=0.02 sys=0.00, real=0.00 secs] 
699.512: [GC (Allocation Failure) [PSYoungGen: 85888K->1408K(53248K)] 299319K->214846K(630784K), 0.0026052 secs] [Times: user=0.01 sys=0.00, real=0.01 secs] 
700.603: [GC (Allocation Failure) [PSYoungGen: 53120K->2464K(103936K)] 266558K->215902K(681472K), 0.0016058 secs] [Times: user=0.01 sys=0.00, real=0.01 secs] 
701.091: [GC (Allocation Failure) [PSYoungGen: 50993K->9616K(61440K)] 264431K->223063K(638976K), 0.0019843 secs] [Times: user=0.00 sys=0.00, real=0.00 secs] 
701.612: [GC (Allocation Failure) [PSYoungGen: 61328K->17760K(96768K)] 274775K->231207K(674304K), 0.0027860 secs] [Times: user=0.01 sys=0.00, real=0.01 secs] 
701.973: [GC (Allocation Failure) [PSYoungGen: 69472K->34176K(99328K)] 282919K->247631K(676864K), 0.0040353 secs] [Times: user=0.02 sys=0.00, real=0.01 secs] 
702.741: [GC (Allocation Failure) [PSYoungGen: 85888K->34176K(100352K)] 299343K->247647K(677888K), 0.0040813 secs] [Times: user=0.02 sys=0.00, real=0.01 secs] 
703.369: [GC (Allocation Failure) [PSYoungGen: 83328K->1408K(50688K)] 296799K->214886K(628224K), 0.0021069 secs] [Times: user=0.01 sys=0.00, real=0.00 secs] 
704.653: [GC (Allocation Failure) [PSYoungGen: 50560K->1536K(101376K)] 264038K->215022K(678912K), 0.0015512 secs] [Times: user=0.00 sys=0.00, real=0.01 secs] 
704.916: [GC (Allocation Failure) [PSYoungGen: 50688K->9632K(58880K)] 264174K->223119K(636416K), 0.0022072 secs] [Times: user=0.01 sys=0.00, real=0.00 secs] 
705.160: [GC (Allocation Failure) [PSYoungGen: 58784K->17824K(94208K)] 272271K->231319K(671744K), 0.0028908 secs] [Times: user=0.01 sys=0.00, real=0.00 secs] 
705.363: [GC (Allocation Failure) [PSYoungGen: 66976K->34144K(96768K)] 280471K->247639K(674304K), 0.0035159 secs] [Times: user=0.01 sys=0.00, real=0.01 secs] 
705.701: [GC (Allocation Failure) [PSYoungGen: 83296K->34176K(102912K)] 296791K->247679K(680448K), 0.0033446 secs] [Times: user=0.02 sys=0.00, real=0.01 secs] 
706.170: [GC (Allocation Failure) [PSYoungGen: 85888K->34176K(105984K)] 299391K->247687K(683520K), 0.0035066 secs] [Times: user=0.01 sys=0.00, real=0.00 secs] 
706.594: [GC (Allocation Failure) [PSYoungGen: 85888K->1376K(107008K)] 299399K->214894K(684544K), 0.0019575 secs] [Times: user=0.01 sys=0.00, real=0.00 secs] 
707.658: [GC (Allocation Failure) [PSYoungGen: 53088K->9664K(61440K)] 266606K->223183K(638976K), 0.0017655 secs] [Times: user=0.01 sys=0.00, real=0.00 secs] 
708.205: [GC (Allocation Failure) [PSYoungGen: 61376K->17792K(98304K)] 274895K->231319K(675840K), 0.0029655 secs] [Times: user=0.01 sys=0.00, real=0.00 secs] 
708.648: [GC (Allocation Failure) [PSYoungGen: 69504K->34176K(101888K)] 283031K->247711K(679424K), 0.0042494 secs] [Times: user=0.02 sys=0.00, real=0.00 secs] 
709.433: [GC (Allocation Failure) [PSYoungGen: 85888K->34208K(102912K)] 299423K->247751K(680448K), 0.0055673 secs] [Times: user=0.03 sys=0.00, real=0.01 secs] 
709.926: [GC (Allocation Failure) [PSYoungGen: 83872K->34208K(104960K)] 297415K->247759K(682496K), 0.0056045 secs] [Times: user=0.02 sys=0.00, real=0.00 secs] 
710.286: [GC (Allocation Failure) [PSYoungGen: 83872K->1440K(106496K)] 297423K->214998K(684032K), 0.0018559 secs] [Times: user=0.01 sys=0.00, real=0.00 secs] 
711.925: [GC (Allocation Failure) [PSYoungGen: 51104K->5568K(55296K)] 264662K->219143K(632832K), 0.0031053 secs] [Times: user=0.02 sys=0.00, real=0.00 secs] 
712.645: [GC (Allocation Failure) [PSYoungGen: 55232K->17824K(98304K)] 268807K->231415K(675840K), 0.0056815 secs] [Times: user=0.02 sys=0.00, real=0.00 secs] 
713.259: [GC (Allocation Failure) [PSYoungGen: 65473K->17808K(67584K)] 279064K->231399K(645120K), 0.0040003 secs] [Times: user=0.02 sys=0.00, real=0.00 secs] 
713.548: [GC (Allocation Failure) [PSYoungGen: 67472K->34208K(96256K)] 281063K->247807K(673792K), 0.0058087 secs] [Times: user=0.02 sys=0.00, real=0.00 secs] 
714.026: [GC (Allocation Failure) [PSYoungGen: 81312K->34208K(98816K)] 294911K->247815K(676352K), 0.0070918 secs] [Times: user=0.03 sys=0.00, real=0.00 secs] 
714.555: [GC (Allocation Failure) [PSYoungGen: 81312K->1424K(105984K)] 294919K->215030K(683520K), 0.0027129 secs] [Times: user=0.01 sys=0.00, real=0.00 secs] 
715.840: [GC (Allocation Failure) [PSYoungGen: 53648K->1920K(54272K)] 267254K->215534K(631808K), 0.0018048 secs] [Times: user=0.01 sys=0.00, real=0.00 secs] 
716.285: [GC (Allocation Failure) [PSYoungGen: 54144K->9600K(100864K)] 267758K->223215K(678400K), 0.0038732 secs] [Times: user=0.02 sys=0.00, real=0.00 secs] 
716.624: [GC (Allocation Failure) [PSYoungGen: 61824K->17824K(70144K)] 275439K->231439K(647680K), 0.0035204 secs] [Times: user=0.02 sys=0.00, real=0.00 secs] 
716.921: [GC (Allocation Failure) [PSYoungGen: 70048K->34176K(96768K)] 283663K->247799K(674304K), 0.0050494 secs] [Times: user=0.03 sys=0.00, real=0.01 secs] 
717.314: [GC (Allocation Failure) [PSYoungGen: 82816K->34176K(100352K)] 296439K->247807K(677888K), 0.0049740 secs] [Times: user=0.02 sys=0.00, real=0.00 secs] 
717.713: [GC (Allocation Failure) [PSYoungGen: 82816K->1408K(108032K)] 296447K->215038K(685568K), 0.0022454 secs] [Times: user=0.01 sys=0.00, real=0.01 secs] 
718.968: [GC (Allocation Failure) [PSYoungGen: 55680K->1424K(55808K)] 269310K->215071K(633344K), 0.0014579 secs] [Times: user=0.01 sys=0.00, real=0.00 secs] 
719.890: [GC (Allocation Failure) [PSYoungGen: 55696K->9632K(102400K)] 269343K->223279K(679936K), 0.0037260 secs] [Times: user=0.02 sys=0.00, real=0.00 secs] 
720.286: [GC (Allocation Failure) [PSYoungGen: 63904K->17792K(72192K)] 277551K->231439K(649728K), 0.0039823 secs] [Times: user=0.02 sys=0.00, real=0.00 secs] 
720.646: [GC (Allocation Failure) [PSYoungGen: 72064K->34208K(98816K)] 285711K->247855K(676352K), 0.0046466 secs] [Times: user=0.02 sys=0.00, real=0.00 secs] 
721.105: [GC (Allocation Failure) [PSYoungGen: 84896K->34192K(102400K)] 298543K->247855K(679936K), 0.0040510 secs] [Times: user=0.02 sys=0.00, real=0.00 secs] 
721.596: [GC (Allocation Failure) [PSYoungGen: 84880K->1440K(103936K)] 298543K->215102K(681472K), 0.0023383 secs] [Times: user=0.01 sys=0.00, real=0.00 secs] 
722.834: [GC (Allocation Failure) [PSYoungGen: 52128K->1568K(52736K)] 265790K->215238K(630272K), 0.0014299 secs] [Times: user=0.00 sys=0.00, real=0.01 secs] 
723.053: [GC (Allocation Failure) [PSYoungGen: 52256K->9600K(98816K)] 265926K->223271K(676352K), 0.0025460 secs] [Times: user=0.01 sys=0.00, real=0.01 secs] 
723.381: [GC (Allocation Failure) [PSYoungGen: 60288K->17792K(68608K)] 273959K->231471K(646144K), 0.0030018 secs] [Times: user=0.01 sys=0.00, real=0.01 secs] 
723.669: [GC (Allocation Failure) [PSYoungGen: 68480K->34208K(94208K)] 282159K->247895K(671744K), 0.0040503 secs] [Times: user=0.02 sys=0.00, real=0.00 secs] 
724.099: [GC (Allocation Failure) [PSYoungGen: 80800K->34176K(98304K)] 294487K->247871K(675840K), 0.0038391 secs] [Times: user=0.02 sys=0.00, real=0.00 secs] 
724.516: [GC (Allocation Failure) [PSYoungGen: 80768K->34208K(98816K)] 294463K->247911K(676352K), 0.0039907 secs] [Times: user=0.02 sys=0.00, real=0.00 secs] 
724.985: [GC (Allocation Failure) [PSYoungGen: 78752K->1408K(100864K)] 292455K->215118K(678400K), 0.0021169 secs] [Times: user=0.01 sys=0.00, real=0.00 secs] 
726.080: [GC (Allocation Failure) [PSYoungGen: 45952K->5504K(97792K)] 259662K->219215K(675328K), 0.0018764 secs] [Times: user=0.01 sys=0.00, real=0.00 secs] 
726.326: [GC (Allocation Failure) [PSYoungGen: 46996K->9616K(54272K)] 260706K->223335K(631808K), 0.0019913 secs] [Times: user=0.01 sys=0.00, real=0.00 secs] 
726.478: [GC (Allocation Failure) [PSYoungGen: 54160K->17760K(98816K)] 267879K->231479K(676352K), 0.0025929 secs] [Times: user=0.02 sys=0.00, real=0.00 secs] 
726.732: [GC (Allocation Failure) [PSYoungGen: 65376K->34176K(96768K)] 279095K->247903K(674304K), 0.0037805 secs] [Times: user=0.01 sys=0.00, real=0.01 secs] 
727.086: [GC (Allocation Failure) [PSYoungGen: 81792K->34176K(102912K)] 295519K->247911K(680448K), 0.0041091 secs] [Times: user=0.02 sys=0.00, real=0.00 secs] 
727.522: [GC (Allocation Failure) [PSYoungGen: 84864K->1376K(105472K)] 298599K->215118K(683008K), 0.0032817 secs] [Times: user=0.02 sys=0.00, real=0.01 secs] 
728.027: [GC (Allocation Failure) [PSYoungGen: 52064K->1408K(97792K)] 265806K->215166K(675328K), 0.0024345 secs] [Times: user=0.00 sys=0.00, real=0.00 secs] 
729.061: [GC (Allocation Failure) [PSYoungGen: 52096K->9664K(60416K)] 265854K->223431K(637952K), 0.0019177 secs] [Times: user=0.01 sys=0.00, real=0.00 secs] 
729.451: [GC (Allocation Failure) [PSYoungGen: 60352K->17792K(96768K)] 274119K->231559K(674304K), 0.0022727 secs] [Times: user=0.00 sys=0.00, real=0.00 secs] 
729.790: [GC (Allocation Failure) [PSYoungGen: 52237K->17840K(68608K)] 266004K->231607K(646144K), 0.0022764 secs] [Times: user=0.01 sys=0.00, real=0.00 secs] 
730.335: [GC (Allocation Failure) [PSYoungGen: 68528K->34144K(93184K)] 282295K->247911K(670720K), 0.0037922 secs] [Times: user=0.02 sys=0.01, real=0.00 secs] 
731.051: [GC (Allocation Failure) [PSYoungGen: 81248K->34176K(96768K)] 295015K->247951K(674304K), 0.0046899 secs] [Times: user=0.03 sys=0.00, real=0.01 secs] 
731.806: [GC (Allocation Failure) [PSYoungGen: 81280K->1408K(99328K)] 295055K->215182K(676864K), 0.0023109 secs] [Times: user=0.01 sys=0.00, real=0.00 secs] 
733.113: [GC (Allocation Failure) [PSYoungGen: 48512K->1584K(49152K)] 262286K->215359K(626688K), 0.0014599 secs] [Times: user=0.01 sys=0.00, real=0.01 secs] 
733.551: [GC (Allocation Failure) [PSYoungGen: 48688K->9632K(93696K)] 262463K->223415K(671232K), 0.0020961 secs] [Times: user=0.01 sys=0.00, real=0.00 secs] 
733.907: [GC (Allocation Failure) [PSYoungGen: 56736K->17792K(65024K)] 270519K->231591K(642560K), 0.0028372 secs] [Times: user=0.02 sys=0.00, real=0.00 secs] 
734.260: [GC (Allocation Failure) [PSYoungGen: 64896K->34208K(89600K)] 278695K->248015K(667136K), 0.0047148 secs] [Times: user=0.02 sys=0.00, real=0.01 secs] 
734.711: [GC (Allocation Failure) [PSYoungGen: 77216K->34176K(93696K)] 291023K->247991K(671232K), 0.0044672 secs] [Times: user=0.03 sys=0.00, real=0.01 secs] 
735.148: [GC (Allocation Failure) [PSYoungGen: 77184K->34208K(94208K)] 290999K->248031K(671744K), 0.0072192 secs] [Times: user=0.03 sys=0.00, real=0.01 secs] 
735.641: [GC (Allocation Failure) [PSYoungGen: 75168K->1408K(96256K)] 288991K->215238K(673792K), 0.0024770 secs] [Times: user=0.01 sys=0.00, real=0.00 secs] 
736.298: [GC (Allocation Failure) [PSYoungGen: 42341K->320K(95232K)] 256172K->214158K(672768K), 0.0035258 secs] [Times: user=0.01 sys=0.00, real=0.00 secs] 
737.597: [GC (Allocation Failure) [PSYoungGen: 41280K->9632K(50688K)] 255118K->223471K(628224K), 0.0018576 secs] [Times: user=0.01 sys=0.00, real=0.00 secs] 
738.035: [GC (Allocation Failure) [PSYoungGen: 50592K->17824K(87040K)] 264431K->231679K(664576K), 0.0057541 secs] [Times: user=0.02 sys=0.00, real=0.00 secs] 
738.505: [GC (Allocation Failure) [PSYoungGen: 58784K->17760K(58880K)] 272639K->231623K(636416K), 0.0044076 secs] [Times: user=0.01 sys=0.00, real=0.00 secs] 
738.690: [GC (Allocation Failure) [PSYoungGen: 58720K->34176K(83968K)] 272583K->248039K(661504K), 0.0048842 secs] [Times: user=0.03 sys=0.00, real=0.01 secs] 
739.016: [GC (Allocation Failure) [PSYoungGen: 71552K->34208K(87552K)] 285415K->248079K(665088K), 0.0055500 secs] [Times: user=0.02 sys=0.00, real=0.00 secs] 
739.406: [GC (Allocation Failure) [PSYoungGen: 71584K->34208K(93184K)] 285455K->248087K(670720K), 0.0062866 secs] [Times: user=0.03 sys=0.00, real=0.00 secs] 
739.980: [GC (Allocation Failure) [PSYoungGen: 74656K->1440K(95232K)] 288535K->215326K(672768K), 0.0042553 secs] [Times: user=0.01 sys=0.00, real=0.01 secs] 
741.116: [GC (Allocation Failure) [PSYoungGen: 41888K->1568K(98304K)] 255774K->215462K(675840K), 0.0013501 secs] [Times: user=0.00 sys=0.00, real=0.00 secs] 
741.453: [GC (Allocation Failure) [PSYoungGen: 46624K->9632K(54784K)] 260518K->223535K(632320K), 0.0018758 secs] [Times: user=0.01 sys=0.00, real=0.01 secs] 
741.855: [GC (Allocation Failure) [PSYoungGen: 54688K->17824K(91136K)] 268591K->231727K(668672K), 0.0021697 secs] [Times: user=0.01 sys=0.00, real=0.00 secs] 
742.048: [GC (Allocation Failure) [PSYoungGen: 52054K->17760K(94208K)] 265957K->231663K(671744K), 0.0027232 secs] [Times: user=0.01 sys=0.00, real=0.00 secs] 
742.170: [GC (Allocation Failure) [PSYoungGen: 62816K->34240K(92672K)] 276719K->248167K(670208K), 0.0054401 secs] [Times: user=0.03 sys=0.00, real=0.01 secs] 
742.368: [GC (Allocation Failure) [PSYoungGen: 80832K->34176K(96256K)] 294759K->248111K(673792K), 0.0039765 secs] [Times: user=0.02 sys=0.00, real=0.00 secs] 
742.563: [GC (Allocation Failure) [PSYoungGen: 80768K->1408K(105472K)] 294703K->215350K(683008K), 0.0017520 secs] [Times: user=0.01 sys=0.00, real=0.01 secs] 
743.555: [GC (Allocation Failure) [PSYoungGen: 54656K->1616K(105472K)] 268598K->215575K(683008K), 0.0015603 secs] [Times: user=0.01 sys=0.00, real=0.00 secs] 
744.051: [GC (Allocation Failure) [PSYoungGen: 54864K->9600K(106496K)] 268823K->223575K(684032K), 0.0020918 secs] [Times: user=0.01 sys=0.00, real=0.00 secs] 
744.458: [GC (Allocation Failure) [PSYoungGen: 68992K->17728K(109056K)] 282967K->231711K(686592K), 0.0026848 secs] [Times: user=0.01 sys=0.00, real=0.00 secs] 
744.639: [GC (Allocation Failure) [PSYoungGen: 77120K->34176K(108544K)] 291103K->248167K(686080K), 0.0049767 secs] [Times: user=0.03 sys=0.00, real=0.01 secs] 
745.061: [GC (Allocation Failure) [PSYoungGen: 96128K->34176K(112640K)] 310119K->248175K(690176K), 0.0033449 secs] [Times: user=0.01 sys=0.00, real=0.01 secs] 
745.730: [GC (Allocation Failure) [PSYoungGen: 96128K->64K(121856K)] 310127K->215377K(699392K), 0.0017688 secs] [Times: user=0.00 sys=0.00, real=0.00 secs] 
747.072: [GC (Allocation Failure) [PSYoungGen: 69184K->9696K(78336K)] 284497K->225025K(655872K), 0.0020617 secs] [Times: user=0.01 sys=0.00, real=0.01 secs] 
747.532: [GC (Allocation Failure) [PSYoungGen: 78304K->17824K(112640K)] 293633K->233153K(690176K), 0.0036129 secs] [Times: user=0.01 sys=0.00, real=0.01 secs] 
747.748: [GC (Allocation Failure) [PSYoungGen: 85920K->34205K(116224K)] 301249K->249534K(693760K), 0.0043813 secs] [Times: user=0.02 sys=0.00, real=0.00 secs] 
748.032: [GC (Allocation Failure) [PSYoungGen: 102301K->1376K(126976K)] 317630K->216713K(704512K), 0.0019512 secs] [Times: user=0.01 sys=0.00, real=0.00 secs] 
749.131: [GC (Allocation Failure) [PSYoungGen: 77152K->5472K(80896K)] 292489K->220964K(658432K), 0.0019327 secs] [Times: user=0.01 sys=0.00, real=0.00 secs] 
749.904: [GC (Allocation Failure) [PSYoungGen: 80736K->17792K(118784K)] 296228K->233284K(696320K), 0.0026739 secs] [Times: user=0.01 sys=0.00, real=0.00 secs] 
750.625: [GC (Allocation Failure) [PSYoungGen: 92544K->34208K(121344K)] 308036K->249700K(698880K), 0.0038347 secs] [Times: user=0.02 sys=0.00, real=0.00 secs] 
751.416: [GC (Allocation Failure) [PSYoungGen: 108448K->34208K(122368K)] 323940K->249700K(699904K), 0.0056294 secs] [Times: user=0.02 sys=0.00, real=0.00 secs] 
752.618: [GC (Allocation Failure) [PSYoungGen: 105888K->1488K(72704K)] 321380K->216980K(650240K), 0.0015170 secs] [Times: user=0.00 sys=0.00, real=0.00 secs] 
753.176: [GC (Allocation Failure) [PSYoungGen: 72656K->17824K(116224K)] 288148K->233316K(693760K), 0.0025065 secs] [Times: user=0.02 sys=0.00, real=0.00 secs] 
753.605: [GC (Allocation Failure) [PSYoungGen: 88480K->34208K(119808K)] 303972K->249700K(697344K), 0.0039328 secs] [Times: user=0.02 sys=0.00, real=0.00 secs] 
754.063: [GC (Allocation Failure) [PSYoungGen: 104352K->34208K(120832K)] 319844K->249700K(698368K), 0.0037182 secs] [Times: user=0.02 sys=0.00, real=0.01 secs] 
754.349: [GC (Allocation Failure) [PSYoungGen: 102304K->1440K(69120K)] 317796K->216932K(646656K), 0.0018249 secs] [Times: user=0.01 sys=0.00, real=0.00 secs] 
755.727: [GC (Allocation Failure) [PSYoungGen: 66539K->5552K(118272K)] 282031K->221044K(695808K), 0.0020935 secs] [Times: user=0.00 sys=0.00, real=0.00 secs] 
756.402: [GC (Allocation Failure) [PSYoungGen: 72624K->17792K(84480K)] 288116K->233284K(662016K), 0.0035964 secs] [Times: user=0.01 sys=0.00, real=0.01 secs] 
757.123: [GC (Allocation Failure) [PSYoungGen: 84352K->34208K(114176K)] 299844K->249700K(691712K), 0.0061866 secs] [Times: user=0.03 sys=0.00, real=0.01 secs] 
758.015: [GC (Allocation Failure) [PSYoungGen: 98208K->34208K(116224K)] 313700K->249700K(693760K), 0.0067435 secs] [Times: user=0.04 sys=0.00, real=0.00 secs] 
758.568: [GC (Allocation Failure) [PSYoungGen: 97696K->1408K(116736K)] 313188K->216908K(694272K), 0.0025641 secs] [Times: user=0.01 sys=0.00, real=0.00 secs] 
760.021: [GC (Allocation Failure) [PSYoungGen: 64384K->9632K(72192K)] 279884K->225140K(649728K), 0.0019778 secs] [Times: user=0.01 sys=0.00, real=0.00 secs] 
760.499: [GC (Allocation Failure) [PSYoungGen: 72096K->17808K(108032K)] 287604K->233332K(685568K), 0.0055962 secs] [Times: user=0.03 sys=0.00, real=0.01 secs] 
761.071: [GC (Allocation Failure) [PSYoungGen: 79760K->34192K(111104K)] 295284K->249724K(688640K), 0.0087642 secs] [Times: user=0.05 sys=0.00, real=0.01 secs] 
761.753: [GC (Allocation Failure) [PSYoungGen: 95632K->34176K(111104K)] 311164K->249716K(688640K), 0.0035395 secs] [Times: user=0.02 sys=0.00, real=0.01 secs] 
762.515: [GC (Allocation Failure) [PSYoungGen: 93056K->1376K(113664K)] 308596K->216916K(691200K), 0.0018840 secs] [Times: user=0.01 sys=0.00, real=0.00 secs] 
763.715: [GC (Allocation Failure) [PSYoungGen: 60256K->5520K(110592K)] 275796K->221076K(688128K), 0.0018477 secs] [Times: user=0.01 sys=0.00, real=0.00 secs] 
764.126: [GC (Allocation Failure) [PSYoungGen: 64400K->17808K(76800K)] 279956K->233372K(654336K), 0.0027205 secs] [Times: user=0.01 sys=0.00, real=0.00 secs] 
764.704: [GC (Allocation Failure) [PSYoungGen: 76688K->34176K(105472K)] 292252K->249748K(683008K), 0.0040592 secs] [Times: user=0.02 sys=0.00, real=0.00 secs] 
765.366: [GC (Allocation Failure) [PSYoungGen: 89984K->34144K(108544K)] 305556K->249716K(686080K), 0.0035634 secs] [Times: user=0.01 sys=0.00, real=0.00 secs] 
766.138: [GC (Allocation Failure) [PSYoungGen: 89952K->1376K(110592K)] 305524K->216956K(688128K), 0.0018282 secs] [Times: user=0.00 sys=0.00, real=0.00 secs] 
767.683: [GC (Allocation Failure) [PSYoungGen: 57184K->1664K(57856K)] 272764K->217252K(635392K), 0.0023124 secs] [Times: user=0.00 sys=0.00, real=0.01 secs] 
768.631: [GC (Allocation Failure) [PSYoungGen: 57472K->9616K(104960K)] 273060K->225212K(682496K), 0.0037155 secs] [Times: user=0.01 sys=0.00, real=0.01 secs] 
769.187: [GC (Allocation Failure) [PSYoungGen: 65424K->17824K(73728K)] 281020K->233428K(651264K), 0.0035402 secs] [Times: user=0.01 sys=0.00, real=0.00 secs] 
769.372: [GC (Allocation Failure) [PSYoungGen: 73632K->34208K(100864K)] 289236K->249812K(678400K), 0.0034381 secs] [Times: user=0.01 sys=0.00, real=0.01 secs] 
769.626: [GC (Allocation Failure) [PSYoungGen: 86432K->34112K(104448K)] 302036K->249724K(681984K), 0.0037987 secs] [Times: user=0.02 sys=0.00, real=0.00 secs] 
769.844: [GC (Allocation Failure) [PSYoungGen: 86336K->1376K(99840K)] 301948K->216996K(677376K), 0.0017672 secs] [Times: user=0.00 sys=0.00, real=0.00 secs] 
771.460: [GC (Allocation Failure) [PSYoungGen: 53600K->2432K(54784K)] 269220K->218060K(632320K), 0.0034380 secs] [Times: user=0.01 sys=0.01, real=0.00 secs] 
772.311: [GC (Allocation Failure) [PSYoungGen: 52425K->9648K(100352K)] 268053K->225276K(677888K), 0.0036597 secs] [Times: user=0.02 sys=0.00, real=0.01 secs] 
772.633: [GC (Allocation Failure) [PSYoungGen: 61872K->17856K(70144K)] 277500K->233484K(647680K), 0.0036869 secs] [Times: user=0.01 sys=0.01, real=0.01 secs] 
772.890: [GC (Allocation Failure) [PSYoungGen: 70080K->34176K(96768K)] 285708K->249812K(674304K), 0.0044817 secs] [Times: user=0.02 sys=0.00, real=0.01 secs] 
773.234: [GC (Allocation Failure) [PSYoungGen: 82816K->34176K(100352K)] 298452K->249828K(677888K), 0.0042575 secs] [Times: user=0.02 sys=0.00, real=0.00 secs] 
773.733: [GC (Allocation Failure) [PSYoungGen: 82816K->1376K(96256K)] 298468K->217036K(673792K), 0.0020704 secs] [Times: user=0.00 sys=0.00, real=0.01 secs] 
774.896: [GC (Allocation Failure) [PSYoungGen: 50016K->192K(49152K)] 265676K->215860K(626688K), 0.0013437 secs] [Times: user=0.00 sys=0.00, real=0.00 secs] 
775.400: [GC (Allocation Failure) [PSYoungGen: 48832K->9632K(96768K)] 264500K->225308K(674304K), 0.0021180 secs] [Times: user=0.01 sys=0.00, real=0.00 secs] 
775.780: [GC (Allocation Failure) [PSYoungGen: 58272K->17824K(66560K)] 273948K->233500K(644096K), 0.0031400 secs] [Times: user=0.01 sys=0.00, real=0.00 secs] 
776.037: [GC (Allocation Failure) [PSYoungGen: 66464K->34208K(93184K)] 282140K->249892K(670720K), 0.0038827 secs] [Times: user=0.02 sys=0.00, real=0.00 secs] 
776.424: [GC (Allocation Failure) [PSYoungGen: 79264K->34208K(96768K)] 294948K->249900K(674304K), 0.0038963 secs] [Times: user=0.02 sys=0.00, real=0.00 secs] 
776.912: [GC (Allocation Failure) [PSYoungGen: 79264K->34176K(97792K)] 294956K->249876K(675328K), 0.0047044 secs] [Times: user=0.02 sys=0.00, real=0.01 secs] 
777.388: [GC (Allocation Failure) [PSYoungGen: 77184K->1376K(44544K)] 292884K->217084K(622080K), 0.0024110 secs] [Times: user=0.01 sys=0.00, real=0.00 secs] 
778.441: [GC (Allocation Failure) [PSYoungGen: 44384K->1952K(97280K)] 260092K->217660K(674816K), 0.0015481 secs] [Times: user=0.01 sys=0.00, real=0.00 secs] 
778.945: [GC (Allocation Failure) [PSYoungGen: 44960K->9632K(52736K)] 260668K->225348K(630272K), 0.0020402 secs] [Times: user=0.01 sys=0.00, real=0.00 secs] 
779.385: [GC (Allocation Failure) [PSYoungGen: 52640K->17792K(89600K)] 268356K->233508K(667136K), 0.0036735 secs] [Times: user=0.01 sys=0.00, real=0.00 secs] 
779.761: [GC (Allocation Failure) [PSYoungGen: 52184K->17840K(60928K)] 267900K->233564K(638464K), 0.0040561 secs] [Times: user=0.02 sys=0.01, real=0.01 secs] 
780.040: [GC (Allocation Failure) [PSYoungGen: 60848K->34144K(86528K)] 276572K->249892K(664064K), 0.0052654 secs] [Times: user=0.03 sys=0.00, real=0.01 secs] 
780.519: [GC (Allocation Failure) [PSYoungGen: 73568K->34208K(90112K)] 289316K->249964K(667648K), 0.0071349 secs] [Times: user=0.03 sys=0.00, real=0.01 secs] 
781.066: [GC (Allocation Failure) [PSYoungGen: 73632K->34208K(95744K)] 289388K->249972K(673280K), 0.0071482 secs] [Times: user=0.04 sys=0.00, real=0.00 secs] 
781.546: [GC (Allocation Failure) [PSYoungGen: 76704K->1408K(97792K)] 292468K->217180K(675328K), 0.0028427 secs] [Times: user=0.01 sys=0.00, real=0.00 secs] 
783.111: [GC (Allocation Failure) [PSYoungGen: 43904K->5568K(89600K)] 259676K->221348K(667136K), 0.0024257 secs] [Times: user=0.01 sys=0.00, real=0.01 secs] 
783.648: [GC (Allocation Failure) [PSYoungGen: 48064K->9600K(52224K)] 263844K->225380K(629760K), 0.0026381 secs] [Times: user=0.01 sys=0.01, real=0.00 secs] 
784.321: [GC (Allocation Failure) [PSYoungGen: 52096K->17824K(88064K)] 267876K->233604K(665600K), 0.0028663 secs] [Times: user=0.01 sys=0.00, real=0.01 secs] 
784.746: [GC (Allocation Failure) [PSYoungGen: 60320K->34176K(91136K)] 276100K->249956K(668672K), 0.0038056 secs] [Times: user=0.01 sys=0.00, real=0.00 secs] 
785.240: [GC (Allocation Failure) [PSYoungGen: 76672K->34208K(91648K)] 292452K->249988K(669184K), 0.0060253 secs] [Times: user=0.02 sys=0.00, real=0.01 secs] 
785.699: [GC (Allocation Failure) [PSYoungGen: 74144K->34176K(94208K)] 289924K->249964K(671744K), 0.0074619 secs] [Times: user=0.04 sys=0.00, real=0.01 secs] 
786.132: [GC (Allocation Failure) [PSYoungGen: 74112K->1376K(100352K)] 289900K->217172K(677888K), 0.0034435 secs] [Times: user=0.01 sys=0.00, real=0.01 secs] 
787.318: [GC (Allocation Failure) [PSYoungGen: 45920K->160K(100352K)] 261716K->215964K(677888K), 0.0012265 secs] [Times: user=0.01 sys=0.00, real=0.00 secs] 
787.503: [GC (Allocation Failure) [PSYoungGen: 44704K->9600K(95232K)] 260508K->225404K(672768K), 0.0018960 secs] [Times: user=0.00 sys=0.00, real=0.01 secs] 
787.709: [GC (Allocation Failure) [PSYoungGen: 54144K->17824K(62464K)] 269948K->233636K(640000K), 0.0023963 secs] [Times: user=0.01 sys=0.00, real=0.00 secs] 
787.950: [GC (Allocation Failure) [PSYoungGen: 56034K->17808K(88576K)] 271846K->233620K(666112K), 0.0022973 secs] [Times: user=0.01 sys=0.01, real=0.00 secs] 
788.178: [GC (Allocation Failure) [PSYoungGen: 62352K->34176K(91648K)] 278164K->249988K(669184K), 0.0030881 secs] [Times: user=0.01 sys=0.00, real=0.00 secs] 
788.630: [GC (Allocation Failure) [PSYoungGen: 78720K->34144K(97280K)] 294532K->249988K(674816K), 0.0033759 secs] [Times: user=0.01 sys=0.00, real=0.00 secs] 
788.974: [GC (Allocation Failure) [PSYoungGen: 81248K->1376K(99840K)] 297092K->217228K(677376K), 0.0018773 secs] [Times: user=0.00 sys=0.00, real=0.00 secs] 
789.327: [GC (Allocation Failure) [PSYoungGen: 48480K->1408K(98816K)] 264332K->217268K(676352K), 0.0016305 secs] [Times: user=0.00 sys=0.00, real=0.00 secs] 
790.121: [GC (Allocation Failure) [PSYoungGen: 48512K->9664K(56832K)] 264372K->225524K(634368K), 0.0018142 secs] [Times: user=0.01 sys=0.00, real=0.00 secs] 
790.282: [GC (Allocation Failure) [PSYoungGen: 56768K->17824K(92160K)] 272628K->233684K(669696K), 0.0023554 secs] [Times: user=0.01 sys=0.00, real=0.01 secs] 
790.436: [GC (Allocation Failure) [PSYoungGen: 55471K->17808K(94720K)] 271331K->233676K(672256K), 0.0021173 secs] [Times: user=0.00 sys=0.00, real=0.00 secs] 
790.565: [GC (Allocation Failure) [PSYoungGen: 64912K->34208K(93696K)] 280780K->250076K(671232K), 0.0029591 secs] [Times: user=0.01 sys=0.00, real=0.00 secs] 
790.849: [GC (Allocation Failure) [PSYoungGen: 82848K->34176K(97280K)] 298716K->250052K(674816K), 0.0031439 secs] [Times: user=0.02 sys=0.00, real=0.00 secs] 
791.260: [GC (Allocation Failure) [PSYoungGen: 82816K->1392K(105472K)] 298692K->217292K(683008K), 0.0014466 secs] [Times: user=0.00 sys=0.00, real=0.00 secs] 
792.284: [GC (Allocation Failure) [PSYoungGen: 55664K->2432K(56832K)] 271564K->218340K(634368K), 0.0016490 secs] [Times: user=0.00 sys=0.00, real=0.00 secs] 
792.495: [GC (Allocation Failure) [PSYoungGen: 56238K->9584K(100864K)] 272146K->225500K(678400K), 0.0019447 secs] [Times: user=0.00 sys=0.00, real=0.00 secs] 
792.713: [GC (Allocation Failure) [PSYoungGen: 63856K->17840K(72192K)] 279772K->233756K(649728K), 0.0023054 secs] [Times: user=0.01 sys=0.00, real=0.01 secs] 
792.872: [GC (Allocation Failure) [PSYoungGen: 72112K->34208K(96768K)] 288028K->250132K(674304K), 0.0035991 secs] [Times: user=0.02 sys=0.00, real=0.01 secs] 
793.129: [GC (Allocation Failure) [PSYoungGen: 84896K->34208K(100352K)] 300820K->250140K(677888K), 0.0032462 secs] [Times: user=0.01 sys=0.00, real=0.00 secs] 
793.411: [GC (Allocation Failure) [PSYoungGen: 84896K->1408K(109568K)] 300828K->217348K(687104K), 0.0017530 secs] [Times: user=0.00 sys=0.00, real=0.00 secs] 
794.310: [GC (Allocation Failure) [PSYoungGen: 58240K->2432K(59392K)] 274180K->218380K(636928K), 0.0018795 secs] [Times: user=0.01 sys=0.00, real=0.00 secs] 
794.487: [GC (Allocation Failure) [PSYoungGen: 59264K->17840K(111616K)] 275212K->233796K(689152K), 0.0023114 secs] [Times: user=0.01 sys=0.00, real=0.00 secs] 
794.742: [GC (Allocation Failure) [PSYoungGen: 70507K->17776K(108544K)] 286464K->233748K(686080K), 0.0022697 secs] [Times: user=0.01 sys=0.00, real=0.01 secs] 
794.925: [GC (Allocation Failure) [PSYoungGen: 77680K->34176K(109056K)] 293652K->250164K(686592K), 0.0042566 secs] [Times: user=0.02 sys=0.01, real=0.00 secs] 
795.188: [GC (Allocation Failure) [PSYoungGen: 97152K->34144K(112640K)] 313140K->250140K(690176K), 0.0035848 secs] [Times: user=0.01 sys=0.00, real=0.00 secs] 
795.535: [GC (Allocation Failure) [PSYoungGen: 96896K->96K(121856K)] 312892K->216273K(699392K), 0.0015670 secs] [Times: user=0.01 sys=0.00, real=0.00 secs] 
796.550: [GC (Allocation Failure) [PSYoungGen: 66874K->9648K(79360K)] 283051K->225833K(656896K), 0.0021790 secs] [Times: user=0.01 sys=0.00, real=0.00 secs] 
796.985: [GC (Allocation Failure) [PSYoungGen: 73051K->17837K(113152K)] 289237K->234030K(690688K), 0.0023738 secs] [Times: user=0.01 sys=0.00, real=0.00 secs] 
797.445: [GC (Allocation Failure) [PSYoungGen: 86957K->34176K(116224K)] 303150K->250369K(693760K), 0.0033523 secs] [Times: user=0.02 sys=0.00, real=0.00 secs] 
798.180: [GC (Allocation Failure) [PSYoungGen: 102784K->1408K(118272K)] 318977K->217601K(695808K), 0.0019858 secs] [Times: user=0.01 sys=0.00, real=0.00 secs] 
799.478: [GC (Allocation Failure) [PSYoungGen: 69120K->3533K(71168K)] 285313K->219726K(648704K), 0.0017767 secs] [Times: user=0.00 sys=0.00, real=0.00 secs] 
799.729: [GC (Allocation Failure) [PSYoungGen: 71117K->17824K(111104K)] 287310K->234017K(688640K), 0.0024578 secs] [Times: user=0.01 sys=0.00, real=0.00 secs] 
799.959: [GC (Allocation Failure) [PSYoungGen: 84896K->34240K(113664K)] 301089K->250433K(691200K), 0.0032458 secs] [Times: user=0.02 sys=0.00, real=0.00 secs] 
800.246: [GC (Allocation Failure) [PSYoungGen: 100800K->34208K(114176K)] 316993K->250401K(691712K), 0.0037627 secs] [Times: user=0.02 sys=0.00, real=0.00 secs] 
800.519: [GC (Allocation Failure) [PSYoungGen: 97696K->1424K(64512K)] 313889K->217625K(642048K), 0.0017763 secs] [Times: user=0.00 sys=0.00, real=0.00 secs] 
801.451: [GC (Allocation Failure) [PSYoungGen: 64400K->5536K(112128K)] 280601K->221790K(689664K), 0.0017150 secs] [Times: user=0.01 sys=0.00, real=0.00 secs] 
801.888: [GC (Allocation Failure) [PSYoungGen: 68000K->17856K(79872K)] 284254K->234110K(657408K), 0.0027087 secs] [Times: user=0.02 sys=0.00, real=0.00 secs] 
802.322: [GC (Allocation Failure) [PSYoungGen: 79808K->34240K(107008K)] 296062K->250494K(684544K), 0.0032793 secs] [Times: user=0.02 sys=0.00, real=0.01 secs] 
802.875: [GC (Allocation Failure) [PSYoungGen: 92608K->34176K(110592K)] 308862K->250430K(688128K), 0.0044024 secs] [Times: user=0.02 sys=0.00, real=0.00 secs] 
803.591: [GC (Allocation Failure) [PSYoungGen: 92544K->1408K(112128K)] 308798K->217662K(689664K), 0.0024876 secs] [Times: user=0.01 sys=0.00, real=0.00 secs] 
804.877: [GC (Allocation Failure) [PSYoungGen: 59776K->3520K(61952K)] 276030K->219774K(639488K), 0.0036732 secs] [Times: user=0.00 sys=0.00, real=0.00 secs] 
805.088: [GC (Allocation Failure) [PSYoungGen: 61888K->17792K(105472K)] 278142K->234046K(683008K), 0.0022939 secs] [Times: user=0.01 sys=0.00, real=0.00 secs] 
805.304: [GC (Allocation Failure) [PSYoungGen: 70304K->17808K(76288K)] 286558K->234070K(653824K), 0.0020083 secs] [Times: user=0.01 sys=0.00, real=0.00 secs] 
805.532: [GC (Allocation Failure) [PSYoungGen: 76176K->34208K(101888K)] 292438K->250478K(679424K), 0.0030397 secs] [Times: user=0.01 sys=0.00, real=0.01 secs] 
805.956: [GC (Allocation Failure) [PSYoungGen: 88992K->34208K(105472K)] 305262K->250486K(683008K), 0.0034010 secs] [Times: user=0.01 sys=0.00, real=0.00 secs] 
806.382: [GC (Allocation Failure) [PSYoungGen: 88992K->1392K(108032K)] 305270K->217670K(685568K), 0.0017921 secs] [Times: user=0.01 sys=0.00, real=0.00 secs] 
807.310: [GC (Allocation Failure) [PSYoungGen: 54709K->5552K(60416K)] 270988K->221838K(637952K), 0.0017808 secs] [Times: user=0.01 sys=0.00, real=0.00 secs] 
807.487: [GC (Allocation Failure) [PSYoungGen: 60336K->17792K(100352K)] 276622K->234086K(677888K), 0.0024365 secs] [Times: user=0.01 sys=0.00, real=0.00 secs] 
807.649: [GC (Allocation Failure) [PSYoungGen: 57006K->17808K(72704K)] 273300K->234102K(650240K), 0.0020348 secs] [Times: user=0.01 sys=0.00, real=0.00 secs] 
807.811: [GC (Allocation Failure) [PSYoungGen: 72592K->34208K(96768K)] 288886K->250510K(674304K), 0.0029926 secs] [Times: user=0.01 sys=0.00, real=0.01 secs] 
808.062: [GC (Allocation Failure) [PSYoungGen: 85408K->34176K(100352K)] 301710K->250486K(677888K), 0.0034977 secs] [Times: user=0.02 sys=0.00, real=0.01 secs] 
808.407: [GC (Allocation Failure) [PSYoungGen: 85376K->1408K(108544K)] 301686K->217750K(686080K), 0.0015417 secs] [Times: user=0.01 sys=0.00, real=0.00 secs] 
810.339: [GC (Allocation Failure) [PSYoungGen: 58240K->5536K(62464K)] 274582K->221886K(640000K), 0.0037084 secs] [Times: user=0.02 sys=0.00, real=0.00 secs] 
810.910: [GC (Allocation Failure) [PSYoungGen: 62368K->17792K(101376K)] 278718K->234150K(678912K), 0.0048265 secs] [Times: user=0.02 sys=0.00, real=0.01 secs] 
811.440: [GC (Allocation Failure) [PSYoungGen: 62038K->17776K(74752K)] 278396K->234134K(652288K), 0.0048466 secs] [Times: user=0.02 sys=0.00, real=0.01 secs] 
811.729: [GC (Allocation Failure) [PSYoungGen: 74608K->34176K(98304K)] 290966K->250542K(675840K), 0.0046236 secs] [Times: user=0.03 sys=0.00, real=0.00 secs] 
812.143: [GC (Allocation Failure) [PSYoungGen: 87424K->34176K(101888K)] 303790K->250550K(679424K), 0.0046138 secs] [Times: user=0.02 sys=0.00, real=0.01 secs] 
812.539: [GC (Allocation Failure) [PSYoungGen: 87424K->1408K(98304K)] 303798K->217798K(675840K), 0.0021788 secs] [Times: user=0.01 sys=0.00, real=0.00 secs] 
813.833: [GC (Allocation Failure) [PSYoungGen: 54656K->5568K(58880K)] 271046K->221958K(636416K), 0.0022350 secs] [Times: user=0.01 sys=0.00, real=0.01 secs] 
814.337: [GC (Allocation Failure) [PSYoungGen: 58816K->17824K(97280K)] 275206K->234214K(674816K), 0.0039156 secs] [Times: user=0.01 sys=0.00, real=0.00 secs] 
814.823: [GC (Allocation Failure) [PSYoungGen: 62481K->17840K(71168K)] 278872K->234230K(648704K), 0.0028483 secs] [Times: user=0.02 sys=0.00, real=0.01 secs] 
815.209: [GC (Allocation Failure) [PSYoungGen: 71088K->34176K(94208K)] 287478K->250566K(671744K), 0.0045770 secs] [Times: user=0.03 sys=0.00, real=0.00 secs] 
815.739: [GC (Allocation Failure) [PSYoungGen: 83840K->34176K(97792K)] 300230K->250574K(675328K), 0.0048965 secs] [Times: user=0.02 sys=0.00, real=0.01 secs] 
816.233: [GC (Allocation Failure) [PSYoungGen: 83840K->1344K(99840K)] 300238K->217742K(677376K), 0.0023927 secs] [Times: user=0.01 sys=0.00, real=0.01 secs] 
817.419: [GC (Allocation Failure) [PSYoungGen: 50496K->2464K(51712K)] 266894K->218870K(629248K), 0.0015775 secs] [Times: user=0.01 sys=0.00, real=0.00 secs] 
817.910: [GC (Allocation Failure) [PSYoungGen: 51616K->9600K(95744K)] 268022K->226006K(673280K), 0.0018156 secs] [Times: user=0.01 sys=0.00, real=0.00 secs] 
818.279: [GC (Allocation Failure) [PSYoungGen: 58752K->17824K(67072K)] 275158K->234238K(644608K), 0.0024794 secs] [Times: user=0.01 sys=0.00, real=0.00 secs] 
818.555: [GC (Allocation Failure) [PSYoungGen: 66976K->34208K(91648K)] 283390K->250630K(669184K), 0.0036209 secs] [Times: user=0.01 sys=0.00, real=0.00 secs] 
819.019: [GC (Allocation Failure) [PSYoungGen: 79776K->34176K(95232K)] 296198K->250606K(672768K), 0.0033966 secs] [Times: user=0.02 sys=0.00, real=0.00 secs] 
819.560: [GC (Allocation Failure) [PSYoungGen: 79744K->1440K(97792K)] 296174K->217870K(675328K), 0.0018642 secs] [Times: user=0.01 sys=0.00, real=0.00 secs] 
820.138: [GC (Allocation Failure) [PSYoungGen: 47008K->1408K(47104K)] 263438K->217846K(624640K), 0.0019807 secs] [Times: user=0.01 sys=0.00, real=0.00 secs] 
821.313: [GC (Allocation Failure) [PSYoungGen: 46976K->5504K(94208K)] 263414K->221942K(671744K), 0.0019122 secs] [Times: user=0.01 sys=0.00, real=0.01 secs] 
821.517: [GC (Allocation Failure) [PSYoungGen: 51072K->17792K(63488K)] 267510K->234238K(641024K), 0.0025144 secs] [Times: user=0.01 sys=0.01, real=0.00 secs] 
821.706: [GC (Allocation Failure) [PSYoungGen: 63360K->17824K(88064K)] 279806K->234286K(665600K), 0.0025613 secs] [Times: user=0.01 sys=0.00, real=0.00 secs] 
821.828: [GC (Allocation Failure) [PSYoungGen: 63392K->34176K(90624K)] 279854K->250646K(668160K), 0.0032423 secs] [Times: user=0.01 sys=0.00, real=0.00 secs] 
822.018: [GC (Allocation Failure) [PSYoungGen: 79744K->34208K(97280K)] 296214K->250686K(674816K), 0.0032190 secs] [Times: user=0.01 sys=0.00, real=0.00 secs] 
822.319: [GC (Allocation Failure) [PSYoungGen: 82336K->1376K(100352K)] 298814K->217862K(677888K), 0.0015410 secs] [Times: user=0.01 sys=0.00, real=0.00 secs] 
822.697: [GC (Allocation Failure) [PSYoungGen: 49504K->1376K(104448K)] 265990K->217886K(681984K), 0.0019136 secs] [Times: user=0.00 sys=0.00, real=0.00 secs] 
823.734: [GC (Allocation Failure) [PSYoungGen: 55136K->9632K(63488K)] 271646K->226158K(641024K), 0.0021373 secs] [Times: user=0.01 sys=0.00, real=0.00 secs] 
823.925: [GC (Allocation Failure) [PSYoungGen: 63392K->17776K(98304K)] 279918K->234302K(675840K), 0.0024234 secs] [Times: user=0.01 sys=0.00, real=0.00 secs] 
824.082: [GC (Allocation Failure) [PSYoungGen: 71536K->34208K(100352K)] 288062K->250734K(677888K), 0.0033165 secs] [Times: user=0.02 sys=0.00, real=0.01 secs] 
824.307: [GC (Allocation Failure) [PSYoungGen: 87968K->34176K(107520K)] 304494K->250710K(685056K), 0.0041226 secs] [Times: user=0.02 sys=0.00, real=0.00 secs] 
824.547: [GC (Allocation Failure) [PSYoungGen: 91520K->1440K(110592K)] 308054K->217990K(688128K), 0.0016053 secs] [Times: user=0.01 sys=0.00, real=0.00 secs] 
825.842: [GC (Allocation Failure) [PSYoungGen: 58784K->2432K(114176K)] 275334K->218990K(691712K), 0.0035159 secs] [Times: user=0.02 sys=0.00, real=0.01 secs] 
827.079: [GC (Allocation Failure) [PSYoungGen: 66432K->17824K(81408K)] 282990K->234382K(658944K), 0.0058969 secs] [Times: user=0.02 sys=0.00, real=0.01 secs] 
827.919: [GC (Allocation Failure) [PSYoungGen: 72407K->17808K(106496K)] 288965K->234374K(684032K), 0.0048223 secs] [Times: user=0.02 sys=0.00, real=0.01 secs] 
828.134: [GC (Allocation Failure) [PSYoungGen: 80784K->34208K(109568K)] 297350K->250774K(687104K), 0.0035830 secs] [Times: user=0.02 sys=0.00, real=0.00 secs] 
828.468: [GC (Allocation Failure) [PSYoungGen: 97184K->1408K(103936K)] 313750K->217998K(681472K), 0.0020187 secs] [Times: user=0.01 sys=0.00, real=0.00 secs] 
829.685: [GC (Allocation Failure) [PSYoungGen: 63477K->256K(62464K)] 280067K->216854K(640000K), 0.0014027 secs] [Times: user=0.01 sys=0.00, real=0.00 secs] 
830.506: [GC (Allocation Failure) [PSYoungGen: 62208K->9600K(104960K)] 278806K->226206K(682496K), 0.0023474 secs] [Times: user=0.00 sys=0.00, real=0.00 secs] 
831.284: [GC (Allocation Failure) [PSYoungGen: 71040K->17824K(78848K)] 287646K->234438K(656384K), 0.0039972 secs] [Times: user=0.02 sys=0.00, real=0.00 secs] 
831.838: [GC (Allocation Failure) [PSYoungGen: 78752K->34208K(100864K)] 295366K->250822K(678400K), 0.0050465 secs] [Times: user=0.02 sys=0.01, real=0.00 secs] 
832.187: [GC (Allocation Failure) [PSYoungGen: 90528K->34208K(105472K)] 307142K->250822K(683008K), 0.0039591 secs] [Times: user=0.02 sys=0.00, real=0.00 secs] 
832.423: [GC (Allocation Failure) [PSYoungGen: 90528K->1408K(107520K)] 307142K->218022K(685056K), 0.0017011 secs] [Times: user=0.00 sys=0.01, real=0.01 secs] 
833.521: [GC (Allocation Failure) [PSYoungGen: 57728K->9632K(66048K)] 274342K->226254K(643584K), 0.0019143 secs] [Times: user=0.01 sys=0.00, real=0.00 secs] 
833.869: [GC (Allocation Failure) [PSYoungGen: 65952K->17824K(100864K)] 282574K->234454K(678400K), 0.0023750 secs] [Times: user=0.01 sys=0.00, real=0.00 secs] 
834.038: [GC (Allocation Failure) [PSYoungGen: 74144K->34208K(103424K)] 290774K->250838K(680960K), 0.0047623 secs] [Times: user=0.02 sys=0.00, real=0.00 secs] 
834.280: [GC (Allocation Failure) [PSYoungGen: 90528K->34176K(111104K)] 307158K->250814K(688640K), 0.0049815 secs] [Times: user=0.02 sys=0.00, real=0.01 secs] 
834.529: [GC (Allocation Failure) [PSYoungGen: 94592K->1408K(113664K)] 311230K->218070K(691200K), 0.0018186 secs] [Times: user=0.00 sys=0.00, real=0.00 secs] 
835.454: [GC (Allocation Failure) [PSYoungGen: 61824K->2464K(117248K)] 278486K->219134K(694784K), 0.0015118 secs] [Times: user=0.00 sys=0.00, real=0.00 secs] 
835.831: [GC (Allocation Failure) [PSYoungGen: 69536K->17792K(84480K)] 286206K->234462K(662016K), 0.0023274 secs] [Times: user=0.01 sys=0.00, real=0.01 secs] 
836.270: [GC (Allocation Failure) [PSYoungGen: 84352K->34208K(112128K)] 301022K->250894K(689664K), 0.0098791 secs] [Times: user=0.04 sys=0.01, real=0.01 secs] 
836.965: [GC (Allocation Failure) [PSYoungGen: 97184K->34208K(115712K)] 313870K->250902K(693248K), 0.0070583 secs] [Times: user=0.03 sys=0.00, real=0.00 secs] 
837.632: [GC (Allocation Failure) [PSYoungGen: 97184K->1440K(124416K)] 313878K->218142K(701952K), 0.0037714 secs] [Times: user=0.01 sys=0.00, real=0.01 secs] 
839.137: [GC (Allocation Failure) [PSYoungGen: 71584K->5504K(75264K)] 288286K->222238K(652800K), 0.0018134 secs] [Times: user=0.01 sys=0.00, real=0.00 secs] 
839.893: [GC (Allocation Failure) [PSYoungGen: 75136K->17792K(114688K)] 291870K->234526K(692224K), 0.0028018 secs] [Times: user=0.02 sys=0.00, real=0.01 secs] 
840.415: [GC (Allocation Failure) [PSYoungGen: 86912K->34176K(118272K)] 303646K->250910K(695808K), 0.0041596 secs] [Times: user=0.02 sys=0.00, real=0.00 secs] 
841.036: [GC (Allocation Failure) [PSYoungGen: 102784K->34176K(119808K)] 319518K->250910K(697344K), 0.0049726 secs] [Times: user=0.02 sys=0.00, real=0.00 secs] 
841.506: [GC (Allocation Failure) [PSYoungGen: 100736K->1344K(67584K)] 317470K->218078K(645120K), 0.0020424 secs] [Times: user=0.00 sys=0.00, real=0.00 secs] 
842.899: [GC (Allocation Failure) [PSYoungGen: 67392K->9632K(115200K)] 284126K->226366K(692736K), 0.0018557 secs] [Times: user=0.01 sys=0.00, real=0.00 secs] 
843.562: [GC (Allocation Failure) [PSYoungGen: 75168K->17792K(82944K)] 291902K->234526K(660480K), 0.0039937 secs] [Times: user=0.02 sys=0.00, real=0.01 secs] 
843.933: [GC (Allocation Failure) [PSYoungGen: 82816K->34176K(111616K)] 299550K->250918K(689152K), 0.0050200 secs] [Times: user=0.02 sys=0.00, real=0.01 secs] 
844.503: [GC (Allocation Failure) [PSYoungGen: 96128K->34144K(114176K)] 312870K->250886K(691712K), 0.0050507 secs] [Times: user=0.02 sys=0.00, real=0.01 secs] 
844.959: [GC (Allocation Failure) [PSYoungGen: 95584K->1344K(115200K)] 312326K->218094K(692736K), 0.0024245 secs] [Times: user=0.01 sys=0.00, real=0.00 secs] 
845.965: [GC (Allocation Failure) [PSYoungGen: 62272K->9648K(70144K)] 279022K->226414K(647680K), 0.0019234 secs] [Times: user=0.01 sys=0.00, real=0.00 secs] 
846.207: [GC (Allocation Failure) [PSYoungGen: 70064K->17792K(104960K)] 286830K->234566K(682496K), 0.0022574 secs] [Times: user=0.01 sys=0.00, real=0.00 secs] 
846.524: [GC (Allocation Failure) [PSYoungGen: 77696K->34208K(109056K)] 294470K->250990K(686592K), 0.0033566 secs] [Times: user=0.01 sys=0.00, real=0.01 secs] 
846.981: [GC (Allocation Failure) [PSYoungGen: 94112K->34208K(110080K)] 310894K->250990K(687616K), 0.0028993 secs] [Times: user=0.01 sys=0.00, real=0.00 secs] 
847.426: [GC (Allocation Failure) [PSYoungGen: 92064K->1408K(112128K)] 308846K->218198K(689664K), 0.0036022 secs] [Times: user=0.01 sys=0.00, real=0.00 secs] 
848.732: [GC (Allocation Failure) [PSYoungGen: 59264K->9632K(108032K)] 276054K->226430K(685568K), 0.0038098 secs] [Times: user=0.02 sys=0.00, real=0.01 secs] 
849.216: [GC (Allocation Failure) [PSYoungGen: 67488K->17824K(75776K)] 284286K->234630K(653312K), 0.0029390 secs] [Times: user=0.01 sys=0.00, real=0.00 secs] 
849.640: [GC (Allocation Failure) [PSYoungGen: 75680K->34208K(104448K)] 292486K->251022K(681984K), 0.0039966 secs] [Times: user=0.02 sys=0.00, real=0.01 secs] 
850.207: [GC (Allocation Failure) [PSYoungGen: 89504K->34208K(107008K)] 306318K->251022K(684544K), 0.0081160 secs] [Times: user=0.04 sys=0.00, real=0.01 secs] 
850.799: [GC (Allocation Failure) [PSYoungGen: 89504K->1440K(109568K)] 306318K->218262K(687104K), 0.0026628 secs] [Times: user=0.01 sys=0.00, real=0.00 secs] 
852.139: [GC (Allocation Failure) [PSYoungGen: 56711K->1712K(57344K)] 273534K->218558K(634880K), 0.0016981 secs] [Times: user=0.01 sys=0.00, real=0.00 secs] 
853.016: [GC (Allocation Failure) [PSYoungGen: 57008K->9632K(103936K)] 273854K->226486K(681472K), 0.0028099 secs] [Times: user=0.01 sys=0.00, real=0.00 secs] 
853.603: [GC (Allocation Failure) [PSYoungGen: 64928K->17824K(73216K)] 281782K->234686K(650752K), 0.0036780 secs] [Times: user=0.01 sys=0.00, real=0.01 secs] 
854.178: [GC (Allocation Failure) [PSYoungGen: 73120K->34144K(100864K)] 289982K->251006K(678400K), 0.0053112 secs] [Times: user=0.02 sys=0.00, real=0.00 secs] 
854.801: [GC (Allocation Failure) [PSYoungGen: 86368K->34208K(103936K)] 303230K->251078K(681472K), 0.0050350 secs] [Times: user=0.03 sys=0.00, real=0.01 secs] 
855.225: [GC (Allocation Failure) [PSYoungGen: 86432K->1408K(105472K)] 303302K->218286K(683008K), 0.0023997 secs] [Times: user=0.01 sys=0.00, real=0.00 secs] 
856.412: [GC (Allocation Failure) [PSYoungGen: 53632K->3520K(55808K)] 270510K->220406K(633344K), 0.0017268 secs] [Times: user=0.01 sys=0.00, real=0.00 secs] 
856.679: [GC (Allocation Failure) [PSYoungGen: 54531K->9584K(100864K)] 271418K->226478K(678400K), 0.0018155 secs] [Times: user=0.00 sys=0.00, real=0.00 secs] 
857.035: [GC (Allocation Failure) [PSYoungGen: 61808K->17760K(70144K)] 278702K->234654K(647680K), 0.0025299 secs] [Times: user=0.01 sys=0.00, real=0.00 secs] 
857.309: [GC (Allocation Failure) [PSYoungGen: 69984K->34208K(96256K)] 286878K->251110K(673792K), 0.0053666 secs] [Times: user=0.03 sys=0.00, real=0.01 secs] 
857.752: [GC (Allocation Failure) [PSYoungGen: 82848K->34208K(99840K)] 299750K->251126K(677376K), 0.0060972 secs] [Times: user=0.03 sys=0.00, real=0.01 secs] 
858.121: [GC (Allocation Failure) [PSYoungGen: 82848K->1376K(96768K)] 299766K->218310K(674304K), 0.0024170 secs] [Times: user=0.00 sys=0.00, real=0.01 secs] 
859.246: [GC (Allocation Failure) [PSYoungGen: 50016K->160K(49152K)] 266950K->217094K(626688K), 0.0015501 secs] [Times: user=0.00 sys=0.00, real=0.00 secs] 
859.680: [GC (Allocation Failure) [PSYoungGen: 48800K->9632K(96768K)] 265734K->226566K(674304K), 0.0019890 secs] [Times: user=0.01 sys=0.00, real=0.00 secs] 
860.003: [GC (Allocation Failure) [PSYoungGen: 58272K->17792K(66560K)] 275206K->234734K(644096K), 0.0029756 secs] [Times: user=0.01 sys=0.00, real=0.01 secs] 
860.139: [GC (Allocation Failure) [PSYoungGen: 66432K->34176K(93184K)] 283374K->251118K(670720K), 0.0040399 secs] [Times: user=0.02 sys=0.00, real=0.00 secs] 
860.330: [GC (Allocation Failure) [PSYoungGen: 79232K->34176K(96768K)] 296174K->251134K(674304K), 0.0041482 secs] [Times: user=0.02 sys=0.00, real=0.01 secs] 
860.519: [GC (Allocation Failure) [PSYoungGen: 79232K->34176K(103424K)] 296190K->251142K(680960K), 0.0034704 secs] [Times: user=0.01 sys=0.00, real=0.00 secs] 
860.738: [GC (Allocation Failure) [PSYoungGen: 83328K->1376K(105472K)] 300294K->218358K(683008K), 0.0017473 secs] [Times: user=0.01 sys=0.00, real=0.00 secs] 
861.603: [GC (Allocation Failure) [PSYoungGen: 50528K->5536K(108032K)] 267510K->222526K(685568K), 0.0018027 secs] [Times: user=0.00 sys=0.00, real=0.01 secs] 
861.842: [GC (Allocation Failure) [PSYoungGen: 60832K->17792K(110080K)] 277822K->234790K(687616K), 0.0022032 secs] [Times: user=0.01 sys=0.00, real=0.01 secs] 
862.053: [GC (Allocation Failure) [PSYoungGen: 68637K->17808K(106496K)] 285635K->234822K(684032K), 0.0020926 secs] [Times: user=0.01 sys=0.00, real=0.01 secs] 
862.270: [GC (Allocation Failure) [PSYoungGen: 79248K->34176K(109568K)] 296262K->251214K(687104K), 0.0051312 secs] [Times: user=0.02 sys=0.00, real=0.01 secs] 
862.560: [GC (Allocation Failure) [PSYoungGen: 95616K->34208K(118272K)] 312654K->251254K(695808K), 0.0058510 secs] [Times: user=0.03 sys=0.00, real=0.01 secs] 
863.767: [GC (Allocation Failure) [PSYoungGen: 101280K->1568K(120320K)] 318326K->218622K(697856K), 0.0015115 secs] [Times: user=0.00 sys=0.00, real=0.00 secs] 
864.348: [GC (Allocation Failure) [PSYoungGen: 63616K->9616K(124416K)] 280670K->226694K(701952K), 0.0030890 secs] [Times: user=0.01 sys=0.00, real=0.00 secs] 
864.892: [GC (Allocation Failure) [PSYoungGen: 72631K->17808K(92160K)] 289710K->234894K(669696K), 0.0039517 secs] [Times: user=0.01 sys=0.00, real=0.01 secs] 
865.326: [GC (Allocation Failure) [PSYoungGen: 92048K->34176K(119296K)] 309134K->251262K(696832K), 0.0049659 secs] [Times: user=0.03 sys=0.00, real=0.00 secs] 
866.012: [GC (Allocation Failure) [PSYoungGen: 105344K->64K(71168K)] 322430K->218461K(648704K), 0.0021331 secs] [Times: user=0.01 sys=0.00, real=0.01 secs] 
867.591: [GC (Allocation Failure) [PSYoungGen: 70720K->5568K(118784K)] 289117K->223973K(696320K), 0.0018978 secs] [Times: user=0.01 sys=0.00, real=0.00 secs] 
868.214: [GC (Allocation Failure) [PSYoungGen: 75712K->17824K(87552K)] 294117K->236229K(665088K), 0.0031944 secs] [Times: user=0.01 sys=0.00, real=0.00 secs] 
868.496: [GC (Allocation Failure) [PSYoungGen: 87456K->34176K(113152K)] 305861K->252581K(690688K), 0.0037207 secs] [Times: user=0.02 sys=0.00, real=0.00 secs] 
868.797: [GC (Allocation Failure) [PSYoungGen: 100224K->34240K(116224K)] 318629K->252645K(693760K), 0.0034361 secs] [Times: user=0.02 sys=0.00, real=0.00 secs] 
869.070: [GC (Allocation Failure) [PSYoungGen: 99776K->1440K(117760K)] 318181K->219853K(695296K), 0.0017954 secs] [Times: user=0.00 sys=0.01, real=0.00 secs] 
870.473: [GC (Allocation Failure) [PSYoungGen: 66464K->9632K(74240K)] 284877K->228053K(651776K), 0.0044390 secs] [Times: user=0.02 sys=0.00, real=0.01 secs] 
870.911: [GC (Allocation Failure) [PSYoungGen: 74144K->17856K(108544K)] 292565K->236277K(686080K), 0.0048807 secs] [Times: user=0.02 sys=0.00, real=0.01 secs] 
871.324: [GC (Allocation Failure) [PSYoungGen: 81856K->34144K(111616K)] 300277K->252618K(689152K), 0.0052507 secs] [Times: user=0.02 sys=0.00, real=0.01 secs] 
873.683: [GC (Allocation Failure) [PSYoungGen: 97632K->34144K(112128K)] 316106K->252626K(689664K), 0.0054171 secs] [Times: user=0.02 sys=0.00, real=0.01 secs] 
874.837: [GC (Allocation Failure) [PSYoungGen: 95072K->1424K(61952K)] 313554K->219906K(639488K), 0.0027814 secs] [Times: user=0.01 sys=0.00, real=0.00 secs] 
876.057: [GC (Allocation Failure) [PSYoungGen: 61840K->9664K(109056K)] 280322K->228146K(686592K), 0.0021910 secs] [Times: user=0.01 sys=0.00, real=0.00 secs] 
876.285: [GC (Allocation Failure) [PSYoungGen: 69568K->17824K(77824K)] 288050K->236306K(655360K), 0.0024392 secs] [Times: user=0.01 sys=0.00, real=0.00 secs] 
876.517: [GC (Allocation Failure) [PSYoungGen: 77728K->34208K(104960K)] 296210K->252690K(682496K), 0.0035657 secs] [Times: user=0.01 sys=0.00, real=0.00 secs] 
876.760: [GC (Allocation Failure) [PSYoungGen: 91040K->34208K(108032K)] 309522K->252698K(685568K), 0.0035237 secs] [Times: user=0.02 sys=0.00, real=0.00 secs] 
877.023: [GC (Allocation Failure) [PSYoungGen: 91040K->1376K(103936K)] 309530K->219874K(681472K), 0.0019070 secs] [Times: user=0.00 sys=0.00, real=0.01 secs] 
877.977: [GC (Allocation Failure) [PSYoungGen: 58208K->5568K(62464K)] 276706K->224074K(640000K), 0.0019303 secs] [Times: user=0.01 sys=0.00, real=0.00 secs] 
878.169: [GC (Allocation Failure) [PSYoungGen: 62400K->17824K(102400K)] 280906K->236330K(679936K), 0.0025851 secs] [Times: user=0.01 sys=0.00, real=0.00 secs] 
878.401: [GC (Allocation Failure) [PSYoungGen: 61006K->17808K(74752K)] 279513K->236322K(652288K), 0.0023935 secs] [Times: user=0.01 sys=0.00, real=0.01 secs] 
878.573: [GC (Allocation Failure) [PSYoungGen: 74640K->34208K(99328K)] 293154K->252730K(676864K), 0.0033510 secs] [Times: user=0.01 sys=0.00, real=0.01 secs] 
878.848: [GC (Allocation Failure) [PSYoungGen: 87456K->34192K(102912K)] 305978K->252746K(680448K), 0.0032786 secs] [Times: user=0.02 sys=0.00, real=0.00 secs] 
879.100: [GC (Allocation Failure) [PSYoungGen: 87440K->1408K(111616K)] 305994K->219986K(689152K), 0.0016703 secs] [Times: user=0.01 sys=0.00, real=0.00 secs] 
880.701: [GC (Allocation Failure) [PSYoungGen: 58720K->5552K(65024K)] 277299K->224138K(642560K), 0.0033554 secs] [Times: user=0.01 sys=0.00, real=0.01 secs] 
881.193: [GC (Allocation Failure) [PSYoungGen: 64944K->17824K(104448K)] 283530K->236418K(681984K), 0.0034179 secs] [Times: user=0.01 sys=0.00, real=0.01 secs] 
881.544: [GC (Allocation Failure) [PSYoungGen: 77216K->34176K(107520K)] 295810K->252770K(685056K), 0.0049908 secs] [Times: user=0.02 sys=0.00, real=0.00 secs] 
881.997: [GC (Allocation Failure) [PSYoungGen: 93568K->34176K(115200K)] 312162K->252778K(692736K), 0.0056435 secs] [Times: user=0.03 sys=0.00, real=0.00 secs] 
882.265: [GC (Allocation Failure) [PSYoungGen: 98176K->1392K(65024K)] 316778K->220002K(642560K), 0.0018522 secs] [Times: user=0.00 sys=0.00, real=0.00 secs] 
883.474: [GC (Allocation Failure) [PSYoungGen: 64880K->5536K(113664K)] 283490K->224154K(691200K), 0.0024219 secs] [Times: user=0.01 sys=0.00, real=0.00 secs] 
884.087: [GC (Allocation Failure) [PSYoungGen: 68512K->17792K(80384K)] 287130K->236410K(657920K), 0.0028182 secs] [Times: user=0.02 sys=0.00, real=0.00 secs] 
884.502: [GC (Allocation Failure) [PSYoungGen: 80256K->34144K(108544K)] 298874K->252762K(686080K), 0.0039690 secs] [Times: user=0.02 sys=0.00, real=0.01 secs] 
884.949: [GC (Allocation Failure) [PSYoungGen: 93536K->34208K(111616K)] 312154K->252826K(689152K), 0.0049734 secs] [Times: user=0.03 sys=0.00, real=0.01 secs] 
885.201: [GC (Allocation Failure) [PSYoungGen: 93600K->1376K(113664K)] 312218K->219994K(691200K), 0.0020962 secs] [Times: user=0.00 sys=0.00, real=0.00 secs] 
886.736: [GC (Allocation Failure) [PSYoungGen: 60768K->2464K(61952K)] 279386K->221090K(639488K), 0.0023246 secs] [Times: user=0.01 sys=0.00, real=0.00 secs] 
887.422: [GC (Allocation Failure) [PSYoungGen: 61856K->17792K(106496K)] 280482K->236418K(684032K), 0.0031439 secs] [Times: user=0.01 sys=0.00, real=0.01 secs] 
888.978: [GC (Allocation Failure) [PSYoungGen: 71225K->17808K(77312K)] 289852K->236434K(654848K), 0.0051402 secs] [Times: user=0.02 sys=0.00, real=0.00 secs] 
889.579: [GC (Allocation Failure) [PSYoungGen: 77200K->34144K(103424K)] 295826K->252770K(680960K), 0.0070691 secs] [Times: user=0.04 sys=0.00, real=0.01 secs] 
890.203: [GC (Allocation Failure) [PSYoungGen: 90464K->34176K(106496K)] 309090K->252802K(684032K), 0.0048912 secs] [Times: user=0.03 sys=0.00, real=0.01 secs] 
890.812: [GC (Allocation Failure) [PSYoungGen: 90496K->1408K(109056K)] 309122K->220050K(686592K), 0.0022178 secs] [Times: user=0.01 sys=0.00, real=0.01 secs] 
892.462: [GC (Allocation Failure) [PSYoungGen: 57728K->9664K(66048K)] 276370K->228314K(643584K), 0.0029415 secs] [Times: user=0.01 sys=0.00, real=0.01 secs] 
892.967: [GC (Allocation Failure) [PSYoungGen: 65984K->17792K(100352K)] 284634K->236450K(677888K), 0.0026315 secs] [Times: user=0.01 sys=0.00, real=0.00 secs] 
893.399: [GC (Allocation Failure) [PSYoungGen: 74112K->34208K(103936K)] 292770K->252866K(681472K), 0.0036916 secs] [Times: user=0.01 sys=0.00, real=0.00 secs] 
893.965: [GC (Allocation Failure) [PSYoungGen: 90528K->34176K(104448K)] 309186K->252842K(681984K), 0.0034231 secs] [Times: user=0.02 sys=0.00, real=0.00 secs] 
894.419: [GC (Allocation Failure) [PSYoungGen: 87936K->1376K(107008K)] 306602K->220058K(684544K), 0.0020618 secs] [Times: user=0.01 sys=0.00, real=0.00 secs] 
895.505: [GC (Allocation Failure) [PSYoungGen: 55136K->1472K(105984K)] 273818K->220170K(683520K), 0.0014927 secs] [Times: user=0.00 sys=0.00, real=0.00 secs] 
895.893: [GC (Allocation Failure) [PSYoungGen: 55232K->9600K(63488K)] 273930K->228306K(641024K), 0.0019382 secs] [Times: user=0.01 sys=0.00, real=0.01 secs] 
896.257: [GC (Allocation Failure) [PSYoungGen: 63360K->17792K(98304K)] 282066K->236506K(675840K), 0.0025311 secs] [Times: user=0.01 sys=0.00, real=0.00 secs] 
896.547: [GC (Allocation Failure) [PSYoungGen: 71552K->34176K(101376K)] 290266K->252898K(678912K), 0.0035463 secs] [Times: user=0.01 sys=0.00, real=0.00 secs] 
896.772: [GC (Allocation Failure) [PSYoungGen: 87936K->34176K(102400K)] 306658K->252898K(679936K), 0.0037198 secs] [Times: user=0.02 sys=0.00, real=0.01 secs] 
896.986: [GC (Allocation Failure) [PSYoungGen: 85376K->1408K(104960K)] 304098K->220138K(682496K), 0.0015829 secs] [Times: user=0.01 sys=0.00, real=0.00 secs] 
898.449: [GC (Allocation Failure) [PSYoungGen: 52608K->1712K(102912K)] 271338K->220450K(680448K), 0.0026547 secs] [Times: user=0.01 sys=0.00, real=0.00 secs] 
899.163: [GC (Allocation Failure) [PSYoungGen: 52912K->9632K(60928K)] 271650K->228378K(638464K), 0.0030660 secs] [Times: user=0.01 sys=0.00, real=0.01 secs] 
899.772: [GC (Allocation Failure) [PSYoungGen: 60832K->17824K(96256K)] 279578K->236570K(673792K), 0.0068190 secs] [Times: user=0.03 sys=0.00, real=0.01 secs] 
900.142: [GC (Allocation Failure) [PSYoungGen: 69024K->34208K(98816K)] 287770K->252962K(676352K), 0.0062221 secs] [Times: user=0.03 sys=0.00, real=0.01 secs] 
900.761: [GC (Allocation Failure) [PSYoungGen: 85408K->34176K(104960K)] 304162K->252938K(682496K), 0.0075512 secs] [Times: user=0.03 sys=0.00, real=0.01 secs] 
901.271: [GC (Allocation Failure) [PSYoungGen: 87936K->1376K(55296K)] 306698K->220146K(632832K), 0.0024106 secs] [Times: user=0.01 sys=0.00, real=0.01 secs] 
902.807: [GC (Allocation Failure) [PSYoungGen: 55103K->1584K(105472K)] 273874K->220362K(683008K), 0.0016828 secs] [Times: user=0.00 sys=0.00, real=0.00 secs] 
903.039: [GC (Allocation Failure) [PSYoungGen: 55344K->9632K(63488K)] 274122K->228410K(641024K), 0.0019825 secs] [Times: user=0.00 sys=0.00, real=0.00 secs] 
903.318: [GC (Allocation Failure) [PSYoungGen: 63392K->17792K(98816K)] 282170K->236570K(676352K), 0.0024091 secs] [Times: user=0.01 sys=0.00, real=0.00 secs] 
903.580: [GC (Allocation Failure) [PSYoungGen: 71552K->34176K(101376K)] 290330K->252970K(678912K), 0.0037731 secs] [Times: user=0.01 sys=0.01, real=0.01 secs] 
903.966: [GC (Allocation Failure) [PSYoungGen: 87936K->34208K(101888K)] 306730K->253010K(679424K), 0.0046622 secs] [Times: user=0.02 sys=0.00, real=0.00 secs] 
904.321: [GC (Allocation Failure) [PSYoungGen: 84896K->1376K(52224K)] 303698K->220186K(629760K), 0.0024977 secs] [Times: user=0.01 sys=0.00, real=0.01 secs] 
905.476: [GC (Allocation Failure) [PSYoungGen: 52064K->2496K(102400K)] 270874K->221306K(679936K), 0.0016303 secs] [Times: user=0.00 sys=0.00, real=0.00 secs] 
905.664: [GC (Allocation Failure) [PSYoungGen: 53184K->9568K(60416K)] 271994K->228378K(637952K), 0.0026108 secs] [Times: user=0.01 sys=0.00, real=0.00 secs] 
905.842: [GC (Allocation Failure) [PSYoungGen: 60256K->17824K(103424K)] 279066K->236642K(680960K), 0.0023412 secs] [Times: user=0.01 sys=0.00, real=0.01 secs] 
906.041: [GC (Allocation Failure) [PSYoungGen: 71072K->34208K(100864K)] 289890K->253042K(678400K), 0.0032939 secs] [Times: user=0.02 sys=0.00, real=0.01 secs] 
906.264: [GC (Allocation Failure) [PSYoungGen: 87456K->34176K(107520K)] 306290K->253018K(685056K), 0.0037443 secs] [Times: user=0.02 sys=0.00, real=0.00 secs] 
906.499: [GC (Allocation Failure) [PSYoungGen: 90496K->1408K(110592K)] 309338K->220258K(688128K), 0.0016652 secs] [Times: user=0.01 sys=0.00, real=0.00 secs] 
907.851: [GC (Allocation Failure) [PSYoungGen: 57728K->2464K(101376K)] 276578K->221338K(678912K), 0.0034878 secs] [Times: user=0.01 sys=0.00, real=0.01 secs] 
908.548: [GC (Allocation Failure) [PSYoungGen: 54772K->9584K(66048K)] 273647K->228466K(643584K), 0.0028348 secs] [Times: user=0.01 sys=0.00, real=0.00 secs] 
908.984: [GC (Allocation Failure) [PSYoungGen: 65904K->17792K(101376K)] 284786K->236674K(678912K), 0.0033612 secs] [Times: user=0.01 sys=0.00, real=0.00 secs] 
909.298: [GC (Allocation Failure) [PSYoungGen: 74112K->34144K(103936K)] 292994K->253026K(681472K), 0.0038495 secs] [Times: user=0.01 sys=0.00, real=0.00 secs] 
909.678: [GC (Allocation Failure) [PSYoungGen: 90464K->34144K(104448K)] 309346K->253034K(681984K), 0.0042858 secs] [Times: user=0.02 sys=0.00, real=0.00 secs] 
910.070: [GC (Allocation Failure) [PSYoungGen: 87392K->1424K(54784K)] 306282K->220314K(632320K), 0.0020846 secs] [Times: user=0.01 sys=0.01, real=0.00 secs] 
911.164: [GC (Allocation Failure) [PSYoungGen: 54672K->5568K(103936K)] 273562K->224466K(681472K), 0.0018901 secs] [Times: user=0.00 sys=0.00, real=0.01 secs] 
911.519: [GC (Allocation Failure) [PSYoungGen: 58816K->17792K(71168K)] 277714K->236690K(648704K), 0.0026767 secs] [Times: user=0.01 sys=0.00, real=0.00 secs] 
911.867: [GC (Allocation Failure) [PSYoungGen: 65675K->17840K(97280K)] 284574K->236738K(674816K), 0.0033114 secs] [Times: user=0.02 sys=0.00, real=0.00 secs] 
912.047: [GC (Allocation Failure) [PSYoungGen: 71088K->34144K(99840K)] 289986K->253042K(677376K), 0.0040289 secs] [Times: user=0.01 sys=0.00, real=0.00 secs] 
912.284: [GC (Allocation Failure) [PSYoungGen: 87392K->34208K(107008K)] 306290K->253122K(684544K), 0.0033612 secs] [Times: user=0.02 sys=0.00, real=0.00 secs] 
912.657: [GC (Allocation Failure) [PSYoungGen: 91040K->1408K(109568K)] 309954K->220330K(687104K), 0.0017667 secs] [Times: user=0.00 sys=0.00, real=0.00 secs] 
913.785: [GC (Allocation Failure) [PSYoungGen: 58240K->5504K(99840K)] 277162K->224434K(677376K), 0.0020339 secs] [Times: user=0.01 sys=0.00, real=0.00 secs] 
914.272: [GC (Allocation Failure) [PSYoungGen: 62336K->17792K(74752K)] 281266K->236730K(652288K), 0.0024150 secs] [Times: user=0.01 sys=0.00, real=0.01 secs] 
914.892: [GC (Allocation Failure) [PSYoungGen: 74624K->34208K(101376K)] 293562K->253146K(678912K), 0.0047927 secs] [Times: user=0.03 sys=0.00, real=0.01 secs] 
915.748: [GC (Allocation Failure) [PSYoungGen: 87456K->34176K(104960K)] 306394K->253114K(682496K), 0.0072977 secs] [Times: user=0.04 sys=0.00, real=0.01 secs] 
916.532: [GC (Allocation Failure) [PSYoungGen: 87424K->1392K(106496K)] 306362K->220330K(684032K), 0.0028791 secs] [Times: user=0.01 sys=0.00, real=0.01 secs] 
917.201: [GC (Allocation Failure) [PSYoungGen: 54640K->1440K(54784K)] 273578K->220386K(632320K), 0.0027957 secs] [Times: user=0.01 sys=0.00, real=0.01 secs] 
918.505: [GC (Allocation Failure) [PSYoungGen: 54688K->9664K(101376K)] 273634K->228618K(678912K), 0.0022974 secs] [Times: user=0.01 sys=0.00, real=0.00 secs] 
918.884: [GC (Allocation Failure) [PSYoungGen: 62912K->17792K(71168K)] 281866K->236746K(648704K), 0.0056110 secs] [Times: user=0.03 sys=0.00, real=0.00 secs] 
919.197: [GC (Allocation Failure) [PSYoungGen: 71040K->34208K(97792K)] 289994K->253170K(675328K), 0.0047400 secs] [Times: user=0.02 sys=0.00, real=0.00 secs] 
919.609: [GC (Allocation Failure) [PSYoungGen: 83872K->34208K(101376K)] 302834K->253178K(678912K), 0.0050251 secs] [Times: user=0.02 sys=0.01, real=0.01 secs] 
920.001: [GC (Allocation Failure) [PSYoungGen: 83872K->34176K(107520K)] 302842K->253154K(685056K), 0.0041031 secs] [Times: user=0.02 sys=0.00, real=0.01 secs] 
920.392: [GC (Allocation Failure) [PSYoungGen: 87424K->1376K(54784K)] 306402K->220362K(632320K), 0.0018851 secs] [Times: user=0.01 sys=0.00, real=0.01 secs] 
922.084: [GC (Allocation Failure) [PSYoungGen: 54624K->9664K(104960K)] 273610K->228674K(682496K), 0.0047822 secs] [Times: user=0.02 sys=0.00, real=0.00 secs] 
922.960: [GC (Allocation Failure) [PSYoungGen: 62912K->17856K(71168K)] 281922K->236866K(648704K), 0.0055674 secs] [Times: user=0.03 sys=0.00, real=0.01 secs] 
923.694: [GC (Allocation Failure) [PSYoungGen: 71104K->34176K(101376K)] 290114K->253186K(678912K), 0.0066580 secs] [Times: user=0.04 sys=0.00, real=0.01 secs] 
924.693: [GC (Allocation Failure) [PSYoungGen: 84864K->34208K(103936K)] 303874K->253226K(681472K), 0.0092183 secs] [Times: user=0.04 sys=0.00, real=0.01 secs] 
925.228: [GC (Allocation Failure) [PSYoungGen: 84896K->34176K(104448K)] 303914K->253202K(681984K), 0.0050010 secs] [Times: user=0.02 sys=0.00, real=0.00 secs] 
925.811: [GC (Allocation Failure) [PSYoungGen: 83328K->1408K(105984K)] 302354K->220442K(683520K), 0.0022748 secs] [Times: user=0.00 sys=0.00, real=0.01 secs] 
927.579: [GC (Allocation Failure) [PSYoungGen: 48864K->5584K(103936K)] 267898K->224618K(681472K), 0.0036813 secs] [Times: user=0.01 sys=0.00, real=0.00 secs] 
927.901: [GC (Allocation Failure) [PSYoungGen: 54736K->17824K(67072K)] 273770K->236866K(644608K), 0.0033351 secs] [Times: user=0.02 sys=0.00, real=0.01 secs] 
928.294: [GC (Allocation Failure) [PSYoungGen: 62816K->17808K(95232K)] 281858K->236850K(672768K), 0.0029425 secs] [Times: user=0.01 sys=0.00, real=0.00 secs] 
928.527: [GC (Allocation Failure) [PSYoungGen: 66960K->34176K(98304K)] 286002K->253226K(675840K), 0.0042647 secs] [Times: user=0.02 sys=0.00, real=0.00 secs] 
928.733: [GC (Allocation Failure) [PSYoungGen: 83328K->34208K(104448K)] 302378K->253266K(681984K), 0.0034146 secs] [Times: user=0.01 sys=0.00, real=0.01 secs] 
928.953: [GC (Allocation Failure) [PSYoungGen: 86944K->1376K(106496K)] 306002K->220434K(684032K), 0.0015728 secs] [Times: user=0.01 sys=0.00, real=0.01 secs] 
930.205: [GC (Allocation Failure) [PSYoungGen: 54112K->2432K(99840K)] 273170K->221506K(677376K), 0.0032729 secs] [Times: user=0.01 sys=0.00, real=0.00 secs] 
930.822: [GC (Allocation Failure) [PSYoungGen: 50665K->9616K(62464K)] 269740K->228714K(640000K), 0.0038794 secs] [Times: user=0.01 sys=0.00, real=0.01 secs] 
931.475: [GC (Allocation Failure) [PSYoungGen: 62352K->17792K(97792K)] 281450K->236890K(675328K), 0.0038687 secs] [Times: user=0.01 sys=0.00, real=0.00 secs] 
931.993: [GC (Allocation Failure) [PSYoungGen: 70528K->34176K(100864K)] 289626K->253274K(678400K), 0.0060825 secs] [Times: user=0.03 sys=0.00, real=0.01 secs] 
932.599: [GC (Allocation Failure) [PSYoungGen: 86912K->34176K(102400K)] 306010K->253282K(679936K), 0.0051549 secs] [Times: user=0.02 sys=0.00, real=0.01 secs] 
933.037: [GC (Allocation Failure) [PSYoungGen: 84864K->1376K(104448K)] 303970K->220482K(681984K), 0.0028419 secs] [Times: user=0.01 sys=0.00, real=0.00 secs] 
934.035: [GC (Allocation Failure) [PSYoungGen: 52064K->2480K(103424K)] 271170K->221586K(680960K), 0.0015794 secs] [Times: user=0.01 sys=0.00, real=0.00 secs] 
934.216: [GC (Allocation Failure) [PSYoungGen: 53168K->9632K(60416K)] 272274K->228738K(637952K), 0.0017938 secs] [Times: user=0.00 sys=0.00, real=0.00 secs] 
934.427: [GC (Allocation Failure) [PSYoungGen: 60320K->17824K(96256K)] 279426K->236938K(673792K), 0.0025551 secs] [Times: user=0.01 sys=0.00, real=0.00 secs] 
934.570: [GC (Allocation Failure) [PSYoungGen: 68512K->34176K(98816K)] 287626K->253298K(676352K), 0.0032201 secs] [Times: user=0.02 sys=0.00, real=0.00 secs] 
934.799: [GC (Allocation Failure) [PSYoungGen: 84864K->34208K(104960K)] 303986K->253338K(682496K), 0.0034854 secs] [Times: user=0.02 sys=0.00, real=0.00 secs] 
935.023: [GC (Allocation Failure) [PSYoungGen: 87968K->1440K(108032K)] 307098K->220578K(685568K), 0.0016314 secs] [Times: user=0.01 sys=0.00, real=0.01 secs] 
936.286: [GC (Allocation Failure) [PSYoungGen: 55136K->1712K(99328K)] 274275K->220866K(676864K), 0.0014110 secs] [Times: user=0.01 sys=0.00, real=0.00 secs] 
936.854: [GC (Allocation Failure) [PSYoungGen: 55472K->9600K(63488K)] 274626K->228762K(641024K), 0.0019976 secs] [Times: user=0.01 sys=0.00, real=0.00 secs] 
937.406: [GC (Allocation Failure) [PSYoungGen: 63360K->17792K(98816K)] 282522K->236954K(676352K), 0.0035195 secs] [Times: user=0.01 sys=0.00, real=0.00 secs] 
937.812: [GC (Allocation Failure) [PSYoungGen: 71552K->34176K(101376K)] 290714K->253338K(678912K), 0.0050562 secs] [Times: user=0.03 sys=0.00, real=0.01 secs] 
938.374: [GC (Allocation Failure) [PSYoungGen: 87936K->34208K(101888K)] 307098K->253378K(679424K), 0.0073292 secs] [Times: user=0.04 sys=0.00, real=0.00 secs] 
938.885: [GC (Allocation Failure) [PSYoungGen: 84896K->1424K(52224K)] 304066K->220602K(629760K), 0.0027738 secs] [Times: user=0.00 sys=0.00, real=0.00 secs] 
940.048: [GC (Allocation Failure) [PSYoungGen: 52112K->1952K(102400K)] 271290K->221146K(679936K), 0.0016275 secs] [Times: user=0.00 sys=0.00, real=0.00 secs] 
940.229: [GC (Allocation Failure) [PSYoungGen: 52640K->9600K(60416K)] 271834K->228794K(637952K), 0.0016742 secs] [Times: user=0.01 sys=0.00, real=0.00 secs] 
940.442: [GC (Allocation Failure) [PSYoungGen: 60288K->17824K(95744K)] 279482K->237026K(673280K), 0.0021851 secs] [Times: user=0.00 sys=0.00, real=0.01 secs] 
940.634: [GC (Allocation Failure) [PSYoungGen: 68512K->34208K(98304K)] 287714K->253418K(675840K), 0.0031242 secs] [Times: user=0.01 sys=0.00, real=0.00 secs] 
940.954: [GC (Allocation Failure) [PSYoungGen: 84896K->34208K(104448K)] 304106K->253426K(681984K), 0.0030249 secs] [Times: user=0.01 sys=0.00, real=0.01 secs] 
941.397: [GC (Allocation Failure) [PSYoungGen: 87456K->1376K(54784K)] 306674K->220602K(632320K), 0.0022039 secs] [Times: user=0.01 sys=0.00, real=0.00 secs] 
942.452: [GC (Allocation Failure) [PSYoungGen: 54605K->1488K(104960K)] 273832K->220722K(682496K), 0.0015432 secs] [Times: user=0.01 sys=0.00, real=0.00 secs] 
942.668: [GC (Allocation Failure) [PSYoungGen: 54736K->9632K(62976K)] 273970K->228874K(640512K), 0.0017777 secs] [Times: user=0.01 sys=0.00, real=0.00 secs] 
942.855: [GC (Allocation Failure) [PSYoungGen: 62880K->17840K(98304K)] 282122K->237082K(675840K), 0.0023210 secs] [Times: user=0.01 sys=0.00, real=0.00 secs] 
943.082: [GC (Allocation Failure) [PSYoungGen: 71088K->34176K(100864K)] 290330K->253418K(678400K), 0.0035843 secs] [Times: user=0.02 sys=0.00, real=0.01 secs] 
943.537: [GC (Allocation Failure) [PSYoungGen: 87424K->34208K(107520K)] 306666K->253458K(685056K), 0.0053078 secs] [Times: user=0.02 sys=0.00, real=0.00 secs] 
943.995: [GC (Allocation Failure) [PSYoungGen: 90528K->1376K(110592K)] 309778K->220634K(688128K), 0.0029104 secs] [Times: user=0.01 sys=0.00, real=0.00 secs] 
945.081: [GC (Allocation Failure) [PSYoungGen: 57696K->2464K(101888K)] 276954K->221730K(679424K), 0.0014810 secs] [Times: user=0.00 sys=0.00, real=0.00 secs] 
945.263: [GC (Allocation Failure) [PSYoungGen: 52494K->9584K(66048K)] 271761K->228850K(643584K), 0.0016033 secs] [Times: user=0.01 sys=0.00, real=0.01 secs] 
945.464: [GC (Allocation Failure) [PSYoungGen: 65904K->17824K(101376K)] 285170K->237090K(678912K), 0.0020085 secs] [Times: user=0.01 sys=0.00, real=0.01 secs] 
945.737: [GC (Allocation Failure) [PSYoungGen: 74144K->34176K(103936K)] 293410K->253442K(681472K), 0.0032227 secs] [Times: user=0.01 sys=0.00, real=0.00 secs] 
946.205: [GC (Allocation Failure) [PSYoungGen: 90496K->34208K(104448K)] 309762K->253482K(681984K), 0.0034242 secs] [Times: user=0.02 sys=0.00, real=0.00 secs] 
946.629: [GC (Allocation Failure) [PSYoungGen: 87456K->1440K(54784K)] 306730K->220722K(632320K), 0.0015680 secs] [Times: user=0.00 sys=0.00, real=0.00 secs] 
947.589: [GC (Allocation Failure) [PSYoungGen: 54688K->5568K(103936K)] 273970K->224858K(681472K), 0.0017922 secs] [Times: user=0.01 sys=0.00, real=0.00 secs] 
947.759: [GC (Allocation Failure) [PSYoungGen: 58816K->17824K(71168K)] 278106K->237114K(648704K), 0.0023763 secs] [Times: user=0.01 sys=0.00, real=0.00 secs] 
947.959: [GC (Allocation Failure) [PSYoungGen: 66769K->17808K(97280K)] 286059K->237106K(674816K), 0.0021622 secs] [Times: user=0.01 sys=0.00, real=0.00 secs] 
948.114: [GC (Allocation Failure) [PSYoungGen: 71056K->34208K(99840K)] 290354K->253506K(677376K), 0.0030375 secs] [Times: user=0.01 sys=0.00, real=0.00 secs] 
948.336: [GC (Allocation Failure) [PSYoungGen: 87456K->34176K(107008K)] 306754K->253498K(684544K), 0.0034664 secs] [Times: user=0.02 sys=0.00, real=0.00 secs] 
948.573: [GC (Allocation Failure) [PSYoungGen: 91008K->1376K(109568K)] 310330K->220706K(687104K), 0.0021135 secs] [Times: user=0.00 sys=0.00, real=0.01 secs] 
949.538: [GC (Allocation Failure) [PSYoungGen: 58208K->5568K(99328K)] 277538K->224914K(676864K), 0.0017816 secs] [Times: user=0.01 sys=0.00, real=0.00 secs] 
949.891: [GC (Allocation Failure) [PSYoungGen: 62400K->17824K(74752K)] 281746K->237178K(652288K), 0.0023334 secs] [Times: user=0.01 sys=0.00, real=0.00 secs] 
950.210: [GC (Allocation Failure) [PSYoungGen: 74656K->34176K(101376K)] 294010K->253538K(678912K), 0.0033378 secs] [Times: user=0.01 sys=0.00, real=0.00 secs] 
950.621: [GC (Allocation Failure) [PSYoungGen: 87424K->34208K(104960K)] 306786K->253578K(682496K), 0.0061155 secs] [Times: user=0.03 sys=0.00, real=0.01 secs] 
951.061: [GC (Allocation Failure) [PSYoungGen: 87456K->1408K(100352K)] 306826K->220786K(677888K), 0.0024733 secs] [Times: user=0.01 sys=0.00, real=0.00 secs] 
951.501: [GC (Allocation Failure) [PSYoungGen: 54656K->1344K(54784K)] 274034K->220730K(632320K), 0.0023207 secs] [Times: user=0.01 sys=0.00, real=0.00 secs] 
952.474: [GC (Allocation Failure) [PSYoungGen: 54592K->9632K(101376K)] 273978K->229026K(678912K), 0.0020099 secs] [Times: user=0.01 sys=0.00, real=0.00 secs] 
952.686: [GC (Allocation Failure) [PSYoungGen: 62880K->17792K(71168K)] 282274K->237186K(648704K), 0.0024327 secs] [Times: user=0.01 sys=0.00, real=0.00 secs] 
952.890: [GC (Allocation Failure) [PSYoungGen: 71040K->34176K(97792K)] 290434K->253570K(675328K), 0.0034687 secs] [Times: user=0.01 sys=0.00, real=0.00 secs] 
953.097: [GC (Allocation Failure) [PSYoungGen: 83840K->34208K(101376K)] 303234K->253610K(678912K), 0.0033751 secs] [Times: user=0.02 sys=0.00, real=0.00 secs] 
953.333: [GC (Allocation Failure) [PSYoungGen: 83872K->1344K(109056K)] 303274K->220754K(686592K), 0.0019034 secs] [Times: user=0.01 sys=0.00, real=0.01 secs] 
953.569: [GC (Allocation Failure) [PSYoungGen: 57152K->1408K(109568K)] 276562K->220834K(687104K), 0.0026093 secs] [Times: user=0.01 sys=0.00, real=0.00 secs] 
954.521: [GC (Allocation Failure) [PSYoungGen: 57216K->9632K(97280K)] 276642K->229066K(674816K), 0.0019282 secs] [Times: user=0.01 sys=0.00, real=0.00 secs] 
954.843: [GC (Allocation Failure) [PSYoungGen: 65440K->17792K(73728K)] 284874K->237234K(651264K), 0.0022896 secs] [Times: user=0.01 sys=0.00, real=0.01 secs] 
955.202: [GC (Allocation Failure) [PSYoungGen: 73600K->34176K(100352K)] 293042K->253618K(677888K), 0.0034170 secs] [Times: user=0.02 sys=0.00, real=0.01 secs] 
955.596: [GC (Allocation Failure) [PSYoungGen: 86400K->34176K(103936K)] 305842K->253634K(681472K), 0.0058321 secs] [Times: user=0.03 sys=0.00, real=0.00 secs] 
956.035: [GC (Allocation Failure) [PSYoungGen: 86400K->1328K(99328K)] 305858K->220802K(676864K), 0.0022603 secs] [Times: user=0.01 sys=0.00, real=0.00 secs] 
957.252: [GC (Allocation Failure) [PSYoungGen: 53552K->1520K(53760K)] 273026K->220994K(631296K), 0.0019710 secs] [Times: user=0.01 sys=0.00, real=0.01 secs] 
957.822: [GC (Allocation Failure) [PSYoungGen: 53744K->9632K(99840K)] 273218K->229106K(677376K), 0.0025702 secs] [Times: user=0.01 sys=0.00, real=0.01 secs] 
958.206: [GC (Allocation Failure) [PSYoungGen: 61856K->17824K(70144K)] 281330K->237298K(647680K), 0.0031270 secs] [Times: user=0.01 sys=0.00, real=0.00 secs] 
958.537: [GC (Allocation Failure) [PSYoungGen: 70048K->34176K(95744K)] 289522K->253650K(673280K), 0.0041872 secs] [Times: user=0.02 sys=0.00, real=0.00 secs] 
958.868: [GC (Allocation Failure) [PSYoungGen: 82304K->34176K(99840K)] 301778K->253658K(677376K), 0.0034301 secs] [Times: user=0.02 sys=0.00, real=0.00 secs] 
959.123: [GC (Allocation Failure) [PSYoungGen: 82304K->1344K(101376K)] 301786K->220826K(678912K), 0.0018826 secs] [Times: user=0.01 sys=0.00, real=0.01 secs] 
959.333: [GC (Allocation Failure) [PSYoungGen: 49472K->1408K(49664K)] 268954K->220898K(627200K), 0.0017883 secs] [Times: user=0.01 sys=0.00, real=0.01 secs] 
960.383: [GC (Allocation Failure) [PSYoungGen: 49536K->9664K(95744K)] 269026K->229162K(673280K), 0.0019746 secs] [Times: user=0.00 sys=0.00, real=0.01 secs] 
960.817: [GC (Allocation Failure) [PSYoungGen: 57792K->17856K(66048K)] 277290K->237354K(643584K), 0.0024735 secs] [Times: user=0.01 sys=0.00, real=0.00 secs] 
961.316: [GC (Allocation Failure) [PSYoungGen: 58272K->17776K(91648K)] 277771K->237274K(669184K), 0.0031562 secs] [Times: user=0.01 sys=0.00, real=0.00 secs] 
961.635: [GC (Allocation Failure) [PSYoungGen: 65904K->34208K(93696K)] 285402K->253706K(671232K), 0.0043289 secs] [Times: user=0.02 sys=0.00, real=0.00 secs] 
962.059: [GC (Allocation Failure) [PSYoungGen: 82336K->34176K(94208K)] 301834K->253682K(671744K), 0.0043631 secs] [Times: user=0.02 sys=0.00, real=0.00 secs] 
962.438: [GC (Allocation Failure) [PSYoungGen: 79232K->1408K(97280K)] 298738K->220914K(674816K), 0.0021499 secs] [Times: user=0.01 sys=0.00, real=0.00 secs] 
962.846: [GC (Allocation Failure) [PSYoungGen: 46392K->256K(96256K)] 265899K->219762K(673792K), 0.0019645 secs] [Times: user=0.00 sys=0.00, real=0.00 secs] 
963.829: [GC (Allocation Failure) [PSYoungGen: 45312K->9664K(54784K)] 264818K->229178K(632320K), 0.0019917 secs] [Times: user=0.01 sys=0.00, real=0.00 secs] 
963.995: [GC (Allocation Failure) [PSYoungGen: 54720K->17824K(89088K)] 274234K->237338K(666624K), 0.0022601 secs] [Times: user=0.00 sys=0.00, real=0.00 secs] 
964.155: [GC (Allocation Failure) [PSYoungGen: 56431K->17808K(62976K)] 275945K->237330K(640512K), 0.0023956 secs] [Times: user=0.01 sys=0.00, real=0.00 secs] 
964.276: [GC (Allocation Failure) [PSYoungGen: 62864K->34208K(85504K)] 282386K->253738K(663040K), 0.0031073 secs] [Times: user=0.02 sys=0.00, real=0.00 secs] 
964.448: [GC (Allocation Failure) [PSYoungGen: 75168K->34208K(89600K)] 294698K->253746K(667136K), 0.0045581 secs] [Times: user=0.02 sys=0.01, real=0.00 secs] 
964.763: [GC (Allocation Failure) [PSYoungGen: 75168K->1376K(96256K)] 294706K->220922K(673792K), 0.0025327 secs] [Times: user=0.01 sys=0.00, real=0.01 secs] 
965.109: [GC (Allocation Failure) [PSYoungGen: 47456K->1424K(97280K)] 267002K->220986K(674816K), 0.0022459 secs] [Times: user=0.01 sys=0.00, real=0.00 secs] 
966.020: [GC (Allocation Failure) [PSYoungGen: 47504K->5568K(98304K)] 267066K->225138K(675840K), 0.0017927 secs] [Times: user=0.01 sys=0.00, real=0.00 secs] 
966.245: [GC (Allocation Failure) [PSYoungGen: 56768K->17792K(100352K)] 276338K->237370K(677888K), 0.0023120 secs] [Times: user=0.01 sys=0.00, real=0.00 secs] 
966.427: [GC (Allocation Failure) [PSYoungGen: 61778K->17808K(99328K)] 281357K->237418K(676864K), 0.0021775 secs] [Times: user=0.01 sys=0.00, real=0.00 secs] 
966.817: [GC (Allocation Failure) [PSYoungGen: 74640K->34208K(101376K)] 294250K->253826K(678912K), 0.0033011 secs] [Times: user=0.02 sys=0.00, real=0.00 secs] 
967.302: [GC (Allocation Failure) [PSYoungGen: 91040K->34176K(109056K)] 310658K->253802K(686592K), 0.0054184 secs] [Times: user=0.03 sys=0.00, real=0.01 secs] 
967.835: [GC (Allocation Failure) [PSYoungGen: 94592K->1408K(61440K)] 314218K->221042K(638976K), 0.0034574 secs] [Times: user=0.01 sys=0.00, real=0.00 secs] 
969.086: [GC (Allocation Failure) [PSYoungGen: 61312K->9600K(107520K)] 280946K->229344K(685056K), 0.0021761 secs] [Times: user=0.01 sys=0.00, real=0.00 secs] 
969.526: [GC (Allocation Failure) [PSYoungGen: 69504K->17840K(77824K)] 289248K->237584K(655360K), 0.0034799 secs] [Times: user=0.01 sys=0.00, real=0.00 secs] 
969.979: [GC (Allocation Failure) [PSYoungGen: 77744K->34208K(102912K)] 297488K->253952K(680448K), 0.0041385 secs] [Times: user=0.02 sys=0.00, real=0.00 secs] 
970.682: [GC (Allocation Failure) [PSYoungGen: 90528K->34176K(106496K)] 310272K->253920K(684032K), 0.0049327 secs] [Times: user=0.02 sys=0.00, real=0.01 secs] 
971.312: [GC (Allocation Failure) [PSYoungGen: 90496K->1376K(109056K)] 310240K->221120K(686592K), 0.0023148 secs] [Times: user=0.01 sys=0.00, real=0.01 secs] 
972.646: [GC (Allocation Failure) [PSYoungGen: 57696K->5568K(61952K)] 277440K->225312K(639488K), 0.0018102 secs] [Times: user=0.01 sys=0.00, real=0.00 secs] 
973.085: [GC (Allocation Failure) [PSYoungGen: 61888K->17824K(101888K)] 281632K->237568K(679424K), 0.0027768 secs] [Times: user=0.01 sys=0.00, real=0.00 secs] 
973.541: [GC (Allocation Failure) [PSYoungGen: 68488K->17808K(74240K)] 288232K->237552K(651776K), 0.0026057 secs] [Times: user=0.02 sys=0.00, real=0.00 secs] 
973.830: [GC (Allocation Failure) [PSYoungGen: 74128K->34208K(98304K)] 293872K->253952K(675840K), 0.0037577 secs] [Times: user=0.02 sys=0.00, real=0.01 secs] 
974.106: [GC (Allocation Failure) [PSYoungGen: 86944K->34208K(101888K)] 306688K->253952K(679424K), 0.0034496 secs] [Times: user=0.02 sys=0.00, real=0.00 secs] 
974.426: [GC (Allocation Failure) [PSYoungGen: 86944K->1408K(104448K)] 306688K->221160K(681984K), 0.0019440 secs] [Times: user=0.01 sys=0.00, real=0.00 secs] 
975.356: [GC (Allocation Failure) [PSYoungGen: 54144K->5568K(58368K)] 273896K->225320K(635904K), 0.0018319 secs] [Times: user=0.01 sys=0.00, real=0.00 secs] 
975.540: [GC (Allocation Failure) [PSYoungGen: 58304K->17792K(97280K)] 278056K->237552K(674816K), 0.0022738 secs] [Times: user=0.01 sys=0.00, real=0.00 secs] 
975.763: [GC (Allocation Failure) [PSYoungGen: 65196K->17840K(70656K)] 284957K->237600K(648192K), 0.0024566 secs] [Times: user=0.01 sys=0.00, real=0.01 secs] 
976.025: [GC (Allocation Failure) [PSYoungGen: 70576K->34208K(94208K)] 290336K->253976K(671744K), 0.0033399 secs] [Times: user=0.01 sys=0.00, real=0.00 secs] 
976.428: [GC (Allocation Failure) [PSYoungGen: 83360K->34176K(97792K)] 303128K->253968K(675328K), 0.0038837 secs] [Times: user=0.02 sys=0.00, real=0.00 secs] 
976.864: [GC (Allocation Failure) [PSYoungGen: 83328K->1376K(100352K)] 303120K->221176K(677888K), 0.0020703 secs] [Times: user=0.00 sys=0.00, real=0.00 secs] 
978.180: [GC (Allocation Failure) [PSYoungGen: 50528K->2432K(51712K)] 270328K->222240K(629248K), 0.0024671 secs] [Times: user=0.01 sys=0.00, real=0.00 secs] 
979.070: [GC (Allocation Failure) [PSYoungGen: 51584K->9600K(95744K)] 271392K->229408K(673280K), 0.0030928 secs] [Times: user=0.01 sys=0.00, real=0.00 secs] 
979.515: [GC (Allocation Failure) [PSYoungGen: 58752K->17824K(67072K)] 278560K->237640K(644608K), 0.0066472 secs] [Times: user=0.03 sys=0.00, real=0.00 secs] 
979.969: [GC (Allocation Failure) [PSYoungGen: 66976K->34208K(91648K)] 286792K->254048K(669184K), 0.0072527 secs] [Times: user=0.04 sys=0.00, real=0.01 secs] 
980.484: [GC (Allocation Failure) [PSYoungGen: 79776K->34208K(95232K)] 299616K->254056K(672768K), 0.0066489 secs] [Times: user=0.03 sys=0.00, real=0.00 secs] 
980.948: [GC (Allocation Failure) [PSYoungGen: 79776K->34208K(101376K)] 299624K->254064K(678912K), 0.0055729 secs] [Times: user=0.02 sys=0.00, real=0.01 secs] 
981.352: [GC (Allocation Failure) [PSYoungGen: 82848K->1376K(103424K)] 302704K->221248K(680960K), 0.0028921 secs] [Times: user=0.01 sys=0.00, real=0.01 secs] 
982.538: [GC (Allocation Failure) [PSYoungGen: 49874K->5584K(95744K)] 269746K->225464K(673280K), 0.0018304 secs] [Times: user=0.01 sys=0.00, real=0.00 secs] 
982.861: [GC (Allocation Failure) [PSYoungGen: 54224K->17792K(66560K)] 274104K->237672K(644096K), 0.0022375 secs] [Times: user=0.01 sys=0.00, real=0.00 secs] 
983.360: [GC (Allocation Failure) [PSYoungGen: 63286K->17808K(91648K)] 283167K->237688K(669184K), 0.0023622 secs] [Times: user=0.01 sys=0.00, real=0.00 secs] 
983.620: [GC (Allocation Failure) [PSYoungGen: 66448K->34208K(95232K)] 286328K->254088K(672768K), 0.0033991 secs] [Times: user=0.02 sys=0.00, real=0.00 secs] 
984.011: [GC (Allocation Failure) [PSYoungGen: 82848K->34208K(96768K)] 302728K->254096K(674304K), 0.0037528 secs] [Times: user=0.02 sys=0.00, real=0.01 secs] 
984.375: [GC (Allocation Failure) [PSYoungGen: 80800K->1408K(98816K)] 300688K->221296K(676352K), 0.0018719 secs] [Times: user=0.01 sys=0.00, real=0.00 secs] 
986.053: [GC (Allocation Failure) [PSYoungGen: 48000K->1520K(98304K)] 267888K->221408K(675840K), 0.0017519 secs] [Times: user=0.01 sys=0.00, real=0.01 secs] 
986.394: [GC (Allocation Failure) [PSYoungGen: 48112K->9632K(56320K)] 268000K->229528K(633856K), 0.0020595 secs] [Times: user=0.01 sys=0.00, real=0.00 secs] 
986.692: [GC (Allocation Failure) [PSYoungGen: 56224K->17824K(90624K)] 276120K->237728K(668160K), 0.0027290 secs] [Times: user=0.01 sys=0.00, real=0.01 secs] 
987.034: [GC (Allocation Failure) [PSYoungGen: 49394K->17808K(64512K)] 269298K->237720K(642048K), 0.0023079 secs] [Times: user=0.01 sys=0.00, real=0.00 secs] 
987.410: [GC (Allocation Failure) [PSYoungGen: 64400K->34192K(87552K)] 284312K->254112K(665088K), 0.0035285 secs] [Times: user=0.01 sys=0.00, real=0.00 secs] 
987.936: [GC (Allocation Failure) [PSYoungGen: 77200K->34176K(91136K)] 297120K->254104K(668672K), 0.0040126 secs] [Times: user=0.02 sys=0.00, real=0.00 secs] 
988.441: [GC (Allocation Failure) [PSYoungGen: 77184K->1376K(94208K)] 297112K->221304K(671744K), 0.0018141 secs] [Times: user=0.01 sys=0.00, real=0.00 secs] 
988.954: [GC (Allocation Failure) [PSYoungGen: 44384K->1408K(44544K)] 264312K->221336K(622080K), 0.0018671 secs] [Times: user=0.01 sys=0.00, real=0.00 secs] 
989.806: [GC (Allocation Failure) [PSYoungGen: 44416K->5536K(90624K)] 264344K->225472K(668160K), 0.0018931 secs] [Times: user=0.00 sys=0.00, real=0.00 secs] 
989.966: [GC (Allocation Failure) [PSYoungGen: 48544K->17792K(60928K)] 268480K->237736K(638464K), 0.0021616 secs] [Times: user=0.01 sys=0.00, real=0.00 secs] 
990.291: [GC (Allocation Failure) [PSYoungGen: 60800K->17760K(85504K)] 280744K->237720K(663040K), 0.0034944 secs] [Times: user=0.01 sys=0.00, real=0.01 secs] 
990.531: [GC (Allocation Failure) [PSYoungGen: 60768K->34144K(87552K)] 280728K->254104K(665088K), 0.0036796 secs] [Times: user=0.02 sys=0.00, real=0.01 secs] 
990.911: [GC (Allocation Failure) [PSYoungGen: 77152K->34208K(93184K)] 297112K->254176K(670720K), 0.0057470 secs] [Times: user=0.03 sys=0.01, real=0.01 secs] 
991.368: [GC (Allocation Failure) [PSYoungGen: 78752K->34208K(96256K)] 298720K->254192K(673792K), 0.0056649 secs] [Times: user=0.03 sys=0.00, real=0.00 secs] 
991.802: [GC (Allocation Failure) [PSYoungGen: 78752K->1376K(102912K)] 298736K->221368K(680448K), 0.0035294 secs] [Times: user=0.02 sys=0.00, real=0.01 secs] 
992.911: [GC (Allocation Failure) [PSYoungGen: 51040K->5536K(55296K)] 271032K->225536K(632832K), 0.0021598 secs] [Times: user=0.01 sys=0.00, real=0.00 secs] 
993.096: [GC (Allocation Failure) [PSYoungGen: 55200K->17792K(104960K)] 275200K->237792K(682496K), 0.0034238 secs] [Times: user=0.02 sys=0.00, real=0.00 secs] 
993.297: [GC (Allocation Failure) [PSYoungGen: 67819K->17808K(102400K)] 287820K->237816K(679936K), 0.0024978 secs] [Times: user=0.01 sys=0.00, real=0.00 secs] 
993.500: [GC (Allocation Failure) [PSYoungGen: 71056K->34176K(101888K)] 291064K->254208K(679424K), 0.0043905 secs] [Times: user=0.03 sys=0.00, real=0.01 secs] 
993.735: [GC (Allocation Failure) [PSYoungGen: 89984K->34176K(105472K)] 310016K->254216K(683008K), 0.0035064 secs] [Times: user=0.02 sys=0.00, real=0.00 secs] 
994.098: [GC (Allocation Failure) [PSYoungGen: 89984K->1376K(114176K)] 310024K->221416K(691712K), 0.0017795 secs] [Times: user=0.01 sys=0.00, real=0.00 secs] 
995.197: [GC (Allocation Failure) [PSYoungGen: 63840K->9664K(71680K)] 283880K->229822K(649216K), 0.0019814 secs] [Times: user=0.01 sys=0.00, real=0.00 secs] 
996.001: [GC (Allocation Failure) [PSYoungGen: 71616K->17792K(104448K)] 291774K->237958K(681984K), 0.0052558 secs] [Times: user=0.02 sys=0.00, real=0.01 secs] 
996.580: [GC (Allocation Failure) [PSYoungGen: 79232K->34208K(108544K)] 299398K->254374K(686080K), 0.0073368 secs] [Times: user=0.04 sys=0.00, real=0.01 secs] 
997.207: [GC (Allocation Failure) [PSYoungGen: 95648K->34208K(115712K)] 315814K->254382K(693248K), 0.0077739 secs] [Times: user=0.04 sys=0.00, real=0.01 secs] 
997.747: [GC (Allocation Failure) [PSYoungGen: 99744K->1440K(66560K)] 319918K->221622K(644096K), 0.0026494 secs] [Times: user=0.01 sys=0.00, real=0.00 secs] 
999.141: [GC (Allocation Failure) [PSYoungGen: 66464K->9632K(113664K)] 286646K->229942K(691200K), 0.0018082 secs] [Times: user=0.01 sys=0.00, real=0.00 secs] 
999.653: [GC (Allocation Failure) [PSYoungGen: 74144K->17792K(81920K)] 294454K->238102K(659456K), 0.0026937 secs] [Times: user=0.01 sys=0.00, real=0.01 secs] 
1000.071: [GC (Allocation Failure) [PSYoungGen: 81792K->34208K(109568K)] 302102K->254518K(687104K), 0.0060173 secs] [Times: user=0.03 sys=0.00, real=0.01 secs] 
1000.494: [GC (Allocation Failure) [PSYoungGen: 95648K->34160K(111616K)] 315958K->254478K(689152K), 0.0041430 secs] [Times: user=0.02 sys=0.00, real=0.00 secs] 
1001.038: [GC (Allocation Failure) [PSYoungGen: 95088K->1408K(113152K)] 315406K->221734K(690688K), 0.0022763 secs] [Times: user=0.01 sys=0.00, real=0.00 secs] 
1002.342: [GC (Allocation Failure) [PSYoungGen: 61824K->9632K(69632K)] 282150K->229958K(647168K), 0.0020945 secs] [Times: user=0.01 sys=0.00, real=0.01 secs] 
1003.038: [GC (Allocation Failure) [PSYoungGen: 69536K->17824K(104448K)] 289862K->238150K(681984K), 0.0048492 secs] [Times: user=0.02 sys=0.00, real=0.00 secs] 
1003.402: [GC (Allocation Failure) [PSYoungGen: 77728K->34176K(108032K)] 298054K->254502K(685568K), 0.0050341 secs] [Times: user=0.02 sys=0.00, real=0.01 secs] 
1003.916: [GC (Allocation Failure) [PSYoungGen: 94080K->34208K(109056K)] 314406K->254534K(686592K), 0.0041086 secs] [Times: user=0.02 sys=0.00, real=0.00 secs] 
1004.387: [GC (Allocation Failure) [PSYoungGen: 92064K->1376K(111104K)] 312390K->221710K(688640K), 0.0018983 secs] [Times: user=0.00 sys=0.00, real=0.00 secs] 
1005.607: [GC (Allocation Failure) [PSYoungGen: 58119K->3472K(109568K)] 278453K->223806K(687104K), 0.0028334 secs] [Times: user=0.01 sys=0.00, real=0.00 secs] 
1006.086: [GC (Allocation Failure) [PSYoungGen: 61328K->17824K(75776K)] 281662K->238158K(653312K), 0.0049854 secs] [Times: user=0.02 sys=0.00, real=0.00 secs] 
1006.441: [GC (Allocation Failure) [PSYoungGen: 69639K->17808K(101376K)] 289974K->238142K(678912K), 0.0027794 secs] [Times: user=0.02 sys=0.00, real=0.01 secs] 
1006.614: [GC (Allocation Failure) [PSYoungGen: 75664K->34144K(104448K)] 295998K->254478K(681984K), 0.0035665 secs] [Times: user=0.02 sys=0.00, real=0.00 secs] 
1006.866: [GC (Allocation Failure) [PSYoungGen: 92000K->34208K(111616K)] 312334K->254566K(689152K), 0.0035825 secs] [Times: user=0.02 sys=0.00, real=0.00 secs] 
1007.329: [GC (Allocation Failure) [PSYoungGen: 96160K->1408K(62976K)] 316518K->221774K(640512K), 0.0017250 secs] [Times: user=0.01 sys=0.00, real=0.00 secs] 
1009.432: [GC (Allocation Failure) [PSYoungGen: 62848K->9664K(109568K)] 283214K->230038K(687104K), 0.0045175 secs] [Times: user=0.02 sys=0.00, real=0.01 secs] 
1010.042: [GC (Allocation Failure) [PSYoungGen: 70592K->17792K(78336K)] 290966K->238166K(655872K), 0.0039550 secs] [Times: user=0.02 sys=0.00, real=0.01 secs] 
1010.598: [GC (Allocation Failure) [PSYoungGen: 78208K->34208K(103936K)] 298582K->254582K(681472K), 0.0062038 secs] [Times: user=0.03 sys=0.00, real=0.01 secs] 
1011.301: [GC (Allocation Failure) [PSYoungGen: 91040K->34208K(107520K)] 311414K->254590K(685056K), 0.0054287 secs] [Times: user=0.02 sys=0.00, real=0.01 secs] 
1012.026: [GC (Allocation Failure) [PSYoungGen: 91040K->1376K(109056K)] 311422K->221774K(686592K), 0.0023416 secs] [Times: user=0.00 sys=0.00, real=0.00 secs] 
1013.344: [GC (Allocation Failure) [PSYoungGen: 57696K->5536K(61952K)] 278094K->225934K(639488K), 0.0020048 secs] [Times: user=0.01 sys=0.00, real=0.00 secs] 
1013.643: [GC (Allocation Failure) [PSYoungGen: 61856K->17792K(101888K)] 282254K->238198K(679424K), 0.0024512 secs] [Times: user=0.00 sys=0.01, real=0.01 secs] 
1013.999: [GC (Allocation Failure) [PSYoungGen: 60567K->17776K(74240K)] 280974K->238182K(651776K), 0.0026989 secs] [Times: user=0.01 sys=0.00, real=0.00 secs] 
1014.338: [GC (Allocation Failure) [PSYoungGen: 74096K->34176K(98816K)] 294502K->254590K(676352K), 0.0036780 secs] [Times: user=0.01 sys=0.00, real=0.00 secs] 
1014.760: [GC (Allocation Failure) [PSYoungGen: 87424K->34208K(101888K)] 307838K->254622K(679424K), 0.0038647 secs] [Times: user=0.02 sys=0.00, real=0.00 secs] 
1015.183: [GC (Allocation Failure) [PSYoungGen: 87456K->1376K(103936K)] 307870K->221798K(681472K), 0.0028693 secs] [Times: user=0.02 sys=0.00, real=0.01 secs] 
1016.410: [GC (Allocation Failure) [PSYoungGen: 54112K->5568K(58368K)] 274534K->225990K(635904K), 0.0018566 secs] [Times: user=0.00 sys=0.00, real=0.00 secs] 
1016.747: [GC (Allocation Failure) [PSYoungGen: 58304K->17792K(97280K)] 278726K->238222K(674816K), 0.0036614 secs] [Times: user=0.02 sys=0.00, real=0.00 secs] 
1017.216: [GC (Allocation Failure) [PSYoungGen: 64136K->17808K(70656K)] 284567K->238238K(648192K), 0.0033906 secs] [Times: user=0.01 sys=0.00, real=0.00 secs] 
1017.593: [GC (Allocation Failure) [PSYoungGen: 70544K->34176K(93696K)] 290974K->254614K(671232K), 0.0042254 secs] [Times: user=0.02 sys=0.00, real=0.01 secs] 
1017.936: [GC (Allocation Failure) [PSYoungGen: 83328K->34144K(97280K)] 303766K->254590K(674816K), 0.0040335 secs] [Times: user=0.02 sys=0.00, real=0.00 secs] 
1018.300: [GC (Allocation Failure) [PSYoungGen: 83296K->1440K(99328K)] 303742K->221894K(676864K), 0.0020295 secs] [Times: user=0.01 sys=0.00, real=0.00 secs] 
1019.416: [GC (Allocation Failure) [PSYoungGen: 50080K->3488K(52224K)] 270534K->223950K(629760K), 0.0018469 secs] [Times: user=0.01 sys=0.01, real=0.00 secs] 
1020.059: [GC (Allocation Failure) [PSYoungGen: 52128K->9632K(95232K)] 272590K->230094K(672768K), 0.0021827 secs] [Times: user=0.00 sys=0.00, real=0.00 secs] 
1020.489: [GC (Allocation Failure) [PSYoungGen: 58272K->17824K(66560K)] 278734K->238294K(644096K), 0.0029464 secs] [Times: user=0.02 sys=0.00, real=0.00 secs] 
1020.869: [GC (Allocation Failure) [PSYoungGen: 66464K->34176K(90624K)] 286934K->254670K(668160K), 0.0038672 secs] [Times: user=0.02 sys=0.00, real=0.00 secs] 
1021.346: [GC (Allocation Failure) [PSYoungGen: 79232K->34144K(94208K)] 299726K->254646K(671744K), 0.0041234 secs] [Times: user=0.02 sys=0.00, real=0.00 secs] 
1021.866: [GC (Allocation Failure) [PSYoungGen: 79200K->34208K(95232K)] 299702K->254710K(672768K), 0.0037015 secs] [Times: user=0.02 sys=0.00, real=0.00 secs] 
1022.254: [GC (Allocation Failure) [PSYoungGen: 77216K->1440K(97280K)] 297718K->221950K(674816K), 0.0017487 secs] [Times: user=0.01 sys=0.00, real=0.00 secs] 
1023.414: [GC (Allocation Failure) [PSYoungGen: 44448K->5504K(95232K)] 264958K->226014K(672768K), 0.0021329 secs] [Times: user=0.00 sys=0.00, real=0.00 secs] 
1023.860: [GC (Allocation Failure) [PSYoungGen: 48512K->9600K(52736K)] 269022K->230118K(630272K), 0.0024562 secs] [Times: user=0.01 sys=0.00, real=0.00 secs] 
1024.368: [GC (Allocation Failure) [PSYoungGen: 52608K->17792K(88064K)] 273126K->238318K(665600K), 0.0039397 secs] [Times: user=0.01 sys=0.00, real=0.00 secs] 
1024.637: [GC (Allocation Failure) [PSYoungGen: 60800K->34176K(91136K)] 281326K->254710K(668672K), 0.0057335 secs] [Times: user=0.03 sys=0.00, real=0.00 secs] 
1024.948: [GC (Allocation Failure) [PSYoungGen: 77184K->34176K(96256K)] 297718K->254718K(673792K), 0.0054733 secs] [Times: user=0.02 sys=0.00, real=0.00 secs] 
1025.300: [GC (Allocation Failure) [PSYoungGen: 79232K->34208K(98816K)] 299774K->254758K(676352K), 0.0046875 secs] [Times: user=0.02 sys=0.00, real=0.01 secs] 
1025.656: [GC (Allocation Failure) [PSYoungGen: 79264K->1376K(105472K)] 299814K->221942K(683008K), 0.0024184 secs] [Times: user=0.01 sys=0.00, real=0.00 secs] 
1026.679: [GC (Allocation Failure) [PSYoungGen: 50561K->3472K(53760K)] 271127K->224046K(631296K), 0.0017143 secs] [Times: user=0.01 sys=0.00, real=0.00 secs] 
1026.847: [GC (Allocation Failure) [PSYoungGen: 50447K->9600K(100864K)] 271022K->230174K(678400K), 0.0018615 secs] [Times: user=0.01 sys=0.00, real=0.00 secs] 
1027.032: [GC (Allocation Failure) [PSYoungGen: 59776K->17824K(102912K)] 280350K->238398K(680448K), 0.0021780 secs] [Times: user=0.01 sys=0.00, real=0.01 secs] 
1027.268: [GC (Allocation Failure) [PSYoungGen: 68000K->34208K(101888K)] 288574K->254806K(679424K), 0.0029951 secs] [Times: user=0.01 sys=0.00, real=0.00 secs] 
1027.673: [GC (Allocation Failure) [PSYoungGen: 86944K->34208K(104960K)] 307542K->254814K(682496K), 0.0033009 secs] [Times: user=0.02 sys=0.00, real=0.01 secs] 
1028.083: [GC (Allocation Failure) [PSYoungGen: 86944K->1408K(101376K)] 307550K->222022K(678912K), 0.0028936 secs] [Times: user=0.01 sys=0.00, real=0.01 secs] 
1029.258: [GC (Allocation Failure) [PSYoungGen: 54144K->1920K(54784K)] 274758K->222534K(632320K), 0.0014966 secs] [Times: user=0.01 sys=0.00, real=0.00 secs] 
1029.593: [GC (Allocation Failure) [PSYoungGen: 54656K->9616K(101376K)] 275270K->230230K(678912K), 0.0028596 secs] [Times: user=0.01 sys=0.00, real=0.01 secs] 
1029.934: [GC (Allocation Failure) [PSYoungGen: 62352K->17792K(70656K)] 282966K->238406K(648192K), 0.0035584 secs] [Times: user=0.01 sys=0.00, real=0.00 secs] 
1030.253: [GC (Allocation Failure) [PSYoungGen: 70528K->34176K(98304K)] 291142K->254798K(675840K), 0.0041347 secs] [Times: user=0.02 sys=0.00, real=0.01 secs] 
1030.624: [GC (Allocation Failure) [PSYoungGen: 83840K->34176K(101376K)] 304462K->254806K(678912K), 0.0039856 secs] [Times: user=0.02 sys=0.00, real=0.00 secs] 
1030.994: [GC (Allocation Failure) [PSYoungGen: 83840K->1376K(98304K)] 304470K->222014K(675840K), 0.0020573 secs] [Times: user=0.01 sys=0.01, real=0.00 secs] 
1032.034: [GC (Allocation Failure) [PSYoungGen: 50114K->256K(50176K)] 270753K->220902K(627712K), 0.0015565 secs] [Times: user=0.00 sys=0.00, real=0.00 secs] 
1032.865: [GC (Allocation Failure) [PSYoungGen: 49920K->9632K(98304K)] 270566K->230278K(675840K), 0.0025550 secs] [Times: user=0.01 sys=0.00, real=0.00 secs] 
1033.316: [GC (Allocation Failure) [PSYoungGen: 59296K->17824K(67584K)] 279942K->238470K(645120K), 0.0038646 secs] [Times: user=0.02 sys=0.00, real=0.00 secs] 
1033.578: [GC (Allocation Failure) [PSYoungGen: 67488K->34208K(94208K)] 288134K->254854K(671744K), 0.0047851 secs] [Times: user=0.02 sys=0.00, real=0.00 secs] 
1033.974: [GC (Allocation Failure) [PSYoungGen: 80288K->34240K(97792K)] 300934K->254886K(675328K), 0.0078614 secs] [Times: user=0.04 sys=0.00, real=0.01 secs] 
1034.537: [GC (Allocation Failure) [PSYoungGen: 80320K->34208K(104448K)] 300966K->254862K(681984K), 0.0079002 secs] [Times: user=0.04 sys=0.00, real=0.01 secs] 
1035.049: [GC (Allocation Failure) [PSYoungGen: 83872K->1376K(106496K)] 304526K->222038K(684032K), 0.0028364 secs] [Times: user=0.01 sys=0.00, real=0.00 secs] 
1036.536: [GC (Allocation Failure) [PSYoungGen: 51040K->5536K(96768K)] 271702K->226206K(674304K), 0.0026977 secs] [Times: user=0.01 sys=0.00, real=0.00 secs] 
1036.947: [GC (Allocation Failure) [PSYoungGen: 55200K->17824K(67584K)] 275870K->238502K(645120K), 0.0047606 secs] [Times: user=0.02 sys=0.00, real=0.00 secs] 
1037.404: [GC (Allocation Failure) [PSYoungGen: 67488K->17792K(94720K)] 288166K->238478K(672256K), 0.0036617 secs] [Times: user=0.02 sys=0.00, real=0.00 secs] 
1037.684: [GC (Allocation Failure) [PSYoungGen: 67456K->34224K(97792K)] 288142K->254934K(675328K), 0.0046948 secs] [Times: user=0.02 sys=0.01, real=0.01 secs] 
1038.102: [GC (Allocation Failure) [PSYoungGen: 83888K->34176K(104448K)] 304598K->254894K(681984K), 0.0038570 secs] [Times: user=0.01 sys=0.00, real=0.01 secs] 
1038.482: [GC (Allocation Failure) [PSYoungGen: 87424K->1376K(107008K)] 308142K->222094K(684544K), 0.0020337 secs] [Times: user=0.01 sys=0.00, real=0.01 secs] 
1039.734: [GC (Allocation Failure) [PSYoungGen: 54624K->3504K(104960K)] 275342K->224238K(682496K), 0.0016566 secs] [Times: user=0.00 sys=0.00, real=0.00 secs] 
1040.200: [GC (Allocation Failure) [PSYoungGen: 51159K->9616K(62976K)] 271894K->230350K(640512K), 0.0043150 secs] [Times: user=0.02 sys=0.00, real=0.01 secs] 
1040.441: [GC (Allocation Failure) [PSYoungGen: 62864K->17824K(97792K)] 283598K->238558K(675328K), 0.0029077 secs] [Times: user=0.01 sys=0.01, real=0.01 secs] 
1040.592: [GC (Allocation Failure) [PSYoungGen: 71072K->34176K(100864K)] 291806K->254926K(678400K), 0.0044957 secs] [Times: user=0.02 sys=0.00, real=0.01 secs] 
1040.836: [GC (Allocation Failure) [PSYoungGen: 87424K->34176K(108544K)] 308174K->254934K(686080K), 0.0039606 secs] [Times: user=0.02 sys=0.00, real=0.00 secs] 
1041.201: [GC (Allocation Failure) [PSYoungGen: 91520K->1408K(111104K)] 312278K->222174K(688640K), 0.0016624 secs] [Times: user=0.00 sys=0.00, real=0.00 secs] 
1042.580: [GC (Allocation Failure) [PSYoungGen: 58752K->3520K(101376K)] 279518K->224404K(678912K), 0.0028523 secs] [Times: user=0.01 sys=0.00, real=0.00 secs] 
1043.264: [GC (Allocation Failure) [PSYoungGen: 60864K->17840K(75264K)] 281748K->238732K(652800K), 0.0055466 secs] [Times: user=0.03 sys=0.00, real=0.00 secs] 
1043.922: [GC (Allocation Failure) [PSYoungGen: 62516K->17808K(101376K)] 283409K->238708K(678912K), 0.0056980 secs] [Times: user=0.03 sys=0.00, real=0.01 secs] 
1044.325: [GC (Allocation Failure) [PSYoungGen: 75152K->34208K(103936K)] 296052K->255116K(681472K), 0.0067203 secs] [Times: user=0.03 sys=0.01, real=0.00 secs] 
1044.889: [GC (Allocation Failure) [PSYoungGen: 91552K->34192K(111616K)] 312460K->255108K(689152K), 0.0064687 secs] [Times: user=0.03 sys=0.00, real=0.01 secs] 
1045.532: [GC (Allocation Failure) [PSYoungGen: 95632K->64K(61440K)] 316548K->222327K(638976K), 0.0024837 secs] [Times: user=0.01 sys=0.00, real=0.01 secs] 
1046.537: [GC (Allocation Failure) [PSYoungGen: 60992K->9632K(108544K)] 283255K->231903K(686080K), 0.0019447 secs] [Times: user=0.01 sys=0.00, real=0.00 secs] 
1046.754: [GC (Allocation Failure) [PSYoungGen: 70048K->17824K(77824K)] 292319K->240095K(655360K), 0.0023895 secs] [Times: user=0.01 sys=0.00, real=0.01 secs] 
1047.002: [GC (Allocation Failure) [PSYoungGen: 77728K->34240K(104448K)] 299999K->256519K(681984K), 0.0034634 secs] [Times: user=0.01 sys=0.00, real=0.01 secs] 
1047.393: [GC (Allocation Failure) [PSYoungGen: 91072K->34240K(107520K)] 313351K->256527K(685056K), 0.0035761 secs] [Times: user=0.01 sys=0.00, real=0.01 secs] 
1047.807: [GC (Allocation Failure) [PSYoungGen: 91072K->64K(109568K)] 313359K->223690K(687104K), 0.0020334 secs] [Times: user=0.01 sys=0.00, real=0.00 secs] 
1048.862: [GC (Allocation Failure) [PSYoungGen: 56384K->5536K(61952K)] 280010K->229170K(639488K), 0.0018996 secs] [Times: user=0.00 sys=0.00, real=0.01 secs] 
1049.045: [GC (Allocation Failure) [PSYoungGen: 61856K->17792K(102400K)] 285490K->241426K(679936K), 0.0022961 secs] [Times: user=0.01 sys=0.00, real=0.00 secs] 
1049.282: [GC (Allocation Failure) [PSYoungGen: 62829K->17840K(74240K)] 286463K->241482K(651776K), 0.0023665 secs] [Times: user=0.01 sys=0.00, real=0.01 secs] 
1049.598: [GC (Allocation Failure) [PSYoungGen: 74160K->34208K(98816K)] 297802K->257850K(676352K), 0.0031587 secs] [Times: user=0.01 sys=0.00, real=0.00 secs] 
1050.235: [GC (Allocation Failure) [PSYoungGen: 86944K->34208K(102400K)] 310586K->257858K(679936K), 0.0044866 secs] [Times: user=0.03 sys=0.00, real=0.00 secs] 
1050.867: [GC (Allocation Failure) [PSYoungGen: 86944K->64K(104960K)] 310594K->225068K(682496K), 0.0027290 secs] [Times: user=0.01 sys=0.00, real=0.00 secs] 
1052.291: [GC (Allocation Failure) [PSYoungGen: 52800K->5629K(58368K)] 277804K->230641K(635904K), 0.0018502 secs] [Times: user=0.00 sys=0.00, real=0.00 secs] 
1052.908: [GC (Allocation Failure) [PSYoungGen: 58365K->17856K(97792K)] 283377K->242868K(675328K), 0.0025793 secs] [Times: user=0.01 sys=0.00, real=0.00 secs] 
1053.590: [GC (Allocation Failure) [PSYoungGen: 66298K->17872K(70656K)] 291311K->242884K(648192K), 0.0025948 secs] [Times: user=0.01 sys=0.00, real=0.00 secs] 
1053.890: [GC (Allocation Failure) [PSYoungGen: 70608K->34208K(94208K)] 295620K->259220K(671744K), 0.0038888 secs] [Times: user=0.02 sys=0.00, real=0.01 secs] 
1054.253: [GC (Allocation Failure) [PSYoungGen: 83360K->34240K(97792K)] 308372K->259252K(675328K), 0.0034076 secs] [Times: user=0.01 sys=0.00, real=0.01 secs] 
1054.612: [GC (Allocation Failure) [PSYoungGen: 83392K->1440K(99840K)] 308404K->226452K(677376K), 0.0018001 secs] [Times: user=0.01 sys=0.00, real=0.01 secs] 
1055.771: [GC (Allocation Failure) [PSYoungGen: 50080K->3520K(52224K)] 275092K->228532K(629760K), 0.0038045 secs] [Times: user=0.02 sys=0.00, real=0.01 secs] 
1056.392: [GC (Allocation Failure) [PSYoungGen: 52160K->9661K(95232K)] 277172K->234673K(672768K), 0.0051092 secs] [Times: user=0.02 sys=0.00, real=0.01 secs] 
1056.754: [GC (Allocation Failure) [PSYoungGen: 58301K->17856K(66560K)] 283313K->242868K(644096K), 0.0041932 secs] [Times: user=0.02 sys=0.00, real=0.00 secs] 
1057.004: [GC (Allocation Failure) [PSYoungGen: 66496K->34208K(91136K)] 291508K->259220K(668672K), 0.0056026 secs] [Times: user=0.02 sys=0.00, real=0.00 secs] 
1057.339: [GC (Allocation Failure) [PSYoungGen: 79264K->34240K(94720K)] 304276K->259260K(672256K), 0.0043700 secs] [Times: user=0.02 sys=0.00, real=0.00 secs] 
1057.727: [GC (Allocation Failure) [PSYoungGen: 79296K->34208K(101376K)] 304316K->259236K(678912K), 0.0042718 secs] [Times: user=0.02 sys=0.00, real=0.00 secs] 
1057.987: [GC (Allocation Failure) [PSYoungGen: 82848K->1408K(103424K)] 307876K->226481K(680960K), 0.0018986 secs] [Times: user=0.01 sys=0.00, real=0.00 secs] 
1058.976: [GC (Allocation Failure) [PSYoungGen: 50048K->5568K(95744K)] 275121K->230681K(673280K), 0.0019876 secs] [Times: user=0.00 sys=0.00, real=0.00 secs] 
1059.312: [GC (Allocation Failure) [PSYoungGen: 54208K->17792K(66560K)] 279321K->242913K(644096K), 0.0025873 secs] [Times: user=0.01 sys=0.00, real=0.01 secs] 
1059.671: [GC (Allocation Failure) [PSYoungGen: 65445K->17808K(92672K)] 290567K->242929K(670208K), 0.0024931 secs] [Times: user=0.01 sys=0.00, real=0.00 secs] 
1059.960: [GC (Allocation Failure) [PSYoungGen: 66448K->34208K(95744K)] 291569K->259329K(673280K), 0.0035207 secs] [Times: user=0.02 sys=0.00, real=0.00 secs] 
1060.350: [GC (Allocation Failure) [PSYoungGen: 82848K->34144K(96768K)] 307969K->259273K(674304K), 0.0068002 secs] [Times: user=0.03 sys=0.00, real=0.01 secs] 
1060.726: [GC (Allocation Failure) [PSYoungGen: 80736K->1408K(98816K)] 305865K->226553K(676352K), 0.0030165 secs] [Times: user=0.01 sys=0.00, real=0.00 secs] 
1061.919: [GC (Allocation Failure) [PSYoungGen: 48000K->1568K(92672K)] 273145K->226721K(670208K), 0.0021387 secs] [Times: user=0.00 sys=0.00, real=0.00 secs] 
1062.220: [GC (Allocation Failure) [PSYoungGen: 48160K->9632K(56320K)] 273313K->234785K(633856K), 0.0016741 secs] [Times: user=0.01 sys=0.00, real=0.00 secs] 
1062.526: [GC (Allocation Failure) [PSYoungGen: 56224K->17792K(90624K)] 281377K->242945K(668160K), 0.0021731 secs] [Times: user=0.01 sys=0.00, real=0.00 secs] 
1062.772: [GC (Allocation Failure) [PSYoungGen: 49484K->17776K(64512K)] 274637K->242929K(642048K), 0.0023278 secs] [Times: user=0.01 sys=0.00, real=0.01 secs] 
1062.902: [GC (Allocation Failure) [PSYoungGen: 64368K->34208K(87552K)] 289521K->259361K(665088K), 0.0030704 secs] [Times: user=0.02 sys=0.00, real=0.01 secs] 
1063.090: [GC (Allocation Failure) [PSYoungGen: 77216K->34176K(91136K)] 302369K->259337K(668672K), 0.0030313 secs] [Times: user=0.02 sys=0.00, real=0.00 secs] 
1063.293: [GC (Allocation Failure) [PSYoungGen: 77184K->1376K(98816K)] 302345K->226553K(676352K), 0.0015563 secs] [Times: user=0.00 sys=0.00, real=0.01 secs] 
1063.492: [GC (Allocation Failure) [PSYoungGen: 49504K->1344K(99328K)] 274681K->226529K(676864K), 0.0015067 secs] [Times: user=0.01 sys=0.00, real=0.00 secs] 
1064.435: [GC (Allocation Failure) [PSYoungGen: 49472K->9664K(89088K)] 274657K->234857K(666624K), 0.0019854 secs] [Times: user=0.01 sys=0.00, real=0.00 secs] 
1064.772: [GC (Allocation Failure) [PSYoungGen: 57792K->17824K(66048K)] 282985K->243025K(643584K), 0.0027453 secs] [Times: user=0.01 sys=0.00, real=0.01 secs] 
1065.089: [GC (Allocation Failure) [PSYoungGen: 55321K->17808K(89088K)] 280522K->243017K(666624K), 0.0024723 secs] [Times: user=0.01 sys=0.00, real=0.00 secs] 
1065.357: [GC (Allocation Failure) [PSYoungGen: 65936K->34176K(91648K)] 291145K->259393K(669184K), 0.0048018 secs] [Times: user=0.03 sys=0.00, real=0.00 secs] 
1065.762: [GC (Allocation Failure) [PSYoungGen: 82304K->34176K(98304K)] 307521K->259417K(675840K), 0.0046328 secs] [Times: user=0.02 sys=0.00, real=0.01 secs] 
1066.194: [GC (Allocation Failure) [PSYoungGen: 84864K->1408K(101376K)] 310105K->226657K(678912K), 0.0029007 secs] [Times: user=0.01 sys=0.00, real=0.00 secs] 
1067.592: [GC (Allocation Failure) [PSYoungGen: 51549K->2480K(94720K)] 276799K->227845K(672256K), 0.0017138 secs] [Times: user=0.01 sys=0.00, real=0.01 secs] 
1067.816: [GC (Allocation Failure) [PSYoungGen: 53168K->9600K(60416K)] 278533K->234965K(637952K), 0.0020940 secs] [Times: user=0.01 sys=0.00, real=0.00 secs] 
1068.116: [GC (Allocation Failure) [PSYoungGen: 60288K->17792K(94208K)] 285653K->243165K(671744K), 0.0023043 secs] [Times: user=0.00 sys=0.00, real=0.00 secs] 
1068.384: [GC (Allocation Failure) [PSYoungGen: 68480K->34208K(96256K)] 293853K->259581K(673792K), 0.0031310 secs] [Times: user=0.02 sys=0.00, real=0.00 secs] 
1068.801: [GC (Allocation Failure) [PSYoungGen: 84896K->34176K(96768K)] 310269K->259549K(674304K), 0.0034216 secs] [Times: user=0.02 sys=0.00, real=0.01 secs] 
1069.188: [GC (Allocation Failure) [PSYoungGen: 81792K->1376K(99840K)] 307165K->226757K(677376K), 0.0020597 secs] [Times: user=0.01 sys=0.00, real=0.00 secs] 
1069.587: [GC (Allocation Failure) [PSYoungGen: 48992K->1376K(97792K)] 274373K->226757K(675328K), 0.0038414 secs] [Times: user=0.01 sys=0.00, real=0.00 secs] 
1071.242: [GC (Allocation Failure) [PSYoungGen: 48992K->9664K(57344K)] 274373K->235045K(634880K), 0.0047305 secs] [Times: user=0.02 sys=0.00, real=0.01 secs] 
1072.069: [GC (Allocation Failure) [PSYoungGen: 57280K->17760K(91648K)] 282661K->243141K(669184K), 0.0055670 secs] [Times: user=0.02 sys=0.00, real=0.01 secs] 
1072.881: [GC (Allocation Failure) [PSYoungGen: 56817K->17808K(65536K)] 282198K->243189K(643072K), 0.0053455 secs] [Times: user=0.02 sys=0.00, real=0.01 secs] 
1073.242: [GC (Allocation Failure) [PSYoungGen: 65424K->34176K(87552K)] 290805K->259557K(665088K), 0.0058257 secs] [Times: user=0.03 sys=0.00, real=0.01 secs] 
1073.607: [GC (Allocation Failure) [PSYoungGen: 77696K->34240K(91648K)] 303077K->259629K(669184K), 0.0073214 secs] [Times: user=0.04 sys=0.00, real=0.01 secs] 
1074.014: [GC (Allocation Failure) [PSYoungGen: 77760K->1408K(99840K)] 303149K->226813K(677376K), 0.0022554 secs] [Times: user=0.01 sys=0.00, real=0.00 secs] 
1074.490: [GC (Allocation Failure) [PSYoungGen: 50048K->1376K(50176K)] 275453K->226789K(627712K), 0.0023687 secs] [Times: user=0.01 sys=0.00, real=0.00 secs] 
1075.635: [GC (Allocation Failure) [PSYoungGen: 50016K->9664K(94208K)] 275429K->235077K(671744K), 0.0019464 secs] [Times: user=0.01 sys=0.00, real=0.00 secs] 
1076.052: [GC (Allocation Failure) [PSYoungGen: 58304K->17728K(66560K)] 283717K->243141K(644096K), 0.0027128 secs] [Times: user=0.01 sys=0.00, real=0.01 secs] 
1076.303: [GC (Allocation Failure) [PSYoungGen: 51740K->17776K(89600K)] 277154K->243189K(667136K), 0.0023750 secs] [Times: user=0.01 sys=0.00, real=0.01 secs] 
1076.467: [GC (Allocation Failure) [PSYoungGen: 66416K->34208K(92160K)] 291829K->259621K(669696K), 0.0036045 secs] [Times: user=0.02 sys=0.01, real=0.00 secs] 
1076.672: [GC (Allocation Failure) [PSYoungGen: 82848K->34208K(98816K)] 308261K->259629K(676352K), 0.0037436 secs] [Times: user=0.01 sys=0.00, real=0.01 secs] 
1076.886: [GC (Allocation Failure) [PSYoungGen: 85408K->1376K(101888K)] 310829K->226813K(679424K), 0.0016508 secs] [Times: user=0.01 sys=0.00, real=0.00 secs] 
1077.796: [GC (Allocation Failure) [PSYoungGen: 52576K->2432K(94720K)] 278013K->227893K(672256K), 0.0015586 secs] [Times: user=0.01 sys=0.00, real=0.00 secs] 
1078.037: [GC (Allocation Failure) [PSYoungGen: 53632K->9568K(60928K)] 279093K->235029K(638464K), 0.0020017 secs] [Times: user=0.01 sys=0.00, real=0.00 secs] 
1078.216: [GC (Allocation Failure) [PSYoungGen: 60768K->17792K(100864K)] 286229K->243261K(678400K), 0.0023910 secs] [Times: user=0.01 sys=0.00, real=0.00 secs] 
1078.370: [GC (Allocation Failure) [PSYoungGen: 71040K->34208K(98816K)] 296509K->259693K(676352K), 0.0033497 secs] [Times: user=0.02 sys=0.00, real=0.00 secs] 
1078.607: [GC (Allocation Failure) [PSYoungGen: 87456K->34144K(105984K)] 312941K->259637K(683520K), 0.0038968 secs] [Times: user=0.01 sys=0.00, real=0.00 secs] 
1078.845: [GC (Allocation Failure) [PSYoungGen: 90976K->1392K(109056K)] 316469K->226893K(686592K), 0.0017393 secs] [Times: user=0.01 sys=0.00, real=0.00 secs] 
1079.727: [GC (Allocation Failure) [PSYoungGen: 58224K->5536K(112128K)] 283725K->231145K(689664K), 0.0017009 secs] [Times: user=0.00 sys=0.00, real=0.00 secs] 
1080.001: [GC (Allocation Failure) [PSYoungGen: 69024K->17824K(80896K)] 294633K->243441K(658432K), 0.0023591 secs] [Times: user=0.01 sys=0.00, real=0.00 secs] 
1080.194: [GC (Allocation Failure) [PSYoungGen: 80800K->34208K(107008K)] 306417K->259833K(684544K), 0.0039686 secs] [Times: user=0.01 sys=0.00, real=0.00 secs] 
1080.442: [GC (Allocation Failure) [PSYoungGen: 93600K->34176K(110592K)] 319225K->259809K(688128K), 0.0033897 secs] [Times: user=0.02 sys=0.00, real=0.01 secs] 
1080.817: [GC (Allocation Failure) [PSYoungGen: 93568K->64K(119808K)] 319201K->227012K(697344K), 0.0016572 secs] [Times: user=0.01 sys=0.00, real=0.00 secs] 
1082.315: [GC (Allocation Failure) [PSYoungGen: 65245K->3536K(69632K)] 292194K->230500K(647168K), 0.0020078 secs] [Times: user=0.01 sys=0.00, real=0.00 secs] 
1083.350: [GC (Allocation Failure) [PSYoungGen: 69584K->17856K(111616K)] 296548K->244820K(689152K), 0.0041477 secs] [Times: user=0.01 sys=0.00, real=0.01 secs] 
1084.009: [GC (Allocation Failure) [PSYoungGen: 83392K->34208K(114688K)] 310356K->261172K(692224K), 0.0066979 secs] [Times: user=0.03 sys=0.00, real=0.01 secs] 
1084.718: [GC (Allocation Failure) [PSYoungGen: 99232K->34208K(115200K)] 326196K->261172K(692736K), 0.0065881 secs] [Times: user=0.03 sys=0.00, real=0.01 secs] 
1085.219: [GC (Allocation Failure) [PSYoungGen: 96672K->1408K(63488K)] 323636K->228380K(641024K), 0.0021547 secs] [Times: user=0.01 sys=0.00, real=0.00 secs] 
1086.430: [GC (Allocation Failure) [PSYoungGen: 63360K->5536K(112640K)] 290332K->232508K(690176K), 0.0018932 secs] [Times: user=0.01 sys=0.00, real=0.00 secs] 
1086.921: [GC (Allocation Failure) [PSYoungGen: 66976K->17824K(78848K)] 293948K->244796K(656384K), 0.0026873 secs] [Times: user=0.01 sys=0.00, real=0.01 secs] 
1087.349: [GC (Allocation Failure) [PSYoungGen: 78752K->34240K(108032K)] 305724K->261212K(685568K), 0.0042566 secs] [Times: user=0.02 sys=0.00, real=0.00 secs] 
1088.027: [GC (Allocation Failure) [PSYoungGen: 92096K->34208K(111104K)] 319068K->261180K(688640K), 0.0047839 secs] [Times: user=0.02 sys=0.00, real=0.00 secs] 
1088.727: [GC (Allocation Failure) [PSYoungGen: 92064K->1440K(112640K)] 319036K->228412K(690176K), 0.0024734 secs] [Times: user=0.01 sys=0.00, real=0.00 secs] 
1090.153: [GC (Allocation Failure) [PSYoungGen: 59296K->1744K(59904K)] 286268K->228716K(637440K), 0.0018971 secs] [Times: user=0.01 sys=0.00, real=0.01 secs] 
1091.793: [GC (Allocation Failure) [PSYoungGen: 59600K->9632K(107008K)] 286572K->236604K(684544K), 0.0033568 secs] [Times: user=0.01 sys=0.00, real=0.01 secs] 
1092.224: [GC (Allocation Failure) [PSYoungGen: 67488K->17824K(75776K)] 294460K->244796K(653312K), 0.0033665 secs] [Times: user=0.02 sys=0.01, real=0.00 secs] 
1092.566: [GC (Allocation Failure) [PSYoungGen: 75680K->34237K(103936K)] 302652K->261209K(681472K), 0.0041690 secs] [Times: user=0.02 sys=0.00, real=0.00 secs] 
1092.796: [GC (Allocation Failure) [PSYoungGen: 89021K->34221K(107008K)] 315993K->261193K(684544K), 0.0038159 secs] [Times: user=0.02 sys=0.00, real=0.00 secs] 
1093.060: [GC (Allocation Failure) [PSYoungGen: 89005K->1440K(109056K)] 315977K->228465K(686592K), 0.0016718 secs] [Times: user=0.00 sys=0.00, real=0.00 secs] 
1094.736: [GC (Allocation Failure) [PSYoungGen: 56224K->5568K(60416K)] 283249K->232609K(637952K), 0.0026560 secs] [Times: user=0.01 sys=0.00, real=0.00 secs] 
1095.363: [GC (Allocation Failure) [PSYoungGen: 60352K->17824K(100864K)] 287393K->244873K(678400K), 0.0039309 secs] [Times: user=0.01 sys=0.00, real=0.01 secs] 
1097.707: [GC (Allocation Failure) [PSYoungGen: 61634K->17840K(72704K)] 288684K->244889K(650240K), 0.0061297 secs] [Times: user=0.02 sys=0.00, real=0.00 secs] 
1098.205: [GC (Allocation Failure) [PSYoungGen: 72624K->34208K(98304K)] 299673K->261265K(675840K), 0.0056962 secs] [Times: user=0.02 sys=0.00, real=0.00 secs] 
1098.625: [GC (Allocation Failure) [PSYoungGen: 85408K->34240K(101888K)] 312465K->261305K(679424K), 0.0050263 secs] [Times: user=0.02 sys=0.00, real=0.00 secs] 
1098.995: [GC (Allocation Failure) [PSYoungGen: 85440K->1408K(104448K)] 312505K->228481K(681984K), 0.0019176 secs] [Times: user=0.01 sys=0.00, real=0.00 secs] 
1100.066: [GC (Allocation Failure) [PSYoungGen: 52608K->5536K(56832K)] 279681K->232617K(634368K), 0.0017976 secs] [Times: user=0.01 sys=0.00, real=0.00 secs] 
1100.408: [GC (Allocation Failure) [PSYoungGen: 49489K->9584K(98816K)] 276571K->236673K(676352K), 0.0019380 secs] [Times: user=0.00 sys=0.00, real=0.00 secs] 
1100.615: [GC (Allocation Failure) [PSYoungGen: 60784K->17824K(69120K)] 287873K->244921K(646656K), 0.0023924 secs] [Times: user=0.01 sys=0.00, real=0.00 secs] 
1100.760: [GC (Allocation Failure) [PSYoungGen: 69024K->34240K(94208K)] 296121K->261345K(671744K), 0.0031853 secs] [Times: user=0.02 sys=0.00, real=0.00 secs] 
1100.960: [GC (Allocation Failure) [PSYoungGen: 81856K->34176K(97792K)] 308961K->261289K(675328K), 0.0035788 secs] [Times: user=0.01 sys=0.00, real=0.00 secs] 
1101.211: [GC (Allocation Failure) [PSYoungGen: 81792K->1408K(104960K)] 308905K->228553K(682496K), 0.0015467 secs] [Times: user=0.00 sys=0.00, real=0.00 secs] 
1102.287: [GC (Allocation Failure) [PSYoungGen: 54656K->1248K(54784K)] 281801K->228401K(632320K), 0.0015318 secs] [Times: user=0.00 sys=0.00, real=0.00 secs] 
1102.759: [GC (Allocation Failure) [PSYoungGen: 54496K->9632K(100352K)] 281649K->236793K(677888K), 0.0019405 secs] [Times: user=0.00 sys=0.00, real=0.00 secs] 
1103.201: [GC (Allocation Failure) [PSYoungGen: 62880K->17824K(71168K)] 290041K->244985K(648704K), 0.0023652 secs] [Times: user=0.02 sys=0.00, real=0.00 secs] 
1103.510: [GC (Allocation Failure) [PSYoungGen: 71072K->34208K(96256K)] 298233K->261369K(673792K), 0.0036982 secs] [Times: user=0.01 sys=0.00, real=0.00 secs] 
1103.758: [GC (Allocation Failure) [PSYoungGen: 83360K->34208K(100352K)] 310521K->261369K(677888K), 0.0034604 secs] [Times: user=0.02 sys=0.00, real=0.00 secs] 
1104.098: [GC (Allocation Failure) [PSYoungGen: 83360K->1360K(101888K)] 310521K->228529K(679424K), 0.0017356 secs] [Times: user=0.01 sys=0.00, real=0.00 secs] 
1104.500: [GC (Allocation Failure) [PSYoungGen: 50512K->1408K(50688K)] 277681K->228577K(628224K), 0.0020587 secs] [Times: user=0.00 sys=0.00, real=0.00 secs] 
1106.663: [GC (Allocation Failure) [PSYoungGen: 50560K->9632K(96768K)] 277729K->236801K(674304K), 0.0052914 secs] [Times: user=0.03 sys=0.00, real=0.01 secs] 
1107.658: [GC (Allocation Failure) [PSYoungGen: 58784K->17824K(67072K)] 285953K->245001K(644608K), 0.0049188 secs] [Times: user=0.02 sys=0.00, real=0.00 secs] 
1108.069: [GC (Allocation Failure) [PSYoungGen: 53200K->17776K(91648K)] 280378K->244961K(669184K), 0.0035950 secs] [Times: user=0.01 sys=0.00, real=0.00 secs] 
1108.336: [GC (Allocation Failure) [PSYoungGen: 66928K->34176K(94208K)] 294113K->261369K(671744K), 0.0047051 secs] [Times: user=0.02 sys=0.00, real=0.00 secs] 
1108.726: [GC (Allocation Failure) [PSYoungGen: 83328K->34208K(95232K)] 310521K->261409K(672768K), 0.0049570 secs] [Times: user=0.02 sys=0.00, real=0.00 secs] 
1109.127: [GC (Allocation Failure) [PSYoungGen: 80288K->1360K(47616K)] 307489K->228569K(625152K), 0.0022672 secs] [Times: user=0.01 sys=0.00, real=0.00 secs] 
1110.291: [GC (Allocation Failure) [PSYoungGen: 47440K->1600K(96768K)] 274649K->228817K(674304K), 0.0014952 secs] [Times: user=0.01 sys=0.00, real=0.00 secs] 
1110.628: [GC (Allocation Failure) [PSYoungGen: 47680K->9632K(55808K)] 274897K->236849K(633344K), 0.0030893 secs] [Times: user=0.01 sys=0.00, real=0.00 secs] 
1111.031: [GC (Allocation Failure) [PSYoungGen: 55712K->17824K(90624K)] 282929K->245041K(668160K), 0.0029686 secs] [Times: user=0.02 sys=0.00, real=0.01 secs] 
1111.303: [GC (Allocation Failure) [PSYoungGen: 50049K->17776K(64000K)] 277266K->245025K(641536K), 0.0031076 secs] [Times: user=0.02 sys=0.00, real=0.01 secs] 
1111.544: [GC (Allocation Failure) [PSYoungGen: 63856K->34208K(86016K)] 291105K->261465K(663552K), 0.0042866 secs] [Times: user=0.02 sys=0.00, real=0.00 secs] 
1111.868: [GC (Allocation Failure) [PSYoungGen: 76192K->34176K(90112K)] 303449K->261441K(667648K), 0.0038741 secs] [Times: user=0.02 sys=0.01, real=0.00 secs] 
1112.044: [GC (Allocation Failure) [PSYoungGen: 76160K->1408K(98304K)] 303425K->228681K(675840K), 0.0018099 secs] [Times: user=0.01 sys=0.00, real=0.00 secs] 
1112.240: [GC (Allocation Failure) [PSYoungGen: 48512K->1408K(98304K)] 275785K->228697K(675840K), 0.0018127 secs] [Times: user=0.00 sys=0.00, real=0.00 secs] 
1113.146: [GC (Allocation Failure) [PSYoungGen: 45182K->5552K(88064K)] 272472K->232849K(665600K), 0.0016532 secs] [Times: user=0.01 sys=0.00, real=0.00 secs] 
1113.529: [GC (Allocation Failure) [PSYoungGen: 52656K->17792K(65024K)] 279953K->245089K(642560K), 0.0027728 secs] [Times: user=0.01 sys=0.00, real=0.00 secs] 
1113.914: [GC (Allocation Failure) [PSYoungGen: 64605K->17808K(89600K)] 291902K->245105K(667136K), 0.0039381 secs] [Times: user=0.02 sys=0.00, real=0.00 secs] 
1114.186: [GC (Allocation Failure) [PSYoungGen: 64912K->34208K(91648K)] 292209K->261513K(669184K), 0.0043101 secs] [Times: user=0.02 sys=0.00, real=0.00 secs] 
1114.564: [GC (Allocation Failure) [PSYoungGen: 81312K->34208K(98304K)] 308617K->261537K(675840K), 0.0044179 secs] [Times: user=0.02 sys=0.00, real=0.00 secs] 
1114.809: [GC (Allocation Failure) [PSYoungGen: 83872K->1376K(101376K)] 311201K->228713K(678912K), 0.0017642 secs] [Times: user=0.00 sys=0.00, real=0.00 secs] 
1115.804: [GC (Allocation Failure) [PSYoungGen: 51040K->1952K(94208K)] 278377K->229297K(671744K), 0.0019134 secs] [Times: user=0.01 sys=0.00, real=0.00 secs] 
1116.833: [GC (Allocation Failure) [PSYoungGen: 51616K->9600K(59392K)] 278961K->236945K(636928K), 0.0047770 secs] [Times: user=0.02 sys=0.00, real=0.01 secs] 
1118.081: [GC (Allocation Failure) [PSYoungGen: 59264K->17760K(93696K)] 286609K->245105K(671232K), 0.0039805 secs] [Times: user=0.01 sys=0.00, real=0.01 secs] 
1118.232: [GC (Allocation Failure) [PSYoungGen: 67424K->34208K(95744K)] 294769K->261553K(673280K), 0.0036602 secs] [Times: user=0.01 sys=0.00, real=0.01 secs] 
1118.447: [GC (Allocation Failure) [PSYoungGen: 83872K->34208K(101888K)] 311217K->261561K(679424K), 0.0040809 secs] [Times: user=0.02 sys=0.00, real=0.00 secs] 
1118.739: [GC (Allocation Failure) [PSYoungGen: 86432K->1440K(104960K)] 313785K->228817K(682496K), 0.0018683 secs] [Times: user=0.01 sys=0.00, real=0.00 secs] 
1119.122: [GC (Allocation Failure) [PSYoungGen: 53664K->1408K(96768K)] 281041K->228793K(674304K), 0.0017583 secs] [Times: user=0.00 sys=0.00, real=0.01 secs] 
1120.242: [GC (Allocation Failure) [PSYoungGen: 53632K->9664K(61952K)] 281017K->237049K(639488K), 0.0020335 secs] [Times: user=0.01 sys=0.00, real=0.01 secs] 
1120.736: [GC (Allocation Failure) [PSYoungGen: 61888K->17792K(96256K)] 289273K->245177K(673792K), 0.0028290 secs] [Times: user=0.01 sys=0.00, real=0.00 secs] 
1121.038: [GC (Allocation Failure) [PSYoungGen: 70016K->34144K(98816K)] 297401K->261529K(676352K), 0.0038961 secs] [Times: user=0.01 sys=0.00, real=0.00 secs] 
1121.258: [GC (Allocation Failure) [PSYoungGen: 86368K->34208K(99840K)] 313753K->261601K(677376K), 0.0035838 secs] [Times: user=0.02 sys=0.00, real=0.00 secs] 
1121.516: [GC (Allocation Failure) [PSYoungGen: 83360K->1408K(50688K)] 310753K->228817K(628224K), 0.0018450 secs] [Times: user=0.01 sys=0.00, real=0.00 secs] 
1121.795: [GC (Allocation Failure) [PSYoungGen: 50560K->1376K(100352K)] 277969K->228793K(677888K), 0.0018692 secs] [Times: user=0.00 sys=0.00, real=0.00 secs] 
1122.688: [GC (Allocation Failure) [PSYoungGen: 46900K->5552K(54784K)] 274318K->232977K(632320K), 0.0018176 secs] [Times: user=0.01 sys=0.00, real=0.00 secs] 
1122.842: [GC (Allocation Failure) [PSYoungGen: 54704K->17824K(95232K)] 282129K->245249K(672768K), 0.0025685 secs] [Times: user=0.01 sys=0.00, real=0.01 secs] 
1123.027: [GC (Allocation Failure) [PSYoungGen: 62798K->17840K(97280K)] 290224K->245265K(674816K), 0.0022460 secs] [Times: user=0.01 sys=0.00, real=0.00 secs] 
1123.165: [GC (Allocation Failure) [PSYoungGen: 66992K->34208K(96256K)] 294417K->261641K(673792K), 0.0033822 secs] [Times: user=0.02 sys=0.00, real=0.00 secs] 
1123.377: [GC (Allocation Failure) [PSYoungGen: 84896K->34208K(100352K)] 312329K->261649K(677888K), 0.0033325 secs] [Times: user=0.02 sys=0.01, real=0.00 secs] 
1123.589: [GC (Allocation Failure) [PSYoungGen: 84896K->1424K(108032K)] 312337K->228873K(685568K), 0.0016411 secs] [Times: user=0.00 sys=0.00, real=0.00 secs] 
1124.564: [GC (Allocation Failure) [PSYoungGen: 58256K->5536K(109056K)] 285705K->232993K(686592K), 0.0018987 secs] [Times: user=0.00 sys=0.00, real=0.00 secs] 
1124.749: [GC (Allocation Failure) [PSYoungGen: 62368K->17824K(109056K)] 289825K->245297K(686592K), 0.0022969 secs] [Times: user=0.01 sys=0.01, real=0.00 secs] 
1124.955: [GC (Allocation Failure) [PSYoungGen: 68535K->17808K(111616K)] 296009K->245289K(689152K), 0.0020665 secs] [Times: user=0.01 sys=0.00, real=0.00 secs] 
1125.151: [GC (Allocation Failure) [PSYoungGen: 81296K->34176K(112640K)] 308777K->261665K(690176K), 0.0038964 secs] [Times: user=0.02 sys=0.00, real=0.01 secs] 
1125.432: [GC (Allocation Failure) [PSYoungGen: 101248K->96K(116224K)] 328737K->228905K(693760K), 0.0016817 secs] [Times: user=0.00 sys=0.00, real=0.00 secs] 
1126.354: [GC (Allocation Failure) [PSYoungGen: 67151K->1984K(105984K)] 295960K->230801K(683520K), 0.0015288 secs] [Times: user=0.01 sys=0.00, real=0.00 secs] 
1126.912: [GC (Allocation Failure) [PSYoungGen: 68544K->17824K(83968K)] 297361K->246649K(661504K), 0.0022748 secs] [Times: user=0.01 sys=0.00, real=0.01 secs] 
1127.586: [GC (Allocation Failure) [PSYoungGen: 69010K->17808K(107008K)] 297835K->246633K(684544K), 0.0049945 secs] [Times: user=0.02 sys=0.00, real=0.00 secs] 
1128.190: [GC (Allocation Failure) [PSYoungGen: 83344K->34176K(109056K)] 312169K->263001K(686592K), 0.0056996 secs] [Times: user=0.03 sys=0.00, real=0.01 secs] 
1128.938: [GC (Allocation Failure) [PSYoungGen: 99200K->1376K(111104K)] 328025K->230201K(688640K), 0.0028761 secs] [Times: user=0.01 sys=0.00, real=0.00 secs] 
1130.469: [GC (Allocation Failure) [PSYoungGen: 65888K->1920K(66048K)] 294713K->230745K(643584K), 0.0017430 secs] [Times: user=0.01 sys=0.00, real=0.00 secs] 
1131.035: [GC (Allocation Failure) [PSYoungGen: 58809K->9616K(104960K)] 287634K->238441K(682496K), 0.0020989 secs] [Times: user=0.01 sys=0.00, real=0.00 secs] 
1131.720: [GC (Allocation Failure) [PSYoungGen: 73097K->17840K(80896K)] 301922K->246665K(658432K), 0.0032547 secs] [Times: user=0.01 sys=0.00, real=0.00 secs] 
1133.524: [GC (Allocation Failure) [PSYoungGen: 80816K->34208K(101376K)] 309641K->263033K(678912K), 0.0077450 secs] [Times: user=0.03 sys=0.00, real=0.00 secs] 
1134.085: [GC (Allocation Failure) [PSYoungGen: 92576K->34240K(105984K)] 321401K->263065K(683520K), 0.0041696 secs] [Times: user=0.02 sys=0.00, real=0.00 secs] 
1134.664: [GC (Allocation Failure) [PSYoungGen: 92608K->1408K(108544K)] 321433K->230233K(686080K), 0.0022960 secs] [Times: user=0.01 sys=0.00, real=0.00 secs] 
1135.643: [GC (Allocation Failure) [PSYoungGen: 59776K->9696K(68096K)] 288601K->238521K(645632K), 0.0020717 secs] [Times: user=0.01 sys=0.00, real=0.01 secs] 
1136.077: [GC (Allocation Failure) [PSYoungGen: 68064K->17856K(102400K)] 296889K->246681K(679936K), 0.0026409 secs] [Times: user=0.01 sys=0.00, real=0.00 secs] 
1136.405: [GC (Allocation Failure) [PSYoungGen: 76224K->34208K(104448K)] 305049K->263033K(681984K), 0.0071500 secs] [Times: user=0.04 sys=0.00, real=0.00 secs] 
1136.920: [GC (Allocation Failure) [PSYoungGen: 92576K->34144K(104960K)] 321401K->263014K(682496K), 0.0057805 secs] [Times: user=0.03 sys=0.00, real=0.01 secs] 
1137.395: [GC (Allocation Failure) [PSYoungGen: 89440K->1376K(56832K)] 318310K->230254K(634368K), 0.0023607 secs] [Times: user=0.00 sys=0.00, real=0.00 secs] 
1138.575: [GC (Allocation Failure) [PSYoungGen: 56672K->5568K(105472K)] 285550K->234446K(683008K), 0.0017743 secs] [Times: user=0.01 sys=0.00, real=0.00 secs] 
1139.063: [GC (Allocation Failure) [PSYoungGen: 60864K->17808K(73216K)] 289742K->246686K(650752K), 0.0029929 secs] [Times: user=0.02 sys=0.00, real=0.01 secs] 
1140.321: [GC (Allocation Failure) [PSYoungGen: 67559K->17808K(98304K)] 296437K->246694K(675840K), 0.0030032 secs] [Times: user=0.01 sys=0.00, real=0.01 secs] 
1141.028: [GC (Allocation Failure) [PSYoungGen: 73104K->34176K(100864K)] 301990K->263070K(678400K), 0.0045334 secs] [Times: user=0.02 sys=0.01, real=0.00 secs] 
1142.245: [GC (Allocation Failure) [PSYoungGen: 89472K->34160K(101888K)] 318366K->263054K(679424K), 0.0049473 secs] [Times: user=0.02 sys=0.00, real=0.00 secs] 
1143.996: [GC (Allocation Failure) [PSYoungGen: 86896K->1376K(104448K)] 315790K->230278K(681984K), 0.0035606 secs] [Times: user=0.01 sys=0.00, real=0.00 secs] 
1145.312: [GC (Allocation Failure) [PSYoungGen: 54112K->5520K(102400K)] 283014K->234430K(679936K), 0.0019998 secs] [Times: user=0.00 sys=0.00, real=0.01 secs] 
1145.544: [GC (Allocation Failure) [PSYoungGen: 58256K->17792K(70656K)] 287166K->246718K(648192K), 0.0024402 secs] [Times: user=0.01 sys=0.00, real=0.01 secs] 
1145.817: [GC (Allocation Failure) [PSYoungGen: 63087K->17776K(95232K)] 292013K->246702K(672768K), 0.0024693 secs] [Times: user=0.01 sys=0.00, real=0.00 secs] 
1146.056: [GC (Allocation Failure) [PSYoungGen: 70512K->34192K(97792K)] 299438K->263126K(675328K), 0.0033211 secs] [Times: user=0.02 sys=0.00, real=0.00 secs] 
1146.429: [GC (Allocation Failure) [PSYoungGen: 86928K->34144K(98816K)] 315862K->263094K(676352K), 0.0035053 secs] [Times: user=0.02 sys=0.00, real=0.00 secs] 
1146.761: [GC (Allocation Failure) [PSYoungGen: 84320K->1376K(101376K)] 313270K->230334K(678912K), 0.0017286 secs] [Times: user=0.00 sys=0.00, real=0.00 secs] 
1147.764: [GC (Allocation Failure) [PSYoungGen: 51079K->3504K(100352K)] 280037K->232470K(677888K), 0.0019072 secs] [Times: user=0.01 sys=0.00, real=0.01 secs] 
1148.035: [GC (Allocation Failure) [PSYoungGen: 50416K->9616K(59904K)] 279382K->238582K(637440K), 0.0021221 secs] [Times: user=0.01 sys=0.00, real=0.00 secs] 
1148.261: [GC (Allocation Failure) [PSYoungGen: 59792K->17824K(93696K)] 288758K->246798K(671232K), 0.0023374 secs] [Times: user=0.01 sys=0.00, real=0.00 secs] 
1148.471: [GC (Allocation Failure) [PSYoungGen: 68000K->34208K(96256K)] 296974K->263190K(673792K), 0.0035307 secs] [Times: user=0.02 sys=0.00, real=0.01 secs] 
1149.299: [GC (Allocation Failure) [PSYoungGen: 84384K->34176K(99328K)] 313366K->263166K(676864K), 0.0049941 secs] [Times: user=0.02 sys=0.00, real=0.01 secs] 
1149.910: [GC (Allocation Failure) [PSYoungGen: 84352K->1408K(102400K)] 313342K->230406K(679936K), 0.0022837 secs] [Times: user=0.01 sys=0.00, real=0.00 secs] 
1151.327: [GC (Allocation Failure) [PSYoungGen: 51574K->256K(101376K)] 280573K->229254K(678912K), 0.0014311 secs] [Times: user=0.01 sys=0.00, real=0.00 secs] 
1152.480: [GC (Allocation Failure) [PSYoungGen: 50432K->9600K(59904K)] 279430K->238598K(637440K), 0.0043376 secs] [Times: user=0.01 sys=0.00, real=0.01 secs] 
1152.799: [GC (Allocation Failure) [PSYoungGen: 59776K->17760K(94720K)] 288774K->246766K(672256K), 0.0028953 secs] [Times: user=0.01 sys=0.00, real=0.00 secs] 
1152.934: [GC (Allocation Failure) [PSYoungGen: 67936K->34208K(97280K)] 296942K->263222K(674816K), 0.0039115 secs] [Times: user=0.02 sys=0.00, real=0.00 secs] 
1153.292: [GC (Allocation Failure) [PSYoungGen: 84384K->34208K(103936K)] 313398K->263230K(681472K), 0.0033019 secs] [Times: user=0.02 sys=0.00, real=0.01 secs] 
1153.675: [GC (Allocation Failure) [PSYoungGen: 87456K->1376K(107008K)] 316478K->230406K(684544K), 0.0020291 secs] [Times: user=0.01 sys=0.00, real=0.00 secs] 
1154.100: [GC (Allocation Failure) [PSYoungGen: 54624K->1408K(98304K)] 283654K->230462K(675840K), 0.0023969 secs] [Times: user=0.01 sys=0.00, real=0.00 secs] 
1156.400: [GC (Allocation Failure) [PSYoungGen: 54656K->9664K(62976K)] 283710K->238726K(640512K), 0.0049118 secs] [Times: user=0.02 sys=0.00, real=0.01 secs] 
1157.421: [GC (Allocation Failure) [PSYoungGen: 62912K->17824K(97792K)] 291974K->246886K(675328K), 0.0050793 secs] [Times: user=0.02 sys=0.00, real=0.01 secs] 
1157.591: [GC (Allocation Failure) [PSYoungGen: 71072K->34176K(100352K)] 300134K->263238K(677888K), 0.0036644 secs] [Times: user=0.02 sys=0.01, real=0.01 secs] 
1157.816: [GC (Allocation Failure) [PSYoungGen: 87424K->34176K(108032K)] 316486K->263246K(685568K), 0.0057319 secs] [Times: user=0.03 sys=0.00, real=0.00 secs] 
1158.056: [GC (Allocation Failure) [PSYoungGen: 91008K->1376K(110592K)] 320078K->230454K(688128K), 0.0018844 secs] [Times: user=0.01 sys=0.00, real=0.00 secs] 
1159.093: [GC (Allocation Failure) [PSYoungGen: 58208K->1680K(115200K)] 287286K->230766K(692736K), 0.0016242 secs] [Times: user=0.01 sys=0.00, real=0.01 secs] 
1159.589: [GC (Allocation Failure) [PSYoungGen: 61342K->9584K(72704K)] 290428K->238694K(650240K), 0.0019818 secs] [Times: user=0.01 sys=0.00, real=0.00 secs] 
1159.979: [GC (Allocation Failure) [PSYoungGen: 72560K->17808K(107520K)] 301670K->246918K(685056K), 0.0030913 secs] [Times: user=0.02 sys=0.00, real=0.00 secs] 
1160.179: [GC (Allocation Failure) [PSYoungGen: 80272K->34240K(110080K)] 309382K->263358K(687616K), 0.0041852 secs] [Times: user=0.02 sys=0.00, real=0.00 secs] 
1160.434: [GC (Allocation Failure) [PSYoungGen: 96704K->1440K(119296K)] 325822K->230574K(696832K), 0.0018159 secs] [Times: user=0.01 sys=0.00, real=0.00 secs] 
1161.655: [GC (Allocation Failure) [PSYoungGen: 71072K->1952K(71168K)] 300206K->231094K(648704K), 0.0025766 secs] [Times: user=0.01 sys=0.00, real=0.00 secs] 
1162.756: [GC (Allocation Failure) [PSYoungGen: 71072K->17792K(112640K)] 300214K->246934K(690176K), 0.0039917 secs] [Times: user=0.02 sys=0.00, real=0.00 secs] 
1163.696: [GC (Allocation Failure) [PSYoungGen: 86400K->34208K(115200K)] 315542K->263350K(692736K), 0.0067173 secs] [Times: user=0.03 sys=0.00, real=0.00 secs] 
1164.514: [GC (Allocation Failure) [PSYoungGen: 102304K->34176K(116224K)] 331446K->263318K(693760K), 0.0052222 secs] [Times: user=0.02 sys=0.00, real=0.00 secs] 
1165.417: [GC (Allocation Failure) [PSYoungGen: 99200K->1360K(66048K)] 328342K->230502K(643584K), 0.0023514 secs] [Times: user=0.01 sys=0.00, real=0.00 secs] 
1166.891: [GC (Allocation Failure) [PSYoungGen: 65872K->5536K(113152K)] 295014K->234678K(690688K), 0.0022249 secs] [Times: user=0.00 sys=0.01, real=0.00 secs] 
1167.320: [GC (Allocation Failure) [PSYoungGen: 69536K->17824K(81408K)] 298678K->246966K(658944K), 0.0025273 secs] [Times: user=0.01 sys=0.00, real=0.00 secs] 
1167.733: [GC (Allocation Failure) [PSYoungGen: 81312K->34176K(109056K)] 310454K->263318K(686592K), 0.0039369 secs] [Times: user=0.02 sys=0.01, real=0.01 secs] 
1168.227: [GC (Allocation Failure) [PSYoungGen: 94080K->34208K(112640K)] 323222K->263350K(690176K), 0.0038513 secs] [Times: user=0.01 sys=0.00, real=0.00 secs] 
1168.823: [GC (Allocation Failure) [PSYoungGen: 94112K->1408K(114176K)] 323254K->230558K(691712K), 0.0022616 secs] [Times: user=0.01 sys=0.00, real=0.01 secs] 
1170.755: [GC (Allocation Failure) [PSYoungGen: 61312K->5568K(65536K)] 290462K->234718K(643072K), 0.0034255 secs] [Times: user=0.02 sys=0.00, real=0.00 secs] 
1171.527: [GC (Allocation Failure) [PSYoungGen: 65472K->17824K(107008K)] 294622K->246982K(684544K), 0.0042983 secs] [Times: user=0.02 sys=0.00, real=0.00 secs] 
1172.127: [GC (Allocation Failure) [PSYoungGen: 65732K->17808K(77824K)] 294890K->246974K(655360K), 0.0038722 secs] [Times: user=0.01 sys=0.00, real=0.00 secs] 
1172.778: [GC (Allocation Failure) [PSYoungGen: 77712K->34208K(103424K)] 306878K->263382K(680960K), 0.0057726 secs] [Times: user=0.03 sys=0.00, real=0.00 secs] 
1173.301: [GC (Allocation Failure) [PSYoungGen: 90528K->34176K(107008K)] 319702K->263358K(684544K), 0.0061592 secs] [Times: user=0.03 sys=0.00, real=0.01 secs] 
1173.916: [GC (Allocation Failure) [PSYoungGen: 90496K->1408K(109568K)] 319678K->230590K(687104K), 0.0023185 secs] [Times: user=0.01 sys=0.00, real=0.00 secs] 
1174.913: [GC (Allocation Failure) [PSYoungGen: 57728K->9664K(66048K)] 286910K->238870K(643584K), 0.0016844 secs] [Times: user=0.01 sys=0.00, real=0.01 secs] 
1175.136: [GC (Allocation Failure) [PSYoungGen: 65984K->17824K(101376K)] 295190K->247038K(678912K), 0.0023669 secs] [Times: user=0.01 sys=0.00, real=0.00 secs] 
1175.311: [GC (Allocation Failure) [PSYoungGen: 74144K->34176K(104448K)] 303358K->263390K(681984K), 0.0032135 secs] [Times: user=0.01 sys=0.00, real=0.01 secs] 
1175.546: [GC (Allocation Failure) [PSYoungGen: 90496K->34208K(104960K)] 319710K->263430K(682496K), 0.0030278 secs] [Times: user=0.01 sys=0.00, real=0.00 secs] 
1175.798: [GC (Allocation Failure) [PSYoungGen: 87968K->1408K(107520K)] 317190K->230638K(685056K), 0.0017441 secs] [Times: user=0.01 sys=0.00, real=0.00 secs] 
1176.696: [GC (Allocation Failure) [PSYoungGen: 55168K->1696K(105472K)] 284398K->230934K(683008K), 0.0017624 secs] [Times: user=0.01 sys=0.00, real=0.00 secs] 
1177.133: [GC (Allocation Failure) [PSYoungGen: 55456K->9632K(63488K)] 284694K->238870K(641024K), 0.0019916 secs] [Times: user=0.01 sys=0.00, real=0.01 secs] 
1177.517: [GC (Allocation Failure) [PSYoungGen: 63392K->17760K(98304K)] 292630K->246998K(675840K), 0.0032548 secs] [Times: user=0.01 sys=0.00, real=0.00 secs] 
1177.820: [GC (Allocation Failure) [PSYoungGen: 71520K->34208K(101376K)] 300758K->263454K(678912K), 0.0042896 secs] [Times: user=0.02 sys=0.00, real=0.01 secs] 
1178.278: [GC (Allocation Failure) [PSYoungGen: 87968K->34176K(102400K)] 317214K->263438K(679936K), 0.0042831 secs] [Times: user=0.03 sys=0.00, real=0.00 secs] 
1178.783: [GC (Allocation Failure) [PSYoungGen: 85376K->1408K(104960K)] 314638K->230678K(682496K), 0.0022314 secs] [Times: user=0.00 sys=0.00, real=0.01 secs] 
1180.341: [GC (Allocation Failure) [PSYoungGen: 52608K->1952K(102912K)] 281878K->231222K(680448K), 0.0017002 secs] [Times: user=0.00 sys=0.00, real=0.00 secs] 
1180.885: [GC (Allocation Failure) [PSYoungGen: 53152K->9600K(60928K)] 282422K->238886K(638464K), 0.0025295 secs] [Times: user=0.01 sys=0.00, real=0.00 secs] 
1181.273: [GC (Allocation Failure) [PSYoungGen: 60800K->17792K(96256K)] 290086K->247078K(673792K), 0.0054110 secs] [Times: user=0.02 sys=0.00, real=0.01 secs] 
1181.607: [GC (Allocation Failure) [PSYoungGen: 68992K->34208K(98816K)] 298278K->263502K(676352K), 0.0053055 secs] [Times: user=0.02 sys=0.00, real=0.00 secs] 
1182.086: [GC (Allocation Failure) [PSYoungGen: 85408K->34208K(99328K)] 314702K->263510K(676864K), 0.0058052 secs] [Times: user=0.03 sys=0.00, real=0.00 secs] 
1182.607: [GC (Allocation Failure) [PSYoungGen: 82336K->1440K(49664K)] 311638K->230750K(627200K), 0.0023993 secs] [Times: user=0.01 sys=0.00, real=0.00 secs] 
1182.994: [GC (Allocation Failure) [PSYoungGen: 49568K->1408K(99840K)] 278878K->230718K(677376K), 0.0028663 secs] [Times: user=0.02 sys=0.00, real=0.00 secs] 
1184.595: [GC (Allocation Failure) [PSYoungGen: 49536K->9600K(57856K)] 278846K->238918K(635392K), 0.0046328 secs] [Times: user=0.02 sys=0.00, real=0.00 secs] 
1185.423: [GC (Allocation Failure) [PSYoungGen: 57728K->17824K(93184K)] 287046K->247142K(670720K), 0.0062013 secs] [Times: user=0.02 sys=0.00, real=0.01 secs] 
1185.835: [GC (Allocation Failure) [PSYoungGen: 55349K->17840K(66048K)] 284667K->247158K(643584K), 0.0038577 secs] [Times: user=0.02 sys=0.01, real=0.00 secs] 
1186.100: [GC (Allocation Failure) [PSYoungGen: 65968K->34208K(90112K)] 295286K->263534K(667648K), 0.0039124 secs] [Times: user=0.02 sys=0.00, real=0.01 secs] 
1186.571: [GC (Allocation Failure) [PSYoungGen: 78752K->34208K(93696K)] 308078K->263542K(671232K), 0.0038754 secs] [Times: user=0.02 sys=0.00, real=0.01 secs] 
1186.935: [GC (Allocation Failure) [PSYoungGen: 78752K->1360K(96768K)] 308086K->230702K(674304K), 0.0016849 secs] [Times: user=0.01 sys=0.00, real=0.00 secs] 
1187.284: [GC (Allocation Failure) [PSYoungGen: 45904K->1376K(46080K)] 275246K->230718K(623616K), 0.0017359 secs] [Times: user=0.01 sys=0.00, real=0.00 secs] 
1188.308: [GC (Allocation Failure) [PSYoungGen: 45920K->9664K(90624K)] 275262K->239014K(668160K), 0.0019933 secs] [Times: user=0.01 sys=0.00, real=0.00 secs] 
1188.465: [GC (Allocation Failure) [PSYoungGen: 54208K->17792K(62464K)] 283558K->247142K(640000K), 0.0025978 secs] [Times: user=0.01 sys=0.00, real=0.00 secs] 
1188.726: [GC (Allocation Failure) [PSYoungGen: 61399K->17808K(86016K)] 290749K->247166K(663552K), 0.0026466 secs] [Times: user=0.01 sys=0.00, real=0.00 secs] 
1188.938: [GC (Allocation Failure) [PSYoungGen: 62352K->34176K(88576K)] 291710K->263542K(666112K), 0.0034084 secs] [Times: user=0.01 sys=0.01, real=0.00 secs] 
1189.401: [GC (Allocation Failure) [PSYoungGen: 78720K->34176K(94720K)] 308086K->263550K(672256K), 0.0042053 secs] [Times: user=0.02 sys=0.00, real=0.01 secs] 
1189.875: [GC (Allocation Failure) [PSYoungGen: 80768K->1376K(97792K)] 310142K->230766K(675328K), 0.0023922 secs] [Times: user=0.01 sys=0.00, real=0.00 secs] 
1190.450: [GC (Allocation Failure) [PSYoungGen: 47968K->1408K(96768K)] 277358K->230814K(674304K), 0.0030399 secs] [Times: user=0.02 sys=0.00, real=0.00 secs] 
1192.042: [GC (Allocation Failure) [PSYoungGen: 48000K->9632K(56320K)] 277406K->239038K(633856K), 0.0025757 secs] [Times: user=0.01 sys=0.00, real=0.01 secs] 
1192.280: [GC (Allocation Failure) [PSYoungGen: 56224K->17792K(90624K)] 285630K->247198K(668160K), 0.0027259 secs] [Times: user=0.01 sys=0.00, real=0.00 secs] 
1192.447: [GC (Allocation Failure) [PSYoungGen: 56897K->17776K(64512K)] 286303K->247190K(642048K), 0.0025182 secs] [Times: user=0.01 sys=0.00, real=0.00 secs] 
1192.592: [GC (Allocation Failure) [PSYoungGen: 64368K->34176K(86016K)] 293782K->263590K(663552K), 0.0032621 secs] [Times: user=0.02 sys=0.00, real=0.01 secs] 
1192.774: [GC (Allocation Failure) [PSYoungGen: 76672K->34208K(90112K)] 306086K->263630K(667648K), 0.0035494 secs] [Times: user=0.01 sys=0.00, real=0.00 secs] 
1192.957: [GC (Allocation Failure) [PSYoungGen: 76704K->1376K(98816K)] 306126K->230806K(676352K), 0.0016837 secs] [Times: user=0.00 sys=0.00, real=0.00 secs] 
1193.194: [GC (Allocation Failure) [PSYoungGen: 49504K->1408K(98816K)] 278934K->230854K(676352K), 0.0029356 secs] [Times: user=0.01 sys=0.00, real=0.00 secs] 
1194.271: [GC (Allocation Failure) [PSYoungGen: 49536K->9632K(98304K)] 278982K->239086K(675840K), 0.0019847 secs] [Times: user=0.00 sys=0.00, real=0.00 secs] 
1194.642: [GC (Allocation Failure) [PSYoungGen: 63392K->17760K(71680K)] 292846K->247222K(649216K), 0.0023117 secs] [Times: user=0.01 sys=0.00, real=0.01 secs] 
1194.940: [GC (Allocation Failure) [PSYoungGen: 71520K->34176K(95232K)] 300982K->263638K(672768K), 0.0034746 secs] [Times: user=0.02 sys=0.00, real=0.01 secs] 
1195.337: [GC (Allocation Failure) [PSYoungGen: 83840K->34208K(99328K)] 313302K->263678K(676864K), 0.0057114 secs] [Times: user=0.03 sys=0.00, real=0.00 secs] 
1195.683: [GC (Allocation Failure) [PSYoungGen: 83872K->34160K(106496K)] 313342K->263654K(684032K), 0.0049866 secs] [Times: user=0.03 sys=0.00, real=0.01 secs] 
1195.911: [GC (Allocation Failure) [PSYoungGen: 87920K->1408K(108544K)] 317414K->230910K(686080K), 0.0019196 secs] [Times: user=0.01 sys=0.00, real=0.00 secs] 
1197.035: [GC (Allocation Failure) [PSYoungGen: 55168K->9664K(98304K)] 284670K->239274K(675840K), 0.0018534 secs] [Times: user=0.01 sys=0.00, real=0.00 secs] 
1197.572: [GC (Allocation Failure) [PSYoungGen: 63424K->17824K(71680K)] 293034K->247442K(649216K), 0.0027109 secs] [Times: user=0.02 sys=0.00, real=0.01 secs] 
1198.007: [GC (Allocation Failure) [PSYoungGen: 71584K->34176K(99840K)] 301202K->263794K(677376K), 0.0042574 secs] [Times: user=0.02 sys=0.00, real=0.00 secs] 
1198.505: [GC (Allocation Failure) [PSYoungGen: 84864K->34176K(102912K)] 314482K->263802K(680448K), 0.0050221 secs] [Times: user=0.02 sys=0.00, real=0.00 secs] 
1199.173: [GC (Allocation Failure) [PSYoungGen: 84864K->34144K(103424K)] 314490K->263770K(680960K), 0.0087119 secs] [Times: user=0.04 sys=0.00, real=0.01 secs] 
1199.825: [GC (Allocation Failure) [PSYoungGen: 83296K->1408K(104960K)] 312922K->231042K(682496K), 0.0034329 secs] [Times: user=0.01 sys=0.00, real=0.00 secs] 
1201.092: [GC (Allocation Failure) [PSYoungGen: 50560K->5568K(103424K)] 280194K->235318K(680960K), 0.0018583 secs] [Times: user=0.01 sys=0.00, real=0.01 secs] 
1201.368: [GC (Allocation Failure) [PSYoungGen: 54720K->17760K(67072K)] 284470K->247510K(644608K), 0.0024261 secs] [Times: user=0.01 sys=0.00, real=0.00 secs] 
1201.697: [GC (Allocation Failure) [PSYoungGen: 62967K->17776K(94720K)] 292718K->247526K(672256K), 0.0022778 secs] [Times: user=0.00 sys=0.00, real=0.00 secs] 
1201.945: [GC (Allocation Failure) [PSYoungGen: 66928K->34208K(97792K)] 296678K->263958K(675328K), 0.0031776 secs] [Times: user=0.01 sys=0.00, real=0.00 secs] 
1202.339: [GC (Allocation Failure) [PSYoungGen: 83360K->34176K(98304K)] 313110K->263934K(675840K), 0.0040485 secs] [Times: user=0.02 sys=0.00, real=0.00 secs] 
1202.701: [GC (Allocation Failure) [PSYoungGen: 81280K->1440K(100352K)] 311038K->231206K(677888K), 0.0021296 secs] [Times: user=0.01 sys=0.00, real=0.00 secs] 
1203.723: [GC (Allocation Failure) [PSYoungGen: 48544K->1696K(99840K)] 278310K->231462K(677376K), 0.0016008 secs] [Times: user=0.00 sys=0.00, real=0.01 secs] 
1203.887: [GC (Allocation Failure) [PSYoungGen: 48800K->9600K(56832K)] 278566K->239366K(634368K), 0.0017780 secs] [Times: user=0.01 sys=0.01, real=0.00 secs] 
1204.110: [GC (Allocation Failure) [PSYoungGen: 56704K->17824K(92160K)] 286470K->247590K(669696K), 0.0022512 secs] [Times: user=0.00 sys=0.00, real=0.00 secs] 
1204.338: [GC (Allocation Failure) [PSYoungGen: 64928K->34176K(95232K)] 294694K->263942K(672768K), 0.0032630 secs] [Times: user=0.02 sys=0.00, real=0.00 secs] 
1204.699: [GC (Allocation Failure) [PSYoungGen: 81280K->34208K(95744K)] 311046K->263982K(673280K), 0.0036823 secs] [Times: user=0.02 sys=0.00, real=0.00 secs] 
1205.047: [GC (Allocation Failure) [PSYoungGen: 78752K->34176K(98304K)] 308526K->263982K(675840K), 0.0034845 secs] [Times: user=0.02 sys=0.00, real=0.00 secs] 
1205.390: [GC (Allocation Failure) [PSYoungGen: 78720K->1344K(95232K)] 308526K->231158K(672768K), 0.0019589 secs] [Times: user=0.01 sys=0.00, real=0.00 secs] 
1206.434: [GC (Allocation Failure) [PSYoungGen: 45888K->2432K(47104K)] 275702K->232246K(624640K), 0.0016847 secs] [Times: user=0.00 sys=0.00, real=0.01 secs] 
1206.661: [GC (Allocation Failure) [PSYoungGen: 46976K->9632K(94720K)] 276790K->239446K(672256K), 0.0020197 secs] [Times: user=0.01 sys=0.00, real=0.00 secs] 
1206.994: [GC (Allocation Failure) [PSYoungGen: 54176K->17824K(62464K)] 283990K->247638K(640000K), 0.0024808 secs] [Times: user=0.01 sys=0.01, real=0.00 secs] 
1207.248: [GC (Allocation Failure) [PSYoungGen: 62368K->34176K(91136K)] 292182K->263990K(668672K), 0.0073739 secs] [Times: user=0.04 sys=0.00, real=0.01 secs] 
1207.799: [GC (Allocation Failure) [PSYoungGen: 75648K->34208K(94208K)] 305462K->264046K(671744K), 0.0070513 secs] [Times: user=0.03 sys=0.00, real=0.01 secs] 
1208.274: [GC (Allocation Failure) [PSYoungGen: 75680K->34208K(99840K)] 305518K->264054K(677376K), 0.0073759 secs] [Times: user=0.03 sys=0.00, real=0.00 secs] 
1208.974: [GC (Allocation Failure) [PSYoungGen: 79264K->1408K(101888K)] 309110K->231262K(679424K), 0.0036310 secs] [Times: user=0.02 sys=0.00, real=0.00 secs] 
1210.154: [GC (Allocation Failure) [PSYoungGen: 46464K->1952K(94208K)] 276318K->231814K(671744K), 0.0014939 secs] [Times: user=0.01 sys=0.00, real=0.00 secs] 
1210.322: [GC (Allocation Failure) [PSYoungGen: 47008K->9568K(54784K)] 276870K->239446K(632320K), 0.0017437 secs] [Times: user=0.00 sys=0.00, real=0.00 secs] 
1210.478: [GC (Allocation Failure) [PSYoungGen: 54624K->17792K(100352K)] 284502K->247678K(677888K), 0.0021552 secs] [Times: user=0.01 sys=0.00, real=0.00 secs] 
1210.615: [GC (Allocation Failure) [PSYoungGen: 66432K->34144K(98816K)] 296318K->264038K(676352K), 0.0032245 secs] [Times: user=0.02 sys=0.00, real=0.00 secs] 
1210.849: [GC (Allocation Failure) [PSYoungGen: 82784K->34176K(105984K)] 312678K->264078K(683520K), 0.0031243 secs] [Times: user=0.02 sys=0.00, real=0.00 secs] 
1211.283: [GC (Allocation Failure) [PSYoungGen: 86912K->32864K(108032K)] 316814K->264081K(685568K), 0.0042820 secs] [Times: user=0.02 sys=0.00, real=0.01 secs] 
1211.704: [GC (Allocation Failure) [PSYoungGen: 85600K->160K(115200K)] 316817K->231393K(692736K), 0.0019394 secs] [Times: user=0.01 sys=0.00, real=0.00 secs] 
1212.667: [GC (Allocation Failure) [PSYoungGen: 59040K->9696K(68608K)] 290273K->240937K(646144K), 0.0020319 secs] [Times: user=0.00 sys=0.00, real=0.00 secs] 
1212.882: [GC (Allocation Failure) [PSYoungGen: 68576K->17760K(106496K)] 299817K->249001K(684032K), 0.0026959 secs] [Times: user=0.01 sys=0.00, real=0.01 secs] 
1213.059: [GC (Allocation Failure) [PSYoungGen: 76640K->34240K(110080K)] 307881K->265489K(687616K), 0.0031570 secs] [Times: user=0.01 sys=0.00, real=0.00 secs] 
1213.305: [GC (Allocation Failure) [PSYoungGen: 93120K->32832K(118272K)] 324369K->265429K(695808K), 0.0075650 secs] [Times: user=0.04 sys=0.00, real=0.00 secs] 
1213.586: [GC (Allocation Failure) [PSYoungGen: 97344K->128K(119808K)] 329941K->232749K(697344K), 0.0024448 secs] [Times: user=0.00 sys=0.00, real=0.00 secs] 
1214.893: [GC (Allocation Failure) [PSYoungGen: 63883K->5552K(124416K)] 296505K->238181K(701952K), 0.0018757 secs] [Times: user=0.01 sys=0.00, real=0.01 secs] 
1215.788: [GC (Allocation Failure) [PSYoungGen: 77744K->16544K(126464K)] 310373K->250514K(704000K), 0.0098235 secs] [Times: user=0.04 sys=0.00, real=0.01 secs] 
1216.440: [GC (Allocation Failure) [PSYoungGen: 88736K->32864K(129024K)] 322706K->266850K(706560K), 0.0066611 secs] [Times: user=0.03 sys=0.00, real=0.01 secs] 
1217.503: [GC (Allocation Failure) [PSYoungGen: 111200K->128K(78336K)] 345186K->234130K(655872K), 0.0036074 secs] [Times: user=0.01 sys=0.00, real=0.01 secs] 
1219.168: [GC (Allocation Failure) [PSYoungGen: 76801K->3504K(126976K)] 310804K->237514K(704512K), 0.0020562 secs] [Times: user=0.01 sys=0.00, real=0.00 secs] 
1219.664: [GC (Allocation Failure) [PSYoungGen: 80816K->17824K(94720K)] 314826K->251834K(672256K), 0.0024275 secs] [Times: user=0.01 sys=0.00, real=0.00 secs] 
1220.169: [GC (Allocation Failure) [PSYoungGen: 94624K->34144K(122880K)] 328634K->268154K(700416K), 0.0034820 secs] [Times: user=0.02 sys=0.00, real=0.00 secs] 
1220.755: [GC (Allocation Failure) [PSYoungGen: 107872K->34192K(125440K)] 341882K->268202K(702976K), 0.0036801 secs] [Times: user=0.02 sys=0.00, real=0.00 secs] 
1222.211: [GC (Allocation Failure) [PSYoungGen: 107408K->1741K(125952K)] 341418K->235752K(703488K), 0.0018548 secs] [Times: user=0.01 sys=0.00, real=0.00 secs] 
1223.178: [GC (Allocation Failure) [PSYoungGen: 74445K->17856K(90112K)] 308456K->251866K(667648K), 0.0027866 secs] [Times: user=0.02 sys=0.00, real=0.00 secs] 
1224.244: [GC (Allocation Failure) [PSYoungGen: 90048K->34208K(119808K)] 324058K->268218K(697344K), 0.0058441 secs] [Times: user=0.03 sys=0.00, real=0.00 secs] 
1225.121: [GC (Allocation Failure) [PSYoungGen: 103328K->34208K(122368K)] 337338K->268218K(699904K), 0.0053654 secs] [Times: user=0.03 sys=0.00, real=0.01 secs] 
1226.138: [GC (Allocation Failure) [PSYoungGen: 102816K->1440K(123392K)] 336826K->235450K(700928K), 0.0045136 secs] [Times: user=0.02 sys=0.00, real=0.00 secs] 
1227.473: [GC (Allocation Failure) [PSYoungGen: 69536K->9696K(77312K)] 303546K->243706K(654848K), 0.0019865 secs] [Times: user=0.01 sys=0.00, real=0.01 secs] 
1228.114: [GC (Allocation Failure) [PSYoungGen: 77280K->17856K(113152K)] 311290K->251866K(690688K), 0.0022250 secs] [Times: user=0.01 sys=0.00, real=0.00 secs] 
1228.694: [GC (Allocation Failure) [PSYoungGen: 84928K->34237K(116736K)] 318938K->268248K(694272K), 0.0077202 secs] [Times: user=0.04 sys=0.01, real=0.00 secs] 
1229.339: [GC (Allocation Failure) [PSYoungGen: 100797K->34240K(117248K)] 334808K->268250K(694784K), 0.0045682 secs] [Times: user=0.02 sys=0.00, real=0.00 secs] 
1229.833: [GC (Allocation Failure) [PSYoungGen: 98752K->1453K(65536K)] 332762K->235464K(643072K), 0.0025817 secs] [Times: user=0.01 sys=0.00, real=0.01 secs] 
1230.862: [GC (Allocation Failure) [PSYoungGen: 65453K->9664K(114688K)] 299464K->243674K(692224K), 0.0018936 secs] [Times: user=0.01 sys=0.00, real=0.01 secs] 
1231.092: [GC (Allocation Failure) [PSYoungGen: 73152K->17824K(80896K)] 307162K->251888K(658432K), 0.0023293 secs] [Times: user=0.01 sys=0.00, real=0.01 secs] 
1231.286: [GC (Allocation Failure) [PSYoungGen: 80800K->34208K(110080K)] 314864K->268280K(687616K), 0.0031302 secs] [Times: user=0.01 sys=0.00, real=0.00 secs] 
1231.539: [GC (Allocation Failure) [PSYoungGen: 94624K->34208K(112640K)] 328696K->268288K(690176K), 0.0053578 secs] [Times: user=0.02 sys=0.00, real=0.01 secs] 
1231.799: [GC (Allocation Failure) [PSYoungGen: 94624K->1376K(122368K)] 328704K->235464K(699904K), 0.0022117 secs] [Times: user=0.00 sys=0.00, real=0.00 secs] 
1233.328: [GC (Allocation Failure) [PSYoungGen: 68960K->9696K(76800K)] 303048K->243792K(654336K), 0.0024639 secs] [Times: user=0.01 sys=0.00, real=0.00 secs] 
1233.950: [GC (Allocation Failure) [PSYoungGen: 76768K->17824K(111616K)] 310864K->251920K(689152K), 0.0053007 secs] [Times: user=0.02 sys=0.00, real=0.01 secs] 
1234.464: [GC (Allocation Failure) [PSYoungGen: 84384K->34176K(115200K)] 318480K->268280K(692736K), 0.0056477 secs] [Times: user=0.02 sys=0.00, real=0.00 secs] 
1235.040: [GC (Allocation Failure) [PSYoungGen: 100224K->1344K(117248K)] 334328K->235456K(694784K), 0.0024779 secs] [Times: user=0.01 sys=0.00, real=0.00 secs] 
1236.488: [GC (Allocation Failure) [PSYoungGen: 66880K->1920K(67072K)] 300992K->236040K(644608K), 0.0026243 secs] [Times: user=0.00 sys=0.00, real=0.00 secs] 
1237.576: [GC (Allocation Failure) [PSYoungGen: 61084K->9616K(111104K)] 295204K->243736K(688640K), 0.0037007 secs] [Times: user=0.01 sys=0.00, real=0.00 secs] 
1238.651: [GC (Allocation Failure) [PSYoungGen: 72847K->17840K(81920K)] 306967K->251960K(659456K), 0.0058762 secs] [Times: user=0.02 sys=0.01, real=0.01 secs] 
1239.260: [GC (Allocation Failure) [PSYoungGen: 81840K->34176K(107008K)] 315960K->268304K(684544K), 0.0063967 secs] [Times: user=0.04 sys=0.00, real=0.01 secs] 
1239.774: [GC (Allocation Failure) [PSYoungGen: 94592K->34176K(110080K)] 328720K->268304K(687616K), 0.0048175 secs] [Times: user=0.02 sys=0.01, real=0.00 secs] 
1240.287: [GC (Allocation Failure) [PSYoungGen: 94080K->1344K(112128K)] 328208K->235480K(689664K), 0.0024680 secs] [Times: user=0.01 sys=0.00, real=0.00 secs] 
1241.849: [GC (Allocation Failure) [PSYoungGen: 61248K->9632K(69632K)] 295384K->243776K(647168K), 0.0045029 secs] [Times: user=0.02 sys=0.00, real=0.01 secs] 
1242.491: [GC (Allocation Failure) [PSYoungGen: 69536K->17792K(104448K)] 303680K->251944K(681984K), 0.0043931 secs] [Times: user=0.02 sys=0.00, real=0.01 secs] 
1242.877: [GC (Allocation Failure) [PSYoungGen: 77696K->34208K(107520K)] 311848K->268368K(685056K), 0.0053865 secs] [Times: user=0.02 sys=0.00, real=0.00 secs] 
1243.382: [GC (Allocation Failure) [PSYoungGen: 94112K->34208K(108544K)] 328272K->268368K(686080K), 0.0049097 secs] [Times: user=0.03 sys=0.00, real=0.01 secs] 
1243.866: [GC (Allocation Failure) [PSYoungGen: 91552K->1408K(58880K)] 325712K->235576K(636416K), 0.0025671 secs] [Times: user=0.01 sys=0.00, real=0.00 secs] 
1245.447: [GC (Allocation Failure) [PSYoungGen: 55377K->5520K(108544K)] 289545K->239704K(686080K), 0.0031514 secs] [Times: user=0.01 sys=0.00, real=0.00 secs] 
1245.836: [GC (Allocation Failure) [PSYoungGen: 62864K->17824K(75264K)] 297048K->252016K(652800K), 0.0033779 secs] [Times: user=0.01 sys=0.00, real=0.00 secs] 
1246.000: [GC (Allocation Failure) [PSYoungGen: 75168K->34192K(103424K)] 309360K->268392K(680960K), 0.0053576 secs] [Times: user=0.03 sys=0.01, real=0.01 secs] 
1246.371: [GC (Allocation Failure) [PSYoungGen: 88464K->34192K(106496K)] 322664K->268400K(684032K), 0.0045628 secs] [Times: user=0.02 sys=0.00, real=0.01 secs] 
1246.832: [GC (Allocation Failure) [PSYoungGen: 88464K->1408K(114688K)] 322672K->235624K(692224K), 0.0020993 secs] [Times: user=0.01 sys=0.00, real=0.01 secs] 
1248.058: [GC (Allocation Failure) [PSYoungGen: 62336K->1568K(62464K)] 296552K->235792K(640000K), 0.0016928 secs] [Times: user=0.01 sys=0.00, real=0.00 secs] 
1249.081: [GC (Allocation Failure) [PSYoungGen: 61984K->9584K(108032K)] 296208K->243816K(685568K), 0.0042711 secs] [Times: user=0.01 sys=0.00, real=0.01 secs] 
1250.098: [GC (Allocation Failure) [PSYoungGen: 69488K->17824K(77824K)] 303720K->252056K(655360K), 0.0069479 secs] [Times: user=0.03 sys=0.00, real=0.01 secs] 
1250.844: [GC (Allocation Failure) [PSYoungGen: 77728K->34176K(104448K)] 311960K->268408K(681984K), 0.0063803 secs] [Times: user=0.03 sys=0.01, real=0.00 secs] 
1251.514: [GC (Allocation Failure) [PSYoungGen: 90496K->34208K(108032K)] 324728K->268440K(685568K), 0.0058099 secs] [Times: user=0.03 sys=0.00, real=0.00 secs] 
1252.204: [GC (Allocation Failure) [PSYoungGen: 90528K->1408K(110592K)] 324760K->235656K(688128K), 0.0030216 secs] [Times: user=0.02 sys=0.00, real=0.00 secs] 
1253.279: [GC (Allocation Failure) [PSYoungGen: 54053K->5520K(61952K)] 288301K->239776K(639488K), 0.0014871 secs] [Times: user=0.01 sys=0.00, real=0.00 secs] 
1253.461: [GC (Allocation Failure) [PSYoungGen: 61840K->17824K(102912K)] 296096K->252096K(680448K), 0.0021008 secs] [Times: user=0.01 sys=0.00, real=0.00 secs] 
1253.644: [GC (Allocation Failure) [PSYoungGen: 74144K->34208K(105984K)] 308416K->268480K(683520K), 0.0035491 secs] [Times: user=0.02 sys=0.00, real=0.00 secs] 
1253.972: [GC (Allocation Failure) [PSYoungGen: 90528K->34176K(112640K)] 324800K->268464K(690176K), 0.0037539 secs] [Times: user=0.01 sys=0.00, real=0.01 secs] 
1254.431: [GC (Allocation Failure) [PSYoungGen: 94080K->1440K(61440K)] 328368K->235752K(638976K), 0.0020953 secs] [Times: user=0.01 sys=0.00, real=0.00 secs] 
1255.496: [GC (Allocation Failure) [PSYoungGen: 61344K->1952K(112640K)] 295656K->236272K(690176K), 0.0016811 secs] [Times: user=0.01 sys=0.00, real=0.00 secs] 
1255.701: [GC (Allocation Failure) [PSYoungGen: 59371K->9584K(69632K)] 293691K->243904K(647168K), 0.0018290 secs] [Times: user=0.01 sys=0.00, real=0.00 secs] 
1255.916: [GC (Allocation Failure) [PSYoungGen: 69488K->17760K(105984K)] 303808K->252080K(683520K), 0.0021821 secs] [Times: user=0.01 sys=0.00, real=0.00 secs] 
1256.097: [GC (Allocation Failure) [PSYoungGen: 77664K->34176K(108544K)] 311984K->268504K(686080K), 0.0031835 secs] [Times: user=0.01 sys=0.00, real=0.00 secs] 
1256.346: [GC (Allocation Failure) [PSYoungGen: 94080K->34208K(116736K)] 328408K->268544K(694272K), 0.0030311 secs] [Times: user=0.01 sys=0.00, real=0.00 secs] 
1256.614: [GC (Allocation Failure) [PSYoungGen: 98720K->1408K(119296K)] 333056K->235760K(696832K), 0.0016889 secs] [Times: user=0.01 sys=0.00, real=0.00 secs] 
1257.521: [GC (Allocation Failure) [PSYoungGen: 65920K->9664K(106496K)] 300272K->244024K(684032K), 0.0019275 secs] [Times: user=0.01 sys=0.00, real=0.00 secs] 
1257.752: [GC (Allocation Failure) [PSYoungGen: 73664K->17824K(81408K)] 308024K->252184K(658944K), 0.0023111 secs] [Times: user=0.01 sys=0.00, real=0.01 secs] 
1257.947: [GC (Allocation Failure) [PSYoungGen: 81312K->34208K(108544K)] 315672K->268584K(686080K), 0.0029871 secs] [Times: user=0.01 sys=0.00, real=0.00 secs] 
1258.196: [GC (Allocation Failure) [PSYoungGen: 94112K->34176K(112128K)] 328488K->268560K(689664K), 0.0033893 secs] [Times: user=0.01 sys=0.00, real=0.00 secs] 
1258.444: [GC (Allocation Failure) [PSYoungGen: 94080K->1408K(120320K)] 328464K->235800K(697856K), 0.0016663 secs] [Times: user=0.00 sys=0.00, real=0.00 secs] 
1260.424: [GC (Allocation Failure) [PSYoungGen: 67968K->9664K(75776K)] 302360K->244072K(653312K), 0.0023739 secs] [Times: user=0.01 sys=0.00, real=0.00 secs] 
1260.786: [GC (Allocation Failure) [PSYoungGen: 75712K->17824K(110080K)] 310120K->252232K(687616K), 0.0026384 secs] [Times: user=0.01 sys=0.00, real=0.00 secs] 
1261.352: [GC (Allocation Failure) [PSYoungGen: 83360K->34208K(113664K)] 317768K->268616K(691200K), 0.0043657 secs] [Times: user=0.02 sys=0.00, real=0.01 secs] 
1261.997: [GC (Allocation Failure) [PSYoungGen: 99232K->1376K(115712K)] 333640K->235784K(693248K), 0.0022208 secs] [Times: user=0.01 sys=0.00, real=0.00 secs] 
1263.443: [GC (Allocation Failure) [PSYoungGen: 65888K->1968K(66048K)] 300296K->236384K(643584K), 0.0016603 secs] [Times: user=0.01 sys=0.00, real=0.01 secs] 
1263.662: [GC (Allocation Failure) [PSYoungGen: 60767K->9616K(109056K)] 295183K->244032K(686592K), 0.0017700 secs] [Times: user=0.01 sys=0.00, real=0.01 secs] 
1263.959: [GC (Allocation Failure) [PSYoungGen: 73104K->17776K(80896K)] 307520K->252200K(658432K), 0.0020884 secs] [Times: user=0.01 sys=0.00, real=0.00 secs] 
1264.154: [GC (Allocation Failure) [PSYoungGen: 80752K->34208K(104960K)] 315176K->268640K(682496K), 0.0029982 secs] [Times: user=0.02 sys=0.00, real=0.00 secs] 
1264.401: [GC (Allocation Failure) [PSYoungGen: 93088K->34176K(109056K)] 327520K->268608K(686592K), 0.0030692 secs] [Times: user=0.01 sys=0.00, real=0.00 secs] 
1264.646: [GC (Allocation Failure) [PSYoungGen: 93056K->1408K(111104K)] 327488K->235848K(688640K), 0.0017156 secs] [Times: user=0.01 sys=0.00, real=0.00 secs] 
1266.002: [GC (Allocation Failure) [PSYoungGen: 60288K->9632K(68608K)] 294728K->244088K(646144K), 0.0026600 secs] [Times: user=0.01 sys=0.00, real=0.01 secs] 
1266.518: [GC (Allocation Failure) [PSYoungGen: 68512K->17792K(103424K)] 302968K->252256K(680960K), 0.0039848 secs] [Times: user=0.01 sys=0.00, real=0.00 secs] 
1267.081: [GC (Allocation Failure) [PSYoungGen: 76672K->34208K(106496K)] 311136K->268680K(684032K), 0.0055009 secs] [Times: user=0.02 sys=0.00, real=0.01 secs] 
1268.032: [GC (Allocation Failure) [PSYoungGen: 93088K->34208K(107520K)] 327560K->268680K(685056K), 0.0068436 secs] [Times: user=0.03 sys=0.00, real=0.01 secs] 
1268.793: [GC (Allocation Failure) [PSYoungGen: 90528K->1360K(57856K)] 325000K->235840K(635392K), 0.0030752 secs] [Times: user=0.01 sys=0.01, real=0.01 secs] 
1270.193: [GC (Allocation Failure) [PSYoungGen: 57680K->5536K(107520K)] 292160K->240032K(685056K), 0.0018481 secs] [Times: user=0.01 sys=0.00, real=0.01 secs] 
1270.404: [GC (Allocation Failure) [PSYoungGen: 61856K->17824K(74240K)] 296352K->252328K(651776K), 0.0024939 secs] [Times: user=0.01 sys=0.00, real=0.00 secs] 
1270.584: [GC (Allocation Failure) [PSYoungGen: 61741K->17808K(99328K)] 296245K->252320K(676864K), 0.0026208 secs] [Times: user=0.01 sys=0.00, real=0.00 secs] 
1270.874: [GC (Allocation Failure) [PSYoungGen: 74128K->34208K(102400K)] 308640K->268728K(679936K), 0.0052997 secs] [Times: user=0.03 sys=0.00, real=0.00 secs] 
1271.803: [GC (Allocation Failure) [PSYoungGen: 90528K->34208K(110080K)] 325048K->268760K(687616K), 0.0062526 secs] [Times: user=0.03 sys=0.00, real=0.01 secs] 
1272.452: [GC (Allocation Failure) [PSYoungGen: 94624K->1440K(61440K)] 329176K->236000K(638976K), 0.0028345 secs] [Times: user=0.01 sys=0.00, real=0.01 secs] 
1273.520: [GC (Allocation Failure) [PSYoungGen: 61344K->9664K(108032K)] 295904K->244224K(685568K), 0.0019853 secs] [Times: user=0.01 sys=0.00, real=0.00 secs] 
1273.739: [GC (Allocation Failure) [PSYoungGen: 69568K->17792K(77824K)] 304128K->252352K(655360K), 0.0021300 secs] [Times: user=0.01 sys=0.00, real=0.00 secs] 
1273.920: [GC (Allocation Failure) [PSYoungGen: 77696K->34208K(103936K)] 312256K->268768K(681472K), 0.0030858 secs] [Times: user=0.01 sys=0.00, real=0.00 secs] 
1274.157: [GC (Allocation Failure) [PSYoungGen: 91040K->34176K(107008K)] 325600K->268744K(684544K), 0.0032230 secs] [Times: user=0.01 sys=0.00, real=0.00 secs] 
1274.415: [GC (Allocation Failure) [PSYoungGen: 91008K->1408K(116224K)] 325576K->235984K(693760K), 0.0016254 secs] [Times: user=0.01 sys=0.00, real=0.00 secs] 
1275.376: [GC (Allocation Failure) [PSYoungGen: 64896K->5536K(68608K)] 299472K->240120K(646144K), 0.0018641 secs] [Times: user=0.01 sys=0.00, real=0.00 secs] 
1275.793: [GC (Allocation Failure) [PSYoungGen: 68512K->17824K(107520K)] 303096K->252408K(685056K), 0.0025651 secs] [Times: user=0.01 sys=0.00, real=0.01 secs] 
1276.196: [GC (Allocation Failure) [PSYoungGen: 80288K->34176K(111104K)] 314872K->268760K(688640K), 0.0087222 secs] [Times: user=0.05 sys=0.00, real=0.01 secs] 
1276.692: [GC (Allocation Failure) [PSYoungGen: 96640K->34208K(119296K)] 331224K->268800K(696832K), 0.0062917 secs] [Times: user=0.03 sys=0.00, real=0.01 secs] 
1276.974: [GC (Allocation Failure) [PSYoungGen: 101792K->1408K(121344K)] 336384K->236008K(698880K), 0.0019833 secs] [Times: user=0.01 sys=0.00, real=0.01 secs] 
1278.034: [GC (Allocation Failure) [PSYoungGen: 65224K->5584K(110592K)] 299824K->240192K(688128K), 0.0019181 secs] [Times: user=0.00 sys=0.01, real=0.00 secs] 
1278.359: [GC (Allocation Failure) [PSYoungGen: 72656K->17792K(84480K)] 307264K->252416K(662016K), 0.0024487 secs] [Times: user=0.01 sys=0.00, real=0.00 secs] 
1278.686: [GC (Allocation Failure) [PSYoungGen: 84352K->34176K(112640K)] 318976K->268808K(690176K), 0.0034257 secs] [Times: user=0.02 sys=0.00, real=0.00 secs] 
1278.993: [GC (Allocation Failure) [PSYoungGen: 97664K->34176K(115200K)] 332296K->268816K(692736K), 0.0033732 secs] [Times: user=0.02 sys=0.00, real=0.01 secs] 
1279.344: [GC (Allocation Failure) [PSYoungGen: 97152K->1376K(115712K)] 331792K->236016K(693248K), 0.0019254 secs] [Times: user=0.01 sys=0.00, real=0.00 secs] 
1280.421: [GC (Allocation Failure) [PSYoungGen: 63840K->9664K(71680K)] 298480K->244312K(649216K), 0.0020565 secs] [Times: user=0.01 sys=0.00, real=0.00 secs] 
1280.958: [GC (Allocation Failure) [PSYoungGen: 71616K->17824K(106496K)] 306264K->252472K(684032K), 0.0059310 secs] [Times: user=0.02 sys=0.00, real=0.01 secs] 
1281.452: [GC (Allocation Failure) [PSYoungGen: 79264K->34208K(110080K)] 313912K->268856K(687616K), 0.0062231 secs] [Times: user=0.03 sys=0.00, real=0.01 secs] 
1282.013: [GC (Allocation Failure) [PSYoungGen: 95136K->34144K(111104K)] 329784K->268800K(688640K), 0.0043786 secs] [Times: user=0.02 sys=0.00, real=0.01 secs] 
1282.502: [GC (Allocation Failure) [PSYoungGen: 93024K->1440K(113152K)] 327680K->236104K(690688K), 0.0021293 secs] [Times: user=0.00 sys=0.00, real=0.01 secs] 
1283.532: [GC (Allocation Failure) [PSYoungGen: 60320K->5568K(111104K)] 294984K->240232K(688640K), 0.0019421 secs] [Times: user=0.01 sys=0.00, real=0.01 secs] 
1283.774: [GC (Allocation Failure) [PSYoungGen: 64448K->17824K(76800K)] 299112K->252488K(654336K), 0.0022616 secs] [Times: user=0.01 sys=0.00, real=0.00 secs] 
1283.989: [GC (Allocation Failure) [PSYoungGen: 76704K->34208K(105472K)] 311368K->268880K(683008K), 0.0031500 secs] [Times: user=0.01 sys=0.00, real=0.00 secs] 
1284.446: [GC (Allocation Failure) [PSYoungGen: 90016K->34208K(108544K)] 324688K->268880K(686080K), 0.0034049 secs] [Times: user=0.01 sys=0.00, real=0.00 secs] 
1284.922: [GC (Allocation Failure) [PSYoungGen: 90016K->1408K(110592K)] 324688K->236088K(688128K), 0.0020699 secs] [Times: user=0.01 sys=0.00, real=0.01 secs] 
1286.015: [GC (Allocation Failure) [PSYoungGen: 57154K->256K(56320K)] 291834K->234944K(633856K), 0.0014897 secs] [Times: user=0.00 sys=0.00, real=0.00 secs] 
1286.433: [GC (Allocation Failure) [PSYoungGen: 56064K->9632K(104960K)] 290752K->244328K(682496K), 0.0020678 secs] [Times: user=0.01 sys=0.00, real=0.01 secs] 
1286.805: [GC (Allocation Failure) [PSYoungGen: 65440K->17824K(73728K)] 300136K->252528K(651264K), 0.0026001 secs] [Times: user=0.01 sys=0.00, real=0.00 secs] 
1287.112: [GC (Allocation Failure) [PSYoungGen: 73632K->34208K(100864K)] 308336K->268912K(678400K), 0.0033083 secs] [Times: user=0.01 sys=0.00, real=0.01 secs] 
1287.521: [GC (Allocation Failure) [PSYoungGen: 86432K->34208K(104448K)] 321136K->268920K(681984K), 0.0042698 secs] [Times: user=0.02 sys=0.00, real=0.01 secs] 
1287.944: [GC (Allocation Failure) [PSYoungGen: 86432K->1376K(105984K)] 321144K->236096K(683520K), 0.0020278 secs] [Times: user=0.01 sys=0.01, real=0.00 secs] 
1288.942: [GC (Allocation Failure) [PSYoungGen: 53600K->2512K(54784K)] 288320K->237240K(632320K), 0.0018938 secs] [Times: user=0.01 sys=0.00, real=0.01 secs] 
1289.507: [GC (Allocation Failure) [PSYoungGen: 54736K->9632K(100352K)] 289464K->244368K(677888K), 0.0030398 secs] [Times: user=0.01 sys=0.00, real=0.00 secs] 
1290.147: [GC (Allocation Failure) [PSYoungGen: 61856K->17792K(70144K)] 296592K->252528K(647680K), 0.0033220 secs] [Times: user=0.02 sys=0.00, real=0.00 secs] 
1290.646: [GC (Allocation Failure) [PSYoungGen: 70016K->34176K(96768K)] 304752K->268920K(674304K), 0.0050975 secs] [Times: user=0.02 sys=0.00, real=0.00 secs] 
1291.299: [GC (Allocation Failure) [PSYoungGen: 82816K->34208K(100352K)] 317560K->268976K(677888K), 0.0051427 secs] [Times: user=0.02 sys=0.01, real=0.01 secs] 
1291.698: [GC (Allocation Failure) [PSYoungGen: 82848K->1344K(102912K)] 317616K->236120K(680448K), 0.0024243 secs] [Times: user=0.01 sys=0.01, real=0.00 secs] 
1292.098: [GC (Allocation Failure) [PSYoungGen: 49984K->1376K(50176K)] 284760K->236160K(627712K), 0.0023613 secs] [Times: user=0.01 sys=0.00, real=0.00 secs] 
1293.262: [GC (Allocation Failure) [PSYoungGen: 50016K->9632K(96768K)] 284800K->244416K(674304K), 0.0043171 secs] [Times: user=0.02 sys=0.00, real=0.01 secs] 
1293.811: [GC (Allocation Failure) [PSYoungGen: 58272K->17824K(66560K)] 293056K->252616K(644096K), 0.0061163 secs] [Times: user=0.03 sys=0.00, real=0.01 secs] 
1294.144: [GC (Allocation Failure) [PSYoungGen: 66464K->34208K(93184K)] 301256K->269000K(670720K), 0.0058268 secs] [Times: user=0.03 sys=0.00, real=0.00 secs] 
1294.632: [GC (Allocation Failure) [PSYoungGen: 79264K->34176K(96768K)] 314056K->268976K(674304K), 0.0053248 secs] [Times: user=0.03 sys=0.00, real=0.01 secs] 
1295.143: [GC (Allocation Failure) [PSYoungGen: 79232K->34208K(102400K)] 314032K->269016K(679936K), 0.0057582 secs] [Times: user=0.03 sys=0.00, real=0.01 secs] 
1295.761: [GC (Allocation Failure) [PSYoungGen: 82336K->1392K(104448K)] 317144K->236208K(681984K), 0.0030298 secs] [Times: user=0.01 sys=0.00, real=0.01 secs] 
1296.925: [GC (Allocation Failure) [PSYoungGen: 49520K->2464K(102400K)] 284336K->237280K(679936K), 0.0016242 secs] [Times: user=0.01 sys=0.00, real=0.00 secs] 
1297.210: [GC (Allocation Failure) [PSYoungGen: 50592K->9632K(57856K)] 285408K->244448K(635392K), 0.0020637 secs] [Times: user=0.01 sys=0.00, real=0.00 secs] 
1297.376: [GC (Allocation Failure) [PSYoungGen: 57760K->17792K(94720K)] 292576K->252608K(672256K), 0.0025706 secs] [Times: user=0.01 sys=0.00, real=0.00 secs] 
1297.508: [GC (Allocation Failure) [PSYoungGen: 65920K->34208K(97792K)] 300736K->269032K(675328K), 0.0035993 secs] [Times: user=0.02 sys=0.00, real=0.00 secs] 
1297.710: [GC (Allocation Failure) [PSYoungGen: 82336K->34208K(104448K)] 317160K->269040K(681984K), 0.0033575 secs] [Times: user=0.01 sys=0.00, real=0.00 secs] 
1298.090: [GC (Allocation Failure) [PSYoungGen: 85920K->1440K(107008K)] 320752K->236280K(684544K), 0.0017395 secs] [Times: user=0.01 sys=0.00, real=0.00 secs] 
1298.656: [GC (Allocation Failure) [PSYoungGen: 53152K->1408K(111104K)] 287992K->236264K(688640K), 0.0018858 secs] [Times: user=0.00 sys=0.00, real=0.00 secs] 
1299.843: [GC (Allocation Failure) [PSYoungGen: 59264K->9632K(67584K)] 294120K->244496K(645120K), 0.0022674 secs] [Times: user=0.01 sys=0.00, real=0.01 secs] 
1300.346: [GC (Allocation Failure) [PSYoungGen: 67488K->17792K(103424K)] 302352K->252656K(680960K), 0.0050393 secs] [Times: user=0.02 sys=0.00, real=0.00 secs] 
1300.716: [GC (Allocation Failure) [PSYoungGen: 75648K->34208K(106496K)] 310512K->269072K(684032K), 0.0042659 secs] [Times: user=0.02 sys=0.00, real=0.00 secs] 
1301.275: [GC (Allocation Failure) [PSYoungGen: 92064K->34208K(107520K)] 326928K->269072K(685056K), 0.0048503 secs] [Times: user=0.02 sys=0.00, real=0.00 secs] 
1301.907: [GC (Allocation Failure) [PSYoungGen: 89504K->1344K(56832K)] 324368K->236216K(634368K), 0.0024568 secs] [Times: user=0.01 sys=0.00, real=0.00 secs] 
1303.130: [GC (Allocation Failure) [PSYoungGen: 56640K->5568K(106496K)] 291512K->240440K(684032K), 0.0018547 secs] [Times: user=0.01 sys=0.00, real=0.00 secs] 
1303.710: [GC (Allocation Failure) [PSYoungGen: 60864K->17824K(73216K)] 295736K->252696K(650752K), 0.0028466 secs] [Times: user=0.01 sys=0.00, real=0.00 secs] 
1304.479: [GC (Allocation Failure) [PSYoungGen: 64251K->17808K(99840K)] 299123K->252680K(677376K), 0.0040073 secs] [Times: user=0.02 sys=0.00, real=0.00 secs] 
1305.176: [GC (Allocation Failure) [PSYoungGen: 73104K->34176K(102400K)] 307976K->269048K(679936K), 0.0054247 secs] [Times: user=0.03 sys=0.00, real=0.00 secs] 
1305.899: [GC (Allocation Failure) [PSYoungGen: 89472K->34208K(102400K)] 324344K->269088K(679936K), 0.0059691 secs] [Times: user=0.03 sys=0.00, real=0.01 secs] 
1306.409: [GC (Allocation Failure) [PSYoungGen: 86432K->1376K(53760K)] 321312K->236264K(631296K), 0.0035476 secs] [Times: user=0.02 sys=0.00, real=0.00 secs] 
1307.506: [GC (Allocation Failure) [PSYoungGen: 53600K->5568K(102912K)] 288488K->240464K(680448K), 0.0019323 secs] [Times: user=0.00 sys=0.00, real=0.00 secs] 
1308.047: [GC (Allocation Failure) [PSYoungGen: 57792K->17760K(70144K)] 292688K->252656K(647680K), 0.0066014 secs] [Times: user=0.02 sys=0.00, real=0.00 secs] 
1308.684: [GC (Allocation Failure) [PSYoungGen: 65748K->17808K(94720K)] 300644K->252712K(672256K), 0.0071239 secs] [Times: user=0.03 sys=0.00, real=0.00 secs] 
1309.214: [GC (Allocation Failure) [PSYoungGen: 70032K->34208K(97792K)] 304936K->269112K(675328K), 0.0080352 secs] [Times: user=0.04 sys=0.00, real=0.00 secs] 
1309.909: [GC (Allocation Failure) [PSYoungGen: 86432K->34208K(104960K)] 321336K->269120K(682496K), 0.0073196 secs] [Times: user=0.04 sys=0.00, real=0.01 secs] 
1310.463: [GC (Allocation Failure) [PSYoungGen: 90016K->1408K(107520K)] 324928K->236328K(685056K), 0.0030430 secs] [Times: user=0.01 sys=0.00, real=0.01 secs] 
1312.038: [GC (Allocation Failure) [PSYoungGen: 57216K->3456K(105984K)] 292136K->238384K(683520K), 0.0024385 secs] [Times: user=0.01 sys=0.00, real=0.00 secs] 
1313.040: [GC (Allocation Failure) [PSYoungGen: 59264K->17824K(73728K)] 294192K->252752K(651264K), 0.0053914 secs] [Times: user=0.02 sys=0.00, real=0.01 secs] 
1314.018: [GC (Allocation Failure) [PSYoungGen: 61293K->17808K(98816K)] 296221K->252736K(676352K), 0.0056411 secs] [Times: user=0.02 sys=0.00, real=0.01 secs] 
1314.717: [GC (Allocation Failure) [PSYoungGen: 73616K->34176K(101376K)] 308544K->269120K(678912K), 0.0078092 secs] [Times: user=0.04 sys=0.00, real=0.01 secs] 
1315.059: [GC (Allocation Failure) [PSYoungGen: 89984K->34240K(101376K)] 324928K->269192K(678912K), 0.0034662 secs] [Times: user=0.02 sys=0.00, real=0.00 secs] 
1315.280: [GC (Allocation Failure) [PSYoungGen: 86976K->1408K(104448K)] 321928K->236360K(681984K), 0.0025033 secs] [Times: user=0.01 sys=0.00, real=0.00 secs] 
1317.105: [GC (Allocation Failure) [PSYoungGen: 54144K->5536K(102400K)] 289096K->240496K(679936K), 0.0039164 secs] [Times: user=0.01 sys=0.00, real=0.00 secs] 
1317.568: [GC (Allocation Failure) [PSYoungGen: 58272K->17792K(70656K)] 293232K->252752K(648192K), 0.0050634 secs] [Times: user=0.02 sys=0.00, real=0.00 secs] 
1318.191: [GC (Allocation Failure) [PSYoungGen: 62027K->17776K(94208K)] 296987K->252744K(671744K), 0.0058280 secs] [Times: user=0.03 sys=0.00, real=0.01 secs] 
1318.739: [GC (Allocation Failure) [PSYoungGen: 70512K->34208K(97280K)] 305480K->269184K(674816K), 0.0071357 secs] [Times: user=0.03 sys=0.00, real=0.01 secs] 
1319.412: [GC (Allocation Failure) [PSYoungGen: 86944K->34208K(97792K)] 321920K->269192K(675328K), 0.0072975 secs] [Times: user=0.04 sys=0.00, real=0.01 secs] 
1319.942: [GC (Allocation Failure) [PSYoungGen: 83872K->1408K(100864K)] 318856K->236400K(678400K), 0.0036131 secs] [Times: user=0.01 sys=0.00, real=0.01 secs] 
1321.131: [GC (Allocation Failure) [PSYoungGen: 51072K->3504K(99840K)] 286064K->238496K(677376K), 0.0019223 secs] [Times: user=0.01 sys=0.00, real=0.00 secs] 
1321.403: [GC (Allocation Failure) [PSYoungGen: 50998K->9616K(59392K)] 285990K->244608K(636928K), 0.0028063 secs] [Times: user=0.01 sys=0.00, real=0.01 secs] 
1321.569: [GC (Allocation Failure) [PSYoungGen: 59280K->17792K(93184K)] 294272K->252792K(670720K), 0.0023570 secs] [Times: user=0.01 sys=0.00, real=0.00 secs] 
1321.721: [GC (Allocation Failure) [PSYoungGen: 67456K->34208K(95744K)] 302456K->269216K(673280K), 0.0036274 secs] [Times: user=0.02 sys=0.00, real=0.01 secs] 
1321.983: [GC (Allocation Failure) [PSYoungGen: 83872K->34144K(102912K)] 318880K->269168K(680448K), 0.0036998 secs] [Times: user=0.02 sys=0.00, real=0.01 secs] 
1322.219: [GC (Allocation Failure) [PSYoungGen: 87392K->1408K(105472K)] 322416K->236440K(683008K), 0.0018822 secs] [Times: user=0.00 sys=0.00, real=0.00 secs] 
1323.318: [GC (Allocation Failure) [PSYoungGen: 54656K->1968K(97792K)] 289688K->237024K(675328K), 0.0016129 secs] [Times: user=0.00 sys=0.00, real=0.00 secs] 
1323.723: [GC (Allocation Failure) [PSYoungGen: 55216K->9632K(62976K)] 290272K->244696K(640512K), 0.0021335 secs] [Times: user=0.00 sys=0.00, real=0.01 secs] 
1324.113: [GC (Allocation Failure) [PSYoungGen: 62880K->17824K(97280K)] 297944K->252888K(674816K), 0.0026603 secs] [Times: user=0.01 sys=0.00, real=0.01 secs] 
1324.453: [GC (Allocation Failure) [PSYoungGen: 71072K->34208K(99840K)] 306136K->269272K(677376K), 0.0086218 secs] [Times: user=0.04 sys=0.00, real=0.01 secs] 
1324.917: [GC (Allocation Failure) [PSYoungGen: 87456K->34208K(107008K)] 322520K->269280K(684544K), 0.0064583 secs] [Times: user=0.03 sys=0.00, real=0.01 secs] 
1325.397: [GC (Allocation Failure) [PSYoungGen: 91040K->1376K(110080K)] 326112K->236472K(687616K), 0.0023694 secs] [Times: user=0.01 sys=0.00, real=0.00 secs] 
1326.412: [GC (Allocation Failure) [PSYoungGen: 57891K->3536K(100864K)] 292987K->238640K(678400K), 0.0019558 secs] [Times: user=0.01 sys=0.00, real=0.01 secs] 
1326.765: [GC (Allocation Failure) [PSYoungGen: 60368K->17824K(74752K)] 295472K->252936K(652288K), 0.0025558 secs] [Times: user=0.01 sys=0.00, real=0.00 secs] 
1327.225: [GC (Allocation Failure) [PSYoungGen: 70968K->17840K(100352K)] 306080K->252952K(677888K), 0.0024276 secs] [Times: user=0.01 sys=0.00, real=0.00 secs] 
1327.555: [GC (Allocation Failure) [PSYoungGen: 74672K->34176K(102912K)] 309784K->269288K(680448K), 0.0074176 secs] [Times: user=0.04 sys=0.00, real=0.00 secs] 
1328.177: [GC (Allocation Failure) [PSYoungGen: 91008K->34240K(110080K)] 326120K->269368K(687616K), 0.0073868 secs] [Times: user=0.04 sys=0.00, real=0.01 secs] 
1328.722: [GC (Allocation Failure) [PSYoungGen: 94656K->1376K(61440K)] 329784K->236512K(638976K), 0.0024635 secs] [Times: user=0.01 sys=0.00, real=0.01 secs] 
1329.697: [GC (Allocation Failure) [PSYoungGen: 61280K->9632K(109056K)] 296416K->244776K(686592K), 0.0019982 secs] [Times: user=0.01 sys=0.00, real=0.00 secs] 
1330.069: [GC (Allocation Failure) [PSYoungGen: 69536K->17792K(77824K)] 304680K->252936K(655360K), 0.0024039 secs] [Times: user=0.01 sys=0.00, real=0.00 secs] 
1330.366: [GC (Allocation Failure) [PSYoungGen: 77696K->34176K(104448K)] 312840K->269320K(681984K), 0.0042907 secs] [Times: user=0.02 sys=0.00, real=0.00 secs] 
1330.829: [GC (Allocation Failure) [PSYoungGen: 91008K->34208K(107520K)] 326152K->269352K(685056K), 0.0057432 secs] [Times: user=0.03 sys=0.01, real=0.01 secs] 
1331.304: [GC (Allocation Failure) [PSYoungGen: 91040K->1408K(103424K)] 326184K->236576K(680960K), 0.0029127 secs] [Times: user=0.01 sys=0.00, real=0.00 secs] 
1332.668: [GC (Allocation Failure) [PSYoungGen: 58240K->5568K(62464K)] 293408K->240744K(640000K), 0.0019559 secs] [Times: user=0.01 sys=0.00, real=0.00 secs] 
1333.347: [GC (Allocation Failure) [PSYoungGen: 62400K->17792K(102400K)] 297576K->252968K(679936K), 0.0030855 secs] [Times: user=0.02 sys=0.00, real=0.00 secs] 
1334.039: [GC (Allocation Failure) [PSYoungGen: 65505K->17808K(74752K)] 300682K->252984K(652288K), 0.0044265 secs] [Times: user=0.02 sys=0.00, real=0.00 secs] 
1334.670: [GC (Allocation Failure) [PSYoungGen: 74640K->34208K(98816K)] 309816K->269384K(676352K), 0.0053510 secs] [Times: user=0.03 sys=0.00, real=0.01 secs] 
1335.558: [GC (Allocation Failure) [PSYoungGen: 87456K->34208K(102400K)] 322632K->269384K(679936K), 0.0077699 secs] [Times: user=0.04 sys=0.00, real=0.01 secs] 
1336.282: [GC (Allocation Failure) [PSYoungGen: 87456K->1376K(104448K)] 322632K->236552K(681984K), 0.0024333 secs] [Times: user=0.01 sys=0.00, real=0.01 secs] 
1337.790: [GC (Allocation Failure) [PSYoungGen: 54112K->5536K(58368K)] 289288K->240712K(635904K), 0.0020192 secs] [Times: user=0.01 sys=0.00, real=0.00 secs] 
1338.468: [GC (Allocation Failure) [PSYoungGen: 58272K->17824K(97280K)] 293448K->253008K(674816K), 0.0039993 secs] [Times: user=0.02 sys=0.00, real=0.00 secs] 
1339.139: [GC (Allocation Failure) [PSYoungGen: 64170K->17808K(70656K)] 299355K->253008K(648192K), 0.0063678 secs] [Times: user=0.02 sys=0.00, real=0.01 secs] 
1339.628: [GC (Allocation Failure) [PSYoungGen: 70544K->34208K(94720K)] 305744K->269416K(672256K), 0.0076500 secs] [Times: user=0.04 sys=0.00, real=0.01 secs] 
1340.200: [GC (Allocation Failure) [PSYoungGen: 83872K->34208K(97792K)] 319080K->269432K(675328K), 0.0061940 secs] [Times: user=0.03 sys=0.00, real=0.01 secs] 
1340.712: [GC (Allocation Failure) [PSYoungGen: 83872K->1408K(100864K)] 319096K->236640K(678400K), 0.0029419 secs] [Times: user=0.01 sys=0.00, real=0.01 secs] 
1341.876: [GC (Allocation Failure) [PSYoungGen: 51072K->2464K(52224K)] 286304K->237704K(629760K), 0.0017104 secs] [Times: user=0.01 sys=0.00, real=0.00 secs] 
1342.262: [GC (Allocation Failure) [PSYoungGen: 52128K->9632K(96256K)] 287368K->244872K(673792K), 0.0021242 secs] [Times: user=0.01 sys=0.00, real=0.01 secs] 
1342.653: [GC (Allocation Failure) [PSYoungGen: 59296K->17824K(67584K)] 294536K->253072K(645120K), 0.0043396 secs] [Times: user=0.02 sys=0.00, real=0.01 secs] 
1342.912: [GC (Allocation Failure) [PSYoungGen: 67488K->34208K(92160K)] 302736K->269472K(669696K), 0.0047322 secs] [Times: user=0.03 sys=0.00, real=0.01 secs] 
1343.234: [GC (Allocation Failure) [PSYoungGen: 80288K->34176K(95744K)] 315552K->269448K(673280K), 0.0039148 secs] [Times: user=0.02 sys=0.00, real=0.00 secs] 
1343.612: [GC (Allocation Failure) [PSYoungGen: 80256K->1344K(92672K)] 315528K->236624K(670208K), 0.0022285 secs] [Times: user=0.01 sys=0.00, real=0.01 secs] 
1344.003: [GC (Allocation Failure) [PSYoungGen: 47424K->1392K(47616K)] 282704K->236680K(625152K), 0.0021449 secs] [Times: user=0.01 sys=0.00, real=0.01 secs] 
1344.905: [GC (Allocation Failure) [PSYoungGen: 47116K->5552K(94720K)] 282404K->240848K(672256K), 0.0018240 secs] [Times: user=0.01 sys=0.00, real=0.00 secs] 
1345.078: [GC (Allocation Failure) [PSYoungGen: 51632K->17824K(64000K)] 286928K->253120K(641536K), 0.0026835 secs] [Times: user=0.01 sys=0.00, real=0.00 secs] 
1345.271: [GC (Allocation Failure) [PSYoungGen: 63904K->17824K(96256K)] 299200K->253128K(673792K), 0.0025419 secs] [Times: user=0.01 sys=0.00, real=0.00 secs] 
1345.405: [GC (Allocation Failure) [PSYoungGen: 66464K->34208K(93696K)] 301768K->269520K(671232K), 0.0036059 secs] [Times: user=0.02 sys=0.00, real=0.00 secs] 
1345.660: [GC (Allocation Failure) [PSYoungGen: 82848K->34176K(100864K)] 318160K->269496K(678400K), 0.0034377 secs] [Times: user=0.02 sys=0.00, real=0.00 secs] 
1345.897: [GC (Allocation Failure) [PSYoungGen: 85888K->1408K(103936K)] 321208K->236744K(681472K), 0.0016922 secs] [Times: user=0.01 sys=0.00, real=0.00 secs] 
1346.918: [GC (Allocation Failure) [PSYoungGen: 53120K->2432K(95744K)] 288456K->237784K(673280K), 0.0017586 secs] [Times: user=0.01 sys=0.00, real=0.00 secs] 
1347.296: [GC (Allocation Failure) [PSYoungGen: 54144K->9600K(61440K)] 289496K->244960K(638976K), 0.0019795 secs] [Times: user=0.00 sys=0.00, real=0.00 secs] 
1347.656: [GC (Allocation Failure) [PSYoungGen: 61312K->17824K(95232K)] 296672K->253184K(672768K), 0.0042235 secs] [Times: user=0.02 sys=0.00, real=0.00 secs] 
1347.999: [GC (Allocation Failure) [PSYoungGen: 69536K->34176K(97792K)] 304896K->269552K(675328K), 0.0057104 secs] [Times: user=0.03 sys=0.00, real=0.01 secs] 
1348.441: [GC (Allocation Failure) [PSYoungGen: 85888K->34208K(104960K)] 321264K->269592K(682496K), 0.0054891 secs] [Times: user=0.03 sys=0.00, real=0.01 secs] 
1348.766: [GC (Allocation Failure) [PSYoungGen: 88992K->1344K(108032K)] 324376K->236736K(685568K), 0.0023006 secs] [Times: user=0.01 sys=0.00, real=0.00 secs] 
1349.827: [GC (Allocation Failure) [PSYoungGen: 56128K->2464K(99328K)] 291520K->237968K(676864K), 0.0018514 secs] [Times: user=0.01 sys=0.00, real=0.00 secs] 
1350.029: [GC (Allocation Failure) [PSYoungGen: 52410K->9648K(64512K)] 287914K->245160K(642048K), 0.0021825 secs] [Times: user=0.00 sys=0.00, real=0.00 secs] 
1350.221: [GC (Allocation Failure) [PSYoungGen: 64432K->17792K(106496K)] 299944K->253312K(684032K), 0.0024936 secs] [Times: user=0.01 sys=0.00, real=0.01 secs] 
1350.460: [GC (Allocation Failure) [PSYoungGen: 75136K->34208K(103936K)] 310656K->269736K(681472K), 0.0034139 secs] [Times: user=0.01 sys=0.01, real=0.01 secs] 
1350.897: [GC (Allocation Failure) [PSYoungGen: 91552K->32896K(112128K)] 327080K->269743K(689664K), 0.0038009 secs] [Times: user=0.01 sys=0.00, real=0.00 secs] 
1351.379: [GC (Allocation Failure) [PSYoungGen: 94336K->96K(61440K)] 331183K->236959K(638976K), 0.0018701 secs] [Times: user=0.00 sys=0.00, real=0.00 secs] 
1353.225: [GC (Allocation Failure) [PSYoungGen: 61024K->9664K(108544K)] 297887K->246535K(686080K), 0.0032975 secs] [Times: user=0.01 sys=0.00, real=0.00 secs] 
1353.867: [GC (Allocation Failure) [PSYoungGen: 70080K->17853K(77824K)] 306951K->254724K(655360K), 0.0036142 secs] [Times: user=0.01 sys=0.00, real=0.00 secs] 
1354.742: [GC (Allocation Failure) [PSYoungGen: 77757K->34208K(103936K)] 314628K->271079K(681472K), 0.0073369 secs] [Times: user=0.03 sys=0.00, real=0.01 secs] 
1355.248: [GC (Allocation Failure) [PSYoungGen: 90528K->34240K(107520K)] 327399K->271111K(685056K), 0.0038119 secs] [Times: user=0.01 sys=0.00, real=0.00 secs] 
1355.674: [GC (Allocation Failure) [PSYoungGen: 90560K->1408K(110080K)] 327431K->238279K(687616K), 0.0023302 secs] [Times: user=0.01 sys=0.00, real=0.00 secs] 
1356.939: [GC (Allocation Failure) [PSYoungGen: 57728K->2461K(58880K)] 294599K->239332K(636416K), 0.0027220 secs] [Times: user=0.01 sys=0.00, real=0.00 secs] 
1357.594: [GC (Allocation Failure) [PSYoungGen: 58781K->17856K(102912K)] 295652K->254727K(680448K), 0.0057681 secs] [Times: user=0.03 sys=0.01, real=0.00 secs] 
1358.240: [GC (Allocation Failure) [PSYoungGen: 71902K->17808K(74240K)] 308774K->254679K(651776K), 0.0042351 secs] [Times: user=0.02 sys=0.00, real=0.01 secs] 
1359.089: [GC (Allocation Failure) [PSYoungGen: 74128K->34240K(99328K)] 310999K->271111K(676864K), 0.0073692 secs] [Times: user=0.03 sys=0.00, real=0.01 secs] 
1359.862: [GC (Allocation Failure) [PSYoungGen: 86976K->34240K(102912K)] 323847K->271111K(680448K), 0.0068735 secs] [Times: user=0.04 sys=0.00, real=0.01 secs] 
1360.491: [GC (Allocation Failure) [PSYoungGen: 86976K->1440K(104960K)] 323847K->238311K(682496K), 0.0030774 secs] [Times: user=0.01 sys=0.00, real=0.01 secs] 
1361.696: [GC (Allocation Failure) [PSYoungGen: 54176K->5568K(58368K)] 291047K->242439K(635904K), 0.0020475 secs] [Times: user=0.01 sys=0.00, real=0.00 secs] 
1361.893: [GC (Allocation Failure) [PSYoungGen: 58304K->17853K(98304K)] 295175K->254724K(675840K), 0.0025606 secs] [Times: user=0.01 sys=0.00, real=0.01 secs] 
1362.088: [GC (Allocation Failure) [PSYoungGen: 65261K->17840K(70656K)] 302132K->254711K(648192K), 0.0022505 secs] [Times: user=0.01 sys=0.00, real=0.00 secs] 
1362.240: [GC (Allocation Failure) [PSYoungGen: 70576K->34176K(94720K)] 307447K->271055K(672256K), 0.0031999 secs] [Times: user=0.01 sys=0.00, real=0.00 secs] 
1362.446: [GC (Allocation Failure) [PSYoungGen: 83328K->34176K(98304K)] 320207K->271108K(675840K), 0.0033321 secs] [Times: user=0.02 sys=0.00, real=0.00 secs] 
1362.797: [GC (Allocation Failure) [PSYoungGen: 83328K->1344K(107008K)] 320260K->238284K(684544K), 0.0019103 secs] [Times: user=0.01 sys=0.00, real=0.00 secs] 
1364.756: [GC (Allocation Failure) [PSYoungGen: 56330K->3536K(58880K)] 293270K->240492K(636416K), 0.0039476 secs] [Times: user=0.01 sys=0.00, real=0.00 secs] 
1365.337: [GC (Allocation Failure) [PSYoungGen: 51322K->9648K(102400K)] 288278K->246612K(679936K), 0.0025844 secs] [Times: user=0.01 sys=0.00, real=0.00 secs] 
1365.620: [GC (Allocation Failure) [PSYoungGen: 64944K->17824K(73216K)] 301908K->254788K(650752K), 0.0026320 secs] [Times: user=0.01 sys=0.00, real=0.00 secs] 
1365.900: [GC (Allocation Failure) [PSYoungGen: 73120K->34176K(98304K)] 310084K->271140K(675840K), 0.0035272 secs] [Times: user=0.01 sys=0.00, real=0.00 secs] 
1366.328: [GC (Allocation Failure) [PSYoungGen: 85888K->34144K(101888K)] 322852K->271108K(679424K), 0.0057316 secs] [Times: user=0.02 sys=0.00, real=0.01 secs] 
1366.712: [GC (Allocation Failure) [PSYoungGen: 85856K->1408K(98304K)] 322820K->238380K(675840K), 0.0023655 secs] [Times: user=0.01 sys=0.00, real=0.01 secs] 
1367.725: [GC (Allocation Failure) [PSYoungGen: 53120K->2432K(54272K)] 290092K->239412K(631808K), 0.0018201 secs] [Times: user=0.01 sys=0.00, real=0.00 secs] 
1367.930: [GC (Allocation Failure) [PSYoungGen: 50899K->9616K(98304K)] 287880K->246596K(675840K), 0.0017485 secs] [Times: user=0.00 sys=0.00, real=0.00 secs] 
1368.113: [GC (Allocation Failure) [PSYoungGen: 61328K->17792K(69632K)] 298308K->254772K(647168K), 0.0021183 secs] [Times: user=0.01 sys=0.00, real=0.01 secs] 
1368.260: [GC (Allocation Failure) [PSYoungGen: 69504K->34176K(94208K)] 306484K->271164K(671744K), 0.0033003 secs] [Times: user=0.01 sys=0.00, real=0.00 secs] 
1368.647: [GC (Allocation Failure) [PSYoungGen: 81792K->34208K(98304K)] 318780K->271204K(675840K), 0.0031574 secs] [Times: user=0.01 sys=0.00, real=0.00 secs] 
1369.020: [GC (Allocation Failure) [PSYoungGen: 81824K->1408K(95232K)] 318820K->238412K(672768K), 0.0017980 secs] [Times: user=0.00 sys=0.00, real=0.00 secs] 
1369.413: [GC (Allocation Failure) [PSYoungGen: 49024K->1344K(49152K)] 286028K->238364K(626688K), 0.0019205 secs] [Times: user=0.01 sys=0.00, real=0.01 secs] 
1370.729: [GC (Allocation Failure) [PSYoungGen: 48960K->9632K(94720K)] 285980K->246652K(672256K), 0.0020215 secs] [Times: user=0.00 sys=0.00, real=0.00 secs] 
1371.061: [GC (Allocation Failure) [PSYoungGen: 57248K->17760K(65536K)] 294268K->254780K(643072K), 0.0028365 secs] [Times: user=0.01 sys=0.00, real=0.01 secs] 
1371.375: [GC (Allocation Failure) [PSYoungGen: 53923K->17776K(90624K)] 290943K->254796K(668160K), 0.0025644 secs] [Times: user=0.01 sys=0.00, real=0.00 secs] 
1371.640: [GC (Allocation Failure) [PSYoungGen: 65392K->34208K(92672K)] 302412K->271236K(670208K), 0.0044831 secs] [Times: user=0.02 sys=0.00, real=0.01 secs] 
1372.012: [GC (Allocation Failure) [PSYoungGen: 81824K->34176K(93184K)] 318852K->271220K(670720K), 0.0035823 secs] [Times: user=0.01 sys=0.00, real=0.01 secs] 
1372.211: [GC (Allocation Failure) [PSYoungGen: 78720K->1440K(96256K)] 315764K->238492K(673792K), 0.0017592 secs] [Times: user=0.01 sys=0.00, real=0.00 secs] 
1372.435: [GC (Allocation Failure) [PSYoungGen: 45984K->1312K(95232K)] 283036K->238372K(672768K), 0.0016662 secs] [Times: user=0.00 sys=0.00, real=0.00 secs] 
1373.337: [GC (Allocation Failure) [PSYoungGen: 45856K->9664K(54272K)] 282916K->246732K(631808K), 0.0017847 secs] [Times: user=0.01 sys=0.00, real=0.00 secs] 
1373.615: [GC (Allocation Failure) [PSYoungGen: 54208K->17824K(88064K)] 291276K->254892K(665600K), 0.0023537 secs] [Times: user=0.01 sys=0.00, real=0.00 secs] 
1373.967: [GC (Allocation Failure) [PSYoungGen: 59641K->17808K(62464K)] 296710K->254876K(640000K), 0.0021986 secs] [Times: user=0.01 sys=0.00, real=0.00 secs] 
1374.197: [GC (Allocation Failure) [PSYoungGen: 62352K->34176K(84480K)] 299420K->271252K(662016K), 0.0033540 secs] [Times: user=0.02 sys=0.00, real=0.00 secs] 
1374.529: [GC (Allocation Failure) [PSYoungGen: 74624K->34176K(88576K)] 311700K->271260K(666112K), 0.0030703 secs] [Times: user=0.01 sys=0.00, real=0.00 secs] 
1374.825: [GC (Allocation Failure) [PSYoungGen: 74624K->1344K(91648K)] 311708K->238428K(669184K), 0.0016734 secs] [Times: user=0.01 sys=0.00, real=0.00 secs] 
1375.000: [GC (Allocation Failure) [PSYoungGen: 41792K->1376K(41984K)] 278876K->238468K(619520K), 0.0017362 secs] [Times: user=0.01 sys=0.00, real=0.00 secs] 
1375.848: [GC (Allocation Failure) [PSYoungGen: 41118K->3472K(88064K)] 278210K->240564K(665600K), 0.0019028 secs] [Times: user=0.01 sys=0.01, real=0.00 secs] 
1375.991: [GC (Allocation Failure) [PSYoungGen: 43920K->9600K(50176K)] 281012K->246700K(627712K), 0.0020096 secs] [Times: user=0.01 sys=0.00, real=0.00 secs] 
1376.125: [GC (Allocation Failure) [PSYoungGen: 50048K->17824K(89088K)] 287148K->254932K(666624K), 0.0023794 secs] [Times: user=0.01 sys=0.00, real=0.00 secs] 
1376.243: [GC (Allocation Failure) [PSYoungGen: 46616K->17776K(87040K)] 283724K->254892K(664576K), 0.0023202 secs] [Times: user=0.01 sys=0.00, real=0.01 secs] 
1376.354: [GC (Allocation Failure) [PSYoungGen: 60272K->34208K(87040K)] 297388K->271332K(664576K), 0.0035070 secs] [Times: user=0.02 sys=0.00, real=0.01 secs] 
1376.625: [GC (Allocation Failure) [PSYoungGen: 78240K->34208K(91136K)] 315364K->271364K(668672K), 0.0038256 secs] [Times: user=0.02 sys=0.00, real=0.00 secs] 
1376.973: [GC (Allocation Failure) [PSYoungGen: 78240K->1376K(100864K)] 315396K->238540K(678400K), 0.0019388 secs] [Times: user=0.01 sys=0.00, real=0.01 secs] 
1377.367: [GC (Allocation Failure) [PSYoungGen: 51552K->1376K(100864K)] 288716K->238548K(678400K), 0.0021336 secs] [Times: user=0.01 sys=0.00, real=0.00 secs] 
1378.393: [GC (Allocation Failure) [PSYoungGen: 51552K->9632K(88576K)] 288724K->246812K(666112K), 0.0020105 secs] [Times: user=0.01 sys=0.00, real=0.01 secs] 
1378.571: [GC (Allocation Failure) [PSYoungGen: 59808K->17824K(97280K)] 296988K->255020K(674816K), 0.0023521 secs] [Times: user=0.01 sys=0.00, real=0.00 secs] 
1378.712: [GC (Allocation Failure) [PSYoungGen: 68000K->34144K(96768K)] 305196K->271348K(674304K), 0.0039017 secs] [Times: user=0.02 sys=0.00, real=0.01 secs] 
1378.928: [GC (Allocation Failure) [PSYoungGen: 85856K->34208K(100864K)] 323060K->271420K(678400K), 0.0032786 secs] [Times: user=0.02 sys=0.00, real=0.00 secs] 
1379.144: [GC (Allocation Failure) [PSYoungGen: 85920K->34176K(108544K)] 323132K->271396K(686080K), 0.0040915 secs] [Times: user=0.02 sys=0.00, real=0.00 secs] 
1379.379: [GC (Allocation Failure) [PSYoungGen: 90496K->96K(111104K)] 327716K->238621K(688640K), 0.0015371 secs] [Times: user=0.01 sys=0.00, real=0.00 secs] 
1380.631: [GC (Allocation Failure) [PSYoungGen: 56416K->9632K(113152K)] 294941K->248173K(690688K), 0.0019660 secs] [Times: user=0.01 sys=0.00, real=0.00 secs] 
1380.892: [GC (Allocation Failure) [PSYoungGen: 72608K->17792K(115712K)] 311149K->256333K(693248K), 0.0025484 secs] [Times: user=0.01 sys=0.00, real=0.01 secs] 
1381.089: [GC (Allocation Failure) [PSYoungGen: 80768K->32864K(116736K)] 319309K->272746K(694272K), 0.0041331 secs] [Times: user=0.02 sys=0.00, real=0.00 secs] 
1381.375: [GC (Allocation Failure) [PSYoungGen: 100448K->64K(119296K)] 340330K->272738K(696832K), 0.0058156 secs] [Times: user=0.02 sys=0.01, real=0.00 secs] 
1381.703: [GC (Allocation Failure) [PSYoungGen: 67648K->96K(125952K)] 340322K->272778K(703488K), 0.0019735 secs] [Times: user=0.00 sys=0.00, real=0.01 secs] 
1383.093: [GC (Allocation Failure) [PSYoungGen: 71542K->9616K(126976K)] 344224K->282306K(704512K), 0.0021360 secs] [Times: user=0.01 sys=0.00, real=0.01 secs] 
1383.948: [GC (Allocation Failure) [PSYoungGen: 85392K->96K(113152K)] 358082K->274130K(690688K), 0.0029664 secs] [Times: user=0.01 sys=0.00, real=0.00 secs] 
1384.671: [GC (Allocation Failure) [PSYoungGen: 75360K->96K(75264K)] 349394K->274154K(652800K), 0.0022033 secs] [Times: user=0.00 sys=0.00, real=0.00 secs] 
1385.950: [GC (Allocation Failure) [PSYoungGen: 74848K->160K(117248K)] 348906K->274218K(694784K), 0.0040339 secs] [Times: user=0.02 sys=0.00, real=0.00 secs] 
1387.866: [GC (Allocation Failure) [PSYoungGen: 72585K->9645K(83456K)] 346644K->283703K(660992K), 0.0021848 secs] [Times: user=0.01 sys=0.00, real=0.00 secs] 
1388.147: [GC (Allocation Failure) [PSYoungGen: 83373K->1408K(111616K)] 357431K->275466K(689152K), 0.0018711 secs] [Times: user=0.00 sys=0.00, real=0.00 secs] 
1388.526: [GC (Allocation Failure) [PSYoungGen: 74624K->1440K(74240K)] 348682K->275498K(651776K), 0.0035218 secs] [Times: user=0.01 sys=0.00, real=0.00 secs] 
1389.157: [GC (Allocation Failure) [PSYoungGen: 74144K->1440K(107520K)] 348202K->275498K(685056K), 0.0028955 secs] [Times: user=0.01 sys=0.00, real=0.00 secs] 
1390.317: [GC (Allocation Failure) [PSYoungGen: 73632K->9728K(81920K)] 347690K->283786K(659456K), 0.0020772 secs] [Times: user=0.00 sys=0.00, real=0.00 secs] 
1390.621: [GC (Allocation Failure) [PSYoungGen: 81408K->1408K(102400K)] 355466K->275466K(679936K), 0.0021456 secs] [Times: user=0.01 sys=0.00, real=0.00 secs] 
1390.917: [GC (Allocation Failure) [PSYoungGen: 72576K->1440K(72192K)] 346634K->275498K(649728K), 0.0020058 secs] [Times: user=0.01 sys=0.00, real=0.00 secs] 
1391.210: [GC (Allocation Failure) [PSYoungGen: 72096K->1408K(98304K)] 346154K->275466K(675840K), 0.0020773 secs] [Times: user=0.01 sys=0.00, real=0.00 secs] 
1392.181: [GC (Allocation Failure) [PSYoungGen: 71552K->9696K(79360K)] 345610K->283754K(656896K), 0.0020212 secs] [Times: user=0.01 sys=0.00, real=0.00 secs] 
1392.488: [GC (Allocation Failure) [PSYoungGen: 79328K->17856K(96768K)] 353386K->291914K(674304K), 0.0026451 secs] [Times: user=0.01 sys=0.00, real=0.00 secs] 
1392.798: [GC (Allocation Failure) [PSYoungGen: 85440K->1392K(68608K)] 359498K->275450K(646144K), 0.0017638 secs] [Times: user=0.01 sys=0.00, real=0.00 secs] 
1393.096: [GC (Allocation Failure) [PSYoungGen: 68464K->1408K(93696K)] 342522K->275466K(671232K), 0.0018679 secs] [Times: user=0.00 sys=0.00, real=0.00 secs] 
1394.570: [GC (Allocation Failure) [PSYoungGen: 67612K->3536K(69632K)] 341670K->277594K(647168K), 0.0037384 secs] [Times: user=0.01 sys=0.00, real=0.01 secs] 
1394.964: [GC (Allocation Failure) [PSYoungGen: 69584K->17824K(91136K)] 343642K->291882K(668672K), 0.0026815 secs] [Times: user=0.02 sys=0.00, real=0.00 secs] 
1395.252: [GC (Allocation Failure) [PSYoungGen: 81824K->1408K(65024K)] 355882K->275466K(642560K), 0.0020460 secs] [Times: user=0.01 sys=0.00, real=0.01 secs] 
1395.537: [GC (Allocation Failure) [PSYoungGen: 64896K->1328K(88576K)] 338954K->275431K(666112K), 0.0019683 secs] [Times: user=0.00 sys=0.00, real=0.00 secs] 
1395.947: [GC (Allocation Failure) [PSYoungGen: 64304K->1440K(64000K)] 338407K->275551K(641536K), 0.0020435 secs] [Times: user=0.01 sys=0.00, real=0.00 secs] 
1397.060: [GC (Allocation Failure) [PSYoungGen: 63904K->9632K(86016K)] 338015K->283743K(663552K), 0.0019994 secs] [Times: user=0.01 sys=0.00, real=0.00 secs] 
1397.696: [GC (Allocation Failure) [PSYoungGen: 71584K->17792K(86528K)] 345695K->291903K(664064K), 0.0061600 secs] [Times: user=0.02 sys=0.00, real=0.00 secs] 
1398.231: [GC (Allocation Failure) [PSYoungGen: 79232K->1408K(86016K)] 353343K->275527K(663552K), 0.0024229 secs] [Times: user=0.01 sys=0.00, real=0.00 secs] 
1398.790: [GC (Allocation Failure) [PSYoungGen: 62336K->1376K(61952K)] 336455K->275503K(639488K), 0.0023347 secs] [Times: user=0.01 sys=0.00, real=0.00 secs] 
1399.289: [GC (Allocation Failure) [PSYoungGen: 61792K->1376K(82944K)] 335919K->275503K(660480K), 0.0023554 secs] [Times: user=0.01 sys=0.00, real=0.00 secs] 
1400.794: [GC (Allocation Failure) [PSYoungGen: 61280K->9696K(69632K)] 335407K->283823K(647168K), 0.0023474 secs] [Times: user=0.01 sys=0.00, real=0.00 secs] 
1401.373: [GC (Allocation Failure) [PSYoungGen: 69600K->17824K(81408K)] 343727K->291959K(658944K), 0.0031854 secs] [Times: user=0.01 sys=0.00, real=0.01 secs] 
1402.006: [GC (Allocation Failure) [PSYoungGen: 75168K->1344K(58880K)] 349303K->275487K(636416K), 0.0031065 secs] [Times: user=0.01 sys=0.00, real=0.00 secs] 
1402.657: [GC (Allocation Failure) [PSYoungGen: 58688K->1376K(80896K)] 332831K->275527K(658432K), 0.0030165 secs] [Times: user=0.01 sys=0.00, real=0.00 secs] 
1403.219: [GC (Allocation Failure) [PSYoungGen: 58720K->1408K(58880K)] 332871K->275559K(636416K), 0.0030322 secs] [Times: user=0.00 sys=0.00, real=0.00 secs] 
1406.505: [GC (Allocation Failure) [PSYoungGen: 56414K->5552K(77824K)] 330565K->279703K(655360K), 0.0048510 secs] [Times: user=0.02 sys=0.00, real=0.00 secs] 
1407.206: [GC (Allocation Failure) [PSYoungGen: 62896K->17792K(79360K)] 337047K->291951K(656896K), 0.0031368 secs] [Times: user=0.01 sys=0.00, real=0.00 secs] 
1407.446: [GC (Allocation Failure) [PSYoungGen: 75136K->1376K(80384K)] 349295K->275543K(657920K), 0.0019095 secs] [Times: user=0.00 sys=0.00, real=0.00 secs] 
1407.685: [GC (Allocation Failure) [PSYoungGen: 58720K->1328K(58880K)] 332887K->275495K(636416K), 0.0019187 secs] [Times: user=0.00 sys=0.00, real=0.00 secs] 
1407.922: [GC (Allocation Failure) [PSYoungGen: 58672K->1408K(78336K)] 332839K->275575K(655872K), 0.0017756 secs] [Times: user=0.00 sys=0.00, real=0.01 secs] 
1409.122: [GC (Allocation Failure) [PSYoungGen: 58752K->5504K(62976K)] 332919K->279679K(640512K), 0.0023202 secs] [Times: user=0.01 sys=0.00, real=0.01 secs] 
1409.665: [GC (Allocation Failure) [PSYoungGen: 62848K->17824K(74752K)] 337023K->292007K(652288K), 0.0052982 secs] [Times: user=0.02 sys=0.01, real=0.00 secs] 
1410.158: [GC (Allocation Failure) [PSYoungGen: 72096K->1376K(55808K)] 346279K->275567K(633344K), 0.0024599 secs] [Times: user=0.01 sys=0.00, real=0.00 secs] 
1410.561: [GC (Allocation Failure) [PSYoungGen: 55648K->1408K(75264K)] 329839K->275599K(652800K), 0.0021066 secs] [Times: user=0.01 sys=0.00, real=0.00 secs] 
1410.972: [GC (Allocation Failure) [PSYoungGen: 55680K->1376K(55808K)] 329871K->275567K(633344K), 0.0020571 secs] [Times: user=0.00 sys=0.01, real=0.01 secs] 
1411.391: [GC (Allocation Failure) [PSYoungGen: 55636K->288K(74240K)] 329828K->274487K(651776K), 0.0020070 secs] [Times: user=0.00 sys=0.00, real=0.00 secs] 
1412.575: [GC (Allocation Failure) [PSYoungGen: 54560K->9632K(74752K)] 328759K->283839K(652288K), 0.0019323 secs] [Times: user=0.00 sys=0.00, real=0.00 secs] 
1412.768: [GC (Allocation Failure) [PSYoungGen: 63904K->17824K(71168K)] 338111K->292039K(648704K), 0.0033567 secs] [Times: user=0.01 sys=0.01, real=0.00 secs] 
1412.980: [GC (Allocation Failure) [PSYoungGen: 68512K->1408K(52224K)] 342727K->275631K(629760K), 0.0020082 secs] [Times: user=0.01 sys=0.00, real=0.00 secs] 
1413.195: [GC (Allocation Failure) [PSYoungGen: 52096K->1408K(71680K)] 326319K->275631K(649216K), 0.0022738 secs] [Times: user=0.01 sys=0.00, real=0.00 secs] 
1413.500: [GC (Allocation Failure) [PSYoungGen: 52096K->1376K(52224K)] 326319K->275615K(629760K), 0.0022543 secs] [Times: user=0.01 sys=0.01, real=0.00 secs] 
1414.676: [GC (Allocation Failure) [PSYoungGen: 52064K->2496K(69632K)] 326303K->276743K(647168K), 0.0020954 secs] [Times: user=0.01 sys=0.00, real=0.00 secs] 
1415.106: [GC (Allocation Failure) [PSYoungGen: 53184K->9600K(70656K)] 327431K->283855K(648192K), 0.0036691 secs] [Times: user=0.01 sys=0.00, real=0.00 secs] 
1415.348: [GC (Allocation Failure) [PSYoungGen: 60288K->17792K(68096K)] 334543K->292047K(645632K), 0.0028931 secs] [Times: user=0.01 sys=0.00, real=0.00 secs] 
1415.562: [GC (Allocation Failure) [PSYoungGen: 65408K->1376K(49152K)] 339663K->275631K(626688K), 0.0019834 secs] [Times: user=0.01 sys=0.00, real=0.00 secs] 
1415.759: [GC (Allocation Failure) [PSYoungGen: 48992K->1376K(69120K)] 323247K->275639K(646656K), 0.0018860 secs] [Times: user=0.01 sys=0.00, real=0.00 secs] 
1415.957: [GC (Allocation Failure) [PSYoungGen: 48992K->1392K(49152K)] 323255K->275663K(626688K), 0.0018874 secs] [Times: user=0.01 sys=0.00, real=0.00 secs] 
1416.945: [GC (Allocation Failure) [PSYoungGen: 48648K->1648K(66560K)] 322919K->275927K(644096K), 0.0017140 secs] [Times: user=0.01 sys=0.00, real=0.00 secs] 
1417.277: [GC (Allocation Failure) [PSYoungGen: 49264K->9568K(67584K)] 323543K->283847K(645120K), 0.0019544 secs] [Times: user=0.01 sys=0.00, real=0.00 secs] 
1417.598: [GC (Allocation Failure) [PSYoungGen: 57184K->17824K(65024K)] 331463K->292103K(642560K), 0.0024666 secs] [Times: user=0.01 sys=0.00, real=0.00 secs] 
1417.949: [GC (Allocation Failure) [PSYoungGen: 62368K->1312K(46080K)] 336647K->275591K(623616K), 0.0017561 secs] [Times: user=0.00 sys=0.00, real=0.00 secs] 
1418.163: [GC (Allocation Failure) [PSYoungGen: 45856K->1376K(66048K)] 320135K->275663K(643584K), 0.0018085 secs] [Times: user=0.01 sys=0.00, real=0.01 secs] 
1418.568: [GC (Allocation Failure) [PSYoungGen: 45920K->1344K(46080K)] 320207K->275647K(623616K), 0.0020261 secs] [Times: user=0.01 sys=0.00, real=0.00 secs] 
1418.867: [GC (Allocation Failure) [PSYoungGen: 45888K->1392K(63488K)] 320191K->275703K(641024K), 0.0019273 secs] [Times: user=0.01 sys=0.00, real=0.00 secs] 
1419.735: [GC (Allocation Failure) [PSYoungGen: 45936K->3456K(48128K)] 320247K->277775K(625664K), 0.0018901 secs] [Times: user=0.00 sys=0.00, real=0.00 secs] 
1419.995: [GC (Allocation Failure) [PSYoungGen: 42264K->9584K(63488K)] 316584K->283903K(641024K), 0.0018297 secs] [Times: user=0.01 sys=0.00, real=0.00 secs] 
1420.245: [GC (Allocation Failure) [PSYoungGen: 54128K->17792K(63488K)] 328447K->292119K(641024K), 0.0023286 secs] [Times: user=0.01 sys=0.00, real=0.00 secs] 
1420.548: [GC (Allocation Failure) [PSYoungGen: 62336K->1376K(65024K)] 336663K->275711K(642560K), 0.0017275 secs] [Times: user=0.01 sys=0.00, real=0.00 secs] 
1420.894: [GC (Allocation Failure) [PSYoungGen: 45920K->1440K(46080K)] 320255K->275783K(623616K), 0.0017833 secs] [Times: user=0.01 sys=0.00, real=0.00 secs] 
1421.287: [GC (Allocation Failure) [PSYoungGen: 45984K->1376K(63488K)] 320327K->275727K(641024K), 0.0019490 secs] [Times: user=0.01 sys=0.00, real=0.00 secs] 
1421.648: [GC (Allocation Failure) [PSYoungGen: 45920K->1440K(46080K)] 320271K->275791K(623616K), 0.0018993 secs] [Times: user=0.01 sys=0.00, real=0.00 secs] 
1423.052: [GC (Allocation Failure) [PSYoungGen: 45984K->5552K(60928K)] 320335K->279903K(638464K), 0.0031077 secs] [Times: user=0.02 sys=0.00, real=0.01 secs] 
1423.531: [GC (Allocation Failure) [PSYoungGen: 50096K->17824K(62464K)] 324447K->292175K(640000K), 0.0049544 secs] [Times: user=0.03 sys=0.00, real=0.01 secs] 
1424.040: [GC (Allocation Failure) [PSYoungGen: 62368K->17824K(62976K)] 336719K->292183K(640512K), 0.0048469 secs] [Times: user=0.02 sys=0.01, real=0.01 secs] 
1424.340: [GC (Allocation Failure) [PSYoungGen: 59296K->1408K(43008K)] 333655K->275783K(620544K), 0.0020676 secs] [Times: user=0.00 sys=0.00, real=0.00 secs] 
1424.658: [GC (Allocation Failure) [PSYoungGen: 42880K->1408K(64000K)] 317255K->275791K(641536K), 0.0018463 secs] [Times: user=0.01 sys=0.00, real=0.00 secs] 
1425.051: [GC (Allocation Failure) [PSYoungGen: 42880K->1408K(43008K)] 317263K->275791K(620544K), 0.0021255 secs] [Times: user=0.01 sys=0.00, real=0.00 secs] 
1425.400: [GC (Allocation Failure) [PSYoungGen: 42880K->1440K(61440K)] 317263K->275823K(638976K), 0.0022124 secs] [Times: user=0.00 sys=0.00, real=0.00 secs] 
1426.239: [GC (Allocation Failure) [PSYoungGen: 42912K->5536K(47104K)] 317295K->279919K(624640K), 0.0020505 secs] [Times: user=0.01 sys=0.00, real=0.00 secs] 
1426.374: [GC (Allocation Failure) [PSYoungGen: 47008K->17760K(58368K)] 321391K->292159K(635904K), 0.0024656 secs] [Times: user=0.01 sys=0.00, real=0.00 secs] 
1426.627: [GC (Allocation Failure) [PSYoungGen: 56160K->17792K(61440K)] 330559K->292199K(638976K), 0.0023688 secs] [Times: user=0.01 sys=0.00, real=0.00 secs] 
1426.874: [GC (Allocation Failure) [PSYoungGen: 56192K->1344K(61952K)] 330599K->275759K(639488K), 0.0022109 secs] [Times: user=0.01 sys=0.00, real=0.00 secs] 
1427.294: [GC (Allocation Failure) [PSYoungGen: 39744K->1376K(39936K)] 314159K->275799K(617472K), 0.0032887 secs] [Times: user=0.01 sys=0.00, real=0.00 secs] 
1427.693: [GC (Allocation Failure) [PSYoungGen: 39776K->1344K(60416K)] 314199K->275767K(637952K), 0.0032598 secs] [Times: user=0.01 sys=0.00, real=0.01 secs] 
1428.123: [GC (Allocation Failure) [PSYoungGen: 39744K->1376K(39936K)] 314167K->275799K(617472K), 0.0031613 secs] [Times: user=0.01 sys=0.00, real=0.01 secs] 
1429.270: [GC (Allocation Failure) [PSYoungGen: 39579K->1936K(58368K)] 314003K->276359K(635904K), 0.0015120 secs] [Times: user=0.01 sys=0.00, real=0.00 secs] 
1429.402: [GC (Allocation Failure) [PSYoungGen: 40336K->9600K(59392K)] 314759K->284039K(636928K), 0.0016929 secs] [Times: user=0.01 sys=0.00, real=0.01 secs] 
1429.528: [GC (Allocation Failure) [PSYoungGen: 48000K->17792K(57344K)] 322439K->292239K(634880K), 0.0019491 secs] [Times: user=0.01 sys=0.00, real=0.00 secs] 
1429.677: [GC (Allocation Failure) [PSYoungGen: 53632K->17792K(59904K)] 328079K->292247K(637440K), 0.0020572 secs] [Times: user=0.01 sys=0.00, real=0.00 secs] 
1429.826: [GC (Allocation Failure) [PSYoungGen: 53632K->1360K(65536K)] 328087K->275815K(643072K), 0.0018608 secs] [Times: user=0.01 sys=0.00, real=0.00 secs] 
1430.023: [GC (Allocation Failure) [PSYoungGen: 41296K->1376K(66048K)] 315751K->275855K(643584K), 0.0025640 secs] [Times: user=0.01 sys=0.00, real=0.01 secs] 
1430.190: [GC (Allocation Failure) [PSYoungGen: 41312K->1376K(68096K)] 315791K->275863K(645632K), 0.0019703 secs] [Times: user=0.01 sys=0.00, real=0.00 secs] 
1430.384: [GC (Allocation Failure) [PSYoungGen: 46432K->1440K(69120K)] 320919K->275935K(646656K), 0.0023490 secs] [Times: user=0.01 sys=0.00, real=0.01 secs] 
1431.182: [GC (Allocation Failure) [PSYoungGen: 46496K->5504K(59392K)] 320991K->279999K(636928K), 0.0018411 secs] [Times: user=0.00 sys=0.00, real=0.00 secs] 
1431.320: [GC (Allocation Failure) [PSYoungGen: 42916K->9584K(66560K)] 317411K->284103K(644096K), 0.0017259 secs] [Times: user=0.00 sys=0.00, real=0.00 secs] 
1431.498: [GC (Allocation Failure) [PSYoungGen: 54640K->17824K(69120K)] 329159K->292351K(646656K), 0.0033632 secs] [Times: user=0.02 sys=0.00, real=0.00 secs] 
1431.698: [GC (Allocation Failure) [PSYoungGen: 65440K->1408K(71680K)] 339967K->275943K(649216K), 0.0016802 secs] [Times: user=0.00 sys=0.00, real=0.00 secs] 
1431.899: [GC (Allocation Failure) [PSYoungGen: 49024K->1376K(74752K)] 323559K->275911K(652288K), 0.0022480 secs] [Times: user=0.01 sys=0.00, real=0.00 secs] 
1432.121: [GC (Allocation Failure) [PSYoungGen: 54624K->96K(75776K)] 329159K->275934K(653312K), 0.0020856 secs] [Times: user=0.01 sys=0.00, real=0.00 secs] 
1433.267: [GC (Allocation Failure) [PSYoungGen: 53344K->2512K(67072K)] 329182K->278358K(644608K), 0.0022472 secs] [Times: user=0.01 sys=0.00, real=0.00 secs] 
1434.253: [GC (Allocation Failure) [PSYoungGen: 54374K->9648K(74240K)] 330221K->285502K(651776K), 0.0047189 secs] [Times: user=0.01 sys=0.00, real=0.01 secs] 
1434.749: [GC (Allocation Failure) [PSYoungGen: 62896K->17840K(71168K)] 338750K->293694K(648704K), 0.0045260 secs] [Times: user=0.02 sys=0.00, real=0.00 secs] 
1434.974: [GC (Allocation Failure) [PSYoungGen: 68016K->1440K(51712K)] 343870K->277294K(629248K), 0.0017968 secs] [Times: user=0.00 sys=0.00, real=0.00 secs] 
1435.183: [GC (Allocation Failure) [PSYoungGen: 51616K->1424K(71680K)] 327470K->277278K(649216K), 0.0018653 secs] [Times: user=0.00 sys=0.00, real=0.01 secs] 
1435.391: [GC (Allocation Failure) [PSYoungGen: 51600K->1408K(51712K)] 327454K->277262K(629248K), 0.0017069 secs] [Times: user=0.01 sys=0.00, real=0.00 secs] 
1437.059: [GC (Allocation Failure) [PSYoungGen: 51584K->5568K(68608K)] 327438K->281577K(646144K), 0.0037655 secs] [Times: user=0.01 sys=0.00, real=0.00 secs] 
1438.234: [GC (Allocation Failure) [PSYoungGen: 49751K->9616K(70144K)] 325761K->285625K(647680K), 0.0047092 secs] [Times: user=0.01 sys=0.00, real=0.00 secs] 
1438.677: [GC (Allocation Failure) [PSYoungGen: 59792K->17824K(67072K)] 335801K->293833K(644608K), 0.0042675 secs] [Times: user=0.02 sys=0.00, real=0.00 secs] 
1439.072: [GC (Allocation Failure) [PSYoungGen: 64928K->1408K(48640K)] 340937K->277417K(626176K), 0.0022640 secs] [Times: user=0.01 sys=0.00, real=0.01 secs] 
1439.482: [GC (Allocation Failure) [PSYoungGen: 48512K->1440K(68608K)] 324521K->277449K(646144K), 0.0020390 secs] [Times: user=0.01 sys=0.00, real=0.01 secs] 
1439.866: [GC (Allocation Failure) [PSYoungGen: 48544K->1408K(48640K)] 324553K->277417K(626176K), 0.0022557 secs] [Times: user=0.01 sys=0.00, real=0.00 secs] 
1441.167: [GC (Allocation Failure) [PSYoungGen: 48512K->1728K(66048K)] 324521K->277737K(643584K), 0.0019512 secs] [Times: user=0.00 sys=0.00, real=0.00 secs] 
1441.330: [GC (Allocation Failure) [PSYoungGen: 48832K->9632K(67072K)] 324841K->285641K(644608K), 0.0014881 secs] [Times: user=0.01 sys=0.00, real=0.00 secs] 
1441.491: [GC (Allocation Failure) [PSYoungGen: 56736K->17792K(64512K)] 332745K->293801K(642048K), 0.0024526 secs] [Times: user=0.01 sys=0.00, real=0.01 secs] 
1441.676: [GC (Allocation Failure) [PSYoungGen: 61824K->1408K(45568K)] 337833K->277425K(623104K), 0.0016828 secs] [Times: user=0.01 sys=0.01, real=0.00 secs] 
1441.858: [GC (Allocation Failure) [PSYoungGen: 45440K->1376K(65536K)] 321457K->277401K(643072K), 0.0016099 secs] [Times: user=0.01 sys=0.00, real=0.00 secs] 
1442.077: [GC (Allocation Failure) [PSYoungGen: 45408K->1440K(45568K)] 321433K->277473K(623104K), 0.0030380 secs] [Times: user=0.01 sys=0.00, real=0.00 secs] 
1442.267: [GC (Allocation Failure) [PSYoungGen: 45472K->1440K(62976K)] 321505K->277473K(640512K), 0.0022071 secs] [Times: user=0.01 sys=0.00, real=0.00 secs] 
1443.303: [GC (Allocation Failure) [PSYoungGen: 45472K->3456K(47616K)] 321505K->279513K(625152K), 0.0018545 secs] [Times: user=0.01 sys=0.00, real=0.01 secs] 
1443.655: [GC (Allocation Failure) [PSYoungGen: 46269K->9584K(62464K)] 322327K->285641K(640000K), 0.0018982 secs] [Times: user=0.01 sys=0.00, real=0.00 secs] 
1443.984: [GC (Allocation Failure) [PSYoungGen: 53104K->17792K(62976K)] 329161K->293849K(640512K), 0.0027840 secs] [Times: user=0.01 sys=0.00, real=0.00 secs] 
1444.368: [GC (Allocation Failure) [PSYoungGen: 61312K->1344K(65024K)] 337369K->277409K(642560K), 0.0019316 secs] [Times: user=0.01 sys=0.00, real=0.00 secs] 
1444.657: [GC (Allocation Failure) [PSYoungGen: 44864K->1344K(45056K)] 320929K->277417K(622592K), 0.0019326 secs] [Times: user=0.01 sys=0.00, real=0.00 secs] 
1444.944: [GC (Allocation Failure) [PSYoungGen: 44864K->1376K(63488K)] 320937K->277457K(641024K), 0.0018281 secs] [Times: user=0.01 sys=0.00, real=0.00 secs] 
1445.126: [GC (Allocation Failure) [PSYoungGen: 44896K->1344K(45056K)] 320977K->277425K(622592K), 0.0018505 secs] [Times: user=0.01 sys=0.00, real=0.00 secs] 
1445.992: [GC (Allocation Failure) [PSYoungGen: 44864K->3488K(60928K)] 320945K->279569K(638464K), 0.0020015 secs] [Times: user=0.01 sys=0.00, real=0.01 secs] 
1446.127: [GC (Allocation Failure) [PSYoungGen: 40624K->9616K(61952K)] 316705K->285713K(639488K), 0.0020584 secs] [Times: user=0.01 sys=0.00, real=0.00 secs] 
1446.275: [GC (Allocation Failure) [PSYoungGen: 53136K->17760K(59392K)] 329233K->293865K(636928K), 0.0025300 secs] [Times: user=0.01 sys=0.00, real=0.00 secs] 
1446.444: [GC (Allocation Failure) [PSYoungGen: 58208K->1440K(62464K)] 334313K->277553K(640000K), 0.0016774 secs] [Times: user=0.00 sys=0.00, real=0.00 secs] 
1446.612: [GC (Allocation Failure) [PSYoungGen: 41888K->1408K(64512K)] 318001K->277521K(642048K), 0.0017133 secs] [Times: user=0.01 sys=0.00, real=0.01 secs] 
1446.874: [GC (Allocation Failure) [PSYoungGen: 46464K->1392K(46592K)] 322577K->277537K(624128K), 0.0018013 secs] [Times: user=0.01 sys=0.00, real=0.00 secs] 
1447.061: [GC (Allocation Failure) [PSYoungGen: 46448K->1376K(62976K)] 322593K->277529K(640512K), 0.0019384 secs] [Times: user=0.01 sys=0.00, real=0.00 secs] 
1447.922: [GC (Allocation Failure) [PSYoungGen: 46432K->5536K(50688K)] 322585K->281697K(628224K), 0.0017689 secs] [Times: user=0.00 sys=0.00, real=0.01 secs] 
1448.062: [GC (Allocation Failure) [PSYoungGen: 43836K->9616K(62464K)] 319997K->285777K(640000K), 0.0018163 secs] [Times: user=0.01 sys=0.00, real=0.01 secs] 
1448.260: [GC (Allocation Failure) [PSYoungGen: 54160K->17792K(62976K)] 330321K->293961K(640512K), 0.0024344 secs] [Times: user=0.02 sys=0.00, real=0.00 secs] 
1448.555: [GC (Allocation Failure) [PSYoungGen: 62336K->1344K(59904K)] 338505K->277513K(637440K), 0.0017873 secs] [Times: user=0.00 sys=0.00, real=0.00 secs] 
1448.963: [GC (Allocation Failure) [PSYoungGen: 45888K->1296K(46080K)] 322057K->277465K(623616K), 0.0019904 secs] [Times: user=0.01 sys=0.00, real=0.01 secs] 
1449.340: [GC (Allocation Failure) [PSYoungGen: 45840K->1408K(62976K)] 322009K->277577K(640512K), 0.0019397 secs] [Times: user=0.01 sys=0.00, real=0.00 secs] 
1449.723: [GC (Allocation Failure) [PSYoungGen: 45952K->1408K(46080K)] 322121K->277577K(623616K), 0.0019324 secs] [Times: user=0.01 sys=0.01, real=0.01 secs] 
1450.690: [GC (Allocation Failure) [PSYoungGen: 45761K->5552K(61440K)] 321930K->281721K(638976K), 0.0022431 secs] [Times: user=0.01 sys=0.00, real=0.00 secs] 
1450.854: [GC (Allocation Failure) [PSYoungGen: 50096K->17824K(62464K)] 326265K->294009K(640000K), 0.0031126 secs] [Times: user=0.01 sys=0.00, real=0.00 secs] 
1451.068: [GC (Allocation Failure) [PSYoungGen: 62368K->17792K(63488K)] 338553K->293985K(641024K), 0.0032489 secs] [Times: user=0.01 sys=0.00, real=0.00 secs] 
1451.419: [GC (Allocation Failure) [PSYoungGen: 59776K->1344K(43520K)] 335969K->277545K(621056K), 0.0018649 secs] [Times: user=0.01 sys=0.00, real=0.00 secs] 
1451.757: [GC (Allocation Failure) [PSYoungGen: 43328K->1376K(63488K)] 319529K->277577K(641024K), 0.0027501 secs] [Times: user=0.01 sys=0.00, real=0.00 secs] 
1452.128: [GC (Allocation Failure) [PSYoungGen: 43360K->1344K(43520K)] 319561K->277545K(621056K), 0.0018534 secs] [Times: user=0.01 sys=0.00, real=0.00 secs] 
1452.468: [GC (Allocation Failure) [PSYoungGen: 43328K->1376K(61952K)] 319529K->277577K(639488K), 0.0019559 secs] [Times: user=0.01 sys=0.00, real=0.00 secs] 
1453.329: [GC (Allocation Failure) [PSYoungGen: 42737K->5520K(47616K)] 318939K->281729K(625152K), 0.0020240 secs] [Times: user=0.00 sys=0.00, real=0.00 secs] 
1453.453: [GC (Allocation Failure) [PSYoungGen: 47504K->17792K(57856K)] 323713K->294009K(635392K), 0.0024309 secs] [Times: user=0.01 sys=0.00, real=0.01 secs] 
1453.650: [GC (Allocation Failure) [PSYoungGen: 56192K->17760K(61440K)] 332409K->293985K(638976K), 0.0021841 secs] [Times: user=0.01 sys=0.00, real=0.00 secs] 
1453.952: [GC (Allocation Failure) [PSYoungGen: 56160K->1376K(61952K)] 332385K->277609K(639488K), 0.0018289 secs] [Times: user=0.00 sys=0.00, real=0.00 secs] 
1454.371: [GC (Allocation Failure) [PSYoungGen: 39776K->1392K(39936K)] 316009K->277633K(617472K), 0.0018449 secs] [Times: user=0.00 sys=0.00, real=0.00 secs] 
1454.770: [GC (Allocation Failure) [PSYoungGen: 39792K->1408K(60416K)] 316033K->277649K(637952K), 0.0016958 secs] [Times: user=0.01 sys=0.00, real=0.00 secs] 
1455.196: [GC (Allocation Failure) [PSYoungGen: 39808K->1408K(39936K)] 316049K->277657K(617472K), 0.0033244 secs] [Times: user=0.01 sys=0.00, real=0.00 secs] 
1456.378: [GC (Allocation Failure) [PSYoungGen: 39808K->1952K(58368K)] 316057K->278201K(635904K), 0.0020204 secs] [Times: user=0.01 sys=0.00, real=0.00 secs] 
1456.845: [GC (Allocation Failure) [PSYoungGen: 40352K->9632K(59392K)] 316601K->285905K(636928K), 0.0020656 secs] [Times: user=0.01 sys=0.00, real=0.00 secs] 
1457.017: [GC (Allocation Failure) [PSYoungGen: 48032K->17824K(56320K)] 324305K->294105K(633856K), 0.0026729 secs] [Times: user=0.01 sys=0.00, real=0.00 secs] 
1457.164: [GC (Allocation Failure) [PSYoungGen: 53152K->17792K(59392K)] 329433K->294073K(636928K), 0.0034552 secs] [Times: user=0.01 sys=0.00, real=0.01 secs] 
1457.330: [GC (Allocation Failure) [PSYoungGen: 53120K->1408K(64512K)] 329401K->277697K(642048K), 0.0022642 secs] [Times: user=0.01 sys=0.00, real=0.00 secs] 
1457.492: [GC (Allocation Failure) [PSYoungGen: 41344K->1376K(65536K)] 317633K->277665K(643072K), 0.0018314 secs] [Times: user=0.00 sys=0.00, real=0.01 secs] 
1457.736: [GC (Allocation Failure) [PSYoungGen: 41312K->1408K(67072K)] 317601K->277721K(644608K), 0.0018644 secs] [Times: user=0.00 sys=0.00, real=0.00 secs] 
1457.924: [GC (Allocation Failure) [PSYoungGen: 45952K->1344K(68608K)] 322265K->277665K(646144K), 0.0017368 secs] [Times: user=0.01 sys=0.00, real=0.00 secs] 
1458.858: [GC (Allocation Failure) [PSYoungGen: 45888K->3488K(60416K)] 322209K->279809K(637952K), 0.0020991 secs] [Times: user=0.01 sys=0.00, real=0.00 secs] 
1459.057: [GC (Allocation Failure) [PSYoungGen: 41419K->9552K(54272K)] 317741K->285873K(631808K), 0.0028263 secs] [Times: user=0.01 sys=0.00, real=0.00 secs] 
1459.373: [GC (Allocation Failure) [PSYoungGen: 54096K->17760K(62976K)] 330417K->294089K(640512K), 0.0033745 secs] [Times: user=0.01 sys=0.00, real=0.01 secs] 
1459.685: [GC (Allocation Failure) [PSYoungGen: 59232K->1344K(43008K)] 335561K->277681K(620544K), 0.0020419 secs] [Times: user=0.01 sys=0.00, real=0.00 secs] 
1459.989: [GC (Allocation Failure) [PSYoungGen: 42816K->1344K(64000K)] 319153K->277689K(641536K), 0.0021910 secs] [Times: user=0.00 sys=0.00, real=0.00 secs] 
1460.273: [GC (Allocation Failure) [PSYoungGen: 42816K->1344K(43008K)] 319161K->277689K(620544K), 0.0025133 secs] [Times: user=0.01 sys=0.00, real=0.01 secs] 
1460.572: [GC (Allocation Failure) [PSYoungGen: 42816K->1376K(61440K)] 319161K->277721K(638976K), 0.0030892 secs] [Times: user=0.01 sys=0.00, real=0.01 secs] 
1461.501: [GC (Allocation Failure) [PSYoungGen: 41797K->3504K(45056K)] 318143K->279849K(622592K), 0.0019089 secs] [Times: user=0.00 sys=0.00, real=0.00 secs] 
1461.648: [GC (Allocation Failure) [PSYoungGen: 44976K->9568K(61440K)] 321321K->285913K(638976K), 0.0019193 secs] [Times: user=0.01 sys=0.00, real=0.00 secs] 
1461.787: [GC (Allocation Failure) [PSYoungGen: 51040K->17760K(61440K)] 327385K->294113K(638976K), 0.0024109 secs] [Times: user=0.01 sys=0.00, real=0.00 secs] 
1461.959: [GC (Allocation Failure) [PSYoungGen: 59232K->1344K(68608K)] 335585K->277705K(646144K), 0.0015131 secs] [Times: user=0.00 sys=0.00, real=0.00 secs] 
1462.173: [GC (Allocation Failure) [PSYoungGen: 47936K->1376K(48128K)] 324297K->277745K(625664K), 0.0016359 secs] [Times: user=0.01 sys=0.00, real=0.01 secs] 
1462.520: [GC (Allocation Failure) [PSYoungGen: 47968K->1408K(67072K)] 324337K->277777K(644608K), 0.0015980 secs] [Times: user=0.01 sys=0.00, real=0.00 secs] 
1462.856: [GC (Allocation Failure) [PSYoungGen: 48000K->1408K(48128K)] 324369K->277777K(625664K), 0.0017858 secs] [Times: user=0.01 sys=0.00, real=0.00 secs] 
1463.880: [GC (Allocation Failure) [PSYoungGen: 48000K->5536K(64512K)] 324369K->281905K(642048K), 0.0018169 secs] [Times: user=0.01 sys=0.00, real=0.00 secs] 
1464.023: [GC (Allocation Failure) [PSYoungGen: 52128K->17792K(65536K)] 328497K->294161K(643072K), 0.0023649 secs] [Times: user=0.01 sys=0.00, real=0.01 secs] 
1464.217: [GC (Allocation Failure) [PSYoungGen: 64384K->17824K(65536K)] 340753K->294209K(643072K), 0.0038091 secs] [Times: user=0.02 sys=0.00, real=0.00 secs] 
1464.411: [GC (Allocation Failure) [PSYoungGen: 61344K->1376K(68608K)] 337729K->277769K(646144K), 0.0022286 secs] [Times: user=0.01 sys=0.00, real=0.00 secs] 
1464.856: [GC (Allocation Failure) [PSYoungGen: 44896K->1360K(71680K)] 321289K->277761K(649216K), 0.0031233 secs] [Times: user=0.01 sys=0.00, real=0.00 secs] 
1465.357: [GC (Allocation Failure) [PSYoungGen: 50000K->1344K(50176K)] 326401K->277761K(627712K), 0.0025053 secs] [Times: user=0.01 sys=0.00, real=0.00 secs] 
1466.421: [GC (Allocation Failure) [PSYoungGen: 49721K->2480K(69120K)] 326139K->279015K(646656K), 0.0018750 secs] [Times: user=0.00 sys=0.00, real=0.00 secs] 
1466.701: [GC (Allocation Failure) [PSYoungGen: 51120K->9568K(70144K)] 327655K->286103K(647680K), 0.0018632 secs] [Times: user=0.00 sys=0.00, real=0.00 secs] 
1467.016: [GC (Allocation Failure) [PSYoungGen: 58208K->17760K(67584K)] 334743K->294295K(645120K), 0.0025613 secs] [Times: user=0.02 sys=0.00, real=0.00 secs] 
1467.417: [GC (Allocation Failure) [PSYoungGen: 63840K->1328K(47616K)] 340375K->277863K(625152K), 0.0019630 secs] [Times: user=0.01 sys=0.00, real=0.00 secs] 
1467.856: [GC (Allocation Failure) [PSYoungGen: 47408K->1344K(67584K)] 323943K->277879K(645120K), 0.0020488 secs] [Times: user=0.01 sys=0.00, real=0.00 secs] 
1468.262: [GC (Allocation Failure) [PSYoungGen: 47424K->1376K(47616K)] 323959K->277911K(625152K), 0.0018653 secs] [Times: user=0.01 sys=0.00, real=0.00 secs] 
1468.770: [GC (Allocation Failure) [PSYoungGen: 47456K->1344K(66048K)] 323991K->277879K(643584K), 0.0020768 secs] [Times: user=0.00 sys=0.00, real=0.00 secs] 
1470.322: [GC (Allocation Failure) [PSYoungGen: 47424K->9632K(67072K)] 323959K->286167K(644608K), 0.0026800 secs] [Times: user=0.01 sys=0.00, real=0.01 secs] 
1470.920: [GC (Allocation Failure) [PSYoungGen: 55712K->17792K(64000K)] 332247K->294327K(641536K), 0.0033389 secs] [Times: user=0.01 sys=0.00, real=0.01 secs] 
1471.236: [GC (Allocation Failure) [PSYoungGen: 60800K->1376K(44544K)] 337335K->277911K(622080K), 0.0020254 secs] [Times: user=0.00 sys=0.00, real=0.00 secs] 
1471.598: [GC (Allocation Failure) [PSYoungGen: 44384K->1344K(65024K)] 320919K->277887K(642560K), 0.0020541 secs] [Times: user=0.01 sys=0.00, real=0.00 secs] 
1471.970: [GC (Allocation Failure) [PSYoungGen: 44352K->1376K(44544K)] 320895K->277919K(622080K), 0.0026389 secs] [Times: user=0.01 sys=0.00, real=0.00 secs] 
1472.335: [GC (Allocation Failure) [PSYoungGen: 44384K->1408K(62464K)] 320927K->277959K(640000K), 0.0021631 secs] [Times: user=0.00 sys=0.00, real=0.00 secs] 
1473.301: [GC (Allocation Failure) [PSYoungGen: 44416K->1536K(45056K)] 320967K->278087K(622592K), 0.0017798 secs] [Times: user=0.01 sys=0.00, real=0.00 secs] 
1473.454: [GC (Allocation Failure) [PSYoungGen: 44544K->9632K(61952K)] 321095K->286183K(639488K), 0.0018847 secs] [Times: user=0.00 sys=0.00, real=0.00 secs] 
1473.609: [GC (Allocation Failure) [PSYoungGen: 52128K->17760K(62464K)] 328679K->294335K(640000K), 0.0022541 secs] [Times: user=0.01 sys=0.00, real=0.00 secs] 
1473.884: [GC (Allocation Failure) [PSYoungGen: 60256K->1408K(64512K)] 336831K->277991K(642048K), 0.0015529 secs] [Times: user=0.01 sys=0.00, real=0.00 secs] 
1474.169: [GC (Allocation Failure) [PSYoungGen: 43904K->1344K(44032K)] 320487K->277935K(621568K), 0.0016446 secs] [Times: user=0.01 sys=0.00, real=0.00 secs] 
1474.541: [GC (Allocation Failure) [PSYoungGen: 43840K->1344K(61952K)] 320431K->277943K(639488K), 0.0020915 secs] [Times: user=0.01 sys=0.00, real=0.00 secs] 
1474.835: [GC (Allocation Failure) [PSYoungGen: 43840K->1376K(44032K)] 320439K->277975K(621568K), 0.0019875 secs] [Times: user=0.01 sys=0.00, real=0.00 secs] 
1475.840: [GC (Allocation Failure) [PSYoungGen: 43872K->1568K(60416K)] 320471K->278167K(637952K), 0.0017354 secs] [Times: user=0.01 sys=0.00, real=0.00 secs] 
1475.984: [GC (Allocation Failure) [PSYoungGen: 44064K->9600K(61440K)] 320663K->286199K(638976K), 0.0017924 secs] [Times: user=0.00 sys=0.00, real=0.01 secs] 
1476.126: [GC (Allocation Failure) [PSYoungGen: 52096K->17792K(58880K)] 328695K->294399K(636416K), 0.0022701 secs] [Times: user=0.01 sys=0.00, real=0.00 secs] 
1476.290: [GC (Allocation Failure) [PSYoungGen: 57216K->1376K(40960K)] 333823K->277991K(618496K), 0.0016300 secs] [Times: user=0.00 sys=0.00, real=0.00 secs] 
1476.453: [GC (Allocation Failure) [PSYoungGen: 40800K->1312K(59392K)] 317415K->277935K(636928K), 0.0015488 secs] [Times: user=0.01 sys=0.00, real=0.01 secs] 
1476.617: [GC (Allocation Failure) [PSYoungGen: 40736K->1376K(40960K)] 317359K->277999K(618496K), 0.0017175 secs] [Times: user=0.00 sys=0.00, real=0.00 secs] 
1476.781: [GC (Allocation Failure) [PSYoungGen: 40800K->1376K(57344K)] 317423K->277999K(634880K), 0.0017399 secs] [Times: user=0.01 sys=0.00, real=0.00 secs] 
1476.944: [GC (Allocation Failure) [PSYoungGen: 40800K->1424K(40960K)] 317423K->278047K(618496K), 0.0017382 secs] [Times: user=0.01 sys=0.00, real=0.00 secs] 
1478.263: [GC (Allocation Failure) [PSYoungGen: 40848K->3424K(54784K)] 317471K->280063K(632320K), 0.0032063 secs] [Times: user=0.01 sys=0.00, real=0.01 secs] 
1478.578: [GC (Allocation Failure) [PSYoungGen: 40620K->9616K(56320K)] 317260K->286263K(633856K), 0.0026335 secs] [Times: user=0.01 sys=0.00, real=0.00 secs] 
1478.844: [GC (Allocation Failure) [PSYoungGen: 49040K->17792K(53760K)] 325687K->294447K(631296K), 0.0042056 secs] [Times: user=0.02 sys=0.00, real=0.00 secs] 
1479.191: [GC (Allocation Failure) [PSYoungGen: 53632K->1408K(37376K)] 330287K->278071K(614912K), 0.0023233 secs] [Times: user=0.01 sys=0.00, real=0.00 secs] 
1479.560: [GC (Allocation Failure) [PSYoungGen: 37248K->1376K(55296K)] 313911K->278039K(632832K), 0.0019620 secs] [Times: user=0.01 sys=0.01, real=0.00 secs] 
1479.962: [GC (Allocation Failure) [PSYoungGen: 37216K->1440K(37376K)] 313879K->278103K(614912K), 0.0024050 secs] [Times: user=0.01 sys=0.00, real=0.01 secs] 
1480.346: [GC (Allocation Failure) [PSYoungGen: 37280K->1376K(53760K)] 313943K->278039K(631296K), 0.0034998 secs] [Times: user=0.01 sys=0.00, real=0.00 secs] 
1480.614: [GC (Allocation Failure) [PSYoungGen: 37216K->1408K(37376K)] 313879K->278079K(614912K), 0.0028565 secs] [Times: user=0.01 sys=0.00, real=0.00 secs] 
1481.595: [GC (Allocation Failure) [PSYoungGen: 37248K->3520K(51200K)] 313919K->280207K(628736K), 0.0022999 secs] [Times: user=0.01 sys=0.00, real=0.00 secs] 
1481.906: [GC (Allocation Failure) [PSYoungGen: 39360K->9600K(52224K)] 316047K->286295K(629760K), 0.0031967 secs] [Times: user=0.01 sys=0.00, real=0.00 secs] 
1482.201: [GC (Allocation Failure) [PSYoungGen: 45440K->9568K(52224K)] 322135K->294463K(629760K), 0.0045209 secs] [Times: user=0.02 sys=0.00, real=0.01 secs] 
1482.392: [GC (Allocation Failure) [PSYoungGen: 44896K->1408K(36864K)] 329791K->286303K(614400K), 0.0019838 secs] [Times: user=0.01 sys=0.00, real=0.01 secs] 
1482.539: [GC (Allocation Failure) [PSYoungGen: 36736K->1376K(52736K)] 321631K->286271K(630272K), 0.0029901 secs] [Times: user=0.01 sys=0.00, real=0.00 secs] 
1482.690: [GC (Allocation Failure) [PSYoungGen: 37216K->1376K(52224K)] 322111K->286287K(629760K), 0.0017597 secs] [Times: user=0.01 sys=0.00, real=0.00 secs] 
1482.840: [GC (Allocation Failure) [PSYoungGen: 37216K->1440K(54272K)] 322127K->286359K(631808K), 0.0017956 secs] [Times: user=0.00 sys=0.00, real=0.00 secs] 
1483.008: [GC (Allocation Failure) [PSYoungGen: 41888K->1376K(55296K)] 326807K->286303K(632832K), 0.0018855 secs] [Times: user=0.00 sys=0.00, real=0.00 secs] 
1484.549: [GC (Allocation Failure) [PSYoungGen: 41331K->3440K(47616K)] 326259K->288367K(625152K), 0.0044908 secs] [Times: user=0.02 sys=0.00, real=0.00 secs] 
1485.835: [GC (Allocation Failure) [PSYoungGen: 43888K->9568K(53760K)] 328815K->294495K(631296K), 0.0043504 secs] [Times: user=0.02 sys=0.00, real=0.00 secs] 
1486.501: [GC (Allocation Failure) [PSYoungGen: 50016K->9600K(54784K)] 334943K->302719K(632320K), 0.0071980 secs] [Times: user=0.04 sys=0.00, real=0.01 secs] 
1486.870: [GC (Allocation Failure) [PSYoungGen: 49536K->1344K(55296K)] 342655K->294471K(632832K), 0.0025128 secs] [Times: user=0.01 sys=0.00, real=0.00 secs] 
1487.084: [GC (Allocation Failure) [PSYoungGen: 41280K->1376K(53248K)] 334407K->294511K(630784K), 0.0020966 secs] [Times: user=0.00 sys=0.00, real=0.01 secs] 
1487.338: [GC (Allocation Failure) [PSYoungGen: 41312K->1408K(41472K)] 334447K->294551K(619008K), 0.0020978 secs] [Times: user=0.00 sys=0.00, real=0.00 secs] 
1487.788: [GC (Allocation Failure) [PSYoungGen: 41344K->1376K(52736K)] 334487K->294527K(630272K), 0.0022984 secs] [Times: user=0.01 sys=0.00, real=0.00 secs] 
1488.953: [GC (Allocation Failure) [PSYoungGen: 41312K->272K(40448K)] 334463K->293423K(617984K), 0.0016062 secs] [Times: user=0.00 sys=0.00, real=0.01 secs] 
1489.124: [GC (Allocation Failure) [PSYoungGen: 40208K->9600K(51200K)] 333359K->302751K(628736K), 0.0019101 secs] [Times: user=0.01 sys=0.00, real=0.00 secs] 
1489.250: [GC (Allocation Failure) [PSYoungGen: 48000K->9632K(52736K)] 341151K->310975K(630272K), 0.0028259 secs] [Times: user=0.01 sys=0.00, real=0.00 secs] 
1489.410: [GC (Allocation Failure) [PSYoungGen: 48032K->9632K(57344K)] 349375K->319183K(634880K), 0.0030624 secs] [Times: user=0.01 sys=0.00, real=0.00 secs] 
1489.586: [GC (Allocation Failure) [PSYoungGen: 51616K->1376K(58368K)] 361167K->310927K(635904K), 0.0017239 secs] [Times: user=0.01 sys=0.00, real=0.00 secs] 
1489.771: [GC (Allocation Failure) [PSYoungGen: 43360K->1376K(61952K)] 352911K->310935K(639488K), 0.0015718 secs] [Times: user=0.01 sys=0.00, real=0.00 secs] 
1489.966: [GC (Allocation Failure) [PSYoungGen: 48480K->1376K(62464K)] 358039K->310951K(640000K), 0.0016248 secs] [Times: user=0.01 sys=0.00, real=0.00 secs] 
1490.161: [GC (Allocation Failure) [PSYoungGen: 48480K->1376K(66560K)] 358055K->310951K(644096K), 0.0016323 secs] [Times: user=0.01 sys=0.00, real=0.00 secs] 
1491.502: [GC (Allocation Failure) [PSYoungGen: 54112K->9632K(67072K)] 363687K->319207K(644608K), 0.0034867 secs] [Times: user=0.02 sys=0.00, real=0.01 secs] 
1491.837: [GC (Allocation Failure) [PSYoungGen: 62368K->9632K(67072K)] 371943K->327415K(644608K), 0.0048535 secs] [Times: user=0.02 sys=0.00, real=0.00 secs] 
1492.235: [GC (Allocation Failure) [PSYoungGen: 61344K->1376K(53248K)] 379127K->319167K(630784K), 0.0021434 secs] [Times: user=0.01 sys=0.00, real=0.00 secs] 
1492.886: [GC (Allocation Failure) [PSYoungGen: 53088K->1344K(66560K)] 370879K->319143K(644096K), 0.0025884 secs] [Times: user=0.01 sys=0.00, real=0.00 secs] 
1493.610: [GC (Allocation Failure) [PSYoungGen: 53056K->1344K(53248K)] 370855K->319143K(630784K), 0.0029019 secs] [Times: user=0.01 sys=0.00, real=0.00 secs] 
1495.202: [GC (Allocation Failure) [PSYoungGen: 53056K->2400K(65024K)] 370855K->320199K(642560K), 0.0017445 secs] [Times: user=0.01 sys=0.00, real=0.01 secs] 
1495.715: [GC (Allocation Failure) [PSYoungGen: 54112K->9600K(65536K)] 371911K->327399K(643072K), 0.0019831 secs] [Times: user=0.01 sys=0.00, real=0.00 secs] 
1496.190: [GC (Allocation Failure) [PSYoungGen: 61312K->1344K(65536K)] 379111K->319143K(643072K), 0.0022654 secs] [Times: user=0.01 sys=0.00, real=0.00 secs] 
1496.733: [GC (Allocation Failure) [PSYoungGen: 53056K->1344K(53248K)] 370855K->319143K(630784K), 0.0021340 secs] [Times: user=0.01 sys=0.00, real=0.01 secs] 
1497.218: [GC (Allocation Failure) [PSYoungGen: 53056K->1376K(64512K)] 370855K->319175K(642048K), 0.0022504 secs] [Times: user=0.01 sys=0.00, real=0.00 secs] 
1497.650: [GC (Allocation Failure) [PSYoungGen: 53088K->1344K(53248K)] 370887K->319143K(630784K), 0.0024379 secs] [Times: user=0.01 sys=0.00, real=0.00 secs] 
1498.801: [GC (Allocation Failure) [PSYoungGen: 53056K->5536K(64512K)] 370855K->323335K(642048K), 0.0019624 secs] [Times: user=0.01 sys=0.00, real=0.00 secs] 
1498.999: [GC (Allocation Failure) [PSYoungGen: 57248K->1344K(53248K)] 375047K->319143K(630784K), 0.0019480 secs] [Times: user=0.00 sys=0.00, real=0.00 secs] 
1499.226: [GC (Allocation Failure) [PSYoungGen: 53056K->1376K(62976K)] 370855K->319175K(640512K), 0.0018926 secs] [Times: user=0.01 sys=0.00, real=0.00 secs] 
1499.592: [GC (Allocation Failure) [PSYoungGen: 53088K->1328K(53248K)] 370887K->319127K(630784K), 0.0022736 secs] [Times: user=0.01 sys=0.00, real=0.01 secs] 
1500.028: [GC (Allocation Failure) [PSYoungGen: 53040K->1344K(61952K)] 370839K->319151K(639488K), 0.0023753 secs] [Times: user=0.01 sys=0.00, real=0.00 secs] 
1501.163: [GC (Allocation Failure) [PSYoungGen: 53056K->224K(52224K)] 370863K->318039K(629760K), 0.0015351 secs] [Times: user=0.01 sys=0.00, real=0.01 secs] 
1502.023: [GC (Allocation Failure) [PSYoungGen: 51936K->9568K(59904K)] 369751K->327391K(637440K), 0.0052664 secs] [Times: user=0.02 sys=0.00, real=0.01 secs] 
1502.688: [GC (Allocation Failure) [PSYoungGen: 59232K->1344K(51200K)] 377055K->319175K(628736K), 0.0039167 secs] [Times: user=0.01 sys=0.00, real=0.00 secs] 
1503.391: [GC (Allocation Failure) [PSYoungGen: 51008K->1344K(60416K)] 368839K->319175K(637952K), 0.0026571 secs] [Times: user=0.01 sys=0.00, real=0.00 secs] 
1504.189: [GC (Allocation Failure) [PSYoungGen: 51008K->1376K(51200K)] 368839K->319215K(628736K), 0.0028689 secs] [Times: user=0.01 sys=0.00, real=0.00 secs] 
1504.946: [GC (Allocation Failure) [PSYoungGen: 51040K->1408K(58880K)] 368879K->319247K(636416K), 0.0032182 secs] [Times: user=0.01 sys=0.00, real=0.00 secs] 
1506.224: [GC (Allocation Failure) [PSYoungGen: 51072K->2384K(52224K)] 368911K->320223K(629760K), 0.0018272 secs] [Times: user=0.00 sys=0.00, real=0.00 secs] 
1506.626: [GC (Allocation Failure) [PSYoungGen: 52048K->5536K(58368K)] 369887K->327471K(635904K), 0.0025042 secs] [Times: user=0.01 sys=0.00, real=0.00 secs] 
1507.038: [GC (Allocation Failure) [PSYoungGen: 54688K->1328K(50688K)] 376623K->323263K(628224K), 0.0021182 secs] [Times: user=0.01 sys=0.00, real=0.00 secs] 
1507.452: [GC (Allocation Failure) [PSYoungGen: 50480K->1376K(57344K)] 372415K->323311K(634880K), 0.0020733 secs] [Times: user=0.01 sys=0.00, real=0.01 secs] 
1507.886: [GC (Allocation Failure) [PSYoungGen: 50528K->1376K(57856K)] 372463K->323311K(635392K), 0.0035309 secs] [Times: user=0.02 sys=0.00, real=0.00 secs] 
1508.381: [GC (Allocation Failure) [PSYoungGen: 50528K->1376K(56832K)] 372463K->323311K(634368K), 0.0035770 secs] [Times: user=0.01 sys=0.00, real=0.01 secs] 
1509.850: [GC (Allocation Failure) [PSYoungGen: 50528K->2496K(51712K)] 372463K->324431K(629248K), 0.0020703 secs] [Times: user=0.00 sys=0.00, real=0.00 secs] 
1510.542: [GC (Allocation Failure) [PSYoungGen: 51648K->5504K(56320K)] 373583K->331535K(633856K), 0.0035148 secs] [Times: user=0.02 sys=0.00, real=0.01 secs] 
1511.355: [GC (Allocation Failure) [PSYoungGen: 54144K->1376K(56832K)] 380175K->327407K(634368K), 0.0035214 secs] [Times: user=0.01 sys=0.00, real=0.00 secs] 
1512.129: [GC (Allocation Failure) [PSYoungGen: 50016K->1312K(55808K)] 376047K->327343K(633344K), 0.0028398 secs] [Times: user=0.01 sys=0.00, real=0.00 secs] 
1512.788: [GC (Allocation Failure) [PSYoungGen: 49952K->1344K(50176K)] 375983K->327375K(627712K), 0.0037195 secs] [Times: user=0.01 sys=0.00, real=0.00 secs] 
1513.415: [GC (Allocation Failure) [PSYoungGen: 49984K->1344K(55808K)] 376015K->327383K(633344K), 0.0022675 secs] [Times: user=0.01 sys=0.01, real=0.00 secs] 
1514.583: [GC (Allocation Failure) [PSYoungGen: 49984K->3472K(55808K)] 376023K->329512K(633344K), 0.0019505 secs] [Times: user=0.01 sys=0.00, real=0.01 secs] 
1515.058: [GC (Allocation Failure) [PSYoungGen: 52112K->1344K(54784K)] 378152K->327383K(632320K), 0.0022241 secs] [Times: user=0.01 sys=0.00, real=0.00 secs] 
1515.698: [GC (Allocation Failure) [PSYoungGen: 49984K->1344K(55296K)] 376023K->327383K(632832K), 0.0029620 secs] [Times: user=0.01 sys=0.00, real=0.00 secs] 
1516.178: [GC (Allocation Failure) [PSYoungGen: 49984K->1376K(54272K)] 376023K->327415K(631808K), 0.0028223 secs] [Times: user=0.01 sys=0.00, real=0.00 secs] 
1516.677: [GC (Allocation Failure) [PSYoungGen: 50016K->1344K(54784K)] 376055K->327383K(632320K), 0.0024166 secs] [Times: user=0.01 sys=0.00, real=0.00 secs] 
1517.190: [GC (Allocation Failure) [PSYoungGen: 49984K->1344K(53760K)] 376023K->327383K(631296K), 0.0046923 secs] [Times: user=0.02 sys=0.00, real=0.01 secs] 
1518.347: [GC (Allocation Failure) [PSYoungGen: 48237K->3504K(54272K)] 374277K->329544K(631808K), 0.0017637 secs] [Times: user=0.01 sys=0.00, real=0.00 secs] 
1518.524: [GC (Allocation Failure) [PSYoungGen: 52144K->1312K(53760K)] 378184K->327351K(631296K), 0.0016308 secs] [Times: user=0.01 sys=0.00, real=0.00 secs] 
1518.783: [GC (Allocation Failure) [PSYoungGen: 49952K->1344K(54272K)] 375991K->327383K(631808K), 0.0017050 secs] [Times: user=0.00 sys=0.00, real=0.01 secs] 
1519.173: [GC (Allocation Failure) [PSYoungGen: 49984K->1296K(53248K)] 376023K->327343K(630784K), 0.0018882 secs] [Times: user=0.01 sys=0.00, real=0.01 secs] 
1519.628: [GC (Allocation Failure) [PSYoungGen: 49936K->1344K(53760K)] 375983K->327399K(631296K), 0.0023231 secs] [Times: user=0.01 sys=0.00, real=0.00 secs] 
1520.077: [GC (Allocation Failure) [PSYoungGen: 49984K->1312K(52736K)] 376039K->327367K(630272K), 0.0022742 secs] [Times: user=0.01 sys=0.00, real=0.00 secs] 
1522.032: [GC (Allocation Failure) [PSYoungGen: 48178K->3440K(53248K)] 374234K->329496K(630784K), 0.0025606 secs] [Times: user=0.01 sys=0.00, real=0.01 secs] 
1522.395: [GC (Allocation Failure) [PSYoungGen: 52080K->1328K(53760K)] 378136K->327407K(631296K), 0.0019988 secs] [Times: user=0.01 sys=0.00, real=0.00 secs] 
1522.873: [GC (Allocation Failure) [PSYoungGen: 49968K->1296K(50176K)] 376047K->327375K(627712K), 0.0020284 secs] [Times: user=0.01 sys=0.00, real=0.01 secs] 
1523.373: [GC (Allocation Failure) [PSYoungGen: 49936K->1344K(53248K)] 376015K->327423K(630784K), 0.0019358 secs] [Times: user=0.01 sys=0.01, real=0.01 secs] 
1524.108: [GC (Allocation Failure) [PSYoungGen: 49984K->1344K(53248K)] 376063K->327423K(630784K), 0.0026558 secs] [Times: user=0.01 sys=0.00, real=0.00 secs] 
1525.694: [GC (Allocation Failure) [PSYoungGen: 49984K->1312K(52224K)] 376063K->327391K(629760K), 0.0026587 secs] [Times: user=0.01 sys=0.00, real=0.00 secs] 
1527.438: [GC (Allocation Failure) [PSYoungGen: 49952K->3488K(52736K)] 376031K->331615K(630272K), 0.0017874 secs] [Times: user=0.00 sys=0.00, real=0.00 secs] 
1527.646: [GC (Allocation Failure) [PSYoungGen: 52128K->1312K(53248K)] 380255K->329439K(630784K), 0.0017320 secs] [Times: user=0.00 sys=0.00, real=0.00 secs] 
1527.904: [GC (Allocation Failure) [PSYoungGen: 49952K->1312K(53248K)] 378079K->329439K(630784K), 0.0017107 secs] [Times: user=0.00 sys=0.00, real=0.01 secs] 
1528.194: [GC (Allocation Failure) [PSYoungGen: 49952K->1344K(52224K)] 378079K->329471K(629760K), 0.0020443 secs] [Times: user=0.01 sys=0.00, real=0.01 secs] 
1528.584: [GC (Allocation Failure) [PSYoungGen: 49984K->1296K(52736K)] 378111K->329423K(630272K), 0.0027570 secs] [Times: user=0.01 sys=0.00, real=0.00 secs] 
1528.941: [GC (Allocation Failure) [PSYoungGen: 49936K->1344K(52736K)] 378063K->329471K(630272K), 0.0026798 secs] [Times: user=0.01 sys=0.00, real=0.01 secs] 
1530.028: [GC (Allocation Failure) [PSYoungGen: 49984K->3488K(52736K)] 378111K->331615K(630272K), 0.0019139 secs] [Times: user=0.00 sys=0.00, real=0.00 secs] 
1530.334: [GC (Allocation Failure) [PSYoungGen: 52128K->1328K(52224K)] 380255K->329455K(629760K), 0.0025084 secs] [Times: user=0.01 sys=0.00, real=0.00 secs] 
1530.526: [GC (Allocation Failure) [PSYoungGen: 49968K->1328K(52736K)] 378095K->329455K(630272K), 0.0018889 secs] [Times: user=0.01 sys=0.00, real=0.00 secs] 
1530.767: [GC (Allocation Failure) [PSYoungGen: 49968K->1344K(52736K)] 378095K->329471K(630272K), 0.0017926 secs] [Times: user=0.01 sys=0.00, real=0.00 secs] 
1530.969: [GC (Allocation Failure) [PSYoungGen: 49984K->1344K(50176K)] 378111K->329471K(627712K), 0.0018675 secs] [Times: user=0.00 sys=0.00, real=0.00 secs] 
1531.175: [GC (Allocation Failure) [PSYoungGen: 49984K->1280K(52224K)] 378111K->329415K(629760K), 0.0019242 secs] [Times: user=0.01 sys=0.00, real=0.00 secs] 
1532.100: [GC (Allocation Failure) [PSYoungGen: 49920K->3456K(52224K)] 378055K->333640K(629760K), 0.0020378 secs] [Times: user=0.00 sys=0.00, real=0.00 secs] 
1532.329: [GC (Allocation Failure) [PSYoungGen: 52096K->1344K(52736K)] 382280K->331527K(630272K), 0.0023547 secs] [Times: user=0.01 sys=0.00, real=0.00 secs] 
1532.519: [GC (Allocation Failure) [PSYoungGen: 49984K->1312K(52736K)] 380167K->331495K(630272K), 0.0018634 secs] [Times: user=0.01 sys=0.00, real=0.00 secs] 
1532.720: [GC (Allocation Failure) [PSYoungGen: 49952K->1344K(51712K)] 380135K->331535K(629248K), 0.0020043 secs] [Times: user=0.01 sys=0.00, real=0.00 secs] 
1533.063: [GC (Allocation Failure) [PSYoungGen: 49984K->1344K(52224K)] 380175K->331535K(629760K), 0.0020180 secs] [Times: user=0.01 sys=0.00, real=0.01 secs] 
1533.264: [GC (Allocation Failure) [PSYoungGen: 49984K->1376K(52224K)] 380175K->331567K(629760K), 0.0017619 secs] [Times: user=0.01 sys=0.00, real=0.00 secs] 
1534.106: [GC (Allocation Failure) [PSYoungGen: 50016K->3456K(52224K)] 380207K->333648K(629760K), 0.0018535 secs] [Times: user=0.01 sys=0.00, real=0.00 secs] 
1534.499: [GC (Allocation Failure) [PSYoungGen: 52096K->1344K(52736K)] 382288K->331535K(630272K), 0.0018324 secs] [Times: user=0.00 sys=0.00, real=0.00 secs] 
1535.179: [GC (Allocation Failure) [PSYoungGen: 49984K->1344K(50176K)] 380175K->331535K(627712K), 0.0021160 secs] [Times: user=0.00 sys=0.00, real=0.00 secs] 
1535.858: [GC (Allocation Failure) [PSYoungGen: 49984K->1344K(52224K)] 380175K->331535K(629760K), 0.0019243 secs] [Times: user=0.01 sys=0.00, real=0.00 secs] 
1536.563: [GC (Allocation Failure) [PSYoungGen: 49984K->1376K(52224K)] 380175K->331567K(629760K), 0.0023436 secs] [Times: user=0.01 sys=0.00, real=0.01 secs] 
1537.266: [GC (Allocation Failure) [PSYoungGen: 50016K->1376K(52224K)] 380207K->331567K(629760K), 0.0022311 secs] [Times: user=0.01 sys=0.00, real=0.00 secs] 
1538.757: [GC (Allocation Failure) [PSYoungGen: 50016K->3456K(52224K)] 380207K->333648K(629760K), 0.0022794 secs] [Times: user=0.01 sys=0.01, real=0.00 secs] 
1539.242: [GC (Allocation Failure) [PSYoungGen: 52096K->1344K(52736K)] 382288K->331535K(630272K), 0.0021557 secs] [Times: user=0.01 sys=0.00, real=0.01 secs] 
1539.690: [GC (Allocation Failure) [PSYoungGen: 49984K->1376K(50176K)] 380175K->331567K(627712K), 0.0024916 secs] [Times: user=0.01 sys=0.00, real=0.00 secs] 
1541.097: [GC (Allocation Failure) [PSYoungGen: 50016K->1344K(52224K)] 380207K->331535K(629760K), 0.0029380 secs] [Times: user=0.02 sys=0.00, real=0.00 secs] 
1541.609: [GC (Allocation Failure) [PSYoungGen: 49984K->1344K(52224K)] 380175K->331535K(629760K), 0.0027706 secs] [Times: user=0.01 sys=0.00, real=0.00 secs] 
1542.140: [GC (Allocation Failure) [PSYoungGen: 49984K->1344K(52224K)] 380175K->331535K(629760K), 0.0027720 secs] [Times: user=0.01 sys=0.00, real=0.00 secs] 
1543.862: [GC (Allocation Failure) [PSYoungGen: 49365K->3472K(52224K)] 379557K->335720K(629760K), 0.0043786 secs] [Times: user=0.01 sys=0.00, real=0.01 secs] 
1544.676: [GC (Allocation Failure) [PSYoungGen: 52112K->1344K(51712K)] 384360K->333592K(629248K), 0.0034843 secs] [Times: user=0.01 sys=0.00, real=0.00 secs] 
1545.064: [GC (Allocation Failure) [PSYoungGen: 49984K->1344K(52224K)] 382232K->333592K(629760K), 0.0026068 secs] [Times: user=0.01 sys=0.00, real=0.00 secs] 
1545.468: [GC (Allocation Failure) [PSYoungGen: 49984K->1344K(52224K)] 382232K->333592K(629760K), 0.0025510 secs] [Times: user=0.01 sys=0.00, real=0.00 secs] 
1545.868: [GC (Allocation Failure) [PSYoungGen: 49984K->1296K(52224K)] 382232K->333544K(629760K), 0.0025246 secs] [Times: user=0.01 sys=0.00, real=0.00 secs] 
1546.178: [GC (Allocation Failure) [PSYoungGen: 49936K->1376K(52224K)] 382184K->333624K(629760K), 0.0021457 secs] [Times: user=0.01 sys=0.00, real=0.00 secs] 
1547.128: [GC (Allocation Failure) [PSYoungGen: 48350K->3472K(52224K)] 380598K->337768K(629760K), 0.0016540 secs] [Times: user=0.01 sys=0.00, real=0.00 secs] 
1547.543: [GC (Allocation Failure) [PSYoungGen: 52112K->1344K(51712K)] 386408K->335640K(629248K), 0.0018280 secs] [Times: user=0.01 sys=0.00, real=0.01 secs] 
1547.910: [GC (Allocation Failure) [PSYoungGen: 49984K->1344K(52224K)] 384280K->335640K(629760K), 0.0019499 secs] [Times: user=0.01 sys=0.00, real=0.00 secs] 
1548.251: [GC (Allocation Failure) [PSYoungGen: 49984K->1344K(52224K)] 384280K->335640K(629760K), 0.0018787 secs] [Times: user=0.01 sys=0.00, real=0.00 secs] 
1548.625: [GC (Allocation Failure) [PSYoungGen: 49984K->1376K(52224K)] 384280K->335672K(629760K), 0.0018508 secs] [Times: user=0.01 sys=0.00, real=0.00 secs] 
1549.024: [GC (Allocation Failure) [PSYoungGen: 50016K->1344K(52224K)] 384312K->335640K(629760K), 0.0018083 secs] [Times: user=0.01 sys=0.00, real=0.00 secs] 
1549.873: [GC (Allocation Failure) [PSYoungGen: 48828K->3440K(52224K)] 383124K->339784K(629760K), 0.0019761 secs] [Times: user=0.01 sys=0.00, real=0.01 secs] 
1550.059: [GC (Allocation Failure) [PSYoungGen: 52080K->1344K(51712K)] 388424K->337688K(629248K), 0.0018491 secs] [Times: user=0.01 sys=0.00, real=0.00 secs] 
1550.261: [GC (Allocation Failure) [PSYoungGen: 49984K->1344K(52224K)] 386328K->337688K(629760K), 0.0016723 secs] [Times: user=0.01 sys=0.00, real=0.00 secs] 
1550.463: [GC (Allocation Failure) [PSYoungGen: 49984K->1344K(52224K)] 386328K->337712K(629760K), 0.0019272 secs] [Times: user=0.01 sys=0.00, real=0.01 secs] 
1550.670: [GC (Allocation Failure) [PSYoungGen: 49984K->1344K(52224K)] 386352K->337712K(629760K), 0.0023763 secs] [Times: user=0.01 sys=0.00, real=0.00 secs] 
1550.883: [GC (Allocation Failure) [PSYoungGen: 49984K->1344K(52224K)] 386352K->337712K(629760K), 0.0024593 secs] [Times: user=0.01 sys=0.00, real=0.01 secs] 
1551.705: [GC (Allocation Failure) [PSYoungGen: 47857K->3472K(52224K)] 384225K->341888K(629760K), 0.0019029 secs] [Times: user=0.01 sys=0.00, real=0.00 secs] 
1551.891: [GC (Allocation Failure) [PSYoungGen: 52112K->1344K(51712K)] 390528K->339760K(629248K), 0.0015882 secs] [Times: user=0.00 sys=0.00, real=0.00 secs] 
1552.093: [GC (Allocation Failure) [PSYoungGen: 49984K->1344K(52224K)] 388400K->339760K(629760K), 0.0015709 secs] [Times: user=0.01 sys=0.00, real=0.01 secs] 
1552.295: [GC (Allocation Failure) [PSYoungGen: 49984K->1376K(52224K)] 388400K->339792K(629760K), 0.0015600 secs] [Times: user=0.01 sys=0.00, real=0.00 secs] 
1552.496: [GC (Allocation Failure) [PSYoungGen: 50016K->1392K(52224K)] 388432K->339808K(629760K), 0.0017499 secs] [Times: user=0.01 sys=0.00, real=0.00 secs] 
1552.705: [GC (Allocation Failure) [PSYoungGen: 50032K->1376K(52224K)] 388448K->339792K(629760K), 0.0026217 secs] [Times: user=0.01 sys=0.01, real=0.00 secs] 
1553.615: [GC (Allocation Failure) [PSYoungGen: 47298K->3440K(52224K)] 385714K->343904K(629760K), 0.0018560 secs] [Times: user=0.01 sys=0.00, real=0.00 secs] 
1553.800: [GC (Allocation Failure) [PSYoungGen: 52080K->1360K(51712K)] 392544K->341824K(629248K), 0.0017837 secs] [Times: user=0.00 sys=0.00, real=0.00 secs] 
1554.002: [GC (Allocation Failure) [PSYoungGen: 50000K->1344K(52224K)] 390464K->341808K(629760K), 0.0017066 secs] [Times: user=0.01 sys=0.00, real=0.00 secs] 
1554.203: [GC (Allocation Failure) [PSYoungGen: 49984K->1344K(52224K)] 390448K->341808K(629760K), 0.0017102 secs] [Times: user=0.00 sys=0.00, real=0.01 secs] 
1554.405: [GC (Allocation Failure) [PSYoungGen: 49984K->1328K(52224K)] 390448K->341792K(629760K), 0.0017584 secs] [Times: user=0.01 sys=0.00, real=0.00 secs] 
1554.607: [GC (Allocation Failure) [PSYoungGen: 49968K->1344K(52224K)] 390432K->341808K(629760K), 0.0018415 secs] [Times: user=0.01 sys=0.00, real=0.00 secs] 
1555.422: [GC (Allocation Failure) [PSYoungGen: 48235K->3440K(52224K)] 388699K->345952K(629760K), 0.0018793 secs] [Times: user=0.01 sys=0.00, real=0.00 secs] 
1555.606: [GC (Allocation Failure) [PSYoungGen: 52080K->1344K(51712K)] 394592K->343856K(629248K), 0.0018133 secs] [Times: user=0.01 sys=0.00, real=0.00 secs] 
1555.808: [GC (Allocation Failure) [PSYoungGen: 49984K->1392K(52224K)] 392496K->343904K(629760K), 0.0016812 secs] [Times: user=0.01 sys=0.00, real=0.00 secs] 
1556.052: [GC (Allocation Failure) [PSYoungGen: 50032K->1344K(52224K)] 392544K->343864K(629760K), 0.0016134 secs] [Times: user=0.01 sys=0.00, real=0.01 secs] 
1556.383: [GC (Allocation Failure) [PSYoungGen: 49984K->1312K(52224K)] 392504K->343832K(629760K), 0.0016879 secs] [Times: user=0.01 sys=0.00, real=0.01 secs] 
1556.777: [GC (Allocation Failure) [PSYoungGen: 49952K->1344K(52224K)] 392472K->343864K(629760K), 0.0015242 secs] [Times: user=0.01 sys=0.00, real=0.00 secs] 
1557.778: [GC (Allocation Failure) [PSYoungGen: 48324K->3472K(52224K)] 390845K->348040K(629760K), 0.0020231 secs] [Times: user=0.00 sys=0.00, real=0.00 secs] 
1558.153: [GC (Allocation Failure) [PSYoungGen: 52112K->1344K(51712K)] 396680K->345912K(629248K), 0.0019388 secs] [Times: user=0.01 sys=0.00, real=0.01 secs] 
1558.529: [GC (Allocation Failure) [PSYoungGen: 49984K->1312K(52224K)] 394552K->345896K(629760K), 0.0017375 secs] [Times: user=0.01 sys=0.00, real=0.00 secs] 
1558.915: [GC (Allocation Failure) [PSYoungGen: 49952K->1376K(52224K)] 394536K->345960K(629760K), 0.0018607 secs] [Times: user=0.01 sys=0.00, real=0.00 secs] 
1559.315: [GC (Allocation Failure) [PSYoungGen: 50016K->1344K(52224K)] 394600K->345928K(629760K), 0.0018743 secs] [Times: user=0.00 sys=0.00, real=0.00 secs] 
1559.710: [GC (Allocation Failure) [PSYoungGen: 49984K->1360K(52224K)] 394568K->345944K(629760K), 0.0018967 secs] [Times: user=0.01 sys=0.00, real=0.00 secs] 
1560.594: [GC (Allocation Failure) [PSYoungGen: 49098K->3504K(52224K)] 393682K->350136K(629760K), 0.0018315 secs] [Times: user=0.00 sys=0.00, real=0.00 secs] 
1560.779: [GC (Allocation Failure) [PSYoungGen: 52144K->1344K(51712K)] 398776K->347976K(629248K), 0.0018004 secs] [Times: user=0.01 sys=0.00, real=0.00 secs] 
1560.982: [GC (Allocation Failure) [PSYoungGen: 49984K->1344K(52224K)] 396616K->347976K(629760K), 0.0017527 secs] [Times: user=0.01 sys=0.00, real=0.00 secs] 
1561.184: [GC (Allocation Failure) [PSYoungGen: 49984K->1328K(52224K)] 396616K->347960K(629760K), 0.0017131 secs] [Times: user=0.01 sys=0.00, real=0.01 secs] 
1561.385: [GC (Allocation Failure) [PSYoungGen: 49968K->1376K(52224K)] 396600K->348008K(629760K), 0.0017674 secs] [Times: user=0.01 sys=0.00, real=0.00 secs] 
1561.639: [GC (Allocation Failure) [PSYoungGen: 50016K->1376K(52224K)] 396648K->348008K(629760K), 0.0018231 secs] [Times: user=0.01 sys=0.00, real=0.00 secs] 
1562.688: [GC (Allocation Failure) [PSYoungGen: 48313K->3472K(52224K)] 394945K->352152K(629760K), 0.0017978 secs] [Times: user=0.01 sys=0.00, real=0.00 secs] 
1563.133: [GC (Allocation Failure) [PSYoungGen: 52112K->1344K(51712K)] 400792K->350024K(629248K), 0.0018316 secs] [Times: user=0.01 sys=0.00, real=0.01 secs] 
1563.336: [GC (Allocation Failure) [PSYoungGen: 49984K->1344K(52224K)] 398664K->350024K(629760K), 0.0018051 secs] [Times: user=0.01 sys=0.00, real=0.00 secs] 
1563.538: [GC (Allocation Failure) [PSYoungGen: 49984K->1344K(52224K)] 398664K->350024K(629760K), 0.0018743 secs] [Times: user=0.01 sys=0.00, real=0.00 secs] 
1563.740: [GC (Allocation Failure) [PSYoungGen: 49984K->1344K(52224K)] 398664K->350024K(629760K), 0.0017915 secs] [Times: user=0.01 sys=0.00, real=0.00 secs] 
1563.961: [GC (Allocation Failure) [PSYoungGen: 49984K->1344K(52224K)] 398664K->350024K(629760K), 0.0017424 secs] [Times: user=0.00 sys=0.00, real=0.00 secs] 
1564.987: [GC (Allocation Failure) [PSYoungGen: 48314K->3472K(52224K)] 396994K->354200K(629760K), 0.0019666 secs] [Times: user=0.00 sys=0.00, real=0.00 secs] 
1565.360: [GC (Allocation Failure) [PSYoungGen: 52112K->1344K(51712K)] 402840K->352072K(629248K), 0.0020134 secs] [Times: user=0.01 sys=0.00, real=0.00 secs] 
1565.696: [GC (Allocation Failure) [PSYoungGen: 49984K->1344K(52224K)] 400712K->352072K(629760K), 0.0027257 secs] [Times: user=0.01 sys=0.00, real=0.00 secs] 
1565.898: [GC (Allocation Failure) [PSYoungGen: 49984K->1344K(52224K)] 400712K->352072K(629760K), 0.0024366 secs] [Times: user=0.01 sys=0.00, real=0.00 secs] 
1566.153: [GC (Allocation Failure) [PSYoungGen: 49984K->1344K(52224K)] 400712K->352072K(629760K), 0.0019774 secs] [Times: user=0.01 sys=0.01, real=0.01 secs] 
1566.448: [GC (Allocation Failure) [PSYoungGen: 49984K->1344K(52224K)] 400712K->352072K(629760K), 0.0018874 secs] [Times: user=0.01 sys=0.00, real=0.00 secs] 
1567.441: [GC (Allocation Failure) [PSYoungGen: 48313K->3472K(52224K)] 399041K->356248K(629760K), 0.0020076 secs] [Times: user=0.01 sys=0.00, real=0.00 secs] 
1567.859: [GC (Allocation Failure) [PSYoungGen: 52112K->1344K(51712K)] 404888K->354120K(629248K), 0.0029531 secs] [Times: user=0.02 sys=0.00, real=0.00 secs] 
1568.266: [GC (Allocation Failure) [PSYoungGen: 49984K->1312K(52224K)] 402760K->354088K(629760K), 0.0026504 secs] [Times: user=0.01 sys=0.00, real=0.00 secs] 
1568.686: [GC (Allocation Failure) [PSYoungGen: 49952K->1376K(52224K)] 402728K->354176K(629760K), 0.0030443 secs] [Times: user=0.01 sys=0.00, real=0.00 secs] 
1569.095: [GC (Allocation Failure) [PSYoungGen: 50016K->1408K(52224K)] 402816K->354208K(629760K), 0.0028293 secs] [Times: user=0.01 sys=0.00, real=0.00 secs] 
1569.443: [GC (Allocation Failure) [PSYoungGen: 50048K->1312K(52224K)] 402848K->354112K(629760K), 0.0024409 secs] [Times: user=0.01 sys=0.00, real=0.01 secs] 
1570.383: [GC (Allocation Failure) [PSYoungGen: 48284K->3472K(52224K)] 401084K->358320K(629760K), 0.0019396 secs] [Times: user=0.01 sys=0.00, real=0.01 secs] 
1570.916: [GC (Allocation Failure) [PSYoungGen: 52112K->1344K(51712K)] 406960K->356192K(629248K), 0.0025648 secs] [Times: user=0.01 sys=0.00, real=0.00 secs] 
1571.361: [GC (Allocation Failure) [PSYoungGen: 49984K->1376K(52224K)] 404832K->356224K(629760K), 0.0022489 secs] [Times: user=0.01 sys=0.00, real=0.01 secs] 
1571.838: [GC (Allocation Failure) [PSYoungGen: 50016K->1376K(52224K)] 404864K->356224K(629760K), 0.0021390 secs] [Times: user=0.01 sys=0.00, real=0.00 secs] 
1572.125: [GC (Allocation Failure) [PSYoungGen: 50016K->1344K(52224K)] 404864K->356192K(629760K), 0.0020609 secs] [Times: user=0.01 sys=0.00, real=0.00 secs] 
1572.480: [GC (Allocation Failure) [PSYoungGen: 49984K->1344K(52224K)] 404832K->356192K(629760K), 0.0020105 secs] [Times: user=0.01 sys=0.00, real=0.00 secs] 
1573.352: [GC (Allocation Failure) [PSYoungGen: 48353K->3504K(52224K)] 403201K->360400K(629760K), 0.0019578 secs] [Times: user=0.01 sys=0.00, real=0.00 secs] 
1573.537: [GC (Allocation Failure) [PSYoungGen: 52144K->1376K(51712K)] 409040K->358272K(629248K), 0.0017606 secs] [Times: user=0.01 sys=0.00, real=0.00 secs] 
1573.739: [GC (Allocation Failure) [PSYoungGen: 50016K->1376K(52224K)] 406912K->358272K(629760K), 0.0017803 secs] [Times: user=0.01 sys=0.00, real=0.00 secs] 
1573.971: [GC (Allocation Failure) [PSYoungGen: 50016K->1376K(52224K)] 406912K->358272K(629760K), 0.0018754 secs] [Times: user=0.00 sys=0.00, real=0.00 secs] 
1574.173: [GC (Allocation Failure) [PSYoungGen: 50016K->1344K(52224K)] 406912K->358248K(629760K), 0.0019118 secs] [Times: user=0.00 sys=0.00, real=0.01 secs] 
1574.427: [GC (Allocation Failure) [PSYoungGen: 49984K->1312K(52224K)] 406888K->358216K(629760K), 0.0020297 secs] [Times: user=0.01 sys=0.00, real=0.00 secs] 
1576.054: [GC (Allocation Failure) [PSYoungGen: 48207K->3440K(52224K)] 405111K->362392K(629760K), 0.0025148 secs] [Times: user=0.00 sys=0.01, real=0.00 secs] 
1576.425: [GC (Allocation Failure) [PSYoungGen: 52080K->1344K(51712K)] 411032K->360304K(629248K), 0.0025350 secs] [Times: user=0.02 sys=0.00, real=0.00 secs] 
1576.922: [GC (Allocation Failure) [PSYoungGen: 49984K->1376K(52224K)] 408944K->360336K(629760K), 0.0023545 secs] [Times: user=0.01 sys=0.00, real=0.01 secs] 
1577.617: [GC (Allocation Failure) [PSYoungGen: 50016K->1312K(52224K)] 408976K->360272K(629760K), 0.0023471 secs] [Times: user=0.01 sys=0.00, real=0.00 secs] 
1578.297: [GC (Allocation Failure) [PSYoungGen: 49952K->1344K(52224K)] 408912K->360304K(629760K), 0.0027461 secs] [Times: user=0.01 sys=0.00, real=0.00 secs] 
1578.955: [GC (Allocation Failure) [PSYoungGen: 49984K->1344K(52224K)] 408944K->360304K(629760K), 0.0039651 secs] [Times: user=0.01 sys=0.00, real=0.00 secs] 
1579.983: [GC (Allocation Failure) [PSYoungGen: 49294K->3472K(52224K)] 408254K->364480K(629760K), 0.0024077 secs] [Times: user=0.01 sys=0.00, real=0.01 secs] 
1580.352: [GC (Allocation Failure) [PSYoungGen: 52112K->1312K(51712K)] 413120K->362320K(629248K), 0.0024692 secs] [Times: user=0.01 sys=0.00, real=0.01 secs] 
1580.864: [GC (Allocation Failure) [PSYoungGen: 49952K->1328K(52224K)] 410960K->362336K(629760K), 0.0026386 secs] [Times: user=0.01 sys=0.00, real=0.00 secs] 
1581.345: [GC (Allocation Failure) [PSYoungGen: 49968K->1344K(52224K)] 410976K->362376K(629760K), 0.0027526 secs] [Times: user=0.02 sys=0.00, real=0.00 secs] 
1581.831: [GC (Allocation Failure) [PSYoungGen: 49984K->1344K(52224K)] 411016K->362376K(629760K), 0.0028061 secs] [Times: user=0.01 sys=0.00, real=0.01 secs] 
1582.315: [GC (Allocation Failure) [PSYoungGen: 49984K->1344K(52224K)] 411016K->362376K(629760K), 0.0024979 secs] [Times: user=0.01 sys=0.00, real=0.00 secs] 
1583.496: [GC (Allocation Failure) [PSYoungGen: 48867K->3472K(52224K)] 409899K->366552K(629760K), 0.0020529 secs] [Times: user=0.01 sys=0.00, real=0.00 secs] 
1584.119: [GC (Allocation Failure) [PSYoungGen: 52112K->1360K(51712K)] 415192K->364440K(629248K), 0.0041027 secs] [Times: user=0.02 sys=0.00, real=0.00 secs] 
1584.813: [GC (Allocation Failure) [PSYoungGen: 50000K->1344K(52224K)] 413080K->364424K(629760K), 0.0042507 secs] [Times: user=0.02 sys=0.00, real=0.01 secs] 
1585.199: [GC (Allocation Failure) [PSYoungGen: 49984K->1376K(52224K)] 413064K->364456K(629760K), 0.0021504 secs] [Times: user=0.01 sys=0.00, real=0.00 secs] 
1585.390: [GC (Allocation Failure) [PSYoungGen: 50016K->1312K(52224K)] 413096K->364392K(629760K), 0.0019876 secs] [Times: user=0.01 sys=0.00, real=0.00 secs] 
1585.670: [GC (Allocation Failure) [PSYoungGen: 49952K->1376K(52224K)] 413032K->364456K(629760K), 0.0017782 secs] [Times: user=0.01 sys=0.00, real=0.00 secs] 
1587.199: [GC (Allocation Failure) [PSYoungGen: 48345K->3472K(52224K)] 411426K->368600K(629760K), 0.0050114 secs] [Times: user=0.02 sys=0.00, real=0.00 secs] 
1587.801: [GC (Allocation Failure) [PSYoungGen: 52112K->1360K(51712K)] 417240K->366488K(629248K), 0.0036537 secs] [Times: user=0.01 sys=0.00, real=0.01 secs] 
1588.498: [GC (Allocation Failure) [PSYoungGen: 50000K->1312K(52224K)] 415128K->366440K(629760K), 0.0038709 secs] [Times: user=0.02 sys=0.00, real=0.00 secs] 
1589.208: [GC (Allocation Failure) [PSYoungGen: 49952K->1312K(52224K)] 415080K->366440K(629760K), 0.0031251 secs] [Times: user=0.01 sys=0.00, real=0.00 secs] 
1589.633: [GC (Allocation Failure) [PSYoungGen: 49952K->1296K(52224K)] 415080K->366424K(629760K), 0.0025948 secs] [Times: user=0.01 sys=0.00, real=0.01 secs] 
1590.015: [GC (Allocation Failure) [PSYoungGen: 49936K->1376K(52224K)] 415064K->366504K(629760K), 0.0026083 secs] [Times: user=0.01 sys=0.00, real=0.00 secs] 
1591.034: [GC (Allocation Failure) [PSYoungGen: 48355K->3472K(52224K)] 413484K->370648K(629760K), 0.0022808 secs] [Times: user=0.01 sys=0.00, real=0.00 secs] 
1591.231: [GC (Allocation Failure) [PSYoungGen: 52112K->1344K(51712K)] 419288K->368520K(629248K), 0.0019251 secs] [Times: user=0.01 sys=0.00, real=0.00 secs] 
1591.461: [GC (Allocation Failure) [PSYoungGen: 49984K->1328K(52224K)] 417160K->368504K(629760K), 0.0020034 secs] [Times: user=0.01 sys=0.00, real=0.00 secs] 
1591.668: [GC (Allocation Failure) [PSYoungGen: 49968K->1376K(52224K)] 417144K->368568K(629760K), 0.0020073 secs] [Times: user=0.01 sys=0.00, real=0.00 secs] 
1591.903: [GC (Allocation Failure) [PSYoungGen: 50016K->1344K(52224K)] 417208K->368536K(629760K), 0.0019717 secs] [Times: user=0.01 sys=0.00, real=0.01 secs] 
1592.108: [GC (Allocation Failure) [PSYoungGen: 49984K->1344K(52224K)] 417176K->368536K(629760K), 0.0018317 secs] [Times: user=0.01 sys=0.00, real=0.00 secs] 
1592.972: [GC (Allocation Failure) [PSYoungGen: 47307K->3504K(52224K)] 414499K->372744K(629760K), 0.0020172 secs] [Times: user=0.00 sys=0.00, real=0.01 secs] 
1593.198: [GC (Allocation Failure) [PSYoungGen: 52144K->1312K(51712K)] 421384K->370552K(629248K), 0.0020092 secs] [Times: user=0.00 sys=0.00, real=0.00 secs] 
1593.405: [GC (Allocation Failure) [PSYoungGen: 49952K->1344K(52224K)] 419192K->370584K(629760K), 0.0019437 secs] [Times: user=0.01 sys=0.00, real=0.00 secs] 
1593.660: [GC (Allocation Failure) [PSYoungGen: 49984K->1376K(52224K)] 419224K->370616K(629760K), 0.0018930 secs] [Times: user=0.01 sys=0.00, real=0.00 secs] 
1593.975: [GC (Allocation Failure) [PSYoungGen: 50016K->1376K(52224K)] 419256K->370616K(629760K), 0.0019772 secs] [Times: user=0.01 sys=0.00, real=0.00 secs] 
1594.339: [GC (Allocation Failure) [PSYoungGen: 50016K->1376K(52224K)] 419256K->370616K(629760K), 0.0020370 secs] [Times: user=0.01 sys=0.00, real=0.00 secs] 
1595.472: [GC (Allocation Failure) [PSYoungGen: 48353K->3488K(52224K)] 417593K->374776K(629760K), 0.0021108 secs] [Times: user=0.01 sys=0.01, real=0.00 secs] 
1596.073: [GC (Allocation Failure) [PSYoungGen: 52128K->1344K(51712K)] 423416K->372632K(629248K), 0.0040531 secs] [Times: user=0.01 sys=0.00, real=0.01 secs] 
1596.685: [GC (Allocation Failure) [PSYoungGen: 49984K->1360K(52224K)] 421272K->372648K(629760K), 0.0039627 secs] [Times: user=0.01 sys=0.00, real=0.00 secs] 
1597.159: [GC (Allocation Failure) [PSYoungGen: 50000K->1344K(52224K)] 421288K->372632K(629760K), 0.0027450 secs] [Times: user=0.01 sys=0.00, real=0.00 secs] 
1597.634: [GC (Allocation Failure) [PSYoungGen: 49984K->1344K(52224K)] 421272K->372632K(629760K), 0.0027849 secs] [Times: user=0.01 sys=0.00, real=0.01 secs] 
1597.936: [GC (Allocation Failure) [PSYoungGen: 49984K->1328K(52224K)] 421272K->372616K(629760K), 0.0025600 secs] [Times: user=0.01 sys=0.00, real=0.00 secs] 
1600.218: [GC (Allocation Failure) [PSYoungGen: 48307K->3472K(52224K)] 419595K->376808K(629760K), 0.0034931 secs] [Times: user=0.02 sys=0.00, real=0.00 secs] 
1600.634: [GC (Allocation Failure) [PSYoungGen: 52112K->1344K(51712K)] 425448K->374680K(629248K), 0.0028061 secs] [Times: user=0.01 sys=0.00, real=0.00 secs] 
1601.053: [GC (Allocation Failure) [PSYoungGen: 49984K->1344K(52224K)] 423320K->374680K(629760K), 0.0029835 secs] [Times: user=0.02 sys=0.00, real=0.01 secs] 
1601.405: [GC (Allocation Failure) [PSYoungGen: 49984K->1344K(52224K)] 423320K->374696K(629760K), 0.0021494 secs] [Times: user=0.01 sys=0.00, real=0.00 secs] 
1601.607: [GC (Allocation Failure) [PSYoungGen: 49984K->1344K(52224K)] 423336K->374696K(629760K), 0.0019672 secs] [Times: user=0.01 sys=0.00, real=0.00 secs] 
1601.809: [GC (Allocation Failure) [PSYoungGen: 49984K->1344K(52224K)] 423336K->374696K(629760K), 0.0019373 secs] [Times: user=0.01 sys=0.00, real=0.00 secs] 
1602.607: [GC (Allocation Failure) [PSYoungGen: 48280K->3472K(52224K)] 421632K->378872K(629760K), 0.0019038 secs] [Times: user=0.00 sys=0.00, real=0.00 secs] 
1602.793: [GC (Allocation Failure) [PSYoungGen: 52112K->1376K(51712K)] 427512K->376776K(629248K), 0.0017125 secs] [Times: user=0.01 sys=0.00, real=0.01 secs] 
1603.024: [GC (Allocation Failure) [PSYoungGen: 50016K->1376K(52224K)] 425416K->376776K(629760K), 0.0017486 secs] [Times: user=0.01 sys=0.00, real=0.00 secs] 
1603.399: [GC (Allocation Failure) [PSYoungGen: 50016K->1376K(52224K)] 425416K->376776K(629760K), 0.0016405 secs] [Times: user=0.01 sys=0.00, real=0.00 secs] 
1603.812: [GC (Allocation Failure) [PSYoungGen: 50016K->1376K(52224K)] 425416K->376776K(629760K), 0.0017314 secs] [Times: user=0.00 sys=0.00, real=0.01 secs] 
1604.207: [GC (Allocation Failure) [PSYoungGen: 50016K->1376K(52224K)] 425416K->376776K(629760K), 0.0018913 secs] [Times: user=0.01 sys=0.00, real=0.00 secs] 
1605.085: [GC (Allocation Failure) [PSYoungGen: 48859K->3504K(52224K)] 424259K->380952K(629760K), 0.0017714 secs] [Times: user=0.01 sys=0.00, real=0.00 secs] 
1605.378: [GC (Allocation Failure) [PSYoungGen: 52144K->1344K(51712K)] 429592K->378792K(629248K), 0.0018416 secs] [Times: user=0.01 sys=0.00, real=0.00 secs] 
1605.754: [GC (Allocation Failure) [PSYoungGen: 49984K->1312K(52224K)] 427432K->378760K(629760K), 0.0017700 secs] [Times: user=0.00 sys=0.00, real=0.00 secs] 
1606.241: [GC (Allocation Failure) [PSYoungGen: 49952K->1344K(52224K)] 427400K->378792K(629760K), 0.0029864 secs] [Times: user=0.01 sys=0.00, real=0.01 secs] 
1606.766: [GC (Allocation Failure) [PSYoungGen: 49984K->1344K(52224K)] 427432K->378792K(629760K), 0.0029540 secs] [Times: user=0.01 sys=0.00, real=0.00 secs] 
1607.274: [GC (Allocation Failure) [PSYoungGen: 49984K->1376K(52224K)] 427432K->378824K(629760K), 0.0041067 secs] [Times: user=0.01 sys=0.00, real=0.00 secs] 
1608.378: [GC (Allocation Failure) [PSYoungGen: 48348K->3504K(52224K)] 425796K->383000K(629760K), 0.0019327 secs] [Times: user=0.01 sys=0.01, real=0.00 secs] 
1608.564: [GC (Allocation Failure) [PSYoungGen: 52144K->1344K(51712K)] 431640K->380840K(629248K), 0.0017415 secs] [Times: user=0.01 sys=0.00, real=0.00 secs] 
1608.766: [GC (Allocation Failure) [PSYoungGen: 49984K->1344K(52224K)] 429480K->380840K(629760K), 0.0018046 secs] [Times: user=0.01 sys=0.00, real=0.00 secs] 
1609.123: [GC (Allocation Failure) [PSYoungGen: 49984K->1376K(52224K)] 429480K->380888K(629760K), 0.0018966 secs] [Times: user=0.01 sys=0.00, real=0.01 secs] 
1609.517: [GC (Allocation Failure) [PSYoungGen: 50016K->1344K(52224K)] 429528K->380856K(629760K), 0.0019001 secs] [Times: user=0.00 sys=0.00, real=0.00 secs] 
1609.960: [GC (Allocation Failure) [PSYoungGen: 49984K->1344K(52224K)] 429496K->380856K(629760K), 0.0032018 secs] [Times: user=0.01 sys=0.00, real=0.00 secs] 
1611.250: [GC (Allocation Failure) [PSYoungGen: 48323K->3472K(52224K)] 427836K->385032K(629760K), 0.0044799 secs] [Times: user=0.02 sys=0.00, real=0.01 secs] 
1611.603: [GC (Allocation Failure) [PSYoungGen: 52112K->1344K(51712K)] 433672K->382904K(629248K), 0.0032646 secs] [Times: user=0.01 sys=0.00, real=0.01 secs] 
1611.988: [GC (Allocation Failure) [PSYoungGen: 49984K->1344K(52224K)] 431544K->382904K(629760K), 0.0029498 secs] [Times: user=0.01 sys=0.00, real=0.00 secs] 
1612.419: [GC (Allocation Failure) [PSYoungGen: 49984K->1344K(52224K)] 431544K->382912K(629760K), 0.0021448 secs] [Times: user=0.01 sys=0.00, real=0.00 secs] 
1612.815: [GC (Allocation Failure) [PSYoungGen: 49984K->1344K(52224K)] 431552K->382912K(629760K), 0.0023056 secs] [Times: user=0.01 sys=0.00, real=0.00 secs] 
1613.169: [GC (Allocation Failure) [PSYoungGen: 49984K->1344K(52224K)] 431552K->382912K(629760K), 0.0027862 secs] [Times: user=0.01 sys=0.00, real=0.00 secs] 
1614.237: [GC (Allocation Failure) [PSYoungGen: 48333K->3472K(52224K)] 429901K->387088K(629760K), 0.0030149 secs] [Times: user=0.02 sys=0.00, real=0.00 secs] 
1614.606: [GC (Allocation Failure) [PSYoungGen: 52112K->1312K(51712K)] 435728K->384928K(629248K), 0.0029574 secs] [Times: user=0.01 sys=0.00, real=0.00 secs] 
1615.008: [GC (Allocation Failure) [PSYoungGen: 49952K->1344K(52224K)] 433568K->384960K(629760K), 0.0026862 secs] [Times: user=0.01 sys=0.00, real=0.00 secs] 
1615.808: [GC (Allocation Failure) [PSYoungGen: 49984K->1344K(52224K)] 433600K->384968K(629760K), 0.0026684 secs] [Times: user=0.01 sys=0.00, real=0.00 secs] 
1616.910: [GC (Allocation Failure) [PSYoungGen: 49984K->1344K(52224K)] 433608K->384968K(629760K), 0.0039673 secs] [Times: user=0.01 sys=0.00, real=0.01 secs] 
1617.345: [GC (Allocation Failure) [PSYoungGen: 49984K->1376K(52224K)] 433608K->385000K(629760K), 0.0033152 secs] [Times: user=0.02 sys=0.00, real=0.00 secs] 
1618.529: [GC (Allocation Failure) [PSYoungGen: 48354K->3440K(52224K)] 431978K->389112K(629760K), 0.0018643 secs] [Times: user=0.01 sys=0.00, real=0.00 secs] 
1619.244: [GC (Allocation Failure) [PSYoungGen: 52080K->1344K(51712K)] 437752K->387016K(629248K), 0.0043100 secs] [Times: user=0.01 sys=0.01, real=0.01 secs] 
1620.044: [GC (Allocation Failure) [PSYoungGen: 49984K->1344K(52224K)] 435656K->387016K(629760K), 0.0041324 secs] [Times: user=0.02 sys=0.00, real=0.00 secs] 
1620.690: [GC (Allocation Failure) [PSYoungGen: 49984K->1312K(52224K)] 435656K->386984K(629760K), 0.0042034 secs] [Times: user=0.02 sys=0.00, real=0.01 secs] 
1621.525: [GC (Allocation Failure) [PSYoungGen: 49952K->1344K(52224K)] 435624K->387016K(629760K), 0.0040738 secs] [Times: user=0.02 sys=0.00, real=0.00 secs] 
1622.213: [GC (Allocation Failure) [PSYoungGen: 49984K->1312K(52224K)] 435656K->386984K(629760K), 0.0040780 secs] [Times: user=0.02 sys=0.00, real=0.01 secs] 
1623.634: [GC (Allocation Failure) [PSYoungGen: 49210K->3472K(52224K)] 434882K->391192K(629760K), 0.0025392 secs] [Times: user=0.01 sys=0.00, real=0.00 secs] 
1624.025: [GC (Allocation Failure) [PSYoungGen: 52112K->1376K(51712K)] 439832K->389104K(629248K), 0.0035668 secs] [Times: user=0.01 sys=0.01, real=0.00 secs] 
1624.434: [GC (Allocation Failure) [PSYoungGen: 50016K->1376K(52224K)] 437744K->389104K(629760K), 0.0028743 secs] [Times: user=0.01 sys=0.00, real=0.00 secs] 
1624.989: [GC (Allocation Failure) [PSYoungGen: 50016K->1344K(52224K)] 437744K->389072K(629760K), 0.0028445 secs] [Times: user=0.01 sys=0.00, real=0.00 secs] 
1625.536: [GC (Allocation Failure) [PSYoungGen: 49984K->1312K(52224K)] 437712K->389040K(629760K), 0.0028722 secs] [Times: user=0.01 sys=0.00, real=0.00 secs] 
1626.052: [GC (Allocation Failure) [PSYoungGen: 49952K->1376K(52224K)] 437680K->389104K(629760K), 0.0051131 secs] [Times: user=0.02 sys=0.00, real=0.01 secs] 
1627.159: [GC (Allocation Failure) [PSYoungGen: 48923K->3504K(52224K)] 436652K->393280K(629760K), 0.0021000 secs] [Times: user=0.00 sys=0.00, real=0.00 secs] 
1627.550: [GC (Allocation Failure) [PSYoungGen: 52144K->1376K(51712K)] 441920K->391152K(629248K), 0.0020523 secs] [Times: user=0.01 sys=0.00, real=0.00 secs] 
1628.010: [GC (Allocation Failure) [PSYoungGen: 50016K->1376K(52224K)] 439792K->391152K(629760K), 0.0023183 secs] [Times: user=0.01 sys=0.00, real=0.00 secs] 
1628.549: [GC (Allocation Failure) [PSYoungGen: 50016K->1344K(52224K)] 439792K->391120K(629760K), 0.0025329 secs] [Times: user=0.01 sys=0.01, real=0.00 secs] 
1629.069: [GC (Allocation Failure) [PSYoungGen: 49984K->1344K(52224K)] 439760K->391120K(629760K), 0.0028188 secs] [Times: user=0.01 sys=0.00, real=0.00 secs] 
1629.410: [GC (Allocation Failure) [PSYoungGen: 49984K->1344K(52224K)] 439760K->391120K(629760K), 0.0024862 secs] [Times: user=0.01 sys=0.00, real=0.00 secs] 
1630.535: [GC (Allocation Failure) [PSYoungGen: 48836K->3440K(52224K)] 438612K->395264K(629760K), 0.0020178 secs] [Times: user=0.01 sys=0.00, real=0.00 secs] 
1630.806: [GC (Allocation Failure) [PSYoungGen: 52080K->1344K(51712K)] 443904K->393168K(629248K), 0.0021737 secs] [Times: user=0.01 sys=0.00, real=0.00 secs] 
1631.011: [GC (Allocation Failure) [PSYoungGen: 49984K->1344K(52224K)] 441808K->393168K(629760K), 0.0022338 secs] [Times: user=0.01 sys=0.00, real=0.00 secs] 
1631.234: [GC (Allocation Failure) [PSYoungGen: 49984K->1344K(52224K)] 441808K->393192K(629760K), 0.0028654 secs] [Times: user=0.01 sys=0.00, real=0.00 secs] 
1631.478: [GC (Allocation Failure) [PSYoungGen: 49984K->1344K(52224K)] 441832K->393192K(629760K), 0.0020972 secs] [Times: user=0.01 sys=0.00, real=0.00 secs] 
1631.680: [GC (Allocation Failure) [PSYoungGen: 49984K->1344K(52224K)] 441832K->393192K(629760K), 0.0019726 secs] [Times: user=0.01 sys=0.00, real=0.00 secs] 
1633.258: [GC (Allocation Failure) [PSYoungGen: 48175K->3472K(52224K)] 440024K->397368K(629760K), 0.0046947 secs] [Times: user=0.01 sys=0.00, real=0.00 secs] 
1634.137: [GC (Allocation Failure) [PSYoungGen: 52112K->1344K(51712K)] 446008K->395240K(629248K), 0.0042219 secs] [Times: user=0.02 sys=0.00, real=0.00 secs] 
1634.624: [GC (Allocation Failure) [PSYoungGen: 49984K->1328K(52224K)] 443880K->395224K(629760K), 0.0028302 secs] [Times: user=0.01 sys=0.01, real=0.01 secs] 
1635.114: [GC (Allocation Failure) [PSYoungGen: 49968K->1344K(52224K)] 443864K->395248K(629760K), 0.0026520 secs] [Times: user=0.02 sys=0.00, real=0.00 secs] 
1635.495: [GC (Allocation Failure) [PSYoungGen: 49984K->1328K(52224K)] 443888K->395232K(629760K), 0.0028003 secs] [Times: user=0.01 sys=0.00, real=0.00 secs] 
1635.696: [GC (Allocation Failure) [PSYoungGen: 49968K->1344K(52224K)] 443872K->395248K(629760K), 0.0020400 secs] [Times: user=0.00 sys=0.00, real=0.00 secs] 
1636.536: [GC (Allocation Failure) [PSYoungGen: 47856K->3472K(52224K)] 441761K->399424K(629760K), 0.0021576 secs] [Times: user=0.00 sys=0.00, real=0.00 secs] 
1636.722: [GC (Allocation Failure) [PSYoungGen: 52112K->1344K(51712K)] 448064K->397296K(629248K), 0.0019210 secs] [Times: user=0.01 sys=0.00, real=0.00 secs] 
1636.924: [GC (Allocation Failure) [PSYoungGen: 49984K->1376K(52224K)] 445936K->397328K(629760K), 0.0017922 secs] [Times: user=0.00 sys=0.00, real=0.00 secs] 
1637.126: [GC (Allocation Failure) [PSYoungGen: 50016K->1360K(52224K)] 445968K->397312K(629760K), 0.0019528 secs] [Times: user=0.01 sys=0.00, real=0.00 secs] 
1637.330: [GC (Allocation Failure) [PSYoungGen: 50000K->1376K(52224K)] 445952K->397328K(629760K), 0.0026557 secs] [Times: user=0.01 sys=0.00, real=0.00 secs] 
1637.538: [GC (Allocation Failure) [PSYoungGen: 50016K->1376K(52224K)] 445968K->397328K(629760K), 0.0025455 secs] [Times: user=0.01 sys=0.00, real=0.00 secs] 
1638.360: [GC (Allocation Failure) [PSYoungGen: 47885K->3504K(52224K)] 443837K->401504K(629760K), 0.0019706 secs] [Times: user=0.01 sys=0.00, real=0.00 secs] 
1638.601: [GC (Allocation Failure) [PSYoungGen: 52144K->1344K(51712K)] 450144K->399344K(629248K), 0.0018778 secs] [Times: user=0.01 sys=0.00, real=0.00 secs] 
1638.856: [GC (Allocation Failure) [PSYoungGen: 49984K->1344K(52224K)] 447984K->399368K(629760K), 0.0019705 secs] [Times: user=0.01 sys=0.00, real=0.00 secs] 
1639.058: [GC (Allocation Failure) [PSYoungGen: 49984K->1344K(52224K)] 448008K->399368K(629760K), 0.0019887 secs] [Times: user=0.01 sys=0.00, real=0.00 secs] 
1639.261: [GC (Allocation Failure) [PSYoungGen: 49984K->1376K(52224K)] 448008K->399400K(629760K), 0.0020640 secs] [Times: user=0.01 sys=0.00, real=0.00 secs] 
1639.463: [GC (Allocation Failure) [PSYoungGen: 50016K->1344K(52224K)] 448040K->399368K(629760K), 0.0020292 secs] [Times: user=0.00 sys=0.00, real=0.01 secs] 
1640.474: [GC (Allocation Failure) [PSYoungGen: 48247K->3472K(52224K)] 446271K->403544K(629760K), 0.0020974 secs] [Times: user=0.00 sys=0.00, real=0.00 secs] 
1640.916: [GC (Allocation Failure) [PSYoungGen: 52112K->1376K(51712K)] 452184K->401448K(629248K), 0.0021435 secs] [Times: user=0.01 sys=0.00, real=0.00 secs] 
1641.342: [GC (Allocation Failure) [PSYoungGen: 50016K->1344K(52224K)] 450088K->401416K(629760K), 0.0031982 secs] [Times: user=0.01 sys=0.00, real=0.01 secs] 
1641.764: [GC (Allocation Failure) [PSYoungGen: 49984K->1344K(52224K)] 450056K->401416K(629760K), 0.0028415 secs] [Times: user=0.02 sys=0.00, real=0.01 secs] 
1641.963: [GC (Allocation Failure) [PSYoungGen: 49984K->1344K(52224K)] 450056K->401416K(629760K), 0.0020558 secs] [Times: user=0.01 sys=0.00, real=0.01 secs] 
1642.164: [GC (Allocation Failure) [PSYoungGen: 49984K->1344K(52224K)] 450056K->401416K(629760K), 0.0020596 secs] [Times: user=0.01 sys=0.00, real=0.00 secs] 
1643.578: [GC (Allocation Failure) [PSYoungGen: 48346K->3440K(52224K)] 448419K->405560K(629760K), 0.0028626 secs] [Times: user=0.02 sys=0.00, real=0.00 secs] 
1644.148: [GC (Allocation Failure) [PSYoungGen: 52080K->1344K(51712K)] 454200K->403464K(629248K), 0.0027509 secs] [Times: user=0.01 sys=0.00, real=0.00 secs] 
1644.583: [GC (Allocation Failure) [PSYoungGen: 49984K->1344K(52224K)] 452104K->403464K(629760K), 0.0026863 secs] [Times: user=0.01 sys=0.00, real=0.01 secs] 
1644.999: [GC (Allocation Failure) [PSYoungGen: 49984K->1344K(52224K)] 452104K->403464K(629760K), 0.0026740 secs] [Times: user=0.01 sys=0.00, real=0.00 secs] 
1645.281: [GC (Allocation Failure) [PSYoungGen: 49984K->1344K(52224K)] 452104K->403464K(629760K), 0.0021357 secs] [Times: user=0.01 sys=0.00, real=0.00 secs] 
1645.482: [GC (Allocation Failure) [PSYoungGen: 49984K->1344K(52224K)] 452104K->403464K(629760K), 0.0020310 secs] [Times: user=0.01 sys=0.00, real=0.01 secs] 
1646.912: [GC (Allocation Failure) [PSYoungGen: 48322K->3408K(52224K)] 450442K->407576K(629760K), 0.0030274 secs] [Times: user=0.01 sys=0.00, real=0.01 secs] 
1647.626: [GC (Allocation Failure) [PSYoungGen: 52048K->1344K(51712K)] 456216K->405512K(629248K), 0.0031280 secs] [Times: user=0.01 sys=0.00, real=0.00 secs] 
1648.023: [GC (Allocation Failure) [PSYoungGen: 49984K->1344K(52224K)] 454152K->405512K(629760K), 0.0030585 secs] [Times: user=0.01 sys=0.00, real=0.01 secs] 
1648.518: [GC (Allocation Failure) [PSYoungGen: 49984K->1344K(52224K)] 454152K->405512K(629760K), 0.0028444 secs] [Times: user=0.02 sys=0.00, real=0.00 secs] 
1649.121: [GC (Allocation Failure) [PSYoungGen: 49984K->1344K(52224K)] 454152K->405512K(629760K), 0.0028449 secs] [Times: user=0.01 sys=0.00, real=0.01 secs] 
1649.531: [GC (Allocation Failure) [PSYoungGen: 49984K->1344K(52224K)] 454152K->405512K(629760K), 0.0030238 secs] [Times: user=0.01 sys=0.00, real=0.01 secs] 
1650.488: [GC (Allocation Failure) [PSYoungGen: 48323K->3472K(52224K)] 452491K->409688K(629760K), 0.0019732 secs] [Times: user=0.01 sys=0.00, real=0.00 secs] 
1650.694: [GC (Allocation Failure) [PSYoungGen: 52112K->1344K(51712K)] 458328K->407560K(629248K), 0.0018814 secs] [Times: user=0.01 sys=0.00, real=0.00 secs] 
1651.002: [GC (Allocation Failure) [PSYoungGen: 49984K->1344K(52224K)] 456200K->407560K(629760K), 0.0020878 secs] [Times: user=0.01 sys=0.00, real=0.01 secs] 
1651.378: [GC (Allocation Failure) [PSYoungGen: 49984K->1312K(52224K)] 456200K->407536K(629760K), 0.0035325 secs] [Times: user=0.02 sys=0.00, real=0.00 secs] 
1651.943: [GC (Allocation Failure) [PSYoungGen: 49952K->1344K(52224K)] 456176K->407568K(629760K), 0.0031448 secs] [Times: user=0.01 sys=0.00, real=0.01 secs] 
1652.586: [GC (Allocation Failure) [PSYoungGen: 49984K->1360K(52224K)] 456208K->407584K(629760K), 0.0036474 secs] [Times: user=0.02 sys=0.00, real=0.00 secs] 
1653.660: [GC (Allocation Failure) [PSYoungGen: 48338K->3472K(52224K)] 454563K->411752K(629760K), 0.0019654 secs] [Times: user=0.01 sys=0.00, real=0.00 secs] 
1653.846: [GC (Allocation Failure) [PSYoungGen: 52112K->1376K(51712K)] 460392K->409656K(629248K), 0.0019159 secs] [Times: user=0.01 sys=0.00, real=0.00 secs] 
1654.060: [GC (Allocation Failure) [PSYoungGen: 50016K->1376K(52224K)] 458296K->409656K(629760K), 0.0019190 secs] [Times: user=0.01 sys=0.00, real=0.00 secs] 
1654.263: [GC (Allocation Failure) [PSYoungGen: 50016K->1376K(52224K)] 458296K->409656K(629760K), 0.0019515 secs] [Times: user=0.01 sys=0.00, real=0.01 secs] 
1654.545: [GC (Allocation Failure) [PSYoungGen: 50016K->1344K(52224K)] 458296K->409624K(629760K), 0.0034866 secs] [Times: user=0.02 sys=0.00, real=0.00 secs] 
1654.960: [GC (Allocation Failure) [PSYoungGen: 49984K->1376K(52224K)] 458264K->409656K(629760K), 0.0029083 secs] [Times: user=0.01 sys=0.00, real=0.00 secs] 
1656.001: [GC (Allocation Failure) [PSYoungGen: 48272K->3440K(52224K)] 456552K->413776K(629760K), 0.0021018 secs] [Times: user=0.01 sys=0.00, real=0.00 secs] 
1656.233: [GC (Allocation Failure) [PSYoungGen: 52080K->1376K(51712K)] 462416K->411712K(629248K), 0.0022143 secs] [Times: user=0.01 sys=0.01, real=0.01 secs] 
1656.437: [GC (Allocation Failure) [PSYoungGen: 50016K->1344K(52224K)] 460352K->411680K(629760K), 0.0027514 secs] [Times: user=0.01 sys=0.01, real=0.00 secs] 
1656.639: [GC (Allocation Failure) [PSYoungGen: 49984K->1344K(52224K)] 460320K->411688K(629760K), 0.0023788 secs] [Times: user=0.01 sys=0.00, real=0.00 secs] 
1656.891: [GC (Allocation Failure) [PSYoungGen: 49984K->1376K(52224K)] 460328K->411720K(629760K), 0.0030608 secs] [Times: user=0.02 sys=0.00, real=0.01 secs] 
1657.286: [GC (Allocation Failure) [PSYoungGen: 50016K->1408K(57856K)] 460360K->411752K(635392K), 0.0035750 secs] [Times: user=0.01 sys=0.01, real=0.00 secs] 
1658.918: [GC (Allocation Failure) [PSYoungGen: 55680K->1440K(55808K)] 466024K->420008K(633344K), 0.0034240 secs] [Times: user=0.02 sys=0.00, real=0.00 secs] 
1659.562: [GC (Allocation Failure) [PSYoungGen: 55712K->1440K(57344K)] 474280K->420008K(634880K), 0.0031086 secs] [Times: user=0.02 sys=0.00, real=0.01 secs] 
1660.252: [GC (Allocation Failure) [PSYoungGen: 55712K->1344K(57344K)] 474280K->419912K(634880K), 0.0026157 secs] [Times: user=0.01 sys=0.00, real=0.01 secs] 
1660.932: [GC (Allocation Failure) [PSYoungGen: 55616K->1344K(57344K)] 474184K->419912K(634880K), 0.0026539 secs] [Times: user=0.01 sys=0.00, real=0.01 secs] 
1661.678: [GC (Allocation Failure) [PSYoungGen: 55616K->1344K(57344K)] 474184K->419912K(634880K), 0.0029742 secs] [Times: user=0.01 sys=0.00, real=0.00 secs] 
1663.093: [GC (Allocation Failure) [PSYoungGen: 55616K->2400K(57344K)] 474184K->421992K(634880K), 0.0026363 secs] [Times: user=0.01 sys=0.00, real=0.01 secs] 
1664.037: [GC (Allocation Failure) [PSYoungGen: 56672K->336K(57344K)] 476264K->419928K(634880K), 0.0040789 secs] [Times: user=0.01 sys=0.00, real=0.00 secs] 
1665.375: [GC (Allocation Failure) [PSYoungGen: 54608K->288K(57344K)] 474200K->419880K(634880K), 0.0034966 secs] [Times: user=0.01 sys=0.00, real=0.00 secs] 
1666.405: [GC (Allocation Failure) [PSYoungGen: 54560K->288K(57344K)] 474152K->419880K(634880K), 0.0032145 secs] [Times: user=0.01 sys=0.00, real=0.00 secs] 
1667.144: [GC (Allocation Failure) [PSYoungGen: 54560K->320K(57344K)] 474152K->419920K(634880K), 0.0033127 secs] [Times: user=0.01 sys=0.00, real=0.01 secs] 
1668.414: [GC (Allocation Failure) [PSYoungGen: 54592K->1936K(57344K)] 474192K->421536K(634880K), 0.0017248 secs] [Times: user=0.01 sys=0.00, real=0.00 secs] 
1669.440: [GC (Allocation Failure) [PSYoungGen: 56208K->1408K(56832K)] 475808K->421008K(634368K), 0.0027262 secs] [Times: user=0.01 sys=0.00, real=0.00 secs] 
1670.039: [GC (Allocation Failure) [PSYoungGen: 55680K->1408K(57344K)] 475280K->421008K(634880K), 0.0021617 secs] [Times: user=0.01 sys=0.00, real=0.00 secs] 
1670.790: [GC (Allocation Failure) [PSYoungGen: 55680K->1376K(57344K)] 475280K->420976K(634880K), 0.0021886 secs] [Times: user=0.01 sys=0.00, real=0.00 secs] 
1671.479: [GC (Allocation Failure) [PSYoungGen: 55648K->1360K(57344K)] 475248K->420960K(634880K), 0.0020987 secs] [Times: user=0.01 sys=0.00, real=0.00 secs] 
1671.986: [GC (Allocation Failure) [PSYoungGen: 55632K->1376K(56320K)] 475232K->420976K(633856K), 0.0022549 secs] [Times: user=0.01 sys=0.00, real=0.00 secs] 
1673.878: [GC (Allocation Failure) [PSYoungGen: 55648K->1408K(56832K)] 475248K->421016K(634368K), 0.0029971 secs] [Times: user=0.01 sys=0.00, real=0.00 secs] 
1674.470: [GC (Allocation Failure) [PSYoungGen: 55680K->1376K(56832K)] 475288K->420984K(634368K), 0.0027842 secs] [Times: user=0.01 sys=0.00, real=0.00 secs] 
1675.022: [GC (Allocation Failure) [PSYoungGen: 55648K->1376K(56832K)] 475256K->420984K(634368K), 0.0024875 secs] [Times: user=0.01 sys=0.00, real=0.01 secs] 
1675.295: [GC (Allocation Failure) [PSYoungGen: 55648K->1344K(56832K)] 475256K->420952K(634368K), 0.0021865 secs] [Times: user=0.01 sys=0.00, real=0.00 secs] 
1675.763: [GC (Allocation Failure) [PSYoungGen: 55616K->1408K(56832K)] 475224K->421024K(634368K), 0.0024074 secs] [Times: user=0.01 sys=0.00, real=0.01 secs] 
1677.069: [GC (Allocation Failure) [PSYoungGen: 55680K->1408K(56832K)] 475296K->421024K(634368K), 0.0026768 secs] [Times: user=0.01 sys=0.00, real=0.00 secs] 
1677.872: [GC (Allocation Failure) [PSYoungGen: 55680K->1376K(55808K)] 475296K->420992K(633344K), 0.0031344 secs] [Times: user=0.01 sys=0.00, real=0.01 secs] 
1678.693: [GC (Allocation Failure) [PSYoungGen: 55648K->1408K(56320K)] 475264K->421024K(633856K), 0.0031919 secs] [Times: user=0.01 sys=0.00, real=0.01 secs] 
1679.106: [GC (Allocation Failure) [PSYoungGen: 55680K->1376K(56320K)] 475296K->420992K(633856K), 0.0021593 secs] [Times: user=0.01 sys=0.00, real=0.00 secs] 
1679.332: [GC (Allocation Failure) [PSYoungGen: 55648K->1376K(56320K)] 475264K->420992K(633856K), 0.0021198 secs] [Times: user=0.01 sys=0.00, real=0.01 secs] 
1680.252: [GC (Allocation Failure) [PSYoungGen: 55648K->1440K(56320K)] 475264K->425152K(633856K), 0.0021827 secs] [Times: user=0.01 sys=0.00, real=0.01 secs] 
1680.511: [GC (Allocation Failure) [PSYoungGen: 55712K->1376K(56320K)] 479424K->425088K(633856K), 0.0019620 secs] [Times: user=0.01 sys=0.00, real=0.00 secs] 
1680.752: [GC (Allocation Failure) [PSYoungGen: 55648K->1344K(56320K)] 479360K->425056K(633856K), 0.0021205 secs] [Times: user=0.01 sys=0.00, real=0.01 secs] 
1680.978: [GC (Allocation Failure) [PSYoungGen: 55616K->1344K(56320K)] 479328K->425056K(633856K), 0.0020289 secs] [Times: user=0.01 sys=0.00, real=0.00 secs] 
1681.210: [GC (Allocation Failure) [PSYoungGen: 55616K->1376K(56320K)] 479328K->425088K(633856K), 0.0028143 secs] [Times: user=0.01 sys=0.00, real=0.00 secs] 
1682.211: [GC (Allocation Failure) [PSYoungGen: 55648K->1888K(56320K)] 479360K->425616K(633856K), 0.0024345 secs] [Times: user=0.01 sys=0.00, real=0.00 secs] 
1683.389: [GC (Allocation Failure) [PSYoungGen: 56160K->1344K(56320K)] 479888K->425072K(633856K), 0.0027778 secs] [Times: user=0.02 sys=0.00, real=0.00 secs] 
1683.671: [GC (Allocation Failure) [PSYoungGen: 55616K->1344K(56320K)] 479344K->425072K(633856K), 0.0021559 secs] [Times: user=0.01 sys=0.00, real=0.00 secs] 
1683.949: [GC (Allocation Failure) [PSYoungGen: 55616K->1408K(56320K)] 479344K->425136K(633856K), 0.0019807 secs] [Times: user=0.01 sys=0.00, real=0.00 secs] 
1684.387: [GC (Allocation Failure) [PSYoungGen: 55680K->1376K(56320K)] 479408K->425104K(633856K), 0.0020727 secs] [Times: user=0.01 sys=0.00, real=0.00 secs] 
1684.912: [GC (Allocation Failure) [PSYoungGen: 55648K->1440K(56320K)] 479376K->425168K(633856K), 0.0033182 secs] [Times: user=0.01 sys=0.00, real=0.01 secs] 
1686.680: [GC (Allocation Failure) [PSYoungGen: 55712K->1408K(56320K)] 479440K->425136K(633856K), 0.0036087 secs] [Times: user=0.02 sys=0.00, real=0.01 secs] 
1687.725: [GC (Allocation Failure) [PSYoungGen: 55680K->1312K(56320K)] 479408K->425040K(633856K), 0.0030754 secs] [Times: user=0.01 sys=0.00, real=0.00 secs] 
1688.415: [GC (Allocation Failure) [PSYoungGen: 55584K->1376K(56320K)] 479312K->425104K(633856K), 0.0031294 secs] [Times: user=0.01 sys=0.00, real=0.00 secs] 
1688.885: [GC (Allocation Failure) [PSYoungGen: 55648K->1376K(56320K)] 479376K->425104K(633856K), 0.0028569 secs] [Times: user=0.01 sys=0.00, real=0.00 secs] 
1689.387: [GC (Allocation Failure) [PSYoungGen: 55648K->1376K(56320K)] 479376K->425104K(633856K), 0.0021817 secs] [Times: user=0.01 sys=0.00, real=0.00 secs] 
1690.624: [GC (Allocation Failure) [PSYoungGen: 55648K->1376K(56320K)] 479376K->425112K(633856K), 0.0019359 secs] [Times: user=0.01 sys=0.00, real=0.01 secs] 
1691.137: [GC (Allocation Failure) [PSYoungGen: 55648K->1440K(56320K)] 479384K->425176K(633856K), 0.0021155 secs] [Times: user=0.01 sys=0.00, real=0.00 secs] 
1691.404: [GC (Allocation Failure) [PSYoungGen: 55712K->1440K(56320K)] 479448K->425176K(633856K), 0.0022171 secs] [Times: user=0.00 sys=0.00, real=0.00 secs] 
1691.630: [GC (Allocation Failure) [PSYoungGen: 55712K->1440K(56320K)] 479448K->425176K(633856K), 0.0020761 secs] [Times: user=0.00 sys=0.00, real=0.00 secs] 
1691.907: [GC (Allocation Failure) [PSYoungGen: 55712K->1440K(56320K)] 479448K->425176K(633856K), 0.0019306 secs] [Times: user=0.01 sys=0.00, real=0.00 secs] 
1693.114: [GC (Allocation Failure) [PSYoungGen: 55712K->1408K(56320K)] 479448K->425152K(633856K), 0.0040268 secs] [Times: user=0.02 sys=0.00, real=0.00 secs] 
1693.638: [GC (Allocation Failure) [PSYoungGen: 55680K->1408K(56320K)] 479424K->425152K(633856K), 0.0024630 secs] [Times: user=0.01 sys=0.00, real=0.00 secs] 
1693.916: [GC (Allocation Failure) [PSYoungGen: 55680K->1440K(56320K)] 479424K->425184K(633856K), 0.0021118 secs] [Times: user=0.01 sys=0.00, real=0.00 secs] 
1694.141: [GC (Allocation Failure) [PSYoungGen: 55712K->1456K(56320K)] 479456K->425200K(633856K), 0.0019019 secs] [Times: user=0.01 sys=0.00, real=0.00 secs] 
1694.522: [GC (Allocation Failure) [PSYoungGen: 55728K->1424K(56320K)] 479472K->425168K(633856K), 0.0020374 secs] [Times: user=0.01 sys=0.00, real=0.01 secs] 
1695.607: [GC (Allocation Failure) [PSYoungGen: 55696K->1472K(56320K)] 479440K->426240K(633856K), 0.0019627 secs] [Times: user=0.01 sys=0.00, real=0.00 secs] 
1696.141: [GC (Allocation Failure) [PSYoungGen: 55744K->384K(56320K)] 480512K->425160K(633856K), 0.0022823 secs] [Times: user=0.01 sys=0.00, real=0.00 secs] 
1696.625: [GC (Allocation Failure) [PSYoungGen: 54656K->320K(56320K)] 479432K->425096K(633856K), 0.0035815 secs] [Times: user=0.01 sys=0.00, real=0.00 secs] 
1697.072: [GC (Allocation Failure) [PSYoungGen: 54592K->352K(56320K)] 479368K->425136K(633856K), 0.0032340 secs] [Times: user=0.01 sys=0.00, real=0.01 secs] 
1697.302: [GC (Allocation Failure) [PSYoungGen: 54624K->416K(56320K)] 479408K->425208K(633856K), 0.0020951 secs] [Times: user=0.01 sys=0.00, real=0.01 secs] 
1698.226: [GC (Allocation Failure) [PSYoungGen: 54688K->1504K(56320K)] 479480K->426296K(633856K), 0.0021266 secs] [Times: user=0.01 sys=0.00, real=0.00 secs] 
1699.614: [GC (Allocation Failure) [PSYoungGen: 55776K->1376K(56320K)] 480568K->426168K(633856K), 0.0043563 secs] [Times: user=0.02 sys=0.00, real=0.01 secs] 
1700.352: [GC (Allocation Failure) [PSYoungGen: 55648K->1376K(56320K)] 480440K->426168K(633856K), 0.0037397 secs] [Times: user=0.01 sys=0.00, real=0.01 secs] 
1700.838: [GC (Allocation Failure) [PSYoungGen: 55648K->1408K(56320K)] 480440K->426200K(633856K), 0.0027710 secs] [Times: user=0.01 sys=0.00, real=0.00 secs] 
1701.523: [GC (Allocation Failure) [PSYoungGen: 55680K->1376K(55808K)] 480472K->426168K(633344K), 0.0025474 secs] [Times: user=0.01 sys=0.00, real=0.01 secs] 
1702.104: [GC (Allocation Failure) [PSYoungGen: 55648K->1408K(56320K)] 480440K->426216K(633856K), 0.0025804 secs] [Times: user=0.01 sys=0.00, real=0.00 secs] 
1703.349: [GC (Allocation Failure) [PSYoungGen: 55680K->1424K(56320K)] 480488K->426232K(633856K), 0.0026081 secs] [Times: user=0.01 sys=0.00, real=0.00 secs] 
1703.594: [GC (Allocation Failure) [PSYoungGen: 55696K->1376K(56320K)] 480504K->426184K(633856K), 0.0021791 secs] [Times: user=0.01 sys=0.00, real=0.00 secs] 
1703.891: [GC (Allocation Failure) [PSYoungGen: 55648K->1376K(56320K)] 480456K->426184K(633856K), 0.0021570 secs] [Times: user=0.01 sys=0.00, real=0.00 secs] 
1704.322: [GC (Allocation Failure) [PSYoungGen: 55648K->1376K(56320K)] 480456K->426184K(633856K), 0.0026889 secs] [Times: user=0.01 sys=0.00, real=0.01 secs] 
1704.970: [GC (Allocation Failure) [PSYoungGen: 55648K->1376K(56320K)] 480456K->426184K(633856K), 0.0030169 secs] [Times: user=0.01 sys=0.00, real=0.00 secs] 
1707.191: [GC (Allocation Failure) [PSYoungGen: 55648K->1408K(56320K)] 480456K->426216K(633856K), 0.0036067 secs] [Times: user=0.02 sys=0.00, real=0.01 secs] 
1707.802: [GC (Allocation Failure) [PSYoungGen: 55680K->1440K(56320K)] 480488K->426248K(633856K), 0.0028243 secs] [Times: user=0.01 sys=0.00, real=0.01 secs] 
1708.675: [GC (Allocation Failure) [PSYoungGen: 55712K->1408K(56320K)] 480520K->426216K(633856K), 0.0042851 secs] [Times: user=0.02 sys=0.00, real=0.00 secs] 
1709.511: [GC (Allocation Failure) [PSYoungGen: 55680K->1376K(56320K)] 480488K->426184K(633856K), 0.0044215 secs] [Times: user=0.02 sys=0.00, real=0.01 secs] 
1710.237: [GC (Allocation Failure) [PSYoungGen: 55648K->1392K(56320K)] 480456K->426208K(633856K), 0.0037189 secs] [Times: user=0.01 sys=0.00, real=0.00 secs] 
1711.623: [GC (Allocation Failure) [PSYoungGen: 55664K->1440K(56320K)] 480480K->426256K(633856K), 0.0018388 secs] [Times: user=0.01 sys=0.00, real=0.01 secs] 
1712.148: [GC (Allocation Failure) [PSYoungGen: 55712K->1424K(56320K)] 480528K->426240K(633856K), 0.0019125 secs] [Times: user=0.01 sys=0.00, real=0.00 secs] 
1712.826: [GC (Allocation Failure) [PSYoungGen: 55696K->1408K(56320K)] 480512K->426224K(633856K), 0.0021727 secs] [Times: user=0.00 sys=0.00, real=0.00 secs] 
1713.412: [GC (Allocation Failure) [PSYoungGen: 55680K->1408K(56320K)] 480496K->426224K(633856K), 0.0022847 secs] [Times: user=0.01 sys=0.00, real=0.01 secs] 
1714.133: [GC (Allocation Failure) [PSYoungGen: 55680K->1440K(56320K)] 480496K->426256K(633856K), 0.0023374 secs] [Times: user=0.01 sys=0.00, real=0.01 secs] 
1715.495: [GC (Allocation Failure) [PSYoungGen: 55712K->1952K(56320K)] 480528K->426776K(633856K), 0.0017352 secs] [Times: user=0.01 sys=0.00, real=0.00 secs] 
1715.742: [GC (Allocation Failure) [PSYoungGen: 56224K->1376K(56320K)] 481048K->426200K(633856K), 0.0017828 secs] [Times: user=0.01 sys=0.00, real=0.01 secs] 
1715.968: [GC (Allocation Failure) [PSYoungGen: 55648K->1408K(56320K)] 480472K->426232K(633856K), 0.0017275 secs] [Times: user=0.01 sys=0.00, real=0.00 secs] 
1716.193: [GC (Allocation Failure) [PSYoungGen: 55680K->1376K(56320K)] 480504K->426200K(633856K), 0.0017871 secs] [Times: user=0.01 sys=0.00, real=0.01 secs] 
1716.480: [GC (Allocation Failure) [PSYoungGen: 55648K->1376K(56320K)] 480472K->426200K(633856K), 0.0018917 secs] [Times: user=0.00 sys=0.00, real=0.00 secs] 
1716.872: [GC (Allocation Failure) [PSYoungGen: 55648K->1440K(56320K)] 480472K->426264K(633856K), 0.0019271 secs] [Times: user=0.00 sys=0.01, real=0.01 secs] 
1717.975: [GC (Allocation Failure) [PSYoungGen: 55712K->1440K(56320K)] 480536K->426264K(633856K), 0.0017026 secs] [Times: user=0.01 sys=0.00, real=0.00 secs] 
1718.290: [GC (Allocation Failure) [PSYoungGen: 55712K->1424K(56320K)] 480536K->426248K(633856K), 0.0017510 secs] [Times: user=0.01 sys=0.00, real=0.00 secs] 
1718.516: [GC (Allocation Failure) [PSYoungGen: 55696K->1408K(56320K)] 480520K->426232K(633856K), 0.0018584 secs] [Times: user=0.00 sys=0.00, real=0.00 secs] 
1718.742: [GC (Allocation Failure) [PSYoungGen: 55680K->1408K(56320K)] 480504K->426232K(633856K), 0.0018691 secs] [Times: user=0.01 sys=0.00, real=0.01 secs] 
1718.967: [GC (Allocation Failure) [PSYoungGen: 55680K->1376K(56320K)] 480504K->426200K(633856K), 0.0019145 secs] [Times: user=0.01 sys=0.00, real=0.00 secs] 
1720.634: [GC (Allocation Failure) [PSYoungGen: 55648K->1408K(56320K)] 480472K->426232K(633856K), 0.0030326 secs] [Times: user=0.01 sys=0.00, real=0.00 secs] 
1721.568: [GC (Allocation Failure) [PSYoungGen: 55680K->1440K(56320K)] 480504K->426288K(633856K), 0.0030637 secs] [Times: user=0.01 sys=0.00, real=0.00 secs] 
1722.254: [GC (Allocation Failure) [PSYoungGen: 55712K->1376K(56320K)] 480560K->426224K(633856K), 0.0030300 secs] [Times: user=0.01 sys=0.00, real=0.00 secs] 
1722.722: [GC (Allocation Failure) [PSYoungGen: 55648K->1424K(56320K)] 480496K->426272K(633856K), 0.0024897 secs] [Times: user=0.01 sys=0.00, real=0.01 secs] 
1722.993: [GC (Allocation Failure) [PSYoungGen: 55696K->1408K(56320K)] 480544K->426264K(633856K), 0.0021433 secs] [Times: user=0.01 sys=0.00, real=0.01 secs] 
1724.057: [GC (Allocation Failure) [PSYoungGen: 55680K->1440K(56320K)] 480536K->426296K(633856K), 0.0021065 secs] [Times: user=0.01 sys=0.00, real=0.00 secs] 
1724.541: [GC (Allocation Failure) [PSYoungGen: 55712K->1408K(56320K)] 480568K->426264K(633856K), 0.0020645 secs] [Times: user=0.01 sys=0.00, real=0.00 secs] 
1725.090: [GC (Allocation Failure) [PSYoungGen: 55680K->1392K(55808K)] 480536K->426248K(633344K), 0.0036732 secs] [Times: user=0.01 sys=0.00, real=0.00 secs] 
1725.445: [GC (Allocation Failure) [PSYoungGen: 55664K->1408K(55808K)] 480520K->426264K(633344K), 0.0021556 secs] [Times: user=0.01 sys=0.00, real=0.00 secs] 
1725.672: [GC (Allocation Failure) [PSYoungGen: 55680K->1376K(55808K)] 480536K->426232K(633344K), 0.0017980 secs] [Times: user=0.00 sys=0.00, real=0.01 secs] 
1726.658: [GC (Allocation Failure) [PSYoungGen: 55648K->1440K(55808K)] 480504K->427320K(633344K), 0.0019139 secs] [Times: user=0.01 sys=0.00, real=0.00 secs] 
1727.218: [GC (Allocation Failure) [PSYoungGen: 55712K->448K(55808K)] 481592K->426328K(633344K), 0.0025688 secs] [Times: user=0.01 sys=0.00, real=0.00 secs] 
1727.751: [GC (Allocation Failure) [PSYoungGen: 54720K->320K(56320K)] 480600K->426200K(633856K), 0.0033279 secs] [Times: user=0.01 sys=0.00, real=0.01 secs] 
1728.123: [GC (Allocation Failure) [PSYoungGen: 54592K->384K(56320K)] 480472K->426264K(633856K), 0.0021072 secs] [Times: user=0.00 sys=0.00, real=0.01 secs] 
1728.366: [GC (Allocation Failure) [PSYoungGen: 54656K->384K(56320K)] 480536K->426264K(633856K), 0.0020566 secs] [Times: user=0.01 sys=0.00, real=0.00 secs] 
1729.277: [GC (Allocation Failure) [PSYoungGen: 54634K->256K(56320K)] 480515K->426136K(633856K), 0.0013964 secs] [Times: user=0.01 sys=0.00, real=0.00 secs] 
1730.133: [GC (Allocation Failure) [PSYoungGen: 54528K->1408K(56320K)] 480408K->427288K(633856K), 0.0030113 secs] [Times: user=0.01 sys=0.00, real=0.01 secs] 
1730.898: [GC (Allocation Failure) [PSYoungGen: 55680K->1440K(56320K)] 481560K->427320K(633856K), 0.0032987 secs] [Times: user=0.02 sys=0.00, real=0.00 secs] 
1731.408: [GC (Allocation Failure) [PSYoungGen: 55712K->1312K(56832K)] 481592K->427200K(634368K), 0.0028517 secs] [Times: user=0.01 sys=0.00, real=0.00 secs] 
1731.958: [GC (Allocation Failure) [PSYoungGen: 55584K->1392K(56832K)] 481472K->427280K(634368K), 0.0026068 secs] [Times: user=0.01 sys=0.00, real=0.00 secs] 
1732.611: [GC (Allocation Failure) [PSYoungGen: 55664K->1408K(56832K)] 481552K->427304K(634368K), 0.0028096 secs] [Times: user=0.01 sys=0.00, real=0.00 secs] 
1734.119: [GC (Allocation Failure) [PSYoungGen: 55680K->1392K(56832K)] 481576K->427288K(634368K), 0.0037246 secs] [Times: user=0.01 sys=0.00, real=0.00 secs] 
1734.670: [GC (Allocation Failure) [PSYoungGen: 55664K->1344K(56832K)] 481560K->427240K(634368K), 0.0023129 secs] [Times: user=0.01 sys=0.00, real=0.00 secs] 
1735.323: [GC (Allocation Failure) [PSYoungGen: 55616K->1408K(56832K)] 481512K->427304K(634368K), 0.0023564 secs] [Times: user=0.01 sys=0.00, real=0.01 secs] 
1735.982: [GC (Allocation Failure) [PSYoungGen: 55680K->1376K(55808K)] 481576K->427272K(633344K), 0.0043709 secs] [Times: user=0.02 sys=0.00, real=0.01 secs] 
1736.599: [GC (Allocation Failure) [PSYoungGen: 55648K->1376K(56320K)] 481544K->427272K(633856K), 0.0028692 secs] [Times: user=0.01 sys=0.00, real=0.00 secs] 
1737.679: [GC (Allocation Failure) [PSYoungGen: 55648K->1440K(56320K)] 481544K->427336K(633856K), 0.0017880 secs] [Times: user=0.00 sys=0.00, real=0.00 secs] 
1737.952: [GC (Allocation Failure) [PSYoungGen: 55712K->1408K(56320K)] 481608K->427304K(633856K), 0.0017384 secs] [Times: user=0.01 sys=0.00, real=0.01 secs] 
1738.281: [GC (Allocation Failure) [PSYoungGen: 55680K->1344K(56320K)] 481576K->427240K(633856K), 0.0017893 secs] [Times: user=0.01 sys=0.00, real=0.00 secs] 
1738.606: [GC (Allocation Failure) [PSYoungGen: 55616K->1408K(56320K)] 481512K->427304K(633856K), 0.0018722 secs] [Times: user=0.00 sys=0.00, real=0.00 secs] 
1738.933: [GC (Allocation Failure) [PSYoungGen: 55680K->1408K(56320K)] 481576K->427304K(633856K), 0.0018906 secs] [Times: user=0.01 sys=0.00, real=0.01 secs] 
1740.034: [GC (Allocation Failure) [PSYoungGen: 55680K->1440K(56320K)] 481576K->427336K(633856K), 0.0019279 secs] [Times: user=0.00 sys=0.00, real=0.00 secs] 
1740.332: [GC (Allocation Failure) [PSYoungGen: 55712K->1344K(56320K)] 481608K->427240K(633856K), 0.0020058 secs] [Times: user=0.01 sys=0.00, real=0.01 secs] 
1740.600: [GC (Allocation Failure) [PSYoungGen: 55616K->1344K(56320K)] 481512K->427240K(633856K), 0.0018658 secs] [Times: user=0.00 sys=0.00, real=0.00 secs] 
1740.825: [GC (Allocation Failure) [PSYoungGen: 55616K->1360K(56320K)] 481512K->427256K(633856K), 0.0023305 secs] [Times: user=0.01 sys=0.00, real=0.00 secs] 
1741.051: [GC (Allocation Failure) [PSYoungGen: 55632K->1408K(56320K)] 481528K->427320K(633856K), 0.0020383 secs] [Times: user=0.01 sys=0.01, real=0.00 secs] 
1741.933: [GC (Allocation Failure) [PSYoungGen: 55613K->1936K(56320K)] 481526K->427848K(633856K), 0.0018006 secs] [Times: user=0.01 sys=0.00, real=0.01 secs] 
1742.159: [GC (Allocation Failure) [PSYoungGen: 56208K->1440K(56320K)] 482120K->427352K(633856K), 0.0018349 secs] [Times: user=0.01 sys=0.00, real=0.00 secs] 
1742.384: [GC (Allocation Failure) [PSYoungGen: 55712K->1408K(56320K)] 481624K->427320K(633856K), 0.0017267 secs] [Times: user=0.00 sys=0.00, real=0.00 secs] 
1742.691: [GC (Allocation Failure) [PSYoungGen: 55680K->1408K(56320K)] 481592K->427320K(633856K), 0.0018279 secs] [Times: user=0.01 sys=0.00, real=0.00 secs] 
1743.081: [GC (Allocation Failure) [PSYoungGen: 55680K->1440K(56320K)] 481592K->427352K(633856K), 0.0027545 secs] [Times: user=0.01 sys=0.00, real=0.01 secs] 
1743.710: [GC (Allocation Failure) [PSYoungGen: 55712K->1376K(56320K)] 481624K->427288K(633856K), 0.0023387 secs] [Times: user=0.01 sys=0.00, real=0.00 secs] 
1744.706: [GC (Allocation Failure) [PSYoungGen: 55648K->1440K(56320K)] 481560K->427352K(633856K), 0.0028256 secs] [Times: user=0.01 sys=0.00, real=0.00 secs] 
1744.933: [GC (Allocation Failure) [PSYoungGen: 55712K->1408K(56320K)] 481624K->427320K(633856K), 0.0022367 secs] [Times: user=0.01 sys=0.00, real=0.01 secs] 
1745.245: [GC (Allocation Failure) [PSYoungGen: 55680K->1376K(56320K)] 481592K->427288K(633856K), 0.0020518 secs] [Times: user=0.01 sys=0.00, real=0.00 secs] 
1745.471: [GC (Allocation Failure) [PSYoungGen: 55648K->1408K(56320K)] 481560K->427320K(633856K), 0.0019387 secs] [Times: user=0.01 sys=0.00, real=0.00 secs] 
1745.696: [GC (Allocation Failure) [PSYoungGen: 55680K->1408K(56320K)] 481592K->427320K(633856K), 0.0021244 secs] [Times: user=0.01 sys=0.00, real=0.00 secs] 
1746.606: [GC (Allocation Failure) [PSYoungGen: 55680K->1504K(56320K)] 481592K->427416K(633856K), 0.0025353 secs] [Times: user=0.01 sys=0.00, real=0.00 secs] 
1746.832: [GC (Allocation Failure) [PSYoungGen: 55776K->1376K(56320K)] 481688K->427288K(633856K), 0.0022387 secs] [Times: user=0.01 sys=0.00, real=0.01 secs] 
1747.057: [GC (Allocation Failure) [PSYoungGen: 55648K->1408K(56320K)] 481560K->427320K(633856K), 0.0020002 secs] [Times: user=0.01 sys=0.00, real=0.00 secs] 
1747.283: [GC (Allocation Failure) [PSYoungGen: 55680K->1376K(56320K)] 481592K->427288K(633856K), 0.0020087 secs] [Times: user=0.01 sys=0.00, real=0.01 secs] 
1747.508: [GC (Allocation Failure) [PSYoungGen: 55648K->1376K(56320K)] 481560K->427304K(633856K), 0.0018951 secs] [Times: user=0.01 sys=0.00, real=0.00 secs] 
1748.854: [GC (Allocation Failure) [PSYoungGen: 55648K->1440K(56320K)] 481576K->427368K(633856K), 0.0042947 secs] [Times: user=0.02 sys=0.01, real=0.00 secs] 
1749.993: [GC (Allocation Failure) [PSYoungGen: 55712K->1344K(56320K)] 481640K->427272K(633856K), 0.0067208 secs] [Times: user=0.03 sys=0.00, real=0.01 secs] 
1750.491: [GC (Allocation Failure) [PSYoungGen: 55616K->1408K(56320K)] 481544K->427352K(633856K), 0.0032766 secs] [Times: user=0.01 sys=0.00, real=0.01 secs] 
1750.974: [GC (Allocation Failure) [PSYoungGen: 55680K->1360K(56320K)] 481624K->427304K(633856K), 0.0033010 secs] [Times: user=0.02 sys=0.00, real=0.01 secs] 
1751.589: [GC (Allocation Failure) [PSYoungGen: 55632K->1408K(55808K)] 481576K->427352K(633344K), 0.0031899 secs] [Times: user=0.02 sys=0.00, real=0.00 secs] 
1752.790: [GC (Allocation Failure) [PSYoungGen: 55680K->1408K(55808K)] 481624K->428384K(633344K), 0.0020512 secs] [Times: user=0.00 sys=0.01, real=0.00 secs] 
1753.015: [GC (Allocation Failure) [PSYoungGen: 55680K->368K(55296K)] 482656K->427344K(632832K), 0.0018727 secs] [Times: user=0.01 sys=0.01, real=0.00 secs] 
1753.241: [GC (Allocation Failure) [PSYoungGen: 54640K->352K(56320K)] 481616K->427328K(633856K), 0.0018869 secs] [Times: user=0.01 sys=0.00, real=0.00 secs] 
1753.466: [GC (Allocation Failure) [PSYoungGen: 54624K->384K(56320K)] 481600K->427360K(633856K), 0.0019416 secs] [Times: user=0.00 sys=0.00, real=0.00 secs] 
1753.692: [GC (Allocation Failure) [PSYoungGen: 54656K->384K(56320K)] 481632K->427360K(633856K), 0.0017359 secs] [Times: user=0.00 sys=0.00, real=0.01 secs] 
1754.519: [GC (Allocation Failure) [PSYoungGen: 54656K->1248K(56320K)] 481632K->428224K(633856K), 0.0014810 secs] [Times: user=0.00 sys=0.00, real=0.00 secs] 
1755.119: [GC (Allocation Failure) [PSYoungGen: 55520K->1376K(56320K)] 482496K->428352K(633856K), 0.0020977 secs] [Times: user=0.01 sys=0.00, real=0.00 secs] 
1755.608: [GC (Allocation Failure) [PSYoungGen: 55648K->1376K(56320K)] 482624K->428352K(633856K), 0.0021105 secs] [Times: user=0.01 sys=0.01, real=0.00 secs] 
1755.928: [GC (Allocation Failure) [PSYoungGen: 55648K->1408K(56320K)] 482624K->428384K(633856K), 0.0019803 secs] [Times: user=0.01 sys=0.00, real=0.00 secs] 
1756.232: [GC (Allocation Failure) [PSYoungGen: 55680K->1376K(56320K)] 482656K->428352K(633856K), 0.0021284 secs] [Times: user=0.01 sys=0.00, real=0.01 secs] 
1756.670: [GC (Allocation Failure) [PSYoungGen: 55648K->1376K(56320K)] 482624K->428352K(633856K), 0.0021769 secs] [Times: user=0.01 sys=0.00, real=0.00 secs] 
1758.390: [GC (Allocation Failure) [PSYoungGen: 55648K->1376K(56320K)] 482624K->428352K(633856K), 0.0031941 secs] [Times: user=0.01 sys=0.00, real=0.00 secs] 
1758.902: [GC (Allocation Failure) [PSYoungGen: 55648K->1376K(56320K)] 482624K->428352K(633856K), 0.0030655 secs] [Times: user=0.02 sys=0.00, real=0.01 secs] 
1759.200: [GC (Allocation Failure) [PSYoungGen: 55648K->1408K(56320K)] 482624K->428384K(633856K), 0.0021958 secs] [Times: user=0.01 sys=0.00, real=0.00 secs] 
1759.425: [GC (Allocation Failure) [PSYoungGen: 55680K->1376K(56320K)] 482656K->428352K(633856K), 0.0020888 secs] [Times: user=0.01 sys=0.00, real=0.00 secs] 
1759.659: [GC (Allocation Failure) [PSYoungGen: 55648K->1408K(56320K)] 482624K->428408K(633856K), 0.0020300 secs] [Times: user=0.01 sys=0.00, real=0.00 secs] 
1760.780: [GC (Allocation Failure) [PSYoungGen: 55680K->1440K(56320K)] 482680K->428440K(633856K), 0.0019074 secs] [Times: user=0.01 sys=0.00, real=0.00 secs] 
1761.084: [GC (Allocation Failure) [PSYoungGen: 55712K->1376K(56320K)] 482712K->428376K(633856K), 0.0020934 secs] [Times: user=0.00 sys=0.00, real=0.00 secs] 
1761.467: [GC (Allocation Failure) [PSYoungGen: 55648K->1376K(56320K)] 482648K->428376K(633856K), 0.0020923 secs] [Times: user=0.01 sys=0.00, real=0.00 secs] 
1761.930: [GC (Allocation Failure) [PSYoungGen: 55648K->1344K(56320K)] 482648K->428344K(633856K), 0.0022149 secs] [Times: user=0.01 sys=0.00, real=0.00 secs] 
1762.389: [GC (Allocation Failure) [PSYoungGen: 55616K->1376K(56320K)] 482616K->428376K(633856K), 0.0024959 secs] [Times: user=0.01 sys=0.00, real=0.00 secs] 
1763.710: [GC (Allocation Failure) [PSYoungGen: 55648K->1408K(56320K)] 482648K->428408K(633856K), 0.0019974 secs] [Times: user=0.01 sys=0.00, real=0.00 secs] 
1764.215: [GC (Allocation Failure) [PSYoungGen: 55680K->1376K(56320K)] 482680K->428376K(633856K), 0.0020743 secs] [Times: user=0.01 sys=0.00, real=0.00 secs] 
1764.822: [GC (Allocation Failure) [PSYoungGen: 55648K->1440K(56320K)] 482648K->428440K(633856K), 0.0019456 secs] [Times: user=0.01 sys=0.00, real=0.01 secs] 
1765.445: [GC (Allocation Failure) [PSYoungGen: 55712K->1408K(56320K)] 482712K->428408K(633856K), 0.0030511 secs] [Times: user=0.01 sys=0.00, real=0.00 secs] 
1765.949: [GC (Allocation Failure) [PSYoungGen: 55680K->1376K(56320K)] 482680K->428376K(633856K), 0.0024708 secs] [Times: user=0.01 sys=0.00, real=0.00 secs] 
1767.282: [GC (Allocation Failure) [PSYoungGen: 55648K->1952K(56320K)] 482648K->428952K(633856K), 0.0020277 secs] [Times: user=0.01 sys=0.00, real=0.01 secs] 
1767.757: [GC (Allocation Failure) [PSYoungGen: 56224K->1408K(56320K)] 483224K->428408K(633856K), 0.0025331 secs] [Times: user=0.01 sys=0.00, real=0.00 secs] 
1768.235: [GC (Allocation Failure) [PSYoungGen: 55680K->1408K(56320K)] 482680K->428408K(633856K), 0.0037322 secs] [Times: user=0.02 sys=0.00, real=0.00 secs] 
1768.528: [GC (Allocation Failure) [PSYoungGen: 55680K->1376K(56320K)] 482680K->428376K(633856K), 0.0021402 secs] [Times: user=0.01 sys=0.00, real=0.00 secs] 
1768.754: [GC (Allocation Failure) [PSYoungGen: 55648K->1376K(56320K)] 482648K->428376K(633856K), 0.0018932 secs] [Times: user=0.00 sys=0.00, real=0.00 secs] 
1768.979: [GC (Allocation Failure) [PSYoungGen: 55648K->1408K(56320K)] 482648K->428408K(633856K), 0.0019585 secs] [Times: user=0.01 sys=0.00, real=0.00 secs] 
1770.716: [GC (Allocation Failure) [PSYoungGen: 55680K->1456K(56320K)] 482680K->428456K(633856K), 0.0044974 secs] [Times: user=0.02 sys=0.00, real=0.00 secs] 
1771.455: [GC (Allocation Failure) [PSYoungGen: 55728K->1408K(56320K)] 482728K->428408K(633856K), 0.0030572 secs] [Times: user=0.02 sys=0.00, real=0.00 secs] 
1772.086: [GC (Allocation Failure) [PSYoungGen: 55680K->1376K(56320K)] 482680K->428376K(633856K), 0.0037278 secs] [Times: user=0.01 sys=0.00, real=0.00 secs] 
1772.619: [GC (Allocation Failure) [PSYoungGen: 55648K->1376K(56320K)] 482648K->428384K(633856K), 0.0026611 secs] [Times: user=0.01 sys=0.00, real=0.00 secs] 
1772.934: [GC (Allocation Failure) [PSYoungGen: 55648K->1408K(56320K)] 482656K->428424K(633856K), 0.0021980 secs] [Times: user=0.01 sys=0.00, real=0.00 secs] 
1773.966: [GC (Allocation Failure) [PSYoungGen: 55680K->1440K(56320K)] 482696K->428456K(633856K), 0.0019690 secs] [Times: user=0.01 sys=0.00, real=0.00 secs] 
1774.491: [GC (Allocation Failure) [PSYoungGen: 55712K->1408K(56320K)] 482728K->428424K(633856K), 0.0037299 secs] [Times: user=0.01 sys=0.00, real=0.01 secs] 
1774.808: [GC (Allocation Failure) [PSYoungGen: 55680K->1376K(56320K)] 482696K->428392K(633856K), 0.0028191 secs] [Times: user=0.01 sys=0.00, real=0.00 secs] 
1775.024: [GC (Allocation Failure) [PSYoungGen: 55648K->1344K(56320K)] 482664K->428360K(633856K), 0.0020686 secs] [Times: user=0.01 sys=0.00, real=0.00 secs] 
1775.340: [GC (Allocation Failure) [PSYoungGen: 55616K->1408K(56320K)] 482632K->428424K(633856K), 0.0019810 secs] [Times: user=0.01 sys=0.00, real=0.00 secs] 
1776.263: [GC (Allocation Failure) [PSYoungGen: 55680K->1408K(56320K)] 482696K->428424K(633856K), 0.0018749 secs] [Times: user=0.01 sys=0.00, real=0.01 secs] 
1776.595: [GC (Allocation Failure) [PSYoungGen: 55680K->1440K(56320K)] 482696K->428456K(633856K), 0.0018589 secs] [Times: user=0.01 sys=0.00, real=0.00 secs] 
1777.151: [GC (Allocation Failure) [PSYoungGen: 55712K->1360K(55808K)] 482728K->428376K(633344K), 0.0029045 secs] [Times: user=0.02 sys=0.00, real=0.01 secs] 
1777.656: [GC (Allocation Failure) [PSYoungGen: 55632K->1408K(55808K)] 482648K->428424K(633344K), 0.0028494 secs] [Times: user=0.01 sys=0.01, real=0.00 secs] 
1778.165: [GC (Allocation Failure) [PSYoungGen: 55680K->1376K(55808K)] 482696K->428392K(633344K), 0.0026246 secs] [Times: user=0.01 sys=0.00, real=0.00 secs] 
1779.280: [GC (Allocation Failure) [PSYoungGen: 55648K->1440K(55808K)] 482664K->429480K(633344K), 0.0019488 secs] [Times: user=0.01 sys=0.00, real=0.00 secs] 
1779.506: [GC (Allocation Failure) [PSYoungGen: 55712K->384K(55808K)] 483752K->428424K(633344K), 0.0018283 secs] [Times: user=0.01 sys=0.00, real=0.00 secs] 
1779.751: [GC (Allocation Failure) [PSYoungGen: 54656K->352K(56320K)] 482696K->428392K(633856K), 0.0019902 secs] [Times: user=0.01 sys=0.00, real=0.00 secs] 
1780.088: [GC (Allocation Failure) [PSYoungGen: 54624K->352K(56320K)] 482664K->428400K(633856K), 0.0018212 secs] [Times: user=0.00 sys=0.00, real=0.00 secs] 
1780.482: [GC (Allocation Failure) [PSYoungGen: 54624K->384K(56320K)] 482672K->428432K(633856K), 0.0022438 secs] [Times: user=0.01 sys=0.00, real=0.01 secs] 
1781.589: [GC (Allocation Failure) [PSYoungGen: 54656K->1472K(56320K)] 482704K->429520K(633856K), 0.0017765 secs] [Times: user=0.00 sys=0.01, real=0.00 secs] 
1781.813: [GC (Allocation Failure) [PSYoungGen: 55744K->1408K(56320K)] 483792K->429456K(633856K), 0.0018806 secs] [Times: user=0.01 sys=0.00, real=0.01 secs] 
1782.089: [GC (Allocation Failure) [PSYoungGen: 55680K->1408K(56320K)] 483728K->429456K(633856K), 0.0018359 secs] [Times: user=0.01 sys=0.00, real=0.00 secs] 
1782.315: [GC (Allocation Failure) [PSYoungGen: 55680K->1376K(56320K)] 483728K->429424K(633856K), 0.0025183 secs] [Times: user=0.01 sys=0.00, real=0.00 secs] 
1782.541: [GC (Allocation Failure) [PSYoungGen: 55648K->1376K(56320K)] 483696K->429424K(633856K), 0.0022399 secs] [Times: user=0.01 sys=0.00, real=0.00 secs] 
1782.769: [GC (Allocation Failure) [PSYoungGen: 55648K->1408K(56320K)] 483696K->429456K(633856K), 0.0023634 secs] [Times: user=0.01 sys=0.00, real=0.00 secs] 
1783.643: [GC (Allocation Failure) [PSYoungGen: 55680K->1440K(56320K)] 483728K->429488K(633856K), 0.0017953 secs] [Times: user=0.01 sys=0.00, real=0.01 secs] 
1783.869: [GC (Allocation Failure) [PSYoungGen: 55712K->1408K(56320K)] 483760K->429456K(633856K), 0.0018471 secs] [Times: user=0.00 sys=0.00, real=0.00 secs] 
1784.286: [GC (Allocation Failure) [PSYoungGen: 55680K->1376K(56320K)] 483728K->429424K(633856K), 0.0029336 secs] [Times: user=0.01 sys=0.00, real=0.00 secs] 
1784.770: [GC (Allocation Failure) [PSYoungGen: 55648K->1376K(56320K)] 483696K->429424K(633856K), 0.0037726 secs] [Times: user=0.02 sys=0.00, real=0.00 secs] 
1785.184: [GC (Allocation Failure) [PSYoungGen: 55648K->1344K(56320K)] 483696K->429392K(633856K), 0.0023945 secs] [Times: user=0.01 sys=0.00, real=0.00 secs] 
1786.288: [GC (Allocation Failure) [PSYoungGen: 55616K->1440K(56320K)] 483664K->429488K(633856K), 0.0018713 secs] [Times: user=0.01 sys=0.00, real=0.00 secs] 
1786.722: [GC (Allocation Failure) [PSYoungGen: 55712K->1360K(56320K)] 483760K->429408K(633856K), 0.0018658 secs] [Times: user=0.01 sys=0.00, real=0.01 secs] 
1787.306: [GC (Allocation Failure) [PSYoungGen: 55632K->1344K(56320K)] 483680K->429392K(633856K), 0.0021636 secs] [Times: user=0.00 sys=0.00, real=0.00 secs] 
1787.934: [GC (Allocation Failure) [PSYoungGen: 55616K->1408K(56320K)] 483664K->429456K(633856K), 0.0023941 secs] [Times: user=0.01 sys=0.01, real=0.00 secs] 
1788.619: [GC (Allocation Failure) [PSYoungGen: 55680K->1344K(56320K)] 483728K->429392K(633856K), 0.0027394 secs] [Times: user=0.01 sys=0.00, real=0.00 secs] 
1789.743: [GC (Allocation Failure) [PSYoungGen: 55616K->1440K(56320K)] 483664K->429488K(633856K), 0.0017880 secs] [Times: user=0.01 sys=0.00, real=0.01 secs] 
1790.177: [GC (Allocation Failure) [PSYoungGen: 55712K->1408K(56320K)] 483760K->429456K(633856K), 0.0018219 secs] [Times: user=0.00 sys=0.00, real=0.00 secs] 
1790.724: [GC (Allocation Failure) [PSYoungGen: 55680K->1408K(56320K)] 483728K->429456K(633856K), 0.0033502 secs] [Times: user=0.02 sys=0.00, real=0.00 secs] 
1791.166: [GC (Allocation Failure) [PSYoungGen: 55680K->1376K(56320K)] 483728K->429424K(633856K), 0.0024951 secs] [Times: user=0.01 sys=0.00, real=0.00 secs] 
1791.625: [GC (Allocation Failure) [PSYoungGen: 55648K->1376K(56320K)] 483696K->429440K(633856K), 0.0029647 secs] [Times: user=0.01 sys=0.00, real=0.00 secs] 
1792.513: [GC (Allocation Failure) [PSYoungGen: 55648K->1952K(56320K)] 483712K->430016K(633856K), 0.0019543 secs] [Times: user=0.00 sys=0.00, real=0.01 secs] 
1792.944: [GC (Allocation Failure) [PSYoungGen: 56224K->1408K(56320K)] 484288K->429472K(633856K), 0.0020339 secs] [Times: user=0.01 sys=0.00, real=0.00 secs] 
1793.402: [GC (Allocation Failure) [PSYoungGen: 55680K->1376K(56320K)] 483744K->429440K(633856K), 0.0032814 secs] [Times: user=0.01 sys=0.00, real=0.01 secs] 
1793.972: [GC (Allocation Failure) [PSYoungGen: 55648K->1376K(56320K)] 483712K->429440K(633856K), 0.0032952 secs] [Times: user=0.01 sys=0.00, real=0.01 secs] 
1794.604: [GC (Allocation Failure) [PSYoungGen: 55648K->1376K(56320K)] 483712K->429440K(633856K), 0.0035762 secs] [Times: user=0.01 sys=0.00, real=0.00 secs] 
1795.201: [GC (Allocation Failure) [PSYoungGen: 55648K->1376K(56320K)] 483712K->429440K(633856K), 0.0028220 secs] [Times: user=0.01 sys=0.00, real=0.00 secs] 
1796.704: [GC (Allocation Failure) [PSYoungGen: 55648K->1392K(56320K)] 483712K->429456K(633856K), 0.0043378 secs] [Times: user=0.02 sys=0.00, real=0.00 secs] 
1797.553: [GC (Allocation Failure) [PSYoungGen: 55664K->1376K(56320K)] 483728K->429440K(633856K), 0.0042720 secs] [Times: user=0.02 sys=0.00, real=0.01 secs] 
1798.163: [GC (Allocation Failure) [PSYoungGen: 55648K->1408K(56320K)] 483712K->429472K(633856K), 0.0035656 secs] [Times: user=0.02 sys=0.00, real=0.01 secs] 
1798.775: [GC (Allocation Failure) [PSYoungGen: 55680K->1376K(56320K)] 483744K->429440K(633856K), 0.0028372 secs] [Times: user=0.02 sys=0.00, real=0.00 secs] 
1799.221: [GC (Allocation Failure) [PSYoungGen: 55648K->1408K(56320K)] 483712K->429480K(633856K), 0.0029006 secs] [Times: user=0.01 sys=0.00, real=0.00 secs] 
1801.271: [GC (Allocation Failure) [PSYoungGen: 55680K->1376K(56320K)] 483752K->429448K(633856K), 0.0049237 secs] [Times: user=0.02 sys=0.00, real=0.01 secs] 
1802.358: [GC (Allocation Failure) [PSYoungGen: 55648K->1376K(56320K)] 483720K->429448K(633856K), 0.0029775 secs] [Times: user=0.01 sys=0.00, real=0.00 secs] 
1803.124: [GC (Allocation Failure) [PSYoungGen: 55648K->1376K(56320K)] 483720K->429448K(633856K), 0.0027998 secs] [Times: user=0.01 sys=0.00, real=0.00 secs] 
1803.621: [GC (Allocation Failure) [PSYoungGen: 55648K->1376K(55808K)] 483720K->429448K(633344K), 0.0027939 secs] [Times: user=0.01 sys=0.00, real=0.00 secs] 
1804.086: [GC (Allocation Failure) [PSYoungGen: 55648K->1376K(55808K)] 483720K->429448K(633344K), 0.0026766 secs] [Times: user=0.01 sys=0.00, real=0.00 secs] 
1805.308: [GC (Allocation Failure) [PSYoungGen: 55648K->384K(55296K)] 483720K->429488K(632832K), 0.0018879 secs] [Times: user=0.01 sys=0.00, real=0.00 secs] 
1805.912: [GC (Allocation Failure) [PSYoungGen: 54656K->384K(56320K)] 483760K->429488K(633856K), 0.0020794 secs] [Times: user=0.01 sys=0.00, real=0.01 secs] 
1806.350: [GC (Allocation Failure) [PSYoungGen: 54656K->352K(56320K)] 483760K->429456K(633856K), 0.0021175 secs] [Times: user=0.00 sys=0.00, real=0.00 secs] 
1806.605: [GC (Allocation Failure) [PSYoungGen: 54624K->352K(56320K)] 483728K->429456K(633856K), 0.0021435 secs] [Times: user=0.00 sys=0.00, real=0.00 secs] 
1806.856: [GC (Allocation Failure) [PSYoungGen: 54624K->352K(56320K)] 483728K->429456K(633856K), 0.0020584 secs] [Times: user=0.00 sys=0.00, real=0.00 secs] 
1807.955: [GC (Allocation Failure) [PSYoungGen: 54624K->1440K(56320K)] 483728K->431568K(633856K), 0.0019507 secs] [Times: user=0.01 sys=0.00, real=0.00 secs] 
1808.618: [GC (Allocation Failure) [PSYoungGen: 55712K->352K(56320K)] 485840K->430480K(633856K), 0.0039230 secs] [Times: user=0.02 sys=0.00, real=0.00 secs] 
1809.324: [GC (Allocation Failure) [PSYoungGen: 54624K->352K(56320K)] 484752K->430480K(633856K), 0.0034576 secs] [Times: user=0.02 sys=0.00, real=0.00 secs] 
1809.946: [GC (Allocation Failure) [PSYoungGen: 54624K->384K(56320K)] 484752K->430512K(633856K), 0.0031879 secs] [Times: user=0.01 sys=0.01, real=0.00 secs] 
1810.394: [GC (Allocation Failure) [PSYoungGen: 54656K->416K(56320K)] 484784K->430544K(633856K), 0.0028640 secs] [Times: user=0.01 sys=0.00, real=0.00 secs] 
1811.249: [GC (Allocation Failure) [PSYoungGen: 54658K->256K(56320K)] 484787K->430384K(633856K), 0.0013649 secs] [Times: user=0.01 sys=0.00, real=0.00 secs] 
1811.506: [GC (Allocation Failure) [PSYoungGen: 54528K->1408K(56320K)] 484656K->431536K(633856K), 0.0016799 secs] [Times: user=0.01 sys=0.00, real=0.00 secs] 
1811.757: [GC (Allocation Failure) [PSYoungGen: 55680K->1408K(56832K)] 485808K->431560K(634368K), 0.0017581 secs] [Times: user=0.01 sys=0.00, real=0.00 secs] 
1812.003: [GC (Allocation Failure) [PSYoungGen: 55680K->1344K(56832K)] 485832K->431496K(634368K), 0.0018199 secs] [Times: user=0.01 sys=0.00, real=0.01 secs] 
1812.228: [GC (Allocation Failure) [PSYoungGen: 55616K->1344K(56832K)] 485768K->431496K(634368K), 0.0018931 secs] [Times: user=0.01 sys=0.00, real=0.00 secs] 
1812.525: [GC (Allocation Failure) [PSYoungGen: 55616K->1328K(56832K)] 485768K->431480K(634368K), 0.0019715 secs] [Times: user=0.01 sys=0.00, real=0.00 secs] 
1813.881: [GC (Allocation Failure) [PSYoungGen: 55600K->1408K(56832K)] 485752K->431560K(634368K), 0.0023810 secs] [Times: user=0.01 sys=0.00, real=0.00 secs] 
1814.386: [GC (Allocation Failure) [PSYoungGen: 55680K->1360K(56832K)] 485832K->431512K(634368K), 0.0024908 secs] [Times: user=0.01 sys=0.00, real=0.00 secs] 
1814.823: [GC (Allocation Failure) [PSYoungGen: 55632K->1440K(56832K)] 485784K->431592K(634368K), 0.0020010 secs] [Times: user=0.00 sys=0.00, real=0.01 secs] 
1815.175: [GC (Allocation Failure) [PSYoungGen: 55712K->1408K(56832K)] 485864K->431560K(634368K), 0.0021710 secs] [Times: user=0.01 sys=0.00, real=0.00 secs] 
1815.489: [GC (Allocation Failure) [PSYoungGen: 55680K->1344K(56832K)] 485832K->431504K(634368K), 0.0020914 secs] [Times: user=0.00 sys=0.00, real=0.00 secs] 
1816.571: [GC (Allocation Failure) [PSYoungGen: 55616K->1376K(56832K)] 485776K->431536K(634368K), 0.0019603 secs] [Times: user=0.01 sys=0.00, real=0.00 secs] 
1817.237: [GC (Allocation Failure) [PSYoungGen: 55648K->1392K(56832K)] 485808K->431560K(634368K), 0.0021167 secs] [Times: user=0.01 sys=0.00, real=0.00 secs] 
1817.690: [GC (Allocation Failure) [PSYoungGen: 55664K->1376K(56832K)] 485832K->431544K(634368K), 0.0020906 secs] [Times: user=0.01 sys=0.00, real=0.00 secs] 
1818.262: [GC (Allocation Failure) [PSYoungGen: 55648K->1408K(56832K)] 485816K->431576K(634368K), 0.0028950 secs] [Times: user=0.01 sys=0.00, real=0.01 secs] 
1818.914: [GC (Allocation Failure) [PSYoungGen: 55680K->1376K(56832K)] 485848K->431544K(634368K), 0.0030375 secs] [Times: user=0.01 sys=0.00, real=0.00 secs] 
1820.360: [GC (Allocation Failure) [PSYoungGen: 55648K->1376K(56832K)] 485816K->431544K(634368K), 0.0025820 secs] [Times: user=0.01 sys=0.00, real=0.00 secs] 
1820.904: [GC (Allocation Failure) [PSYoungGen: 55648K->1392K(55808K)] 485816K->431560K(633344K), 0.0023879 secs] [Times: user=0.01 sys=0.00, real=0.00 secs] 
1821.355: [GC (Allocation Failure) [PSYoungGen: 55664K->1376K(56320K)] 485832K->431544K(633856K), 0.0023687 secs] [Times: user=0.01 sys=0.00, real=0.00 secs] 
1821.777: [GC (Allocation Failure) [PSYoungGen: 55648K->1408K(56320K)] 485816K->431576K(633856K), 0.0023386 secs] [Times: user=0.01 sys=0.00, real=0.00 secs] 
1822.187: [GC (Allocation Failure) [PSYoungGen: 55680K->1344K(56320K)] 485848K->431512K(633856K), 0.0021762 secs] [Times: user=0.01 sys=0.00, real=0.00 secs] 
1823.146: [GC (Allocation Failure) [PSYoungGen: 55616K->1696K(56320K)] 485784K->431872K(633856K), 0.0018789 secs] [Times: user=0.01 sys=0.00, real=0.00 secs] 
1823.650: [GC (Allocation Failure) [PSYoungGen: 55968K->1376K(56320K)] 486144K->431552K(633856K), 0.0023257 secs] [Times: user=0.01 sys=0.00, real=0.00 secs] 
1824.367: [GC (Allocation Failure) [PSYoungGen: 55648K->1376K(56320K)] 485824K->431552K(633856K), 0.0024506 secs] [Times: user=0.01 sys=0.00, real=0.00 secs] 
1825.159: [GC (Allocation Failure) [PSYoungGen: 55648K->1376K(56320K)] 485824K->431552K(633856K), 0.0028178 secs] [Times: user=0.01 sys=0.00, real=0.00 secs] 
1825.765: [GC (Allocation Failure) [PSYoungGen: 55648K->1376K(56320K)] 485824K->431552K(633856K), 0.0028289 secs] [Times: user=0.01 sys=0.00, real=0.00 secs] 
1826.568: [GC (Allocation Failure) [PSYoungGen: 55648K->1376K(56320K)] 485824K->431552K(633856K), 0.0029489 secs] [Times: user=0.02 sys=0.00, real=0.00 secs] 
1828.060: [GC (Allocation Failure) [PSYoungGen: 55648K->1408K(56320K)] 485824K->431584K(633856K), 0.0020178 secs] [Times: user=0.01 sys=0.00, real=0.00 secs] 
1828.806: [GC (Allocation Failure) [PSYoungGen: 55680K->1376K(56320K)] 485856K->431552K(633856K), 0.0022628 secs] [Times: user=0.01 sys=0.00, real=0.00 secs] 
1829.343: [GC (Allocation Failure) [PSYoungGen: 55648K->1344K(56320K)] 485824K->431520K(633856K), 0.0020811 secs] [Times: user=0.01 sys=0.00, real=0.01 secs] 
1829.661: [GC (Allocation Failure) [PSYoungGen: 55616K->1344K(56320K)] 485792K->431520K(633856K), 0.0025365 secs] [Times: user=0.00 sys=0.00, real=0.00 secs] 
1829.989: [GC (Allocation Failure) [PSYoungGen: 55616K->1344K(56320K)] 485792K->431520K(633856K), 0.0019954 secs] [Times: user=0.01 sys=0.00, real=0.00 secs] 
1831.531: [GC (Allocation Failure) [PSYoungGen: 55616K->1408K(56320K)] 485792K->431584K(633856K), 0.0027457 secs] [Times: user=0.01 sys=0.00, real=0.00 secs] 
1832.750: [GC (Allocation Failure) [PSYoungGen: 55680K->1376K(56320K)] 485856K->431552K(633856K), 0.0046360 secs] [Times: user=0.02 sys=0.00, real=0.01 secs] 
1833.244: [GC (Allocation Failure) [PSYoungGen: 55648K->1376K(56320K)] 485824K->431552K(633856K), 0.0028078 secs] [Times: user=0.01 sys=0.00, real=0.00 secs] 
1833.660: [GC (Allocation Failure) [PSYoungGen: 55648K->1360K(56320K)] 485824K->431536K(633856K), 0.0025359 secs] [Times: user=0.02 sys=0.00, real=0.00 secs] 
1834.314: [GC (Allocation Failure) [PSYoungGen: 55632K->1344K(56320K)] 485808K->431528K(633856K), 0.0033455 secs] [Times: user=0.01 sys=0.00, real=0.00 secs] 
1835.879: [GC (Allocation Failure) [PSYoungGen: 55616K->1408K(56320K)] 485800K->431592K(633856K), 0.0019538 secs] [Times: user=0.01 sys=0.00, real=0.00 secs] 
1836.454: [GC (Allocation Failure) [PSYoungGen: 55680K->1376K(55808K)] 485864K->431560K(633344K), 0.0019922 secs] [Times: user=0.01 sys=0.00, real=0.00 secs] 
1837.042: [GC (Allocation Failure) [PSYoungGen: 55648K->1376K(55808K)] 485832K->431560K(633344K), 0.0022690 secs] [Times: user=0.01 sys=0.00, real=0.01 secs] 
1837.420: [GC (Allocation Failure) [PSYoungGen: 55648K->320K(55296K)] 485832K->431528K(632832K), 0.0021782 secs] [Times: user=0.01 sys=0.00, real=0.00 secs] 
1837.817: [GC (Allocation Failure) [PSYoungGen: 54592K->384K(56320K)] 485800K->431592K(633856K), 0.0024597 secs] [Times: user=0.01 sys=0.00, real=0.00 secs] 
1839.363: [GC (Allocation Failure) [PSYoungGen: 54656K->1952K(56320K)] 485864K->433160K(633856K), 0.0020069 secs] [Times: user=0.01 sys=0.00, real=0.01 secs] 
1839.959: [GC (Allocation Failure) [PSYoungGen: 56224K->1440K(56320K)] 487432K->432648K(633856K), 0.0021271 secs] [Times: user=0.01 sys=0.00, real=0.00 secs] 
1840.409: [GC (Allocation Failure) [PSYoungGen: 55712K->1376K(56320K)] 486920K->432584K(633856K), 0.0021247 secs] [Times: user=0.01 sys=0.00, real=0.00 secs] 
1841.196: [GC (Allocation Failure) [PSYoungGen: 55648K->1376K(56320K)] 486856K->432584K(633856K), 0.0020813 secs] [Times: user=0.01 sys=0.00, real=0.00 secs] 
1842.158: [GC (Allocation Failure) [PSYoungGen: 55648K->1376K(56320K)] 486856K->432584K(633856K), 0.0049181 secs] [Times: user=0.02 sys=0.00, real=0.00 secs] 
1843.090: [GC (Allocation Failure) [PSYoungGen: 55648K->1376K(56320K)] 486856K->432584K(633856K), 0.0044421 secs] [Times: user=0.02 sys=0.00, real=0.01 secs] 
1844.390: [GC (Allocation Failure) [PSYoungGen: 55648K->1408K(56320K)] 486856K->432624K(633856K), 0.0019913 secs] [Times: user=0.00 sys=0.00, real=0.00 secs] 
1844.839: [GC (Allocation Failure) [PSYoungGen: 55680K->1408K(56320K)] 486896K->432624K(633856K), 0.0031040 secs] [Times: user=0.01 sys=0.00, real=0.00 secs] 
1845.232: [GC (Allocation Failure) [PSYoungGen: 55680K->1376K(56320K)] 486896K->432592K(633856K), 0.0031266 secs] [Times: user=0.01 sys=0.00, real=0.01 secs] 
1845.705: [GC (Allocation Failure) [PSYoungGen: 55648K->1344K(56320K)] 486864K->432560K(633856K), 0.0026043 secs] [Times: user=0.01 sys=0.00, real=0.00 secs] 
1846.137: [GC (Allocation Failure) [PSYoungGen: 55616K->1376K(56320K)] 486832K->432592K(633856K), 0.0023607 secs] [Times: user=0.01 sys=0.00, real=0.00 secs] 
1847.192: [GC (Allocation Failure) [PSYoungGen: 55648K->1440K(56320K)] 486864K->432656K(633856K), 0.0019417 secs] [Times: user=0.01 sys=0.00, real=0.01 secs] 
1847.955: [GC (Allocation Failure) [PSYoungGen: 55712K->1376K(56320K)] 486928K->432592K(633856K), 0.0040572 secs] [Times: user=0.02 sys=0.00, real=0.00 secs] 
1848.771: [GC (Allocation Failure) [PSYoungGen: 55648K->1376K(56320K)] 486864K->432592K(633856K), 0.0042778 secs] [Times: user=0.01 sys=0.00, real=0.01 secs] 
1849.696: [GC (Allocation Failure) [PSYoungGen: 55648K->1360K(56320K)] 486864K->432576K(633856K), 0.0050304 secs] [Times: user=0.02 sys=0.00, real=0.00 secs] 
1850.236: [GC (Allocation Failure) [PSYoungGen: 55632K->1328K(56320K)] 486848K->432544K(633856K), 0.0035869 secs] [Times: user=0.02 sys=0.00, real=0.00 secs] 
1851.539: [GC (Allocation Failure) [PSYoungGen: 55600K->1440K(56320K)] 486816K->432656K(633856K), 0.0026977 secs] [Times: user=0.01 sys=0.00, real=0.00 secs] 
1852.076: [GC (Allocation Failure) [PSYoungGen: 55712K->1376K(56320K)] 486928K->432592K(633856K), 0.0037081 secs] [Times: user=0.01 sys=0.00, real=0.00 secs] 
1852.579: [GC (Allocation Failure) [PSYoungGen: 55648K->1376K(56320K)] 486864K->432592K(633856K), 0.0027006 secs] [Times: user=0.02 sys=0.00, real=0.00 secs] 
1853.066: [GC (Allocation Failure) [PSYoungGen: 55648K->1408K(56320K)] 486864K->432624K(633856K), 0.0028648 secs] [Times: user=0.01 sys=0.00, real=0.00 secs] 
1853.523: [GC (Allocation Failure) [PSYoungGen: 55680K->1376K(56320K)] 486896K->432600K(633856K), 0.0029227 secs] [Times: user=0.02 sys=0.00, real=0.01 secs] 
1854.530: [GC (Allocation Failure) [PSYoungGen: 55648K->1376K(56320K)] 486872K->433624K(633856K), 0.0019188 secs] [Times: user=0.01 sys=0.00, real=0.00 secs] 
1854.756: [GC (Allocation Failure) [PSYoungGen: 55648K->320K(56320K)] 487896K->432568K(633856K), 0.0020243 secs] [Times: user=0.01 sys=0.00, real=0.00 secs] 
1854.981: [GC (Allocation Failure) [PSYoungGen: 54592K->320K(56320K)] 486840K->432568K(633856K), 0.0018105 secs] [Times: user=0.01 sys=0.00, real=0.00 secs] 
1855.240: [GC (Allocation Failure) [PSYoungGen: 54592K->384K(56320K)] 486840K->432632K(633856K), 0.0020405 secs] [Times: user=0.01 sys=0.00, real=0.00 secs] 
1855.648: [GC (Allocation Failure) [PSYoungGen: 54656K->352K(56320K)] 486904K->432600K(633856K), 0.0019327 secs] [Times: user=0.01 sys=0.00, real=0.00 secs] 
1856.769: [GC (Allocation Failure) [PSYoungGen: 54620K->1424K(56320K)] 486868K->433672K(633856K), 0.0016564 secs] [Times: user=0.00 sys=0.00, real=0.00 secs] 
1857.459: [GC (Allocation Failure) [PSYoungGen: 55696K->1376K(56320K)] 487944K->433624K(633856K), 0.0021065 secs] [Times: user=0.00 sys=0.00, real=0.00 secs] 
1858.040: [GC (Allocation Failure) [PSYoungGen: 55648K->1344K(56320K)] 487896K->433592K(633856K), 0.0027664 secs] [Times: user=0.01 sys=0.00, real=0.00 secs] 
1858.787: [GC (Allocation Failure) [PSYoungGen: 55616K->1408K(56320K)] 487864K->433656K(633856K), 0.0043196 secs] [Times: user=0.02 sys=0.00, real=0.00 secs] 
1859.494: [GC (Allocation Failure) [PSYoungGen: 55680K->1376K(56320K)] 487928K->433624K(633856K), 0.0037453 secs] [Times: user=0.02 sys=0.00, real=0.00 secs] 
1860.298: [GC (Allocation Failure) [PSYoungGen: 55648K->1408K(56320K)] 487896K->433656K(633856K), 0.0037144 secs] [Times: user=0.02 sys=0.00, real=0.00 secs] 
1862.062: [GC (Allocation Failure) [PSYoungGen: 55680K->1408K(56320K)] 487928K->433656K(633856K), 0.0030097 secs] [Times: user=0.01 sys=0.00, real=0.01 secs] 
1862.515: [GC (Allocation Failure) [PSYoungGen: 55680K->1408K(56320K)] 487928K->433656K(633856K), 0.0029832 secs] [Times: user=0.01 sys=0.00, real=0.00 secs] 
1863.011: [GC (Allocation Failure) [PSYoungGen: 55680K->1392K(56320K)] 487928K->433648K(633856K), 0.0027222 secs] [Times: user=0.01 sys=0.00, real=0.00 secs] 
1863.452: [GC (Allocation Failure) [PSYoungGen: 55664K->1376K(56320K)] 487920K->433632K(633856K), 0.0030420 secs] [Times: user=0.02 sys=0.00, real=0.01 secs] 
1863.930: [GC (Allocation Failure) [PSYoungGen: 55648K->1344K(56320K)] 487904K->433600K(633856K), 0.0029574 secs] [Times: user=0.01 sys=0.00, real=0.00 secs] 
1865.261: [GC (Allocation Failure) [PSYoungGen: 55616K->1408K(56320K)] 487872K->433664K(633856K), 0.0021017 secs] [Times: user=0.01 sys=0.00, real=0.00 secs] 
1865.513: [GC (Allocation Failure) [PSYoungGen: 55680K->1344K(56320K)] 487936K->433600K(633856K), 0.0020219 secs] [Times: user=0.01 sys=0.00, real=0.01 secs] 
1865.739: [GC (Allocation Failure) [PSYoungGen: 55616K->1408K(56320K)] 487872K->433664K(633856K), 0.0020987 secs] [Times: user=0.01 sys=0.00, real=0.00 secs] 
1865.965: [GC (Allocation Failure) [PSYoungGen: 55680K->1376K(56320K)] 487936K->433632K(633856K), 0.0021081 secs] [Times: user=0.01 sys=0.00, real=0.00 secs] 
1866.379: [GC (Allocation Failure) [PSYoungGen: 55648K->1344K(56320K)] 487904K->433600K(633856K), 0.0019143 secs] [Times: user=0.01 sys=0.00, real=0.00 secs] 
1867.541: [GC (Allocation Failure) [PSYoungGen: 55616K->1408K(56320K)] 487872K->433664K(633856K), 0.0022360 secs] [Times: user=0.01 sys=0.00, real=0.00 secs] 
1868.029: [GC (Allocation Failure) [PSYoungGen: 55680K->1376K(56320K)] 487936K->433632K(633856K), 0.0030173 secs] [Times: user=0.02 sys=0.00, real=0.00 secs] 
1868.509: [GC (Allocation Failure) [PSYoungGen: 55648K->1376K(56320K)] 487904K->433632K(633856K), 0.0039478 secs] [Times: user=0.02 sys=0.00, real=0.00 secs] 
1869.271: [GC (Allocation Failure) [PSYoungGen: 55648K->1376K(56320K)] 487904K->433632K(633856K), 0.0028140 secs] [Times: user=0.01 sys=0.01, real=0.00 secs] 
1870.020: [GC (Allocation Failure) [PSYoungGen: 55648K->1376K(56320K)] 487904K->433632K(633856K), 0.0029824 secs] [Times: user=0.01 sys=0.00, real=0.00 secs] 
1871.441: [GC (Allocation Failure) [PSYoungGen: 55648K->1984K(56320K)] 487904K->434248K(633856K), 0.0019573 secs] [Times: user=0.01 sys=0.00, real=0.00 secs] 
1872.118: [GC (Allocation Failure) [PSYoungGen: 56256K->1408K(56320K)] 488520K->433672K(633856K), 0.0056800 secs] [Times: user=0.02 sys=0.00, real=0.00 secs] 
1872.876: [GC (Allocation Failure) [PSYoungGen: 55680K->1376K(56320K)] 487944K->433648K(633856K), 0.0033319 secs] [Times: user=0.02 sys=0.00, real=0.00 secs] 
1873.472: [GC (Allocation Failure) [PSYoungGen: 55648K->1344K(56320K)] 487920K->433616K(633856K), 0.0031431 secs] [Times: user=0.01 sys=0.00, real=0.01 secs] 
1873.923: [GC (Allocation Failure) [PSYoungGen: 55616K->1376K(56320K)] 487888K->433648K(633856K), 0.0033559 secs] [Times: user=0.01 sys=0.00, real=0.01 secs] 
1874.397: [GC (Allocation Failure) [PSYoungGen: 55648K->1376K(56320K)] 487920K->433648K(633856K), 0.0030326 secs] [Times: user=0.02 sys=0.00, real=0.00 secs] 
1875.364: [GC (Allocation Failure) [PSYoungGen: 55648K->1472K(56320K)] 487920K->433744K(633856K), 0.0018750 secs] [Times: user=0.01 sys=0.00, real=0.00 secs] 
1875.676: [GC (Allocation Failure) [PSYoungGen: 55744K->1408K(56320K)] 488016K->433680K(633856K), 0.0018045 secs] [Times: user=0.01 sys=0.00, real=0.00 secs] 
1876.123: [GC (Allocation Failure) [PSYoungGen: 55680K->1376K(56320K)] 487952K->433648K(633856K), 0.0043721 secs] [Times: user=0.02 sys=0.00, real=0.01 secs] 
1876.565: [GC (Allocation Failure) [PSYoungGen: 55648K->1376K(56320K)] 487920K->433648K(633856K), 0.0030373 secs] [Times: user=0.01 sys=0.00, real=0.00 secs] 
1876.994: [GC (Allocation Failure) [PSYoungGen: 55648K->1376K(56320K)] 487920K->433656K(633856K), 0.0028433 secs] [Times: user=0.01 sys=0.00, real=0.01 secs] 
1878.281: [GC (Allocation Failure) [PSYoungGen: 55648K->1408K(56320K)] 487928K->433688K(633856K), 0.0023364 secs] [Times: user=0.01 sys=0.00, real=0.00 secs] 
1879.067: [GC (Allocation Failure) [PSYoungGen: 55680K->1408K(56320K)] 487960K->433688K(633856K), 0.0030022 secs] [Times: user=0.01 sys=0.00, real=0.00 secs] 
1880.221: [GC (Allocation Failure) [PSYoungGen: 55680K->1312K(56320K)] 487960K->433592K(633856K), 0.0041750 secs] [Times: user=0.01 sys=0.00, real=0.01 secs] 
1881.152: [GC (Allocation Failure) [PSYoungGen: 55584K->1376K(56320K)] 487864K->433656K(633856K), 0.0048031 secs] [Times: user=0.02 sys=0.01, real=0.01 secs] 
1881.872: [GC (Allocation Failure) [PSYoungGen: 55648K->1376K(56320K)] 487928K->433656K(633856K), 0.0031125 secs] [Times: user=0.01 sys=0.00, real=0.01 secs] 
1883.052: [GC (Allocation Failure) [PSYoungGen: 55648K->1408K(56320K)] 487928K->433688K(633856K), 0.0019475 secs] [Times: user=0.00 sys=0.00, real=0.00 secs] 
1883.295: [GC (Allocation Failure) [PSYoungGen: 55680K->1408K(55808K)] 487960K->433696K(633344K), 0.0019314 secs] [Times: user=0.01 sys=0.00, real=0.00 secs] 
1883.648: [GC (Allocation Failure) [PSYoungGen: 55680K->1376K(55808K)] 487968K->433664K(633344K), 0.0019463 secs] [Times: user=0.01 sys=0.01, real=0.00 secs] 
1884.088: [GC (Allocation Failure) [PSYoungGen: 55648K->384K(55296K)] 487936K->433696K(632832K), 0.0019885 secs] [Times: user=0.01 sys=0.00, real=0.00 secs] 
1884.553: [GC (Allocation Failure) [PSYoungGen: 54656K->352K(56320K)] 487968K->433664K(633856K), 0.0020492 secs] [Times: user=0.01 sys=0.00, real=0.01 secs] 
1885.630: [GC (Allocation Failure) [PSYoungGen: 54624K->1440K(56320K)] 487936K->435776K(633856K), 0.0019719 secs] [Times: user=0.01 sys=0.00, real=0.00 secs] 
1885.869: [GC (Allocation Failure) [PSYoungGen: 55712K->288K(56320K)] 490048K->434624K(633856K), 0.0016068 secs] [Times: user=0.01 sys=0.00, real=0.00 secs] 
1886.174: [GC (Allocation Failure) [PSYoungGen: 54560K->384K(56320K)] 488896K->434720K(633856K), 0.0017613 secs] [Times: user=0.01 sys=0.00, real=0.00 secs] 
1886.644: [GC (Allocation Failure) [PSYoungGen: 54656K->352K(56320K)] 488992K->434688K(633856K), 0.0016889 secs] [Times: user=0.01 sys=0.00, real=0.00 secs] 
1887.131: [GC (Allocation Failure) [PSYoungGen: 54624K->352K(56320K)] 488960K->434688K(633856K), 0.0020839 secs] [Times: user=0.00 sys=0.00, real=0.00 secs] 
1888.188: [GC (Allocation Failure) [PSYoungGen: 54601K->224K(56320K)] 488937K->434560K(633856K), 0.0014748 secs] [Times: user=0.00 sys=0.00, real=0.00 secs] 
1888.461: [GC (Allocation Failure) [PSYoungGen: 54496K->1376K(55808K)] 488832K->435712K(633344K), 0.0020476 secs] [Times: user=0.01 sys=0.00, real=0.00 secs] 
1888.728: [GC (Allocation Failure) [PSYoungGen: 55136K->1408K(56320K)] 489472K->435744K(633856K), 0.0019456 secs] [Times: user=0.01 sys=0.00, real=0.00 secs] 
1888.994: [GC (Allocation Failure) [PSYoungGen: 55168K->1392K(56320K)] 489504K->435728K(633856K), 0.0021552 secs] [Times: user=0.01 sys=0.00, real=0.01 secs] 
1889.218: [GC (Allocation Failure) [PSYoungGen: 55152K->1344K(56320K)] 489488K->435680K(633856K), 0.0024969 secs] [Times: user=0.01 sys=0.00, real=0.00 secs] 
1889.442: [GC (Allocation Failure) [PSYoungGen: 55104K->1344K(56320K)] 489440K->435696K(633856K), 0.0021376 secs] [Times: user=0.01 sys=0.00, real=0.01 secs] 
1890.288: [GC (Allocation Failure) [PSYoungGen: 55104K->1376K(56320K)] 489456K->435728K(633856K), 0.0016422 secs] [Times: user=0.01 sys=0.00, real=0.00 secs] 
1890.523: [GC (Allocation Failure) [PSYoungGen: 55136K->1408K(56320K)] 489488K->435760K(633856K), 0.0017303 secs] [Times: user=0.00 sys=0.00, real=0.01 secs] 
1890.861: [GC (Allocation Failure) [PSYoungGen: 55168K->1440K(56320K)] 489520K->435792K(633856K), 0.0020956 secs] [Times: user=0.00 sys=0.00, real=0.00 secs] 
1891.283: [GC (Allocation Failure) [PSYoungGen: 55200K->1312K(56320K)] 489552K->435664K(633856K), 0.0034894 secs] [Times: user=0.01 sys=0.00, real=0.01 secs] 
1891.714: [GC (Allocation Failure) [PSYoungGen: 55072K->1344K(56320K)] 489424K->435696K(633856K), 0.0026690 secs] [Times: user=0.01 sys=0.00, real=0.01 secs] 
1892.701: [GC (Allocation Failure) [PSYoungGen: 55104K->1408K(56320K)] 489456K->435760K(633856K), 0.0019199 secs] [Times: user=0.01 sys=0.00, real=0.00 secs] 
1892.946: [GC (Allocation Failure) [PSYoungGen: 55168K->1376K(56320K)] 489520K->435728K(633856K), 0.0019877 secs] [Times: user=0.01 sys=0.00, real=0.00 secs] 
1893.169: [GC (Allocation Failure) [PSYoungGen: 55136K->1376K(56320K)] 489488K->435728K(633856K), 0.0019925 secs] [Times: user=0.01 sys=0.00, real=0.00 secs] 
1893.495: [GC (Allocation Failure) [PSYoungGen: 55136K->1376K(55296K)] 489488K->435728K(632832K), 0.0018752 secs] [Times: user=0.01 sys=0.00, real=0.00 secs] 
1893.996: [GC (Allocation Failure) [PSYoungGen: 55136K->1344K(55808K)] 489488K->435696K(633344K), 0.0019724 secs] [Times: user=0.01 sys=0.00, real=0.00 secs] 
1895.187: [GC (Allocation Failure) [PSYoungGen: 54506K->1936K(55808K)] 488859K->436808K(633344K), 0.0022227 secs] [Times: user=0.01 sys=0.01, real=0.00 secs] 
1895.672: [GC (Allocation Failure) [PSYoungGen: 55696K->1376K(56320K)] 490568K->436248K(633856K), 0.0034685 secs] [Times: user=0.02 sys=0.00, real=0.01 secs] 
1896.107: [GC (Allocation Failure) [PSYoungGen: 55136K->1376K(55296K)] 490008K->436248K(632832K), 0.0023327 secs] [Times: user=0.01 sys=0.00, real=0.00 secs] 
1896.655: [GC (Allocation Failure) [PSYoungGen: 55136K->1376K(55808K)] 490008K->436248K(633344K), 0.0022682 secs] [Times: user=0.01 sys=0.00, real=0.00 secs] 
1897.153: [GC (Allocation Failure) [PSYoungGen: 55136K->1408K(55808K)] 490008K->436280K(633344K), 0.0032233 secs] [Times: user=0.02 sys=0.00, real=0.01 secs] 
1897.690: [GC (Allocation Failure) [PSYoungGen: 55168K->1344K(55808K)] 490040K->436216K(633344K), 0.0038817 secs] [Times: user=0.01 sys=0.00, real=0.00 secs] 
1898.933: [GC (Allocation Failure) [PSYoungGen: 55104K->1408K(55808K)] 489976K->436288K(633344K), 0.0018117 secs] [Times: user=0.01 sys=0.00, real=0.01 secs] 
1899.377: [GC (Allocation Failure) [PSYoungGen: 55168K->1360K(55808K)] 490048K->436240K(633344K), 0.0037595 secs] [Times: user=0.01 sys=0.00, real=0.00 secs] 
1899.804: [GC (Allocation Failure) [PSYoungGen: 55120K->1376K(55808K)] 490000K->436256K(633344K), 0.0027444 secs] [Times: user=0.01 sys=0.00, real=0.00 secs] 
1900.235: [GC (Allocation Failure) [PSYoungGen: 55136K->1408K(55808K)] 490016K->436288K(633344K), 0.0027896 secs] [Times: user=0.01 sys=0.00, real=0.00 secs] 
1900.671: [GC (Allocation Failure) [PSYoungGen: 55168K->1376K(55808K)] 490048K->436272K(633344K), 0.0028619 secs] [Times: user=0.01 sys=0.00, real=0.00 secs] 
1902.196: [GC (Allocation Failure) [PSYoungGen: 55136K->1408K(55808K)] 490032K->436304K(633344K), 0.0026106 secs] [Times: user=0.01 sys=0.00, real=0.00 secs] 
1902.896: [GC (Allocation Failure) [PSYoungGen: 55168K->1328K(55808K)] 490064K->436232K(633344K), 0.0041421 secs] [Times: user=0.01 sys=0.00, real=0.00 secs] 
1903.455: [GC (Allocation Failure) [PSYoungGen: 55088K->1376K(55808K)] 489992K->436280K(633344K), 0.0022580 secs] [Times: user=0.00 sys=0.00, real=0.00 secs] 
1904.420: [GC (Allocation Failure) [PSYoungGen: 55136K->1408K(55808K)] 490040K->436312K(633344K), 0.0030508 secs] [Times: user=0.01 sys=0.00, real=0.00 secs] 
1904.971: [GC (Allocation Failure) [PSYoungGen: 55168K->1376K(55808K)] 490072K->436288K(633344K), 0.0024137 secs] [Times: user=0.01 sys=0.00, real=0.00 secs] 
1906.320: [GC (Allocation Failure) [PSYoungGen: 55136K->1440K(55808K)] 490048K->436352K(633344K), 0.0019725 secs] [Times: user=0.00 sys=0.00, real=0.00 secs] 
1906.790: [GC (Allocation Failure) [PSYoungGen: 55200K->1376K(55808K)] 490112K->436288K(633344K), 0.0020053 secs] [Times: user=0.01 sys=0.00, real=0.00 secs] 
1907.255: [GC (Allocation Failure) [PSYoungGen: 55136K->1408K(55808K)] 490048K->436320K(633344K), 0.0020476 secs] [Times: user=0.01 sys=0.00, real=0.00 secs] 
1907.733: [GC (Allocation Failure) [PSYoungGen: 55168K->1408K(55808K)] 490080K->436320K(633344K), 0.0020793 secs] [Times: user=0.01 sys=0.00, real=0.01 secs] 
1908.246: [GC (Allocation Failure) [PSYoungGen: 55168K->1392K(55808K)] 490080K->436304K(633344K), 0.0022409 secs] [Times: user=0.01 sys=0.00, real=0.00 secs] 
1909.388: [GC (Allocation Failure) [PSYoungGen: 55152K->1664K(55808K)] 490064K->436584K(633344K), 0.0018737 secs] [Times: user=0.00 sys=0.00, real=0.00 secs] 
1910.145: [GC (Allocation Failure) [PSYoungGen: 55424K->1344K(55808K)] 490344K->436264K(633344K), 0.0018153 secs] [Times: user=0.01 sys=0.00, real=0.00 secs] 
1910.820: [GC (Allocation Failure) [PSYoungGen: 55104K->1360K(55808K)] 490024K->436280K(633344K), 0.0025150 secs] [Times: user=0.01 sys=0.00, real=0.00 secs] 
1911.444: [GC (Allocation Failure) [PSYoungGen: 55120K->1376K(55808K)] 490040K->436296K(633344K), 0.0036107 secs] [Times: user=0.01 sys=0.00, real=0.01 secs] 
1911.860: [GC (Allocation Failure) [PSYoungGen: 55136K->1376K(55808K)] 490056K->436296K(633344K), 0.0025111 secs] [Times: user=0.01 sys=0.00, real=0.00 secs] 
1912.245: [GC (Allocation Failure) [PSYoungGen: 55136K->1344K(55808K)] 490056K->436264K(633344K), 0.0020107 secs] [Times: user=0.01 sys=0.00, real=0.00 secs] 
1913.256: [GC (Allocation Failure) [PSYoungGen: 55104K->1376K(55808K)] 490024K->436304K(633344K), 0.0019313 secs] [Times: user=0.00 sys=0.00, real=0.00 secs] 
1913.481: [GC (Allocation Failure) [PSYoungGen: 55136K->1376K(55808K)] 490064K->436304K(633344K), 0.0018073 secs] [Times: user=0.01 sys=0.00, real=0.00 secs] 
1913.705: [GC (Allocation Failure) [PSYoungGen: 55136K->1376K(55296K)] 490064K->436304K(632832K), 0.0018233 secs] [Times: user=0.01 sys=0.00, real=0.00 secs] 
1914.024: [GC (Allocation Failure) [PSYoungGen: 55136K->1408K(55296K)] 490064K->436336K(632832K), 0.0021327 secs] [Times: user=0.01 sys=0.00, real=0.01 secs] 
1914.438: [GC (Allocation Failure) [PSYoungGen: 55168K->320K(54784K)] 490096K->436280K(632320K), 0.0021941 secs] [Times: user=0.01 sys=0.00, real=0.00 secs] 
1915.939: [GC (Allocation Failure) [PSYoungGen: 54080K->1424K(55808K)] 490040K->437384K(633344K), 0.0028131 secs] [Times: user=0.01 sys=0.00, real=0.00 secs] 
1916.437: [GC (Allocation Failure) [PSYoungGen: 55184K->1376K(55808K)] 491144K->437336K(633344K), 0.0024741 secs] [Times: user=0.01 sys=0.01, real=0.00 secs] 
1918.210: [GC (Allocation Failure) [PSYoungGen: 55136K->1376K(55808K)] 491096K->437336K(633344K), 0.0038793 secs] [Times: user=0.02 sys=0.00, real=0.01 secs] 
1920.006: [GC (Allocation Failure) [PSYoungGen: 55136K->1376K(55808K)] 491096K->437336K(633344K), 0.0027966 secs] [Times: user=0.01 sys=0.00, real=0.00 secs] 
1920.401: [GC (Allocation Failure) [PSYoungGen: 55136K->1376K(55808K)] 491096K->437336K(633344K), 0.0022242 secs] [Times: user=0.01 sys=0.00, real=0.00 secs] 
1921.580: [GC (Allocation Failure) [PSYoungGen: 55136K->1376K(55808K)] 491096K->438360K(633344K), 0.0026523 secs] [Times: user=0.02 sys=0.00, real=0.00 secs] 
1923.174: [GC (Allocation Failure) [PSYoungGen: 55136K->384K(55808K)] 492120K->437368K(633344K), 0.0032060 secs] [Times: user=0.01 sys=0.00, real=0.00 secs] 
1923.489: [GC (Allocation Failure) [PSYoungGen: 54144K->384K(55808K)] 491128K->437368K(633344K), 0.0022029 secs] [Times: user=0.00 sys=0.00, real=0.00 secs] 
1923.713: [GC (Allocation Failure) [PSYoungGen: 54144K->320K(55808K)] 491128K->437304K(633344K), 0.0019861 secs] [Times: user=0.01 sys=0.00, real=0.01 secs] 
1923.936: [GC (Allocation Failure) [PSYoungGen: 54080K->384K(55808K)] 491064K->437368K(633344K), 0.0021348 secs] [Times: user=0.01 sys=0.00, real=0.00 secs] 
1924.464: [GC (Allocation Failure) [PSYoungGen: 54144K->1360K(55808K)] 491128K->438352K(633344K), 0.0016141 secs] [Times: user=0.01 sys=0.00, real=0.00 secs] 
1925.011: [GC (Allocation Failure) [PSYoungGen: 55120K->1424K(55808K)] 492112K->438416K(633344K), 0.0020572 secs] [Times: user=0.01 sys=0.00, real=0.00 secs] 
1925.235: [GC (Allocation Failure) [PSYoungGen: 55184K->1376K(55808K)] 492176K->438368K(633344K), 0.0019001 secs] [Times: user=0.01 sys=0.00, real=0.00 secs] 
1925.459: [GC (Allocation Failure) [PSYoungGen: 55136K->1344K(56320K)] 492128K->438336K(633856K), 0.0025106 secs] [Times: user=0.01 sys=0.00, real=0.00 secs] 
1925.759: [GC (Allocation Failure) [PSYoungGen: 55104K->1328K(55296K)] 492096K->438320K(632832K), 0.0023826 secs] [Times: user=0.01 sys=0.00, real=0.00 secs] 
1925.985: [GC (Allocation Failure) [PSYoungGen: 55088K->1408K(55808K)] 492080K->438400K(633344K), 0.0020925 secs] [Times: user=0.01 sys=0.00, real=0.00 secs] 
1926.838: [GC (Allocation Failure) [PSYoungGen: 55168K->1440K(55808K)] 492160K->438432K(633344K), 0.0018072 secs] [Times: user=0.01 sys=0.00, real=0.00 secs] 
1927.061: [GC (Allocation Failure) [PSYoungGen: 55200K->1392K(55296K)] 492192K->438384K(632832K), 0.0018136 secs] [Times: user=0.01 sys=0.00, real=0.00 secs] 
1927.284: [GC (Allocation Failure) [PSYoungGen: 55152K->1440K(55808K)] 492144K->438432K(633344K), 0.0018471 secs] [Times: user=0.01 sys=0.00, real=0.00 secs] 
1927.519: [GC (Allocation Failure) [PSYoungGen: 55200K->1344K(55808K)] 492192K->438336K(633344K), 0.0021596 secs] [Times: user=0.01 sys=0.00, real=0.00 secs] 
1927.742: [GC (Allocation Failure) [PSYoungGen: 55104K->1344K(55808K)] 492096K->438336K(633344K), 0.0020573 secs] [Times: user=0.01 sys=0.00, real=0.01 secs] 
1928.957: [GC (Allocation Failure) [PSYoungGen: 55104K->1440K(55808K)] 492096K->438456K(633344K), 0.0025838 secs] [Times: user=0.01 sys=0.00, real=0.00 secs] 
1929.979: [GC (Allocation Failure) [PSYoungGen: 55200K->1376K(55808K)] 492216K->438392K(633344K), 0.0044576 secs] [Times: user=0.02 sys=0.00, real=0.00 secs] 
1931.142: [GC (Allocation Failure) [PSYoungGen: 55136K->1344K(55808K)] 492152K->438360K(633344K), 0.0042610 secs] [Times: user=0.02 sys=0.00, real=0.01 secs] 
1932.054: [GC (Allocation Failure) [PSYoungGen: 55104K->1376K(55808K)] 492120K->438392K(633344K), 0.0044671 secs] [Times: user=0.02 sys=0.00, real=0.00 secs] 
1932.509: [GC (Allocation Failure) [PSYoungGen: 55136K->1376K(55808K)] 492152K->438392K(633344K), 0.0028046 secs] [Times: user=0.01 sys=0.00, real=0.00 secs] 
1933.661: [GC (Allocation Failure) [PSYoungGen: 55133K->1904K(55808K)] 492149K->438928K(633344K), 0.0019967 secs] [Times: user=0.01 sys=0.00, real=0.00 secs] 
1934.069: [GC (Allocation Failure) [PSYoungGen: 55664K->1408K(55808K)] 492688K->438432K(633344K), 0.0022049 secs] [Times: user=0.01 sys=0.00, real=0.00 secs] 
1934.293: [GC (Allocation Failure) [PSYoungGen: 55168K->1408K(55808K)] 492192K->438432K(633344K), 0.0020618 secs] [Times: user=0.01 sys=0.00, real=0.01 secs] 
1934.517: [GC (Allocation Failure) [PSYoungGen: 55168K->1408K(55808K)] 492192K->438432K(633344K), 0.0033294 secs] [Times: user=0.02 sys=0.00, real=0.00 secs] 
1934.743: [GC (Allocation Failure) [PSYoungGen: 55168K->1424K(55808K)] 492192K->438448K(633344K), 0.0022479 secs] [Times: user=0.01 sys=0.00, real=0.01 secs] 
1935.021: [GC (Allocation Failure) [PSYoungGen: 55184K->1392K(55808K)] 492208K->438416K(633344K), 0.0028116 secs] [Times: user=0.01 sys=0.00, real=0.00 secs] 
1936.265: [GC (Allocation Failure) [PSYoungGen: 55152K->1472K(55808K)] 492176K->438496K(633344K), 0.0019180 secs] [Times: user=0.00 sys=0.00, real=0.00 secs] 
1936.784: [GC (Allocation Failure) [PSYoungGen: 55232K->1360K(55808K)] 492256K->438384K(633344K), 0.0043894 secs] [Times: user=0.01 sys=0.00, real=0.00 secs] 
1937.503: [GC (Allocation Failure) [PSYoungGen: 55120K->1376K(55808K)] 492144K->438400K(633344K), 0.0030862 secs] [Times: user=0.02 sys=0.00, real=0.01 secs] 
1938.240: [GC (Allocation Failure) [PSYoungGen: 55136K->1440K(55808K)] 492160K->438472K(633344K), 0.0032246 secs] [Times: user=0.01 sys=0.00, real=0.00 secs] 
1938.904: [GC (Allocation Failure) [PSYoungGen: 55200K->1440K(55808K)] 492232K->438480K(633344K), 0.0032238 secs] [Times: user=0.02 sys=0.00, real=0.00 secs] 
1940.702: [GC (Allocation Failure) [PSYoungGen: 55200K->1440K(55808K)] 492240K->438488K(633344K), 0.0024198 secs] [Times: user=0.01 sys=0.00, real=0.01 secs] 
1941.411: [GC (Allocation Failure) [PSYoungGen: 55200K->1376K(55808K)] 492248K->438424K(633344K), 0.0025023 secs] [Times: user=0.01 sys=0.00, real=0.00 secs] 
1941.848: [GC (Allocation Failure) [PSYoungGen: 55136K->1408K(55808K)] 492184K->438456K(633344K), 0.0024022 secs] [Times: user=0.01 sys=0.00, real=0.00 secs] 
1942.449: [GC (Allocation Failure) [PSYoungGen: 55168K->1408K(55808K)] 492216K->438456K(633344K), 0.0025815 secs] [Times: user=0.01 sys=0.00, real=0.00 secs] 
1942.949: [GC (Allocation Failure) [PSYoungGen: 55168K->1360K(55808K)] 492216K->438424K(633344K), 0.0029493 secs] [Times: user=0.01 sys=0.00, real=0.00 secs] 
1944.627: [GC (Allocation Failure) [PSYoungGen: 55120K->1408K(55808K)] 492184K->438472K(633344K), 0.0025350 secs] [Times: user=0.01 sys=0.00, real=0.00 secs] 
1944.852: [GC (Allocation Failure) [PSYoungGen: 55168K->1344K(55808K)] 492232K->438408K(633344K), 0.0020570 secs] [Times: user=0.01 sys=0.00, real=0.00 secs] 
1945.075: [GC (Allocation Failure) [PSYoungGen: 55104K->1376K(55808K)] 492168K->438440K(633344K), 0.0021258 secs] [Times: user=0.01 sys=0.00, real=0.00 secs] 
1945.299: [GC (Allocation Failure) [PSYoungGen: 55136K->1376K(55808K)] 492200K->438440K(633344K), 0.0020086 secs] [Times: user=0.01 sys=0.00, real=0.00 secs] 
1945.522: [GC (Allocation Failure) [PSYoungGen: 55136K->1344K(55296K)] 492200K->438408K(632832K), 0.0020443 secs] [Times: user=0.01 sys=0.00, real=0.01 secs] 
1946.420: [GC (Allocation Failure) [PSYoungGen: 55104K->1504K(54784K)] 492168K->438668K(632320K), 0.0016008 secs] [Times: user=0.00 sys=0.00, real=0.00 secs] 
1946.852: [GC (Allocation Failure) [PSYoungGen: 54752K->1248K(55296K)] 491916K->438412K(632832K), 0.0017983 secs] [Times: user=0.01 sys=0.00, real=0.01 secs] 
1947.308: [GC (Allocation Failure) [PSYoungGen: 54496K->1248K(55296K)] 491660K->438412K(632832K), 0.0021250 secs] [Times: user=0.00 sys=0.00, real=0.00 secs] 
1947.793: [GC (Allocation Failure) [PSYoungGen: 54496K->1312K(55296K)] 491660K->438476K(632832K), 0.0020348 secs] [Times: user=0.01 sys=0.00, real=0.01 secs] 
1948.294: [GC (Allocation Failure) [PSYoungGen: 54560K->1312K(55296K)] 491724K->438476K(632832K), 0.0020616 secs] [Times: user=0.01 sys=0.00, real=0.00 secs] 
1948.677: [GC (Allocation Failure) [PSYoungGen: 54560K->1248K(55296K)] 491724K->438412K(632832K), 0.0021724 secs] [Times: user=0.01 sys=0.00, real=0.00 secs] 
1949.852: [GC (Allocation Failure) [PSYoungGen: 54496K->1568K(55296K)] 491660K->439756K(632832K), 0.0017907 secs] [Times: user=0.01 sys=0.00, real=0.00 secs] 
1950.528: [GC (Allocation Failure) [PSYoungGen: 54816K->1440K(55296K)] 493004K->439628K(632832K), 0.0019872 secs] [Times: user=0.01 sys=0.00, real=0.00 secs] 
1950.969: [GC (Allocation Failure) [PSYoungGen: 54688K->1472K(55296K)] 492876K->439660K(632832K), 0.0018591 secs] [Times: user=0.01 sys=0.00, real=0.00 secs] 
1951.416: [GC (Allocation Failure) [PSYoungGen: 54720K->1520K(55296K)] 492908K->439724K(632832K), 0.0021635 secs] [Times: user=0.01 sys=0.00, real=0.00 secs] 
1951.821: [GC (Allocation Failure) [PSYoungGen: 54768K->1488K(55296K)] 492972K->439700K(632832K), 0.0020547 secs] [Times: user=0.00 sys=0.00, real=0.00 secs] 
1953.363: [GC (Allocation Failure) [PSYoungGen: 54736K->1520K(55296K)] 492948K->439732K(632832K), 0.0027591 secs] [Times: user=0.01 sys=0.00, real=0.01 secs] 
1954.118: [GC (Allocation Failure) [PSYoungGen: 54768K->1440K(55296K)] 492980K->439652K(632832K), 0.0025434 secs] [Times: user=0.01 sys=0.00, real=0.00 secs] 
1954.702: [GC (Allocation Failure) [PSYoungGen: 54688K->1456K(55296K)] 492900K->439668K(632832K), 0.0027525 secs] [Times: user=0.02 sys=0.00, real=0.01 secs] 
1955.159: [GC (Allocation Failure) [PSYoungGen: 54704K->1456K(55296K)] 492916K->439668K(632832K), 0.0028082 secs] [Times: user=0.01 sys=0.00, real=0.00 secs] 
1955.526: [GC (Allocation Failure) [PSYoungGen: 54704K->1408K(55296K)] 492916K->439746K(632832K), 0.0025945 secs] [Times: user=0.01 sys=0.00, real=0.00 secs] 
1957.191: [GC (Allocation Failure) [PSYoungGen: 54656K->1664K(55296K)] 492994K->440002K(632832K), 0.0024337 secs] [Times: user=0.01 sys=0.00, real=0.00 secs] 
1958.224: [GC (Allocation Failure) [PSYoungGen: 54912K->1344K(55296K)] 493250K->439682K(632832K), 0.0044912 secs] [Times: user=0.01 sys=0.00, real=0.00 secs] 
1958.904: [GC (Allocation Failure) [PSYoungGen: 54592K->1344K(55296K)] 492930K->439682K(632832K), 0.0042809 secs] [Times: user=0.02 sys=0.00, real=0.00 secs] 
1959.540: [GC (Allocation Failure) [PSYoungGen: 54592K->1344K(55296K)] 492930K->439682K(632832K), 0.0026704 secs] [Times: user=0.01 sys=0.00, real=0.00 secs] 
1960.107: [GC (Allocation Failure) [PSYoungGen: 54592K->1408K(55296K)] 492930K->439746K(632832K), 0.0022958 secs] [Times: user=0.01 sys=0.00, real=0.00 secs] 
1960.591: [GC (Allocation Failure) [PSYoungGen: 54656K->1344K(55296K)] 492994K->439682K(632832K), 0.0024447 secs] [Times: user=0.01 sys=0.00, real=0.00 secs] 
1961.819: [GC (Allocation Failure) [PSYoungGen: 54592K->1440K(55296K)] 492930K->439778K(632832K), 0.0031662 secs] [Times: user=0.01 sys=0.00, real=0.00 secs] 
1962.376: [GC (Allocation Failure) [PSYoungGen: 54688K->1376K(55296K)] 493026K->439714K(632832K), 0.0028299 secs] [Times: user=0.01 sys=0.00, real=0.00 secs] 
1963.113: [GC (Allocation Failure) [PSYoungGen: 54624K->1376K(55296K)] 492962K->439714K(632832K), 0.0043214 secs] [Times: user=0.02 sys=0.01, real=0.01 secs] 
1963.953: [GC (Allocation Failure) [PSYoungGen: 54624K->1376K(55296K)] 492962K->439714K(632832K), 0.0032658 secs] [Times: user=0.01 sys=0.00, real=0.01 secs] 
1964.462: [GC (Allocation Failure) [PSYoungGen: 54624K->1376K(55296K)] 492962K->439722K(632832K), 0.0028622 secs] [Times: user=0.01 sys=0.00, real=0.01 secs] 
1965.528: [GC (Allocation Failure) [PSYoungGen: 54624K->1408K(55296K)] 492970K->439754K(632832K), 0.0019424 secs] [Times: user=0.01 sys=0.00, real=0.00 secs] 
1965.761: [GC (Allocation Failure) [PSYoungGen: 54656K->1376K(55296K)] 493002K->439722K(632832K), 0.0017775 secs] [Times: user=0.01 sys=0.00, real=0.00 secs] 
1965.983: [GC (Allocation Failure) [PSYoungGen: 54624K->1408K(54784K)] 492970K->439754K(632320K), 0.0018842 secs] [Times: user=0.00 sys=0.00, real=0.01 secs] 
1966.234: [GC (Allocation Failure) [PSYoungGen: 54656K->1376K(54784K)] 493002K->439722K(632320K), 0.0020493 secs] [Times: user=0.01 sys=0.00, real=0.00 secs] 
1966.459: [GC (Allocation Failure) [PSYoungGen: 54624K->1376K(54784K)] 492970K->439722K(632320K), 0.0019170 secs] [Times: user=0.01 sys=0.00, real=0.00 secs] 
1967.385: [GC (Allocation Failure) [PSYoungGen: 54624K->928K(54272K)] 492970K->440298K(631808K), 0.0022664 secs] [Times: user=0.01 sys=0.00, real=0.00 secs] 
1967.921: [GC (Allocation Failure) [PSYoungGen: 53664K->352K(54784K)] 493034K->439722K(632320K), 0.0025899 secs] [Times: user=0.01 sys=0.00, real=0.01 secs] 
1968.560: [GC (Allocation Failure) [PSYoungGen: 53088K->336K(54784K)] 492458K->439706K(632320K), 0.0044249 secs] [Times: user=0.02 sys=0.00, real=0.01 secs] 
1969.175: [GC (Allocation Failure) [PSYoungGen: 53072K->336K(54784K)] 492442K->439706K(632320K), 0.0036129 secs] [Times: user=0.01 sys=0.00, real=0.00 secs] 
1969.827: [GC (Allocation Failure) [PSYoungGen: 53072K->352K(54784K)] 492442K->439722K(632320K), 0.0028579 secs] [Times: user=0.01 sys=0.00, real=0.00 secs] 
1970.424: [GC (Allocation Failure) [PSYoungGen: 53088K->320K(54784K)] 492458K->439698K(632320K), 0.0032748 secs] [Times: user=0.02 sys=0.00, real=0.01 secs] 
1971.452: [GC (Allocation Failure) [PSYoungGen: 53056K->1472K(54272K)] 492434K->440850K(631808K), 0.0018419 secs] [Times: user=0.01 sys=0.00, real=0.01 secs] 
1971.706: [GC (Allocation Failure) [PSYoungGen: 53696K->1376K(54784K)] 493074K->440770K(632320K), 0.0017751 secs] [Times: user=0.01 sys=0.00, real=0.00 secs] 
1972.116: [GC (Allocation Failure) [PSYoungGen: 53600K->1376K(54784K)] 492994K->440770K(632320K), 0.0019505 secs] [Times: user=0.01 sys=0.00, real=0.00 secs] 
1972.506: [GC (Allocation Failure) [PSYoungGen: 53600K->1376K(54784K)] 492994K->440770K(632320K), 0.0021490 secs] [Times: user=0.01 sys=0.00, real=0.00 secs] 
1972.863: [GC (Allocation Failure) [PSYoungGen: 53600K->1408K(54784K)] 492994K->440810K(632320K), 0.0020943 secs] [Times: user=0.01 sys=0.00, real=0.01 secs] 
1973.866: [GC (Allocation Failure) [PSYoungGen: 53632K->1408K(54784K)] 493034K->440810K(632320K), 0.0017644 secs] [Times: user=0.01 sys=0.00, real=0.00 secs] 
1974.323: [GC (Allocation Failure) [PSYoungGen: 53632K->1376K(54784K)] 493034K->440778K(632320K), 0.0019231 secs] [Times: user=0.01 sys=0.00, real=0.01 secs] 
1974.789: [GC (Allocation Failure) [PSYoungGen: 53600K->1376K(54784K)] 493002K->440778K(632320K), 0.0019252 secs] [Times: user=0.01 sys=0.00, real=0.00 secs] 
1975.313: [GC (Allocation Failure) [PSYoungGen: 53600K->1376K(54784K)] 493002K->440778K(632320K), 0.0020184 secs] [Times: user=0.01 sys=0.00, real=0.01 secs] 
1975.825: [GC (Allocation Failure) [PSYoungGen: 53600K->1376K(54784K)] 493002K->440778K(632320K), 0.0019495 secs] [Times: user=0.01 sys=0.00, real=0.00 secs] 
1976.200: [GC (Allocation Failure) [PSYoungGen: 53600K->1376K(53760K)] 493002K->440778K(631296K), 0.0021959 secs] [Times: user=0.01 sys=0.00, real=0.00 secs] 
1977.361: [GC (Allocation Failure) [PSYoungGen: 53600K->1408K(54272K)] 493002K->440810K(631808K), 0.0019994 secs] [Times: user=0.01 sys=0.00, real=0.00 secs] 
1977.784: [GC (Allocation Failure) [PSYoungGen: 53632K->1408K(54272K)] 493034K->440810K(631808K), 0.0018512 secs] [Times: user=0.01 sys=0.00, real=0.00 secs] 
1978.239: [GC (Allocation Failure) [PSYoungGen: 53632K->1408K(54272K)] 493034K->440810K(631808K), 0.0023159 secs] [Times: user=0.02 sys=0.00, real=0.00 secs] 
1978.712: [GC (Allocation Failure) [PSYoungGen: 53632K->1376K(54272K)] 493034K->440778K(631808K), 0.0023107 secs] [Times: user=0.01 sys=0.00, real=0.01 secs] 
1979.179: [GC (Allocation Failure) [PSYoungGen: 53600K->1376K(54272K)] 493002K->440778K(631808K), 0.0027838 secs] [Times: user=0.01 sys=0.00, real=0.00 secs] 
1980.410: [GC (Allocation Failure) [PSYoungGen: 53600K->1408K(54272K)] 493002K->440810K(631808K), 0.0019114 secs] [Times: user=0.01 sys=0.00, real=0.00 secs] 
1981.067: [GC (Allocation Failure) [PSYoungGen: 53632K->1376K(54272K)] 493034K->440778K(631808K), 0.0092815 secs] [Times: user=0.04 sys=0.00, real=0.01 secs] 
1981.645: [GC (Allocation Failure) [PSYoungGen: 53600K->1376K(54272K)] 493002K->440778K(631808K), 0.0026560 secs] [Times: user=0.01 sys=0.00, real=0.00 secs] 
1982.177: [GC (Allocation Failure) [PSYoungGen: 53600K->1376K(54272K)] 493002K->440794K(631808K), 0.0024288 secs] [Times: user=0.01 sys=0.00, real=0.00 secs] 
1982.903: [GC (Allocation Failure) [PSYoungGen: 53600K->1376K(54272K)] 493018K->440802K(631808K), 0.0028154 secs] [Times: user=0.01 sys=0.00, real=0.01 secs] 
1984.185: [GC (Allocation Failure) [PSYoungGen: 53594K->1456K(54272K)] 493021K->440882K(631808K), 0.0016521 secs] [Times: user=0.00 sys=0.00, real=0.00 secs] 
1984.576: [GC (Allocation Failure) [PSYoungGen: 53680K->1360K(54272K)] 493106K->440786K(631808K), 0.0021031 secs] [Times: user=0.01 sys=0.00, real=0.00 secs] 
1984.815: [GC (Allocation Failure) [PSYoungGen: 53584K->1376K(54272K)] 493010K->440802K(631808K), 0.0020598 secs] [Times: user=0.00 sys=0.00, real=0.00 secs] 
1985.032: [GC (Allocation Failure) [PSYoungGen: 53600K->1344K(54272K)] 493026K->440770K(631808K), 0.0023571 secs] [Times: user=0.01 sys=0.00, real=0.01 secs] 
1985.377: [GC (Allocation Failure) [PSYoungGen: 53568K->1376K(54272K)] 492994K->440802K(631808K), 0.0030657 secs] [Times: user=0.01 sys=0.00, real=0.00 secs] 
1985.860: [GC (Allocation Failure) [PSYoungGen: 53600K->1376K(54272K)] 493026K->440810K(631808K), 0.0034302 secs] [Times: user=0.01 sys=0.00, real=0.01 secs] 
1987.105: [GC (Allocation Failure) [PSYoungGen: 53600K->1440K(54272K)] 493034K->440874K(631808K), 0.0021304 secs] [Times: user=0.01 sys=0.00, real=0.00 secs] 
1987.504: [GC (Allocation Failure) [PSYoungGen: 53664K->1344K(54272K)] 493098K->440778K(631808K), 0.0021227 secs] [Times: user=0.01 sys=0.00, real=0.00 secs] 
1987.721: [GC (Allocation Failure) [PSYoungGen: 53568K->1376K(54272K)] 493002K->440810K(631808K), 0.0021494 secs] [Times: user=0.01 sys=0.00, real=0.00 secs] 
1988.019: [GC (Allocation Failure) [PSYoungGen: 53600K->1376K(54272K)] 493034K->440810K(631808K), 0.0021500 secs] [Times: user=0.01 sys=0.00, real=0.00 secs] 
1988.254: [GC (Allocation Failure) [PSYoungGen: 53600K->1376K(54272K)] 493034K->440810K(631808K), 0.0022651 secs] [Times: user=0.01 sys=0.00, real=0.01 secs] 
1989.619: [GC (Allocation Failure) [PSYoungGen: 53600K->1888K(54272K)] 493034K->441322K(631808K), 0.0044513 secs] [Times: user=0.01 sys=0.00, real=0.00 secs] 
1990.366: [GC (Allocation Failure) [PSYoungGen: 54112K->1408K(54272K)] 493546K->440842K(631808K), 0.0031449 secs] [Times: user=0.02 sys=0.00, real=0.00 secs] 
1990.830: [GC (Allocation Failure) [PSYoungGen: 53632K->1344K(54272K)] 493066K->440778K(631808K), 0.0030315 secs] [Times: user=0.01 sys=0.00, real=0.00 secs] 
1991.636: [GC (Allocation Failure) [PSYoungGen: 53568K->1376K(54272K)] 493002K->440826K(631808K), 0.0029978 secs] [Times: user=0.01 sys=0.00, real=0.00 secs] 
1992.250: [GC (Allocation Failure) [PSYoungGen: 53600K->1408K(54272K)] 493050K->440858K(631808K), 0.0031847 secs] [Times: user=0.01 sys=0.00, real=0.00 secs] 
1992.684: [GC (Allocation Failure) [PSYoungGen: 53632K->1376K(54272K)] 493082K->440826K(631808K), 0.0030563 secs] [Times: user=0.01 sys=0.00, real=0.00 secs] 
1993.842: [GC (Allocation Failure) [PSYoungGen: 53600K->1408K(54272K)] 493050K->440858K(631808K), 0.0021962 secs] [Times: user=0.01 sys=0.00, real=0.01 secs] 
1994.317: [GC (Allocation Failure) [PSYoungGen: 53632K->1344K(54272K)] 493082K->440794K(631808K), 0.0029401 secs] [Times: user=0.02 sys=0.00, real=0.00 secs] 
1994.760: [GC (Allocation Failure) [PSYoungGen: 53568K->1344K(54272K)] 493018K->440794K(631808K), 0.0032161 secs] [Times: user=0.01 sys=0.00, real=0.00 secs] 
1995.232: [GC (Allocation Failure) [PSYoungGen: 53568K->1408K(54272K)] 493018K->440858K(631808K), 0.0025564 secs] [Times: user=0.01 sys=0.00, real=0.01 secs] 
1995.557: [GC (Allocation Failure) [PSYoungGen: 53632K->1376K(54272K)] 493082K->440826K(631808K), 0.0022951 secs] [Times: user=0.01 sys=0.00, real=0.00 secs] 
1996.614: [GC (Allocation Failure) [PSYoungGen: 53600K->1376K(54272K)] 493050K->441850K(631808K), 0.0022376 secs] [Times: user=0.01 sys=0.00, real=0.00 secs] 
1997.525: [GC (Allocation Failure) [PSYoungGen: 53600K->384K(54272K)] 494074K->440858K(631808K), 0.0045145 secs] [Times: user=0.01 sys=0.00, real=0.00 secs] 
1998.241: [GC (Allocation Failure) [PSYoungGen: 52608K->352K(54272K)] 493082K->440826K(631808K), 0.0032144 secs] [Times: user=0.01 sys=0.00, real=0.01 secs] 
1998.813: [GC (Allocation Failure) [PSYoungGen: 52576K->416K(54272K)] 493050K->440890K(631808K), 0.0027097 secs] [Times: user=0.01 sys=0.00, real=0.01 secs] 
1999.477: [GC (Allocation Failure) [PSYoungGen: 52640K->288K(54272K)] 493114K->440770K(631808K), 0.0026329 secs] [Times: user=0.01 sys=0.00, real=0.00 secs] 
1999.956: [GC (Allocation Failure) [PSYoungGen: 52512K->352K(54272K)] 492994K->440834K(631808K), 0.0025320 secs] [Times: user=0.01 sys=0.00, real=0.00 secs] 
2001.234: [GC (Allocation Failure) [PSYoungGen: 52576K->1408K(54272K)] 493058K->441890K(631808K), 0.0027071 secs] [Times: user=0.01 sys=0.00, real=0.00 secs] 
2001.993: [GC (Allocation Failure) [PSYoungGen: 53632K->1376K(53760K)] 494114K->441858K(631296K), 0.0044537 secs] [Times: user=0.02 sys=0.00, real=0.01 secs] 
2002.581: [GC (Allocation Failure) [PSYoungGen: 53088K->1376K(54272K)] 493570K->441858K(631808K), 0.0027795 secs] [Times: user=0.01 sys=0.00, real=0.00 secs] 
2003.147: [GC (Allocation Failure) [PSYoungGen: 53088K->1296K(54272K)] 493570K->441786K(631808K), 0.0028134 secs] [Times: user=0.01 sys=0.00, real=0.00 secs] 
2003.748: [GC (Allocation Failure) [PSYoungGen: 53008K->1344K(54272K)] 493498K->441834K(631808K), 0.0043961 secs] [Times: user=0.02 sys=0.00, real=0.00 secs] 
2004.813: [GC (Allocation Failure) [PSYoungGen: 53056K->1408K(54272K)] 493546K->441898K(631808K), 0.0016145 secs] [Times: user=0.01 sys=0.00, real=0.01 secs] 
2005.038: [GC (Allocation Failure) [PSYoungGen: 53120K->1376K(54272K)] 493610K->441866K(631808K), 0.0016659 secs] [Times: user=0.01 sys=0.00, real=0.00 secs] 
2005.253: [GC (Allocation Failure) [PSYoungGen: 53088K->1376K(53248K)] 493578K->441866K(630784K), 0.0041450 secs] [Times: user=0.02 sys=0.00, real=0.01 secs] 
2005.469: [GC (Allocation Failure) [PSYoungGen: 53088K->1408K(53760K)] 493578K->441898K(631296K), 0.0016177 secs] [Times: user=0.01 sys=0.00, real=0.00 secs] 
2005.834: [GC (Allocation Failure) [PSYoungGen: 53120K->1376K(53760K)] 493610K->441866K(631296K), 0.0018370 secs] [Times: user=0.01 sys=0.00, real=0.00 secs] 
2006.262: [GC (Allocation Failure) [PSYoungGen: 53088K->1344K(53760K)] 493578K->441834K(631296K), 0.0018310 secs] [Times: user=0.01 sys=0.00, real=0.01 secs] 
2007.569: [GC (Allocation Failure) [PSYoungGen: 53056K->1376K(53760K)] 493546K->441866K(631296K), 0.0023143 secs] [Times: user=0.01 sys=0.00, real=0.00 secs] 
2007.812: [GC (Allocation Failure) [PSYoungGen: 53088K->1344K(53760K)] 493578K->441834K(631296K), 0.0021708 secs] [Times: user=0.00 sys=0.00, real=0.01 secs] 
2008.154: [GC (Allocation Failure) [PSYoungGen: 53056K->1376K(53760K)] 493546K->441866K(631296K), 0.0020718 secs] [Times: user=0.01 sys=0.00, real=0.00 secs] 
2008.531: [GC (Allocation Failure) [PSYoungGen: 53088K->1344K(53760K)] 493578K->441834K(631296K), 0.0039477 secs] [Times: user=0.02 sys=0.00, real=0.01 secs] 
2008.965: [GC (Allocation Failure) [PSYoungGen: 53056K->1376K(53760K)] 493546K->441866K(631296K), 0.0027942 secs] [Times: user=0.01 sys=0.00, real=0.00 secs] 
2009.983: [GC (Allocation Failure) [PSYoungGen: 53088K->1440K(53760K)] 493578K->441930K(631296K), 0.0018872 secs] [Times: user=0.00 sys=0.00, real=0.01 secs] 
2010.198: [GC (Allocation Failure) [PSYoungGen: 53152K->1376K(53760K)] 493642K->441866K(631296K), 0.0028484 secs] [Times: user=0.01 sys=0.00, real=0.00 secs] 
2010.450: [GC (Allocation Failure) [PSYoungGen: 53088K->1376K(53760K)] 493578K->441890K(631296K), 0.0025908 secs] [Times: user=0.02 sys=0.00, real=0.00 secs] 
2010.788: [GC (Allocation Failure) [PSYoungGen: 53088K->1344K(53760K)] 493602K->441858K(631296K), 0.0030120 secs] [Times: user=0.01 sys=0.00, real=0.00 secs] 
2011.238: [GC (Allocation Failure) [PSYoungGen: 53056K->1376K(53760K)] 493570K->441890K(631296K), 0.0030716 secs] [Times: user=0.01 sys=0.00, real=0.00 secs] 
2012.044: [GC (Allocation Failure) [PSYoungGen: 53088K->1328K(53760K)] 493602K->441843K(631296K), 0.0016606 secs] [Times: user=0.01 sys=0.00, real=0.00 secs] 
2012.930: [GC (Allocation Failure) [PSYoungGen: 53040K->1376K(53760K)] 493555K->441890K(631296K), 0.0037241 secs] [Times: user=0.02 sys=0.00, real=0.01 secs] 
2013.400: [GC (Allocation Failure) [PSYoungGen: 53088K->1344K(53760K)] 493602K->441858K(631296K), 0.0034336 secs] [Times: user=0.02 sys=0.00, real=0.00 secs] 
2013.860: [GC (Allocation Failure) [PSYoungGen: 53056K->1408K(53760K)] 493570K->441922K(631296K), 0.0033900 secs] [Times: user=0.02 sys=0.00, real=0.00 secs] 
2014.325: [GC (Allocation Failure) [PSYoungGen: 53120K->1376K(53760K)] 493634K->441890K(631296K), 0.0031275 secs] [Times: user=0.01 sys=0.00, real=0.00 secs] 
2014.637: [GC (Allocation Failure) [PSYoungGen: 53088K->1376K(53760K)] 493602K->441898K(631296K), 0.0022219 secs] [Times: user=0.01 sys=0.00, real=0.00 secs] 
2015.464: [GC (Allocation Failure) [PSYoungGen: 53088K->1376K(53760K)] 493610K->441898K(631296K), 0.0015836 secs] [Times: user=0.01 sys=0.00, real=0.00 secs] 
2015.699: [GC (Allocation Failure) [PSYoungGen: 53088K->1344K(53760K)] 493610K->441866K(631296K), 0.0014777 secs] [Times: user=0.01 sys=0.00, real=0.00 secs] 
2015.996: [GC (Allocation Failure) [PSYoungGen: 53056K->1376K(53760K)] 493578K->441898K(631296K), 0.0018520 secs] [Times: user=0.00 sys=0.00, real=0.00 secs] 
2016.211: [GC (Allocation Failure) [PSYoungGen: 53088K->1360K(53248K)] 493610K->441882K(630784K), 0.0018744 secs] [Times: user=0.01 sys=0.00, real=0.00 secs] 
2016.425: [GC (Allocation Failure) [PSYoungGen: 53072K->1376K(53248K)] 493594K->441898K(630784K), 0.0020132 secs] [Times: user=0.00 sys=0.00, real=0.00 secs] 
2017.254: [GC (Allocation Failure) [PSYoungGen: 52075K->256K(53248K)] 492598K->440778K(630784K), 0.0015459 secs] [Times: user=0.00 sys=0.00, real=0.00 secs] 
2017.491: [GC (Allocation Failure) [PSYoungGen: 51968K->1344K(53760K)] 492490K->441866K(631296K), 0.0018065 secs] [Times: user=0.01 sys=0.00, real=0.00 secs] 
2017.712: [GC (Allocation Failure) [PSYoungGen: 53056K->1376K(53760K)] 493578K->441898K(631296K), 0.0017499 secs] [Times: user=0.01 sys=0.00, real=0.01 secs] 
2018.128: [GC (Allocation Failure) [PSYoungGen: 53088K->1376K(53760K)] 493610K->441898K(631296K), 0.0021088 secs] [Times: user=0.01 sys=0.00, real=0.00 secs] 
2018.682: [GC (Allocation Failure) [PSYoungGen: 53088K->1440K(53760K)] 493610K->441962K(631296K), 0.0021408 secs] [Times: user=0.01 sys=0.00, real=0.01 secs] 
2019.337: [GC (Allocation Failure) [PSYoungGen: 53152K->1408K(53760K)] 493674K->441946K(631296K), 0.0025189 secs] [Times: user=0.01 sys=0.00, real=0.00 secs] 
2020.613: [GC (Allocation Failure) [PSYoungGen: 53120K->1408K(53760K)] 493658K->441946K(631296K), 0.0023998 secs] [Times: user=0.01 sys=0.00, real=0.01 secs] 
2021.207: [GC (Allocation Failure) [PSYoungGen: 53120K->1344K(53760K)] 493658K->441882K(631296K), 0.0024469 secs] [Times: user=0.01 sys=0.00, real=0.00 secs] 
2021.710: [GC (Allocation Failure) [PSYoungGen: 53056K->1408K(53760K)] 493594K->441946K(631296K), 0.0026220 secs] [Times: user=0.01 sys=0.00, real=0.00 secs] 
2022.277: [GC (Allocation Failure) [PSYoungGen: 53120K->1344K(53760K)] 493658K->441882K(631296K), 0.0025554 secs] [Times: user=0.01 sys=0.00, real=0.00 secs] 
2022.958: [GC (Allocation Failure) [PSYoungGen: 53056K->1376K(53760K)] 493594K->441914K(631296K), 0.0030520 secs] [Times: user=0.01 sys=0.00, real=0.00 secs] 
2024.122: [GC (Allocation Failure) [PSYoungGen: 52069K->224K(53760K)] 492608K->440762K(631296K), 0.0018212 secs] [Times: user=0.01 sys=0.00, real=0.01 secs] 
2024.859: [GC (Allocation Failure) [PSYoungGen: 51936K->1376K(53760K)] 492474K->441914K(631296K), 0.0027035 secs] [Times: user=0.01 sys=0.01, real=0.00 secs] 
2025.346: [GC (Allocation Failure) [PSYoungGen: 53088K->1344K(53760K)] 493626K->441882K(631296K), 0.0025786 secs] [Times: user=0.01 sys=0.00, real=0.00 secs] 
2025.904: [GC (Allocation Failure) [PSYoungGen: 53056K->1376K(53760K)] 493594K->441914K(631296K), 0.0023115 secs] [Times: user=0.01 sys=0.00, real=0.00 secs] 
2026.407: [GC (Allocation Failure) [PSYoungGen: 53088K->1360K(53760K)] 493626K->441898K(631296K), 0.0025657 secs] [Times: user=0.01 sys=0.00, real=0.00 secs] 
2026.790: [GC (Allocation Failure) [PSYoungGen: 53072K->1376K(53760K)] 493610K->441914K(631296K), 0.0026147 secs] [Times: user=0.01 sys=0.00, real=0.00 secs] 
2028.067: [GC (Allocation Failure) [PSYoungGen: 53088K->1408K(53760K)] 493626K->441946K(631296K), 0.0023122 secs] [Times: user=0.00 sys=0.00, real=0.00 secs] 
2028.546: [GC (Allocation Failure) [PSYoungGen: 53120K->1344K(53760K)] 493658K->441882K(631296K), 0.0044086 secs] [Times: user=0.01 sys=0.00, real=0.00 secs] 
2029.059: [GC (Allocation Failure) [PSYoungGen: 53056K->1344K(53760K)] 493594K->441882K(631296K), 0.0031091 secs] [Times: user=0.02 sys=0.00, real=0.00 secs] 
2029.675: [GC (Allocation Failure) [PSYoungGen: 53056K->1376K(53760K)] 493594K->441914K(631296K), 0.0033533 secs] [Times: user=0.02 sys=0.00, real=0.00 secs] 
2030.318: [GC (Allocation Failure) [PSYoungGen: 53088K->1376K(53760K)] 493626K->441914K(631296K), 0.0027485 secs] [Times: user=0.01 sys=0.00, real=0.00 secs] 
2031.631: [GC (Allocation Failure) [PSYoungGen: 52070K->256K(53760K)] 492609K->440794K(631296K), 0.0015844 secs] [Times: user=0.01 sys=0.00, real=0.00 secs] 
2032.358: [GC (Allocation Failure) [PSYoungGen: 51968K->1376K(53760K)] 492506K->441914K(631296K), 0.0020227 secs] [Times: user=0.01 sys=0.00, real=0.00 secs] 
2032.833: [GC (Allocation Failure) [PSYoungGen: 53088K->1344K(53760K)] 493626K->441882K(631296K), 0.0034942 secs] [Times: user=0.01 sys=0.00, real=0.01 secs] 
2033.269: [GC (Allocation Failure) [PSYoungGen: 53056K->1376K(53760K)] 493594K->441922K(631296K), 0.0030283 secs] [Times: user=0.01 sys=0.00, real=0.00 secs] 
2033.705: [GC (Allocation Failure) [PSYoungGen: 53088K->1376K(53760K)] 493634K->441922K(631296K), 0.0023893 secs] [Times: user=0.01 sys=0.00, real=0.00 secs] 
2034.168: [GC (Allocation Failure) [PSYoungGen: 53088K->1360K(53760K)] 493634K->441906K(631296K), 0.0023884 secs] [Times: user=0.01 sys=0.00, real=0.00 secs] 
2035.496: [GC (Allocation Failure) [PSYoungGen: 53072K->1408K(53760K)] 493618K->441954K(631296K), 0.0022829 secs] [Times: user=0.01 sys=0.00, real=0.00 secs] 
2036.301: [GC (Allocation Failure) [PSYoungGen: 53120K->1376K(53760K)] 493666K->441922K(631296K), 0.0034057 secs] [Times: user=0.02 sys=0.00, real=0.01 secs] 
2037.106: [GC (Allocation Failure) [PSYoungGen: 53088K->1376K(53760K)] 493634K->441922K(631296K), 0.0034102 secs] [Times: user=0.02 sys=0.01, real=0.00 secs] 
2037.670: [GC (Allocation Failure) [PSYoungGen: 53088K->1376K(53760K)] 493634K->441922K(631296K), 0.0033441 secs] [Times: user=0.01 sys=0.01, real=0.00 secs] 
2038.043: [GC (Allocation Failure) [PSYoungGen: 53088K->1344K(53760K)] 493634K->441890K(631296K), 0.0028920 secs] [Times: user=0.01 sys=0.00, real=0.01 secs] 
2039.399: [GC (Allocation Failure) [PSYoungGen: 53056K->224K(53760K)] 493602K->440770K(631296K), 0.0015974 secs] [Times: user=0.01 sys=0.00, real=0.00 secs] 
2040.283: [GC (Allocation Failure) [PSYoungGen: 51936K->1376K(53760K)] 492482K->441922K(631296K), 0.0019580 secs] [Times: user=0.01 sys=0.00, real=0.01 secs] 
2041.015: [GC (Allocation Failure) [PSYoungGen: 53088K->1408K(53760K)] 493634K->441954K(631296K), 0.0019715 secs] [Times: user=0.01 sys=0.00, real=0.00 secs] 
2041.734: [GC (Allocation Failure) [PSYoungGen: 53120K->1344K(53760K)] 493666K->441890K(631296K), 0.0019676 secs] [Times: user=0.01 sys=0.00, real=0.01 secs] 
2042.200: [GC (Allocation Failure) [PSYoungGen: 53056K->1376K(53760K)] 493602K->441922K(631296K), 0.0020549 secs] [Times: user=0.01 sys=0.00, real=0.00 secs] 
2042.415: [GC (Allocation Failure) [PSYoungGen: 53088K->1376K(53760K)] 493634K->441930K(631296K), 0.0020609 secs] [Times: user=0.01 sys=0.00, real=0.00 secs] 
2043.386: [GC (Allocation Failure) [PSYoungGen: 53088K->1424K(53760K)] 493642K->441986K(631296K), 0.0020464 secs] [Times: user=0.01 sys=0.00, real=0.00 secs] 
2043.802: [GC (Allocation Failure) [PSYoungGen: 53136K->1376K(53760K)] 493698K->441938K(631296K), 0.0021190 secs] [Times: user=0.01 sys=0.00, real=0.01 secs] 
2044.235: [GC (Allocation Failure) [PSYoungGen: 53088K->1344K(53760K)] 493650K->441906K(631296K), 0.0021359 secs] [Times: user=0.01 sys=0.00, real=0.00 secs] 
2044.679: [GC (Allocation Failure) [PSYoungGen: 53056K->1376K(53760K)] 493618K->441938K(631296K), 0.0021577 secs] [Times: user=0.01 sys=0.00, real=0.00 secs] 
2045.194: [GC (Allocation Failure) [PSYoungGen: 53088K->1376K(53760K)] 493650K->441938K(631296K), 0.0023582 secs] [Times: user=0.01 sys=0.00, real=0.00 secs] 
2046.312: [GC (Allocation Failure) [PSYoungGen: 53082K->160K(53760K)] 493645K->440722K(631296K), 0.0014947 secs] [Times: user=0.00 sys=0.00, real=0.01 secs] 
2046.918: [GC (Allocation Failure) [PSYoungGen: 51872K->1376K(53760K)] 492434K->441938K(631296K), 0.0019122 secs] [Times: user=0.01 sys=0.00, real=0.00 secs] 
2047.504: [GC (Allocation Failure) [PSYoungGen: 53088K->1376K(53760K)] 493650K->441938K(631296K), 0.0019228 secs] [Times: user=0.00 sys=0.00, real=0.00 secs] 
2048.084: [GC (Allocation Failure) [PSYoungGen: 53088K->1440K(53760K)] 493650K->442002K(631296K), 0.0020039 secs] [Times: user=0.01 sys=0.00, real=0.00 secs] 
2048.601: [GC (Allocation Failure) [PSYoungGen: 53152K->1440K(53760K)] 493714K->442002K(631296K), 0.0020527 secs] [Times: user=0.01 sys=0.00, real=0.00 secs] 
2049.069: [GC (Allocation Failure) [PSYoungGen: 53152K->1408K(53760K)] 493714K->441970K(631296K), 0.0020961 secs] [Times: user=0.01 sys=0.00, real=0.00 secs] 
2050.450: [GC (Allocation Failure) [PSYoungGen: 53120K->1376K(53760K)] 493682K->441938K(631296K), 0.0021799 secs] [Times: user=0.01 sys=0.00, real=0.00 secs] 
2051.276: [GC (Allocation Failure) [PSYoungGen: 53088K->1376K(53760K)] 493650K->441938K(631296K), 0.0030484 secs] [Times: user=0.01 sys=0.00, real=0.00 secs] 
2051.968: [GC (Allocation Failure) [PSYoungGen: 53088K->1344K(53760K)] 493650K->441906K(631296K), 0.0032043 secs] [Times: user=0.02 sys=0.00, real=0.00 secs] 
2052.368: [GC (Allocation Failure) [PSYoungGen: 53056K->1344K(53760K)] 493618K->441906K(631296K), 0.0028298 secs] [Times: user=0.01 sys=0.00, real=0.00 secs] 
2052.765: [GC (Allocation Failure) [PSYoungGen: 53056K->1376K(53760K)] 493618K->441946K(631296K), 0.0028433 secs] [Times: user=0.01 sys=0.01, real=0.00 secs] 
2053.829: [GC (Allocation Failure) [PSYoungGen: 53088K->160K(53760K)] 493658K->440730K(631296K), 0.0016786 secs] [Times: user=0.00 sys=0.00, real=0.00 secs] 
2054.182: [GC (Allocation Failure) [PSYoungGen: 51872K->1376K(53760K)] 492442K->441946K(631296K), 0.0018328 secs] [Times: user=0.01 sys=0.00, real=0.01 secs] 
2054.592: [GC (Allocation Failure) [PSYoungGen: 53088K->1376K(53760K)] 493658K->441946K(631296K), 0.0017788 secs] [Times: user=0.01 sys=0.00, real=0.01 secs] 
2055.035: [GC (Allocation Failure) [PSYoungGen: 53088K->1376K(53760K)] 493658K->441946K(631296K), 0.0029694 secs] [Times: user=0.01 sys=0.00, real=0.00 secs] 
2055.448: [GC (Allocation Failure) [PSYoungGen: 53088K->1408K(53760K)] 493658K->441978K(631296K), 0.0030073 secs] [Times: user=0.01 sys=0.00, real=0.00 secs] 
2055.885: [GC (Allocation Failure) [PSYoungGen: 53120K->1376K(53760K)] 493690K->441946K(631296K), 0.0031871 secs] [Times: user=0.02 sys=0.00, real=0.00 secs] 
2057.855: [GC (Allocation Failure) [PSYoungGen: 53088K->1408K(53760K)] 493658K->441978K(631296K), 0.0040183 secs] [Times: user=0.01 sys=0.00, real=0.00 secs] 
2058.782: [GC (Allocation Failure) [PSYoungGen: 53120K->1344K(53760K)] 493690K->441922K(631296K), 0.0043366 secs] [Times: user=0.02 sys=0.00, real=0.01 secs] 
2059.250: [GC (Allocation Failure) [PSYoungGen: 53056K->1344K(53760K)] 493634K->441922K(631296K), 0.0030510 secs] [Times: user=0.01 sys=0.00, real=0.00 secs] 
2059.822: [GC (Allocation Failure) [PSYoungGen: 53056K->1376K(53760K)] 493634K->441962K(631296K), 0.0032188 secs] [Times: user=0.02 sys=0.00, real=0.01 secs] 
2060.536: [GC (Allocation Failure) [PSYoungGen: 53088K->1376K(53760K)] 493674K->441962K(631296K), 0.0032621 secs] [Times: user=0.01 sys=0.00, real=0.00 secs] 
2061.860: [GC (Allocation Failure) [PSYoungGen: 52077K->224K(53760K)] 492664K->440810K(631296K), 0.0015339 secs] [Times: user=0.01 sys=0.00, real=0.00 secs] 
2062.443: [GC (Allocation Failure) [PSYoungGen: 51936K->1376K(53760K)] 492522K->441962K(631296K), 0.0019320 secs] [Times: user=0.01 sys=0.00, real=0.01 secs] 
2062.885: [GC (Allocation Failure) [PSYoungGen: 53088K->1408K(53760K)] 493674K->441994K(631296K), 0.0026194 secs] [Times: user=0.01 sys=0.00, real=0.00 secs] 
2063.392: [GC (Allocation Failure) [PSYoungGen: 53120K->1344K(53760K)] 493706K->441938K(631296K), 0.0028122 secs] [Times: user=0.01 sys=0.00, real=0.01 secs] 
2063.600: [GC (Allocation Failure) [PSYoungGen: 53056K->1376K(53760K)] 493650K->441986K(631296K), 0.0021540 secs] [Times: user=0.01 sys=0.00, real=0.00 secs] 
2063.819: [GC (Allocation Failure) [PSYoungGen: 53088K->1360K(53760K)] 493698K->441970K(631296K), 0.0021610 secs] [Times: user=0.01 sys=0.00, real=0.00 secs] 
2064.932: [GC (Allocation Failure) [PSYoungGen: 53072K->1424K(53760K)] 493682K->442034K(631296K), 0.0022606 secs] [Times: user=0.01 sys=0.00, real=0.01 secs] 
2065.408: [GC (Allocation Failure) [PSYoungGen: 53136K->1328K(53760K)] 493746K->441938K(631296K), 0.0023904 secs] [Times: user=0.01 sys=0.00, real=0.00 secs] 
2066.143: [GC (Allocation Failure) [PSYoungGen: 53040K->1344K(53760K)] 493650K->441954K(631296K), 0.0028060 secs] [Times: user=0.01 sys=0.00, real=0.01 secs] 
2066.879: [GC (Allocation Failure) [PSYoungGen: 53056K->1344K(53760K)] 493666K->441954K(631296K), 0.0036074 secs] [Times: user=0.02 sys=0.00, real=0.00 secs] 
2067.716: [GC (Allocation Failure) [PSYoungGen: 53056K->1376K(53760K)] 493666K->441986K(631296K), 0.0025860 secs] [Times: user=0.01 sys=0.00, real=0.00 secs] 
2069.092: [GC (Allocation Failure) [PSYoungGen: 52079K->224K(53760K)] 492690K->440834K(631296K), 0.0015015 secs] [Times: user=0.01 sys=0.00, real=0.00 secs] 
2069.853: [GC (Allocation Failure) [PSYoungGen: 51936K->1376K(53760K)] 492546K->441986K(631296K), 0.0021745 secs] [Times: user=0.01 sys=0.00, real=0.01 secs] 
2070.068: [GC (Allocation Failure) [PSYoungGen: 53088K->1344K(53760K)] 493698K->441954K(631296K), 0.0020718 secs] [Times: user=0.01 sys=0.00, real=0.00 secs] 
2070.444: [GC (Allocation Failure) [PSYoungGen: 53056K->1376K(53760K)] 493666K->441986K(631296K), 0.0020111 secs] [Times: user=0.01 sys=0.00, real=0.01 secs] 
2071.051: [GC (Allocation Failure) [PSYoungGen: 53088K->1344K(53760K)] 493698K->441954K(631296K), 0.0045928 secs] [Times: user=0.02 sys=0.00, real=0.01 secs] 
2071.832: [GC (Allocation Failure) [PSYoungGen: 53056K->1344K(53760K)] 493666K->441954K(631296K), 0.0044890 secs] [Times: user=0.02 sys=0.00, real=0.01 secs] 
2073.657: [GC (Allocation Failure) [PSYoungGen: 53056K->1376K(53760K)] 493666K->441994K(631296K), 0.0028337 secs] [Times: user=0.01 sys=0.00, real=0.00 secs] 
2073.873: [GC (Allocation Failure) [PSYoungGen: 53088K->1344K(53760K)] 493706K->441962K(631296K), 0.0020916 secs] [Times: user=0.01 sys=0.00, real=0.01 secs] 
2074.101: [GC (Allocation Failure) [PSYoungGen: 53056K->1376K(53760K)] 493674K->441994K(631296K), 0.0020545 secs] [Times: user=0.01 sys=0.00, real=0.00 secs] 
2074.342: [GC (Allocation Failure) [PSYoungGen: 53088K->1376K(53760K)] 493706K->441994K(631296K), 0.0021001 secs] [Times: user=0.01 sys=0.00, real=0.01 secs] 
2074.762: [GC (Allocation Failure) [PSYoungGen: 53088K->1376K(53760K)] 493706K->441994K(631296K), 0.0020567 secs] [Times: user=0.01 sys=0.00, real=0.01 secs] 
2075.898: [GC (Allocation Failure) [PSYoungGen: 53088K->1440K(53760K)] 493706K->442058K(631296K), 0.0022511 secs] [Times: user=0.01 sys=0.00, real=0.00 secs] 
2077.265: [GC (Allocation Failure) [PSYoungGen: 53152K->1344K(53760K)] 493770K->441962K(631296K), 0.0043962 secs] [Times: user=0.02 sys=0.00, real=0.00 secs] 
2078.027: [GC (Allocation Failure) [PSYoungGen: 53056K->1344K(53760K)] 493674K->441962K(631296K), 0.0043594 secs] [Times: user=0.02 sys=0.00, real=0.00 secs] 
2078.785: [GC (Allocation Failure) [PSYoungGen: 53056K->1376K(53760K)] 493674K->441994K(631296K), 0.0039654 secs] [Times: user=0.01 sys=0.00, real=0.00 secs] 
2079.270: [GC (Allocation Failure) [PSYoungGen: 53088K->1376K(53760K)] 493706K->441994K(631296K), 0.0028601 secs] [Times: user=0.01 sys=0.00, real=0.00 secs] 
2079.629: [GC (Allocation Failure) [PSYoungGen: 53088K->1344K(53760K)] 493706K->441962K(631296K), 0.0027131 secs] [Times: user=0.01 sys=0.00, real=0.00 secs] 
2080.866: [GC (Allocation Failure) [PSYoungGen: 53056K->1408K(53760K)] 493674K->442026K(631296K), 0.0020590 secs] [Times: user=0.01 sys=0.00, real=0.00 secs] 
2081.540: [GC (Allocation Failure) [PSYoungGen: 53120K->1376K(53760K)] 493738K->441994K(631296K), 0.0028396 secs] [Times: user=0.01 sys=0.00, real=0.00 secs] 
2082.083: [GC (Allocation Failure) [PSYoungGen: 53088K->1408K(53760K)] 493706K->442026K(631296K), 0.0030629 secs] [Times: user=0.01 sys=0.00, real=0.01 secs] 
2082.808: [GC (Allocation Failure) [PSYoungGen: 53120K->1376K(53760K)] 493738K->441994K(631296K), 0.0030868 secs] [Times: user=0.01 sys=0.00, real=0.00 secs] 
2083.369: [GC (Allocation Failure) [PSYoungGen: 53088K->1376K(53760K)] 493706K->442002K(631296K), 0.0029751 secs] [Times: user=0.01 sys=0.00, real=0.00 secs] 
2084.621: [GC (Allocation Failure) [PSYoungGen: 53088K->1568K(53760K)] 493714K->442194K(631296K), 0.0019379 secs] [Times: user=0.01 sys=0.00, real=0.00 secs] 
2085.282: [GC (Allocation Failure) [PSYoungGen: 53280K->1376K(53760K)] 493906K->442002K(631296K), 0.0029765 secs] [Times: user=0.01 sys=0.01, real=0.01 secs] 
2085.803: [GC (Allocation Failure) [PSYoungGen: 53088K->1408K(53760K)] 493714K->442034K(631296K), 0.0034266 secs] [Times: user=0.01 sys=0.00, real=0.01 secs] 
2086.131: [GC (Allocation Failure) [PSYoungGen: 53120K->1376K(53760K)] 493746K->442002K(631296K), 0.0026706 secs] [Times: user=0.01 sys=0.01, real=0.00 secs] 
2086.513: [GC (Allocation Failure) [PSYoungGen: 53088K->1376K(53760K)] 493714K->442002K(631296K), 0.0026794 secs] [Times: user=0.01 sys=0.00, real=0.01 secs] 
2087.001: [GC (Allocation Failure) [PSYoungGen: 53088K->1376K(53248K)] 493714K->442002K(630784K), 0.0024096 secs] [Times: user=0.01 sys=0.00, real=0.00 secs] 
2088.103: [GC (Allocation Failure) [PSYoungGen: 53088K->1408K(53248K)] 493714K->442034K(630784K), 0.0020218 secs] [Times: user=0.00 sys=0.00, real=0.01 secs] 
2088.599: [GC (Allocation Failure) [PSYoungGen: 53120K->1344K(53248K)] 493746K->441970K(630784K), 0.0023260 secs] [Times: user=0.01 sys=0.00, real=0.00 secs] 
2089.067: [GC (Allocation Failure) [PSYoungGen: 53056K->1376K(53248K)] 493682K->442002K(630784K), 0.0021811 secs] [Times: user=0.01 sys=0.00, real=0.00 secs] 
2089.542: [GC (Allocation Failure) [PSYoungGen: 53088K->1328K(53248K)] 493714K->441954K(630784K), 0.0023736 secs] [Times: user=0.01 sys=0.00, real=0.01 secs] 
2090.137: [GC (Allocation Failure) [PSYoungGen: 53040K->1408K(53248K)] 493666K->442034K(630784K), 0.0028133 secs] [Times: user=0.02 sys=0.00, real=0.00 secs] 
2091.507: [GC (Allocation Failure) [PSYoungGen: 53120K->1504K(53248K)] 493746K->442226K(630784K), 0.0020243 secs] [Times: user=0.01 sys=0.00, real=0.00 secs] 
2092.421: [GC (Allocation Failure) [PSYoungGen: 53216K->1328K(53760K)] 493938K->442082K(631296K), 0.0034469 secs] [Times: user=0.02 sys=0.00, real=0.01 secs] 
2092.845: [GC (Allocation Failure) [PSYoungGen: 53040K->1328K(53760K)] 493794K->442082K(631296K), 0.0031397 secs] [Times: user=0.01 sys=0.00, real=0.00 secs] 
2093.270: [GC (Allocation Failure) [PSYoungGen: 53040K->1312K(53760K)] 493794K->442066K(631296K), 0.0034445 secs] [Times: user=0.02 sys=0.00, real=0.00 secs] 
2093.681: [GC (Allocation Failure) [PSYoungGen: 53024K->1280K(53760K)] 493778K->442034K(631296K), 0.0033741 secs] [Times: user=0.01 sys=0.00, real=0.01 secs] 
2093.997: [GC (Allocation Failure) [PSYoungGen: 52992K->1248K(53760K)] 493746K->442002K(631296K), 0.0022703 secs] [Times: user=0.01 sys=0.00, real=0.00 secs] 
2095.123: [GC (Allocation Failure) [PSYoungGen: 52960K->1552K(53760K)] 493714K->442306K(631296K), 0.0023325 secs] [Times: user=0.01 sys=0.00, real=0.01 secs] 
2095.548: [GC (Allocation Failure) [PSYoungGen: 53264K->1552K(53760K)] 494018K->442306K(631296K), 0.0020896 secs] [Times: user=0.01 sys=0.00, real=0.00 secs] 
2096.080: [GC (Allocation Failure) [PSYoungGen: 53264K->1488K(53760K)] 494018K->442242K(631296K), 0.0022575 secs] [Times: user=0.01 sys=0.00, real=0.00 secs] 
2096.660: [GC (Allocation Failure) [PSYoungGen: 53200K->1504K(53760K)] 493954K->442258K(631296K), 0.0023638 secs] [Times: user=0.01 sys=0.00, real=0.00 secs] 
2097.364: [GC (Allocation Failure) [PSYoungGen: 53216K->1504K(53760K)] 493970K->442258K(631296K), 0.0027236 secs] [Times: user=0.01 sys=0.00, real=0.00 secs] 
2098.821: [GC (Allocation Failure) [PSYoungGen: 53216K->2016K(53760K)] 493970K->442786K(631296K), 0.0020607 secs] [Times: user=0.01 sys=0.00, real=0.00 secs] 
2099.656: [GC (Allocation Failure) [PSYoungGen: 53728K->1472K(53760K)] 494498K->442242K(631296K), 0.0044614 secs] [Times: user=0.02 sys=0.00, real=0.00 secs] 
2100.126: [GC (Allocation Failure) [PSYoungGen: 53184K->1488K(53760K)] 493954K->442258K(631296K), 0.0025242 secs] [Times: user=0.01 sys=0.00, real=0.00 secs] 
2100.458: [GC (Allocation Failure) [PSYoungGen: 53200K->1536K(53760K)] 493970K->442306K(631296K), 0.0025745 secs] [Times: user=0.01 sys=0.00, real=0.00 secs] 
2100.927: [GC (Allocation Failure) [PSYoungGen: 53248K->1344K(53760K)] 494018K->442247K(631296K), 0.0026350 secs] [Times: user=0.01 sys=0.00, real=0.00 secs] 
2101.408: [GC (Allocation Failure) [PSYoungGen: 53056K->1376K(53760K)] 493959K->442279K(631296K), 0.0024754 secs] [Times: user=0.01 sys=0.00, real=0.00 secs] 
2102.399: [GC (Allocation Failure) [PSYoungGen: 53088K->1472K(53760K)] 493991K->442383K(631296K), 0.0017586 secs] [Times: user=0.01 sys=0.00, real=0.00 secs] 
2102.613: [GC (Allocation Failure) [PSYoungGen: 53184K->1472K(53760K)] 494095K->442383K(631296K), 0.0015775 secs] [Times: user=0.00 sys=0.00, real=0.01 secs] 
2102.828: [GC (Allocation Failure) [PSYoungGen: 53184K->1472K(53760K)] 494095K->442383K(631296K), 0.0016041 secs] [Times: user=0.01 sys=0.00, real=0.00 secs] 
2103.042: [GC (Allocation Failure) [PSYoungGen: 53184K->1440K(53760K)] 494095K->442351K(631296K), 0.0019500 secs] [Times: user=0.01 sys=0.00, real=0.01 secs] 
2103.284: [GC (Allocation Failure) [PSYoungGen: 53152K->1440K(53760K)] 494063K->442359K(631296K), 0.0035051 secs] [Times: user=0.02 sys=0.00, real=0.00 secs] 
2104.221: [GC (Allocation Failure) [PSYoungGen: 53152K->2016K(53760K)] 494071K->442935K(631296K), 0.0019556 secs] [Times: user=0.01 sys=0.00, real=0.00 secs] 
2104.792: [GC (Allocation Failure) [PSYoungGen: 53728K->1440K(53760K)] 494647K->442359K(631296K), 0.0021420 secs] [Times: user=0.01 sys=0.00, real=0.01 secs] 
2105.388: [GC (Allocation Failure) [PSYoungGen: 53152K->1440K(53760K)] 494071K->442359K(631296K), 0.0043037 secs] [Times: user=0.02 sys=0.00, real=0.00 secs] 
2106.011: [GC (Allocation Failure) [PSYoungGen: 53152K->1408K(53760K)] 494071K->442327K(631296K), 0.0030560 secs] [Times: user=0.01 sys=0.00, real=0.00 secs] 
2106.525: [GC (Allocation Failure) [PSYoungGen: 53120K->1376K(53760K)] 494039K->442367K(631296K), 0.0026204 secs] [Times: user=0.01 sys=0.00, real=0.00 secs] 
2106.940: [GC (Allocation Failure) [PSYoungGen: 53088K->1376K(53760K)] 494079K->442367K(631296K), 0.0026878 secs] [Times: user=0.01 sys=0.00, real=0.00 secs] 
2108.101: [GC (Allocation Failure) [PSYoungGen: 53088K->1408K(53760K)] 494079K->442399K(631296K), 0.0020197 secs] [Times: user=0.01 sys=0.00, real=0.00 secs] 
2108.615: [GC (Allocation Failure) [PSYoungGen: 53120K->1376K(53760K)] 494111K->442367K(631296K), 0.0020419 secs] [Times: user=0.01 sys=0.00, real=0.00 secs] 
2109.442: [GC (Allocation Failure) [PSYoungGen: 53088K->1360K(53760K)] 494079K->442351K(631296K), 0.0042825 secs] [Times: user=0.02 sys=0.00, real=0.01 secs] 
2110.258: [GC (Allocation Failure) [PSYoungGen: 53072K->1344K(53760K)] 494063K->442335K(631296K), 0.0043910 secs] [Times: user=0.01 sys=0.00, real=0.00 secs] 
2110.902: [GC (Allocation Failure) [PSYoungGen: 53056K->1408K(53760K)] 494047K->442399K(631296K), 0.0039291 secs] [Times: user=0.02 sys=0.00, real=0.01 secs] 
2112.128: [GC (Allocation Failure) [PSYoungGen: 53120K->1952K(53760K)] 494111K->442967K(631296K), 0.0041699 secs] [Times: user=0.01 sys=0.00, real=0.00 secs] 
2112.355: [GC (Allocation Failure) [PSYoungGen: 53664K->1360K(53760K)] 494679K->442375K(631296K), 0.0018818 secs] [Times: user=0.01 sys=0.00, real=0.00 secs] 
2112.626: [GC (Allocation Failure) [PSYoungGen: 53072K->1344K(53760K)] 494087K->442359K(631296K), 0.0018806 secs] [Times: user=0.01 sys=0.00, real=0.00 secs] 
2112.930: [GC (Allocation Failure) [PSYoungGen: 53056K->1376K(53760K)] 494071K->442391K(631296K), 0.0019552 secs] [Times: user=0.01 sys=0.00, real=0.00 secs] 
2113.276: [GC (Allocation Failure) [PSYoungGen: 53088K->1408K(53760K)] 494103K->442431K(631296K), 0.0019426 secs] [Times: user=0.01 sys=0.01, real=0.00 secs] 
2113.789: [GC (Allocation Failure) [PSYoungGen: 53120K->1392K(53760K)] 494143K->442415K(631296K), 0.0025771 secs] [Times: user=0.01 sys=0.00, real=0.00 secs] 
2114.922: [GC (Allocation Failure) [PSYoungGen: 53104K->1408K(53760K)] 494127K->442431K(631296K), 0.0019285 secs] [Times: user=0.01 sys=0.00, real=0.01 secs] 
2115.359: [GC (Allocation Failure) [PSYoungGen: 53120K->1376K(53760K)] 494143K->442399K(631296K), 0.0021783 secs] [Times: user=0.01 sys=0.00, real=0.00 secs] 
2115.712: [GC (Allocation Failure) [PSYoungGen: 53088K->1376K(53760K)] 494111K->442399K(631296K), 0.0022067 secs] [Times: user=0.01 sys=0.00, real=0.01 secs] 
2115.928: [GC (Allocation Failure) [PSYoungGen: 53088K->1376K(53760K)] 494111K->442399K(631296K), 0.0021737 secs] [Times: user=0.01 sys=0.00, real=0.00 secs] 
2116.143: [GC (Allocation Failure) [PSYoungGen: 53088K->1376K(53760K)] 494111K->442399K(631296K), 0.0020405 secs] [Times: user=0.00 sys=0.00, real=0.01 secs] 
2117.274: [GC (Allocation Failure) [PSYoungGen: 53088K->1472K(53760K)] 494111K->444543K(631296K), 0.0025860 secs] [Times: user=0.01 sys=0.01, real=0.00 secs] 
2118.170: [GC (Allocation Failure) [PSYoungGen: 53184K->1376K(53760K)] 496255K->444447K(631296K), 0.0025238 secs] [Times: user=0.01 sys=0.00, real=0.00 secs] 
2118.812: [GC (Allocation Failure) [PSYoungGen: 53088K->1376K(53760K)] 496159K->444447K(631296K), 0.0024046 secs] [Times: user=0.01 sys=0.00, real=0.01 secs] 
2119.453: [GC (Allocation Failure) [PSYoungGen: 53088K->1376K(53760K)] 496159K->444447K(631296K), 0.0030429 secs] [Times: user=0.02 sys=0.00, real=0.01 secs] 
2119.793: [GC (Allocation Failure) [PSYoungGen: 53088K->1376K(53760K)] 496159K->444447K(631296K), 0.0021975 secs] [Times: user=0.01 sys=0.00, real=0.01 secs] 
2120.116: [GC (Allocation Failure) [PSYoungGen: 53088K->1376K(53760K)] 496159K->444447K(631296K), 0.0020569 secs] [Times: user=0.01 sys=0.00, real=0.00 secs] 
2121.225: [GC (Allocation Failure) [PSYoungGen: 53088K->1408K(53760K)] 496159K->444487K(631296K), 0.0021097 secs] [Times: user=0.01 sys=0.00, real=0.00 secs] 
2121.827: [GC (Allocation Failure) [PSYoungGen: 53120K->1360K(53760K)] 496199K->444439K(631296K), 0.0021600 secs] [Times: user=0.01 sys=0.00, real=0.00 secs] 
2122.441: [GC (Allocation Failure) [PSYoungGen: 53072K->1376K(53760K)] 496151K->444455K(631296K), 0.0042496 secs] [Times: user=0.02 sys=0.00, real=0.01 secs] 
2123.084: [GC (Allocation Failure) [PSYoungGen: 53088K->1376K(53248K)] 496167K->444455K(630784K), 0.0043543 secs] [Times: user=0.01 sys=0.00, real=0.00 secs] 
2123.615: [GC (Allocation Failure) [PSYoungGen: 53088K->1344K(53248K)] 496167K->444423K(630784K), 0.0029897 secs] [Times: user=0.01 sys=0.00, real=0.00 secs] 
2124.592: [GC (Allocation Failure) [PSYoungGen: 53056K->320K(52736K)] 496135K->444423K(630272K), 0.0019774 secs] [Times: user=0.01 sys=0.00, real=0.01 secs] 
2125.077: [GC (Allocation Failure) [PSYoungGen: 52032K->352K(53760K)] 496135K->444455K(631296K), 0.0019669 secs] [Times: user=0.01 sys=0.00, real=0.00 secs] 
2125.556: [GC (Allocation Failure) [PSYoungGen: 52064K->352K(53760K)] 496167K->444455K(631296K), 0.0073462 secs] [Times: user=0.03 sys=0.01, real=0.00 secs] 
2125.955: [GC (Allocation Failure) [PSYoungGen: 52064K->320K(53760K)] 496167K->444423K(631296K), 0.0033464 secs] [Times: user=0.01 sys=0.00, real=0.00 secs] 
2126.353: [GC (Allocation Failure) [PSYoungGen: 52032K->384K(53760K)] 496135K->444487K(631296K), 0.0030160 secs] [Times: user=0.02 sys=0.00, real=0.01 secs] 
2126.645: [GC (Allocation Failure) [PSYoungGen: 52096K->352K(53760K)] 496199K->444463K(631296K), 0.0021905 secs] [Times: user=0.01 sys=0.01, real=0.00 secs] 
2127.668: [GC (Allocation Failure) [PSYoungGen: 52064K->1376K(53760K)] 496175K->445487K(631296K), 0.0017577 secs] [Times: user=0.01 sys=0.00, real=0.00 secs] 
2128.118: [GC (Allocation Failure) [PSYoungGen: 53088K->1376K(53760K)] 497199K->445487K(631296K), 0.0018706 secs] [Times: user=0.00 sys=0.00, real=0.00 secs] 
2128.548: [GC (Allocation Failure) [PSYoungGen: 53088K->1376K(54272K)] 497199K->445487K(631808K), 0.0028591 secs] [Times: user=0.01 sys=0.00, real=0.00 secs] 
2128.974: [GC (Allocation Failure) [PSYoungGen: 53088K->1376K(54272K)] 497199K->445487K(631808K), 0.0026706 secs] [Times: user=0.01 sys=0.01, real=0.00 secs] 
2129.396: [GC (Allocation Failure) [PSYoungGen: 53088K->1408K(54272K)] 497199K->445519K(631808K), 0.0029673 secs] [Times: user=0.01 sys=0.00, real=0.00 secs] 
2131.039: [GC (Allocation Failure) [PSYoungGen: 53120K->1408K(54272K)] 497231K->445519K(631808K), 0.0031779 secs] [Times: user=0.02 sys=0.00, real=0.00 secs] 
2132.303: [GC (Allocation Failure) [PSYoungGen: 53120K->1344K(54272K)] 497231K->445455K(631808K), 0.0044899 secs] [Times: user=0.01 sys=0.00, real=0.01 secs] 
2133.482: [GC (Allocation Failure) [PSYoungGen: 53056K->1376K(54272K)] 497167K->445495K(631808K), 0.0044712 secs] [Times: user=0.02 sys=0.00, real=0.01 secs] 
2134.073: [GC (Allocation Failure) [PSYoungGen: 53088K->1376K(54272K)] 497207K->445495K(631808K), 0.0031189 secs] [Times: user=0.01 sys=0.00, real=0.01 secs] 
2134.651: [GC (Allocation Failure) [PSYoungGen: 53088K->1408K(54272K)] 497207K->445527K(631808K), 0.0036301 secs] [Times: user=0.02 sys=0.00, real=0.01 secs] 
2135.175: [GC (Allocation Failure) [PSYoungGen: 53120K->1376K(54272K)] 497239K->445495K(631808K), 0.0030549 secs] [Times: user=0.01 sys=0.00, real=0.00 secs] 
2136.672: [GC (Allocation Failure) [PSYoungGen: 53088K->1408K(53248K)] 497207K->445527K(630784K), 0.0024964 secs] [Times: user=0.01 sys=0.00, real=0.01 secs] 
2137.158: [GC (Allocation Failure) [PSYoungGen: 53120K->1408K(53760K)] 497239K->445527K(631296K), 0.0025347 secs] [Times: user=0.01 sys=0.00, real=0.00 secs] 
2137.599: [GC (Allocation Failure) [PSYoungGen: 53120K->1408K(53760K)] 497239K->445527K(631296K), 0.0024273 secs] [Times: user=0.01 sys=0.00, real=0.00 secs] 
2138.070: [GC (Allocation Failure) [PSYoungGen: 53120K->1376K(53760K)] 497239K->445495K(631296K), 0.0024448 secs] [Times: user=0.01 sys=0.00, real=0.00 secs] 
2138.581: [GC (Allocation Failure) [PSYoungGen: 53088K->1376K(53760K)] 497207K->445495K(631296K), 0.0037880 secs] [Times: user=0.01 sys=0.00, real=0.01 secs] 
2140.140: [GC (Allocation Failure) [PSYoungGen: 53088K->1376K(53760K)] 497207K->445495K(631296K), 0.0036869 secs] [Times: user=0.02 sys=0.00, real=0.00 secs] 
2141.114: [GC (Allocation Failure) [PSYoungGen: 53088K->1312K(53760K)] 497207K->445431K(631296K), 0.0043541 secs] [Times: user=0.02 sys=0.00, real=0.00 secs] 
2141.367: [GC (Allocation Failure) [PSYoungGen: 53024K->1376K(53760K)] 497143K->445495K(631296K), 0.0020579 secs] [Times: user=0.01 sys=0.00, real=0.00 secs] 
2141.583: [GC (Allocation Failure) [PSYoungGen: 53088K->1376K(53760K)] 497207K->445495K(631296K), 0.0021884 secs] [Times: user=0.01 sys=0.01, real=0.01 secs] 
2141.835: [GC (Allocation Failure) [PSYoungGen: 53088K->1376K(53760K)] 497207K->445495K(631296K), 0.0020640 secs] [Times: user=0.01 sys=0.00, real=0.00 secs] 
2142.297: [GC (Allocation Failure) [PSYoungGen: 53088K->1408K(53760K)] 497207K->445527K(631296K), 0.0020740 secs] [Times: user=0.01 sys=0.00, real=0.00 secs] 
2143.465: [GC (Allocation Failure) [PSYoungGen: 53120K->1408K(53760K)] 497239K->445535K(631296K), 0.0029625 secs] [Times: user=0.01 sys=0.00, real=0.00 secs] 
2143.691: [GC (Allocation Failure) [PSYoungGen: 53120K->1344K(53760K)] 497247K->445471K(631296K), 0.0022162 secs] [Times: user=0.01 sys=0.00, real=0.00 secs] 
2143.945: [GC (Allocation Failure) [PSYoungGen: 53056K->1344K(53760K)] 497183K->445471K(631296K), 0.0022066 secs] [Times: user=0.01 sys=0.00, real=0.00 secs] 
2144.160: [GC (Allocation Failure) [PSYoungGen: 53056K->1408K(53760K)] 497183K->445535K(631296K), 0.0021310 secs] [Times: user=0.01 sys=0.00, real=0.00 secs] 
2144.422: [GC (Allocation Failure) [PSYoungGen: 53120K->1376K(53760K)] 497247K->445503K(631296K), 0.0024346 secs] [Times: user=0.01 sys=0.00, real=0.01 secs] 
2145.407: [GC (Allocation Failure) [PSYoungGen: 53088K->1408K(53760K)] 497215K->445535K(631296K), 0.0025150 secs] [Times: user=0.01 sys=0.00, real=0.00 secs] 
2145.630: [GC (Allocation Failure) [PSYoungGen: 53120K->1376K(53760K)] 497247K->445503K(631296K), 0.0022503 secs] [Times: user=0.01 sys=0.00, real=0.00 secs] 
2145.851: [GC (Allocation Failure) [PSYoungGen: 53088K->1376K(53760K)] 497215K->445503K(631296K), 0.0020992 secs] [Times: user=0.01 sys=0.00, real=0.00 secs] 
2146.066: [GC (Allocation Failure) [PSYoungGen: 53088K->1376K(53760K)] 497215K->445503K(631296K), 0.0021805 secs] [Times: user=0.01 sys=0.00, real=0.00 secs] 
2146.399: [GC (Allocation Failure) [PSYoungGen: 53088K->1376K(53760K)] 497215K->445503K(631296K), 0.0021941 secs] [Times: user=0.01 sys=0.00, real=0.00 secs] 
2147.412: [GC (Allocation Failure) [PSYoungGen: 52083K->224K(53760K)] 496210K->444351K(631296K), 0.0017486 secs] [Times: user=0.01 sys=0.00, real=0.01 secs] 
2148.345: [GC (Allocation Failure) [PSYoungGen: 51936K->1376K(53760K)] 496063K->445503K(631296K), 0.0024337 secs] [Times: user=0.01 sys=0.00, real=0.00 secs] 
2148.559: [GC (Allocation Failure) [PSYoungGen: 53088K->1408K(53760K)] 497215K->445535K(631296K), 0.0025608 secs] [Times: user=0.01 sys=0.00, real=0.00 secs] 
2149.071: [GC (Allocation Failure) [PSYoungGen: 53120K->1376K(53760K)] 497247K->445503K(631296K), 0.0033908 secs] [Times: user=0.01 sys=0.00, real=0.01 secs] 
2149.619: [GC (Allocation Failure) [PSYoungGen: 53088K->1408K(53760K)] 497215K->445535K(631296K), 0.0031850 secs] [Times: user=0.01 sys=0.00, real=0.00 secs] 
2150.154: [GC (Allocation Failure) [PSYoungGen: 53120K->1344K(53760K)] 497247K->445479K(631296K), 0.0030586 secs] [Times: user=0.01 sys=0.00, real=0.00 secs] 
2151.392: [GC (Allocation Failure) [PSYoungGen: 53056K->1440K(53760K)] 497191K->445575K(631296K), 0.0020009 secs] [Times: user=0.00 sys=0.00, real=0.01 secs] 
2151.899: [GC (Allocation Failure) [PSYoungGen: 53152K->1376K(53760K)] 497287K->445511K(631296K), 0.0038363 secs] [Times: user=0.02 sys=0.00, real=0.00 secs] 
2152.308: [GC (Allocation Failure) [PSYoungGen: 53088K->1376K(53760K)] 497223K->445511K(631296K), 0.0034134 secs] [Times: user=0.01 sys=0.00, real=0.00 secs] 
2152.817: [GC (Allocation Failure) [PSYoungGen: 53088K->1376K(53760K)] 497223K->445511K(631296K), 0.0032237 secs] [Times: user=0.01 sys=0.00, real=0.00 secs] 
2153.282: [GC (Allocation Failure) [PSYoungGen: 53088K->1376K(53760K)] 497223K->445519K(631296K), 0.0033116 secs] [Times: user=0.01 sys=0.00, real=0.01 secs] 
2154.440: [GC (Allocation Failure) [PSYoungGen: 53088K->1664K(53760K)] 497231K->445807K(631296K), 0.0018846 secs] [Times: user=0.01 sys=0.00, real=0.00 secs] 
2154.661: [GC (Allocation Failure) [PSYoungGen: 53376K->1376K(53760K)] 497519K->445519K(631296K), 0.0019272 secs] [Times: user=0.01 sys=0.00, real=0.00 secs] 
2154.876: [GC (Allocation Failure) [PSYoungGen: 53088K->1376K(53760K)] 497231K->445519K(631296K), 0.0017366 secs] [Times: user=0.00 sys=0.00, real=0.00 secs] 
2155.091: [GC (Allocation Failure) [PSYoungGen: 53088K->1376K(53760K)] 497231K->445519K(631296K), 0.0019058 secs] [Times: user=0.01 sys=0.00, real=0.00 secs] 
2155.306: [GC (Allocation Failure) [PSYoungGen: 53088K->1376K(53760K)] 497231K->445519K(631296K), 0.0018222 secs] [Times: user=0.01 sys=0.00, real=0.00 secs] 
2155.521: [GC (Allocation Failure) [PSYoungGen: 53088K->1344K(53760K)] 497231K->445487K(631296K), 0.0018538 secs] [Times: user=0.01 sys=0.00, real=0.00 secs] 
2156.815: [GC (Allocation Failure) [PSYoungGen: 53056K->1408K(53760K)] 497199K->445551K(631296K), 0.0029138 secs] [Times: user=0.01 sys=0.00, real=0.00 secs] 
2157.462: [GC (Allocation Failure) [PSYoungGen: 53120K->1376K(53760K)] 497263K->445519K(631296K), 0.0026200 secs] [Times: user=0.01 sys=0.00, real=0.01 secs] 
2157.676: [GC (Allocation Failure) [PSYoungGen: 53088K->1376K(53760K)] 497231K->445519K(631296K), 0.0028125 secs] [Times: user=0.01 sys=0.00, real=0.00 secs] 
2157.995: [GC (Allocation Failure) [PSYoungGen: 53088K->1376K(53248K)] 497231K->445519K(630784K), 0.0025320 secs] [Times: user=0.01 sys=0.00, real=0.00 secs] 
2158.428: [GC (Allocation Failure) [PSYoungGen: 53088K->1344K(53248K)] 497231K->445487K(630784K), 0.0025366 secs] [Times: user=0.01 sys=0.00, real=0.00 secs] 
2159.753: [GC (Allocation Failure) [PSYoungGen: 53056K->928K(52736K)] 497199K->446095K(630272K), 0.0020388 secs] [Times: user=0.01 sys=0.00, real=0.01 secs] 
2160.890: [GC (Allocation Failure) [PSYoungGen: 52640K->352K(53760K)] 497807K->445519K(631296K), 0.0030605 secs] [Times: user=0.01 sys=0.00, real=0.00 secs] 
2161.646: [GC (Allocation Failure) [PSYoungGen: 52064K->352K(53760K)] 497231K->445535K(631296K), 0.0029763 secs] [Times: user=0.01 sys=0.00, real=0.00 secs] 
2162.045: [GC (Allocation Failure) [PSYoungGen: 52064K->320K(53760K)] 497247K->445503K(631296K), 0.0025453 secs] [Times: user=0.01 sys=0.00, real=0.00 secs] 
2162.502: [GC (Allocation Failure) [PSYoungGen: 52032K->352K(53760K)] 497215K->445535K(631296K), 0.0026626 secs] [Times: user=0.01 sys=0.00, real=0.01 secs] 
2163.057: [GC (Allocation Failure) [PSYoungGen: 52064K->352K(53760K)] 497247K->445535K(631296K), 0.0027823 secs] [Times: user=0.01 sys=0.00, real=0.00 secs] 
2164.066: [GC (Allocation Failure) [PSYoungGen: 52064K->1472K(53760K)] 497247K->446655K(631296K), 0.0018041 secs] [Times: user=0.01 sys=0.00, real=0.00 secs] 
2164.307: [GC (Allocation Failure) [PSYoungGen: 53184K->1408K(53760K)] 498367K->446591K(631296K), 0.0018785 secs] [Times: user=0.01 sys=0.00, real=0.00 secs] 
2164.629: [GC (Allocation Failure) [PSYoungGen: 53120K->1376K(54272K)] 498303K->446559K(631808K), 0.0023439 secs] [Times: user=0.01 sys=0.00, real=0.00 secs] 
2165.164: [GC (Allocation Failure) [PSYoungGen: 53088K->1376K(54272K)] 498271K->446559K(631808K), 0.0041745 secs] [Times: user=0.01 sys=0.00, real=0.01 secs] 
2165.764: [GC (Allocation Failure) [PSYoungGen: 53088K->1312K(54272K)] 498271K->446495K(631808K), 0.0051675 secs] [Times: user=0.03 sys=0.00, real=0.00 secs] 
2167.198: [GC (Allocation Failure) [PSYoungGen: 53024K->1440K(54272K)] 498207K->446623K(631808K), 0.0020999 secs] [Times: user=0.00 sys=0.00, real=0.00 secs] 
2168.059: [GC (Allocation Failure) [PSYoungGen: 53152K->1312K(54272K)] 498335K->446495K(631808K), 0.0045735 secs] [Times: user=0.02 sys=0.00, real=0.00 secs] 
2168.652: [GC (Allocation Failure) [PSYoungGen: 53024K->1312K(54272K)] 498207K->446495K(631808K), 0.0034555 secs] [Times: user=0.01 sys=0.00, real=0.01 secs] 
2169.081: [GC (Allocation Failure) [PSYoungGen: 53024K->1312K(53248K)] 498207K->446495K(630784K), 0.0028635 secs] [Times: user=0.01 sys=0.00, real=0.01 secs] 
2169.532: [GC (Allocation Failure) [PSYoungGen: 53024K->1360K(53760K)] 498207K->446543K(631296K), 0.0028514 secs] [Times: user=0.01 sys=0.00, real=0.01 secs] 
2169.947: [GC (Allocation Failure) [PSYoungGen: 53072K->1376K(53760K)] 498255K->446559K(631296K), 0.0021319 secs] [Times: user=0.01 sys=0.00, real=0.00 secs] 
2170.877: [GC (Allocation Failure) [PSYoungGen: 53088K->1408K(53760K)] 498271K->446591K(631296K), 0.0020416 secs] [Times: user=0.01 sys=0.00, real=0.00 secs] 
2171.132: [GC (Allocation Failure) [PSYoungGen: 53120K->1344K(53760K)] 498303K->446527K(631296K), 0.0020090 secs] [Times: user=0.01 sys=0.00, real=0.01 secs] 
2171.377: [GC (Allocation Failure) [PSYoungGen: 53056K->1344K(53760K)] 498239K->446527K(631296K), 0.0021386 secs] [Times: user=0.01 sys=0.00, real=0.00 secs] 
2171.592: [GC (Allocation Failure) [PSYoungGen: 53056K->1376K(53760K)] 498239K->446583K(631296K), 0.0021566 secs] [Times: user=0.01 sys=0.00, real=0.01 secs] 
2171.808: [GC (Allocation Failure) [PSYoungGen: 53088K->1408K(53760K)] 498295K->446623K(631296K), 0.0022713 secs] [Times: user=0.01 sys=0.00, real=0.00 secs] 
2173.171: [GC (Allocation Failure) [PSYoungGen: 53120K->1392K(53760K)] 498335K->446607K(631296K), 0.0024560 secs] [Times: user=0.01 sys=0.00, real=0.00 secs] 
2173.931: [GC (Allocation Failure) [PSYoungGen: 53104K->1440K(53760K)] 498319K->446655K(631296K), 0.0028237 secs] [Times: user=0.01 sys=0.00, real=0.01 secs] 
2174.374: [GC (Allocation Failure) [PSYoungGen: 53152K->1328K(53760K)] 498367K->446543K(631296K), 0.0029073 secs] [Times: user=0.01 sys=0.00, real=0.01 secs] 
2174.895: [GC (Allocation Failure) [PSYoungGen: 53040K->1376K(53760K)] 498255K->446591K(631296K), 0.0023375 secs] [Times: user=0.01 sys=0.00, real=0.00 secs] 
2175.319: [GC (Allocation Failure) [PSYoungGen: 53088K->1376K(53760K)] 498303K->446591K(631296K), 0.0024850 secs] [Times: user=0.01 sys=0.00, real=0.00 secs] 
2175.733: [GC (Allocation Failure) [PSYoungGen: 53088K->1376K(53760K)] 498303K->446599K(631296K), 0.0022485 secs] [Times: user=0.01 sys=0.00, real=0.01 secs] 
2177.306: [GC (Allocation Failure) [PSYoungGen: 53088K->1408K(53760K)] 498311K->446631K(631296K), 0.0031405 secs] [Times: user=0.01 sys=0.00, real=0.00 secs] 
2178.030: [GC (Allocation Failure) [PSYoungGen: 53120K->1408K(53760K)] 498343K->446639K(631296K), 0.0032964 secs] [Times: user=0.02 sys=0.00, real=0.00 secs] 
2178.895: [GC (Allocation Failure) [PSYoungGen: 53120K->1376K(53760K)] 498351K->446607K(631296K), 0.0038767 secs] [Times: user=0.02 sys=0.00, real=0.00 secs] 
2179.727: [GC (Allocation Failure) [PSYoungGen: 53088K->1312K(53760K)] 498319K->446543K(631296K), 0.0038613 secs] [Times: user=0.02 sys=0.00, real=0.00 secs] 
2180.670: [GC (Allocation Failure) [PSYoungGen: 53024K->1344K(53760K)] 498255K->446575K(631296K), 0.0031039 secs] [Times: user=0.01 sys=0.00, real=0.00 secs] 
2181.989: [GC (Allocation Failure) [PSYoungGen: 53056K->1440K(53760K)] 498287K->446671K(631296K), 0.0021576 secs] [Times: user=0.01 sys=0.00, real=0.00 secs] 
2182.409: [GC (Allocation Failure) [PSYoungGen: 53152K->1376K(53760K)] 498383K->446607K(631296K), 0.0021842 secs] [Times: user=0.01 sys=0.00, real=0.00 secs] 
2182.837: [GC (Allocation Failure) [PSYoungGen: 53088K->1408K(53760K)] 498319K->446639K(631296K), 0.0022779 secs] [Times: user=0.01 sys=0.00, real=0.00 secs] 
2183.700: [GC (Allocation Failure) [PSYoungGen: 53120K->1408K(53760K)] 498351K->446639K(631296K), 0.0026259 secs] [Times: user=0.01 sys=0.00, real=0.00 secs] 
2184.509: [GC (Allocation Failure) [PSYoungGen: 53120K->1408K(53760K)] 498351K->446647K(631296K), 0.0029868 secs] [Times: user=0.01 sys=0.00, real=0.00 secs] 
2185.462: [GC (Allocation Failure) [PSYoungGen: 53120K->1376K(53760K)] 498359K->446615K(631296K), 0.0036204 secs] [Times: user=0.01 sys=0.00, real=0.01 secs] 
2186.753: [GC (Allocation Failure) [PSYoungGen: 53088K->1392K(53760K)] 498327K->446631K(631296K), 0.0023015 secs] [Times: user=0.01 sys=0.00, real=0.01 secs] 
2187.232: [GC (Allocation Failure) [PSYoungGen: 53104K->1376K(53760K)] 498343K->446615K(631296K), 0.0024299 secs] [Times: user=0.01 sys=0.00, real=0.01 secs] 
2187.710: [GC (Allocation Failure) [PSYoungGen: 53088K->1440K(53760K)] 498327K->446679K(631296K), 0.0028474 secs] [Times: user=0.01 sys=0.00, real=0.00 secs] 
2188.202: [GC (Allocation Failure) [PSYoungGen: 53152K->1408K(53760K)] 498391K->446647K(631296K), 0.0028321 secs] [Times: user=0.01 sys=0.00, real=0.01 secs] 
2188.635: [GC (Allocation Failure) [PSYoungGen: 53120K->1376K(53248K)] 498359K->446623K(630784K), 0.0030624 secs] [Times: user=0.01 sys=0.00, real=0.00 secs] 
2190.013: [GC (Allocation Failure) [PSYoungGen: 53088K->1440K(53248K)] 498335K->446687K(630784K), 0.0023579 secs] [Times: user=0.01 sys=0.00, real=0.01 secs] 
2190.676: [GC (Allocation Failure) [PSYoungGen: 53152K->1376K(53248K)] 498399K->446623K(630784K), 0.0024281 secs] [Times: user=0.01 sys=0.00, real=0.00 secs] 
2191.120: [GC (Allocation Failure) [PSYoungGen: 53088K->1376K(53248K)] 498335K->446623K(630784K), 0.0024257 secs] [Times: user=0.01 sys=0.00, real=0.00 secs] 
2191.672: [GC (Allocation Failure) [PSYoungGen: 53088K->1408K(53248K)] 498335K->446655K(630784K), 0.0026878 secs] [Times: user=0.01 sys=0.00, real=0.01 secs] 
2192.018: [GC (Allocation Failure) [PSYoungGen: 53120K->1408K(53248K)] 498367K->446655K(630784K), 0.0023646 secs] [Times: user=0.01 sys=0.00, real=0.00 secs] 
2192.526: [GC (Allocation Failure) [PSYoungGen: 53118K->224K(53248K)] 498365K->445471K(630784K), 0.0024792 secs] [Times: user=0.01 sys=0.00, real=0.00 secs] 
2193.935: [GC (Allocation Failure) [PSYoungGen: 51936K->1376K(53760K)] 497183K->446631K(631296K), 0.0030410 secs] [Times: user=0.01 sys=0.00, real=0.00 secs] 
2194.354: [GC (Allocation Failure) [PSYoungGen: 53088K->1376K(53760K)] 498343K->446631K(631296K), 0.0031648 secs] [Times: user=0.02 sys=0.00, real=0.00 secs] 
2194.840: [GC (Allocation Failure) [PSYoungGen: 53088K->1408K(53760K)] 498343K->446663K(631296K), 0.0032078 secs] [Times: user=0.01 sys=0.00, real=0.00 secs] 
2195.248: [GC (Allocation Failure) [PSYoungGen: 53120K->1376K(53760K)] 498375K->446631K(631296K), 0.0026971 secs] [Times: user=0.02 sys=0.00, real=0.00 secs] 
2195.699: [GC (Allocation Failure) [PSYoungGen: 53088K->1376K(53760K)] 498343K->446631K(631296K), 0.0024935 secs] [Times: user=0.01 sys=0.00, real=0.00 secs] 
2196.616: [GC (Allocation Failure) [PSYoungGen: 53088K->1440K(53760K)] 498343K->446695K(631296K), 0.0018639 secs] [Times: user=0.01 sys=0.00, real=0.00 secs] 
2196.832: [GC (Allocation Failure) [PSYoungGen: 53152K->1408K(53760K)] 498407K->446663K(631296K), 0.0018680 secs] [Times: user=0.01 sys=0.00, real=0.00 secs] 
2197.052: [GC (Allocation Failure) [PSYoungGen: 53120K->1408K(53760K)] 498375K->446663K(631296K), 0.0017621 secs] [Times: user=0.01 sys=0.00, real=0.00 secs] 
2197.317: [GC (Allocation Failure) [PSYoungGen: 53120K->1408K(53760K)] 498375K->446663K(631296K), 0.0019312 secs] [Times: user=0.01 sys=0.01, real=0.00 secs] 
2197.587: [GC (Allocation Failure) [PSYoungGen: 53120K->1376K(53760K)] 498375K->446631K(631296K), 0.0020594 secs] [Times: user=0.00 sys=0.00, real=0.00 secs] 
2198.496: [GC (Allocation Failure) [PSYoungGen: 53088K->1376K(53760K)] 498343K->446631K(631296K), 0.0016037 secs] [Times: user=0.01 sys=0.00, real=0.00 secs] 
2199.002: [GC (Allocation Failure) [PSYoungGen: 53088K->1376K(53760K)] 498343K->446631K(631296K), 0.0025651 secs] [Times: user=0.01 sys=0.01, real=0.01 secs] 
2199.471: [GC (Allocation Failure) [PSYoungGen: 53088K->1360K(53760K)] 498343K->446615K(631296K), 0.0024304 secs] [Times: user=0.01 sys=0.00, real=0.01 secs] 
2199.700: [GC (Allocation Failure) [PSYoungGen: 53072K->1376K(53760K)] 498327K->446631K(631296K), 0.0021744 secs] [Times: user=0.01 sys=0.00, real=0.00 secs] 
2199.976: [GC (Allocation Failure) [PSYoungGen: 53088K->1408K(53760K)] 498343K->446663K(631296K), 0.0022446 secs] [Times: user=0.01 sys=0.00, real=0.00 secs] 
2200.210: [GC (Allocation Failure) [PSYoungGen: 53120K->1344K(53760K)] 498375K->446615K(631296K), 0.0021871 secs] [Times: user=0.01 sys=0.00, real=0.00 secs] 
2201.076: [GC (Allocation Failure) [PSYoungGen: 53056K->1344K(53248K)] 498327K->446615K(630784K), 0.0017833 secs] [Times: user=0.01 sys=0.00, real=0.00 secs] 
2201.326: [GC (Allocation Failure) [PSYoungGen: 53056K->1376K(53248K)] 498327K->446647K(630784K), 0.0018968 secs] [Times: user=0.01 sys=0.00, real=0.00 secs] 
2201.584: [GC (Allocation Failure) [PSYoungGen: 53088K->320K(52736K)] 498359K->446615K(630272K), 0.0019293 secs] [Times: user=0.01 sys=0.01, real=0.01 secs] 
2201.802: [GC (Allocation Failure) [PSYoungGen: 52032K->384K(53760K)] 498327K->446679K(631296K), 0.0018034 secs] [Times: user=0.00 sys=0.00, real=0.00 secs] 
2202.016: [GC (Allocation Failure) [PSYoungGen: 52096K->320K(53760K)] 498391K->446615K(631296K), 0.0021693 secs] [Times: user=0.01 sys=0.00, real=0.00 secs] 
2202.905: [GC (Allocation Failure) [PSYoungGen: 52032K->1920K(53760K)] 498327K->448215K(631296K), 0.0019481 secs] [Times: user=0.01 sys=0.00, real=0.00 secs] 
2203.121: [GC (Allocation Failure) [PSYoungGen: 53632K->1408K(54272K)] 499927K->447703K(631808K), 0.0019455 secs] [Times: user=0.01 sys=0.00, real=0.00 secs] 
2203.365: [GC (Allocation Failure) [PSYoungGen: 53120K->1376K(54272K)] 499415K->447671K(631808K), 0.0019708 secs] [Times: user=0.01 sys=0.00, real=0.00 secs] 
2203.581: [GC (Allocation Failure) [PSYoungGen: 53088K->1344K(53248K)] 499383K->447639K(630784K), 0.0020124 secs] [Times: user=0.00 sys=0.00, real=0.00 secs] 
2203.823: [GC (Allocation Failure) [PSYoungGen: 53056K->1376K(53760K)] 499351K->447671K(631296K), 0.0021012 secs] [Times: user=0.01 sys=0.00, real=0.01 secs] 
2204.038: [GC (Allocation Failure) [PSYoungGen: 53088K->1376K(53760K)] 499383K->447671K(631296K), 0.0019097 secs] [Times: user=0.01 sys=0.00, real=0.00 secs] 
2205.876: [GC (Allocation Failure) [PSYoungGen: 53088K->1408K(53760K)] 499383K->447703K(631296K), 0.0035891 secs] [Times: user=0.01 sys=0.00, real=0.00 secs] 
2206.696: [GC (Allocation Failure) [PSYoungGen: 53120K->1376K(53760K)] 499415K->447671K(631296K), 0.0039260 secs] [Times: user=0.01 sys=0.00, real=0.00 secs] 
2207.049: [GC (Allocation Failure) [PSYoungGen: 53088K->1408K(53760K)] 499383K->447703K(631296K), 0.0024441 secs] [Times: user=0.01 sys=0.00, real=0.00 secs] 
2207.254: [GC (Allocation Failure) [PSYoungGen: 53120K->1344K(53760K)] 499415K->447639K(631296K), 0.0019855 secs] [Times: user=0.01 sys=0.00, real=0.00 secs] 
2207.471: [GC (Allocation Failure) [PSYoungGen: 53056K->1376K(53760K)] 499351K->447671K(631296K), 0.0019401 secs] [Times: user=0.01 sys=0.00, real=0.00 secs] 
2208.481: [GC (Allocation Failure) [PSYoungGen: 53088K->1408K(53760K)] 499383K->447703K(631296K), 0.0021935 secs] [Times: user=0.01 sys=0.00, real=0.00 secs] 
2209.167: [GC (Allocation Failure) [PSYoungGen: 53120K->1408K(53760K)] 499415K->447703K(631296K), 0.0024594 secs] [Times: user=0.01 sys=0.00, real=0.00 secs] 
2209.621: [GC (Allocation Failure) [PSYoungGen: 53120K->1344K(53760K)] 499415K->447639K(631296K), 0.0025695 secs] [Times: user=0.01 sys=0.00, real=0.00 secs] 
2210.234: [GC (Allocation Failure) [PSYoungGen: 53056K->1376K(53760K)] 499351K->447671K(631296K), 0.0025964 secs] [Times: user=0.01 sys=0.00, real=0.00 secs] 
2210.873: [GC (Allocation Failure) [PSYoungGen: 53088K->1408K(53760K)] 499383K->447719K(631296K), 0.0025138 secs] [Times: user=0.01 sys=0.00, real=0.01 secs] 
2211.428: [GC (Allocation Failure) [PSYoungGen: 53120K->1376K(53760K)] 499431K->447687K(631296K), 0.0021634 secs] [Times: user=0.01 sys=0.00, real=0.00 secs] 
2212.557: [GC (Allocation Failure) [PSYoungGen: 53088K->1408K(53760K)] 499399K->447719K(631296K), 0.0019505 secs] [Times: user=0.01 sys=0.00, real=0.00 secs] 
2212.772: [GC (Allocation Failure) [PSYoungGen: 53120K->1376K(53760K)] 499431K->447687K(631296K), 0.0020399 secs] [Times: user=0.00 sys=0.00, real=0.01 secs] 
2212.987: [GC (Allocation Failure) [PSYoungGen: 53088K->1376K(53760K)] 499399K->447687K(631296K), 0.0018239 secs] [Times: user=0.01 sys=0.00, real=0.00 secs] 
2213.203: [GC (Allocation Failure) [PSYoungGen: 53088K->1376K(53760K)] 499399K->447687K(631296K), 0.0019393 secs] [Times: user=0.01 sys=0.00, real=0.01 secs] 
2213.420: [GC (Allocation Failure) [PSYoungGen: 53088K->1344K(53760K)] 499399K->447663K(631296K), 0.0026072 secs] [Times: user=0.01 sys=0.00, real=0.00 secs] 
2215.145: [GC (Allocation Failure) [PSYoungGen: 53056K->1424K(53760K)] 499375K->447743K(631296K), 0.0037068 secs] [Times: user=0.01 sys=0.01, real=0.00 secs] 
2215.935: [GC (Allocation Failure) [PSYoungGen: 53136K->1440K(53760K)] 499455K->447759K(631296K), 0.0034199 secs] [Times: user=0.02 sys=0.00, real=0.00 secs] 
2216.687: [GC (Allocation Failure) [PSYoungGen: 53152K->1408K(53760K)] 499471K->447727K(631296K), 0.0022464 secs] [Times: user=0.01 sys=0.00, real=0.00 secs] 
2217.128: [GC (Allocation Failure) [PSYoungGen: 53120K->1376K(53760K)] 499439K->447695K(631296K), 0.0022728 secs] [Times: user=0.01 sys=0.01, real=0.00 secs] 
2218.136: [GC (Allocation Failure) [PSYoungGen: 53088K->1376K(53760K)] 499407K->447695K(631296K), 0.0033072 secs] [Times: user=0.01 sys=0.00, real=0.00 secs] 
2219.096: [GC (Allocation Failure) [PSYoungGen: 53088K->1376K(53760K)] 499407K->447695K(631296K), 0.0044252 secs] [Times: user=0.02 sys=0.00, real=0.00 secs] 
2220.774: [GC (Allocation Failure) [PSYoungGen: 53088K->1440K(53760K)] 499407K->447759K(631296K), 0.0024487 secs] [Times: user=0.01 sys=0.00, real=0.00 secs] 
2221.448: [GC (Allocation Failure) [PSYoungGen: 53152K->1376K(53248K)] 499471K->447695K(630784K), 0.0027251 secs] [Times: user=0.01 sys=0.00, real=0.00 secs] 
2221.883: [GC (Allocation Failure) [PSYoungGen: 53088K->1376K(53248K)] 499407K->447695K(630784K), 0.0026113 secs] [Times: user=0.01 sys=0.00, real=0.01 secs] 
2222.154: [GC (Allocation Failure) [PSYoungGen: 53088K->320K(52736K)] 499407K->447663K(630272K), 0.0021377 secs] [Times: user=0.01 sys=0.00, real=0.00 secs] 
2222.379: [GC (Allocation Failure) [PSYoungGen: 52032K->352K(53760K)] 499375K->447695K(631296K), 0.0021615 secs] [Times: user=0.01 sys=0.00, real=0.00 secs] 
2223.465: [GC (Allocation Failure) [PSYoungGen: 52064K->1376K(53760K)] 499407K->448727K(631296K), 0.0022883 secs] [Times: user=0.01 sys=0.00, real=0.00 secs] 
2223.831: [GC (Allocation Failure) [PSYoungGen: 53088K->1376K(53760K)] 500439K->448727K(631296K), 0.0021194 secs] [Times: user=0.01 sys=0.00, real=0.00 secs] 
2224.257: [GC (Allocation Failure) [PSYoungGen: 53088K->1376K(53760K)] 500439K->448727K(631296K), 0.0020866 secs] [Times: user=0.01 sys=0.00, real=0.00 secs] 
2224.767: [GC (Allocation Failure) [PSYoungGen: 53088K->1376K(53760K)] 500439K->448727K(631296K), 0.0024355 secs] [Times: user=0.01 sys=0.01, real=0.00 secs] 
2225.253: [GC (Allocation Failure) [PSYoungGen: 53088K->1408K(53760K)] 500439K->448767K(631296K), 0.0025294 secs] [Times: user=0.01 sys=0.00, real=0.01 secs] 
2225.784: [GC (Allocation Failure) [PSYoungGen: 53120K->1376K(53760K)] 500479K->448735K(631296K), 0.0038543 secs] [Times: user=0.01 sys=0.00, real=0.00 secs] 
2226.911: [GC (Allocation Failure) [PSYoungGen: 53088K->1376K(53760K)] 500447K->448735K(631296K), 0.0020387 secs] [Times: user=0.01 sys=0.00, real=0.00 secs] 
2227.127: [GC (Allocation Failure) [PSYoungGen: 53088K->1344K(53760K)] 500447K->448703K(631296K), 0.0020808 secs] [Times: user=0.01 sys=0.00, real=0.00 secs] 
2227.342: [GC (Allocation Failure) [PSYoungGen: 53056K->1360K(53760K)] 500415K->448719K(631296K), 0.0020159 secs] [Times: user=0.01 sys=0.00, real=0.01 secs] 
2227.557: [GC (Allocation Failure) [PSYoungGen: 53072K->1376K(53760K)] 500431K->448735K(631296K), 0.0020670 secs] [Times: user=0.01 sys=0.00, real=0.00 secs] 
2227.772: [GC (Allocation Failure) [PSYoungGen: 53088K->1392K(53760K)] 500447K->448751K(631296K), 0.0019972 secs] [Times: user=0.01 sys=0.00, real=0.01 secs] 
2228.713: [GC (Allocation Failure) [PSYoungGen: 53104K->1440K(53760K)] 500463K->448799K(631296K), 0.0018283 secs] [Times: user=0.00 sys=0.00, real=0.01 secs] 
2229.149: [GC (Allocation Failure) [PSYoungGen: 53152K->1376K(53760K)] 500511K->448735K(631296K), 0.0022084 secs] [Times: user=0.01 sys=0.00, real=0.00 secs] 
2229.584: [GC (Allocation Failure) [PSYoungGen: 53088K->1440K(53760K)] 500447K->448799K(631296K), 0.0025822 secs] [Times: user=0.01 sys=0.00, real=0.00 secs] 
2229.869: [GC (Allocation Failure) [PSYoungGen: 53152K->1376K(53760K)] 500511K->448735K(631296K), 0.0022771 secs] [Times: user=0.01 sys=0.00, real=0.00 secs] 
2230.084: [GC (Allocation Failure) [PSYoungGen: 53088K->1376K(53760K)] 500447K->448751K(631296K), 0.0021392 secs] [Times: user=0.01 sys=0.00, real=0.00 secs] 
2230.913: [GC (Allocation Failure) [PSYoungGen: 53088K->256K(53760K)] 500463K->447631K(631296K), 0.0014121 secs] [Times: user=0.00 sys=0.00, real=0.01 secs] 
2231.488: [GC (Allocation Failure) [PSYoungGen: 51968K->1376K(53760K)] 499343K->448751K(631296K), 0.0020801 secs] [Times: user=0.01 sys=0.00, real=0.00 secs] 
2231.907: [GC (Allocation Failure) [PSYoungGen: 53088K->1360K(53760K)] 500463K->448735K(631296K), 0.0028092 secs] [Times: user=0.01 sys=0.00, real=0.00 secs] 
2232.120: [GC (Allocation Failure) [PSYoungGen: 53072K->1376K(53760K)] 500447K->448751K(631296K), 0.0026840 secs] [Times: user=0.01 sys=0.00, real=0.00 secs] 
2232.375: [GC (Allocation Failure) [PSYoungGen: 53088K->1408K(53760K)] 500463K->448783K(631296K), 0.0022421 secs] [Times: user=0.01 sys=0.00, real=0.00 secs] 
2232.858: [GC (Allocation Failure) [PSYoungGen: 53120K->1376K(53760K)] 500495K->448751K(631296K), 0.0023409 secs] [Times: user=0.01 sys=0.00, real=0.00 secs] 
2234.059: [GC (Allocation Failure) [PSYoungGen: 53088K->1376K(53760K)] 500463K->448751K(631296K), 0.0022320 secs] [Times: user=0.01 sys=0.00, real=0.00 secs] 
2234.708: [GC (Allocation Failure) [PSYoungGen: 53088K->1376K(53760K)] 500463K->448751K(631296K), 0.0045000 secs] [Times: user=0.02 sys=0.00, real=0.00 secs] 
2235.448: [GC (Allocation Failure) [PSYoungGen: 53088K->1376K(53760K)] 500463K->448751K(631296K), 0.0040865 secs] [Times: user=0.02 sys=0.00, real=0.00 secs] 
2236.041: [GC (Allocation Failure) [PSYoungGen: 53088K->1376K(53760K)] 500463K->448751K(631296K), 0.0031571 secs] [Times: user=0.01 sys=0.00, real=0.01 secs] 
2236.595: [GC (Allocation Failure) [PSYoungGen: 53088K->1408K(53760K)] 500463K->448783K(631296K), 0.0030335 secs] [Times: user=0.01 sys=0.00, real=0.00 secs] 
2237.928: [GC (Allocation Failure) [PSYoungGen: 53120K->1632K(53760K)] 500495K->449007K(631296K), 0.0018942 secs] [Times: user=0.00 sys=0.00, real=0.00 secs] 
2238.579: [GC (Allocation Failure) [PSYoungGen: 53344K->1360K(53760K)] 500719K->448735K(631296K), 0.0019128 secs] [Times: user=0.01 sys=0.00, real=0.00 secs] 
2239.310: [GC (Allocation Failure) [PSYoungGen: 53072K->1376K(53760K)] 500447K->448751K(631296K), 0.0044879 secs] [Times: user=0.02 sys=0.00, real=0.01 secs] 
2239.917: [GC (Allocation Failure) [PSYoungGen: 53088K->1376K(53760K)] 500463K->448751K(631296K), 0.0037861 secs] [Times: user=0.01 sys=0.00, real=0.00 secs] 
2240.349: [GC (Allocation Failure) [PSYoungGen: 53088K->1376K(53760K)] 500463K->448751K(631296K), 0.0025969 secs] [Times: user=0.01 sys=0.00, real=0.00 secs] 
2240.710: [GC (Allocation Failure) [PSYoungGen: 53088K->1376K(53760K)] 500463K->448759K(631296K), 0.0024659 secs] [Times: user=0.01 sys=0.00, real=0.00 secs] 
2241.885: [GC (Allocation Failure) [PSYoungGen: 53088K->1408K(53760K)] 500471K->448791K(631296K), 0.0023245 secs] [Times: user=0.01 sys=0.00, real=0.00 secs] 
2242.315: [GC (Allocation Failure) [PSYoungGen: 53120K->1376K(53760K)] 500503K->448759K(631296K), 0.0024618 secs] [Times: user=0.01 sys=0.00, real=0.00 secs] 
2242.727: [GC (Allocation Failure) [PSYoungGen: 53088K->1376K(53760K)] 500471K->448759K(631296K), 0.0023603 secs] [Times: user=0.01 sys=0.00, real=0.00 secs] 
2243.177: [GC (Allocation Failure) [PSYoungGen: 53088K->1376K(53760K)] 500471K->448767K(631296K), 0.0024513 secs] [Times: user=0.01 sys=0.00, real=0.00 secs] 
2243.404: [GC (Allocation Failure) [PSYoungGen: 53088K->1344K(53248K)] 500479K->448735K(630784K), 0.0021699 secs] [Times: user=0.01 sys=0.00, real=0.00 secs] 
2244.361: [GC (Allocation Failure) [PSYoungGen: 53056K->864K(52736K)] 500447K->449279K(630272K), 0.0023553 secs] [Times: user=0.01 sys=0.00, real=0.01 secs] 
2244.803: [GC (Allocation Failure) [PSYoungGen: 52064K->288K(53248K)] 500479K->448703K(630784K), 0.0021829 secs] [Times: user=0.01 sys=0.00, real=0.01 secs] 
2245.251: [GC (Allocation Failure) [PSYoungGen: 51488K->320K(53248K)] 499903K->448735K(630784K), 0.0021987 secs] [Times: user=0.01 sys=0.00, real=0.00 secs] 
2245.731: [GC (Allocation Failure) [PSYoungGen: 51520K->320K(53248K)] 499935K->448735K(630784K), 0.0022317 secs] [Times: user=0.01 sys=0.00, real=0.01 secs] 
2245.990: [GC (Allocation Failure) [PSYoungGen: 51520K->320K(53248K)] 499935K->448735K(630784K), 0.0021711 secs] [Times: user=0.01 sys=0.00, real=0.00 secs] 
2246.242: [GC (Allocation Failure) [PSYoungGen: 51520K->352K(53248K)] 499935K->448767K(630784K), 0.0020874 secs] [Times: user=0.01 sys=0.00, real=0.01 secs] 
2247.706: [GC (Allocation Failure) [PSYoungGen: 51552K->1376K(53248K)] 499967K->449791K(630784K), 0.0043416 secs] [Times: user=0.02 sys=0.01, real=0.00 secs] 
2248.407: [GC (Allocation Failure) [PSYoungGen: 52576K->1376K(53248K)] 500991K->449791K(630784K), 0.0040252 secs] [Times: user=0.01 sys=0.00, real=0.00 secs] 
2249.077: [GC (Allocation Failure) [PSYoungGen: 52576K->1376K(53760K)] 500991K->449791K(631296K), 0.0045069 secs] [Times: user=0.01 sys=0.01, real=0.00 secs] 
2249.539: [GC (Allocation Failure) [PSYoungGen: 52576K->1376K(53760K)] 500991K->449791K(631296K), 0.0031203 secs] [Times: user=0.02 sys=0.00, real=0.00 secs] 
2249.864: [GC (Allocation Failure) [PSYoungGen: 52576K->1376K(53760K)] 500991K->449791K(631296K), 0.0025199 secs] [Times: user=0.02 sys=0.00, real=0.00 secs] 
2250.865: [GC (Allocation Failure) [PSYoungGen: 52576K->1952K(53760K)] 500991K->450367K(631296K), 0.0019568 secs] [Times: user=0.01 sys=0.00, real=0.00 secs] 
2251.429: [GC (Allocation Failure) [PSYoungGen: 53152K->1376K(53760K)] 501567K->449807K(631296K), 0.0019811 secs] [Times: user=0.01 sys=0.00, real=0.00 secs] 
2252.106: [GC (Allocation Failure) [PSYoungGen: 52576K->1440K(53760K)] 501007K->449871K(631296K), 0.0039844 secs] [Times: user=0.01 sys=0.00, real=0.00 secs] 
2252.687: [GC (Allocation Failure) [PSYoungGen: 52640K->1408K(53760K)] 501071K->449839K(631296K), 0.0036616 secs] [Times: user=0.01 sys=0.00, real=0.00 secs] 
2253.059: [GC (Allocation Failure) [PSYoungGen: 52608K->1440K(53760K)] 501039K->449879K(631296K), 0.0029172 secs] [Times: user=0.02 sys=0.00, real=0.00 secs] 
2253.441: [GC (Allocation Failure) [PSYoungGen: 52640K->1408K(53760K)] 501079K->449847K(631296K), 0.0025814 secs] [Times: user=0.02 sys=0.00, real=0.00 secs] 
2254.562: [GC (Allocation Failure) [PSYoungGen: 52608K->1360K(53760K)] 501047K->449799K(631296K), 0.0020766 secs] [Times: user=0.01 sys=0.00, real=0.01 secs] 
2255.166: [GC (Allocation Failure) [PSYoungGen: 52560K->1376K(53760K)] 500999K->449815K(631296K), 0.0026316 secs] [Times: user=0.01 sys=0.00, real=0.00 secs] 
2255.910: [GC (Allocation Failure) [PSYoungGen: 52576K->1376K(52736K)] 501015K->449815K(630272K), 0.0042900 secs] [Times: user=0.02 sys=0.00, real=0.01 secs] 
2256.501: [GC (Allocation Failure) [PSYoungGen: 52576K->1408K(53248K)] 501015K->449847K(630784K), 0.0039564 secs] [Times: user=0.02 sys=0.00, real=0.01 secs] 
2257.084: [GC (Allocation Failure) [PSYoungGen: 52608K->1376K(53248K)] 501047K->449815K(630784K), 0.0027294 secs] [Times: user=0.01 sys=0.00, real=0.00 secs] 
2258.308: [GC (Allocation Failure) [PSYoungGen: 52576K->1648K(53248K)] 501015K->450087K(630784K), 0.0017916 secs] [Times: user=0.01 sys=0.00, real=0.00 secs] 
2258.892: [GC (Allocation Failure) [PSYoungGen: 52848K->1376K(53248K)] 501287K->449815K(630784K), 0.0042276 secs] [Times: user=0.02 sys=0.00, real=0.01 secs] 
2259.396: [GC (Allocation Failure) [PSYoungGen: 52576K->1408K(53248K)] 501015K->449847K(630784K), 0.0031747 secs] [Times: user=0.01 sys=0.00, real=0.00 secs] 
2259.794: [GC (Allocation Failure) [PSYoungGen: 52608K->1376K(53248K)] 501047K->449815K(630784K), 0.0026212 secs] [Times: user=0.01 sys=0.00, real=0.00 secs] 
2260.229: [GC (Allocation Failure) [PSYoungGen: 52576K->1376K(53248K)] 501015K->449815K(630784K), 0.0022007 secs] [Times: user=0.01 sys=0.00, real=0.00 secs] 
2260.686: [GC (Allocation Failure) [PSYoungGen: 52576K->1424K(53248K)] 501015K->449863K(630784K), 0.0034842 secs] [Times: user=0.01 sys=0.00, real=0.00 secs] 
2261.566: [GC (Allocation Failure) [PSYoungGen: 52624K->1408K(53248K)] 501063K->449847K(630784K), 0.0015089 secs] [Times: user=0.01 sys=0.00, real=0.00 secs] 
2261.916: [GC (Allocation Failure) [PSYoungGen: 52608K->1376K(53248K)] 501047K->449831K(630784K), 0.0020202 secs] [Times: user=0.01 sys=0.00, real=0.00 secs] 
2262.380: [GC (Allocation Failure) [PSYoungGen: 52576K->1408K(53248K)] 501031K->449863K(630784K), 0.0023544 secs] [Times: user=0.01 sys=0.00, real=0.00 secs] 
2262.961: [GC (Allocation Failure) [PSYoungGen: 52608K->1408K(53248K)] 501063K->449863K(630784K), 0.0024915 secs] [Times: user=0.01 sys=0.00, real=0.00 secs] 
2263.546: [GC (Allocation Failure) [PSYoungGen: 52608K->1408K(53248K)] 501063K->449863K(630784K), 0.0026227 secs] [Times: user=0.01 sys=0.00, real=0.00 secs] 
2264.646: [GC (Allocation Failure) [PSYoungGen: 52608K->1520K(53248K)] 501063K->449975K(630784K), 0.0017559 secs] [Times: user=0.01 sys=0.00, real=0.00 secs] 
2265.121: [GC (Allocation Failure) [PSYoungGen: 52720K->1376K(53248K)] 501175K->449831K(630784K), 0.0020464 secs] [Times: user=0.01 sys=0.00, real=0.00 secs] 
2265.700: [GC (Allocation Failure) [PSYoungGen: 52576K->1376K(53248K)] 501031K->449831K(630784K), 0.0025298 secs] [Times: user=0.01 sys=0.00, real=0.00 secs] 
2266.096: [GC (Allocation Failure) [PSYoungGen: 52576K->1408K(53248K)] 501031K->449863K(630784K), 0.0025573 secs] [Times: user=0.01 sys=0.00, real=0.00 secs] 
2266.530: [GC (Allocation Failure) [PSYoungGen: 52608K->1408K(53248K)] 501063K->449871K(630784K), 0.0023776 secs] [Times: user=0.01 sys=0.01, real=0.00 secs] 
2266.947: [GC (Allocation Failure) [PSYoungGen: 52608K->1376K(53248K)] 501071K->449839K(630784K), 0.0024495 secs] [Times: user=0.00 sys=0.00, real=0.00 secs] 
2267.945: [GC (Allocation Failure) [PSYoungGen: 52576K->1376K(53248K)] 501039K->449839K(630784K), 0.0019396 secs] [Times: user=0.01 sys=0.00, real=0.00 secs] 
2268.340: [GC (Allocation Failure) [PSYoungGen: 52576K->1376K(53248K)] 501039K->449839K(630784K), 0.0019274 secs] [Times: user=0.00 sys=0.00, real=0.00 secs] 
2268.947: [GC (Allocation Failure) [PSYoungGen: 52576K->1344K(53248K)] 501039K->449807K(630784K), 0.0023232 secs] [Times: user=0.01 sys=0.00, real=0.00 secs] 
2269.633: [GC (Allocation Failure) [PSYoungGen: 52544K->1376K(52736K)] 501007K->449839K(630272K), 0.0024307 secs] [Times: user=0.01 sys=0.00, real=0.01 secs] 
2270.356: [GC (Allocation Failure) [PSYoungGen: 52576K->1376K(52736K)] 501039K->449839K(630272K), 0.0030388 secs] [Times: user=0.01 sys=0.00, real=0.00 secs] 
2271.699: [GC (Allocation Failure) [PSYoungGen: 52576K->128K(52224K)] 501039K->448591K(629760K), 0.0014753 secs] [Times: user=0.01 sys=0.00, real=0.00 secs] 
2271.964: [GC (Allocation Failure) [PSYoungGen: 51328K->1344K(53248K)] 499791K->449807K(630784K), 0.0019828 secs] [Times: user=0.00 sys=0.00, real=0.00 secs] 
2272.177: [GC (Allocation Failure) [PSYoungGen: 52544K->1344K(53248K)] 501007K->449823K(630784K), 0.0020140 secs] [Times: user=0.01 sys=0.00, real=0.00 secs] 
2272.521: [GC (Allocation Failure) [PSYoungGen: 52544K->1376K(53248K)] 501023K->449855K(630784K), 0.0020487 secs] [Times: user=0.01 sys=0.00, real=0.00 secs] 
2272.838: [GC (Allocation Failure) [PSYoungGen: 52576K->1408K(53248K)] 501055K->449887K(630784K), 0.0024256 secs] [Times: user=0.01 sys=0.00, real=0.00 secs] 
2273.271: [GC (Allocation Failure) [PSYoungGen: 52608K->1376K(53248K)] 501087K->449855K(630784K), 0.0024296 secs] [Times: user=0.01 sys=0.00, real=0.01 secs] 
2274.218: [GC (Allocation Failure) [PSYoungGen: 52576K->1408K(53248K)] 501055K->449887K(630784K), 0.0018557 secs] [Times: user=0.00 sys=0.00, real=0.00 secs] 
2274.431: [GC (Allocation Failure) [PSYoungGen: 52608K->1376K(53248K)] 501087K->449855K(630784K), 0.0017779 secs] [Times: user=0.01 sys=0.00, real=0.00 secs] 
2274.644: [GC (Allocation Failure) [PSYoungGen: 52576K->1376K(53248K)] 501055K->449855K(630784K), 0.0019369 secs] [Times: user=0.01 sys=0.00, real=0.00 secs] 
2274.856: [GC (Allocation Failure) [PSYoungGen: 52576K->1376K(53248K)] 501055K->449855K(630784K), 0.0018123 secs] [Times: user=0.01 sys=0.00, real=0.00 secs] 
2275.069: [GC (Allocation Failure) [PSYoungGen: 52576K->1344K(53248K)] 501055K->449823K(630784K), 0.0018833 secs] [Times: user=0.01 sys=0.00, real=0.00 secs] 
2275.310: [GC (Allocation Failure) [PSYoungGen: 52533K->288K(53248K)] 501012K->448767K(630784K), 0.0017896 secs] [Times: user=0.01 sys=0.00, real=0.00 secs] 
2276.397: [GC (Allocation Failure) [PSYoungGen: 51488K->1408K(53248K)] 499967K->449887K(630784K), 0.0025083 secs] [Times: user=0.01 sys=0.00, real=0.00 secs] 
2276.838: [GC (Allocation Failure) [PSYoungGen: 52608K->1392K(53248K)] 501087K->449871K(630784K), 0.0027170 secs] [Times: user=0.02 sys=0.00, real=0.00 secs] 
2277.279: [GC (Allocation Failure) [PSYoungGen: 52592K->1440K(53248K)] 501071K->449919K(630784K), 0.0029253 secs] [Times: user=0.01 sys=0.00, real=0.00 secs] 
2277.663: [GC (Allocation Failure) [PSYoungGen: 52640K->1376K(53248K)] 501119K->449855K(630784K), 0.0025076 secs] [Times: user=0.01 sys=0.00, real=0.01 secs] 
2277.988: [GC (Allocation Failure) [PSYoungGen: 52576K->1408K(53248K)] 501055K->449895K(630784K), 0.0021002 secs] [Times: user=0.01 sys=0.00, real=0.00 secs] 
2279.080: [GC (Allocation Failure) [PSYoungGen: 52608K->1376K(53248K)] 501095K->449863K(630784K), 0.0019624 secs] [Times: user=0.01 sys=0.00, real=0.00 secs] 
2279.547: [GC (Allocation Failure) [PSYoungGen: 52576K->1408K(53248K)] 501063K->449895K(630784K), 0.0019174 secs] [Times: user=0.01 sys=0.00, real=0.00 secs] 
2279.906: [GC (Allocation Failure) [PSYoungGen: 52608K->1344K(53248K)] 501095K->449847K(630784K), 0.0022854 secs] [Times: user=0.01 sys=0.00, real=0.00 secs] 
2280.432: [GC (Allocation Failure) [PSYoungGen: 52544K->1376K(53248K)] 501047K->449879K(630784K), 0.0034311 secs] [Times: user=0.02 sys=0.00, real=0.01 secs] 
2281.075: [GC (Allocation Failure) [PSYoungGen: 52576K->1344K(53248K)] 501079K->449847K(630784K), 0.0043033 secs] [Times: user=0.02 sys=0.00, real=0.00 secs] 
2281.737: [GC (Allocation Failure) [PSYoungGen: 52544K->1408K(53248K)] 501047K->449911K(630784K), 0.0040791 secs] [Times: user=0.02 sys=0.00, real=0.00 secs] 
2283.768: [GC (Allocation Failure) [PSYoungGen: 52608K->1408K(53248K)] 501111K->449911K(630784K), 0.0039937 secs] [Times: user=0.02 sys=0.00, real=0.00 secs] 
2284.451: [GC (Allocation Failure) [PSYoungGen: 52608K->1344K(53248K)] 501111K->449847K(630784K), 0.0030350 secs] [Times: user=0.01 sys=0.00, real=0.01 secs] 
2285.006: [GC (Allocation Failure) [PSYoungGen: 52544K->1376K(53248K)] 501047K->449879K(630784K), 0.0028958 secs] [Times: user=0.01 sys=0.00, real=0.00 secs] 
2286.295: [GC (Allocation Failure) [PSYoungGen: 52576K->1344K(53248K)] 501079K->449847K(630784K), 0.0028550 secs] [Times: user=0.01 sys=0.00, real=0.00 secs] 
2287.443: [GC (Allocation Failure) [PSYoungGen: 52544K->1344K(53248K)] 501047K->449847K(630784K), 0.0040504 secs] [Times: user=0.02 sys=0.00, real=0.01 secs] 
2288.774: [GC (Allocation Failure) [PSYoungGen: 52544K->1376K(53248K)] 501047K->449879K(630784K), 0.0022317 secs] [Times: user=0.01 sys=0.00, real=0.00 secs] 
2289.280: [GC (Allocation Failure) [PSYoungGen: 52576K->1344K(52736K)] 501079K->449847K(630272K), 0.0023658 secs] [Times: user=0.00 sys=0.00, real=0.00 secs] 
2289.724: [GC (Allocation Failure) [PSYoungGen: 52544K->1360K(52736K)] 501047K->449863K(630272K), 0.0055611 secs] [Times: user=0.02 sys=0.00, real=0.00 secs] 
2290.141: [GC (Allocation Failure) [PSYoungGen: 52560K->1376K(52736K)] 501063K->449879K(630272K), 0.0022494 secs] [Times: user=0.01 sys=0.00, real=0.00 secs] 
2290.663: [GC (Allocation Failure) [PSYoungGen: 52576K->1328K(52736K)] 501079K->449831K(630272K), 0.0028215 secs] [Times: user=0.01 sys=0.00, real=0.01 secs] 
2291.088: [GC (Allocation Failure) [PSYoungGen: 52528K->1296K(52736K)] 501031K->449799K(630272K), 0.0029553 secs] [Times: user=0.01 sys=0.00, real=0.00 secs] 
2291.973: [GC (Allocation Failure) [PSYoungGen: 52496K->1440K(52736K)] 500999K->449943K(630272K), 0.0016202 secs] [Times: user=0.00 sys=0.00, real=0.01 secs] 
2292.316: [GC (Allocation Failure) [PSYoungGen: 52640K->1360K(52736K)] 501143K->449863K(630272K), 0.0019167 secs] [Times: user=0.01 sys=0.00, real=0.00 secs] 
2292.610: [GC (Allocation Failure) [PSYoungGen: 52560K->1376K(52736K)] 501063K->449879K(630272K), 0.0020494 secs] [Times: user=0.01 sys=0.00, real=0.00 secs] 
2292.967: [GC (Allocation Failure) [PSYoungGen: 52576K->1312K(52736K)] 501079K->449815K(630272K), 0.0020419 secs] [Times: user=0.01 sys=0.00, real=0.00 secs] 
2293.418: [GC (Allocation Failure) [PSYoungGen: 52512K->1312K(52736K)] 501015K->449823K(630272K), 0.0025312 secs] [Times: user=0.01 sys=0.01, real=0.00 secs] 
2294.512: [GC (Allocation Failure) [PSYoungGen: 52512K->1344K(52736K)] 501023K->449855K(630272K), 0.0019660 secs] [Times: user=0.01 sys=0.00, real=0.01 secs] 
2294.760: [GC (Allocation Failure) [PSYoungGen: 52544K->1360K(52736K)] 501055K->449871K(630272K), 0.0018431 secs] [Times: user=0.01 sys=0.00, real=0.00 secs] 
2294.975: [GC (Allocation Failure) [PSYoungGen: 52560K->1376K(52736K)] 501071K->449887K(630272K), 0.0018930 secs] [Times: user=0.01 sys=0.00, real=0.00 secs] 
2295.187: [GC (Allocation Failure) [PSYoungGen: 52576K->1344K(52736K)] 501087K->449855K(630272K), 0.0020081 secs] [Times: user=0.01 sys=0.00, real=0.00 secs] 
2295.455: [GC (Allocation Failure) [PSYoungGen: 52544K->1344K(52736K)] 501055K->449863K(630272K), 0.0018931 secs] [Times: user=0.00 sys=0.00, real=0.00 secs] 
2295.667: [GC (Allocation Failure) [PSYoungGen: 52544K->1392K(52736K)] 501063K->449919K(630272K), 0.0021608 secs] [Times: user=0.01 sys=0.00, real=0.00 secs] 
2296.619: [GC (Allocation Failure) [PSYoungGen: 52592K->1408K(52736K)] 501119K->449935K(630272K), 0.0029389 secs] [Times: user=0.02 sys=0.00, real=0.00 secs] 
2296.871: [GC (Allocation Failure) [PSYoungGen: 52608K->1376K(52736K)] 501135K->449903K(630272K), 0.0022757 secs] [Times: user=0.01 sys=0.00, real=0.00 secs] 
2297.084: [GC (Allocation Failure) [PSYoungGen: 52576K->1408K(52736K)] 501103K->449935K(630272K), 0.0021309 secs] [Times: user=0.01 sys=0.00, real=0.00 secs] 
2297.369: [GC (Allocation Failure) [PSYoungGen: 52608K->1376K(52736K)] 501135K->449903K(630272K), 0.0021215 secs] [Times: user=0.01 sys=0.00, real=0.00 secs] 
2297.692: [GC (Allocation Failure) [PSYoungGen: 52576K->1440K(52736K)] 501103K->449975K(630272K), 0.0022920 secs] [Times: user=0.01 sys=0.00, real=0.01 secs] 
2298.788: [GC (Allocation Failure) [PSYoungGen: 52640K->1408K(52736K)] 501175K->449943K(630272K), 0.0019371 secs] [Times: user=0.01 sys=0.00, real=0.00 secs] 
2299.449: [GC (Allocation Failure) [PSYoungGen: 52608K->1376K(52736K)] 501143K->449927K(630272K), 0.0024028 secs] [Times: user=0.01 sys=0.00, real=0.00 secs] 
2300.122: [GC (Allocation Failure) [PSYoungGen: 52576K->1344K(52736K)] 501127K->449895K(630272K), 0.0030991 secs] [Times: user=0.01 sys=0.00, real=0.01 secs] 
2300.592: [GC (Allocation Failure) [PSYoungGen: 52544K->1376K(52736K)] 501095K->449927K(630272K), 0.0033355 secs] [Times: user=0.01 sys=0.00, real=0.01 secs] 
2301.137: [GC (Allocation Failure) [PSYoungGen: 52576K->1376K(52736K)] 501127K->449927K(630272K), 0.0031692 secs] [Times: user=0.01 sys=0.00, real=0.00 secs] 
2301.538: [GC (Allocation Failure) [PSYoungGen: 52576K->1376K(52736K)] 501127K->449927K(630272K), 0.0028495 secs] [Times: user=0.01 sys=0.00, real=0.00 secs] 
2302.808: [GC (Allocation Failure) [PSYoungGen: 52576K->1440K(52736K)] 501127K->449991K(630272K), 0.0025772 secs] [Times: user=0.01 sys=0.00, real=0.00 secs] 
2303.182: [GC (Allocation Failure) [PSYoungGen: 52640K->1376K(52736K)] 501191K->449927K(630272K), 0.0022498 secs] [Times: user=0.01 sys=0.00, real=0.01 secs] 
2303.395: [GC (Allocation Failure) [PSYoungGen: 52576K->1392K(52736K)] 501127K->449943K(630272K), 0.0020943 secs] [Times: user=0.01 sys=0.00, real=0.00 secs] 
2303.660: [GC (Allocation Failure) [PSYoungGen: 52592K->1376K(52736K)] 501143K->449927K(630272K), 0.0024311 secs] [Times: user=0.01 sys=0.00, real=0.00 secs] 
2303.890: [GC (Allocation Failure) [PSYoungGen: 52576K->1344K(52736K)] 501127K->449895K(630272K), 0.0021727 secs] [Times: user=0.01 sys=0.00, real=0.00 secs] 
2304.739: [GC (Allocation Failure) [PSYoungGen: 52544K->1408K(52736K)] 501095K->449959K(630272K), 0.0018831 secs] [Times: user=0.01 sys=0.00, real=0.00 secs] 
2304.974: [GC (Allocation Failure) [PSYoungGen: 52608K->1344K(52736K)] 501159K->449895K(630272K), 0.0018675 secs] [Times: user=0.00 sys=0.00, real=0.01 secs] 
2305.240: [GC (Allocation Failure) [PSYoungGen: 52544K->1376K(52736K)] 501095K->449927K(630272K), 0.0019951 secs] [Times: user=0.01 sys=0.00, real=0.00 secs] 
2305.488: [GC (Allocation Failure) [PSYoungGen: 52576K->1376K(52736K)] 501127K->449927K(630272K), 0.0024349 secs] [Times: user=0.01 sys=0.00, real=0.00 secs] 
2305.702: [GC (Allocation Failure) [PSYoungGen: 52576K->1376K(52736K)] 501127K->449927K(630272K), 0.0022225 secs] [Times: user=0.01 sys=0.00, real=0.01 secs] 
2305.914: [GC (Allocation Failure) [PSYoungGen: 52576K->1376K(52736K)] 501127K->449927K(630272K), 0.0020934 secs] [Times: user=0.00 sys=0.00, real=0.00 secs] 
2307.059: [GC (Allocation Failure) [PSYoungGen: 52576K->1408K(52736K)] 501127K->449959K(630272K), 0.0024148 secs] [Times: user=0.01 sys=0.01, real=0.00 secs] 
2307.529: [GC (Allocation Failure) [PSYoungGen: 52608K->1376K(52736K)] 501159K->449927K(630272K), 0.0030981 secs] [Times: user=0.01 sys=0.00, real=0.00 secs] 
2308.019: [GC (Allocation Failure) [PSYoungGen: 52576K->1408K(52736K)] 501127K->449959K(630272K), 0.0031848 secs] [Times: user=0.01 sys=0.01, real=0.00 secs] 
2308.516: [GC (Allocation Failure) [PSYoungGen: 52608K->1376K(52736K)] 501159K->449927K(630272K), 0.0046304 secs] [Times: user=0.02 sys=0.00, real=0.00 secs] 
2308.850: [GC (Allocation Failure) [PSYoungGen: 52576K->1408K(52736K)] 501127K->449975K(630272K), 0.0023881 secs] [Times: user=0.01 sys=0.00, real=0.00 secs] 
2309.914: [GC (Allocation Failure) [PSYoungGen: 52608K->1408K(52736K)] 501175K->449975K(630272K), 0.0018102 secs] [Times: user=0.01 sys=0.00, real=0.01 secs] 
2310.378: [GC (Allocation Failure) [PSYoungGen: 52608K->1376K(52736K)] 501175K->449943K(630272K), 0.0018542 secs] [Times: user=0.01 sys=0.00, real=0.00 secs] 
2310.861: [GC (Allocation Failure) [PSYoungGen: 52576K->1392K(52736K)] 501143K->449959K(630272K), 0.0031809 secs] [Times: user=0.01 sys=0.00, real=0.01 secs] 
2311.268: [GC (Allocation Failure) [PSYoungGen: 52592K->1392K(52736K)] 501159K->449959K(630272K), 0.0025168 secs] [Times: user=0.01 sys=0.00, real=0.00 secs] 
2311.631: [GC (Allocation Failure) [PSYoungGen: 52592K->1376K(52736K)] 501159K->449951K(630272K), 0.0027102 secs] [Times: user=0.01 sys=0.00, real=0.00 secs] 
2312.001: [GC (Allocation Failure) [PSYoungGen: 52576K->1376K(52736K)] 501151K->449951K(630272K), 0.0023578 secs] [Times: user=0.01 sys=0.00, real=0.00 secs] 
2312.948: [GC (Allocation Failure) [PSYoungGen: 52576K->1408K(52736K)] 501151K->449983K(630272K), 0.0019473 secs] [Times: user=0.00 sys=0.00, real=0.00 secs] 
2313.161: [GC (Allocation Failure) [PSYoungGen: 52608K->1376K(52736K)] 501183K->449951K(630272K), 0.0017744 secs] [Times: user=0.01 sys=0.00, real=0.00 secs] 
2313.374: [GC (Allocation Failure) [PSYoungGen: 52576K->1376K(52736K)] 501151K->449951K(630272K), 0.0017464 secs] [Times: user=0.01 sys=0.00, real=0.00 secs] 
2313.620: [GC (Allocation Failure) [PSYoungGen: 52576K->1392K(52736K)] 501151K->449967K(630272K), 0.0025357 secs] [Times: user=0.01 sys=0.00, real=0.00 secs] 
2313.834: [GC (Allocation Failure) [PSYoungGen: 52592K->1408K(52736K)] 501167K->449983K(630272K), 0.0025285 secs] [Times: user=0.01 sys=0.00, real=0.01 secs] 
2315.334: [GC (Allocation Failure) [PSYoungGen: 52608K->1440K(52736K)] 501183K->450015K(630272K), 0.0041036 secs] [Times: user=0.02 sys=0.00, real=0.00 secs] 
2316.124: [GC (Allocation Failure) [PSYoungGen: 52640K->1376K(52736K)] 501215K->449951K(630272K), 0.0032042 secs] [Times: user=0.02 sys=0.00, real=0.00 secs] 
2316.557: [GC (Allocation Failure) [PSYoungGen: 52576K->1344K(52736K)] 501151K->449919K(630272K), 0.0031879 secs] [Times: user=0.02 sys=0.00, real=0.00 secs] 
2317.042: [GC (Allocation Failure) [PSYoungGen: 52544K->1360K(52736K)] 501119K->449935K(630272K), 0.0025706 secs] [Times: user=0.01 sys=0.00, real=0.01 secs] 
2317.371: [GC (Allocation Failure) [PSYoungGen: 52560K->1376K(52736K)] 501135K->449951K(630272K), 0.0022792 secs] [Times: user=0.01 sys=0.00, real=0.00 secs] 
2317.584: [GC (Allocation Failure) [PSYoungGen: 52576K->1376K(52736K)] 501151K->449951K(630272K), 0.0024497 secs] [Times: user=0.01 sys=0.00, real=0.00 secs] 
2318.751: [GC (Allocation Failure) [PSYoungGen: 52576K->1440K(52736K)] 501151K->450015K(630272K), 0.0038975 secs] [Times: user=0.01 sys=0.00, real=0.01 secs] 
2319.197: [GC (Allocation Failure) [PSYoungGen: 52640K->1376K(52736K)] 501215K->449951K(630272K), 0.0029166 secs] [Times: user=0.01 sys=0.00, real=0.00 secs] 
2319.570: [GC (Allocation Failure) [PSYoungGen: 52576K->1344K(52736K)] 501151K->449919K(630272K), 0.0023448 secs] [Times: user=0.01 sys=0.00, real=0.00 secs] 
2319.783: [GC (Allocation Failure) [PSYoungGen: 52544K->1376K(52736K)] 501119K->449951K(630272K), 0.0020966 secs] [Times: user=0.01 sys=0.00, real=0.01 secs] 
2319.996: [GC (Allocation Failure) [PSYoungGen: 52576K->1408K(52736K)] 501151K->449999K(630272K), 0.0021808 secs] [Times: user=0.01 sys=0.00, real=0.00 secs] 
2321.110: [GC (Allocation Failure) [PSYoungGen: 52608K->1408K(52736K)] 501199K->449999K(630272K), 0.0022757 secs] [Times: user=0.01 sys=0.00, real=0.00 secs] 
2321.734: [GC (Allocation Failure) [PSYoungGen: 52608K->1376K(52736K)] 501199K->449967K(630272K), 0.0039067 secs] [Times: user=0.02 sys=0.00, real=0.00 secs] 
2322.212: [GC (Allocation Failure) [PSYoungGen: 52576K->1376K(52736K)] 501167K->449967K(630272K), 0.0061774 secs] [Times: user=0.03 sys=0.00, real=0.01 secs] 
2322.834: [GC (Allocation Failure) [PSYoungGen: 52576K->1376K(52736K)] 501167K->449967K(630272K), 0.0027790 secs] [Times: user=0.02 sys=0.00, real=0.00 secs] 
2323.386: [GC (Allocation Failure) [PSYoungGen: 52576K->1344K(52736K)] 501167K->449935K(630272K), 0.0030668 secs] [Times: user=0.01 sys=0.00, real=0.00 secs] 
2323.804: [GC (Allocation Failure) [PSYoungGen: 52544K->1440K(52736K)] 501135K->450031K(630272K), 0.0030272 secs] [Times: user=0.01 sys=0.00, real=0.00 secs] 
2325.136: [GC (Allocation Failure) [PSYoungGen: 52640K->1408K(52736K)] 501231K->449999K(630272K), 0.0032509 secs] [Times: user=0.02 sys=0.00, real=0.00 secs] 
2325.549: [GC (Allocation Failure) [PSYoungGen: 52608K->1376K(52736K)] 501199K->449967K(630272K), 0.0026634 secs] [Times: user=0.01 sys=0.00, real=0.00 secs] 
2326.022: [GC (Allocation Failure) [PSYoungGen: 52576K->1344K(52736K)] 501167K->449935K(630272K), 0.0028182 secs] [Times: user=0.01 sys=0.00, real=0.01 secs] 
2326.565: [GC (Allocation Failure) [PSYoungGen: 52544K->1344K(52736K)] 501135K->449935K(630272K), 0.0028372 secs] [Times: user=0.01 sys=0.00, real=0.00 secs] 
2327.046: [GC (Allocation Failure) [PSYoungGen: 52544K->1376K(52736K)] 501135K->449967K(630272K), 0.0033663 secs] [Times: user=0.01 sys=0.00, real=0.00 secs] 
2328.242: [GC (Allocation Failure) [PSYoungGen: 52576K->1440K(52736K)] 501167K->450031K(630272K), 0.0022232 secs] [Times: user=0.01 sys=0.00, real=0.01 secs] 
2328.999: [GC (Allocation Failure) [PSYoungGen: 52640K->1408K(52736K)] 501231K->449999K(630272K), 0.0039638 secs] [Times: user=0.01 sys=0.00, real=0.00 secs] 
2329.542: [GC (Allocation Failure) [PSYoungGen: 52608K->1312K(52736K)] 501199K->449903K(630272K), 0.0031043 secs] [Times: user=0.01 sys=0.00, real=0.01 secs] 
2330.191: [GC (Allocation Failure) [PSYoungGen: 52512K->1360K(52736K)] 501103K->449951K(630272K), 0.0030522 secs] [Times: user=0.01 sys=0.00, real=0.01 secs] 
2330.654: [GC (Allocation Failure) [PSYoungGen: 52560K->1440K(52736K)] 501151K->450031K(630272K), 0.0028457 secs] [Times: user=0.01 sys=0.00, real=0.00 secs] 
2331.340: [GC (Allocation Failure) [PSYoungGen: 52640K->1344K(52736K)] 501231K->449935K(630272K), 0.0030523 secs] [Times: user=0.01 sys=0.00, real=0.00 secs] 
2332.495: [GC (Allocation Failure) [PSYoungGen: 52544K->1424K(52736K)] 501135K->450015K(630272K), 0.0018402 secs] [Times: user=0.01 sys=0.00, real=0.00 secs] 
2332.977: [GC (Allocation Failure) [PSYoungGen: 52624K->1408K(52736K)] 501215K->450007K(630272K), 0.0042385 secs] [Times: user=0.02 sys=0.00, real=0.00 secs] 
2333.387: [GC (Allocation Failure) [PSYoungGen: 52608K->1408K(52736K)] 501207K->450007K(630272K), 0.0027100 secs] [Times: user=0.01 sys=0.01, real=0.00 secs] 
2333.783: [GC (Allocation Failure) [PSYoungGen: 52608K->1360K(52736K)] 501207K->449959K(630272K), 0.0039050 secs] [Times: user=0.02 sys=0.00, real=0.01 secs] 
2334.194: [GC (Allocation Failure) [PSYoungGen: 52560K->1392K(52736K)] 501159K->449991K(630272K), 0.0032439 secs] [Times: user=0.02 sys=0.00, real=0.00 secs] 
2335.476: [GC (Allocation Failure) [PSYoungGen: 52592K->896K(52224K)] 501191K->450519K(629760K), 0.0026858 secs] [Times: user=0.01 sys=0.00, real=0.00 secs] 
2336.128: [GC (Allocation Failure) [PSYoungGen: 51584K->320K(52736K)] 501207K->449943K(630272K), 0.0043943 secs] [Times: user=0.02 sys=0.00, real=0.00 secs] 
2336.570: [GC (Allocation Failure) [PSYoungGen: 51008K->368K(52736K)] 500631K->449991K(630272K), 0.0027638 secs] [Times: user=0.01 sys=0.00, real=0.00 secs] 
2336.778: [GC (Allocation Failure) [PSYoungGen: 51056K->384K(52736K)] 500679K->450007K(630272K), 0.0022237 secs] [Times: user=0.01 sys=0.00, real=0.00 secs] 
2336.989: [GC (Allocation Failure) [PSYoungGen: 51072K->352K(52736K)] 500695K->449999K(630272K), 0.0020193 secs] [Times: user=0.01 sys=0.00, real=0.00 secs] 
2337.200: [GC (Allocation Failure) [PSYoungGen: 51040K->352K(52736K)] 500687K->449999K(630272K), 0.0020431 secs] [Times: user=0.01 sys=0.00, real=0.00 secs] 
2338.773: [GC (Allocation Failure) [PSYoungGen: 51040K->1408K(52736K)] 500687K->451055K(630272K), 0.0042164 secs] [Times: user=0.02 sys=0.00, real=0.01 secs] 
2339.327: [GC (Allocation Failure) [PSYoungGen: 52096K->1408K(52736K)] 501743K->451055K(630272K), 0.0031563 secs] [Times: user=0.01 sys=0.00, real=0.00 secs] 
2339.748: [GC (Allocation Failure) [PSYoungGen: 52096K->1344K(53248K)] 501743K->450991K(630784K), 0.0027021 secs] [Times: user=0.00 sys=0.00, real=0.00 secs] 
2340.160: [GC (Allocation Failure) [PSYoungGen: 52032K->1376K(53248K)] 501679K->451023K(630784K), 0.0026835 secs] [Times: user=0.01 sys=0.00, real=0.00 secs] 
2340.404: [GC (Allocation Failure) [PSYoungGen: 52064K->1344K(53248K)] 501711K->450991K(630784K), 0.0021778 secs] [Times: user=0.01 sys=0.00, real=0.00 secs] 
2341.338: [GC (Allocation Failure) [PSYoungGen: 51060K->224K(53248K)] 500707K->449887K(630784K), 0.0015805 secs] [Times: user=0.00 sys=0.00, real=0.00 secs] 
2342.026: [GC (Allocation Failure) [PSYoungGen: 50912K->1376K(53248K)] 500575K->451039K(630784K), 0.0028839 secs] [Times: user=0.01 sys=0.00, real=0.00 secs] 
2342.671: [GC (Allocation Failure) [PSYoungGen: 52064K->1376K(53248K)] 501727K->451039K(630784K), 0.0026555 secs] [Times: user=0.02 sys=0.00, real=0.01 secs] 
2343.120: [GC (Allocation Failure) [PSYoungGen: 52064K->1360K(53248K)] 501727K->451023K(630784K), 0.0030281 secs] [Times: user=0.01 sys=0.00, real=0.00 secs] 
2343.548: [GC (Allocation Failure) [PSYoungGen: 52048K->1408K(53248K)] 501711K->451079K(630784K), 0.0025539 secs] [Times: user=0.01 sys=0.00, real=0.00 secs] 
2343.966: [GC (Allocation Failure) [PSYoungGen: 52096K->1344K(53248K)] 501767K->451015K(630784K), 0.0029495 secs] [Times: user=0.01 sys=0.00, real=0.00 secs] 
2345.058: [GC (Allocation Failure) [PSYoungGen: 52032K->1376K(53248K)] 501703K->451047K(630784K), 0.0018681 secs] [Times: user=0.01 sys=0.00, real=0.00 secs] 
2345.588: [GC (Allocation Failure) [PSYoungGen: 52064K->1376K(53248K)] 501735K->451047K(630784K), 0.0022170 secs] [Times: user=0.01 sys=0.00, real=0.00 secs] 
2346.056: [GC (Allocation Failure) [PSYoungGen: 52064K->1376K(53248K)] 501735K->451047K(630784K), 0.0033644 secs] [Times: user=0.01 sys=0.00, real=0.00 secs] 
2346.537: [GC (Allocation Failure) [PSYoungGen: 52064K->1376K(52224K)] 501735K->451047K(629760K), 0.0033261 secs] [Times: user=0.01 sys=0.00, real=0.00 secs] 
2346.991: [GC (Allocation Failure) [PSYoungGen: 52064K->1376K(52736K)] 501735K->451047K(630272K), 0.0037207 secs] [Times: user=0.01 sys=0.00, real=0.01 secs] 
2347.464: [GC (Allocation Failure) [PSYoungGen: 52064K->1376K(52736K)] 501735K->451047K(630272K), 0.0033067 secs] [Times: user=0.01 sys=0.00, real=0.01 secs] 
2348.481: [GC (Allocation Failure) [PSYoungGen: 52064K->1408K(52736K)] 501735K->451079K(630272K), 0.0019656 secs] [Times: user=0.01 sys=0.00, real=0.00 secs] 
2348.692: [GC (Allocation Failure) [PSYoungGen: 52096K->1376K(52736K)] 501767K->451047K(630272K), 0.0019803 secs] [Times: user=0.01 sys=0.00, real=0.01 secs] 
2348.903: [GC (Allocation Failure) [PSYoungGen: 52064K->1376K(52736K)] 501735K->451047K(630272K), 0.0035325 secs] [Times: user=0.02 sys=0.00, real=0.01 secs] 
2349.179: [GC (Allocation Failure) [PSYoungGen: 52064K->1408K(52736K)] 501735K->451079K(630272K), 0.0024455 secs] [Times: user=0.01 sys=0.00, real=0.00 secs] 
2349.539: [GC (Allocation Failure) [PSYoungGen: 52096K->1376K(52736K)] 501767K->451047K(630272K), 0.0031635 secs] [Times: user=0.01 sys=0.00, real=0.00 secs] 
2350.640: [GC (Allocation Failure) [PSYoungGen: 52064K->1408K(52736K)] 501735K->451095K(630272K), 0.0019660 secs] [Times: user=0.01 sys=0.00, real=0.00 secs] 
2350.914: [GC (Allocation Failure) [PSYoungGen: 52096K->1344K(52736K)] 501783K->451031K(630272K), 0.0020344 secs] [Times: user=0.01 sys=0.00, real=0.00 secs] 
2351.197: [GC (Allocation Failure) [PSYoungGen: 52032K->1360K(52736K)] 501719K->451047K(630272K), 0.0020170 secs] [Times: user=0.01 sys=0.00, real=0.00 secs] 
2351.641: [GC (Allocation Failure) [PSYoungGen: 52048K->1408K(52736K)] 501735K->451095K(630272K), 0.0020887 secs] [Times: user=0.01 sys=0.00, real=0.00 secs] 
2352.188: [GC (Allocation Failure) [PSYoungGen: 52096K->1344K(52736K)] 501783K->451031K(630272K), 0.0043819 secs] [Times: user=0.02 sys=0.00, real=0.00 secs] 
2352.707: [GC (Allocation Failure) [PSYoungGen: 52032K->1344K(52736K)] 501719K->451031K(630272K), 0.0031127 secs] [Times: user=0.01 sys=0.00, real=0.00 secs] 
2354.100: [GC (Allocation Failure) [PSYoungGen: 52032K->1424K(52736K)] 501719K->451111K(630272K), 0.0040297 secs] [Times: user=0.02 sys=0.00, real=0.01 secs] 
2354.510: [GC (Allocation Failure) [PSYoungGen: 52112K->1376K(52736K)] 501799K->451063K(630272K), 0.0030524 secs] [Times: user=0.02 sys=0.00, real=0.00 secs] 
2354.728: [GC (Allocation Failure) [PSYoungGen: 52064K->1376K(52736K)] 501751K->451063K(630272K), 0.0022591 secs] [Times: user=0.01 sys=0.00, real=0.00 secs] 
2354.939: [GC (Allocation Failure) [PSYoungGen: 52064K->1376K(52736K)] 501751K->451063K(630272K), 0.0021210 secs] [Times: user=0.01 sys=0.00, real=0.00 secs] 
2355.149: [GC (Allocation Failure) [PSYoungGen: 52064K->1344K(52736K)] 501751K->451031K(630272K), 0.0020804 secs] [Times: user=0.01 sys=0.00, real=0.00 secs] 
2356.565: [GC (Allocation Failure) [PSYoungGen: 52032K->1920K(52736K)] 501719K->451607K(630272K), 0.0028229 secs] [Times: user=0.01 sys=0.00, real=0.00 secs] 
2357.326: [GC (Allocation Failure) [PSYoungGen: 52608K->1344K(52736K)] 502295K->451031K(630272K), 0.0030549 secs] [Times: user=0.01 sys=0.00, real=0.00 secs] 
2358.046: [GC (Allocation Failure) [PSYoungGen: 52032K->1376K(52736K)] 501719K->451063K(630272K), 0.0045389 secs] [Times: user=0.02 sys=0.00, real=0.00 secs] 
2358.491: [GC (Allocation Failure) [PSYoungGen: 52064K->1376K(52736K)] 501751K->451063K(630272K), 0.0029079 secs] [Times: user=0.02 sys=0.00, real=0.01 secs] 
2358.753: [GC (Allocation Failure) [PSYoungGen: 52064K->1344K(52736K)] 501751K->451031K(630272K), 0.0022477 secs] [Times: user=0.01 sys=0.00, real=0.01 secs] 
2359.026: [GC (Allocation Failure) [PSYoungGen: 52032K->1376K(52736K)] 501719K->451063K(630272K), 0.0022565 secs] [Times: user=0.01 sys=0.00, real=0.00 secs] 
2359.876: [GC (Allocation Failure) [PSYoungGen: 52064K->1408K(52736K)] 501751K->451095K(630272K), 0.0020293 secs] [Times: user=0.01 sys=0.00, real=0.00 secs] 
2360.087: [GC (Allocation Failure) [PSYoungGen: 52096K->1376K(52736K)] 501783K->451063K(630272K), 0.0019927 secs] [Times: user=0.01 sys=0.00, real=0.00 secs] 
2360.297: [GC (Allocation Failure) [PSYoungGen: 52064K->1392K(52736K)] 501751K->451079K(630272K), 0.0020256 secs] [Times: user=0.01 sys=0.00, real=0.00 secs] 
2360.508: [GC (Allocation Failure) [PSYoungGen: 52080K->1344K(52736K)] 501767K->451047K(630272K), 0.0019077 secs] [Times: user=0.01 sys=0.00, real=0.00 secs] 
2360.748: [GC (Allocation Failure) [PSYoungGen: 52032K->1344K(52736K)] 501735K->451047K(630272K), 0.0020207 secs] [Times: user=0.01 sys=0.00, real=0.00 secs] 
2361.533: [GC (Allocation Failure) [PSYoungGen: 52032K->1360K(52736K)] 501735K->451063K(630272K), 0.0017102 secs] [Times: user=0.01 sys=0.00, real=0.01 secs] 
2361.887: [GC (Allocation Failure) [PSYoungGen: 52048K->1392K(52224K)] 501751K->451095K(629760K), 0.0022171 secs] [Times: user=0.00 sys=0.00, real=0.00 secs] 
2362.124: [GC (Allocation Failure) [PSYoungGen: 52080K->1376K(52224K)] 501783K->451079K(629760K), 0.0020677 secs] [Times: user=0.01 sys=0.00, real=0.00 secs] 
2362.361: [GC (Allocation Failure) [PSYoungGen: 52064K->1376K(52224K)] 501767K->451079K(629760K), 0.0022464 secs] [Times: user=0.01 sys=0.00, real=0.00 secs] 
2362.572: [GC (Allocation Failure) [PSYoungGen: 52064K->1360K(52224K)] 501767K->451071K(629760K), 0.0021984 secs] [Times: user=0.01 sys=0.00, real=0.01 secs] 
2362.813: [GC (Allocation Failure) [PSYoungGen: 52048K->1376K(52224K)] 501759K->451087K(629760K), 0.0021234 secs] [Times: user=0.01 sys=0.00, real=0.01 secs] 
2363.721: [GC (Allocation Failure) [PSYoungGen: 52064K->1376K(52224K)] 501775K->451087K(629760K), 0.0019998 secs] [Times: user=0.01 sys=0.00, real=0.00 secs] 
2363.933: [GC (Allocation Failure) [PSYoungGen: 52064K->1296K(52224K)] 501775K->451007K(629760K), 0.0020684 secs] [Times: user=0.01 sys=0.00, real=0.01 secs] 
2364.214: [GC (Allocation Failure) [PSYoungGen: 51984K->1376K(52224K)] 501695K->451087K(629760K), 0.0019370 secs] [Times: user=0.01 sys=0.00, real=0.00 secs] 
2364.425: [GC (Allocation Failure) [PSYoungGen: 52064K->1344K(52224K)] 501775K->451055K(629760K), 0.0020127 secs] [Times: user=0.01 sys=0.01, real=0.00 secs] 
2364.682: [GC (Allocation Failure) [PSYoungGen: 52032K->1376K(52224K)] 501743K->451087K(629760K), 0.0020566 secs] [Times: user=0.00 sys=0.00, real=0.01 secs] 
2364.921: [GC (Allocation Failure) [PSYoungGen: 52064K->1376K(52224K)] 501775K->451087K(629760K), 0.0027037 secs] [Times: user=0.01 sys=0.00, real=0.00 secs] 
2366.431: [GC (Allocation Failure) [PSYoungGen: 52064K->1376K(52224K)] 501775K->451087K(629760K), 0.0021626 secs] [Times: user=0.00 sys=0.00, real=0.00 secs] 
2366.932: [GC (Allocation Failure) [PSYoungGen: 52064K->1344K(52224K)] 501775K->451055K(629760K), 0.0023960 secs] [Times: user=0.01 sys=0.00, real=0.01 secs] 
2367.220: [GC (Allocation Failure) [PSYoungGen: 52032K->1408K(52224K)] 501743K->451119K(629760K), 0.0022584 secs] [Times: user=0.01 sys=0.00, real=0.00 secs] 
2367.431: [GC (Allocation Failure) [PSYoungGen: 52096K->1376K(52224K)] 501807K->451087K(629760K), 0.0021539 secs] [Times: user=0.00 sys=0.00, real=0.00 secs] 
2367.642: [GC (Allocation Failure) [PSYoungGen: 52064K->1376K(52224K)] 501775K->451087K(629760K), 0.0021227 secs] [Times: user=0.01 sys=0.00, real=0.01 secs] 
2368.486: [GC (Allocation Failure) [PSYoungGen: 52064K->1440K(52224K)] 501775K->451151K(629760K), 0.0019444 secs] [Times: user=0.01 sys=0.00, real=0.00 secs] 
2368.697: [GC (Allocation Failure) [PSYoungGen: 52128K->1344K(52224K)] 501839K->451055K(629760K), 0.0018540 secs] [Times: user=0.01 sys=0.00, real=0.00 secs] 
2368.907: [GC (Allocation Failure) [PSYoungGen: 52032K->1376K(52224K)] 501743K->451087K(629760K), 0.0017083 secs] [Times: user=0.01 sys=0.00, real=0.00 secs] 
2369.118: [GC (Allocation Failure) [PSYoungGen: 52064K->1360K(52224K)] 501775K->451095K(629760K), 0.0017796 secs] [Times: user=0.01 sys=0.00, real=0.00 secs] 
2369.329: [GC (Allocation Failure) [PSYoungGen: 52048K->1376K(52224K)] 501783K->451111K(629760K), 0.0030520 secs] [Times: user=0.01 sys=0.00, real=0.00 secs] 
2369.549: [GC (Allocation Failure) [PSYoungGen: 52064K->1376K(52224K)] 501799K->451111K(629760K), 0.0026674 secs] [Times: user=0.01 sys=0.00, real=0.00 secs] 
2370.395: [GC (Allocation Failure) [PSYoungGen: 52064K->1376K(52224K)] 501799K->451111K(629760K), 0.0019753 secs] [Times: user=0.01 sys=0.00, real=0.00 secs] 
2370.606: [GC (Allocation Failure) [PSYoungGen: 52064K->1344K(52224K)] 501799K->451079K(629760K), 0.0018491 secs] [Times: user=0.00 sys=0.00, real=0.00 secs] 
2370.817: [GC (Allocation Failure) [PSYoungGen: 52032K->1376K(52224K)] 501767K->451111K(629760K), 0.0018671 secs] [Times: user=0.01 sys=0.00, real=0.00 secs] 
2371.027: [GC (Allocation Failure) [PSYoungGen: 52064K->1408K(52224K)] 501799K->451143K(629760K), 0.0018692 secs] [Times: user=0.01 sys=0.00, real=0.00 secs] 
2371.238: [GC (Allocation Failure) [PSYoungGen: 52096K->1344K(52224K)] 501831K->451079K(629760K), 0.0027951 secs] [Times: user=0.00 sys=0.00, real=0.00 secs] 
2372.621: [GC (Allocation Failure) [PSYoungGen: 52032K->864K(52224K)] 501767K->451631K(629760K), 0.0019720 secs] [Times: user=0.01 sys=0.00, real=0.00 secs] 
2372.856: [GC (Allocation Failure) [PSYoungGen: 51552K->352K(52224K)] 502319K->451119K(629760K), 0.0020721 secs] [Times: user=0.00 sys=0.00, real=0.00 secs] 
2373.067: [GC (Allocation Failure) [PSYoungGen: 51040K->384K(52736K)] 501807K->451151K(630272K), 0.0018395 secs] [Times: user=0.01 sys=0.00, real=0.00 secs] 
2373.282: [GC (Allocation Failure) [PSYoungGen: 51072K->352K(52736K)] 501839K->451119K(630272K), 0.0029802 secs] [Times: user=0.01 sys=0.00, real=0.01 secs] 
2373.619: [GC (Allocation Failure) [PSYoungGen: 51040K->352K(52736K)] 501807K->451119K(630272K), 0.0036741 secs] [Times: user=0.01 sys=0.00, real=0.00 secs] 
2373.980: [GC (Allocation Failure) [PSYoungGen: 51040K->368K(52736K)] 501807K->451135K(630272K), 0.0030370 secs] [Times: user=0.01 sys=0.00, real=0.00 secs] 
2375.154: [GC (Allocation Failure) [PSYoungGen: 51056K->1376K(52736K)] 501823K->452143K(630272K), 0.0018308 secs] [Times: user=0.01 sys=0.00, real=0.00 secs] 
2375.781: [GC (Allocation Failure) [PSYoungGen: 52064K->1376K(52736K)] 502831K->452143K(630272K), 0.0039847 secs] [Times: user=0.02 sys=0.00, real=0.01 secs] 
2376.415: [GC (Allocation Failure) [PSYoungGen: 52064K->1376K(52736K)] 502831K->452143K(630272K), 0.0039976 secs] [Times: user=0.01 sys=0.00, real=0.00 secs] 
2376.916: [GC (Allocation Failure) [PSYoungGen: 52064K->1344K(52736K)] 502831K->452111K(630272K), 0.0030138 secs] [Times: user=0.01 sys=0.00, real=0.00 secs] 
2377.270: [GC (Allocation Failure) [PSYoungGen: 52032K->1344K(53248K)] 502799K->452119K(630784K), 0.0024125 secs] [Times: user=0.01 sys=0.00, real=0.00 secs] 
2378.293: [GC (Allocation Failure) [PSYoungGen: 51059K->224K(53248K)] 501834K->450999K(630784K), 0.0015425 secs] [Times: user=0.00 sys=0.00, real=0.01 secs] 
2378.946: [GC (Allocation Failure) [PSYoungGen: 50912K->1360K(53248K)] 501687K->452135K(630784K), 0.0021775 secs] [Times: user=0.01 sys=0.00, real=0.00 secs] 
2379.633: [GC (Allocation Failure) [PSYoungGen: 52048K->1344K(53248K)] 502823K->452119K(630784K), 0.0034898 secs] [Times: user=0.02 sys=0.00, real=0.01 secs] 
2380.316: [GC (Allocation Failure) [PSYoungGen: 52032K->1376K(53248K)] 502807K->452151K(630784K), 0.0030793 secs] [Times: user=0.02 sys=0.01, real=0.00 secs] 
2380.868: [GC (Allocation Failure) [PSYoungGen: 52064K->1376K(53248K)] 502839K->452167K(630784K), 0.0032497 secs] [Times: user=0.02 sys=0.00, real=0.00 secs] 
2381.241: [GC (Allocation Failure) [PSYoungGen: 52064K->1376K(53248K)] 502855K->452167K(630784K), 0.0026362 secs] [Times: user=0.02 sys=0.00, real=0.00 secs] 
2382.233: [GC (Allocation Failure) [PSYoungGen: 52064K->1408K(53248K)] 502855K->452199K(630784K), 0.0017596 secs] [Times: user=0.01 sys=0.00, real=0.01 secs] 
2382.442: [GC (Allocation Failure) [PSYoungGen: 52096K->1344K(53248K)] 502887K->452135K(630784K), 0.0015680 secs] [Times: user=0.01 sys=0.00, real=0.00 secs] 
2382.730: [GC (Allocation Failure) [PSYoungGen: 52032K->1376K(53248K)] 502823K->452167K(630784K), 0.0019497 secs] [Times: user=0.01 sys=0.00, real=0.00 secs] 
2382.940: [GC (Allocation Failure) [PSYoungGen: 52064K->1376K(52224K)] 502855K->452167K(629760K), 0.0019829 secs] [Times: user=0.01 sys=0.00, real=0.00 secs] 
2383.151: [GC (Allocation Failure) [PSYoungGen: 52064K->1376K(52736K)] 502855K->452167K(630272K), 0.0019266 secs] [Times: user=0.01 sys=0.00, real=0.00 secs] 
2383.379: [GC (Allocation Failure) [PSYoungGen: 52064K->1376K(52736K)] 502855K->452167K(630272K), 0.0024243 secs] [Times: user=0.01 sys=0.00, real=0.00 secs] 
2384.472: [GC (Allocation Failure) [PSYoungGen: 52064K->1408K(52736K)] 502855K->452199K(630272K), 0.0020503 secs] [Times: user=0.01 sys=0.00, real=0.01 secs] 
2385.031: [GC (Allocation Failure) [PSYoungGen: 52096K->1376K(52736K)] 502887K->452167K(630272K), 0.0026353 secs] [Times: user=0.01 sys=0.00, real=0.00 secs] 
2385.539: [GC (Allocation Failure) [PSYoungGen: 52064K->1408K(52736K)] 502855K->452199K(630272K), 0.0030591 secs] [Times: user=0.01 sys=0.00, real=0.00 secs] 
2385.973: [GC (Allocation Failure) [PSYoungGen: 52096K->1392K(52736K)] 502887K->452183K(630272K), 0.0031153 secs] [Times: user=0.02 sys=0.00, real=0.01 secs] 
2386.405: [GC (Allocation Failure) [PSYoungGen: 52080K->1408K(52736K)] 502871K->452199K(630272K), 0.0031775 secs] [Times: user=0.01 sys=0.00, real=0.00 secs] 
2387.576: [GC (Allocation Failure) [PSYoungGen: 52096K->1376K(52736K)] 502887K->452167K(630272K), 0.0019007 secs] [Times: user=0.01 sys=0.00, real=0.00 secs] 
2387.867: [GC (Allocation Failure) [PSYoungGen: 52064K->1376K(52736K)] 502855K->452167K(630272K), 0.0021558 secs] [Times: user=0.00 sys=0.00, real=0.00 secs] 
2388.326: [GC (Allocation Failure) [PSYoungGen: 52064K->1312K(52736K)] 502855K->452103K(630272K), 0.0026986 secs] [Times: user=0.01 sys=0.00, real=0.00 secs] 
2388.734: [GC (Allocation Failure) [PSYoungGen: 52000K->1376K(52736K)] 502791K->452167K(630272K), 0.0028327 secs] [Times: user=0.01 sys=0.00, real=0.00 secs] 
2389.154: [GC (Allocation Failure) [PSYoungGen: 52064K->1344K(52736K)] 502855K->452135K(630272K), 0.0031867 secs] [Times: user=0.01 sys=0.00, real=0.00 secs] 
2389.573: [GC (Allocation Failure) [PSYoungGen: 52032K->1376K(52736K)] 502823K->452167K(630272K), 0.0028253 secs] [Times: user=0.02 sys=0.00, real=0.01 secs] 
2390.755: [GC (Allocation Failure) [PSYoungGen: 52064K->1408K(52736K)] 502855K->452207K(630272K), 0.0019460 secs] [Times: user=0.01 sys=0.00, real=0.00 secs] 
2391.340: [GC (Allocation Failure) [PSYoungGen: 52096K->1376K(52736K)] 502895K->452175K(630272K), 0.0021222 secs] [Times: user=0.01 sys=0.00, real=0.00 secs] 
2392.028: [GC (Allocation Failure) [PSYoungGen: 52064K->1440K(52736K)] 502863K->452239K(630272K), 0.0028533 secs] [Times: user=0.01 sys=0.00, real=0.00 secs] 
2392.736: [GC (Allocation Failure) [PSYoungGen: 52128K->1344K(52736K)] 502927K->452143K(630272K), 0.0044910 secs] [Times: user=0.02 sys=0.00, real=0.00 secs] 
2393.473: [GC (Allocation Failure) [PSYoungGen: 52032K->1408K(52736K)] 502831K->452207K(630272K), 0.0044671 secs] [Times: user=0.02 sys=0.00, real=0.01 secs] 
2394.862: [GC (Allocation Failure) [PSYoungGen: 52096K->1920K(52736K)] 502895K->452719K(630272K), 0.0021465 secs] [Times: user=0.01 sys=0.00, real=0.01 secs] 
2395.522: [GC (Allocation Failure) [PSYoungGen: 52608K->1376K(52736K)] 503407K->452175K(630272K), 0.0027020 secs] [Times: user=0.01 sys=0.00, real=0.01 secs] 
2395.926: [GC (Allocation Failure) [PSYoungGen: 52064K->1344K(52736K)] 502863K->452143K(630272K), 0.0024301 secs] [Times: user=0.02 sys=0.00, real=0.00 secs] 
2396.373: [GC (Allocation Failure) [PSYoungGen: 52032K->1376K(52736K)] 502831K->452175K(630272K), 0.0024725 secs] [Times: user=0.01 sys=0.00, real=0.01 secs] 
2396.824: [GC (Allocation Failure) [PSYoungGen: 52064K->1376K(52736K)] 502863K->452175K(630272K), 0.0025315 secs] [Times: user=0.01 sys=0.00, real=0.00 secs] 
2397.308: [GC (Allocation Failure) [PSYoungGen: 52064K->1376K(52736K)] 502863K->452175K(630272K), 0.0026405 secs] [Times: user=0.01 sys=0.00, real=0.00 secs] 
2398.460: [GC (Allocation Failure) [PSYoungGen: 52064K->1344K(52736K)] 502863K->452143K(630272K), 0.0018371 secs] [Times: user=0.01 sys=0.00, real=0.00 secs] 
2398.884: [GC (Allocation Failure) [PSYoungGen: 52032K->1344K(52736K)] 502831K->452143K(630272K), 0.0020319 secs] [Times: user=0.01 sys=0.00, real=0.01 secs] 
2399.101: [GC (Allocation Failure) [PSYoungGen: 52032K->1344K(52736K)] 502831K->452143K(630272K), 0.0020246 secs] [Times: user=0.01 sys=0.00, real=0.00 secs] 
2399.315: [GC (Allocation Failure) [PSYoungGen: 52032K->1376K(52736K)] 502831K->452175K(630272K), 0.0020527 secs] [Times: user=0.01 sys=0.00, real=0.00 secs] 
2399.529: [GC (Allocation Failure) [PSYoungGen: 52064K->1408K(52736K)] 502863K->452207K(630272K), 0.0020536 secs] [Times: user=0.01 sys=0.00, real=0.00 secs] 
2399.906: [GC (Allocation Failure) [PSYoungGen: 52094K->256K(52736K)] 502893K->451055K(630272K), 0.0020550 secs] [Times: user=0.01 sys=0.00, real=0.00 secs] 
2401.107: [GC (Allocation Failure) [PSYoungGen: 50944K->1408K(52736K)] 501743K->452207K(630272K), 0.0029577 secs] [Times: user=0.01 sys=0.00, real=0.00 secs] 
2401.600: [GC (Allocation Failure) [PSYoungGen: 52096K->1376K(52736K)] 502895K->452191K(630272K), 0.0027733 secs] [Times: user=0.01 sys=0.00, real=0.00 secs] 
2401.916: [GC (Allocation Failure) [PSYoungGen: 52064K->1376K(52736K)] 502879K->452191K(630272K), 0.0024275 secs] [Times: user=0.01 sys=0.00, real=0.00 secs] 
2402.294: [GC (Allocation Failure) [PSYoungGen: 52064K->1440K(52736K)] 502879K->452255K(630272K), 0.0023404 secs] [Times: user=0.02 sys=0.00, real=0.00 secs] 
2402.658: [GC (Allocation Failure) [PSYoungGen: 52128K->1376K(52736K)] 502943K->452191K(630272K), 0.0024785 secs] [Times: user=0.01 sys=0.00, real=0.00 secs] 
2404.074: [GC (Allocation Failure) [PSYoungGen: 52064K->1440K(52736K)] 502879K->452255K(630272K), 0.0032342 secs] [Times: user=0.02 sys=0.00, real=0.00 secs] 
2404.719: [GC (Allocation Failure) [PSYoungGen: 52128K->1376K(52736K)] 502943K->452191K(630272K), 0.0027395 secs] [Times: user=0.01 sys=0.00, real=0.00 secs] 
2405.456: [GC (Allocation Failure) [PSYoungGen: 52064K->1376K(52736K)] 502879K->452191K(630272K), 0.0030457 secs] [Times: user=0.01 sys=0.00, real=0.00 secs] 
2406.268: [GC (Allocation Failure) [PSYoungGen: 52064K->1408K(52736K)] 502879K->452223K(630272K), 0.0038908 secs] [Times: user=0.02 sys=0.00, real=0.00 secs] 
2406.933: [GC (Allocation Failure) [PSYoungGen: 52096K->1376K(52736K)] 502911K->452191K(630272K), 0.0040417 secs] [Times: user=0.02 sys=0.01, real=0.01 secs] 
2407.573: [GC (Allocation Failure) [PSYoungGen: 52064K->1376K(52736K)] 502879K->452191K(630272K), 0.0033502 secs] [Times: user=0.01 sys=0.00, real=0.01 secs] 
2409.085: [GC (Allocation Failure) [PSYoungGen: 52064K->1392K(52736K)] 502879K->452207K(630272K), 0.0023454 secs] [Times: user=0.01 sys=0.00, real=0.00 secs] 
2409.575: [GC (Allocation Failure) [PSYoungGen: 52080K->1376K(52736K)] 502895K->452191K(630272K), 0.0032521 secs] [Times: user=0.01 sys=0.00, real=0.00 secs] 
2410.022: [GC (Allocation Failure) [PSYoungGen: 52064K->1344K(52736K)] 502879K->452159K(630272K), 0.0027183 secs] [Times: user=0.01 sys=0.00, real=0.01 secs] 
2410.478: [GC (Allocation Failure) [PSYoungGen: 52032K->1408K(52736K)] 502847K->452223K(630272K), 0.0027862 secs] [Times: user=0.01 sys=0.00, real=0.00 secs] 
2410.799: [GC (Allocation Failure) [PSYoungGen: 52096K->1344K(52736K)] 502911K->452159K(630272K), 0.0026408 secs] [Times: user=0.02 sys=0.00, real=0.00 secs] 
2411.900: [GC (Allocation Failure) [PSYoungGen: 52032K->1392K(52736K)] 502847K->452207K(630272K), 0.0022853 secs] [Times: user=0.01 sys=0.00, real=0.00 secs] 
2412.578: [GC (Allocation Failure) [PSYoungGen: 52080K->1408K(52736K)] 502895K->452223K(630272K), 0.0031157 secs] [Times: user=0.02 sys=0.00, real=0.00 secs] 
2413.184: [GC (Allocation Failure) [PSYoungGen: 52096K->1360K(52224K)] 502911K->452175K(629760K), 0.0035852 secs] [Times: user=0.02 sys=0.00, real=0.00 secs] 
2413.734: [GC (Allocation Failure) [PSYoungGen: 52048K->1408K(52224K)] 502863K->452231K(629760K), 0.0039961 secs] [Times: user=0.01 sys=0.00, real=0.00 secs] 
2414.266: [GC (Allocation Failure) [PSYoungGen: 52096K->1376K(52224K)] 502919K->452207K(629760K), 0.0039101 secs] [Times: user=0.02 sys=0.00, real=0.00 secs] 
2414.793: [GC (Allocation Failure) [PSYoungGen: 52064K->1408K(52224K)] 502895K->452239K(629760K), 0.0039318 secs] [Times: user=0.01 sys=0.00, real=0.01 secs] 
2415.931: [GC (Allocation Failure) [PSYoungGen: 52096K->1408K(52224K)] 502927K->452239K(629760K), 0.0021067 secs] [Times: user=0.01 sys=0.00, real=0.00 secs] 
2416.157: [GC (Allocation Failure) [PSYoungGen: 52096K->1376K(52224K)] 502927K->452207K(629760K), 0.0021452 secs] [Times: user=0.01 sys=0.00, real=0.00 secs] 
2416.369: [GC (Allocation Failure) [PSYoungGen: 52064K->1344K(52224K)] 502895K->452175K(629760K), 0.0021369 secs] [Times: user=0.01 sys=0.00, real=0.00 secs] 
2416.580: [GC (Allocation Failure) [PSYoungGen: 52032K->1376K(52224K)] 502863K->452207K(629760K), 0.0026322 secs] [Times: user=0.01 sys=0.00, real=0.00 secs] 
2416.791: [GC (Allocation Failure) [PSYoungGen: 52064K->1344K(52224K)] 502895K->452183K(629760K), 0.0026777 secs] [Times: user=0.01 sys=0.01, real=0.01 secs] 
2417.716: [GC (Allocation Failure) [PSYoungGen: 52032K->1504K(51712K)] 502871K->452543K(629248K), 0.0020218 secs] [Times: user=0.01 sys=0.00, real=0.00 secs] 
2418.710: [GC (Allocation Failure) [PSYoungGen: 51680K->1248K(52224K)] 502719K->452287K(629760K), 0.0045154 secs] [Times: user=0.02 sys=0.00, real=0.01 secs] 
2419.175: [GC (Allocation Failure) [PSYoungGen: 51424K->1312K(52224K)] 502463K->452351K(629760K), 0.0037559 secs] [Times: user=0.01 sys=0.00, real=0.00 secs] 
2419.667: [GC (Allocation Failure) [PSYoungGen: 51488K->1344K(52224K)] 502527K->452383K(629760K), 0.0028229 secs] [Times: user=0.02 sys=0.00, real=0.00 secs] 
2420.160: [GC (Allocation Failure) [PSYoungGen: 51520K->1312K(52224K)] 502559K->452351K(629760K), 0.0028969 secs] [Times: user=0.01 sys=0.00, real=0.00 secs] 
2420.861: [GC (Allocation Failure) [PSYoungGen: 51488K->1312K(52224K)] 502527K->452351K(629760K), 0.0042520 secs] [Times: user=0.02 sys=0.00, real=0.01 secs] 
2422.593: [GC (Allocation Failure) [PSYoungGen: 51488K->1568K(52224K)] 502527K->453639K(629760K), 0.0023244 secs] [Times: user=0.01 sys=0.00, real=0.01 secs] 
2422.923: [GC (Allocation Failure) [PSYoungGen: 51744K->1504K(52224K)] 503815K->453575K(629760K), 0.0022598 secs] [Times: user=0.00 sys=0.01, real=0.01 secs] 
2423.132: [GC (Allocation Failure) [PSYoungGen: 51680K->1504K(52224K)] 503751K->453575K(629760K), 0.0021314 secs] [Times: user=0.01 sys=0.00, real=0.01 secs] 
2423.340: [GC (Allocation Failure) [PSYoungGen: 51680K->1552K(52224K)] 503751K->453623K(629760K), 0.0021651 secs] [Times: user=0.01 sys=0.00, real=0.00 secs] 
2423.549: [GC (Allocation Failure) [PSYoungGen: 51728K->1536K(52224K)] 503799K->453631K(629760K), 0.0020150 secs] [Times: user=0.01 sys=0.00, real=0.00 secs] 
2423.758: [GC (Allocation Failure) [PSYoungGen: 51712K->1536K(52224K)] 503807K->453631K(629760K), 0.0023387 secs] [Times: user=0.01 sys=0.00, real=0.00 secs] 
2424.608: [GC (Allocation Failure) [PSYoungGen: 51712K->1536K(52224K)] 503807K->453631K(629760K), 0.0017426 secs] [Times: user=0.01 sys=0.00, real=0.00 secs] 
2424.823: [GC (Allocation Failure) [PSYoungGen: 51712K->1536K(52224K)] 503807K->453631K(629760K), 0.0018413 secs] [Times: user=0.01 sys=0.00, real=0.01 secs] 
2425.041: [GC (Allocation Failure) [PSYoungGen: 51712K->1552K(52224K)] 503807K->453647K(629760K), 0.0017899 secs] [Times: user=0.01 sys=0.00, real=0.00 secs] 
2425.276: [GC (Allocation Failure) [PSYoungGen: 51728K->1408K(52224K)] 503823K->453619K(629760K), 0.0018631 secs] [Times: user=0.01 sys=0.00, real=0.00 secs] 
2425.494: [GC (Allocation Failure) [PSYoungGen: 51584K->1376K(52224K)] 503795K->453587K(629760K), 0.0067967 secs] [Times: user=0.03 sys=0.00, real=0.00 secs] 
2426.869: [GC (Allocation Failure) [PSYoungGen: 51552K->1392K(52224K)] 503763K->453603K(629760K), 0.0038333 secs] [Times: user=0.02 sys=0.00, real=0.00 secs] 
2427.794: [GC (Allocation Failure) [PSYoungGen: 51568K->1408K(51712K)] 503779K->453619K(629248K), 0.0035086 secs] [Times: user=0.02 sys=0.00, real=0.00 secs] 
2428.206: [GC (Allocation Failure) [PSYoungGen: 51584K->1392K(51712K)] 503795K->453619K(629248K), 0.0031849 secs] [Times: user=0.01 sys=0.00, real=0.00 secs] 
2428.880: [GC (Allocation Failure) [PSYoungGen: 51568K->1392K(51712K)] 503795K->453619K(629248K), 0.0028478 secs] [Times: user=0.01 sys=0.00, real=0.00 secs] 
2429.741: [GC (Allocation Failure) [PSYoungGen: 51568K->1376K(51712K)] 503795K->453603K(629248K), 0.0041323 secs] [Times: user=0.02 sys=0.00, real=0.01 secs] 
2430.669: [GC (Allocation Failure) [PSYoungGen: 51552K->1344K(51712K)] 503779K->453571K(629248K), 0.0039579 secs] [Times: user=0.02 sys=0.00, real=0.00 secs] 
2432.132: [GC (Allocation Failure) [PSYoungGen: 51520K->1440K(51712K)] 503747K->453667K(629248K), 0.0026058 secs] [Times: user=0.01 sys=0.00, real=0.01 secs] 
2432.500: [GC (Allocation Failure) [PSYoungGen: 51616K->1376K(51712K)] 503843K->453603K(629248K), 0.0022364 secs] [Times: user=0.01 sys=0.00, real=0.00 secs] 
2432.939: [GC (Allocation Failure) [PSYoungGen: 51552K->1360K(51712K)] 503779K->453595K(629248K), 0.0032477 secs] [Times: user=0.01 sys=0.00, real=0.00 secs] 
2433.395: [GC (Allocation Failure) [PSYoungGen: 51536K->1408K(51712K)] 503771K->453643K(629248K), 0.0028529 secs] [Times: user=0.01 sys=0.00, real=0.00 secs] 
2433.850: [GC (Allocation Failure) [PSYoungGen: 51584K->1376K(51712K)] 503819K->453611K(629248K), 0.0034163 secs] [Times: user=0.01 sys=0.00, real=0.01 secs] 
2434.419: [GC (Allocation Failure) [PSYoungGen: 51541K->256K(51200K)] 503777K->452491K(628736K), 0.0036801 secs] [Times: user=0.01 sys=0.00, real=0.00 secs] 
2435.665: [GC (Allocation Failure) [PSYoungGen: 50432K->1408K(52224K)] 502667K->453643K(629760K), 0.0018959 secs] [Times: user=0.01 sys=0.00, real=0.00 secs] 
2436.340: [GC (Allocation Failure) [PSYoungGen: 51584K->1376K(52224K)] 503819K->453611K(629760K), 0.0044770 secs] [Times: user=0.01 sys=0.01, real=0.01 secs] 
2436.767: [GC (Allocation Failure) [PSYoungGen: 51552K->1376K(52224K)] 503787K->453611K(629760K), 0.0029535 secs] [Times: user=0.01 sys=0.00, real=0.00 secs] 
2437.510: [GC (Allocation Failure) [PSYoungGen: 51552K->1376K(52224K)] 503787K->453611K(629760K), 0.0030948 secs] [Times: user=0.01 sys=0.00, real=0.00 secs] 
2438.122: [GC (Allocation Failure) [PSYoungGen: 51552K->1344K(52224K)] 503787K->453579K(629760K), 0.0034398 secs] [Times: user=0.02 sys=0.00, real=0.01 secs] 
2439.312: [GC (Allocation Failure) [PSYoungGen: 51520K->1408K(52224K)] 503755K->453643K(629760K), 0.0020973 secs] [Times: user=0.01 sys=0.00, real=0.01 secs] 
2439.535: [GC (Allocation Failure) [PSYoungGen: 51584K->1344K(52224K)] 503819K->453579K(629760K), 0.0020851 secs] [Times: user=0.01 sys=0.00, real=0.00 secs] 
2439.792: [GC (Allocation Failure) [PSYoungGen: 51520K->1376K(52224K)] 503755K->453611K(629760K), 0.0020989 secs] [Times: user=0.01 sys=0.00, real=0.01 secs] 
2440.055: [GC (Allocation Failure) [PSYoungGen: 51552K->1376K(52224K)] 503787K->453611K(629760K), 0.0022188 secs] [Times: user=0.01 sys=0.00, real=0.00 secs] 
2440.279: [GC (Allocation Failure) [PSYoungGen: 51552K->1344K(52224K)] 503787K->453587K(629760K), 0.0020761 secs] [Times: user=0.01 sys=0.00, real=0.00 secs] 
2440.491: [GC (Allocation Failure) [PSYoungGen: 51520K->1376K(52224K)] 503763K->453619K(629760K), 0.0021199 secs] [Times: user=0.01 sys=0.00, real=0.00 secs] 
2441.574: [GC (Allocation Failure) [PSYoungGen: 51552K->1408K(52224K)] 503795K->453675K(629760K), 0.0021962 secs] [Times: user=0.01 sys=0.00, real=0.00 secs] 
2442.013: [GC (Allocation Failure) [PSYoungGen: 51584K->1376K(52224K)] 503851K->453643K(629760K), 0.0026682 secs] [Times: user=0.01 sys=0.00, real=0.01 secs] 
2442.519: [GC (Allocation Failure) [PSYoungGen: 51552K->1376K(52224K)] 503819K->453643K(629760K), 0.0024313 secs] [Times: user=0.01 sys=0.00, real=0.00 secs] 
2442.930: [GC (Allocation Failure) [PSYoungGen: 51552K->1344K(51712K)] 503819K->453611K(629248K), 0.0035935 secs] [Times: user=0.01 sys=0.00, real=0.00 secs] 
2443.257: [GC (Allocation Failure) [PSYoungGen: 51520K->1376K(51712K)] 503787K->453643K(629248K), 0.0027859 secs] [Times: user=0.01 sys=0.00, real=0.00 secs] 
2444.247: [GC (Allocation Failure) [PSYoungGen: 51552K->1408K(51712K)] 503819K->453931K(629248K), 0.0017789 secs] [Times: user=0.00 sys=0.00, real=0.00 secs] 
2444.823: [GC (Allocation Failure) [PSYoungGen: 51584K->1376K(51712K)] 504107K->453899K(629248K), 0.0023557 secs] [Times: user=0.01 sys=0.00, real=0.01 secs] 
2445.307: [GC (Allocation Failure) [PSYoungGen: 51552K->1376K(51712K)] 504075K->453899K(629248K), 0.0031459 secs] [Times: user=0.01 sys=0.00, real=0.00 secs] 
2445.523: [GC (Allocation Failure) [PSYoungGen: 51552K->1376K(51712K)] 504075K->453899K(629248K), 0.0021566 secs] [Times: user=0.01 sys=0.00, real=0.01 secs] 
2445.732: [GC (Allocation Failure) [PSYoungGen: 51552K->1376K(51712K)] 504075K->453899K(629248K), 0.0022117 secs] [Times: user=0.01 sys=0.00, real=0.01 secs] 
2445.941: [GC (Allocation Failure) [PSYoungGen: 51552K->1408K(51712K)] 504075K->453931K(629248K), 0.0021984 secs] [Times: user=0.01 sys=0.00, real=0.00 secs] 
2446.908: [GC (Allocation Failure) [PSYoungGen: 51584K->1408K(51712K)] 504107K->453931K(629248K), 0.0022040 secs] [Times: user=0.01 sys=0.00, real=0.00 secs] 
2447.327: [GC (Allocation Failure) [PSYoungGen: 51584K->1344K(51712K)] 504107K->453867K(629248K), 0.0021835 secs] [Times: user=0.01 sys=0.00, real=0.00 secs] 
2447.749: [GC (Allocation Failure) [PSYoungGen: 51520K->1344K(51712K)] 504043K->453867K(629248K), 0.0024412 secs] [Times: user=0.01 sys=0.00, real=0.00 secs] 
2448.169: [GC (Allocation Failure) [PSYoungGen: 51520K->1376K(51712K)] 504043K->453899K(629248K), 0.0025024 secs] [Times: user=0.01 sys=0.00, real=0.00 secs] 
2448.431: [GC (Allocation Failure) [PSYoungGen: 51552K->1344K(51712K)] 504075K->453875K(629248K), 0.0023100 secs] [Times: user=0.01 sys=0.00, real=0.00 secs] 
2448.651: [GC (Allocation Failure) [PSYoungGen: 51520K->1376K(51712K)] 504051K->453907K(629248K), 0.0020066 secs] [Times: user=0.01 sys=0.00, real=0.00 secs] 
2449.917: [GC (Allocation Failure) [PSYoungGen: 51552K->1376K(51712K)] 504083K->453907K(629248K), 0.0024402 secs] [Times: user=0.01 sys=0.00, real=0.00 secs] 
2450.765: [GC (Allocation Failure) [PSYoungGen: 51552K->1344K(51712K)] 504083K->453891K(629248K), 0.0026157 secs] [Times: user=0.01 sys=0.00, real=0.00 secs] 
2451.386: [GC (Allocation Failure) [PSYoungGen: 51520K->1328K(51712K)] 504067K->453875K(629248K), 0.0031843 secs] [Times: user=0.01 sys=0.00, real=0.00 secs] 
2452.594: [GC (Allocation Failure) [PSYoungGen: 51504K->1344K(51712K)] 504051K->453891K(629248K), 0.0032022 secs] [Times: user=0.01 sys=0.01, real=0.00 secs] 
2452.989: [GC (Allocation Failure) [PSYoungGen: 51520K->1376K(51712K)] 504067K->453923K(629248K), 0.0024329 secs] [Times: user=0.01 sys=0.00, real=0.00 secs] 
2454.130: [GC (Allocation Failure) [PSYoungGen: 51552K->1408K(51712K)] 504099K->453955K(629248K), 0.0018393 secs] [Times: user=0.01 sys=0.00, real=0.00 secs] 
2454.345: [GC (Allocation Failure) [PSYoungGen: 51584K->1376K(51712K)] 504131K->453923K(629248K), 0.0029633 secs] [Times: user=0.01 sys=0.00, real=0.00 secs] 
2454.548: [GC (Allocation Failure) [PSYoungGen: 51552K->1408K(51712K)] 504099K->453955K(629248K), 0.0021432 secs] [Times: user=0.01 sys=0.00, real=0.00 secs] 
2454.767: [GC (Allocation Failure) [PSYoungGen: 51584K->1312K(51712K)] 504131K->453859K(629248K), 0.0021810 secs] [Times: user=0.01 sys=0.00, real=0.00 secs] 
2455.037: [GC (Allocation Failure) [PSYoungGen: 51488K->1376K(51712K)] 504035K->453923K(629248K), 0.0021295 secs] [Times: user=0.01 sys=0.00, real=0.00 secs] 
2455.364: [GC (Allocation Failure) [PSYoungGen: 51552K->1408K(51712K)] 504099K->453955K(629248K), 0.0021112 secs] [Times: user=0.01 sys=0.00, real=0.00 secs] 
2456.628: [GC (Allocation Failure) [PSYoungGen: 51584K->1408K(51712K)] 504131K->453955K(629248K), 0.0018503 secs] [Times: user=0.01 sys=0.00, real=0.00 secs] 
2456.836: [GC (Allocation Failure) [PSYoungGen: 51584K->1376K(51712K)] 504131K->453923K(629248K), 0.0019435 secs] [Times: user=0.01 sys=0.00, real=0.00 secs] 
2457.138: [GC (Allocation Failure) [PSYoungGen: 51552K->1376K(51712K)] 504099K->453923K(629248K), 0.0020659 secs] [Times: user=0.01 sys=0.00, real=0.00 secs] 
2457.600: [GC (Allocation Failure) [PSYoungGen: 51552K->1376K(51712K)] 504099K->453923K(629248K), 0.0034494 secs] [Times: user=0.01 sys=0.00, real=0.00 secs] 
2458.172: [GC (Allocation Failure) [PSYoungGen: 51552K->1344K(51712K)] 504099K->453899K(629248K), 0.0031056 secs] [Times: user=0.01 sys=0.00, real=0.01 secs] 
2458.730: [GC (Allocation Failure) [PSYoungGen: 51520K->1376K(51712K)] 504075K->453931K(629248K), 0.0032157 secs] [Times: user=0.01 sys=0.00, real=0.00 secs] 
2460.179: [GC (Allocation Failure) [PSYoungGen: 51552K->1408K(51712K)] 504107K->453963K(629248K), 0.0022548 secs] [Times: user=0.01 sys=0.00, real=0.00 secs] 
2460.767: [GC (Allocation Failure) [PSYoungGen: 51584K->1376K(51712K)] 504139K->453947K(629248K), 0.0030983 secs] [Times: user=0.01 sys=0.00, real=0.00 secs] 
2461.256: [GC (Allocation Failure) [PSYoungGen: 51552K->1408K(51712K)] 504123K->453979K(629248K), 0.0022900 secs] [Times: user=0.01 sys=0.00, real=0.00 secs] 
2462.070: [GC (Allocation Failure) [PSYoungGen: 51584K->1408K(51712K)] 504155K->453979K(629248K), 0.0029691 secs] [Times: user=0.01 sys=0.00, real=0.00 secs] 
2462.926: [GC (Allocation Failure) [PSYoungGen: 51584K->1344K(51712K)] 504155K->453915K(629248K), 0.0042464 secs] [Times: user=0.01 sys=0.01, real=0.00 secs] 
2465.282: [GC (Allocation Failure) [PSYoungGen: 51520K->1392K(51712K)] 504091K->453963K(629248K), 0.0024284 secs] [Times: user=0.01 sys=0.00, real=0.01 secs] 
2466.353: [GC (Allocation Failure) [PSYoungGen: 51568K->1376K(51712K)] 504139K->453947K(629248K), 0.0043558 secs] [Times: user=0.02 sys=0.00, real=0.01 secs] 
2467.644: [GC (Allocation Failure) [PSYoungGen: 51552K->1376K(51712K)] 504123K->453947K(629248K), 0.0049319 secs] [Times: user=0.02 sys=0.00, real=0.00 secs] 
2468.347: [GC (Allocation Failure) [PSYoungGen: 51552K->1376K(51712K)] 504123K->453947K(629248K), 0.0039999 secs] [Times: user=0.01 sys=0.00, real=0.00 secs] 
2469.048: [GC (Allocation Failure) [PSYoungGen: 51552K->1344K(51712K)] 504123K->453915K(629248K), 0.0046214 secs] [Times: user=0.02 sys=0.00, real=0.00 secs] 
2469.741: [GC (Allocation Failure) [PSYoungGen: 51520K->1344K(51712K)] 504091K->453915K(629248K), 0.0042066 secs] [Times: user=0.01 sys=0.00, real=0.01 secs] 
2470.907: [GC (Allocation Failure) [PSYoungGen: 51520K->1376K(51712K)] 504091K->453947K(629248K), 0.0020587 secs] [Times: user=0.01 sys=0.00, real=0.00 secs] 
2471.286: [GC (Allocation Failure) [PSYoungGen: 51552K->1344K(51712K)] 504123K->453915K(629248K), 0.0023141 secs] [Times: user=0.01 sys=0.00, real=0.00 secs] 
2471.782: [GC (Allocation Failure) [PSYoungGen: 51520K->1376K(51712K)] 504091K->453947K(629248K), 0.0029385 secs] [Times: user=0.01 sys=0.00, real=0.01 secs] 
2472.270: [GC (Allocation Failure) [PSYoungGen: 51552K->1376K(51712K)] 504123K->453947K(629248K), 0.0026569 secs] [Times: user=0.01 sys=0.00, real=0.00 secs] 
2472.795: [GC (Allocation Failure) [PSYoungGen: 51552K->1408K(51712K)] 504123K->453979K(629248K), 0.0033076 secs] [Times: user=0.01 sys=0.00, real=0.00 secs] 
2474.063: [GC (Allocation Failure) [PSYoungGen: 51584K->1456K(51712K)] 504155K->454027K(629248K), 0.0019849 secs] [Times: user=0.01 sys=0.00, real=0.01 secs] 
2474.584: [GC (Allocation Failure) [PSYoungGen: 51632K->1376K(51712K)] 504203K->453947K(629248K), 0.0020571 secs] [Times: user=0.00 sys=0.00, real=0.00 secs] 
2475.176: [GC (Allocation Failure) [PSYoungGen: 51552K->1376K(51712K)] 504123K->453947K(629248K), 0.0027393 secs] [Times: user=0.01 sys=0.00, real=0.00 secs] 
2475.473: [GC (Allocation Failure) [PSYoungGen: 51552K->1344K(51712K)] 504123K->453923K(629248K), 0.0022523 secs] [Times: user=0.00 sys=0.00, real=0.01 secs] 
2475.719: [GC (Allocation Failure) [PSYoungGen: 51520K->1344K(51712K)] 504099K->453923K(629248K), 0.0020257 secs] [Times: user=0.01 sys=0.00, real=0.00 secs] 
2475.988: [GC (Allocation Failure) [PSYoungGen: 51520K->1376K(51712K)] 504099K->453955K(629248K), 0.0022300 secs] [Times: user=0.01 sys=0.00, real=0.00 secs] 
2477.013: [GC (Allocation Failure) [PSYoungGen: 51552K->1376K(51712K)] 504131K->453955K(629248K), 0.0018758 secs] [Times: user=0.01 sys=0.00, real=0.01 secs] 
2477.508: [GC (Allocation Failure) [PSYoungGen: 51552K->1376K(51712K)] 504131K->453955K(629248K), 0.0020113 secs] [Times: user=0.01 sys=0.00, real=0.00 secs] 
2478.060: [GC (Allocation Failure) [PSYoungGen: 51552K->1344K(51712K)] 504131K->453923K(629248K), 0.0041833 secs] [Times: user=0.02 sys=0.00, real=0.01 secs] 
2478.458: [GC (Allocation Failure) [PSYoungGen: 51520K->1328K(51712K)] 504099K->453907K(629248K), 0.0028750 secs] [Times: user=0.01 sys=0.00, real=0.00 secs] 
2478.905: [GC (Allocation Failure) [PSYoungGen: 51504K->1376K(51712K)] 504083K->453963K(629248K), 0.0025705 secs] [Times: user=0.01 sys=0.00, real=0.00 secs] 
2479.281: [GC (Allocation Failure) [PSYoungGen: 51552K->1344K(51712K)] 504139K->453931K(629248K), 0.0029487 secs] [Times: user=0.02 sys=0.00, real=0.01 secs] 
2480.961: [GC (Allocation Failure) [PSYoungGen: 51520K->1408K(51712K)] 504107K->453995K(629248K), 0.0039613 secs] [Times: user=0.02 sys=0.00, real=0.01 secs] 
2481.623: [GC (Allocation Failure) [PSYoungGen: 51584K->1360K(51712K)] 504171K->453947K(629248K), 0.0040015 secs] [Times: user=0.02 sys=0.00, real=0.01 secs] 
2482.245: [GC (Allocation Failure) [PSYoungGen: 51536K->1344K(51712K)] 504123K->453939K(629248K), 0.0040950 secs] [Times: user=0.02 sys=0.00, real=0.00 secs] 
2483.011: [GC (Allocation Failure) [PSYoungGen: 51520K->1392K(51712K)] 504115K->453987K(629248K), 0.0050669 secs] [Times: user=0.02 sys=0.00, real=0.01 secs] 
2483.751: [GC (Allocation Failure) [PSYoungGen: 51568K->1344K(51712K)] 504163K->453939K(629248K), 0.0046552 secs] [Times: user=0.02 sys=0.00, real=0.01 secs] 
2485.086: [GC (Allocation Failure) [PSYoungGen: 51520K->896K(51712K)] 504115K->454515K(629248K), 0.0018341 secs] [Times: user=0.00 sys=0.00, real=0.00 secs] 
2485.495: [GC (Allocation Failure) [PSYoungGen: 51072K->320K(51200K)] 504691K->453939K(628736K), 0.0019381 secs] [Times: user=0.00 sys=0.00, real=0.00 secs] 
2485.993: [GC (Allocation Failure) [PSYoungGen: 49984K->352K(51712K)] 503603K->453971K(629248K), 0.0034246 secs] [Times: user=0.01 sys=0.00, real=0.01 secs] 
2486.485: [GC (Allocation Failure) [PSYoungGen: 50016K->384K(51712K)] 503635K->454003K(629248K), 0.0036833 secs] [Times: user=0.02 sys=0.00, real=0.00 secs] 
2487.135: [GC (Allocation Failure) [PSYoungGen: 50048K->384K(51712K)] 503667K->454003K(629248K), 0.0033722 secs] [Times: user=0.01 sys=0.01, real=0.00 secs] 
2487.900: [GC (Allocation Failure) [PSYoungGen: 50048K->320K(51712K)] 503667K->453939K(629248K), 0.0039311 secs] [Times: user=0.02 sys=0.00, real=0.01 secs] 
2489.365: [GC (Allocation Failure) [PSYoungGen: 49984K->1408K(51712K)] 503603K->455035K(629248K), 0.0023678 secs] [Times: user=0.01 sys=0.00, real=0.00 secs] 
2490.295: [GC (Allocation Failure) [PSYoungGen: 51072K->1360K(51712K)] 504699K->454987K(629248K), 0.0041748 secs] [Times: user=0.02 sys=0.00, real=0.00 secs] 
2490.925: [GC (Allocation Failure) [PSYoungGen: 51024K->1376K(51712K)] 504651K->455003K(629248K), 0.0031639 secs] [Times: user=0.01 sys=0.00, real=0.00 secs] 
2491.335: [GC (Allocation Failure) [PSYoungGen: 51040K->1376K(52224K)] 504667K->455003K(629760K), 0.0032809 secs] [Times: user=0.01 sys=0.00, real=0.00 secs] 
2491.733: [GC (Allocation Failure) [PSYoungGen: 51040K->1376K(52224K)] 504667K->455003K(629760K), 0.0031072 secs] [Times: user=0.01 sys=0.00, real=0.01 secs] 
2492.187: [GC (Allocation Failure) [PSYoungGen: 51040K->1408K(52224K)] 504667K->455035K(629760K), 0.0031426 secs] [Times: user=0.01 sys=0.00, real=0.00 secs] 
2493.313: [GC (Allocation Failure) [PSYoungGen: 51072K->1344K(52224K)] 504699K->454979K(629760K), 0.0017620 secs] [Times: user=0.01 sys=0.00, real=0.01 secs] 
2493.640: [GC (Allocation Failure) [PSYoungGen: 51008K->1376K(52224K)] 504643K->455027K(629760K), 0.0019089 secs] [Times: user=0.01 sys=0.00, real=0.00 secs] 
2494.055: [GC (Allocation Failure) [PSYoungGen: 51040K->1440K(52224K)] 504691K->455091K(629760K), 0.0025253 secs] [Times: user=0.01 sys=0.00, real=0.00 secs] 
2494.414: [GC (Allocation Failure) [PSYoungGen: 51104K->1376K(51200K)] 504755K->455027K(628736K), 0.0025415 secs] [Times: user=0.01 sys=0.00, real=0.00 secs] 
2494.846: [GC (Allocation Failure) [PSYoungGen: 51040K->1376K(51712K)] 504691K->455027K(629248K), 0.0029545 secs] [Times: user=0.01 sys=0.00, real=0.00 secs] 
2496.037: [GC (Allocation Failure) [PSYoungGen: 51040K->1664K(51200K)] 504691K->455315K(628736K), 0.0021511 secs] [Times: user=0.00 sys=0.00, real=0.00 secs] 
2496.517: [GC (Allocation Failure) [PSYoungGen: 50816K->1408K(51712K)] 504467K->455059K(629248K), 0.0021828 secs] [Times: user=0.01 sys=0.00, real=0.00 secs] 
2497.118: [GC (Allocation Failure) [PSYoungGen: 50560K->1376K(50688K)] 504211K->455027K(628224K), 0.0033990 secs] [Times: user=0.02 sys=0.00, real=0.00 secs] 
2497.828: [GC (Allocation Failure) [PSYoungGen: 50528K->1376K(51200K)] 504179K->455027K(628736K), 0.0039710 secs] [Times: user=0.01 sys=0.00, real=0.00 secs] 
2498.300: [GC (Allocation Failure) [PSYoungGen: 50528K->1376K(51200K)] 504179K->455035K(628736K), 0.0030744 secs] [Times: user=0.01 sys=0.00, real=0.00 secs] 
2499.062: [GC (Allocation Failure) [PSYoungGen: 50528K->1376K(51200K)] 504187K->455035K(628736K), 0.0029899 secs] [Times: user=0.02 sys=0.00, real=0.01 secs] 
2500.696: [GC (Allocation Failure) [PSYoungGen: 50528K->1376K(51200K)] 504187K->455035K(628736K), 0.0031036 secs] [Times: user=0.01 sys=0.00, real=0.00 secs] 
2501.572: [GC (Allocation Failure) [PSYoungGen: 50528K->1376K(51200K)] 504187K->455035K(628736K), 0.0046685 secs] [Times: user=0.02 sys=0.00, real=0.01 secs] 
2501.988: [GC (Allocation Failure) [PSYoungGen: 50528K->1376K(51200K)] 504187K->455035K(628736K), 0.0024033 secs] [Times: user=0.01 sys=0.00, real=0.00 secs] 
2502.185: [GC (Allocation Failure) [PSYoungGen: 50528K->1376K(51200K)] 504187K->455035K(628736K), 0.0021733 secs] [Times: user=0.01 sys=0.00, real=0.00 secs] 
2502.475: [GC (Allocation Failure) [PSYoungGen: 50528K->1376K(51200K)] 504187K->455051K(628736K), 0.0022116 secs] [Times: user=0.01 sys=0.00, real=0.00 secs] 
2502.725: [GC (Allocation Failure) [PSYoungGen: 50528K->1344K(51200K)] 504203K->455019K(628736K), 0.0021926 secs] [Times: user=0.01 sys=0.00, real=0.00 secs] 
2504.415: [GC (Allocation Failure) [PSYoungGen: 50496K->1440K(51200K)] 504171K->455115K(628736K), 0.0046262 secs] [Times: user=0.02 sys=0.00, real=0.00 secs] 
2505.206: [GC (Allocation Failure) [PSYoungGen: 50592K->1408K(51200K)] 504267K->455083K(628736K), 0.0038686 secs] [Times: user=0.02 sys=0.00, real=0.00 secs] 
2505.426: [GC (Allocation Failure) [PSYoungGen: 50560K->1408K(51200K)] 504235K->455083K(628736K), 0.0023815 secs] [Times: user=0.01 sys=0.00, real=0.00 secs] 
2505.631: [GC (Allocation Failure) [PSYoungGen: 50560K->1344K(51200K)] 504235K->455019K(628736K), 0.0022469 secs] [Times: user=0.01 sys=0.00, real=0.00 secs] 
2505.835: [GC (Allocation Failure) [PSYoungGen: 50496K->1376K(51200K)] 504171K->455051K(628736K), 0.0022003 secs] [Times: user=0.01 sys=0.00, real=0.00 secs] 
2506.202: [GC (Allocation Failure) [PSYoungGen: 50528K->1376K(51200K)] 504203K->455051K(628736K), 0.0029310 secs] [Times: user=0.01 sys=0.00, real=0.01 secs] 
2507.390: [GC (Allocation Failure) [PSYoungGen: 50528K->1376K(51200K)] 504203K->455051K(628736K), 0.0020877 secs] [Times: user=0.00 sys=0.00, real=0.00 secs] 
2507.888: [GC (Allocation Failure) [PSYoungGen: 50528K->1376K(51200K)] 504203K->455051K(628736K), 0.0030946 secs] [Times: user=0.02 sys=0.00, real=0.00 secs] 
2508.394: [GC (Allocation Failure) [PSYoungGen: 50528K->1328K(51200K)] 504203K->455003K(628736K), 0.0026393 secs] [Times: user=0.01 sys=0.00, real=0.00 secs] 
2508.934: [GC (Allocation Failure) [PSYoungGen: 50480K->1408K(51200K)] 504155K->455083K(628736K), 0.0029314 secs] [Times: user=0.01 sys=0.00, real=0.01 secs] 
2509.285: [GC (Allocation Failure) [PSYoungGen: 50560K->1392K(50688K)] 504235K->455067K(628224K), 0.0026710 secs] [Times: user=0.02 sys=0.00, real=0.00 secs] 
2510.897: [GC (Allocation Failure) [PSYoungGen: 50544K->1424K(50688K)] 504219K->455611K(628224K), 0.0031658 secs] [Times: user=0.02 sys=0.00, real=0.00 secs] 
2511.460: [GC (Allocation Failure) [PSYoungGen: 50576K->1376K(50688K)] 504763K->455563K(628224K), 0.0031438 secs] [Times: user=0.01 sys=0.00, real=0.00 secs] 
2512.022: [GC (Allocation Failure) [PSYoungGen: 50528K->1376K(50688K)] 504715K->455563K(628224K), 0.0031740 secs] [Times: user=0.01 sys=0.00, real=0.01 secs] 
2512.532: [GC (Allocation Failure) [PSYoungGen: 50528K->320K(50176K)] 504715K->455539K(627712K), 0.0033265 secs] [Times: user=0.02 sys=0.00, real=0.01 secs] 
2512.883: [GC (Allocation Failure) [PSYoungGen: 49472K->352K(51200K)] 504691K->455571K(628736K), 0.0033932 secs] [Times: user=0.01 sys=0.00, real=0.01 secs] 
2513.249: [GC (Allocation Failure) [PSYoungGen: 49504K->384K(51200K)] 504723K->455603K(628736K), 0.0042408 secs] [Times: user=0.02 sys=0.00, real=0.00 secs] 
2514.397: [GC (Allocation Failure) [PSYoungGen: 49536K->1408K(51200K)] 504755K->456627K(628736K), 0.0020065 secs] [Times: user=0.01 sys=0.00, real=0.00 secs] 
2514.658: [GC (Allocation Failure) [PSYoungGen: 50560K->1408K(51200K)] 505779K->456627K(628736K), 0.0020524 secs] [Times: user=0.00 sys=0.00, real=0.00 secs] 
2514.863: [GC (Allocation Failure) [PSYoungGen: 50560K->1376K(51200K)] 505779K->456595K(628736K), 0.0020332 secs] [Times: user=0.01 sys=0.00, real=0.01 secs] 
2515.067: [GC (Allocation Failure) [PSYoungGen: 50528K->1312K(51200K)] 505747K->456531K(628736K), 0.0019600 secs] [Times: user=0.00 sys=0.00, real=0.00 secs] 
2515.364: [GC (Allocation Failure) [PSYoungGen: 50464K->1344K(51200K)] 505683K->456563K(628736K), 0.0039847 secs] [Times: user=0.01 sys=0.00, real=0.01 secs] 
2515.720: [GC (Allocation Failure) [PSYoungGen: 50496K->1344K(51200K)] 505715K->456563K(628736K), 0.0024084 secs] [Times: user=0.01 sys=0.00, real=0.00 secs] 
2516.789: [GC (Allocation Failure) [PSYoungGen: 50496K->1408K(51200K)] 505715K->456627K(628736K), 0.0020729 secs] [Times: user=0.01 sys=0.00, real=0.00 secs] 
2516.994: [GC (Allocation Failure) [PSYoungGen: 50560K->1376K(51200K)] 505779K->456595K(628736K), 0.0020327 secs] [Times: user=0.01 sys=0.00, real=0.00 secs] 
2517.199: [GC (Allocation Failure) [PSYoungGen: 50528K->1344K(51200K)] 505747K->456563K(628736K), 0.0021453 secs] [Times: user=0.01 sys=0.00, real=0.00 secs] 
2517.404: [GC (Allocation Failure) [PSYoungGen: 50496K->1408K(51200K)] 505715K->456627K(628736K), 0.0024905 secs] [Times: user=0.01 sys=0.00, real=0.00 secs] 
2517.650: [GC (Allocation Failure) [PSYoungGen: 50560K->1376K(51200K)] 505779K->456595K(628736K), 0.0029619 secs] [Times: user=0.01 sys=0.00, real=0.00 secs] 
2517.850: [GC (Allocation Failure) [PSYoungGen: 50528K->1424K(56832K)] 505747K->456643K(634368K), 0.0053855 secs] [Times: user=0.01 sys=0.01, real=0.01 secs] 
2518.813: [GC (Allocation Failure) [PSYoungGen: 56208K->1440K(56832K)] 511427K->456675K(634368K), 0.0019839 secs] [Times: user=0.01 sys=0.00, real=0.01 secs] 
2519.275: [GC (Allocation Failure) [PSYoungGen: 56224K->1344K(56320K)] 511459K->456579K(633856K), 0.0022499 secs] [Times: user=0.00 sys=0.00, real=0.00 secs] 
2519.787: [GC (Allocation Failure) [PSYoungGen: 56128K->1376K(56320K)] 511363K->456611K(633856K), 0.0033741 secs] [Times: user=0.01 sys=0.00, real=0.00 secs] 
2520.441: [GC (Allocation Failure) [PSYoungGen: 56160K->1376K(56320K)] 511395K->456611K(633856K), 0.0033841 secs] [Times: user=0.01 sys=0.01, real=0.01 secs] 
2521.108: [GC (Allocation Failure) [PSYoungGen: 56160K->1344K(56320K)] 511395K->456579K(633856K), 0.0033938 secs] [Times: user=0.01 sys=0.00, real=0.00 secs] 
2522.764: [GC (Allocation Failure) [PSYoungGen: 56128K->1376K(56320K)] 511363K->456611K(633856K), 0.0039595 secs] [Times: user=0.01 sys=0.00, real=0.01 secs] 
2523.371: [GC (Allocation Failure) [PSYoungGen: 56160K->1376K(56320K)] 511395K->456611K(633856K), 0.0033739 secs] [Times: user=0.02 sys=0.00, real=0.01 secs] 
2524.178: [GC (Allocation Failure) [PSYoungGen: 56160K->1360K(56320K)] 511395K->456595K(633856K), 0.0034336 secs] [Times: user=0.01 sys=0.00, real=0.00 secs] 
2525.047: [GC (Allocation Failure) [PSYoungGen: 56144K->1360K(56320K)] 511379K->456595K(633856K), 0.0049825 secs] [Times: user=0.02 sys=0.00, real=0.00 secs] 
2525.901: [GC (Allocation Failure) [PSYoungGen: 56144K->1360K(56320K)] 511379K->456595K(633856K), 0.0034957 secs] [Times: user=0.02 sys=0.00, real=0.01 secs] 
2527.307: [GC (Allocation Failure) [PSYoungGen: 56144K->1376K(56320K)] 511379K->456611K(633856K), 0.0042363 secs] [Times: user=0.02 sys=0.00, real=0.00 secs] 
2527.786: [GC (Allocation Failure) [PSYoungGen: 56160K->1376K(56320K)] 511395K->456611K(633856K), 0.0031715 secs] [Times: user=0.01 sys=0.00, real=0.00 secs] 
2528.269: [GC (Allocation Failure) [PSYoungGen: 56160K->1312K(56320K)] 511395K->456547K(633856K), 0.0032978 secs] [Times: user=0.01 sys=0.00, real=0.00 secs] 
2529.021: [GC (Allocation Failure) [PSYoungGen: 56096K->1408K(56320K)] 511331K->456643K(633856K), 0.0045813 secs] [Times: user=0.02 sys=0.00, real=0.01 secs] 
2529.704: [GC (Allocation Failure) [PSYoungGen: 56192K->1312K(56832K)] 511427K->456547K(634368K), 0.0043937 secs] [Times: user=0.01 sys=0.00, real=0.00 secs] 
2530.928: [GC (Allocation Failure) [PSYoungGen: 56096K->1408K(56832K)] 511331K->456643K(634368K), 0.0020474 secs] [Times: user=0.01 sys=0.00, real=0.00 secs] 
2531.403: [GC (Allocation Failure) [PSYoungGen: 56192K->1376K(56320K)] 511427K->456611K(633856K), 0.0036587 secs] [Times: user=0.02 sys=0.00, real=0.01 secs] 
2531.897: [GC (Allocation Failure) [PSYoungGen: 56160K->1344K(56320K)] 511395K->456579K(633856K), 0.0032076 secs] [Times: user=0.01 sys=0.00, real=0.00 secs] 
2532.356: [GC (Allocation Failure) [PSYoungGen: 56128K->1408K(56320K)] 511363K->456643K(633856K), 0.0027274 secs] [Times: user=0.01 sys=0.00, real=0.00 secs] 
2532.921: [GC (Allocation Failure) [PSYoungGen: 56192K->1376K(56320K)] 511427K->456611K(633856K), 0.0026989 secs] [Times: user=0.01 sys=0.00, real=0.01 secs] 
2534.336: [GC (Allocation Failure) [PSYoungGen: 56160K->1408K(56320K)] 511395K->456651K(633856K), 0.0033343 secs] [Times: user=0.01 sys=0.00, real=0.00 secs] 
2535.270: [GC (Allocation Failure) [PSYoungGen: 56192K->1376K(56320K)] 511435K->456619K(633856K), 0.0046603 secs] [Times: user=0.02 sys=0.00, real=0.01 secs] 
2536.071: [GC (Allocation Failure) [PSYoungGen: 56160K->1344K(56320K)] 511403K->456587K(633856K), 0.0047450 secs] [Times: user=0.02 sys=0.00, real=0.01 secs] 
2536.695: [GC (Allocation Failure) [PSYoungGen: 56128K->1344K(56320K)] 511371K->456587K(633856K), 0.0039572 secs] [Times: user=0.02 sys=0.01, real=0.00 secs] 
2537.364: [GC (Allocation Failure) [PSYoungGen: 56128K->1312K(56320K)] 511371K->456555K(633856K), 0.0037634 secs] [Times: user=0.02 sys=0.00, real=0.00 secs] 
2538.861: [GC (Allocation Failure) [PSYoungGen: 56096K->1472K(56320K)] 511339K->457739K(633856K), 0.0022920 secs] [Times: user=0.01 sys=0.00, real=0.00 secs] 
2539.632: [GC (Allocation Failure) [PSYoungGen: 56256K->1440K(56320K)] 512523K->457715K(633856K), 0.0029026 secs] [Times: user=0.01 sys=0.00, real=0.01 secs] 
2540.048: [GC (Allocation Failure) [PSYoungGen: 56224K->1408K(56320K)] 512499K->457683K(633856K), 0.0029739 secs] [Times: user=0.02 sys=0.00, real=0.00 secs] 
2540.555: [GC (Allocation Failure) [PSYoungGen: 56192K->1376K(56320K)] 512467K->457659K(633856K), 0.0024447 secs] [Times: user=0.01 sys=0.00, real=0.00 secs] 
2541.286: [GC (Allocation Failure) [PSYoungGen: 56160K->1376K(56320K)] 512443K->457667K(633856K), 0.0030418 secs] [Times: user=0.01 sys=0.00, real=0.00 secs] 
2541.969: [GC (Allocation Failure) [PSYoungGen: 56160K->288K(56320K)] 512451K->456579K(633856K), 0.0030238 secs] [Times: user=0.01 sys=0.00, real=0.00 secs] 
2543.251: [GC (Allocation Failure) [PSYoungGen: 55072K->1344K(56832K)] 511363K->457635K(634368K), 0.0034006 secs] [Times: user=0.02 sys=0.00, real=0.01 secs] 
2543.733: [GC (Allocation Failure) [PSYoungGen: 56128K->1376K(56832K)] 512419K->457667K(634368K), 0.0029652 secs] [Times: user=0.02 sys=0.00, real=0.01 secs] 
2544.160: [GC (Allocation Failure) [PSYoungGen: 56160K->1408K(56832K)] 512451K->457699K(634368K), 0.0027168 secs] [Times: user=0.01 sys=0.00, real=0.00 secs] 
2544.599: [GC (Allocation Failure) [PSYoungGen: 56192K->1328K(56832K)] 512483K->457627K(634368K), 0.0040013 secs] [Times: user=0.02 sys=0.00, real=0.00 secs] 
2545.019: [GC (Allocation Failure) [PSYoungGen: 56112K->1424K(56832K)] 512411K->457723K(634368K), 0.0036212 secs] [Times: user=0.02 sys=0.00, real=0.00 secs] 
2546.337: [GC (Allocation Failure) [PSYoungGen: 56208K->1408K(56832K)] 512507K->457707K(634368K), 0.0020439 secs] [Times: user=0.01 sys=0.00, real=0.00 secs] 
2546.631: [GC (Allocation Failure) [PSYoungGen: 56192K->1344K(56832K)] 512491K->457643K(634368K), 0.0034732 secs] [Times: user=0.02 sys=0.00, real=0.01 secs] 
2546.871: [GC (Allocation Failure) [PSYoungGen: 56128K->1376K(56832K)] 512427K->457675K(634368K), 0.0024654 secs] [Times: user=0.01 sys=0.00, real=0.01 secs] 
2547.100: [GC (Allocation Failure) [PSYoungGen: 56160K->1376K(56832K)] 512459K->457675K(634368K), 0.0023332 secs] [Times: user=0.01 sys=0.00, real=0.00 secs] 
2547.508: [GC (Allocation Failure) [PSYoungGen: 56160K->1408K(56832K)] 512459K->457707K(634368K), 0.0023349 secs] [Times: user=0.01 sys=0.00, real=0.00 secs] 
2548.828: [GC (Allocation Failure) [PSYoungGen: 56192K->1408K(56832K)] 512491K->457707K(634368K), 0.0023588 secs] [Times: user=0.01 sys=0.00, real=0.00 secs] 
2549.147: [GC (Allocation Failure) [PSYoungGen: 56192K->1344K(56832K)] 512491K->457643K(634368K), 0.0022637 secs] [Times: user=0.01 sys=0.00, real=0.00 secs] 
2549.410: [GC (Allocation Failure) [PSYoungGen: 56128K->1344K(56832K)] 512427K->457643K(634368K), 0.0021376 secs] [Times: user=0.01 sys=0.00, real=0.00 secs] 
2549.669: [GC (Allocation Failure) [PSYoungGen: 56128K->1376K(56832K)] 512427K->457675K(634368K), 0.0021583 secs] [Times: user=0.01 sys=0.00, real=0.00 secs] 
2550.043: [GC (Allocation Failure) [PSYoungGen: 56160K->1376K(56320K)] 512459K->457675K(633856K), 0.0024291 secs] [Times: user=0.01 sys=0.00, real=0.01 secs] 
2551.050: [GC (Allocation Failure) [PSYoungGen: 56160K->1408K(56320K)] 512459K->457723K(633856K), 0.0019539 secs] [Times: user=0.01 sys=0.00, real=0.00 secs] 
2551.525: [GC (Allocation Failure) [PSYoungGen: 56192K->352K(55808K)] 512507K->457691K(633344K), 0.0023438 secs] [Times: user=0.01 sys=0.00, real=0.00 secs] 
2551.964: [GC (Allocation Failure) [PSYoungGen: 55136K->320K(56832K)] 512475K->457659K(634368K), 0.0029612 secs] [Times: user=0.02 sys=0.00, real=0.00 secs] 
2552.212: [GC (Allocation Failure) [PSYoungGen: 55104K->368K(56832K)] 512443K->457707K(634368K), 0.0020266 secs] [Times: user=0.00 sys=0.00, real=0.01 secs] 
2552.471: [GC (Allocation Failure) [PSYoungGen: 55152K->368K(56832K)] 512491K->457707K(634368K), 0.0020845 secs] [Times: user=0.01 sys=0.00, real=0.00 secs] 
2553.975: [GC (Allocation Failure) [PSYoungGen: 55152K->1408K(56832K)] 512491K->458747K(634368K), 0.0040748 secs] [Times: user=0.02 sys=0.00, real=0.00 secs] 
2554.507: [GC (Allocation Failure) [PSYoungGen: 56192K->1408K(56832K)] 513531K->458747K(634368K), 0.0028156 secs] [Times: user=0.01 sys=0.00, real=0.00 secs] 
2555.101: [GC (Allocation Failure) [PSYoungGen: 56192K->1376K(56832K)] 513531K->458715K(634368K), 0.0030418 secs] [Times: user=0.01 sys=0.00, real=0.00 secs] 
2555.716: [GC (Allocation Failure) [PSYoungGen: 56160K->1376K(56832K)] 513499K->458715K(634368K), 0.0028039 secs] [Times: user=0.01 sys=0.00, real=0.00 secs] 
2556.242: [GC (Allocation Failure) [PSYoungGen: 56160K->1344K(56832K)] 513499K->458683K(634368K), 0.0030466 secs] [Times: user=0.01 sys=0.00, real=0.01 secs] 
2557.368: [GC (Allocation Failure) [PSYoungGen: 56128K->1408K(56832K)] 513467K->458747K(634368K), 0.0019369 secs] [Times: user=0.01 sys=0.00, real=0.00 secs] 
2558.213: [GC (Allocation Failure) [PSYoungGen: 56192K->1376K(56832K)] 513531K->458715K(634368K), 0.0043066 secs] [Times: user=0.02 sys=0.00, real=0.01 secs] 
2559.276: [GC (Allocation Failure) [PSYoungGen: 56160K->1376K(56832K)] 513499K->458715K(634368K), 0.0038249 secs] [Times: user=0.02 sys=0.00, real=0.00 secs] 
2560.130: [GC (Allocation Failure) [PSYoungGen: 56160K->1376K(56832K)] 513499K->458715K(634368K), 0.0040715 secs] [Times: user=0.02 sys=0.00, real=0.01 secs] 
2560.841: [GC (Allocation Failure) [PSYoungGen: 56160K->1408K(56832K)] 513499K->458747K(634368K), 0.0034920 secs] [Times: user=0.02 sys=0.00, real=0.01 secs] 
2562.226: [GC (Allocation Failure) [PSYoungGen: 56192K->1424K(56832K)] 513531K->458763K(634368K), 0.0016398 secs] [Times: user=0.01 sys=0.00, real=0.00 secs] 
2562.454: [GC (Allocation Failure) [PSYoungGen: 56208K->1376K(56832K)] 513547K->458715K(634368K), 0.0016325 secs] [Times: user=0.01 sys=0.00, real=0.00 secs] 
2563.008: [GC (Allocation Failure) [PSYoungGen: 56160K->1408K(56832K)] 513499K->458755K(634368K), 0.0026716 secs] [Times: user=0.01 sys=0.00, real=0.00 secs] 
2563.466: [GC (Allocation Failure) [PSYoungGen: 56192K->1408K(56832K)] 513539K->458755K(634368K), 0.0026417 secs] [Times: user=0.01 sys=0.00, real=0.00 secs] 
2564.010: [GC (Allocation Failure) [PSYoungGen: 56192K->1376K(56832K)] 513539K->458723K(634368K), 0.0026135 secs] [Times: user=0.01 sys=0.00, real=0.00 secs] 
2564.608: [GC (Allocation Failure) [PSYoungGen: 56160K->1360K(56832K)] 513507K->458715K(634368K), 0.0029144 secs] [Times: user=0.02 sys=0.00, real=0.00 secs] 
2565.563: [GC (Allocation Failure) [PSYoungGen: 56144K->1376K(56832K)] 513499K->458731K(634368K), 0.0018810 secs] [Times: user=0.01 sys=0.00, real=0.01 secs] 
2565.937: [GC (Allocation Failure) [PSYoungGen: 56160K->1408K(56832K)] 513515K->458763K(634368K), 0.0020743 secs] [Times: user=0.01 sys=0.00, real=0.00 secs] 
2566.381: [GC (Allocation Failure) [PSYoungGen: 56192K->1376K(56832K)] 513547K->458731K(634368K), 0.0022849 secs] [Times: user=0.01 sys=0.00, real=0.00 secs] 
2566.868: [GC (Allocation Failure) [PSYoungGen: 56160K->1392K(56832K)] 513515K->458747K(634368K), 0.0024060 secs] [Times: user=0.01 sys=0.00, real=0.00 secs] 
2567.303: [GC (Allocation Failure) [PSYoungGen: 56176K->1344K(56832K)] 513531K->458699K(634368K), 0.0024311 secs] [Times: user=0.01 sys=0.00, real=0.01 secs] 
2568.525: [GC (Allocation Failure) [PSYoungGen: 56128K->1408K(56832K)] 513483K->458763K(634368K), 0.0019854 secs] [Times: user=0.01 sys=0.00, real=0.00 secs] 
2569.225: [GC (Allocation Failure) [PSYoungGen: 56192K->1376K(56832K)] 513547K->458731K(634368K), 0.0025141 secs] [Times: user=0.01 sys=0.00, real=0.00 secs] 
2569.916: [GC (Allocation Failure) [PSYoungGen: 56160K->1376K(56832K)] 513515K->458731K(634368K), 0.0025250 secs] [Times: user=0.01 sys=0.01, real=0.00 secs] 
2570.449: [GC (Allocation Failure) [PSYoungGen: 56160K->1376K(56832K)] 513515K->458731K(634368K), 0.0025016 secs] [Times: user=0.01 sys=0.00, real=0.00 secs] 
2571.217: [GC (Allocation Failure) [PSYoungGen: 56160K->1376K(56832K)] 513515K->458731K(634368K), 0.0042517 secs] [Times: user=0.01 sys=0.00, real=0.00 secs] 
2572.723: [GC (Allocation Failure) [PSYoungGen: 56160K->1408K(56832K)] 513515K->458771K(634368K), 0.0047336 secs] [Times: user=0.02 sys=0.01, real=0.01 secs] 
2573.515: [GC (Allocation Failure) [PSYoungGen: 56192K->1392K(56832K)] 513555K->458771K(634368K), 0.0034046 secs] [Times: user=0.02 sys=0.00, real=0.00 secs] 
2574.046: [GC (Allocation Failure) [PSYoungGen: 56176K->1408K(56832K)] 513555K->458787K(634368K), 0.0029370 secs] [Times: user=0.01 sys=0.00, real=0.00 secs] 
2574.381: [GC (Allocation Failure) [PSYoungGen: 56192K->1408K(56832K)] 513571K->458787K(634368K), 0.0024191 secs] [Times: user=0.01 sys=0.00, real=0.00 secs] 
2574.825: [GC (Allocation Failure) [PSYoungGen: 56192K->1408K(56832K)] 513571K->458787K(634368K), 0.0021313 secs] [Times: user=0.01 sys=0.00, real=0.00 secs] 
2577.284: [GC (Allocation Failure) [PSYoungGen: 56192K->1392K(56832K)] 513571K->458771K(634368K), 0.0044846 secs] [Times: user=0.01 sys=0.00, real=0.00 secs] 
2577.895: [GC (Allocation Failure) [PSYoungGen: 56176K->1440K(56832K)] 513555K->458819K(634368K), 0.0031024 secs] [Times: user=0.02 sys=0.00, real=0.00 secs] 
2578.368: [GC (Allocation Failure) [PSYoungGen: 56224K->1408K(56832K)] 513603K->458787K(634368K), 0.0031406 secs] [Times: user=0.01 sys=0.01, real=0.00 secs] 
2578.822: [GC (Allocation Failure) [PSYoungGen: 56192K->1408K(56832K)] 513571K->458787K(634368K), 0.0040651 secs] [Times: user=0.01 sys=0.00, real=0.01 secs] 
2579.272: [GC (Allocation Failure) [PSYoungGen: 56192K->1408K(56320K)] 513571K->458787K(633856K), 0.0030776 secs] [Times: user=0.01 sys=0.00, real=0.01 secs] 
2580.481: [GC (Allocation Failure) [PSYoungGen: 56192K->1408K(56320K)] 513571K->458787K(633856K), 0.0018294 secs] [Times: user=0.01 sys=0.00, real=0.00 secs] 
2580.951: [GC (Allocation Failure) [PSYoungGen: 56192K->1408K(56320K)] 513571K->458787K(633856K), 0.0022487 secs] [Times: user=0.01 sys=0.00, real=0.00 secs] 
2581.368: [GC (Allocation Failure) [PSYoungGen: 56192K->1360K(56320K)] 513571K->458739K(633856K), 0.0022178 secs] [Times: user=0.01 sys=0.00, real=0.00 secs] 
2581.787: [GC (Allocation Failure) [PSYoungGen: 56144K->1424K(56320K)] 513523K->458803K(633856K), 0.0025104 secs] [Times: user=0.01 sys=0.00, real=0.00 secs] 
2582.263: [GC (Allocation Failure) [PSYoungGen: 56208K->1408K(56320K)] 513587K->458787K(633856K), 0.0031843 secs] [Times: user=0.02 sys=0.00, real=0.01 secs] 
2583.432: [GC (Allocation Failure) [PSYoungGen: 56192K->1504K(56320K)] 513571K->458979K(633856K), 0.0021267 secs] [Times: user=0.01 sys=0.00, real=0.01 secs] 
2583.852: [GC (Allocation Failure) [PSYoungGen: 56288K->1344K(56832K)] 513763K->458819K(634368K), 0.0030334 secs] [Times: user=0.01 sys=0.00, real=0.01 secs] 
2584.436: [GC (Allocation Failure) [PSYoungGen: 56128K->1344K(56832K)] 513603K->458819K(634368K), 0.0042751 secs] [Times: user=0.01 sys=0.00, real=0.00 secs] 
2585.017: [GC (Allocation Failure) [PSYoungGen: 56128K->1312K(56832K)] 513603K->458787K(634368K), 0.0036246 secs] [Times: user=0.01 sys=0.01, real=0.00 secs] 
2585.613: [GC (Allocation Failure) [PSYoungGen: 56096K->1328K(56832K)] 513571K->458803K(634368K), 0.0035994 secs] [Times: user=0.01 sys=0.00, real=0.01 secs] 
2586.173: [GC (Allocation Failure) [PSYoungGen: 56112K->1312K(56832K)] 513587K->458787K(634368K), 0.0030811 secs] [Times: user=0.01 sys=0.00, real=0.01 secs] 
2587.161: [GC (Allocation Failure) [PSYoungGen: 56096K->1504K(56832K)] 513571K->458979K(634368K), 0.0021117 secs] [Times: user=0.01 sys=0.00, real=0.00 secs] 
2587.389: [GC (Allocation Failure) [PSYoungGen: 56288K->1472K(56832K)] 513763K->458947K(634368K), 0.0019620 secs] [Times: user=0.01 sys=0.00, real=0.00 secs] 
2587.664: [GC (Allocation Failure) [PSYoungGen: 56256K->1504K(56832K)] 513731K->458979K(634368K), 0.0020287 secs] [Times: user=0.01 sys=0.00, real=0.00 secs] 
2587.892: [GC (Allocation Failure) [PSYoungGen: 56288K->1440K(56832K)] 513763K->458915K(634368K), 0.0030005 secs] [Times: user=0.01 sys=0.00, real=0.01 secs] 
2588.121: [GC (Allocation Failure) [PSYoungGen: 56224K->1440K(56832K)] 513699K->458915K(634368K), 0.0026739 secs] [Times: user=0.01 sys=0.00, real=0.01 secs] 
2589.708: [GC (Allocation Failure) [PSYoungGen: 56224K->1504K(56832K)] 513699K->458979K(634368K), 0.0027331 secs] [Times: user=0.01 sys=0.00, real=0.00 secs] 
2590.731: [GC (Allocation Failure) [PSYoungGen: 56288K->1440K(56832K)] 513763K->458915K(634368K), 0.0040287 secs] [Times: user=0.01 sys=0.00, real=0.01 secs] 
2590.983: [GC (Allocation Failure) [PSYoungGen: 56224K->1408K(56832K)] 513699K->458883K(634368K), 0.0023712 secs] [Times: user=0.01 sys=0.00, real=0.01 secs] 
2591.211: [GC (Allocation Failure) [PSYoungGen: 56192K->1472K(56832K)] 513667K->458947K(634368K), 0.0024064 secs] [Times: user=0.01 sys=0.00, real=0.01 secs] 
2591.440: [GC (Allocation Failure) [PSYoungGen: 56256K->1376K(56832K)] 513731K->458915K(634368K), 0.0019484 secs] [Times: user=0.01 sys=0.00, real=0.00 secs] 
2592.758: [GC (Allocation Failure) [PSYoungGen: 56160K->1440K(56832K)] 513699K->458979K(634368K), 0.0021743 secs] [Times: user=0.01 sys=0.00, real=0.00 secs] 
2593.752: [GC (Allocation Failure) [PSYoungGen: 56224K->1440K(56832K)] 513763K->458979K(634368K), 0.0042870 secs] [Times: user=0.02 sys=0.00, real=0.01 secs] 
2594.594: [GC (Allocation Failure) [PSYoungGen: 56224K->1344K(56832K)] 513763K->458883K(634368K), 0.0049734 secs] [Times: user=0.02 sys=0.00, real=0.00 secs] 
2595.298: [GC (Allocation Failure) [PSYoungGen: 56128K->1408K(56832K)] 513667K->458947K(634368K), 0.0040086 secs] [Times: user=0.02 sys=0.00, real=0.00 secs] 
2595.969: [GC (Allocation Failure) [PSYoungGen: 56192K->1408K(56320K)] 513731K->458947K(633856K), 0.0038813 secs] [Times: user=0.01 sys=0.00, real=0.00 secs] 
2597.337: [GC (Allocation Failure) [PSYoungGen: 56192K->1392K(56320K)] 513731K->458939K(633856K), 0.0021406 secs] [Times: user=0.01 sys=0.00, real=0.00 secs] 
2597.624: [GC (Allocation Failure) [PSYoungGen: 56176K->1360K(56320K)] 513723K->458907K(633856K), 0.0019519 secs] [Times: user=0.01 sys=0.00, real=0.00 secs] 
2597.856: [GC (Allocation Failure) [PSYoungGen: 56144K->1360K(56320K)] 513691K->458907K(633856K), 0.0024785 secs] [Times: user=0.01 sys=0.00, real=0.00 secs] 
2598.232: [GC (Allocation Failure) [PSYoungGen: 56144K->1376K(56320K)] 513691K->458923K(633856K), 0.0027654 secs] [Times: user=0.01 sys=0.00, real=0.01 secs] 
2598.721: [GC (Allocation Failure) [PSYoungGen: 56160K->1360K(56320K)] 513707K->458907K(633856K), 0.0028610 secs] [Times: user=0.02 sys=0.00, real=0.01 secs] 
2599.882: [GC (Allocation Failure) [PSYoungGen: 56144K->1408K(56320K)] 513691K->458955K(633856K), 0.0018842 secs] [Times: user=0.01 sys=0.00, real=0.01 secs] 
2600.116: [GC (Allocation Failure) [PSYoungGen: 56192K->1408K(56320K)] 513739K->458955K(633856K), 0.0019739 secs] [Times: user=0.01 sys=0.00, real=0.00 secs] 
2600.351: [GC (Allocation Failure) [PSYoungGen: 56192K->1408K(56320K)] 513739K->458955K(633856K), 0.0020005 secs] [Times: user=0.01 sys=0.00, real=0.00 secs] 
2600.695: [GC (Allocation Failure) [PSYoungGen: 56192K->1408K(56320K)] 513739K->458955K(633856K), 0.0021722 secs] [Times: user=0.00 sys=0.00, real=0.00 secs] 
2601.067: [GC (Allocation Failure) [PSYoungGen: 56192K->1344K(56320K)] 513739K->458891K(633856K), 0.0023900 secs] [Times: user=0.01 sys=0.00, real=0.00 secs] 
2602.033: [GC (Allocation Failure) [PSYoungGen: 56128K->896K(55808K)] 513675K->459483K(633344K), 0.0019035 secs] [Times: user=0.01 sys=0.00, real=0.01 secs] 
2602.514: [GC (Allocation Failure) [PSYoungGen: 55168K->384K(56320K)] 513755K->458971K(633856K), 0.0018270 secs] [Times: user=0.00 sys=0.00, real=0.00 secs] 
2602.991: [GC (Allocation Failure) [PSYoungGen: 54656K->352K(56320K)] 513243K->458939K(633856K), 0.0023013 secs] [Times: user=0.01 sys=0.00, real=0.00 secs] 
2603.332: [GC (Allocation Failure) [PSYoungGen: 54624K->352K(56320K)] 513211K->458939K(633856K), 0.0021476 secs] [Times: user=0.01 sys=0.00, real=0.01 secs] 
2603.756: [GC (Allocation Failure) [PSYoungGen: 54624K->384K(56320K)] 513211K->458971K(633856K), 0.0024076 secs] [Times: user=0.01 sys=0.01, real=0.00 secs] 
2604.168: [GC (Allocation Failure) [PSYoungGen: 54656K->352K(56320K)] 513243K->458939K(633856K), 0.0027318 secs] [Times: user=0.02 sys=0.00, real=0.00 secs] 
2605.250: [GC (Allocation Failure) [PSYoungGen: 54624K->1408K(56320K)] 513211K->459995K(633856K), 0.0020605 secs] [Times: user=0.01 sys=0.00, real=0.00 secs] 
2605.532: [GC (Allocation Failure) [PSYoungGen: 55680K->1376K(56320K)] 514267K->459963K(633856K), 0.0020175 secs] [Times: user=0.00 sys=0.01, real=0.01 secs] 
2605.777: [GC (Allocation Failure) [PSYoungGen: 55648K->1408K(56832K)] 514235K->459995K(634368K), 0.0020998 secs] [Times: user=0.01 sys=0.00, real=0.00 secs] 
2606.019: [GC (Allocation Failure) [PSYoungGen: 55680K->1360K(56832K)] 514267K->459947K(634368K), 0.0024921 secs] [Times: user=0.01 sys=0.00, real=0.00 secs] 
2606.378: [GC (Allocation Failure) [PSYoungGen: 55632K->1344K(56832K)] 514219K->459931K(634368K), 0.0022218 secs] [Times: user=0.01 sys=0.00, real=0.00 secs] 
2607.433: [GC (Allocation Failure) [PSYoungGen: 55616K->1392K(56832K)] 514203K->459979K(634368K), 0.0018307 secs] [Times: user=0.01 sys=0.00, real=0.01 secs] 
2607.911: [GC (Allocation Failure) [PSYoungGen: 55664K->1344K(56832K)] 514251K->459931K(634368K), 0.0027808 secs] [Times: user=0.01 sys=0.00, real=0.00 secs] 
2608.226: [GC (Allocation Failure) [PSYoungGen: 55616K->1376K(56832K)] 514203K->459963K(634368K), 0.0025300 secs] [Times: user=0.01 sys=0.00, real=0.00 secs] 
2608.578: [GC (Allocation Failure) [PSYoungGen: 55648K->1376K(55808K)] 514235K->459963K(633344K), 0.0029364 secs] [Times: user=0.01 sys=0.00, real=0.00 secs] 
2609.001: [GC (Allocation Failure) [PSYoungGen: 55648K->1376K(56320K)] 514235K->459963K(633856K), 0.0022310 secs] [Times: user=0.01 sys=0.00, real=0.00 secs] 
2610.337: [GC (Allocation Failure) [PSYoungGen: 55648K->1408K(56320K)] 514235K->459995K(633856K), 0.0026027 secs] [Times: user=0.01 sys=0.00, real=0.00 secs] 
2611.021: [GC (Allocation Failure) [PSYoungGen: 55680K->1344K(56320K)] 514267K->459947K(633856K), 0.0044539 secs] [Times: user=0.02 sys=0.00, real=0.01 secs] 
2611.641: [GC (Allocation Failure) [PSYoungGen: 55616K->1376K(56320K)] 514219K->459979K(633856K), 0.0031499 secs] [Times: user=0.01 sys=0.00, real=0.01 secs] 
2612.103: [GC (Allocation Failure) [PSYoungGen: 55648K->1376K(56320K)] 514251K->459979K(633856K), 0.0031766 secs] [Times: user=0.01 sys=0.01, real=0.01 secs] 
2612.422: [GC (Allocation Failure) [PSYoungGen: 55648K->1376K(56320K)] 514251K->459979K(633856K), 0.0020987 secs] [Times: user=0.01 sys=0.00, real=0.01 secs] 
2613.891: [GC (Allocation Failure) [PSYoungGen: 55648K->1376K(56320K)] 514251K->459979K(633856K), 0.0025302 secs] [Times: user=0.01 sys=0.00, real=0.01 secs] 
2614.949: [GC (Allocation Failure) [PSYoungGen: 55648K->1344K(56320K)] 514251K->459947K(633856K), 0.0045277 secs] [Times: user=0.02 sys=0.00, real=0.00 secs] 
2615.484: [GC (Allocation Failure) [PSYoungGen: 55616K->1376K(56320K)] 514219K->459979K(633856K), 0.0032323 secs] [Times: user=0.01 sys=0.00, real=0.01 secs] 
2615.711: [GC (Allocation Failure) [PSYoungGen: 55648K->1344K(56320K)] 514251K->459947K(633856K), 0.0026602 secs] [Times: user=0.01 sys=0.00, real=0.01 secs] 
2616.249: [GC (Allocation Failure) [PSYoungGen: 55616K->1376K(56320K)] 514219K->459979K(633856K), 0.0025216 secs] [Times: user=0.01 sys=0.00, real=0.00 secs] 
2617.279: [GC (Allocation Failure) [PSYoungGen: 55648K->1920K(56320K)] 514251K->460523K(633856K), 0.0019674 secs] [Times: user=0.01 sys=0.00, real=0.00 secs] 
2617.779: [GC (Allocation Failure) [PSYoungGen: 56192K->1344K(56320K)] 514795K->459947K(633856K), 0.0020454 secs] [Times: user=0.01 sys=0.00, real=0.00 secs] 
2618.069: [GC (Allocation Failure) [PSYoungGen: 55616K->1344K(56320K)] 514219K->459947K(633856K), 0.0020463 secs] [Times: user=0.01 sys=0.00, real=0.00 secs] 
2618.295: [GC (Allocation Failure) [PSYoungGen: 55616K->1376K(56320K)] 514219K->459979K(633856K), 0.0021074 secs] [Times: user=0.01 sys=0.00, real=0.00 secs] 
2618.548: [GC (Allocation Failure) [PSYoungGen: 55648K->1344K(56320K)] 514251K->459947K(633856K), 0.0020030 secs] [Times: user=0.00 sys=0.00, real=0.00 secs] 
2618.981: [GC (Allocation Failure) [PSYoungGen: 55616K->1344K(56320K)] 514219K->459947K(633856K), 0.0024212 secs] [Times: user=0.01 sys=0.00, real=0.00 secs] 
2621.518: [GC (Allocation Failure) [PSYoungGen: 55616K->1376K(56320K)] 514219K->459979K(633856K), 0.0045269 secs] [Times: user=0.02 sys=0.00, real=0.00 secs] 
2622.205: [GC (Allocation Failure) [PSYoungGen: 55648K->1376K(56320K)] 514251K->459979K(633856K), 0.0032533 secs] [Times: user=0.01 sys=0.00, real=0.00 secs] 
2622.703: [GC (Allocation Failure) [PSYoungGen: 55648K->1392K(56320K)] 514251K->459995K(633856K), 0.0033127 secs] [Times: user=0.01 sys=0.00, real=0.01 secs] 
2623.195: [GC (Allocation Failure) [PSYoungGen: 55664K->1344K(56320K)] 514267K->459947K(633856K), 0.0029410 secs] [Times: user=0.01 sys=0.00, real=0.00 secs] 
2623.579: [GC (Allocation Failure) [PSYoungGen: 55616K->1312K(56320K)] 514219K->459923K(633856K), 0.0022532 secs] [Times: user=0.01 sys=0.00, real=0.00 secs] 
2624.453: [GC (Allocation Failure) [PSYoungGen: 55584K->1456K(56320K)] 514195K->460067K(633856K), 0.0017717 secs] [Times: user=0.01 sys=0.00, real=0.01 secs] 
2624.720: [GC (Allocation Failure) [PSYoungGen: 55728K->1376K(56320K)] 514339K->459987K(633856K), 0.0020053 secs] [Times: user=0.01 sys=0.00, real=0.00 secs] 
2624.968: [GC (Allocation Failure) [PSYoungGen: 55648K->1376K(56320K)] 514259K->459987K(633856K), 0.0020686 secs] [Times: user=0.01 sys=0.00, real=0.00 secs] 
2625.262: [GC (Allocation Failure) [PSYoungGen: 55648K->1344K(56320K)] 514259K->459955K(633856K), 0.0020376 secs] [Times: user=0.01 sys=0.00, real=0.01 secs] 
2625.561: [GC (Allocation Failure) [PSYoungGen: 55616K->1376K(56320K)] 514227K->459987K(633856K), 0.0021808 secs] [Times: user=0.01 sys=0.00, real=0.00 secs] 
2626.766: [GC (Allocation Failure) [PSYoungGen: 55648K->1408K(55808K)] 514259K->460019K(633344K), 0.0019150 secs] [Times: user=0.01 sys=0.00, real=0.00 secs] 
2627.344: [GC (Allocation Failure) [PSYoungGen: 55680K->1408K(55808K)] 514291K->460019K(633344K), 0.0032367 secs] [Times: user=0.02 sys=0.00, real=0.00 secs] 
2627.657: [GC (Allocation Failure) [PSYoungGen: 55680K->288K(55296K)] 514291K->459923K(632832K), 0.0025536 secs] [Times: user=0.01 sys=0.00, real=0.00 secs] 
2627.884: [GC (Allocation Failure) [PSYoungGen: 54560K->384K(56320K)] 514195K->460019K(633856K), 0.0022945 secs] [Times: user=0.01 sys=0.00, real=0.00 secs] 
2628.136: [GC (Allocation Failure) [PSYoungGen: 54656K->352K(56320K)] 514291K->459987K(633856K), 0.0020815 secs] [Times: user=0.01 sys=0.00, real=0.00 secs] 
2628.994: [GC (Allocation Failure) [PSYoungGen: 54624K->1472K(56320K)] 514259K->461107K(633856K), 0.0019726 secs] [Times: user=0.01 sys=0.00, real=0.01 secs] 
2629.253: [GC (Allocation Failure) [PSYoungGen: 55744K->1440K(56320K)] 515379K->461075K(633856K), 0.0021364 secs] [Times: user=0.01 sys=0.00, real=0.01 secs] 
2629.572: [GC (Allocation Failure) [PSYoungGen: 55712K->1408K(56320K)] 515347K->461059K(633856K), 0.0020201 secs] [Times: user=0.01 sys=0.00, real=0.00 secs] 
2629.811: [GC (Allocation Failure) [PSYoungGen: 55680K->1376K(56320K)] 515331K->461027K(633856K), 0.0019903 secs] [Times: user=0.01 sys=0.00, real=0.00 secs] 
2630.036: [GC (Allocation Failure) [PSYoungGen: 55648K->1408K(56320K)] 515299K->461059K(633856K), 0.0020434 secs] [Times: user=0.01 sys=0.00, real=0.00 secs] 
2631.032: [GC (Allocation Failure) [PSYoungGen: 55680K->1920K(55808K)] 515331K->461571K(633344K), 0.0027866 secs] [Times: user=0.02 sys=0.00, real=0.01 secs] 
2631.424: [GC (Allocation Failure) [PSYoungGen: 55680K->1376K(56320K)] 515331K->461027K(633856K), 0.0019520 secs] [Times: user=0.00 sys=0.00, real=0.00 secs] 
2631.885: [GC (Allocation Failure) [PSYoungGen: 55136K->1376K(55296K)] 514787K->461027K(632832K), 0.0019778 secs] [Times: user=0.01 sys=0.00, real=0.00 secs] 
2632.334: [GC (Allocation Failure) [PSYoungGen: 55136K->1376K(55808K)] 514787K->461027K(633344K), 0.0018463 secs] [Times: user=0.00 sys=0.00, real=0.01 secs] 
2632.808: [GC (Allocation Failure) [PSYoungGen: 55136K->1376K(55808K)] 514787K->461027K(633344K), 0.0020494 secs] [Times: user=0.01 sys=0.00, real=0.00 secs] 
2633.278: [GC (Allocation Failure) [PSYoungGen: 55136K->1392K(55808K)] 514787K->461051K(633344K), 0.0020256 secs] [Times: user=0.01 sys=0.00, real=0.00 secs] 
2634.378: [GC (Allocation Failure) [PSYoungGen: 55152K->1376K(55808K)] 514811K->461035K(633344K), 0.0017195 secs] [Times: user=0.01 sys=0.00, real=0.00 secs] 
2634.843: [GC (Allocation Failure) [PSYoungGen: 55136K->1376K(55808K)] 514795K->461035K(633344K), 0.0020254 secs] [Times: user=0.01 sys=0.00, real=0.01 secs] 
2635.370: [GC (Allocation Failure) [PSYoungGen: 55136K->1376K(55808K)] 514795K->461035K(633344K), 0.0024581 secs] [Times: user=0.01 sys=0.00, real=0.00 secs] 
2635.976: [GC (Allocation Failure) [PSYoungGen: 55136K->1360K(55808K)] 514795K->461019K(633344K), 0.0023849 secs] [Times: user=0.01 sys=0.00, real=0.00 secs] 
2636.515: [GC (Allocation Failure) [PSYoungGen: 55120K->1376K(55808K)] 514779K->461035K(633344K), 0.0025199 secs] [Times: user=0.01 sys=0.00, real=0.00 secs] 
2638.006: [GC (Allocation Failure) [PSYoungGen: 55136K->1408K(55808K)] 514795K->461067K(633344K), 0.0021885 secs] [Times: user=0.01 sys=0.00, real=0.00 secs] 
2639.031: [GC (Allocation Failure) [PSYoungGen: 55168K->1344K(55808K)] 514827K->461003K(633344K), 0.0045223 secs] [Times: user=0.02 sys=0.00, real=0.01 secs] 
2639.788: [GC (Allocation Failure) [PSYoungGen: 55104K->1344K(55808K)] 514763K->461003K(633344K), 0.0045687 secs] [Times: user=0.02 sys=0.00, real=0.00 secs] 
2640.467: [GC (Allocation Failure) [PSYoungGen: 55104K->1376K(55808K)] 514763K->461035K(633344K), 0.0047939 secs] [Times: user=0.02 sys=0.00, real=0.00 secs] 
2640.873: [GC (Allocation Failure) [PSYoungGen: 55136K->1408K(55808K)] 514795K->461075K(633344K), 0.0025533 secs] [Times: user=0.01 sys=0.00, real=0.01 secs] 
2642.128: [GC (Allocation Failure) [PSYoungGen: 55168K->1440K(55808K)] 514835K->461107K(633344K), 0.0030028 secs] [Times: user=0.02 sys=0.00, real=0.00 secs] 
2642.927: [GC (Allocation Failure) [PSYoungGen: 55200K->1376K(55808K)] 514867K->461043K(633344K), 0.0039141 secs] [Times: user=0.02 sys=0.00, real=0.00 secs] 
2643.598: [GC (Allocation Failure) [PSYoungGen: 55136K->1376K(55808K)] 514803K->461043K(633344K), 0.0031237 secs] [Times: user=0.02 sys=0.00, real=0.00 secs] 
2644.268: [GC (Allocation Failure) [PSYoungGen: 55136K->1376K(55808K)] 514803K->461051K(633344K), 0.0045676 secs] [Times: user=0.02 sys=0.00, real=0.00 secs] 
2644.864: [GC (Allocation Failure) [PSYoungGen: 55136K->1408K(55808K)] 514811K->461083K(633344K), 0.0032322 secs] [Times: user=0.01 sys=0.00, real=0.00 secs] 
2645.753: [GC (Allocation Failure) [PSYoungGen: 55168K->1664K(55808K)] 514843K->461339K(633344K), 0.0018087 secs] [Times: user=0.01 sys=0.00, real=0.01 secs] 
2646.311: [GC (Allocation Failure) [PSYoungGen: 55424K->1344K(55808K)] 515099K->461019K(633344K), 0.0021689 secs] [Times: user=0.01 sys=0.00, real=0.00 secs] 
2646.776: [GC (Allocation Failure) [PSYoungGen: 55104K->1344K(55808K)] 514779K->461019K(633344K), 0.0025509 secs] [Times: user=0.02 sys=0.00, real=0.00 secs] 
2647.225: [GC (Allocation Failure) [PSYoungGen: 55104K->1376K(55808K)] 514779K->461051K(633344K), 0.0030932 secs] [Times: user=0.01 sys=0.00, real=0.00 secs] 
2647.723: [GC (Allocation Failure) [PSYoungGen: 55136K->1376K(55808K)] 514811K->461051K(633344K), 0.0036861 secs] [Times: user=0.01 sys=0.00, real=0.01 secs] 
2648.041: [GC (Allocation Failure) [PSYoungGen: 55136K->1360K(55808K)] 514811K->461035K(633344K), 0.0022768 secs] [Times: user=0.01 sys=0.00, real=0.00 secs] 
2648.908: [GC (Allocation Failure) [PSYoungGen: 55120K->1440K(55808K)] 514795K->461115K(633344K), 0.0019883 secs] [Times: user=0.01 sys=0.00, real=0.00 secs] 
2649.236: [GC (Allocation Failure) [PSYoungGen: 55200K->1376K(55808K)] 514875K->461051K(633344K), 0.0018814 secs] [Times: user=0.01 sys=0.00, real=0.00 secs] 
2649.778: [GC (Allocation Failure) [PSYoungGen: 55136K->1344K(55808K)] 514811K->461019K(633344K), 0.0022218 secs] [Times: user=0.01 sys=0.00, real=0.00 secs] 
2650.421: [GC (Allocation Failure) [PSYoungGen: 55104K->1376K(55296K)] 514779K->461051K(632832K), 0.0045238 secs] [Times: user=0.02 sys=0.00, real=0.01 secs] 
2651.171: [GC (Allocation Failure) [PSYoungGen: 55136K->1376K(55296K)] 514811K->461067K(632832K), 0.0029044 secs] [Times: user=0.01 sys=0.00, real=0.01 secs] 
2652.935: [GC (Allocation Failure) [PSYoungGen: 55136K->352K(54784K)] 514827K->461075K(632320K), 0.0027176 secs] [Times: user=0.01 sys=0.00, real=0.00 secs] 
2653.609: [GC (Allocation Failure) [PSYoungGen: 54112K->320K(55808K)] 514835K->461043K(633344K), 0.0028439 secs] [Times: user=0.01 sys=0.00, real=0.00 secs] 
2654.317: [GC (Allocation Failure) [PSYoungGen: 54080K->352K(55808K)] 514803K->461075K(633344K), 0.0031986 secs] [Times: user=0.01 sys=0.00, real=0.00 secs] 
2654.978: [GC (Allocation Failure) [PSYoungGen: 54112K->352K(55808K)] 514835K->461075K(633344K), 0.0029259 secs] [Times: user=0.01 sys=0.00, real=0.00 secs] 
2655.584: [GC (Allocation Failure) [PSYoungGen: 54112K->352K(55808K)] 514835K->461075K(633344K), 0.0030403 secs] [Times: user=0.01 sys=0.00, real=0.00 secs] 
2656.799: [GC (Allocation Failure) [PSYoungGen: 54112K->1328K(55808K)] 514835K->462051K(633344K), 0.0019168 secs] [Times: user=0.01 sys=0.01, real=0.00 secs] 
2657.192: [GC (Allocation Failure) [PSYoungGen: 55088K->1376K(55808K)] 515811K->462099K(633344K), 0.0019293 secs] [Times: user=0.01 sys=0.00, real=0.00 secs] 
2657.712: [GC (Allocation Failure) [PSYoungGen: 55136K->1344K(55808K)] 515859K->462067K(633344K), 0.0032268 secs] [Times: user=0.02 sys=0.00, real=0.01 secs] 
2658.186: [GC (Allocation Failure) [PSYoungGen: 55104K->1312K(55808K)] 515827K->462043K(633344K), 0.0031973 secs] [Times: user=0.01 sys=0.00, real=0.00 secs] 
2658.847: [GC (Allocation Failure) [PSYoungGen: 55072K->1360K(55808K)] 515803K->462091K(633344K), 0.0031114 secs] [Times: user=0.02 sys=0.00, real=0.00 secs] 
2661.429: [GC (Allocation Failure) [PSYoungGen: 55120K->1648K(55296K)] 515851K->462379K(632832K), 0.0042557 secs] [Times: user=0.02 sys=0.00, real=0.00 secs] 
2661.971: [GC (Allocation Failure) [PSYoungGen: 54896K->1392K(55808K)] 515627K->462131K(633344K), 0.0029266 secs] [Times: user=0.01 sys=0.00, real=0.01 secs] 
2662.411: [GC (Allocation Failure) [PSYoungGen: 54640K->1376K(55808K)] 515379K->462115K(633344K), 0.0028513 secs] [Times: user=0.02 sys=0.00, real=0.01 secs] 
2662.992: [GC (Allocation Failure) [PSYoungGen: 54624K->1376K(55808K)] 515363K->462115K(633344K), 0.0029636 secs] [Times: user=0.01 sys=0.00, real=0.01 secs] 
2663.623: [GC (Allocation Failure) [PSYoungGen: 54624K->1344K(54784K)] 515363K->462083K(632320K), 0.0030441 secs] [Times: user=0.01 sys=0.00, real=0.01 secs] 
2664.204: [GC (Allocation Failure) [PSYoungGen: 54592K->1360K(55296K)] 515331K->462107K(632832K), 0.0029862 secs] [Times: user=0.01 sys=0.00, real=0.00 secs] 
2665.834: [GC (Allocation Failure) [PSYoungGen: 54608K->1408K(55296K)] 515355K->462155K(632832K), 0.0044824 secs] [Times: user=0.01 sys=0.00, real=0.00 secs] 
2666.329: [GC (Allocation Failure) [PSYoungGen: 54656K->1376K(55296K)] 515403K->462123K(632832K), 0.0047566 secs] [Times: user=0.02 sys=0.00, real=0.01 secs] 
2666.853: [GC (Allocation Failure) [PSYoungGen: 54624K->1312K(55296K)] 515371K->462059K(632832K), 0.0029309 secs] [Times: user=0.01 sys=0.00, real=0.01 secs] 
2667.277: [GC (Allocation Failure) [PSYoungGen: 54560K->1376K(55296K)] 515307K->462123K(632832K), 0.0026712 secs] [Times: user=0.01 sys=0.00, real=0.00 secs] 
2667.628: [GC (Allocation Failure) [PSYoungGen: 54624K->1344K(55296K)] 515371K->462091K(632832K), 0.0028033 secs] [Times: user=0.01 sys=0.00, real=0.00 secs] 
2668.809: [GC (Allocation Failure) [PSYoungGen: 54592K->1376K(55296K)] 515339K->462123K(632832K), 0.0018776 secs] [Times: user=0.01 sys=0.00, real=0.00 secs] 
2669.557: [GC (Allocation Failure) [PSYoungGen: 54624K->1376K(55296K)] 515371K->462123K(632832K), 0.0022718 secs] [Times: user=0.01 sys=0.00, real=0.00 secs] 
2670.041: [GC (Allocation Failure) [PSYoungGen: 54624K->1408K(55296K)] 515371K->462155K(632832K), 0.0022704 secs] [Times: user=0.01 sys=0.00, real=0.00 secs] 
2670.528: [GC (Allocation Failure) [PSYoungGen: 54656K->1312K(55296K)] 515403K->462059K(632832K), 0.0022812 secs] [Times: user=0.01 sys=0.00, real=0.00 secs] 
2670.917: [GC (Allocation Failure) [PSYoungGen: 54560K->1408K(55296K)] 515307K->462155K(632832K), 0.0022913 secs] [Times: user=0.01 sys=0.00, real=0.00 secs] 
2671.914: [GC (Allocation Failure) [PSYoungGen: 54656K->1952K(55296K)] 515403K->462699K(632832K), 0.0019686 secs] [Times: user=0.01 sys=0.00, real=0.00 secs] 
2672.181: [GC (Allocation Failure) [PSYoungGen: 55200K->1344K(55296K)] 515947K->462091K(632832K), 0.0018944 secs] [Times: user=0.01 sys=0.00, real=0.00 secs] 
2672.419: [GC (Allocation Failure) [PSYoungGen: 54592K->1376K(55296K)] 515339K->462139K(632832K), 0.0020166 secs] [Times: user=0.01 sys=0.00, real=0.00 secs] 
2672.702: [GC (Allocation Failure) [PSYoungGen: 54624K->1408K(55296K)] 515387K->462171K(632832K), 0.0026061 secs] [Times: user=0.01 sys=0.00, real=0.01 secs] 
2672.939: [GC (Allocation Failure) [PSYoungGen: 54656K->1392K(55296K)] 515419K->462155K(632832K), 0.0026277 secs] [Times: user=0.02 sys=0.00, real=0.00 secs] 
2673.160: [GC (Allocation Failure) [PSYoungGen: 54640K->1376K(55296K)] 515403K->462139K(632832K), 0.0022573 secs] [Times: user=0.01 sys=0.00, real=0.00 secs] 
2674.027: [GC (Allocation Failure) [PSYoungGen: 54624K->1440K(55296K)] 515387K->462203K(632832K), 0.0018018 secs] [Times: user=0.01 sys=0.00, real=0.00 secs] 
2674.319: [GC (Allocation Failure) [PSYoungGen: 54688K->1376K(55296K)] 515451K->462139K(632832K), 0.0019241 secs] [Times: user=0.01 sys=0.00, real=0.00 secs] 
2674.545: [GC (Allocation Failure) [PSYoungGen: 54624K->1344K(55296K)] 515387K->462107K(632832K), 0.0018036 secs] [Times: user=0.01 sys=0.00, real=0.00 secs] 
2674.804: [GC (Allocation Failure) [PSYoungGen: 54592K->1344K(55296K)] 515355K->462107K(632832K), 0.0028996 secs] [Times: user=0.01 sys=0.00, real=0.00 secs] 
2675.101: [GC (Allocation Failure) [PSYoungGen: 54592K->1376K(55296K)] 515355K->462139K(632832K), 0.0022805 secs] [Times: user=0.01 sys=0.00, real=0.00 secs] 
2677.106: [GC (Allocation Failure) [PSYoungGen: 54624K->1344K(55296K)] 515387K->462107K(632832K), 0.0045935 secs] [Times: user=0.02 sys=0.01, real=0.00 secs] 
2677.501: [GC (Allocation Failure) [PSYoungGen: 54592K->1376K(55296K)] 515355K->462139K(632832K), 0.0022654 secs] [Times: user=0.01 sys=0.00, real=0.00 secs] 
2677.833: [GC (Allocation Failure) [PSYoungGen: 54624K->1376K(55296K)] 515387K->462139K(632832K), 0.0022394 secs] [Times: user=0.01 sys=0.00, real=0.01 secs] 
2678.112: [GC (Allocation Failure) [PSYoungGen: 54624K->1344K(55296K)] 515387K->462107K(632832K), 0.0022019 secs] [Times: user=0.01 sys=0.00, real=0.01 secs] 
2678.544: [GC (Allocation Failure) [PSYoungGen: 54592K->1344K(54784K)] 515355K->462107K(632320K), 0.0022075 secs] [Times: user=0.01 sys=0.00, real=0.01 secs] 
2679.870: [GC (Allocation Failure) [PSYoungGen: 54592K->1408K(54784K)] 515355K->462171K(632320K), 0.0022801 secs] [Times: user=0.01 sys=0.00, real=0.00 secs] 
2680.329: [GC (Allocation Failure) [PSYoungGen: 54656K->1344K(54784K)] 515419K->462107K(632320K), 0.0030075 secs] [Times: user=0.01 sys=0.00, real=0.00 secs] 
2680.802: [GC (Allocation Failure) [PSYoungGen: 54592K->1376K(54784K)] 515355K->462155K(632320K), 0.0029711 secs] [Times: user=0.01 sys=0.00, real=0.01 secs] 
2681.250: [GC (Allocation Failure) [PSYoungGen: 54624K->1376K(54784K)] 515403K->462155K(632320K), 0.0029864 secs] [Times: user=0.01 sys=0.00, real=0.00 secs] 
2681.864: [GC (Allocation Failure) [PSYoungGen: 54624K->1408K(54784K)] 515403K->462187K(632320K), 0.0046578 secs] [Times: user=0.02 sys=0.00, real=0.01 secs] 
2682.463: [GC (Allocation Failure) [PSYoungGen: 54656K->1376K(54784K)] 515435K->462163K(632320K), 0.0032333 secs] [Times: user=0.01 sys=0.00, real=0.01 secs] 
2683.754: [GC (Allocation Failure) [PSYoungGen: 54624K->1376K(54784K)] 515411K->462163K(632320K), 0.0030707 secs] [Times: user=0.02 sys=0.00, real=0.00 secs] 
2684.218: [GC (Allocation Failure) [PSYoungGen: 54624K->1408K(54784K)] 515411K->462195K(632320K), 0.0030786 secs] [Times: user=0.02 sys=0.00, real=0.00 secs] 
2684.737: [GC (Allocation Failure) [PSYoungGen: 54656K->1408K(54784K)] 515443K->462195K(632320K), 0.0034681 secs] [Times: user=0.01 sys=0.00, real=0.00 secs] 
2685.277: [GC (Allocation Failure) [PSYoungGen: 54656K->1376K(54784K)] 515443K->462163K(632320K), 0.0031217 secs] [Times: user=0.01 sys=0.00, real=0.00 secs] 
2685.852: [GC (Allocation Failure) [PSYoungGen: 54624K->1376K(54784K)] 515411K->462163K(632320K), 0.0037491 secs] [Times: user=0.01 sys=0.00, real=0.01 secs] 
2687.190: [GC (Allocation Failure) [PSYoungGen: 54624K->1376K(54784K)] 515411K->462163K(632320K), 0.0032682 secs] [Times: user=0.02 sys=0.00, real=0.00 secs] 
2687.646: [GC (Allocation Failure) [PSYoungGen: 54624K->1344K(54784K)] 515411K->462131K(632320K), 0.0026298 secs] [Times: user=0.01 sys=0.00, real=0.00 secs] 
2688.068: [GC (Allocation Failure) [PSYoungGen: 54592K->1344K(54784K)] 515379K->462131K(632320K), 0.0026539 secs] [Times: user=0.02 sys=0.00, real=0.00 secs] 
2688.648: [GC (Allocation Failure) [PSYoungGen: 54592K->1408K(54784K)] 515379K->462195K(632320K), 0.0026204 secs] [Times: user=0.01 sys=0.00, real=0.00 secs] 
2689.336: [GC (Allocation Failure) [PSYoungGen: 54656K->1344K(54784K)] 515443K->462131K(632320K), 0.0045966 secs] [Times: user=0.02 sys=0.00, real=0.00 secs] 
2690.961: [GC (Allocation Failure) [PSYoungGen: 54592K->1408K(54784K)] 515379K->462195K(632320K), 0.0034499 secs] [Times: user=0.01 sys=0.01, real=0.01 secs] 
2692.071: [GC (Allocation Failure) [PSYoungGen: 54656K->1376K(54784K)] 515443K->462163K(632320K), 0.0033019 secs] [Times: user=0.01 sys=0.00, real=0.01 secs] 
2692.549: [GC (Allocation Failure) [PSYoungGen: 54624K->1376K(54784K)] 515411K->462163K(632320K), 0.0028033 secs] [Times: user=0.01 sys=0.00, real=0.00 secs] 
2692.851: [GC (Allocation Failure) [PSYoungGen: 54624K->1408K(54784K)] 515411K->462195K(632320K), 0.0027467 secs] [Times: user=0.01 sys=0.00, real=0.01 secs] 
2693.445: [GC (Allocation Failure) [PSYoungGen: 54656K->1376K(54784K)] 515443K->462163K(632320K), 0.0029664 secs] [Times: user=0.01 sys=0.00, real=0.00 secs] 
2694.794: [GC (Allocation Failure) [PSYoungGen: 54616K->224K(54784K)] 515404K->461019K(632320K), 0.0016487 secs] [Times: user=0.00 sys=0.00, real=0.00 secs] 
2695.512: [GC (Allocation Failure) [PSYoungGen: 53472K->1424K(55296K)] 514267K->462219K(632832K), 0.0021098 secs] [Times: user=0.01 sys=0.01, real=0.01 secs] 
2696.022: [GC (Allocation Failure) [PSYoungGen: 54672K->1344K(55296K)] 515467K->462139K(632832K), 0.0026400 secs] [Times: user=0.01 sys=0.00, real=0.01 secs] 
2696.393: [GC (Allocation Failure) [PSYoungGen: 54592K->1376K(55296K)] 515387K->462171K(632832K), 0.0023947 secs] [Times: user=0.01 sys=0.01, real=0.01 secs] 
2696.866: [GC (Allocation Failure) [PSYoungGen: 54624K->1344K(55296K)] 515419K->462139K(632832K), 0.0031321 secs] [Times: user=0.01 sys=0.00, real=0.00 secs] 
2697.472: [GC (Allocation Failure) [PSYoungGen: 54592K->1376K(55296K)] 515387K->462171K(632832K), 0.0031666 secs] [Times: user=0.01 sys=0.00, real=0.01 secs] 
2699.947: [GC (Allocation Failure) [PSYoungGen: 54624K->1376K(55296K)] 515419K->462171K(632832K), 0.0044135 secs] [Times: user=0.02 sys=0.00, real=0.00 secs] 
2700.673: [GC (Allocation Failure) [PSYoungGen: 54624K->1376K(55296K)] 515419K->462171K(632832K), 0.0040395 secs] [Times: user=0.02 sys=0.00, real=0.01 secs] 
2701.267: [GC (Allocation Failure) [PSYoungGen: 54624K->1376K(55296K)] 515419K->462171K(632832K), 0.0031639 secs] [Times: user=0.01 sys=0.00, real=0.00 secs] 
2701.659: [GC (Allocation Failure) [PSYoungGen: 54624K->1376K(55296K)] 515419K->462171K(632832K), 0.0030344 secs] [Times: user=0.01 sys=0.00, real=0.00 secs] 
2702.135: [GC (Allocation Failure) [PSYoungGen: 54624K->1408K(55296K)] 515419K->462203K(632832K), 0.0024295 secs] [Times: user=0.01 sys=0.00, real=0.00 secs] 
2703.118: [GC (Allocation Failure) [PSYoungGen: 54656K->1376K(55296K)] 515451K->462171K(632832K), 0.0017784 secs] [Times: user=0.00 sys=0.00, real=0.00 secs] 
2703.361: [GC (Allocation Failure) [PSYoungGen: 54624K->1376K(55296K)] 515419K->462171K(632832K), 0.0019254 secs] [Times: user=0.01 sys=0.00, real=0.00 secs] 
2703.692: [GC (Allocation Failure) [PSYoungGen: 54624K->1376K(55296K)] 515419K->462179K(632832K), 0.0021790 secs] [Times: user=0.00 sys=0.00, real=0.01 secs] 
2704.062: [GC (Allocation Failure) [PSYoungGen: 54624K->1376K(55296K)] 515427K->462179K(632832K), 0.0022686 secs] [Times: user=0.01 sys=0.00, real=0.01 secs] 
2704.497: [GC (Allocation Failure) [PSYoungGen: 54624K->1376K(54784K)] 515427K->462179K(632320K), 0.0023558 secs] [Times: user=0.01 sys=0.00, real=0.00 secs] 
2705.741: [GC (Allocation Failure) [PSYoungGen: 54597K->1520K(54784K)] 515400K->462459K(632320K), 0.0021713 secs] [Times: user=0.01 sys=0.00, real=0.00 secs] 
2706.586: [GC (Allocation Failure) [PSYoungGen: 54768K->1376K(55296K)] 515707K->462315K(632832K), 0.0038434 secs] [Times: user=0.02 sys=0.00, real=0.00 secs] 
2707.319: [GC (Allocation Failure) [PSYoungGen: 54624K->1344K(55296K)] 515563K->462283K(632832K), 0.0039939 secs] [Times: user=0.02 sys=0.00, real=0.00 secs] 
2707.953: [GC (Allocation Failure) [PSYoungGen: 54592K->1344K(55296K)] 515531K->462283K(632832K), 0.0032139 secs] [Times: user=0.01 sys=0.00, real=0.01 secs] 
2708.654: [GC (Allocation Failure) [PSYoungGen: 54592K->1376K(55296K)] 515531K->462315K(632832K), 0.0037587 secs] [Times: user=0.01 sys=0.00, real=0.00 secs] 
2709.256: [GC (Allocation Failure) [PSYoungGen: 54624K->1376K(55296K)] 515563K->462315K(632832K), 0.0037597 secs] [Times: user=0.02 sys=0.00, real=0.00 secs] 
2710.671: [GC (Allocation Failure) [PSYoungGen: 54624K->1408K(54784K)] 515563K->462347K(632320K), 0.0023259 secs] [Times: user=0.01 sys=0.00, real=0.00 secs] 
2711.110: [GC (Allocation Failure) [PSYoungGen: 54656K->1376K(54784K)] 515595K->462315K(632320K), 0.0039670 secs] [Times: user=0.02 sys=0.00, real=0.00 secs] 
2711.547: [GC (Allocation Failure) [PSYoungGen: 54624K->1440K(54784K)] 515563K->462379K(632320K), 0.0035765 secs] [Times: user=0.01 sys=0.00, real=0.00 secs] 
2711.997: [GC (Allocation Failure) [PSYoungGen: 54688K->1376K(54784K)] 515627K->462315K(632320K), 0.0035214 secs] [Times: user=0.01 sys=0.00, real=0.00 secs] 
2712.451: [GC (Allocation Failure) [PSYoungGen: 54624K->1376K(54784K)] 515563K->462331K(632320K), 0.0032477 secs] [Times: user=0.01 sys=0.00, real=0.01 secs] 
2713.458: [GC (Allocation Failure) [PSYoungGen: 54624K->1408K(54784K)] 515579K->462363K(632320K), 0.0019090 secs] [Times: user=0.01 sys=0.00, real=0.00 secs] 
2713.690: [GC (Allocation Failure) [PSYoungGen: 54656K->1344K(54784K)] 515611K->462299K(632320K), 0.0018919 secs] [Times: user=0.01 sys=0.00, real=0.00 secs] 
2713.921: [GC (Allocation Failure) [PSYoungGen: 54592K->1344K(54784K)] 515547K->462299K(632320K), 0.0019608 secs] [Times: user=0.01 sys=0.00, real=0.00 secs] 
2714.154: [GC (Allocation Failure) [PSYoungGen: 54592K->1408K(54784K)] 515547K->462363K(632320K), 0.0019730 secs] [Times: user=0.01 sys=0.00, real=0.00 secs] 
2714.378: [GC (Allocation Failure) [PSYoungGen: 54656K->1344K(54784K)] 515611K->462299K(632320K), 0.0019187 secs] [Times: user=0.01 sys=0.00, real=0.00 secs] 
2715.674: [GC (Allocation Failure) [PSYoungGen: 54592K->896K(54784K)] 515547K->462875K(632320K), 0.0048307 secs] [Times: user=0.02 sys=0.00, real=0.00 secs] 
2716.867: [GC (Allocation Failure) [PSYoungGen: 54144K->320K(55296K)] 516123K->462299K(632832K), 0.0043898 secs] [Times: user=0.02 sys=0.00, real=0.00 secs] 
2717.603: [GC (Allocation Failure) [PSYoungGen: 53568K->352K(55296K)] 515547K->462331K(632832K), 0.0039575 secs] [Times: user=0.02 sys=0.00, real=0.01 secs] 
2718.178: [GC (Allocation Failure) [PSYoungGen: 53600K->288K(55296K)] 515579K->462267K(632832K), 0.0026838 secs] [Times: user=0.01 sys=0.00, real=0.00 secs] 
2718.607: [GC (Allocation Failure) [PSYoungGen: 53536K->368K(55296K)] 515515K->462347K(632832K), 0.0026226 secs] [Times: user=0.01 sys=0.00, real=0.00 secs] 
2719.082: [GC (Allocation Failure) [PSYoungGen: 53616K->320K(55296K)] 515595K->462299K(632832K), 0.0027006 secs] [Times: user=0.01 sys=0.00, real=0.01 secs] 
2720.032: [GC (Allocation Failure) [PSYoungGen: 53568K->1376K(55296K)] 515547K->463355K(632832K), 0.0019359 secs] [Times: user=0.01 sys=0.00, real=0.01 secs] 
2720.258: [GC (Allocation Failure) [PSYoungGen: 54624K->1408K(54784K)] 516603K->463387K(632320K), 0.0019052 secs] [Times: user=0.01 sys=0.00, real=0.00 secs] 
2720.477: [GC (Allocation Failure) [PSYoungGen: 54144K->1376K(55296K)] 516123K->463355K(632832K), 0.0019689 secs] [Times: user=0.01 sys=0.00, real=0.00 secs] 
2720.697: [GC (Allocation Failure) [PSYoungGen: 54112K->1376K(55296K)] 516091K->463355K(632832K), 0.0017349 secs] [Times: user=0.01 sys=0.00, real=0.00 secs] 
2721.027: [GC (Allocation Failure) [PSYoungGen: 54112K->1376K(55296K)] 516091K->463371K(632832K), 0.0020170 secs] [Times: user=0.01 sys=0.00, real=0.00 secs] 
2722.080: [GC (Allocation Failure) [PSYoungGen: 54112K->1408K(55296K)] 516107K->463403K(632832K), 0.0019074 secs] [Times: user=0.01 sys=0.00, real=0.00 secs] 
2722.556: [GC (Allocation Failure) [PSYoungGen: 54144K->1344K(55296K)] 516139K->463339K(632832K), 0.0021318 secs] [Times: user=0.01 sys=0.00, real=0.00 secs] 
2722.944: [GC (Allocation Failure) [PSYoungGen: 54080K->1360K(55296K)] 516075K->463355K(632832K), 0.0020632 secs] [Times: user=0.01 sys=0.00, real=0.01 secs] 
2723.384: [GC (Allocation Failure) [PSYoungGen: 54096K->1440K(55296K)] 516091K->463435K(632832K), 0.0020436 secs] [Times: user=0.01 sys=0.00, real=0.00 secs] 
2723.959: [GC (Allocation Failure) [PSYoungGen: 54176K->1408K(55296K)] 516171K->463411K(632832K), 0.0020433 secs] [Times: user=0.01 sys=0.00, real=0.00 secs] 
2725.194: [GC (Allocation Failure) [PSYoungGen: 54144K->1920K(55296K)] 516147K->463923K(632832K), 0.0018023 secs] [Times: user=0.01 sys=0.00, real=0.00 secs] 
2725.743: [GC (Allocation Failure) [PSYoungGen: 54656K->1344K(55296K)] 516659K->463347K(632832K), 0.0019991 secs] [Times: user=0.01 sys=0.00, real=0.01 secs] 
2726.445: [GC (Allocation Failure) [PSYoungGen: 54080K->1408K(55296K)] 516083K->463411K(632832K), 0.0027686 secs] [Times: user=0.01 sys=0.00, real=0.00 secs] 
2727.002: [GC (Allocation Failure) [PSYoungGen: 54144K->1408K(55296K)] 516147K->463411K(632832K), 0.0034201 secs] [Times: user=0.01 sys=0.00, real=0.01 secs] 
2727.622: [GC (Allocation Failure) [PSYoungGen: 54144K->1408K(54272K)] 516147K->463411K(631808K), 0.0030634 secs] [Times: user=0.01 sys=0.00, real=0.01 secs] 
2728.255: [GC (Allocation Failure) [PSYoungGen: 54144K->1328K(54784K)] 516147K->463339K(632320K), 0.0035008 secs] [Times: user=0.02 sys=0.00, real=0.00 secs] 
2730.088: [GC (Allocation Failure) [PSYoungGen: 54064K->1408K(54784K)] 516075K->463419K(632320K), 0.0034975 secs] [Times: user=0.01 sys=0.00, real=0.00 secs] 
2730.526: [GC (Allocation Failure) [PSYoungGen: 54144K->1376K(54784K)] 516155K->463387K(632320K), 0.0031005 secs] [Times: user=0.01 sys=0.00, real=0.00 secs] 
2731.027: [GC (Allocation Failure) [PSYoungGen: 54112K->1344K(54784K)] 516123K->463355K(632320K), 0.0027680 secs] [Times: user=0.01 sys=0.00, real=0.00 secs] 
2731.470: [GC (Allocation Failure) [PSYoungGen: 54080K->1376K(54784K)] 516091K->463387K(632320K), 0.0022562 secs] [Times: user=0.01 sys=0.00, real=0.00 secs] 
2731.920: [GC (Allocation Failure) [PSYoungGen: 54112K->1344K(54784K)] 516123K->463355K(632320K), 0.0029693 secs] [Times: user=0.01 sys=0.00, real=0.00 secs] 
2733.127: [GC (Allocation Failure) [PSYoungGen: 54080K->1376K(54784K)] 516091K->463387K(632320K), 0.0021513 secs] [Times: user=0.01 sys=0.00, real=0.00 secs] 
2733.354: [GC (Allocation Failure) [PSYoungGen: 54112K->1376K(54784K)] 516123K->463395K(632320K), 0.0022075 secs] [Times: user=0.01 sys=0.01, real=0.00 secs] 
2733.661: [GC (Allocation Failure) [PSYoungGen: 54112K->1344K(54784K)] 516131K->463363K(632320K), 0.0020178 secs] [Times: user=0.01 sys=0.00, real=0.00 secs] 
2733.887: [GC (Allocation Failure) [PSYoungGen: 54080K->1408K(54784K)] 516099K->463427K(632320K), 0.0021345 secs] [Times: user=0.01 sys=0.00, real=0.00 secs] 
2734.110: [GC (Allocation Failure) [PSYoungGen: 54144K->1376K(54784K)] 516163K->463395K(632320K), 0.0021635 secs] [Times: user=0.01 sys=0.00, real=0.00 secs] 
2735.163: [GC (Allocation Failure) [PSYoungGen: 54112K->1632K(54784K)] 516131K->463651K(632320K), 0.0019960 secs] [Times: user=0.01 sys=0.00, real=0.01 secs] 
2736.545: [GC (Allocation Failure) [PSYoungGen: 54368K->1376K(54784K)] 516387K->463395K(632320K), 0.0041744 secs] [Times: user=0.02 sys=0.00, real=0.00 secs] 
2737.194: [GC (Allocation Failure) [PSYoungGen: 54112K->1344K(54784K)] 516131K->463363K(632320K), 0.0056691 secs] [Times: user=0.03 sys=0.00, real=0.00 secs] 
2737.684: [GC (Allocation Failure) [PSYoungGen: 54080K->1376K(54784K)] 516099K->463395K(632320K), 0.0029030 secs] [Times: user=0.02 sys=0.00, real=0.00 secs] 
2738.360: [GC (Allocation Failure) [PSYoungGen: 54112K->1376K(54784K)] 516131K->463395K(632320K), 0.0027980 secs] [Times: user=0.01 sys=0.00, real=0.00 secs] 
2739.000: [GC (Allocation Failure) [PSYoungGen: 54112K->1376K(54784K)] 516131K->463395K(632320K), 0.0032316 secs] [Times: user=0.01 sys=0.00, real=0.00 secs] 
2740.076: [GC (Allocation Failure) [PSYoungGen: 54112K->1360K(54784K)] 516131K->463379K(632320K), 0.0027565 secs] [Times: user=0.01 sys=0.00, real=0.00 secs] 
2740.300: [GC (Allocation Failure) [PSYoungGen: 54096K->1376K(54784K)] 516115K->463395K(632320K), 0.0022659 secs] [Times: user=0.01 sys=0.00, real=0.00 secs] 
2740.570: [GC (Allocation Failure) [PSYoungGen: 54112K->1376K(54272K)] 516131K->463395K(631808K), 0.0023376 secs] [Times: user=0.01 sys=0.00, real=0.00 secs] 
2740.815: [GC (Allocation Failure) [PSYoungGen: 54112K->1376K(54272K)] 516131K->463395K(631808K), 0.0022730 secs] [Times: user=0.01 sys=0.00, real=0.00 secs] 
2741.041: [GC (Allocation Failure) [PSYoungGen: 54112K->1344K(54272K)] 516131K->463379K(631808K), 0.0019370 secs] [Times: user=0.01 sys=0.00, real=0.00 secs] 
2741.950: [GC (Allocation Failure) [PSYoungGen: 54080K->1408K(54272K)] 516115K->463443K(631808K), 0.0019459 secs] [Times: user=0.00 sys=0.00, real=0.00 secs] 
2742.262: [GC (Allocation Failure) [PSYoungGen: 54144K->1360K(54272K)] 516179K->463395K(631808K), 0.0019267 secs] [Times: user=0.01 sys=0.00, real=0.01 secs] 
2742.685: [GC (Allocation Failure) [PSYoungGen: 54096K->1344K(54272K)] 516131K->463379K(631808K), 0.0020064 secs] [Times: user=0.01 sys=0.00, real=0.00 secs] 
2743.175: [GC (Allocation Failure) [PSYoungGen: 54080K->1376K(54272K)] 516115K->463411K(631808K), 0.0024868 secs] [Times: user=0.01 sys=0.00, real=0.00 secs] 
2743.616: [GC (Allocation Failure) [PSYoungGen: 54112K->1376K(54272K)] 516147K->463411K(631808K), 0.0025122 secs] [Times: user=0.01 sys=0.00, real=0.00 secs] 
2744.788: [GC (Allocation Failure) [PSYoungGen: 54112K->128K(54272K)] 516147K->462163K(631808K), 0.0015472 secs] [Times: user=0.00 sys=0.00, real=0.00 secs] 
2745.029: [GC (Allocation Failure) [PSYoungGen: 52864K->1408K(54784K)] 514899K->463443K(632320K), 0.0020806 secs] [Times: user=0.01 sys=0.00, real=0.00 secs] 
2745.248: [GC (Allocation Failure) [PSYoungGen: 54144K->1408K(54784K)] 516179K->463443K(632320K), 0.0019957 secs] [Times: user=0.01 sys=0.00, real=0.00 secs] 
2745.467: [GC (Allocation Failure) [PSYoungGen: 54144K->1376K(54784K)] 516179K->463411K(632320K), 0.0019676 secs] [Times: user=0.01 sys=0.00, real=0.00 secs] 
2745.687: [GC (Allocation Failure) [PSYoungGen: 54112K->1376K(54784K)] 516147K->463411K(632320K), 0.0020031 secs] [Times: user=0.01 sys=0.00, real=0.00 secs] 
2745.906: [GC (Allocation Failure) [PSYoungGen: 54112K->1344K(54784K)] 516147K->463379K(632320K), 0.0020113 secs] [Times: user=0.01 sys=0.00, real=0.00 secs] 
2747.572: [GC (Allocation Failure) [PSYoungGen: 54080K->1376K(54784K)] 516115K->463411K(632320K), 0.0091727 secs] [Times: user=0.04 sys=0.00, real=0.01 secs] 
2748.452: [GC (Allocation Failure) [PSYoungGen: 54112K->1376K(54784K)] 516147K->463411K(632320K), 0.0031627 secs] [Times: user=0.02 sys=0.00, real=0.01 secs] 
2748.694: [GC (Allocation Failure) [PSYoungGen: 54112K->1376K(54784K)] 516147K->463411K(632320K), 0.0022052 secs] [Times: user=0.01 sys=0.01, real=0.00 secs] 
2748.913: [GC (Allocation Failure) [PSYoungGen: 54112K->1376K(54784K)] 516147K->463411K(632320K), 0.0021128 secs] [Times: user=0.01 sys=0.00, real=0.01 secs] 
2749.175: [GC (Allocation Failure) [PSYoungGen: 54112K->1344K(54784K)] 516147K->463379K(632320K), 0.0021111 secs] [Times: user=0.01 sys=0.00, real=0.00 secs] 
2750.450: [GC (Allocation Failure) [PSYoungGen: 54080K->1408K(54784K)] 516115K->463443K(632320K), 0.0026042 secs] [Times: user=0.01 sys=0.00, real=0.00 secs] 
2751.417: [GC (Allocation Failure) [PSYoungGen: 54144K->1408K(54784K)] 516179K->463459K(632320K), 0.0026350 secs] [Times: user=0.01 sys=0.00, real=0.00 secs] 
2752.103: [GC (Allocation Failure) [PSYoungGen: 54144K->1408K(54784K)] 516195K->463459K(632320K), 0.0026919 secs] [Times: user=0.01 sys=0.00, real=0.01 secs] 
2752.508: [GC (Allocation Failure) [PSYoungGen: 54144K->1408K(54784K)] 516195K->463459K(632320K), 0.0023039 secs] [Times: user=0.01 sys=0.00, real=0.00 secs] 
2752.727: [GC (Allocation Failure) [PSYoungGen: 54144K->1408K(54784K)] 516195K->463459K(632320K), 0.0022709 secs] [Times: user=0.01 sys=0.00, real=0.00 secs] 
2752.947: [GC (Allocation Failure) [PSYoungGen: 54144K->1344K(54784K)] 516195K->463395K(632320K), 0.0021403 secs] [Times: user=0.01 sys=0.00, real=0.00 secs] 
2754.103: [GC (Allocation Failure) [PSYoungGen: 54080K->1408K(54784K)] 516131K->463459K(632320K), 0.0022507 secs] [Times: user=0.01 sys=0.00, real=0.01 secs] 
2754.543: [GC (Allocation Failure) [PSYoungGen: 54144K->1408K(54784K)] 516195K->463459K(632320K), 0.0039817 secs] [Times: user=0.02 sys=0.00, real=0.01 secs] 
2755.105: [GC (Allocation Failure) [PSYoungGen: 54144K->1376K(54784K)] 516195K->463427K(632320K), 0.0030034 secs] [Times: user=0.02 sys=0.00, real=0.00 secs] 
2755.373: [GC (Allocation Failure) [PSYoungGen: 54112K->1376K(54272K)] 516163K->463427K(631808K), 0.0022429 secs] [Times: user=0.01 sys=0.00, real=0.01 secs] 
2755.635: [GC (Allocation Failure) [PSYoungGen: 54112K->1360K(54272K)] 516163K->463411K(631808K), 0.0021208 secs] [Times: user=0.00 sys=0.00, real=0.00 secs] 
2756.607: [GC (Allocation Failure) [PSYoungGen: 54096K->1408K(54272K)] 516147K->463459K(631808K), 0.0019794 secs] [Times: user=0.01 sys=0.00, real=0.00 secs] 
2756.827: [GC (Allocation Failure) [PSYoungGen: 54144K->1376K(54272K)] 516195K->463427K(631808K), 0.0018960 secs] [Times: user=0.00 sys=0.00, real=0.00 secs] 
2757.046: [GC (Allocation Failure) [PSYoungGen: 54112K->1376K(54272K)] 516163K->463427K(631808K), 0.0017438 secs] [Times: user=0.01 sys=0.00, real=0.00 secs] 
2757.265: [GC (Allocation Failure) [PSYoungGen: 54112K->1344K(54272K)] 516163K->463395K(631808K), 0.0019323 secs] [Times: user=0.00 sys=0.00, real=0.00 secs] 
2757.484: [GC (Allocation Failure) [PSYoungGen: 54080K->1376K(54272K)] 516131K->463435K(631808K), 0.0019450 secs] [Times: user=0.01 sys=0.00, real=0.00 secs] 
2758.307: [GC (Allocation Failure) [PSYoungGen: 54112K->1376K(54272K)] 516171K->463435K(631808K), 0.0017844 secs] [Times: user=0.01 sys=0.00, real=0.00 secs] 
2758.526: [GC (Allocation Failure) [PSYoungGen: 54112K->1344K(54272K)] 516171K->463403K(631808K), 0.0018739 secs] [Times: user=0.00 sys=0.00, real=0.00 secs] 
2758.814: [GC (Allocation Failure) [PSYoungGen: 54080K->1376K(54272K)] 516139K->463435K(631808K), 0.0020224 secs] [Times: user=0.00 sys=0.00, real=0.01 secs] 
2759.033: [GC (Allocation Failure) [PSYoungGen: 54112K->1376K(54272K)] 516171K->463451K(631808K), 0.0019254 secs] [Times: user=0.01 sys=0.00, real=0.01 secs] 
2759.252: [GC (Allocation Failure) [PSYoungGen: 54112K->1376K(54272K)] 516187K->463451K(631808K), 0.0019733 secs] [Times: user=0.01 sys=0.00, real=0.01 secs] 
2759.472: [GC (Allocation Failure) [PSYoungGen: 54112K->1344K(54272K)] 516187K->463427K(631808K), 0.0019436 secs] [Times: user=0.00 sys=0.00, real=0.01 secs] 
2761.360: [GC (Allocation Failure) [PSYoungGen: 54080K->1408K(54272K)] 516163K->463491K(631808K), 0.0028844 secs] [Times: user=0.01 sys=0.00, real=0.00 secs] 
2762.048: [GC (Allocation Failure) [PSYoungGen: 54144K->1360K(54272K)] 516227K->463443K(631808K), 0.0029679 secs] [Times: user=0.01 sys=0.00, real=0.00 secs] 
2762.561: [GC (Allocation Failure) [PSYoungGen: 54096K->1344K(54272K)] 516179K->463427K(631808K), 0.0028908 secs] [Times: user=0.01 sys=0.00, real=0.00 secs] 
2762.920: [GC (Allocation Failure) [PSYoungGen: 54080K->1344K(54272K)] 516163K->463427K(631808K), 0.0020843 secs] [Times: user=0.01 sys=0.00, real=0.00 secs] 
2763.161: [GC (Allocation Failure) [PSYoungGen: 54080K->1344K(54272K)] 516163K->463427K(631808K), 0.0021411 secs] [Times: user=0.01 sys=0.00, real=0.00 secs] 
2764.179: [GC (Allocation Failure) [PSYoungGen: 54080K->1376K(54272K)] 516163K->463459K(631808K), 0.0020922 secs] [Times: user=0.01 sys=0.00, real=0.00 secs] 
2764.599: [GC (Allocation Failure) [PSYoungGen: 54112K->1376K(54272K)] 516195K->463459K(631808K), 0.0022225 secs] [Times: user=0.01 sys=0.00, real=0.00 secs] 
2764.819: [GC (Allocation Failure) [PSYoungGen: 54112K->1344K(54272K)] 516195K->463427K(631808K), 0.0021358 secs] [Times: user=0.00 sys=0.00, real=0.00 secs] 
2765.039: [GC (Allocation Failure) [PSYoungGen: 54080K->1376K(54272K)] 516163K->463459K(631808K), 0.0022566 secs] [Times: user=0.00 sys=0.00, real=0.00 secs] 
2765.258: [GC (Allocation Failure) [PSYoungGen: 54112K->1376K(54272K)] 516195K->463459K(631808K), 0.0022209 secs] [Times: user=0.01 sys=0.00, real=0.00 secs] 
2766.304: [GC (Allocation Failure) [PSYoungGen: 54112K->896K(54272K)] 516195K->464003K(631808K), 0.0019059 secs] [Times: user=0.01 sys=0.00, real=0.00 secs] 
2766.523: [GC (Allocation Failure) [PSYoungGen: 53632K->320K(54272K)] 516739K->463427K(631808K), 0.0020832 secs] [Times: user=0.01 sys=0.00, real=0.01 secs] 
2766.743: [GC (Allocation Failure) [PSYoungGen: 53056K->320K(54784K)] 516163K->463427K(632320K), 0.0020541 secs] [Times: user=0.01 sys=0.00, real=0.01 secs] 
2767.131: [GC (Allocation Failure) [PSYoungGen: 53056K->320K(54784K)] 516163K->463427K(632320K), 0.0021117 secs] [Times: user=0.01 sys=0.00, real=0.00 secs] 
2767.564: [GC (Allocation Failure) [PSYoungGen: 53056K->352K(54784K)] 516163K->463459K(632320K), 0.0021024 secs] [Times: user=0.01 sys=0.00, real=0.00 secs] 
2767.998: [GC (Allocation Failure) [PSYoungGen: 53088K->320K(54784K)] 516195K->463435K(632320K), 0.0022364 secs] [Times: user=0.01 sys=0.00, real=0.00 secs] 
2770.024: [GC (Allocation Failure) [PSYoungGen: 53056K->1408K(54784K)] 516171K->464523K(632320K), 0.0046637 secs] [Times: user=0.02 sys=0.00, real=0.00 secs] 
2770.562: [GC (Allocation Failure) [PSYoungGen: 54144K->1344K(54784K)] 517259K->464459K(632320K), 0.0031084 secs] [Times: user=0.01 sys=0.00, real=0.01 secs] 
2770.941: [GC (Allocation Failure) [PSYoungGen: 54080K->1376K(54272K)] 517195K->464507K(631808K), 0.0027174 secs] [Times: user=0.01 sys=0.00, real=0.01 secs] 
2771.174: [GC (Allocation Failure) [PSYoungGen: 53600K->1344K(54784K)] 516731K->464475K(632320K), 0.0023642 secs] [Times: user=0.01 sys=0.00, real=0.00 secs] 
2771.392: [GC (Allocation Failure) [PSYoungGen: 53568K->1344K(54784K)] 516699K->464475K(632320K), 0.0022473 secs] [Times: user=0.01 sys=0.00, real=0.01 secs] 
2772.247: [GC (Allocation Failure) [PSYoungGen: 53568K->1376K(54784K)] 516699K->464507K(632320K), 0.0019650 secs] [Times: user=0.01 sys=0.00, real=0.00 secs] 
2772.464: [GC (Allocation Failure) [PSYoungGen: 53600K->1376K(54784K)] 516731K->464507K(632320K), 0.0020282 secs] [Times: user=0.01 sys=0.01, real=0.00 secs] 
2772.681: [GC (Allocation Failure) [PSYoungGen: 53600K->1376K(54784K)] 516731K->464507K(632320K), 0.0020407 secs] [Times: user=0.01 sys=0.00, real=0.00 secs] 
2772.898: [GC (Allocation Failure) [PSYoungGen: 53600K->1376K(54784K)] 516731K->464507K(632320K), 0.0045206 secs] [Times: user=0.03 sys=0.00, real=0.00 secs] 
2773.122: [GC (Allocation Failure) [PSYoungGen: 53600K->1376K(54784K)] 516731K->464515K(632320K), 0.0020069 secs] [Times: user=0.01 sys=0.01, real=0.01 secs] 
2774.001: [GC (Allocation Failure) [PSYoungGen: 53600K->1376K(53760K)] 516739K->464515K(631296K), 0.0020263 secs] [Times: user=0.01 sys=0.00, real=0.00 secs] 
2774.436: [GC (Allocation Failure) [PSYoungGen: 53600K->1376K(53760K)] 516739K->464515K(631296K), 0.0019254 secs] [Times: user=0.01 sys=0.00, real=0.00 secs] 
2774.852: [GC (Allocation Failure) [PSYoungGen: 53600K->1408K(53760K)] 516739K->464547K(631296K), 0.0039421 secs] [Times: user=0.02 sys=0.00, real=0.01 secs] 
2775.291: [GC (Allocation Failure) [PSYoungGen: 53632K->1376K(53760K)] 516771K->464515K(631296K), 0.0031677 secs] [Times: user=0.01 sys=0.00, real=0.01 secs] 
2775.701: [GC (Allocation Failure) [PSYoungGen: 53600K->1344K(53760K)] 516739K->464491K(631296K), 0.0030103 secs] [Times: user=0.01 sys=0.00, real=0.01 secs] 
2776.005: [GC (Allocation Failure) [PSYoungGen: 53568K->1440K(53760K)] 516715K->464595K(631296K), 0.0023892 secs] [Times: user=0.01 sys=0.00, real=0.00 secs] 
2777.313: [GC (Allocation Failure) [PSYoungGen: 53664K->1344K(53760K)] 516819K->464499K(631296K), 0.0031413 secs] [Times: user=0.02 sys=0.00, real=0.01 secs] 
2778.000: [GC (Allocation Failure) [PSYoungGen: 53568K->1408K(53760K)] 516723K->464563K(631296K), 0.0046500 secs] [Times: user=0.01 sys=0.00, real=0.01 secs] 
2778.314: [GC (Allocation Failure) [PSYoungGen: 53632K->1344K(53760K)] 516787K->464499K(631296K), 0.0019555 secs] [Times: user=0.00 sys=0.01, real=0.00 secs] 
2778.532: [GC (Allocation Failure) [PSYoungGen: 53568K->1392K(53760K)] 516723K->464547K(631296K), 0.0022021 secs] [Times: user=0.01 sys=0.00, real=0.01 secs] 
2778.749: [GC (Allocation Failure) [PSYoungGen: 53616K->1376K(53760K)] 516771K->464539K(631296K), 0.0020600 secs] [Times: user=0.01 sys=0.00, real=0.00 secs] 
2780.010: [GC (Allocation Failure) [PSYoungGen: 53600K->1424K(53760K)] 516763K->464587K(631296K), 0.0041325 secs] [Times: user=0.02 sys=0.00, real=0.01 secs] 
2781.677: [GC (Allocation Failure) [PSYoungGen: 53648K->1376K(54272K)] 516811K->464555K(631808K), 0.0041195 secs] [Times: user=0.02 sys=0.00, real=0.00 secs] 
2782.222: [GC (Allocation Failure) [PSYoungGen: 53600K->1328K(54272K)] 516779K->464507K(631808K), 0.0032140 secs] [Times: user=0.01 sys=0.00, real=0.01 secs] 
2782.834: [GC (Allocation Failure) [PSYoungGen: 53552K->1360K(54272K)] 516731K->464539K(631808K), 0.0046922 secs] [Times: user=0.02 sys=0.00, real=0.00 secs] 
2783.371: [GC (Allocation Failure) [PSYoungGen: 53584K->1376K(54272K)] 516763K->464555K(631808K), 0.0034910 secs] [Times: user=0.01 sys=0.00, real=0.01 secs] 
2783.842: [GC (Allocation Failure) [PSYoungGen: 53600K->1376K(54272K)] 516779K->464563K(631808K), 0.0029250 secs] [Times: user=0.01 sys=0.00, real=0.01 secs] 
2785.012: [GC (Allocation Failure) [PSYoungGen: 53600K->1392K(54272K)] 516787K->464579K(631808K), 0.0022115 secs] [Times: user=0.00 sys=0.00, real=0.01 secs] 
2785.576: [GC (Allocation Failure) [PSYoungGen: 53616K->1376K(54272K)] 516803K->464563K(631808K), 0.0024389 secs] [Times: user=0.02 sys=0.00, real=0.00 secs] 
2785.981: [GC (Allocation Failure) [PSYoungGen: 53600K->1376K(54272K)] 516787K->464563K(631808K), 0.0027282 secs] [Times: user=0.01 sys=0.00, real=0.00 secs] 
2786.187: [GC (Allocation Failure) [PSYoungGen: 53600K->1376K(54272K)] 516787K->464563K(631808K), 0.0021495 secs] [Times: user=0.00 sys=0.00, real=0.00 secs] 
2786.458: [GC (Allocation Failure) [PSYoungGen: 53600K->1376K(54272K)] 516787K->464563K(631808K), 0.0021608 secs] [Times: user=0.01 sys=0.00, real=0.00 secs] 
2787.502: [GC (Allocation Failure) [PSYoungGen: 53600K->1376K(54272K)] 516787K->464563K(631808K), 0.0020708 secs] [Times: user=0.01 sys=0.00, real=0.01 secs] 
2787.996: [GC (Allocation Failure) [PSYoungGen: 53600K->1376K(53760K)] 516787K->464563K(631296K), 0.0021772 secs] [Times: user=0.01 sys=0.00, real=0.00 secs] 
2788.473: [GC (Allocation Failure) [PSYoungGen: 53600K->1344K(53760K)] 516787K->464531K(631296K), 0.0020497 secs] [Times: user=0.01 sys=0.00, real=0.01 secs] 
2788.691: [GC (Allocation Failure) [PSYoungGen: 53568K->1344K(53760K)] 516755K->464531K(631296K), 0.0028011 secs] [Times: user=0.01 sys=0.00, real=0.01 secs] 
2788.998: [GC (Allocation Failure) [PSYoungGen: 53568K->1376K(53760K)] 516755K->464563K(631296K), 0.0024062 secs] [Times: user=0.01 sys=0.00, real=0.00 secs] 
2789.285: [GC (Allocation Failure) [PSYoungGen: 53595K->256K(53760K)] 516782K->463443K(631296K), 0.0026187 secs] [Times: user=0.01 sys=0.00, real=0.00 secs] 
2790.543: [GC (Allocation Failure) [PSYoungGen: 52480K->1376K(54272K)] 515667K->464563K(631808K), 0.0038478 secs] [Times: user=0.01 sys=0.00, real=0.01 secs] 
2791.011: [GC (Allocation Failure) [PSYoungGen: 53600K->1376K(54272K)] 516787K->464571K(631808K), 0.0028570 secs] [Times: user=0.01 sys=0.00, real=0.00 secs] 
2791.218: [GC (Allocation Failure) [PSYoungGen: 53600K->1328K(54272K)] 516795K->464523K(631808K), 0.0022148 secs] [Times: user=0.01 sys=0.00, real=0.00 secs] 
2791.478: [GC (Allocation Failure) [PSYoungGen: 53552K->1376K(54272K)] 516747K->464571K(631808K), 0.0022811 secs] [Times: user=0.01 sys=0.00, real=0.00 secs] 
2791.695: [GC (Allocation Failure) [PSYoungGen: 53600K->1376K(54272K)] 516795K->464571K(631808K), 0.0022688 secs] [Times: user=0.01 sys=0.00, real=0.00 secs] 
2792.610: [GC (Allocation Failure) [PSYoungGen: 53600K->1440K(54272K)] 516795K->464635K(631808K), 0.0018099 secs] [Times: user=0.01 sys=0.00, real=0.00 secs] 
2792.827: [GC (Allocation Failure) [PSYoungGen: 53664K->1440K(54272K)] 516859K->464635K(631808K), 0.0017562 secs] [Times: user=0.00 sys=0.00, real=0.00 secs] 
2793.043: [GC (Allocation Failure) [PSYoungGen: 53664K->1376K(54272K)] 516859K->464571K(631808K), 0.0015621 secs] [Times: user=0.00 sys=0.00, real=0.01 secs] 
2793.260: [GC (Allocation Failure) [PSYoungGen: 53600K->1360K(54272K)] 516795K->464555K(631808K), 0.0016178 secs] [Times: user=0.01 sys=0.00, real=0.00 secs] 
2793.476: [GC (Allocation Failure) [PSYoungGen: 53584K->1408K(54272K)] 516779K->464611K(631808K), 0.0017618 secs] [Times: user=0.01 sys=0.00, real=0.00 secs] 
2794.711: [GC (Allocation Failure) [PSYoungGen: 53632K->1920K(54272K)] 516835K->465123K(631808K), 0.0039936 secs] [Times: user=0.02 sys=0.00, real=0.01 secs] 
2795.742: [GC (Allocation Failure) [PSYoungGen: 54144K->1376K(54272K)] 517347K->464579K(631808K), 0.0038713 secs] [Times: user=0.02 sys=0.00, real=0.01 secs] 
2796.645: [GC (Allocation Failure) [PSYoungGen: 53600K->1376K(54272K)] 516803K->464579K(631808K), 0.0039283 secs] [Times: user=0.02 sys=0.00, real=0.00 secs] 
2797.365: [GC (Allocation Failure) [PSYoungGen: 53600K->1408K(54272K)] 516803K->464611K(631808K), 0.0033920 secs] [Times: user=0.01 sys=0.00, real=0.00 secs] 
2798.159: [GC (Allocation Failure) [PSYoungGen: 53632K->1328K(54272K)] 516835K->464531K(631808K), 0.0032152 secs] [Times: user=0.01 sys=0.00, real=0.00 secs] 
2798.615: [GC (Allocation Failure) [PSYoungGen: 53552K->1392K(54272K)] 516755K->464595K(631808K), 0.0034676 secs] [Times: user=0.01 sys=0.00, real=0.00 secs] 
2799.732: [GC (Allocation Failure) [PSYoungGen: 53616K->1408K(54272K)] 516819K->464611K(631808K), 0.0019307 secs] [Times: user=0.01 sys=0.00, real=0.01 secs] 
2800.254: [GC (Allocation Failure) [PSYoungGen: 53632K->1344K(54272K)] 516835K->464547K(631808K), 0.0022075 secs] [Times: user=0.01 sys=0.00, real=0.00 secs] 
2800.818: [GC (Allocation Failure) [PSYoungGen: 53568K->1408K(54272K)] 516771K->464611K(631808K), 0.0022934 secs] [Times: user=0.01 sys=0.00, real=0.00 secs] 
2801.368: [GC (Allocation Failure) [PSYoungGen: 53632K->1376K(54272K)] 516835K->464579K(631808K), 0.0021922 secs] [Times: user=0.01 sys=0.00, real=0.00 secs] 
2801.892: [GC (Allocation Failure) [PSYoungGen: 53600K->1376K(54272K)] 516803K->464595K(631808K), 0.0021995 secs] [Times: user=0.01 sys=0.00, real=0.01 secs] 
2802.983: [GC (Allocation Failure) [PSYoungGen: 53600K->1376K(54272K)] 516819K->464603K(631808K), 0.0019989 secs] [Times: user=0.01 sys=0.00, real=0.01 secs] 
2803.380: [GC (Allocation Failure) [PSYoungGen: 53600K->1376K(54272K)] 516827K->464603K(631808K), 0.0021040 secs] [Times: user=0.01 sys=0.00, real=0.00 secs] 
2803.797: [GC (Allocation Failure) [PSYoungGen: 53600K->1376K(53760K)] 516827K->464603K(631296K), 0.0036149 secs] [Times: user=0.02 sys=0.01, real=0.00 secs] 
2804.208: [GC (Allocation Failure) [PSYoungGen: 53600K->1376K(53760K)] 516827K->464603K(631296K), 0.0030596 secs] [Times: user=0.01 sys=0.00, real=0.00 secs] 
2804.608: [GC (Allocation Failure) [PSYoungGen: 53600K->1360K(53760K)] 516827K->464587K(631296K), 0.0029728 secs] [Times: user=0.01 sys=0.00, real=0.00 secs] 
2805.036: [GC (Allocation Failure) [PSYoungGen: 53584K->1408K(53760K)] 516811K->464635K(631296K), 0.0025424 secs] [Times: user=0.01 sys=0.00, real=0.00 secs] 
2806.150: [GC (Allocation Failure) [PSYoungGen: 53632K->1408K(53760K)] 516859K->464635K(631296K), 0.0019616 secs] [Times: user=0.01 sys=0.00, real=0.00 secs] 
2806.748: [GC (Allocation Failure) [PSYoungGen: 53632K->1376K(53760K)] 516859K->464603K(631296K), 0.0022546 secs] [Times: user=0.01 sys=0.00, real=0.00 secs] 
2807.160: [GC (Allocation Failure) [PSYoungGen: 53600K->1376K(53760K)] 516827K->464603K(631296K), 0.0029897 secs] [Times: user=0.01 sys=0.00, real=0.00 secs] 
2807.594: [GC (Allocation Failure) [PSYoungGen: 53600K->1376K(53760K)] 516827K->464603K(631296K), 0.0024600 secs] [Times: user=0.01 sys=0.00, real=0.00 secs] 
2808.047: [GC (Allocation Failure) [PSYoungGen: 53600K->1344K(53760K)] 516827K->464571K(631296K), 0.0034933 secs] [Times: user=0.01 sys=0.00, real=0.00 secs] 
2809.165: [GC (Allocation Failure) [PSYoungGen: 53568K->1376K(53760K)] 516795K->464603K(631296K), 0.0017454 secs] [Times: user=0.01 sys=0.00, real=0.00 secs] 
2809.381: [GC (Allocation Failure) [PSYoungGen: 53600K->1344K(53760K)] 516827K->464571K(631296K), 0.0015940 secs] [Times: user=0.01 sys=0.00, real=0.00 secs] 
2809.811: [GC (Allocation Failure) [PSYoungGen: 53568K->1376K(53760K)] 516795K->464603K(631296K), 0.0024011 secs] [Times: user=0.01 sys=0.00, real=0.01 secs] 
2810.240: [GC (Allocation Failure) [PSYoungGen: 53600K->1376K(53760K)] 516827K->464603K(631296K), 0.0034849 secs] [Times: user=0.02 sys=0.00, real=0.00 secs] 
2810.674: [GC (Allocation Failure) [PSYoungGen: 53600K->1376K(53760K)] 516827K->464627K(631296K), 0.0032150 secs] [Times: user=0.02 sys=0.00, real=0.00 secs] 
2811.870: [GC (Allocation Failure) [PSYoungGen: 53600K->1520K(53760K)] 516851K->464959K(631296K), 0.0024703 secs] [Times: user=0.01 sys=0.00, real=0.00 secs] 
2813.148: [GC (Allocation Failure) [PSYoungGen: 53744K->1312K(54272K)] 517183K->464751K(631808K), 0.0047506 secs] [Times: user=0.02 sys=0.00, real=0.00 secs] 
2813.893: [GC (Allocation Failure) [PSYoungGen: 53536K->1312K(54272K)] 516975K->464751K(631808K), 0.0043030 secs] [Times: user=0.02 sys=0.00, real=0.01 secs] 
2814.452: [GC (Allocation Failure) [PSYoungGen: 53536K->1312K(54272K)] 516975K->464751K(631808K), 0.0030801 secs] [Times: user=0.02 sys=0.00, real=0.01 secs] 
2814.985: [GC (Allocation Failure) [PSYoungGen: 53536K->1312K(54272K)] 516975K->464751K(631808K), 0.0034925 secs] [Times: user=0.01 sys=0.00, real=0.00 secs] 
2815.665: [GC (Allocation Failure) [PSYoungGen: 53536K->1344K(53760K)] 516975K->464783K(631296K), 0.0044450 secs] [Times: user=0.02 sys=0.00, real=0.00 secs] 
2816.691: [GC (Allocation Failure) [PSYoungGen: 53568K->1520K(53760K)] 517007K->464959K(631296K), 0.0019620 secs] [Times: user=0.01 sys=0.00, real=0.00 secs] 
2816.910: [GC (Allocation Failure) [PSYoungGen: 53744K->1520K(54272K)] 517183K->464959K(631808K), 0.0020214 secs] [Times: user=0.01 sys=0.00, real=0.00 secs] 
2817.127: [GC (Allocation Failure) [PSYoungGen: 53744K->1536K(54272K)] 517183K->464975K(631808K), 0.0017633 secs] [Times: user=0.01 sys=0.00, real=0.00 secs] 
2817.344: [GC (Allocation Failure) [PSYoungGen: 53760K->1520K(54272K)] 517199K->464959K(631808K), 0.0020948 secs] [Times: user=0.01 sys=0.00, real=0.00 secs] 
2817.561: [GC (Allocation Failure) [PSYoungGen: 53744K->1536K(54272K)] 517183K->464975K(631808K), 0.0018392 secs] [Times: user=0.00 sys=0.00, real=0.00 secs] 
2818.406: [GC (Allocation Failure) [PSYoungGen: 53760K->1568K(54272K)] 517199K->465007K(631808K), 0.0020220 secs] [Times: user=0.01 sys=0.00, real=0.00 secs] 
2818.628: [GC (Allocation Failure) [PSYoungGen: 53792K->1552K(54272K)] 517231K->464991K(631808K), 0.0018573 secs] [Times: user=0.01 sys=0.00, real=0.00 secs] 
2818.925: [GC (Allocation Failure) [PSYoungGen: 53776K->1552K(54272K)] 517215K->464991K(631808K), 0.0021697 secs] [Times: user=0.01 sys=0.00, real=0.00 secs] 
2819.142: [GC (Allocation Failure) [PSYoungGen: 53776K->1552K(54272K)] 517215K->464991K(631808K), 0.0021920 secs] [Times: user=0.00 sys=0.00, real=0.01 secs] 
2819.359: [GC (Allocation Failure) [PSYoungGen: 53776K->1440K(54272K)] 517215K->465023K(631808K), 0.0020592 secs] [Times: user=0.01 sys=0.00, real=0.00 secs] 
2819.576: [GC (Allocation Failure) [PSYoungGen: 53664K->1408K(54272K)] 517247K->465015K(631808K), 0.0019357 secs] [Times: user=0.01 sys=0.00, real=0.00 secs] 
2820.535: [GC (Allocation Failure) [PSYoungGen: 53632K->1440K(54272K)] 517239K->465047K(631808K), 0.0021653 secs] [Times: user=0.01 sys=0.00, real=0.00 secs] 
2820.753: [GC (Allocation Failure) [PSYoungGen: 53664K->1344K(54272K)] 517271K->464951K(631808K), 0.0020901 secs] [Times: user=0.01 sys=0.00, real=0.01 secs] 
2821.105: [GC (Allocation Failure) [PSYoungGen: 53568K->1408K(54272K)] 517175K->465015K(631808K), 0.0020726 secs] [Times: user=0.01 sys=0.00, real=0.00 secs] 
2821.514: [GC (Allocation Failure) [PSYoungGen: 53632K->1408K(54272K)] 517239K->465015K(631808K), 0.0020725 secs] [Times: user=0.00 sys=0.00, real=0.01 secs] 
2821.963: [GC (Allocation Failure) [PSYoungGen: 53632K->1312K(54272K)] 517239K->464927K(631808K), 0.0029261 secs] [Times: user=0.01 sys=0.00, real=0.01 secs] 
2823.375: [GC (Allocation Failure) [PSYoungGen: 53536K->1376K(54272K)] 517151K->464991K(631808K), 0.0029282 secs] [Times: user=0.01 sys=0.00, real=0.00 secs] 
2823.948: [GC (Allocation Failure) [PSYoungGen: 53600K->1408K(54272K)] 517215K->465023K(631808K), 0.0035599 secs] [Times: user=0.02 sys=0.00, real=0.00 secs] 
2824.409: [GC (Allocation Failure) [PSYoungGen: 53632K->1408K(54272K)] 517247K->465023K(631808K), 0.0024069 secs] [Times: user=0.01 sys=0.00, real=0.00 secs] 
2824.975: [GC (Allocation Failure) [PSYoungGen: 53632K->1360K(54272K)] 517247K->464975K(631808K), 0.0027005 secs] [Times: user=0.01 sys=0.00, real=0.00 secs] 
2825.362: [GC (Allocation Failure) [PSYoungGen: 53584K->1376K(54272K)] 517199K->464991K(631808K), 0.0044578 secs] [Times: user=0.02 sys=0.00, real=0.01 secs] 
2826.389: [GC (Allocation Failure) [PSYoungGen: 53600K->1376K(54272K)] 517215K->464991K(631808K), 0.0017984 secs] [Times: user=0.01 sys=0.00, real=0.00 secs] 
2826.972: [GC (Allocation Failure) [PSYoungGen: 53600K->1328K(54272K)] 517215K->464943K(631808K), 0.0022482 secs] [Times: user=0.01 sys=0.00, real=0.01 secs] 
2827.189: [GC (Allocation Failure) [PSYoungGen: 53552K->1376K(54272K)] 517167K->464991K(631808K), 0.0022551 secs] [Times: user=0.01 sys=0.00, real=0.00 secs] 
2827.407: [GC (Allocation Failure) [PSYoungGen: 53600K->1376K(54272K)] 517215K->464991K(631808K), 0.0021408 secs] [Times: user=0.01 sys=0.00, real=0.00 secs] 
2827.676: [GC (Allocation Failure) [PSYoungGen: 53600K->1376K(53760K)] 517215K->464991K(631296K), 0.0022402 secs] [Times: user=0.01 sys=0.00, real=0.00 secs] 
2828.247: [GC (Allocation Failure) [PSYoungGen: 53600K->1376K(53760K)] 517215K->464991K(631296K), 0.0028016 secs] [Times: user=0.01 sys=0.00, real=0.00 secs] 
2829.281: [GC (Allocation Failure) [PSYoungGen: 53600K->384K(53248K)] 517215K->465023K(630784K), 0.0019589 secs] [Times: user=0.01 sys=0.00, real=0.00 secs] 
2829.499: [GC (Allocation Failure) [PSYoungGen: 52608K->352K(54272K)] 517247K->464991K(631808K), 0.0019163 secs] [Times: user=0.01 sys=0.00, real=0.00 secs] 
2829.716: [GC (Allocation Failure) [PSYoungGen: 52576K->352K(54272K)] 517215K->464991K(631808K), 0.0020726 secs] [Times: user=0.01 sys=0.00, real=0.00 secs] 
2829.933: [GC (Allocation Failure) [PSYoungGen: 52576K->384K(54272K)] 517215K->465023K(631808K), 0.0020068 secs] [Times: user=0.00 sys=0.00, real=0.01 secs] 
2830.150: [GC (Allocation Failure) [PSYoungGen: 52608K->352K(54272K)] 517247K->465007K(631808K), 0.0021008 secs] [Times: user=0.01 sys=0.00, real=0.00 secs] 
2830.987: [GC (Allocation Failure) [PSYoungGen: 52576K->1472K(54272K)] 517231K->466127K(631808K), 0.0018197 secs] [Times: user=0.01 sys=0.00, real=0.00 secs] 
2831.203: [GC (Allocation Failure) [PSYoungGen: 53696K->1408K(53760K)] 518351K->466063K(631296K), 0.0017023 secs] [Times: user=0.00 sys=0.00, real=0.01 secs] 
2831.417: [GC (Allocation Failure) [PSYoungGen: 53120K->1440K(54272K)] 517775K->466095K(631808K), 0.0017682 secs] [Times: user=0.01 sys=0.00, real=0.00 secs] 
2831.631: [GC (Allocation Failure) [PSYoungGen: 53152K->1344K(54272K)] 517807K->465999K(631808K), 0.0017362 secs] [Times: user=0.01 sys=0.00, real=0.00 secs] 
2831.846: [GC (Allocation Failure) [PSYoungGen: 53056K->1408K(54272K)] 517711K->466063K(631808K), 0.0018978 secs] [Times: user=0.01 sys=0.00, real=0.00 secs] 
2832.060: [GC (Allocation Failure) [PSYoungGen: 53120K->1344K(54272K)] 517775K->465999K(631808K), 0.0034368 secs] [Times: user=0.01 sys=0.00, real=0.01 secs] 
2833.255: [GC (Allocation Failure) [PSYoungGen: 53056K->1376K(54272K)] 517711K->466031K(631808K), 0.0020925 secs] [Times: user=0.01 sys=0.00, real=0.00 secs] 
2833.892: [GC (Allocation Failure) [PSYoungGen: 53088K->1376K(54272K)] 517743K->466031K(631808K), 0.0029350 secs] [Times: user=0.01 sys=0.00, real=0.01 secs] 
2834.312: [GC (Allocation Failure) [PSYoungGen: 53088K->1376K(53248K)] 517743K->466031K(630784K), 0.0033285 secs] [Times: user=0.02 sys=0.00, real=0.01 secs] 
2834.784: [GC (Allocation Failure) [PSYoungGen: 53088K->1344K(53760K)] 517743K->465999K(631296K), 0.0026595 secs] [Times: user=0.01 sys=0.00, real=0.00 secs] 
2835.336: [GC (Allocation Failure) [PSYoungGen: 53056K->1376K(53760K)] 517711K->466031K(631296K), 0.0035320 secs] [Times: user=0.01 sys=0.00, real=0.00 secs] 
2836.713: [GC (Allocation Failure) [PSYoungGen: 53088K->1408K(53760K)] 517743K->466063K(631296K), 0.0040263 secs] [Times: user=0.01 sys=0.00, real=0.01 secs] 
2837.282: [GC (Allocation Failure) [PSYoungGen: 53120K->1376K(53760K)] 517775K->466031K(631296K), 0.0035137 secs] [Times: user=0.01 sys=0.00, real=0.01 secs] 
2837.703: [GC (Allocation Failure) [PSYoungGen: 53088K->1376K(53760K)] 517743K->466031K(631296K), 0.0029287 secs] [Times: user=0.02 sys=0.00, real=0.01 secs] 
2838.136: [GC (Allocation Failure) [PSYoungGen: 53088K->1376K(53760K)] 517743K->466031K(631296K), 0.0029590 secs] [Times: user=0.01 sys=0.00, real=0.00 secs] 
2838.568: [GC (Allocation Failure) [PSYoungGen: 53088K->1376K(53760K)] 517743K->466031K(631296K), 0.0029796 secs] [Times: user=0.02 sys=0.00, real=0.00 secs] 
2839.001: [GC (Allocation Failure) [PSYoungGen: 53088K->1376K(53760K)] 517743K->466031K(631296K), 0.0033980 secs] [Times: user=0.01 sys=0.00, real=0.01 secs] 
2840.236: [GC (Allocation Failure) [PSYoungGen: 53088K->1408K(53760K)] 517743K->466063K(631296K), 0.0035244 secs] [Times: user=0.01 sys=0.00, real=0.00 secs] 
2840.703: [GC (Allocation Failure) [PSYoungGen: 53120K->1376K(53760K)] 517775K->466031K(631296K), 0.0031986 secs] [Times: user=0.02 sys=0.00, real=0.01 secs] 
2841.321: [GC (Allocation Failure) [PSYoungGen: 53088K->1376K(53760K)] 517743K->466031K(631296K), 0.0031538 secs] [Times: user=0.02 sys=0.00, real=0.01 secs] 
2841.895: [GC (Allocation Failure) [PSYoungGen: 53088K->1376K(53760K)] 517743K->466031K(631296K), 0.0030573 secs] [Times: user=0.01 sys=0.00, real=0.00 secs] 
2842.409: [GC (Allocation Failure) [PSYoungGen: 53088K->1392K(53760K)] 517743K->466063K(631296K), 0.0044687 secs] [Times: user=0.01 sys=0.00, real=0.00 secs] 
2843.780: [GC (Allocation Failure) [PSYoungGen: 53104K->1408K(53760K)] 517775K->466079K(631296K), 0.0019985 secs] [Times: user=0.01 sys=0.00, real=0.00 secs] 
2844.370: [GC (Allocation Failure) [PSYoungGen: 53120K->1408K(53760K)] 517791K->466079K(631296K), 0.0037680 secs] [Times: user=0.02 sys=0.00, real=0.01 secs] 
2844.644: [GC (Allocation Failure) [PSYoungGen: 53120K->1376K(53760K)] 517791K->466047K(631296K), 0.0025269 secs] [Times: user=0.01 sys=0.00, real=0.00 secs] 
2844.889: [GC (Allocation Failure) [PSYoungGen: 53088K->1376K(53760K)] 517759K->466047K(631296K), 0.0023304 secs] [Times: user=0.01 sys=0.00, real=0.00 secs] 
2845.209: [GC (Allocation Failure) [PSYoungGen: 53088K->1408K(53760K)] 517759K->466079K(631296K), 0.0025458 secs] [Times: user=0.01 sys=0.00, real=0.00 secs] 
2845.708: [GC (Allocation Failure) [PSYoungGen: 53120K->1376K(53760K)] 517791K->466047K(631296K), 0.0026875 secs] [Times: user=0.01 sys=0.00, real=0.00 secs] 
2846.566: [GC (Allocation Failure) [PSYoungGen: 53088K->1440K(53760K)] 517759K->466111K(631296K), 0.0017791 secs] [Times: user=0.01 sys=0.00, real=0.00 secs] 
2846.780: [GC (Allocation Failure) [PSYoungGen: 53152K->1408K(53760K)] 517823K->466079K(631296K), 0.0016564 secs] [Times: user=0.00 sys=0.00, real=0.00 secs] 
2846.995: [GC (Allocation Failure) [PSYoungGen: 53120K->1376K(53760K)] 517791K->466047K(631296K), 0.0018528 secs] [Times: user=0.01 sys=0.00, real=0.00 secs] 
2847.210: [GC (Allocation Failure) [PSYoungGen: 53088K->1376K(53760K)] 517759K->466047K(631296K), 0.0033463 secs] [Times: user=0.02 sys=0.01, real=0.01 secs] 
2847.427: [GC (Allocation Failure) [PSYoungGen: 53088K->1376K(53760K)] 517759K->466047K(631296K), 0.0023249 secs] [Times: user=0.01 sys=0.00, real=0.00 secs] 
2848.534: [GC (Allocation Failure) [PSYoungGen: 53088K->1408K(53248K)] 517759K->466079K(630784K), 0.0020598 secs] [Times: user=0.01 sys=0.00, real=0.00 secs] 
2849.037: [GC (Allocation Failure) [PSYoungGen: 53120K->1312K(53248K)] 517791K->465983K(630784K), 0.0022959 secs] [Times: user=0.01 sys=0.00, real=0.00 secs] 
2849.598: [GC (Allocation Failure) [PSYoungGen: 53024K->320K(52736K)] 517695K->466015K(630272K), 0.0041946 secs] [Times: user=0.01 sys=0.00, real=0.00 secs] 
2850.173: [GC (Allocation Failure) [PSYoungGen: 52032K->368K(53760K)] 517727K->466063K(631296K), 0.0026938 secs] [Times: user=0.01 sys=0.00, real=0.01 secs] 
2850.670: [GC (Allocation Failure) [PSYoungGen: 52080K->352K(53760K)] 517775K->466055K(631296K), 0.0030322 secs] [Times: user=0.01 sys=0.00, real=0.00 secs] 
2851.821: [GC (Allocation Failure) [PSYoungGen: 52064K->128K(53760K)] 517767K->465831K(631296K), 0.0017960 secs] [Times: user=0.01 sys=0.00, real=0.00 secs] 
2852.865: [GC (Allocation Failure) [PSYoungGen: 51840K->1408K(53760K)] 517543K->467111K(631296K), 0.0049665 secs] [Times: user=0.02 sys=0.00, real=0.00 secs] 
2853.609: [GC (Allocation Failure) [PSYoungGen: 53120K->1376K(53760K)] 518823K->467079K(631296K), 0.0029487 secs] [Times: user=0.02 sys=0.00, real=0.00 secs] 
2854.375: [GC (Allocation Failure) [PSYoungGen: 53088K->1376K(53248K)] 518791K->467079K(630784K), 0.0047894 secs] [Times: user=0.02 sys=0.00, real=0.00 secs] 
2855.285: [GC (Allocation Failure) [PSYoungGen: 52576K->1408K(53760K)] 518279K->467111K(631296K), 0.0034530 secs] [Times: user=0.02 sys=0.00, real=0.00 secs] 
2856.092: [GC (Allocation Failure) [PSYoungGen: 52608K->1376K(53760K)] 518311K->467079K(631296K), 0.0053098 secs] [Times: user=0.02 sys=0.00, real=0.01 secs] 
2857.629: [GC (Allocation Failure) [PSYoungGen: 52576K->1440K(53760K)] 518279K->467143K(631296K), 0.0021354 secs] [Times: user=0.01 sys=0.00, real=0.00 secs] 
2858.478: [GC (Allocation Failure) [PSYoungGen: 52640K->1376K(53760K)] 518343K->467079K(631296K), 0.0029715 secs] [Times: user=0.01 sys=0.00, real=0.00 secs] 
2859.186: [GC (Allocation Failure) [PSYoungGen: 52576K->1408K(53760K)] 518279K->467111K(631296K), 0.0026634 secs] [Times: user=0.02 sys=0.00, real=0.00 secs] 
2859.986: [GC (Allocation Failure) [PSYoungGen: 52608K->1408K(52736K)] 518311K->467111K(630272K), 0.0035893 secs] [Times: user=0.02 sys=0.00, real=0.00 secs] 
2860.639: [GC (Allocation Failure) [PSYoungGen: 52608K->1376K(53248K)] 518311K->467079K(630784K), 0.0035022 secs] [Times: user=0.02 sys=0.00, real=0.00 secs] 
2861.738: [GC (Allocation Failure) [PSYoungGen: 52576K->128K(52736K)] 518279K->465831K(630272K), 0.0015658 secs] [Times: user=0.00 sys=0.00, real=0.00 secs] 
2862.512: [GC (Allocation Failure) [PSYoungGen: 50816K->1376K(53248K)] 516519K->467079K(630784K), 0.0021936 secs] [Times: user=0.00 sys=0.00, real=0.01 secs] 
2862.992: [GC (Allocation Failure) [PSYoungGen: 52064K->1376K(53248K)] 517767K->467079K(630784K), 0.0023661 secs] [Times: user=0.01 sys=0.00, real=0.01 secs] 
2863.465: [GC (Allocation Failure) [PSYoungGen: 52064K->1408K(53248K)] 517767K->467111K(630784K), 0.0046560 secs] [Times: user=0.02 sys=0.00, real=0.00 secs] 
2863.767: [GC (Allocation Failure) [PSYoungGen: 52096K->1344K(53248K)] 517799K->467047K(630784K), 0.0025850 secs] [Times: user=0.02 sys=0.00, real=0.00 secs] 
2863.981: [GC (Allocation Failure) [PSYoungGen: 52032K->1376K(52224K)] 517735K->467087K(629760K), 0.0024098 secs] [Times: user=0.01 sys=0.00, real=0.00 secs] 
2865.023: [GC (Allocation Failure) [PSYoungGen: 52064K->1408K(52736K)] 517775K->467119K(630272K), 0.0017818 secs] [Times: user=0.00 sys=0.00, real=0.01 secs] 
2865.537: [GC (Allocation Failure) [PSYoungGen: 52096K->1376K(52736K)] 517807K->467087K(630272K), 0.0034656 secs] [Times: user=0.02 sys=0.00, real=0.00 secs] 
2866.023: [GC (Allocation Failure) [PSYoungGen: 52064K->1360K(52736K)] 517775K->467071K(630272K), 0.0031432 secs] [Times: user=0.01 sys=0.00, real=0.01 secs] 
2866.289: [GC (Allocation Failure) [PSYoungGen: 52048K->1344K(52736K)] 517759K->467055K(630272K), 0.0048809 secs] [Times: user=0.02 sys=0.00, real=0.00 secs] 
2866.513: [GC (Allocation Failure) [PSYoungGen: 52032K->1376K(52736K)] 517743K->467087K(630272K), 0.0020821 secs] [Times: user=0.01 sys=0.00, real=0.01 secs] 
2866.723: [GC (Allocation Failure) [PSYoungGen: 52064K->1376K(52736K)] 517775K->467087K(630272K), 0.0021447 secs] [Times: user=0.01 sys=0.00, real=0.01 secs] 
2867.881: [GC (Allocation Failure) [PSYoungGen: 52064K->1360K(52736K)] 517775K->467071K(630272K), 0.0028420 secs] [Times: user=0.01 sys=0.00, real=0.00 secs] 
2868.312: [GC (Allocation Failure) [PSYoungGen: 52048K->1376K(52736K)] 517759K->467087K(630272K), 0.0026882 secs] [Times: user=0.01 sys=0.00, real=0.01 secs] 
2868.770: [GC (Allocation Failure) [PSYoungGen: 52064K->1376K(52736K)] 517775K->467087K(630272K), 0.0031302 secs] [Times: user=0.01 sys=0.00, real=0.00 secs] 
2869.064: [GC (Allocation Failure) [PSYoungGen: 52064K->1376K(52736K)] 517775K->467087K(630272K), 0.0021970 secs] [Times: user=0.01 sys=0.00, real=0.00 secs] 
2869.369: [GC (Allocation Failure) [PSYoungGen: 52064K->1344K(52736K)] 517775K->467055K(630272K), 0.0022928 secs] [Times: user=0.01 sys=0.00, real=0.00 secs] 
2870.340: [GC (Allocation Failure) [PSYoungGen: 52032K->1408K(52736K)] 517743K->467135K(630272K), 0.0022139 secs] [Times: user=0.01 sys=0.00, real=0.00 secs] 
2870.839: [GC (Allocation Failure) [PSYoungGen: 52096K->1344K(52736K)] 517823K->467071K(630272K), 0.0022439 secs] [Times: user=0.01 sys=0.00, real=0.00 secs] 
2871.282: [GC (Allocation Failure) [PSYoungGen: 52032K->1376K(52736K)] 517759K->467103K(630272K), 0.0022621 secs] [Times: user=0.01 sys=0.00, real=0.01 secs] 
2871.494: [GC (Allocation Failure) [PSYoungGen: 52064K->1344K(52736K)] 517791K->467071K(630272K), 0.0021927 secs] [Times: user=0.01 sys=0.00, real=0.00 secs] 
2871.706: [GC (Allocation Failure) [PSYoungGen: 52032K->1376K(52736K)] 517759K->467111K(630272K), 0.0022747 secs] [Times: user=0.01 sys=0.00, real=0.00 secs] 
2871.917: [GC (Allocation Failure) [PSYoungGen: 52064K->1376K(52736K)] 517799K->467111K(630272K), 0.0021364 secs] [Times: user=0.01 sys=0.00, real=0.00 secs] 
2872.990: [GC (Allocation Failure) [PSYoungGen: 52064K->1408K(52736K)] 517799K->467143K(630272K), 0.0022052 secs] [Times: user=0.01 sys=0.00, real=0.00 secs] 
2873.578: [GC (Allocation Failure) [PSYoungGen: 52096K->1376K(52736K)] 517831K->467111K(630272K), 0.0039912 secs] [Times: user=0.01 sys=0.00, real=0.00 secs] 
2874.112: [GC (Allocation Failure) [PSYoungGen: 52064K->1376K(52736K)] 517799K->467111K(630272K), 0.0035369 secs] [Times: user=0.02 sys=0.00, real=0.01 secs] 
2874.685: [GC (Allocation Failure) [PSYoungGen: 52064K->1344K(52736K)] 517799K->467079K(630272K), 0.0035566 secs] [Times: user=0.01 sys=0.00, real=0.00 secs] 
2875.036: [GC (Allocation Failure) [PSYoungGen: 52032K->1376K(52224K)] 517767K->467111K(629760K), 0.0028207 secs] [Times: user=0.01 sys=0.00, real=0.00 secs] 
2876.090: [GC (Allocation Failure) [PSYoungGen: 52064K->928K(51712K)] 517799K->467687K(629248K), 0.0020123 secs] [Times: user=0.01 sys=0.00, real=0.00 secs] 
2876.594: [GC (Allocation Failure) [PSYoungGen: 51104K->320K(52224K)] 517863K->467079K(629760K), 0.0021908 secs] [Times: user=0.01 sys=0.00, real=0.00 secs] 
2877.119: [GC (Allocation Failure) [PSYoungGen: 50496K->352K(52224K)] 517255K->467111K(629760K), 0.0022629 secs] [Times: user=0.01 sys=0.00, real=0.00 secs] 
2877.662: [GC (Allocation Failure) [PSYoungGen: 50528K->320K(52224K)] 517287K->467079K(629760K), 0.0034855 secs] [Times: user=0.02 sys=0.00, real=0.01 secs] 
2878.201: [GC (Allocation Failure) [PSYoungGen: 50496K->384K(52224K)] 517255K->467143K(629760K), 0.0034553 secs] [Times: user=0.02 sys=0.00, real=0.01 secs] 
2878.573: [GC (Allocation Failure) [PSYoungGen: 50560K->320K(52224K)] 517319K->467079K(629760K), 0.0025393 secs] [Times: user=0.01 sys=0.00, real=0.01 secs] 
2879.525: [GC (Allocation Failure) [PSYoungGen: 50496K->1408K(52224K)] 517255K->468167K(629760K), 0.0020221 secs] [Times: user=0.01 sys=0.00, real=0.00 secs] 
2879.734: [GC (Allocation Failure) [PSYoungGen: 51584K->1376K(52224K)] 518343K->468135K(629760K), 0.0020048 secs] [Times: user=0.01 sys=0.00, real=0.01 secs] 
2879.943: [GC (Allocation Failure) [PSYoungGen: 51552K->1376K(52736K)] 518311K->468135K(630272K), 0.0019423 secs] [Times: user=0.01 sys=0.00, real=0.01 secs] 
2880.151: [GC (Allocation Failure) [PSYoungGen: 51552K->1408K(52736K)] 518311K->468167K(630272K), 0.0019787 secs] [Times: user=0.01 sys=0.00, real=0.00 secs] 
2880.360: [GC (Allocation Failure) [PSYoungGen: 51584K->1376K(52736K)] 518343K->468151K(630272K), 0.0019918 secs] [Times: user=0.01 sys=0.00, real=0.00 secs] 
2880.568: [GC (Allocation Failure) [PSYoungGen: 51552K->1344K(52736K)] 518327K->468119K(630272K), 0.0020512 secs] [Times: user=0.01 sys=0.00, real=0.00 secs] 
2881.794: [GC (Allocation Failure) [PSYoungGen: 51520K->1408K(52736K)] 518295K->468183K(630272K), 0.0026816 secs] [Times: user=0.01 sys=0.00, real=0.01 secs] 
2882.299: [GC (Allocation Failure) [PSYoungGen: 51584K->1376K(52736K)] 518359K->468151K(630272K), 0.0028718 secs] [Times: user=0.01 sys=0.00, real=0.00 secs] 
2882.803: [GC (Allocation Failure) [PSYoungGen: 51552K->1376K(52736K)] 518327K->468151K(630272K), 0.0029796 secs] [Times: user=0.02 sys=0.00, real=0.01 secs] 
2883.246: [GC (Allocation Failure) [PSYoungGen: 51552K->1376K(52736K)] 518327K->468151K(630272K), 0.0028857 secs] [Times: user=0.01 sys=0.00, real=0.00 secs] 
2883.745: [GC (Allocation Failure) [PSYoungGen: 51552K->1376K(51712K)] 518327K->468151K(629248K), 0.0030004 secs] [Times: user=0.01 sys=0.00, real=0.00 secs] 
2885.145: [GC (Allocation Failure) [PSYoungGen: 51552K->1440K(52224K)] 518327K->468215K(629760K), 0.0023260 secs] [Times: user=0.02 sys=0.00, real=0.00 secs] 
2885.961: [GC (Allocation Failure) [PSYoungGen: 51616K->1360K(52224K)] 518391K->468135K(629760K), 0.0045966 secs] [Times: user=0.02 sys=0.00, real=0.01 secs] 
2886.553: [GC (Allocation Failure) [PSYoungGen: 51536K->1376K(52224K)] 518311K->468151K(629760K), 0.0040559 secs] [Times: user=0.02 sys=0.00, real=0.01 secs] 
2887.293: [GC (Allocation Failure) [PSYoungGen: 51552K->1408K(52224K)] 518327K->468183K(629760K), 0.0034400 secs] [Times: user=0.01 sys=0.00, real=0.01 secs] 
2887.880: [GC (Allocation Failure) [PSYoungGen: 51584K->1408K(52224K)] 518359K->468183K(629760K), 0.0029819 secs] [Times: user=0.01 sys=0.00, real=0.00 secs] 
2888.340: [GC (Allocation Failure) [PSYoungGen: 51584K->1376K(52224K)] 518359K->468151K(629760K), 0.0025385 secs] [Times: user=0.02 sys=0.00, real=0.00 secs] 
2889.265: [GC (Allocation Failure) [PSYoungGen: 51552K->1392K(52224K)] 518327K->468167K(629760K), 0.0021001 secs] [Times: user=0.01 sys=0.00, real=0.00 secs] 
2889.480: [GC (Allocation Failure) [PSYoungGen: 51568K->1408K(52224K)] 518343K->468183K(629760K), 0.0019057 secs] [Times: user=0.01 sys=0.00, real=0.00 secs] 
2889.689: [GC (Allocation Failure) [PSYoungGen: 51584K->1376K(52224K)] 518359K->468151K(629760K), 0.0019985 secs] [Times: user=0.01 sys=0.00, real=0.00 secs] 
2889.897: [GC (Allocation Failure) [PSYoungGen: 51552K->1344K(52224K)] 518327K->468119K(629760K), 0.0020262 secs] [Times: user=0.00 sys=0.00, real=0.00 secs] 
2890.106: [GC (Allocation Failure) [PSYoungGen: 51520K->1376K(52224K)] 518295K->468159K(629760K), 0.0019458 secs] [Times: user=0.01 sys=0.00, real=0.00 secs] 
2890.916: [GC (Allocation Failure) [PSYoungGen: 51552K->160K(52224K)] 518335K->466943K(629760K), 0.0016558 secs] [Times: user=0.01 sys=0.00, real=0.00 secs] 
2891.813: [GC (Allocation Failure) [PSYoungGen: 50336K->1376K(52224K)] 517119K->468167K(629760K), 0.0045195 secs] [Times: user=0.02 sys=0.00, real=0.01 secs] 
2892.435: [GC (Allocation Failure) [PSYoungGen: 51552K->1376K(52224K)] 518343K->468167K(629760K), 0.0040838 secs] [Times: user=0.02 sys=0.00, real=0.00 secs] 
2892.868: [GC (Allocation Failure) [PSYoungGen: 51552K->1376K(52224K)] 518343K->468167K(629760K), 0.0036739 secs] [Times: user=0.02 sys=0.00, real=0.00 secs] 
2893.364: [GC (Allocation Failure) [PSYoungGen: 51552K->1376K(52224K)] 518343K->468167K(629760K), 0.0030038 secs] [Times: user=0.01 sys=0.01, real=0.00 secs] 
2893.790: [GC (Allocation Failure) [PSYoungGen: 51552K->1376K(52224K)] 518343K->468167K(629760K), 0.0028068 secs] [Times: user=0.02 sys=0.00, real=0.00 secs] 
2894.945: [GC (Allocation Failure) [PSYoungGen: 51552K->1408K(52224K)] 518343K->468199K(629760K), 0.0020774 secs] [Times: user=0.01 sys=0.00, real=0.00 secs] 
2895.746: [GC (Allocation Failure) [PSYoungGen: 51584K->1376K(52224K)] 518375K->468167K(629760K), 0.0039837 secs] [Times: user=0.01 sys=0.00, real=0.00 secs] 
2896.554: [GC (Allocation Failure) [PSYoungGen: 51552K->1376K(52224K)] 518343K->468175K(629760K), 0.0039394 secs] [Times: user=0.02 sys=0.00, real=0.01 secs] 
2897.172: [GC (Allocation Failure) [PSYoungGen: 51552K->1392K(52224K)] 518351K->468191K(629760K), 0.0043090 secs] [Times: user=0.02 sys=0.01, real=0.01 secs] 
2897.783: [GC (Allocation Failure) [PSYoungGen: 51568K->1408K(52224K)] 518367K->468215K(629760K), 0.0042373 secs] [Times: user=0.02 sys=0.00, real=0.01 secs] 
2898.346: [GC (Allocation Failure) [PSYoungGen: 51584K->1360K(52224K)] 518391K->468167K(629760K), 0.0040144 secs] [Times: user=0.01 sys=0.00, real=0.00 secs] 
2900.292: [GC (Allocation Failure) [PSYoungGen: 51536K->1440K(52224K)] 518343K->468247K(629760K), 0.0047912 secs] [Times: user=0.02 sys=0.00, real=0.01 secs] 
2901.126: [GC (Allocation Failure) [PSYoungGen: 51616K->1376K(52224K)] 518423K->468183K(629760K), 0.0039951 secs] [Times: user=0.01 sys=0.00, real=0.00 secs] 
2901.767: [GC (Allocation Failure) [PSYoungGen: 51552K->1376K(52224K)] 518359K->468183K(629760K), 0.0032933 secs] [Times: user=0.01 sys=0.00, real=0.00 secs] 
2902.303: [GC (Allocation Failure) [PSYoungGen: 51552K->1376K(52224K)] 518359K->468183K(629760K), 0.0035603 secs] [Times: user=0.01 sys=0.00, real=0.01 secs] 
2902.832: [GC (Allocation Failure) [PSYoungGen: 51552K->1376K(52224K)] 518359K->468183K(629760K), 0.0025940 secs] [Times: user=0.01 sys=0.00, real=0.01 secs] 
2903.974: [GC (Allocation Failure) [PSYoungGen: 51552K->1664K(52224K)] 518359K->468471K(629760K), 0.0017334 secs] [Times: user=0.00 sys=0.00, real=0.01 secs] 
2904.411: [GC (Allocation Failure) [PSYoungGen: 51840K->1392K(52224K)] 518647K->468215K(629760K), 0.0021275 secs] [Times: user=0.01 sys=0.00, real=0.00 secs] 
2904.835: [GC (Allocation Failure) [PSYoungGen: 51568K->1376K(52224K)] 518391K->468199K(629760K), 0.0043706 secs] [Times: user=0.01 sys=0.00, real=0.00 secs] 
2905.291: [GC (Allocation Failure) [PSYoungGen: 51552K->1376K(52224K)] 518375K->468199K(629760K), 0.0044179 secs] [Times: user=0.02 sys=0.00, real=0.01 secs] 
2905.708: [GC (Allocation Failure) [PSYoungGen: 51552K->1376K(52224K)] 518375K->468199K(629760K), 0.0028878 secs] [Times: user=0.02 sys=0.00, real=0.00 secs] 
2906.131: [GC (Allocation Failure) [PSYoungGen: 51552K->1376K(52224K)] 518375K->468199K(629760K), 0.0029687 secs] [Times: user=0.01 sys=0.00, real=0.01 secs] 
2907.799: [GC (Allocation Failure) [PSYoungGen: 51552K->1376K(52224K)] 518375K->468199K(629760K), 0.0043749 secs] [Times: user=0.02 sys=0.00, real=0.00 secs] 
2908.793: [GC (Allocation Failure) [PSYoungGen: 51552K->1344K(52224K)] 518375K->468167K(629760K), 0.0040671 secs] [Times: user=0.01 sys=0.00, real=0.01 secs] 
2909.161: [GC (Allocation Failure) [PSYoungGen: 51520K->1344K(52224K)] 518343K->468167K(629760K), 0.0029245 secs] [Times: user=0.01 sys=0.00, real=0.00 secs] 
2909.360: [GC (Allocation Failure) [PSYoungGen: 51520K->1376K(51712K)] 518343K->468199K(629248K), 0.0023548 secs] [Times: user=0.01 sys=0.01, real=0.00 secs] 
2909.668: [GC (Allocation Failure) [PSYoungGen: 51552K->1376K(51712K)] 518375K->468199K(629248K), 0.0023433 secs] [Times: user=0.01 sys=0.00, real=0.00 secs] 
2910.020: [GC (Allocation Failure) [PSYoungGen: 51552K->352K(51200K)] 518375K->468199K(628736K), 0.0026980 secs] [Times: user=0.02 sys=0.00, real=0.00 secs] 
2911.180: [GC (Allocation Failure) [PSYoungGen: 50528K->1408K(52224K)] 518375K->469263K(629760K), 0.0022073 secs] [Times: user=0.01 sys=0.00, real=0.00 secs] 
2911.630: [GC (Allocation Failure) [PSYoungGen: 51584K->1408K(52224K)] 519439K->469263K(629760K), 0.0024006 secs] [Times: user=0.01 sys=0.00, real=0.00 secs] 
2912.087: [GC (Allocation Failure) [PSYoungGen: 51584K->1440K(52224K)] 519439K->469311K(629760K), 0.0031935 secs] [Times: user=0.01 sys=0.00, real=0.00 secs] 
2912.409: [GC (Allocation Failure) [PSYoungGen: 51616K->1344K(52224K)] 519487K->469215K(629760K), 0.0022821 secs] [Times: user=0.01 sys=0.00, real=0.00 secs] 
2912.618: [GC (Allocation Failure) [PSYoungGen: 51520K->1376K(52224K)] 519391K->469247K(629760K), 0.0022036 secs] [Times: user=0.01 sys=0.00, real=0.00 secs] 
2913.509: [GC (Allocation Failure) [PSYoungGen: 51552K->1472K(52224K)] 519423K->469343K(629760K), 0.0018230 secs] [Times: user=0.01 sys=0.00, real=0.00 secs] 
2913.949: [GC (Allocation Failure) [PSYoungGen: 51648K->1408K(52224K)] 519519K->469279K(629760K), 0.0020329 secs] [Times: user=0.01 sys=0.00, real=0.00 secs] 
2914.341: [GC (Allocation Failure) [PSYoungGen: 51584K->1456K(52224K)] 519455K->469327K(629760K), 0.0018835 secs] [Times: user=0.00 sys=0.00, real=0.00 secs] 
2914.729: [GC (Allocation Failure) [PSYoungGen: 51632K->1408K(52224K)] 519503K->469279K(629760K), 0.0022582 secs] [Times: user=0.01 sys=0.00, real=0.00 secs] 
2915.123: [GC (Allocation Failure) [PSYoungGen: 51584K->1408K(52224K)] 519455K->469287K(629760K), 0.0022661 secs] [Times: user=0.01 sys=0.00, real=0.01 secs] 
2915.509: [GC (Allocation Failure) [PSYoungGen: 51584K->1408K(52224K)] 519463K->469287K(629760K), 0.0021608 secs] [Times: user=0.00 sys=0.00, real=0.00 secs] 
2916.401: [GC (Allocation Failure) [PSYoungGen: 51584K->1376K(52224K)] 519463K->469255K(629760K), 0.0019796 secs] [Times: user=0.00 sys=0.00, real=0.00 secs] 
2916.654: [GC (Allocation Failure) [PSYoungGen: 51552K->1328K(52224K)] 519431K->469207K(629760K), 0.0019994 secs] [Times: user=0.01 sys=0.00, real=0.00 secs] 
2916.863: [GC (Allocation Failure) [PSYoungGen: 51504K->1408K(52224K)] 519383K->469287K(629760K), 0.0037306 secs] [Times: user=0.02 sys=0.00, real=0.01 secs] 
2917.074: [GC (Allocation Failure) [PSYoungGen: 51584K->1408K(52224K)] 519463K->469287K(629760K), 0.0025072 secs] [Times: user=0.01 sys=0.00, real=0.00 secs] 
2917.461: [GC (Allocation Failure) [PSYoungGen: 51584K->1376K(52224K)] 519463K->469271K(629760K), 0.0030826 secs] [Times: user=0.01 sys=0.00, real=0.01 secs] 
2917.805: [GC (Allocation Failure) [PSYoungGen: 51552K->1376K(52224K)] 519447K->469271K(629760K), 0.0032507 secs] [Times: user=0.01 sys=0.00, real=0.00 secs] 
2919.643: [GC (Allocation Failure) [PSYoungGen: 51552K->1376K(51712K)] 519447K->469271K(629248K), 0.0035925 secs] [Times: user=0.01 sys=0.00, real=0.01 secs] 
2920.086: [GC (Allocation Failure) [PSYoungGen: 51552K->1408K(51712K)] 519447K->469303K(629248K), 0.0035782 secs] [Times: user=0.01 sys=0.00, real=0.00 secs] 
2920.513: [GC (Allocation Failure) [PSYoungGen: 51584K->352K(51200K)] 519479K->469287K(628736K), 0.0035239 secs] [Times: user=0.01 sys=0.01, real=0.01 secs] 
2920.942: [GC (Allocation Failure) [PSYoungGen: 50528K->384K(52224K)] 519463K->469319K(629760K), 0.0029733 secs] [Times: user=0.01 sys=0.00, real=0.01 secs] 
2921.232: [GC (Allocation Failure) [PSYoungGen: 50560K->352K(52224K)] 519495K->469287K(629760K), 0.0021483 secs] [Times: user=0.01 sys=0.00, real=0.01 secs] 
2922.198: [GC (Allocation Failure) [PSYoungGen: 50528K->1392K(52224K)] 519463K->470327K(629760K), 0.0021153 secs] [Times: user=0.01 sys=0.00, real=0.00 secs] 
2922.493: [GC (Allocation Failure) [PSYoungGen: 51568K->1440K(52224K)] 520503K->470375K(629760K), 0.0021164 secs] [Times: user=0.01 sys=0.00, real=0.01 secs] 
2922.774: [GC (Allocation Failure) [PSYoungGen: 51616K->1344K(52224K)] 520551K->470279K(629760K), 0.0023869 secs] [Times: user=0.01 sys=0.00, real=0.00 secs] 
2923.130: [GC (Allocation Failure) [PSYoungGen: 51520K->1376K(52224K)] 520455K->470311K(629760K), 0.0036206 secs] [Times: user=0.02 sys=0.00, real=0.00 secs] 
2923.531: [GC (Allocation Failure) [PSYoungGen: 51552K->1296K(52224K)] 520487K->470231K(629760K), 0.0029291 secs] [Times: user=0.02 sys=0.00, real=0.01 secs] 
2923.932: [GC (Allocation Failure) [PSYoungGen: 51472K->1408K(52224K)] 520407K->470343K(629760K), 0.0033044 secs] [Times: user=0.01 sys=0.00, real=0.01 secs] 
2924.959: [GC (Allocation Failure) [PSYoungGen: 51584K->1376K(52224K)] 520519K->470311K(629760K), 0.0019737 secs] [Times: user=0.01 sys=0.00, real=0.00 secs] 
2925.168: [GC (Allocation Failure) [PSYoungGen: 51552K->1344K(52224K)] 520487K->470279K(629760K), 0.0017754 secs] [Times: user=0.01 sys=0.00, real=0.00 secs] 
2925.377: [GC (Allocation Failure) [PSYoungGen: 51520K->1376K(52224K)] 520455K->470311K(629760K), 0.0017531 secs] [Times: user=0.01 sys=0.00, real=0.00 secs] 
2925.598: [GC (Allocation Failure) [PSYoungGen: 51552K->1344K(52224K)] 520487K->470279K(629760K), 0.0019341 secs] [Times: user=0.01 sys=0.00, real=0.00 secs] 
2925.834: [GC (Allocation Failure) [PSYoungGen: 51520K->1312K(52224K)] 520455K->470247K(629760K), 0.0019339 secs] [Times: user=0.00 sys=0.00, real=0.01 secs] 
2926.859: [GC (Allocation Failure) [PSYoungGen: 51488K->1504K(52224K)] 520423K->470439K(629760K), 0.0022654 secs] [Times: user=0.01 sys=0.00, real=0.00 secs] 
2927.961: [GC (Allocation Failure) [PSYoungGen: 51680K->1344K(52224K)] 520615K->470279K(629760K), 0.0046453 secs] [Times: user=0.02 sys=0.00, real=0.01 secs] 
2929.028: [GC (Allocation Failure) [PSYoungGen: 51520K->1344K(52224K)] 520455K->470279K(629760K), 0.0045661 secs] [Times: user=0.02 sys=0.00, real=0.00 secs] 
2929.575: [GC (Allocation Failure) [PSYoungGen: 51520K->1328K(52224K)] 520455K->470263K(629760K), 0.0029179 secs] [Times: user=0.01 sys=0.00, real=0.00 secs] 
2929.964: [GC (Allocation Failure) [PSYoungGen: 51504K->1344K(52224K)] 520439K->470279K(629760K), 0.0044551 secs] [Times: user=0.02 sys=0.00, real=0.00 secs] 
2930.430: [GC (Allocation Failure) [PSYoungGen: 51520K->1376K(52224K)] 520455K->470311K(629760K), 0.0030420 secs] [Times: user=0.01 sys=0.00, real=0.00 secs] 
2931.569: [GC (Allocation Failure) [PSYoungGen: 51552K->1376K(52224K)] 520487K->470327K(629760K), 0.0023065 secs] [Times: user=0.01 sys=0.00, real=0.00 secs] 
2931.807: [GC (Allocation Failure) [PSYoungGen: 51552K->1376K(52224K)] 520503K->470327K(629760K), 0.0027600 secs] [Times: user=0.01 sys=0.00, real=0.00 secs] 
2932.058: [GC (Allocation Failure) [PSYoungGen: 51552K->1376K(52224K)] 520503K->470327K(629760K), 0.0022337 secs] [Times: user=0.01 sys=0.00, real=0.00 secs] 
2932.267: [GC (Allocation Failure) [PSYoungGen: 51552K->1344K(52224K)] 520503K->470295K(629760K), 0.0024059 secs] [Times: user=0.01 sys=0.01, real=0.00 secs] 
2932.526: [GC (Allocation Failure) [PSYoungGen: 51520K->1392K(52224K)] 520471K->470343K(629760K), 0.0019493 secs] [Times: user=0.00 sys=0.00, real=0.00 secs] 
2932.763: [GC (Allocation Failure) [PSYoungGen: 51568K->1376K(52224K)] 520519K->470327K(629760K), 0.0020605 secs] [Times: user=0.01 sys=0.00, real=0.01 secs] 
2933.794: [GC (Allocation Failure) [PSYoungGen: 51552K->1440K(52224K)] 520503K->470391K(629760K), 0.0021156 secs] [Times: user=0.01 sys=0.00, real=0.00 secs] 
2934.056: [GC (Allocation Failure) [PSYoungGen: 51616K->1344K(52224K)] 520567K->470295K(629760K), 0.0024190 secs] [Times: user=0.01 sys=0.00, real=0.00 secs] 
2934.265: [GC (Allocation Failure) [PSYoungGen: 51520K->1376K(52224K)] 520471K->470327K(629760K), 0.0022899 secs] [Times: user=0.01 sys=0.00, real=0.00 secs] 
2934.474: [GC (Allocation Failure) [PSYoungGen: 51552K->1344K(52224K)] 520503K->470295K(629760K), 0.0022228 secs] [Times: user=0.01 sys=0.00, real=0.00 secs] 
2934.683: [GC (Allocation Failure) [PSYoungGen: 51520K->1376K(51712K)] 520471K->470327K(629248K), 0.0021556 secs] [Times: user=0.01 sys=0.00, real=0.01 secs] 
2935.644: [GC (Allocation Failure) [PSYoungGen: 51552K->896K(51712K)] 520503K->470871K(629248K), 0.0018851 secs] [Times: user=0.01 sys=0.00, real=0.00 secs] 
2936.317: [GC (Allocation Failure) [PSYoungGen: 51072K->320K(52224K)] 521047K->470295K(629760K), 0.0045377 secs] [Times: user=0.02 sys=0.00, real=0.00 secs] 
2936.787: [GC (Allocation Failure) [PSYoungGen: 50496K->352K(52224K)] 520471K->470327K(629760K), 0.0032579 secs] [Times: user=0.01 sys=0.00, real=0.00 secs] 
2937.204: [GC (Allocation Failure) [PSYoungGen: 50528K->288K(52224K)] 520503K->470263K(629760K), 0.0030916 secs] [Times: user=0.02 sys=0.00, real=0.00 secs] 
2937.590: [GC (Allocation Failure) [PSYoungGen: 50464K->320K(52224K)] 520439K->470303K(629760K), 0.0029331 secs] [Times: user=0.01 sys=0.00, real=0.00 secs] 
2937.832: [GC (Allocation Failure) [PSYoungGen: 50496K->336K(52224K)] 520479K->470319K(629760K), 0.0021294 secs] [Times: user=0.01 sys=0.00, real=0.01 secs] 
2938.793: [GC (Allocation Failure) [PSYoungGen: 50512K->1376K(52224K)] 520495K->471359K(629760K), 0.0021410 secs] [Times: user=0.01 sys=0.00, real=0.01 secs] 
2939.297: [GC (Allocation Failure) [PSYoungGen: 51552K->1376K(51712K)] 521535K->471359K(629248K), 0.0023320 secs] [Times: user=0.01 sys=0.00, real=0.00 secs] 
2940.003: [GC (Allocation Failure) [PSYoungGen: 51040K->1344K(52224K)] 521023K->471327K(629760K), 0.0027498 secs] [Times: user=0.01 sys=0.00, real=0.01 secs] 
2940.411: [GC (Allocation Failure) [PSYoungGen: 51008K->1376K(52224K)] 520991K->471367K(629760K), 0.0032429 secs] [Times: user=0.01 sys=0.00, real=0.01 secs] 
2940.871: [GC (Allocation Failure) [PSYoungGen: 51040K->1440K(52224K)] 521031K->471431K(629760K), 0.0028875 secs] [Times: user=0.02 sys=0.00, real=0.01 secs] 
2941.311: [GC (Allocation Failure) [PSYoungGen: 51104K->1376K(52224K)] 521095K->471367K(629760K), 0.0029787 secs] [Times: user=0.01 sys=0.01, real=0.01 secs] 
2942.711: [GC (Allocation Failure) [PSYoungGen: 51040K->1392K(52224K)] 521031K->471383K(629760K), 0.0031636 secs] [Times: user=0.01 sys=0.00, real=0.01 secs] 
2943.585: [GC (Allocation Failure) [PSYoungGen: 51056K->1408K(52224K)] 521047K->471399K(629760K), 0.0029041 secs] [Times: user=0.01 sys=0.00, real=0.00 secs] 
2944.440: [GC (Allocation Failure) [PSYoungGen: 51072K->1408K(52224K)] 521063K->471399K(629760K), 0.0033426 secs] [Times: user=0.01 sys=0.00, real=0.00 secs] 
2944.808: [GC (Allocation Failure) [PSYoungGen: 51072K->1360K(52224K)] 521063K->471351K(629760K), 0.0032081 secs] [Times: user=0.01 sys=0.00, real=0.00 secs] 
2945.278: [GC (Allocation Failure) [PSYoungGen: 51024K->1408K(52224K)] 521015K->471399K(629760K), 0.0036436 secs] [Times: user=0.01 sys=0.00, real=0.00 secs] 
2946.532: [GC (Allocation Failure) [PSYoungGen: 51072K->1952K(52224K)] 521063K->471943K(629760K), 0.0021188 secs] [Times: user=0.01 sys=0.00, real=0.01 secs] 
2946.818: [GC (Allocation Failure) [PSYoungGen: 51616K->1344K(52224K)] 521607K->471335K(629760K), 0.0021199 secs] [Times: user=0.01 sys=0.00, real=0.00 secs] 
2947.025: [GC (Allocation Failure) [PSYoungGen: 51008K->1312K(52224K)] 520999K->471303K(629760K), 0.0024295 secs] [Times: user=0.01 sys=0.00, real=0.00 secs] 
2947.263: [GC (Allocation Failure) [PSYoungGen: 50976K->1344K(51200K)] 520967K->471335K(628736K), 0.0022646 secs] [Times: user=0.01 sys=0.00, real=0.01 secs] 
2947.470: [GC (Allocation Failure) [PSYoungGen: 51008K->1376K(51712K)] 520999K->471367K(629248K), 0.0021406 secs] [Times: user=0.01 sys=0.00, real=0.00 secs] 
2947.676: [GC (Allocation Failure) [PSYoungGen: 51040K->1376K(51712K)] 521031K->471367K(629248K), 0.0022339 secs] [Times: user=0.01 sys=0.00, real=0.00 secs] 
2948.639: [GC (Allocation Failure) [PSYoungGen: 51040K->1376K(51712K)] 521031K->471367K(629248K), 0.0017928 secs] [Times: user=0.00 sys=0.00, real=0.00 secs] 
2949.054: [GC (Allocation Failure) [PSYoungGen: 51040K->1376K(51712K)] 521031K->471367K(629248K), 0.0020106 secs] [Times: user=0.01 sys=0.00, real=0.00 secs] 
2949.458: [GC (Allocation Failure) [PSYoungGen: 51040K->1408K(51712K)] 521031K->471399K(629248K), 0.0031924 secs] [Times: user=0.02 sys=0.00, real=0.00 secs] 
2949.955: [GC (Allocation Failure) [PSYoungGen: 51072K->1376K(51712K)] 521063K->471367K(629248K), 0.0034435 secs] [Times: user=0.01 sys=0.01, real=0.00 secs] 
2950.320: [GC (Allocation Failure) [PSYoungGen: 51040K->1376K(51712K)] 521031K->471383K(629248K), 0.0029545 secs] [Times: user=0.01 sys=0.00, real=0.00 secs] 
2950.724: [GC (Allocation Failure) [PSYoungGen: 51040K->1328K(51712K)] 521047K->471335K(629248K), 0.0025599 secs] [Times: user=0.01 sys=0.00, real=0.00 secs] 
2951.954: [GC (Allocation Failure) [PSYoungGen: 50992K->1376K(51712K)] 520999K->471383K(629248K), 0.0021336 secs] [Times: user=0.01 sys=0.00, real=0.00 secs] 
2952.368: [GC (Allocation Failure) [PSYoungGen: 51040K->1376K(51712K)] 521047K->471383K(629248K), 0.0033715 secs] [Times: user=0.02 sys=0.00, real=0.00 secs] 
2952.590: [GC (Allocation Failure) [PSYoungGen: 51040K->1376K(51712K)] 521047K->471383K(629248K), 0.0031802 secs] [Times: user=0.01 sys=0.00, real=0.00 secs] 
2952.801: [GC (Allocation Failure) [PSYoungGen: 51040K->1344K(51712K)] 521047K->471351K(629248K), 0.0022930 secs] [Times: user=0.01 sys=0.00, real=0.00 secs] 
2953.008: [GC (Allocation Failure) [PSYoungGen: 51008K->1376K(51712K)] 521015K->471383K(629248K), 0.0020376 secs] [Times: user=0.01 sys=0.00, real=0.00 secs] 
2953.993: [GC (Allocation Failure) [PSYoungGen: 50553K->1904K(51712K)] 520561K->471911K(629248K), 0.0024728 secs] [Times: user=0.01 sys=0.00, real=0.01 secs] 
2954.848: [GC (Allocation Failure) [PSYoungGen: 51568K->1344K(51712K)] 521575K->471351K(629248K), 0.0040299 secs] [Times: user=0.01 sys=0.00, real=0.00 secs] 
2955.286: [GC (Allocation Failure) [PSYoungGen: 51008K->1376K(51712K)] 521015K->471383K(629248K), 0.0035535 secs] [Times: user=0.02 sys=0.00, real=0.00 secs] 
2955.715: [GC (Allocation Failure) [PSYoungGen: 51040K->1344K(51712K)] 521047K->471351K(629248K), 0.0026889 secs] [Times: user=0.01 sys=0.00, real=0.00 secs] 
2956.041: [GC (Allocation Failure) [PSYoungGen: 51008K->1376K(51712K)] 521015K->471391K(629248K), 0.0026578 secs] [Times: user=0.01 sys=0.00, real=0.00 secs] 
2956.520: [GC (Allocation Failure) [PSYoungGen: 51040K->1376K(51712K)] 521055K->471391K(629248K), 0.0025672 secs] [Times: user=0.01 sys=0.00, real=0.00 secs] 
2957.608: [GC (Allocation Failure) [PSYoungGen: 51040K->1408K(51712K)] 521055K->471423K(629248K), 0.0019379 secs] [Times: user=0.01 sys=0.00, real=0.00 secs] 
2958.063: [GC (Allocation Failure) [PSYoungGen: 51072K->1376K(51712K)] 521087K->471391K(629248K), 0.0021126 secs] [Times: user=0.01 sys=0.00, real=0.01 secs] 
2958.304: [GC (Allocation Failure) [PSYoungGen: 51040K->1376K(51712K)] 521055K->471391K(629248K), 0.0026230 secs] [Times: user=0.01 sys=0.00, real=0.00 secs] 
2958.607: [GC (Allocation Failure) [PSYoungGen: 51040K->1376K(51712K)] 521055K->471391K(629248K), 0.0030616 secs] [Times: user=0.02 sys=0.00, real=0.00 secs] 
2959.066: [GC (Allocation Failure) [PSYoungGen: 51040K->1328K(51712K)] 521055K->471343K(629248K), 0.0027741 secs] [Times: user=0.01 sys=0.00, real=0.00 secs] 
2959.590: [GC (Allocation Failure) [PSYoungGen: 50992K->1376K(51712K)] 521007K->471391K(629248K), 0.0025605 secs] [Times: user=0.01 sys=0.00, real=0.00 secs] 
2961.206: [GC (Allocation Failure) [PSYoungGen: 51040K->1408K(51712K)] 521055K->471439K(629248K), 0.0035261 secs] [Times: user=0.02 sys=0.00, real=0.00 secs] 
2962.037: [GC (Allocation Failure) [PSYoungGen: 51072K->1392K(51200K)] 521103K->471423K(628736K), 0.0031798 secs] [Times: user=0.02 sys=0.00, real=0.00 secs] 
2962.493: [GC (Allocation Failure) [PSYoungGen: 51056K->1376K(51200K)] 521087K->471407K(628736K), 0.0032979 secs] [Times: user=0.02 sys=0.00, real=0.01 secs] 
2963.070: [GC (Allocation Failure) [PSYoungGen: 51040K->352K(50688K)] 521071K->471407K(628224K), 0.0033377 secs] [Times: user=0.01 sys=0.00, real=0.00 secs] 
2963.577: [GC (Allocation Failure) [PSYoungGen: 50016K->352K(51712K)] 521071K->471407K(629248K), 0.0048739 secs] [Times: user=0.02 sys=0.00, real=0.00 secs] 
2964.775: [GC (Allocation Failure) [PSYoungGen: 50016K->1376K(51712K)] 521071K->472431K(629248K), 0.0015526 secs] [Times: user=0.01 sys=0.00, real=0.00 secs] 
2965.367: [GC (Allocation Failure) [PSYoungGen: 51040K->1344K(51712K)] 522095K->472399K(629248K), 0.0035258 secs] [Times: user=0.01 sys=0.00, real=0.00 secs] 
2965.784: [GC (Allocation Failure) [PSYoungGen: 51008K->1408K(51712K)] 522063K->472463K(629248K), 0.0032673 secs] [Times: user=0.01 sys=0.00, real=0.00 secs] 
2966.109: [GC (Allocation Failure) [PSYoungGen: 51072K->1408K(51712K)] 522127K->472463K(629248K), 0.0025505 secs] [Times: user=0.01 sys=0.00, real=0.00 secs] 
2966.514: [GC (Allocation Failure) [PSYoungGen: 51072K->1376K(51712K)] 522127K->472439K(629248K), 0.0026288 secs] [Times: user=0.01 sys=0.00, real=0.00 secs] 
2966.834: [GC (Allocation Failure) [PSYoungGen: 51040K->1344K(51712K)] 522103K->472407K(629248K), 0.0025102 secs] [Times: user=0.01 sys=0.00, real=0.00 secs] 
2967.878: [GC (Allocation Failure) [PSYoungGen: 51008K->1408K(51712K)] 522071K->472471K(629248K), 0.0019603 secs] [Times: user=0.01 sys=0.00, real=0.00 secs] 
2968.390: [GC (Allocation Failure) [PSYoungGen: 51072K->1376K(51712K)] 522135K->472439K(629248K), 0.0031966 secs] [Times: user=0.01 sys=0.00, real=0.00 secs] 
2968.832: [GC (Allocation Failure) [PSYoungGen: 51040K->1344K(51712K)] 522103K->472407K(629248K), 0.0038351 secs] [Times: user=0.02 sys=0.00, real=0.01 secs] 
2969.260: [GC (Allocation Failure) [PSYoungGen: 51008K->1376K(51712K)] 522071K->472439K(629248K), 0.0028325 secs] [Times: user=0.01 sys=0.00, real=0.00 secs] 
2969.609: [GC (Allocation Failure) [PSYoungGen: 51040K->1376K(51712K)] 522103K->472439K(629248K), 0.0024385 secs] [Times: user=0.01 sys=0.00, real=0.00 secs] 
2969.921: [GC (Allocation Failure) [PSYoungGen: 51040K->1344K(51712K)] 522103K->472407K(629248K), 0.0024361 secs] [Times: user=0.01 sys=0.00, real=0.01 secs] 
2971.053: [GC (Allocation Failure) [PSYoungGen: 51008K->1408K(51712K)] 522071K->472471K(629248K), 0.0021182 secs] [Times: user=0.01 sys=0.00, real=0.01 secs] 
2971.517: [GC (Allocation Failure) [PSYoungGen: 51072K->1376K(51712K)] 522135K->472463K(629248K), 0.0035209 secs] [Times: user=0.02 sys=0.00, real=0.00 secs] 
2971.766: [GC (Allocation Failure) [PSYoungGen: 51040K->1408K(51712K)] 522127K->472495K(629248K), 0.0020731 secs] [Times: user=0.01 sys=0.00, real=0.00 secs] 
2971.969: [GC (Allocation Failure) [PSYoungGen: 51072K->1344K(51712K)] 522159K->472431K(629248K), 0.0021364 secs] [Times: user=0.01 sys=0.00, real=0.00 secs] 
2972.176: [GC (Allocation Failure) [PSYoungGen: 51008K->1344K(51712K)] 522095K->472431K(629248K), 0.0019332 secs] [Times: user=0.01 sys=0.00, real=0.00 secs] 
2972.417: [GC (Allocation Failure) [PSYoungGen: 51003K->224K(51712K)] 522091K->471311K(629248K), 0.0020339 secs] [Times: user=0.01 sys=0.00, real=0.00 secs] 
2973.549: [GC (Allocation Failure) [PSYoungGen: 49888K->1408K(51712K)] 520975K->472495K(629248K), 0.0021882 secs] [Times: user=0.01 sys=0.00, real=0.00 secs] 
2974.074: [GC (Allocation Failure) [PSYoungGen: 51072K->1360K(51712K)] 522159K->472447K(629248K), 0.0025958 secs] [Times: user=0.01 sys=0.00, real=0.00 secs] 
2974.591: [GC (Allocation Failure) [PSYoungGen: 51024K->1408K(51712K)] 522111K->472495K(629248K), 0.0025400 secs] [Times: user=0.01 sys=0.00, real=0.00 secs] 
2975.131: [GC (Allocation Failure) [PSYoungGen: 51072K->1376K(51712K)] 522159K->472471K(629248K), 0.0029741 secs] [Times: user=0.02 sys=0.00, real=0.01 secs] 
2975.663: [GC (Allocation Failure) [PSYoungGen: 51040K->1376K(51712K)] 522135K->472471K(629248K), 0.0030697 secs] [Times: user=0.01 sys=0.00, real=0.01 secs] 
2976.714: [GC (Allocation Failure) [PSYoungGen: 51040K->1408K(51712K)] 522135K->472503K(629248K), 0.0019456 secs] [Times: user=0.00 sys=0.00, real=0.00 secs] 
2977.182: [GC (Allocation Failure) [PSYoungGen: 51072K->1376K(51712K)] 522167K->472471K(629248K), 0.0017632 secs] [Times: user=0.01 sys=0.00, real=0.01 secs] 
2977.751: [GC (Allocation Failure) [PSYoungGen: 51040K->1344K(51712K)] 522135K->472439K(629248K), 0.0047314 secs] [Times: user=0.02 sys=0.00, real=0.01 secs] 
2978.238: [GC (Allocation Failure) [PSYoungGen: 51008K->1376K(51712K)] 522103K->472471K(629248K), 0.0028872 secs] [Times: user=0.01 sys=0.00, real=0.00 secs] 
2978.695: [GC (Allocation Failure) [PSYoungGen: 51040K->1344K(51712K)] 522135K->472439K(629248K), 0.0025803 secs] [Times: user=0.02 sys=0.00, real=0.00 secs] 
2979.137: [GC (Allocation Failure) [PSYoungGen: 51008K->1376K(51712K)] 522103K->472471K(629248K), 0.0025631 secs] [Times: user=0.01 sys=0.00, real=0.00 secs] 
2980.697: [GC (Allocation Failure) [PSYoungGen: 51040K->1376K(51712K)] 522135K->472471K(629248K), 0.0048067 secs] [Times: user=0.02 sys=0.00, real=0.00 secs] 
2981.163: [GC (Allocation Failure) [PSYoungGen: 51040K->1376K(51712K)] 522135K->472471K(629248K), 0.0025632 secs] [Times: user=0.01 sys=0.00, real=0.01 secs] 
2981.367: [GC (Allocation Failure) [PSYoungGen: 51040K->1344K(51712K)] 522135K->472439K(629248K), 0.0022945 secs] [Times: user=0.01 sys=0.00, real=0.00 secs] 
2981.573: [GC (Allocation Failure) [PSYoungGen: 51008K->1376K(51712K)] 522103K->472471K(629248K), 0.0024024 secs] [Times: user=0.01 sys=0.00, real=0.01 secs] 
2981.780: [GC (Allocation Failure) [PSYoungGen: 51040K->1376K(51712K)] 522135K->472487K(629248K), 0.0021429 secs] [Times: user=0.01 sys=0.00, real=0.00 secs] 
2982.111: [GC (Allocation Failure) [PSYoungGen: 51040K->1344K(51712K)] 522151K->472455K(629248K), 0.0020707 secs] [Times: user=0.01 sys=0.00, real=0.00 secs] 
2983.286: [GC (Allocation Failure) [PSYoungGen: 51008K->1408K(51712K)] 522119K->472519K(629248K), 0.0025025 secs] [Times: user=0.01 sys=0.00, real=0.00 secs] 
2983.707: [GC (Allocation Failure) [PSYoungGen: 51072K->1376K(51200K)] 522183K->472487K(628736K), 0.0046610 secs] [Times: user=0.02 sys=0.00, real=0.00 secs] 
2984.095: [GC (Allocation Failure) [PSYoungGen: 51040K->1344K(51200K)] 522151K->472455K(628736K), 0.0033626 secs] [Times: user=0.01 sys=0.00, real=0.00 secs] 
2984.464: [GC (Allocation Failure) [PSYoungGen: 51008K->352K(50688K)] 522119K->472487K(628224K), 0.0025222 secs] [Times: user=0.01 sys=0.00, real=0.00 secs] 
2984.829: [GC (Allocation Failure) [PSYoungGen: 50016K->352K(51712K)] 522151K->472487K(629248K), 0.0024890 secs] [Times: user=0.01 sys=0.00, real=0.00 secs] 
2985.809: [GC (Allocation Failure) [PSYoungGen: 50016K->1440K(51712K)] 522151K->473575K(629248K), 0.0019303 secs] [Times: user=0.01 sys=0.00, real=0.00 secs] 
2986.015: [GC (Allocation Failure) [PSYoungGen: 51104K->1376K(51712K)] 523239K->473511K(629248K), 0.0019404 secs] [Times: user=0.01 sys=0.00, real=0.00 secs] 
2986.223: [GC (Allocation Failure) [PSYoungGen: 51040K->1344K(51712K)] 523175K->473479K(629248K), 0.0018972 secs] [Times: user=0.01 sys=0.00, real=0.01 secs] 
2986.693: [GC (Allocation Failure) [PSYoungGen: 51008K->1408K(51712K)] 523143K->473543K(629248K), 0.0037685 secs] [Times: user=0.02 sys=0.00, real=0.01 secs] 
2987.237: [GC (Allocation Failure) [PSYoungGen: 51072K->1376K(51712K)] 523207K->473511K(629248K), 0.0031933 secs] [Times: user=0.01 sys=0.00, real=0.00 secs] 
2987.777: [GC (Allocation Failure) [PSYoungGen: 51040K->1376K(51712K)] 523175K->473511K(629248K), 0.0030031 secs] [Times: user=0.02 sys=0.00, real=0.00 secs] 
2988.900: [GC (Allocation Failure) [PSYoungGen: 51040K->1440K(51712K)] 523175K->473575K(629248K), 0.0019455 secs] [Times: user=0.01 sys=0.01, real=0.00 secs] 
2989.117: [GC (Allocation Failure) [PSYoungGen: 51104K->1376K(51712K)] 523239K->473511K(629248K), 0.0019972 secs] [Times: user=0.01 sys=0.00, real=0.00 secs] 
2989.371: [GC (Allocation Failure) [PSYoungGen: 51040K->1376K(51712K)] 523175K->473511K(629248K), 0.0021896 secs] [Times: user=0.01 sys=0.00, real=0.00 secs] 
2989.578: [GC (Allocation Failure) [PSYoungGen: 51040K->1376K(51712K)] 523175K->473511K(629248K), 0.0020142 secs] [Times: user=0.01 sys=0.00, real=0.00 secs] 
2989.793: [GC (Allocation Failure) [PSYoungGen: 51040K->1408K(51712K)] 523175K->473559K(629248K), 0.0029994 secs] [Times: user=0.01 sys=0.00, real=0.01 secs] 
2990.002: [GC (Allocation Failure) [PSYoungGen: 51072K->1344K(51712K)] 523223K->473495K(629248K), 0.0020007 secs] [Times: user=0.01 sys=0.00, real=0.01 secs] 
2990.851: [GC (Allocation Failure) [PSYoungGen: 51008K->1424K(51712K)] 523159K->473575K(629248K), 0.0016301 secs] [Times: user=0.01 sys=0.00, real=0.00 secs] 
2991.077: [GC (Allocation Failure) [PSYoungGen: 51088K->1376K(51712K)] 523239K->473527K(629248K), 0.0019432 secs] [Times: user=0.01 sys=0.00, real=0.00 secs] 
2991.290: [GC (Allocation Failure) [PSYoungGen: 51040K->1376K(51712K)] 523191K->473527K(629248K), 0.0017744 secs] [Times: user=0.00 sys=0.00, real=0.00 secs] 
2991.507: [GC (Allocation Failure) [PSYoungGen: 51040K->1312K(51712K)] 523191K->473463K(629248K), 0.0024930 secs] [Times: user=0.01 sys=0.00, real=0.00 secs] 
2991.886: [GC (Allocation Failure) [PSYoungGen: 50976K->1376K(51712K)] 523127K->473527K(629248K), 0.0039094 secs] [Times: user=0.01 sys=0.00, real=0.00 secs] 
2993.191: [GC (Allocation Failure) [PSYoungGen: 51040K->1952K(51712K)] 523191K->474103K(629248K), 0.0021142 secs] [Times: user=0.01 sys=0.00, real=0.00 secs] 
2993.639: [GC (Allocation Failure) [PSYoungGen: 51616K->1408K(51712K)] 523767K->473559K(629248K), 0.0025330 secs] [Times: user=0.01 sys=0.00, real=0.00 secs] 
2994.036: [GC (Allocation Failure) [PSYoungGen: 51072K->1376K(51712K)] 523223K->473527K(629248K), 0.0024983 secs] [Times: user=0.01 sys=0.00, real=0.00 secs] 
2994.517: [GC (Allocation Failure) [PSYoungGen: 51040K->1408K(51712K)] 523191K->473559K(629248K), 0.0030512 secs] [Times: user=0.01 sys=0.01, real=0.00 secs] 
2995.058: [GC (Allocation Failure) [PSYoungGen: 51072K->1376K(51712K)] 523223K->473535K(629248K), 0.0029276 secs] [Times: user=0.01 sys=0.00, real=0.00 secs] 
2995.690: [GC (Allocation Failure) [PSYoungGen: 51040K->1408K(51712K)] 523199K->473567K(629248K), 0.0045361 secs] [Times: user=0.02 sys=0.00, real=0.01 secs] 
2997.008: [GC (Allocation Failure) [PSYoungGen: 51072K->1408K(51712K)] 523231K->473567K(629248K), 0.0021644 secs] [Times: user=0.01 sys=0.00, real=0.00 secs] 
2997.234: [GC (Allocation Failure) [PSYoungGen: 51072K->1392K(51712K)] 523231K->473551K(629248K), 0.0028281 secs] [Times: user=0.01 sys=0.00, real=0.00 secs] 
2997.549: [GC (Allocation Failure) [PSYoungGen: 51056K->1376K(51712K)] 523215K->473535K(629248K), 0.0022732 secs] [Times: user=0.01 sys=0.00, real=0.00 secs] 
2997.954: [GC (Allocation Failure) [PSYoungGen: 51040K->1376K(51712K)] 523199K->473535K(629248K), 0.0023665 secs] [Times: user=0.01 sys=0.00, real=0.00 secs] 
2998.378: [GC (Allocation Failure) [PSYoungGen: 51040K->1408K(51712K)] 523199K->473567K(629248K), 0.0020844 secs] [Times: user=0.01 sys=0.00, real=0.00 secs] 
2998.791: [GC (Allocation Failure) [PSYoungGen: 51072K->1344K(51712K)] 523231K->473503K(629248K), 0.0022345 secs] [Times: user=0.01 sys=0.00, real=0.00 secs] 
3000.107: [GC (Allocation Failure) [PSYoungGen: 51008K->1440K(51712K)] 523167K->473599K(629248K), 0.0062606 secs] [Times: user=0.02 sys=0.00, real=0.00 secs] 
3000.680: [GC (Allocation Failure) [PSYoungGen: 51104K->1344K(51712K)] 523263K->473503K(629248K), 0.0026205 secs] [Times: user=0.01 sys=0.00, real=0.00 secs] 
3001.318: [GC (Allocation Failure) [PSYoungGen: 51008K->1376K(51712K)] 523167K->473535K(629248K), 0.0027985 secs] [Times: user=0.01 sys=0.00, real=0.00 secs] 
3001.893: [GC (Allocation Failure) [PSYoungGen: 51040K->1376K(51200K)] 523199K->473559K(628736K), 0.0028755 secs] [Times: user=0.01 sys=0.00, real=0.01 secs] 
3002.702: [GC (Allocation Failure) [PSYoungGen: 51040K->1376K(51200K)] 523223K->473559K(628736K), 0.0028268 secs] [Times: user=0.01 sys=0.00, real=0.01 secs] 
3003.992: [GC (Allocation Failure) [PSYoungGen: 51040K->656K(50688K)] 523223K->473863K(628224K), 0.0019809 secs] [Times: user=0.01 sys=0.00, real=0.00 secs] 
3004.208: [GC (Allocation Failure) [PSYoungGen: 50320K->352K(51712K)] 523527K->473559K(629248K), 0.0019716 secs] [Times: user=0.00 sys=0.00, real=0.00 secs] 
3004.462: [GC (Allocation Failure) [PSYoungGen: 50016K->320K(51712K)] 523223K->473527K(629248K), 0.0019617 secs] [Times: user=0.01 sys=0.00, real=0.01 secs] 
3004.715: [GC (Allocation Failure) [PSYoungGen: 49984K->352K(51712K)] 523191K->473559K(629248K), 0.0030642 secs] [Times: user=0.02 sys=0.00, real=0.00 secs] 
3005.009: [GC (Allocation Failure) [PSYoungGen: 50016K->320K(51712K)] 523223K->473527K(629248K), 0.0027355 secs] [Times: user=0.01 sys=0.00, real=0.00 secs] 
3005.375: [GC (Allocation Failure) [PSYoungGen: 49984K->352K(51712K)] 523191K->473559K(629248K), 0.0032426 secs] [Times: user=0.02 sys=0.00, real=0.00 secs] 
3006.567: [GC (Allocation Failure) [PSYoungGen: 50016K->1376K(51712K)] 523223K->474583K(629248K), 0.0018972 secs] [Times: user=0.00 sys=0.00, real=0.00 secs] 
3006.976: [GC (Allocation Failure) [PSYoungGen: 51040K->1344K(51712K)] 524247K->474551K(629248K), 0.0023167 secs] [Times: user=0.01 sys=0.00, real=0.00 secs] 
3007.308: [GC (Allocation Failure) [PSYoungGen: 51008K->1408K(52224K)] 524215K->474615K(629760K), 0.0023657 secs] [Times: user=0.01 sys=0.00, real=0.00 secs] 
3007.713: [GC (Allocation Failure) [PSYoungGen: 51072K->1376K(52224K)] 524279K->474583K(629760K), 0.0029678 secs] [Times: user=0.01 sys=0.00, real=0.01 secs] 
3008.067: [GC (Allocation Failure) [PSYoungGen: 51040K->1376K(52224K)] 524247K->474583K(629760K), 0.0025888 secs] [Times: user=0.01 sys=0.00, real=0.00 secs] 
3008.475: [GC (Allocation Failure) [PSYoungGen: 51040K->1344K(52224K)] 524247K->474551K(629760K), 0.0026559 secs] [Times: user=0.01 sys=0.00, real=0.00 secs] 
3009.643: [GC (Allocation Failure) [PSYoungGen: 51008K->1408K(52224K)] 524215K->474615K(629760K), 0.0022196 secs] [Times: user=0.01 sys=0.00, real=0.01 secs] 
3010.087: [GC (Allocation Failure) [PSYoungGen: 51072K->1344K(52224K)] 524279K->474551K(629760K), 0.0019427 secs] [Times: user=0.01 sys=0.00, real=0.00 secs] 
3010.543: [GC (Allocation Failure) [PSYoungGen: 51008K->1408K(52224K)] 524215K->474631K(629760K), 0.0020877 secs] [Times: user=0.01 sys=0.00, real=0.01 secs] 
3011.008: [GC (Allocation Failure) [PSYoungGen: 51072K->1344K(52224K)] 524295K->474567K(629760K), 0.0039695 secs] [Times: user=0.02 sys=0.00, real=0.00 secs] 
3011.564: [GC (Allocation Failure) [PSYoungGen: 51008K->1360K(51200K)] 524231K->474583K(628736K), 0.0033184 secs] [Times: user=0.01 sys=0.00, real=0.00 secs] 
3012.392: [GC (Allocation Failure) [PSYoungGen: 51024K->96K(51712K)] 524247K->473319K(629248K), 0.0018016 secs] [Times: user=0.01 sys=0.00, real=0.00 secs] 
3012.900: [GC (Allocation Failure) [PSYoungGen: 49760K->1360K(52224K)] 522983K->474583K(629760K), 0.0022181 secs] [Times: user=0.01 sys=0.00, real=0.00 secs] 
3013.313: [GC (Allocation Failure) [PSYoungGen: 51024K->1376K(52224K)] 524247K->474599K(629760K), 0.0023386 secs] [Times: user=0.01 sys=0.00, real=0.01 secs] 
3013.717: [GC (Allocation Failure) [PSYoungGen: 51040K->1376K(52224K)] 524263K->474599K(629760K), 0.0025045 secs] [Times: user=0.01 sys=0.00, real=0.00 secs] 
3014.123: [GC (Allocation Failure) [PSYoungGen: 51040K->1376K(52224K)] 524263K->474599K(629760K), 0.0024439 secs] [Times: user=0.01 sys=0.01, real=0.01 secs] 
3014.489: [GC (Allocation Failure) [PSYoungGen: 51040K->1376K(52224K)] 524263K->474599K(629760K), 0.0023404 secs] [Times: user=0.01 sys=0.00, real=0.00 secs] 
3015.390: [GC (Allocation Failure) [PSYoungGen: 51040K->1440K(52224K)] 524263K->474663K(629760K), 0.0019632 secs] [Times: user=0.00 sys=0.00, real=0.00 secs] 
3015.811: [GC (Allocation Failure) [PSYoungGen: 51104K->1344K(51200K)] 524327K->474575K(628736K), 0.0023137 secs] [Times: user=0.01 sys=0.00, real=0.01 secs] 
3016.226: [GC (Allocation Failure) [PSYoungGen: 51008K->1344K(51712K)] 524239K->474575K(629248K), 0.0023164 secs] [Times: user=0.01 sys=0.00, real=0.00 secs] 
3016.655: [GC (Allocation Failure) [PSYoungGen: 51008K->1376K(51712K)] 524239K->474607K(629248K), 0.0025164 secs] [Times: user=0.01 sys=0.00, real=0.00 secs] 
3017.064: [GC (Allocation Failure) [PSYoungGen: 51040K->1344K(51712K)] 524271K->474583K(629248K), 0.0024273 secs] [Times: user=0.01 sys=0.00, real=0.00 secs] 
3017.490: [GC (Allocation Failure) [PSYoungGen: 51008K->1344K(51712K)] 524247K->474583K(629248K), 0.0024408 secs] [Times: user=0.01 sys=0.00, real=0.00 secs] 
3018.564: [GC (Allocation Failure) [PSYoungGen: 51008K->1440K(51712K)] 524247K->474679K(629248K), 0.0019793 secs] [Times: user=0.00 sys=0.00, real=0.00 secs] 
3019.022: [GC (Allocation Failure) [PSYoungGen: 51104K->1376K(51712K)] 524343K->474615K(629248K), 0.0027932 secs] [Times: user=0.02 sys=0.00, real=0.01 secs] 
3019.326: [GC (Allocation Failure) [PSYoungGen: 51040K->1344K(51712K)] 524279K->474583K(629248K), 0.0023702 secs] [Times: user=0.01 sys=0.00, real=0.00 secs] 
3019.549: [GC (Allocation Failure) [PSYoungGen: 51008K->1344K(51712K)] 524247K->474583K(629248K), 0.0022202 secs] [Times: user=0.00 sys=0.00, real=0.00 secs] 
3019.756: [GC (Allocation Failure) [PSYoungGen: 51008K->1344K(51712K)] 524247K->474591K(629248K), 0.0021657 secs] [Times: user=0.01 sys=0.01, real=0.00 secs] 
3019.962: [GC (Allocation Failure) [PSYoungGen: 51008K->1344K(51712K)] 524255K->474591K(629248K), 0.0020629 secs] [Times: user=0.01 sys=0.00, real=0.01 secs] 
3021.379: [GC (Allocation Failure) [PSYoungGen: 51008K->1376K(51712K)] 524255K->474623K(629248K), 0.0025739 secs] [Times: user=0.01 sys=0.00, real=0.00 secs] 
3022.058: [GC (Allocation Failure) [PSYoungGen: 51040K->1344K(51712K)] 524287K->474591K(629248K), 0.0024859 secs] [Times: user=0.01 sys=0.00, real=0.00 secs] 
3022.646: [GC (Allocation Failure) [PSYoungGen: 51008K->1376K(51712K)] 524255K->474631K(629248K), 0.0025791 secs] [Times: user=0.01 sys=0.00, real=0.00 secs] 
3023.455: [GC (Allocation Failure) [PSYoungGen: 51040K->1408K(51712K)] 524295K->474663K(629248K), 0.0035340 secs] [Times: user=0.01 sys=0.00, real=0.00 secs] 
3024.107: [GC (Allocation Failure) [PSYoungGen: 51072K->1376K(51712K)] 524327K->474631K(629248K), 0.0031790 secs] [Times: user=0.02 sys=0.00, real=0.00 secs] 
3025.201: [GC (Allocation Failure) [PSYoungGen: 51040K->1440K(51712K)] 524295K->474695K(629248K), 0.0017731 secs] [Times: user=0.01 sys=0.00, real=0.00 secs] 
3025.421: [GC (Allocation Failure) [PSYoungGen: 51104K->1424K(51712K)] 524359K->474679K(629248K), 0.0017521 secs] [Times: user=0.01 sys=0.00, real=0.00 secs] 
3025.643: [GC (Allocation Failure) [PSYoungGen: 51088K->1376K(51712K)] 524343K->474631K(629248K), 0.0019502 secs] [Times: user=0.01 sys=0.00, real=0.01 secs] 
3025.909: [GC (Allocation Failure) [PSYoungGen: 51040K->1376K(51712K)] 524295K->474631K(629248K), 0.0020801 secs] [Times: user=0.01 sys=0.00, real=0.00 secs] 
3026.124: [GC (Allocation Failure) [PSYoungGen: 51040K->1392K(51712K)] 524295K->474647K(629248K), 0.0031476 secs] [Times: user=0.01 sys=0.00, real=0.00 secs] 
3026.336: [GC (Allocation Failure) [PSYoungGen: 51056K->1344K(51712K)] 524311K->474599K(629248K), 0.0024773 secs] [Times: user=0.02 sys=0.00, real=0.00 secs] 
3028.782: [GC (Allocation Failure) [PSYoungGen: 51008K->1600K(51712K)] 524263K->474855K(629248K), 0.0040141 secs] [Times: user=0.03 sys=0.00, real=0.01 secs] 
3029.009: [GC (Allocation Failure) [PSYoungGen: 51264K->2016K(51712K)] 524519K->477744K(629248K), 0.0024905 secs] [Times: user=0.02 sys=0.00, real=0.00 secs] 
3032.500: [GC (Allocation Failure) [PSYoungGen: 51680K->3040K(49152K)] 527408K->487338K(626688K), 0.0090495 secs] [Times: user=0.04 sys=0.01, real=0.01 secs] 
3038.215: [GC (Allocation Failure) [PSYoungGen: 49120K->6624K(52736K)] 533418K->515042K(630272K), 0.0166014 secs] [Times: user=0.09 sys=0.00, real=0.01 secs] 
3039.084: [GC (Allocation Failure) [PSYoungGen: 52704K->16352K(53248K)] 561122K->540890K(630784K), 0.0251324 secs] [Times: user=0.12 sys=0.02, real=0.02 secs] 
3042.067: [GC (Allocation Failure) [PSYoungGen: 53216K->25568K(62464K)] 577754K->568674K(640000K), 0.0486405 secs] [Times: user=0.23 sys=0.04, real=0.05 secs] 
3046.327: [GC (Allocation Failure) [PSYoungGen: 62432K->36832K(67584K)] 605538K->590442K(645120K), 0.0484095 secs] [Times: user=0.22 sys=0.06, real=0.05 secs] 
3047.099: [GC (Allocation Failure) [PSYoungGen: 67552K->47584K(78336K)] 621162K->614394K(655872K), 0.0332707 secs] [Times: user=0.18 sys=0.01, real=0.03 secs] 
3047.132: [Full GC (Ergonomics) [PSYoungGen: 47584K->0K(78336K)] [ParOldGen: 566810K->149168K(504320K)] 614394K->149168K(582656K), [Metaspace: 59837K->59749K(1105920K)], 0.4255293 secs] [Times: user=1.97 sys=0.06, real=0.43 secs] 
3048.006: [GC (Allocation Failure) [PSYoungGen: 30720K->24288K(92672K)] 179888K->173456K(596992K), 0.0436407 secs] [Times: user=0.24 sys=0.02, real=0.04 secs] 
3048.419: [GC (Allocation Failure) [PSYoungGen: 55001K->48224K(94720K)] 204170K->197392K(599040K), 0.0713838 secs] [Times: user=0.43 sys=0.00, real=0.07 secs] 
3048.822: [GC (Allocation Failure) [PSYoungGen: 84064K->65504K(92672K)] 233232K->226360K(596992K), 0.0444463 secs] [Times: user=0.17 sys=0.09, real=0.05 secs] 
3049.700: [GC (Allocation Failure) [PSYoungGen: 92640K->80864K(108032K)] 253496K->247568K(612352K), 0.0371387 secs] [Times: user=0.22 sys=0.00, real=0.04 secs] 
3050.853: [GC (Allocation Failure) [PSYoungGen: 108000K->97248K(101376K)] 274704K->295503K(605696K), 0.0413930 secs] [Times: user=0.17 sys=0.05, real=0.05 secs] 
3050.907: [GC (Allocation Failure) [PSYoungGen: 101344K->37120K(41472K)] 299599K->296495K(545792K), 0.0208584 secs] [Times: user=0.11 sys=0.00, real=0.02 secs] 
3052.576: [GC (Allocation Failure) [PSYoungGen: 41216K->641K(123904K)] 309925K->305047K(628224K), 0.0930080 secs] [Times: user=0.55 sys=0.00, real=0.09 secs] 
3052.696: [GC (Allocation Failure) [PSYoungGen: 5761K->96K(5632K)] 310167K->304981K(509952K), 0.0030898 secs] [Times: user=0.01 sys=0.00, real=0.00 secs] 
3052.714: [GC (Allocation Failure) [PSYoungGen: 5216K->96K(119296K)] 310101K->304997K(623616K), 0.0028155 secs] [Times: user=0.01 sys=0.00, real=0.00 secs] 
3052.735: [GC (Allocation Failure) [PSYoungGen: 6240K->64K(6656K)] 311141K->304973K(510976K), 0.0028481 secs] [Times: user=0.01 sys=0.00, real=0.00 secs] 
3052.758: [GC (Allocation Failure) [PSYoungGen: 6208K->64K(112640K)] 311117K->304973K(616960K), 0.0034765 secs] [Times: user=0.01 sys=0.00, real=0.00 secs] 
3052.790: [GC (Allocation Failure) [PSYoungGen: 7744K->96K(8192K)] 312653K->305013K(512512K), 0.0038459 secs] [Times: user=0.02 sys=0.00, real=0.01 secs] 
3052.821: [GC (Allocation Failure) [PSYoungGen: 7776K->64K(105472K)] 312693K->304989K(609792K), 0.0042214 secs] [Times: user=0.02 sys=0.00, real=0.01 secs] 
3052.857: [GC (Allocation Failure) [PSYoungGen: 9280K->64K(9728K)] 314205K->304997K(514048K), 0.0044082 secs] [Times: user=0.01 sys=0.01, real=0.00 secs] 
3052.894: [GC (Allocation Failure) [PSYoungGen: 9280K->96K(97792K)] 314213K->305037K(602112K), 0.0040686 secs] [Times: user=0.01 sys=0.00, real=0.00 secs] 
3053.042: [GC (Allocation Failure) [PSYoungGen: 11360K->1568K(13312K)] 316301K->306517K(517632K), 0.0073684 secs] [Times: user=0.04 sys=0.00, real=0.01 secs] 
3053.091: [GC (Allocation Failure) [PSYoungGen: 12832K->1248K(91136K)] 317781K->307400K(595456K), 0.0082476 secs] [Times: user=0.04 sys=0.00, real=0.01 secs] 
3053.131: [GC (Allocation Failure) [PSYoungGen: 14927K->2880K(16896K)] 321080K->310205K(521216K), 0.0049730 secs] [Times: user=0.02 sys=0.00, real=0.01 secs] 
3053.213: [GC (Allocation Failure) [PSYoungGen: 16704K->5824K(83456K)] 324029K->315813K(587776K), 0.0095150 secs] [Times: user=0.04 sys=0.00, real=0.01 secs] 
3053.520: [GC (Allocation Failure) [PSYoungGen: 22720K->10784K(28160K)] 332709K->326033K(532480K), 0.0124382 secs] [Times: user=0.06 sys=0.00, real=0.01 secs] 
3053.790: [GC (Allocation Failure) [PSYoungGen: 27680K->11264K(76288K)] 342929K->336169K(580608K), 0.0221026 secs] [Times: user=0.12 sys=0.01, real=0.02 secs] 
3054.246: [GC (Allocation Failure) [PSYoungGen: 31744K->15968K(81408K)] 356649K->352005K(585728K), 0.0262763 secs] [Times: user=0.15 sys=0.00, real=0.02 secs] 
3054.680: [GC (Allocation Failure) [PSYoungGen: 36448K->14400K(74752K)] 372485K->366350K(579072K), 0.0293790 secs] [Times: user=0.17 sys=0.00, real=0.03 secs] 
3054.788: [GC (Allocation Failure) [PSYoungGen: 38976K->19456K(78336K)] 390926K->385758K(582656K), 0.0207937 secs] [Times: user=0.12 sys=0.00, real=0.02 secs] 
3054.850: [GC (Allocation Failure) [PSYoungGen: 38504K->14848K(74752K)] 404806K->400598K(579072K), 0.0616496 secs] [Times: user=0.36 sys=0.00, real=0.06 secs] 
3054.939: [GC (Allocation Failure) [PSYoungGen: 44544K->22720K(78336K)] 430294K->423326K(582656K), 0.0124632 secs] [Times: user=0.07 sys=0.00, real=0.01 secs] 
3054.990: [GC (Allocation Failure) [PSYoungGen: 52416K->23776K(83968K)] 453022K->447070K(588288K), 0.0191550 secs] [Times: user=0.11 sys=0.00, real=0.02 secs] 
3055.579: [GC (Allocation Failure) [PSYoungGen: 59104K->27776K(84480K)] 482398K->474886K(588800K), 0.1378538 secs] [Times: user=0.82 sys=0.00, real=0.14 secs] 
3055.771: [GC (Allocation Failure) [PSYoungGen: 54022K->20480K(88576K)] 501132K->495446K(592896K), 0.0796013 secs] [Times: user=0.48 sys=0.00, real=0.08 secs] 
3055.851: [Full GC (Ergonomics) [PSYoungGen: 20480K->0K(88576K)] [ParOldGen: 474966K->197088K(578048K)] 495446K->197088K(666624K), [Metaspace: 59960K->59960K(1105920K)], 0.4626176 secs] [Times: user=2.05 sys=0.00, real=0.47 secs] 
3056.338: [GC (Allocation Failure) [PSYoungGen: 42496K->28864K(90624K)] 239584K->225952K(668672K), 0.0098325 secs] [Times: user=0.05 sys=0.00, real=0.01 secs] 
3056.755: [GC (Allocation Failure) [PSYoungGen: 71360K->32832K(97792K)] 268448K->257912K(675840K), 0.0342493 secs] [Times: user=0.20 sys=0.01, real=0.03 secs] 
3057.656: [GC (Allocation Failure) [PSYoungGen: 80960K->4864K(100352K)] 306040K->262464K(678400K), 0.0494543 secs] [Times: user=0.29 sys=0.00, real=0.05 secs] 
3057.803: [GC (Allocation Failure) [PSYoungGen: 52992K->2144K(106496K)] 310592K->264456K(684544K), 0.0072257 secs] [Times: user=0.05 sys=0.00, real=0.01 secs] 
3057.869: [GC (Allocation Failure) [PSYoungGen: 58976K->23328K(107520K)] 321288K->287575K(685568K), 0.0061901 secs] [Times: user=0.03 sys=0.00, real=0.01 secs] 
3057.943: [GC (Allocation Failure) [PSYoungGen: 80160K->35552K(113664K)] 344407K->321904K(691712K), 0.0232898 secs] [Times: user=0.11 sys=0.02, real=0.03 secs] 
3058.040: [GC (Allocation Failure) [PSYoungGen: 99552K->49408K(117248K)] 385904K->366616K(695296K), 0.0276237 secs] [Times: user=0.16 sys=0.00, real=0.03 secs] 
3058.186: [GC (Allocation Failure) [PSYoungGen: 113408K->50432K(131072K)] 430616K->416860K(709120K), 0.0478515 secs] [Times: user=0.24 sys=0.04, real=0.05 secs] 
3058.527: [GC (Allocation Failure) [PSYoungGen: 120064K->56128K(137216K)] 486492K->472880K(715264K), 0.0477733 secs] [Times: user=0.28 sys=0.00, real=0.05 secs] 
3061.784: [GC (Allocation Failure) [PSYoungGen: 123526K->41248K(157184K)] 540278K->546976K(735232K), 0.0293303 secs] [Times: user=0.15 sys=0.02, real=0.02 secs] 
3061.814: [Full GC (Ergonomics) [PSYoungGen: 41248K->0K(157184K)] [ParOldGen: 505728K->255692K(709632K)] 546976K->255692K(866816K), [Metaspace: 59973K->59973K(1105920K)], 0.5856659 secs] [Times: user=2.50 sys=0.00, real=0.59 secs] 
3062.988: [GC (Allocation Failure) [PSYoungGen: 82432K->6300K(157696K)] 338124K->261993K(867328K), 0.0035897 secs] [Times: user=0.02 sys=0.00, real=0.00 secs] 
3063.340: [GC (Allocation Failure) [PSYoungGen: 88732K->35584K(165888K)] 344425K->297487K(875520K), 0.0128256 secs] [Times: user=0.06 sys=0.01, real=0.01 secs] 
3063.520: [GC (Allocation Failure) [PSYoungGen: 130304K->73184K(167936K)] 392207K->371223K(877568K), 0.0247652 secs] [Times: user=0.14 sys=0.00, real=0.03 secs] 
3064.147: [GC (Allocation Failure) [PSYoungGen: 167904K->71200K(201216K)] 465943K->434207K(910848K), 0.1001400 secs] [Times: user=0.42 sys=0.17, real=0.10 secs] 
3065.497: [GC (Allocation Failure) [PSYoungGen: 173600K->105440K(207872K)] 536607K->542031K(917504K), 0.0785247 secs] [Times: user=0.47 sys=0.00, real=0.08 secs] 
3066.475: [GC (Allocation Failure) [PSYoungGen: 207840K->3776K(264704K)] 644431K->512431K(974336K), 0.0338489 secs] [Times: user=0.19 sys=0.01, real=0.03 secs] 
3066.691: [GC (Allocation Failure) [PSYoungGen: 120512K->70080K(266240K)] 629167K->582068K(975872K), 0.0230338 secs] [Times: user=0.13 sys=0.00, real=0.03 secs] 
3066.938: [GC (Allocation Failure) [PSYoungGen: 186816K->91360K(275968K)] 698804K->668340K(985600K), 0.0536178 secs] [Times: user=0.26 sys=0.05, real=0.05 secs] 
3070.380: [GC (Allocation Failure) [PSYoungGen: 214711K->125280K(281088K)] 791691K->785396K(990720K), 0.0693159 secs] [Times: user=0.32 sys=0.09, real=0.07 secs] 
3070.449: [Full GC (Ergonomics) [PSYoungGen: 125280K->0K(281088K)] [ParOldGen: 660116K->257360K(782336K)] 785396K->257360K(1063424K), [Metaspace: 59983K->59983K(1105920K)], 0.5247887 secs] [Times: user=2.09 sys=0.00, real=0.53 secs] 
3071.306: [GC (Allocation Failure) [PSYoungGen: 128512K->20978K(304128K)] 385872K->278339K(1086464K), 0.0071702 secs] [Times: user=0.04 sys=0.00, real=0.00 secs] 
3071.759: [GC (Allocation Failure) [PSYoungGen: 165874K->101408K(310272K)] 423235K->376956K(1092608K), 0.0301095 secs] [Times: user=0.15 sys=0.00, real=0.03 secs] 
3073.351: [GC (Allocation Failure) [PSYoungGen: 246304K->107104K(327168K)] 521852K->475796K(1109504K), 0.1431521 secs] [Times: user=0.63 sys=0.23, real=0.15 secs] 
3074.549: [GC (Allocation Failure) [PSYoungGen: 263776K->35616K(333312K)] 632468K->511492K(1115648K), 0.0613927 secs] [Times: user=0.36 sys=0.00, real=0.06 secs] 
3074.922: [GC (Allocation Failure) [PSYoungGen: 192288K->104800K(342528K)] 668164K->614910K(1124864K), 0.0332696 secs] [Times: user=0.17 sys=0.03, real=0.04 secs] 
3077.192: [GC (Allocation Failure) [PSYoungGen: 275792K->168800K(347136K)] 785903K->774406K(1129472K), 0.0942994 secs] [Times: user=0.56 sys=0.00, real=0.10 secs] 
3079.039: [GC (Allocation Failure) [PSYoungGen: 340320K->41120K(382464K)] 945926K->782462K(1164800K), 0.1345208 secs] [Times: user=0.65 sys=0.14, real=0.14 secs] 
3079.174: [Full GC (Ergonomics) [PSYoungGen: 41120K->0K(382464K)] [ParOldGen: 741342K->57392K(672768K)] 782462K->57392K(1055232K), [Metaspace: 59992K->59992K(1105920K)], 0.1498993 secs] [Times: user=0.68 sys=0.00, real=0.14 secs] 
3079.606: [GC (Allocation Failure) [PSYoungGen: 192512K->144800K(388608K)] 249904K->202192K(1061376K), 0.0283723 secs] [Times: user=0.17 sys=0.00, real=0.03 secs] 
3082.133: [GC (Allocation Failure) [PSYoungGen: 337312K->68640K(402944K)] 394704K->262724K(1075712K), 0.0671167 secs] [Times: user=0.39 sys=0.01, real=0.07 secs] 
3082.487: [GC (Allocation Failure) [PSYoungGen: 284704K->144288K(415232K)] 478788K->406586K(1088000K), 0.0414435 secs] [Times: user=0.24 sys=0.00, real=0.04 secs] 
3086.150: [GC (Allocation Failure) [PSYoungGen: 360352K->100256K(437760K)] 622650K->498670K(1110528K), 0.0653849 secs] [Times: user=0.38 sys=0.01, real=0.07 secs] 
3087.676: [GC (Allocation Failure) [PSYoungGen: 343456K->144000K(446976K)] 741870K->642398K(1119744K), 0.0522044 secs] [Times: user=0.30 sys=0.01, real=0.05 secs] 
3087.728: [Full GC (Ergonomics) [PSYoungGen: 144000K->0K(446976K)] [ParOldGen: 498398K->160110K(845824K)] 642398K->160110K(1292800K), [Metaspace: 59999K->59999K(1105920K)], 0.3691184 secs] [Times: user=1.71 sys=0.00, real=0.37 secs] 
3090.713: [GC (Allocation Failure) [PSYoungGen: 243200K->110144K(467968K)] 403310K->270254K(1313792K), 0.0460353 secs] [Times: user=0.21 sys=0.05, real=0.05 secs] 
3091.458: [GC (Allocation Failure) [PSYoungGen: 379456K->203072K(472576K)] 539566K->472027K(1318400K), 0.0678922 secs] [Times: user=0.40 sys=0.00, real=0.07 secs] 
3098.067: [GC (Allocation Failure) [PSYoungGen: 469715K->95008K(474112K)] 738671K->550843K(1319936K), 0.1709546 secs] [Times: user=1.02 sys=0.00, real=0.17 secs] 
3098.554: [GC (Allocation Failure) [PSYoungGen: 342816K->184000K(432128K)] 798651K->731180K(1277952K), 0.0603158 secs] [Times: user=0.36 sys=0.00, real=0.06 secs] 
3099.750: [GC (Allocation Failure) [PSYoungGen: 431808K->101376K(467456K)] 978988K->832808K(1313280K), 0.1117964 secs] [Times: user=0.63 sys=0.04, real=0.11 secs] 
3099.862: [Full GC (Ergonomics) [PSYoungGen: 101376K->0K(467456K)] [ParOldGen: 731432K->107914K(879104K)] 832808K->107914K(1346560K), [Metaspace: 60008K->60008K(1105920K)], 0.2332103 secs] [Times: user=1.04 sys=0.01, real=0.24 secs] 
3101.524: [GC (Allocation Failure) [PSYoungGen: 234496K->152928K(465920K)] 342410K->260842K(1345024K), 0.0437423 secs] [Times: user=0.25 sys=0.00, real=0.05 secs] 
3104.034: [GC (Allocation Failure) [PSYoungGen: 387424K->97472K(454656K)] 495338K->358186K(1333760K), 0.0815209 secs] [Times: user=0.48 sys=0.00, real=0.08 secs] 
3105.578: [GC (Allocation Failure) [PSYoungGen: 331968K->150528K(460288K)] 592682K->498381K(1339392K), 0.0602662 secs] [Times: user=0.35 sys=0.00, real=0.06 secs] 
3106.896: [GC (Allocation Failure) [PSYoungGen: 385024K->110944K(455168K)] 732877K->609149K(1334272K), 0.0678168 secs] [Times: user=0.41 sys=0.00, real=0.07 secs] 
3109.954: [GC (Allocation Failure) [PSYoungGen: 355680K->137088K(462848K)] 853885K->735858K(1341952K), 0.0615089 secs] [Times: user=0.36 sys=0.00, real=0.06 secs] 
3111.365: [GC (Allocation Failure) [PSYoungGen: 381824K->138048K(473088K)] 980594K->873682K(1352192K), 0.0606618 secs] [Times: user=0.35 sys=0.01, real=0.06 secs] 
3111.425: [Full GC (Ergonomics) [PSYoungGen: 138048K->0K(473088K)] [ParOldGen: 735634K->154624K(968192K)] 873682K->154624K(1441280K), [Metaspace: 60018K->60018K(1105920K)], 0.3454144 secs] [Times: user=1.58 sys=0.00, real=0.34 secs] 
3115.248: [GC (Allocation Failure) [PSYoungGen: 265216K->119584K(478208K)] 419840K->274208K(1446400K), 0.0407630 secs] [Times: user=0.23 sys=0.00, real=0.04 secs] 
3116.609: [GC (Allocation Failure) [PSYoungGen: 372654K->175072K(470528K)] 527278K->447596K(1438720K), 0.0954460 secs] [Times: user=0.55 sys=0.01, real=0.10 secs] 
3122.700: [GC (Allocation Failure) [PSYoungGen: 441312K->106080K(482304K)] 713836K->545589K(1450496K), 0.1726088 secs] [Times: user=1.03 sys=0.00, real=0.17 secs] 
3123.226: [GC (Allocation Failure) [PSYoungGen: 372320K->196576K(452608K)] 811829K->737869K(1420800K), 0.0607019 secs] [Times: user=0.32 sys=0.00, real=0.06 secs] 
3124.476: [GC (Allocation Failure) [PSYoungGen: 438752K->92928K(470528K)] 980045K->830949K(1438720K), 0.1244182 secs] [Times: user=0.73 sys=0.01, real=0.12 secs] 
3124.601: [Full GC (Ergonomics) [PSYoungGen: 92928K->0K(470528K)] [ParOldGen: 738021K->104362K(976384K)] 830949K->104362K(1446912K), [Metaspace: 60032K->60032K(1105920K)], 0.2426408 secs] [Times: user=1.12 sys=0.00, real=0.24 secs] 
3126.975: [GC (Allocation Failure) [PSYoungGen: 242176K->156288K(469504K)] 346538K->260650K(1445888K), 0.0452038 secs] [Times: user=0.27 sys=0.00, real=0.04 secs] 
3128.338: [GC (Allocation Failure) [PSYoungGen: 401536K->109408K(354816K)] 505898K->369866K(1331200K), 0.0685052 secs] [Times: user=0.40 sys=0.00, real=0.07 secs] 
3129.698: [GC (Allocation Failure) [PSYoungGen: 354656K->138272K(473600K)] 615114K->498135K(1449984K), 0.0607749 secs] [Times: user=0.36 sys=0.00, real=0.06 secs] 
3132.016: [GC (Allocation Failure) [PSYoungGen: 391712K->146016K(468480K)] 751575K->644031K(1444864K), 0.0604395 secs] [Times: user=0.36 sys=0.00, real=0.06 secs] 
3134.810: [GC (Allocation Failure) [PSYoungGen: 399456K->8672K(460800K)] 897471K->506719K(1437184K), 0.0067844 secs] [Times: user=0.03 sys=0.00, real=0.01 secs] 
3136.906: [GC (Allocation Failure) [PSYoungGen: 255291K->175648K(424448K)] 753338K->680408K(1400832K), 0.0356355 secs] [Times: user=0.21 sys=0.00, real=0.03 secs] 
3140.546: [GC (Allocation Failure) [PSYoungGen: 423968K->100864K(470528K)] 928728K->773020K(1446912K), 0.1682514 secs] [Times: user=1.01 sys=0.00, real=0.17 secs] 
3141.550: [GC (Allocation Failure) [PSYoungGen: 338432K->165024K(465920K)] 1010588K->934526K(1442304K), 0.1205153 secs] [Times: user=0.70 sys=0.02, real=0.12 secs] 
3141.670: [Full GC (Ergonomics) [PSYoungGen: 165024K->0K(465920K)] [ParOldGen: 769502K->213361K(1124352K)] 934526K->213361K(1590272K), [Metaspace: 60056K->60056K(1105920K)], 0.5335718 secs] [Times: user=2.55 sys=0.00, real=0.54 secs] 
3146.665: [GC (Allocation Failure) [PSYoungGen: 237568K->82240K(467968K)] 450929K->295601K(1592320K), 0.1532465 secs] [Times: user=0.91 sys=0.01, real=0.15 secs] 
3147.575: [GC (Allocation Failure) [PSYoungGen: 317760K->170592K(465920K)] 531121K->462394K(1590272K), 0.0538258 secs] [Times: user=0.31 sys=0.00, real=0.05 secs] 
3149.851: [GC (Allocation Failure) [PSYoungGen: 406112K->81504K(465920K)] 697914K->543642K(1590272K), 0.1482750 secs] [Times: user=0.87 sys=0.01, real=0.15 secs] 
3150.284: [GC (Allocation Failure) [PSYoungGen: 314464K->173280K(465920K)] 776602K->710891K(1590272K), 0.0555430 secs] [Times: user=0.33 sys=0.00, real=0.05 secs] 
3152.186: [GC (Allocation Failure) [PSYoungGen: 406240K->85600K(465920K)] 943851K->796187K(1590272K), 0.1061358 secs] [Times: user=0.63 sys=0.00, real=0.10 secs] 
3153.685: [GC (Allocation Failure) [PSYoungGen: 318560K->169856K(465920K)] 1029147K->960536K(1590272K), 0.1562172 secs] [Times: user=0.91 sys=0.02, real=0.15 secs] 
3156.056: [GC (Allocation Failure) [PSYoungGen: 402816K->78944K(465920K)] 1193496K->1039712K(1590272K), 0.1283798 secs] [Times: user=0.62 sys=0.14, real=0.13 secs] 
3156.184: [Full GC (Ergonomics) [PSYoungGen: 78944K->0K(465920K)] [ParOldGen: 960768K->86147K(1038336K)] 1039712K->86147K(1504256K), [Metaspace: 60060K->60060K(1105920K)], 0.1950601 secs] [Times: user=0.86 sys=0.00, real=0.19 secs] 
3157.758: [GC (Allocation Failure) [PSYoungGen: 232960K->171136K(465920K)] 319107K->257283K(1504256K), 0.0809810 secs] [Times: user=0.47 sys=0.00, real=0.08 secs] 
3160.178: [GC (Allocation Failure) [PSYoungGen: 404096K->78624K(465920K)] 490243K->336027K(1504256K), 0.1112309 secs] [Times: user=0.66 sys=0.00, real=0.11 secs] 
3161.632: [GC (Allocation Failure) [PSYoungGen: 311375K->206368K(465920K)] 568779K->535416K(1504256K), 0.0662670 secs] [Times: user=0.40 sys=0.00, real=0.07 secs] 
3162.564: [GC (Allocation Failure) [PSYoungGen: 435628K->92640K(465920K)] 764677K->591408K(1504256K), 0.0822871 secs] [Times: user=0.49 sys=0.00, real=0.08 secs] 
3164.557: [GC (Allocation Failure) [PSYoungGen: 325600K->150784K(465920K)] 824368K->736070K(1504256K), 0.0604150 secs] [Times: user=0.36 sys=0.00, real=0.06 secs] 
3165.447: [GC (Allocation Failure) [PSYoungGen: 383744K->98720K(465920K)] 969030K->835006K(1504256K), 0.0701883 secs] [Times: user=0.41 sys=0.00, real=0.07 secs] 
3166.900: [GC (Allocation Failure) [PSYoungGen: 331680K->149248K(465920K)] 1067966K->974122K(1504256K), 0.0604498 secs] [Times: user=0.36 sys=0.00, real=0.06 secs] 
3166.960: [Full GC (Ergonomics) [PSYoungGen: 149248K->0K(465920K)] [ParOldGen: 824874K->253487K(1247744K)] 974122K->253487K(1713664K), [Metaspace: 60062K->60062K(1105920K)], 0.5366603 secs] [Times: user=2.36 sys=0.00, real=0.54 secs] 
3170.479: [GC (Allocation Failure) [PSYoungGen: 232960K->102528K(465920K)] 486447K->356015K(1713664K), 0.0286094 secs] [Times: user=0.16 sys=0.00, real=0.03 secs] 
3171.666: [GC (Allocation Failure) [PSYoungGen: 335488K->146016K(379392K)] 588975K->491719K(1627136K), 0.0602929 secs] [Times: user=0.36 sys=0.00, real=0.06 secs] 
3173.101: [GC (Allocation Failure) [PSYoungGen: 378976K->111520K(471552K)] 724679K->602487K(1719296K), 0.0649712 secs] [Times: user=0.39 sys=0.00, real=0.07 secs] 
3175.940: [GC (Allocation Failure) [PSYoungGen: 352160K->136704K(377856K)] 843127K->728415K(1625600K), 0.0614018 secs] [Times: user=0.36 sys=0.00, real=0.06 secs] 
3177.703: [GC (Allocation Failure) [PSYoungGen: 377344K->129408K(470528K)] 969055K->857999K(1718272K), 0.0586230 secs] [Times: user=0.34 sys=0.00, real=0.06 secs] 
3180.369: [GC (Allocation Failure) [PSYoungGen: 382336K->3040K(462336K)] 1110927K->731719K(1710080K), 0.0027501 secs] [Times: user=0.01 sys=0.00, real=0.00 secs] 
3182.612: [GC (Allocation Failure) [PSYoungGen: 255968K->166912K(459264K)] 984647K->896772K(1707008K), 0.0326415 secs] [Times: user=0.19 sys=0.00, real=0.04 secs] 
3184.262: [GC (Allocation Failure) [PSYoungGen: 403968K->230880K(467968K)] 1133828K->981460K(1715712K), 0.1068498 secs] [Times: user=0.63 sys=0.00, real=0.11 secs] 
3185.924: [GC (Allocation Failure) [PSYoungGen: 467936K->169120K(463872K)] 1218516K->1148369K(1711616K), 0.1075851 secs] [Times: user=0.63 sys=0.01, real=0.10 secs] 
3186.032: [Full GC (Ergonomics) [PSYoungGen: 169120K->0K(463872K)] [ParOldGen: 979249K->197280K(1278464K)] 1148369K->197280K(1742336K), [Metaspace: 60071K->60071K(1105920K)], 0.4700186 secs] [Times: user=2.21 sys=0.00, real=0.47 secs] 
3188.940: [GC (Allocation Failure) [PSYoungGen: 232960K->86784K(465920K)] 430240K->284064K(1744384K), 0.0798122 secs] [Times: user=0.47 sys=0.01, real=0.08 secs] 
3190.557: [GC (Allocation Failure) [PSYoungGen: 317061K->164416K(465920K)] 514342K->445213K(1744384K), 0.0470662 secs] [Times: user=0.28 sys=0.00, real=0.05 secs] 
3192.086: [GC (Allocation Failure) [PSYoungGen: 397376K->91296K(465920K)] 678173K->527593K(1744384K), 0.1313439 secs] [Times: user=0.78 sys=0.00, real=0.13 secs] 
3192.791: [GC (Allocation Failure) [PSYoungGen: 313076K->160384K(465920K)] 749373K->684123K(1744384K), 0.0481117 secs] [Times: user=0.29 sys=0.01, real=0.05 secs] 
3195.567: [GC (Allocation Failure) [PSYoungGen: 393344K->93696K(465920K)] 917083K->768459K(1744384K), 0.1290103 secs] [Times: user=0.77 sys=0.01, real=0.13 secs] 
3196.471: [GC (Allocation Failure) [PSYoungGen: 326656K->200000K(465920K)] 1001419K->963628K(1744384K), 0.0512542 secs] [Times: user=0.31 sys=0.00, real=0.05 secs] 
3199.034: [GC (Allocation Failure) [PSYoungGen: 432960K->84256K(465920K)] 1196588K->1014760K(1744384K), 0.1054804 secs] [Times: user=0.63 sys=0.00, real=0.10 secs] 
3200.172: [GC (Allocation Failure) [PSYoungGen: 317216K->168960K(465920K)] 1247720K->1180660K(1744384K), 0.0631227 secs] [Times: user=0.36 sys=0.01, real=0.07 secs] 
3202.441: [GC (Allocation Failure) [PSYoungGen: 401920K->80608K(465920K)] 1413620K->1261452K(1744384K), 0.1827331 secs] [Times: user=0.95 sys=0.10, real=0.18 secs] 
3202.623: [Full GC (Ergonomics) [PSYoungGen: 80608K->0K(465920K)] [ParOldGen: 1180844K->60737K(1168896K)] 1261452K->60737K(1634816K), [Metaspace: 60087K->60087K(1105920K)], 0.1545632 secs] [Times: user=0.70 sys=0.00, real=0.16 secs] 
3203.400: [GC (Allocation Failure) [PSYoungGen: 232960K->164064K(465920K)] 293697K->224801K(1634816K), 0.0509153 secs] [Times: user=0.30 sys=0.00, real=0.05 secs] 
3205.619: [GC (Allocation Failure) [PSYoungGen: 393405K->81728K(465920K)] 454143K->306273K(1634816K), 0.1500664 secs] [Times: user=0.90 sys=0.00, real=0.15 secs] 
3206.374: [GC (Allocation Failure) [PSYoungGen: 314688K->171040K(465920K)] 539233K->473513K(1634816K), 0.0803706 secs] [Times: user=0.48 sys=0.00, real=0.08 secs] 
3209.764: [GC (Allocation Failure) [PSYoungGen: 400127K->71264K(465920K)] 702600K->544993K(1634816K), 0.1492260 secs] [Times: user=0.89 sys=0.01, real=0.14 secs] 
3210.251: [GC (Allocation Failure) [PSYoungGen: 304224K->171520K(465920K)] 777953K->712362K(1634816K), 0.0532526 secs] [Times: user=0.31 sys=0.00, real=0.06 secs] 
3213.198: [GC (Allocation Failure) [PSYoungGen: 404480K->78944K(465920K)] 945322K->791374K(1634816K), 0.1360643 secs] [Times: user=0.81 sys=0.00, real=0.14 secs] 
3213.702: [GC (Allocation Failure) [PSYoungGen: 311904K->174656K(465920K)] 1024334K->959574K(1634816K), 0.0658316 secs] [Times: user=0.39 sys=0.00, real=0.07 secs] 
3216.132: [GC (Allocation Failure) [PSYoungGen: 407616K->79936K(465920K)] 1192534K->1039771K(1634816K), 0.1172158 secs] [Times: user=0.70 sys=0.00, real=0.12 secs] 
3216.249: [Full GC (Ergonomics) [PSYoungGen: 79936K->0K(465920K)] [ParOldGen: 959834K->83139K(1243136K)] 1039771K->83139K(1709056K), [Metaspace: 60110K->60110K(1105920K)], 0.1899047 secs] [Times: user=0.85 sys=0.00, real=0.19 secs] 
3217.428: [GC (Allocation Failure) [PSYoungGen: 232960K->168320K(465920K)] 316099K->251459K(1709056K), 0.0979674 secs] [Times: user=0.59 sys=0.00, real=0.10 secs] 
3219.239: [GC (Allocation Failure) [PSYoungGen: 401280K->85088K(465920K)] 484419K->336443K(1709056K), 0.0928166 secs] [Times: user=0.55 sys=0.00, real=0.09 secs] 
3220.453: [GC (Allocation Failure) [PSYoungGen: 318048K->202624K(465920K)] 569403K->533248K(1709056K), 0.0921557 secs] [Times: user=0.55 sys=0.00, real=0.10 secs] 
3222.787: [GC (Allocation Failure) [PSYoungGen: 435584K->81152K(465920K)] 766208K->580424K(1709056K), 0.1017053 secs] [Times: user=0.61 sys=0.01, real=0.10 secs] 
3223.890: [GC (Allocation Failure) [PSYoungGen: 312448K->200192K(465920K)] 811720K->774605K(1709056K), 0.0659892 secs] [Times: user=0.39 sys=0.00, real=0.07 secs] 
3226.770: [GC (Allocation Failure) [PSYoungGen: 433152K->81888K(465920K)] 1007565K->819333K(1709056K), 0.0945636 secs] [Times: user=0.56 sys=0.00, real=0.10 secs] 
3227.994: [GC (Allocation Failure) [PSYoungGen: 314848K->162400K(465920K)] 1052293K->975022K(1709056K), 0.0596922 secs] [Times: user=0.36 sys=0.00, real=0.06 secs] 
3229.287: [GC (Allocation Failure) [PSYoungGen: 387874K->92864K(465920K)] 1200497K->1067678K(1709056K), 0.0786081 secs] [Times: user=0.47 sys=0.00, real=0.08 secs] 
3230.463: [GC (Allocation Failure) [PSYoungGen: 325824K->151808K(465920K)] 1300638K->1213179K(1709056K), 0.0607002 secs] [Times: user=0.36 sys=0.00, real=0.06 secs] 
3230.523: [Full GC (Ergonomics) [PSYoungGen: 151808K->0K(465920K)] [ParOldGen: 1061371K->254074K(1398272K)] 1213179K->254074K(1864192K), [Metaspace: 60110K->60110K(1105920K)], 0.5413620 secs] [Times: user=2.40 sys=0.00, real=0.55 secs] 
3233.670: [GC (Allocation Failure) [PSYoungGen: 231363K->93408K(465920K)] 485438K->347482K(1864192K), 0.0275685 secs] [Times: user=0.16 sys=0.00, real=0.03 secs] 
3234.822: [GC (Allocation Failure) [PSYoungGen: 326368K->151424K(465920K)] 580442K->492095K(1864192K), 0.0596835 secs] [Times: user=0.35 sys=0.00, real=0.06 secs] 
3236.545: [GC (Allocation Failure) [PSYoungGen: 384384K->100320K(465920K)] 725055K->592079K(1864192K), 0.0635700 secs] [Times: user=0.38 sys=0.00, real=0.06 secs] 
3238.416: [GC (Allocation Failure) [PSYoungGen: 333280K->147840K(465920K)] 825039K->729400K(1864192K), 0.0604008 secs] [Times: user=0.36 sys=0.00, real=0.06 secs] 
3239.926: [GC (Allocation Failure) [PSYoungGen: 380800K->111040K(344064K)] 962360K->840456K(1742336K), 0.0594836 secs] [Times: user=0.35 sys=0.00, real=0.06 secs] 
3241.887: [GC (Allocation Failure) [PSYoungGen: 344000K->136928K(470016K)] 1073416K->967189K(1868288K), 0.0617813 secs] [Times: user=0.37 sys=0.00, real=0.06 secs] 
3243.076: [GC (Allocation Failure) [PSYoungGen: 376544K->121152K(360960K)] 1206805K->1088413K(1759232K), 0.0594861 secs] [Times: user=0.35 sys=0.00, real=0.06 secs] 
3244.736: [GC (Allocation Failure) [PSYoungGen: 360768K->127136K(468480K)] 1328029K->1204782K(1866752K), 0.0626784 secs] [Times: user=0.37 sys=0.00, real=0.06 secs] 
3246.249: [GC (Allocation Failure) [PSYoungGen: 380576K->155936K(459776K)] 1458222K->1360906K(1858048K), 0.0704462 secs] [Times: user=0.34 sys=0.07, real=0.07 secs] 
3246.319: [Full GC (Ergonomics) [PSYoungGen: 155936K->0K(459776K)] [ParOldGen: 1204970K->172513K(1398272K)] 1360906K->172513K(1858048K), [Metaspace: 60113K->60113K(1105920K)], 0.4062519 secs] [Times: user=1.80 sys=0.00, real=0.41 secs] 
3248.758: [GC (Allocation Failure) [PSYoungGen: 253440K->107136K(488448K)] 425953K->279649K(1886720K), 0.0575471 secs] [Times: user=0.34 sys=0.00, real=0.06 secs] 
3249.857: [GC (Allocation Failure) [PSYoungGen: 388736K->196416K(478208K)] 561249K->472614K(1876480K), 0.0598431 secs] [Times: user=0.35 sys=0.00, real=0.06 secs] 
3252.145: [GC (Allocation Failure) [PSYoungGen: 478016K->122528K(482816K)] 754214K->594542K(1881088K), 0.0937027 secs] [Times: user=0.56 sys=0.00, real=0.09 secs] 
3254.134: [GC (Allocation Failure) [PSYoungGen: 384672K->151264K(413696K)] 856686K->739795K(1811968K), 0.0683630 secs] [Times: user=0.41 sys=0.00, real=0.06 secs] 
3256.209: [GC (Allocation Failure) [PSYoungGen: 413408K->148032K(479744K)] 1001939K->887563K(1878016K), 0.0648640 secs] [Times: user=0.39 sys=0.00, real=0.06 secs] 
3257.968: [GC (Allocation Failure) [PSYoungGen: 413248K->14464K(280064K)] 1152779K->754027K(1678336K), 0.0130316 secs] [Times: user=0.07 sys=0.00, real=0.01 secs] 
3259.327: [GC (Allocation Failure) [PSYoungGen: 279680K->185024K(457728K)] 1019243K->936336K(1856000K), 0.0410017 secs] [Times: user=0.24 sys=0.00, real=0.04 secs] 
3260.741: [GC (Allocation Failure) [PSYoungGen: 417984K->89792K(465920K)] 1169296K->1025656K(1864192K), 0.1056955 secs] [Times: user=0.63 sys=0.00, real=0.11 secs] 
3261.432: [GC (Allocation Failure) [PSYoungGen: 322752K->163072K(465920K)] 1258616K->1185593K(1864192K), 0.0951681 secs] [Times: user=0.56 sys=0.01, real=0.10 secs] 
3263.795: [GC (Allocation Failure) [PSYoungGen: 396032K->82144K(465920K)] 1418553K->1267905K(1864192K), 0.0976315 secs] [Times: user=0.58 sys=0.00, real=0.09 secs] 
3263.893: [Full GC (Ergonomics) [PSYoungGen: 82144K->0K(465920K)] [ParOldGen: 1185761K->68056K(1398272K)] 1267905K->68056K(1864192K), [Metaspace: 60115K->60115K(1105920K)], 0.1441595 secs] [Times: user=0.62 sys=0.00, real=0.15 secs] 
3264.461: [GC (Allocation Failure) [PSYoungGen: 232960K->171904K(465920K)] 301016K->239960K(1864192K), 0.0508816 secs] [Times: user=0.30 sys=0.00, real=0.05 secs] 
3266.805: [GC (Allocation Failure) [PSYoungGen: 404864K->84896K(465920K)] 472920K->324968K(1864192K), 0.1318254 secs] [Times: user=0.79 sys=0.00, real=0.13 secs] 
3267.322: [GC (Allocation Failure) [PSYoungGen: 317856K->171904K(465920K)] 557928K->486925K(1864192K), 0.0601408 secs] [Times: user=0.35 sys=0.01, real=0.06 secs] 
3269.604: [GC (Allocation Failure) [PSYoungGen: 404864K->80768K(465920K)] 719885K->567509K(1864192K), 0.1110136 secs] [Times: user=0.66 sys=0.00, real=0.11 secs] 
3270.390: [GC (Allocation Failure) [PSYoungGen: 313728K->171712K(465920K)] 800469K->733562K(1864192K), 0.1225110 secs] [Times: user=0.73 sys=0.00, real=0.12 secs] 
3273.507: [GC (Allocation Failure) [PSYoungGen: 404672K->72832K(465920K)] 966522K->806242K(1864192K), 0.1091056 secs] [Times: user=0.65 sys=0.00, real=0.11 secs] 
3274.284: [GC (Allocation Failure) [PSYoungGen: 305792K->192320K(465920K)] 1039202K->992491K(1864192K), 0.1229916 secs] [Times: user=0.74 sys=0.00, real=0.12 secs] 
3276.069: [GC (Allocation Failure) [PSYoungGen: 425280K->81472K(465920K)] 1225451K->1057779K(1864192K), 0.0864787 secs] [Times: user=0.51 sys=0.01, real=0.09 secs] 
3277.905: [GC (Allocation Failure) [PSYoungGen: 313862K->197600K(465920K)] 1290170K->1249064K(1864192K), 0.0598158 secs] [Times: user=0.36 sys=0.00, real=0.06 secs] 
3279.095: [GC (Allocation Failure) [PSYoungGen: 430560K->89984K(465920K)] 1482024K->1304264K(1864192K), 0.0879189 secs] [Times: user=0.50 sys=0.02, real=0.08 secs] 
3279.183: [Full GC (Ergonomics) [PSYoungGen: 89984K->0K(465920K)] [ParOldGen: 1214280K->106651K(1398272K)] 1304264K->106651K(1864192K), [Metaspace: 60141K->60141K(1105920K)], 0.2352989 secs] [Times: user=1.06 sys=0.00, real=0.24 secs] 
3281.597: [GC (Allocation Failure) [PSYoungGen: 232960K->153920K(465920K)] 339611K->260571K(1864192K), 0.0441442 secs] [Times: user=0.26 sys=0.00, real=0.04 secs] 
3282.517: [GC (Allocation Failure) [PSYoungGen: 386880K->106080K(465920K)] 493531K->366715K(1864192K), 0.0742228 secs] [Times: user=0.44 sys=0.01, real=0.07 secs] 
3284.292: [GC (Allocation Failure) [PSYoungGen: 339040K->150112K(465920K)] 599675K->498248K(1864192K), 0.0596285 secs] [Times: user=0.36 sys=0.00, real=0.06 secs] 
3287.324: [GC (Allocation Failure) [PSYoungGen: 383072K->103008K(465920K)] 731208K->601496K(1864192K), 0.0771132 secs] [Times: user=0.46 sys=0.00, real=0.07 secs] 
3288.832: [GC (Allocation Failure) [PSYoungGen: 335968K->145184K(465920K)] 834456K->736225K(1864192K), 0.0602105 secs] [Times: user=0.36 sys=0.00, real=0.06 secs] 
3290.025: [GC (Allocation Failure) [PSYoungGen: 378144K->110368K(343552K)] 969185K->846553K(1741824K), 0.0644762 secs] [Times: user=0.38 sys=0.00, real=0.06 secs] 
3291.497: [GC (Allocation Failure) [PSYoungGen: 343328K->137664K(465408K)] 1079513K->973573K(1863680K), 0.0611165 secs] [Times: user=0.36 sys=0.00, real=0.06 secs] 
3294.957: [GC (Allocation Failure) [PSYoungGen: 376768K->124096K(459264K)] 1212677K->1097877K(1857536K), 0.0615476 secs] [Times: user=0.37 sys=0.00, real=0.06 secs] 
3296.167: [GC (Allocation Failure) [PSYoungGen: 363200K->1344K(451072K)] 1336981K->975205K(1849344K), 0.0019956 secs] [Times: user=0.01 sys=0.00, real=0.00 secs] 
3298.181: [GC (Allocation Failure) [PSYoungGen: 240448K->141984K(464384K)] 1214309K->1116598K(1862656K), 0.0286985 secs] [Times: user=0.17 sys=0.00, real=0.03 secs] 
3299.997: [GC (Allocation Failure) [PSYoungGen: 381088K->3648K(456704K)] 1355702K->978370K(1854976K), 0.0043841 secs] [Times: user=0.02 sys=0.00, real=0.00 secs] 
3302.784: [GC (Allocation Failure) [PSYoungGen: 236608K->150496K(465920K)] 1211330K->1126911K(1864192K), 0.0302144 secs] [Times: user=0.17 sys=0.00, real=0.03 secs] 
3304.309: [GC (Allocation Failure) [PSYoungGen: 383456K->100864K(451584K)] 1359871K->1218831K(1849856K), 0.1250638 secs] [Times: user=0.75 sys=0.00, real=0.13 secs] 
3306.318: [GC (Allocation Failure) [PSYoungGen: 333824K->155968K(458752K)] 1451791K->1372956K(1857024K), 0.0535991 secs] [Times: user=0.32 sys=0.00, real=0.05 secs] 
3306.371: [Full GC (Ergonomics) [PSYoungGen: 155968K->0K(458752K)] [ParOldGen: 1216988K->176363K(1398272K)] 1372956K->176363K(1857024K), [Metaspace: 60145K->60145K(1105920K)], 0.4154175 secs] [Times: user=1.94 sys=0.00, real=0.42 secs] 
3308.011: [GC (Allocation Failure) [PSYoungGen: 232960K->100832K(459776K)] 409323K->277195K(1858048K), 0.0461583 secs] [Times: user=0.25 sys=0.00, real=0.05 secs] 
3308.856: [GC (Allocation Failure) [PSYoungGen: 343008K->169888K(463872K)] 519371K->445291K(1862144K), 0.0542775 secs] [Times: user=0.32 sys=0.01, real=0.05 secs] 
3311.215: [GC (Allocation Failure) [PSYoungGen: 412064K->96672K(470016K)] 687467K->532992K(1868288K), 0.1367231 secs] [Times: user=0.81 sys=0.00, real=0.13 secs] 
3311.940: [GC (Allocation Failure) [PSYoungGen: 338848K->176096K(418304K)] 775168K->705853K(1816576K), 0.0564107 secs] [Times: user=0.33 sys=0.00, real=0.06 secs] 
3315.947: [GC (Allocation Failure) [PSYoungGen: 417062K->83648K(467968K)] 946819K->789641K(1866240K), 0.1634555 secs] [Times: user=0.98 sys=0.00, real=0.16 secs] 
3316.395: [GC (Allocation Failure) [PSYoungGen: 318656K->169728K(465920K)] 1024649K->955829K(1864192K), 0.0560770 secs] [Times: user=0.33 sys=0.01, real=0.05 secs] 
3318.666: [GC (Allocation Failure) [PSYoungGen: 404736K->80736K(465920K)] 1190837K->1036629K(1864192K), 0.1526245 secs] [Times: user=0.90 sys=0.00, real=0.15 secs] 
3319.251: [GC (Allocation Failure) [PSYoungGen: 313696K->172800K(465920K)] 1269589K->1203846K(1864192K), 0.0589075 secs] [Times: user=0.35 sys=0.00, real=0.06 secs] 
3322.365: [GC (Allocation Failure) [PSYoungGen: 405760K->80096K(465920K)] 1436806K->1283738K(1864192K), 0.1255983 secs] [Times: user=0.75 sys=0.01, real=0.12 secs] 
3322.491: [Full GC (Ergonomics) [PSYoungGen: 80096K->0K(465920K)] [ParOldGen: 1203642K->79901K(1398272K)] 1283738K->79901K(1864192K), [Metaspace: 60145K->60145K(1105920K)], 0.2231916 secs] [Times: user=1.03 sys=0.00, real=0.23 secs] 
3323.104: [GC (Allocation Failure) [PSYoungGen: 232960K->173984K(465920K)] 312861K->253885K(1864192K), 0.0530577 secs] [Times: user=0.32 sys=0.00, real=0.05 secs] 
3326.311: [GC (Allocation Failure) [PSYoungGen: 406944K->74880K(465920K)] 486845K->328725K(1864192K), 0.1152691 secs] [Times: user=0.69 sys=0.00, real=0.12 secs] 
3326.750: [GC (Allocation Failure) [PSYoungGen: 307840K->207968K(465920K)] 561685K->530686K(1864192K), 0.0569052 secs] [Times: user=0.33 sys=0.00, real=0.06 secs] 
3329.469: [GC (Allocation Failure) [PSYoungGen: 440928K->84512K(465920K)] 763646K->582014K(1864192K), 0.1040106 secs] [Times: user=0.62 sys=0.00, real=0.10 secs] 
3330.654: [GC (Allocation Failure) [PSYoungGen: 312526K->197440K(465920K)] 810029K->773051K(1864192K), 0.0674616 secs] [Times: user=0.41 sys=0.00, real=0.06 secs] 
3332.017: [GC (Allocation Failure) [PSYoungGen: 430120K->92864K(465920K)] 1005731K->828267K(1864192K), 0.0846088 secs] [Times: user=0.50 sys=0.00, real=0.08 secs] 
3333.216: [GC (Allocation Failure) [PSYoungGen: 325824K->150880K(465920K)] 1061227K->972868K(1864192K), 0.0607217 secs] [Times: user=0.36 sys=0.00, real=0.06 secs] 
3334.881: [GC (Allocation Failure) [PSYoungGen: 383840K->98912K(465920K)] 1205828K->1071852K(1864192K), 0.0806197 secs] [Times: user=0.48 sys=0.00, real=0.08 secs] 
3336.563: [GC (Allocation Failure) [PSYoungGen: 331872K->149344K(465920K)] 1304812K->1211051K(1864192K), 0.0611711 secs] [Times: user=0.36 sys=0.00, real=0.07 secs] 
3338.577: [GC (Allocation Failure) [PSYoungGen: 382304K->109824K(465920K)] 1444011K->1320219K(1864192K), 0.0745906 secs] [Times: user=0.44 sys=0.00, real=0.07 secs] 
3338.652: [Full GC (Ergonomics) [PSYoungGen: 109824K->0K(465920K)] [ParOldGen: 1210395K->124962K(1398272K)] 1320219K->124962K(1864192K), [Metaspace: 60146K->60146K(1105920K)], 0.3018603 secs] [Times: user=1.32 sys=0.01, real=0.30 secs] 
3340.391: [GC (Allocation Failure) [PSYoungGen: 232960K->138208K(371200K)] 357922K->263170K(1769472K), 0.0480736 secs] [Times: user=0.29 sys=0.00, real=0.05 secs] 
3341.906: [GC (Allocation Failure) [PSYoungGen: 371168K->116256K(472576K)] 496130K->379282K(1870848K), 0.0709900 secs] [Times: user=0.42 sys=0.01, real=0.07 secs] 
3343.535: [GC (Allocation Failure) [PSYoungGen: 357408K->132352K(373760K)] 620434K->500906K(1772032K), 0.0615873 secs] [Times: user=0.36 sys=0.00, real=0.06 secs] 
3344.458: [GC (Allocation Failure) [PSYoungGen: 373504K->141984K(463360K)] 742058K->642946K(1861632K), 0.0886665 secs] [Times: user=0.52 sys=0.00, real=0.09 secs] 
3347.233: [GC (Allocation Failure) [PSYoungGen: 389792K->4256K(459776K)] 890754K->505242K(1858048K), 0.0029465 secs] [Times: user=0.02 sys=0.00, real=0.01 secs] 
3348.152: [GC (Allocation Failure) [PSYoungGen: 252064K->167552K(458240K)] 753050K->671418K(1856512K), 0.0333669 secs] [Times: user=0.20 sys=0.00, real=0.04 secs] 
3349.900: [GC (Allocation Failure) [PSYoungGen: 400512K->95392K(465920K)] 904378K->757274K(1864192K), 0.1565425 secs] [Times: user=0.93 sys=0.00, real=0.16 secs] 
3351.396: [GC (Allocation Failure) [PSYoungGen: 328352K->167968K(459264K)] 990234K->922432K(1857536K), 0.0511079 secs] [Times: user=0.30 sys=0.00, real=0.05 secs] 
3352.730: [GC (Allocation Failure) [PSYoungGen: 400928K->91584K(465920K)] 1155392K->1005292K(1864192K), 0.1337864 secs] [Times: user=0.79 sys=0.00, real=0.14 secs] 
3353.415: [GC (Allocation Failure) [PSYoungGen: 308447K->158976K(463360K)] 1222156K->1161241K(1861632K), 0.0502314 secs] [Times: user=0.30 sys=0.00, real=0.05 secs] 
3355.805: [GC (Allocation Failure) [PSYoungGen: 393984K->91744K(327168K)] 1396249K->1244393K(1725440K), 0.1711344 secs] [Times: user=1.02 sys=0.00, real=0.17 secs] 
3357.265: [GC (Allocation Failure) [PSYoungGen: 312850K->159904K(461824K)] 1465499K->1400482K(1860096K), 0.0510039 secs] [Times: user=0.28 sys=0.02, real=0.05 secs] 
3357.316: [Full GC (Ergonomics) [PSYoungGen: 159904K->0K(461824K)] [ParOldGen: 1240578K->198003K(1398272K)] 1400482K->198003K(1860096K), [Metaspace: 60164K->60164K(1105920K)], 0.4740655 secs] [Times: user=2.21 sys=0.00, real=0.47 secs] 
3359.480: [GC (Allocation Failure) [PSYoungGen: 235008K->95296K(465408K)] 433011K->293300K(1863680K), 0.0885527 secs] [Times: user=0.53 sys=0.00, real=0.09 secs] 
3360.298: [GC (Allocation Failure) [PSYoungGen: 330304K->164992K(461824K)] 528308K->454548K(1860096K), 0.0499760 secs] [Times: user=0.30 sys=0.00, real=0.05 secs] 
3362.714: [GC (Allocation Failure) [PSYoungGen: 401536K->89696K(466944K)] 691092K->543612K(1865216K), 0.1680730 secs] [Times: user=1.00 sys=0.00, real=0.16 secs] 
3363.235: [GC (Allocation Failure) [PSYoungGen: 326240K->173760K(459264K)] 780156K->713897K(1857536K), 0.0558522 secs] [Times: user=0.33 sys=0.00, real=0.05 secs] 
3366.728: [GC (Allocation Failure) [PSYoungGen: 406720K->81888K(465920K)] 946857K->795801K(1864192K), 0.1410061 secs] [Times: user=0.84 sys=0.00, real=0.14 secs] 
3367.172: [GC (Allocation Failure) [PSYoungGen: 314848K->176640K(464896K)] 1028761K->962162K(1863168K), 0.0552332 secs] [Times: user=0.33 sys=0.00, real=0.06 secs] 
3370.405: [GC (Allocation Failure) [PSYoungGen: 409600K->73024K(465920K)] 1195122K->1035234K(1864192K), 0.1191682 secs] [Times: user=0.71 sys=0.00, real=0.12 secs] 
3370.794: [GC (Allocation Failure) [PSYoungGen: 305984K->177472K(465920K)] 1268194K->1206051K(1864192K), 0.0553062 secs] [Times: user=0.33 sys=0.00, real=0.05 secs] 
3373.973: [GC (Allocation Failure) [PSYoungGen: 410432K->75840K(465920K)] 1439011K->1282095K(1864192K), 0.1222256 secs] [Times: user=0.73 sys=0.00, real=0.13 secs] 
3374.095: [Full GC (Ergonomics) [PSYoungGen: 75840K->0K(465920K)] [ParOldGen: 1206255K->81612K(1398272K)] 1282095K->81612K(1864192K), [Metaspace: 60172K->60172K(1105920K)], 0.1936118 secs] [Times: user=0.88 sys=0.00, real=0.19 secs] 
3374.539: [GC (Allocation Failure) [PSYoungGen: 232960K->175424K(465920K)] 314572K->257036K(1864192K), 0.0377441 secs] [Times: user=0.22 sys=0.01, real=0.04 secs] 
3377.011: [GC (Allocation Failure) [PSYoungGen: 408384K->76416K(465920K)] 489996K->333368K(1864192K), 0.1005451 secs] [Times: user=0.59 sys=0.00, real=0.10 secs] 
3378.405: [GC (Allocation Failure) [PSYoungGen: 306542K->205504K(465920K)] 563494K->532457K(1864192K), 0.0594979 secs] [Times: user=0.35 sys=0.00, real=0.06 secs] 
3380.860: [GC (Allocation Failure) [PSYoungGen: 438464K->80768K(465920K)] 765417K->578633K(1864192K), 0.1110860 secs] [Times: user=0.65 sys=0.02, real=0.11 secs] 
3382.087: [GC (Allocation Failure) [PSYoungGen: 313728K->206938K(465920K)] 811593K->779096K(1864192K), 0.0692717 secs] [Times: user=0.42 sys=0.00, real=0.07 secs] 
3383.684: [GC (Allocation Failure) [PSYoungGen: 436442K->92640K(465920K)] 1008600K->828445K(1864192K), 0.0823190 secs] [Times: user=0.49 sys=0.00, real=0.08 secs] 
3385.339: [GC (Allocation Failure) [PSYoungGen: 325600K->151392K(465920K)] 1061405K->973733K(1864192K), 0.0602891 secs] [Times: user=0.36 sys=0.00, real=0.06 secs] 
3387.452: [GC (Allocation Failure) [PSYoungGen: 379413K->93088K(465920K)] 1201754K->1066557K(1864192K), 0.0898559 secs] [Times: user=0.53 sys=0.00, real=0.09 secs] 
3388.699: [GC (Allocation Failure) [PSYoungGen: 326048K->151232K(465920K)] 1299517K->1211261K(1864192K), 0.0609925 secs] [Times: user=0.36 sys=0.00, real=0.06 secs] 
3391.135: [GC (Allocation Failure) [PSYoungGen: 384192K->97792K(465920K)] 1444221K->1308877K(1864192K), 0.0745215 secs] [Times: user=0.44 sys=0.00, real=0.07 secs] 
3391.209: [Full GC (Ergonomics) [PSYoungGen: 97792K->0K(465920K)] [ParOldGen: 1211085K->112903K(1398272K)] 1308877K->112903K(1864192K), [Metaspace: 60176K->60176K(1105920K)], 0.2473766 secs] [Times: user=1.13 sys=0.00, real=0.25 secs] 
3392.565: [GC (Allocation Failure) [PSYoungGen: 232960K->150368K(465920K)] 345863K->263271K(1864192K), 0.0538821 secs] [Times: user=0.32 sys=0.00, real=0.05 secs] 
3394.405: [GC (Allocation Failure) [PSYoungGen: 383328K->104416K(465920K)] 496231K->367603K(1864192K), 0.0918216 secs] [Times: user=0.54 sys=0.00, real=0.09 secs] 
3395.649: [GC (Allocation Failure) [PSYoungGen: 337376K->143968K(463872K)] 600563K->500967K(1862144K), 0.0602889 secs] [Times: user=0.36 sys=0.00, real=0.06 secs] 
3397.140: [GC (Allocation Failure) [PSYoungGen: 376928K->117440K(350720K)] 733927K->618152K(1748992K), 0.0594999 secs] [Times: user=0.35 sys=0.01, real=0.06 secs] 
3398.334: [GC (Allocation Failure) [PSYoungGen: 350400K->130592K(467456K)] 851112K->738383K(1865728K), 0.0614299 secs] [Times: user=0.36 sys=0.00, real=0.06 secs] 
3400.733: [GC (Allocation Failure) [PSYoungGen: 374816K->133280K(459264K)] 982607K->871767K(1857536K), 0.0579756 secs] [Times: user=0.34 sys=0.00, real=0.06 secs] 
3401.933: [GC (Allocation Failure) [PSYoungGen: 377504K->3424K(455680K)] 1115991K->742035K(1853952K), 0.0024169 secs] [Times: user=0.01 sys=0.00, real=0.01 secs] 
3403.560: [GC (Allocation Failure) [PSYoungGen: 250720K->164896K(468992K)] 989331K->905148K(1867264K), 0.0332039 secs] [Times: user=0.19 sys=0.01, real=0.03 secs] 
3405.920: [GC (Allocation Failure) [PSYoungGen: 412192K->102240K(470016K)] 1152444K->998260K(1868288K), 0.1677168 secs] [Times: user=0.99 sys=0.01, real=0.17 secs] 
3406.848: [GC (Allocation Failure) [PSYoungGen: 335082K->164704K(470016K)] 1231102K->1160144K(1868288K), 0.0529705 secs] [Times: user=0.31 sys=0.00, real=0.05 secs] 
3409.179: [GC (Allocation Failure) [PSYoungGen: 413024K->100544K(470528K)] 1408464K->1251504K(1868800K), 0.1773902 secs] [Times: user=1.05 sys=0.01, real=0.18 secs] 
3410.361: [GC (Allocation Failure) [PSYoungGen: 349376K->180000K(429056K)] 1500336K->1427149K(1827328K), 0.0547077 secs] [Times: user=0.32 sys=0.00, real=0.06 secs] 
3410.416: [Full GC (Ergonomics) [PSYoungGen: 180000K->0K(429056K)] [ParOldGen: 1247149K->226641K(1398272K)] 1427149K->226641K(1827328K), [Metaspace: 60182K->60182K(1105920K)], 0.5392719 secs] [Times: user=2.47 sys=0.00, real=0.54 secs] 
3413.507: [GC (Allocation Failure) [PSYoungGen: 248832K->88832K(469504K)] 475473K->315473K(1867776K), 0.0804304 secs] [Times: user=0.47 sys=0.00, real=0.08 secs] 
3414.032: [GC (Allocation Failure) [PSYoungGen: 325376K->178080K(465920K)] 552017K->487018K(1864192K), 0.0625902 secs] [Times: user=0.37 sys=0.00, real=0.07 secs] 
3416.761: [GC (Allocation Failure) [PSYoungGen: 414624K->83552K(465920K)] 723562K->570746K(1864192K), 0.1076516 secs] [Times: user=0.64 sys=0.00, real=0.11 secs] 
3417.825: [GC (Allocation Failure) [PSYoungGen: 312486K->199680K(465920K)] 799681K->764563K(1864192K), 0.0610639 secs] [Times: user=0.37 sys=0.00, real=0.06 secs] 
3420.400: [GC (Allocation Failure) [PSYoungGen: 432640K->83264K(465920K)] 997523K->812443K(1864192K), 0.0921158 secs] [Times: user=0.55 sys=0.00, real=0.09 secs] 
3421.652: [GC (Allocation Failure) [PSYoungGen: 316224K->160960K(465920K)] 1045403K->966644K(1864192K), 0.0599317 secs] [Times: user=0.36 sys=0.00, real=0.06 secs] 
3422.656: [GC (Allocation Failure) [PSYoungGen: 390022K->93408K(465920K)] 1195706K->1060236K(1864192K), 0.0702986 secs] [Times: user=0.42 sys=0.00, real=0.07 secs] 
3423.963: [GC (Allocation Failure) [PSYoungGen: 326368K->151104K(465920K)] 1293196K->1204491K(1864192K), 0.0611163 secs] [Times: user=0.35 sys=0.01, real=0.07 secs] 
3424.970: [GC (Allocation Failure) [PSYoungGen: 384064K->104224K(465920K)] 1437451K->1308779K(1864192K), 0.0609639 secs] [Times: user=0.36 sys=0.00, real=0.06 secs] 
3425.031: [Full GC (Ergonomics) [PSYoungGen: 104224K->0K(465920K)] [ParOldGen: 1204555K->119378K(1398272K)] 1308779K->119378K(1864192K), [Metaspace: 60185K->60185K(1105920K)], 0.2682236 secs] [Times: user=1.20 sys=0.00, real=0.27 secs] 
3427.249: [GC (Allocation Failure) [PSYoungGen: 232960K->144000K(377344K)] 352338K->263378K(1775616K), 0.0503529 secs] [Times: user=0.29 sys=0.01, real=0.05 secs] 
3428.259: [GC (Allocation Failure) [PSYoungGen: 376960K->113472K(470528K)] 496338K->376746K(1868800K), 0.0773307 secs] [Times: user=0.45 sys=0.00, real=0.08 secs] 
3430.292: [GC (Allocation Failure) [PSYoungGen: 354112K->134048K(374784K)] 617386K->500566K(1773056K), 0.0609060 secs] [Times: user=0.36 sys=0.00, real=0.06 secs] 
3431.388: [GC (Allocation Failure) [PSYoungGen: 374688K->135296K(467456K)] 741206K->635958K(1865728K), 0.0824503 secs] [Times: user=0.49 sys=0.00, real=0.08 secs] 
3434.392: [GC (Allocation Failure) [PSYoungGen: 387712K->2784K(461824K)] 888374K->503470K(1860096K), 0.0023422 secs] [Times: user=0.01 sys=0.00, real=0.01 secs] 
3435.763: [GC (Allocation Failure) [PSYoungGen: 255200K->174240K(455680K)] 755886K->676787K(1853952K), 0.0328949 secs] [Times: user=0.20 sys=0.00, real=0.04 secs] 
3437.603: [GC (Allocation Failure) [PSYoungGen: 407200K->94752K(465920K)] 909747K->754503K(1864192K), 0.0917124 secs] [Times: user=0.54 sys=0.00, real=0.10 secs] 
3438.412: [GC (Allocation Failure) [PSYoungGen: 327712K->176512K(459776K)] 987463K->929140K(1858048K), 0.0665645 secs] [Times: user=0.39 sys=0.01, real=0.07 secs] 
3440.936: [GC (Allocation Failure) [PSYoungGen: 409472K->88512K(465920K)] 1162100K->1001052K(1864192K), 0.1494454 secs] [Times: user=0.89 sys=0.00, real=0.15 secs] 
3442.073: [GC (Allocation Failure) [PSYoungGen: 315561K->162688K(465408K)] 1228101K->1161517K(1863680K), 0.0487516 secs] [Times: user=0.29 sys=0.00, real=0.05 secs] 
3444.571: [GC (Allocation Failure) [PSYoungGen: 395648K->90080K(323072K)] 1394477K->1243285K(1721344K), 0.1817892 secs] [Times: user=1.09 sys=0.00, real=0.18 secs] 
3445.746: [GC (Allocation Failure) [PSYoungGen: 312947K->160704K(463360K)] 1466153K->1400546K(1861632K), 0.0483874 secs] [Times: user=0.29 sys=0.00, real=0.05 secs] 
3445.795: [Full GC (Ergonomics) [PSYoungGen: 160704K->0K(463360K)] [ParOldGen: 1239842K->197489K(1398272K)] 1400546K->197489K(1861632K), [Metaspace: 60188K->60188K(1105920K)], 0.4659737 secs] [Times: user=2.17 sys=0.00, real=0.46 secs] 
3447.860: [GC (Allocation Failure) [PSYoungGen: 231936K->86592K(464896K)] 429425K->284081K(1863168K), 0.0489945 secs] [Times: user=0.28 sys=0.00, real=0.05 secs] 
3449.363: [GC (Allocation Failure) [PSYoungGen: 318528K->164416K(463360K)] 516017K->445270K(1861632K), 0.0468461 secs] [Times: user=0.28 sys=0.00, real=0.05 secs] 
3450.772: [GC (Allocation Failure) [PSYoungGen: 396864K->95392K(328192K)] 677718K->531670K(1726464K), 0.0892755 secs] [Times: user=0.53 sys=0.00, real=0.09 secs] 
3451.262: [GC (Allocation Failure) [PSYoungGen: 327840K->167808K(461824K)] 764118K->696423K(1860096K), 0.0504779 secs] [Times: user=0.30 sys=0.00, real=0.05 secs] 
3454.758: [GC (Allocation Failure) [PSYoungGen: 399744K->79424K(464896K)] 928359K->775967K(1863168K), 0.1654960 secs] [Times: user=0.98 sys=0.01, real=0.17 secs] 
3455.417: [GC (Allocation Failure) [PSYoungGen: 311360K->183424K(465920K)] 1007903K->955724K(1864192K), 0.0540582 secs] [Times: user=0.32 sys=0.00, real=0.05 secs] 
3458.496: [GC (Allocation Failure) [PSYoungGen: 416384K->79392K(465920K)] 1188684K->1018548K(1864192K), 0.1789422 secs] [Times: user=1.06 sys=0.00, real=0.18 secs] 
3459.002: [GC (Allocation Failure) [PSYoungGen: 312352K->171296K(465920K)] 1251508K->1186011K(1864192K), 0.0548085 secs] [Times: user=0.32 sys=0.00, real=0.06 secs] 
3462.373: [GC (Allocation Failure) [PSYoungGen: 403463K->79328K(465920K)] 1418178K->1265543K(1864192K), 0.1566654 secs] [Times: user=0.93 sys=0.00, real=0.16 secs] 
3462.530: [Full GC (Ergonomics) [PSYoungGen: 79328K->0K(465920K)] [ParOldGen: 1186215K->64228K(1398272K)] 1265543K->64228K(1864192K), [Metaspace: 60189K->60189K(1105920K)], 0.1695370 secs] [Times: user=0.79 sys=0.01, real=0.17 secs] 
3463.089: [GC (Allocation Failure) [PSYoungGen: 232960K->171168K(465920K)] 297188K->235396K(1864192K), 0.0372652 secs] [Times: user=0.22 sys=0.01, real=0.04 secs] 
3465.941: [GC (Allocation Failure) [PSYoungGen: 404128K->77344K(465920K)] 468356K->312948K(1864192K), 0.1534341 secs] [Times: user=0.91 sys=0.00, real=0.16 secs] 
3466.795: [GC (Allocation Failure) [PSYoungGen: 310304K->174208K(465920K)] 545908K->481309K(1864192K), 0.0945260 secs] [Times: user=0.57 sys=0.00, real=0.09 secs] 
3469.825: [GC (Allocation Failure) [PSYoungGen: 407168K->77024K(465920K)] 714269K->558549K(1864192K), 0.1426809 secs] [Times: user=0.85 sys=0.01, real=0.14 secs] 
3470.369: [GC (Allocation Failure) [PSYoungGen: 309984K->177280K(465920K)] 791509K->730082K(1864192K), 0.0787469 secs] [Times: user=0.47 sys=0.00, real=0.08 secs] 
3472.850: [GC (Allocation Failure) [PSYoungGen: 410240K->78880K(465920K)] 963042K->809166K(1864192K), 0.1195236 secs] [Times: user=0.71 sys=0.00, real=0.12 secs] 
3474.082: [GC (Allocation Failure) [PSYoungGen: 311620K->204448K(465920K)] 1041906K->1007083K(1864192K), 0.0741326 secs] [Times: user=0.44 sys=0.00, real=0.08 secs] 
3475.546: [GC (Allocation Failure) [PSYoungGen: 437408K->90176K(465920K)] 1240043K->1063371K(1864192K), 0.0928164 secs] [Times: user=0.55 sys=0.00, real=0.09 secs] 
3477.997: [GC (Allocation Failure) [PSYoungGen: 323136K->153248K(465920K)] 1296331K->1210388K(1864192K), 0.0607247 secs] [Times: user=0.36 sys=0.00, real=0.06 secs] 
3480.225: [GC (Allocation Failure) [PSYoungGen: 383995K->93088K(465920K)] 1441135K->1303284K(1864192K), 0.0789220 secs] [Times: user=0.47 sys=0.00, real=0.08 secs] 
3480.304: [Full GC (Ergonomics) [PSYoungGen: 93088K->0K(465920K)] [ParOldGen: 1210196K->108710K(1398272K)] 1303284K->108710K(1864192K), [Metaspace: 60191K->60191K(1105920K)], 0.2494857 secs] [Times: user=1.14 sys=0.00, real=0.24 secs] 
3481.781: [GC (Allocation Failure) [PSYoungGen: 232960K->150784K(465920K)] 341670K->259494K(1864192K), 0.0426615 secs] [Times: user=0.26 sys=0.00, real=0.05 secs] 
3484.231: [GC (Allocation Failure) [PSYoungGen: 377955K->93344K(465920K)] 486666K->353046K(1864192K), 0.0824708 secs] [Times: user=0.49 sys=0.00, real=0.08 secs] 
3485.445: [GC (Allocation Failure) [PSYoungGen: 326304K->151008K(465920K)] 586006K->497291K(1864192K), 0.0597975 secs] [Times: user=0.35 sys=0.00, real=0.06 secs] 
3486.326: [GC (Allocation Failure) [PSYoungGen: 383968K->107648K(340992K)] 730251K->605067K(1739264K), 0.0654425 secs] [Times: user=0.39 sys=0.00, real=0.06 secs] 
3488.831: [GC (Allocation Failure) [PSYoungGen: 340608K->139936K(470528K)] 838027K->734848K(1868800K), 0.0602423 secs] [Times: user=0.36 sys=0.00, real=0.06 secs] 
3489.936: [GC (Allocation Failure) [PSYoungGen: 378016K->119616K(357888K)] 972928K->854536K(1756160K), 0.0655917 secs] [Times: user=0.39 sys=0.00, real=0.06 secs] 
3491.410: [GC (Allocation Failure) [PSYoungGen: 357696K->128352K(466432K)] 1092616K->972725K(1864704K), 0.0621926 secs] [Times: user=0.37 sys=0.00, real=0.06 secs] 
3494.094: [GC (Allocation Failure) [PSYoungGen: 376160K->136960K(457728K)] 1220533K->1109453K(1856000K), 0.0582229 secs] [Times: user=0.34 sys=0.00, real=0.05 secs] 
3495.345: [GC (Allocation Failure) [PSYoungGen: 384768K->5152K(462336K)] 1357261K->977721K(1860608K), 0.0038985 secs] [Times: user=0.02 sys=0.00, real=0.00 secs] 
3497.294: [GC (Allocation Failure) [PSYoungGen: 262176K->171648K(429056K)] 1234745K->1147649K(1827328K), 0.0351521 secs] [Times: user=0.21 sys=0.00, real=0.03 secs] 
3498.836: [GC (Allocation Failure) [PSYoungGen: 428672K->113216K(479232K)] 1404673K->1251705K(1877504K), 0.1505858 secs] [Times: user=0.90 sys=0.00, real=0.15 secs] 
3499.724: [GC (Allocation Failure) [PSYoungGen: 363584K->179616K(430080K)] 1502073K->1428026K(1828352K), 0.1163796 secs] [Times: user=0.68 sys=0.00, real=0.12 secs] 
3499.840: [Full GC (Ergonomics) [PSYoungGen: 179616K->0K(430080K)] [ParOldGen: 1248410K->231661K(1398272K)] 1428026K->231661K(1828352K), [Metaspace: 60213K->60213K(1105920K)], 0.5718573 secs] [Times: user=2.71 sys=0.00, real=0.57 secs] 
3504.170: [GC (Allocation Failure) [PSYoungGen: 250368K->90464K(471552K)] 482029K->322125K(1869824K), 0.0633278 secs] [Times: user=0.38 sys=0.00, real=0.06 secs] 
3505.018: [GC (Allocation Failure) [PSYoungGen: 330080K->216384K(456192K)] 561741K->532142K(1854464K), 0.0635338 secs] [Times: user=0.38 sys=0.01, real=0.06 secs] 
3507.910: [GC (Allocation Failure) [PSYoungGen: 456000K->88576K(465920K)] 771758K->579910K(1864192K), 0.1044865 secs] [Times: user=0.63 sys=0.00, real=0.11 secs] 
3509.117: [GC (Allocation Failure) [PSYoungGen: 321536K->155616K(465920K)] 812870K->728979K(1864192K), 0.0604245 secs] [Times: user=0.36 sys=0.00, real=0.06 secs] 
3511.494: [GC (Allocation Failure) [PSYoungGen: 387407K->93120K(465920K)] 960770K->821947K(1864192K), 0.0832958 secs] [Times: user=0.49 sys=0.00, real=0.08 secs] 
3512.972: [GC (Allocation Failure) [PSYoungGen: 326080K->151072K(465920K)] 1054907K->966426K(1864192K), 0.0603160 secs] [Times: user=0.36 sys=0.00, real=0.06 secs] 
3513.892: [GC (Allocation Failure) [PSYoungGen: 384032K->102496K(462848K)] 1199386K->1069154K(1861120K), 0.0846369 secs] [Times: user=0.50 sys=0.00, real=0.09 secs] 
3516.252: [GC (Allocation Failure) [PSYoungGen: 335456K->145824K(464384K)] 1302114K->1204397K(1862656K), 0.0613257 secs] [Times: user=0.36 sys=0.00, real=0.07 secs] 
3518.270: [GC (Allocation Failure) [PSYoungGen: 378784K->110400K(454656K)] 1437357K->1314597K(1852928K), 0.0764880 secs] [Times: user=0.46 sys=0.00, real=0.08 secs] 
3518.346: [Full GC (Ergonomics) [PSYoungGen: 110400K->0K(454656K)] [ParOldGen: 1204197K->125946K(1398272K)] 1314597K->125946K(1852928K), [Metaspace: 60214K->60214K(1105920K)], 0.2802666 secs] [Times: user=1.27 sys=0.00, real=0.28 secs] 
3519.758: [GC (Allocation Failure) [PSYoungGen: 239104K->137376K(460288K)] 365050K->263322K(1858560K), 0.0476017 secs] [Times: user=0.28 sys=0.00, real=0.05 secs] 
3521.626: [GC (Allocation Failure) [PSYoungGen: 376480K->124992K(459776K)] 502426K->388202K(1858048K), 0.0707469 secs] [Times: user=0.42 sys=0.00, real=0.07 secs] 
3522.873: [GC (Allocation Failure) [PSYoungGen: 386624K->4608K(468992K)] 649834K->267842K(1867264K), 0.0031727 secs] [Times: user=0.02 sys=0.01, real=0.01 secs] 
3524.797: [GC (Allocation Failure) [PSYoungGen: 266240K->177216K(453632K)] 529474K->443336K(1851904K), 0.0351380 secs] [Times: user=0.20 sys=0.01, real=0.03 secs] 
3526.240: [GC (Allocation Failure) [PSYoungGen: 410176K->96256K(465920K)] 676296K->530648K(1864192K), 0.0824529 secs] [Times: user=0.49 sys=0.00, real=0.08 secs] 
3527.580: [GC (Allocation Failure) [PSYoungGen: 318481K->159968K(464384K)] 752873K->684421K(1862656K), 0.0497380 secs] [Times: user=0.30 sys=0.00, real=0.05 secs] 
3529.263: [GC (Allocation Failure) [PSYoungGen: 398048K->95584K(333824K)] 922501K->771325K(1732096K), 0.1240431 secs] [Times: user=0.73 sys=0.00, real=0.13 secs] 
3529.937: [GC (Allocation Failure) [PSYoungGen: 333664K->219520K(457216K)] 1009405K->987654K(1855488K), 0.0588111 secs] [Times: user=0.31 sys=0.05, real=0.06 secs] 
3535.301: [GC (Allocation Failure) [PSYoungGen: 452480K->80736K(465920K)] 1220614K->1018958K(1864192K), 0.1763550 secs] [Times: user=1.05 sys=0.00, real=0.18 secs] 
3536.422: [GC (Allocation Failure) [PSYoungGen: 313696K->167744K(465920K)] 1251918K->1182663K(1864192K), 0.0546339 secs] [Times: user=0.32 sys=0.00, real=0.06 secs] 
3539.482: [GC (Allocation Failure) [PSYoungGen: 400704K->80928K(465920K)] 1415623K->1263175K(1864192K), 0.1415287 secs] [Times: user=0.84 sys=0.00, real=0.14 secs] 
3539.623: [Full GC (Ergonomics) [PSYoungGen: 80928K->0K(465920K)] [ParOldGen: 1182247K->60898K(1398272K)] 1263175K->60898K(1864192K), [Metaspace: 60214K->60214K(1105920K)], 0.1604156 secs] [Times: user=0.73 sys=0.00, real=0.17 secs] 
3540.054: [GC (Allocation Failure) [PSYoungGen: 232960K->171136K(465920K)] 293858K->232034K(1864192K), 0.0352859 secs] [Times: user=0.21 sys=0.00, real=0.03 secs] 
3543.311: [GC (Allocation Failure) [PSYoungGen: 404096K->81248K(465920K)] 464994K->313410K(1864192K), 0.1468004 secs] [Times: user=0.87 sys=0.00, real=0.15 secs] 
3544.387: [GC (Allocation Failure) [PSYoungGen: 314208K->171840K(465920K)] 546370K->479211K(1864192K), 0.1050585 secs] [Times: user=0.63 sys=0.00, real=0.10 secs] 
3546.162: [GC (Allocation Failure) [PSYoungGen: 404800K->86144K(465920K)] 712171K->565539K(1864192K), 0.1353087 secs] [Times: user=0.80 sys=0.01, real=0.14 secs] 
3546.735: [GC (Allocation Failure) [PSYoungGen: 319104K->174272K(465920K)] 798499K->733607K(1864192K), 0.0838496 secs] [Times: user=0.50 sys=0.00, real=0.08 secs] 
3549.444: [GC (Allocation Failure) [PSYoungGen: 407232K->87968K(465920K)] 966567K->821196K(1864192K), 0.1008680 secs] [Times: user=0.60 sys=0.00, real=0.10 secs] 
3550.942: [GC (Allocation Failure) [PSYoungGen: 317789K->196960K(465920K)] 1051017K->1008216K(1864192K), 0.0597249 secs] [Times: user=0.36 sys=0.00, real=0.06 secs] 
3553.502: [GC (Allocation Failure) [PSYoungGen: 429920K->83744K(465920K)] 1241176K->1057168K(1864192K), 0.1011644 secs] [Times: user=0.61 sys=0.00, real=0.10 secs] 
3555.171: [GC (Allocation Failure) [PSYoungGen: 316704K->160480K(465920K)] 1290128K->1211105K(1864192K), 0.0597751 secs] [Times: user=0.35 sys=0.00, real=0.06 secs] 
3557.138: [GC (Allocation Failure) [PSYoungGen: 393440K->89696K(465920K)] 1444065K->1300937K(1864192K), 0.0891282 secs] [Times: user=0.53 sys=0.00, real=0.09 secs] 
3557.228: [Full GC (Ergonomics) [PSYoungGen: 89696K->0K(465920K)] [ParOldGen: 1211241K->105365K(1398272K)] 1300937K->105365K(1864192K), [Metaspace: 60214K->60214K(1105920K)], 0.2430100 secs] [Times: user=1.12 sys=0.00, real=0.24 secs] 
3558.567: [GC (Allocation Failure) [PSYoungGen: 232960K->154176K(465920K)] 338325K->259541K(1864192K), 0.0442291 secs] [Times: user=0.26 sys=0.00, real=0.04 secs] 
3559.641: [GC (Allocation Failure) [PSYoungGen: 387136K->104000K(465920K)] 492501K->363765K(1864192K), 0.0728607 secs] [Times: user=0.43 sys=0.00, real=0.08 secs] 
3561.867: [GC (Allocation Failure) [PSYoungGen: 336960K->144224K(465920K)] 596725K->496922K(1864192K), 0.0600434 secs] [Times: user=0.36 sys=0.00, real=0.06 secs] 
3563.981: [GC (Allocation Failure) [PSYoungGen: 377184K->109792K(343040K)] 729882K->606970K(1741312K), 0.0775370 secs] [Times: user=0.47 sys=0.00, real=0.08 secs] 
3565.203: [GC (Allocation Failure) [PSYoungGen: 342752K->138400K(468480K)] 839930K->734394K(1866752K), 0.0611253 secs] [Times: user=0.37 sys=0.00, real=0.07 secs] 
3566.200: [GC (Allocation Failure) [PSYoungGen: 377504K->132736K(372224K)] 973498K->867322K(1770496K), 0.0599642 secs] [Times: user=0.36 sys=0.00, real=0.06 secs] 
3567.510: [GC (Allocation Failure) [PSYoungGen: 371840K->2720K(449024K)] 1106426K->737362K(1847296K), 0.0023396 secs] [Times: user=0.01 sys=0.00, real=0.00 secs] 
3569.303: [GC (Allocation Failure) [PSYoungGen: 236192K->148544K(461824K)] 970834K->884799K(1860096K), 0.0351075 secs] [Times: user=0.21 sys=0.00, real=0.04 secs] 
3571.381: [GC (Allocation Failure) [PSYoungGen: 382016K->3328K(461824K)] 1118271K->739671K(1860096K), 0.0028914 secs] [Times: user=0.01 sys=0.00, real=0.01 secs] 
3572.825: [GC (Allocation Failure) [PSYoungGen: 236288K->151712K(465920K)] 972631K->889812K(1864192K), 0.0302728 secs] [Times: user=0.18 sys=0.00, real=0.03 secs] 
3574.446: [GC (Allocation Failure) [PSYoungGen: 384672K->100832K(459776K)] 1122772K->981356K(1858048K), 0.0707649 secs] [Times: user=0.42 sys=0.00, real=0.07 secs] 
3575.276: [GC (Allocation Failure) [PSYoungGen: 333792K->164832K(462848K)] 1214316K->1145285K(1861120K), 0.0537790 secs] [Times: user=0.32 sys=0.00, real=0.05 secs] 
3577.892: [GC (Allocation Failure) [PSYoungGen: 397792K->88672K(466944K)] 1378245K->1225709K(1865216K), 0.1712167 secs] [Times: user=1.02 sys=0.00, real=0.17 secs] 
3579.146: [GC (Allocation Failure) [PSYoungGen: 323680K->175392K(465920K)] 1460717K->1398788K(1864192K), 0.0505399 secs] [Times: user=0.30 sys=0.00, real=0.05 secs] 
3579.197: [Full GC (Ergonomics) [PSYoungGen: 175392K->0K(465920K)] [ParOldGen: 1223396K->191538K(1398272K)] 1398788K->191538K(1864192K), [Metaspace: 60215K->60215K(1105920K)], 0.4580756 secs] [Times: user=2.13 sys=0.00, real=0.46 secs] 
3581.530: [GC (Allocation Failure) [PSYoungGen: 235008K->93088K(465920K)] 426546K->284626K(1864192K), 0.0932176 secs] [Times: user=0.55 sys=0.01, real=0.09 secs] 
3582.769: [GC (Allocation Failure) [PSYoungGen: 316366K->162400K(465920K)] 507904K->444656K(1864192K), 0.0492259 secs] [Times: user=0.29 sys=0.00, real=0.05 secs] 
3585.592: [GC (Allocation Failure) [PSYoungGen: 395360K->86592K(465920K)] 677616K->522804K(1864192K), 0.1688015 secs] [Times: user=1.01 sys=0.00, real=0.17 secs] 
3586.954: [GC (Allocation Failure) [PSYoungGen: 315926K->163488K(465920K)] 752138K->683237K(1864192K), 0.0474795 secs] [Times: user=0.27 sys=0.00, real=0.04 secs] 
3589.293: [GC (Allocation Failure) [PSYoungGen: 396448K->88672K(465920K)] 916197K->762917K(1864192K), 0.1686982 secs] [Times: user=1.01 sys=0.00, real=0.17 secs] 
3590.629: [GC (Allocation Failure) [PSYoungGen: 312058K->160640K(465920K)] 986303K->921370K(1864192K), 0.0479581 secs] [Times: user=0.29 sys=0.00, real=0.05 secs] 
3593.432: [GC (Allocation Failure) [PSYoungGen: 393600K->85472K(463872K)] 1154330K->998382K(1862144K), 0.1455844 secs] [Times: user=0.87 sys=0.00, real=0.15 secs] 
3594.419: [GC (Allocation Failure) [PSYoungGen: 310983K->163456K(464896K)] 1223893K->1159835K(1863168K), 0.0694239 secs] [Times: user=0.42 sys=0.00, real=0.07 secs] 
3596.923: [GC (Allocation Failure) [PSYoungGen: 396416K->87136K(465920K)] 1392795K->1238867K(1864192K), 0.1530635 secs] [Times: user=0.92 sys=0.00, real=0.16 secs] 
3598.319: [GC (Allocation Failure) [PSYoungGen: 313017K->161888K(465920K)] 1464748K->1398868K(1864192K), 0.0882354 secs] [Times: user=0.52 sys=0.01, real=0.09 secs] 
3598.407: [Full GC (Ergonomics) [PSYoungGen: 161888K->0K(465920K)] [ParOldGen: 1236980K->197529K(1398272K)] 1398868K->197529K(1864192K), [Metaspace: 60216K->60216K(1105920K)], 0.5039116 secs] [Times: user=2.39 sys=0.00, real=0.50 secs] 
3601.394: [GC (Allocation Failure) [PSYoungGen: 233984K->85216K(465920K)] 431513K->282753K(1864192K), 0.0942308 secs] [Times: user=0.55 sys=0.00, real=0.09 secs] 
3604.040: [GC (Allocation Failure) [PSYoungGen: 316989K->166080K(465920K)] 514527K->445062K(1864192K), 0.0464585 secs] [Times: user=0.27 sys=0.00, real=0.05 secs] 
3606.049: [GC (Allocation Failure) [PSYoungGen: 400064K->88288K(466432K)] 679046K->524450K(1864704K), 0.1495451 secs] [Times: user=0.88 sys=0.01, real=0.15 secs] 
3607.038: [GC (Allocation Failure) [PSYoungGen: 318417K->161856K(465920K)] 754580K->683743K(1864192K), 0.0477830 secs] [Times: user=0.28 sys=0.00, real=0.05 secs] 
3608.846: [GC (Allocation Failure) [PSYoungGen: 395328K->91680K(462848K)] 917215K->766335K(1861120K), 0.1474500 secs] [Times: user=0.87 sys=0.00, real=0.15 secs] 
3610.022: [GC (Allocation Failure) [PSYoungGen: 325152K->169312K(464384K)] 999807K->931524K(1862656K), 0.0501297 secs] [Times: user=0.30 sys=0.00, real=0.05 secs] 
3612.586: [GC (Allocation Failure) [PSYoungGen: 402784K->82912K(465920K)] 1164996K->1014092K(1864192K), 0.1741513 secs] [Times: user=1.04 sys=0.00, real=0.17 secs] 
3613.840: [GC (Allocation Failure) [PSYoungGen: 315872K->167072K(465920K)] 1247052K->1177309K(1864192K), 0.0530758 secs] [Times: user=0.31 sys=0.00, real=0.05 secs] 
3616.477: [GC (Allocation Failure) [PSYoungGen: 400032K->85696K(465920K)] 1410269K->1262589K(1864192K), 0.1463459 secs] [Times: user=0.87 sys=0.00, real=0.15 secs] 
3616.624: [Full GC (Ergonomics) [PSYoungGen: 85696K->0K(465920K)] [ParOldGen: 1176893K->62391K(1398272K)] 1262589K->62391K(1864192K), [Metaspace: 60337K->60337K(1105920K)], 0.1619861 secs] [Times: user=0.75 sys=0.00, real=0.16 secs] 
3617.285: [GC (Allocation Failure) [PSYoungGen: 232960K->165024K(465920K)] 295351K->227415K(1864192K), 0.0719662 secs] [Times: user=0.43 sys=0.00, real=0.07 secs] 
3621.203: [GC (Allocation Failure) [PSYoungGen: 397984K->76896K(465920K)] 460375K->304495K(1864192K), 0.1467110 secs] [Times: user=0.87 sys=0.00, real=0.15 secs] 
3622.107: [GC (Allocation Failure) [PSYoungGen: 309856K->165600K(465920K)] 537455K->466356K(1864192K), 0.0931492 secs] [Times: user=0.56 sys=0.00, real=0.09 secs] 
3625.401: [GC (Allocation Failure) [PSYoungGen: 398038K->78880K(465920K)] 698795K->544996K(1864192K), 0.1738871 secs] [Times: user=1.03 sys=0.01, real=0.18 secs] 
3626.030: [GC (Allocation Failure) [PSYoungGen: 311840K->171648K(465920K)] 777956K->712625K(1864192K), 0.0600068 secs] [Times: user=0.29 sys=0.00, real=0.06 secs] 
3627.839: [GC (Allocation Failure) [PSYoungGen: 404608K->85920K(465920K)] 945585K->798793K(1864192K), 0.1015128 secs] [Times: user=0.60 sys=0.00, real=0.10 secs] 
3628.823: [GC (Allocation Failure) [PSYoungGen: 318880K->172768K(465920K)] 1031753K->965878K(1864192K), 0.1091860 secs] [Times: user=0.66 sys=0.00, real=0.11 secs] 
3632.065: [GC (Allocation Failure) [PSYoungGen: 405728K->76064K(465920K)] 1198838K->1041806K(1864192K), 0.1177212 secs] [Times: user=0.70 sys=0.00, real=0.11 secs] 
3633.532: [GC (Allocation Failure) [PSYoungGen: 309024K->174048K(465920K)] 1274766K->1209739K(1864192K), 0.1518245 secs] [Times: user=0.91 sys=0.00, real=0.16 secs] 
3635.838: [GC (Allocation Failure) [PSYoungGen: 407008K->79776K(465920K)] 1442699K->1289467K(1864192K), 0.0883348 secs] [Times: user=0.53 sys=0.00, real=0.09 secs] 
3635.926: [Full GC (Ergonomics) [PSYoungGen: 79776K->0K(465920K)] [ParOldGen: 1209691K->94239K(1398272K)] 1289467K->94239K(1864192K), [Metaspace: 60341K->60341K(1105920K)], 0.2088007 secs] [Times: user=0.92 sys=0.00, real=0.21 secs] 
3637.866: [GC (Allocation Failure) [PSYoungGen: 232449K->199584K(465920K)] 326689K->293823K(1864192K), 0.0400331 secs] [Times: user=0.23 sys=0.00, real=0.04 secs] 
3639.291: [GC (Allocation Failure) [PSYoungGen: 432544K->86368K(465920K)] 526783K->346367K(1864192K), 0.0937887 secs] [Times: user=0.56 sys=0.00, real=0.10 secs] 
3641.468: [GC (Allocation Failure) [PSYoungGen: 315743K->195552K(465920K)] 575742K->535604K(1864192K), 0.0669388 secs] [Times: user=0.39 sys=0.00, real=0.07 secs] 
3643.469: [GC (Allocation Failure) [PSYoungGen: 428512K->90176K(465920K)] 768564K->588276K(1864192K), 0.0984911 secs] [Times: user=0.59 sys=0.00, real=0.10 secs] 
3645.284: [GC (Allocation Failure) [PSYoungGen: 323136K->153600K(465920K)] 821236K->735211K(1864192K), 0.0599918 secs] [Times: user=0.36 sys=0.00, real=0.06 secs] 
3646.440: [GC (Allocation Failure) [PSYoungGen: 386560K->100544K(465920K)] 968171K->835979K(1864192K), 0.0881957 secs] [Times: user=0.51 sys=0.00, real=0.09 secs] 
3647.932: [GC (Allocation Failure) [PSYoungGen: 333504K->147872K(465920K)] 1068939K->972872K(1864192K), 0.0605866 secs] [Times: user=0.36 sys=0.00, real=0.06 secs] 
3650.725: [GC (Allocation Failure) [PSYoungGen: 380832K->105792K(465920K)] 1205832K->1078904K(1864192K), 0.0839821 secs] [Times: user=0.50 sys=0.00, real=0.08 secs] 
3651.992: [GC (Allocation Failure) [PSYoungGen: 338752K->142112K(465920K)] 1311864K->1210343K(1864192K), 0.0608056 secs] [Times: user=0.37 sys=0.00, real=0.06 secs] 
3653.252: [GC (Allocation Failure) [PSYoungGen: 375072K->123904K(447488K)] 1443303K->1334447K(1845760K), 0.0629967 secs] [Times: user=0.37 sys=0.00, real=0.07 secs] 
3653.315: [Full GC (Ergonomics) [PSYoungGen: 123904K->0K(447488K)] [ParOldGen: 1210543K->139985K(1398272K)] 1334447K->139985K(1845760K), [Metaspace: 60348K->60348K(1105920K)], 0.3207760 secs] [Times: user=1.47 sys=0.00, real=0.32 secs] 
3656.226: [GC (Allocation Failure) [PSYoungGen: 232960K->123840K(456704K)] 372945K->263825K(1854976K), 0.0421268 secs] [Times: user=0.25 sys=0.00, real=0.04 secs] 
3658.405: [GC (Allocation Failure) [PSYoungGen: 356800K->125856K(458240K)] 496785K->389537K(1856512K), 0.0635562 secs] [Times: user=0.38 sys=0.00, real=0.06 secs] 
3660.392: [GC (Allocation Failure) [PSYoungGen: 385952K->3360K(466944K)] 649633K->267065K(1865216K), 0.0020096 secs] [Times: user=0.01 sys=0.00, real=0.01 secs] 
3662.621: [GC (Allocation Failure) [PSYoungGen: 263456K->170400K(459264K)] 527161K->435582K(1857536K), 0.0332806 secs] [Times: user=0.19 sys=0.00, real=0.04 secs] 
3664.277: [GC (Allocation Failure) [PSYoungGen: 409504K->99968K(468992K)] 674686K->526542K(1867264K), 0.1496388 secs] [Times: user=0.89 sys=0.00, real=0.15 secs] 
3665.151: [GC (Allocation Failure) [PSYoungGen: 324447K->159872K(466944K)] 751022K->684563K(1865216K), 0.0536592 secs] [Times: user=0.32 sys=0.00, real=0.06 secs] 
3667.957: [GC (Allocation Failure) [PSYoungGen: 404096K->94528K(338944K)] 928787K->770635K(1737216K), 0.1656048 secs] [Times: user=0.98 sys=0.00, real=0.16 secs] 
3669.129: [GC (Allocation Failure) [PSYoungGen: 338752K->174240K(456704K)] 1014859K->941168K(1854976K), 0.0507396 secs] [Times: user=0.30 sys=0.00, real=0.05 secs] 
3671.280: [GC (Allocation Failure) [PSYoungGen: 409248K->85536K(466944K)] 1176176K->1026408K(1865216K), 0.1353154 secs] [Times: user=0.80 sys=0.00, real=0.14 secs] 
3672.114: [GC (Allocation Failure) [PSYoungGen: 320544K->169536K(460800K)] 1261416K->1192041K(1859072K), 0.0792525 secs] [Times: user=0.47 sys=0.00, real=0.08 secs] 
3675.429: [GC (Allocation Failure) [PSYoungGen: 402496K->75872K(465920K)] 1425001K->1268121K(1864192K), 0.1488580 secs] [Times: user=0.89 sys=0.00, real=0.15 secs] 
3675.577: [Full GC (Ergonomics) [PSYoungGen: 75872K->0K(465920K)] [ParOldGen: 1192249K->66973K(1398272K)] 1268121K->66973K(1864192K), [Metaspace: 60357K->60357K(1105920K)], 0.1713829 secs] [Times: user=0.78 sys=0.00, real=0.17 secs] 
3676.086: [GC (Allocation Failure) [PSYoungGen: 232960K->176288K(465920K)] 299933K->243261K(1864192K), 0.0380266 secs] [Times: user=0.23 sys=0.00, real=0.04 secs] 
3679.023: [GC (Allocation Failure) [PSYoungGen: 409248K->77056K(465920K)] 476221K->320613K(1864192K), 0.1286498 secs] [Times: user=0.77 sys=0.00, real=0.13 secs] 
3679.654: [GC (Allocation Failure) [PSYoungGen: 310016K->177152K(465920K)] 553573K->492199K(1864192K), 0.0869701 secs] [Times: user=0.51 sys=0.00, real=0.08 secs] 
3683.206: [GC (Allocation Failure) [PSYoungGen: 410112K->76672K(465920K)] 725159K->569023K(1864192K), 0.1051296 secs] [Times: user=0.63 sys=0.00, real=0.10 secs] 
3683.881: [GC (Allocation Failure) [PSYoungGen: 309632K->171232K(465920K)] 801983K->734379K(1864192K), 0.0861135 secs] [Times: user=0.52 sys=0.00, real=0.09 secs] 
3687.242: [GC (Allocation Failure) [PSYoungGen: 404192K->84864K(465920K)] 967339K->819195K(1864192K), 0.1124584 secs] [Times: user=0.66 sys=0.00, real=0.12 secs] 
3689.148: [GC (Allocation Failure) [PSYoungGen: 317824K->165696K(465920K)] 1052155K->974776K(1864192K), 0.1441280 secs] [Times: user=0.84 sys=0.01, real=0.14 secs] 
3691.820: [GC (Allocation Failure) [PSYoungGen: 398656K->78592K(465920K)] 1207736K->1053308K(1864192K), 0.1176482 secs] [Times: user=0.70 sys=0.00, real=0.12 secs] 
3692.995: [GC (Allocation Failure) [PSYoungGen: 311063K->203680K(465920K)] 1285780K->1250885K(1864192K), 0.0665442 secs] [Times: user=0.39 sys=0.00, real=0.06 secs] 
3694.069: [GC (Allocation Failure) [PSYoungGen: 433788K->92704K(465920K)] 1480993K->1306573K(1864192K), 0.0744084 secs] [Times: user=0.44 sys=0.00, real=0.08 secs] 
3694.144: [Full GC (Ergonomics) [PSYoungGen: 92704K->0K(465920K)] [ParOldGen: 1213869K->109389K(1398272K)] 1306573K->109389K(1864192K), [Metaspace: 60364K->60364K(1105920K)], 0.2494549 secs] [Times: user=1.11 sys=0.00, real=0.24 secs] 
3696.276: [GC (Allocation Failure) [PSYoungGen: 232960K->150752K(465920K)] 342349K->260141K(1864192K), 0.0426809 secs] [Times: user=0.26 sys=0.00, real=0.04 secs] 
3698.129: [GC (Allocation Failure) [PSYoungGen: 375603K->92864K(465920K)] 484992K->353221K(1864192K), 0.0897280 secs] [Times: user=0.53 sys=0.00, real=0.09 secs] 
3700.101: [GC (Allocation Failure) [PSYoungGen: 325824K->150816K(465920K)] 586181K->497730K(1864192K), 0.0597105 secs] [Times: user=0.36 sys=0.00, real=0.06 secs] 
3701.437: [GC (Allocation Failure) [PSYoungGen: 383776K->99232K(465920K)] 730690K->597206K(1864192K), 0.0802208 secs] [Times: user=0.47 sys=0.00, real=0.08 secs] 
3702.696: [GC (Allocation Failure) [PSYoungGen: 332192K->149440K(465920K)] 830166K->735919K(1864192K), 0.0604402 secs] [Times: user=0.36 sys=0.00, real=0.06 secs] 
3704.540: [GC (Allocation Failure) [PSYoungGen: 382400K->113184K(346624K)] 968879K->848855K(1744896K), 0.0722925 secs] [Times: user=0.43 sys=0.00, real=0.07 secs] 
3706.750: [GC (Allocation Failure) [PSYoungGen: 346144K->134592K(465920K)] 1081815K->973238K(1864192K), 0.0615532 secs] [Times: user=0.36 sys=0.00, real=0.06 secs] 
3708.330: [GC (Allocation Failure) [PSYoungGen: 374208K->126720K(459264K)] 1212854K->1100006K(1857536K), 0.0673655 secs] [Times: user=0.40 sys=0.00, real=0.07 secs] 
3711.811: [GC (Allocation Failure) [PSYoungGen: 366336K->120416K(470528K)] 1339622K->1210579K(1868800K), 0.0630089 secs] [Times: user=0.38 sys=0.00, real=0.07 secs] 
3713.834: [GC (Allocation Failure) [PSYoungGen: 380512K->159552K(463360K)] 1470675K->1370139K(1861632K), 0.0848519 secs] [Times: user=0.51 sys=0.00, real=0.08 secs] 
3713.919: [Full GC (Ergonomics) [PSYoungGen: 159552K->0K(463360K)] [ParOldGen: 1210587K->174214K(1398272K)] 1370139K->174214K(1861632K), [Metaspace: 60367K->60367K(1105920K)], 0.4231958 secs] [Times: user=1.95 sys=0.00, real=0.42 secs] 
3717.648: [GC (Allocation Failure) [PSYoungGen: 260096K->111904K(489984K)] 434310K->286118K(1888256K), 0.0443529 secs] [Times: user=0.26 sys=0.00, real=0.04 secs] 
3719.573: [GC (Allocation Failure) [PSYoungGen: 399648K->202720K(490496K)] 573862K->487011K(1888768K), 0.1520973 secs] [Times: user=0.91 sys=0.01, real=0.16 secs] 
3723.996: [GC (Allocation Failure) [PSYoungGen: 490464K->119328K(441344K)] 774755K->606411K(1839616K), 0.0991487 secs] [Times: user=0.59 sys=0.01, real=0.10 secs] 
3727.134: [GC (Allocation Failure) [PSYoungGen: 352288K->142368K(465920K)] 839371K->738570K(1864192K), 0.0651614 secs] [Times: user=0.39 sys=0.00, real=0.06 secs] 
3729.577: [GC (Allocation Failure) [PSYoungGen: 375328K->110240K(465920K)] 971530K->848746K(1864192K), 0.0796144 secs] [Times: user=0.47 sys=0.00, real=0.08 secs] 
3730.834: [GC (Allocation Failure) [PSYoungGen: 343200K->137504K(370688K)] 1081706K->976015K(1768960K), 0.0609711 secs] [Times: user=0.36 sys=0.00, real=0.07 secs] 
3733.057: [GC (Allocation Failure) [PSYoungGen: 370464K->125856K(471040K)] 1208975K->1102063K(1869312K), 0.0603810 secs] [Times: user=0.36 sys=0.00, real=0.06 secs] 
3736.138: [GC (Allocation Failure) [PSYoungGen: 365472K->121824K(361472K)] 1341679K->1213760K(1759744K), 0.0625183 secs] [Times: user=0.37 sys=0.00, real=0.06 secs] 
3737.705: [GC (Allocation Failure) [PSYoungGen: 361440K->138432K(469504K)] 1453376K->1352240K(1867776K), 0.0566522 secs] [Times: user=0.33 sys=0.00, real=0.05 secs] 
3737.762: [Full GC (Ergonomics) [PSYoungGen: 138432K->0K(469504K)] [ParOldGen: 1213808K->153441K(1398272K)] 1352240K->153441K(1867776K), [Metaspace: 60379K->60379K(1105920K)], 0.3573038 secs] [Times: user=1.64 sys=0.00, real=0.36 secs] 
3741.797: [GC (Allocation Failure) [PSYoungGen: 250368K->112624K(461824K)] 403809K->266065K(1860096K), 0.0398834 secs] [Times: user=0.24 sys=0.00, real=0.04 secs] 
3743.638: [GC (Allocation Failure) [PSYoungGen: 362992K->168896K(471552K)] 516433K->434310K(1869824K), 0.0600697 secs] [Times: user=0.36 sys=0.00, real=0.06 secs] 
3746.937: [GC (Allocation Failure) [PSYoungGen: 432064K->107200K(476672K)] 697478K->533390K(1874944K), 0.1820324 secs] [Times: user=1.09 sys=0.00, real=0.18 secs] 
3748.635: [GC (Allocation Failure) [PSYoungGen: 370368K->185696K(465920K)] 796558K->715459K(1864192K), 0.0564030 secs] [Times: user=0.34 sys=0.00, real=0.05 secs] 
3750.887: [GC (Allocation Failure) [PSYoungGen: 440160K->102816K(476672K)] 969923K->817739K(1874944K), 0.1124647 secs] [Times: user=0.66 sys=0.00, real=0.11 secs] 
3754.073: [GC (Allocation Failure) [PSYoungGen: 357280K->167008K(472064K)] 1072203K->978448K(1870336K), 0.0659016 secs] [Times: user=0.39 sys=0.00, real=0.07 secs] 
3757.394: [GC (Allocation Failure) [PSYoungGen: 418400K->109152K(360960K)] 1229840K->1087568K(1759232K), 0.0932545 secs] [Times: user=0.55 sys=0.00, real=0.10 secs] 
3758.751: [GC (Allocation Failure) [PSYoungGen: 360544K->147264K(478720K)] 1338960K->1215883K(1876992K), 0.0612242 secs] [Times: user=0.37 sys=0.00, real=0.06 secs] 
3760.878: [GC (Allocation Failure) [PSYoungGen: 405824K->144992K(403968K)] 1474443K->1361051K(1802240K), 0.0637300 secs] [Times: user=0.38 sys=0.00, real=0.06 secs] 
3760.942: [Full GC (Ergonomics) [PSYoungGen: 144992K->0K(403968K)] [ParOldGen: 1216059K->160020K(1398272K)] 1361051K->160020K(1802240K), [Metaspace: 60379K->60379K(1105920K)], 0.3701655 secs] [Times: user=1.71 sys=0.00, real=0.37 secs] 
3762.615: [GC (Allocation Failure) [PSYoungGen: 258560K->117184K(477184K)] 418580K->277204K(1875456K), 0.0521529 secs] [Times: user=0.30 sys=0.00, real=0.05 secs] 
3763.439: [GC (Allocation Failure) [PSYoungGen: 383424K->185728K(473600K)] 543444K->461201K(1871872K), 0.0628975 secs] [Times: user=0.37 sys=0.00, real=0.06 secs] 
3766.374: [GC (Allocation Failure) [PSYoungGen: 451968K->106400K(482304K)] 727441K->567265K(1880576K), 0.1209592 secs] [Times: user=0.72 sys=0.00, real=0.12 secs] 
3769.408: [GC (Allocation Failure) [PSYoungGen: 367162K->215424K(479232K)] 828027K->777065K(1877504K), 0.0726521 secs] [Times: user=0.43 sys=0.00, real=0.07 secs] 
3770.321: [GC (Allocation Failure) [PSYoungGen: 479104K->112992K(452608K)] 1040745K->853473K(1850880K), 0.0804919 secs] [Times: user=0.47 sys=0.00, real=0.08 secs] 
3772.643: [GC (Allocation Failure) [PSYoungGen: 345952K->134944K(465920K)] 1086433K->978254K(1864192K), 0.0616765 secs] [Times: user=0.36 sys=0.00, real=0.07 secs] 
3773.790: [GC (Allocation Failure) [PSYoungGen: 367904K->123232K(449536K)] 1211214K->1101286K(1847808K), 0.0621098 secs] [Times: user=0.37 sys=0.00, real=0.06 secs] 
3776.193: [GC (Allocation Failure) [PSYoungGen: 363360K->124352K(460800K)] 1341414K->1215611K(1859072K), 0.0629910 secs] [Times: user=0.37 sys=0.00, real=0.07 secs] 
3777.821: [GC (Allocation Failure) [PSYoungGen: 364480K->144864K(462336K)] 1455739K->1360195K(1860608K), 0.0589181 secs] [Times: user=0.35 sys=0.00, real=0.06 secs] 
3777.880: [Full GC (Ergonomics) [PSYoungGen: 144864K->0K(462336K)] [ParOldGen: 1215331K->159812K(1398272K)] 1360195K->159812K(1860608K), [Metaspace: 60379K->60379K(1105920K)], 0.3691771 secs] [Times: user=1.69 sys=0.00, real=0.37 secs] 
3780.188: [GC (Allocation Failure) [PSYoungGen: 263168K->118272K(473088K)] 422980K->278085K(1871360K), 0.0672455 secs] [Times: user=0.40 sys=0.00, real=0.07 secs] 
3782.621: [GC (Allocation Failure) [PSYoungGen: 370450K->170816K(481280K)] 530263K->445237K(1879552K), 0.0594548 secs] [Times: user=0.35 sys=0.00, real=0.06 secs] 
3785.133: [GC (Allocation Failure) [PSYoungGen: 445760K->119392K(486912K)] 720181K->555645K(1885184K), 0.1542521 secs] [Times: user=0.92 sys=0.00, real=0.16 secs] 
3786.701: [GC (Allocation Failure) [PSYoungGen: 394336K->189248K(466944K)] 830589K->737970K(1865216K), 0.0668853 secs] [Times: user=0.39 sys=0.01, real=0.07 secs] 
3789.427: [GC (Allocation Failure) [PSYoungGen: 447808K->125408K(478720K)] 996530K->863642K(1876992K), 0.0947866 secs] [Times: user=0.57 sys=0.00, real=0.09 secs] 
3791.064: [GC (Allocation Failure) [PSYoungGen: 383968K->1248K(450560K)] 1122202K->739550K(1848832K), 0.0023980 secs] [Times: user=0.01 sys=0.01, real=0.01 secs] 
3793.343: [GC (Allocation Failure) [PSYoungGen: 236256K->137728K(466944K)] 974558K->876619K(1865216K), 0.0283585 secs] [Times: user=0.16 sys=0.00, real=0.03 secs] 
3794.595: [GC (Allocation Failure) [PSYoungGen: 372736K->3040K(458240K)] 1111627K->742075K(1856512K), 0.0029373 secs] [Times: user=0.01 sys=0.00, real=0.00 secs] 
3796.906: [GC (Allocation Failure) [PSYoungGen: 236000K->147232K(465920K)] 975035K->888108K(1864192K), 0.0294164 secs] [Times: user=0.17 sys=0.00, real=0.03 secs] 
3798.637: [GC (Allocation Failure) [PSYoungGen: 380192K->104064K(454656K)] 1121068K->982884K(1852928K), 0.0690987 secs] [Times: user=0.41 sys=0.00, real=0.07 secs] 
3800.447: [GC (Allocation Failure) [PSYoungGen: 337024K->158880K(460288K)] 1215844K->1140393K(1858560K), 0.0537658 secs] [Times: user=0.32 sys=0.00, real=0.05 secs] 
3801.926: [GC (Allocation Failure) [PSYoungGen: 391840K->95840K(462848K)] 1373353K->1227193K(1861120K), 0.0964569 secs] [Times: user=0.57 sys=0.00, real=0.09 secs] 
3803.623: [GC (Allocation Failure) [PSYoungGen: 335456K->172352K(464896K)] 1466809K->1397738K(1863168K), 0.0535993 secs] [Times: user=0.32 sys=0.00, real=0.06 secs] 
3803.676: [Full GC (Ergonomics) [PSYoungGen: 172352K->0K(464896K)] [ParOldGen: 1225386K->196166K(1398272K)] 1397738K->196166K(1863168K), [Metaspace: 60381K->60381K(1105920K)], 0.4633052 secs] [Times: user=2.16 sys=0.00, real=0.46 secs] 
3806.141: [GC (Allocation Failure) [PSYoungGen: 239616K->95488K(468992K)] 435782K->291654K(1867264K), 0.0746574 secs] [Times: user=0.44 sys=0.00, real=0.08 secs] 
3807.431: [GC (Allocation Failure) [PSYoungGen: 333056K->170912K(465920K)] 529222K->456111K(1864192K), 0.0495417 secs] [Times: user=0.29 sys=0.00, real=0.05 secs] 
3809.173: [GC (Allocation Failure) [PSYoungGen: 408480K->92064K(467968K)] 693679K->547583K(1866240K), 0.1071211 secs] [Times: user=0.64 sys=0.00, real=0.11 secs] 
3809.715: [GC (Allocation Failure) [PSYoungGen: 327072K->169600K(465920K)] 782591K->713952K(1864192K), 0.0673799 secs] [Times: user=0.40 sys=0.00, real=0.06 secs] 
3812.250: [GC (Allocation Failure) [PSYoungGen: 404608K->83744K(465920K)] 948960K->797532K(1864192K), 0.1716707 secs] [Times: user=1.02 sys=0.00, real=0.17 secs] 
3813.188: [GC (Allocation Failure) [PSYoungGen: 316704K->172704K(465920K)] 1030492K->964013K(1864192K), 0.0929422 secs] [Times: user=0.55 sys=0.00, real=0.09 secs] 
3816.500: [GC (Allocation Failure) [PSYoungGen: 405664K->79840K(465920K)] 1196973K->1043621K(1864192K), 0.1459572 secs] [Times: user=0.87 sys=0.00, real=0.15 secs] 
3816.934: [GC (Allocation Failure) [PSYoungGen: 312800K->177824K(465920K)] 1276581K->1215582K(1864192K), 0.0579276 secs] [Times: user=0.34 sys=0.00, real=0.05 secs] 
3819.537: [GC (Allocation Failure) [PSYoungGen: 410784K->80384K(465920K)] 1448542K->1296254K(1864192K), 0.1162495 secs] [Times: user=0.69 sys=0.01, real=0.11 secs] 
3819.653: [Full GC (Ergonomics) [PSYoungGen: 80384K->0K(465920K)] [ParOldGen: 1215870K->93952K(1398272K)] 1296254K->93952K(1864192K), [Metaspace: 60381K->60381K(1105920K)], 0.2214313 secs] [Times: user=1.01 sys=0.00, real=0.23 secs] 
3820.560: [GC (Allocation Failure) [PSYoungGen: 232888K->200800K(465920K)] 326840K->294752K(1864192K), 0.0360562 secs] [Times: user=0.21 sys=0.00, real=0.04 secs] 
3823.739: [GC (Allocation Failure) [PSYoungGen: 433760K->82528K(465920K)] 527712K->342168K(1864192K), 0.1076761 secs] [Times: user=0.64 sys=0.00, real=0.11 secs] 
3825.025: [GC (Allocation Failure) [PSYoungGen: 315488K->161664K(465920K)] 575128K->497111K(1864192K), 0.0590390 secs] [Times: user=0.35 sys=0.00, real=0.06 secs] 
3826.672: [GC (Allocation Failure) [PSYoungGen: 391346K->93216K(465920K)] 726794K->590439K(1864192K), 0.0909019 secs] [Times: user=0.53 sys=0.00, real=0.09 secs] 
3828.071: [GC (Allocation Failure) [PSYoungGen: 326176K->151200K(465920K)] 823399K->734948K(1864192K), 0.0606458 secs] [Times: user=0.36 sys=0.00, real=0.06 secs] 
3830.430: [GC (Allocation Failure) [PSYoungGen: 379977K->93280K(465920K)] 963726K->828028K(1864192K), 0.0895313 secs] [Times: user=0.53 sys=0.00, real=0.09 secs] 
3831.730: [GC (Allocation Failure) [PSYoungGen: 326240K->150880K(465920K)] 1060988K->972169K(1864192K), 0.0611113 secs] [Times: user=0.36 sys=0.01, real=0.06 secs] 
3833.865: [GC (Allocation Failure) [PSYoungGen: 383840K->107616K(461824K)] 1205129K->1079937K(1860096K), 0.0906334 secs] [Times: user=0.53 sys=0.01, real=0.09 secs] 
3835.416: [GC (Allocation Failure) [PSYoungGen: 340576K->148992K(463872K)] 1312897K->1209840K(1862144K), 0.0604426 secs] [Times: user=0.36 sys=0.00, real=0.06 secs] 
3837.868: [GC (Allocation Failure) [PSYoungGen: 381952K->108416K(454656K)] 1442800K->1318464K(1852928K), 0.0844476 secs] [Times: user=0.50 sys=0.00, real=0.08 secs] 
3837.952: [Full GC (Ergonomics) [PSYoungGen: 108416K->0K(454656K)] [ParOldGen: 1210048K->123448K(1398272K)] 1318464K->123448K(1852928K), [Metaspace: 60388K->60388K(1105920K)], 0.2794523 secs] [Times: user=1.29 sys=0.00, real=0.28 secs] 
3839.407: [GC (Allocation Failure) [PSYoungGen: 239104K->139584K(461312K)] 362552K->263032K(1859584K), 0.0514586 secs] [Times: user=0.31 sys=0.00, real=0.05 secs] 
3842.190: [GC (Allocation Failure) [PSYoungGen: 378688K->123808K(458240K)] 502136K->386872K(1856512K), 0.0802373 secs] [Times: user=0.48 sys=0.00, real=0.08 secs] 
3843.558: [GC (Allocation Failure) [PSYoungGen: 382880K->4480K(468480K)] 645944K->267584K(1866752K), 0.0023601 secs] [Times: user=0.01 sys=0.00, real=0.00 secs] 
3844.750: [GC (Allocation Failure) [PSYoungGen: 263552K->179840K(455168K)] 526656K->445789K(1853440K), 0.0353853 secs] [Times: user=0.21 sys=0.00, real=0.04 secs] 
3847.365: [GC (Allocation Failure) [PSYoungGen: 412800K->88096K(465920K)] 678749K->524989K(1864192K), 0.1592308 secs] [Times: user=0.93 sys=0.01, real=0.16 secs] 
3848.329: [GC (Allocation Failure) [PSYoungGen: 313335K->162048K(462336K)] 750228K->684145K(1860608K), 0.0475182 secs] [Times: user=0.29 sys=0.00, real=0.05 secs] 
3850.453: [GC (Allocation Failure) [PSYoungGen: 395008K->90336K(323584K)] 917105K->765550K(1721856K), 0.1556493 secs] [Times: user=0.92 sys=0.00, real=0.16 secs] 
3851.902: [GC (Allocation Failure) [PSYoungGen: 316729K->160096K(461312K)] 991943K->922522K(1859584K), 0.0484182 secs] [Times: user=0.28 sys=0.00, real=0.05 secs] 
3853.338: [GC (Allocation Failure) [PSYoungGen: 392544K->95104K(327680K)] 1154970K->1008746K(1725952K), 0.0705515 secs] [Times: user=0.42 sys=0.00, real=0.07 secs] 
3853.988: [GC (Allocation Failure) [PSYoungGen: 327552K->166880K(457728K)] 1241194K->1172415K(1856000K), 0.0600522 secs] [Times: user=0.35 sys=0.00, real=0.06 secs] 
3856.471: [GC (Allocation Failure) [PSYoungGen: 397792K->83680K(463872K)] 1403327K->1255903K(1862144K), 0.1138900 secs] [Times: user=0.68 sys=0.01, real=0.12 secs] 
3856.585: [Full GC (Ergonomics) [PSYoungGen: 83680K->0K(463872K)] [ParOldGen: 1172223K->54161K(1398272K)] 1255903K->54161K(1862144K), [Metaspace: 60396K->60396K(1105920K)], 0.1225939 secs] [Times: user=0.52 sys=0.00, real=0.12 secs] 
3857.453: [GC (Allocation Failure) [PSYoungGen: 230912K->165280K(462848K)] 285073K->219441K(1861120K), 0.0482131 secs] [Times: user=0.29 sys=0.00, real=0.05 secs] 
3860.702: [GC (Allocation Failure) [PSYoungGen: 398240K->80672K(465920K)] 452401K->300193K(1864192K), 0.1383350 secs] [Times: user=0.82 sys=0.00, real=0.14 secs] 
3861.719: [GC (Allocation Failure) [PSYoungGen: 313632K->164544K(464896K)] 533153K->461542K(1863168K), 0.0810589 secs] [Times: user=0.46 sys=0.00, real=0.08 secs] 
3865.235: [GC (Allocation Failure) [PSYoungGen: 397504K->80384K(465920K)] 694502K->541630K(1864192K), 0.1760280 secs] [Times: user=1.05 sys=0.00, real=0.17 secs] 
3866.060: [GC (Allocation Failure) [PSYoungGen: 313344K->170240K(465920K)] 774590K->708159K(1864192K), 0.0540710 secs] [Times: user=0.32 sys=0.00, real=0.06 secs] 
3868.430: [GC (Allocation Failure) [PSYoungGen: 403200K->82080K(465920K)] 941119K->790307K(1864192K), 0.1492698 secs] [Times: user=0.88 sys=0.00, real=0.15 secs] 
3869.650: [GC (Allocation Failure) [PSYoungGen: 315040K->168736K(465920K)] 1023267K->953416K(1864192K), 0.1197544 secs] [Times: user=0.70 sys=0.00, real=0.12 secs] 
3872.140: [GC (Allocation Failure) [PSYoungGen: 401696K->80160K(465920K)] 1186376K->1033608K(1864192K), 0.1333688 secs] [Times: user=0.79 sys=0.01, real=0.13 secs] 
3873.703: [GC (Allocation Failure) [PSYoungGen: 313120K->173760K(465920K)] 1266568K->1201229K(1864192K), 0.1154766 secs] [Times: user=0.69 sys=0.00, real=0.12 secs] 
3877.017: [GC (Allocation Failure) [PSYoungGen: 406720K->76096K(465920K)] 1434189K->1277581K(1864192K), 0.1375749 secs] [Times: user=0.82 sys=0.00, real=0.14 secs] 
3877.155: [Full GC (Ergonomics) [PSYoungGen: 76096K->0K(465920K)] [ParOldGen: 1201485K->82643K(1398272K)] 1277581K->82643K(1864192K), [Metaspace: 60398K->60398K(1105920K)], 0.2053633 secs] [Times: user=0.95 sys=0.00, real=0.20 secs] 
3877.613: [GC (Allocation Failure) [PSYoungGen: 232960K->174944K(465920K)] 315603K->257588K(1864192K), 0.0371606 secs] [Times: user=0.22 sys=0.00, real=0.04 secs] 
3880.242: [GC (Allocation Failure) [PSYoungGen: 407904K->81120K(465920K)] 490548K->338620K(1864192K), 0.1188741 secs] [Times: user=0.71 sys=0.00, real=0.12 secs] 
3881.958: [GC (Allocation Failure) [PSYoungGen: 313770K->201824K(465920K)] 571270K->534136K(1864192K), 0.0659421 secs] [Times: user=0.40 sys=0.00, real=0.07 secs] 
3883.588: [GC (Allocation Failure) [PSYoungGen: 434784K->88864K(465920K)] 767096K->586408K(1864192K), 0.0996055 secs] [Times: user=0.58 sys=0.01, real=0.10 secs] 
3887.365: [GC (Allocation Failure) [PSYoungGen: 319137K->192640K(465920K)] 816682K->772569K(1864192K), 0.0665573 secs] [Times: user=0.39 sys=0.00, real=0.06 secs] 
3890.085: [GC (Allocation Failure) [PSYoungGen: 425600K->86048K(465920K)] 1005529K->821569K(1864192K), 0.0924989 secs] [Times: user=0.55 sys=0.00, real=0.09 secs] 
3891.363: [GC (Allocation Failure) [PSYoungGen: 319008K->158240K(465920K)] 1054529K->973286K(1864192K), 0.0600301 secs] [Times: user=0.36 sys=0.00, real=0.06 secs] 
3892.525: [GC (Allocation Failure) [PSYoungGen: 391200K->97792K(465920K)] 1206246K->1071022K(1864192K), 0.0875809 secs] [Times: user=0.49 sys=0.01, real=0.08 secs] 
3894.298: [GC (Allocation Failure) [PSYoungGen: 330752K->150144K(465920K)] 1303982K->1210283K(1864192K), 0.0603485 secs] [Times: user=0.36 sys=0.00, real=0.06 secs] 
3895.560: [GC (Allocation Failure) [PSYoungGen: 383104K->111072K(465920K)] 1443243K->1321531K(1864192K), 0.0803981 secs] [Times: user=0.48 sys=0.00, real=0.08 secs] 
3895.641: [Full GC (Ergonomics) [PSYoungGen: 111072K->0K(465920K)] [ParOldGen: 1210459K->126091K(1398272K)] 1321531K->126091K(1864192K), [Metaspace: 60398K->60398K(1105920K)], 0.2788177 secs] [Times: user=1.27 sys=0.00, real=0.28 secs] 
3897.065: [GC (Allocation Failure) [PSYoungGen: 232960K->137536K(464896K)] 359051K->263627K(1863168K), 0.0487702 secs] [Times: user=0.29 sys=0.00, real=0.04 secs] 
3899.918: [GC (Allocation Failure) [PSYoungGen: 370496K->116672K(349696K)] 496587K->380087K(1747968K), 0.0799799 secs] [Times: user=0.47 sys=0.00, real=0.08 secs] 
3901.194: [GC (Allocation Failure) [PSYoungGen: 349632K->131296K(466944K)] 613047K->500884K(1865216K), 0.0614038 secs] [Times: user=0.37 sys=0.00, real=0.06 secs] 
3903.122: [GC (Allocation Failure) [PSYoungGen: 373984K->142752K(458752K)] 743572K->643556K(1857024K), 0.0595298 secs] [Times: user=0.35 sys=0.00, real=0.06 secs] 
3904.972: [GC (Allocation Failure) [PSYoungGen: 385440K->3936K(457728K)] 886244K->504772K(1856000K), 0.0022601 secs] [Times: user=0.01 sys=0.00, real=0.01 secs] 
3908.939: [GC (Allocation Failure) [PSYoungGen: 249184K->158592K(403968K)] 750020K->661785K(1802240K), 0.0316660 secs] [Times: user=0.18 sys=0.00, real=0.03 secs] 
3910.679: [GC (Allocation Failure) [PSYoungGen: 403840K->101952K(476160K)] 907033K->754609K(1874432K), 0.1625976 secs] [Times: user=0.97 sys=0.00, real=0.16 secs] 
3912.606: [GC (Allocation Failure) [PSYoungGen: 347712K->170496K(416768K)] 1000369K->922390K(1815040K), 0.0538777 secs] [Times: user=0.32 sys=0.00, real=0.05 secs] 
3914.532: [GC (Allocation Failure) [PSYoungGen: 416256K->103136K(474624K)] 1168150K->1016322K(1872896K), 0.1621263 secs] [Times: user=0.97 sys=0.00, real=0.17 secs] 
3915.788: [GC (Allocation Failure) [PSYoungGen: 346336K->176352K(419840K)] 1259522K->1189155K(1818112K), 0.1172810 secs] [Times: user=0.70 sys=0.00, real=0.12 secs] 
3918.989: [GC (Allocation Failure) [PSYoungGen: 419552K->85696K(468480K)] 1432355K->1275059K(1866752K), 0.1358764 secs] [Times: user=0.81 sys=0.01, real=0.14 secs] 
3919.125: [Full GC (Ergonomics) [PSYoungGen: 85696K->0K(468480K)] [ParOldGen: 1189363K->74412K(1398272K)] 1275059K->74412K(1866752K), [Metaspace: 60398K->60398K(1105920K)], 0.1792564 secs] [Times: user=0.82 sys=0.00, real=0.18 secs] 
3920.129: [GC (Allocation Failure) [PSYoungGen: 235520K->173056K(465920K)] 309932K->247468K(1864192K), 0.1027621 secs] [Times: user=0.60 sys=0.01, real=0.10 secs] 
3922.650: [GC (Allocation Failure) [PSYoungGen: 408576K->85024K(465920K)] 482988K->332532K(1864192K), 0.1041320 secs] [Times: user=0.62 sys=0.00, real=0.11 secs] 
3924.183: [GC (Allocation Failure) [PSYoungGen: 317984K->169568K(465920K)] 565492K->496564K(1864192K), 0.1581151 secs] [Times: user=0.94 sys=0.00, real=0.16 secs] 
3927.335: [GC (Allocation Failure) [PSYoungGen: 402528K->78592K(465920K)] 729524K->574988K(1864192K), 0.1064468 secs] [Times: user=0.63 sys=0.01, real=0.10 secs] 
3928.755: [GC (Allocation Failure) [PSYoungGen: 310335K->202656K(465920K)] 806732K->771425K(1864192K), 0.0596426 secs] [Times: user=0.35 sys=0.00, real=0.06 secs] 
3931.304: [GC (Allocation Failure) [PSYoungGen: 435616K->82624K(465920K)] 1004385K->819077K(1864192K), 0.1165344 secs] [Times: user=0.70 sys=0.00, real=0.11 secs] 
3932.575: [GC (Allocation Failure) [PSYoungGen: 315584K->161056K(465920K)] 1052037K->973716K(1864192K), 0.0598936 secs] [Times: user=0.35 sys=0.00, real=0.06 secs] 
3934.703: [GC (Allocation Failure) [PSYoungGen: 386929K->93088K(465920K)] 1199590K->1067068K(1864192K), 0.1003074 secs] [Times: user=0.59 sys=0.00, real=0.10 secs] 
3935.976: [GC (Allocation Failure) [PSYoungGen: 326048K->150720K(465920K)] 1300028K->1211273K(1864192K), 0.0602921 secs] [Times: user=0.36 sys=0.00, real=0.06 secs] 
3937.977: [GC (Allocation Failure) [PSYoungGen: 383680K->123328K(464896K)] 1444233K->1334813K(1863168K), 0.0947397 secs] [Times: user=0.56 sys=0.00, real=0.09 secs] 
3938.071: [Full GC (Ergonomics) [PSYoungGen: 123328K->0K(464896K)] [ParOldGen: 1211485K->113868K(1398272K)] 1334813K->113868K(1863168K), [Metaspace: 60401K->60401K(1105920K)], 0.2603484 secs] [Times: user=1.20 sys=0.00, real=0.26 secs] 
3939.488: [GC (Allocation Failure) [PSYoungGen: 232960K->149280K(382464K)] 346828K->263148K(1780736K), 0.0536872 secs] [Times: user=0.32 sys=0.00, real=0.05 secs] 
3940.209: [GC (Allocation Failure) [PSYoungGen: 382240K->114080K(471552K)] 496108K->377548K(1869824K), 0.0751588 secs] [Times: user=0.45 sys=0.01, real=0.08 secs] 
3942.682: [GC (Allocation Failure) [PSYoungGen: 355744K->133664K(375808K)] 619212K->501275K(1774080K), 0.0613217 secs] [Times: user=0.36 sys=0.00, real=0.06 secs] 
3944.834: [GC (Allocation Failure) [PSYoungGen: 375328K->132512K(468480K)] 742939K->633603K(1866752K), 0.0605715 secs] [Times: user=0.36 sys=0.00, real=0.06 secs] 
3946.506: [GC (Allocation Failure) [PSYoungGen: 385952K->3584K(461312K)] 887043K->504712K(1859584K), 0.0020488 secs] [Times: user=0.01 sys=0.00, real=0.00 secs] 
3948.193: [GC (Allocation Failure) [PSYoungGen: 257024K->173536K(456704K)] 758152K->677440K(1854976K), 0.1003762 secs] [Times: user=0.59 sys=0.01, real=0.10 secs] 
3952.444: [GC (Allocation Failure) [PSYoungGen: 408544K->86496K(466944K)] 912448K->755432K(1865216K), 0.1870377 secs] [Times: user=1.12 sys=0.00, real=0.18 secs] 
3955.047: [GC (Allocation Failure) [PSYoungGen: 321504K->167328K(460288K)] 990440K->919677K(1858560K), 0.0487224 secs] [Times: user=0.29 sys=0.00, real=0.05 secs] 
3957.397: [GC (Allocation Failure) [PSYoungGen: 400288K->85440K(465920K)] 1152637K->996573K(1864192K), 0.1575797 secs] [Times: user=0.93 sys=0.01, real=0.16 secs] 
3959.091: [GC (Allocation Failure) [PSYoungGen: 318400K->167456K(462848K)] 1229533K->1161711K(1861120K), 0.0480203 secs] [Times: user=0.28 sys=0.00, real=0.05 secs] 
3961.890: [GC (Allocation Failure) [PSYoungGen: 400416K->89056K(465920K)] 1394671K->1242003K(1864192K), 0.1730277 secs] [Times: user=1.03 sys=0.00, real=0.17 secs] 
3962.063: [Full GC (Ergonomics) [PSYoungGen: 89056K->0K(465920K)] [ParOldGen: 1152947K->40278K(1398272K)] 1242003K->40278K(1864192K), [Metaspace: 60408K->60408K(1105920K)], 0.1151194 secs] [Times: user=0.47 sys=0.01, real=0.12 secs] 
3963.290: [GC (Allocation Failure) [PSYoungGen: 225378K->160832K(464384K)] 265657K->201110K(1862656K), 0.0310049 secs] [Times: user=0.19 sys=0.00, real=0.03 secs] 
3964.721: [GC (Allocation Failure) [PSYoungGen: 393792K->93312K(326656K)] 434070K->285754K(1724928K), 0.0723349 secs] [Times: user=0.43 sys=0.00, real=0.07 secs] 
3966.011: [GC (Allocation Failure) [PSYoungGen: 326272K->169056K(460288K)] 518714K->451387K(1858560K), 0.0777064 secs] [Times: user=0.46 sys=0.00, real=0.08 secs] 
3968.307: [GC (Allocation Failure) [PSYoungGen: 399968K->83616K(463872K)] 682299K->535179K(1862144K), 0.1241326 secs] [Times: user=0.74 sys=0.01, real=0.12 secs] 
3970.777: [GC (Allocation Failure) [PSYoungGen: 314528K->158560K(465408K)] 766091K->690556K(1863680K), 0.1285316 secs] [Times: user=0.77 sys=0.00, real=0.13 secs] 
3973.822: [GC (Allocation Failure) [PSYoungGen: 391520K->82272K(315392K)] 923516K->772732K(1713664K), 0.1601631 secs] [Times: user=0.95 sys=0.01, real=0.16 secs] 
3975.421: [GC (Allocation Failure) [PSYoungGen: 315232K->169056K(463360K)] 1005692K->937921K(1861632K), 0.0541084 secs] [Times: user=0.32 sys=0.00, real=0.06 secs] 
3978.477: [GC (Allocation Failure) [PSYoungGen: 400992K->82528K(464896K)] 1169857K->1020273K(1863168K), 0.1552610 secs] [Times: user=0.93 sys=0.00, real=0.15 secs] 
3979.117: [GC (Allocation Failure) [PSYoungGen: 314464K->169824K(465920K)] 1252209K->1186170K(1864192K), 0.0548099 secs] [Times: user=0.32 sys=0.00, real=0.05 secs] 
3981.675: [GC (Allocation Failure) [PSYoungGen: 402784K->89184K(465920K)] 1419130K->1275426K(1864192K), 0.0705745 secs] [Times: user=0.42 sys=0.00, real=0.07 secs] 
3981.746: [Full GC (Ergonomics) [PSYoungGen: 89184K->0K(465920K)] [ParOldGen: 1186242K->79791K(1398272K)] 1275426K->79791K(1864192K), [Metaspace: 60424K->60424K(1105920K)], 0.1718792 secs] [Times: user=0.75 sys=0.00, real=0.17 secs] 
3982.177: [GC (Allocation Failure) [PSYoungGen: 232960K->176960K(465920K)] 312751K->256751K(1864192K), 0.0373103 secs] [Times: user=0.22 sys=0.00, real=0.04 secs] 
3985.928: [GC (Allocation Failure) [PSYoungGen: 409920K->75744K(465920K)] 489711K->332751K(1864192K), 0.1222446 secs] [Times: user=0.73 sys=0.00, real=0.12 secs] 
3986.692: [GC (Allocation Failure) [PSYoungGen: 308296K->206016K(465920K)] 565303K->532852K(1864192K), 0.0600723 secs] [Times: user=0.36 sys=0.00, real=0.06 secs] 
3990.765: [GC (Allocation Failure) [PSYoungGen: 438976K->82816K(465920K)] 765812K->580828K(1864192K), 0.1180147 secs] [Times: user=0.71 sys=0.00, real=0.11 secs] 
3992.040: [GC (Allocation Failure) [PSYoungGen: 315776K->161120K(465920K)] 813788K->735341K(1864192K), 0.0598178 secs] [Times: user=0.36 sys=0.00, real=0.06 secs] 
3992.733: [GC (Allocation Failure) [PSYoungGen: 390076K->93184K(465920K)] 964297K->828781K(1864192K), 0.0637869 secs] [Times: user=0.38 sys=0.00, real=0.07 secs] 
3994.341: [GC (Allocation Failure) [PSYoungGen: 326144K->151424K(465920K)] 1061741K->973564K(1864192K), 0.0609098 secs] [Times: user=0.36 sys=0.00, real=0.06 secs] 
3996.278: [GC (Allocation Failure) [PSYoungGen: 384384K->102016K(465920K)] 1206524K->1075016K(1864192K), 0.0798233 secs] [Times: user=0.48 sys=0.00, real=0.08 secs] 
3997.895: [GC (Allocation Failure) [PSYoungGen: 334976K->146656K(465920K)] 1307976K->1211081K(1864192K), 0.0611600 secs] [Times: user=0.36 sys=0.00, real=0.06 secs] 
4000.109: [GC (Allocation Failure) [PSYoungGen: 379616K->108064K(341504K)] 1444041K->1318961K(1739776K), 0.0753433 secs] [Times: user=0.45 sys=0.00, real=0.08 secs] 
4000.185: [Full GC (Ergonomics) [PSYoungGen: 108064K->0K(341504K)] [ParOldGen: 1210897K->123128K(1398272K)] 1318961K->123128K(1739776K), [Metaspace: 60424K->60424K(1105920K)], 0.2801737 secs] [Times: user=1.27 sys=0.01, real=0.28 secs] 
4001.709: [GC (Allocation Failure) [PSYoungGen: 232960K->140576K(465920K)] 356088K->263704K(1864192K), 0.0507841 secs] [Times: user=0.30 sys=0.00, real=0.05 secs] 
4003.625: [GC (Allocation Failure) [PSYoungGen: 378144K->120192K(461312K)] 501272K->383800K(1859584K), 0.1066511 secs] [Times: user=0.63 sys=0.00, real=0.10 secs] 
4006.389: [GC (Allocation Failure) [PSYoungGen: 357760K->127776K(466944K)] 621368K->501229K(1865216K), 0.0620799 secs] [Times: user=0.37 sys=0.00, real=0.06 secs] 
4008.313: [GC (Allocation Failure) [PSYoungGen: 382752K->149760K(461824K)] 756205K->650893K(1860096K), 0.0962078 secs] [Times: user=0.57 sys=0.00, real=0.10 secs] 
4011.649: [GC (Allocation Failure) [PSYoungGen: 404736K->13888K(467968K)] 905869K->515053K(1866240K), 0.0081300 secs] [Times: user=0.04 sys=0.00, real=0.01 secs] 
4013.989: [GC (Allocation Failure) [PSYoungGen: 264408K->170432K(431104K)] 765573K->683925K(1829376K), 0.0729691 secs] [Times: user=0.43 sys=0.00, real=0.07 secs] 
4018.453: [GC (Allocation Failure) [PSYoungGen: 431040K->106208K(478208K)] 944533K->781693K(1876480K), 0.1415646 secs] [Times: user=0.84 sys=0.01, real=0.15 secs] 
4019.887: [GC (Allocation Failure) [PSYoungGen: 356064K->197056K(446976K)] 1031549K->974754K(1845248K), 0.0559433 secs] [Times: user=0.33 sys=0.00, real=0.05 secs] 
4021.970: [GC (Allocation Failure) [PSYoungGen: 446912K->95296K(465920K)] 1224610K->1053242K(1864192K), 0.1218866 secs] [Times: user=0.72 sys=0.01, real=0.12 secs] 
4023.749: [GC (Allocation Failure) [PSYoungGen: 328256K->169344K(465920K)] 1286202K->1215903K(1864192K), 0.1466838 secs] [Times: user=0.88 sys=0.00, real=0.15 secs] 
4026.265: [GC (Allocation Failure) [PSYoungGen: 402304K->82816K(465920K)] 1448863K->1298551K(1864192K), 0.1090874 secs] [Times: user=0.64 sys=0.01, real=0.11 secs] 
4026.374: [Full GC (Ergonomics) [PSYoungGen: 82816K->0K(465920K)] [ParOldGen: 1215735K->97122K(1398272K)] 1298551K->97122K(1864192K), [Metaspace: 60429K->60429K(1105920K)], 0.2275857 secs] [Times: user=1.03 sys=0.00, real=0.22 secs] 
4028.541: [GC (Allocation Failure) [PSYoungGen: 232960K->182784K(465920K)] 330082K->279906K(1864192K), 0.0445472 secs] [Times: user=0.26 sys=0.00, real=0.05 secs] 
4030.040: [GC (Allocation Failure) [PSYoungGen: 415744K->91776K(465920K)] 512866K->351082K(1864192K), 0.0908277 secs] [Times: user=0.54 sys=0.01, real=0.09 secs] 
4032.706: [GC (Allocation Failure) [PSYoungGen: 324736K->151968K(465920K)] 584042K->496591K(1864192K), 0.0598867 secs] [Times: user=0.36 sys=0.00, real=0.06 secs] 
4033.515: [GC (Allocation Failure) [PSYoungGen: 384928K->100672K(465920K)] 729551K->597463K(1864192K), 0.0736569 secs] [Times: user=0.44 sys=0.00, real=0.07 secs] 
4036.652: [GC (Allocation Failure) [PSYoungGen: 333632K->147200K(380416K)] 830423K->734390K(1778688K), 0.0606306 secs] [Times: user=0.36 sys=0.00, real=0.06 secs] 
4037.925: [GC (Allocation Failure) [PSYoungGen: 380160K->104576K(469504K)] 967350K->839198K(1867776K), 0.0847149 secs] [Times: user=0.51 sys=0.00, real=0.08 secs] 
4040.415: [GC (Allocation Failure) [PSYoungGen: 343680K->144096K(463360K)] 1078302K->972243K(1861632K), 0.0609905 secs] [Times: user=0.36 sys=0.00, real=0.06 secs] 
4041.281: [GC (Allocation Failure) [PSYoungGen: 383200K->131232K(466432K)] 1211347K->1103707K(1864704K), 0.0620191 secs] [Times: user=0.37 sys=0.00, real=0.06 secs] 
4043.962: [GC (Allocation Failure) [PSYoungGen: 383648K->2912K(465408K)] 1356123K->975403K(1863680K), 0.0033890 secs] [Times: user=0.02 sys=0.00, real=0.01 secs] 
4045.785: [GC (Allocation Failure) [PSYoungGen: 255328K->170208K(458752K)] 1227819K->1144243K(1857024K), 0.0337870 secs] [Times: user=0.20 sys=0.00, real=0.03 secs] 
4048.245: [GC (Allocation Failure) [PSYoungGen: 403168K->89920K(465920K)] 1377203K->1225788K(1864192K), 0.1577055 secs] [Times: user=0.94 sys=0.00, real=0.15 secs] 
4049.977: [GC (Allocation Failure) [PSYoungGen: 322880K->166080K(461824K)] 1458748K->1389468K(1860096K), 0.0513259 secs] [Times: user=0.30 sys=0.00, real=0.05 secs] 
4050.028: [Full GC (Ergonomics) [PSYoungGen: 166080K->0K(461824K)] [ParOldGen: 1223388K->192923K(1398272K)] 1389468K->192923K(1860096K), [Metaspace: 60430K->60430K(1105920K)], 0.4560647 secs] [Times: user=2.12 sys=0.00, real=0.46 secs] 
4053.581: [GC (Allocation Failure) [PSYoungGen: 232960K->84672K(465920K)] 425883K->277595K(1864192K), 0.0842010 secs] [Times: user=0.50 sys=0.00, real=0.09 secs] 
4055.328: [GC (Allocation Failure) [PSYoungGen: 317632K->167040K(463872K)] 510555K->441596K(1862144K), 0.0473516 secs] [Times: user=0.27 sys=0.00, real=0.05 secs] 
4057.404: [GC (Allocation Failure) [PSYoungGen: 400000K->92064K(465920K)] 674556K->524980K(1864192K), 0.1644427 secs] [Times: user=0.98 sys=0.00, real=0.16 secs] 
4058.350: [GC (Allocation Failure) [PSYoungGen: 311067K->160416K(464384K)] 743983K->683250K(1862656K), 0.0490655 secs] [Times: user=0.29 sys=0.00, real=0.05 secs] 
4060.664: [GC (Allocation Failure) [PSYoungGen: 393376K->87904K(321024K)] 916210K->763034K(1719296K), 0.1709852 secs] [Times: user=1.02 sys=0.00, real=0.17 secs] 
4061.902: [GC (Allocation Failure) [PSYoungGen: 314658K->161664K(462336K)] 989789K->922731K(1860608K), 0.0515796 secs] [Times: user=0.31 sys=0.00, real=0.05 secs] 
4064.711: [GC (Allocation Failure) [PSYoungGen: 393600K->89824K(464896K)] 1154667K->1004187K(1863168K), 0.1696001 secs] [Times: user=1.01 sys=0.00, real=0.17 secs] 
4066.433: [GC (Allocation Failure) [PSYoungGen: 312670K->159488K(461312K)] 1227034K->1161172K(1859584K), 0.0915548 secs] [Times: user=0.54 sys=0.00, real=0.10 secs] 
4069.208: [GC (Allocation Failure) [PSYoungGen: 391424K->88768K(464896K)] 1393108K->1241892K(1863168K), 0.1601690 secs] [Times: user=0.95 sys=0.00, real=0.16 secs] 
4069.996: [GC (Allocation Failure) [PSYoungGen: 306146K->160256K(461312K)] 1459270K->1399653K(1859584K), 0.0484422 secs] [Times: user=0.29 sys=0.00, real=0.05 secs] 
4070.044: [Full GC (Ergonomics) [PSYoungGen: 160256K->0K(461312K)] [ParOldGen: 1239397K->196981K(1398272K)] 1399653K->196981K(1859584K), [Metaspace: 60432K->60432K(1105920K)], 0.4775232 secs] [Times: user=2.23 sys=0.00, real=0.47 secs] 
4073.454: [GC (Allocation Failure) [PSYoungGen: 232960K->83968K(464896K)] 429941K->280949K(1863168K), 0.0693991 secs] [Times: user=0.40 sys=0.01, real=0.06 secs] 
4074.835: [GC (Allocation Failure) [PSYoungGen: 311047K->165088K(461312K)] 508029K->443794K(1859584K), 0.0941742 secs] [Times: user=0.56 sys=0.00, real=0.09 secs] 
4078.116: [GC (Allocation Failure) [PSYoungGen: 398048K->86112K(465920K)] 676754K->521810K(1864192K), 0.1672451 secs] [Times: user=1.00 sys=0.01, real=0.16 secs] 
4078.954: [GC (Allocation Failure) [PSYoungGen: 306696K->163136K(462848K)] 742395K->682783K(1861120K), 0.0471436 secs] [Times: user=0.28 sys=0.00, real=0.04 secs] 
4082.164: [GC (Allocation Failure) [PSYoungGen: 396096K->89344K(465920K)] 915743K->763839K(1864192K), 0.1708914 secs] [Times: user=1.02 sys=0.00, real=0.17 secs] 
4084.605: [GC (Allocation Failure) [PSYoungGen: 322304K->160608K(462848K)] 996799K->921836K(1861120K), 0.0483826 secs] [Times: user=0.28 sys=0.00, real=0.04 secs] 
4087.087: [GC (Allocation Failure) [PSYoungGen: 393568K->89888K(323072K)] 1154796K->1002652K(1721344K), 0.1495329 secs] [Times: user=0.89 sys=0.01, real=0.15 secs] 
4088.881: [GC (Allocation Failure) [PSYoungGen: 315416K->160384K(461824K)] 1228180K->1160109K(1860096K), 0.0482984 secs] [Times: user=0.29 sys=0.00, real=0.05 secs] 
4091.003: [GC (Allocation Failure) [PSYoungGen: 393344K->91136K(464896K)] 1393069K->1242237K(1863168K), 0.1623181 secs] [Times: user=0.97 sys=0.01, real=0.17 secs] 
4091.727: [GC (Allocation Failure) [PSYoungGen: 324096K->170368K(459776K)] 1475197K->1409382K(1858048K), 0.0510003 secs] [Times: user=0.30 sys=0.00, real=0.05 secs] 
4091.778: [Full GC (Ergonomics) [PSYoungGen: 170368K->0K(459776K)] [ParOldGen: 1239014K->208180K(1398272K)] 1409382K->208180K(1858048K), [Metaspace: 60432K->60432K(1105920K)], 0.4852374 secs] [Times: user=2.27 sys=0.00, real=0.48 secs] 
4095.159: [GC (Allocation Failure) [PSYoungGen: 232448K->81120K(465408K)] 440628K->289300K(1863680K), 0.1156885 secs] [Times: user=0.69 sys=0.01, real=0.12 secs] 
4095.879: [GC (Allocation Failure) [PSYoungGen: 313568K->181856K(464896K)] 521748K->467505K(1863168K), 0.0530887 secs] [Times: user=0.31 sys=0.00, real=0.05 secs] 
4099.146: [GC (Allocation Failure) [PSYoungGen: 414816K->86528K(465920K)] 700465K->537281K(1864192K), 0.1598775 secs] [Times: user=0.96 sys=0.00, real=0.16 secs] 
4099.844: [GC (Allocation Failure) [PSYoungGen: 319488K->168608K(465920K)] 770241K->702679K(1864192K), 0.0546661 secs] [Times: user=0.32 sys=0.00, real=0.05 secs] 
4103.744: [GC (Allocation Failure) [PSYoungGen: 401568K->75232K(465920K)] 935639K->778087K(1864192K), 0.1595583 secs] [Times: user=0.95 sys=0.00, real=0.16 secs] 
4104.222: [GC (Allocation Failure) [PSYoungGen: 308192K->172096K(465920K)] 1011047K->946616K(1864192K), 0.0542953 secs] [Times: user=0.33 sys=0.00, real=0.06 secs] 
4108.604: [GC (Allocation Failure) [PSYoungGen: 405056K->76512K(465920K)] 1179576K->1023336K(1864192K), 0.1720527 secs] [Times: user=1.03 sys=0.00, real=0.18 secs] 
4109.196: [GC (Allocation Failure) [PSYoungGen: 309472K->174976K(465920K)] 1256296K->1192361K(1864192K), 0.0554548 secs] [Times: user=0.33 sys=0.00, real=0.05 secs] 
4113.789: [GC (Allocation Failure) [PSYoungGen: 407936K->72160K(465920K)] 1425321K->1264321K(1864192K), 0.1715504 secs] [Times: user=1.02 sys=0.00, real=0.17 secs] 
4113.961: [Full GC (Ergonomics) [PSYoungGen: 72160K->0K(465920K)] [ParOldGen: 1192161K->71863K(1398272K)] 1264321K->71863K(1864192K), [Metaspace: 60433K->60433K(1105920K)], 0.1914704 secs] [Times: user=0.90 sys=0.00, real=0.19 secs] 
4114.594: [GC (Allocation Failure) [PSYoungGen: 232960K->193312K(465920K)] 304823K->265175K(1864192K), 0.0384956 secs] [Times: user=0.23 sys=0.00, real=0.03 secs] 
4116.884: [GC (Allocation Failure) [PSYoungGen: 426272K->81696K(465920K)] 498135K->330807K(1864192K), 0.1331641 secs] [Times: user=0.78 sys=0.01, real=0.13 secs] 
4117.394: [GC (Allocation Failure) [PSYoungGen: 314656K->206752K(465920K)] 563767K->531031K(1864192K), 0.0618128 secs] [Times: user=0.37 sys=0.00, real=0.06 secs] 
4119.855: [GC (Allocation Failure) [PSYoungGen: 439712K->84832K(465920K)] 763991K->582639K(1864192K), 0.1077121 secs] [Times: user=0.64 sys=0.00, real=0.10 secs] 
4122.709: [GC (Allocation Failure) [PSYoungGen: 316070K->195584K(465920K)] 813877K->772334K(1864192K), 0.0662812 secs] [Times: user=0.39 sys=0.00, real=0.07 secs] 
4124.261: [GC (Allocation Failure) [PSYoungGen: 428544K->91552K(465920K)] 1005294K->827262K(1864192K), 0.1013328 secs] [Times: user=0.61 sys=0.01, real=0.10 secs] 
4125.544: [GC (Allocation Failure) [PSYoungGen: 324512K->152768K(465920K)] 1060222K->973315K(1864192K), 0.0600661 secs] [Times: user=0.36 sys=0.00, real=0.06 secs] 
4127.865: [GC (Allocation Failure) [PSYoungGen: 385728K->109280K(465920K)] 1206275K->1082411K(1864192K), 0.0923742 secs] [Times: user=0.54 sys=0.00, real=0.09 secs] 
4129.539: [GC (Allocation Failure) [PSYoungGen: 342240K->147296K(465920K)] 1315371K->1210951K(1864192K), 0.0601043 secs] [Times: user=0.36 sys=0.00, real=0.06 secs] 
4131.663: [GC (Allocation Failure) [PSYoungGen: 380256K->110080K(465920K)] 1443911K->1320815K(1864192K), 0.0846938 secs] [Times: user=0.50 sys=0.00, real=0.09 secs] 
4131.748: [Full GC (Ergonomics) [PSYoungGen: 110080K->0K(465920K)] [ParOldGen: 1210735K->125141K(1398272K)] 1320815K->125141K(1864192K), [Metaspace: 60433K->60433K(1105920K)], 0.2831197 secs] [Times: user=1.29 sys=0.00, real=0.28 secs] 
4135.694: [GC (Allocation Failure) [PSYoungGen: 232960K->137760K(465920K)] 358101K->262901K(1864192K), 0.0475191 secs] [Times: user=0.29 sys=0.00, real=0.04 secs] 
4137.690: [GC (Allocation Failure) [PSYoungGen: 370720K->110688K(344064K)] 495861K->373597K(1742336K), 0.0786617 secs] [Times: user=0.47 sys=0.00, real=0.08 secs] 
4140.454: [GC (Allocation Failure) [PSYoungGen: 343648K->137632K(466944K)] 606557K->500490K(1865216K), 0.0608236 secs] [Times: user=0.36 sys=0.00, real=0.06 secs] 
4141.190: [GC (Allocation Failure) [PSYoungGen: 377248K->128800K(460288K)] 740106K->629210K(1858560K), 0.0590039 secs] [Times: user=0.35 sys=0.00, real=0.06 secs] 
4144.706: [GC (Allocation Failure) [PSYoungGen: 368416K->118496K(469504K)] 868826K->737847K(1867776K), 0.0626280 secs] [Times: user=0.38 sys=0.00, real=0.06 secs] 
4145.647: [GC (Allocation Failure) [PSYoungGen: 376032K->162976K(462848K)] 995383K->900855K(1861120K), 0.0817576 secs] [Times: user=0.47 sys=0.01, real=0.08 secs] 
4148.066: [GC (Allocation Failure) [PSYoungGen: 420512K->25120K(467968K)] 1158391K->763023K(1866240K), 0.0155507 secs] [Times: user=0.09 sys=0.00, real=0.01 secs] 
4148.807: [GC (Allocation Failure) [PSYoungGen: 282656K->183808K(441856K)] 1020559K->944544K(1840128K), 0.0438235 secs] [Times: user=0.26 sys=0.00, real=0.04 secs] 
4152.087: [GC (Allocation Failure) [PSYoungGen: 441344K->101152K(471040K)] 1202080K->1045768K(1869312K), 0.1284686 secs] [Times: user=0.77 sys=0.00, real=0.13 secs] 
4153.192: [GC (Allocation Failure) [PSYoungGen: 337484K->208512K(465920K)] 1282100K->1248441K(1864192K), 0.0609006 secs] [Times: user=0.37 sys=0.00, real=0.06 secs] 
4156.520: [GC (Allocation Failure) [PSYoungGen: 446592K->85568K(465920K)] 1486521K->1300233K(1864192K), 0.1144048 secs] [Times: user=0.68 sys=0.01, real=0.12 secs] 
4156.635: [Full GC (Ergonomics) [PSYoungGen: 85568K->0K(465920K)] [ParOldGen: 1214665K->100436K(1398272K)] 1300233K->100436K(1864192K), [Metaspace: 60433K->60433K(1105920K)], 0.2348071 secs] [Times: user=1.06 sys=0.00, real=0.23 secs] 
4158.018: [GC (Allocation Failure) [PSYoungGen: 232960K->158784K(465920K)] 333396K->259220K(1864192K), 0.0461715 secs] [Times: user=0.27 sys=0.00, real=0.05 secs] 
4161.583: [GC (Allocation Failure) [PSYoungGen: 391744K->91168K(465920K)] 492180K->350208K(1864192K), 0.1020279 secs] [Times: user=0.61 sys=0.00, real=0.11 secs] 
4162.887: [GC (Allocation Failure) [PSYoungGen: 324128K->153056K(465920K)] 583168K->496829K(1864192K), 0.0600372 secs] [Times: user=0.35 sys=0.00, real=0.06 secs] 
4166.663: [GC (Allocation Failure) [PSYoungGen: 381464K->92832K(465920K)] 725237K->589469K(1864192K), 0.0960491 secs] [Times: user=0.57 sys=0.01, real=0.10 secs] 
4167.913: [GC (Allocation Failure) [PSYoungGen: 325792K->151008K(384000K)] 822429K->734192K(1782272K), 0.0603780 secs] [Times: user=0.36 sys=0.00, real=0.06 secs] 
4169.220: [GC (Allocation Failure) [PSYoungGen: 383968K->103840K(471552K)] 967152K->838008K(1869824K), 0.0790207 secs] [Times: user=0.47 sys=0.00, real=0.08 secs] 
4171.933: [GC (Allocation Failure) [PSYoungGen: 342944K->143968K(383488K)] 1077112K->971997K(1781760K), 0.0607820 secs] [Times: user=0.36 sys=0.00, real=0.07 secs] 
4175.106: [GC (Allocation Failure) [PSYoungGen: 383072K->115200K(470016K)] 1211101K->1087061K(1868288K), 0.0771724 secs] [Times: user=0.46 sys=0.00, real=0.07 secs] 
4177.855: [GC (Allocation Failure) [PSYoungGen: 362496K->132704K(462848K)] 1334357K->1209276K(1861120K), 0.0620227 secs] [Times: user=0.37 sys=0.00, real=0.06 secs] 
4180.402: [GC (Allocation Failure) [PSYoungGen: 380000K->143520K(471552K)] 1456572K->1352980K(1869824K), 0.0608543 secs] [Times: user=0.36 sys=0.00, real=0.06 secs] 
4180.463: [Full GC (Ergonomics) [PSYoungGen: 143520K->0K(471552K)] [ParOldGen: 1209460K->158540K(1398272K)] 1352980K->158540K(1869824K), [Metaspace: 60433K->60433K(1105920K)], 0.3652911 secs] [Times: user=1.68 sys=0.00, real=0.37 secs] 
4184.010: [GC (Allocation Failure) [PSYoungGen: 262656K->113824K(469504K)] 421196K->272364K(1867776K), 0.0656431 secs] [Times: user=0.38 sys=0.01, real=0.07 secs] 
4186.616: [GC (Allocation Failure) [PSYoungGen: 370275K->175264K(474624K)] 528816K->445513K(1872896K), 0.0597177 secs] [Times: user=0.36 sys=0.00, real=0.06 secs] 
4188.533: [GC (Allocation Failure) [PSYoungGen: 448160K->121408K(484864K)] 718409K->558077K(1883136K), 0.1668810 secs] [Times: user=0.99 sys=0.00, real=0.17 secs] 
4189.993: [GC (Allocation Failure) [PSYoungGen: 394304K->187104K(466432K)] 830973K->738666K(1864704K), 0.0675071 secs] [Times: user=0.39 sys=0.01, real=0.07 secs] 
4193.570: [GC (Allocation Failure) [PSYoungGen: 447712K->108384K(479744K)] 999274K->847006K(1878016K), 0.1010687 secs] [Times: user=0.61 sys=0.00, real=0.10 secs] 
4194.931: [GC (Allocation Failure) [PSYoungGen: 368992K->1888K(454656K)] 1107614K->740570K(1852928K), 0.0038556 secs] [Times: user=0.02 sys=0.00, real=0.01 secs] 
4197.016: [GC (Allocation Failure) [PSYoungGen: 240992K->143840K(468992K)] 979674K->883218K(1867264K), 0.0291230 secs] [Times: user=0.17 sys=0.00, real=0.03 secs] 
4198.550: [GC (Allocation Failure) [PSYoungGen: 382944K->5504K(460800K)] 1122322K->744994K(1859072K), 0.0086179 secs] [Times: user=0.04 sys=0.00, real=0.01 secs] 
4199.877: [GC (Allocation Failure) [PSYoungGen: 238464K->163776K(465920K)] 977954K->907443K(1864192K), 0.0497472 secs] [Times: user=0.30 sys=0.00, real=0.05 secs] 
4203.005: [GC (Allocation Failure) [PSYoungGen: 396736K->90240K(465920K)] 1140403K->989579K(1864192K), 0.0693855 secs] [Times: user=0.41 sys=0.00, real=0.07 secs] 
4204.110: [GC (Allocation Failure) [PSYoungGen: 323200K->165376K(465920K)] 1222539K->1153072K(1864192K), 0.0507088 secs] [Times: user=0.30 sys=0.00, real=0.05 secs] 
4206.710: [GC (Allocation Failure) [PSYoungGen: 398336K->90720K(465920K)] 1386032K->1235004K(1864192K), 0.1501052 secs] [Times: user=0.89 sys=0.01, real=0.15 secs] 
4206.860: [Full GC (Ergonomics) [PSYoungGen: 90720K->0K(465920K)] [ParOldGen: 1144284K->33295K(1398272K)] 1235004K->33295K(1864192K), [Metaspace: 60433K->60433K(1105920K)], 0.0910134 secs] [Times: user=0.34 sys=0.00, real=0.09 secs] 
4208.369: [GC (Allocation Failure) [PSYoungGen: 232233K->166720K(465920K)] 265529K->200015K(1864192K), 0.0765660 secs] [Times: user=0.45 sys=0.00, real=0.08 secs] 
4211.468: [GC (Allocation Failure) [PSYoungGen: 399680K->89504K(465920K)] 432975K->281063K(1864192K), 0.1463407 secs] [Times: user=0.88 sys=0.00, real=0.15 secs] 
4212.429: [GC (Allocation Failure) [PSYoungGen: 307618K->159392K(465920K)] 499178K->438380K(1864192K), 0.0706804 secs] [Times: user=0.42 sys=0.00, real=0.07 secs] 
4215.619: [GC (Allocation Failure) [PSYoungGen: 392352K->85664K(465920K)] 671340K->515852K(1864192K), 0.1529927 secs] [Times: user=0.91 sys=0.00, real=0.15 secs] 
4216.347: [GC (Allocation Failure) [PSYoungGen: 305898K->163264K(465920K)] 736087K->676874K(1864192K), 0.0475736 secs] [Times: user=0.28 sys=0.00, real=0.05 secs] 
4220.060: [GC (Allocation Failure) [PSYoungGen: 396224K->86272K(465920K)] 909834K->754962K(1864192K), 0.1753563 secs] [Times: user=1.04 sys=0.00, real=0.18 secs] 
4220.854: [GC (Allocation Failure) [PSYoungGen: 311314K->163008K(465920K)] 980005K->915523K(1864192K), 0.0479137 secs] [Times: user=0.29 sys=0.00, real=0.04 secs] 
4223.831: [GC (Allocation Failure) [PSYoungGen: 395968K->89600K(464896K)] 1148483K->996635K(1863168K), 0.1823020 secs] [Times: user=1.09 sys=0.00, real=0.18 secs] 
4224.807: [GC (Allocation Failure) [PSYoungGen: 311246K->159456K(465408K)] 1218281K->1154112K(1863680K), 0.0519613 secs] [Times: user=0.30 sys=0.01, real=0.05 secs] 
4227.665: [GC (Allocation Failure) [PSYoungGen: 392416K->89824K(461824K)] 1387072K->1235712K(1860096K), 0.1685485 secs] [Times: user=1.00 sys=0.00, real=0.16 secs] 
4229.360: [GC (Allocation Failure) [PSYoungGen: 323296K->167488K(463872K)] 1469184K->1401021K(1862144K), 0.0978534 secs] [Times: user=0.58 sys=0.00, real=0.10 secs] 
4229.458: [Full GC (Ergonomics) [PSYoungGen: 167488K->0K(463872K)] [ParOldGen: 1233533K->205145K(1398272K)] 1401021K->205145K(1862144K), [Metaspace: 60433K->60433K(1105920K)], 0.5088562 secs] [Times: user=2.42 sys=0.00, real=0.51 secs] 
4233.223: [GC (Allocation Failure) [PSYoungGen: 233472K->80032K(465920K)] 438617K->285177K(1864192K), 0.1951942 secs] [Times: user=1.17 sys=0.00, real=0.20 secs] 
4234.180: [GC (Allocation Failure) [PSYoungGen: 312992K->168384K(465920K)] 518137K->450697K(1864192K), 0.0562972 secs] [Times: user=0.33 sys=0.01, real=0.06 secs] 
4237.884: [GC (Allocation Failure) [PSYoungGen: 401344K->79456K(465920K)] 683657K->530249K(1864192K), 0.1612029 secs] [Times: user=0.96 sys=0.00, real=0.17 secs] 
4239.034: [GC (Allocation Failure) [PSYoungGen: 312416K->167104K(465920K)] 763209K->693258K(1864192K), 0.0520823 secs] [Times: user=0.31 sys=0.00, real=0.05 secs] 
4241.021: [GC (Allocation Failure) [PSYoungGen: 396874K->86272K(465920K)] 923029K->779330K(1864192K), 0.1640987 secs] [Times: user=0.97 sys=0.01, real=0.17 secs] 
4241.553: [GC (Allocation Failure) [PSYoungGen: 319232K->171488K(465920K)] 1012290K->946963K(1864192K), 0.0563673 secs] [Times: user=0.33 sys=0.00, real=0.06 secs] 
4244.249: [GC (Allocation Failure) [PSYoungGen: 404448K->79392K(465920K)] 1179923K->1026395K(1864192K), 0.1611148 secs] [Times: user=0.95 sys=0.00, real=0.16 secs] 
4245.720: [GC (Allocation Failure) [PSYoungGen: 312352K->173024K(465920K)] 1259355K->1193672K(1864192K), 0.1318732 secs] [Times: user=0.78 sys=0.01, real=0.13 secs] 
4248.898: [GC (Allocation Failure) [PSYoungGen: 405984K->78432K(465920K)] 1426632K->1271912K(1864192K), 0.1541621 secs] [Times: user=0.92 sys=0.00, real=0.15 secs] 
4249.052: [Full GC (Ergonomics) [PSYoungGen: 78432K->0K(465920K)] [ParOldGen: 1193480K->79459K(1398272K)] 1271912K->79459K(1864192K), [Metaspace: 60435K->60435K(1105920K)], 0.2101386 secs] [Times: user=0.98 sys=0.00, real=0.21 secs] 
4251.196: [GC (Allocation Failure) [PSYoungGen: 232960K->185312K(465920K)] 312419K->264771K(1864192K), 0.1118247 secs] [Times: user=0.66 sys=0.01, real=0.11 secs] 
4253.893: [GC (Allocation Failure) [PSYoungGen: 418272K->82432K(465920K)] 497731K->330471K(1864192K), 0.1341303 secs] [Times: user=0.80 sys=0.00, real=0.14 secs] 
4254.600: [GC (Allocation Failure) [PSYoungGen: 314924K->206592K(465920K)] 562963K->530980K(1864192K), 0.1095711 secs] [Times: user=0.65 sys=0.00, real=0.11 secs] 
4256.568: [GC (Allocation Failure) [PSYoungGen: 439552K->85152K(465920K)] 763940K->583068K(1864192K), 0.1047378 secs] [Times: user=0.62 sys=0.00, real=0.10 secs] 
4258.262: [GC (Allocation Failure) [PSYoungGen: 318112K->180724K(465920K)] 816028K->757669K(1864192K), 0.0653402 secs] [Times: user=0.38 sys=0.01, real=0.07 secs] 
4261.134: [GC (Allocation Failure) [PSYoungGen: 413684K->90784K(465920K)] 990629K->826656K(1864192K), 0.1005147 secs] [Times: user=0.60 sys=0.00, real=0.10 secs] 
4262.444: [GC (Allocation Failure) [PSYoungGen: 323744K->153664K(465920K)] 1059616K->973653K(1864192K), 0.0603741 secs] [Times: user=0.36 sys=0.00, real=0.06 secs] 
4264.965: [GC (Allocation Failure) [PSYoungGen: 379359K->93408K(465920K)] 1199349K->1066877K(1864192K), 0.1026923 secs] [Times: user=0.61 sys=0.00, real=0.10 secs] 
4266.276: [GC (Allocation Failure) [PSYoungGen: 326368K->150688K(465920K)] 1299837K->1210718K(1864192K), 0.0605973 secs] [Times: user=0.36 sys=0.00, real=0.06 secs] 
4269.010: [GC (Allocation Failure) [PSYoungGen: 377557K->93184K(465920K)] 1437588K->1303966K(1864192K), 0.0891834 secs] [Times: user=0.53 sys=0.00, real=0.09 secs] 
4269.100: [Full GC (Ergonomics) [PSYoungGen: 93184K->0K(465920K)] [ParOldGen: 1210782K->108265K(1398272K)] 1303966K->108265K(1864192K), [Metaspace: 60435K->60435K(1105920K)], 0.2465205 secs] [Times: user=1.11 sys=0.00, real=0.25 secs] 
4270.501: [GC (Allocation Failure) [PSYoungGen: 232960K->150784K(465920K)] 341225K->259049K(1864192K), 0.0428260 secs] [Times: user=0.25 sys=0.00, real=0.04 secs] 
4271.921: [GC (Allocation Failure) [PSYoungGen: 383744K->105760K(465920K)] 492009K->365029K(1864192K), 0.0927450 secs] [Times: user=0.56 sys=0.00, real=0.10 secs] 
4273.451: [GC (Allocation Failure) [PSYoungGen: 338720K->142432K(375808K)] 597989K->497293K(1774080K), 0.0604512 secs] [Times: user=0.36 sys=0.00, real=0.06 secs] 
4276.914: [GC (Allocation Failure) [PSYoungGen: 375392K->115520K(469504K)] 730253K->612301K(1867776K), 0.0809248 secs] [Times: user=0.48 sys=0.00, real=0.09 secs] 
4278.197: [GC (Allocation Failure) [PSYoungGen: 356672K->132608K(461312K)] 853453K->734634K(1859584K), 0.0614699 secs] [Times: user=0.37 sys=0.00, real=0.06 secs] 
4280.852: [GC (Allocation Failure) [PSYoungGen: 373760K->139424K(467456K)] 975786K->873962K(1865728K), 0.0614746 secs] [Times: user=0.37 sys=0.00, real=0.07 secs] 
4282.306: [GC (Allocation Failure) [PSYoungGen: 393888K->8896K(463360K)] 1128426K->743466K(1861632K), 0.0042154 secs] [Times: user=0.03 sys=0.00, real=0.00 secs] 
4283.833: [GC (Allocation Failure) [PSYoungGen: 252123K->175456K(454144K)] 986694K->916935K(1852416K), 0.0356601 secs] [Times: user=0.21 sys=0.00, real=0.04 secs] 
4285.912: [GC (Allocation Failure) [PSYoungGen: 408416K->89280K(465920K)] 1149895K->997743K(1864192K), 0.1430337 secs] [Times: user=0.85 sys=0.00, real=0.15 secs] 
4288.069: [GC (Allocation Failure) [PSYoungGen: 318805K->160832K(462336K)] 1227268K->1156100K(1860608K), 0.1158348 secs] [Times: user=0.69 sys=0.01, real=0.12 secs] 
4290.629: [GC (Allocation Failure) [PSYoungGen: 395840K->91008K(326144K)] 1391108K->1238564K(1724416K), 0.0958938 secs] [Times: user=0.57 sys=0.01, real=0.10 secs] 
4293.129: [GC (Allocation Failure) [PSYoungGen: 316647K->159584K(462848K)] 1464204K->1394897K(1861120K), 0.1365104 secs] [Times: user=0.81 sys=0.00, real=0.14 secs] 
4293.266: [Full GC (Ergonomics) [PSYoungGen: 159584K->0K(462848K)] [ParOldGen: 1235313K->197324K(1398272K)] 1394897K->197324K(1861120K), [Metaspace: 60435K->60435K(1105920K)], 0.5268136 secs] [Times: user=2.52 sys=0.00, real=0.52 secs] 
4296.039: [GC (Allocation Failure) [PSYoungGen: 236032K->92768K(466432K)] 433356K->290092K(1864704K), 0.0588765 secs] [Times: user=0.35 sys=0.00, real=0.06 secs] 
4297.022: [GC (Allocation Failure) [PSYoungGen: 328800K->217280K(458240K)] 526124K->504153K(1856512K), 0.1213868 secs] [Times: user=0.71 sys=0.01, real=0.12 secs] 
4300.056: [GC (Allocation Failure) [PSYoungGen: 450240K->85568K(465920K)] 737113K->540253K(1864192K), 0.1575746 secs] [Times: user=0.94 sys=0.01, real=0.16 secs] 
4301.758: [GC (Allocation Failure) [PSYoungGen: 318528K->162240K(465920K)] 773213K->699386K(1864192K), 0.1166548 secs] [Times: user=0.69 sys=0.00, real=0.12 secs] 
4303.929: [GC (Allocation Failure) [PSYoungGen: 394464K->87648K(465920K)] 931611K->786730K(1864192K), 0.1473117 secs] [Times: user=0.87 sys=0.01, real=0.15 secs] 
4305.977: [GC (Allocation Failure) [PSYoungGen: 320608K->161408K(465920K)] 1019690K->945147K(1864192K), 0.1328433 secs] [Times: user=0.79 sys=0.00, real=0.13 secs] 
4308.130: [GC (Allocation Failure) [PSYoungGen: 394368K->85472K(465920K)] 1178107K->1030355K(1864192K), 0.1683862 secs] [Times: user=1.00 sys=0.01, real=0.17 secs] 
4311.719: [GC (Allocation Failure) [PSYoungGen: 318432K->164928K(465920K)] 1263315K->1189864K(1864192K), 0.1497309 secs] [Times: user=0.89 sys=0.00, real=0.15 secs] 
4314.810: [GC (Allocation Failure) [PSYoungGen: 397888K->79840K(465920K)] 1422824K->1269456K(1864192K), 0.1774840 secs] [Times: user=1.06 sys=0.00, real=0.18 secs] 
4314.987: [Full GC (Ergonomics) [PSYoungGen: 79840K->0K(465920K)] [ParOldGen: 1189616K->68176K(1398272K)] 1269456K->68176K(1864192K), [Metaspace: 60435K->60435K(1105920K)], 0.1864531 secs] [Times: user=0.88 sys=0.00, real=0.18 secs] 
4317.611: [GC (Allocation Failure) [PSYoungGen: 232960K->165920K(465920K)] 301136K->234096K(1864192K), 0.0978115 secs] [Times: user=0.59 sys=0.00, real=0.10 secs] 
4321.555: [GC (Allocation Failure) [PSYoungGen: 398880K->76128K(465920K)] 467056K->310496K(1864192K), 0.1641005 secs] [Times: user=0.96 sys=0.01, real=0.16 secs] 
4323.103: [GC (Allocation Failure) [PSYoungGen: 309088K->172608K(465920K)] 543456K->476585K(1864192K), 0.0535019 secs] [Times: user=0.31 sys=0.00, real=0.06 secs] 
4326.915: [GC (Allocation Failure) [PSYoungGen: 405568K->75872K(465920K)] 709545K->552161K(1864192K), 0.1659305 secs] [Times: user=0.98 sys=0.01, real=0.16 secs] 
4328.329: [GC (Allocation Failure) [PSYoungGen: 308832K->172832K(465920K)] 785121K->718882K(1864192K), 0.0540837 secs] [Times: user=0.33 sys=0.00, real=0.05 secs] 
4332.485: [GC (Allocation Failure) [PSYoungGen: 405792K->76992K(465920K)] 951842K->795914K(1864192K), 0.1855822 secs] [Times: user=1.10 sys=0.00, real=0.18 secs] 
4333.111: [GC (Allocation Failure) [PSYoungGen: 309952K->177536K(465920K)] 1028874K->967511K(1864192K), 0.0562568 secs] [Times: user=0.34 sys=0.00, real=0.06 secs] 
4335.486: [GC (Allocation Failure) [PSYoungGen: 410496K->84608K(465920K)] 1200471K->1052375K(1864192K), 0.1353328 secs] [Times: user=0.80 sys=0.00, real=0.13 secs] 
4336.531: [GC (Allocation Failure) [PSYoungGen: 317568K->187520K(465920K)] 1285335K->1233806K(1864192K), 0.0648284 secs] [Times: user=0.38 sys=0.00, real=0.07 secs] 
4339.558: [GC (Allocation Failure) [PSYoungGen: 420480K->90240K(465920K)] 1466766K->1303318K(1864192K), 0.1121541 secs] [Times: user=0.67 sys=0.00, real=0.11 secs] 
4339.670: [Full GC (Ergonomics) [PSYoungGen: 90240K->0K(465920K)] [ParOldGen: 1213078K->105321K(1398272K)] 1303318K->105321K(1864192K), [Metaspace: 60437K->60437K(1105920K)], 0.2503734 secs] [Times: user=1.15 sys=0.00, real=0.25 secs] 
4341.050: [GC (Allocation Failure) [PSYoungGen: 232960K->154208K(465920K)] 338281K->259529K(1864192K), 0.0444787 secs] [Times: user=0.26 sys=0.00, real=0.05 secs] 
4344.656: [GC (Allocation Failure) [PSYoungGen: 384393K->92960K(465920K)] 489714K->351897K(1864192K), 0.0920372 secs] [Times: user=0.55 sys=0.00, real=0.09 secs] 
4347.208: [GC (Allocation Failure) [PSYoungGen: 325920K->151136K(465920K)] 584857K->496626K(1864192K), 0.0599401 secs] [Times: user=0.36 sys=0.00, real=0.06 secs] 
4348.935: [GC (Allocation Failure) [PSYoungGen: 384096K->98496K(465920K)] 729586K->595042K(1864192K), 0.0885903 secs] [Times: user=0.53 sys=0.00, real=0.08 secs] 
4350.801: [GC (Allocation Failure) [PSYoungGen: 331456K->150048K(465920K)] 828002K->734745K(1864192K), 0.0603680 secs] [Times: user=0.36 sys=0.00, real=0.06 secs] 
4353.333: [GC (Allocation Failure) [PSYoungGen: 383008K->108160K(341504K)] 967705K->842257K(1739776K), 0.0745606 secs] [Times: user=0.44 sys=0.01, real=0.08 secs] 
4355.568: [GC (Allocation Failure) [PSYoungGen: 341120K->139584K(465920K)] 1075217K->971506K(1864192K), 0.0607769 secs] [Times: user=0.36 sys=0.00, real=0.06 secs] 
4357.485: [GC (Allocation Failure) [PSYoungGen: 377664K->122912K(460800K)] 1209586K->1094610K(1859072K), 0.0640050 secs] [Times: user=0.38 sys=0.01, real=0.06 secs] 
4359.644: [GC (Allocation Failure) [PSYoungGen: 360992K->125280K(467456K)] 1332690K->1209551K(1865728K), 0.0620620 secs] [Times: user=0.37 sys=0.00, real=0.06 secs] 
4361.964: [GC (Allocation Failure) [PSYoungGen: 382304K->153248K(462336K)] 1466575K->1362511K(1860608K), 0.0585873 secs] [Times: user=0.35 sys=0.00, real=0.05 secs] 
4362.023: [Full GC (Ergonomics) [PSYoungGen: 153248K->0K(462336K)] [ParOldGen: 1209263K->168236K(1398272K)] 1362511K->168236K(1860608K), [Metaspace: 60437K->60437K(1105920K)], 0.3890644 secs] [Times: user=1.80 sys=0.00, real=0.39 secs] 
4364.673: [GC (Allocation Failure) [PSYoungGen: 257024K->112864K(486400K)] 425260K->281100K(1884672K), 0.1148490 secs] [Times: user=0.64 sys=0.01, real=0.12 secs] 
4367.347: [GC (Allocation Failure) [PSYoungGen: 399072K->198560K(484864K)] 567308K->477326K(1883136K), 0.1582882 secs] [Times: user=0.94 sys=0.00, real=0.16 secs] 
4372.395: [GC (Allocation Failure) [PSYoungGen: 484768K->112736K(480768K)] 763534K->590082K(1879040K), 0.1266979 secs] [Times: user=0.75 sys=0.00, real=0.12 secs] 
4375.460: [GC (Allocation Failure) [PSYoungGen: 379488K->156160K(423424K)] 856834K->739639K(1821696K), 0.0667496 secs] [Times: user=0.39 sys=0.00, real=0.07 secs] 
4377.656: [GC (Allocation Failure) [PSYoungGen: 422912K->141280K(487936K)] 1006391K->880679K(1886208K), 0.0671867 secs] [Times: user=0.39 sys=0.00, real=0.06 secs] 
4379.970: [GC (Allocation Failure) [PSYoungGen: 412640K->14944K(286720K)] 1152039K->754383K(1684992K), 0.0066478 secs] [Times: user=0.04 sys=0.00, real=0.01 secs] 
4382.366: [GC (Allocation Failure) [PSYoungGen: 286304K->190368K(456704K)] 1025743K->942163K(1854976K), 0.0666600 secs] [Times: user=0.39 sys=0.00, real=0.06 secs] 
4385.181: [GC (Allocation Failure) [PSYoungGen: 423328K->82816K(465920K)] 1175123K->1024739K(1864192K), 0.1799141 secs] [Times: user=1.02 sys=0.00, real=0.18 secs] 
4386.263: [GC (Allocation Failure) [PSYoungGen: 315776K->170400K(465920K)] 1257699K->1191268K(1864192K), 0.0558784 secs] [Times: user=0.33 sys=0.00, real=0.06 secs] 
4388.805: [GC (Allocation Failure) [PSYoungGen: 403360K->81984K(465920K)] 1424228K->1273420K(1864192K), 0.1211117 secs] [Times: user=0.72 sys=0.00, real=0.12 secs] 
4388.926: [Full GC (Ergonomics) [PSYoungGen: 81984K->0K(465920K)] [ParOldGen: 1191436K->72608K(1398272K)] 1273420K->72608K(1864192K), [Metaspace: 60437K->60437K(1105920K)], 0.1681177 secs] [Times: user=0.75 sys=0.00, real=0.17 secs] 
4390.301: [GC (Allocation Failure) [PSYoungGen: 232960K->171616K(465920K)] 305568K->244224K(1864192K), 0.0881740 secs] [Times: user=0.52 sys=0.00, real=0.09 secs] 
4394.394: [GC (Allocation Failure) [PSYoungGen: 404576K->79296K(465920K)] 477184K->323392K(1864192K), 0.1541590 secs] [Times: user=0.92 sys=0.00, real=0.16 secs] 
4394.837: [GC (Allocation Failure) [PSYoungGen: 312256K->175104K(465920K)] 556352K->492297K(1864192K), 0.0560597 secs] [Times: user=0.33 sys=0.00, real=0.05 secs] 
4398.885: [GC (Allocation Failure) [PSYoungGen: 408064K->76128K(465920K)] 725257K->568297K(1864192K), 0.1413183 secs] [Times: user=0.84 sys=0.00, real=0.14 secs] 
4399.391: [GC (Allocation Failure) [PSYoungGen: 308171K->206528K(465920K)] 800341K->768442K(1864192K), 0.0560210 secs] [Times: user=0.33 sys=0.01, real=0.06 secs] 
4402.278: [GC (Allocation Failure) [PSYoungGen: 439488K->81280K(465920K)] 1001402K->816266K(1864192K), 0.1075260 secs] [Times: user=0.64 sys=0.00, real=0.11 secs] 
4404.222: [GC (Allocation Failure) [PSYoungGen: 314240K->183488K(465920K)] 1049226K->993551K(1864192K), 0.0614929 secs] [Times: user=0.37 sys=0.01, real=0.06 secs] 
4405.647: [GC (Allocation Failure) [PSYoungGen: 414428K->92704K(465920K)] 1224491K->1065623K(1864192K), 0.1152536 secs] [Times: user=0.67 sys=0.01, real=0.11 secs] 
4408.937: [GC (Allocation Failure) [PSYoungGen: 325664K->151232K(465920K)] 1298583K->1210676K(1864192K), 0.0606093 secs] [Times: user=0.36 sys=0.00, real=0.06 secs] 
4410.033: [GC (Allocation Failure) [PSYoungGen: 384192K->97952K(465920K)] 1443636K->1308564K(1864192K), 0.0945010 secs] [Times: user=0.56 sys=0.00, real=0.10 secs] 
4410.128: [Full GC (Ergonomics) [PSYoungGen: 97952K->0K(465920K)] [ParOldGen: 1210612K->113122K(1398272K)] 1308564K->113122K(1864192K), [Metaspace: 60439K->60439K(1105920K)], 0.2550602 secs] [Times: user=1.17 sys=0.00, real=0.25 secs] 
4412.499: [GC (Allocation Failure) [PSYoungGen: 232960K->150240K(465920K)] 346082K->263362K(1864192K), 0.0525471 secs] [Times: user=0.32 sys=0.00, real=0.05 secs] 
4414.924: [GC (Allocation Failure) [PSYoungGen: 383200K->108384K(465920K)] 496322K->371810K(1864192K), 0.0991175 secs] [Times: user=0.59 sys=0.00, real=0.09 secs] 
4417.408: [GC (Allocation Failure) [PSYoungGen: 341344K->147936K(465920K)] 604770K->501023K(1864192K), 0.0598716 secs] [Times: user=0.36 sys=0.00, real=0.06 secs] 
4418.026: [GC (Allocation Failure) [PSYoungGen: 380896K->117888K(351232K)] 733983K->619119K(1749504K), 0.0604338 secs] [Times: user=0.36 sys=0.00, real=0.06 secs] 
4421.949: [GC (Allocation Failure) [PSYoungGen: 350848K->129952K(467968K)] 852079K->739027K(1866240K), 0.0621831 secs] [Times: user=0.37 sys=0.00, real=0.06 secs] 
4424.679: [GC (Allocation Failure) [PSYoungGen: 372128K->130112K(458752K)] 981203K->868755K(1857024K), 0.0701029 secs] [Times: user=0.41 sys=0.00, real=0.07 secs] 
4426.771: [GC (Allocation Failure) [PSYoungGen: 372288K->2496K(450560K)] 1110931K->741171K(1848832K), 0.0023253 secs] [Times: user=0.01 sys=0.00, real=0.00 secs] 
4428.672: [GC (Allocation Failure) [PSYoungGen: 245184K->152800K(464384K)] 983859K->892388K(1862656K), 0.0303919 secs] [Times: user=0.18 sys=0.00, real=0.03 secs] 
4430.235: [GC (Allocation Failure) [PSYoungGen: 395488K->11040K(457728K)] 1135076K->750716K(1856000K), 0.0061531 secs] [Times: user=0.03 sys=0.00, real=0.00 secs] 
4432.582: [GC (Allocation Failure) [PSYoungGen: 244000K->162016K(465920K)] 983676K->910465K(1864192K), 0.0343205 secs] [Times: user=0.20 sys=0.00, real=0.04 secs] 
4435.211: [GC (Allocation Failure) [PSYoungGen: 394976K->90688K(462848K)] 1143425K->992753K(1861120K), 0.1791863 secs] [Times: user=1.06 sys=0.01, real=0.18 secs] 
4438.298: [GC (Allocation Failure) [PSYoungGen: 323648K->162624K(464384K)] 1225713K->1152686K(1862656K), 0.0499967 secs] [Times: user=0.30 sys=0.00, real=0.05 secs] 
4440.523: [GC (Allocation Failure) [PSYoungGen: 395584K->93504K(463872K)] 1385646K->1237134K(1862144K), 0.1742865 secs] [Times: user=1.04 sys=0.00, real=0.18 secs] 
4442.846: [GC (Allocation Failure) [PSYoungGen: 328000K->163936K(464896K)] 1471630K->1398383K(1863168K), 0.0506466 secs] [Times: user=0.30 sys=0.00, real=0.05 secs] 
4442.896: [Full GC (Ergonomics) [PSYoungGen: 163936K->0K(464896K)] [ParOldGen: 1234447K->197010K(1398272K)] 1398383K->197010K(1863168K), [Metaspace: 60439K->60439K(1105920K)], 0.4756548 secs] [Times: user=2.23 sys=0.00, real=0.47 secs] 
4445.301: [GC (Allocation Failure) [PSYoungGen: 234496K->93792K(463872K)] 431506K->290802K(1862144K), 0.0880592 secs] [Times: user=0.52 sys=0.01, real=0.09 secs] 
4447.740: [GC (Allocation Failure) [PSYoungGen: 319793K->157888K(464896K)] 516803K->444831K(1863168K), 0.0479556 secs] [Times: user=0.28 sys=0.00, real=0.05 secs] 
4449.462: [GC (Allocation Failure) [PSYoungGen: 393408K->96192K(459776K)] 680351K->532047K(1858048K), 0.1206348 secs] [Times: user=0.72 sys=0.00, real=0.12 secs] 
4450.368: [GC (Allocation Failure) [PSYoungGen: 332736K->170272K(462848K)] 768591K->698712K(1861120K), 0.0506893 secs] [Times: user=0.29 sys=0.00, real=0.05 secs] 
4453.517: [GC (Allocation Failure) [PSYoungGen: 406816K->88224K(468992K)] 935256K->786524K(1867264K), 0.1580022 secs] [Times: user=0.94 sys=0.00, real=0.16 secs] 
4454.687: [GC (Allocation Failure) [PSYoungGen: 324256K->168000K(465920K)] 1022556K->951381K(1864192K), 0.1057319 secs] [Times: user=0.62 sys=0.00, real=0.10 secs] 
4459.156: [GC (Allocation Failure) [PSYoungGen: 404032K->77216K(465920K)] 1187413K->1028349K(1864192K), 0.1667311 secs] [Times: user=1.00 sys=0.00, real=0.16 secs] 
4460.208: [GC (Allocation Failure) [PSYoungGen: 310176K->174880K(465920K)] 1261309K->1197393K(1864192K), 0.0555307 secs] [Times: user=0.33 sys=0.00, real=0.05 secs] 
4463.083: [GC (Allocation Failure) [PSYoungGen: 407840K->77472K(465920K)] 1430353K->1274910K(1864192K), 0.1444053 secs] [Times: user=0.86 sys=0.00, real=0.15 secs] 
4463.228: [Full GC (Ergonomics) [PSYoungGen: 77472K->0K(465920K)] [ParOldGen: 1197438K->73497K(1398272K)] 1274910K->73497K(1864192K), [Metaspace: 60439K->60439K(1105920K)], 0.1858989 secs] [Times: user=0.87 sys=0.00, real=0.18 secs] 
4463.961: [GC (Allocation Failure) [PSYoungGen: 232960K->175872K(465920K)] 306457K->249369K(1864192K), 0.0378118 secs] [Times: user=0.22 sys=0.00, real=0.04 secs] 
4468.462: [GC (Allocation Failure) [PSYoungGen: 408832K->70752K(465920K)] 482329K->320445K(1864192K), 0.1661483 secs] [Times: user=0.99 sys=0.01, real=0.17 secs] 
4469.114: [GC (Allocation Failure) [PSYoungGen: 303712K->177792K(465920K)] 553405K->492346K(1864192K), 0.0544887 secs] [Times: user=0.32 sys=0.00, real=0.05 secs] 
4471.190: [GC (Allocation Failure) [PSYoungGen: 410752K->89280K(465920K)] 725306K->581854K(1864192K), 0.1341714 secs] [Times: user=0.80 sys=0.00, real=0.14 secs] 
4473.032: [GC (Allocation Failure) [PSYoungGen: 320607K->199680K(465920K)] 813181K->770955K(1864192K), 0.0576575 secs] [Times: user=0.34 sys=0.00, real=0.06 secs] 
4475.412: [GC (Allocation Failure) [PSYoungGen: 432640K->90208K(465920K)] 1003915K->827211K(1864192K), 0.1139446 secs] [Times: user=0.68 sys=0.00, real=0.12 secs] 
4476.698: [GC (Allocation Failure) [PSYoungGen: 323168K->158176K(465920K)] 1060171K->974272K(1864192K), 0.0601373 secs] [Times: user=0.36 sys=0.00, real=0.06 secs] 
4479.374: [GC (Allocation Failure) [PSYoungGen: 384212K->92736K(465920K)] 1200308K->1067048K(1864192K), 0.1006915 secs] [Times: user=0.60 sys=0.00, real=0.10 secs] 
4481.508: [GC (Allocation Failure) [PSYoungGen: 325696K->151008K(465920K)] 1300008K->1211836K(1864192K), 0.0609174 secs] [Times: user=0.36 sys=0.00, real=0.06 secs] 
4484.719: [GC (Allocation Failure) [PSYoungGen: 378557K->93056K(465920K)] 1439386K->1305101K(1864192K), 0.0991533 secs] [Times: user=0.59 sys=0.00, real=0.10 secs] 
4484.818: [Full GC (Ergonomics) [PSYoungGen: 93056K->0K(465920K)] [ParOldGen: 1212044K->108191K(1398272K)] 1305101K->108191K(1864192K), [Metaspace: 60439K->60439K(1105920K)], 0.2606536 secs] [Times: user=1.18 sys=0.01, real=0.26 secs] 
4488.195: [GC (Allocation Failure) [PSYoungGen: 232960K->151360K(465920K)] 341151K->259551K(1864192K), 0.0428565 secs] [Times: user=0.25 sys=0.00, real=0.04 secs] 
4490.411: [GC (Allocation Failure) [PSYoungGen: 383196K->93152K(465920K)] 491387K->352535K(1864192K), 0.0975979 secs] [Times: user=0.57 sys=0.01, real=0.10 secs] 
4492.388: [GC (Allocation Failure) [PSYoungGen: 326112K->151360K(384512K)] 585495K->497304K(1782784K), 0.0600990 secs] [Times: user=0.35 sys=0.00, real=0.06 secs] 
4493.868: [GC (Allocation Failure) [PSYoungGen: 384320K->100736K(471040K)] 730264K->597904K(1869312K), 0.0995417 secs] [Times: user=0.59 sys=0.00, real=0.10 secs] 
4495.895: [GC (Allocation Failure) [PSYoungGen: 339328K->148128K(387072K)] 836496K->734659K(1785344K), 0.0607210 secs] [Times: user=0.36 sys=0.00, real=0.06 secs] 
4497.471: [GC (Allocation Failure) [PSYoungGen: 386720K->124448K(474624K)] 973251K->859075K(1872896K), 0.0649676 secs] [Times: user=0.38 sys=0.01, real=0.07 secs] 
4500.161: [GC (Allocation Failure) [PSYoungGen: 373792K->1952K(464896K)] 1108419K->736603K(1863168K), 0.0029980 secs] [Times: user=0.02 sys=0.00, real=0.01 secs] 
4502.037: [GC (Allocation Failure) [PSYoungGen: 251296K->156512K(461824K)] 985947K->891996K(1860096K), 0.0310825 secs] [Times: user=0.18 sys=0.00, real=0.03 secs] 
4504.915: [GC (Allocation Failure) [PSYoungGen: 390496K->10240K(244736K)] 1125980K->745844K(1643008K), 0.0061797 secs] [Times: user=0.03 sys=0.00, real=0.00 secs] 
4508.259: [GC (Allocation Failure) [PSYoungGen: 244224K->176352K(465920K)] 979828K->919929K(1864192K), 0.0351000 secs] [Times: user=0.20 sys=0.00, real=0.04 secs] 
4509.747: [GC (Allocation Failure) [PSYoungGen: 409312K->95712K(465920K)] 1152889K->990017K(1864192K), 0.1079383 secs] [Times: user=0.64 sys=0.00, real=0.11 secs] 
4511.618: [GC (Allocation Failure) [PSYoungGen: 328672K->166272K(465920K)] 1222977K->1153038K(1864192K), 0.0520746 secs] [Times: user=0.31 sys=0.00, real=0.05 secs] 
4513.292: [GC (Allocation Failure) [PSYoungGen: 399232K->95488K(465920K)] 1385998K->1239286K(1864192K), 0.1397764 secs] [Times: user=0.83 sys=0.01, real=0.14 secs] 
4513.432: [Full GC (Ergonomics) [PSYoungGen: 95488K->0K(465920K)] [ParOldGen: 1143798K->41967K(1398272K)] 1239286K->41967K(1864192K), [Metaspace: 60462K->60462K(1105920K)], 0.1033914 secs] [Times: user=0.44 sys=0.00, real=0.11 secs] 
4514.698: [GC (Allocation Failure) [PSYoungGen: 232960K->168832K(465920K)] 274927K->210799K(1864192K), 0.0362167 secs] [Times: user=0.21 sys=0.00, real=0.04 secs] 
4518.004: [GC (Allocation Failure) [PSYoungGen: 401792K->81536K(465920K)] 443759K->292367K(1864192K), 0.1601856 secs] [Times: user=0.96 sys=0.01, real=0.17 secs] 
4519.197: [GC (Allocation Failure) [PSYoungGen: 314496K->166560K(465920K)] 525327K->454972K(1864192K), 0.0520038 secs] [Times: user=0.30 sys=0.00, real=0.05 secs] 
4521.921: [GC (Allocation Failure) [PSYoungGen: 399520K->84608K(465920K)] 687932K->538868K(1864192K), 0.1644257 secs] [Times: user=0.98 sys=0.00, real=0.17 secs] 
4523.044: [GC (Allocation Failure) [PSYoungGen: 317568K->165920K(465920K)] 771828K->701521K(1864192K), 0.0851132 secs] [Times: user=0.50 sys=0.00, real=0.08 secs] 
4527.533: [GC (Allocation Failure) [PSYoungGen: 398880K->80064K(465920K)] 934481K->781497K(1864192K), 0.1252683 secs] [Times: user=0.75 sys=0.00, real=0.13 secs] 
4529.505: [GC (Allocation Failure) [PSYoungGen: 313024K->166944K(465920K)] 1014457K->944709K(1864192K), 0.0795677 secs] [Times: user=0.47 sys=0.00, real=0.08 secs] 
4534.223: [GC (Allocation Failure) [PSYoungGen: 397152K->76736K(465920K)] 1174918K->1021166K(1864192K), 0.1511434 secs] [Times: user=0.90 sys=0.00, real=0.16 secs] 
4535.359: [GC (Allocation Failure) [PSYoungGen: 309696K->167104K(465920K)] 1254126K->1184998K(1864192K), 0.0919543 secs] [Times: user=0.55 sys=0.00, real=0.09 secs] 
4538.460: [GC (Allocation Failure) [PSYoungGen: 400064K->80448K(465920K)] 1417958K->1265210K(1864192K), 0.1335019 secs] [Times: user=0.79 sys=0.00, real=0.14 secs] 
4538.594: [Full GC (Ergonomics) [PSYoungGen: 80448K->0K(465920K)] [ParOldGen: 1184762K->68462K(1398272K)] 1265210K->68462K(1864192K), [Metaspace: 60463K->60463K(1105920K)], 0.1694742 secs] [Times: user=0.78 sys=0.00, real=0.16 secs] 
4539.459: [GC (Allocation Failure) [PSYoungGen: 232960K->173376K(465920K)] 301422K->241838K(1864192K), 0.0554111 secs] [Times: user=0.33 sys=0.01, real=0.06 secs] 
4542.936: [GC (Allocation Failure) [PSYoungGen: 406336K->76704K(465920K)] 474798K->318782K(1864192K), 0.1804283 secs] [Times: user=1.08 sys=0.00, real=0.18 secs] 
4544.441: [GC (Allocation Failure) [PSYoungGen: 309664K->171872K(465920K)] 551742K->484923K(1864192K), 0.1430160 secs] [Times: user=0.86 sys=0.00, real=0.15 secs] 
4547.054: [GC (Allocation Failure) [PSYoungGen: 404832K->79936K(465920K)] 717883K->564927K(1864192K), 0.1200268 secs] [Times: user=0.72 sys=0.00, real=0.12 secs] 
4548.722: [GC (Allocation Failure) [PSYoungGen: 312896K->172448K(465920K)] 797887K->731396K(1864192K), 0.1438844 secs] [Times: user=0.86 sys=0.00, real=0.15 secs] 
4551.116: [GC (Allocation Failure) [PSYoungGen: 405408K->80864K(465920K)] 964356K->812532K(1864192K), 0.1290459 secs] [Times: user=0.77 sys=0.00, real=0.13 secs] 
4553.614: [GC (Allocation Failure) [PSYoungGen: 312498K->202400K(465920K)] 1044166K->1008600K(1864192K), 0.0599400 secs] [Times: user=0.36 sys=0.00, real=0.06 secs] 
4556.623: [GC (Allocation Failure) [PSYoungGen: 435360K->81856K(465920K)] 1241560K->1055936K(1864192K), 0.1233351 secs] [Times: user=0.74 sys=0.00, real=0.13 secs] 
4558.559: [GC (Allocation Failure) [PSYoungGen: 311224K->198816K(465920K)] 1285305K->1248453K(1864192K), 0.0662426 secs] [Times: user=0.40 sys=0.00, real=0.07 secs] 
4560.189: [GC (Allocation Failure) [PSYoungGen: 431776K->89248K(465920K)] 1481413K->1300949K(1864192K), 0.1064285 secs] [Times: user=0.63 sys=0.01, real=0.11 secs] 
4560.296: [Full GC (Ergonomics) [PSYoungGen: 89248K->0K(465920K)] [ParOldGen: 1211701K->104351K(1398272K)] 1300949K->104351K(1864192K), [Metaspace: 60463K->60463K(1105920K)], 0.2484699 secs] [Times: user=1.13 sys=0.00, real=0.25 secs] 
4564.848: [GC (Allocation Failure) [PSYoungGen: 232960K->175360K(465920K)] 337311K->279711K(1864192K), 0.0434073 secs] [Times: user=0.25 sys=0.00, real=0.04 secs] 
4567.075: [GC (Allocation Failure) [PSYoungGen: 408320K->92640K(465920K)] 512671K->351887K(1864192K), 0.0948174 secs] [Times: user=0.56 sys=0.00, real=0.09 secs] 
4569.784: [GC (Allocation Failure) [PSYoungGen: 325600K->151136K(465920K)] 584847K->496916K(1864192K), 0.0619706 secs] [Times: user=0.34 sys=0.00, real=0.06 secs] 
4571.899: [GC (Allocation Failure) [PSYoungGen: 384096K->106336K(465920K)] 729876K->602796K(1864192K), 0.0975530 secs] [Times: user=0.58 sys=0.00, real=0.10 secs] 
4573.935: [GC (Allocation Failure) [PSYoungGen: 339296K->149600K(465920K)] 835756K->733864K(1864192K), 0.0598106 secs] [Times: user=0.35 sys=0.00, real=0.06 secs] 
4577.350: [GC (Allocation Failure) [PSYoungGen: 382560K->99328K(465920K)] 966824K->833280K(1864192K), 0.0885330 secs] [Times: user=0.53 sys=0.00, real=0.09 secs] 
4578.606: [GC (Allocation Failure) [PSYoungGen: 332288K->148672K(465920K)] 1066240K->971357K(1864192K), 0.0604061 secs] [Times: user=0.36 sys=0.00, real=0.06 secs] 
4580.208: [GC (Allocation Failure) [PSYoungGen: 381632K->115680K(348672K)] 1204317K->1086973K(1746944K), 0.0777066 secs] [Times: user=0.47 sys=0.00, real=0.08 secs] 
4582.434: [GC (Allocation Failure) [PSYoungGen: 348640K->132384K(470016K)] 1319933K->1208912K(1868288K), 0.0612015 secs] [Times: user=0.37 sys=0.00, real=0.06 secs] 
4584.231: [GC (Allocation Failure) [PSYoungGen: 374048K->135104K(461312K)] 1450576K->1344032K(1859584K), 0.0614112 secs] [Times: user=0.36 sys=0.00, real=0.06 secs] 
4584.292: [Full GC (Ergonomics) [PSYoungGen: 135104K->0K(461312K)] [ParOldGen: 1208928K->150110K(1398272K)] 1344032K->150110K(1859584K), [Metaspace: 60463K->60463K(1105920K)], 0.3484462 secs] [Times: user=1.59 sys=0.00, real=0.35 secs] 
4586.564: [GC (Allocation Failure) [PSYoungGen: 241664K->115040K(469504K)] 391774K->265150K(1867776K), 0.0407430 secs] [Times: user=0.24 sys=0.00, real=0.04 secs] 
4589.074: [GC (Allocation Failure) [PSYoungGen: 371552K->168768K(463872K)] 521662K->432607K(1862144K), 0.0605199 secs] [Times: user=0.36 sys=0.00, real=0.06 secs] 
4592.139: [GC (Allocation Failure) [PSYoungGen: 425280K->105728K(487424K)] 689119K->530107K(1885696K), 0.1584761 secs] [Times: user=0.94 sys=0.00, real=0.16 secs] 
4594.003: [GC (Allocation Failure) [PSYoungGen: 379648K->193824K(467968K)] 804027K->717807K(1866240K), 0.0556616 secs] [Times: user=0.33 sys=0.00, real=0.06 secs] 
4596.650: [GC (Allocation Failure) [PSYoungGen: 467744K->114528K(477696K)] 991727K->831887K(1875968K), 0.1052520 secs] [Times: user=0.63 sys=0.00, real=0.11 secs] 
4601.014: [GC (Allocation Failure) [PSYoungGen: 365920K->151232K(402944K)] 1083279K->976596K(1801216K), 0.0667114 secs] [Times: user=0.40 sys=0.00, real=0.06 secs] 
4601.725: [GC (Allocation Failure) [PSYoungGen: 402624K->125696K(476672K)] 1227988K->1102524K(1874944K), 0.0635615 secs] [Times: user=0.38 sys=0.00, real=0.06 secs] 
4604.545: [GC (Allocation Failure) [PSYoungGen: 383744K->2736K(470016K)] 1360572K->979596K(1868288K), 0.0041359 secs] [Times: user=0.03 sys=0.00, real=0.00 secs] 
4605.377: [GC (Allocation Failure) [PSYoungGen: 260784K->173120K(459776K)] 1237644K->1151873K(1858048K), 0.0348576 secs] [Times: user=0.21 sys=0.00, real=0.03 secs] 
4607.979: [GC (Allocation Failure) [PSYoungGen: 406080K->91360K(465920K)] 1384833K->1234881K(1864192K), 0.1700943 secs] [Times: user=1.01 sys=0.00, real=0.17 secs] 
4608.149: [Full GC (Ergonomics) [PSYoungGen: 91360K->0K(465920K)] [ParOldGen: 1143521K->34826K(1398272K)] 1234881K->34826K(1864192K), [Metaspace: 60464K->60464K(1105920K)], 0.0957160 secs] [Times: user=0.36 sys=0.00, real=0.10 secs] 
4610.457: [GC (Allocation Failure) [PSYoungGen: 232960K->164512K(463360K)] 267786K->199338K(1861632K), 0.0316767 secs] [Times: user=0.19 sys=0.00, real=0.03 secs] 
4612.666: [GC (Allocation Failure) [PSYoungGen: 397472K->92320K(465920K)] 432298K->282338K(1864192K), 0.1494808 secs] [Times: user=0.89 sys=0.00, real=0.15 secs] 
4613.778: [GC (Allocation Failure) [PSYoungGen: 311151K->159456K(463360K)] 501170K->438795K(1861632K), 0.0787205 secs] [Times: user=0.47 sys=0.00, real=0.08 secs] 
4616.923: [GC (Allocation Failure) [PSYoungGen: 392416K->89120K(322560K)] 671755K->519635K(1720832K), 0.1725956 secs] [Times: user=1.03 sys=0.00, real=0.18 secs] 
4618.444: [GC (Allocation Failure) [PSYoungGen: 312469K->160640K(461312K)] 742985K->677528K(1859584K), 0.0473233 secs] [Times: user=0.28 sys=0.00, real=0.04 secs] 
4620.842: [GC (Allocation Failure) [PSYoungGen: 393088K->90208K(464384K)] 909976K->759136K(1862656K), 0.1715874 secs] [Times: user=1.01 sys=0.00, real=0.18 secs] 
4622.921: [GC (Allocation Failure) [PSYoungGen: 320933K->160192K(462848K)] 989861K->916357K(1861120K), 0.0481772 secs] [Times: user=0.28 sys=0.00, real=0.05 secs] 
4625.510: [GC (Allocation Failure) [PSYoungGen: 395200K->91520K(465920K)] 1151365K->998885K(1864192K), 0.1692592 secs] [Times: user=1.01 sys=0.00, real=0.17 secs] 
4627.943: [GC (Allocation Failure) [PSYoungGen: 315133K->159936K(463872K)] 1222499K->1154606K(1862144K), 0.0480772 secs] [Times: user=0.28 sys=0.00, real=0.05 secs] 
4629.984: [GC (Allocation Failure) [PSYoungGen: 396992K->92000K(466944K)] 1391662K->1237734K(1865216K), 0.1313181 secs] [Times: user=0.77 sys=0.01, real=0.14 secs] 
4631.245: [GC (Allocation Failure) [PSYoungGen: 329056K->169184K(459776K)] 1474790K->1403500K(1858048K), 0.0509386 secs] [Times: user=0.28 sys=0.00, real=0.05 secs] 
4631.296: [Full GC (Ergonomics) [PSYoungGen: 169184K->0K(459776K)] [ParOldGen: 1234316K->207777K(1398272K)] 1403500K->207777K(1858048K), [Metaspace: 60464K->60464K(1105920K)], 0.4732344 secs] [Times: user=2.15 sys=0.00, real=0.47 secs] 
4634.304: [GC (Allocation Failure) [PSYoungGen: 233984K->89184K(466432K)] 441761K->296961K(1864704K), 0.1696626 secs] [Times: user=1.01 sys=0.01, real=0.16 secs] 
4634.996: [GC (Allocation Failure) [PSYoungGen: 323168K->168480K(461312K)] 530945K->462098K(1859584K), 0.0551630 secs] [Times: user=0.32 sys=0.00, real=0.05 secs] 
4638.240: [GC (Allocation Failure) [PSYoungGen: 401440K->81824K(465920K)] 695058K->543626K(1864192K), 0.1339319 secs] [Times: user=0.79 sys=0.01, real=0.14 secs] 
4640.043: [GC (Allocation Failure) [PSYoungGen: 314784K->168800K(464896K)] 776586K->706956K(1863168K), 0.1400147 secs] [Times: user=0.82 sys=0.00, real=0.14 secs] 
4643.086: [GC (Allocation Failure) [PSYoungGen: 401760K->82336K(465920K)] 939916K->789052K(1864192K), 0.1727665 secs] [Times: user=1.03 sys=0.01, real=0.17 secs] 
4643.713: [GC (Allocation Failure) [PSYoungGen: 315296K->171712K(465920K)] 1022012K->954933K(1864192K), 0.0765399 secs] [Times: user=0.45 sys=0.00, real=0.08 secs] 
4647.258: [GC (Allocation Failure) [PSYoungGen: 404672K->80864K(465920K)] 1187893K->1035741K(1864192K), 0.1366683 secs] [Times: user=0.82 sys=0.01, real=0.14 secs] 
4649.623: [GC (Allocation Failure) [PSYoungGen: 313824K->165504K(465920K)] 1268701K->1195646K(1864192K), 0.1539043 secs] [Times: user=0.92 sys=0.00, real=0.16 secs] 
4653.765: [GC (Allocation Failure) [PSYoungGen: 398464K->75552K(465920K)] 1428606K->1271174K(1864192K), 0.1495691 secs] [Times: user=0.89 sys=0.00, real=0.15 secs] 
4653.915: [Full GC (Ergonomics) [PSYoungGen: 75552K->0K(465920K)] [ParOldGen: 1195622K->78056K(1398272K)] 1271174K->78056K(1864192K), [Metaspace: 60465K->60465K(1105920K)], 0.2072831 secs] [Times: user=0.97 sys=0.00, real=0.20 secs] 
4654.380: [GC (Allocation Failure) [PSYoungGen: 232960K->177728K(465920K)] 311016K->255784K(1864192K), 0.0375932 secs] [Times: user=0.22 sys=0.01, real=0.04 secs] 
4657.373: [GC (Allocation Failure) [PSYoungGen: 410688K->77856K(465920K)] 488744K->334020K(1864192K), 0.1412540 secs] [Times: user=0.83 sys=0.01, real=0.15 secs] 
4660.034: [GC (Allocation Failure) [PSYoungGen: 310816K->166560K(465920K)] 566980K->494621K(1864192K), 0.1622022 secs] [Times: user=0.97 sys=0.00, real=0.17 secs] 
4664.242: [GC (Allocation Failure) [PSYoungGen: 399520K->77344K(465920K)] 727581K->571909K(1864192K), 0.1320125 secs] [Times: user=0.78 sys=0.00, real=0.14 secs] 
4665.385: [GC (Allocation Failure) [PSYoungGen: 310304K->190496K(465920K)] 804869K->756542K(1864192K), 0.0641204 secs] [Times: user=0.38 sys=0.00, real=0.06 secs] 
4668.682: [GC (Allocation Failure) [PSYoungGen: 423456K->91744K(465920K)] 989502K->827902K(1864192K), 0.1110435 secs] [Times: user=0.66 sys=0.00, real=0.11 secs] 
4669.951: [GC (Allocation Failure) [PSYoungGen: 324704K->156224K(465920K)] 1060862K->973485K(1864192K), 0.0602966 secs] [Times: user=0.36 sys=0.00, real=0.06 secs] 
4672.751: [GC (Allocation Failure) [PSYoungGen: 388064K->93184K(465920K)] 1205326K->1066757K(1864192K), 0.1020121 secs] [Times: user=0.61 sys=0.00, real=0.10 secs] 
4674.057: [GC (Allocation Failure) [PSYoungGen: 326144K->150848K(465920K)] 1299717K->1210978K(1864192K), 0.0607201 secs] [Times: user=0.36 sys=0.00, real=0.06 secs] 
4675.049: [GC (Allocation Failure) [PSYoungGen: 383808K->103840K(465920K)] 1443938K->1314850K(1864192K), 0.0768960 secs] [Times: user=0.45 sys=0.00, real=0.08 secs] 
4675.126: [Full GC (Ergonomics) [PSYoungGen: 103840K->0K(465920K)] [ParOldGen: 1211010K->118937K(1398272K)] 1314850K->118937K(1864192K), [Metaspace: 60465K->60465K(1105920K)], 0.2678064 secs] [Times: user=1.22 sys=0.00, real=0.26 secs] 
4678.542: [GC (Allocation Failure) [PSYoungGen: 232960K->144096K(461824K)] 351897K->263033K(1860096K), 0.0534679 secs] [Times: user=0.31 sys=0.01, real=0.06 secs] 
4681.562: [GC (Allocation Failure) [PSYoungGen: 377056K->105056K(338432K)] 495993K->368377K(1736704K), 0.1049335 secs] [Times: user=0.62 sys=0.00, real=0.11 secs] 
4683.497: [GC (Allocation Failure) [PSYoungGen: 338016K->143008K(466944K)] 601337K->500873K(1865216K), 0.0600532 secs] [Times: user=0.36 sys=0.00, real=0.06 secs] 
4685.544: [GC (Allocation Failure) [PSYoungGen: 385696K->123072K(463360K)] 743561K->623873K(1861632K), 0.0767273 secs] [Times: user=0.45 sys=0.00, real=0.07 secs] 
4687.549: [GC (Allocation Failure) [PSYoungGen: 365760K->384K(453120K)] 866561K->501237K(1851392K), 0.0019850 secs] [Times: user=0.01 sys=0.00, real=0.00 secs] 
4689.032: [GC (Allocation Failure) [PSYoungGen: 241536K->145504K(465920K)] 742389K->646365K(1864192K), 0.0668777 secs] [Times: user=0.39 sys=0.01, real=0.07 secs] 
4691.600: [GC (Allocation Failure) [PSYoungGen: 386656K->3936K(458752K)] 887517K->504821K(1857024K), 0.0020709 secs] [Times: user=0.01 sys=0.00, real=0.00 secs] 
4693.097: [GC (Allocation Failure) [PSYoungGen: 236896K->162240K(465920K)] 737781K->666237K(1864192K), 0.0624320 secs] [Times: user=0.36 sys=0.01, real=0.06 secs] 
4695.373: [GC (Allocation Failure) [PSYoungGen: 395200K->93728K(463872K)] 899197K->751838K(1862144K), 0.0756312 secs] [Times: user=0.45 sys=0.00, real=0.08 secs] 
4697.110: [GC (Allocation Failure) [PSYoungGen: 326688K->160800K(464896K)] 984798K->911494K(1863168K), 0.0510814 secs] [Times: user=0.30 sys=0.00, real=0.05 secs] 
4700.203: [GC (Allocation Failure) [PSYoungGen: 393760K->91872K(462848K)] 1144454K->994814K(1861120K), 0.0970888 secs] [Times: user=0.57 sys=0.01, real=0.10 secs] 
4701.676: [GC (Allocation Failure) [PSYoungGen: 325856K->167488K(464384K)] 1228798K->1160095K(1862656K), 0.0701172 secs] [Times: user=0.42 sys=0.00, real=0.07 secs] 
4704.211: [GC (Allocation Failure) [PSYoungGen: 401472K->90944K(466944K)] 1394079K->1242559K(1865216K), 0.1685017 secs] [Times: user=1.01 sys=0.00, real=0.17 secs] 
4704.380: [Full GC (Ergonomics) [PSYoungGen: 90944K->0K(466944K)] [ParOldGen: 1151615K->40416K(1398272K)] 1242559K->40416K(1865216K), [Metaspace: 60466K->60466K(1105920K)], 0.1180498 secs] [Times: user=0.48 sys=0.00, real=0.12 secs] 
4705.783: [GC (Allocation Failure) [PSYoungGen: 219901K->159360K(465920K)] 260317K->199776K(1864192K), 0.0547312 secs] [Times: user=0.32 sys=0.01, real=0.06 secs] 
4708.580: [GC (Allocation Failure) [PSYoungGen: 393856K->87520K(462848K)] 434272K->279244K(1861120K), 0.1626026 secs] [Times: user=0.98 sys=0.00, real=0.16 secs] 
4710.086: [GC (Allocation Failure) [PSYoungGen: 308969K->161504K(464384K)] 500694K->438605K(1862656K), 0.0802542 secs] [Times: user=0.47 sys=0.00, real=0.08 secs] 
4713.025: [GC (Allocation Failure) [PSYoungGen: 396000K->88256K(464896K)] 673101K->518749K(1863168K), 0.1723649 secs] [Times: user=1.03 sys=0.00, real=0.17 secs] 
4715.473: [GC (Allocation Failure) [PSYoungGen: 318344K->162368K(465408K)] 748838K->677770K(1863680K), 0.0474543 secs] [Times: user=0.28 sys=0.00, real=0.05 secs] 
4717.832: [GC (Allocation Failure) [PSYoungGen: 398400K->91168K(464896K)] 913802K->760162K(1863168K), 0.1364684 secs] [Times: user=0.81 sys=0.01, real=0.14 secs] 
4719.252: [GC (Allocation Failure) [PSYoungGen: 317031K->160064K(465408K)] 986025K->916223K(1863680K), 0.0484512 secs] [Times: user=0.29 sys=0.01, real=0.05 secs] 
4720.900: [GC (Allocation Failure) [PSYoungGen: 396608K->97632K(460800K)] 1152767K->1004899K(1859072K), 0.1058985 secs] [Times: user=0.63 sys=0.00, real=0.11 secs] 
4722.527: [GC (Allocation Failure) [PSYoungGen: 334688K->166848K(463360K)] 1241955K->1168197K(1861632K), 0.0532153 secs] [Times: user=0.32 sys=0.00, real=0.05 secs] 
4725.378: [GC (Allocation Failure) [PSYoungGen: 403904K->85888K(468480K)] 1405253K->1253589K(1866752K), 0.1562929 secs] [Times: user=0.93 sys=0.00, real=0.16 secs] 
4725.535: [Full GC (Ergonomics) [PSYoungGen: 85888K->0K(468480K)] [ParOldGen: 1167701K->58418K(1398272K)] 1253589K->58418K(1866752K), [Metaspace: 60466K->60466K(1105920K)], 0.1570883 secs] [Times: user=0.72 sys=0.00, real=0.15 secs] 
4727.306: [GC (Allocation Failure) [PSYoungGen: 237056K->173440K(465920K)] 295474K->231858K(1864192K), 0.0595594 secs] [Times: user=0.35 sys=0.01, real=0.06 secs] 
4731.811: [GC (Allocation Failure) [PSYoungGen: 410496K->75968K(465920K)] 468914K->308050K(1864192K), 0.1680521 secs] [Times: user=1.00 sys=0.01, real=0.17 secs] 
4732.817: [GC (Allocation Failure) [PSYoungGen: 308928K->173216K(465920K)] 541010K->475143K(1864192K), 0.0535135 secs] [Times: user=0.31 sys=0.00, real=0.05 secs] 
4735.067: [GC (Allocation Failure) [PSYoungGen: 406176K->82848K(465920K)] 708103K->557807K(1864192K), 0.1631172 secs] [Times: user=0.96 sys=0.01, real=0.16 secs] 
4735.693: [GC (Allocation Failure) [PSYoungGen: 315808K->173056K(465920K)] 790767K->725303K(1864192K), 0.0639007 secs] [Times: user=0.38 sys=0.00, real=0.07 secs] 
4740.656: [GC (Allocation Failure) [PSYoungGen: 406016K->72000K(465920K)] 958263K->797304K(1864192K), 0.1635162 secs] [Times: user=0.97 sys=0.00, real=0.16 secs] 
4741.140: [GC (Allocation Failure) [PSYoungGen: 304960K->174944K(465920K)] 1030264K->965976K(1864192K), 0.0549122 secs] [Times: user=0.32 sys=0.00, real=0.06 secs] 
4743.139: [GC (Allocation Failure) [PSYoungGen: 407904K->83232K(465920K)] 1198936K->1049104K(1864192K), 0.1362514 secs] [Times: user=0.80 sys=0.01, real=0.14 secs] 
4744.595: [GC (Allocation Failure) [PSYoungGen: 316192K->204064K(465920K)] 1282064K->1247053K(1864192K), 0.0577804 secs] [Times: user=0.34 sys=0.00, real=0.05 secs] 
4746.954: [GC (Allocation Failure) [PSYoungGen: 437024K->90592K(465920K)] 1480013K->1300621K(1864192K), 0.1026956 secs] [Times: user=0.61 sys=0.00, real=0.10 secs] 
4747.057: [Full GC (Ergonomics) [PSYoungGen: 90592K->0K(465920K)] [ParOldGen: 1210029K->106180K(1398272K)] 1300621K->106180K(1864192K), [Metaspace: 60466K->60466K(1105920K)], 0.2437846 secs] [Times: user=1.10 sys=0.00, real=0.24 secs] 
4748.550: [GC (Allocation Failure) [PSYoungGen: 232960K->152896K(465920K)] 339140K->259076K(1864192K), 0.0438906 secs] [Times: user=0.26 sys=0.00, real=0.04 secs] 
4751.216: [GC (Allocation Failure) [PSYoungGen: 383628K->92992K(465920K)] 489809K->352197K(1864192K), 0.0976957 secs] [Times: user=0.59 sys=0.00, real=0.10 secs] 
4753.362: [GC (Allocation Failure) [PSYoungGen: 325952K->151232K(465920K)] 585157K->496964K(1864192K), 0.0599130 secs] [Times: user=0.36 sys=0.00, real=0.06 secs] 
4754.833: [GC (Allocation Failure) [PSYoungGen: 384192K->102272K(465920K)] 729924K->599220K(1864192K), 0.0943024 secs] [Times: user=0.56 sys=0.00, real=0.10 secs] 
4756.775: [GC (Allocation Failure) [PSYoungGen: 335232K->146112K(465920K)] 832180K->735131K(1864192K), 0.0609934 secs] [Times: user=0.37 sys=0.00, real=0.06 secs] 
4759.672: [GC (Allocation Failure) [PSYoungGen: 379072K->107168K(453632K)] 968091K->841963K(1851904K), 0.0885288 secs] [Times: user=0.52 sys=0.00, real=0.09 secs] 
4760.989: [GC (Allocation Failure) [PSYoungGen: 340128K->140736K(459776K)] 1074923K->972512K(1858048K), 0.0608045 secs] [Times: user=0.36 sys=0.00, real=0.06 secs] 
4764.860: [GC (Allocation Failure) [PSYoungGen: 373696K->115424K(454656K)] 1205472K->1087752K(1852928K), 0.0647113 secs] [Times: user=0.38 sys=0.00, real=0.07 secs] 
4766.150: [GC (Allocation Failure) [PSYoungGen: 364768K->133088K(464384K)] 1337096K->1210631K(1862656K), 0.0616533 secs] [Times: user=0.37 sys=0.00, real=0.06 secs] 
4768.596: [GC (Allocation Failure) [PSYoungGen: 382432K->152352K(482304K)] 1459975K->1362743K(1880576K), 0.0602202 secs] [Times: user=0.36 sys=0.00, real=0.06 secs] 
4768.657: [Full GC (Ergonomics) [PSYoungGen: 152352K->0K(482304K)] [ParOldGen: 1210391K->167825K(1398272K)] 1362743K->167825K(1880576K), [Metaspace: 60466K->60466K(1105920K)], 0.3926101 secs] [Times: user=1.81 sys=0.01, real=0.39 secs] 
4771.553: [GC (Allocation Failure) [PSYoungGen: 274944K->121760K(484864K)] 442769K->289585K(1883136K), 0.1150060 secs] [Times: user=0.68 sys=0.00, real=0.12 secs] 
4773.560: [GC (Allocation Failure) [PSYoungGen: 396704K->203232K(436224K)] 564529K->495000K(1834496K), 0.0667373 secs] [Times: user=0.38 sys=0.02, real=0.07 secs] 
4777.121: [GC (Allocation Failure) [PSYoungGen: 436192K->77792K(465920K)] 727960K->556360K(1864192K), 0.1801890 secs] [Times: user=1.07 sys=0.00, real=0.18 secs] 
4778.117: [GC (Allocation Failure) [PSYoungGen: 310752K->175616K(465920K)] 789320K->725857K(1864192K), 0.0751236 secs] [Times: user=0.45 sys=0.00, real=0.07 secs] 
4782.397: [GC (Allocation Failure) [PSYoungGen: 408576K->77184K(465920K)] 958817K->803253K(1864192K), 0.1814521 secs] [Times: user=1.08 sys=0.00, real=0.18 secs] 
4782.875: [GC (Allocation Failure) [PSYoungGen: 310144K->177664K(465920K)] 1036213K->974670K(1864192K), 0.0569048 secs] [Times: user=0.34 sys=0.00, real=0.05 secs] 
4786.833: [GC (Allocation Failure) [PSYoungGen: 410624K->72800K(465920K)] 1207630K->1047774K(1864192K), 0.1500322 secs] [Times: user=0.90 sys=0.00, real=0.15 secs] 
4787.621: [GC (Allocation Failure) [PSYoungGen: 305511K->208960K(465920K)] 1280485K->1250801K(1864192K), 0.0601379 secs] [Times: user=0.36 sys=0.00, real=0.06 secs] 
4789.205: [GC (Allocation Failure) [PSYoungGen: 441920K->91808K(465920K)] 1483761K->1308065K(1864192K), 0.1007848 secs] [Times: user=0.60 sys=0.00, real=0.10 secs] 
4789.306: [Full GC (Ergonomics) [PSYoungGen: 91808K->0K(465920K)] [ParOldGen: 1216257K->106961K(1398272K)] 1308065K->106961K(1864192K), [Metaspace: 60466K->60466K(1105920K)], 0.2440330 secs] [Times: user=1.09 sys=0.00, real=0.24 secs] 
4791.064: [GC (Allocation Failure) [PSYoungGen: 232960K->152608K(465920K)] 339921K->259569K(1864192K), 0.0428828 secs] [Times: user=0.25 sys=0.00, real=0.04 secs] 
4793.369: [GC (Allocation Failure) [PSYoungGen: 381361K->93344K(465920K)] 488322K->352361K(1864192K), 0.0933805 secs] [Times: user=0.55 sys=0.00, real=0.09 secs] 
4794.630: [GC (Allocation Failure) [PSYoungGen: 326304K->151040K(465920K)] 585321K->496614K(1864192K), 0.0596737 secs] [Times: user=0.36 sys=0.00, real=0.06 secs] 
4798.311: [GC (Allocation Failure) [PSYoungGen: 384000K->97856K(465920K)] 729574K->594238K(1864192K), 0.1000865 secs] [Times: user=0.59 sys=0.00, real=0.10 secs] 
4799.593: [GC (Allocation Failure) [PSYoungGen: 330816K->150304K(465920K)] 827198K->733997K(1864192K), 0.0601316 secs] [Times: user=0.35 sys=0.00, real=0.06 secs] 
4802.566: [GC (Allocation Failure) [PSYoungGen: 383264K->100256K(465920K)] 966957K->834317K(1864192K), 0.0914121 secs] [Times: user=0.54 sys=0.00, real=0.09 secs] 
4803.903: [GC (Allocation Failure) [PSYoungGen: 333216K->148096K(465920K)] 1067277K->971642K(1864192K), 0.0607842 secs] [Times: user=0.36 sys=0.00, real=0.07 secs] 
4806.026: [GC (Allocation Failure) [PSYoungGen: 381056K->117024K(350208K)] 1204602K->1088850K(1748480K), 0.0786940 secs] [Times: user=0.47 sys=0.00, real=0.08 secs] 
4808.146: [GC (Allocation Failure) [PSYoungGen: 349984K->130656K(471040K)] 1321810K->1209295K(1869312K), 0.0619428 secs] [Times: user=0.37 sys=0.00, real=0.06 secs] 
4809.523: [GC (Allocation Failure) [PSYoungGen: 373344K->144352K(461312K)] 1451983K->1353431K(1859584K), 0.0595729 secs] [Times: user=0.35 sys=0.00, real=0.06 secs] 
4809.583: [Full GC (Ergonomics) [PSYoungGen: 144352K->0K(461312K)] [ParOldGen: 1209079K->151642K(1398272K)] 1353431K->151642K(1859584K), [Metaspace: 60468K->60468K(1105920K)], 0.3547123 secs] [Times: user=1.62 sys=0.00, real=0.36 secs] 
4812.101: [GC (Allocation Failure) [PSYoungGen: 242688K->113984K(472064K)] 394330K->265626K(1870336K), 0.0401443 secs] [Times: user=0.24 sys=0.00, real=0.04 secs] 
4813.840: [GC (Allocation Failure) [PSYoungGen: 371008K->169024K(466944K)] 522650K->433738K(1865216K), 0.0603048 secs] [Times: user=0.36 sys=0.00, real=0.06 secs] 
4816.155: [GC (Allocation Failure) [PSYoungGen: 426048K->105152K(485888K)] 690762K->530783K(1884160K), 0.1093678 secs] [Times: user=0.65 sys=0.00, real=0.11 secs] 
4817.987: [GC (Allocation Failure) [PSYoungGen: 374976K->191040K(461312K)] 800607K->718463K(1859584K), 0.0559552 secs] [Times: user=0.33 sys=0.00, real=0.05 secs] 
4821.002: [GC (Allocation Failure) [PSYoungGen: 460864K->114144K(476672K)] 988287K->832463K(1874944K), 0.1133322 secs] [Times: user=0.67 sys=0.00, real=0.12 secs] 
4825.652: [GC (Allocation Failure) [PSYoungGen: 364000K->156032K(406016K)] 1082319K->978316K(1804288K), 0.0664192 secs] [Times: user=0.39 sys=0.00, real=0.07 secs] 
4827.200: [GC (Allocation Failure) [PSYoungGen: 405888K->111168K(475136K)] 1228172K->1089748K(1873408K), 0.0900976 secs] [Times: user=0.53 sys=0.00, real=0.09 secs] 
4829.218: [GC (Allocation Failure) [PSYoungGen: 365120K->137120K(391168K)] 1343700K->1216173K(1789440K), 0.0617620 secs] [Times: user=0.36 sys=0.00, real=0.06 secs] 
4831.374: [GC (Allocation Failure) [PSYoungGen: 391072K->154880K(470528K)] 1470125K->1370837K(1868800K), 0.1385948 secs] [Times: user=0.82 sys=0.00, real=0.13 secs] 
4831.513: [Full GC (Ergonomics) [PSYoungGen: 154880K->0K(470528K)] [ParOldGen: 1215957K->169902K(1398272K)] 1370837K->169902K(1868800K), [Metaspace: 60474K->60474K(1105920K)], 0.4344908 secs] [Times: user=2.05 sys=0.00, real=0.44 secs] 
4834.997: [GC (Allocation Failure) [PSYoungGen: 260608K->109696K(470528K)] 430510K->279598K(1868800K), 0.0729217 secs] [Times: user=0.44 sys=0.00, real=0.07 secs] 
4837.164: [GC (Allocation Failure) [PSYoungGen: 370304K->182528K(471040K)] 540206K->459290K(1869312K), 0.0594180 secs] [Times: user=0.35 sys=0.00, real=0.06 secs] 
4838.845: [GC (Allocation Failure) [PSYoungGen: 446208K->110304K(481280K)] 722970K->568803K(1879552K), 0.0788465 secs] [Times: user=0.47 sys=0.00, real=0.08 secs] 
4842.341: [GC (Allocation Failure) [PSYoungGen: 373984K->175360K(470528K)] 832483K->737738K(1868800K), 0.0681966 secs] [Times: user=0.40 sys=0.00, real=0.07 secs] 
4843.928: [GC (Allocation Failure) [PSYoungGen: 430848K->113536K(477184K)] 993226K->851550K(1875456K), 0.0768142 secs] [Times: user=0.45 sys=0.00, real=0.08 secs] 
4845.245: [GC (Allocation Failure) [PSYoungGen: 369024K->1696K(451072K)] 1107038K->739774K(1849344K), 0.0025096 secs] [Times: user=0.01 sys=0.00, real=0.00 secs] 
4848.016: [GC (Allocation Failure) [PSYoungGen: 234656K->149088K(465920K)] 972734K->887755K(1864192K), 0.0306430 secs] [Times: user=0.18 sys=0.00, real=0.03 secs] 
4849.208: [GC (Allocation Failure) [PSYoungGen: 382048K->3520K(464384K)] 1120715K->742307K(1862656K), 0.0027326 secs] [Times: user=0.01 sys=0.00, real=0.00 secs] 
4852.773: [GC (Allocation Failure) [PSYoungGen: 236480K->151072K(465920K)] 975267K->891535K(1864192K), 0.0303421 secs] [Times: user=0.17 sys=0.00, real=0.03 secs] 
4853.986: [GC (Allocation Failure) [PSYoungGen: 384032K->101984K(465920K)] 1124495K->983963K(1864192K), 0.0667469 secs] [Times: user=0.39 sys=0.00, real=0.06 secs] 
4857.924: [GC (Allocation Failure) [PSYoungGen: 334944K->152992K(465920K)] 1216923K->1135296K(1864192K), 0.0522165 secs] [Times: user=0.31 sys=0.00, real=0.06 secs] 
4859.113: [GC (Allocation Failure) [PSYoungGen: 385952K->102432K(452608K)] 1368256K->1228480K(1850880K), 0.0670271 secs] [Times: user=0.40 sys=0.00, real=0.07 secs] 
4860.865: [GC (Allocation Failure) [PSYoungGen: 335392K->159008K(459264K)] 1461440K->1385509K(1857536K), 0.0540265 secs] [Times: user=0.32 sys=0.00, real=0.05 secs] 
4860.919: [Full GC (Ergonomics) [PSYoungGen: 159008K->0K(459264K)] [ParOldGen: 1226501K->184204K(1398272K)] 1385509K->184204K(1857536K), [Metaspace: 60475K->60475K(1105920K)], 0.4300675 secs] [Times: user=2.00 sys=0.00, real=0.43 secs] 
4862.555: [GC (Allocation Failure) [PSYoungGen: 232960K->97984K(463872K)] 417164K->282188K(1862144K), 0.0359413 secs] [Times: user=0.21 sys=0.00, real=0.03 secs] 
4863.534: [GC (Allocation Failure) [PSYoungGen: 323835K->165216K(465920K)] 508039K->445079K(1864192K), 0.0519942 secs] [Times: user=0.31 sys=0.00, real=0.05 secs] 
4866.484: [GC (Allocation Failure) [PSYoungGen: 406880K->93312K(469504K)] 686743K->530263K(1867776K), 0.1308681 secs] [Times: user=0.78 sys=0.00, real=0.13 secs] 
4867.928: [GC (Allocation Failure) [PSYoungGen: 336512K->171296K(414720K)] 773463K->696124K(1812992K), 0.1373976 secs] [Times: user=0.81 sys=0.00, real=0.14 secs] 
4871.357: [GC (Allocation Failure) [PSYoungGen: 414496K->92352K(470528K)] 939324K->788276K(1868800K), 0.1670771 secs] [Times: user=0.99 sys=0.00, real=0.17 secs] 
4872.282: [GC (Allocation Failure) [PSYoungGen: 329920K->169312K(465920K)] 1025844K->954277K(1864192K), 0.0932947 secs] [Times: user=0.56 sys=0.01, real=0.10 secs] 
4875.739: [GC (Allocation Failure) [PSYoungGen: 406880K->84128K(467456K)] 1191845K->1038181K(1865728K), 0.1783627 secs] [Times: user=1.05 sys=0.00, real=0.18 secs] 
4876.802: [GC (Allocation Failure) [PSYoungGen: 318624K->175744K(465920K)] 1272677K->1208213K(1864192K), 0.1156699 secs] [Times: user=0.69 sys=0.00, real=0.12 secs] 
4880.404: [GC (Allocation Failure) [PSYoungGen: 410240K->80544K(465920K)] 1442709K->1288589K(1864192K), 0.1351653 secs] [Times: user=0.81 sys=0.00, real=0.13 secs] 
4880.540: [Full GC (Ergonomics) [PSYoungGen: 80544K->0K(465920K)] [ParOldGen: 1208045K->86125K(1398272K)] 1288589K->86125K(1864192K), [Metaspace: 60475K->60475K(1105920K)], 0.2136849 secs] [Times: user=0.98 sys=0.00, real=0.21 secs] 
4881.558: [GC (Allocation Failure) [PSYoungGen: 232960K->169120K(465920K)] 319085K->255245K(1864192K), 0.1089165 secs] [Times: user=0.65 sys=0.00, real=0.11 secs] 
4884.615: [GC (Allocation Failure) [PSYoungGen: 402080K->77792K(465920K)] 488205K->333021K(1864192K), 0.1258256 secs] [Times: user=0.75 sys=0.00, real=0.12 secs] 
4885.498: [GC (Allocation Failure) [PSYoungGen: 310752K->187808K(465920K)] 565981K->514402K(1864192K), 0.0841738 secs] [Times: user=0.50 sys=0.00, real=0.08 secs] 
4888.711: [GC (Allocation Failure) [PSYoungGen: 420768K->81728K(465920K)] 747362K->578962K(1864192K), 0.1142516 secs] [Times: user=0.69 sys=0.00, real=0.12 secs] 
4890.568: [GC (Allocation Failure) [PSYoungGen: 313988K->199456K(465920K)] 811223K->772295K(1864192K), 0.0658504 secs] [Times: user=0.39 sys=0.00, real=0.07 secs] 
4892.324: [GC (Allocation Failure) [PSYoungGen: 432416K->90432K(465920K)] 1005255K->825711K(1864192K), 0.1063890 secs] [Times: user=0.63 sys=0.00, real=0.10 secs] 
4893.732: [GC (Allocation Failure) [PSYoungGen: 323392K->154176K(465920K)] 1058671K->973350K(1864192K), 0.0604718 secs] [Times: user=0.36 sys=0.00, real=0.06 secs] 
4895.757: [GC (Allocation Failure) [PSYoungGen: 380659K->93248K(465920K)] 1199833K->1066438K(1864192K), 0.0987995 secs] [Times: user=0.58 sys=0.01, real=0.10 secs] 
4897.387: [GC (Allocation Failure) [PSYoungGen: 326208K->150592K(465920K)] 1299398K->1210315K(1864192K), 0.0607823 secs] [Times: user=0.36 sys=0.00, real=0.06 secs] 
4898.889: [GC (Allocation Failure) [PSYoungGen: 383552K->103104K(465920K)] 1443275K->1313659K(1864192K), 0.0957266 secs] [Times: user=0.57 sys=0.00, real=0.10 secs] 
4898.985: [Full GC (Ergonomics) [PSYoungGen: 103104K->0K(465920K)] [ParOldGen: 1210555K->118163K(1398272K)] 1313659K->118163K(1864192K), [Metaspace: 60475K->60475K(1105920K)], 0.2690731 secs] [Times: user=1.23 sys=0.00, real=0.27 secs] 
4900.658: [GC (Allocation Failure) [PSYoungGen: 232960K->145440K(465920K)] 351123K->263604K(1864192K), 0.0507189 secs] [Times: user=0.30 sys=0.00, real=0.05 secs] 
4904.551: [GC (Allocation Failure) [PSYoungGen: 378400K->104480K(454656K)] 496564K->368184K(1852928K), 0.1087161 secs] [Times: user=0.65 sys=0.00, real=0.11 secs] 
4905.878: [GC (Allocation Failure) [PSYoungGen: 337440K->143936K(460288K)] 601144K->501696K(1858560K), 0.0606496 secs] [Times: user=0.36 sys=0.00, real=0.06 secs] 
4907.656: [GC (Allocation Failure) [PSYoungGen: 376896K->116352K(454144K)] 734656K->617816K(1852416K), 0.0797275 secs] [Times: user=0.47 sys=0.00, real=0.08 secs] 
4909.981: [GC (Allocation Failure) [PSYoungGen: 364160K->131392K(463872K)] 865624K->738605K(1862144K), 0.0615312 secs] [Times: user=0.36 sys=0.00, real=0.06 secs] 
4911.331: [GC (Allocation Failure) [PSYoungGen: 379200K->150368K(481280K)] 986413K->889161K(1879552K), 0.0600296 secs] [Times: user=0.36 sys=0.00, real=0.06 secs] 
4914.773: [GC (Allocation Failure) [PSYoungGen: 424288K->23264K(297472K)] 1163081K->762073K(1695744K), 0.0170074 secs] [Times: user=0.09 sys=0.00, real=0.02 secs] 
4917.722: [GC (Allocation Failure) [PSYoungGen: 297184K->192576K(452608K)] 1035993K->950966K(1850880K), 0.0451715 secs] [Times: user=0.27 sys=0.00, real=0.05 secs] 
4920.256: [GC (Allocation Failure) [PSYoungGen: 425536K->79712K(465920K)] 1183926K->1030474K(1864192K), 0.1668222 secs] [Times: user=0.99 sys=0.00, real=0.16 secs] 
4923.426: [GC (Allocation Failure) [PSYoungGen: 312672K->170944K(465920K)] 1263434K->1195299K(1864192K), 0.1287458 secs] [Times: user=0.76 sys=0.00, real=0.13 secs] 
4925.561: [GC (Allocation Failure) [PSYoungGen: 403904K->79232K(465920K)] 1428259K->1274691K(1864192K), 0.1281464 secs] [Times: user=0.77 sys=0.00, real=0.13 secs] 
4925.689: [Full GC (Ergonomics) [PSYoungGen: 79232K->0K(465920K)] [ParOldGen: 1195459K->74330K(1398272K)] 1274691K->74330K(1864192K), [Metaspace: 60475K->60475K(1105920K)], 0.1788109 secs] [Times: user=0.80 sys=0.00, real=0.18 secs] 
4927.893: [GC (Allocation Failure) [PSYoungGen: 232960K->167488K(465920K)] 307290K->241818K(1864192K), 0.0754985 secs] [Times: user=0.45 sys=0.00, real=0.08 secs] 
4930.998: [GC (Allocation Failure) [PSYoungGen: 400448K->77600K(465920K)] 474778K->319290K(1864192K), 0.1747090 secs] [Times: user=1.03 sys=0.00, real=0.17 secs] 
4931.767: [GC (Allocation Failure) [PSYoungGen: 310560K->176768K(465920K)] 552250K->490271K(1864192K), 0.0719049 secs] [Times: user=0.43 sys=0.00, real=0.07 secs] 
4934.424: [GC (Allocation Failure) [PSYoungGen: 409728K->80736K(465920K)] 723231K->571263K(1864192K), 0.1108463 secs] [Times: user=0.66 sys=0.00, real=0.11 secs] 
4937.314: [GC (Allocation Failure) [PSYoungGen: 313696K->164800K(465920K)] 804223K->730552K(1864192K), 0.1486649 secs] [Times: user=0.88 sys=0.00, real=0.14 secs] 
4939.809: [GC (Allocation Failure) [PSYoungGen: 397760K->84544K(465920K)] 963512K->814920K(1864192K), 0.1189529 secs] [Times: user=0.71 sys=0.00, real=0.12 secs] 
4941.630: [GC (Allocation Failure) [PSYoungGen: 317122K->200352K(465920K)] 1047498K->1009397K(1864192K), 0.0619130 secs] [Times: user=0.37 sys=0.00, real=0.06 secs] 
4943.039: [GC (Allocation Failure) [PSYoungGen: 433312K->92224K(465920K)] 1242357K->1066685K(1864192K), 0.1026083 secs] [Times: user=0.61 sys=0.00, real=0.10 secs] 
4945.055: [GC (Allocation Failure) [PSYoungGen: 325184K->151904K(465920K)] 1299645K->1212490K(1864192K), 0.0616260 secs] [Times: user=0.37 sys=0.00, real=0.06 secs] 
4947.544: [GC (Allocation Failure) [PSYoungGen: 380285K->93184K(465920K)] 1440871K->1305170K(1864192K), 0.0963849 secs] [Times: user=0.57 sys=0.00, real=0.09 secs] 
4947.641: [Full GC (Ergonomics) [PSYoungGen: 93184K->0K(465920K)] [ParOldGen: 1211986K->108758K(1398272K)] 1305170K->108758K(1864192K), [Metaspace: 60492K->60492K(1105920K)], 0.2503893 secs] [Times: user=1.14 sys=0.00, real=0.25 secs] 
4950.544: [GC (Allocation Failure) [PSYoungGen: 232960K->150720K(465920K)] 341718K->259478K(1864192K), 0.0427973 secs] [Times: user=0.26 sys=0.00, real=0.04 secs] 
4951.540: [GC (Allocation Failure) [PSYoungGen: 383680K->97632K(465920K)] 492438K->357318K(1864192K), 0.0866066 secs] [Times: user=0.52 sys=0.00, real=0.09 secs] 
4953.108: [GC (Allocation Failure) [PSYoungGen: 330592K->151008K(465920K)] 590278K->497371K(1864192K), 0.0599550 secs] [Times: user=0.36 sys=0.00, real=0.06 secs] 
4954.952: [GC (Allocation Failure) [PSYoungGen: 383968K->107264K(340480K)] 730331K->604423K(1738752K), 0.0885821 secs] [Times: user=0.52 sys=0.00, real=0.09 secs] 
4956.931: [GC (Allocation Failure) [PSYoungGen: 340224K->141696K(463872K)] 837383K->735462K(1862144K), 0.0611605 secs] [Times: user=0.36 sys=0.00, real=0.06 secs] 
4958.784: [GC (Allocation Failure) [PSYoungGen: 378752K->122368K(459776K)] 972518K->857254K(1858048K), 0.1147995 secs] [Times: user=0.68 sys=0.00, real=0.11 secs] 
4962.237: [GC (Allocation Failure) [PSYoungGen: 359424K->125152K(467456K)] 1094310K->972339K(1865728K), 0.0628916 secs] [Times: user=0.37 sys=0.00, real=0.06 secs] 
4964.350: [GC (Allocation Failure) [PSYoungGen: 383200K->149152K(463360K)] 1230387K->1121675K(1861632K), 0.0594484 secs] [Times: user=0.35 sys=0.00, real=0.06 secs] 
4965.823: [GC (Allocation Failure) [PSYoungGen: 407200K->18272K(470528K)] 1379723K->990851K(1868800K), 0.0090818 secs] [Times: user=0.05 sys=0.00, real=0.01 secs] 
4968.079: [GC (Allocation Failure) [PSYoungGen: 282976K->181024K(445952K)] 1255555K->1169304K(1844224K), 0.0418291 secs] [Times: user=0.24 sys=0.00, real=0.04 secs] 
4971.584: [GC (Allocation Failure) [PSYoungGen: 445728K->99200K(474624K)] 1434008K->1268256K(1872896K), 0.1791838 secs] [Times: user=1.06 sys=0.00, real=0.17 secs] 
4971.763: [Full GC (Ergonomics) [PSYoungGen: 99200K->0K(474624K)] [ParOldGen: 1169056K->72477K(1398272K)] 1268256K->72477K(1872896K), [Metaspace: 60492K->59590K(1105920K)], 0.2021199 secs] [Times: user=0.93 sys=0.00, real=0.21 secs] 
4972.930: [GC (Allocation Failure) [PSYoungGen: 244224K->180448K(424960K)] 316701K->252925K(1823232K), 0.1133638 secs] [Times: user=0.67 sys=0.00, real=0.11 secs] 
4975.490: [GC (Allocation Failure) [PSYoungGen: 424672K->89664K(467456K)] 497149K->342629K(1865728K), 0.0928332 secs] [Times: user=0.55 sys=0.00, real=0.09 secs] 
4977.900: [GC (Allocation Failure) [PSYoungGen: 320947K->195968K(465920K)] 573913K->532854K(1864192K), 0.0607800 secs] [Times: user=0.36 sys=0.00, real=0.06 secs] 
4979.213: [GC (Allocation Failure) [PSYoungGen: 430342K->92736K(465920K)] 767229K->590606K(1864192K), 0.1052499 secs] [Times: user=0.62 sys=0.00, real=0.11 secs] 
4981.477: [GC (Allocation Failure) [PSYoungGen: 325696K->150592K(465920K)] 823566K->734989K(1864192K), 0.0596975 secs] [Times: user=0.36 sys=0.00, real=0.06 secs] 
4982.601: [GC (Allocation Failure) [PSYoungGen: 383552K->122464K(458752K)] 967949K->857685K(1857024K), 0.0977804 secs] [Times: user=0.58 sys=0.00, real=0.10 secs] 
4984.502: [GC (Allocation Failure) [PSYoungGen: 355424K->149856K(462336K)] 1090645K->972698K(1860608K), 0.0604782 secs] [Times: user=0.36 sys=0.01, real=0.06 secs] 
4986.476: [GC (Allocation Failure) [PSYoungGen: 382816K->109472K(455680K)] 1205658K->1081970K(1853952K), 0.0892308 secs] [Times: user=0.53 sys=0.01, real=0.09 secs] 
4989.157: [GC (Allocation Failure) [PSYoungGen: 351648K->138912K(463360K)] 1324146K->1210249K(1861632K), 0.0614223 secs] [Times: user=0.37 sys=0.00, real=0.06 secs] 
4991.390: [GC (Allocation Failure) [PSYoungGen: 381088K->131008K(458752K)] 1452425K->1341025K(1857024K), 0.0636160 secs] [Times: user=0.38 sys=0.00, real=0.06 secs] 
4991.453: [Full GC (Ergonomics) [PSYoungGen: 131008K->0K(458752K)] [ParOldGen: 1210017K->146476K(1398272K)] 1341025K->146476K(1857024K), [Metaspace: 59591K->59591K(1105920K)], 0.3370809 secs] [Times: user=1.56 sys=0.00, real=0.34 secs] 
4992.978: [GC (Allocation Failure) [PSYoungGen: 261632K->123424K(469504K)] 408108K->269900K(1867776K), 0.0415181 secs] [Times: user=0.25 sys=0.00, real=0.04 secs] 
4995.481: [GC (Allocation Failure) [PSYoungGen: 381276K->177440K(476160K)] 527752K->445962K(1874432K), 0.0639190 secs] [Times: user=0.38 sys=0.00, real=0.07 secs] 
4999.189: [GC (Allocation Failure) [PSYoungGen: 451040K->112864K(486912K)] 719562K->550554K(1885184K), 0.1791022 secs] [Times: user=1.07 sys=0.00, real=0.18 secs] 
5000.388: [GC (Allocation Failure) [PSYoungGen: 384239K->207840K(440832K)] 821930K->775609K(1839104K), 0.0682578 secs] [Times: user=0.39 sys=0.02, real=0.07 secs] 
5004.155: [GC (Allocation Failure) [PSYoungGen: 440800K->82944K(465920K)] 1008569K->823673K(1864192K), 0.1217180 secs] [Times: user=0.73 sys=0.00, real=0.12 secs] 
5005.527: [GC (Allocation Failure) [PSYoungGen: 312255K->196192K(465920K)] 1052985K->1014114K(1864192K), 0.0602556 secs] [Times: user=0.36 sys=0.00, real=0.06 secs] 
5007.403: [GC (Allocation Failure) [PSYoungGen: 429152K->91712K(465920K)] 1247074K->1070714K(1864192K), 0.1024205 secs] [Times: user=0.61 sys=0.00, real=0.11 secs] 
5009.510: [GC (Allocation Failure) [PSYoungGen: 324672K->152544K(465920K)] 1303674K->1216711K(1864192K), 0.0605337 secs] [Times: user=0.36 sys=0.00, real=0.06 secs] 
5012.165: [GC (Allocation Failure) [PSYoungGen: 382360K->93376K(465920K)] 1446527K->1309951K(1864192K), 0.1021753 secs] [Times: user=0.61 sys=0.00, real=0.10 secs] 
5012.267: [Full GC (Ergonomics) [PSYoungGen: 93376K->0K(465920K)] [ParOldGen: 1216575K->108538K(1398272K)] 1309951K->108538K(1864192K), [Metaspace: 59591K->59587K(1105920K)], 0.2634537 secs] [Times: user=1.21 sys=0.00, real=0.26 secs] 
5013.666: [GC (Allocation Failure) [PSYoungGen: 232960K->151104K(465920K)] 341498K->259642K(1864192K), 0.0427913 secs] [Times: user=0.25 sys=0.00, real=0.04 secs] 
5016.553: [GC (Allocation Failure) [PSYoungGen: 384064K->106464K(465920K)] 492602K->365914K(1864192K), 0.0988203 secs] [Times: user=0.59 sys=0.00, real=0.10 secs] 
5018.058: [GC (Allocation Failure) [PSYoungGen: 339424K->149600K(465920K)] 598874K->496631K(1864192K), 0.0593742 secs] [Times: user=0.36 sys=0.00, real=0.06 secs] 
5019.210: [GC (Allocation Failure) [PSYoungGen: 382560K->115232K(465920K)] 729591K->612103K(1864192K), 0.0755890 secs] [Times: user=0.44 sys=0.00, real=0.08 secs] 
5023.766: [GC (Allocation Failure) [PSYoungGen: 348192K->132160K(456704K)] 845063K->734148K(1854976K), 0.0623795 secs] [Times: user=0.37 sys=0.00, real=0.06 secs] 
5026.102: [GC (Allocation Failure) [PSYoungGen: 365120K->112032K(461312K)] 967108K->846364K(1859584K), 0.0825623 secs] [Times: user=0.50 sys=0.00, real=0.09 secs] 
5027.945: [GC (Allocation Failure) [PSYoungGen: 344992K->135712K(454656K)] 1079324K->971521K(1852928K), 0.0618552 secs] [Times: user=0.36 sys=0.00, real=0.06 secs] 
5028.916: [GC (Allocation Failure) [PSYoungGen: 383008K->135456K(462336K)] 1218817K->1107225K(1860608K), 0.0621311 secs] [Times: user=0.36 sys=0.00, real=0.06 secs] 
5032.081: [GC (Allocation Failure) [PSYoungGen: 382752K->2656K(461824K)] 1354521K->974457K(1860096K), 0.0035220 secs] [Times: user=0.02 sys=0.00, real=0.01 secs] 
5033.930: [GC (Allocation Failure) [PSYoungGen: 257120K->164224K(418816K)] 1228921K->1137810K(1817088K), 0.0470613 secs] [Times: user=0.28 sys=0.00, real=0.05 secs] 
5037.443: [GC (Allocation Failure) [PSYoungGen: 418688K->106816K(477696K)] 1392274K->1236042K(1875968K), 0.1553959 secs] [Times: user=0.92 sys=0.01, real=0.16 secs] 
5038.763: [GC (Allocation Failure) [PSYoungGen: 356160K->174880K(424448K)] 1485386K->1408839K(1822720K), 0.0567796 secs] [Times: user=0.33 sys=0.00, real=0.06 secs] 
5038.820: [Full GC (Ergonomics) [PSYoungGen: 174880K->0K(424448K)] [ParOldGen: 1233959K->212488K(1398272K)] 1408839K->212488K(1822720K), [Metaspace: 59587K->59587K(1105920K)], 0.4953407 secs] [Times: user=2.32 sys=0.00, real=0.50 secs] 
5041.670: [GC (Allocation Failure) [PSYoungGen: 249344K->92128K(472576K)] 461832K->304616K(1870848K), 0.1178146 secs] [Times: user=0.70 sys=0.00, real=0.12 secs] 
5043.244: [GC (Allocation Failure) [PSYoungGen: 334304K->179648K(421888K)] 546792K->478429K(1820160K), 0.1547425 secs] [Times: user=0.93 sys=0.00, real=0.15 secs] 
5045.613: [GC (Allocation Failure) [PSYoungGen: 421824K->86528K(465920K)] 720605K->565205K(1864192K), 0.1422970 secs] [Times: user=0.85 sys=0.01, real=0.15 secs] 
5046.776: [GC (Allocation Failure) [PSYoungGen: 319488K->171168K(465920K)] 798165K->730617K(1864192K), 0.1323583 secs] [Times: user=0.79 sys=0.00, real=0.13 secs] 
5050.390: [GC (Allocation Failure) [PSYoungGen: 404128K->76192K(465920K)] 963577K->806649K(1864192K), 0.1283475 secs] [Times: user=0.77 sys=0.00, real=0.13 secs] 
5051.453: [GC (Allocation Failure) [PSYoungGen: 309152K->209600K(465920K)] 1039609K->1009905K(1864192K), 0.0630993 secs] [Times: user=0.38 sys=0.00, real=0.07 secs] 
5053.714: [GC (Allocation Failure) [PSYoungGen: 442560K->89056K(465920K)] 1242865K->1057921K(1864192K), 0.1132568 secs] [Times: user=0.67 sys=0.00, real=0.12 secs] 
5055.780: [GC (Allocation Failure) [PSYoungGen: 322016K->154816K(465920K)] 1290881K->1206480K(1864192K), 0.0603687 secs] [Times: user=0.36 sys=0.00, real=0.06 secs] 
5058.284: [GC (Allocation Failure) [PSYoungGen: 387776K->99712K(465920K)] 1439440K->1306040K(1864192K), 0.0964842 secs] [Times: user=0.57 sys=0.00, real=0.09 secs] 
5058.381: [Full GC (Ergonomics) [PSYoungGen: 99712K->0K(465920K)] [ParOldGen: 1206328K->114881K(1398272K)] 1306040K->114881K(1864192K), [Metaspace: 59652K->59652K(1105920K)], 0.2664205 secs] [Times: user=1.22 sys=0.00, real=0.27 secs] 
5061.754: [GC (Allocation Failure) [PSYoungGen: 232960K->147968K(465920K)] 347841K->262849K(1864192K), 0.0520296 secs] [Times: user=0.31 sys=0.00, real=0.05 secs] 
5062.623: [GC (Allocation Failure) [PSYoungGen: 380928K->109824K(463872K)] 495809K->372985K(1862144K), 0.0789759 secs] [Times: user=0.47 sys=0.00, real=0.08 secs] 
5065.432: [GC (Allocation Failure) [PSYoungGen: 342784K->137632K(370688K)] 605945K->500598K(1768960K), 0.0608345 secs] [Times: user=0.36 sys=0.00, real=0.06 secs] 
5068.055: [GC (Allocation Failure) [PSYoungGen: 370592K->111360K(467968K)] 733558K->611758K(1866240K), 0.0852122 secs] [Times: user=0.50 sys=0.00, real=0.08 secs] 
5070.153: [GC (Allocation Failure) [PSYoungGen: 354048K->137344K(461312K)] 854446K->738423K(1859584K), 0.0611730 secs] [Times: user=0.37 sys=0.00, real=0.07 secs] 
5072.400: [GC (Allocation Failure) [PSYoungGen: 380032K->135584K(473600K)] 981111K->873807K(1871872K), 0.0660481 secs] [Times: user=0.39 sys=0.00, real=0.07 secs] 
5073.689: [GC (Allocation Failure) [PSYoungGen: 396192K->9888K(467968K)] 1134415K->748151K(1866240K), 0.0039617 secs] [Times: user=0.02 sys=0.00, real=0.00 secs] 
5074.595: [GC (Allocation Failure) [PSYoungGen: 270496K->183264K(452608K)] 1008759K->930084K(1850880K), 0.0394641 secs] [Times: user=0.23 sys=0.00, real=0.04 secs] 
5077.524: [GC (Allocation Failure) [PSYoungGen: 416224K->81408K(465920K)] 1163044K->1011580K(1864192K), 0.1706178 secs] [Times: user=1.02 sys=0.00, real=0.17 secs] 
5078.820: [GC (Allocation Failure) [PSYoungGen: 314368K->170080K(463360K)] 1244540K->1178385K(1861632K), 0.0965399 secs] [Times: user=0.58 sys=0.00, real=0.10 secs] 
5081.947: [GC (Allocation Failure) [PSYoungGen: 403040K->80288K(465920K)] 1411345K->1258777K(1864192K), 0.1499710 secs] [Times: user=0.89 sys=0.00, real=0.15 secs] 
5082.097: [Full GC (Ergonomics) [PSYoungGen: 80288K->0K(465920K)] [ParOldGen: 1178489K->58661K(1398272K)] 1258777K->58661K(1864192K), [Metaspace: 59654K->59654K(1105920K)], 0.1551308 secs] [Times: user=0.71 sys=0.01, real=0.15 secs] 
5083.339: [GC (Allocation Failure) [PSYoungGen: 232960K->168032K(465920K)] 291621K->226693K(1864192K), 0.0352658 secs] [Times: user=0.21 sys=0.00, real=0.04 secs] 
5085.718: [GC (Allocation Failure) [PSYoungGen: 400992K->91328K(465920K)] 459653K->317625K(1864192K), 0.1629767 secs] [Times: user=0.97 sys=0.00, real=0.16 secs] 
5086.282: [GC (Allocation Failure) [PSYoungGen: 324288K->175712K(465920K)] 550585K->479052K(1864192K), 0.0559218 secs] [Times: user=0.33 sys=0.00, real=0.06 secs] 
5088.697: [GC (Allocation Failure) [PSYoungGen: 408672K->82496K(465920K)] 712012K->561548K(1864192K), 0.1313163 secs] [Times: user=0.78 sys=0.00, real=0.13 secs] 
5089.260: [GC (Allocation Failure) [PSYoungGen: 315456K->173760K(465920K)] 794508K->729705K(1864192K), 0.0753558 secs] [Times: user=0.44 sys=0.01, real=0.08 secs] 
5091.923: [GC (Allocation Failure) [PSYoungGen: 406720K->80160K(465920K)] 962665K->809593K(1864192K), 0.1332836 secs] [Times: user=0.79 sys=0.00, real=0.14 secs] 
5092.653: [GC (Allocation Failure) [PSYoungGen: 312749K->205600K(465920K)] 1042183K->1008606K(1864192K), 0.0606411 secs] [Times: user=0.36 sys=0.00, real=0.06 secs] 
5094.675: [GC (Allocation Failure) [PSYoungGen: 438560K->84832K(465920K)] 1241566K->1058474K(1864192K), 0.1140619 secs] [Times: user=0.67 sys=0.00, real=0.11 secs] 
5096.062: [GC (Allocation Failure) [PSYoungGen: 317792K->159680K(465920K)] 1291434K->1211027K(1864192K), 0.0599095 secs] [Times: user=0.36 sys=0.00, real=0.06 secs] 
5097.705: [GC (Allocation Failure) [PSYoungGen: 384833K->93056K(465920K)] 1436180K->1304267K(1864192K), 0.1055046 secs] [Times: user=0.63 sys=0.00, real=0.10 secs] 
5097.810: [Full GC (Ergonomics) [PSYoungGen: 93056K->0K(465920K)] [ParOldGen: 1211211K->108733K(1398272K)] 1304267K->108733K(1864192K), [Metaspace: 59654K->59654K(1105920K)], 0.2553161 secs] [Times: user=1.17 sys=0.00, real=0.26 secs] 
5099.721: [GC (Allocation Failure) [PSYoungGen: 232960K->150976K(465920K)] 341693K->259709K(1864192K), 0.0424332 secs] [Times: user=0.25 sys=0.00, real=0.04 secs] 
5101.812: [GC (Allocation Failure) [PSYoungGen: 383936K->97440K(465920K)] 492669K->357165K(1864192K), 0.0940266 secs] [Times: user=0.56 sys=0.00, real=0.10 secs] 
5103.792: [GC (Allocation Failure) [PSYoungGen: 330400K->150720K(465920K)] 590125K->497642K(1864192K), 0.0598019 secs] [Times: user=0.36 sys=0.00, real=0.06 secs] 
5106.160: [GC (Allocation Failure) [PSYoungGen: 383680K->105728K(338944K)] 730602K->603122K(1737216K), 0.0924549 secs] [Times: user=0.55 sys=0.00, real=0.09 secs] 
5107.467: [GC (Allocation Failure) [PSYoungGen: 338688K->142592K(467456K)] 836082K->735353K(1865728K), 0.0611828 secs] [Times: user=0.36 sys=0.01, real=0.06 secs] 
5109.766: [GC (Allocation Failure) [PSYoungGen: 379648K->117056K(354304K)] 972409K->852081K(1752576K), 0.0760622 secs] [Times: user=0.45 sys=0.00, real=0.07 secs] 
5112.108: [GC (Allocation Failure) [PSYoungGen: 354112K->131072K(467456K)] 1089137K->972568K(1865728K), 0.0615462 secs] [Times: user=0.37 sys=0.00, real=0.06 secs] 
5112.923: [GC (Allocation Failure) [PSYoungGen: 380416K->147584K(460288K)] 1221912K->1120304K(1858560K), 0.0594936 secs] [Times: user=0.35 sys=0.00, real=0.06 secs] 
5115.238: [GC (Allocation Failure) [PSYoungGen: 396928K->8352K(463360K)] 1369648K->981112K(1861632K), 0.0031484 secs] [Times: user=0.02 sys=0.00, real=0.00 secs] 
5116.531: [GC (Allocation Failure) [PSYoungGen: 252523K->175456K(429056K)] 1225284K->1154957K(1827328K), 0.0522851 secs] [Times: user=0.30 sys=0.00, real=0.05 secs] 
5119.805: [GC (Allocation Failure) [PSYoungGen: 428896K->99296K(472064K)] 1408397K->1246173K(1870336K), 0.1221111 secs] [Times: user=0.73 sys=0.00, real=0.12 secs] 
5120.729: [GC (Allocation Failure) [PSYoungGen: 338400K->170624K(465920K)] 1485277K->1413578K(1864192K), 0.0913813 secs] [Times: user=0.54 sys=0.00, real=0.09 secs] 
5120.821: [Full GC (Ergonomics) [PSYoungGen: 170624K->0K(465920K)] [ParOldGen: 1242954K->215697K(1398272K)] 1413578K->215697K(1864192K), [Metaspace: 59654K->59654K(1105920K)], 0.5486082 secs] [Times: user=2.59 sys=0.00, real=0.55 secs] 
5124.122: [GC (Allocation Failure) [PSYoungGen: 235783K->84480K(468480K)] 451481K->300177K(1866752K), 0.1166999 secs] [Times: user=0.69 sys=0.01, real=0.12 secs] 
5125.007: [GC (Allocation Failure) [PSYoungGen: 320000K->169792K(465920K)] 535697K->466478K(1864192K), 0.1109020 secs] [Times: user=0.66 sys=0.00, real=0.11 secs] 
5129.667: [GC (Allocation Failure) [PSYoungGen: 402774K->72992K(465920K)] 699461K->539278K(1864192K), 0.1599995 secs] [Times: user=0.93 sys=0.00, real=0.16 secs] 
5131.002: [GC (Allocation Failure) [PSYoungGen: 305952K->168000K(465920K)] 772238K->703529K(1864192K), 0.0530032 secs] [Times: user=0.32 sys=0.00, real=0.06 secs] 
5133.101: [GC (Allocation Failure) [PSYoungGen: 400960K->83136K(465920K)] 936489K->786585K(1864192K), 0.1538131 secs] [Times: user=0.92 sys=0.00, real=0.16 secs] 
5135.476: [GC (Allocation Failure) [PSYoungGen: 316096K->170848K(465920K)] 1019545K->951278K(1864192K), 0.1255202 secs] [Times: user=0.75 sys=0.00, real=0.12 secs] 
5137.353: [GC (Allocation Failure) [PSYoungGen: 403808K->82144K(465920K)] 1184238K->1033646K(1864192K), 0.1461264 secs] [Times: user=0.87 sys=0.00, real=0.15 secs] 
5138.304: [GC (Allocation Failure) [PSYoungGen: 315104K->173056K(465920K)] 1266606K->1200255K(1864192K), 0.1148822 secs] [Times: user=0.68 sys=0.00, real=0.11 secs] 
5140.458: [GC (Allocation Failure) [PSYoungGen: 406016K->83776K(465920K)] 1433215K->1283831K(1864192K), 0.1124639 secs] [Times: user=0.67 sys=0.00, real=0.11 secs] 
5140.571: [Full GC (Ergonomics) [PSYoungGen: 83776K->0K(465920K)] [ParOldGen: 1200055K->90985K(1398272K)] 1283831K->90985K(1864192K), [Metaspace: 59691K->59691K(1105920K)], 0.2211918 secs] [Times: user=1.01 sys=0.00, real=0.22 secs] 
5142.323: [GC (Allocation Failure) [PSYoungGen: 232960K->183840K(465920K)] 323945K->274825K(1864192K), 0.0908583 secs] [Times: user=0.54 sys=0.01, real=0.10 secs] 
5144.286: [GC (Allocation Failure) [PSYoungGen: 416800K->85664K(465920K)] 507785K->343881K(1864192K), 0.1283548 secs] [Times: user=0.76 sys=0.00, real=0.13 secs] 
5147.612: [GC (Allocation Failure) [PSYoungGen: 318624K->178912K(465920K)] 576841K->517070K(1864192K), 0.0626528 secs] [Times: user=0.37 sys=0.00, real=0.07 secs] 
5150.065: [GC (Allocation Failure) [PSYoungGen: 411872K->88736K(465920K)] 750030K->585166K(1864192K), 0.1054023 secs] [Times: user=0.62 sys=0.00, real=0.10 secs] 
5151.332: [GC (Allocation Failure) [PSYoungGen: 321696K->154976K(465920K)] 818126K->733739K(1864192K), 0.0601201 secs] [Times: user=0.36 sys=0.00, real=0.06 secs] 
5154.244: [GC (Allocation Failure) [PSYoungGen: 387026K->93184K(465920K)] 965789K->826979K(1864192K), 0.1000352 secs] [Times: user=0.54 sys=0.00, real=0.10 secs] 
5155.553: [GC (Allocation Failure) [PSYoungGen: 326144K->150720K(465920K)] 1059939K->971063K(1864192K), 0.0602015 secs] [Times: user=0.36 sys=0.00, real=0.06 secs] 
5157.312: [GC (Allocation Failure) [PSYoungGen: 383680K->99712K(465920K)] 1204023K->1070727K(1864192K), 0.0931432 secs] [Times: user=0.56 sys=0.01, real=0.10 secs] 
5158.596: [GC (Allocation Failure) [PSYoungGen: 332672K->149088K(382464K)] 1303687K->1208940K(1780736K), 0.0610271 secs] [Times: user=0.36 sys=0.00, real=0.06 secs] 
5159.750: [GC (Allocation Failure) [PSYoungGen: 382048K->117344K(473600K)] 1441900K->1326076K(1871872K), 0.0618426 secs] [Times: user=0.36 sys=0.00, real=0.06 secs] 
5159.812: [Full GC (Ergonomics) [PSYoungGen: 117344K->0K(473600K)] [ParOldGen: 1208732K->131368K(1398272K)] 1326076K->131368K(1871872K), [Metaspace: 59691K->59691K(1105920K)], 0.3019875 secs] [Times: user=1.37 sys=0.00, real=0.31 secs] 
5162.099: [GC (Allocation Failure) [PSYoungGen: 241664K->130656K(372736K)] 373032K->262024K(1771008K), 0.0438210 secs] [Times: user=0.26 sys=0.01, real=0.04 secs] 
5164.121: [GC (Allocation Failure) [PSYoungGen: 372320K->145152K(460800K)] 503688K->407096K(1859072K), 0.0702543 secs] [Times: user=0.42 sys=0.00, real=0.07 secs] 
5166.086: [GC (Allocation Failure) [PSYoungGen: 390912K->3680K(458752K)] 652856K->265656K(1857024K), 0.0021037 secs] [Times: user=0.01 sys=0.00, real=0.00 secs] 
5168.191: [GC (Allocation Failure) [PSYoungGen: 249440K->164320K(458752K)] 511416K->428321K(1857024K), 0.0324044 secs] [Times: user=0.19 sys=0.00, real=0.04 secs] 
5170.340: [GC (Allocation Failure) [PSYoungGen: 397280K->97216K(465920K)] 661281K->516905K(1864192K), 0.0790271 secs] [Times: user=0.47 sys=0.00, real=0.08 secs] 
5173.438: [GC (Allocation Failure) [PSYoungGen: 330176K->159936K(461312K)] 749865K->673357K(1859584K), 0.0507540 secs] [Times: user=0.30 sys=0.00, real=0.05 secs] 
5175.153: [GC (Allocation Failure) [PSYoungGen: 395456K->96128K(465920K)] 908877K->760325K(1864192K), 0.1590214 secs] [Times: user=0.95 sys=0.00, real=0.16 secs] 
5177.480: [GC (Allocation Failure) [PSYoungGen: 331648K->163744K(461312K)] 995845K->921106K(1859584K), 0.0510601 secs] [Times: user=0.31 sys=0.00, real=0.05 secs] 
5179.113: [GC (Allocation Failure) [PSYoungGen: 400800K->92448K(466944K)] 1158162K->1005002K(1865216K), 0.1701165 secs] [Times: user=1.01 sys=0.00, real=0.17 secs] 
5181.150: [GC (Allocation Failure) [PSYoungGen: 315709K->158944K(465920K)] 1228264K->1159727K(1864192K), 0.0484743 secs] [Times: user=0.29 sys=0.00, real=0.05 secs] 
5182.706: [GC (Allocation Failure) [PSYoungGen: 400096K->101504K(343040K)] 1400879K->1252239K(1741312K), 0.1492593 secs] [Times: user=0.89 sys=0.00, real=0.15 secs] 
5183.607: [GC (Allocation Failure) [PSYoungGen: 342656K->172160K(459776K)] 1493391K->1421153K(1858048K), 0.0526940 secs] [Times: user=0.31 sys=0.01, real=0.05 secs] 
5183.660: [Full GC (Ergonomics) [PSYoungGen: 172160K->0K(459776K)] [ParOldGen: 1248993K->219455K(1398272K)] 1421153K->219455K(1858048K), [Metaspace: 59691K->59691K(1105920K)], 0.5204444 secs] [Times: user=2.43 sys=0.00, real=0.52 secs] 
5187.043: [GC (Allocation Failure) [PSYoungGen: 237568K->83072K(467968K)] 457023K->302527K(1866240K), 0.1220084 secs] [Times: user=0.72 sys=0.00, real=0.13 secs] 
5187.751: [GC (Allocation Failure) [PSYoungGen: 320640K->175936K(460800K)] 540095K->472668K(1859072K), 0.0550599 secs] [Times: user=0.32 sys=0.00, real=0.06 secs] 
5191.858: [GC (Allocation Failure) [PSYoungGen: 408896K->76256K(465920K)] 705628K->549132K(1864192K), 0.1683177 secs] [Times: user=1.01 sys=0.00, real=0.17 secs] 
5192.557: [GC (Allocation Failure) [PSYoungGen: 309216K->193216K(465920K)] 782092K->735961K(1864192K), 0.0570323 secs] [Times: user=0.33 sys=0.00, real=0.06 secs] 
5197.035: [GC (Allocation Failure) [PSYoungGen: 426176K->75808K(465920K)] 968921K->795513K(1864192K), 0.1590179 secs] [Times: user=0.95 sys=0.00, real=0.16 secs] 
5197.506: [GC (Allocation Failure) [PSYoungGen: 308768K->174880K(465920K)] 1028473K->964386K(1864192K), 0.0567041 secs] [Times: user=0.34 sys=0.00, real=0.05 secs] 
5200.686: [GC (Allocation Failure) [PSYoungGen: 407840K->77184K(465920K)] 1197346K->1041578K(1864192K), 0.1330858 secs] [Times: user=0.79 sys=0.01, real=0.13 secs] 
5201.705: [GC (Allocation Failure) [PSYoungGen: 308576K->204768K(465920K)] 1272971K->1239647K(1864192K), 0.0606942 secs] [Times: user=0.36 sys=0.00, real=0.06 secs] 
5204.185: [GC (Allocation Failure) [PSYoungGen: 437728K->84128K(465920K)] 1472607K->1289207K(1864192K), 0.0989342 secs] [Times: user=0.59 sys=0.00, real=0.09 secs] 
5204.284: [Full GC (Ergonomics) [PSYoungGen: 84128K->0K(465920K)] [ParOldGen: 1205079K->98202K(1398272K)] 1289207K->98202K(1864192K), [Metaspace: 59691K->59691K(1105920K)], 0.2330622 secs] [Times: user=1.03 sys=0.00, real=0.24 secs] 
5205.577: [GC (Allocation Failure) [PSYoungGen: 230979K->197216K(465920K)] 329181K->295418K(1864192K), 0.0480428 secs] [Times: user=0.29 sys=0.00, real=0.05 secs] 
5208.503: [GC (Allocation Failure) [PSYoungGen: 430176K->86080K(465920K)] 528378K->344258K(1864192K), 0.1044321 secs] [Times: user=0.62 sys=0.00, real=0.11 secs] 
5209.811: [GC (Allocation Failure) [PSYoungGen: 319040K->158176K(465920K)] 577218K->495713K(1864192K), 0.0594775 secs] [Times: user=0.35 sys=0.01, real=0.06 secs] 
5212.021: [GC (Allocation Failure) [PSYoungGen: 388384K->93472K(465920K)] 725921K->589377K(1864192K), 0.0926960 secs] [Times: user=0.55 sys=0.00, real=0.10 secs] 
5215.630: [GC (Allocation Failure) [PSYoungGen: 326432K->150816K(465920K)] 822337K->733248K(1864192K), 0.0598096 secs] [Times: user=0.36 sys=0.00, real=0.06 secs] 
5217.255: [GC (Allocation Failure) [PSYoungGen: 379312K->93248K(465920K)] 961744K->826712K(1864192K), 0.1027303 secs] [Times: user=0.61 sys=0.00, real=0.10 secs] 
5218.535: [GC (Allocation Failure) [PSYoungGen: 326208K->151328K(465920K)] 1059672K->971365K(1864192K), 0.0606422 secs] [Times: user=0.36 sys=0.01, real=0.06 secs] 
5220.310: [GC (Allocation Failure) [PSYoungGen: 384288K->105472K(465920K)] 1204325K->1076797K(1864192K), 0.0913405 secs] [Times: user=0.54 sys=0.00, real=0.09 secs] 
5221.573: [GC (Allocation Failure) [PSYoungGen: 338432K->142848K(464896K)] 1309757K->1209298K(1863168K), 0.0610292 secs] [Times: user=0.37 sys=0.00, real=0.07 secs] 
5225.075: [GC (Allocation Failure) [PSYoungGen: 375808K->110944K(344064K)] 1442258K->1320042K(1742336K), 0.0871889 secs] [Times: user=0.52 sys=0.00, real=0.08 secs] 
5225.162: [Full GC (Ergonomics) [PSYoungGen: 110944K->0K(344064K)] [ParOldGen: 1209098K->124978K(1398272K)] 1320042K->124978K(1742336K), [Metaspace: 59691K->59691K(1105920K)], 0.2871062 secs] [Times: user=1.31 sys=0.00, real=0.29 secs] 
5227.687: [GC (Allocation Failure) [PSYoungGen: 232960K->136992K(464896K)] 357938K->261970K(1863168K), 0.0485129 secs] [Times: user=0.29 sys=0.00, real=0.05 secs] 
5229.026: [GC (Allocation Failure) [PSYoungGen: 377120K->124832K(459264K)] 502098K->386554K(1857536K), 0.0791541 secs] [Times: user=0.46 sys=0.01, real=0.08 secs] 
5232.165: [GC (Allocation Failure) [PSYoungGen: 364960K->123520K(472064K)] 626682K->499361K(1870336K), 0.0620115 secs] [Times: user=0.37 sys=0.00, real=0.06 secs] 
5233.034: [GC (Allocation Failure) [PSYoungGen: 386176K->166976K(465408K)] 762017K->666481K(1863680K), 0.0595415 secs] [Times: user=0.35 sys=0.00, real=0.05 secs] 
5235.883: [GC (Allocation Failure) [PSYoungGen: 429632K->26976K(469504K)] 929137K->526505K(1867776K), 0.0098962 secs] [Times: user=0.05 sys=0.00, real=0.01 secs] 
5236.843: [GC (Allocation Failure) [PSYoungGen: 286560K->189824K(449536K)] 786089K->712990K(1847808K), 0.0720360 secs] [Times: user=0.43 sys=0.00, real=0.08 secs] 
5240.343: [GC (Allocation Failure) [PSYoungGen: 449408K->98784K(468992K)] 972574K->811942K(1867264K), 0.1428469 secs] [Times: user=0.85 sys=0.00, real=0.15 secs] 
5242.171: [GC (Allocation Failure) [PSYoungGen: 332850K->204032K(465920K)] 1046008K->1010315K(1864192K), 0.0642822 secs] [Times: user=0.38 sys=0.00, real=0.07 secs] 
5245.366: [GC (Allocation Failure) [PSYoungGen: 440064K->84192K(465920K)] 1246347K->1059955K(1864192K), 0.1243520 secs] [Times: user=0.74 sys=0.00, real=0.12 secs] 
5246.685: [GC (Allocation Failure) [PSYoungGen: 317152K->160224K(465920K)] 1292915K->1213066K(1864192K), 0.0604599 secs] [Times: user=0.35 sys=0.00, real=0.06 secs] 
5249.104: [GC (Allocation Failure) [PSYoungGen: 393184K->93024K(465920K)] 1446026K->1306386K(1864192K), 0.1050298 secs] [Times: user=0.62 sys=0.01, real=0.10 secs] 
5249.210: [Full GC (Ergonomics) [PSYoungGen: 93024K->0K(465920K)] [ParOldGen: 1213362K->107115K(1398272K)] 1306386K->107115K(1864192K), [Metaspace: 59691K->59691K(1105920K)], 0.2576927 secs] [Times: user=1.19 sys=0.00, real=0.26 secs] 
5250.606: [GC (Allocation Failure) [PSYoungGen: 232960K->152256K(465920K)] 340075K->259371K(1864192K), 0.0428725 secs] [Times: user=0.25 sys=0.00, real=0.04 secs] 
5254.560: [GC (Allocation Failure) [PSYoungGen: 383878K->92832K(465920K)] 490993K->351999K(1864192K), 0.0954892 secs] [Times: user=0.57 sys=0.00, real=0.10 secs] 
5255.824: [GC (Allocation Failure) [PSYoungGen: 325792K->150560K(384000K)] 584959K->496314K(1782272K), 0.0598556 secs] [Times: user=0.36 sys=0.00, real=0.06 secs] 
5258.074: [GC (Allocation Failure) [PSYoungGen: 383520K->114464K(473600K)] 729274K->610762K(1871872K), 0.0984332 secs] [Times: user=0.58 sys=0.00, real=0.10 secs] 
5260.479: [GC (Allocation Failure) [PSYoungGen: 355616K->150080K(465408K)] 851914K->733345K(1863680K), 0.0602473 secs] [Times: user=0.36 sys=0.00, real=0.06 secs] 
5262.287: [GC (Allocation Failure) [PSYoungGen: 391232K->121376K(466432K)] 974497K->854961K(1864704K), 0.0780071 secs] [Times: user=0.46 sys=0.00, real=0.08 secs] 
5263.591: [GC (Allocation Failure) [PSYoungGen: 371744K->2784K(465408K)] 1105329K->736497K(1863680K), 0.0025874 secs] [Times: user=0.01 sys=0.00, real=0.00 secs] 
5265.635: [GC (Allocation Failure) [PSYoungGen: 253152K->162880K(460800K)] 986865K->897910K(1859072K), 0.0317849 secs] [Times: user=0.19 sys=0.00, real=0.03 secs] 
5267.294: [GC (Allocation Failure) [PSYoungGen: 395840K->95584K(328704K)] 1130870K->984574K(1726976K), 0.0684875 secs] [Times: user=0.40 sys=0.00, real=0.07 secs] 
5268.882: [GC (Allocation Failure) [PSYoungGen: 328544K->163840K(458752K)] 1217534K->1146833K(1857024K), 0.0516594 secs] [Times: user=0.31 sys=0.01, real=0.06 secs] 
5270.539: [GC (Allocation Failure) [PSYoungGen: 395776K->94368K(464896K)] 1378769K->1232345K(1863168K), 0.0679969 secs] [Times: user=0.40 sys=0.00, real=0.07 secs] 
5272.668: [GC (Allocation Failure) [PSYoungGen: 326304K->162944K(460800K)] 1464281K->1392926K(1859072K), 0.0510601 secs] [Times: user=0.29 sys=0.00, real=0.05 secs] 
5272.719: [Full GC (Ergonomics) [PSYoungGen: 162944K->0K(460800K)] [ParOldGen: 1229982K->195231K(1398272K)] 1392926K->195231K(1859072K), [Metaspace: 59691K->59691K(1105920K)], 0.4716543 secs] [Times: user=2.21 sys=0.00, real=0.47 secs] 
5274.449: [GC (Allocation Failure) [PSYoungGen: 233984K->93088K(465920K)] 429215K->288319K(1864192K), 0.0451816 secs] [Times: user=0.26 sys=0.00, real=0.05 secs] 
5276.232: [GC (Allocation Failure) [PSYoungGen: 316380K->158624K(463872K)] 511612K->443652K(1862144K), 0.0479959 secs] [Times: user=0.28 sys=0.00, real=0.05 secs] 
5277.766: [GC (Allocation Failure) [PSYoungGen: 395680K->94080K(466944K)] 680708K->528888K(1865216K), 0.0955081 secs] [Times: user=0.54 sys=0.01, real=0.09 secs] 
5279.086: [GC (Allocation Failure) [PSYoungGen: 331136K->169664K(459776K)] 765944K->695173K(1858048K), 0.1293322 secs] [Times: user=0.77 sys=0.00, real=0.13 secs] 
5283.296: [GC (Allocation Failure) [PSYoungGen: 404672K->82688K(466944K)] 930181K->777837K(1865216K), 0.1691977 secs] [Times: user=1.01 sys=0.00, real=0.17 secs] 
5284.524: [GC (Allocation Failure) [PSYoungGen: 317696K->166496K(461824K)] 1012845K->940210K(1860096K), 0.0531563 secs] [Times: user=0.31 sys=0.00, real=0.05 secs] 
5286.303: [GC (Allocation Failure) [PSYoungGen: 399456K->88896K(465920K)] 1173170K->1028218K(1864192K), 0.1629067 secs] [Times: user=0.97 sys=0.00, real=0.17 secs] 
5286.872: [GC (Allocation Failure) [PSYoungGen: 321856K->173440K(463360K)] 1261178K->1195899K(1861632K), 0.0574499 secs] [Times: user=0.34 sys=0.00, real=0.06 secs] 
5289.859: [GC (Allocation Failure) [PSYoungGen: 406400K->81888K(465920K)] 1428859K->1277431K(1864192K), 0.1271744 secs] [Times: user=0.76 sys=0.00, real=0.13 secs] 
5289.987: [Full GC (Ergonomics) [PSYoungGen: 81888K->0K(465920K)] [ParOldGen: 1195543K->77314K(1398272K)] 1277431K->77314K(1864192K), [Metaspace: 59691K->59691K(1105920K)], 0.1872587 secs] [Times: user=0.85 sys=0.00, real=0.19 secs] 
5291.190: [GC (Allocation Failure) [PSYoungGen: 232960K->172160K(465920K)] 310274K->249474K(1864192K), 0.0822647 secs] [Times: user=0.49 sys=0.00, real=0.08 secs] 
5294.259: [GC (Allocation Failure) [PSYoungGen: 405120K->76832K(465920K)] 482434K->326394K(1864192K), 0.1537590 secs] [Times: user=0.92 sys=0.00, real=0.15 secs] 
5295.577: [GC (Allocation Failure) [PSYoungGen: 309792K->168096K(465920K)] 559354K->488479K(1864192K), 0.1552416 secs] [Times: user=0.93 sys=0.00, real=0.15 secs] 
5299.113: [GC (Allocation Failure) [PSYoungGen: 401056K->80736K(465920K)] 721439K->569023K(1864192K), 0.1356601 secs] [Times: user=0.81 sys=0.00, real=0.14 secs] 
5300.420: [GC (Allocation Failure) [PSYoungGen: 313696K->209056K(465920K)] 801983K->771556K(1864192K), 0.0594360 secs] [Times: user=0.35 sys=0.00, real=0.06 secs] 
5302.535: [GC (Allocation Failure) [PSYoungGen: 442016K->86528K(465920K)] 1004516K->821276K(1864192K), 0.0752805 secs] [Times: user=0.45 sys=0.00, real=0.07 secs] 
5304.361: [GC (Allocation Failure) [PSYoungGen: 318533K->194464K(465920K)] 1053281K->1009977K(1864192K), 0.0673949 secs] [Times: user=0.40 sys=0.01, real=0.07 secs] 
5306.250: [GC (Allocation Failure) [PSYoungGen: 424130K->92672K(465920K)] 1239644K->1065273K(1864192K), 0.0927222 secs] [Times: user=0.55 sys=0.00, real=0.09 secs] 
5308.375: [GC (Allocation Failure) [PSYoungGen: 325632K->150912K(465920K)] 1298233K->1210040K(1864192K), 0.0600999 secs] [Times: user=0.35 sys=0.00, real=0.06 secs] 
5310.019: [GC (Allocation Failure) [PSYoungGen: 383872K->97664K(465920K)] 1443000K->1307808K(1864192K), 0.0957843 secs] [Times: user=0.57 sys=0.00, real=0.10 secs] 
5310.114: [Full GC (Ergonomics) [PSYoungGen: 97664K->0K(465920K)] [ParOldGen: 1210144K->112226K(1398272K)] 1307808K->112226K(1864192K), [Metaspace: 59691K->59691K(1105920K)], 0.2547399 secs] [Times: user=1.16 sys=0.00, real=0.25 secs] 
5313.046: [GC (Allocation Failure) [PSYoungGen: 232960K->150592K(465920K)] 345186K->262818K(1864192K), 0.0536459 secs] [Times: user=0.32 sys=0.00, real=0.05 secs] 
5315.471: [GC (Allocation Failure) [PSYoungGen: 383552K->124448K(465920K)] 495778K->387314K(1864192K), 0.1140644 secs] [Times: user=0.68 sys=0.00, real=0.12 secs] 
5318.845: [GC (Allocation Failure) [PSYoungGen: 357408K->149024K(463872K)] 620274K->500977K(1862144K), 0.0605783 secs] [Times: user=0.36 sys=0.00, real=0.06 secs] 
5322.172: [GC (Allocation Failure) [PSYoungGen: 381984K->100128K(333312K)] 733937K->600857K(1731584K), 0.0930463 secs] [Times: user=0.55 sys=0.00, real=0.10 secs] 
5323.448: [GC (Allocation Failure) [PSYoungGen: 333088K->147904K(466432K)] 833817K->738174K(1864704K), 0.0602551 secs] [Times: user=0.36 sys=0.00, real=0.06 secs] 
5326.348: [GC (Allocation Failure) [PSYoungGen: 387008K->110432K(463360K)] 977278K->848782K(1861632K), 0.0844843 secs] [Times: user=0.50 sys=0.00, real=0.08 secs] 
5327.636: [GC (Allocation Failure) [PSYoungGen: 349536K->137376K(468992K)] 1087886K->975515K(1867264K), 0.0616199 secs] [Times: user=0.36 sys=0.00, real=0.06 secs] 
5330.768: [GC (Allocation Failure) [PSYoungGen: 390304K->142784K(465920K)] 1228443K->1118483K(1864192K), 0.0651048 secs] [Times: user=0.39 sys=0.00, real=0.06 secs] 
5332.072: [GC (Allocation Failure) [PSYoungGen: 395712K->12896K(464896K)] 1371411K->988671K(1863168K), 0.0048249 secs] [Times: user=0.03 sys=0.01, real=0.01 secs] 
5334.491: [GC (Allocation Failure) [PSYoungGen: 266666K->172032K(428032K)] 1242441K->1158536K(1826304K), 0.0372014 secs] [Times: user=0.22 sys=0.00, real=0.04 secs] 
5336.667: [GC (Allocation Failure) [PSYoungGen: 427520K->106240K(475648K)] 1414024K->1255776K(1873920K), 0.1641252 secs] [Times: user=0.97 sys=0.01, real=0.16 secs] 
5338.734: [GC (Allocation Failure) [PSYoungGen: 350976K->173184K(418304K)] 1500512K->1424733K(1816576K), 0.0554366 secs] [Times: user=0.33 sys=0.00, real=0.05 secs] 
5338.789: [Full GC (Ergonomics) [PSYoungGen: 173184K->0K(418304K)] [ParOldGen: 1251549K->224404K(1398272K)] 1424733K->224404K(1816576K), [Metaspace: 59692K->59692K(1105920K)], 0.5271066 secs] [Times: user=2.47 sys=0.00, real=0.53 secs] 
5341.973: [GC (Allocation Failure) [PSYoungGen: 244736K->83136K(469504K)] 469140K->307540K(1867776K), 0.0923472 secs] [Times: user=0.54 sys=0.01, real=0.10 secs] 
5342.779: [GC (Allocation Failure) [PSYoungGen: 320704K->180512K(418304K)] 545108K->481569K(1816576K), 0.0562105 secs] [Times: user=0.33 sys=0.00, real=0.06 secs] 
5346.273: [GC (Allocation Failure) [PSYoungGen: 418080K->88160K(465920K)] 719137K->569905K(1864192K), 0.1320055 secs] [Times: user=0.79 sys=0.00, real=0.14 secs] 
5347.514: [GC (Allocation Failure) [PSYoungGen: 320783K->204288K(465920K)] 802529K->763862K(1864192K), 0.0616259 secs] [Times: user=0.37 sys=0.00, real=0.06 secs] 
5349.480: [GC (Allocation Failure) [PSYoungGen: 437248K->88064K(465920K)] 996822K->817326K(1864192K), 0.1006913 secs] [Times: user=0.60 sys=0.00, real=0.10 secs] 
5351.381: [GC (Allocation Failure) [PSYoungGen: 321024K->155488K(465920K)] 1050286K->966365K(1864192K), 0.0601455 secs] [Times: user=0.36 sys=0.00, real=0.06 secs] 
5353.283: [GC (Allocation Failure) [PSYoungGen: 386628K->93248K(465920K)] 1197506K->1059869K(1864192K), 0.1042943 secs] [Times: user=0.62 sys=0.01, real=0.11 secs] 
5355.945: [GC (Allocation Failure) [PSYoungGen: 326208K->151328K(465920K)] 1292829K->1204474K(1864192K), 0.0610877 secs] [Times: user=0.36 sys=0.00, real=0.06 secs] 
5357.535: [GC (Allocation Failure) [PSYoungGen: 384288K->113952K(462848K)] 1437434K->1318194K(1861120K), 0.0996782 secs] [Times: user=0.59 sys=0.00, real=0.10 secs] 
5357.635: [Full GC (Ergonomics) [PSYoungGen: 113952K->0K(462848K)] [ParOldGen: 1204242K->112157K(1398272K)] 1318194K->112157K(1861120K), [Metaspace: 59692K->59692K(1105920K)], 0.2593261 secs] [Times: user=1.19 sys=0.00, real=0.26 secs] 
5359.128: [GC (Allocation Failure) [PSYoungGen: 232960K->150496K(464384K)] 345117K->262653K(1862656K), 0.0550983 secs] [Times: user=0.33 sys=0.00, real=0.05 secs] 
5361.149: [GC (Allocation Failure) [PSYoungGen: 383456K->107168K(455680K)] 495613K->370174K(1853952K), 0.1063457 secs] [Times: user=0.64 sys=0.00, real=0.11 secs] 
5362.564: [GC (Allocation Failure) [PSYoungGen: 345248K->141664K(461312K)] 608254K->500950K(1859584K), 0.0609401 secs] [Times: user=0.36 sys=0.00, real=0.06 secs] 
5364.223: [GC (Allocation Failure) [PSYoungGen: 379744K->128928K(455680K)] 739030K->629794K(1853952K), 0.0651188 secs] [Times: user=0.38 sys=0.01, real=0.07 secs] 
5365.732: [GC (Allocation Failure) [PSYoungGen: 385440K->3712K(466432K)] 886306K->504654K(1864704K), 0.0023954 secs] [Times: user=0.01 sys=0.00, real=0.01 secs] 
5367.234: [GC (Allocation Failure) [PSYoungGen: 260224K->178400K(456192K)] 761166K->681719K(1854464K), 0.0348044 secs] [Times: user=0.20 sys=0.00, real=0.03 secs] 
5369.788: [GC (Allocation Failure) [PSYoungGen: 411360K->87552K(465920K)] 914679K->761207K(1864192K), 0.0695111 secs] [Times: user=0.41 sys=0.00, real=0.07 secs] 
5371.846: [GC (Allocation Failure) [PSYoungGen: 317693K->163872K(463360K)] 991349K->922708K(1861632K), 0.0485748 secs] [Times: user=0.29 sys=0.01, real=0.05 secs] 
5373.904: [GC (Allocation Failure) [PSYoungGen: 396832K->90336K(465920K)] 1155668K->1004308K(1864192K), 0.1178865 secs] [Times: user=0.70 sys=0.00, real=0.12 secs] 
5375.523: [GC (Allocation Failure) [PSYoungGen: 312408K->159552K(463360K)] 1226380K->1160713K(1861632K), 0.0482138 secs] [Times: user=0.29 sys=0.00, real=0.05 secs] 
5377.826: [GC (Allocation Failure) [PSYoungGen: 392512K->90016K(323072K)] 1393673K->1242369K(1721344K), 0.1129489 secs] [Times: user=0.67 sys=0.00, real=0.11 secs] 
5379.766: [GC (Allocation Failure) [PSYoungGen: 320267K->160160K(460800K)] 1472620K->1399670K(1859072K), 0.0484666 secs] [Times: user=0.29 sys=0.00, real=0.05 secs] 
5379.814: [Full GC (Ergonomics) [PSYoungGen: 160160K->0K(460800K)] [ParOldGen: 1239510K->196470K(1398272K)] 1399670K->196470K(1859072K), [Metaspace: 59692K->59692K(1105920K)], 0.4695599 secs] [Times: user=2.19 sys=0.00, real=0.46 secs] 
5381.480: [GC (Allocation Failure) [PSYoungGen: 231936K->93696K(464384K)] 428406K->290166K(1862656K), 0.0437634 secs] [Times: user=0.25 sys=0.00, real=0.04 secs] 
5383.344: [GC (Allocation Failure) [PSYoungGen: 319408K->158592K(460800K)] 515879K->443643K(1859072K), 0.0480395 secs] [Times: user=0.28 sys=0.00, real=0.04 secs] 
5385.306: [GC (Allocation Failure) [PSYoungGen: 392576K->91232K(464384K)] 677627K->526527K(1862656K), 0.1041491 secs] [Times: user=0.62 sys=0.00, real=0.10 secs] 
5387.211: [GC (Allocation Failure) [PSYoungGen: 316363K->159776K(462848K)] 751658K->682644K(1861120K), 0.0481536 secs] [Times: user=0.28 sys=0.00, real=0.05 secs] 
5389.019: [GC (Allocation Failure) [PSYoungGen: 397344K->93312K(466944K)] 920212K->767036K(1865216K), 0.1754668 secs] [Times: user=1.04 sys=0.01, real=0.18 secs] 
5389.910: [GC (Allocation Failure) [PSYoungGen: 330880K->166880K(462336K)] 1004604K->930509K(1860608K), 0.0708896 secs] [Times: user=0.42 sys=0.00, real=0.07 secs] 
5393.622: [GC (Allocation Failure) [PSYoungGen: 404960K->87392K(468480K)] 1168589K->1017965K(1866752K), 0.1000053 secs] [Times: user=0.59 sys=0.00, real=0.10 secs] 
5394.439: [GC (Allocation Failure) [PSYoungGen: 325472K->168032K(459776K)] 1256045K->1182162K(1858048K), 0.0547673 secs] [Times: user=0.32 sys=0.00, real=0.05 secs] 
5397.180: [GC (Allocation Failure) [PSYoungGen: 400992K->84928K(465920K)] 1415122K->1266510K(1864192K), 0.1665337 secs] [Times: user=0.98 sys=0.01, real=0.17 secs] 
5397.346: [Full GC (Ergonomics) [PSYoungGen: 84928K->0K(465920K)] [ParOldGen: 1181582K->66770K(1398272K)] 1266510K->66770K(1864192K), [Metaspace: 59692K->59692K(1105920K)], 0.1773834 secs] [Times: user=0.83 sys=0.00, real=0.18 secs] 
5399.071: [GC (Allocation Failure) [PSYoungGen: 232960K->182304K(462848K)] 299730K->249074K(1861120K), 0.0823206 secs] [Times: user=0.49 sys=0.00, real=0.08 secs] 
5402.126: [GC (Allocation Failure) [PSYoungGen: 415264K->80192K(465920K)] 482034K->312706K(1864192K), 0.1155773 secs] [Times: user=0.69 sys=0.00, real=0.11 secs] 
5402.869: [GC (Allocation Failure) [PSYoungGen: 313152K->172320K(465920K)] 545666K->479523K(1864192K), 0.0862972 secs] [Times: user=0.52 sys=0.00, real=0.09 secs] 
5405.924: [GC (Allocation Failure) [PSYoungGen: 405280K->75392K(465920K)] 712483K->555023K(1864192K), 0.1501490 secs] [Times: user=0.89 sys=0.00, real=0.15 secs] 
5406.720: [GC (Allocation Failure) [PSYoungGen: 308352K->175392K(465920K)] 787983K->724300K(1864192K), 0.1163297 secs] [Times: user=0.69 sys=0.00, real=0.12 secs] 
5408.976: [GC (Allocation Failure) [PSYoungGen: 408352K->85440K(465920K)] 957260K->809972K(1864192K), 0.1043409 secs] [Times: user=0.62 sys=0.00, real=0.10 secs] 
5410.506: [GC (Allocation Failure) [PSYoungGen: 317887K->203616K(465920K)] 1042420K->1007705K(1864192K), 0.0572332 secs] [Times: user=0.34 sys=0.00, real=0.05 secs] 
5413.026: [GC (Allocation Failure) [PSYoungGen: 436576K->82240K(465920K)] 1240665K->1056153K(1864192K), 0.1087736 secs] [Times: user=0.64 sys=0.01, real=0.11 secs] 
5415.376: [GC (Allocation Failure) [PSYoungGen: 315200K->202208K(465920K)] 1289113K->1252758K(1864192K), 0.0607002 secs] [Times: user=0.36 sys=0.01, real=0.06 secs] 
5417.940: [GC (Allocation Failure) [PSYoungGen: 435168K->86848K(465920K)] 1485718K->1298757K(1864192K), 0.1168766 secs] [Times: user=0.70 sys=0.00, real=0.12 secs] 
5418.057: [Full GC (Ergonomics) [PSYoungGen: 86848K->0K(465920K)] [ParOldGen: 1211909K->101908K(1398272K)] 1298757K->101908K(1864192K), [Metaspace: 59692K->59692K(1105920K)], 0.2446962 secs] [Times: user=1.12 sys=0.00, real=0.24 secs] 
5419.472: [GC (Allocation Failure) [PSYoungGen: 232960K->157056K(465920K)] 334868K->258964K(1864192K), 0.0453037 secs] [Times: user=0.26 sys=0.00, real=0.05 secs] 
5421.232: [GC (Allocation Failure) [PSYoungGen: 389277K->93152K(465920K)] 491186K->351896K(1864192K), 0.0885728 secs] [Times: user=0.53 sys=0.00, real=0.09 secs] 
5424.163: [GC (Allocation Failure) [PSYoungGen: 326112K->151104K(465920K)] 584856K->496381K(1864192K), 0.0601156 secs] [Times: user=0.35 sys=0.01, real=0.06 secs] 
5425.662: [GC (Allocation Failure) [PSYoungGen: 376437K->93280K(465920K)] 721714K->589693K(1864192K), 0.0909691 secs] [Times: user=0.54 sys=0.00, real=0.09 secs] 
5427.093: [GC (Allocation Failure) [PSYoungGen: 326240K->150880K(465920K)] 822653K->733902K(1864192K), 0.0599124 secs] [Times: user=0.36 sys=0.00, real=0.06 secs] 
5427.856: [GC (Allocation Failure) [PSYoungGen: 383840K->104000K(465920K)] 966862K->838078K(1864192K), 0.0624504 secs] [Times: user=0.37 sys=0.00, real=0.06 secs] 
5430.917: [GC (Allocation Failure) [PSYoungGen: 336960K->144064K(463872K)] 1071038K->971573K(1862144K), 0.0608221 secs] [Times: user=0.36 sys=0.00, real=0.06 secs] 
5432.240: [GC (Allocation Failure) [PSYoungGen: 377024K->111168K(344576K)] 1204533K->1082933K(1742848K), 0.0877071 secs] [Times: user=0.51 sys=0.01, real=0.09 secs] 
5434.159: [GC (Allocation Failure) [PSYoungGen: 344128K->136736K(466944K)] 1315893K->1209148K(1865216K), 0.0612315 secs] [Times: user=0.37 sys=0.00, real=0.06 secs] 
5435.306: [GC (Allocation Failure) [PSYoungGen: 378912K->132672K(460800K)] 1451324K->1341868K(1859072K), 0.0650193 secs] [Times: user=0.39 sys=0.00, real=0.06 secs] 
5435.371: [Full GC (Ergonomics) [PSYoungGen: 132672K->0K(460800K)] [ParOldGen: 1209196K->147722K(1398272K)] 1341868K->147722K(1859072K), [Metaspace: 59692K->59692K(1105920K)], 0.3397773 secs] [Times: user=1.55 sys=0.01, real=0.34 secs] 
5439.277: [GC (Allocation Failure) [PSYoungGen: 242176K->116640K(472576K)] 389898K->264362K(1870848K), 0.0403694 secs] [Times: user=0.24 sys=0.00, real=0.04 secs] 
5441.184: [GC (Allocation Failure) [PSYoungGen: 378272K->168032K(466432K)] 525994K->431343K(1864704K), 0.0600491 secs] [Times: user=0.36 sys=0.00, real=0.06 secs] 
5442.710: [GC (Allocation Failure) [PSYoungGen: 429664K->30432K(468992K)] 692975K->293847K(1867264K), 0.0118267 secs] [Times: user=0.06 sys=0.00, real=0.01 secs] 
5443.543: [GC (Allocation Failure) [PSYoungGen: 286944K->184992K(441856K)] 550359K->475139K(1840128K), 0.0450629 secs] [Times: user=0.26 sys=0.01, real=0.05 secs] 
5447.035: [GC (Allocation Failure) [PSYoungGen: 441504K->95648K(468992K)] 731651K->570419K(1867264K), 0.1656235 secs] [Times: user=0.98 sys=0.01, real=0.16 secs] 
5450.013: [GC (Allocation Failure) [PSYoungGen: 331680K->170048K(465920K)] 806451K->734424K(1864192K), 0.1419850 secs] [Times: user=0.85 sys=0.00, real=0.15 secs] 
5452.032: [GC (Allocation Failure) [PSYoungGen: 406080K->88096K(466432K)] 970456K->822720K(1864704K), 0.1199227 secs] [Times: user=0.72 sys=0.01, real=0.12 secs] 
5454.116: [GC (Allocation Failure) [PSYoungGen: 319556K->198912K(465920K)] 1054180K->1011645K(1864192K), 0.0575110 secs] [Times: user=0.34 sys=0.00, real=0.05 secs] 
5456.622: [GC (Allocation Failure) [PSYoungGen: 432384K->80160K(465920K)] 1245117K->1058037K(1864192K), 0.1093415 secs] [Times: user=0.65 sys=0.00, real=0.11 secs] 
5458.278: [GC (Allocation Failure) [PSYoungGen: 313120K->185536K(465920K)] 1290997K->1236766K(1864192K), 0.0629222 secs] [Times: user=0.37 sys=0.00, real=0.06 secs] 
5459.247: [GC (Allocation Failure) [PSYoungGen: 414481K->92640K(465920K)] 1465712K->1308806K(1864192K), 0.0984866 secs] [Times: user=0.58 sys=0.00, real=0.10 secs] 
5459.346: [Full GC (Ergonomics) [PSYoungGen: 92640K->0K(465920K)] [ParOldGen: 1216166K->107764K(1398272K)] 1308806K->107764K(1864192K), [Metaspace: 59692K->59692K(1105920K)], 0.2425259 secs] [Times: user=1.09 sys=0.00, real=0.24 secs] 
5461.857: [GC (Allocation Failure) [PSYoungGen: 232960K->172890K(465920K)] 340724K->280654K(1864192K), 0.0441781 secs] [Times: user=0.27 sys=0.00, real=0.04 secs] 
5463.126: [GC (Allocation Failure) [PSYoungGen: 403132K->93056K(465920K)] 510896K->351980K(1864192K), 0.0856551 secs] [Times: user=0.51 sys=0.00, real=0.08 secs] 
5465.546: [GC (Allocation Failure) [PSYoungGen: 326016K->150560K(465920K)] 584940K->496016K(1864192K), 0.0597352 secs] [Times: user=0.35 sys=0.00, real=0.06 secs] 
5466.166: [GC (Allocation Failure) [PSYoungGen: 383520K->99392K(465920K)] 728976K->595656K(1864192K), 0.0836614 secs] [Times: user=0.50 sys=0.00, real=0.08 secs] 
5470.222: [GC (Allocation Failure) [PSYoungGen: 332352K->148576K(465920K)] 828616K->734032K(1864192K), 0.0598078 secs] [Times: user=0.36 sys=0.00, real=0.06 secs] 
5471.037: [GC (Allocation Failure) [PSYoungGen: 381536K->107360K(458752K)] 966992K->841608K(1857024K), 0.0871637 secs] [Times: user=0.52 sys=0.00, real=0.09 secs] 
5473.103: [GC (Allocation Failure) [PSYoungGen: 340320K->140896K(462336K)] 1074568K->972163K(1860608K), 0.0612631 secs] [Times: user=0.36 sys=0.00, real=0.07 secs] 
5474.211: [GC (Allocation Failure) [PSYoungGen: 373856K->117280K(457216K)] 1205123K->1089259K(1855488K), 0.0685536 secs] [Times: user=0.41 sys=0.00, real=0.07 secs] 
5477.202: [GC (Allocation Failure) [PSYoungGen: 363040K->130528K(462336K)] 1335019K->1209672K(1860608K), 0.0613819 secs] [Times: user=0.36 sys=0.00, real=0.06 secs] 
5479.659: [GC (Allocation Failure) [PSYoungGen: 376288K->141984K(479744K)] 1455432K->1351456K(1878016K), 0.0578746 secs] [Times: user=0.34 sys=0.00, real=0.06 secs] 
5479.717: [Full GC (Ergonomics) [PSYoungGen: 141984K->0K(479744K)] [ParOldGen: 1209472K->157001K(1398272K)] 1351456K->157001K(1878016K), [Metaspace: 59692K->59692K(1105920K)], 0.3661662 secs] [Times: user=1.70 sys=0.00, real=0.36 secs] 
5481.337: [GC (Allocation Failure) [PSYoungGen: 273408K->125248K(479232K)] 430409K->282249K(1877504K), 0.0392416 secs] [Times: user=0.23 sys=0.00, real=0.04 secs] 
5482.923: [GC (Allocation Failure) [PSYoungGen: 398656K->188864K(469504K)] 555657K->469054K(1867776K), 0.0691775 secs] [Times: user=0.41 sys=0.00, real=0.07 secs] 
5487.223: [GC (Allocation Failure) [PSYoungGen: 459712K->102304K(484864K)] 739902K->571062K(1883136K), 0.1519529 secs] [Times: user=0.90 sys=0.00, real=0.16 secs] 
5488.733: [GC (Allocation Failure) [PSYoungGen: 373152K->174880K(471040K)] 841910K->739115K(1869312K), 0.0666891 secs] [Times: user=0.40 sys=0.00, real=0.07 secs] 
5489.840: [GC (Allocation Failure) [PSYoungGen: 434464K->130112K(479232K)] 998699K->869491K(1877504K), 0.0690141 secs] [Times: user=0.41 sys=0.00, real=0.07 secs] 
5492.216: [GC (Allocation Failure) [PSYoungGen: 389696K->5408K(457728K)] 1129075K->744827K(1856000K), 0.0031169 secs] [Times: user=0.02 sys=0.00, real=0.00 secs] 
5493.477: [GC (Allocation Failure) [PSYoungGen: 250656K->166496K(412160K)] 990075K->909948K(1810432K), 0.0335184 secs] [Times: user=0.20 sys=0.00, real=0.03 secs] 
5495.424: [GC (Allocation Failure) [PSYoungGen: 410570K->102048K(472576K)] 1154023K->1003016K(1870848K), 0.0780264 secs] [Times: user=0.47 sys=0.00, real=0.07 secs] 
5496.559: [GC (Allocation Failure) [PSYoungGen: 342176K->170784K(411136K)] 1243144K->1171765K(1809408K), 0.0611344 secs] [Times: user=0.36 sys=0.00, real=0.06 secs] 
5499.951: [GC (Allocation Failure) [PSYoungGen: 410912K->83648K(467968K)] 1411893K->1255533K(1866240K), 0.1614282 secs] [Times: user=0.96 sys=0.00, real=0.16 secs] 
5500.113: [Full GC (Ergonomics) [PSYoungGen: 83648K->0K(467968K)] [ParOldGen: 1171885K->54441K(1398272K)] 1255533K->54441K(1866240K), [Metaspace: 59692K->59671K(1105920K)], 0.1597308 secs] [Times: user=0.68 sys=0.00, real=0.16 secs] 
5501.326: [GC (Allocation Failure) [PSYoungGen: 235008K->168288K(465920K)] 289449K->222729K(1864192K), 0.0387192 secs] [Times: user=0.23 sys=0.00, real=0.04 secs] 
5504.685: [GC (Allocation Failure) [PSYoungGen: 403296K->81696K(465920K)] 457737K->304321K(1864192K), 0.1689431 secs] [Times: user=1.01 sys=0.00, real=0.17 secs] 
5505.330: [GC (Allocation Failure) [PSYoungGen: 314656K->171968K(465920K)] 537281K->472510K(1864192K), 0.0555267 secs] [Times: user=0.34 sys=0.00, real=0.06 secs] 
5508.999: [GC (Allocation Failure) [PSYoungGen: 404928K->75584K(465920K)] 705470K->548270K(1864192K), 0.1536651 secs] [Times: user=0.91 sys=0.00, real=0.15 secs] 
5510.004: [GC (Allocation Failure) [PSYoungGen: 308544K->176256K(465920K)] 781230K->718495K(1864192K), 0.0781370 secs] [Times: user=0.46 sys=0.00, real=0.07 secs] 
5513.608: [GC (Allocation Failure) [PSYoungGen: 409216K->76416K(465920K)] 951455K->795131K(1864192K), 0.1420141 secs] [Times: user=0.84 sys=0.00, real=0.14 secs] 
5514.112: [GC (Allocation Failure) [PSYoungGen: 309376K->177568K(465920K)] 1028091K->966752K(1864192K), 0.0577448 secs] [Times: user=0.35 sys=0.00, real=0.06 secs] 
5518.289: [GC (Allocation Failure) [PSYoungGen: 410528K->73216K(465920K)] 1199712K->1040208K(1864192K), 0.1596794 secs] [Times: user=0.95 sys=0.00, real=0.16 secs] 
5518.767: [GC (Allocation Failure) [PSYoungGen: 306176K->209696K(465920K)] 1273168K->1243501K(1864192K), 0.0575100 secs] [Times: user=0.34 sys=0.00, real=0.06 secs] 
5521.476: [GC (Allocation Failure) [PSYoungGen: 442656K->78272K(465920K)] 1476461K->1288929K(1864192K), 0.1213480 secs] [Times: user=0.72 sys=0.00, real=0.12 secs] 
5521.598: [Full GC (Ergonomics) [PSYoungGen: 78272K->0K(465920K)] [ParOldGen: 1210657K->93470K(1398272K)] 1288929K->93470K(1864192K), [Metaspace: 59671K->59671K(1105920K)], 0.2245340 secs] [Times: user=1.03 sys=0.00, real=0.22 secs] 
5522.774: [GC (Allocation Failure) [PSYoungGen: 232960K->186976K(465920K)] 326430K->280446K(1864192K), 0.0441102 secs] [Times: user=0.26 sys=0.00, real=0.04 secs] 
5526.472: [GC (Allocation Failure) [PSYoungGen: 419936K->82464K(465920K)] 513406K->342206K(1864192K), 0.1190760 secs] [Times: user=0.70 sys=0.01, real=0.12 secs] 
5527.836: [GC (Allocation Failure) [PSYoungGen: 315424K->162240K(465920K)] 575166K->497509K(1864192K), 0.0602163 secs] [Times: user=0.34 sys=0.01, real=0.06 secs] 
5529.955: [GC (Allocation Failure) [PSYoungGen: 395200K->93408K(465920K)] 730469K->590613K(1864192K), 0.0915964 secs] [Times: user=0.54 sys=0.00, real=0.09 secs] 
5532.464: [GC (Allocation Failure) [PSYoungGen: 326368K->151744K(465920K)] 823573K->735162K(1864192K), 0.0604090 secs] [Times: user=0.36 sys=0.00, real=0.06 secs] 
5535.137: [GC (Allocation Failure) [PSYoungGen: 384704K->113664K(465920K)] 968122K->848634K(1864192K), 0.0880506 secs] [Times: user=0.52 sys=0.00, real=0.09 secs] 
5537.217: [GC (Allocation Failure) [PSYoungGen: 346624K->150656K(465920K)] 1081594K->972367K(1864192K), 0.0607839 secs] [Times: user=0.36 sys=0.00, real=0.06 secs] 
5538.327: [GC (Allocation Failure) [PSYoungGen: 383616K->106464K(465920K)] 1205327K->1079031K(1864192K), 0.0849127 secs] [Times: user=0.50 sys=0.00, real=0.08 secs] 
5541.156: [GC (Allocation Failure) [PSYoungGen: 339424K->140864K(374272K)] 1311991K->1209742K(1772544K), 0.0614736 secs] [Times: user=0.36 sys=0.00, real=0.06 secs] 
5542.114: [GC (Allocation Failure) [PSYoungGen: 373824K->116416K(469504K)] 1442702K->1326350K(1867776K), 0.0740126 secs] [Times: user=0.44 sys=0.00, real=0.08 secs] 
5542.188: [Full GC (Ergonomics) [PSYoungGen: 116416K->0K(469504K)] [ParOldGen: 1209934K->131456K(1398272K)] 1326350K->131456K(1867776K), [Metaspace: 59671K->59671K(1105920K)], 0.2980293 secs] [Times: user=1.36 sys=0.00, real=0.30 secs] 
5545.418: [GC (Allocation Failure) [PSYoungGen: 240640K->130944K(461824K)] 372096K->262400K(1860096K), 0.0466644 secs] [Times: user=0.28 sys=0.00, real=0.05 secs] 
5546.199: [GC (Allocation Failure) [PSYoungGen: 371584K->135680K(467456K)] 503040K->398344K(1865728K), 0.0680009 secs] [Times: user=0.40 sys=0.00, real=0.07 secs] 
5549.206: [GC (Allocation Failure) [PSYoungGen: 390144K->4416K(461824K)] 652808K->267096K(1860096K), 0.0026269 secs] [Times: user=0.02 sys=0.00, real=0.00 secs] 
5549.978: [GC (Allocation Failure) [PSYoungGen: 258880K->179072K(453632K)] 521560K->445206K(1851904K), 0.0353522 secs] [Times: user=0.21 sys=0.00, real=0.03 secs] 
5552.440: [GC (Allocation Failure) [PSYoungGen: 412032K->87424K(465920K)] 678166K->524478K(1864192K), 0.0707243 secs] [Times: user=0.43 sys=0.00, real=0.07 secs] 
5553.387: [GC (Allocation Failure) [PSYoungGen: 314730K->162080K(461312K)] 751785K->684647K(1859584K), 0.0631440 secs] [Times: user=0.38 sys=0.00, real=0.06 secs] 
5555.884: [GC (Allocation Failure) [PSYoungGen: 395040K->89888K(323072K)] 917607K->766059K(1721344K), 0.1044296 secs] [Times: user=0.62 sys=0.00, real=0.10 secs] 
5557.612: [GC (Allocation Failure) [PSYoungGen: 315989K->159296K(461312K)] 992161K->923152K(1859584K), 0.0922253 secs] [Times: user=0.54 sys=0.00, real=0.10 secs] 
5559.971: [GC (Allocation Failure) [PSYoungGen: 392768K->89792K(465408K)] 1156624K->1004840K(1863680K), 0.0723406 secs] [Times: user=0.43 sys=0.00, real=0.07 secs] 
5560.742: [GC (Allocation Failure) [PSYoungGen: 313755K->159488K(462336K)] 1228803K->1162293K(1860608K), 0.0600231 secs] [Times: user=0.36 sys=0.00, real=0.06 secs] 
5563.304: [GC (Allocation Failure) [PSYoungGen: 395008K->90752K(465920K)] 1397813K->1244749K(1864192K), 0.1163317 secs] [Times: user=0.68 sys=0.00, real=0.11 secs] 
5564.347: [GC (Allocation Failure) [PSYoungGen: 326272K->170304K(458752K)] 1480269K->1411818K(1857024K), 0.0504288 secs] [Times: user=0.30 sys=0.00, real=0.05 secs] 
5564.398: [Full GC (Ergonomics) [PSYoungGen: 170304K->0K(458752K)] [ParOldGen: 1241514K->206890K(1398272K)] 1411818K->206890K(1857024K), [Metaspace: 59675K->59675K(1105920K)], 0.5014619 secs] [Times: user=2.33 sys=0.00, real=0.50 secs] 
5567.183: [GC (Allocation Failure) [PSYoungGen: 232960K->81888K(465920K)] 439850K->288778K(1864192K), 0.1462079 secs] [Times: user=0.87 sys=0.00, real=0.15 secs] 
5568.507: [GC (Allocation Failure) [PSYoungGen: 314848K->163264K(463360K)] 521738K->448159K(1861632K), 0.0526577 secs] [Times: user=0.31 sys=0.00, real=0.05 secs] 
5570.777: [GC (Allocation Failure) [PSYoungGen: 396224K->86336K(465920K)] 681119K->533647K(1864192K), 0.1855189 secs] [Times: user=1.10 sys=0.00, real=0.18 secs] 
5571.648: [GC (Allocation Failure) [PSYoungGen: 319296K->164224K(463872K)] 766607K->694060K(1862144K), 0.0539490 secs] [Times: user=0.32 sys=0.01, real=0.05 secs] 
5574.969: [GC (Allocation Failure) [PSYoungGen: 393935K->83904K(465920K)] 923771K->777664K(1864192K), 0.1357395 secs] [Times: user=0.80 sys=0.00, real=0.14 secs] 
5575.499: [GC (Allocation Failure) [PSYoungGen: 316864K->184608K(464896K)] 1010624K->958765K(1863168K), 0.0562569 secs] [Times: user=0.33 sys=0.00, real=0.06 secs] 
5578.660: [GC (Allocation Failure) [PSYoungGen: 417568K->81120K(465920K)] 1191725K->1023097K(1864192K), 0.1744332 secs] [Times: user=1.04 sys=0.00, real=0.18 secs] 
5579.705: [GC (Allocation Failure) [PSYoungGen: 314080K->176448K(465920K)] 1256057K->1194034K(1864192K), 0.0731202 secs] [Times: user=0.43 sys=0.00, real=0.07 secs] 
5583.016: [GC (Allocation Failure) [PSYoungGen: 409408K->76800K(465920K)] 1426994K->1271022K(1864192K), 0.1600343 secs] [Times: user=0.95 sys=0.00, real=0.16 secs] 
5583.176: [Full GC (Ergonomics) [PSYoungGen: 76800K->0K(465920K)] [ParOldGen: 1194222K->78121K(1398272K)] 1271022K->78121K(1864192K), [Metaspace: 59675K->59675K(1105920K)], 0.2073825 secs] [Times: user=0.96 sys=0.00, real=0.20 secs] 
5584.112: [GC (Allocation Failure) [PSYoungGen: 232960K->169632K(465920K)] 311081K->247753K(1864192K), 0.0621572 secs] [Times: user=0.36 sys=0.00, real=0.07 secs] 
5587.269: [GC (Allocation Failure) [PSYoungGen: 402592K->79744K(465920K)] 480713K->327481K(1864192K), 0.1372286 secs] [Times: user=0.82 sys=0.00, real=0.14 secs] 
5588.551: [GC (Allocation Failure) [PSYoungGen: 312704K->167808K(465920K)] 560441K->489570K(1864192K), 0.1305236 secs] [Times: user=0.77 sys=0.01, real=0.13 secs] 
5590.439: [GC (Allocation Failure) [PSYoungGen: 400768K->84768K(465920K)] 722530K->574282K(1864192K), 0.1186473 secs] [Times: user=0.71 sys=0.00, real=0.12 secs] 
5592.163: [GC (Allocation Failure) [PSYoungGen: 317728K->184352K(465920K)] 807242K->752631K(1864192K), 0.0803335 secs] [Times: user=0.48 sys=0.00, real=0.08 secs] 
5594.440: [GC (Allocation Failure) [PSYoungGen: 417312K->85440K(465920K)] 985591K->820575K(1864192K), 0.1168762 secs] [Times: user=0.70 sys=0.00, real=0.12 secs] 
5597.706: [GC (Allocation Failure) [PSYoungGen: 318227K->195520K(465920K)] 1053362K->1010087K(1864192K), 0.0660731 secs] [Times: user=0.39 sys=0.01, real=0.06 secs] 
5599.479: [GC (Allocation Failure) [PSYoungGen: 428480K->88064K(465920K)] 1243047K->1061351K(1864192K), 0.1057991 secs] [Times: user=0.63 sys=0.00, real=0.11 secs] 
5601.985: [GC (Allocation Failure) [PSYoungGen: 321024K->155872K(465920K)] 1294311K->1210444K(1864192K), 0.0600576 secs] [Times: user=0.35 sys=0.00, real=0.06 secs] 
5603.124: [GC (Allocation Failure) [PSYoungGen: 387470K->93824K(465920K)] 1442043K->1304524K(1864192K), 0.0874357 secs] [Times: user=0.52 sys=0.00, real=0.08 secs] 
5603.212: [Full GC (Ergonomics) [PSYoungGen: 93824K->0K(465920K)] [ParOldGen: 1210700K->107891K(1398272K)] 1304524K->107891K(1864192K), [Metaspace: 59675K->59675K(1105920K)], 0.2471514 secs] [Times: user=1.11 sys=0.00, real=0.25 secs] 
5606.763: [GC (Allocation Failure) [PSYoungGen: 232960K->152096K(465920K)] 340851K->259987K(1864192K), 0.0428511 secs] [Times: user=0.25 sys=0.00, real=0.05 secs] 
5609.350: [GC (Allocation Failure) [PSYoungGen: 380595K->93120K(465920K)] 488486K->352459K(1864192K), 0.0994281 secs] [Times: user=0.59 sys=0.00, real=0.10 secs] 
5610.675: [GC (Allocation Failure) [PSYoungGen: 326080K->150816K(465920K)] 585419K->496714K(1864192K), 0.0600067 secs] [Times: user=0.35 sys=0.01, real=0.06 secs] 
5612.210: [GC (Allocation Failure) [PSYoungGen: 383776K->99680K(465920K)] 729674K->596490K(1864192K), 0.0948362 secs] [Times: user=0.56 sys=0.01, real=0.10 secs] 
5615.221: [GC (Allocation Failure) [PSYoungGen: 332640K->148736K(461824K)] 829450K->734571K(1860096K), 0.0603011 secs] [Times: user=0.36 sys=0.00, real=0.06 secs] 
5617.813: [GC (Allocation Failure) [PSYoungGen: 381696K->104000K(337408K)] 967531K->838395K(1735680K), 0.0939994 secs] [Times: user=0.56 sys=0.00, real=0.10 secs] 
5619.265: [GC (Allocation Failure) [PSYoungGen: 336960K->143360K(466432K)] 1071355K->971474K(1864704K), 0.0607154 secs] [Times: user=0.37 sys=0.00, real=0.06 secs] 
5620.854: [GC (Allocation Failure) [PSYoungGen: 385536K->123072K(463360K)] 1213650K->1094762K(1861632K), 0.0750432 secs] [Times: user=0.44 sys=0.01, real=0.08 secs] 
5622.882: [GC (Allocation Failure) [PSYoungGen: 365248K->125088K(469504K)] 1336938K->1209291K(1867776K), 0.0627338 secs] [Times: user=0.38 sys=0.00, real=0.07 secs] 
5624.338: [GC (Allocation Failure) [PSYoungGen: 386720K->162304K(465920K)] 1470923K->1371627K(1864192K), 0.0603973 secs] [Times: user=0.35 sys=0.00, real=0.06 secs] 
5624.398: [Full GC (Ergonomics) [PSYoungGen: 162304K->0K(465920K)] [ParOldGen: 1209323K->176250K(1398272K)] 1371627K->176250K(1864192K), [Metaspace: 59675K->59675K(1105920K)], 0.4182235 secs] [Times: user=1.94 sys=0.00, real=0.42 secs] 
5626.055: [GC (Allocation Failure) [PSYoungGen: 261632K->113344K(489472K)] 437882K->289594K(1887744K), 0.0348380 secs] [Times: user=0.20 sys=0.00, real=0.03 secs] 
5628.315: [GC (Allocation Failure) [PSYoungGen: 397504K->201696K(485888K)] 573754K->487931K(1884160K), 0.1240415 secs] [Times: user=0.74 sys=0.00, real=0.12 secs] 
5632.114: [GC (Allocation Failure) [PSYoungGen: 485856K->119872K(475648K)] 772091K->607699K(1873920K), 0.1141485 secs] [Times: user=0.68 sys=0.01, real=0.11 secs] 
5633.545: [GC (Allocation Failure) [PSYoungGen: 382528K->148608K(480768K)] 870355K->737648K(1879040K), 0.0636918 secs] [Times: user=0.39 sys=0.00, real=0.06 secs] 
5634.241: [GC (Allocation Failure) [PSYoungGen: 411264K->162016K(479744K)] 1000304K->899880K(1878016K), 0.0638032 secs] [Times: user=0.38 sys=0.00, real=0.07 secs] 
5636.165: [GC (Allocation Failure) [PSYoungGen: 426720K->30720K(295936K)] 1164584K->768628K(1694208K), 0.0071266 secs] [Times: user=0.04 sys=0.00, real=0.00 secs] 
5638.713: [GC (Allocation Failure) [PSYoungGen: 295424K->187456K(460288K)] 1033332K->947972K(1858560K), 0.0447621 secs] [Times: user=0.26 sys=0.01, real=0.05 secs] 
5641.110: [GC (Allocation Failure) [PSYoungGen: 420416K->82080K(465920K)] 1180932K->1029929K(1864192K), 0.1554033 secs] [Times: user=0.92 sys=0.00, real=0.16 secs] 
5641.872: [GC (Allocation Failure) [PSYoungGen: 315040K->170784K(465920K)] 1262889K->1194994K(1864192K), 0.0764147 secs] [Times: user=0.46 sys=0.00, real=0.08 secs] 
5645.870: [GC (Allocation Failure) [PSYoungGen: 403744K->76448K(465920K)] 1427954K->1271635K(1864192K), 0.1704185 secs] [Times: user=1.01 sys=0.00, real=0.17 secs] 
5646.041: [Full GC (Ergonomics) [PSYoungGen: 76448K->0K(465920K)] [ParOldGen: 1195186K->71427K(1398272K)] 1271635K->71427K(1864192K), [Metaspace: 59675K->59675K(1105920K)], 0.1881101 secs] [Times: user=0.87 sys=0.00, real=0.19 secs] 
5646.610: [GC (Allocation Failure) [PSYoungGen: 232960K->177728K(465920K)] 304387K->249155K(1864192K), 0.0384073 secs] [Times: user=0.22 sys=0.00, real=0.04 secs] 
5649.338: [GC (Allocation Failure) [PSYoungGen: 410688K->75360K(465920K)] 482115K->324811K(1864192K), 0.1385625 secs] [Times: user=0.82 sys=0.00, real=0.14 secs] 
5650.043: [GC (Allocation Failure) [PSYoungGen: 308320K->173056K(465920K)] 557771K->492008K(1864192K), 0.0731169 secs] [Times: user=0.44 sys=0.00, real=0.08 secs] 
5653.461: [GC (Allocation Failure) [PSYoungGen: 406016K->78880K(465920K)] 724968K->570748K(1864192K), 0.1262073 secs] [Times: user=0.75 sys=0.00, real=0.13 secs] 
5653.916: [GC (Allocation Failure) [PSYoungGen: 311840K->204480K(465920K)] 803708K->769405K(1864192K), 0.0565006 secs] [Times: user=0.34 sys=0.00, real=0.05 secs] 
5656.513: [GC (Allocation Failure) [PSYoungGen: 437440K->83296K(465920K)] 1002365K->818765K(1864192K), 0.1090144 secs] [Times: user=0.65 sys=0.00, real=0.11 secs] 
5658.441: [GC (Allocation Failure) [PSYoungGen: 313333K->197312K(465920K)] 1048803K->1010206K(1864192K), 0.0662766 secs] [Times: user=0.40 sys=0.00, real=0.07 secs] 
5660.173: [GC (Allocation Failure) [PSYoungGen: 430272K->91072K(465920K)] 1243166K->1064574K(1864192K), 0.0988712 secs] [Times: user=0.59 sys=0.00, real=0.10 secs] 
5661.811: [GC (Allocation Failure) [PSYoungGen: 324032K->153024K(465920K)] 1297534K->1211394K(1864192K), 0.0604262 secs] [Times: user=0.36 sys=0.00, real=0.06 secs] 
5663.674: [GC (Allocation Failure) [PSYoungGen: 381010K->93280K(465920K)] 1439381K->1304130K(1864192K), 0.0999340 secs] [Times: user=0.59 sys=0.00, real=0.10 secs] 
5663.774: [Full GC (Ergonomics) [PSYoungGen: 93280K->0K(465920K)] [ParOldGen: 1210850K->107387K(1398272K)] 1304130K->107387K(1864192K), [Metaspace: 59675K->59675K(1105920K)], 0.2566395 secs] [Times: user=1.17 sys=0.01, real=0.25 secs] 
5666.653: [GC (Allocation Failure) [PSYoungGen: 232960K->151360K(465920K)] 340347K->258747K(1864192K), 0.0426162 secs] [Times: user=0.25 sys=0.00, real=0.05 secs] 
5669.111: [GC (Allocation Failure) [PSYoungGen: 381091K->92896K(465920K)] 488478K->351795K(1864192K), 0.0990804 secs] [Times: user=0.59 sys=0.00, real=0.10 secs] 
5670.445: [GC (Allocation Failure) [PSYoungGen: 325856K->150688K(465920K)] 584755K->496143K(1864192K), 0.0592156 secs] [Times: user=0.36 sys=0.00, real=0.06 secs] 
5672.684: [GC (Allocation Failure) [PSYoungGen: 376637K->93088K(465920K)] 722093K->589447K(1864192K), 0.0938837 secs] [Times: user=0.55 sys=0.00, real=0.09 secs] 
5674.122: [GC (Allocation Failure) [PSYoungGen: 326048K->151392K(465920K)] 822407K->734287K(1864192K), 0.0602952 secs] [Times: user=0.35 sys=0.00, real=0.06 secs] 
5675.608: [GC (Allocation Failure) [PSYoungGen: 384352K->102144K(335360K)] 967247K->836135K(1733632K), 0.0842902 secs] [Times: user=0.50 sys=0.00, real=0.08 secs] 
5677.576: [GC (Allocation Failure) [PSYoungGen: 335104K->146624K(464896K)] 1069095K->972515K(1863168K), 0.0609603 secs] [Times: user=0.37 sys=0.00, real=0.06 secs] 
5679.814: [GC (Allocation Failure) [PSYoungGen: 382144K->111840K(462336K)] 1208035K->1083371K(1860608K), 0.0823060 secs] [Times: user=0.49 sys=0.00, real=0.08 secs] 
5681.986: [GC (Allocation Failure) [PSYoungGen: 347360K->135872K(466432K)] 1318891K->1209172K(1864704K), 0.0614976 secs] [Times: user=0.37 sys=0.00, real=0.06 secs] 
5683.589: [GC (Allocation Failure) [PSYoungGen: 384192K->130272K(462336K)] 1457492K->1339132K(1860608K), 0.0691772 secs] [Times: user=0.40 sys=0.00, real=0.07 secs] 
5683.658: [Full GC (Ergonomics) [PSYoungGen: 130272K->0K(462336K)] [ParOldGen: 1208860K->144784K(1398272K)] 1339132K->144784K(1860608K), [Metaspace: 59675K->59675K(1105920K)], 0.3314029 secs] [Times: user=1.52 sys=0.00, real=0.33 secs] 
5685.239: [GC (Allocation Failure) [PSYoungGen: 248320K->120736K(478208K)] 393104K->265520K(1876480K), 0.0418408 secs] [Times: user=0.25 sys=0.00, real=0.04 secs] 
5687.676: [GC (Allocation Failure) [PSYoungGen: 394144K->180672K(473088K)] 538928K->445337K(1871360K), 0.0634942 secs] [Times: user=0.38 sys=0.00, real=0.06 secs] 
5691.035: [GC (Allocation Failure) [PSYoungGen: 454080K->112608K(491008K)] 718745K->549673K(1889280K), 0.1760360 secs] [Times: user=1.05 sys=0.00, real=0.17 secs] 
5692.655: [GC (Allocation Failure) [PSYoungGen: 391136K->207840K(486400K)] 828201K->780766K(1884672K), 0.0648674 secs] [Times: user=0.39 sys=0.00, real=0.06 secs] 
5694.046: [GC (Allocation Failure) [PSYoungGen: 486368K->121120K(445440K)] 1059294K->861070K(1843712K), 0.0781624 secs] [Times: user=0.46 sys=0.00, real=0.08 secs] 
5697.010: [GC (Allocation Failure) [PSYoungGen: 354080K->127168K(465920K)] 1094030K->977811K(1864192K), 0.0629582 secs] [Times: user=0.37 sys=0.00, real=0.06 secs] 
5698.559: [GC (Allocation Failure) [PSYoungGen: 360128K->125248K(465920K)] 1210771K->1103035K(1864192K), 0.0714595 secs] [Times: user=0.35 sys=0.00, real=0.07 secs] 
5700.766: [GC (Allocation Failure) [PSYoungGen: 358208K->122688K(465920K)] 1335995K->1215276K(1864192K), 0.0630037 secs] [Times: user=0.38 sys=0.00, real=0.06 secs] 
5701.497: [GC (Allocation Failure) [PSYoungGen: 355648K->140064K(465920K)] 1448236K->1355504K(1864192K), 0.0573265 secs] [Times: user=0.34 sys=0.01, real=0.06 secs] 
5701.554: [Full GC (Ergonomics) [PSYoungGen: 140064K->0K(465920K)] [ParOldGen: 1215440K->154057K(1398272K)] 1355504K->154057K(1864192K), [Metaspace: 59675K->59675K(1105920K)], 0.3622000 secs] [Times: user=1.66 sys=0.00, real=0.36 secs] 
5704.534: [GC (Allocation Failure) [PSYoungGen: 232960K->109856K(465920K)] 387017K->263913K(1864192K), 0.0389695 secs] [Times: user=0.23 sys=0.00, real=0.03 secs] 
5705.927: [GC (Allocation Failure) [PSYoungGen: 342816K->144960K(452608K)] 496873K->408239K(1850880K), 0.0558591 secs] [Times: user=0.32 sys=0.01, real=0.05 secs] 
5707.927: [GC (Allocation Failure) [PSYoungGen: 377920K->3488K(459264K)] 641199K->266899K(1857536K), 0.0022891 secs] [Times: user=0.01 sys=0.00, real=0.00 secs] 
5708.604: [GC (Allocation Failure) [PSYoungGen: 236448K->156288K(465920K)] 499859K->422136K(1864192K), 0.0307256 secs] [Times: user=0.18 sys=0.00, real=0.03 secs] 
5710.850: [GC (Allocation Failure) [PSYoungGen: 389248K->97312K(465920K)] 655096K->510512K(1864192K), 0.0661166 secs] [Times: user=0.39 sys=0.00, real=0.07 secs] 
5712.006: [GC (Allocation Failure) [PSYoungGen: 330272K->162080K(465920K)] 743472K->671301K(1864192K), 0.0521957 secs] [Times: user=0.31 sys=0.00, real=0.05 secs] 
5714.488: [GC (Allocation Failure) [PSYoungGen: 395040K->92800K(465920K)] 904261K->755929K(1864192K), 0.0675160 secs] [Times: user=0.40 sys=0.00, real=0.07 secs] 
5715.721: [GC (Allocation Failure) [PSYoungGen: 325760K->174592K(465920K)] 988889K->927958K(1864192K), 0.0511337 secs] [Times: user=0.30 sys=0.00, real=0.05 secs] 
5717.841: [GC (Allocation Failure) [PSYoungGen: 407552K->91456K(465920K)] 1160918K->1002798K(1864192K), 0.0745029 secs] [Times: user=0.45 sys=0.00, real=0.08 secs] 
5719.333: [GC (Allocation Failure) [PSYoungGen: 319427K->162592K(465920K)] 1230769K->1162970K(1864192K), 0.0495794 secs] [Times: user=0.28 sys=0.00, real=0.05 secs] 
5721.033: [GC (Allocation Failure) [PSYoungGen: 395552K->90592K(465920K)] 1395930K->1244531K(1864192K), 0.0681845 secs] [Times: user=0.41 sys=0.00, real=0.07 secs] 
5722.977: [GC (Allocation Failure) [PSYoungGen: 317747K->160032K(465920K)] 1471686K->1401199K(1864192K), 0.0486321 secs] [Times: user=0.29 sys=0.00, real=0.05 secs] 
5723.026: [Full GC (Ergonomics) [PSYoungGen: 160032K->0K(465920K)] [ParOldGen: 1241167K->196233K(1398272K)] 1401199K->196233K(1864192K), [Metaspace: 59675K->59675K(1105920K)], 0.4766983 secs] [Times: user=2.23 sys=0.00, real=0.47 secs] 
5724.855: [GC (Allocation Failure) [PSYoungGen: 232960K->91936K(325120K)] 429193K->288169K(1723392K), 0.0491882 secs] [Times: user=0.29 sys=0.00, real=0.05 secs] 
5726.805: [GC (Allocation Failure) [PSYoungGen: 314627K->159456K(463872K)] 510860K->443506K(1862144K), 0.0472104 secs] [Times: user=0.28 sys=0.00, real=0.04 secs] 
5728.338: [GC (Allocation Failure) [PSYoungGen: 391392K->91072K(323072K)] 675442K->525622K(1721344K), 0.0849902 secs] [Times: user=0.51 sys=0.01, real=0.08 secs] 
5729.188: [GC (Allocation Failure) [PSYoungGen: 308858K->160096K(461824K)] 743408K->681934K(1860096K), 0.0477621 secs] [Times: user=0.29 sys=0.00, real=0.05 secs] 
5730.500: [GC (Allocation Failure) [PSYoungGen: 392032K->90656K(463872K)] 913870K->763747K(1862144K), 0.0672816 secs] [Times: user=0.40 sys=0.00, real=0.07 secs] 
5732.441: [GC (Allocation Failure) [PSYoungGen: 307622K->159648K(462848K)] 980713K->919763K(1861120K), 0.0487949 secs] [Times: user=0.29 sys=0.00, real=0.05 secs] 
5734.021: [GC (Allocation Failure) [PSYoungGen: 394144K->90336K(465408K)] 1154259K->1001659K(1863680K), 0.0670285 secs] [Times: user=0.40 sys=0.00, real=0.07 secs] 
5736.476: [GC (Allocation Failure) [PSYoungGen: 312339K->159456K(464384K)] 1223663K->1158064K(1862656K), 0.0484934 secs] [Times: user=0.29 sys=0.00, real=0.05 secs] 
5737.905: [GC (Allocation Failure) [PSYoungGen: 396512K->92064K(466944K)] 1395120K->1241864K(1865216K), 0.0666345 secs] [Times: user=0.40 sys=0.00, real=0.06 secs] 
5739.975: [GC (Allocation Failure) [PSYoungGen: 313035K->157952K(465408K)] 1462835K->1396337K(1863680K), 0.0487001 secs] [Times: user=0.29 sys=0.00, real=0.05 secs] 
5740.024: [Full GC (Ergonomics) [PSYoungGen: 157952K->0K(465408K)] [ParOldGen: 1238385K->196067K(1398272K)] 1396337K->196067K(1863680K), [Metaspace: 59675K->59675K(1105920K)], 0.4700486 secs] [Times: user=2.20 sys=0.00, real=0.47 secs] 
5741.820: [GC (Allocation Failure) [PSYoungGen: 239616K->93216K(467456K)] 435683K->289284K(1865728K), 0.0437808 secs] [Times: user=0.26 sys=0.00, real=0.05 secs] 
5744.108: [GC (Allocation Failure) [PSYoungGen: 332832K->168128K(461824K)] 528900K->453545K(1860096K), 0.0492846 secs] [Times: user=0.29 sys=0.00, real=0.05 secs] 
5746.316: [GC (Allocation Failure) [PSYoungGen: 406208K->86944K(468480K)] 691625K->539817K(1866752K), 0.1663133 secs] [Times: user=0.99 sys=0.01, real=0.16 secs] 
5747.538: [GC (Allocation Failure) [PSYoungGen: 325024K->172064K(460288K)] 777897K->707913K(1858560K), 0.0548522 secs] [Times: user=0.33 sys=0.00, real=0.05 secs] 
5750.328: [GC (Allocation Failure) [PSYoungGen: 405024K->88448K(465920K)] 940873K->795773K(1864192K), 0.1533200 secs] [Times: user=0.92 sys=0.00, real=0.15 secs] 
5750.894: [GC (Allocation Failure) [PSYoungGen: 321408K->176512K(463872K)] 1028733K->961758K(1862144K), 0.0571467 secs] [Times: user=0.34 sys=0.00, real=0.05 secs] 
5753.340: [GC (Allocation Failure) [PSYoungGen: 409472K->81440K(465920K)] 1194718K->1043134K(1864192K), 0.1389525 secs] [Times: user=0.82 sys=0.00, real=0.14 secs] 
5754.517: [GC (Allocation Failure) [PSYoungGen: 314400K->172544K(465920K)] 1276094K->1209971K(1864192K), 0.1394787 secs] [Times: user=0.83 sys=0.00, real=0.14 secs] 
5757.937: [GC (Allocation Failure) [PSYoungGen: 405504K->76736K(465920K)] 1442931K->1286963K(1864192K), 0.1371027 secs] [Times: user=0.81 sys=0.00, real=0.14 secs] 
5758.074: [Full GC (Ergonomics) [PSYoungGen: 76736K->0K(465920K)] [ParOldGen: 1210227K->85577K(1398272K)] 1286963K->85577K(1864192K), [Metaspace: 59675K->59675K(1105920K)], 0.2151901 secs] [Times: user=0.99 sys=0.01, real=0.21 secs] 
5758.885: [GC (Allocation Failure) [PSYoungGen: 231569K->207904K(465920K)] 317146K->293481K(1864192K), 0.0398768 secs] [Times: user=0.24 sys=0.00, real=0.04 secs] 
5761.861: [GC (Allocation Failure) [PSYoungGen: 440864K->80000K(465920K)] 526441K->339001K(1864192K), 0.1256063 secs] [Times: user=0.75 sys=0.00, real=0.13 secs] 
5763.141: [GC (Allocation Failure) [PSYoungGen: 310627K->198880K(465920K)] 569628K->532036K(1864192K), 0.0599059 secs] [Times: user=0.35 sys=0.00, real=0.06 secs] 
5765.943: [GC (Allocation Failure) [PSYoungGen: 431840K->83136K(465920K)] 764996K->580240K(1864192K), 0.1133825 secs] [Times: user=0.67 sys=0.00, real=0.12 secs] 
5767.198: [GC (Allocation Failure) [PSYoungGen: 313610K->197856K(465920K)] 810714K->771781K(1864192K), 0.0666865 secs] [Times: user=0.40 sys=0.00, real=0.07 secs] 
5768.467: [GC (Allocation Failure) [PSYoungGen: 430816K->92864K(465920K)] 1004741K->827609K(1864192K), 0.1004430 secs] [Times: user=0.60 sys=0.00, real=0.10 secs] 
5770.825: [GC (Allocation Failure) [PSYoungGen: 325824K->151264K(465920K)] 1060569K->972126K(1864192K), 0.0604710 secs] [Times: user=0.36 sys=0.00, real=0.06 secs] 
5771.862: [GC (Allocation Failure) [PSYoungGen: 384224K->100096K(465920K)] 1205086K->1072202K(1864192K), 0.0868035 secs] [Times: user=0.52 sys=0.00, real=0.09 secs] 
5774.266: [GC (Allocation Failure) [PSYoungGen: 333056K->148160K(465920K)] 1305162K->1210022K(1864192K), 0.0606914 secs] [Times: user=0.36 sys=0.01, real=0.06 secs] 
5775.711: [GC (Allocation Failure) [PSYoungGen: 381120K->109056K(465920K)] 1442982K->1318702K(1864192K), 0.0758999 secs] [Times: user=0.45 sys=0.00, real=0.08 secs] 
5775.787: [Full GC (Ergonomics) [PSYoungGen: 109056K->0K(465920K)] [ParOldGen: 1209646K->123660K(1398272K)] 1318702K->123660K(1864192K), [Metaspace: 59675K->59675K(1105920K)], 0.2789036 secs] [Times: user=1.26 sys=0.00, real=0.28 secs] 
5777.866: [GC (Allocation Failure) [PSYoungGen: 232960K->139072K(465920K)] 356620K->262732K(1864192K), 0.0509871 secs] [Times: user=0.31 sys=0.00, real=0.05 secs] 
5780.101: [GC (Allocation Failure) [PSYoungGen: 372032K->116192K(349184K)] 495692K->379028K(1747456K), 0.0766132 secs] [Times: user=0.46 sys=0.00, real=0.08 secs] 
5782.100: [GC (Allocation Failure) [PSYoungGen: 349152K->132032K(468480K)] 611988K->500217K(1866752K), 0.0610338 secs] [Times: user=0.37 sys=0.00, real=0.06 secs] 
5784.433: [GC (Allocation Failure) [PSYoungGen: 373696K->123808K(459776K)] 741881K->624065K(1858048K), 0.0652943 secs] [Times: user=0.38 sys=0.01, real=0.07 secs] 
5785.799: [GC (Allocation Failure) [PSYoungGen: 365472K->1888K(451072K)] 865729K->502201K(1849344K), 0.0021401 secs] [Times: user=0.01 sys=0.00, real=0.00 secs] 
5786.491: [GC (Allocation Failure) [PSYoungGen: 242528K->154912K(464384K)] 742841K->656611K(1862656K), 0.0305590 secs] [Times: user=0.18 sys=0.00, real=0.03 secs] 
5788.329: [GC (Allocation Failure) [PSYoungGen: 395552K->8352K(460288K)] 897251K->510147K(1858560K), 0.0032232 secs] [Times: user=0.01 sys=0.00, real=0.00 secs] 
5789.792: [GC (Allocation Failure) [PSYoungGen: 241312K->164960K(465920K)] 743107K->673739K(1864192K), 0.0337372 secs] [Times: user=0.20 sys=0.00, real=0.04 secs] 
5792.317: [GC (Allocation Failure) [PSYoungGen: 397920K->90080K(465920K)] 906699K->755695K(1864192K), 0.0715871 secs] [Times: user=0.43 sys=0.01, real=0.07 secs] 
5794.280: [GC (Allocation Failure) [PSYoungGen: 323040K->165696K(465920K)] 988655K->918832K(1864192K), 0.0499395 secs] [Times: user=0.29 sys=0.01, real=0.05 secs] 
5795.547: [GC (Allocation Failure) [PSYoungGen: 398656K->92416K(465920K)] 1151792K->1002380K(1864192K), 0.0684502 secs] [Times: user=0.41 sys=0.00, real=0.07 secs] 
5797.329: [GC (Allocation Failure) [PSYoungGen: 316081K->162432K(465920K)] 1226046K->1162337K(1864192K), 0.0498809 secs] [Times: user=0.29 sys=0.00, real=0.05 secs] 
5799.252: [GC (Allocation Failure) [PSYoungGen: 393820K->89568K(465920K)] 1393726K->1243641K(1864192K), 0.0669757 secs] [Times: user=0.40 sys=0.00, real=0.07 secs] 
5802.820: [GC (Allocation Failure) [PSYoungGen: 322528K->159008K(465920K)] 1476601K->1400238K(1864192K), 0.0485798 secs] [Times: user=0.29 sys=0.00, real=0.05 secs] 
5802.869: [Full GC (Ergonomics) [PSYoungGen: 159008K->0K(465920K)] [ParOldGen: 1241230K->195247K(1398272K)] 1400238K->195247K(1864192K), [Metaspace: 59675K->59675K(1105920K)], 0.4680301 secs] [Times: user=2.18 sys=0.00, real=0.47 secs] 
5804.669: [GC (Allocation Failure) [PSYoungGen: 232960K->90656K(461824K)] 428207K->285903K(1860096K), 0.0384966 secs] [Times: user=0.22 sys=0.01, real=0.04 secs] 
5805.783: [GC (Allocation Failure) [PSYoungGen: 315663K->160096K(463872K)] 510911K->443356K(1862144K), 0.0479287 secs] [Times: user=0.28 sys=0.00, real=0.05 secs] 
5808.155: [GC (Allocation Failure) [PSYoungGen: 393056K->89984K(462848K)] 676316K->524640K(1861120K), 0.0839641 secs] [Times: user=0.50 sys=0.00, real=0.08 secs] 
5809.060: [GC (Allocation Failure) [PSYoungGen: 312105K->159616K(464384K)] 746762K->682013K(1862656K), 0.0484368 secs] [Times: user=0.28 sys=0.00, real=0.05 secs] 
5812.065: [GC (Allocation Failure) [PSYoungGen: 394624K->90784K(462848K)] 917021K->764373K(1861120K), 0.0665074 secs] [Times: user=0.40 sys=0.00, real=0.06 secs] 
5812.880: [GC (Allocation Failure) [PSYoungGen: 327328K->216896K(464384K)] 1000917K->978307K(1862656K), 0.0819975 secs] [Times: user=0.48 sys=0.01, real=0.08 secs] 
5815.446: [GC (Allocation Failure) [PSYoungGen: 453440K->87552K(465920K)] 1214851K->1016675K(1864192K), 0.1742471 secs] [Times: user=1.03 sys=0.00, real=0.17 secs] 
5816.277: [GC (Allocation Failure) [PSYoungGen: 320512K->166656K(465920K)] 1249635K->1180076K(1864192K), 0.0672128 secs] [Times: user=0.40 sys=0.00, real=0.07 secs] 
5819.860: [GC (Allocation Failure) [PSYoungGen: 399616K->78656K(465920K)] 1413036K->1258556K(1864192K), 0.0675081 secs] [Times: user=0.40 sys=0.00, real=0.07 secs] 
5819.928: [Full GC (Ergonomics) [PSYoungGen: 78656K->0K(465920K)] [ParOldGen: 1179900K->57705K(1398272K)] 1258556K->57705K(1864192K), [Metaspace: 59675K->59675K(1105920K)], 0.1223097 secs] [Times: user=0.52 sys=0.00, real=0.12 secs] 
5821.895: [GC (Allocation Failure) [PSYoungGen: 232960K->160672K(465920K)] 290665K->218377K(1864192K), 0.0909682 secs] [Times: user=0.53 sys=0.00, real=0.09 secs] 
5823.603: [GC (Allocation Failure) [PSYoungGen: 393632K->84992K(465920K)] 451337K->302909K(1864192K), 0.1005420 secs] [Times: user=0.60 sys=0.00, real=0.10 secs] 
5824.400: [GC (Allocation Failure) [PSYoungGen: 317952K->169344K(465920K)] 535869K->468379K(1864192K), 0.0912147 secs] [Times: user=0.54 sys=0.00, real=0.09 secs] 
5826.526: [GC (Allocation Failure) [PSYoungGen: 402304K->82368K(465920K)] 701339K->550939K(1864192K), 0.0904248 secs] [Times: user=0.54 sys=0.00, real=0.09 secs] 
5827.500: [GC (Allocation Failure) [PSYoungGen: 315328K->172960K(465920K)] 783899K->718232K(1864192K), 0.0791647 secs] [Times: user=0.48 sys=0.00, real=0.08 secs] 
5830.732: [GC (Allocation Failure) [PSYoungGen: 405920K->75584K(465920K)] 951192K->793840K(1864192K), 0.1555378 secs] [Times: user=0.92 sys=0.01, real=0.16 secs] 
5831.248: [GC (Allocation Failure) [PSYoungGen: 308544K->173952K(465920K)] 1026800K->961664K(1864192K), 0.0551879 secs] [Times: user=0.33 sys=0.00, real=0.05 secs] 
5833.420: [GC (Allocation Failure) [PSYoungGen: 406912K->81344K(465920K)] 1194624K->1042776K(1864192K), 0.1430396 secs] [Times: user=0.84 sys=0.00, real=0.14 secs] 
5834.769: [GC (Allocation Failure) [PSYoungGen: 314304K->173568K(465920K)] 1275736K->1210201K(1864192K), 0.1459194 secs] [Times: user=0.87 sys=0.00, real=0.15 secs] 
5838.472: [GC (Allocation Failure) [PSYoungGen: 406528K->74624K(465920K)] 1443161K->1284729K(1864192K), 0.1472468 secs] [Times: user=0.87 sys=0.00, real=0.15 secs] 
5838.619: [Full GC (Ergonomics) [PSYoungGen: 74624K->0K(465920K)] [ParOldGen: 1210105K->89168K(1398272K)] 1284729K->89168K(1864192K), [Metaspace: 59675K->59675K(1105920K)], 0.2258175 secs] [Times: user=1.05 sys=0.00, real=0.23 secs] 
5839.447: [GC (Allocation Failure) [PSYoungGen: 232737K->204800K(465920K)] 321905K->293968K(1864192K), 0.0389140 secs] [Times: user=0.23 sys=0.00, real=0.04 secs] 
5843.191: [GC (Allocation Failure) [PSYoungGen: 437760K->79040K(465920K)] 526928K->338324K(1864192K), 0.1289166 secs] [Times: user=0.77 sys=0.00, real=0.13 secs] 
5844.476: [GC (Allocation Failure) [PSYoungGen: 308800K->201920K(465920K)] 568085K->533965K(1864192K), 0.0656885 secs] [Times: user=0.40 sys=0.00, real=0.06 secs] 
5845.983: [GC (Allocation Failure) [PSYoungGen: 434880K->87968K(465920K)] 766925K->585173K(1864192K), 0.1084555 secs] [Times: user=0.64 sys=0.00, real=0.11 secs] 
5847.437: [GC (Allocation Failure) [PSYoungGen: 320928K->156640K(465920K)] 818133K->734649K(1864192K), 0.0599396 secs] [Times: user=0.36 sys=0.00, real=0.06 secs] 
5848.103: [GC (Allocation Failure) [PSYoungGen: 389600K->101440K(465920K)] 967609K->836334K(1864192K), 0.0611372 secs] [Times: user=0.36 sys=0.00, real=0.07 secs] 
5850.241: [GC (Allocation Failure) [PSYoungGen: 334400K->146432K(465920K)] 1069294K->972357K(1864192K), 0.0605385 secs] [Times: user=0.36 sys=0.00, real=0.06 secs] 
5852.334: [GC (Allocation Failure) [PSYoungGen: 379392K->106784K(465920K)] 1205317K->1079173K(1864192K), 0.0887383 secs] [Times: user=0.53 sys=0.00, real=0.08 secs] 
5855.144: [GC (Allocation Failure) [PSYoungGen: 339744K->141376K(465920K)] 1312133K->1209812K(1864192K), 0.0611794 secs] [Times: user=0.36 sys=0.00, real=0.07 secs] 
5856.314: [GC (Allocation Failure) [PSYoungGen: 374336K->115264K(458752K)] 1442772K->1325292K(1857024K), 0.0817265 secs] [Times: user=0.48 sys=0.00, real=0.09 secs] 
5856.395: [Full GC (Ergonomics) [PSYoungGen: 115264K->0K(458752K)] [ParOldGen: 1210028K->129822K(1398272K)] 1325292K->129822K(1857024K), [Metaspace: 59675K->59675K(1105920K)], 0.2957409 secs] [Times: user=1.35 sys=0.00, real=0.29 secs] 
5857.909: [GC (Allocation Failure) [PSYoungGen: 232960K->133056K(462336K)] 362782K->262878K(1860608K), 0.0476429 secs] [Times: user=0.28 sys=0.00, real=0.05 secs] 
5859.858: [GC (Allocation Failure) [PSYoungGen: 366016K->125056K(456704K)] 495838K->387758K(1854976K), 0.0799687 secs] [Times: user=0.47 sys=0.00, real=0.08 secs] 
5861.294: [GC (Allocation Failure) [PSYoungGen: 373376K->2688K(460800K)] 636078K->265414K(1859072K), 0.0019422 secs] [Times: user=0.00 sys=0.00, real=0.00 secs] 
5862.951: [GC (Allocation Failure) [PSYoungGen: 251008K->158208K(463872K)] 513734K->422659K(1862144K), 0.0310062 secs] [Times: user=0.18 sys=0.00, real=0.03 secs] 
5864.911: [GC (Allocation Failure) [PSYoungGen: 396288K->100128K(338432K)] 660739K->514147K(1736704K), 0.0678124 secs] [Times: user=0.40 sys=0.00, real=0.07 secs] 
5867.621: [GC (Allocation Failure) [PSYoungGen: 338208K->163456K(459264K)] 752227K->675716K(1857536K), 0.0529087 secs] [Times: user=0.32 sys=0.00, real=0.06 secs] 
5869.238: [GC (Allocation Failure) [PSYoungGen: 400000K->96800K(465408K)] 912260K->763380K(1863680K), 0.0687226 secs] [Times: user=0.40 sys=0.00, real=0.07 secs] 
5871.132: [GC (Allocation Failure) [PSYoungGen: 326913K->162816K(464384K)] 993493K->923613K(1862656K), 0.0516000 secs] [Times: user=0.31 sys=0.00, real=0.05 secs] 
5873.010: [GC (Allocation Failure) [PSYoungGen: 404480K->94336K(470016K)] 1165277K->1008925K(1868288K), 0.0678136 secs] [Times: user=0.40 sys=0.00, real=0.07 secs] 
5874.298: [GC (Allocation Failure) [PSYoungGen: 336000K->171744K(459264K)] 1250589K->1177266K(1857536K), 0.0511988 secs] [Times: user=0.31 sys=0.00, real=0.05 secs] 
5877.335: [GC (Allocation Failure) [PSYoungGen: 407776K->84224K(467456K)] 1413298K->1261138K(1865728K), 0.1719543 secs] [Times: user=1.02 sys=0.00, real=0.17 secs] 
5877.507: [Full GC (Ergonomics) [PSYoungGen: 84224K->0K(467456K)] [ParOldGen: 1176914K->58733K(1398272K)] 1261138K->58733K(1865728K), [Metaspace: 59675K->59675K(1105920K)], 0.1562126 secs] [Times: user=0.72 sys=0.00, real=0.15 secs] 
5878.479: [GC (Allocation Failure) [PSYoungGen: 236032K->167360K(461312K)] 294765K->226093K(1859584K), 0.0352878 secs] [Times: user=0.21 sys=0.00, real=0.04 secs] 
5881.483: [GC (Allocation Failure) [PSYoungGen: 400320K->83680K(465920K)] 459053K->308733K(1864192K), 0.1722564 secs] [Times: user=1.03 sys=0.00, real=0.18 secs] 
5882.916: [GC (Allocation Failure) [PSYoungGen: 316640K->169120K(463872K)] 541693K->472170K(1862144K), 0.0547786 secs] [Times: user=0.33 sys=0.00, real=0.05 secs] 
5884.607: [GC (Allocation Failure) [PSYoungGen: 402080K->86976K(465920K)] 705130K->559074K(1864192K), 0.1029430 secs] [Times: user=0.61 sys=0.00, real=0.10 secs] 
5885.017: [GC (Allocation Failure) [PSYoungGen: 319936K->174208K(465920K)] 792034K->726895K(1864192K), 0.0573447 secs] [Times: user=0.34 sys=0.01, real=0.06 secs] 
5887.897: [GC (Allocation Failure) [PSYoungGen: 407168K->80128K(465920K)] 959855K->806935K(1864192K), 0.1209025 secs] [Times: user=0.73 sys=0.00, real=0.12 secs] 
5888.561: [GC (Allocation Failure) [PSYoungGen: 311775K->204640K(465920K)] 1038582K->1005467K(1864192K), 0.0804693 secs] [Times: user=0.48 sys=0.00, real=0.08 secs] 
5891.219: [GC (Allocation Failure) [PSYoungGen: 437600K->82240K(465920K)] 1238427K->1054075K(1864192K), 0.1270181 secs] [Times: user=0.76 sys=0.00, real=0.13 secs] 
5892.517: [GC (Allocation Failure) [PSYoungGen: 315200K->182336K(465920K)] 1287035K->1230352K(1864192K), 0.0649034 secs] [Times: user=0.38 sys=0.01, real=0.06 secs] 
5894.876: [GC (Allocation Failure) [PSYoungGen: 415296K->91104K(465920K)] 1463312K->1301016K(1864192K), 0.1094385 secs] [Times: user=0.65 sys=0.00, real=0.11 secs] 
5894.985: [Full GC (Ergonomics) [PSYoungGen: 91104K->0K(465920K)] [ParOldGen: 1209912K->105677K(1398272K)] 1301016K->105677K(1864192K), [Metaspace: 59677K->59677K(1105920K)], 0.2566617 secs] [Times: user=1.18 sys=0.00, real=0.25 secs] 
5896.445: [GC (Allocation Failure) [PSYoungGen: 232960K->153280K(465920K)] 338637K->258957K(1864192K), 0.0435386 secs] [Times: user=0.26 sys=0.00, real=0.04 secs] 
5897.595: [GC (Allocation Failure) [PSYoungGen: 386240K->100032K(465920K)] 491917K->359021K(1864192K), 0.0944141 secs] [Times: user=0.56 sys=0.00, real=0.09 secs] 
5899.403: [GC (Allocation Failure) [PSYoungGen: 332992K->147648K(465920K)] 591981K->496429K(1864192K), 0.0600185 secs] [Times: user=0.36 sys=0.00, real=0.06 secs] 
5901.870: [GC (Allocation Failure) [PSYoungGen: 380608K->105504K(465920K)] 729389K->602045K(1864192K), 0.0891065 secs] [Times: user=0.53 sys=0.00, real=0.09 secs] 
5903.207: [GC (Allocation Failure) [PSYoungGen: 338464K->142880K(457728K)] 835005K->734226K(1856000K), 0.0605674 secs] [Times: user=0.36 sys=0.00, real=0.06 secs] 
5905.438: [GC (Allocation Failure) [PSYoungGen: 375840K->127488K(461824K)] 967186K->861570K(1860096K), 0.0794384 secs] [Times: user=0.47 sys=0.00, real=0.08 secs] 
5906.811: [GC (Allocation Failure) [PSYoungGen: 360448K->136896K(464384K)] 1094530K->971607K(1862656K), 0.0610799 secs] [Times: user=0.37 sys=0.00, real=0.06 secs] 
5908.639: [GC (Allocation Failure) [PSYoungGen: 387776K->136800K(463872K)] 1222487K->1108623K(1862144K), 0.0604956 secs] [Times: user=0.36 sys=0.00, real=0.06 secs] 
5910.021: [GC (Allocation Failure) [PSYoungGen: 387680K->5632K(464896K)] 1359503K->977639K(1863168K), 0.0029415 secs] [Times: user=0.01 sys=0.00, real=0.00 secs] 
5911.485: [GC (Allocation Failure) [PSYoungGen: 257969K->178496K(436224K)] 1229976K->1154600K(1834496K), 0.0357206 secs] [Times: user=0.21 sys=0.00, real=0.03 secs] 
5914.171: [GC (Allocation Failure) [PSYoungGen: 436032K->101568K(473088K)] 1412136K->1247740K(1871360K), 0.1961870 secs] [Times: user=1.11 sys=0.00, real=0.20 secs] 
5914.367: [Full GC (Ergonomics) [PSYoungGen: 101568K->0K(473088K)] [ParOldGen: 1146172K->51198K(1398272K)] 1247740K->51198K(1871360K), [Metaspace: 59677K->59677K(1105920K)], 0.1303653 secs] [Times: user=0.47 sys=0.00, real=0.13 secs] 
5915.607: [GC (Allocation Failure) [PSYoungGen: 240128K->172608K(465920K)] 291326K->223806K(1864192K), 0.0362115 secs] [Times: user=0.22 sys=0.00, real=0.03 secs] 
5918.186: [GC (Allocation Failure) [PSYoungGen: 412736K->85504K(468480K)] 463934K->308958K(1866752K), 0.1722374 secs] [Times: user=1.02 sys=0.00, real=0.17 secs] 
5919.222: [GC (Allocation Failure) [PSYoungGen: 321024K->173952K(465920K)] 544478K->476327K(1864192K), 0.0918063 secs] [Times: user=0.54 sys=0.00, real=0.10 secs] 
5922.921: [GC (Allocation Failure) [PSYoungGen: 409472K->77216K(465920K)] 711847K->553423K(1864192K), 0.1757200 secs] [Times: user=1.04 sys=0.00, real=0.18 secs] 
5923.768: [GC (Allocation Failure) [PSYoungGen: 310176K->172288K(465920K)] 786383K->719247K(1864192K), 0.0779542 secs] [Times: user=0.46 sys=0.00, real=0.08 secs] 
5925.823: [GC (Allocation Failure) [PSYoungGen: 405248K->86720K(465920K)] 952207K->805911K(1864192K), 0.1412975 secs] [Times: user=0.83 sys=0.00, real=0.15 secs] 
5926.345: [GC (Allocation Failure) [PSYoungGen: 319680K->170528K(465920K)] 1038871K->970380K(1864192K), 0.0622680 secs] [Times: user=0.37 sys=0.00, real=0.06 secs] 
5929.125: [GC (Allocation Failure) [PSYoungGen: 403488K->80096K(465920K)] 1203340K->1050008K(1864192K), 0.1221178 secs] [Times: user=0.72 sys=0.01, real=0.12 secs] 
5930.180: [GC (Allocation Failure) [PSYoungGen: 313056K->201792K(465920K)] 1282968K->1245121K(1864192K), 0.0595990 secs] [Times: user=0.35 sys=0.01, real=0.06 secs] 
5932.240: [GC (Allocation Failure) [PSYoungGen: 434752K->89888K(465920K)] 1478081K->1299785K(1864192K), 0.1056752 secs] [Times: user=0.63 sys=0.00, real=0.11 secs] 
5932.346: [Full GC (Ergonomics) [PSYoungGen: 89888K->0K(465920K)] [ParOldGen: 1209897K->104532K(1398272K)] 1299785K->104532K(1864192K), [Metaspace: 59677K->59677K(1105920K)], 0.2414628 secs] [Times: user=1.09 sys=0.00, real=0.24 secs] 
5934.775: [GC (Allocation Failure) [PSYoungGen: 229965K->191328K(465920K)] 334498K->295860K(1864192K), 0.0474952 secs] [Times: user=0.27 sys=0.00, real=0.04 secs] 
5936.061: [GC (Allocation Failure) [PSYoungGen: 424288K->90336K(465920K)] 528820K->349308K(1864192K), 0.1114176 secs] [Times: user=0.66 sys=0.00, real=0.11 secs] 
5937.451: [GC (Allocation Failure) [PSYoungGen: 323296K->154272K(465920K)] 582268K->496785K(1864192K), 0.0596103 secs] [Times: user=0.36 sys=0.00, real=0.06 secs] 
5939.079: [GC (Allocation Failure) [PSYoungGen: 387232K->99424K(465920K)] 729745K->596121K(1864192K), 0.0920968 secs] [Times: user=0.54 sys=0.00, real=0.09 secs] 
5940.830: [GC (Allocation Failure) [PSYoungGen: 332384K->148640K(465920K)] 829081K->734294K(1864192K), 0.0603668 secs] [Times: user=0.36 sys=0.00, real=0.06 secs] 
5942.660: [GC (Allocation Failure) [PSYoungGen: 381600K->108576K(465920K)] 967254K->843118K(1864192K), 0.0871414 secs] [Times: user=0.52 sys=0.00, real=0.09 secs] 
5944.207: [GC (Allocation Failure) [PSYoungGen: 341536K->139136K(372224K)] 1076078K->971994K(1770496K), 0.0612359 secs] [Times: user=0.37 sys=0.00, real=0.06 secs] 
5946.936: [GC (Allocation Failure) [PSYoungGen: 372096K->110528K(469504K)] 1204954K->1082682K(1867776K), 0.0863818 secs] [Times: user=0.51 sys=0.00, real=0.08 secs] 
5948.300: [GC (Allocation Failure) [PSYoungGen: 350656K->137696K(462336K)] 1322810K->1209887K(1860608K), 0.0616932 secs] [Times: user=0.37 sys=0.00, real=0.06 secs] 
5951.349: [GC (Allocation Failure) [PSYoungGen: 377824K->128672K(467968K)] 1450015K->1338359K(1866240K), 0.0683038 secs] [Times: user=0.41 sys=0.00, real=0.07 secs] 
5951.418: [Full GC (Ergonomics) [PSYoungGen: 128672K->0K(467968K)] [ParOldGen: 1209687K->143675K(1398272K)] 1338359K->143675K(1866240K), [Metaspace: 59677K->59677K(1105920K)], 0.3314510 secs] [Times: user=1.52 sys=0.00, real=0.33 secs] 
5952.978: [GC (Allocation Failure) [PSYoungGen: 256000K->123264K(463872K)] 399675K->266939K(1862144K), 0.0428054 secs] [Times: user=0.25 sys=0.00, real=0.04 secs] 
5956.044: [GC (Allocation Failure) [PSYoungGen: 379264K->168512K(472576K)] 522939K->434264K(1870848K), 0.0624838 secs] [Times: user=0.37 sys=0.00, real=0.06 secs] 
5957.944: [GC (Allocation Failure) [PSYoungGen: 439872K->118016K(480256K)] 705624K->543484K(1878528K), 0.1580685 secs] [Times: user=0.94 sys=0.01, real=0.15 secs] 
5959.243: [GC (Allocation Failure) [PSYoungGen: 389376K->203232K(436224K)] 814844K->752013K(1834496K), 0.0631898 secs] [Times: user=0.37 sys=0.01, real=0.07 secs] 
5960.944: [GC (Allocation Failure) [PSYoungGen: 436192K->85728K(465920K)] 984973K->821505K(1864192K), 0.0821068 secs] [Times: user=0.48 sys=0.00, real=0.08 secs] 
5963.076: [GC (Allocation Failure) [PSYoungGen: 318688K->181056K(465920K)] 1054465K->996958K(1864192K), 0.0586521 secs] [Times: user=0.35 sys=0.00, real=0.06 secs] 
5965.479: [GC (Allocation Failure) [PSYoungGen: 414016K->89504K(465920K)] 1229918K->1067542K(1864192K), 0.1139018 secs] [Times: user=0.65 sys=0.00, real=0.11 secs] 
5966.916: [GC (Allocation Failure) [PSYoungGen: 322464K->154560K(465920K)] 1300502K->1215795K(1864192K), 0.0607395 secs] [Times: user=0.36 sys=0.00, real=0.06 secs] 
5968.674: [GC (Allocation Failure) [PSYoungGen: 380341K->92768K(465920K)] 1441576K->1308635K(1864192K), 0.1027772 secs] [Times: user=0.61 sys=0.00, real=0.11 secs] 
5968.776: [Full GC (Ergonomics) [PSYoungGen: 92768K->0K(465920K)] [ParOldGen: 1215867K->106476K(1398272K)] 1308635K->106476K(1864192K), [Metaspace: 59677K->59677K(1105920K)], 0.2546819 secs] [Times: user=1.15 sys=0.00, real=0.25 secs] 
5970.251: [GC (Allocation Failure) [PSYoungGen: 232960K->151552K(465920K)] 339436K->258028K(1864192K), 0.0426612 secs] [Times: user=0.25 sys=0.00, real=0.05 secs] 
5973.097: [GC (Allocation Failure) [PSYoungGen: 378942K->93056K(465920K)] 485418K->350492K(1864192K), 0.0975367 secs] [Times: user=0.58 sys=0.00, real=0.10 secs] 
5974.418: [GC (Allocation Failure) [PSYoungGen: 326016K->150976K(465920K)] 583452K->495023K(1864192K), 0.0599771 secs] [Times: user=0.36 sys=0.00, real=0.06 secs] 
5976.283: [GC (Allocation Failure) [PSYoungGen: 383936K->98752K(465920K)] 727983K->593671K(1864192K), 0.0905104 secs] [Times: user=0.54 sys=0.00, real=0.09 secs] 
5978.459: [GC (Allocation Failure) [PSYoungGen: 331712K->148960K(465920K)] 826631K->732310K(1864192K), 0.0607173 secs] [Times: user=0.36 sys=0.00, real=0.06 secs] 
5981.212: [GC (Allocation Failure) [PSYoungGen: 381920K->102944K(336384K)] 965270K->835182K(1734656K), 0.0896063 secs] [Times: user=0.53 sys=0.01, real=0.09 secs] 
5982.580: [GC (Allocation Failure) [PSYoungGen: 335904K->144480K(466432K)] 1068142K->969347K(1864704K), 0.0610643 secs] [Times: user=0.36 sys=0.00, real=0.06 secs] 
5985.800: [GC (Allocation Failure) [PSYoungGen: 382560K->113088K(461312K)] 1207427K->1082667K(1859584K), 0.0877686 secs] [Times: user=0.52 sys=0.00, real=0.09 secs] 
5987.152: [GC (Allocation Failure) [PSYoungGen: 351168K->135040K(468480K)] 1320747K->1207376K(1866752K), 0.0616680 secs] [Times: user=0.37 sys=0.00, real=0.06 secs] 
5988.624: [GC (Allocation Failure) [PSYoungGen: 389504K->146976K(464896K)] 1461840K->1354120K(1863168K), 0.0608764 secs] [Times: user=0.36 sys=0.00, real=0.06 secs] 
5988.685: [Full GC (Ergonomics) [PSYoungGen: 146976K->0K(464896K)] [ParOldGen: 1207144K->161017K(1398272K)] 1354120K->161017K(1863168K), [Metaspace: 59677K->59677K(1105920K)], 0.3825191 secs] [Times: user=1.76 sys=0.00, real=0.38 secs] 
5991.118: [GC (Allocation Failure) [PSYoungGen: 254464K->113760K(483840K)] 415481K->274777K(1882112K), 0.0388286 secs] [Times: user=0.23 sys=0.00, real=0.04 secs] 
5992.078: [GC (Allocation Failure) [PSYoungGen: 392800K->191232K(470528K)] 553817K->464538K(1868800K), 0.0625890 secs] [Times: user=0.37 sys=0.01, real=0.06 secs] 
5996.622: [GC (Allocation Failure) [PSYoungGen: 470272K->109024K(482816K)] 743578K->573210K(1881088K), 0.1446155 secs] [Times: user=0.86 sys=0.00, real=0.15 secs] 
5998.102: [GC (Allocation Failure) [PSYoungGen: 372704K->172128K(436224K)] 836890K->738231K(1834496K), 0.0673990 secs] [Times: user=0.40 sys=0.00, real=0.07 secs] 
5999.011: [GC (Allocation Failure) [PSYoungGen: 435808K->133216K(484864K)] 1001911K->871711K(1883136K), 0.0696479 secs] [Times: user=0.41 sys=0.00, real=0.07 secs] 
6001.662: [GC (Allocation Failure) [PSYoungGen: 396384K->7136K(270336K)] 1134879K->745655K(1668608K), 0.0030223 secs] [Times: user=0.01 sys=0.00, real=0.01 secs] 
6003.163: [GC (Allocation Failure) [PSYoungGen: 270304K->177344K(461824K)] 1008823K->921620K(1860096K), 0.0361909 secs] [Times: user=0.21 sys=0.00, real=0.04 secs] 
6007.213: [GC (Allocation Failure) [PSYoungGen: 410304K->87200K(465920K)] 1154580K->999732K(1864192K), 0.0750383 secs] [Times: user=0.45 sys=0.00, real=0.08 secs] 
6010.558: [GC (Allocation Failure) [PSYoungGen: 318535K->162368K(465920K)] 1231067K->1159537K(1864192K), 0.0474325 secs] [Times: user=0.28 sys=0.00, real=0.05 secs] 
6012.048: [GC (Allocation Failure) [PSYoungGen: 395328K->93152K(326144K)] 1392497K->1244197K(1724416K), 0.0915079 secs] [Times: user=0.55 sys=0.00, real=0.09 secs] 
6012.140: [Full GC (Ergonomics) [PSYoungGen: 93152K->0K(326144K)] [ParOldGen: 1151045K->43063K(1398272K)] 1244197K->43063K(1724416K), [Metaspace: 59677K->59677K(1105920K)], 0.0850805 secs] [Times: user=0.34 sys=0.00, real=0.09 secs] 
6014.440: [GC (Allocation Failure) [PSYoungGen: 222871K->157024K(464896K)] 265934K->200087K(1863168K), 0.0309935 secs] [Times: user=0.18 sys=0.00, real=0.03 secs] 
6015.834: [GC (Allocation Failure) [PSYoungGen: 389472K->93024K(325632K)] 432535K->284527K(1723904K), 0.0708955 secs] [Times: user=0.42 sys=0.00, real=0.07 secs] 
6018.725: [GC (Allocation Failure) [PSYoungGen: 322723K->160320K(459264K)] 514226K->438964K(1857536K), 0.0478581 secs] [Times: user=0.29 sys=0.00, real=0.04 secs] 
6019.985: [GC (Allocation Failure) [PSYoungGen: 390720K->91488K(462336K)] 669364K->521408K(1860608K), 0.0648488 secs] [Times: user=0.38 sys=0.00, real=0.06 secs] 
6022.903: [GC (Allocation Failure) [PSYoungGen: 316302K->159328K(463360K)] 746223K->677133K(1861632K), 0.0480970 secs] [Times: user=0.29 sys=0.00, real=0.05 secs] 
6024.388: [GC (Allocation Failure) [PSYoungGen: 394848K->92128K(465920K)] 912653K->760729K(1864192K), 0.1053795 secs] [Times: user=0.63 sys=0.00, real=0.10 secs] 
6026.858: [GC (Allocation Failure) [PSYoungGen: 315199K->158816K(464384K)] 983801K->915718K(1862656K), 0.0485870 secs] [Times: user=0.28 sys=0.00, real=0.05 secs] 
6028.180: [GC (Allocation Failure) [PSYoungGen: 396896K->93568K(466944K)] 1153798K->1000358K(1865216K), 0.0664684 secs] [Times: user=0.40 sys=0.00, real=0.07 secs] 
6029.086: [GC (Allocation Failure) [PSYoungGen: 331648K->222432K(457728K)] 1238438K->1219703K(1856000K), 0.0562836 secs] [Times: user=0.33 sys=0.01, real=0.05 secs] 
6032.060: [GC (Allocation Failure) [PSYoungGen: 455392K->79424K(465920K)] 1452663K->1250127K(1864192K), 0.1660665 secs] [Times: user=0.98 sys=0.00, real=0.17 secs] 
6032.226: [Full GC (Ergonomics) [PSYoungGen: 79424K->0K(465920K)] [ParOldGen: 1170703K->54480K(1398272K)] 1250127K->54480K(1864192K), [Metaspace: 59678K->59678K(1105920K)], 0.1539915 secs] [Times: user=0.72 sys=0.00, real=0.15 secs] 
6033.324: [GC (Allocation Failure) [PSYoungGen: 232960K->182144K(465920K)] 287440K->236624K(1864192K), 0.0354532 secs] [Times: user=0.21 sys=0.00, real=0.03 secs] 
6035.454: [GC (Allocation Failure) [PSYoungGen: 415104K->84288K(465920K)] 469584K->304244K(1864192K), 0.1042545 secs] [Times: user=0.62 sys=0.00, real=0.10 secs] 
6036.257: [GC (Allocation Failure) [PSYoungGen: 317248K->167040K(465920K)] 537204K->467665K(1864192K), 0.0541487 secs] [Times: user=0.33 sys=0.00, real=0.05 secs] 
6040.471: [GC (Allocation Failure) [PSYoungGen: 396505K->75552K(465920K)] 697130K->543313K(1864192K), 0.1667965 secs] [Times: user=0.99 sys=0.00, real=0.17 secs] 
6041.301: [GC (Allocation Failure) [PSYoungGen: 308512K->171680K(465920K)] 776273K->710782K(1864192K), 0.0540002 secs] [Times: user=0.32 sys=0.00, real=0.06 secs] 
6043.409: [GC (Allocation Failure) [PSYoungGen: 404640K->77504K(465920K)] 943742K->788426K(1864192K), 0.1308021 secs] [Times: user=0.78 sys=0.00, real=0.13 secs] 
6044.585: [GC (Allocation Failure) [PSYoungGen: 310464K->172736K(465920K)] 1021386K->954709K(1864192K), 0.1046885 secs] [Times: user=0.62 sys=0.00, real=0.10 secs] 
6047.489: [GC (Allocation Failure) [PSYoungGen: 405696K->78848K(465920K)] 1187669K->1033294K(1864192K), 0.1551332 secs] [Times: user=0.85 sys=0.00, real=0.16 secs] 
6049.708: [GC (Allocation Failure) [PSYoungGen: 311808K->173664K(465920K)] 1266254K->1200030K(1864192K), 0.1615213 secs] [Times: user=0.96 sys=0.01, real=0.16 secs] 
6052.597: [GC (Allocation Failure) [PSYoungGen: 406624K->77472K(465920K)] 1432990K->1277770K(1864192K), 0.1373579 secs] [Times: user=0.82 sys=0.00, real=0.14 secs] 
6052.734: [Full GC (Ergonomics) [PSYoungGen: 77472K->0K(465920K)] [ParOldGen: 1200298K->81397K(1398272K)] 1277770K->81397K(1864192K), [Metaspace: 59678K->59678K(1105920K)], 0.2053051 secs] [Times: user=0.94 sys=0.01, real=0.20 secs] 
6054.002: [GC (Allocation Failure) [PSYoungGen: 232960K->166464K(465920K)] 314357K->247861K(1864192K), 0.0674730 secs] [Times: user=0.41 sys=0.00, real=0.07 secs] 
6056.009: [GC (Allocation Failure) [PSYoungGen: 399424K->86080K(465920K)] 480821K->333917K(1864192K), 0.1016518 secs] [Times: user=0.61 sys=0.00, real=0.10 secs] 
6057.055: [GC (Allocation Failure) [PSYoungGen: 317676K->201984K(465920K)] 565513K->529978K(1864192K), 0.0572543 secs] [Times: user=0.35 sys=0.00, real=0.05 secs] 
6059.112: [GC (Allocation Failure) [PSYoungGen: 434944K->81952K(465920K)] 762938K->578066K(1864192K), 0.1066377 secs] [Times: user=0.63 sys=0.00, real=0.11 secs] 
6060.950: [GC (Allocation Failure) [PSYoungGen: 314644K->200224K(465920K)] 810758K->771462K(1864192K), 0.0656912 secs] [Times: user=0.40 sys=0.00, real=0.07 secs] 
6062.986: [GC (Allocation Failure) [PSYoungGen: 433184K->90592K(465920K)] 1004422K->824702K(1864192K), 0.1135567 secs] [Times: user=0.68 sys=0.00, real=0.11 secs] 
6064.886: [GC (Allocation Failure) [PSYoungGen: 323552K->154336K(465920K)] 1057662K->972155K(1864192K), 0.0603478 secs] [Times: user=0.36 sys=0.00, real=0.06 secs] 
6066.674: [GC (Allocation Failure) [PSYoungGen: 380813K->92992K(465920K)] 1198633K->1064731K(1864192K), 0.0941289 secs] [Times: user=0.56 sys=0.00, real=0.09 secs] 
6068.055: [GC (Allocation Failure) [PSYoungGen: 325952K->150720K(465920K)] 1297691K->1208992K(1864192K), 0.0620020 secs] [Times: user=0.35 sys=0.00, real=0.06 secs] 
6070.256: [GC (Allocation Failure) [PSYoungGen: 377623K->93344K(465920K)] 1435896K->1302160K(1864192K), 0.0963600 secs] [Times: user=0.57 sys=0.01, real=0.09 secs] 
6070.352: [Full GC (Ergonomics) [PSYoungGen: 93344K->0K(465920K)] [ParOldGen: 1208816K->107906K(1398272K)] 1302160K->107906K(1864192K), [Metaspace: 59678K->59678K(1105920K)], 0.2563036 secs] [Times: user=1.18 sys=0.00, real=0.26 secs] 
6071.791: [GC (Allocation Failure) [PSYoungGen: 232960K->150976K(465920K)] 340866K->258882K(1864192K), 0.0427194 secs] [Times: user=0.25 sys=0.00, real=0.05 secs] 
6072.477: [GC (Allocation Failure) [PSYoungGen: 383936K->107104K(465920K)] 491842K->366146K(1864192K), 0.0886480 secs] [Times: user=0.53 sys=0.00, real=0.09 secs] 
6075.375: [GC (Allocation Failure) [PSYoungGen: 340064K->140608K(461824K)] 599106K->496338K(1860096K), 0.0603543 secs] [Times: user=0.36 sys=0.00, real=0.06 secs] 
6076.312: [GC (Allocation Failure) [PSYoungGen: 373568K->116288K(349696K)] 729298K->612842K(1747968K), 0.0814283 secs] [Times: user=0.48 sys=0.00, real=0.08 secs] 
6078.216: [GC (Allocation Failure) [PSYoungGen: 349248K->131456K(470016K)] 845802K->733998K(1868288K), 0.0632447 secs] [Times: user=0.36 sys=0.00, real=0.06 secs] 
6079.600: [GC (Allocation Failure) [PSYoungGen: 378752K->137824K(461824K)] 981294K->871734K(1860096K), 0.0595518 secs] [Times: user=0.35 sys=0.00, real=0.06 secs] 
6081.388: [GC (Allocation Failure) [PSYoungGen: 385120K->3456K(457728K)] 1119030K->737390K(1856000K), 0.0023416 secs] [Times: user=0.01 sys=0.00, real=0.00 secs] 
6083.762: [GC (Allocation Failure) [PSYoungGen: 251776K->162080K(410624K)] 985710K->897919K(1808896K), 0.0318179 secs] [Times: user=0.19 sys=0.00, real=0.03 secs] 
6085.257: [GC (Allocation Failure) [PSYoungGen: 410400K->108608K(478208K)] 1146239K->997387K(1876480K), 0.0693352 secs] [Times: user=0.41 sys=0.00, real=0.07 secs] 
6087.009: [GC (Allocation Failure) [PSYoungGen: 357440K->203008K(452096K)] 1246219K->1197764K(1850368K), 0.0578409 secs] [Times: user=0.34 sys=0.00, real=0.06 secs] 
6089.495: [GC (Allocation Failure) [PSYoungGen: 448181K->95552K(465920K)] 1442937K->1259700K(1864192K), 0.1830025 secs] [Times: user=1.08 sys=0.01, real=0.18 secs] 
6089.678: [Full GC (Ergonomics) [PSYoungGen: 95552K->0K(465920K)] [ParOldGen: 1164148K->62405K(1398272K)] 1259700K->62405K(1864192K), [Metaspace: 59678K->59678K(1105920K)], 0.1740895 secs] [Times: user=0.81 sys=0.00, real=0.17 secs] 
6090.313: [GC (Allocation Failure) [PSYoungGen: 232960K->164704K(465920K)] 295365K->227109K(1864192K), 0.0331227 secs] [Times: user=0.20 sys=0.00, real=0.04 secs] 
6092.701: [GC (Allocation Failure) [PSYoungGen: 397664K->82496K(465920K)] 460069K->309185K(1864192K), 0.1510834 secs] [Times: user=0.90 sys=0.01, real=0.15 secs] 
6093.294: [GC (Allocation Failure) [PSYoungGen: 315456K->173184K(465920K)] 542145K->476477K(1864192K), 0.0556191 secs] [Times: user=0.33 sys=0.00, real=0.05 secs] 
6097.154: [GC (Allocation Failure) [PSYoungGen: 406144K->75584K(465920K)] 709437K->551822K(1864192K), 0.1804295 secs] [Times: user=1.07 sys=0.00, real=0.18 secs] 
6097.960: [GC (Allocation Failure) [PSYoungGen: 308544K->174464K(465920K)] 784782K->720427K(1864192K), 0.0549458 secs] [Times: user=0.33 sys=0.00, real=0.06 secs] 
6100.413: [GC (Allocation Failure) [PSYoungGen: 407424K->80096K(465920K)] 953387K->800335K(1864192K), 0.1371519 secs] [Times: user=0.82 sys=0.00, real=0.14 secs] 
6101.049: [GC (Allocation Failure) [PSYoungGen: 313056K->174112K(465920K)] 1033295K->968539K(1864192K), 0.0893447 secs] [Times: user=0.53 sys=0.01, real=0.09 secs] 
6104.288: [GC (Allocation Failure) [PSYoungGen: 407072K->76640K(465920K)] 1201499K->1045199K(1864192K), 0.1382242 secs] [Times: user=0.82 sys=0.00, real=0.14 secs] 
6104.849: [GC (Allocation Failure) [PSYoungGen: 308055K->205632K(465920K)] 1276615K->1244556K(1864192K), 0.0567217 secs] [Times: user=0.34 sys=0.00, real=0.06 secs] 
6106.571: [GC (Allocation Failure) [PSYoungGen: 438592K->88320K(465920K)] 1477516K->1298812K(1864192K), 0.0986871 secs] [Times: user=0.58 sys=0.00, real=0.10 secs] 
6106.669: [Full GC (Ergonomics) [PSYoungGen: 88320K->0K(465920K)] [ParOldGen: 1210492K->102433K(1398272K)] 1298812K->102433K(1864192K), [Metaspace: 59678K->59678K(1105920K)], 0.2450810 secs] [Times: user=1.12 sys=0.00, real=0.25 secs] 
6108.028: [GC (Allocation Failure) [PSYoungGen: 232960K->178107K(465920K)] 335393K->280541K(1864192K), 0.0447268 secs] [Times: user=0.26 sys=0.00, real=0.04 secs] 
6110.286: [GC (Allocation Failure) [PSYoungGen: 411067K->92544K(465920K)] 513501K->350965K(1864192K), 0.1026664 secs] [Times: user=0.61 sys=0.00, real=0.10 secs] 
6111.624: [GC (Allocation Failure) [PSYoungGen: 325504K->151552K(465920K)] 583925K->495938K(1864192K), 0.0598781 secs] [Times: user=0.36 sys=0.00, real=0.06 secs] 
6113.247: [GC (Allocation Failure) [PSYoungGen: 384512K->99904K(465920K)] 728898K->595754K(1864192K), 0.0904042 secs] [Times: user=0.53 sys=0.01, real=0.09 secs] 
6114.745: [GC (Allocation Failure) [PSYoungGen: 332864K->148992K(465920K)] 828714K->734103K(1864192K), 0.0602867 secs] [Times: user=0.36 sys=0.00, real=0.06 secs] 
6117.878: [GC (Allocation Failure) [PSYoungGen: 381952K->112448K(465920K)] 967063K->845903K(1864192K), 0.0915781 secs] [Times: user=0.54 sys=0.00, real=0.09 secs] 
6119.226: [GC (Allocation Failure) [PSYoungGen: 345408K->143648K(376832K)] 1078863K->971024K(1775104K), 0.0626428 secs] [Times: user=0.35 sys=0.00, real=0.06 secs] 
6121.451: [GC (Allocation Failure) [PSYoungGen: 376608K->108160K(468992K)] 1203984K->1079136K(1867264K), 0.0823420 secs] [Times: user=0.48 sys=0.01, real=0.08 secs] 
6122.828: [GC (Allocation Failure) [PSYoungGen: 347264K->140736K(462848K)] 1318240K->1208675K(1861120K), 0.0616289 secs] [Times: user=0.36 sys=0.00, real=0.06 secs] 
6124.715: [GC (Allocation Failure) [PSYoungGen: 379840K->130400K(466944K)] 1447779K->1339295K(1865216K), 0.0626448 secs] [Times: user=0.37 sys=0.00, real=0.06 secs] 
6124.777: [Full GC (Ergonomics) [PSYoungGen: 130400K->0K(466944K)] [ParOldGen: 1208895K->144396K(1398272K)] 1339295K->144396K(1865216K), [Metaspace: 59678K->59678K(1105920K)], 0.3309159 secs] [Times: user=1.51 sys=0.00, real=0.33 secs] 
6126.353: [GC (Allocation Failure) [PSYoungGen: 253440K->121056K(463872K)] 397836K->265452K(1862144K), 0.0416603 secs] [Times: user=0.24 sys=0.01, real=0.05 secs] 
6128.044: [GC (Allocation Failure) [PSYoungGen: 374496K->170976K(470528K)] 518892K->435341K(1868800K), 0.0627896 secs] [Times: user=0.37 sys=0.00, real=0.07 secs] 
6130.370: [GC (Allocation Failure) [PSYoungGen: 437728K->113888K(478720K)] 702093K->540586K(1876992K), 0.0752274 secs] [Times: user=0.45 sys=0.00, real=0.08 secs] 
6131.671: [GC (Allocation Failure) [PSYoungGen: 380640K->188352K(463872K)] 807338K->725970K(1862144K), 0.0648925 secs] [Times: user=0.38 sys=0.00, real=0.07 secs] 
6133.873: [GC (Allocation Failure) [PSYoungGen: 444864K->104192K(477696K)] 982482K->829850K(1875968K), 0.1119295 secs] [Times: user=0.67 sys=0.00, real=0.12 secs] 
6136.179: [GC (Allocation Failure) [PSYoungGen: 360704K->153824K(472576K)] 1086362K->977523K(1870848K), 0.0643376 secs] [Times: user=0.38 sys=0.00, real=0.06 secs] 
6138.102: [GC (Allocation Failure) [PSYoungGen: 413408K->132960K(476672K)] 1237107K->1110171K(1874944K), 0.0691409 secs] [Times: user=0.42 sys=0.00, real=0.07 secs] 
6139.688: [GC (Allocation Failure) [PSYoungGen: 392544K->5600K(460800K)] 1369755K->982895K(1859072K), 0.0028752 secs] [Times: user=0.01 sys=0.00, real=0.00 secs] 
6141.683: [GC (Allocation Failure) [PSYoungGen: 256992K->172384K(423936K)] 1234287K->1153816K(1822208K), 0.0344506 secs] [Times: user=0.20 sys=0.01, real=0.04 secs] 
6143.256: [GC (Allocation Failure) [PSYoungGen: 423776K->103072K(473088K)] 1405208K->1248396K(1871360K), 0.0784142 secs] [Times: user=0.47 sys=0.00, real=0.08 secs] 
6143.334: [Full GC (Ergonomics) [PSYoungGen: 103072K->0K(473088K)] [ParOldGen: 1145324K->46294K(1398272K)] 1248396K->46294K(1871360K), [Metaspace: 59678K->59678K(1105920K)], 0.0926934 secs] [Times: user=0.37 sys=0.00, real=0.09 secs] 
6145.598: [GC (Allocation Failure) [PSYoungGen: 240640K->166464K(466432K)] 286934K->212758K(1864704K), 0.0352146 secs] [Times: user=0.21 sys=0.00, real=0.03 secs] 
6147.792: [GC (Allocation Failure) [PSYoungGen: 407104K->91296K(468992K)] 453398K->303566K(1867264K), 0.1364588 secs] [Times: user=0.81 sys=0.00, real=0.14 secs] 
6148.798: [GC (Allocation Failure) [PSYoungGen: 331424K->176608K(416768K)] 543694K->476319K(1815040K), 0.0970270 secs] [Times: user=0.57 sys=0.00, real=0.10 secs] 
6152.552: [GC (Allocation Failure) [PSYoungGen: 416736K->76864K(465920K)] 716447K->553427K(1864192K), 0.1615636 secs] [Times: user=0.96 sys=0.01, real=0.16 secs] 
6153.320: [GC (Allocation Failure) [PSYoungGen: 309824K->193536K(465920K)] 786387K->740648K(1864192K), 0.0560893 secs] [Times: user=0.33 sys=0.01, real=0.06 secs] 
6156.333: [GC (Allocation Failure) [PSYoungGen: 426496K->76608K(465920K)] 973608K->801020K(1864192K), 0.1619281 secs] [Times: user=0.96 sys=0.00, real=0.17 secs] 
6157.008: [GC (Allocation Failure) [PSYoungGen: 309568K->175840K(465920K)] 1033980K->970733K(1864192K), 0.0901513 secs] [Times: user=0.54 sys=0.00, real=0.09 secs] 
6160.005: [GC (Allocation Failure) [PSYoungGen: 408800K->76704K(465920K)] 1203693K->1047549K(1864192K), 0.1264896 secs] [Times: user=0.75 sys=0.00, real=0.12 secs] 
6160.776: [GC (Allocation Failure) [PSYoungGen: 306789K->202848K(465920K)] 1277635K->1244414K(1864192K), 0.0610247 secs] [Times: user=0.37 sys=0.00, real=0.06 secs] 
6163.126: [GC (Allocation Failure) [PSYoungGen: 435808K->81152K(465920K)] 1477374K->1290990K(1864192K), 0.1247890 secs] [Times: user=0.74 sys=0.01, real=0.12 secs] 
6163.251: [Full GC (Ergonomics) [PSYoungGen: 81152K->0K(465920K)] [ParOldGen: 1209838K->95306K(1398272K)] 1290990K->95306K(1864192K), [Metaspace: 59678K->59678K(1105920K)], 0.2322115 secs] [Times: user=1.07 sys=0.00, real=0.23 secs] 
6165.713: [GC (Allocation Failure) [PSYoungGen: 231973K->200256K(465920K)] 327280K->295562K(1864192K), 0.0489081 secs] [Times: user=0.30 sys=0.00, real=0.05 secs] 
6167.379: [GC (Allocation Failure) [PSYoungGen: 433216K->89856K(465920K)] 528522K->348818K(1864192K), 0.1075143 secs] [Times: user=0.64 sys=0.01, real=0.11 secs] 
6170.929: [GC (Allocation Failure) [PSYoungGen: 322816K->180728K(465920K)] 581778K->518531K(1864192K), 0.0677813 secs] [Times: user=0.40 sys=0.00, real=0.07 secs] 
6174.124: [GC (Allocation Failure) [PSYoungGen: 413688K->87232K(465920K)] 751491K->584267K(1864192K), 0.1111555 secs] [Times: user=0.66 sys=0.00, real=0.11 secs] 
6175.504: [GC (Allocation Failure) [PSYoungGen: 320192K->178647K(465920K)] 817227K->756919K(1864192K), 0.0682766 secs] [Times: user=0.41 sys=0.00, real=0.06 secs] 
6177.136: [GC (Allocation Failure) [PSYoungGen: 408526K->92608K(465920K)] 986798K->827787K(1864192K), 0.1006438 secs] [Times: user=0.60 sys=0.00, real=0.10 secs] 
6179.325: [GC (Allocation Failure) [PSYoungGen: 325568K->151968K(465920K)] 1060747K->973704K(1864192K), 0.0604399 secs] [Times: user=0.36 sys=0.00, real=0.06 secs] 
6182.241: [GC (Allocation Failure) [PSYoungGen: 384928K->93280K(465920K)] 1206664K->1066256K(1864192K), 0.1013169 secs] [Times: user=0.60 sys=0.00, real=0.10 secs] 
6183.592: [GC (Allocation Failure) [PSYoungGen: 326240K->151264K(465920K)] 1299216K->1210797K(1864192K), 0.0606051 secs] [Times: user=0.36 sys=0.00, real=0.06 secs] 
6185.190: [GC (Allocation Failure) [PSYoungGen: 384224K->106720K(465920K)] 1443757K->1317421K(1864192K), 0.0959858 secs] [Times: user=0.57 sys=0.00, real=0.10 secs] 
6185.286: [Full GC (Ergonomics) [PSYoungGen: 106720K->0K(465920K)] [ParOldGen: 1210701K->112654K(1398272K)] 1317421K->112654K(1864192K), [Metaspace: 59678K->59678K(1105920K)], 0.2611958 secs] [Times: user=1.19 sys=0.00, real=0.26 secs] 
6187.564: [GC (Allocation Failure) [PSYoungGen: 232960K->149760K(465920K)] 345614K->262414K(1864192K), 0.0533717 secs] [Times: user=0.32 sys=0.00, real=0.05 secs] 
6188.768: [GC (Allocation Failure) [PSYoungGen: 382720K->104704K(464896K)] 495374K->367086K(1863168K), 0.1043232 secs] [Times: user=0.61 sys=0.00, real=0.10 secs] 
6190.592: [GC (Allocation Failure) [PSYoungGen: 337664K->143904K(377344K)] 600046K->500099K(1775616K), 0.0608616 secs] [Times: user=0.37 sys=0.00, real=0.06 secs] 
6191.785: [GC (Allocation Failure) [PSYoungGen: 376864K->117056K(470016K)] 733059K->617235K(1868288K), 0.0771161 secs] [Times: user=0.46 sys=0.00, real=0.07 secs] 
6195.105: [GC (Allocation Failure) [PSYoungGen: 359232K->130656K(462336K)] 859411K->737778K(1860608K), 0.0618538 secs] [Times: user=0.37 sys=0.00, real=0.06 secs] 
6196.710: [GC (Allocation Failure) [PSYoungGen: 372832K->132352K(470016K)] 979954K->870298K(1868288K), 0.0613847 secs] [Times: user=0.36 sys=0.00, real=0.06 secs] 
6199.178: [GC (Allocation Failure) [PSYoungGen: 390400K->5376K(462848K)] 1128346K->743346K(1861120K), 0.0030765 secs] [Times: user=0.01 sys=0.00, real=0.00 secs] 
6200.461: [GC (Allocation Failure) [PSYoungGen: 263424K->176864K(456192K)] 1001394K->919115K(1854464K), 0.0356199 secs] [Times: user=0.21 sys=0.00, real=0.04 secs] 
6201.871: [GC (Allocation Failure) [PSYoungGen: 414944K->96224K(468480K)] 1157195K->1006303K(1866752K), 0.0702717 secs] [Times: user=0.42 sys=0.00, real=0.07 secs] 
6203.583: [GC (Allocation Failure) [PSYoungGen: 334304K->167872K(460288K)] 1244383K->1170940K(1858560K), 0.0514657 secs] [Times: user=0.30 sys=0.00, real=0.06 secs] 
6205.346: [GC (Allocation Failure) [PSYoungGen: 403904K->89280K(467456K)] 1406972K->1259740K(1865728K), 0.1175287 secs] [Times: user=0.69 sys=0.00, real=0.12 secs] 
6205.464: [Full GC (Ergonomics) [PSYoungGen: 89280K->0K(467456K)] [ParOldGen: 1170460K->58616K(1398272K)] 1259740K->58616K(1865728K), [Metaspace: 59679K->59679K(1105920K)], 0.1401618 secs] [Times: user=0.62 sys=0.00, real=0.14 secs] 
6206.657: [GC (Allocation Failure) [PSYoungGen: 236032K->168192K(459776K)] 294648K->226808K(1858048K), 0.0393673 secs] [Times: user=0.23 sys=0.00, real=0.04 secs] 
6209.803: [GC (Allocation Failure) [PSYoungGen: 399964K->77696K(465920K)] 458580K->304616K(1864192K), 0.1805521 secs] [Times: user=1.08 sys=0.00, real=0.18 secs] 
6210.527: [GC (Allocation Failure) [PSYoungGen: 310656K->167744K(464384K)] 537576K->468165K(1862656K), 0.0541059 secs] [Times: user=0.32 sys=0.00, real=0.05 secs] 
6212.343: [GC (Allocation Failure) [PSYoungGen: 400704K->89856K(465920K)] 701125K->557661K(1864192K), 0.1346103 secs] [Times: user=0.80 sys=0.00, real=0.14 secs] 
6213.529: [GC (Allocation Failure) [PSYoungGen: 322816K->188896K(465408K)] 790621K->736622K(1863680K), 0.1072396 secs] [Times: user=0.64 sys=0.00, real=0.11 secs] 
6216.664: [GC (Allocation Failure) [PSYoungGen: 421856K->77408K(465920K)] 969582K->797846K(1864192K), 0.1651089 secs] [Times: user=0.98 sys=0.01, real=0.16 secs] 
6217.156: [GC (Allocation Failure) [PSYoungGen: 310368K->177088K(465920K)] 1030806K->968512K(1864192K), 0.0569963 secs] [Times: user=0.34 sys=0.00, real=0.05 secs] 
6220.811: [GC (Allocation Failure) [PSYoungGen: 410048K->77344K(465920K)] 1201472K->1046144K(1864192K), 0.1384013 secs] [Times: user=0.83 sys=0.00, real=0.14 secs] 
6222.012: [GC (Allocation Failure) [PSYoungGen: 310304K->204960K(465920K)] 1279104K->1244601K(1864192K), 0.0602697 secs] [Times: user=0.33 sys=0.00, real=0.06 secs] 
6225.035: [GC (Allocation Failure) [PSYoungGen: 437920K->83808K(465920K)] 1477561K->1293161K(1864192K), 0.1133812 secs] [Times: user=0.67 sys=0.00, real=0.11 secs] 
6225.148: [Full GC (Ergonomics) [PSYoungGen: 83808K->0K(465920K)] [ParOldGen: 1209352K->97980K(1398272K)] 1293161K->97980K(1864192K), [Metaspace: 59680K->59680K(1105920K)], 0.2378824 secs] [Times: user=1.09 sys=0.00, real=0.24 secs] 
6226.555: [GC (Allocation Failure) [PSYoungGen: 229232K->197472K(465920K)] 327212K->295452K(1864192K), 0.0482122 secs] [Times: user=0.29 sys=0.00, real=0.04 secs] 
6228.752: [GC (Allocation Failure) [PSYoungGen: 430432K->90112K(465920K)] 528412K->348364K(1864192K), 0.0851008 secs] [Times: user=0.51 sys=0.00, real=0.09 secs] 
6230.486: [GC (Allocation Failure) [PSYoungGen: 323072K->153728K(465920K)] 581324K->495673K(1864192K), 0.0595219 secs] [Times: user=0.36 sys=0.00, real=0.06 secs] 
6232.350: [GC (Allocation Failure) [PSYoungGen: 385169K->93312K(465920K)] 727115K->589017K(1864192K), 0.1067214 secs] [Times: user=0.62 sys=0.00, real=0.11 secs] 
6234.866: [GC (Allocation Failure) [PSYoungGen: 326272K->150656K(465920K)] 821977K->732940K(1864192K), 0.0600578 secs] [Times: user=0.36 sys=0.00, real=0.06 secs] 
6236.003: [GC (Allocation Failure) [PSYoungGen: 383616K->107872K(465920K)] 965900K->841036K(1864192K), 0.0865656 secs] [Times: user=0.51 sys=0.00, real=0.09 secs] 
6238.071: [GC (Allocation Failure) [PSYoungGen: 340832K->148160K(465920K)] 1073996K->970545K(1864192K), 0.0604347 secs] [Times: user=0.35 sys=0.01, real=0.06 secs] 
6238.828: [GC (Allocation Failure) [PSYoungGen: 381120K->109888K(343040K)] 1203505K->1080553K(1741312K), 0.0598024 secs] [Times: user=0.35 sys=0.00, real=0.06 secs] 
6241.745: [GC (Allocation Failure) [PSYoungGen: 342848K->137696K(471040K)] 1313513K->1208126K(1869312K), 0.0613252 secs] [Times: user=0.37 sys=0.00, real=0.06 secs] 
6242.772: [GC (Allocation Failure) [PSYoungGen: 377312K->120320K(360448K)] 1447742K->1328422K(1758720K), 0.0739881 secs] [Times: user=0.43 sys=0.00, real=0.08 secs] 
6242.846: [Full GC (Ergonomics) [PSYoungGen: 120320K->0K(360448K)] [ParOldGen: 1208102K->134886K(1398272K)] 1328422K->134886K(1758720K), [Metaspace: 59680K->59680K(1105920K)], 0.3076742 secs] [Times: user=1.41 sys=0.01, real=0.31 secs] 
6245.301: [GC (Allocation Failure) [PSYoungGen: 239616K->127584K(467968K)] 374502K->262470K(1866240K), 0.0430922 secs] [Times: user=0.26 sys=0.00, real=0.05 secs] 
6246.091: [GC (Allocation Failure) [PSYoungGen: 378976K->150208K(459264K)] 513862K->412870K(1857536K), 0.1379653 secs] [Times: user=0.82 sys=0.01, real=0.14 secs] 
6248.609: [GC (Allocation Failure) [PSYoungGen: 401600K->11040K(465408K)] 664262K->273718K(1863680K), 0.0032436 secs] [Times: user=0.01 sys=0.00, real=0.00 secs] 
6249.305: [GC (Allocation Failure) [PSYoungGen: 257806K->173184K(431104K)] 520484K->445491K(1829376K), 0.0361861 secs] [Times: user=0.21 sys=0.01, real=0.03 secs] 
6252.336: [GC (Allocation Failure) [PSYoungGen: 430720K->102016K(475136K)] 703027K->539067K(1873408K), 0.1610535 secs] [Times: user=0.96 sys=0.00, real=0.16 secs] 
6253.427: [GC (Allocation Failure) [PSYoungGen: 346240K->191616K(436224K)] 783291K->726619K(1834496K), 0.0785918 secs] [Times: user=0.46 sys=0.00, real=0.08 secs] 
6257.348: [GC (Allocation Failure) [PSYoungGen: 435840K->88288K(465920K)] 970843K->798395K(1864192K), 0.1648131 secs] [Times: user=0.97 sys=0.01, real=0.16 secs] 
6258.634: [GC (Allocation Failure) [PSYoungGen: 321248K->171072K(465920K)] 1031355K->962876K(1864192K), 0.1118310 secs] [Times: user=0.67 sys=0.00, real=0.11 secs] 
6262.180: [GC (Allocation Failure) [PSYoungGen: 404032K->76928K(465920K)] 1195836K->1039660K(1864192K), 0.1547189 secs] [Times: user=0.92 sys=0.00, real=0.16 secs] 
6263.420: [GC (Allocation Failure) [PSYoungGen: 309888K->176288K(465920K)] 1272620K->1209769K(1864192K), 0.1337725 secs] [Times: user=0.80 sys=0.00, real=0.14 secs] 
6267.041: [GC (Allocation Failure) [PSYoungGen: 409248K->73280K(465920K)] 1442729K->1283321K(1864192K), 0.1357478 secs] [Times: user=0.81 sys=0.00, real=0.14 secs] 
6267.176: [Full GC (Ergonomics) [PSYoungGen: 73280K->0K(465920K)] [ParOldGen: 1210041K->81033K(1398272K)] 1283321K->81033K(1864192K), [Metaspace: 59680K->59680K(1105920K)], 0.2029614 secs] [Times: user=0.92 sys=0.00, real=0.20 secs] 
6267.636: [GC (Allocation Failure) [PSYoungGen: 232960K->193664K(465920K)] 313993K->274697K(1864192K), 0.0378409 secs] [Times: user=0.23 sys=0.00, real=0.04 secs] 
6270.622: [GC (Allocation Failure) [PSYoungGen: 426624K->80576K(465920K)] 507657K->339149K(1864192K), 0.1260355 secs] [Times: user=0.75 sys=0.00, real=0.13 secs] 
6273.085: [GC (Allocation Failure) [PSYoungGen: 312785K->199616K(465920K)] 571358K->532726K(1864192K), 0.0596938 secs] [Times: user=0.36 sys=0.00, real=0.06 secs] 
6276.368: [GC (Allocation Failure) [PSYoungGen: 432576K->78560K(465920K)] 765686K->576278K(1864192K), 0.1274310 secs] [Times: user=0.76 sys=0.00, real=0.13 secs] 
6277.345: [GC (Allocation Failure) [PSYoungGen: 311520K->186112K(465920K)] 809238K->756327K(1864192K), 0.0609612 secs] [Times: user=0.36 sys=0.00, real=0.06 secs] 
6279.807: [GC (Allocation Failure) [PSYoungGen: 419072K->88608K(465920K)] 989287K->824335K(1864192K), 0.1221658 secs] [Times: user=0.72 sys=0.00, real=0.12 secs] 
6281.175: [GC (Allocation Failure) [PSYoungGen: 321568K->155872K(465920K)] 1057295K->973692K(1864192K), 0.0601905 secs] [Times: user=0.35 sys=0.00, real=0.06 secs] 
6283.494: [GC (Allocation Failure) [PSYoungGen: 384070K->92928K(465920K)] 1201890K->1066540K(1864192K), 0.1042916 secs] [Times: user=0.56 sys=0.00, real=0.10 secs] 
6284.876: [GC (Allocation Failure) [PSYoungGen: 325888K->150720K(465920K)] 1299500K->1210899K(1864192K), 0.0603484 secs] [Times: user=0.36 sys=0.00, real=0.06 secs] 
6286.773: [GC (Allocation Failure) [PSYoungGen: 383680K->99104K(465920K)] 1443859K->1310235K(1864192K), 0.0897784 secs] [Times: user=0.53 sys=0.00, real=0.09 secs] 
6286.863: [Full GC (Ergonomics) [PSYoungGen: 99104K->0K(465920K)] [ParOldGen: 1211131K->113702K(1398272K)] 1310235K->113702K(1864192K), [Metaspace: 59680K->59680K(1105920K)], 0.2582786 secs] [Times: user=1.18 sys=0.00, real=0.26 secs] 
6288.551: [GC (Allocation Failure) [PSYoungGen: 232960K->149600K(465920K)] 346662K->263302K(1864192K), 0.0544361 secs] [Times: user=0.33 sys=0.00, real=0.06 secs] 
6290.392: [GC (Allocation Failure) [PSYoungGen: 382560K->104384K(465920K)] 496262K->367350K(1864192K), 0.1042384 secs] [Times: user=0.61 sys=0.00, real=0.11 secs] 
6291.742: [GC (Allocation Failure) [PSYoungGen: 337344K->144320K(377344K)] 600310K->500914K(1775616K), 0.0604357 secs] [Times: user=0.36 sys=0.00, real=0.06 secs] 
6293.230: [GC (Allocation Failure) [PSYoungGen: 377280K->117088K(471552K)] 733874K->617926K(1869824K), 0.0755627 secs] [Times: user=0.44 sys=0.00, real=0.08 secs] 
6294.922: [GC (Allocation Failure) [PSYoungGen: 358240K->130848K(372224K)] 859078K->738431K(1770496K), 0.0613982 secs] [Times: user=0.36 sys=0.00, real=0.06 secs] 
6297.295: [GC (Allocation Failure) [PSYoungGen: 372000K->136896K(465408K)] 979583K->875087K(1863680K), 0.0607956 secs] [Times: user=0.36 sys=0.00, real=0.06 secs] 
6298.627: [GC (Allocation Failure) [PSYoungGen: 388288K->5952K(460288K)] 1126479K->744235K(1858560K), 0.0032890 secs] [Times: user=0.01 sys=0.00, real=0.00 secs] 
6301.207: [GC (Allocation Failure) [PSYoungGen: 257344K->170272K(458752K)] 995627K->912704K(1857024K), 0.0343561 secs] [Times: user=0.20 sys=0.00, real=0.03 secs] 
6302.642: [GC (Allocation Failure) [PSYoungGen: 407328K->98464K(467968K)] 1149760K->1002152K(1866240K), 0.0695274 secs] [Times: user=0.41 sys=0.00, real=0.07 secs] 
6305.299: [GC (Allocation Failure) [PSYoungGen: 333454K->160256K(465408K)] 1237142K->1159853K(1863680K), 0.0526522 secs] [Times: user=0.31 sys=0.00, real=0.05 secs] 
6307.147: [GC (Allocation Failure) [PSYoungGen: 401408K->94208K(335872K)] 1401005K->1245045K(1734144K), 0.1094154 secs] [Times: user=0.65 sys=0.00, real=0.11 secs] 
6309.472: [GC (Allocation Failure) [PSYoungGen: 335360K->169344K(460288K)] 1486197K->1410334K(1858560K), 0.0507790 secs] [Times: user=0.30 sys=0.00, real=0.05 secs] 
6309.523: [Full GC (Ergonomics) [PSYoungGen: 169344K->0K(460288K)] [ParOldGen: 1240990K->209257K(1398272K)] 1410334K->209257K(1858560K), [Metaspace: 59680K->59680K(1105920K)], 0.4906545 secs] [Times: user=2.30 sys=0.00, real=0.49 secs] 
6312.391: [GC (Allocation Failure) [PSYoungGen: 237056K->83840K(467968K)] 446313K->293097K(1866240K), 0.1309974 secs] [Times: user=0.77 sys=0.00, real=0.13 secs] 
6314.328: [GC (Allocation Failure) [PSYoungGen: 320896K->172512K(460288K)] 530153K->460565K(1858560K), 0.0537446 secs] [Times: user=0.32 sys=0.00, real=0.05 secs] 
6316.588: [GC (Allocation Failure) [PSYoungGen: 402392K->79808K(465920K)] 690446K->540285K(1864192K), 0.1613229 secs] [Times: user=0.96 sys=0.00, real=0.16 secs] 
6318.282: [GC (Allocation Failure) [PSYoungGen: 312768K->166752K(465920K)] 773245K->702618K(1864192K), 0.0541084 secs] [Times: user=0.32 sys=0.00, real=0.06 secs] 
6319.928: [GC (Allocation Failure) [PSYoungGen: 399712K->87872K(465920K)] 935578K->789946K(1864192K), 0.1476763 secs] [Times: user=0.88 sys=0.00, real=0.15 secs] 
6320.402: [GC (Allocation Failure) [PSYoungGen: 320832K->174176K(465920K)] 1022906K->957579K(1864192K), 0.0603874 secs] [Times: user=0.35 sys=0.00, real=0.06 secs] 
6323.440: [GC (Allocation Failure) [PSYoungGen: 407136K->74496K(465920K)] 1190539K->1031939K(1864192K), 0.1450462 secs] [Times: user=0.87 sys=0.00, real=0.15 secs] 
6323.886: [GC (Allocation Failure) [PSYoungGen: 307456K->173472K(465920K)] 1264899K->1199256K(1864192K), 0.0584094 secs] [Times: user=0.35 sys=0.00, real=0.06 secs] 
6326.982: [GC (Allocation Failure) [PSYoungGen: 406432K->75104K(465920K)] 1432216K->1274144K(1864192K), 0.1406862 secs] [Times: user=0.84 sys=0.00, real=0.14 secs] 
6327.123: [Full GC (Ergonomics) [PSYoungGen: 75104K->0K(465920K)] [ParOldGen: 1199040K->83015K(1398272K)] 1274144K->83015K(1864192K), [Metaspace: 59680K->59680K(1105920K)], 0.2139647 secs] [Times: user=0.99 sys=0.00, real=0.22 secs] 
6327.635: [GC (Allocation Failure) [PSYoungGen: 232960K->192544K(465920K)] 315975K->275559K(1864192K), 0.0374993 secs] [Times: user=0.22 sys=0.00, real=0.03 secs] 
6329.944: [GC (Allocation Failure) [PSYoungGen: 425504K->80736K(465920K)] 508519K->339727K(1864192K), 0.1174054 secs] [Times: user=0.70 sys=0.00, real=0.11 secs] 
6331.182: [GC (Allocation Failure) [PSYoungGen: 308747K->199968K(465920K)] 567739K->533656K(1864192K), 0.0649161 secs] [Times: user=0.38 sys=0.00, real=0.07 secs] 
6333.892: [GC (Allocation Failure) [PSYoungGen: 432928K->83264K(465920K)] 766616K->580327K(1864192K), 0.1082410 secs] [Times: user=0.64 sys=0.00, real=0.11 secs] 
6335.300: [GC (Allocation Failure) [PSYoungGen: 316224K->160960K(465920K)] 813287K->734383K(1864192K), 0.0595143 secs] [Times: user=0.35 sys=0.00, real=0.06 secs] 
6337.503: [GC (Allocation Failure) [PSYoungGen: 393920K->93728K(465920K)] 967343K->828379K(1864192K), 0.1052803 secs] [Times: user=0.63 sys=0.00, real=0.11 secs] 
6338.900: [GC (Allocation Failure) [PSYoungGen: 326688K->150848K(465920K)] 1061339K->971991K(1864192K), 0.0597000 secs] [Times: user=0.36 sys=0.00, real=0.06 secs] 
6339.879: [GC (Allocation Failure) [PSYoungGen: 383808K->109216K(465920K)] 1204951K->1081447K(1864192K), 0.0922160 secs] [Times: user=0.55 sys=0.01, real=0.09 secs] 
6341.233: [GC (Allocation Failure) [PSYoungGen: 342176K->139232K(465920K)] 1314407K->1210468K(1864192K), 0.0623062 secs] [Times: user=0.36 sys=0.01, real=0.07 secs] 
6343.184: [GC (Allocation Failure) [PSYoungGen: 372192K->118912K(352256K)] 1443428K->1328996K(1750528K), 0.0778565 secs] [Times: user=0.46 sys=0.00, real=0.07 secs] 
6343.262: [Full GC (Ergonomics) [PSYoungGen: 118912K->0K(352256K)] [ParOldGen: 1210084K->133969K(1398272K)] 1328996K->133969K(1750528K), [Metaspace: 59680K->59680K(1105920K)], 0.3018998 secs] [Times: user=1.38 sys=0.00, real=0.31 secs] 
6344.823: [GC (Allocation Failure) [PSYoungGen: 232960K->128928K(468480K)] 366929K->262897K(1866752K), 0.0458766 secs] [Times: user=0.27 sys=0.00, real=0.05 secs] 
6347.430: [GC (Allocation Failure) [PSYoungGen: 371104K->132256K(459264K)] 505073K->395297K(1857536K), 0.0740168 secs] [Times: user=0.44 sys=0.00, real=0.08 secs] 
6348.790: [GC (Allocation Failure) [PSYoungGen: 374432K->2336K(452608K)] 637473K->265493K(1850880K), 0.0027281 secs] [Times: user=0.01 sys=0.00, real=0.00 secs] 
6352.144: [GC (Allocation Failure) [PSYoungGen: 245024K->147488K(465408K)] 508181K->411698K(1863680K), 0.0296295 secs] [Times: user=0.18 sys=0.00, real=0.02 secs] 
6353.442: [GC (Allocation Failure) [PSYoungGen: 390176K->106016K(460288K)] 654386K->508770K(1858560K), 0.0659414 secs] [Times: user=0.39 sys=0.00, real=0.07 secs] 
6356.136: [GC (Allocation Failure) [PSYoungGen: 357920K->171456K(467456K)] 760674K->678279K(1865728K), 0.0549625 secs] [Times: user=0.32 sys=0.01, real=0.05 secs] 
6357.636: [GC (Allocation Failure) [PSYoungGen: 423360K->102880K(476672K)] 930183K->772239K(1874944K), 0.0827490 secs] [Times: user=0.49 sys=0.00, real=0.08 secs] 
6359.091: [GC (Allocation Failure) [PSYoungGen: 356832K->182944K(437248K)] 1026191K->951520K(1835520K), 0.0537399 secs] [Times: user=0.32 sys=0.00, real=0.06 secs] 
6363.648: [GC (Allocation Failure) [PSYoungGen: 436896K->88224K(470528K)] 1205472K->1039456K(1868800K), 0.1642590 secs] [Times: user=0.98 sys=0.01, real=0.16 secs] 
6364.240: [GC (Allocation Failure) [PSYoungGen: 326304K->182112K(420352K)] 1277536K->1215636K(1818624K), 0.0604123 secs] [Times: user=0.36 sys=0.00, real=0.06 secs] 
6367.112: [GC (Allocation Failure) [PSYoungGen: 420192K->80416K(465920K)] 1453716K->1296300K(1864192K), 0.1278490 secs] [Times: user=0.75 sys=0.00, real=0.13 secs] 
6367.240: [Full GC (Ergonomics) [PSYoungGen: 80416K->0K(465920K)] [ParOldGen: 1215884K->94172K(1398272K)] 1296300K->94172K(1864192K), [Metaspace: 59680K->59680K(1105920K)], 0.2232472 secs] [Times: user=1.02 sys=0.00, real=0.22 secs] 
6368.665: [GC (Allocation Failure) [PSYoungGen: 232960K->165312K(465920K)] 327132K->259484K(1864192K), 0.0473772 secs] [Times: user=0.28 sys=0.00, real=0.04 secs] 
6370.606: [GC (Allocation Failure) [PSYoungGen: 398272K->89312K(465920K)] 492444K->349036K(1864192K), 0.1124981 secs] [Times: user=0.67 sys=0.00, real=0.11 secs] 
6372.213: [GC (Allocation Failure) [PSYoungGen: 322272K->155776K(465920K)] 581996K->497241K(1864192K), 0.0595697 secs] [Times: user=0.36 sys=0.00, real=0.06 secs] 
6373.020: [GC (Allocation Failure) [PSYoungGen: 388736K->104416K(459776K)] 730201K->601865K(1858048K), 0.0881738 secs] [Times: user=0.52 sys=0.00, real=0.09 secs] 
6374.403: [GC (Allocation Failure) [PSYoungGen: 337376K->143232K(462848K)] 834825K->734512K(1861120K), 0.0606266 secs] [Times: user=0.36 sys=0.00, real=0.07 secs] 
6376.528: [GC (Allocation Failure) [PSYoungGen: 376192K->118880K(453632K)] 967472K->853432K(1851904K), 0.0878690 secs] [Times: user=0.52 sys=0.01, real=0.09 secs] 
6377.983: [GC (Allocation Failure) [PSYoungGen: 362080K->137408K(460800K)] 1096632K->972177K(1859072K), 0.0615553 secs] [Times: user=0.37 sys=0.00, real=0.07 secs] 
6379.027: [GC (Allocation Failure) [PSYoungGen: 380608K->147008K(477184K)] 1215377K->1119305K(1875456K), 0.0604702 secs] [Times: user=0.36 sys=0.01, real=0.06 secs] 
6381.822: [GC (Allocation Failure) [PSYoungGen: 415808K->13920K(283136K)] 1388105K->986249K(1681408K), 0.0042948 secs] [Times: user=0.02 sys=0.00, real=0.01 secs] 
6384.261: [GC (Allocation Failure) [PSYoungGen: 282720K->181440K(455680K)] 1255049K->1165898K(1853952K), 0.0400228 secs] [Times: user=0.24 sys=0.01, real=0.04 secs] 
6386.407: [GC (Allocation Failure) [PSYoungGen: 414400K->81312K(465920K)] 1398858K->1247018K(1864192K), 0.0751380 secs] [Times: user=0.44 sys=0.01, real=0.07 secs] 
6386.482: [Full GC (Ergonomics) [PSYoungGen: 81312K->0K(465920K)] [ParOldGen: 1165706K->49977K(1398272K)] 1247018K->49977K(1864192K), [Metaspace: 59680K->59680K(1105920K)], 0.1048615 secs] [Times: user=0.43 sys=0.00, real=0.11 secs] 
6388.146: [GC (Allocation Failure) [PSYoungGen: 232960K->163712K(464896K)] 282937K->213689K(1863168K), 0.0693167 secs] [Times: user=0.41 sys=0.00, real=0.07 secs] 
6391.126: [GC (Allocation Failure) [PSYoungGen: 396672K->84576K(465920K)] 446649K->298113K(1864192K), 0.1052518 secs] [Times: user=0.62 sys=0.01, real=0.10 secs] 
6392.198: [GC (Allocation Failure) [PSYoungGen: 317536K->163904K(465408K)] 531073K->458662K(1863680K), 0.0959273 secs] [Times: user=0.57 sys=0.01, real=0.10 secs] 
6394.812: [GC (Allocation Failure) [PSYoungGen: 394821K->84896K(465920K)] 689579K->543002K(1864192K), 0.1658403 secs] [Times: user=0.98 sys=0.00, real=0.17 secs] 
6395.957: [GC (Allocation Failure) [PSYoungGen: 317856K->183360K(465920K)] 775962K->722911K(1864192K), 0.0554381 secs] [Times: user=0.33 sys=0.00, real=0.05 secs] 
6398.129: [GC (Allocation Failure) [PSYoungGen: 416320K->83872K(465920K)] 955871K->790256K(1864192K), 0.0953803 secs] [Times: user=0.57 sys=0.00, real=0.10 secs] 
6398.535: [GC (Allocation Failure) [PSYoungGen: 316832K->189888K(465920K)] 1023216K->974152K(1864192K), 0.0563707 secs] [Times: user=0.34 sys=0.00, real=0.05 secs] 
6401.142: [GC (Allocation Failure) [PSYoungGen: 422848K->78944K(465920K)] 1207112K->1036556K(1864192K), 0.1275804 secs] [Times: user=0.76 sys=0.01, real=0.13 secs] 
6401.945: [GC (Allocation Failure) [PSYoungGen: 311904K->174880K(465920K)] 1269516K->1205397K(1864192K), 0.0672313 secs] [Times: user=0.40 sys=0.01, real=0.06 secs] 
6405.303: [GC (Allocation Failure) [PSYoungGen: 407840K->79616K(465920K)] 1438357K->1285261K(1864192K), 0.1555691 secs] [Times: user=0.93 sys=0.00, real=0.16 secs] 
6405.458: [Full GC (Ergonomics) [PSYoungGen: 79616K->0K(465920K)] [ParOldGen: 1205645K->84811K(1398272K)] 1285261K->84811K(1864192K), [Metaspace: 59680K->59680K(1105920K)], 0.2191776 secs] [Times: user=1.03 sys=0.00, real=0.22 secs] 
6405.989: [GC (Allocation Failure) [PSYoungGen: 232960K->206880K(465920K)] 317771K->291691K(1864192K), 0.0370939 secs] [Times: user=0.22 sys=0.00, real=0.04 secs] 
6408.552: [GC (Allocation Failure) [PSYoungGen: 439840K->80704K(465920K)] 524651K->339235K(1864192K), 0.1149224 secs] [Times: user=0.68 sys=0.01, real=0.12 secs] 
6409.842: [GC (Allocation Failure) [PSYoungGen: 312894K->199872K(465920K)] 571425K->533024K(1864192K), 0.0647887 secs] [Times: user=0.39 sys=0.00, real=0.07 secs] 
6412.184: [GC (Allocation Failure) [PSYoungGen: 432832K->87456K(465920K)] 765984K->583568K(1864192K), 0.1043710 secs] [Times: user=0.62 sys=0.00, real=0.10 secs] 
6413.523: [GC (Allocation Failure) [PSYoungGen: 320416K->156768K(465920K)] 816528K->733548K(1864192K), 0.0595217 secs] [Times: user=0.36 sys=0.00, real=0.06 secs] 
6414.961: [GC (Allocation Failure) [PSYoungGen: 386058K->93664K(465920K)] 962839K->827444K(1864192K), 0.0983760 secs] [Times: user=0.59 sys=0.00, real=0.10 secs] 
6416.301: [GC (Allocation Failure) [PSYoungGen: 326624K->151104K(465920K)] 1060404K->971433K(1864192K), 0.0604570 secs] [Times: user=0.36 sys=0.00, real=0.06 secs] 
6417.747: [GC (Allocation Failure) [PSYoungGen: 384064K->102048K(465920K)] 1204393K->1073473K(1864192K), 0.0950863 secs] [Times: user=0.56 sys=0.01, real=0.09 secs] 
6419.096: [GC (Allocation Failure) [PSYoungGen: 335008K->146080K(465920K)] 1306433K->1208880K(1864192K), 0.0602309 secs] [Times: user=0.36 sys=0.00, real=0.06 secs] 
6420.708: [GC (Allocation Failure) [PSYoungGen: 379040K->115904K(465920K)] 1441840K->1324968K(1864192K), 0.0767769 secs] [Times: user=0.45 sys=0.00, real=0.08 secs] 
6420.785: [Full GC (Ergonomics) [PSYoungGen: 115904K->0K(465920K)] [ParOldGen: 1209064K->130004K(1398272K)] 1324968K->130004K(1864192K), [Metaspace: 59680K->59680K(1105920K)], 0.2915729 secs] [Times: user=1.33 sys=0.00, real=0.29 secs] 
6424.011: [GC (Allocation Failure) [PSYoungGen: 232960K->131520K(449536K)] 362964K->261524K(1847808K), 0.0453296 secs] [Times: user=0.27 sys=0.00, real=0.05 secs] 
6425.830: [GC (Allocation Failure) [PSYoungGen: 364480K->113440K(457728K)] 494484K->375292K(1856000K), 0.0865800 secs] [Times: user=0.51 sys=0.00, real=0.09 secs] 
6427.906: [GC (Allocation Failure) [PSYoungGen: 346400K->134336K(460800K)] 608252K->499105K(1859072K), 0.0607883 secs] [Times: user=0.36 sys=0.00, real=0.06 secs] 
6430.099: [GC (Allocation Failure) [PSYoungGen: 390848K->138048K(467968K)] 755617K->637177K(1866240K), 0.0647019 secs] [Times: user=0.38 sys=0.00, real=0.07 secs] 
6432.181: [GC (Allocation Failure) [PSYoungGen: 394560K->6752K(466432K)] 893689K->505917K(1864704K), 0.0026374 secs] [Times: user=0.01 sys=0.00, real=0.00 secs] 
6433.053: [GC (Allocation Failure) [PSYoungGen: 262666K->177248K(437248K)] 761832K->681854K(1835520K), 0.0356390 secs] [Times: user=0.21 sys=0.00, real=0.04 secs] 
6437.075: [GC (Allocation Failure) [PSYoungGen: 436832K->101184K(474112K)] 941438K->774478K(1872384K), 0.1187820 secs] [Times: user=0.71 sys=0.00, real=0.12 secs] 
6439.360: [GC (Allocation Failure) [PSYoungGen: 343360K->169888K(412160K)] 1016654K->940727K(1810432K), 0.0521401 secs] [Times: user=0.31 sys=0.00, real=0.05 secs] 
6442.253: [GC (Allocation Failure) [PSYoungGen: 408572K->84704K(470016K)] 1179412K->1025363K(1868288K), 0.1705412 secs] [Times: user=1.01 sys=0.01, real=0.17 secs] 
6443.163: [GC (Allocation Failure) [PSYoungGen: 322272K->171360K(409088K)] 1262931K->1193043K(1807360K), 0.0827833 secs] [Times: user=0.49 sys=0.00, real=0.09 secs] 
6446.146: [GC (Allocation Failure) [PSYoungGen: 408928K->81056K(465920K)] 1430611K->1274295K(1864192K), 0.1594563 secs] [Times: user=0.95 sys=0.00, real=0.16 secs] 
6446.306: [Full GC (Ergonomics) [PSYoungGen: 81056K->0K(465920K)] [ParOldGen: 1193239K->72178K(1398272K)] 1274295K->72178K(1864192K), [Metaspace: 59683K->59683K(1105920K)], 0.1904524 secs] [Times: user=0.89 sys=0.00, real=0.19 secs] 
6446.911: [GC (Allocation Failure) [PSYoungGen: 232960K->176448K(465920K)] 305138K->248626K(1864192K), 0.0379102 secs] [Times: user=0.23 sys=0.00, real=0.04 secs] 
6450.826: [GC (Allocation Failure) [PSYoungGen: 409408K->74656K(465920K)] 481586K->323534K(1864192K), 0.1516725 secs] [Times: user=0.90 sys=0.00, real=0.15 secs] 
6452.173: [GC (Allocation Failure) [PSYoungGen: 307616K->176096K(465920K)] 556494K->492667K(1864192K), 0.1485866 secs] [Times: user=0.89 sys=0.00, real=0.15 secs] 
6455.287: [GC (Allocation Failure) [PSYoungGen: 409056K->75552K(465920K)] 725627K->568427K(1864192K), 0.1325020 secs] [Times: user=0.78 sys=0.00, real=0.13 secs] 
6456.578: [GC (Allocation Failure) [PSYoungGen: 308512K->190432K(465920K)] 801387K->752244K(1864192K), 0.0803959 secs] [Times: user=0.48 sys=0.00, real=0.08 secs] 
6459.831: [GC (Allocation Failure) [PSYoungGen: 423392K->80448K(465920K)] 985204K->815320K(1864192K), 0.1361988 secs] [Times: user=0.81 sys=0.00, real=0.14 secs] 
6461.382: [GC (Allocation Failure) [PSYoungGen: 313408K->188864K(465920K)] 1048280K->993481K(1864192K), 0.0639961 secs] [Times: user=0.38 sys=0.00, real=0.07 secs] 
6463.261: [GC (Allocation Failure) [PSYoungGen: 421824K->85152K(465920K)] 1226441K->1058113K(1864192K), 0.0978028 secs] [Times: user=0.58 sys=0.00, real=0.10 secs] 
6465.845: [GC (Allocation Failure) [PSYoungGen: 318112K->159104K(465920K)] 1291073K->1210037K(1864192K), 0.0599605 secs] [Times: user=0.36 sys=0.00, real=0.06 secs] 
6467.291: [GC (Allocation Failure) [PSYoungGen: 389995K->93568K(465920K)] 1440928K->1303733K(1864192K), 0.1025644 secs] [Times: user=0.61 sys=0.00, real=0.10 secs] 
6467.393: [Full GC (Ergonomics) [PSYoungGen: 93568K->0K(465920K)] [ParOldGen: 1210165K->107693K(1398272K)] 1303733K->107693K(1864192K), [Metaspace: 59683K->59683K(1105920K)], 0.2572677 secs] [Times: user=1.18 sys=0.00, real=0.26 secs] 
6469.899: [GC (Allocation Failure) [PSYoungGen: 232960K->151072K(465920K)] 340653K->258765K(1864192K), 0.0430166 secs] [Times: user=0.26 sys=0.00, real=0.04 secs] 
6471.279: [GC (Allocation Failure) [PSYoungGen: 377929K->93536K(465920K)] 485623K->352225K(1864192K), 0.0864095 secs] [Times: user=0.50 sys=0.01, real=0.09 secs] 
6473.583: [GC (Allocation Failure) [PSYoungGen: 326496K->150784K(465920K)] 585185K->496006K(1864192K), 0.0602338 secs] [Times: user=0.36 sys=0.00, real=0.06 secs] 
6475.743: [GC (Allocation Failure) [PSYoungGen: 383744K->107616K(463872K)] 728966K->603790K(1862144K), 0.0962901 secs] [Times: user=0.57 sys=0.00, real=0.10 secs] 
6477.645: [GC (Allocation Failure) [PSYoungGen: 340576K->149504K(464896K)] 836750K->733837K(1863168K), 0.0607804 secs] [Times: user=0.36 sys=0.01, real=0.06 secs] 
6479.606: [GC (Allocation Failure) [PSYoungGen: 382464K->106432K(454144K)] 966797K->840093K(1852416K), 0.0913773 secs] [Times: user=0.54 sys=0.00, real=0.09 secs] 
6481.873: [GC (Allocation Failure) [PSYoungGen: 342976K->141472K(460288K)] 1076637K->971112K(1858560K), 0.0606631 secs] [Times: user=0.36 sys=0.00, real=0.06 secs] 
6483.423: [GC (Allocation Failure) [PSYoungGen: 378016K->118304K(457728K)] 1207656K->1089568K(1856000K), 0.0777380 secs] [Times: user=0.47 sys=0.00, real=0.08 secs] 
6484.821: [GC (Allocation Failure) [PSYoungGen: 373792K->2432K(467456K)] 1345056K->973792K(1865728K), 0.0034507 secs] [Times: user=0.01 sys=0.00, real=0.01 secs] 
6485.651: [GC (Allocation Failure) [PSYoungGen: 257920K->168960K(457728K)] 1229280K->1142076K(1856000K), 0.0375638 secs] [Times: user=0.22 sys=0.00, real=0.04 secs] 
6487.688: [GC (Allocation Failure) [PSYoungGen: 400916K->90464K(465920K)] 1374032K->1224380K(1864192K), 0.0699226 secs] [Times: user=0.41 sys=0.00, real=0.07 secs] 
6489.600: [GC (Allocation Failure) [PSYoungGen: 323424K->164288K(460288K)] 1457340K->1386208K(1858560K), 0.0503663 secs] [Times: user=0.29 sys=0.00, real=0.05 secs] 
6489.650: [Full GC (Ergonomics) [PSYoungGen: 164288K->0K(460288K)] [ParOldGen: 1221920K->190416K(1398272K)] 1386208K->190416K(1858560K), [Metaspace: 59683K->59683K(1105920K)], 0.4560772 secs] [Times: user=2.13 sys=0.00, real=0.46 secs] 
6491.303: [GC (Allocation Failure) [PSYoungGen: 232960K->92800K(465920K)] 423376K->283216K(1864192K), 0.0302926 secs] [Times: user=0.17 sys=0.00, real=0.03 secs] 
6493.066: [GC (Allocation Failure) [PSYoungGen: 324617K->164192K(460800K)] 515034K->444369K(1859072K), 0.0493557 secs] [Times: user=0.29 sys=0.00, real=0.05 secs] 
6494.428: [GC (Allocation Failure) [PSYoungGen: 397152K->92864K(465920K)] 677329K->528377K(1864192K), 0.0670092 secs] [Times: user=0.40 sys=0.00, real=0.07 secs] 
6496.062: [GC (Allocation Failure) [PSYoungGen: 315319K->160096K(461824K)] 750832K->682898K(1860096K), 0.0479886 secs] [Times: user=0.28 sys=0.00, real=0.05 secs] 
6497.969: [GC (Allocation Failure) [PSYoungGen: 394080K->89376K(465920K)] 916882K->763346K(1864192K), 0.0867936 secs] [Times: user=0.52 sys=0.00, real=0.09 secs] 
6498.747: [GC (Allocation Failure) [PSYoungGen: 315131K->159744K(461824K)] 989101K->921580K(1860096K), 0.0573104 secs] [Times: user=0.34 sys=0.01, real=0.06 secs] 
6501.025: [GC (Allocation Failure) [PSYoungGen: 393116K->89440K(465920K)] 1154952K->1002468K(1864192K), 0.0908971 secs] [Times: user=0.54 sys=0.00, real=0.09 secs] 
6502.579: [GC (Allocation Failure) [PSYoungGen: 316143K->159776K(463872K)] 1229171K->1160012K(1862144K), 0.0486305 secs] [Times: user=0.28 sys=0.00, real=0.05 secs] 
6504.104: [GC (Allocation Failure) [PSYoungGen: 397344K->93024K(467456K)] 1397580K->1244460K(1865728K), 0.0772779 secs] [Times: user=0.46 sys=0.00, real=0.07 secs] 
6505.844: [GC (Allocation Failure) [PSYoungGen: 330592K->168352K(459776K)] 1482028K->1408905K(1858048K), 0.0503522 secs] [Times: user=0.30 sys=0.00, real=0.05 secs] 
6505.895: [Full GC (Ergonomics) [PSYoungGen: 168352K->0K(459776K)] [ParOldGen: 1240553K->207895K(1398272K)] 1408905K->207895K(1858048K), [Metaspace: 59683K->59683K(1105920K)], 0.4804041 secs] [Times: user=2.25 sys=0.00, real=0.48 secs] 
6508.417: [GC (Allocation Failure) [PSYoungGen: 235008K->84032K(466944K)] 442903K->291927K(1865216K), 0.1741876 secs] [Times: user=1.04 sys=0.00, real=0.17 secs] 
6509.425: [GC (Allocation Failure) [PSYoungGen: 319040K->170464K(461312K)] 526935K->458404K(1859584K), 0.0540054 secs] [Times: user=0.32 sys=0.00, real=0.05 secs] 
6511.903: [GC (Allocation Failure) [PSYoungGen: 403424K->82208K(465920K)] 691364K->540548K(1864192K), 0.1536633 secs] [Times: user=0.91 sys=0.00, real=0.16 secs] 
6513.409: [GC (Allocation Failure) [PSYoungGen: 315168K->164640K(465408K)] 773508K->701454K(1863680K), 0.1155606 secs] [Times: user=0.69 sys=0.00, real=0.12 secs] 
6517.069: [GC (Allocation Failure) [PSYoungGen: 393867K->78848K(465920K)] 930681K->780430K(1864192K), 0.1826576 secs] [Times: user=1.09 sys=0.00, real=0.18 secs] 
6518.183: [GC (Allocation Failure) [PSYoungGen: 311808K->170624K(465920K)] 1013390K->946171K(1864192K), 0.0552191 secs] [Times: user=0.33 sys=0.00, real=0.06 secs] 
6520.992: [GC (Allocation Failure) [PSYoungGen: 403584K->77376K(465920K)] 1179131K->1023531K(1864192K), 0.1701828 secs] [Times: user=1.01 sys=0.01, real=0.17 secs] 
6521.835: [GC (Allocation Failure) [PSYoungGen: 310336K->173888K(465920K)] 1256491K->1190856K(1864192K), 0.0546421 secs] [Times: user=0.33 sys=0.00, real=0.05 secs] 
6524.683: [GC (Allocation Failure) [PSYoungGen: 406848K->76512K(465920K)] 1423816K->1267040K(1864192K), 0.1727826 secs] [Times: user=1.03 sys=0.00, real=0.18 secs] 
6524.856: [Full GC (Ergonomics) [PSYoungGen: 76512K->0K(465920K)] [ParOldGen: 1190528K->73833K(1398272K)] 1267040K->73833K(1864192K), [Metaspace: 59683K->59683K(1105920K)], 0.1998987 secs] [Times: user=0.95 sys=0.00, real=0.20 secs] 
6525.566: [GC (Allocation Failure) [PSYoungGen: 232960K->177344K(465920K)] 306793K->251177K(1864192K), 0.0376746 secs] [Times: user=0.22 sys=0.00, real=0.04 secs] 
6528.241: [GC (Allocation Failure) [PSYoungGen: 410304K->79392K(465920K)] 484137K->330829K(1864192K), 0.1217277 secs] [Times: user=0.72 sys=0.00, real=0.12 secs] 
6529.581: [GC (Allocation Failure) [PSYoungGen: 312352K->207104K(465920K)] 563789K->531130K(1864192K), 0.0842434 secs] [Times: user=0.51 sys=0.00, real=0.09 secs] 
6531.189: [GC (Allocation Failure) [PSYoungGen: 440064K->86496K(465920K)] 764090K->584658K(1864192K), 0.1171230 secs] [Times: user=0.69 sys=0.01, real=0.12 secs] 
6534.029: [GC (Allocation Failure) [PSYoungGen: 319383K->194592K(465920K)] 817546K->773207K(1864192K), 0.0663729 secs] [Times: user=0.39 sys=0.00, real=0.07 secs] 
6535.032: [GC (Allocation Failure) [PSYoungGen: 427552K->91904K(465920K)] 1006167K->828287K(1864192K), 0.0652518 secs] [Times: user=0.39 sys=0.01, real=0.07 secs] 
6538.107: [GC (Allocation Failure) [PSYoungGen: 324864K->152128K(465920K)] 1061247K->973810K(1864192K), 0.0603724 secs] [Times: user=0.36 sys=0.00, real=0.06 secs] 
6539.062: [GC (Allocation Failure) [PSYoungGen: 384414K->93920K(465920K)] 1206097K->1067962K(1864192K), 0.0918214 secs] [Times: user=0.54 sys=0.00, real=0.10 secs] 
6541.622: [GC (Allocation Failure) [PSYoungGen: 326880K->150784K(465920K)] 1300922K->1211421K(1864192K), 0.0607411 secs] [Times: user=0.36 sys=0.00, real=0.06 secs] 
6542.362: [GC (Allocation Failure) [PSYoungGen: 383744K->116288K(465920K)] 1444381K->1327941K(1864192K), 0.0992626 secs] [Times: user=0.59 sys=0.00, real=0.10 secs] 
6542.461: [Full GC (Ergonomics) [PSYoungGen: 116288K->0K(465920K)] [ParOldGen: 1211653K->123205K(1398272K)] 1327941K->123205K(1864192K), [Metaspace: 59683K->59683K(1105920K)], 0.2856223 secs] [Times: user=1.31 sys=0.00, real=0.29 secs] 
6544.017: [GC (Allocation Failure) [PSYoungGen: 232960K->140480K(465920K)] 356165K->263685K(1864192K), 0.0516497 secs] [Times: user=0.31 sys=0.00, real=0.05 secs] 
6546.115: [GC (Allocation Failure) [PSYoungGen: 373440K->117216K(350208K)] 496645K->380397K(1748480K), 0.0918376 secs] [Times: user=0.55 sys=0.00, real=0.09 secs] 
6547.538: [GC (Allocation Failure) [PSYoungGen: 350176K->131040K(466432K)] 613357K->501196K(1864704K), 0.0619531 secs] [Times: user=0.36 sys=0.00, real=0.06 secs] 
6550.037: [GC (Allocation Failure) [PSYoungGen: 372704K->126752K(457728K)] 742860K->627420K(1856000K), 0.0703137 secs] [Times: user=0.41 sys=0.00, real=0.07 secs] 
6551.473: [GC (Allocation Failure) [PSYoungGen: 368416K->2176K(452096K)] 869084K->502912K(1850368K), 0.0040890 secs] [Times: user=0.02 sys=0.00, real=0.01 secs] 
6552.808: [GC (Allocation Failure) [PSYoungGen: 246400K->166880K(465920K)] 747136K->668881K(1864192K), 0.0317546 secs] [Times: user=0.18 sys=0.00, real=0.03 secs] 
6554.333: [GC (Allocation Failure) [PSYoungGen: 411104K->14176K(462848K)] 913105K->516265K(1861120K), 0.0043145 secs] [Times: user=0.02 sys=0.00, real=0.01 secs] 
6556.524: [GC (Allocation Failure) [PSYoungGen: 247136K->162528K(465920K)] 749225K->676150K(1864192K), 0.0349881 secs] [Times: user=0.21 sys=0.00, real=0.03 secs] 
6557.789: [GC (Allocation Failure) [PSYoungGen: 395488K->96256K(465920K)] 909110K->763726K(1864192K), 0.0677184 secs] [Times: user=0.40 sys=0.00, real=0.07 secs] 
6560.237: [GC (Allocation Failure) [PSYoungGen: 327423K->161600K(465920K)] 994893K->923087K(1864192K), 0.0510744 secs] [Times: user=0.30 sys=0.00, real=0.05 secs] 
6561.764: [GC (Allocation Failure) [PSYoungGen: 394560K->90624K(464896K)] 1156047K->1005223K(1863168K), 0.0660935 secs] [Times: user=0.40 sys=0.00, real=0.07 secs] 
6563.950: [GC (Allocation Failure) [PSYoungGen: 313623K->159776K(465408K)] 1228222K->1161492K(1863680K), 0.0485062 secs] [Times: user=0.29 sys=0.00, real=0.05 secs] 
6565.211: [GC (Allocation Failure) [PSYoungGen: 392736K->92800K(461824K)] 1394452K->1245676K(1860096K), 0.0673761 secs] [Times: user=0.40 sys=0.00, real=0.07 secs] 
6567.410: [GC (Allocation Failure) [PSYoungGen: 321486K->158048K(463872K)] 1474362K->1400184K(1862144K), 0.0486612 secs] [Times: user=0.29 sys=0.00, real=0.05 secs] 
6567.459: [Full GC (Ergonomics) [PSYoungGen: 158048K->0K(463872K)] [ParOldGen: 1242136K->196563K(1398272K)] 1400184K->196563K(1862144K), [Metaspace: 59683K->59683K(1105920K)], 0.4779181 secs] [Times: user=2.24 sys=0.01, real=0.48 secs] 
6569.121: [GC (Allocation Failure) [PSYoungGen: 233472K->90848K(460800K)] 430035K->287411K(1859072K), 0.0294434 secs] [Times: user=0.17 sys=0.00, real=0.03 secs] 
6570.345: [GC (Allocation Failure) [PSYoungGen: 316331K->160192K(463360K)] 512894K->443880K(1861632K), 0.0472727 secs] [Times: user=0.27 sys=0.01, real=0.04 secs] 
6571.615: [GC (Allocation Failure) [PSYoungGen: 395712K->93600K(463360K)] 679400K->528368K(1861632K), 0.0656121 secs] [Times: user=0.39 sys=0.00, real=0.06 secs] 
6573.119: [GC (Allocation Failure) [PSYoungGen: 332192K->168832K(464896K)] 766960K->693965K(1863168K), 0.0511767 secs] [Times: user=0.30 sys=0.00, real=0.05 secs] 
6575.305: [GC (Allocation Failure) [PSYoungGen: 407424K->87328K(468992K)] 932557K->781013K(1867264K), 0.1199149 secs] [Times: user=0.72 sys=0.00, real=0.12 secs] 
6576.235: [GC (Allocation Failure) [PSYoungGen: 323872K->166656K(465920K)] 1017557K->943598K(1864192K), 0.0559071 secs] [Times: user=0.33 sys=0.00, real=0.05 secs] 
6577.692: [GC (Allocation Failure) [PSYoungGen: 403200K->87456K(467456K)] 1180142K->1030554K(1865728K), 0.0976601 secs] [Times: user=0.57 sys=0.00, real=0.10 secs] 
6578.200: [GC (Allocation Failure) [PSYoungGen: 322464K->177856K(465920K)] 1265562K->1201793K(1864192K), 0.0582098 secs] [Times: user=0.35 sys=0.00, real=0.06 secs] 
6579.597: [GC (Allocation Failure) [PSYoungGen: 412864K->80544K(465920K)] 1436801K->1282445K(1864192K), 0.0783181 secs] [Times: user=0.46 sys=0.00, real=0.08 secs] 
6579.676: [Full GC (Ergonomics) [PSYoungGen: 80544K->0K(465920K)] [ParOldGen: 1201901K->82757K(1398272K)] 1282445K->82757K(1864192K), [Metaspace: 59683K->59683K(1105920K)], 0.1862368 secs] [Times: user=0.82 sys=0.01, real=0.18 secs] 
6580.407: [GC (Allocation Failure) [PSYoungGen: 232960K->168256K(465920K)] 315717K->251013K(1864192K), 0.0788138 secs] [Times: user=0.47 sys=0.01, real=0.08 secs] 
Heap
 PSYoungGen      total 465920K, used 270354K [0x00000000d5580000, 0x0000000100000000, 0x0000000100000000)
  eden space 23296