5.231: [GC (Allocation Failure) [PSYoungGen: 128000K->12447K(148992K)] 128000K->12527K(488960K), 0.0148519 secs] [Times: user=0.02 sys=0.00, real=0.02 secs] 
5.635: [GC (Metadata GC Threshold) [PSYoungGen: 48844K->6092K(148992K)] 48924K->6188K(488960K), 0.0045696 secs] [Times: user=0.02 sys=0.00, real=0.00 secs] 
5.639: [Full GC (Metadata GC Threshold) [PSYoungGen: 6092K->0K(148992K)] [ParOldGen: 96K->5940K(134144K)] 6188K->5940K(283136K), [Metaspace: 20451K->20451K(1067008K)], 0.0206045 secs] [Times: user=0.06 sys=0.01, real=0.02 secs] 
7.006: [GC (Allocation Failure) [PSYoungGen: 128000K->9813K(148992K)] 133940K->15761K(283136K), 0.0037582 secs] [Times: user=0.01 sys=0.00, real=0.00 secs] 
7.668: [GC (Metadata GC Threshold) [PSYoungGen: 39442K->4644K(148992K)] 45390K->10600K(283136K), 0.0033530 secs] [Times: user=0.02 sys=0.00, real=0.00 secs] 
7.671: [Full GC (Metadata GC Threshold) [PSYoungGen: 4644K->0K(148992K)] [ParOldGen: 5956K->8884K(219136K)] 10600K->8884K(368128K), [Metaspace: 33741K->33741K(1079296K)], 0.0294025 secs] [Times: user=0.08 sys=0.01, real=0.03 secs] 
9.126: [GC (Allocation Failure) [PSYoungGen: 128000K->12759K(148992K)] 136884K->21652K(368128K), 0.0050534 secs] [Times: user=0.02 sys=0.00, real=0.00 secs] 
10.058: [GC (Allocation Failure) [PSYoungGen: 139166K->14226K(185856K)] 148059K->55895K(404992K), 0.0238069 secs] [Times: user=0.11 sys=0.01, real=0.02 secs] 
11.054: [GC (Allocation Failure) [PSYoungGen: 175300K->4503K(187904K)] 216968K->111716K(407040K), 0.0140605 secs] [Times: user=0.07 sys=0.01, real=0.01 secs] 
11.703: [GC (Allocation Failure) [PSYoungGen: 161463K->4519K(281088K)] 268675K->177276K(500224K), 0.0096596 secs] [Times: user=0.04 sys=0.02, real=0.01 secs] 
11.713: [Full GC (Ergonomics) [PSYoungGen: 4519K->0K(281088K)] [ParOldGen: 172756K->159517K(498176K)] 177276K->159517K(779264K), [Metaspace: 52351K->52351K(1097728K)], 0.0717062 secs] [Times: user=0.31 sys=0.01, real=0.08 secs] 
12.418: [GC (Allocation Failure) [PSYoungGen: 263168K->1555K(281088K)] 422685K->259385K(779264K), 0.0087368 secs] [Times: user=0.05 sys=0.00, real=0.01 secs] 
13.853: [GC (Allocation Failure) [PSYoungGen: 264723K->17466K(352768K)] 522553K->276328K(850944K), 0.0043938 secs] [Times: user=0.02 sys=0.00, real=0.01 secs] 
15.969: [GC (Allocation Failure) [PSYoungGen: 352314K->1914K(358400K)] 611176K->260784K(856576K), 0.0029888 secs] [Times: user=0.01 sys=0.00, real=0.00 secs] 
19.356: [GC (Allocation Failure) [PSYoungGen: 339834K->2229K(419328K)] 598704K->261107K(917504K), 0.0037935 secs] [Times: user=0.01 sys=0.00, real=0.00 secs] 
20.886: [GC (Allocation Failure) [PSYoungGen: 406073K->6205K(427008K)] 664951K->265091K(925184K), 0.0043972 secs] [Times: user=0.01 sys=0.00, real=0.00 secs] 
22.191: [GC (Allocation Failure) [PSYoungGen: 412733K->2074K(482304K)] 671619K->260968K(980480K), 0.0024551 secs] [Times: user=0.01 sys=0.01, real=0.01 secs] 
27.515: [GC (Allocation Failure) [PSYoungGen: 474650K->2109K(491520K)] 733544K->261003K(989696K), 0.0018686 secs] [Times: user=0.00 sys=0.00, real=0.00 secs] 
29.689: [GC (Allocation Failure) [PSYoungGen: 474685K->2074K(536064K)] 733579K->260976K(1034240K), 0.0023605 secs] [Times: user=0.01 sys=0.00, real=0.00 secs] 
32.499: [GC (Allocation Failure) [PSYoungGen: 528922K->2141K(545280K)] 787824K->261043K(1043456K), 0.0039802 secs] [Times: user=0.01 sys=0.01, real=0.00 secs] 
38.732: [GC (Allocation Failure) [PSYoungGen: 528989K->2109K(569856K)] 787891K->261019K(1068032K), 0.0061564 secs] [Times: user=0.03 sys=0.00, real=0.01 secs] 
42.918: [GC (Allocation Failure) [PSYoungGen: 560701K->2109K(575488K)] 819611K->261019K(1073664K), 0.0031452 secs] [Times: user=0.01 sys=0.00, real=0.00 secs] 
46.780: [GC (Allocation Failure) [PSYoungGen: 560701K->2141K(595456K)] 819611K->261051K(1093632K), 0.0031290 secs] [Times: user=0.01 sys=0.00, real=0.00 secs] 
49.566: [GC (Allocation Failure) [PSYoungGen: 585821K->2109K(599552K)] 844731K->261019K(1097728K), 0.0036235 secs] [Times: user=0.02 sys=0.01, real=0.00 secs] 
51.930: [GC (Allocation Failure) [PSYoungGen: 585789K->2234K(619520K)] 844699K->261152K(1117696K), 0.0025285 secs] [Times: user=0.01 sys=0.00, real=0.00 secs] 
53.939: [GC (Allocation Failure) [PSYoungGen: 609978K->2170K(622080K)] 868896K->261096K(1120256K), 0.0020032 secs] [Times: user=0.01 sys=0.00, real=0.00 secs] 
56.347: [GC (Allocation Failure) [PSYoungGen: 609914K->2205K(640000K)] 868840K->261224K(1138176K), 0.0021055 secs] [Times: user=0.01 sys=0.00, real=0.00 secs] 
58.268: [GC (Allocation Failure) [PSYoungGen: 631453K->1933K(642560K)] 890472K->261206K(1140736K), 0.0024631 secs] [Times: user=0.01 sys=0.00, real=0.00 secs] 
62.506: [GC (Allocation Failure) [PSYoungGen: 631181K->6064K(655360K)] 890454K->265353K(1153536K), 0.0028887 secs] [Times: user=0.01 sys=0.01, real=0.00 secs] 
67.171: [GC (Allocation Failure) [PSYoungGen: 650672K->1696K(624128K)] 909961K->261177K(1122304K), 0.0024187 secs] [Times: user=0.01 sys=0.00, real=0.01 secs] 
70.848: [GC (Allocation Failure) [PSYoungGen: 623776K->1680K(602624K)] 883257K->261209K(1100800K), 0.0031580 secs] [Times: user=0.00 sys=0.00, real=0.00 secs] 
75.065: [GC (Allocation Failure) [PSYoungGen: 602256K->1728K(582144K)] 861785K->261265K(1080320K), 0.0033005 secs] [Times: user=0.01 sys=0.00, real=0.00 secs] 
78.925: [GC (Allocation Failure) [PSYoungGen: 581824K->1696K(562688K)] 841361K->261289K(1060864K), 0.0026527 secs] [Times: user=0.01 sys=0.01, real=0.00 secs] 
82.192: [GC (Allocation Failure) [PSYoungGen: 562336K->1696K(544256K)] 821929K->261329K(1042432K), 0.0021955 secs] [Times: user=0.01 sys=0.00, real=0.01 secs] 
84.519: [GC (Allocation Failure) [PSYoungGen: 543904K->1680K(526336K)] 803537K->261337K(1024512K), 0.0021411 secs] [Times: user=0.00 sys=0.00, real=0.00 secs] 
86.653: [GC (Allocation Failure) [PSYoungGen: 525968K->1696K(509440K)] 785625K->261401K(1007616K), 0.0021356 secs] [Times: user=0.00 sys=0.00, real=0.01 secs] 
89.655: [GC (Allocation Failure) [PSYoungGen: 509088K->1712K(493056K)] 768793K->261465K(991232K), 0.0035682 secs] [Times: user=0.01 sys=0.00, real=0.00 secs] 
92.096: [GC (Allocation Failure) [PSYoungGen: 492720K->1680K(477696K)] 752473K->261449K(975872K), 0.0023861 secs] [Times: user=0.00 sys=0.00, real=0.00 secs] 
95.355: [GC (Allocation Failure) [PSYoungGen: 477328K->5776K(466944K)] 737097K->265553K(965120K), 0.0040384 secs] [Times: user=0.01 sys=0.00, real=0.00 secs] 
97.911: [GC (Allocation Failure) [PSYoungGen: 466576K->1709K(448512K)] 726353K->261518K(946688K), 0.0016816 secs] [Times: user=0.01 sys=0.00, real=0.00 secs] 
99.380: [GC (Allocation Failure) [PSYoungGen: 448173K->1613K(434688K)] 707982K->261446K(932864K), 0.0014922 secs] [Times: user=0.01 sys=0.00, real=0.00 secs] 
102.499: [GC (Allocation Failure) [PSYoungGen: 434253K->1584K(421888K)] 694086K->261457K(920064K), 0.0027401 secs] [Times: user=0.00 sys=0.00, real=0.00 secs] 
104.928: [GC (Allocation Failure) [PSYoungGen: 421424K->1728K(409600K)] 681297K->261625K(907776K), 0.0034623 secs] [Times: user=0.01 sys=0.00, real=0.00 secs] 
107.460: [GC (Allocation Failure) [PSYoungGen: 409280K->1696K(397824K)] 669177K->261641K(896000K), 0.0018121 secs] [Times: user=0.00 sys=0.00, real=0.00 secs] 
109.766: [GC (Allocation Failure) [PSYoungGen: 397472K->1581K(386560K)] 657417K->261558K(884736K), 0.0019695 secs] [Times: user=0.01 sys=0.00, real=0.00 secs] 
111.173: [GC (Allocation Failure) [PSYoungGen: 386093K->1584K(375808K)] 646070K->261577K(873984K), 0.0020563 secs] [Times: user=0.01 sys=0.00, real=0.00 secs] 
112.763: [GC (Allocation Failure) [PSYoungGen: 375344K->5760K(369152K)] 635337K->265785K(867328K), 0.0021827 secs] [Times: user=0.01 sys=0.00, real=0.01 secs] 
114.577: [GC (Allocation Failure) [PSYoungGen: 368768K->1517K(354304K)] 628793K->261558K(852480K), 0.0017799 secs] [Times: user=0.01 sys=0.00, real=0.00 secs] 
117.108: [GC (Allocation Failure) [PSYoungGen: 354285K->1536K(345088K)] 614326K->261593K(843264K), 0.0027447 secs] [Times: user=0.01 sys=0.00, real=0.00 secs] 
118.686: [GC (Allocation Failure) [PSYoungGen: 344576K->1677K(335872K)] 604633K->261766K(834048K), 0.0019246 secs] [Times: user=0.00 sys=0.00, real=0.00 secs] 
123.005: [GC (Allocation Failure) [PSYoungGen: 335501K->1485K(326656K)] 595590K->261582K(824832K), 0.0019933 secs] [Times: user=0.00 sys=0.00, real=0.00 secs] 
125.679: [GC (Allocation Failure) [PSYoungGen: 326605K->1664K(318464K)] 586702K->278185K(816640K), 0.0064173 secs] [Times: user=0.03 sys=0.00, real=0.01 secs] 
128.150: [GC (Allocation Failure) [PSYoungGen: 318080K->1584K(310272K)] 594601K->278121K(808448K), 0.0018053 secs] [Times: user=0.00 sys=0.00, real=0.00 secs] 
130.687: [GC (Allocation Failure) [PSYoungGen: 309808K->1584K(302592K)] 586345K->278137K(800768K), 0.0032052 secs] [Times: user=0.02 sys=0.00, real=0.00 secs] 
132.504: [GC (Allocation Failure) [PSYoungGen: 302128K->1677K(294912K)] 578681K->278230K(793088K), 0.0018085 secs] [Times: user=0.01 sys=0.00, real=0.00 secs] 
135.889: [GC (Allocation Failure) [PSYoungGen: 294541K->1456K(287232K)] 571094K->278025K(785408K), 0.0033771 secs] [Times: user=0.01 sys=0.00, real=0.00 secs] 
137.184: [GC (Allocation Failure) [PSYoungGen: 287152K->1709K(280576K)] 563721K->278294K(778752K), 0.0017813 secs] [Times: user=0.01 sys=0.00, real=0.00 secs] 
141.232: [GC (Allocation Failure) [PSYoungGen: 280237K->1440K(273408K)] 556822K->278033K(771584K), 0.0032260 secs] [Times: user=0.01 sys=0.00, real=0.01 secs] 
142.386: [GC (Allocation Failure) [PSYoungGen: 273312K->1677K(267264K)] 549905K->278278K(765440K), 0.0020266 secs] [Times: user=0.01 sys=0.00, real=0.00 secs] 
144.064: [GC (Allocation Failure) [PSYoungGen: 266893K->1472K(260608K)] 543494K->278073K(758784K), 0.0021880 secs] [Times: user=0.01 sys=0.00, real=0.00 secs] 
145.222: [GC (Allocation Failure) [PSYoungGen: 260512K->1709K(254976K)] 537113K->278310K(753152K), 0.0017175 secs] [Times: user=0.01 sys=0.00, real=0.01 secs] 
147.683: [GC (Allocation Failure) [PSYoungGen: 254637K->1424K(248832K)] 531238K->278033K(747008K), 0.0025107 secs] [Times: user=0.01 sys=0.00, real=0.01 secs] 
150.089: [GC (Allocation Failure) [PSYoungGen: 248720K->1613K(243712K)] 525329K->278230K(741888K), 0.0019763 secs] [Times: user=0.01 sys=0.00, real=0.00 secs] 
151.779: [GC (Allocation Failure) [PSYoungGen: 243277K->1488K(237568K)] 519894K->278129K(735744K), 0.0021473 secs] [Times: user=0.01 sys=0.00, real=0.00 secs] 
153.511: [GC (Allocation Failure) [PSYoungGen: 237520K->1517K(232448K)] 514161K->278158K(730624K), 0.0023527 secs] [Times: user=0.01 sys=0.00, real=0.00 secs] 
155.431: [GC (Allocation Failure) [PSYoungGen: 232429K->1600K(227840K)] 509070K->286473K(726016K), 0.0060215 secs] [Times: user=0.02 sys=0.00, real=0.01 secs] 
159.117: [GC (Allocation Failure) [PSYoungGen: 227392K->1469K(222720K)] 512265K->286358K(720896K), 0.0025263 secs] [Times: user=0.01 sys=0.01, real=0.00 secs] 
159.572: [GC (Allocation Failure) [PSYoungGen: 222653K->1648K(218624K)] 507542K->286561K(716800K), 0.0017543 secs] [Times: user=0.01 sys=0.00, real=0.01 secs] 
161.519: [GC (Allocation Failure) [PSYoungGen: 218224K->1456K(213504K)] 503137K->286377K(711680K), 0.0025964 secs] [Times: user=0.01 sys=0.00, real=0.00 secs] 
163.192: [GC (Allocation Failure) [PSYoungGen: 213424K->1485K(208896K)] 498345K->286406K(707072K), 0.0017765 secs] [Times: user=0.01 sys=0.00, real=0.01 secs] 
163.801: [GC (Allocation Failure) [PSYoungGen: 208845K->1536K(205312K)] 493766K->286465K(703488K), 0.0018036 secs] [Times: user=0.00 sys=0.00, real=0.01 secs] 
166.180: [GC (Allocation Failure) [PSYoungGen: 204800K->1408K(200704K)] 489729K->286337K(698880K), 0.0033546 secs] [Times: user=0.01 sys=0.00, real=0.01 secs] 
167.025: [GC (Allocation Failure) [PSYoungGen: 200576K->1581K(197120K)] 485505K->286534K(695296K), 0.0017515 secs] [Times: user=0.01 sys=0.00, real=0.00 secs] 
168.766: [GC (Allocation Failure) [PSYoungGen: 196653K->1456K(193024K)] 481606K->286409K(691200K), 0.0022523 secs] [Times: user=0.00 sys=0.00, real=0.00 secs] 
170.670: [GC (Allocation Failure) [PSYoungGen: 192944K->1469K(189440K)] 477897K->286422K(687616K), 0.0023787 secs] [Times: user=0.01 sys=0.00, real=0.00 secs] 
171.061: [GC (Allocation Failure) [PSYoungGen: 189373K->1645K(186368K)] 474326K->286606K(684544K), 0.0016939 secs] [Times: user=0.01 sys=0.00, real=0.00 secs] 
172.560: [GC (Allocation Failure) [PSYoungGen: 185965K->1376K(182272K)] 470926K->286345K(680448K), 0.0023452 secs] [Times: user=0.01 sys=0.00, real=0.00 secs] 
173.711: [GC (Allocation Failure) [PSYoungGen: 182112K->1469K(178688K)] 467081K->286446K(676864K), 0.0016393 secs] [Times: user=0.00 sys=0.00, real=0.00 secs] 
174.025: [GC (Allocation Failure) [PSYoungGen: 178621K->1549K(176128K)] 463598K->286534K(674304K), 0.0017020 secs] [Times: user=0.00 sys=0.00, real=0.00 secs] 
174.848: [GC (Allocation Failure) [PSYoungGen: 175629K->1440K(172544K)] 460614K->286433K(670720K), 0.0019974 secs] [Times: user=0.01 sys=0.01, real=0.00 secs] 
175.637: [GC (Allocation Failure) [PSYoungGen: 172448K->1440K(169472K)] 457441K->286433K(667648K), 0.0018133 secs] [Times: user=0.01 sys=0.00, real=0.00 secs] 
175.943: [GC (Allocation Failure) [PSYoungGen: 169376K->1549K(166912K)] 454369K->286558K(665088K), 0.0017227 secs] [Times: user=0.01 sys=0.00, real=0.01 secs] 
177.215: [GC (Allocation Failure) [PSYoungGen: 166413K->1488K(163328K)] 451422K->286497K(661504K), 0.0023349 secs] [Times: user=0.01 sys=0.00, real=0.00 secs] 
179.649: [GC (Allocation Failure) [PSYoungGen: 163280K->1408K(160768K)] 448289K->286417K(658944K), 0.0033529 secs] [Times: user=0.01 sys=0.00, real=0.00 secs] 
180.973: [GC (Allocation Failure) [PSYoungGen: 160640K->1517K(158208K)] 445649K->286534K(656384K), 0.0016059 secs] [Times: user=0.01 sys=0.01, real=0.01 secs] 
181.688: [GC (Allocation Failure) [PSYoungGen: 158189K->1504K(155648K)] 443206K->290633K(653824K), 0.0027922 secs] [Times: user=0.01 sys=0.00, real=0.00 secs] 
183.038: [GC (Allocation Failure) [PSYoungGen: 155616K->1408K(153088K)] 444745K->290537K(651264K), 0.0021963 secs] [Times: user=0.01 sys=0.00, real=0.00 secs] 
183.763: [GC (Allocation Failure) [PSYoungGen: 152960K->1437K(150528K)] 442089K->290566K(648704K), 0.0015774 secs] [Times: user=0.00 sys=0.00, real=0.01 secs] 
184.022: [GC (Allocation Failure) [PSYoungGen: 150429K->1517K(147968K)] 439558K->290678K(646144K), 0.0015412 secs] [Times: user=0.01 sys=0.00, real=0.01 secs] 
185.086: [GC (Allocation Failure) [PSYoungGen: 147949K->1472K(145920K)] 437110K->290633K(644096K), 0.0025113 secs] [Times: user=0.01 sys=0.00, real=0.00 secs] 
186.407: [GC (Allocation Failure) [PSYoungGen: 145856K->1408K(143872K)] 435017K->290569K(642048K), 0.0025145 secs] [Times: user=0.01 sys=0.00, real=0.00 secs] 
187.118: [GC (Allocation Failure) [PSYoungGen: 143744K->1453K(141824K)] 432905K->290630K(640000K), 0.0015724 secs] [Times: user=0.01 sys=0.00, real=0.00 secs] 
187.363: [GC (Allocation Failure) [PSYoungGen: 141741K->1517K(139776K)] 430918K->290710K(637952K), 0.0015865 secs] [Times: user=0.01 sys=0.00, real=0.01 secs] 
188.759: [GC (Allocation Failure) [PSYoungGen: 139757K->1424K(137728K)] 428950K->290633K(635904K), 0.0023920 secs] [Times: user=0.01 sys=0.00, real=0.00 secs] 
190.056: [GC (Allocation Failure) [PSYoungGen: 137616K->1376K(135680K)] 426825K->290585K(633856K), 0.0031796 secs] [Times: user=0.01 sys=0.00, real=0.00 secs] 
190.834: [GC (Allocation Failure) [PSYoungGen: 135520K->1517K(133632K)] 424729K->290726K(631808K), 0.0016756 secs] [Times: user=0.00 sys=0.00, real=0.00 secs] 
191.114: [GC (Allocation Failure) [PSYoungGen: 133613K->1517K(131584K)] 422822K->290774K(629760K), 0.0018221 secs] [Times: user=0.00 sys=0.00, real=0.00 secs] 
192.317: [GC (Allocation Failure) [PSYoungGen: 131565K->1424K(129536K)] 420822K->290689K(627712K), 0.0034136 secs] [Times: user=0.01 sys=0.00, real=0.00 secs] 
194.364: [GC (Allocation Failure) [PSYoungGen: 129424K->1376K(128000K)] 418689K->290641K(626176K), 0.0035979 secs] [Times: user=0.01 sys=0.00, real=0.00 secs] 
195.080: [GC (Allocation Failure) [PSYoungGen: 127840K->1453K(126464K)] 417105K->290718K(624640K), 0.0017641 secs] [Times: user=0.01 sys=0.00, real=0.00 secs] 
195.298: [GC (Allocation Failure) [PSYoungGen: 126381K->1485K(124928K)] 415646K->290750K(623104K), 0.0015051 secs] [Times: user=0.00 sys=0.00, real=0.00 secs] 
196.140: [GC (Allocation Failure) [PSYoungGen: 124877K->1456K(123392K)] 414142K->290729K(621568K), 0.0022206 secs] [Times: user=0.01 sys=0.00, real=0.00 secs] 
197.445: [GC (Allocation Failure) [PSYoungGen: 123312K->1408K(121856K)] 412585K->290689K(620032K), 0.0024565 secs] [Times: user=0.01 sys=0.00, real=0.00 secs] 
199.520: [GC (Allocation Failure) [PSYoungGen: 121728K->1504K(120320K)] 411009K->290785K(618496K), 0.0027404 secs] [Times: user=0.01 sys=0.00, real=0.00 secs] 
199.785: [GC (Allocation Failure) [PSYoungGen: 120288K->1453K(118784K)] 409569K->290734K(616960K), 0.0016242 secs] [Times: user=0.00 sys=0.00, real=0.00 secs] 
200.060: [GC (Allocation Failure) [PSYoungGen: 118701K->1744K(117760K)] 407982K->291025K(615936K), 0.0019760 secs] [Times: user=0.00 sys=0.00, real=0.00 secs] 
201.767: [GC (Allocation Failure) [PSYoungGen: 117456K->384K(114688K)] 406737K->290697K(612864K), 0.0030424 secs] [Times: user=0.01 sys=0.00, real=0.00 secs] 
203.081: [GC (Allocation Failure) [PSYoungGen: 114560K->400K(114688K)] 404873K->290713K(612864K), 0.0028684 secs] [Times: user=0.01 sys=0.00, real=0.01 secs] 
204.182: [GC (Allocation Failure) [PSYoungGen: 113040K->1517K(112640K)] 403353K->291854K(610816K), 0.0018767 secs] [Times: user=0.01 sys=0.00, real=0.01 secs] 
204.385: [GC (Allocation Failure) [PSYoungGen: 112621K->1517K(111104K)] 402958K->291854K(609280K), 0.0016920 secs] [Times: user=0.00 sys=0.00, real=0.00 secs] 
204.834: [GC (Allocation Failure) [PSYoungGen: 111085K->1424K(109568K)] 401422K->291761K(607744K), 0.0018785 secs] [Times: user=0.00 sys=0.00, real=0.00 secs] 
205.291: [GC (Allocation Failure) [PSYoungGen: 109456K->1360K(108544K)] 399793K->291697K(606720K), 0.0020051 secs] [Times: user=0.01 sys=0.00, real=0.01 secs] 
205.796: [GC (Allocation Failure) [PSYoungGen: 108368K->1312K(107520K)] 398705K->291649K(605696K), 0.0017701 secs] [Times: user=0.01 sys=0.00, real=0.00 secs] 
206.288: [GC (Allocation Failure) [PSYoungGen: 107296K->1488K(106496K)] 397633K->291825K(604672K), 0.0015768 secs] [Times: user=0.01 sys=0.00, real=0.00 secs] 
206.475: [GC (Allocation Failure) [PSYoungGen: 106448K->1517K(105472K)] 396785K->291854K(603648K), 0.0015825 secs] [Times: user=0.01 sys=0.00, real=0.00 secs] 
206.777: [GC (Allocation Failure) [PSYoungGen: 105453K->1472K(104448K)] 395790K->293857K(602624K), 0.0021455 secs] [Times: user=0.00 sys=0.00, real=0.00 secs] 
207.859: [GC (Allocation Failure) [PSYoungGen: 104384K->1376K(103424K)] 396769K->293769K(601600K), 0.0024181 secs] [Times: user=0.01 sys=0.00, real=0.00 secs] 
209.373: [GC (Allocation Failure) [PSYoungGen: 103264K->1344K(102400K)] 395657K->293737K(600576K), 0.0030462 secs] [Times: user=0.01 sys=0.00, real=0.00 secs] 
210.428: [GC (Allocation Failure) [PSYoungGen: 102208K->1488K(101376K)] 394601K->293889K(599552K), 0.0020622 secs] [Times: user=0.01 sys=0.00, real=0.00 secs] 
210.631: [GC (Allocation Failure) [PSYoungGen: 101328K->1517K(100352K)] 393729K->293918K(598528K), 0.0017281 secs] [Times: user=0.00 sys=0.00, real=0.00 secs] 
210.805: [GC (Allocation Failure) [PSYoungGen: 100333K->1517K(99328K)] 392734K->293926K(597504K), 0.0016119 secs] [Times: user=0.01 sys=0.00, real=0.00 secs] 
211.417: [GC (Allocation Failure) [PSYoungGen: 99309K->1440K(98304K)] 391718K->293857K(596480K), 0.0019439 secs] [Times: user=0.01 sys=0.00, real=0.00 secs] 
211.820: [GC (Allocation Failure) [PSYoungGen: 98208K->1376K(97280K)] 390625K->293793K(595456K), 0.0022656 secs] [Times: user=0.01 sys=0.00, real=0.00 secs] 
212.352: [GC (Allocation Failure) [PSYoungGen: 97120K->1328K(96256K)] 389537K->293745K(594432K), 0.0018085 secs] [Times: user=0.01 sys=0.00, real=0.01 secs] 
212.624: [GC (Allocation Failure) [PSYoungGen: 96048K->1453K(95232K)] 388465K->293870K(593408K), 0.0014762 secs] [Times: user=0.01 sys=0.00, real=0.00 secs] 
212.790: [GC (Allocation Failure) [PSYoungGen: 95149K->1421K(94208K)] 387566K->293838K(592384K), 0.0015486 secs] [Times: user=0.01 sys=0.00, real=0.00 secs] 
213.340: [GC (Allocation Failure) [PSYoungGen: 94093K->1424K(93184K)] 386510K->293841K(591360K), 0.0018495 secs] [Times: user=0.01 sys=0.00, real=0.00 secs] 
215.029: [GC (Allocation Failure) [PSYoungGen: 93072K->1376K(92160K)] 385489K->293793K(590336K), 0.0049173 secs] [Times: user=0.02 sys=0.00, real=0.01 secs] 
215.537: [GC (Allocation Failure) [PSYoungGen: 92000K->1360K(91136K)] 384417K->293777K(589312K), 0.0016979 secs] [Times: user=0.01 sys=0.00, real=0.00 secs] 
216.311: [GC (Allocation Failure) [PSYoungGen: 90960K->1424K(90112K)] 383377K->293841K(588288K), 0.0019304 secs] [Times: user=0.01 sys=0.00, real=0.00 secs] 
216.501: [GC (Allocation Failure) [PSYoungGen: 90000K->1485K(89088K)] 382417K->293918K(587264K), 0.0015509 secs] [Times: user=0.00 sys=0.00, real=0.00 secs] 
216.656: [GC (Allocation Failure) [PSYoungGen: 89037K->1421K(88064K)] 381470K->293862K(586240K), 0.0016919 secs] [Times: user=0.01 sys=0.00, real=0.00 secs] 
216.937: [GC (Allocation Failure) [PSYoungGen: 87949K->928K(86528K)] 380390K->294417K(584704K), 0.0019628 secs] [Times: user=0.00 sys=0.00, real=0.00 secs] 
217.426: [GC (Allocation Failure) [PSYoungGen: 86432K->352K(85504K)] 379921K->293841K(583680K), 0.0018146 secs] [Times: user=0.00 sys=0.00, real=0.00 secs] 
217.834: [GC (Allocation Failure) [PSYoungGen: 85344K->368K(84992K)] 378833K->293857K(583168K), 0.0021104 secs] [Times: user=0.00 sys=0.00, real=0.00 secs] 
218.679: [GC (Allocation Failure) [PSYoungGen: 84848K->352K(86016K)] 378337K->293841K(584192K), 0.0017876 secs] [Times: user=0.00 sys=0.00, real=0.00 secs] 
219.036: [GC (Allocation Failure) [PSYoungGen: 84320K->1488K(84992K)] 377809K->294977K(583168K), 0.0016210 secs] [Times: user=0.01 sys=0.00, real=0.00 secs] 
219.183: [GC (Allocation Failure) [PSYoungGen: 84944K->1485K(84480K)] 378433K->294974K(582656K), 0.0018364 secs] [Times: user=0.01 sys=0.00, real=0.01 secs] 
219.331: [GC (Allocation Failure) [PSYoungGen: 84429K->1485K(83968K)] 377918K->294974K(582144K), 0.0015346 secs] [Times: user=0.00 sys=0.00, real=0.00 secs] 
220.051: [GC (Allocation Failure) [PSYoungGen: 83917K->1408K(83456K)] 377406K->294897K(581632K), 0.0028490 secs] [Times: user=0.01 sys=0.00, real=0.01 secs] 
220.383: [GC (Allocation Failure) [PSYoungGen: 83328K->1360K(82944K)] 376817K->294849K(581120K), 0.0019245 secs] [Times: user=0.00 sys=0.00, real=0.01 secs] 
220.721: [GC (Allocation Failure) [PSYoungGen: 82768K->1344K(82432K)] 376257K->294841K(580608K), 0.0018822 secs] [Times: user=0.01 sys=0.00, real=0.00 secs] 
221.078: [GC (Allocation Failure) [PSYoungGen: 82240K->1472K(81920K)] 375737K->294969K(580096K), 0.0015503 secs] [Times: user=0.01 sys=0.00, real=0.00 secs] 
221.219: [GC (Allocation Failure) [PSYoungGen: 81856K->1485K(81408K)] 375353K->294982K(579584K), 0.0015530 secs] [Times: user=0.01 sys=0.00, real=0.00 secs] 
221.360: [GC (Allocation Failure) [PSYoungGen: 81357K->1485K(80896K)] 374854K->294982K(579072K), 0.0015358 secs] [Times: user=0.01 sys=0.00, real=0.00 secs] 
221.537: [GC (Allocation Failure) [PSYoungGen: 80845K->1456K(87552K)] 374342K->294953K(585728K), 0.0017903 secs] [Times: user=0.00 sys=0.00, real=0.00 secs] 
221.956: [GC (Allocation Failure) [PSYoungGen: 87472K->1376K(86528K)] 380969K->294873K(584704K), 0.0018223 secs] [Times: user=0.00 sys=0.00, real=0.00 secs] 
222.557: [GC (Allocation Failure) [PSYoungGen: 86368K->1360K(86016K)] 379865K->294857K(584192K), 0.0020752 secs] [Times: user=0.00 sys=0.00, real=0.00 secs] 
223.218: [GC (Allocation Failure) [PSYoungGen: 85840K->1376K(85504K)] 379337K->294873K(583680K), 0.0018973 secs] [Times: user=0.01 sys=0.00, real=0.00 secs] 
223.560: [GC (Allocation Failure) [PSYoungGen: 85344K->1453K(84992K)] 378841K->294950K(583168K), 0.0014643 secs] [Times: user=0.00 sys=0.00, real=0.00 secs] 
223.706: [GC (Allocation Failure) [PSYoungGen: 84909K->1485K(84480K)] 378406K->295006K(582656K), 0.0015892 secs] [Times: user=0.01 sys=0.00, real=0.00 secs] 
223.852: [GC (Allocation Failure) [PSYoungGen: 84429K->1453K(83968K)] 377950K->294974K(582144K), 0.0015647 secs] [Times: user=0.01 sys=0.00, real=0.01 secs] 
224.854: [GC (Allocation Failure) [PSYoungGen: 83885K->1392K(83456K)] 377406K->294913K(581632K), 0.0025030 secs] [Times: user=0.01 sys=0.00, real=0.00 secs] 
225.826: [GC (Allocation Failure) [PSYoungGen: 83312K->1408K(82944K)] 376833K->294929K(581120K), 0.0036307 secs] [Times: user=0.01 sys=0.00, real=0.00 secs] 
227.398: [GC (Allocation Failure) [PSYoungGen: 82816K->1360K(82432K)] 376337K->294889K(580608K), 0.0036151 secs] [Times: user=0.01 sys=0.00, real=0.00 secs] 
228.410: [GC (Allocation Failure) [PSYoungGen: 82256K->1536K(82432K)] 375785K->295065K(580608K), 0.0024113 secs] [Times: user=0.01 sys=0.00, real=0.00 secs] 
228.613: [GC (Allocation Failure) [PSYoungGen: 81920K->397K(80384K)] 375449K->294950K(578560K), 0.0017688 secs] [Times: user=0.00 sys=0.00, real=0.00 secs] 
228.754: [GC (Allocation Failure) [PSYoungGen: 80269K->493K(81408K)] 374822K->295046K(579584K), 0.0015814 secs] [Times: user=0.00 sys=0.00, real=0.00 secs] 
228.894: [GC (Allocation Failure) [PSYoungGen: 79853K->461K(79360K)] 374406K->295014K(577536K), 0.0016839 secs] [Times: user=0.01 sys=0.00, real=0.00 secs] 
229.391: [GC (Allocation Failure) [PSYoungGen: 79309K->1408K(80384K)] 373862K->295961K(578560K), 0.0016985 secs] [Times: user=0.01 sys=0.00, real=0.01 secs] 
229.847: [GC (Allocation Failure) [PSYoungGen: 79744K->1408K(79360K)] 374297K->295961K(577536K), 0.0017953 secs] [Times: user=0.01 sys=0.00, real=0.00 secs] 
230.505: [GC (Allocation Failure) [PSYoungGen: 79232K->1312K(78848K)] 373785K->295865K(577024K), 0.0020606 secs] [Times: user=0.01 sys=0.00, real=0.00 secs] 
231.177: [GC (Allocation Failure) [PSYoungGen: 78624K->1472K(78336K)] 373177K->296025K(576512K), 0.0020495 secs] [Times: user=0.01 sys=0.00, real=0.00 secs] 
231.351: [GC (Allocation Failure) [PSYoungGen: 78272K->1453K(77824K)] 372825K->296006K(576000K), 0.0016074 secs] [Times: user=0.01 sys=0.00, real=0.00 secs] 
231.485: [GC (Allocation Failure) [PSYoungGen: 77741K->1453K(77312K)] 372294K->296014K(575488K), 0.0014998 secs] [Times: user=0.01 sys=0.00, real=0.00 secs] 
231.619: [GC (Allocation Failure) [PSYoungGen: 77229K->1517K(83968K)] 371790K->296078K(582144K), 0.0017136 secs] [Times: user=0.01 sys=0.00, real=0.00 secs] 
232.050: [GC (Allocation Failure) [PSYoungGen: 83949K->1408K(83456K)] 378510K->295969K(581632K), 0.0016163 secs] [Times: user=0.00 sys=0.00, real=0.00 secs] 
232.390: [GC (Allocation Failure) [PSYoungGen: 83328K->1344K(82944K)] 377889K->295905K(581120K), 0.0018165 secs] [Times: user=0.01 sys=0.00, real=0.00 secs] 
232.728: [GC (Allocation Failure) [PSYoungGen: 82752K->1376K(82432K)] 377313K->295937K(580608K), 0.0016100 secs] [Times: user=0.01 sys=0.00, real=0.00 secs] 
233.036: [GC (Allocation Failure) [PSYoungGen: 82272K->1437K(81920K)] 376833K->296006K(580096K), 0.0016422 secs] [Times: user=0.00 sys=0.00, real=0.00 secs] 
233.176: [GC (Allocation Failure) [PSYoungGen: 81821K->1485K(81408K)] 376390K->296086K(579584K), 0.0016081 secs] [Times: user=0.01 sys=0.00, real=0.00 secs] 
233.317: [GC (Allocation Failure) [PSYoungGen: 81357K->1421K(88064K)] 375958K->296022K(586240K), 0.0016290 secs] [Times: user=0.01 sys=0.00, real=0.00 secs] 
234.194: [GC (Allocation Failure) [PSYoungGen: 87949K->1424K(87040K)] 382550K->296033K(585216K), 0.0035442 secs] [Times: user=0.01 sys=0.00, real=0.00 secs] 
234.991: [GC (Allocation Failure) [PSYoungGen: 86928K->1408K(86528K)] 381537K->296017K(584704K), 0.0026432 secs] [Times: user=0.01 sys=0.01, real=0.01 secs] 
235.862: [GC (Allocation Failure) [PSYoungGen: 86400K->1408K(86016K)] 381009K->296017K(584192K), 0.0021158 secs] [Times: user=0.01 sys=0.00, real=0.01 secs] 
236.590: [GC (Allocation Failure) [PSYoungGen: 85888K->1456K(85504K)] 380497K->296065K(583680K), 0.0025973 secs] [Times: user=0.01 sys=0.00, real=0.00 secs] 
236.789: [GC (Allocation Failure) [PSYoungGen: 85424K->1488K(84992K)] 380033K->296097K(583168K), 0.0016009 secs] [Times: user=0.01 sys=0.00, real=0.00 secs] 
236.936: [GC (Allocation Failure) [PSYoungGen: 84944K->1517K(84480K)] 379553K->296126K(582656K), 0.0016332 secs] [Times: user=0.00 sys=0.00, real=0.00 secs] 
237.083: [GC (Allocation Failure) [PSYoungGen: 84461K->1520K(83968K)] 379070K->296129K(582144K), 0.0016731 secs] [Times: user=0.00 sys=0.00, real=0.00 secs] 
238.087: [GC (Allocation Failure) [PSYoungGen: 83952K->1408K(83456K)] 378561K->296017K(581632K), 0.0025719 secs] [Times: user=0.01 sys=0.00, real=0.00 secs] 
238.443: [GC (Allocation Failure) [PSYoungGen: 83328K->1392K(82944K)] 377937K->296001K(581120K), 0.0018845 secs] [Times: user=0.01 sys=0.00, real=0.00 secs] 
238.782: [GC (Allocation Failure) [PSYoungGen: 82800K->1376K(82432K)] 377409K->295993K(580608K), 0.0019891 secs] [Times: user=0.01 sys=0.00, real=0.01 secs] 
239.294: [GC (Allocation Failure) [PSYoungGen: 82272K->1453K(81920K)] 376889K->296070K(580096K), 0.0014958 secs] [Times: user=0.01 sys=0.00, real=0.00 secs] 
239.434: [GC (Allocation Failure) [PSYoungGen: 81837K->1517K(81408K)] 376454K->296134K(579584K), 0.0017096 secs] [Times: user=0.00 sys=0.00, real=0.00 secs] 
239.574: [GC (Allocation Failure) [PSYoungGen: 81389K->1517K(80896K)] 376006K->296142K(579072K), 0.0015729 secs] [Times: user=0.01 sys=0.00, real=0.00 secs] 
240.134: [GC (Allocation Failure) [PSYoungGen: 80877K->1472K(80384K)] 375502K->296097K(578560K), 0.0020628 secs] [Times: user=0.00 sys=0.00, real=0.00 secs] 
241.088: [GC (Allocation Failure) [PSYoungGen: 80320K->1376K(79872K)] 374945K->296001K(578048K), 0.0021623 secs] [Times: user=0.01 sys=0.00, real=0.00 secs] 
242.106: [GC (Allocation Failure) [PSYoungGen: 79712K->1376K(79360K)] 374337K->296009K(577536K), 0.0026731 secs] [Times: user=0.01 sys=0.00, real=0.00 secs] 
242.976: [GC (Allocation Failure) [PSYoungGen: 79200K->1408K(78848K)] 373833K->296041K(577024K), 0.0019021 secs] [Times: user=0.01 sys=0.00, real=0.00 secs] 
243.841: [GC (Allocation Failure) [PSYoungGen: 78720K->1485K(78336K)] 373353K->296118K(576512K), 0.0019471 secs] [Times: user=0.00 sys=0.00, real=0.01 secs] 
243.979: [GC (Allocation Failure) [PSYoungGen: 78285K->1485K(77824K)] 372918K->296126K(576000K), 0.0015636 secs] [Times: user=0.01 sys=0.00, real=0.00 secs] 
244.113: [GC (Allocation Failure) [PSYoungGen: 77773K->1453K(77312K)] 372414K->296094K(575488K), 0.0016321 secs] [Times: user=0.01 sys=0.00, real=0.00 secs] 
244.586: [GC (Allocation Failure) [PSYoungGen: 77229K->1456K(76800K)] 371870K->296097K(574976K), 0.0017719 secs] [Times: user=0.01 sys=0.00, real=0.00 secs] 
245.394: [GC (Allocation Failure) [PSYoungGen: 76720K->1376K(76288K)] 371361K->296017K(574464K), 0.0022015 secs] [Times: user=0.00 sys=0.00, real=0.00 secs] 
245.758: [GC (Allocation Failure) [PSYoungGen: 76128K->1344K(75776K)] 370769K->295993K(573952K), 0.0043243 secs] [Times: user=0.02 sys=0.00, real=0.00 secs] 
246.824: [GC (Allocation Failure) [PSYoungGen: 75584K->1376K(75264K)] 370233K->296049K(573440K), 0.0025858 secs] [Times: user=0.01 sys=0.00, real=0.00 secs] 
247.251: [GC (Allocation Failure) [PSYoungGen: 75104K->1424K(74752K)] 369777K->296097K(572928K), 0.0017772 secs] [Times: user=0.01 sys=0.00, real=0.00 secs] 
247.415: [GC (Allocation Failure) [PSYoungGen: 74617K->1485K(74240K)] 369290K->296158K(572416K), 0.0018662 secs] [Times: user=0.01 sys=0.00, real=0.00 secs] 
247.582: [GC (Allocation Failure) [PSYoungGen: 74189K->1453K(73728K)] 368862K->296126K(571904K), 0.0016242 secs] [Times: user=0.01 sys=0.00, real=0.01 secs] 
248.132: [GC (Allocation Failure) [PSYoungGen: 73645K->1696K(73728K)] 368318K->296369K(571904K), 0.0019915 secs] [Times: user=0.01 sys=0.00, real=0.01 secs] 
248.848: [GC (Allocation Failure) [PSYoungGen: 73376K->384K(71680K)] 368049K->296089K(569856K), 0.0022707 secs] [Times: user=0.00 sys=0.00, real=0.00 secs] 
249.500: [GC (Allocation Failure) [PSYoungGen: 71552K->320K(72704K)] 367257K->296025K(570880K), 0.0021161 secs] [Times: user=0.00 sys=0.00, real=0.00 secs] 
250.200: [GC (Allocation Failure) [PSYoungGen: 70976K->352K(70656K)] 366681K->296057K(568832K), 0.0022118 secs] [Times: user=0.01 sys=0.00, real=0.00 secs] 
250.904: [GC (Allocation Failure) [PSYoungGen: 70496K->1469K(71168K)] 366201K->297174K(569344K), 0.0023098 secs] [Times: user=0.01 sys=0.00, real=0.00 secs] 
251.081: [GC (Allocation Failure) [PSYoungGen: 71101K->1485K(70656K)] 366806K->297198K(568832K), 0.0018821 secs] [Times: user=0.01 sys=0.00, real=0.00 secs] 
251.203: [GC (Allocation Failure) [PSYoungGen: 70605K->1456K(70144K)] 366318K->297169K(568320K), 0.0016523 secs] [Times: user=0.00 sys=0.00, real=0.00 secs] 
251.324: [GC (Allocation Failure) [PSYoungGen: 70062K->1453K(76288K)] 365776K->297166K(574464K), 0.0017134 secs] [Times: user=0.01 sys=0.01, real=0.00 secs] 
252.345: [GC (Allocation Failure) [PSYoungGen: 76205K->1408K(75776K)] 371918K->297129K(573952K), 0.0024382 secs] [Times: user=0.01 sys=0.00, real=0.00 secs] 
253.954: [GC (Allocation Failure) [PSYoungGen: 75648K->1376K(75264K)] 371369K->297097K(573440K), 0.0030421 secs] [Times: user=0.01 sys=0.00, real=0.00 secs] 
254.842: [GC (Allocation Failure) [PSYoungGen: 75104K->1408K(74752K)] 370825K->297129K(572928K), 0.0019943 secs] [Times: user=0.00 sys=0.00, real=0.01 secs] 
255.466: [GC (Allocation Failure) [PSYoungGen: 74624K->1360K(74240K)] 370345K->297081K(572416K), 0.0021843 secs] [Times: user=0.01 sys=0.00, real=0.00 secs] 
255.805: [GC (Allocation Failure) [PSYoungGen: 74064K->1453K(73728K)] 369785K->297182K(571904K), 0.0014809 secs] [Times: user=0.00 sys=0.00, real=0.00 secs] 
255.933: [GC (Allocation Failure) [PSYoungGen: 73621K->1421K(73216K)] 369350K->297150K(571392K), 0.0014223 secs] [Times: user=0.01 sys=0.00, real=0.01 secs] 
256.063: [GC (Allocation Failure) [PSYoungGen: 73101K->1453K(72704K)] 368830K->297182K(570880K), 0.0016747 secs] [Times: user=0.01 sys=0.00, real=0.00 secs] 
256.193: [GC (Allocation Failure) [PSYoungGen: 72412K->256K(77824K)] 368141K->295993K(576000K), 0.0017438 secs] [Times: user=0.01 sys=0.00, real=0.00 secs] 
257.301: [GC (Allocation Failure) [PSYoungGen: 77568K->1376K(78848K)] 373305K->297145K(577024K), 0.0025290 secs] [Times: user=0.00 sys=0.00, real=0.01 secs] 
258.321: [GC (Allocation Failure) [PSYoungGen: 78176K->1376K(77824K)] 373945K->297145K(576000K), 0.0026243 secs] [Times: user=0.01 sys=0.01, real=0.01 secs] 
259.299: [GC (Allocation Failure) [PSYoungGen: 77664K->1408K(77312K)] 373433K->297177K(575488K), 0.0030092 secs] [Times: user=0.01 sys=0.00, real=0.00 secs] 
260.704: [GC (Allocation Failure) [PSYoungGen: 77184K->1533K(76800K)] 372953K->297302K(574976K), 0.0025699 secs] [Times: user=0.01 sys=0.00, real=0.00 secs] 
260.890: [GC (Allocation Failure) [PSYoungGen: 76797K->1453K(76288K)] 372566K->297222K(574464K), 0.0016573 secs] [Times: user=0.01 sys=0.00, real=0.00 secs] 
261.022: [GC (Allocation Failure) [PSYoungGen: 76205K->1485K(75776K)] 371974K->297254K(573952K), 0.0016720 secs] [Times: user=0.00 sys=0.00, real=0.01 secs] 
261.152: [GC (Allocation Failure) [PSYoungGen: 75725K->1485K(81920K)] 371494K->297254K(580096K), 0.0016995 secs] [Times: user=0.00 sys=0.00, real=0.01 secs] 
261.985: [GC (Allocation Failure) [PSYoungGen: 81869K->1408K(81408K)] 377638K->297193K(579584K), 0.0020322 secs] [Times: user=0.01 sys=0.01, real=0.00 secs] 
262.722: [GC (Allocation Failure) [PSYoungGen: 81280K->1392K(80896K)] 377065K->297177K(579072K), 0.0020808 secs] [Times: user=0.01 sys=0.00, real=0.01 secs] 
263.688: [GC (Allocation Failure) [PSYoungGen: 80752K->1376K(80384K)] 376537K->297161K(578560K), 0.0030797 secs] [Times: user=0.01 sys=0.00, real=0.00 secs] 
264.611: [GC (Allocation Failure) [PSYoungGen: 80224K->1469K(79872K)] 376009K->297254K(578048K), 0.0022176 secs] [Times: user=0.01 sys=0.00, real=0.00 secs] 
264.782: [GC (Allocation Failure) [PSYoungGen: 79805K->1485K(79360K)] 375590K->297270K(577536K), 0.0015670 secs] [Times: user=0.01 sys=0.00, real=0.01 secs] 
264.918: [GC (Allocation Failure) [PSYoungGen: 79309K->1453K(78848K)] 375094K->297238K(577024K), 0.0016481 secs] [Times: user=0.01 sys=0.00, real=0.00 secs] 
265.055: [GC (Allocation Failure) [PSYoungGen: 77898K->192K(77312K)] 373684K->295985K(575488K), 0.0015481 secs] [Times: user=0.01 sys=0.00, real=0.00 secs] 
266.371: [GC (Allocation Failure) [PSYoungGen: 76992K->1376K(78336K)] 372785K->297177K(576512K), 0.0022257 secs] [Times: user=0.01 sys=0.01, real=0.01 secs] 
267.135: [GC (Allocation Failure) [PSYoungGen: 77664K->1376K(77312K)] 373465K->297177K(575488K), 0.0024374 secs] [Times: user=0.01 sys=0.00, real=0.00 secs] 
267.781: [GC (Allocation Failure) [PSYoungGen: 77152K->1360K(76800K)] 372953K->297161K(574976K), 0.0023368 secs] [Times: user=0.01 sys=0.00, real=0.01 secs] 
268.336: [GC (Allocation Failure) [PSYoungGen: 76624K->1472K(76288K)] 372425K->297297K(574464K), 0.0018976 secs] [Times: user=0.01 sys=0.00, real=0.00 secs] 
268.485: [GC (Allocation Failure) [PSYoungGen: 76224K->1488K(75776K)] 372049K->297321K(573952K), 0.0016211 secs] [Times: user=0.01 sys=0.00, real=0.00 secs] 
268.616: [GC (Allocation Failure) [PSYoungGen: 75728K->1517K(75264K)] 371561K->297350K(573440K), 0.0015931 secs] [Times: user=0.00 sys=0.00, real=0.00 secs] 
268.745: [GC (Allocation Failure) [PSYoungGen: 75245K->1517K(81920K)] 371078K->297350K(580096K), 0.0015986 secs] [Times: user=0.01 sys=0.00, real=0.00 secs] 
269.553: [GC (Allocation Failure) [PSYoungGen: 81901K->1392K(81408K)] 377734K->297225K(579584K), 0.0019906 secs] [Times: user=0.01 sys=0.00, real=0.00 secs] 
270.159: [GC (Allocation Failure) [PSYoungGen: 81264K->1408K(80896K)] 377097K->297257K(579072K), 0.0018427 secs] [Times: user=0.00 sys=0.00, real=0.00 secs] 
270.707: [GC (Allocation Failure) [PSYoungGen: 80768K->1376K(80384K)] 376617K->297225K(578560K), 0.0018575 secs] [Times: user=0.01 sys=0.00, real=0.00 secs] 
271.475: [GC (Allocation Failure) [PSYoungGen: 80224K->1504K(79872K)] 376073K->297353K(578048K), 0.0018315 secs] [Times: user=0.01 sys=0.00, real=0.00 secs] 
271.681: [GC (Allocation Failure) [PSYoungGen: 79840K->1485K(79360K)] 375689K->297334K(577536K), 0.0018897 secs] [Times: user=0.01 sys=0.00, real=0.01 secs] 
271.848: [GC (Allocation Failure) [PSYoungGen: 79309K->1517K(78848K)] 375158K->297366K(577024K), 0.0017916 secs] [Times: user=0.00 sys=0.00, real=0.00 secs] 
272.006: [GC (Allocation Failure) [PSYoungGen: 78829K->1517K(78336K)] 374678K->297366K(576512K), 0.0018295 secs] [Times: user=0.01 sys=0.00, real=0.00 secs] 
272.536: [GC (Allocation Failure) [PSYoungGen: 78317K->1472K(77824K)] 374166K->297329K(576000K), 0.0019854 secs] [Times: user=0.01 sys=0.00, real=0.00 secs] 
272.853: [GC (Allocation Failure) [PSYoungGen: 77760K->1408K(77312K)] 373617K->297273K(575488K), 0.0022133 secs] [Times: user=0.01 sys=0.00, real=0.00 secs] 
273.170: [GC (Allocation Failure) [PSYoungGen: 77184K->1376K(76800K)] 373049K->297241K(574976K), 0.0018826 secs] [Times: user=0.01 sys=0.00, real=0.00 secs] 
273.477: [GC (Allocation Failure) [PSYoungGen: 76640K->1504K(76288K)] 372505K->297369K(574464K), 0.0014770 secs] [Times: user=0.01 sys=0.00, real=0.00 secs] 
273.610: [GC (Allocation Failure) [PSYoungGen: 76256K->1485K(75776K)] 372121K->297350K(573952K), 0.0016629 secs] [Times: user=0.00 sys=0.00, real=0.00 secs] 
273.741: [GC (Allocation Failure) [PSYoungGen: 75725K->1485K(82432K)] 371590K->297382K(580608K), 0.0016721 secs] [Times: user=0.00 sys=0.01, real=0.00 secs] 
273.883: [GC (Allocation Failure) [PSYoungGen: 82381K->1485K(90112K)] 378278K->297382K(588288K), 0.0017003 secs] [Times: user=0.00 sys=0.00, real=0.00 secs] 
274.366: [GC (Allocation Failure) [PSYoungGen: 90061K->1440K(89088K)] 385958K->297345K(587264K), 0.0017808 secs] [Times: user=0.01 sys=0.00, real=0.00 secs] 
274.844: [GC (Allocation Failure) [PSYoungGen: 88992K->1376K(88064K)] 384897K->297281K(586240K), 0.0022276 secs] [Times: user=0.01 sys=0.00, real=0.00 secs] 
275.246: [GC (Allocation Failure) [PSYoungGen: 87904K->1360K(87040K)] 383809K->297265K(585216K), 0.0017815 secs] [Times: user=0.00 sys=0.00, real=0.00 secs] 
275.571: [GC (Allocation Failure) [PSYoungGen: 86864K->1488K(86528K)] 382769K->297393K(584704K), 0.0017484 secs] [Times: user=0.01 sys=0.00, real=0.00 secs] 
275.720: [GC (Allocation Failure) [PSYoungGen: 86480K->1488K(86016K)] 382385K->297393K(584192K), 0.0015775 secs] [Times: user=0.01 sys=0.00, real=0.00 secs] 
275.869: [GC (Allocation Failure) [PSYoungGen: 85968K->1485K(85504K)] 381873K->297390K(583680K), 0.0017010 secs] [Times: user=0.01 sys=0.00, real=0.00 secs] 
276.252: [GC (Allocation Failure) [PSYoungGen: 85453K->1424K(84992K)] 381358K->297329K(583168K), 0.0018538 secs] [Times: user=0.01 sys=0.00, real=0.01 secs] 
276.617: [GC (Allocation Failure) [PSYoungGen: 84880K->1344K(84480K)] 380785K->297249K(582656K), 0.0019564 secs] [Times: user=0.00 sys=0.00, real=0.00 secs] 
277.018: [GC (Allocation Failure) [PSYoungGen: 84288K->1408K(83968K)] 380193K->297321K(582144K), 0.0021538 secs] [Times: user=0.01 sys=0.00, real=0.00 secs] 
277.350: [GC (Allocation Failure) [PSYoungGen: 83840K->1485K(83456K)] 379753K->297398K(581632K), 0.0018817 secs] [Times: user=0.01 sys=0.00, real=0.00 secs] 
277.500: [GC (Allocation Failure) [PSYoungGen: 83405K->1453K(82944K)] 379318K->297366K(581120K), 0.0016125 secs] [Times: user=0.01 sys=0.00, real=0.00 secs] 
277.668: [GC (Allocation Failure) [PSYoungGen: 82861K->1453K(82432K)] 378774K->297366K(580608K), 0.0018170 secs] [Times: user=0.01 sys=0.00, real=0.00 secs] 
278.325: [GC (Allocation Failure) [PSYoungGen: 82349K->1456K(81920K)] 378262K->297369K(580096K), 0.0022124 secs] [Times: user=0.00 sys=0.00, real=0.00 secs] 
279.008: [GC (Allocation Failure) [PSYoungGen: 81840K->1376K(81408K)] 377753K->297289K(579584K), 0.0019509 secs] [Times: user=0.01 sys=0.00, real=0.00 secs] 
279.421: [GC (Allocation Failure) [PSYoungGen: 81248K->1376K(80896K)] 377161K->297289K(579072K), 0.0019202 secs] [Times: user=0.00 sys=0.00, real=0.00 secs] 
279.831: [GC (Allocation Failure) [PSYoungGen: 80736K->1376K(80384K)] 376649K->297305K(578560K), 0.0026013 secs] [Times: user=0.01 sys=0.00, real=0.01 secs] 
280.197: [GC (Allocation Failure) [PSYoungGen: 80224K->1517K(79872K)] 376153K->297446K(578048K), 0.0019647 secs] [Times: user=0.00 sys=0.00, real=0.00 secs] 
280.345: [GC (Allocation Failure) [PSYoungGen: 79853K->1485K(79360K)] 375782K->297414K(577536K), 0.0017956 secs] [Times: user=0.01 sys=0.00, real=0.00 secs] 
280.504: [GC (Allocation Failure) [PSYoungGen: 79309K->1456K(78848K)] 375238K->297385K(577024K), 0.0017603 secs] [Times: user=0.01 sys=0.00, real=0.00 secs] 
281.096: [GC (Allocation Failure) [PSYoungGen: 78768K->1472K(78336K)] 374697K->297401K(576512K), 0.0023341 secs] [Times: user=0.01 sys=0.00, real=0.00 secs] 
282.071: [GC (Allocation Failure) [PSYoungGen: 78272K->1376K(77824K)] 374201K->297305K(576000K), 0.0029881 secs] [Times: user=0.01 sys=0.00, real=0.01 secs] 
282.757: [GC (Allocation Failure) [PSYoungGen: 77664K->1376K(77312K)] 373593K->297305K(575488K), 0.0021964 secs] [Times: user=0.01 sys=0.00, real=0.00 secs] 
283.479: [GC (Allocation Failure) [PSYoungGen: 77152K->1376K(76800K)] 373081K->297305K(574976K), 0.0026644 secs] [Times: user=0.01 sys=0.00, real=0.00 secs] 
283.921: [GC (Allocation Failure) [PSYoungGen: 76640K->1456K(76288K)] 372569K->297385K(574464K), 0.0020305 secs] [Times: user=0.00 sys=0.00, real=0.00 secs] 
284.102: [GC (Allocation Failure) [PSYoungGen: 76208K->1421K(75776K)] 372137K->297358K(573952K), 0.0017913 secs] [Times: user=0.01 sys=0.00, real=0.01 secs] 
284.281: [GC (Allocation Failure) [PSYoungGen: 75661K->1485K(75264K)] 371598K->297422K(573440K), 0.0020667 secs] [Times: user=0.01 sys=0.00, real=0.00 secs] 
284.889: [GC (Allocation Failure) [PSYoungGen: 75213K->1440K(74752K)] 371150K->297385K(572928K), 0.0025986 secs] [Times: user=0.01 sys=0.00, real=0.00 secs] 
286.169: [GC (Allocation Failure) [PSYoungGen: 74656K->1328K(74240K)] 370601K->297273K(572416K), 0.0030759 secs] [Times: user=0.01 sys=0.00, real=0.00 secs] 
286.691: [GC (Allocation Failure) [PSYoungGen: 74032K->1408K(73728K)] 369977K->297369K(571904K), 0.0016615 secs] [Times: user=0.01 sys=0.00, real=0.00 secs] 
287.331: [GC (Allocation Failure) [PSYoungGen: 73600K->1344K(73216K)] 369561K->297305K(571392K), 0.0022479 secs] [Times: user=0.01 sys=0.00, real=0.01 secs] 
288.048: [GC (Allocation Failure) [PSYoungGen: 73024K->1472K(72704K)] 368985K->297433K(570880K), 0.0018545 secs] [Times: user=0.00 sys=0.00, real=0.00 secs] 
288.193: [GC (Allocation Failure) [PSYoungGen: 72640K->1453K(72192K)] 368601K->297414K(570368K), 0.0016473 secs] [Times: user=0.00 sys=0.00, real=0.01 secs] 
288.318: [GC (Allocation Failure) [PSYoungGen: 72109K->1485K(71680K)] 368070K->297446K(569856K), 0.0016117 secs] [Times: user=0.01 sys=0.00, real=0.00 secs] 
288.441: [GC (Allocation Failure) [PSYoungGen: 71610K->1424K(77824K)] 367572K->297385K(576000K), 0.0016083 secs] [Times: user=0.00 sys=0.00, real=0.00 secs] 
289.087: [GC (Allocation Failure) [PSYoungGen: 77712K->1440K(77312K)] 373673K->297401K(575488K), 0.0021295 secs] [Times: user=0.01 sys=0.00, real=0.00 secs] 
289.854: [GC (Allocation Failure) [PSYoungGen: 77216K->1408K(76800K)] 373177K->297369K(574976K), 0.0025110 secs] [Times: user=0.01 sys=0.00, real=0.00 secs] 
290.595: [GC (Allocation Failure) [PSYoungGen: 76672K->1376K(76288K)] 372633K->297337K(574464K), 0.0022331 secs] [Times: user=0.01 sys=0.00, real=0.00 secs] 
291.257: [GC (Allocation Failure) [PSYoungGen: 76128K->1408K(75776K)] 372089K->297369K(573952K), 0.0019796 secs] [Times: user=0.01 sys=0.00, real=0.00 secs] 
291.511: [GC (Allocation Failure) [PSYoungGen: 75648K->448K(74240K)] 371609K->297433K(572416K), 0.0016256 secs] [Times: user=0.01 sys=0.00, real=0.00 secs] 
291.639: [GC (Allocation Failure) [PSYoungGen: 74176K->493K(75264K)] 371161K->297478K(573440K), 0.0015892 secs] [Times: user=0.00 sys=0.00, real=0.00 secs] 
291.788: [GC (Allocation Failure) [PSYoungGen: 73709K->461K(73216K)] 370694K->297446K(571392K), 0.0019165 secs] [Times: user=0.01 sys=0.00, real=0.00 secs] 
292.692: [GC (Allocation Failure) [PSYoungGen: 73165K->1376K(74240K)] 370150K->298369K(572416K), 0.0024304 secs] [Times: user=0.00 sys=0.00, real=0.01 secs] 
293.549: [GC (Allocation Failure) [PSYoungGen: 73568K->1376K(73216K)] 370561K->298369K(571392K), 0.0020556 secs] [Times: user=0.00 sys=0.00, real=0.00 secs] 
294.187: [GC (Allocation Failure) [PSYoungGen: 73056K->1344K(72704K)] 370049K->298337K(570880K), 0.0022334 secs] [Times: user=0.00 sys=0.00, real=0.00 secs] 
294.783: [GC (Allocation Failure) [PSYoungGen: 72512K->1408K(72192K)] 369505K->298401K(570368K), 0.0019695 secs] [Times: user=0.01 sys=0.00, real=0.01 secs] 
295.172: [GC (Allocation Failure) [PSYoungGen: 72064K->1472K(71680K)] 369057K->298465K(569856K), 0.0017885 secs] [Times: user=0.01 sys=0.00, real=0.01 secs] 
295.296: [GC (Allocation Failure) [PSYoungGen: 71616K->1453K(71168K)] 368609K->298446K(569344K), 0.0014919 secs] [Times: user=0.01 sys=0.00, real=0.00 secs] 
295.417: [GC (Allocation Failure) [PSYoungGen: 71085K->1485K(70656K)] 368078K->298478K(568832K), 0.0015973 secs] [Times: user=0.01 sys=0.00, real=0.00 secs] 
295.539: [GC (Allocation Failure) [PSYoungGen: 70605K->1456K(76800K)] 367598K->298481K(574976K), 0.0015807 secs] [Times: user=0.01 sys=0.00, real=0.00 secs] 
296.722: [GC (Allocation Failure) [PSYoungGen: 76720K->1392K(76288K)] 373745K->298425K(574464K), 0.0026287 secs] [Times: user=0.01 sys=0.00, real=0.01 secs] 
297.460: [GC (Allocation Failure) [PSYoungGen: 76144K->1424K(75776K)] 373177K->298457K(573952K), 0.0027110 secs] [Times: user=0.01 sys=0.00, real=0.00 secs] 
298.370: [GC (Allocation Failure) [PSYoungGen: 75664K->1376K(75264K)] 372697K->298409K(573440K), 0.0020392 secs] [Times: user=0.00 sys=0.00, real=0.00 secs] 
299.626: [GC (Allocation Failure) [PSYoungGen: 75104K->1392K(74752K)] 372137K->298425K(572928K), 0.0028048 secs] [Times: user=0.01 sys=0.00, real=0.00 secs] 
299.842: [GC (Allocation Failure) [PSYoungGen: 74608K->1453K(74240K)] 371641K->298494K(572416K), 0.0017004 secs] [Times: user=0.01 sys=0.00, real=0.01 secs] 
299.991: [GC (Allocation Failure) [PSYoungGen: 74157K->1485K(73728K)] 371198K->298526K(571904K), 0.0018141 secs] [Times: user=0.01 sys=0.00, real=0.00 secs] 
300.151: [GC (Allocation Failure) [PSYoungGen: 73677K->1485K(73216K)] 370718K->298526K(571392K), 0.0020168 secs] [Times: user=0.00 sys=0.00, real=0.00 secs] 
300.868: [GC (Allocation Failure) [PSYoungGen: 73165K->1456K(72704K)] 370206K->298505K(570880K), 0.0026586 secs] [Times: user=0.01 sys=0.00, real=0.00 secs] 
301.705: [GC (Allocation Failure) [PSYoungGen: 72624K->1344K(72192K)] 369673K->298393K(570368K), 0.0031761 secs] [Times: user=0.01 sys=0.00, real=0.00 secs] 
302.509: [GC (Allocation Failure) [PSYoungGen: 72000K->1408K(71680K)] 369049K->298457K(569856K), 0.0025366 secs] [Times: user=0.01 sys=0.00, real=0.00 secs] 
303.148: [GC (Allocation Failure) [PSYoungGen: 71552K->1376K(71168K)] 368601K->298425K(569344K), 0.0021694 secs] [Times: user=0.01 sys=0.00, real=0.00 secs] 
303.750: [GC (Allocation Failure) [PSYoungGen: 71008K->1421K(70656K)] 368057K->298470K(568832K), 0.0017746 secs] [Times: user=0.01 sys=0.00, real=0.00 secs] 
303.884: [GC (Allocation Failure) [PSYoungGen: 70537K->1453K(70144K)] 367587K->298502K(568320K), 0.0016102 secs] [Times: user=0.01 sys=0.00, real=0.00 secs] 
304.005: [GC (Allocation Failure) [PSYoungGen: 70061K->1485K(69632K)] 367110K->298534K(567808K), 0.0016755 secs] [Times: user=0.01 sys=0.00, real=0.00 secs] 
304.124: [GC (Allocation Failure) [PSYoungGen: 69581K->1485K(75776K)] 366630K->298534K(573952K), 0.0016595 secs] [Times: user=0.01 sys=0.00, real=0.00 secs] 
304.835: [GC (Allocation Failure) [PSYoungGen: 75725K->1360K(75264K)] 372774K->298417K(573440K), 0.0020380 secs] [Times: user=0.00 sys=0.00, real=0.00 secs] 
305.796: [GC (Allocation Failure) [PSYoungGen: 75088K->1344K(74752K)] 372145K->298401K(572928K), 0.0025137 secs] [Times: user=0.01 sys=0.00, real=0.00 secs] 
306.429: [GC (Allocation Failure) [PSYoungGen: 74560K->1376K(74240K)] 371617K->298457K(572416K), 0.0020630 secs] [Times: user=0.01 sys=0.00, real=0.00 secs] 
307.044: [GC (Allocation Failure) [PSYoungGen: 74080K->1344K(73728K)] 371161K->298433K(571904K), 0.0022752 secs] [Times: user=0.01 sys=0.00, real=0.00 secs] 
307.260: [GC (Allocation Failure) [PSYoungGen: 73536K->1517K(73216K)] 370625K->298606K(571392K), 0.0019431 secs] [Times: user=0.00 sys=0.00, real=0.00 secs] 
307.390: [GC (Allocation Failure) [PSYoungGen: 73197K->1485K(72704K)] 370286K->298574K(570880K), 0.0016789 secs] [Times: user=0.01 sys=0.00, real=0.00 secs] 
307.516: [GC (Allocation Failure) [PSYoungGen: 72653K->1421K(78848K)] 369742K->298510K(577024K), 0.0015757 secs] [Times: user=0.01 sys=0.00, real=0.00 secs] 
308.609: [GC (Allocation Failure) [PSYoungGen: 78733K->1440K(78336K)] 375822K->298529K(576512K), 0.0025850 secs] [Times: user=0.01 sys=0.00, real=0.00 secs] 
309.346: [GC (Allocation Failure) [PSYoungGen: 78240K->1408K(77824K)] 375329K->298497K(576000K), 0.0024274 secs] [Times: user=0.01 sys=0.00, real=0.00 secs] 
309.967: [GC (Allocation Failure) [PSYoungGen: 77696K->1344K(77312K)] 374785K->298433K(575488K), 0.0020917 secs] [Times: user=0.01 sys=0.01, real=0.00 secs] 
310.322: [GC (Allocation Failure) [PSYoungGen: 77120K->1344K(76800K)] 374209K->298433K(574976K), 0.0016877 secs] [Times: user=0.01 sys=0.00, real=0.01 secs] 
310.564: [GC (Allocation Failure) [PSYoungGen: 76608K->1453K(76288K)] 373697K->298542K(574464K), 0.0015661 secs] [Times: user=0.01 sys=0.00, real=0.00 secs] 
310.697: [GC (Allocation Failure) [PSYoungGen: 76205K->1453K(75776K)] 373294K->298542K(573952K), 0.0015777 secs] [Times: user=0.00 sys=0.00, real=0.00 secs] 
310.829: [GC (Allocation Failure) [PSYoungGen: 75693K->1488K(82944K)] 372782K->298577K(581120K), 0.0025483 secs] [Times: user=0.01 sys=0.00, real=0.00 secs] 
311.126: [GC (Allocation Failure) [PSYoungGen: 82896K->1424K(90112K)] 379985K->298513K(588288K), 0.0019346 secs] [Times: user=0.00 sys=0.00, real=0.00 secs] 
311.588: [GC (Allocation Failure) [PSYoungGen: 90000K->1376K(89088K)] 387089K->298473K(587264K), 0.0019482 secs] [Times: user=0.00 sys=0.00, real=0.00 secs] 
311.952: [GC (Allocation Failure) [PSYoungGen: 88928K->1360K(88064K)] 386025K->298465K(586240K), 0.0018895 secs] [Times: user=0.01 sys=0.01, real=0.01 secs] 
312.427: [GC (Allocation Failure) [PSYoungGen: 87888K->1456K(87040K)] 384993K->298561K(585216K), 0.0018874 secs] [Times: user=0.01 sys=0.00, real=0.00 secs] 
312.583: [GC (Allocation Failure) [PSYoungGen: 86960K->1485K(86528K)] 384065K->298590K(584704K), 0.0017281 secs] [Times: user=0.00 sys=0.00, real=0.00 secs] 
312.733: [GC (Allocation Failure) [PSYoungGen: 86477K->1453K(86016K)] 383582K->298558K(584192K), 0.0017027 secs] [Times: user=0.00 sys=0.00, real=0.01 secs] 
312.882: [GC (Allocation Failure) [PSYoungGen: 85234K->256K(92160K)] 382340K->297361K(590336K), 0.0015707 secs] [Times: user=0.01 sys=0.00, real=0.01 secs] 
314.765: [GC (Allocation Failure) [PSYoungGen: 91904K->1328K(92672K)] 389009K->298433K(590848K), 0.0024012 secs] [Times: user=0.01 sys=0.00, real=0.00 secs] 
315.959: [GC (Allocation Failure) [PSYoungGen: 91952K->1408K(91136K)] 389057K->298529K(589312K), 0.0021061 secs] [Times: user=0.01 sys=0.00, real=0.00 secs] 
317.368: [GC (Allocation Failure) [PSYoungGen: 91008K->1360K(90112K)] 388129K->298481K(588288K), 0.0032793 secs] [Times: user=0.01 sys=0.00, real=0.00 secs] 
317.894: [GC (Allocation Failure) [PSYoungGen: 89936K->1485K(89088K)] 387057K->298606K(587264K), 0.0018811 secs] [Times: user=0.00 sys=0.00, real=0.00 secs] 
318.052: [GC (Allocation Failure) [PSYoungGen: 89037K->1485K(88064K)] 386158K->298606K(586240K), 0.0017128 secs] [Times: user=0.00 sys=0.00, real=0.01 secs] 
318.205: [GC (Allocation Failure) [PSYoungGen: 88013K->1485K(87040K)] 385134K->298606K(585216K), 0.0017548 secs] [Times: user=0.00 sys=0.00, real=0.00 secs] 
319.084: [GC (Allocation Failure) [PSYoungGen: 86989K->1344K(86528K)] 384110K->298465K(584704K), 0.0020837 secs] [Times: user=0.01 sys=0.00, real=0.00 secs] 
319.438: [GC (Allocation Failure) [PSYoungGen: 86336K->1408K(86016K)] 383457K->298529K(584192K), 0.0016653 secs] [Times: user=0.01 sys=0.00, real=0.00 secs] 
320.335: [GC (Allocation Failure) [PSYoungGen: 85888K->1376K(85504K)] 383009K->298497K(583680K), 0.0021537 secs] [Times: user=0.01 sys=0.00, real=0.00 secs] 
320.795: [GC (Allocation Failure) [PSYoungGen: 85344K->1456K(84992K)] 382465K->298577K(583168K), 0.0016973 secs] [Times: user=0.01 sys=0.00, real=0.00 secs] 
320.942: [GC (Allocation Failure) [PSYoungGen: 84912K->1485K(84480K)] 382033K->298606K(582656K), 0.0016928 secs] [Times: user=0.00 sys=0.00, real=0.01 secs] 
321.090: [GC (Allocation Failure) [PSYoungGen: 84429K->1453K(83968K)] 381550K->298574K(582144K), 0.0015511 secs] [Times: user=0.01 sys=0.00, real=0.00 secs] 
321.720: [GC (Allocation Failure) [PSYoungGen: 83885K->1408K(83456K)] 381006K->298529K(581632K), 0.0024599 secs] [Times: user=0.01 sys=0.00, real=0.00 secs] 
322.163: [GC (Allocation Failure) [PSYoungGen: 83328K->1408K(82944K)] 380449K->298529K(581120K), 0.0017207 secs] [Times: user=0.01 sys=0.00, real=0.01 secs] 
322.501: [GC (Allocation Failure) [PSYoungGen: 82816K->1408K(82432K)] 379937K->298529K(580608K), 0.0019617 secs] [Times: user=0.01 sys=0.00, real=0.00 secs] 
323.000: [GC (Allocation Failure) [PSYoungGen: 82304K->1488K(81920K)] 379425K->298617K(580096K), 0.0020392 secs] [Times: user=0.01 sys=0.00, real=0.00 secs] 
323.224: [GC (Allocation Failure) [PSYoungGen: 81872K->1453K(81408K)] 379001K->298582K(579584K), 0.0020507 secs] [Times: user=0.00 sys=0.00, real=0.00 secs] 
323.374: [GC (Allocation Failure) [PSYoungGen: 81325K->1453K(80896K)] 378454K->298582K(579072K), 0.0016002 secs] [Times: user=0.01 sys=0.00, real=0.00 secs] 
323.513: [GC (Allocation Failure) [PSYoungGen: 80813K->1517K(80384K)] 377942K->298646K(578560K), 0.0016276 secs] [Times: user=0.01 sys=0.00, real=0.00 secs] 
324.392: [GC (Allocation Failure) [PSYoungGen: 80365K->1408K(79872K)] 377494K->298537K(578048K), 0.0022371 secs] [Times: user=0.00 sys=0.00, real=0.01 secs] 
325.189: [GC (Allocation Failure) [PSYoungGen: 79744K->1376K(79360K)] 376873K->298505K(577536K), 0.0023036 secs] [Times: user=0.00 sys=0.00, real=0.00 secs] 
326.160: [GC (Allocation Failure) [PSYoungGen: 79200K->1376K(78848K)] 376329K->298529K(577024K), 0.0022910 secs] [Times: user=0.01 sys=0.00, real=0.00 secs] 
326.829: [GC (Allocation Failure) [PSYoungGen: 78688K->1472K(78336K)] 375841K->298625K(576512K), 0.0019823 secs] [Times: user=0.01 sys=0.00, real=0.00 secs] 
327.012: [GC (Allocation Failure) [PSYoungGen: 78272K->1485K(77824K)] 375425K->298638K(576000K), 0.0019058 secs] [Times: user=0.01 sys=0.00, real=0.01 secs] 
327.188: [GC (Allocation Failure) [PSYoungGen: 77773K->1424K(77312K)] 374926K->298577K(575488K), 0.0019200 secs] [Times: user=0.00 sys=0.00, real=0.00 secs] 
327.347: [GC (Allocation Failure) [PSYoungGen: 77200K->1485K(76800K)] 374353K->298638K(574976K), 0.0015651 secs] [Times: user=0.01 sys=0.00, real=0.00 secs] 
328.479: [GC (Allocation Failure) [PSYoungGen: 76749K->1408K(76288K)] 373902K->298569K(574464K), 0.0036250 secs] [Times: user=0.01 sys=0.00, real=0.00 secs] 
329.675: [GC (Allocation Failure) [PSYoungGen: 76160K->1376K(75776K)] 373321K->298537K(573952K), 0.0030805 secs] [Times: user=0.01 sys=0.00, real=0.00 secs] 
330.582: [GC (Allocation Failure) [PSYoungGen: 75616K->1408K(75264K)] 372777K->298569K(573440K), 0.0025060 secs] [Times: user=0.01 sys=0.00, real=0.01 secs] 
331.759: [GC (Allocation Failure) [PSYoungGen: 75108K->1424K(74752K)] 372269K->298585K(572928K), 0.0017691 secs] [Times: user=0.01 sys=0.00, real=0.00 secs] 
331.918: [GC (Allocation Failure) [PSYoungGen: 74615K->1453K(74240K)] 371776K->298614K(572416K), 0.0018173 secs] [Times: user=0.00 sys=0.00, real=0.00 secs] 
332.048: [GC (Allocation Failure) [PSYoungGen: 74157K->1456K(73728K)] 371318K->298617K(571904K), 0.0015709 secs] [Times: user=0.00 sys=0.00, real=0.00 secs] 
332.175: [GC (Allocation Failure) [PSYoungGen: 73648K->1485K(80384K)] 370809K->298646K(578560K), 0.0017583 secs] [Times: user=0.01 sys=0.00, real=0.00 secs] 
333.046: [GC (Allocation Failure) [PSYoungGen: 80333K->1376K(79872K)] 377494K->298537K(578048K), 0.0021275 secs] [Times: user=0.01 sys=0.00, real=0.00 secs] 
334.057: [GC (Allocation Failure) [PSYoungGen: 79712K->1376K(79360K)] 376873K->298537K(577536K), 0.0024607 secs] [Times: user=0.01 sys=0.00, real=0.00 secs] 
335.294: [GC (Allocation Failure) [PSYoungGen: 79200K->1344K(78848K)] 376361K->298505K(577024K), 0.0034537 secs] [Times: user=0.01 sys=0.00, real=0.00 secs] 
336.817: [GC (Allocation Failure) [PSYoungGen: 78656K->256K(77312K)] 375817K->297417K(575488K), 0.0069437 secs] [Times: user=0.02 sys=0.00, real=0.01 secs] 
337.089: [GC (Allocation Failure) [PSYoungGen: 77056K->1485K(77824K)] 374217K->298646K(576000K), 0.0019679 secs] [Times: user=0.00 sys=0.00, real=0.00 secs] 
337.274: [GC (Allocation Failure) [PSYoungGen: 77773K->1517K(77312K)] 374934K->298678K(575488K), 0.0019940 secs] [Times: user=0.01 sys=0.00, real=0.00 secs] 
337.438: [GC (Allocation Failure) [PSYoungGen: 77293K->1520K(76800K)] 374454K->298681K(574976K), 0.0016077 secs] [Times: user=0.00 sys=0.00, real=0.00 secs] 
337.889: [GC (Allocation Failure) [PSYoungGen: 76784K->1392K(76288K)] 373945K->298553K(574464K), 0.0028804 secs] [Times: user=0.01 sys=0.00, real=0.00 secs] 
338.421: [GC (Allocation Failure) [PSYoungGen: 76144K->1376K(75776K)] 373305K->298545K(573952K), 0.0016839 secs] [Times: user=0.01 sys=0.00, real=0.01 secs] 
339.189: [GC (Allocation Failure) [PSYoungGen: 75616K->1344K(75264K)] 372785K->298513K(573440K), 0.0022329 secs] [Times: user=0.01 sys=0.00, real=0.00 secs] 
340.803: [GC (Allocation Failure) [PSYoungGen: 75072K->1408K(74752K)] 372241K->298577K(572928K), 0.0024504 secs] [Times: user=0.01 sys=0.00, real=0.01 secs] 
341.090: [GC (Allocation Failure) [PSYoungGen: 74624K->1456K(74240K)] 371793K->298625K(572416K), 0.0018461 secs] [Times: user=0.01 sys=0.00, real=0.00 secs] 
341.219: [GC (Allocation Failure) [PSYoungGen: 74160K->1485K(73728K)] 371329K->298654K(571904K), 0.0016142 secs] [Times: user=0.01 sys=0.00, real=0.00 secs] 
341.345: [GC (Allocation Failure) [PSYoungGen: 73677K->1485K(73216K)] 370846K->298654K(571392K), 0.0015863 secs] [Times: user=0.00 sys=0.00, real=0.00 secs] 
341.652: [GC (Allocation Failure) [PSYoungGen: 73165K->1440K(72704K)] 370334K->298617K(570880K), 0.0018155 secs] [Times: user=0.00 sys=0.00, real=0.01 secs] 
342.238: [GC (Allocation Failure) [PSYoungGen: 72608K->1376K(72192K)] 369785K->298553K(570368K), 0.0018617 secs] [Times: user=0.01 sys=0.00, real=0.00 secs] 
342.601: [GC (Allocation Failure) [PSYoungGen: 72032K->1408K(71680K)] 369209K->298585K(569856K), 0.0017253 secs] [Times: user=0.01 sys=0.00, real=0.00 secs] 
342.892: [GC (Allocation Failure) [PSYoungGen: 71552K->1312K(71168K)] 368729K->298489K(569344K), 0.0019902 secs] [Times: user=0.00 sys=0.00, real=0.01 secs] 
343.376: [GC (Allocation Failure) [PSYoungGen: 70944K->1424K(70656K)] 368121K->298601K(568832K), 0.0019959 secs] [Times: user=0.00 sys=0.00, real=0.00 secs] 
343.557: [GC (Allocation Failure) [PSYoungGen: 70544K->1453K(70144K)] 367721K->298630K(568320K), 0.0021473 secs] [Times: user=0.01 sys=0.00, real=0.00 secs] 
343.705: [GC (Allocation Failure) [PSYoungGen: 70061K->1456K(69632K)] 367238K->298633K(567808K), 0.0016740 secs] [Times: user=0.01 sys=0.00, real=0.00 secs] 
343.825: [GC (Allocation Failure) [PSYoungGen: 69552K->1453K(75776K)] 366729K->298630K(573952K), 0.0016204 secs] [Times: user=0.01 sys=0.00, real=0.00 secs] 
344.307: [GC (Allocation Failure) [PSYoungGen: 75693K->1424K(75264K)] 372870K->298601K(573440K), 0.0027474 secs] [Times: user=0.01 sys=0.00, real=0.00 secs] 
344.975: [GC (Allocation Failure) [PSYoungGen: 75152K->1376K(74752K)] 372329K->298577K(572928K), 0.0025926 secs] [Times: user=0.01 sys=0.00, real=0.00 secs] 
345.360: [GC (Allocation Failure) [PSYoungGen: 74592K->1312K(74240K)] 371793K->298513K(572416K), 0.0019224 secs] [Times: user=0.00 sys=0.00, real=0.00 secs] 
345.662: [GC (Allocation Failure) [PSYoungGen: 74016K->1376K(73728K)] 371217K->298577K(571904K), 0.0019857 secs] [Times: user=0.00 sys=0.00, real=0.01 secs] 
345.872: [GC (Allocation Failure) [PSYoungGen: 73555K->1488K(73216K)] 370756K->298689K(571392K), 0.0015923 secs] [Times: user=0.01 sys=0.00, real=0.01 secs] 
346.017: [GC (Allocation Failure) [PSYoungGen: 73168K->1485K(72704K)] 370369K->298686K(570880K), 0.0018492 secs] [Times: user=0.01 sys=0.00, real=0.00 secs] 
346.180: [GC (Allocation Failure) [PSYoungGen: 72653K->1424K(72192K)] 369854K->298625K(570368K), 0.0015807 secs] [Times: user=0.01 sys=0.00, real=0.00 secs] 
346.488: [GC (Allocation Failure) [PSYoungGen: 72080K->2000K(72192K)] 369281K->299729K(570368K), 0.0019712 secs] [Times: user=0.00 sys=0.00, real=0.00 secs] 
347.074: [GC (Allocation Failure) [PSYoungGen: 72144K->352K(70144K)] 369873K->299105K(568320K), 0.0022603 secs] [Times: user=0.01 sys=0.00, real=0.00 secs] 
347.681: [GC (Allocation Failure) [PSYoungGen: 69984K->320K(69632K)] 368737K->299073K(567808K), 0.0020647 secs] [Times: user=0.01 sys=0.00, real=0.00 secs] 
348.376: [GC (Allocation Failure) [PSYoungGen: 69440K->320K(69120K)] 368193K->299073K(567296K), 0.0024225 secs] [Times: user=0.01 sys=0.00, real=0.00 secs] 
349.244: [GC (Allocation Failure) [PSYoungGen: 68928K->1392K(70656K)] 367681K->300145K(568832K), 0.0020848 secs] [Times: user=0.00 sys=0.00, real=0.00 secs] 
349.400: [GC (Allocation Failure) [PSYoungGen: 69488K->1485K(69120K)] 368241K->300238K(567296K), 0.0015710 secs] [Times: user=0.00 sys=0.00, real=0.00 secs] 
349.519: [GC (Allocation Failure) [PSYoungGen: 69069K->1488K(68608K)] 367822K->300241K(566784K), 0.0016890 secs] [Times: user=0.01 sys=0.00, real=0.00 secs] 
349.637: [GC (Allocation Failure) [PSYoungGen: 68560K->1453K(74752K)] 367313K->300206K(572928K), 0.0017324 secs] [Times: user=0.01 sys=0.00, real=0.00 secs] 
350.209: [GC (Allocation Failure) [PSYoungGen: 74669K->1408K(74240K)] 373422K->300161K(572416K), 0.0023594 secs] [Times: user=0.00 sys=0.01, real=0.00 secs] 
351.746: [GC (Allocation Failure) [PSYoungGen: 74112K->1344K(73728K)] 372865K->300097K(571904K), 0.0035217 secs] [Times: user=0.01 sys=0.00, real=0.00 secs] 
352.392: [GC (Allocation Failure) [PSYoungGen: 73536K->1344K(73216K)] 372289K->300097K(571392K), 0.0023919 secs] [Times: user=0.01 sys=0.00, real=0.01 secs] 
352.965: [GC (Allocation Failure) [PSYoungGen: 73024K->1376K(72704K)] 371777K->300129K(570880K), 0.0018963 secs] [Times: user=0.01 sys=0.00, real=0.00 secs] 
353.560: [GC (Allocation Failure) [PSYoungGen: 72544K->1485K(72192K)] 371297K->300238K(570368K), 0.0019756 secs] [Times: user=0.01 sys=0.00, real=0.00 secs] 
353.706: [GC (Allocation Failure) [PSYoungGen: 72141K->1520K(71680K)] 370894K->300273K(569856K), 0.0016209 secs] [Times: user=0.01 sys=0.00, real=0.00 secs] 
353.828: [GC (Allocation Failure) [PSYoungGen: 71664K->1456K(71168K)] 370417K->300209K(569344K), 0.0017285 secs] [Times: user=0.01 sys=0.00, real=0.00 secs] 
353.951: [GC (Allocation Failure) [PSYoungGen: 71088K->1456K(77824K)] 369841K->300217K(576000K), 0.0015831 secs] [Times: user=0.01 sys=0.00, real=0.00 secs] 
354.815: [GC (Allocation Failure) [PSYoungGen: 77744K->1392K(77312K)] 376505K->300153K(575488K), 0.0027995 secs] [Times: user=0.01 sys=0.00, real=0.00 secs] 
355.448: [GC (Allocation Failure) [PSYoungGen: 77168K->1376K(76800K)] 375929K->300137K(574976K), 0.0022097 secs] [Times: user=0.01 sys=0.01, real=0.00 secs] 
356.094: [GC (Allocation Failure) [PSYoungGen: 76640K->1376K(76288K)] 375401K->300161K(574464K), 0.0033381 secs] [Times: user=0.01 sys=0.00, real=0.00 secs] 
356.642: [GC (Allocation Failure) [PSYoungGen: 75966K->272K(74752K)] 374751K->299057K(572928K), 0.0020195 secs] [Times: user=0.01 sys=0.00, real=0.01 secs] 
356.794: [GC (Allocation Failure) [PSYoungGen: 74512K->1453K(75776K)] 373297K->300238K(573952K), 0.0016255 secs] [Times: user=0.01 sys=0.00, real=0.00 secs] 
356.922: [GC (Allocation Failure) [PSYoungGen: 75181K->1485K(74752K)] 373966K->300270K(572928K), 0.0016779 secs] [Times: user=0.00 sys=0.00, real=0.01 secs] 
357.050: [GC (Allocation Failure) [PSYoungGen: 74701K->1485K(81408K)] 373486K->300270K(579584K), 0.0017063 secs] [Times: user=0.01 sys=0.00, real=0.00 secs] 
357.723: [GC (Allocation Failure) [PSYoungGen: 81357K->1376K(80896K)] 380142K->300161K(579072K), 0.0021328 secs] [Times: user=0.01 sys=0.00, real=0.00 secs] 
358.497: [GC (Allocation Failure) [PSYoungGen: 80736K->1344K(80384K)] 379521K->300129K(578560K), 0.0024827 secs] [Times: user=0.01 sys=0.00, real=0.00 secs] 
359.306: [GC (Allocation Failure) [PSYoungGen: 80192K->1392K(79872K)] 378977K->300177K(578048K), 0.0021578 secs] [Times: user=0.01 sys=0.00, real=0.00 secs] 
359.695: [GC (Allocation Failure) [PSYoungGen: 79728K->1344K(79360K)] 378513K->300129K(577536K), 0.0019843 secs] [Times: user=0.00 sys=0.00, real=0.00 secs] 
359.888: [GC (Allocation Failure) [PSYoungGen: 79168K->1453K(78848K)] 377953K->300246K(577024K), 0.0015326 secs] [Times: user=0.00 sys=0.00, real=0.00 secs] 
360.023: [GC (Allocation Failure) [PSYoungGen: 78765K->1456K(78336K)] 377558K->300249K(576512K), 0.0016147 secs] [Times: user=0.00 sys=0.01, real=0.01 secs] 
360.157: [GC (Allocation Failure) [PSYoungGen: 78256K->1421K(77824K)] 377049K->300214K(576000K), 0.0015143 secs] [Times: user=0.01 sys=0.00, real=0.00 secs] 
360.729: [GC (Allocation Failure) [PSYoungGen: 77709K->1392K(77312K)] 376502K->300185K(575488K), 0.0020638 secs] [Times: user=0.01 sys=0.00, real=0.00 secs] 
361.180: [GC (Allocation Failure) [PSYoungGen: 77168K->1328K(76800K)] 375961K->300129K(574976K), 0.0018138 secs] [Times: user=0.01 sys=0.00, real=0.00 secs] 
361.492: [GC (Allocation Failure) [PSYoungGen: 76592K->1376K(76288K)] 375393K->300177K(574464K), 0.0020078 secs] [Times: user=0.01 sys=0.00, real=0.01 secs] 
361.849: [GC (Allocation Failure) [PSYoungGen: 76128K->1344K(75776K)] 374929K->300145K(573952K), 0.0018054 secs] [Times: user=0.01 sys=0.00, real=0.00 secs] 
362.072: [GC (Allocation Failure) [PSYoungGen: 75584K->1485K(75264K)] 374385K->300286K(573440K), 0.0015853 secs] [Times: user=0.01 sys=0.00, real=0.01 secs] 
362.201: [GC (Allocation Failure) [PSYoungGen: 75213K->1453K(74752K)] 374014K->300254K(572928K), 0.0015503 secs] [Times: user=0.00 sys=0.00, real=0.00 secs] 
362.328: [GC (Allocation Failure) [PSYoungGen: 74669K->1453K(74240K)] 373470K->300254K(572416K), 0.0016037 secs] [Times: user=0.01 sys=0.00, real=0.00 secs] 
363.176: [GC (Allocation Failure) [PSYoungGen: 74157K->1424K(73728K)] 372958K->300225K(571904K), 0.0024292 secs] [Times: user=0.00 sys=0.00, real=0.00 secs] 
364.117: [GC (Allocation Failure) [PSYoungGen: 73616K->1376K(73216K)] 372417K->300177K(571392K), 0.0026460 secs] [Times: user=0.01 sys=0.00, real=0.00 secs] 
364.790: [GC (Allocation Failure) [PSYoungGen: 73056K->1376K(72704K)] 371857K->300193K(570880K), 0.0018282 secs] [Times: user=0.00 sys=0.01, real=0.00 secs] 
365.385: [GC (Allocation Failure) [PSYoungGen: 72544K->1392K(72192K)] 371361K->300209K(570368K), 0.0027179 secs] [Times: user=0.01 sys=0.00, real=0.00 secs] 
365.720: [GC (Allocation Failure) [PSYoungGen: 72048K->1469K(71680K)] 370865K->300294K(569856K), 0.0014943 secs] [Times: user=0.00 sys=0.00, real=0.00 secs] 
365.842: [GC (Allocation Failure) [PSYoungGen: 71613K->1485K(71168K)] 370438K->300310K(569344K), 0.0016236 secs] [Times: user=0.00 sys=0.00, real=0.01 secs] 
365.964: [GC (Allocation Failure) [PSYoungGen: 71117K->1424K(70656K)] 369942K->300249K(568832K), 0.0015210 secs] [Times: user=0.01 sys=0.00, real=0.00 secs] 
366.086: [GC (Allocation Failure) [PSYoungGen: 70544K->1485K(76800K)] 369369K->300310K(574976K), 0.0015558 secs] [Times: user=0.00 sys=0.00, real=0.00 secs] 
366.968: [GC (Allocation Failure) [PSYoungGen: 76749K->1408K(76288K)] 375574K->300241K(574464K), 0.0024922 secs] [Times: user=0.01 sys=0.00, real=0.00 secs] 
367.774: [GC (Allocation Failure) [PSYoungGen: 76160K->1408K(75776K)] 374993K->300241K(573952K), 0.0034851 secs] [Times: user=0.02 sys=0.00, real=0.00 secs] 
368.590: [GC (Allocation Failure) [PSYoungGen: 75648K->1376K(75264K)] 374481K->300209K(573440K), 0.0023356 secs] [Times: user=0.01 sys=0.00, real=0.00 secs] 
370.162: [GC (Allocation Failure) [PSYoungGen: 75104K->1424K(74752K)] 373937K->300257K(572928K), 0.0035004 secs] [Times: user=0.01 sys=0.00, real=0.01 secs] 
370.401: [GC (Allocation Failure) [PSYoungGen: 74619K->1421K(74240K)] 373452K->300254K(572416K), 0.0018646 secs] [Times: user=0.01 sys=0.00, real=0.01 secs] 
370.533: [GC (Allocation Failure) [PSYoungGen: 74125K->1453K(73728K)] 372958K->300286K(571904K), 0.0018210 secs] [Times: user=0.00 sys=0.00, real=0.00 secs] 
370.660: [GC (Allocation Failure) [PSYoungGen: 73645K->1485K(73216K)] 372478K->300318K(571392K), 0.0015843 secs] [Times: user=0.01 sys=0.00, real=0.00 secs] 
371.371: [GC (Allocation Failure) [PSYoungGen: 73165K->1424K(72704K)] 371998K->300265K(570880K), 0.0022607 secs] [Times: user=0.00 sys=0.00, real=0.01 secs] 
372.795: [GC (Allocation Failure) [PSYoungGen: 72592K->1408K(72192K)] 371433K->300249K(570368K), 0.0024387 secs] [Times: user=0.00 sys=0.00, real=0.00 secs] 
373.726: [GC (Allocation Failure) [PSYoungGen: 72064K->1376K(71680K)] 370905K->300217K(569856K), 0.0023880 secs] [Times: user=0.01 sys=0.01, real=0.00 secs] 
374.528: [GC (Allocation Failure) [PSYoungGen: 71520K->384K(70144K)] 370361K->300249K(568320K), 0.0020573 secs] [Times: user=0.01 sys=0.00, real=0.00 secs] 
375.553: [GC (Allocation Failure) [PSYoungGen: 70016K->1453K(71168K)] 369881K->301318K(569344K), 0.0021344 secs] [Times: user=0.01 sys=0.00, real=0.01 secs] 
375.715: [GC (Allocation Failure) [PSYoungGen: 70573K->1472K(70144K)] 370438K->301337K(568320K), 0.0016515 secs] [Times: user=0.01 sys=0.00, real=0.00 secs] 
375.835: [GC (Allocation Failure) [PSYoungGen: 70065K->1485K(69632K)] 369930K->301350K(567808K), 0.0018073 secs] [Times: user=0.01 sys=0.00, real=0.00 secs] 
375.955: [GC (Allocation Failure) [PSYoungGen: 69581K->1485K(75776K)] 369446K->301350K(573952K), 0.0015969 secs] [Times: user=0.01 sys=0.00, real=0.00 secs] 
377.043: [GC (Allocation Failure) [PSYoungGen: 75725K->1392K(75264K)] 375590K->301273K(573440K), 0.0024112 secs] [Times: user=0.01 sys=0.00, real=0.01 secs] 
378.334: [GC (Allocation Failure) [PSYoungGen: 75120K->1376K(74752K)] 375001K->301257K(572928K), 0.0027700 secs] [Times: user=0.01 sys=0.01, real=0.00 secs] 
379.518: [GC (Allocation Failure) [PSYoungGen: 74592K->1344K(74240K)] 374473K->301233K(572416K), 0.0031861 secs] [Times: user=0.01 sys=0.00, real=0.00 secs] 
380.165: [GC (Allocation Failure) [PSYoungGen: 74048K->1344K(73728K)] 373937K->301241K(571904K), 0.0018293 secs] [Times: user=0.01 sys=0.00, real=0.00 secs] 
380.452: [GC (Allocation Failure) [PSYoungGen: 73536K->1421K(73216K)] 373433K->301318K(571392K), 0.0018257 secs] [Times: user=0.00 sys=0.00, real=0.01 secs] 
380.597: [GC (Allocation Failure) [PSYoungGen: 73101K->1485K(72704K)] 372998K->301382K(570880K), 0.0019248 secs] [Times: user=0.01 sys=0.00, real=0.00 secs] 
380.767: [GC (Allocation Failure) [PSYoungGen: 72653K->1485K(72192K)] 372550K->301382K(570368K), 0.0019732 secs] [Times: user=0.01 sys=0.00, real=0.00 secs] 
381.087: [GC (Allocation Failure) [PSYoungGen: 72141K->1424K(71680K)] 372038K->301321K(569856K), 0.0018325 secs] [Times: user=0.01 sys=0.00, real=0.00 secs] 
381.378: [GC (Allocation Failure) [PSYoungGen: 71568K->1344K(71168K)] 371465K->301241K(569344K), 0.0020266 secs] [Times: user=0.01 sys=0.00, real=0.00 secs] 
381.675: [GC (Allocation Failure) [PSYoungGen: 70976K->1376K(70656K)] 370873K->301273K(568832K), 0.0017430 secs] [Times: user=0.00 sys=0.00, real=0.00 secs] 
381.987: [GC (Allocation Failure) [PSYoungGen: 70496K->1344K(70144K)] 370393K->301241K(568320K), 0.0019451 secs] [Times: user=0.01 sys=0.00, real=0.00 secs] 
382.716: [GC (Allocation Failure) [PSYoungGen: 69952K->1424K(69632K)] 369849K->301329K(567808K), 0.0019365 secs] [Times: user=0.00 sys=0.00, real=0.00 secs] 
382.866: [GC (Allocation Failure) [PSYoungGen: 69520K->1485K(69120K)] 369425K->301390K(567296K), 0.0017072 secs] [Times: user=0.00 sys=0.01, real=0.00 secs] 
382.986: [GC (Allocation Failure) [PSYoungGen: 69069K->1453K(68608K)] 368974K->301358K(566784K), 0.0017012 secs] [Times: user=0.01 sys=0.00, real=0.00 secs] 
383.103: [GC (Allocation Failure) [PSYoungGen: 68505K->1485K(75264K)] 368411K->301390K(573440K), 0.0016768 secs] [Times: user=0.00 sys=0.00, real=0.00 secs] 
383.843: [GC (Allocation Failure) [PSYoungGen: 75213K->1456K(74752K)] 375118K->301361K(572928K), 0.0018238 secs] [Times: user=0.00 sys=0.00, real=0.01 secs] 
384.146: [GC (Allocation Failure) [PSYoungGen: 74672K->1376K(74240K)] 374577K->301281K(572416K), 0.0017869 secs] [Times: user=0.01 sys=0.00, real=0.00 secs] 
385.800: [GC (Allocation Failure) [PSYoungGen: 74080K->1376K(73728K)] 373985K->301297K(571904K), 0.0043704 secs] [Times: user=0.01 sys=0.00, real=0.01 secs] 
386.857: [GC (Allocation Failure) [PSYoungGen: 73568K->1360K(73216K)] 373489K->301281K(571392K), 0.0021447 secs] [Times: user=0.01 sys=0.00, real=0.00 secs] 
387.343: [GC (Allocation Failure) [PSYoungGen: 73040K->1485K(72704K)] 372961K->301406K(570880K), 0.0017672 secs] [Times: user=0.01 sys=0.00, real=0.01 secs] 
387.471: [GC (Allocation Failure) [PSYoungGen: 72653K->1488K(72192K)] 372574K->301409K(570368K), 0.0016862 secs] [Times: user=0.00 sys=0.00, real=0.00 secs] 
387.596: [GC (Allocation Failure) [PSYoungGen: 72144K->1453K(71680K)] 372065K->301374K(569856K), 0.0015410 secs] [Times: user=0.00 sys=0.00, real=0.00 secs] 
387.718: [GC (Allocation Failure) [PSYoungGen: 71597K->1456K(78336K)] 371518K->301393K(576512K), 0.0016257 secs] [Times: user=0.00 sys=0.00, real=0.00 secs] 
388.450: [GC (Allocation Failure) [PSYoungGen: 78256K->1392K(77824K)] 378193K->301337K(576000K), 0.0018313 secs] [Times: user=0.01 sys=0.00, real=0.00 secs] 
389.166: [GC (Allocation Failure) [PSYoungGen: 77680K->1376K(77312K)] 377625K->301321K(575488K), 0.0021461 secs] [Times: user=0.00 sys=0.00, real=0.00 secs] 
390.172: [GC (Allocation Failure) [PSYoungGen: 77152K->1376K(76800K)] 377097K->301321K(574976K), 0.0028593 secs] [Times: user=0.01 sys=0.00, real=0.01 secs] 
391.221: [GC (Allocation Failure) [PSYoungGen: 76640K->1469K(76288K)] 376585K->301422K(574464K), 0.0019301 secs] [Times: user=0.01 sys=0.00, real=0.00 secs] 
391.428: [GC (Allocation Failure) [PSYoungGen: 76221K->1453K(75776K)] 376174K->301406K(573952K), 0.0020471 secs] [Times: user=0.01 sys=0.00, real=0.00 secs] 
391.586: [GC (Allocation Failure) [PSYoungGen: 75693K->1485K(75264K)] 375646K->301438K(573440K), 0.0016373 secs] [Times: user=0.00 sys=0.00, real=0.00 secs] 
391.716: [GC (Allocation Failure) [PSYoungGen: 75213K->1485K(74752K)] 375166K->301438K(572928K), 0.0017251 secs] [Times: user=0.01 sys=0.00, real=0.00 secs] 
392.856: [GC (Allocation Failure) [PSYoungGen: 74701K->1456K(74240K)] 374654K->301425K(572416K), 0.0031524 secs] [Times: user=0.01 sys=0.00, real=0.00 secs] 
393.727: [GC (Allocation Failure) [PSYoungGen: 74160K->1408K(73728K)] 374129K->301377K(571904K), 0.0025680 secs] [Times: user=0.01 sys=0.00, real=0.00 secs] 
394.463: [GC (Allocation Failure) [PSYoungGen: 73600K->1408K(73216K)] 373569K->301377K(571392K), 0.0026774 secs] [Times: user=0.01 sys=0.00, real=0.01 secs] 
395.148: [GC (Allocation Failure) [PSYoungGen: 73088K->1408K(72704K)] 373057K->301377K(570880K), 0.0017853 secs] [Times: user=0.01 sys=0.00, real=0.00 secs] 
395.395: [GC (Allocation Failure) [PSYoungGen: 72576K->1485K(72192K)] 372545K->301454K(570368K), 0.0017361 secs] [Times: user=0.00 sys=0.00, real=0.00 secs] 
395.519: [GC (Allocation Failure) [PSYoungGen: 72141K->1453K(71680K)] 372110K->301422K(569856K), 0.0016812 secs] [Times: user=0.01 sys=0.00, real=0.00 secs] 
395.662: [GC (Allocation Failure) [PSYoungGen: 71575K->1421K(71168K)] 371545K->301390K(569344K), 0.0018812 secs] [Times: user=0.00 sys=0.00, real=0.01 secs] 
396.027: [GC (Allocation Failure) [PSYoungGen: 71053K->1488K(70656K)] 371022K->301457K(568832K), 0.0022246 secs] [Times: user=0.01 sys=0.00, real=0.00 secs] 
396.342: [GC (Allocation Failure) [PSYoungGen: 70608K->1376K(70144K)] 370577K->301369K(568320K), 0.0017942 secs] [Times: user=0.01 sys=0.00, real=0.01 secs] 
396.639: [GC (Allocation Failure) [PSYoungGen: 69984K->1344K(69632K)] 369977K->301337K(567808K), 0.0017305 secs] [Times: user=0.01 sys=0.00, real=0.00 secs] 
396.922: [GC (Allocation Failure) [PSYoungGen: 69440K->1312K(69120K)] 369433K->301305K(567296K), 0.0019712 secs] [Times: user=0.00 sys=0.00, real=0.01 secs] 
397.353: [GC (Allocation Failure) [PSYoungGen: 68896K->1392K(68608K)] 368889K->301385K(566784K), 0.0018715 secs] [Times: user=0.01 sys=0.00, real=0.00 secs] 
397.517: [GC (Allocation Failure) [PSYoungGen: 68464K->1453K(68096K)] 368457K->301446K(566272K), 0.0021170 secs] [Times: user=0.01 sys=0.00, real=0.00 secs] 
397.676: [GC (Allocation Failure) [PSYoungGen: 68013K->1453K(67584K)] 368006K->301446K(565760K), 0.0017096 secs] [Times: user=0.00 sys=0.00, real=0.00 secs] 
397.809: [GC (Allocation Failure) [PSYoungGen: 67501K->1485K(73728K)] 367494K->301478K(571904K), 0.0019020 secs] [Times: user=0.00 sys=0.00, real=0.00 secs] 
398.253: [GC (Allocation Failure) [PSYoungGen: 73677K->1456K(73216K)] 373670K->301449K(571392K), 0.0022844 secs] [Times: user=0.01 sys=0.00, real=0.00 secs] 
399.493: [GC (Allocation Failure) [PSYoungGen: 73136K->1360K(72704K)] 373129K->301361K(570880K), 0.0043463 secs] [Times: user=0.01 sys=0.01, real=0.00 secs] 
400.363: [GC (Allocation Failure) [PSYoungGen: 72528K->1344K(72192K)] 372529K->301345K(570368K), 0.0019749 secs] [Times: user=0.01 sys=0.00, real=0.01 secs] 
401.184: [GC (Allocation Failure) [PSYoungGen: 72000K->1376K(71680K)] 372001K->301377K(569856K), 0.0021423 secs] [Times: user=0.01 sys=0.00, real=0.00 secs] 
402.396: [GC (Allocation Failure) [PSYoungGen: 71520K->1485K(71168K)] 371521K->301486K(569344K), 0.0022908 secs] [Times: user=0.01 sys=0.00, real=0.00 secs] 
402.567: [GC (Allocation Failure) [PSYoungGen: 71117K->1488K(70656K)] 371118K->301489K(568832K), 0.0017873 secs] [Times: user=0.00 sys=0.00, real=0.00 secs] 
402.690: [GC (Allocation Failure) [PSYoungGen: 70608K->1456K(70144K)] 370609K->301457K(568320K), 0.0015591 secs] [Times: user=0.00 sys=0.00, real=0.00 secs] 
402.809: [GC (Allocation Failure) [PSYoungGen: 70046K->1485K(76288K)] 370047K->301494K(574464K), 0.0018483 secs] [Times: user=0.01 sys=0.00, real=0.00 secs] 
403.517: [GC (Allocation Failure) [PSYoungGen: 76237K->1392K(75776K)] 376246K->301409K(573952K), 0.0025183 secs] [Times: user=0.01 sys=0.00, real=0.00 secs] 
404.236: [GC (Allocation Failure) [PSYoungGen: 75632K->1344K(75264K)] 375649K->301361K(573440K), 0.0021447 secs] [Times: user=0.01 sys=0.00, real=0.00 secs] 
404.543: [GC (Allocation Failure) [PSYoungGen: 75072K->1376K(74752K)] 375089K->301393K(572928K), 0.0018527 secs] [Times: user=0.00 sys=0.00, real=0.01 secs] 
404.847: [GC (Allocation Failure) [PSYoungGen: 74592K->1408K(74240K)] 374609K->301425K(572416K), 0.0018034 secs] [Times: user=0.00 sys=0.00, real=0.00 secs] 
405.088: [GC (Allocation Failure) [PSYoungGen: 74112K->1453K(73728K)] 374129K->301470K(571904K), 0.0015795 secs] [Times: user=0.00 sys=0.00, real=0.00 secs] 
405.214: [GC (Allocation Failure) [PSYoungGen: 73645K->1485K(73216K)] 373662K->301502K(571392K), 0.0016179 secs] [Times: user=0.01 sys=0.00, real=0.00 secs] 
405.339: [GC (Allocation Failure) [PSYoungGen: 73165K->1520K(72704K)] 373182K->301537K(570880K), 0.0014423 secs] [Times: user=0.00 sys=0.00, real=0.00 secs] 
406.462: [GC (Allocation Failure) [PSYoungGen: 72688K->1408K(72192K)] 372705K->301425K(570368K), 0.0036242 secs] [Times: user=0.01 sys=0.00, real=0.01 secs] 
407.548: [GC (Allocation Failure) [PSYoungGen: 72064K->1344K(71680K)] 372081K->301385K(569856K), 0.0042082 secs] [Times: user=0.02 sys=0.01, real=0.00 secs] 
408.237: [GC (Allocation Failure) [PSYoungGen: 71488K->1360K(71168K)] 371529K->301401K(569344K), 0.0024261 secs] [Times: user=0.01 sys=0.00, real=0.00 secs] 
408.675: [GC (Allocation Failure) [PSYoungGen: 70992K->1376K(70656K)] 371033K->301417K(568832K), 0.0018794 secs] [Times: user=0.01 sys=0.00, real=0.00 secs] 
408.968: [GC (Allocation Failure) [PSYoungGen: 70496K->1440K(70144K)] 370537K->301481K(568320K), 0.0018584 secs] [Times: user=0.01 sys=0.00, real=0.00 secs] 
409.091: [GC (Allocation Failure) [PSYoungGen: 70048K->1488K(69632K)] 370089K->301529K(567808K), 0.0016097 secs] [Times: user=0.00 sys=0.00, real=0.00 secs] 
409.212: [GC (Allocation Failure) [PSYoungGen: 69584K->1421K(69120K)] 369625K->301462K(567296K), 0.0017178 secs] [Times: user=0.00 sys=0.00, real=0.01 secs] 
409.333: [GC (Allocation Failure) [PSYoungGen: 69005K->1485K(75776K)] 369046K->301526K(573952K), 0.0015518 secs] [Times: user=0.01 sys=0.00, real=0.01 secs] 
410.480: [GC (Allocation Failure) [PSYoungGen: 75725K->1392K(75264K)] 375766K->301441K(573440K), 0.0024712 secs] [Times: user=0.01 sys=0.00, real=0.00 secs] 
411.693: [GC (Allocation Failure) [PSYoungGen: 75120K->1328K(74752K)] 375169K->301377K(572928K), 0.0025254 secs] [Times: user=0.01 sys=0.00, real=0.01 secs] 
412.716: [GC (Allocation Failure) [PSYoungGen: 74544K->1376K(74240K)] 374593K->301425K(572416K), 0.0029505 secs] [Times: user=0.01 sys=0.00, real=0.00 secs] 
413.049: [GC (Allocation Failure) [PSYoungGen: 74080K->1344K(73728K)] 374129K->301393K(571904K), 0.0018476 secs] [Times: user=0.01 sys=0.00, real=0.00 secs] 
413.305: [GC (Allocation Failure) [PSYoungGen: 73536K->1456K(73216K)] 373585K->301505K(571392K), 0.0015774 secs] [Times: user=0.01 sys=0.00, real=0.00 secs] 
413.429: [GC (Allocation Failure) [PSYoungGen: 73136K->1453K(72704K)] 373185K->301502K(570880K), 0.0016079 secs] [Times: user=0.00 sys=0.00, real=0.00 secs] 
413.554: [GC (Allocation Failure) [PSYoungGen: 72621K->1456K(72192K)] 372670K->301505K(570368K), 0.0016079 secs] [Times: user=0.01 sys=0.00, real=0.00 secs] 
414.390: [GC (Allocation Failure) [PSYoungGen: 72112K->896K(71168K)] 372161K->301969K(569344K), 0.0020910 secs] [Times: user=0.01 sys=0.00, real=0.00 secs] 
415.990: [GC (Allocation Failure) [PSYoungGen: 71040K->352K(70144K)] 372113K->301425K(568320K), 0.0035563 secs] [Times: user=0.01 sys=0.00, real=0.01 secs] 
417.116: [GC (Allocation Failure) [PSYoungGen: 69984K->320K(69632K)] 371057K->301393K(567808K), 0.0027568 secs] [Times: user=0.01 sys=0.00, real=0.00 secs] 
417.969: [GC (Allocation Failure) [PSYoungGen: 69440K->352K(70656K)] 370513K->301449K(568832K), 0.0027487 secs] [Times: user=0.01 sys=0.00, real=0.00 secs] 
418.702: [GC (Allocation Failure) [PSYoungGen: 68960K->1424K(69632K)] 370057K->302521K(567808K), 0.0023863 secs] [Times: user=0.01 sys=0.00, real=0.01 secs] 
418.930: [GC (Allocation Failure) [PSYoungGen: 69520K->1453K(69120K)] 370617K->302550K(567296K), 0.0021411 secs] [Times: user=0.00 sys=0.00, real=0.00 secs] 
419.112: [GC (Allocation Failure) [PSYoungGen: 69037K->1453K(68608K)] 370134K->302550K(566784K), 0.0019388 secs] [Times: user=0.01 sys=0.00, real=0.01 secs] 
419.268: [GC (Allocation Failure) [PSYoungGen: 68525K->1453K(68096K)] 369622K->302550K(566272K), 0.0016025 secs] [Times: user=0.01 sys=0.01, real=0.00 secs] 
419.551: [GC (Allocation Failure) [PSYoungGen: 68013K->1408K(67584K)] 369110K->302505K(565760K), 0.0019213 secs] [Times: user=0.00 sys=0.00, real=0.00 secs] 
420.193: [GC (Allocation Failure) [PSYoungGen: 67456K->1408K(67072K)] 368553K->302505K(565248K), 0.0023688 secs] [Times: user=0.01 sys=0.00, real=0.01 secs] 
420.898: [GC (Allocation Failure) [PSYoungGen: 66944K->1344K(66560K)] 368041K->302441K(564736K), 0.0018361 secs] [Times: user=0.01 sys=0.01, real=0.00 secs] 
421.628: [GC (Allocation Failure) [PSYoungGen: 66368K->1344K(66048K)] 367465K->302441K(564224K), 0.0022537 secs] [Times: user=0.01 sys=0.00, real=0.00 secs] 
422.264: [GC (Allocation Failure) [PSYoungGen: 65856K->1312K(65536K)] 366953K->302409K(563712K), 0.0021389 secs] [Times: user=0.01 sys=0.00, real=0.00 secs] 
422.472: [GC (Allocation Failure) [PSYoungGen: 65312K->1485K(65024K)] 366409K->302582K(563200K), 0.0015815 secs] [Times: user=0.01 sys=0.00, real=0.01 secs] 
422.583: [GC (Allocation Failure) [PSYoungGen: 64973K->1488K(64512K)] 366070K->302585K(562688K), 0.0015034 secs] [Times: user=0.01 sys=0.00, real=0.00 secs] 
422.693: [GC (Allocation Failure) [PSYoungGen: 64456K->1453K(64000K)] 365554K->302558K(562176K), 0.0017027 secs] [Times: user=0.00 sys=0.00, real=0.00 secs] 
422.803: [GC (Allocation Failure) [PSYoungGen: 63917K->1453K(70144K)] 365022K->302558K(568320K), 0.0016124 secs] [Times: user=0.00 sys=0.00, real=0.00 secs] 
423.080: [GC (Allocation Failure) [PSYoungGen: 70061K->1376K(76288K)] 371166K->302481K(574464K), 0.0015127 secs] [Times: user=0.01 sys=0.00, real=0.00 secs] 
423.390: [GC (Allocation Failure) [PSYoungGen: 76128K->1360K(75776K)] 377233K->302465K(573952K), 0.0014590 secs] [Times: user=0.00 sys=0.00, real=0.00 secs] 
423.697: [GC (Allocation Failure) [PSYoungGen: 75600K->1344K(75264K)] 376705K->302465K(573440K), 0.0027342 secs] [Times: user=0.01 sys=0.00, real=0.00 secs] 
424.005: [GC (Allocation Failure) [PSYoungGen: 75072K->1344K(74752K)] 376193K->302465K(572928K), 0.0020034 secs] [Times: user=0.01 sys=0.00, real=0.00 secs] 
425.435: [GC (Allocation Failure) [PSYoungGen: 74553K->1421K(74240K)] 375674K->302542K(572416K), 0.0019909 secs] [Times: user=0.01 sys=0.00, real=0.00 secs] 
425.601: [GC (Allocation Failure) [PSYoungGen: 74125K->1421K(73728K)] 375246K->302542K(571904K), 0.0018111 secs] [Times: user=0.01 sys=0.00, real=0.00 secs] 
425.755: [GC (Allocation Failure) [PSYoungGen: 73613K->1456K(73216K)] 374734K->302593K(571392K), 0.0018419 secs] [Times: user=0.01 sys=0.00, real=0.00 secs] 
425.982: [GC (Allocation Failure) [PSYoungGen: 73136K->1392K(72704K)] 374273K->302529K(570880K), 0.0018638 secs] [Times: user=0.01 sys=0.00, real=0.01 secs] 
426.340: [GC (Allocation Failure) [PSYoungGen: 72560K->1344K(72192K)] 373697K->302481K(570368K), 0.0019227 secs] [Times: user=0.01 sys=0.00, real=0.00 secs] 
426.657: [GC (Allocation Failure) [PSYoungGen: 72000K->1344K(71680K)] 373137K->302481K(569856K), 0.0019111 secs] [Times: user=0.00 sys=0.00, real=0.00 secs] 
426.966: [GC (Allocation Failure) [PSYoungGen: 71488K->1344K(71168K)] 372625K->302481K(569344K), 0.0020562 secs] [Times: user=0.01 sys=0.00, real=0.00 secs] 
427.241: [GC (Allocation Failure) [PSYoungGen: 70976K->1472K(70656K)] 372113K->302609K(568832K), 0.0013970 secs] [Times: user=0.00 sys=0.00, real=0.00 secs] 
427.363: [GC (Allocation Failure) [PSYoungGen: 70561K->1421K(70144K)] 371698K->302558K(568320K), 0.0016543 secs] [Times: user=0.00 sys=0.00, real=0.01 secs] 
427.483: [GC (Allocation Failure) [PSYoungGen: 70029K->1421K(76288K)] 371166K->302558K(574464K), 0.0015403 secs] [Times: user=0.00 sys=0.00, real=0.01 secs] 
427.615: [GC (Allocation Failure) [PSYoungGen: 76173K->1456K(83456K)] 377310K->302593K(581632K), 0.0015753 secs] [Times: user=0.01 sys=0.00, real=0.00 secs] 
427.968: [GC (Allocation Failure) [PSYoungGen: 83376K->1424K(82944K)] 384513K->302561K(581120K), 0.0017699 secs] [Times: user=0.00 sys=0.00, real=0.00 secs] 
428.306: [GC (Allocation Failure) [PSYoungGen: 82832K->1392K(82432K)] 383969K->302529K(580608K), 0.0018206 secs] [Times: user=0.01 sys=0.00, real=0.00 secs] 
428.643: [GC (Allocation Failure) [PSYoungGen: 82288K->1344K(81920K)] 383425K->302481K(580096K), 0.0016272 secs] [Times: user=0.00 sys=0.00, real=0.01 secs] 
428.930: [GC (Allocation Failure) [PSYoungGen: 81728K->1437K(81408K)] 382865K->302574K(579584K), 0.0016817 secs] [Times: user=0.00 sys=0.00, real=0.00 secs] 
429.071: [GC (Allocation Failure) [PSYoungGen: 81309K->1485K(80896K)] 382446K->302622K(579072K), 0.0016254 secs] [Times: user=0.00 sys=0.00, real=0.00 secs] 
429.212: [GC (Allocation Failure) [PSYoungGen: 80845K->1485K(80384K)] 381982K->302622K(578560K), 0.0016856 secs] [Times: user=0.01 sys=0.00, real=0.01 secs] 
429.376: [GC (Allocation Failure) [PSYoungGen: 80333K->1488K(79872K)] 381470K->303657K(578048K), 0.0015827 secs] [Times: user=0.01 sys=0.00, real=0.00 secs] 
429.706: [GC (Allocation Failure) [PSYoungGen: 79824K->1376K(79360K)] 381993K->303545K(577536K), 0.0016437 secs] [Times: user=0.01 sys=0.00, real=0.00 secs] 
430.145: [GC (Allocation Failure) [PSYoungGen: 79200K->1344K(78848K)] 381369K->303513K(577024K), 0.0016257 secs] [Times: user=0.01 sys=0.00, real=0.00 secs] 
430.769: [GC (Allocation Failure) [PSYoungGen: 78656K->1408K(78336K)] 380825K->303577K(576512K), 0.0018230 secs] [Times: user=0.01 sys=0.00, real=0.00 secs] 
431.213: [GC (Allocation Failure) [PSYoungGen: 78208K->1501K(77824K)] 380377K->303670K(576000K), 0.0013352 secs] [Times: user=0.01 sys=0.00, real=0.00 secs] 
431.347: [GC (Allocation Failure) [PSYoungGen: 77789K->1485K(77312K)] 379958K->303654K(575488K), 0.0017014 secs] [Times: user=0.00 sys=0.00, real=0.00 secs] 
431.481: [GC (Allocation Failure) [PSYoungGen: 77261K->1485K(76800K)] 379430K->303654K(574976K), 0.0015809 secs] [Times: user=0.01 sys=0.00, real=0.00 secs] 
431.833: [GC (Allocation Failure) [PSYoungGen: 76255K->1712K(76800K)] 378424K->303889K(574976K), 0.0025994 secs] [Times: user=0.01 sys=0.00, real=0.00 secs] 
433.167: [GC (Allocation Failure) [PSYoungGen: 76464K->384K(74752K)] 378641K->303585K(572928K), 0.0026001 secs] [Times: user=0.01 sys=0.00, real=0.00 secs] 
433.486: [GC (Allocation Failure) [PSYoungGen: 74624K->320K(75776K)] 377825K->303521K(573952K), 0.0022192 secs] [Times: user=0.01 sys=0.00, real=0.00 secs] 
433.988: [GC (Allocation Failure) [PSYoungGen: 74048K->352K(73728K)] 377249K->303553K(571904K), 0.0028927 secs] [Times: user=0.01 sys=0.00, real=0.00 secs] 
434.490: [GC (Allocation Failure) [PSYoungGen: 73568K->1440K(75264K)] 376769K->304665K(573440K), 0.0021666 secs] [Times: user=0.01 sys=0.00, real=0.00 secs] 
434.652: [GC (Allocation Failure) [PSYoungGen: 74144K->1488K(73728K)] 377369K->304713K(571904K), 0.0016290 secs] [Times: user=0.01 sys=0.00, real=0.01 secs] 
434.778: [GC (Allocation Failure) [PSYoungGen: 73680K->1453K(73216K)] 376905K->304678K(571392K), 0.0016485 secs] [Times: user=0.01 sys=0.00, real=0.00 secs] 
434.905: [GC (Allocation Failure) [PSYoungGen: 73133K->1453K(72704K)] 376358K->304678K(570880K), 0.0016425 secs] [Times: user=0.00 sys=0.00, real=0.00 secs] 
435.376: [GC (Allocation Failure) [PSYoungGen: 72621K->1408K(72192K)] 375846K->304641K(570368K), 0.0018960 secs] [Times: user=0.01 sys=0.00, real=0.00 secs] 
435.669: [GC (Allocation Failure) [PSYoungGen: 72064K->1376K(71680K)] 375297K->304609K(569856K), 0.0018956 secs] [Times: user=0.00 sys=0.00, real=0.00 secs] 
435.961: [GC (Allocation Failure) [PSYoungGen: 71520K->1344K(71168K)] 374753K->304577K(569344K), 0.0018453 secs] [Times: user=0.01 sys=0.00, real=0.00 secs] 
436.250: [GC (Allocation Failure) [PSYoungGen: 70976K->1312K(70656K)] 374209K->304545K(568832K), 0.0017158 secs] [Times: user=0.01 sys=0.00, real=0.00 secs] 
436.454: [GC (Allocation Failure) [PSYoungGen: 70432K->1456K(70144K)] 373665K->304689K(568320K), 0.0017011 secs] [Times: user=0.01 sys=0.00, real=0.00 secs] 
436.576: [GC (Allocation Failure) [PSYoungGen: 70064K->1456K(69632K)] 373297K->304689K(567808K), 0.0015290 secs] [Times: user=0.01 sys=0.00, real=0.00 secs] 
436.696: [GC (Allocation Failure) [PSYoungGen: 69552K->1485K(75776K)] 372785K->304718K(573952K), 0.0016147 secs] [Times: user=0.00 sys=0.00, real=0.00 secs] 
436.842: [GC (Allocation Failure) [PSYoungGen: 75328K->224K(81408K)] 378561K->303473K(579584K), 0.0014304 secs] [Times: user=0.01 sys=0.00, real=0.01 secs] 
439.160: [GC (Allocation Failure) [PSYoungGen: 81120K->1376K(82432K)] 384369K->304633K(580608K), 0.0028732 secs] [Times: user=0.01 sys=0.00, real=0.01 secs] 
440.036: [GC (Allocation Failure) [PSYoungGen: 81760K->1472K(81408K)] 385017K->304729K(579584K), 0.0024980 secs] [Times: user=0.00 sys=0.00, real=0.00 secs] 
440.542: [GC (Allocation Failure) [PSYoungGen: 81344K->1440K(80896K)] 384601K->304697K(579072K), 0.0020426 secs] [Times: user=0.01 sys=0.00, real=0.01 secs] 
441.117: [GC (Allocation Failure) [PSYoungGen: 80800K->1453K(80384K)] 384057K->304710K(578560K), 0.0017631 secs] [Times: user=0.01 sys=0.00, real=0.00 secs] 
441.259: [GC (Allocation Failure) [PSYoungGen: 80301K->1549K(80384K)] 383558K->304806K(578560K), 0.0017013 secs] [Times: user=0.00 sys=0.00, real=0.00 secs] 
441.397: [GC (Allocation Failure) [PSYoungGen: 79885K->429K(78336K)] 383142K->304710K(576512K), 0.0017047 secs] [Times: user=0.01 sys=0.00, real=0.00 secs] 
441.782: [GC (Allocation Failure) [PSYoungGen: 78253K->1520K(79872K)] 382534K->305801K(578048K), 0.0018023 secs] [Times: user=0.01 sys=0.00, real=0.01 secs] 
442.869: [GC (Allocation Failure) [PSYoungGen: 78832K->1376K(78336K)] 383113K->305673K(576512K), 0.0039950 secs] [Times: user=0.01 sys=0.00, real=0.01 secs] 
443.681: [GC (Allocation Failure) [PSYoungGen: 78176K->1376K(77824K)] 382473K->305673K(576000K), 0.0026847 secs] [Times: user=0.01 sys=0.00, real=0.01 secs] 
444.171: [GC (Allocation Failure) [PSYoungGen: 77664K->1376K(77312K)] 381961K->305673K(575488K), 0.0020329 secs] [Times: user=0.01 sys=0.00, real=0.00 secs] 
444.423: [GC (Allocation Failure) [PSYoungGen: 77152K->1469K(76800K)] 381449K->305766K(574976K), 0.0016002 secs] [Times: user=0.01 sys=0.00, real=0.01 secs] 
444.554: [GC (Allocation Failure) [PSYoungGen: 76733K->1485K(76288K)] 381030K->305782K(574464K), 0.0015323 secs] [Times: user=0.01 sys=0.00, real=0.00 secs] 
444.685: [GC (Allocation Failure) [PSYoungGen: 76237K->1517K(75776K)] 380534K->305814K(573952K), 0.0017079 secs] [Times: user=0.01 sys=0.00, real=0.00 secs] 
444.927: [GC (Allocation Failure) [PSYoungGen: 75275K->1520K(75264K)] 379572K->305929K(573440K), 0.0018052 secs] [Times: user=0.00 sys=0.00, real=0.00 secs] 
445.495: [GC (Allocation Failure) [PSYoungGen: 75248K->1296K(74752K)] 379657K->305721K(572928K), 0.0024963 secs] [Times: user=0.01 sys=0.00, real=0.00 secs] 
446.058: [GC (Allocation Failure) [PSYoungGen: 74512K->1280K(74240K)] 378937K->305705K(572416K), 0.0022475 secs] [Times: user=0.01 sys=0.00, real=0.00 secs] 
446.644: [GC (Allocation Failure) [PSYoungGen: 73984K->1312K(73728K)] 378409K->305737K(571904K), 0.0026351 secs] [Times: user=0.01 sys=0.00, real=0.00 secs] 
447.198: [GC (Allocation Failure) [PSYoungGen: 73472K->1424K(73216K)] 377897K->305849K(571392K), 0.0021091 secs] [Times: user=0.01 sys=0.00, real=0.00 secs] 
447.398: [GC (Allocation Failure) [PSYoungGen: 73104K->1440K(72704K)] 377529K->305865K(570880K), 0.0021927 secs] [Times: user=0.01 sys=0.00, real=0.00 secs] 
447.554: [GC (Allocation Failure) [PSYoungGen: 72608K->1421K(72192K)] 377033K->305846K(570368K), 0.0017335 secs] [Times: user=0.00 sys=0.00, real=0.00 secs] 
447.679: [GC (Allocation Failure) [PSYoungGen: 72077K->1517K(71680K)] 376502K->305942K(569856K), 0.0017869 secs] [Times: user=0.00 sys=0.00, real=0.00 secs] 
448.101: [GC (Allocation Failure) [PSYoungGen: 71661K->1424K(71168K)] 376086K->305857K(569344K), 0.0032388 secs] [Times: user=0.01 sys=0.00, real=0.01 secs] 
448.641: [GC (Allocation Failure) [PSYoungGen: 71056K->1424K(70656K)] 375489K->305857K(568832K), 0.0037598 secs] [Times: user=0.01 sys=0.00, real=0.01 secs] 
449.250: [GC (Allocation Failure) [PSYoungGen: 70544K->1424K(70144K)] 374977K->305857K(568320K), 0.0023875 secs] [Times: user=0.01 sys=0.00, real=0.00 secs] 
449.804: [GC (Allocation Failure) [PSYoungGen: 70032K->1440K(69632K)] 374465K->305873K(567808K), 0.0023144 secs] [Times: user=0.01 sys=0.00, real=0.00 secs] 
450.197: [GC (Allocation Failure) [PSYoungGen: 69536K->1517K(69120K)] 373969K->305966K(567296K), 0.0018565 secs] [Times: user=0.01 sys=0.00, real=0.00 secs] 
450.328: [GC (Allocation Failure) [PSYoungGen: 69101K->1549K(69120K)] 373550K->305998K(567296K), 0.0016440 secs] [Times: user=0.01 sys=0.00, real=0.00 secs] 
450.448: [GC (Allocation Failure) [PSYoungGen: 68610K->509K(67072K)] 373060K->305982K(565248K), 0.0016640 secs] [Times: user=0.00 sys=0.00, real=0.00 secs] 
450.567: [GC (Allocation Failure) [PSYoungGen: 67069K->461K(74752K)] 372542K->305974K(572928K), 0.0016147 secs] [Times: user=0.00 sys=0.00, real=0.00 secs] 
451.263: [GC (Allocation Failure) [PSYoungGen: 73165K->1440K(73728K)] 378678K->306953K(571904K), 0.0022593 secs] [Times: user=0.00 sys=0.01, real=0.01 secs] 
452.067: [GC (Allocation Failure) [PSYoungGen: 73632K->1376K(73216K)] 379145K->306889K(571392K), 0.0030321 secs] [Times: user=0.01 sys=0.00, real=0.00 secs] 
452.739: [GC (Allocation Failure) [PSYoungGen: 73056K->1440K(72704K)] 378569K->306953K(570880K), 0.0028177 secs] [Times: user=0.01 sys=0.00, real=0.00 secs] 
453.345: [GC (Allocation Failure) [PSYoungGen: 72608K->1376K(72192K)] 378121K->306889K(570368K), 0.0023113 secs] [Times: user=0.01 sys=0.00, real=0.00 secs] 
453.632: [GC (Allocation Failure) [PSYoungGen: 72032K->1488K(71680K)] 377545K->307001K(569856K), 0.0015040 secs] [Times: user=0.01 sys=0.00, real=0.00 secs] 
453.753: [GC (Allocation Failure) [PSYoungGen: 71632K->1488K(71168K)] 377145K->307001K(569344K), 0.0016790 secs] [Times: user=0.01 sys=0.00, real=0.00 secs] 
453.876: [GC (Allocation Failure) [PSYoungGen: 71120K->1520K(70656K)] 376633K->307057K(568832K), 0.0015648 secs] [Times: user=0.01 sys=0.00, real=0.00 secs] 
454.081: [GC (Allocation Failure) [PSYoungGen: 70640K->1920K(70656K)] 376177K->307481K(568832K), 0.0018311 secs] [Times: user=0.00 sys=0.00, real=0.00 secs] 
454.724: [GC (Allocation Failure) [PSYoungGen: 70528K->352K(68608K)] 376089K->306937K(566784K), 0.0037316 secs] [Times: user=0.01 sys=0.00, real=0.00 secs] 
455.364: [GC (Allocation Failure) [PSYoungGen: 68448K->352K(70144K)] 375033K->306937K(568320K), 0.0025671 secs] [Times: user=0.01 sys=0.00, real=0.00 secs] 
455.878: [GC (Allocation Failure) [PSYoungGen: 67936K->336K(67584K)] 374521K->306921K(565760K), 0.0022804 secs] [Times: user=0.01 sys=0.00, real=0.00 secs] 
456.180: [GC (Allocation Failure) [PSYoungGen: 67408K->320K(69120K)] 373993K->306905K(567296K), 0.0019514 secs] [Times: user=0.00 sys=0.00, real=0.00 secs] 
456.336: [GC (Allocation Failure) [PSYoungGen: 66880K->1488K(67584K)] 373465K->308073K(565760K), 0.0016715 secs] [Times: user=0.00 sys=0.00, real=0.00 secs] 
456.452: [GC (Allocation Failure) [PSYoungGen: 67536K->1424K(67072K)] 374121K->308009K(565248K), 0.0017072 secs] [Times: user=0.01 sys=0.00, real=0.01 secs] 
456.570: [GC (Allocation Failure) [PSYoungGen: 66960K->1453K(73216K)] 373545K->308038K(571392K), 0.0016588 secs] [Times: user=0.00 sys=0.00, real=0.00 secs] 
457.141: [GC (Allocation Failure) [PSYoungGen: 73133K->1408K(72704K)] 379718K->308001K(570880K), 0.0025477 secs] [Times: user=0.01 sys=0.00, real=0.01 secs] 
458.714: [GC (Allocation Failure) [PSYoungGen: 72576K->1376K(72192K)] 379169K->307969K(570368K), 0.0045625 secs] [Times: user=0.01 sys=0.00, real=0.00 secs] 
459.850: [GC (Allocation Failure) [PSYoungGen: 72032K->1408K(71680K)] 378625K->308001K(569856K), 0.0039439 secs] [Times: user=0.01 sys=0.00, real=0.01 secs] 
460.574: [GC (Allocation Failure) [PSYoungGen: 71552K->1408K(71168K)] 378145K->308001K(569344K), 0.0030890 secs] [Times: user=0.01 sys=0.00, real=0.00 secs] 
460.921: [GC (Allocation Failure) [PSYoungGen: 71040K->1456K(70656K)] 377633K->308049K(568832K), 0.0019730 secs] [Times: user=0.00 sys=0.00, real=0.01 secs] 
461.057: [GC (Allocation Failure) [PSYoungGen: 70576K->1485K(70144K)] 377169K->308078K(568320K), 0.0016120 secs] [Times: user=0.00 sys=0.00, real=0.00 secs] 
461.181: [GC (Allocation Failure) [PSYoungGen: 70093K->1485K(69632K)] 376686K->308078K(567808K), 0.0015955 secs] [Times: user=0.01 sys=0.00, real=0.00 secs] 
461.302: [GC (Allocation Failure) [PSYoungGen: 69581K->1453K(75776K)] 376174K->308054K(573952K), 0.0016598 secs] [Times: user=0.00 sys=0.00, real=0.01 secs] 
462.801: [GC (Allocation Failure) [PSYoungGen: 75693K->1488K(75264K)] 382294K->308089K(573440K), 0.0042400 secs] [Times: user=0.01 sys=0.01, real=0.01 secs] 
464.029: [GC (Allocation Failure) [PSYoungGen: 75216K->1376K(74752K)] 381817K->307977K(572928K), 0.0026159 secs] [Times: user=0.01 sys=0.00, real=0.00 secs] 
464.741: [GC (Allocation Failure) [PSYoungGen: 74592K->1376K(74240K)] 381193K->307977K(572416K), 0.0028641 secs] [Times: user=0.01 sys=0.00, real=0.01 secs] 
465.610: [GC (Allocation Failure) [PSYoungGen: 74080K->1424K(73728K)] 380681K->308025K(571904K), 0.0026023 secs] [Times: user=0.01 sys=0.00, real=0.00 secs] 
466.123: [GC (Allocation Failure) [PSYoungGen: 73616K->1485K(73216K)] 380217K->308086K(571392K), 0.0021316 secs] [Times: user=0.00 sys=0.00, real=0.01 secs] 
466.271: [GC (Allocation Failure) [PSYoungGen: 73165K->1517K(72704K)] 379766K->308118K(570880K), 0.0015627 secs] [Times: user=0.01 sys=0.00, real=0.00 secs] 
466.416: [GC (Allocation Failure) [PSYoungGen: 72685K->1485K(72192K)] 379286K->308086K(570368K), 0.0018098 secs] [Times: user=0.01 sys=0.00, real=0.00 secs] 
466.572: [GC (Allocation Failure) [PSYoungGen: 72141K->1453K(71680K)] 378742K->308086K(569856K), 0.0018045 secs] [Times: user=0.01 sys=0.00, real=0.01 secs] 
467.493: [GC (Allocation Failure) [PSYoungGen: 71597K->1408K(71168K)] 378230K->308057K(569344K), 0.0023751 secs] [Times: user=0.01 sys=0.00, real=0.00 secs] 
468.348: [GC (Allocation Failure) [PSYoungGen: 71040K->1392K(70656K)] 377689K->308041K(568832K), 0.0026512 secs] [Times: user=0.01 sys=0.00, real=0.00 secs] 
469.237: [GC (Allocation Failure) [PSYoungGen: 70512K->1376K(70144K)] 377161K->308025K(568320K), 0.0030538 secs] [Times: user=0.01 sys=0.00, real=0.00 secs] 
469.789: [GC (Allocation Failure) [PSYoungGen: 69984K->1408K(69632K)] 376633K->308057K(567808K), 0.0024107 secs] [Times: user=0.01 sys=0.00, real=0.00 secs] 
470.037: [GC (Allocation Failure) [PSYoungGen: 69504K->1456K(69120K)] 376153K->308105K(567296K), 0.0016667 secs] [Times: user=0.00 sys=0.00, real=0.00 secs] 
470.157: [GC (Allocation Failure) [PSYoungGen: 69040K->1453K(68608K)] 375689K->308102K(566784K), 0.0016138 secs] [Times: user=0.00 sys=0.00, real=0.00 secs] 
470.275: [GC (Allocation Failure) [PSYoungGen: 68513K->1456K(68096K)] 375163K->308105K(566272K), 0.0016597 secs] [Times: user=0.00 sys=0.00, real=0.00 secs] 
470.491: [GC (Allocation Failure) [PSYoungGen: 68016K->1520K(67584K)] 374665K->308169K(565760K), 0.0019368 secs] [Times: user=0.01 sys=0.00, real=0.00 secs] 
471.325: [GC (Allocation Failure) [PSYoungGen: 67568K->1376K(67072K)] 374217K->308025K(565248K), 0.0025773 secs] [Times: user=0.01 sys=0.01, real=0.00 secs] 
472.099: [GC (Allocation Failure) [PSYoungGen: 66912K->1376K(66560K)] 373561K->308025K(564736K), 0.0026997 secs] [Times: user=0.01 sys=0.00, real=0.00 secs] 
472.822: [GC (Allocation Failure) [PSYoungGen: 66400K->1376K(66048K)] 373049K->308025K(564224K), 0.0027279 secs] [Times: user=0.01 sys=0.00, real=0.01 secs] 
473.423: [GC (Allocation Failure) [PSYoungGen: 65888K->1408K(65536K)] 372537K->308057K(563712K), 0.0024426 secs] [Times: user=0.01 sys=0.00, real=0.01 secs] 
473.834: [GC (Allocation Failure) [PSYoungGen: 65408K->1517K(65024K)] 372057K->308166K(563200K), 0.0019461 secs] [Times: user=0.01 sys=0.00, real=0.00 secs] 
473.957: [GC (Allocation Failure) [PSYoungGen: 65005K->1485K(64512K)] 371654K->308134K(562688K), 0.0015716 secs] [Times: user=0.00 sys=0.00, real=0.00 secs] 
474.067: [GC (Allocation Failure) [PSYoungGen: 64461K->1485K(64000K)] 371110K->308134K(562176K), 0.0017126 secs] [Times: user=0.00 sys=0.00, real=0.00 secs] 
474.177: [GC (Allocation Failure) [PSYoungGen: 63949K->1456K(70144K)] 370598K->308121K(568320K), 0.0017095 secs] [Times: user=0.00 sys=0.00, real=0.00 secs] 
474.733: [GC (Allocation Failure) [PSYoungGen: 70064K->1408K(69632K)] 376729K->308073K(567808K), 0.0021443 secs] [Times: user=0.01 sys=0.00, real=0.01 secs] 
475.366: [GC (Allocation Failure) [PSYoungGen: 69504K->1344K(69120K)] 376169K->308033K(567296K), 0.0019546 secs] [Times: user=0.01 sys=0.00, real=0.00 secs] 
475.932: [GC (Allocation Failure) [PSYoungGen: 68928K->1328K(68608K)] 375617K->308017K(566784K), 0.0020301 secs] [Times: user=0.01 sys=0.00, real=0.01 secs] 
476.514: [GC (Allocation Failure) [PSYoungGen: 68400K->1344K(68096K)] 375089K->308033K(566272K), 0.0019018 secs] [Times: user=0.00 sys=0.00, real=0.00 secs] 
476.932: [GC (Allocation Failure) [PSYoungGen: 67904K->1405K(67584K)] 374593K->308094K(565760K), 0.0018668 secs] [Times: user=0.01 sys=0.00, real=0.01 secs] 
477.088: [GC (Allocation Failure) [PSYoungGen: 67453K->1453K(67072K)] 374142K->308142K(565248K), 0.0018293 secs] [Times: user=0.01 sys=0.00, real=0.00 secs] 
477.236: [GC (Allocation Failure) [PSYoungGen: 66989K->1456K(66560K)] 373678K->308161K(564736K), 0.0017791 secs] [Times: user=0.00 sys=0.00, real=0.00 secs] 
477.350: [GC (Allocation Failure) [PSYoungGen: 66480K->1456K(72704K)] 373185K->308161K(570880K), 0.0015375 secs] [Times: user=0.01 sys=0.00, real=0.00 secs] 
478.536: [GC (Allocation Failure) [PSYoungGen: 72624K->1456K(72192K)] 379329K->308161K(570368K), 0.0048305 secs] [Times: user=0.02 sys=0.00, real=0.00 secs] 
479.605: [GC (Allocation Failure) [PSYoungGen: 72112K->1344K(71680K)] 378817K->308049K(569856K), 0.0028584 secs] [Times: user=0.01 sys=0.00, real=0.00 secs] 
480.198: [GC (Allocation Failure) [PSYoungGen: 71488K->1376K(71168K)] 378193K->308081K(569344K), 0.0030277 secs] [Times: user=0.01 sys=0.01, real=0.00 secs] 
480.669: [GC (Allocation Failure) [PSYoungGen: 71008K->1408K(70656K)] 377713K->308113K(568832K), 0.0018720 secs] [Times: user=0.01 sys=0.00, real=0.00 secs] 
480.890: [GC (Allocation Failure) [PSYoungGen: 70528K->1437K(70144K)] 377233K->308142K(568320K), 0.0017073 secs] [Times: user=0.00 sys=0.00, real=0.00 secs] 
481.009: [GC (Allocation Failure) [PSYoungGen: 70045K->1421K(69632K)] 376750K->308126K(567808K), 0.0015310 secs] [Times: user=0.01 sys=0.00, real=0.00 secs] 
481.129: [GC (Allocation Failure) [PSYoungGen: 69517K->1456K(69120K)] 376222K->308161K(567296K), 0.0016544 secs] [Times: user=0.01 sys=0.00, real=0.00 secs] 
481.248: [GC (Allocation Failure) [PSYoungGen: 69040K->1485K(75776K)] 375745K->308198K(573952K), 0.0016134 secs] [Times: user=0.00 sys=0.00, real=0.00 secs] 
481.557: [GC (Allocation Failure) [PSYoungGen: 75725K->1424K(75264K)] 382438K->308137K(573440K), 0.0018132 secs] [Times: user=0.00 sys=0.00, real=0.00 secs] 
481.863: [GC (Allocation Failure) [PSYoungGen: 75152K->1360K(74752K)] 381865K->308073K(572928K), 0.0017177 secs] [Times: user=0.01 sys=0.00, real=0.01 secs] 
482.195: [GC (Allocation Failure) [PSYoungGen: 74576K->1376K(74240K)] 381289K->308089K(572416K), 0.0017848 secs] [Times: user=0.00 sys=0.00, real=0.00 secs] 
482.560: [GC (Allocation Failure) [PSYoungGen: 73973K->240K(72704K)] 380687K->306953K(570880K), 0.0020961 secs] [Times: user=0.01 sys=0.00, real=0.00 secs] 
482.701: [GC (Allocation Failure) [PSYoungGen: 72432K->1421K(73728K)] 379145K->308134K(571904K), 0.0016071 secs] [Times: user=0.00 sys=0.00, real=0.00 secs] 
482.826: [GC (Allocation Failure) [PSYoungGen: 73101K->1485K(72704K)] 379814K->308198K(570880K), 0.0016360 secs] [Times: user=0.01 sys=0.00, real=0.00 secs] 
482.952: [GC (Allocation Failure) [PSYoungGen: 72653K->1421K(79360K)] 379366K->308134K(577536K), 0.0015884 secs] [Times: user=0.01 sys=0.00, real=0.01 secs] 
484.121: [GC (Allocation Failure) [PSYoungGen: 79245K->1408K(78848K)] 385958K->308137K(577024K), 0.0027211 secs] [Times: user=0.01 sys=0.00, real=0.01 secs] 
485.987: [GC (Allocation Failure) [PSYoungGen: 78720K->1344K(78336K)] 385449K->308073K(576512K), 0.0023605 secs] [Times: user=0.01 sys=0.00, real=0.00 secs] 
487.124: [GC (Allocation Failure) [PSYoungGen: 78144K->1376K(77824K)] 384873K->308105K(576000K), 0.0023578 secs] [Times: user=0.01 sys=0.00, real=0.00 secs] 
488.103: [GC (Allocation Failure) [PSYoungGen: 77664K->1344K(77312K)] 384393K->308073K(575488K), 0.0027762 secs] [Times: user=0.01 sys=0.00, real=0.01 secs] 
488.372: [GC (Allocation Failure) [PSYoungGen: 77120K->1456K(76800K)] 383849K->308185K(574976K), 0.0015336 secs] [Times: user=0.01 sys=0.00, real=0.01 secs] 
488.525: [GC (Allocation Failure) [PSYoungGen: 76720K->1453K(76288K)] 383449K->308182K(574464K), 0.0019344 secs] [Times: user=0.01 sys=0.00, real=0.00 secs] 
488.697: [GC (Allocation Failure) [PSYoungGen: 76205K->1456K(75776K)] 382934K->308185K(573952K), 0.0020537 secs] [Times: user=0.01 sys=0.00, real=0.00 secs] 
489.624: [GC (Allocation Failure) [PSYoungGen: 75696K->1440K(75264K)] 382425K->308169K(573440K), 0.0030207 secs] [Times: user=0.01 sys=0.00, real=0.00 secs] 
491.216: [GC (Allocation Failure) [PSYoungGen: 75168K->1344K(74752K)] 381897K->308073K(572928K), 0.0017605 secs] [Times: user=0.01 sys=0.00, real=0.00 secs] 
492.030: [GC (Allocation Failure) [PSYoungGen: 74560K->1376K(74240K)] 381289K->308105K(572416K), 0.0022643 secs] [Times: user=0.01 sys=0.00, real=0.00 secs] 
493.155: [GC (Allocation Failure) [PSYoungGen: 74080K->1344K(73728K)] 380809K->308073K(571904K), 0.0023618 secs] [Times: user=0.01 sys=0.00, real=0.00 secs] 
494.019: [GC (Allocation Failure) [PSYoungGen: 73536K->1421K(73216K)] 380265K->308150K(571392K), 0.0020055 secs] [Times: user=0.01 sys=0.00, real=0.00 secs] 
494.161: [GC (Allocation Failure) [PSYoungGen: 73101K->1485K(72704K)] 379830K->308214K(570880K), 0.0016573 secs] [Times: user=0.00 sys=0.00, real=0.00 secs] 
494.304: [GC (Allocation Failure) [PSYoungGen: 72653K->1488K(72192K)] 379382K->308217K(570368K), 0.0019148 secs] [Times: user=0.01 sys=0.00, real=0.00 secs] 
494.460: [GC (Allocation Failure) [PSYoungGen: 72144K->1453K(71680K)] 378873K->308182K(569856K), 0.0019305 secs] [Times: user=0.01 sys=0.00, real=0.00 secs] 
496.232: [GC (Allocation Failure) [PSYoungGen: 71597K->1408K(71168K)] 378326K->308145K(569344K), 0.0037729 secs] [Times: user=0.02 sys=0.00, real=0.01 secs] 
497.081: [GC (Allocation Failure) [PSYoungGen: 71040K->1408K(70656K)] 377777K->308145K(568832K), 0.0033280 secs] [Times: user=0.01 sys=0.00, real=0.01 secs] 
497.803: [GC (Allocation Failure) [PSYoungGen: 70528K->1360K(70144K)] 377265K->308105K(568320K), 0.0025129 secs] [Times: user=0.01 sys=0.00, real=0.01 secs] 
498.606: [GC (Allocation Failure) [PSYoungGen: 69968K->1376K(69632K)] 376713K->308129K(567808K), 0.0025755 secs] [Times: user=0.01 sys=0.00, real=0.00 secs] 
499.160: [GC (Allocation Failure) [PSYoungGen: 69472K->1453K(69120K)] 376225K->308214K(567296K), 0.0021119 secs] [Times: user=0.01 sys=0.00, real=0.00 secs] 
499.295: [GC (Allocation Failure) [PSYoungGen: 69037K->1453K(68608K)] 375798K->308214K(566784K), 0.0017090 secs] [Times: user=0.01 sys=0.00, real=0.00 secs] 
499.413: [GC (Allocation Failure) [PSYoungGen: 68525K->1453K(68096K)] 375286K->308214K(566272K), 0.0017811 secs] [Times: user=0.00 sys=0.00, real=0.01 secs] 
499.529: [GC (Allocation Failure) [PSYoungGen: 68004K->1485K(74240K)] 374766K->308254K(572416K), 0.0017056 secs] [Times: user=0.01 sys=0.00, real=0.00 secs] 
500.666: [GC (Allocation Failure) [PSYoungGen: 74189K->1408K(73728K)] 380958K->308177K(571904K), 0.0021545 secs] [Times: user=0.01 sys=0.00, real=0.00 secs] 
501.960: [GC (Allocation Failure) [PSYoungGen: 73600K->1344K(73216K)] 380369K->308113K(571392K), 0.0042210 secs] [Times: user=0.02 sys=0.00, real=0.01 secs] 
502.735: [GC (Allocation Failure) [PSYoungGen: 73024K->1344K(72704K)] 379793K->308113K(570880K), 0.0026042 secs] [Times: user=0.01 sys=0.00, real=0.00 secs] 
503.894: [GC (Allocation Failure) [PSYoungGen: 72512K->1424K(72192K)] 379281K->308193K(570368K), 0.0027498 secs] [Times: user=0.01 sys=0.00, real=0.00 secs] 
504.146: [GC (Allocation Failure) [PSYoungGen: 72080K->1485K(71680K)] 378849K->308254K(569856K), 0.0021359 secs] [Times: user=0.01 sys=0.00, real=0.00 secs] 
504.317: [GC (Allocation Failure) [PSYoungGen: 71629K->1485K(71168K)] 378398K->308254K(569344K), 0.0020222 secs] [Times: user=0.00 sys=0.00, real=0.00 secs] 
504.472: [GC (Allocation Failure) [PSYoungGen: 71117K->1485K(70656K)] 377886K->308254K(568832K), 0.0018342 secs] [Times: user=0.01 sys=0.00, real=0.01 secs] 
505.177: [GC (Allocation Failure) [PSYoungGen: 70605K->1424K(70144K)] 377374K->308201K(568320K), 0.0034308 secs] [Times: user=0.02 sys=0.00, real=0.00 secs] 
505.487: [GC (Allocation Failure) [PSYoungGen: 70032K->1408K(69632K)] 376809K->308185K(567808K), 0.0021523 secs] [Times: user=0.01 sys=0.00, real=0.00 secs] 
505.912: [GC (Allocation Failure) [PSYoungGen: 69504K->1328K(69120K)] 376281K->308105K(567296K), 0.0019557 secs] [Times: user=0.01 sys=0.00, real=0.01 secs] 
506.378: [GC (Allocation Failure) [PSYoungGen: 68912K->1408K(68608K)] 375689K->308209K(566784K), 0.0019663 secs] [Times: user=0.00 sys=0.00, real=0.00 secs] 
506.837: [GC (Allocation Failure) [PSYoungGen: 68462K->1456K(68096K)] 375263K->308257K(566272K), 0.0017604 secs] [Times: user=0.01 sys=0.00, real=0.00 secs] 
506.963: [GC (Allocation Failure) [PSYoungGen: 68016K->1456K(67584K)] 374817K->308257K(565760K), 0.0016656 secs] [Times: user=0.00 sys=0.00, real=0.00 secs] 
507.079: [GC (Allocation Failure) [PSYoungGen: 67504K->1488K(67072K)] 374305K->308289K(565248K), 0.0015587 secs] [Times: user=0.01 sys=0.00, real=0.00 secs] 
507.195: [GC (Allocation Failure) [PSYoungGen: 67024K->1424K(73216K)] 373825K->308225K(571392K), 0.0016064 secs] [Times: user=0.00 sys=0.00, real=0.00 secs] 
509.117: [GC (Allocation Failure) [PSYoungGen: 73104K->1456K(72704K)] 379905K->308257K(570880K), 0.0030099 secs] [Times: user=0.01 sys=0.00, real=0.00 secs] 
509.970: [GC (Allocation Failure) [PSYoungGen: 72624K->1344K(72192K)] 379425K->308145K(570368K), 0.0030210 secs] [Times: user=0.01 sys=0.00, real=0.01 secs] 
510.724: [GC (Allocation Failure) [PSYoungGen: 72000K->1392K(71680K)] 378801K->308193K(569856K), 0.0025417 secs] [Times: user=0.01 sys=0.00, real=0.00 secs] 
511.538: [GC (Allocation Failure) [PSYoungGen: 71536K->1344K(71168K)] 378337K->308145K(569344K), 0.0027934 secs] [Times: user=0.01 sys=0.00, real=0.00 secs] 
512.145: [GC (Allocation Failure) [PSYoungGen: 70976K->1485K(70656K)] 377777K->308286K(568832K), 0.0018530 secs] [Times: user=0.00 sys=0.00, real=0.00 secs] 
512.297: [GC (Allocation Failure) [PSYoungGen: 70605K->1453K(70144K)] 377406K->308254K(568320K), 0.0014668 secs] [Times: user=0.00 sys=0.00, real=0.00 secs] 
512.420: [GC (Allocation Failure) [PSYoungGen: 70061K->1485K(69632K)] 376862K->308286K(567808K), 0.0015997 secs] [Times: user=0.01 sys=0.00, real=0.00 secs] 
512.541: [GC (Allocation Failure) [PSYoungGen: 69581K->1485K(69120K)] 376382K->308294K(567296K), 0.0016665 secs] [Times: user=0.01 sys=0.00, real=0.00 secs] 
512.777: [GC (Allocation Failure) [PSYoungGen: 69069K->1424K(68608K)] 375878K->308233K(566784K), 0.0015030 secs] [Times: user=0.01 sys=0.00, real=0.00 secs] 
513.168: [GC (Allocation Failure) [PSYoungGen: 68496K->1376K(68096K)] 375305K->308185K(566272K), 0.0015268 secs] [Times: user=0.00 sys=0.00, real=0.00 secs] 
513.642: [GC (Allocation Failure) [PSYoungGen: 67936K->1376K(67584K)] 374745K->308185K(565760K), 0.0035370 secs] [Times: user=0.01 sys=0.00, real=0.01 secs] 
514.181: [GC (Allocation Failure) [PSYoungGen: 67424K->1376K(67072K)] 374233K->308185K(565248K), 0.0030747 secs] [Times: user=0.01 sys=0.00, real=0.01 secs] 
514.650: [GC (Allocation Failure) [PSYoungGen: 66912K->1469K(66560K)] 373721K->308278K(564736K), 0.0021397 secs] [Times: user=0.01 sys=0.00, real=0.00 secs] 
514.798: [GC (Allocation Failure) [PSYoungGen: 66493K->1424K(66048K)] 373302K->308233K(564224K), 0.0018082 secs] [Times: user=0.00 sys=0.00, real=0.00 secs] 
514.927: [GC (Allocation Failure) [PSYoungGen: 65936K->1453K(65536K)] 372745K->308262K(563712K), 0.0016840 secs] [Times: user=0.00 sys=0.00, real=0.00 secs] 
515.071: [GC (Allocation Failure) [PSYoungGen: 65453K->1485K(71680K)] 372262K->308318K(569856K), 0.0018997 secs] [Times: user=0.01 sys=0.00, real=0.00 secs] 
515.308: [GC (Allocation Failure) [PSYoungGen: 71629K->1376K(78336K)] 378462K->308217K(576512K), 0.0019354 secs] [Times: user=0.00 sys=0.00, real=0.00 secs] 
515.627: [GC (Allocation Failure) [PSYoungGen: 78176K->1344K(77824K)] 385017K->308185K(576000K), 0.0019987 secs] [Times: user=0.01 sys=0.00, real=0.00 secs] 
515.944: [GC (Allocation Failure) [PSYoungGen: 77632K->1360K(77312K)] 384473K->308201K(575488K), 0.0019793 secs] [Times: user=0.01 sys=0.00, real=0.00 secs] 
516.259: [GC (Allocation Failure) [PSYoungGen: 77136K->1344K(76800K)] 383977K->308185K(574976K), 0.0020327 secs] [Times: user=0.01 sys=0.00, real=0.00 secs] 
516.503: [GC (Allocation Failure) [PSYoungGen: 76608K->1421K(76288K)] 383449K->308262K(574464K), 0.0014899 secs] [Times: user=0.00 sys=0.00, real=0.00 secs] 
516.635: [GC (Allocation Failure) [PSYoungGen: 76173K->1485K(75776K)] 383014K->308326K(573952K), 0.0016455 secs] [Times: user=0.00 sys=0.00, real=0.00 secs] 
516.765: [GC (Allocation Failure) [PSYoungGen: 75725K->1453K(75264K)] 382566K->308294K(573440K), 0.0015441 secs] [Times: user=0.00 sys=0.00, real=0.00 secs] 
517.506: [GC (Allocation Failure) [PSYoungGen: 75181K->1456K(74752K)] 382022K->308313K(572928K), 0.0028478 secs] [Times: user=0.01 sys=0.00, real=0.00 secs] 
518.574: [GC (Allocation Failure) [PSYoungGen: 74672K->1344K(74240K)] 381529K->308201K(572416K), 0.0040585 secs] [Times: user=0.02 sys=0.00, real=0.00 secs] 
519.403: [GC (Allocation Failure) [PSYoungGen: 74048K->1376K(73728K)] 380905K->308233K(571904K), 0.0030222 secs] [Times: user=0.01 sys=0.00, real=0.01 secs] 
519.988: [GC (Allocation Failure) [PSYoungGen: 73568K->1376K(73216K)] 380425K->308233K(571392K), 0.0022857 secs] [Times: user=0.01 sys=0.00, real=0.00 secs] 
520.682: [GC (Allocation Failure) [PSYoungGen: 73056K->1469K(72704K)] 379913K->308326K(570880K), 0.0020900 secs] [Times: user=0.01 sys=0.00, real=0.01 secs] 
520.844: [GC (Allocation Failure) [PSYoungGen: 72637K->1453K(72192K)] 379494K->308310K(570368K), 0.0015942 secs] [Times: user=0.01 sys=0.00, real=0.00 secs] 
520.969: [GC (Allocation Failure) [PSYoungGen: 72109K->1485K(71680K)] 378966K->308342K(569856K), 0.0018227 secs] [Times: user=0.00 sys=0.00, real=0.00 secs] 
521.092: [GC (Allocation Failure) [PSYoungGen: 71628K->1488K(78336K)] 378485K->308345K(576512K), 0.0017041 secs] [Times: user=0.00 sys=0.00, real=0.01 secs] 
522.380: [GC (Allocation Failure) [PSYoungGen: 78288K->1376K(77824K)] 385145K->308241K(576000K), 0.0026277 secs] [Times: user=0.01 sys=0.00, real=0.00 secs] 
523.334: [GC (Allocation Failure) [PSYoungGen: 77664K->1376K(77312K)] 384529K->308241K(575488K), 0.0031715 secs] [Times: user=0.01 sys=0.00, real=0.00 secs] 
524.752: [GC (Allocation Failure) [PSYoungGen: 77152K->1408K(76800K)] 384017K->308273K(574976K), 0.0034932 secs] [Times: user=0.01 sys=0.01, real=0.01 secs] 
526.240: [GC (Allocation Failure) [PSYoungGen: 76672K->1424K(76288K)] 383537K->308289K(574464K), 0.0034897 secs] [Times: user=0.01 sys=0.00, real=0.01 secs] 
526.485: [GC (Allocation Failure) [PSYoungGen: 76176K->1485K(75776K)] 383041K->308350K(573952K), 0.0019040 secs] [Times: user=0.01 sys=0.00, real=0.00 secs] 
526.619: [GC (Allocation Failure) [PSYoungGen: 75725K->1485K(75264K)] 382590K->308350K(573440K), 0.0015092 secs] [Times: user=0.00 sys=0.00, real=0.00 secs] 
526.747: [GC (Allocation Failure) [PSYoungGen: 75213K->1421K(74752K)] 382078K->308286K(572928K), 0.0016737 secs] [Times: user=0.00 sys=0.00, real=0.00 secs] 
527.133: [GC (Allocation Failure) [PSYoungGen: 74637K->1392K(74240K)] 381502K->308265K(572416K), 0.0018587 secs] [Times: user=0.01 sys=0.00, real=0.01 secs] 
527.435: [GC (Allocation Failure) [PSYoungGen: 74096K->1376K(73728K)] 380969K->308265K(571904K), 0.0019346 secs] [Times: user=0.00 sys=0.00, real=0.00 secs] 
527.843: [GC (Allocation Failure) [PSYoungGen: 73568K->1296K(73216K)] 380457K->308185K(571392K), 0.0018359 secs] [Times: user=0.01 sys=0.00, real=0.01 secs] 
528.384: [GC (Allocation Failure) [PSYoungGen: 72976K->1392K(72704K)] 379865K->308281K(570880K), 0.0018379 secs] [Times: user=0.01 sys=0.00, real=0.00 secs] 
528.762: [GC (Allocation Failure) [PSYoungGen: 72560K->1421K(72192K)] 379449K->308310K(570368K), 0.0019371 secs] [Times: user=0.01 sys=0.00, real=0.01 secs] 
528.967: [GC (Allocation Failure) [PSYoungGen: 72077K->1453K(71680K)] 378966K->308342K(569856K), 0.0022775 secs] [Times: user=0.01 sys=0.00, real=0.00 secs] 
529.119: [GC (Allocation Failure) [PSYoungGen: 71597K->461K(70144K)] 378486K->308374K(568320K), 0.0017435 secs] [Times: user=0.01 sys=0.00, real=0.00 secs] 
529.243: [GC (Allocation Failure) [PSYoungGen: 70093K->128K(71168K)] 378006K->308041K(569344K), 0.0014581 secs] [Times: user=0.00 sys=0.00, real=0.01 secs] 
529.632: [GC (Allocation Failure) [PSYoungGen: 69248K->1312K(70144K)] 377161K->309233K(568320K), 0.0022602 secs] [Times: user=0.01 sys=0.00, real=0.01 secs] 
529.966: [GC (Allocation Failure) [PSYoungGen: 69920K->1312K(69632K)] 377841K->309233K(567808K), 0.0020247 secs] [Times: user=0.01 sys=0.00, real=0.00 secs] 
530.491: [GC (Allocation Failure) [PSYoungGen: 69408K->1312K(69120K)] 377329K->309233K(567296K), 0.0018805 secs] [Times: user=0.01 sys=0.00, real=0.01 secs] 
531.020: [GC (Allocation Failure) [PSYoungGen: 68896K->1360K(68608K)] 376817K->309281K(566784K), 0.0034562 secs] [Times: user=0.02 sys=0.00, real=0.01 secs] 
531.360: [GC (Allocation Failure) [PSYoungGen: 68432K->1485K(68096K)] 376353K->309406K(566272K), 0.0017956 secs] [Times: user=0.00 sys=0.00, real=0.00 secs] 
531.486: [GC (Allocation Failure) [PSYoungGen: 68045K->1421K(67584K)] 375966K->309342K(565760K), 0.0016139 secs] [Times: user=0.00 sys=0.00, real=0.00 secs] 
531.602: [GC (Allocation Failure) [PSYoungGen: 67469K->1421K(67072K)] 375390K->309342K(565248K), 0.0015357 secs] [Times: user=0.00 sys=0.00, real=0.01 secs] 
531.717: [GC (Allocation Failure) [PSYoungGen: 66957K->1453K(73216K)] 374878K->309382K(571392K), 0.0016102 secs] [Times: user=0.01 sys=0.00, real=0.00 secs] 
532.471: [GC (Allocation Failure) [PSYoungGen: 73133K->1344K(72704K)] 381062K->309273K(570880K), 0.0026714 secs] [Times: user=0.01 sys=0.00, real=0.01 secs] 
533.166: [GC (Allocation Failure) [PSYoungGen: 72512K->1376K(72192K)] 380441K->309305K(570368K), 0.0025125 secs] [Times: user=0.01 sys=0.00, real=0.00 secs] 
533.822: [GC (Allocation Failure) [PSYoungGen: 72032K->1376K(71680K)] 379961K->309329K(569856K), 0.0021724 secs] [Times: user=0.01 sys=0.00, real=0.01 secs] 
534.576: [GC (Allocation Failure) [PSYoungGen: 71520K->1488K(71168K)] 379473K->309441K(569344K), 0.0021634 secs] [Times: user=0.01 sys=0.00, real=0.00 secs] 
534.747: [GC (Allocation Failure) [PSYoungGen: 71117K->1389K(70656K)] 379070K->309342K(568832K), 0.0016685 secs] [Times: user=0.01 sys=0.00, real=0.00 secs] 
534.868: [GC (Allocation Failure) [PSYoungGen: 70509K->1456K(70144K)] 378462K->309409K(568320K), 0.0016729 secs] [Times: user=0.00 sys=0.00, real=0.00 secs] 
534.988: [GC (Allocation Failure) [PSYoungGen: 70048K->1485K(76288K)] 378002K->309438K(574464K), 0.0016161 secs] [Times: user=0.01 sys=0.00, real=0.00 secs] 
535.198: [GC (Allocation Failure) [PSYoungGen: 76237K->1424K(75776K)] 384190K->309401K(573952K), 0.0018277 secs] [Times: user=0.01 sys=0.00, real=0.00 secs] 
535.506: [GC (Allocation Failure) [PSYoungGen: 75664K->1376K(75264K)] 383641K->309353K(573440K), 0.0015698 secs] [Times: user=0.01 sys=0.00, real=0.00 secs] 
535.949: [GC (Allocation Failure) [PSYoungGen: 75104K->1408K(74752K)] 383081K->309385K(572928K), 0.0018786 secs] [Times: user=0.01 sys=0.00, real=0.00 secs] 
536.508: [GC (Allocation Failure) [PSYoungGen: 74624K->1408K(74240K)] 382601K->309385K(572416K), 0.0018587 secs] [Times: user=0.01 sys=0.00, real=0.00 secs] 
536.915: [GC (Allocation Failure) [PSYoungGen: 74112K->1453K(73728K)] 382089K->309430K(571904K), 0.0022530 secs] [Times: user=0.01 sys=0.00, real=0.00 secs] 
537.107: [GC (Allocation Failure) [PSYoungGen: 73645K->1453K(73216K)] 381622K->309430K(571392K), 0.0014719 secs] [Times: user=0.01 sys=0.00, real=0.00 secs] 
537.232: [GC (Allocation Failure) [PSYoungGen: 73128K->1453K(72704K)] 381105K->309430K(570880K), 0.0016801 secs] [Times: user=0.01 sys=0.00, real=0.01 secs] 
537.358: [GC (Allocation Failure) [PSYoungGen: 72621K->1456K(72192K)] 380598K->309433K(570368K), 0.0016783 secs] [Times: user=0.01 sys=0.00, real=0.00 secs] 
538.484: [GC (Allocation Failure) [PSYoungGen: 72112K->1392K(71680K)] 380089K->309369K(569856K), 0.0021888 secs] [Times: user=0.01 sys=0.00, real=0.00 secs] 
538.788: [GC (Allocation Failure) [PSYoungGen: 71536K->1328K(71168K)] 379513K->309305K(569344K), 0.0017174 secs] [Times: user=0.01 sys=0.00, real=0.00 secs] 
539.097: [GC (Allocation Failure) [PSYoungGen: 70960K->1344K(70656K)] 378937K->309321K(568832K), 0.0020650 secs] [Times: user=0.01 sys=0.00, real=0.00 secs] 
539.441: [GC (Allocation Failure) [PSYoungGen: 70464K->1408K(70144K)] 378441K->309385K(568320K), 0.0019411 secs] [Times: user=0.01 sys=0.00, real=0.00 secs] 
539.636: [GC (Allocation Failure) [PSYoungGen: 70001K->1421K(69632K)] 377978K->309398K(567808K), 0.0016475 secs] [Times: user=0.00 sys=0.00, real=0.00 secs] 
539.756: [GC (Allocation Failure) [PSYoungGen: 69517K->1485K(69120K)] 377494K->309462K(567296K), 0.0015843 secs] [Times: user=0.01 sys=0.00, real=0.00 secs] 
539.875: [GC (Allocation Failure) [PSYoungGen: 69069K->1456K(75776K)] 377046K->309433K(573952K), 0.0017066 secs] [Times: user=0.01 sys=0.00, real=0.00 secs] 
540.138: [GC (Allocation Failure) [PSYoungGen: 75696K->1456K(75264K)] 383673K->309433K(573440K), 0.0020986 secs] [Times: user=0.01 sys=0.00, real=0.00 secs] 
540.587: [GC (Allocation Failure) [PSYoungGen: 75184K->1408K(74752K)] 383161K->309385K(572928K), 0.0019714 secs] [Times: user=0.01 sys=0.00, real=0.00 secs] 
541.037: [GC (Allocation Failure) [PSYoungGen: 74624K->1408K(74240K)] 382601K->309385K(572416K), 0.0018973 secs] [Times: user=0.01 sys=0.00, real=0.00 secs] 
541.673: [GC (Allocation Failure) [PSYoungGen: 74112K->1376K(73728K)] 382089K->309353K(571904K), 0.0023080 secs] [Times: user=0.01 sys=0.00, real=0.01 secs] 
542.221: [GC (Allocation Failure) [PSYoungGen: 73568K->1469K(73216K)] 381545K->309446K(571392K), 0.0018518 secs] [Times: user=0.01 sys=0.00, real=0.01 secs] 
542.392: [GC (Allocation Failure) [PSYoungGen: 73149K->1421K(72704K)] 381126K->309398K(570880K), 0.0020994 secs] [Times: user=0.01 sys=0.00, real=0.01 secs] 
542.552: [GC (Allocation Failure) [PSYoungGen: 72589K->1485K(72192K)] 380566K->309462K(570368K), 0.0017089 secs] [Times: user=0.01 sys=0.00, real=0.01 secs] 
542.676: [GC (Allocation Failure) [PSYoungGen: 72141K->1485K(78848K)] 380118K->309462K(577024K), 0.0019099 secs] [Times: user=0.01 sys=0.01, real=0.00 secs] 
543.072: [GC (Allocation Failure) [PSYoungGen: 78797K->1392K(78336K)] 386774K->309385K(576512K), 0.0017655 secs] [Times: user=0.01 sys=0.00, real=0.01 secs] 
543.720: [GC (Allocation Failure) [PSYoungGen: 78192K->1376K(77824K)] 386185K->309369K(576000K), 0.0020467 secs] [Times: user=0.00 sys=0.00, real=0.00 secs] 
544.420: [GC (Allocation Failure) [PSYoungGen: 77664K->1344K(77312K)] 385657K->309337K(575488K), 0.0021157 secs] [Times: user=0.00 sys=0.00, real=0.00 secs] 
545.542: [GC (Allocation Failure) [PSYoungGen: 77120K->1424K(76800K)] 385113K->309417K(574976K), 0.0030942 secs] [Times: user=0.01 sys=0.00, real=0.01 secs] 
545.752: [GC (Allocation Failure) [PSYoungGen: 76688K->1453K(76288K)] 384681K->309446K(574464K), 0.0017153 secs] [Times: user=0.01 sys=0.00, real=0.01 secs] 
545.903: [GC (Allocation Failure) [PSYoungGen: 76205K->1485K(75776K)] 384198K->309478K(573952K), 0.0019132 secs] [Times: user=0.01 sys=0.01, real=0.00 secs] 
546.065: [GC (Allocation Failure) [PSYoungGen: 75725K->1485K(75264K)] 383718K->309478K(573440K), 0.0016849 secs] [Times: user=0.00 sys=0.00, real=0.00 secs] 
546.822: [GC (Allocation Failure) [PSYoungGen: 75213K->1456K(74752K)] 383206K->309457K(572928K), 0.0028154 secs] [Times: user=0.01 sys=0.00, real=0.01 secs] 
548.040: [GC (Allocation Failure) [PSYoungGen: 74672K->1392K(74240K)] 382673K->309393K(572416K), 0.0026020 secs] [Times: user=0.01 sys=0.00, real=0.00 secs] 
548.705: [GC (Allocation Failure) [PSYoungGen: 74096K->1424K(73728K)] 382097K->309425K(571904K), 0.0022204 secs] [Times: user=0.00 sys=0.00, real=0.00 secs] 
549.577: [GC (Allocation Failure) [PSYoungGen: 73616K->1408K(73216K)] 381617K->309409K(571392K), 0.0026250 secs] [Times: user=0.01 sys=0.00, real=0.00 secs] 
550.054: [GC (Allocation Failure) [PSYoungGen: 73088K->1517K(72704K)] 381089K->309518K(570880K), 0.0018157 secs] [Times: user=0.00 sys=0.00, real=0.00 secs] 
550.180: [GC (Allocation Failure) [PSYoungGen: 72685K->1485K(72192K)] 380686K->309486K(570368K), 0.0017024 secs] [Times: user=0.01 sys=0.00, real=0.00 secs] 
550.304: [GC (Allocation Failure) [PSYoungGen: 72141K->1517K(71680K)] 380142K->309518K(569856K), 0.0018585 secs] [Times: user=0.01 sys=0.00, real=0.00 secs] 
550.597: [GC (Allocation Failure) [PSYoungGen: 71661K->944K(70656K)] 379662K->309977K(568832K), 0.0019973 secs] [Times: user=0.00 sys=0.00, real=0.00 secs] 
551.830: [GC (Allocation Failure) [PSYoungGen: 70576K->400K(69632K)] 379609K->309433K(567808K), 0.0028707 secs] [Times: user=0.00 sys=0.00, real=0.00 secs] 
552.638: [GC (Allocation Failure) [PSYoungGen: 69520K->416K(69120K)] 378553K->309449K(567296K), 0.0021660 secs] [Times: user=0.00 sys=0.00, real=0.00 secs] 
554.733: [GC (Allocation Failure) [PSYoungGen: 69024K->352K(70144K)] 378057K->309385K(568320K), 0.0042709 secs] [Times: user=0.01 sys=0.00, real=0.01 secs] 
556.259: [GC (Allocation Failure) [PSYoungGen: 68448K->1488K(69120K)] 377481K->310521K(567296K), 0.0024262 secs] [Times: user=0.01 sys=0.00, real=0.00 secs] 
556.481: [GC (Allocation Failure) [PSYoungGen: 69072K->1485K(68608K)] 378105K->310518K(566784K), 0.0022151 secs] [Times: user=0.01 sys=0.00, real=0.01 secs] 
556.665: [GC (Allocation Failure) [PSYoungGen: 68557K->1485K(68096K)] 377590K->310518K(566272K), 0.0019170 secs] [Times: user=0.01 sys=0.00, real=0.00 secs] 
556.817: [GC (Allocation Failure) [PSYoungGen: 68045K->1453K(67584K)] 377078K->310486K(565760K), 0.0018797 secs] [Times: user=0.00 sys=0.00, real=0.00 secs] 
556.964: [GC (Allocation Failure) [PSYoungGen: 67501K->1440K(67072K)] 376534K->310505K(565248K), 0.0019300 secs] [Times: user=0.01 sys=0.00, real=0.00 secs] 
557.241: [GC (Allocation Failure) [PSYoungGen: 66976K->1408K(66560K)] 376041K->310473K(564736K), 0.0022731 secs] [Times: user=0.01 sys=0.00, real=0.01 secs] 
557.720: [GC (Allocation Failure) [PSYoungGen: 66432K->1392K(66048K)] 375497K->310481K(564224K), 0.0019741 secs] [Times: user=0.01 sys=0.00, real=0.00 secs] 
558.251: [GC (Allocation Failure) [PSYoungGen: 65904K->1408K(65536K)] 374993K->310497K(563712K), 0.0023200 secs] [Times: user=0.01 sys=0.00, real=0.00 secs] 
558.796: [GC (Allocation Failure) [PSYoungGen: 65408K->1408K(65024K)] 374497K->310497K(563200K), 0.0022346 secs] [Times: user=0.01 sys=0.01, real=0.00 secs] 
559.134: [GC (Allocation Failure) [PSYoungGen: 64896K->1453K(64512K)] 373985K->310542K(562688K), 0.0025251 secs] [Times: user=0.01 sys=0.00, real=0.00 secs] 
559.270: [GC (Allocation Failure) [PSYoungGen: 64429K->1421K(64000K)] 373518K->310510K(562176K), 0.0016358 secs] [Times: user=0.01 sys=0.00, real=0.00 secs] 
559.397: [GC (Allocation Failure) [PSYoungGen: 63885K->1485K(63488K)] 372974K->310590K(561664K), 0.0018910 secs] [Times: user=0.00 sys=0.00, real=0.00 secs] 
559.535: [GC (Allocation Failure) [PSYoungGen: 63437K->1485K(69632K)] 372542K->310590K(567808K), 0.0019414 secs] [Times: user=0.01 sys=0.00, real=0.00 secs] 
559.797: [GC (Allocation Failure) [PSYoungGen: 69581K->1424K(76288K)] 378686K->310529K(574464K), 0.0028693 secs] [Times: user=0.01 sys=0.00, real=0.00 secs] 
560.113: [GC (Allocation Failure) [PSYoungGen: 76176K->1376K(75776K)] 385281K->310481K(573952K), 0.0019004 secs] [Times: user=0.01 sys=0.00, real=0.00 secs] 
560.422: [GC (Allocation Failure) [PSYoungGen: 75616K->1360K(75264K)] 384721K->310465K(573440K), 0.0020042 secs] [Times: user=0.01 sys=0.00, real=0.01 secs] 
560.741: [GC (Allocation Failure) [PSYoungGen: 75088K->1360K(74752K)] 384193K->310465K(572928K), 0.0019634 secs] [Times: user=0.00 sys=0.00, real=0.00 secs] 
560.938: [GC (Allocation Failure) [PSYoungGen: 74576K->1421K(74240K)] 383681K->310526K(572416K), 0.0017434 secs] [Times: user=0.01 sys=0.00, real=0.00 secs] 
561.066: [GC (Allocation Failure) [PSYoungGen: 74125K->1485K(73728K)] 383230K->310590K(571904K), 0.0015961 secs] [Times: user=0.01 sys=0.00, real=0.00 secs] 
561.192: [GC (Allocation Failure) [PSYoungGen: 73677K->1488K(80896K)] 382782K->310625K(579072K), 0.0016650 secs] [Times: user=0.01 sys=0.00, real=0.01 secs] 
561.621: [GC (Allocation Failure) [PSYoungGen: 80848K->1408K(80384K)] 389985K->310553K(578560K), 0.0019729 secs] [Times: user=0.01 sys=0.00, real=0.00 secs] 
562.466: [GC (Allocation Failure) [PSYoungGen: 80256K->1376K(79872K)] 389401K->310521K(578048K), 0.0023191 secs] [Times: user=0.01 sys=0.00, real=0.00 secs] 
563.664: [GC (Allocation Failure) [PSYoungGen: 79712K->1376K(79360K)] 388857K->310521K(577536K), 0.0027987 secs] [Times: user=0.01 sys=0.00, real=0.00 secs] 
564.989: [GC (Allocation Failure) [PSYoungGen: 79200K->1360K(78848K)] 388345K->310537K(577024K), 0.0027276 secs] [Times: user=0.01 sys=0.00, real=0.00 secs] 
565.452: [GC (Allocation Failure) [PSYoungGen: 78672K->1517K(78336K)] 387849K->310694K(576512K), 0.0019014 secs] [Times: user=0.00 sys=0.00, real=0.01 secs] 
565.593: [GC (Allocation Failure) [PSYoungGen: 78317K->1485K(77824K)] 387494K->310662K(576000K), 0.0016807 secs] [Times: user=0.01 sys=0.00, real=0.01 secs] 
565.727: [GC (Allocation Failure) [PSYoungGen: 77773K->1485K(77312K)] 386950K->310662K(575488K), 0.0016595 secs] [Times: user=0.01 sys=0.00, real=0.00 secs] 
566.349: [GC (Allocation Failure) [PSYoungGen: 77261K->1424K(76800K)] 386438K->310601K(574976K), 0.0021340 secs] [Times: user=0.00 sys=0.01, real=0.00 secs] 
567.097: [GC (Allocation Failure) [PSYoungGen: 76688K->1408K(76288K)] 385865K->310593K(574464K), 0.0019845 secs] [Times: user=0.01 sys=0.00, real=0.00 secs] 
568.218: [GC (Allocation Failure) [PSYoungGen: 76160K->1376K(75776K)] 385345K->310561K(573952K), 0.0027420 secs] [Times: user=0.01 sys=0.00, real=0.00 secs] 
569.242: [GC (Allocation Failure) [PSYoungGen: 75616K->1344K(75264K)] 384801K->310529K(573440K), 0.0028103 secs] [Times: user=0.01 sys=0.00, real=0.01 secs] 
569.861: [GC (Allocation Failure) [PSYoungGen: 75072K->1488K(74752K)] 384257K->310673K(572928K), 0.0017993 secs] [Times: user=0.01 sys=0.00, real=0.00 secs] 
569.994: [GC (Allocation Failure) [PSYoungGen: 74704K->1453K(74240K)] 383889K->310638K(572416K), 0.0017249 secs] [Times: user=0.01 sys=0.00, real=0.00 secs] 
570.124: [GC (Allocation Failure) [PSYoungGen: 74157K->1453K(73728K)] 383342K->310638K(571904K), 0.0017871 secs] [Times: user=0.01 sys=0.00, real=0.00 secs] 
570.593: [GC (Allocation Failure) [PSYoungGen: 73645K->928K(72704K)] 382830K->311137K(570880K), 0.0030799 secs] [Times: user=0.01 sys=0.00, real=0.01 secs] 
571.572: [GC (Allocation Failure) [PSYoungGen: 72608K->320K(71680K)] 382817K->310529K(569856K), 0.0024022 secs] [Times: user=0.01 sys=0.00, real=0.01 secs] 
572.356: [GC (Allocation Failure) [PSYoungGen: 71488K->368K(71168K)] 381697K->310577K(569344K), 0.0019781 secs] [Times: user=0.01 sys=0.00, real=0.00 secs] 
573.128: [GC (Allocation Failure) [PSYoungGen: 71024K->368K(72192K)] 381233K->310577K(570368K), 0.0019217 secs] [Times: user=0.01 sys=0.00, real=0.00 secs] 
573.652: [GC (Allocation Failure) [PSYoungGen: 70512K->1424K(71168K)] 380721K->311633K(569344K), 0.0021266 secs] [Times: user=0.01 sys=0.00, real=0.01 secs] 
573.790: [GC (Allocation Failure) [PSYoungGen: 71056K->1453K(70656K)] 381265K->311662K(568832K), 0.0017557 secs] [Times: user=0.01 sys=0.00, real=0.00 secs] 
573.916: [GC (Allocation Failure) [PSYoungGen: 70573K->1488K(70144K)] 380782K->311697K(568320K), 0.0014899 secs] [Times: user=0.00 sys=0.00, real=0.00 secs] 
574.037: [GC (Allocation Failure) [PSYoungGen: 70092K->1389K(76288K)] 380302K->311598K(574464K), 0.0018571 secs] [Times: user=0.01 sys=0.00, real=0.00 secs] 
574.715: [GC (Allocation Failure) [PSYoungGen: 76141K->1424K(75776K)] 386350K->311633K(573952K), 0.0026000 secs] [Times: user=0.01 sys=0.00, real=0.00 secs] 
575.570: [GC (Allocation Failure) [PSYoungGen: 75664K->1376K(75264K)] 385873K->311585K(573440K), 0.0030225 secs] [Times: user=0.01 sys=0.00, real=0.01 secs] 
576.759: [GC (Allocation Failure) [PSYoungGen: 75104K->1392K(74752K)] 385313K->311601K(572928K), 0.0033441 secs] [Times: user=0.01 sys=0.00, real=0.00 secs] 
577.769: [GC (Allocation Failure) [PSYoungGen: 74608K->1360K(74240K)] 384817K->311593K(572416K), 0.0038836 secs] [Times: user=0.02 sys=0.00, real=0.00 secs] 
578.269: [GC (Allocation Failure) [PSYoungGen: 74064K->1517K(73728K)] 384297K->311750K(571904K), 0.0018925 secs] [Times: user=0.01 sys=0.00, real=0.00 secs] 
578.410: [GC (Allocation Failure) [PSYoungGen: 73683K->1456K(73216K)] 383916K->311689K(571392K), 0.0016765 secs] [Times: user=0.00 sys=0.00, real=0.00 secs] 
578.535: [GC (Allocation Failure) [PSYoungGen: 73136K->1453K(72704K)] 383369K->311686K(570880K), 0.0015782 secs] [Times: user=0.00 sys=0.00, real=0.00 secs] 
578.849: [GC (Allocation Failure) [PSYoungGen: 72621K->1680K(72704K)] 382854K->311913K(570880K), 0.0020976 secs] [Times: user=0.01 sys=0.00, real=0.00 secs] 
579.653: [GC (Allocation Failure) [PSYoungGen: 72336K->352K(70656K)] 382569K->311609K(568832K), 0.0030748 secs] [Times: user=0.01 sys=0.00, real=0.01 secs] 
580.466: [GC (Allocation Failure) [PSYoungGen: 70496K->352K(72192K)] 381753K->311609K(570368K), 0.0025941 secs] [Times: user=0.01 sys=0.00, real=0.00 secs] 
581.140: [GC (Allocation Failure) [PSYoungGen: 69984K->352K(69632K)] 381241K->311609K(567808K), 0.0038781 secs] [Times: user=0.01 sys=0.00, real=0.01 secs] 
582.162: [GC (Allocation Failure) [PSYoungGen: 69472K->1405K(71168K)] 380729K->312662K(569344K), 0.0025482 secs] [Times: user=0.01 sys=0.00, real=0.01 secs] 
582.370: [GC (Allocation Failure) [PSYoungGen: 69988K->1453K(69632K)] 381246K->312710K(567808K), 0.0020450 secs] [Times: user=0.01 sys=0.00, real=0.00 secs] 
582.529: [GC (Allocation Failure) [PSYoungGen: 69549K->1485K(69120K)] 380806K->312742K(567296K), 0.0018945 secs] [Times: user=0.00 sys=0.00, real=0.00 secs] 
582.677: [GC (Allocation Failure) [PSYoungGen: 69069K->1421K(68608K)] 380326K->312678K(566784K), 0.0018325 secs] [Times: user=0.01 sys=0.00, real=0.00 secs] 
583.302: [GC (Allocation Failure) [PSYoungGen: 68493K->1424K(68096K)] 379750K->312697K(566272K), 0.0025095 secs] [Times: user=0.01 sys=0.00, real=0.01 secs] 
584.253: [GC (Allocation Failure) [PSYoungGen: 67984K->1376K(67584K)] 379257K->312649K(565760K), 0.0031584 secs] [Times: user=0.01 sys=0.00, real=0.00 secs] 
585.012: [GC (Allocation Failure) [PSYoungGen: 67424K->1344K(67072K)] 378697K->312617K(565248K), 0.0025975 secs] [Times: user=0.01 sys=0.00, real=0.01 secs] 
585.549: [GC (Allocation Failure) [PSYoungGen: 66880K->1344K(66560K)] 378153K->312617K(564736K), 0.0021232 secs] [Times: user=0.00 sys=0.00, real=0.00 secs] 
586.250: [GC (Allocation Failure) [PSYoungGen: 66368K->1344K(66048K)] 377641K->312617K(564224K), 0.0021894 secs] [Times: user=0.01 sys=0.00, real=0.00 secs] 
586.464: [GC (Allocation Failure) [PSYoungGen: 65856K->1421K(65536K)] 377129K->312702K(563712K), 0.0015710 secs] [Times: user=0.01 sys=0.00, real=0.00 secs] 
586.577: [GC (Allocation Failure) [PSYoungGen: 65421K->1453K(65024K)] 376702K->312734K(563200K), 0.0017741 secs] [Times: user=0.00 sys=0.00, real=0.00 secs] 
586.704: [GC (Allocation Failure) [PSYoungGen: 64941K->1456K(64512K)] 376222K->312753K(562688K), 0.0017665 secs] [Times: user=0.01 sys=0.00, real=0.00 secs] 
586.843: [GC (Allocation Failure) [PSYoungGen: 64432K->1485K(66560K)] 375729K->312782K(564736K), 0.0018840 secs] [Times: user=0.01 sys=0.00, real=0.00 secs] 
587.924: [GC (Allocation Failure) [PSYoungGen: 65997K->1408K(65536K)] 377294K->312705K(563712K), 0.0029013 secs] [Times: user=0.01 sys=0.00, real=0.00 secs] 
588.808: [GC (Allocation Failure) [PSYoungGen: 65408K->1376K(65024K)] 376705K->312673K(563200K), 0.0025545 secs] [Times: user=0.01 sys=0.00, real=0.00 secs] 
589.416: [GC (Allocation Failure) [PSYoungGen: 64864K->1376K(64512K)] 376161K->312673K(562688K), 0.0022482 secs] [Times: user=0.01 sys=0.00, real=0.00 secs] 
590.105: [GC (Allocation Failure) [PSYoungGen: 64352K->1376K(64000K)] 375649K->312673K(562176K), 0.0030165 secs] [Times: user=0.01 sys=0.00, real=0.00 secs] 
590.639: [GC (Allocation Failure) [PSYoungGen: 63840K->1408K(63488K)] 375137K->312705K(561664K), 0.0023250 secs] [Times: user=0.01 sys=0.00, real=0.00 secs] 
590.796: [GC (Allocation Failure) [PSYoungGen: 63360K->1485K(62976K)] 374657K->312782K(561152K), 0.0017951 secs] [Times: user=0.00 sys=0.00, real=0.00 secs] 
590.905: [GC (Allocation Failure) [PSYoungGen: 62925K->1517K(62464K)] 374222K->312838K(560640K), 0.0016201 secs] [Times: user=0.00 sys=0.00, real=0.00 secs] 
591.014: [GC (Allocation Failure) [PSYoungGen: 62445K->1485K(67584K)] 373766K->312806K(565760K), 0.0038789 secs] [Times: user=0.02 sys=0.00, real=0.00 secs] 
591.502: [GC (Allocation Failure) [PSYoungGen: 67021K->1424K(70144K)] 378342K->312745K(568320K), 0.0038758 secs] [Times: user=0.01 sys=0.00, real=0.01 secs] 
591.865: [GC (Allocation Failure) [PSYoungGen: 69520K->1376K(70144K)] 380841K->312697K(568320K), 0.0020061 secs] [Times: user=0.00 sys=0.00, real=0.00 secs] 
592.148: [GC (Allocation Failure) [PSYoungGen: 69472K->1312K(76288K)] 380793K->312633K(574464K), 0.0018881 secs] [Times: user=0.01 sys=0.01, real=0.00 secs] 
592.509: [GC (Allocation Failure) [PSYoungGen: 76064K->1408K(75776K)] 387385K->312729K(573952K), 0.0019925 secs] [Times: user=0.00 sys=0.00, real=0.00 secs] 
592.815: [GC (Allocation Failure) [PSYoungGen: 75648K->1501K(75264K)] 386969K->312822K(573440K), 0.0015433 secs] [Times: user=0.00 sys=0.00, real=0.00 secs] 
592.944: [GC (Allocation Failure) [PSYoungGen: 75229K->1453K(74752K)] 386550K->312774K(572928K), 0.0016450 secs] [Times: user=0.01 sys=0.00, real=0.00 secs] 
593.073: [GC (Allocation Failure) [PSYoungGen: 74669K->1453K(75264K)] 385990K->312774K(573440K), 0.0015404 secs] [Times: user=0.01 sys=0.00, real=0.01 secs] 
593.201: [GC (Allocation Failure) [PSYoungGen: 74669K->1453K(75264K)] 385990K->312782K(573440K), 0.0015159 secs] [Times: user=0.01 sys=0.00, real=0.00 secs] 
594.827: [GC (Allocation Failure) [PSYoungGen: 74669K->1392K(74240K)] 385998K->312745K(572416K), 0.0034712 secs] [Times: user=0.01 sys=0.00, real=0.00 secs] 
596.183: [GC (Allocation Failure) [PSYoungGen: 74096K->1408K(73728K)] 385449K->312761K(571904K), 0.0029825 secs] [Times: user=0.01 sys=0.00, real=0.00 secs] 
596.796: [GC (Allocation Failure) [PSYoungGen: 73600K->1408K(73216K)] 384953K->312761K(571392K), 0.0024673 secs] [Times: user=0.01 sys=0.01, real=0.00 secs] 
597.403: [GC (Allocation Failure) [PSYoungGen: 73088K->1392K(72704K)] 384441K->312745K(570880K), 0.0021127 secs] [Times: user=0.00 sys=0.00, real=0.01 secs] 
597.616: [GC (Allocation Failure) [PSYoungGen: 72560K->1456K(72192K)] 383913K->312809K(570368K), 0.0015052 secs] [Times: user=0.01 sys=0.00, real=0.00 secs] 
597.741: [GC (Allocation Failure) [PSYoungGen: 72112K->1504K(71680K)] 383465K->312857K(569856K), 0.0016478 secs] [Times: user=0.01 sys=0.00, real=0.00 secs] 
597.864: [GC (Allocation Failure) [PSYoungGen: 71636K->1485K(71168K)] 382990K->312838K(569344K), 0.0017492 secs] [Times: user=0.01 sys=0.00, real=0.00 secs] 
598.333: [GC (Allocation Failure) [PSYoungGen: 71117K->1376K(70656K)] 382470K->312737K(568832K), 0.0021002 secs] [Times: user=0.01 sys=0.00, real=0.01 secs] 
598.980: [GC (Allocation Failure) [PSYoungGen: 70496K->1344K(70144K)] 381857K->312713K(568320K), 0.0018109 secs] [Times: user=0.00 sys=0.00, real=0.00 secs] 
599.389: [GC (Allocation Failure) [PSYoungGen: 69952K->1440K(69632K)] 381321K->312809K(567808K), 0.0028207 secs] [Times: user=0.01 sys=0.00, real=0.00 secs] 
599.710: [GC (Allocation Failure) [PSYoungGen: 69536K->1376K(69120K)] 380905K->312745K(567296K), 0.0018111 secs] [Times: user=0.01 sys=0.01, real=0.00 secs] 
600.331: [GC (Allocation Failure) [PSYoungGen: 68960K->1424K(68608K)] 380329K->312793K(566784K), 0.0021646 secs] [Times: user=0.01 sys=0.00, real=0.01 secs] 
600.469: [GC (Allocation Failure) [PSYoungGen: 68496K->1421K(68096K)] 379865K->312790K(566272K), 0.0015438 secs] [Times: user=0.01 sys=0.00, real=0.00 secs] 
600.586: [GC (Allocation Failure) [PSYoungGen: 67981K->1453K(67584K)] 379350K->312822K(565760K), 0.0017010 secs] [Times: user=0.01 sys=0.00, real=0.00 secs] 
600.703: [GC (Allocation Failure) [PSYoungGen: 67501K->1485K(73728K)] 378870K->312854K(571904K), 0.0015444 secs] [Times: user=0.01 sys=0.00, real=0.01 secs] 
601.153: [GC (Allocation Failure) [PSYoungGen: 73677K->1424K(73216K)] 385046K->312801K(571392K), 0.0020454 secs] [Times: user=0.01 sys=0.00, real=0.01 secs] 
601.858: [GC (Allocation Failure) [PSYoungGen: 73104K->1376K(72704K)] 384481K->312753K(570880K), 0.0021723 secs] [Times: user=0.01 sys=0.00, real=0.00 secs] 
602.454: [GC (Allocation Failure) [PSYoungGen: 72544K->1344K(72192K)] 383921K->312721K(570368K), 0.0021633 secs] [Times: user=0.01 sys=0.00, real=0.00 secs] 
603.098: [GC (Allocation Failure) [PSYoungGen: 72000K->1376K(71680K)] 383377K->312753K(569856K), 0.0021232 secs] [Times: user=0.01 sys=0.00, real=0.00 secs] 
603.705: [GC (Allocation Failure) [PSYoungGen: 71520K->1453K(71168K)] 382897K->312830K(569344K), 0.0022823 secs] [Times: user=0.01 sys=0.00, real=0.00 secs] 
603.848: [GC (Allocation Failure) [PSYoungGen: 71085K->1453K(70656K)] 382462K->312830K(568832K), 0.0016940 secs] [Times: user=0.01 sys=0.00, real=0.00 secs] 
603.970: [GC (Allocation Failure) [PSYoungGen: 70573K->1453K(70144K)] 381950K->312830K(568320K), 0.0016150 secs] [Times: user=0.01 sys=0.00, real=0.00 secs] 
604.090: [GC (Allocation Failure) [PSYoungGen: 70043K->1421K(71168K)] 381421K->312806K(569344K), 0.0017968 secs] [Times: user=0.00 sys=0.00, real=0.00 secs] 
605.024: [GC (Allocation Failure) [PSYoungGen: 71053K->1408K(70656K)] 382438K->312809K(568832K), 0.0026692 secs] [Times: user=0.01 sys=0.00, real=0.00 secs] 
605.934: [GC (Allocation Failure) [PSYoungGen: 70528K->352K(69632K)] 381929K->312777K(567808K), 0.0029559 secs] [Times: user=0.01 sys=0.00, real=0.00 secs] 
606.898: [GC (Allocation Failure) [PSYoungGen: 68960K->352K(68608K)] 381385K->312777K(566784K), 0.0030340 secs] [Times: user=0.01 sys=0.00, real=0.00 secs] 
607.668: [GC (Allocation Failure) [PSYoungGen: 68448K->352K(69120K)] 380873K->312777K(567296K), 0.0021215 secs] [Times: user=0.01 sys=0.00, real=0.00 secs] 
608.300: [GC (Allocation Failure) [PSYoungGen: 67936K->1421K(68608K)] 380361K->313846K(566784K), 0.0020097 secs] [Times: user=0.01 sys=0.00, real=0.00 secs] 
608.467: [GC (Allocation Failure) [PSYoungGen: 68493K->1485K(68096K)] 380918K->313910K(566272K), 0.0020549 secs] [Times: user=0.01 sys=0.00, real=0.00 secs] 
608.619: [GC (Allocation Failure) [PSYoungGen: 68045K->1421K(67584K)] 380470K->313846K(565760K), 0.0017723 secs] [Times: user=0.01 sys=0.00, real=0.00 secs] 
608.754: [GC (Allocation Failure) [PSYoungGen: 67469K->1485K(67072K)] 379894K->313918K(565248K), 0.0018469 secs] [Times: user=0.00 sys=0.00, real=0.00 secs] 
609.279: [GC (Allocation Failure) [PSYoungGen: 67021K->1392K(66560K)] 379454K->313825K(564736K), 0.0026283 secs] [Times: user=0.01 sys=0.00, real=0.00 secs] 
610.255: [GC (Allocation Failure) [PSYoungGen: 66416K->1360K(66048K)] 378849K->313801K(564224K), 0.0038290 secs] [Times: user=0.01 sys=0.00, real=0.00 secs] 
611.031: [GC (Allocation Failure) [PSYoungGen: 65872K->1376K(65536K)] 378313K->313817K(563712K), 0.0032570 secs] [Times: user=0.02 sys=0.00, real=0.01 secs] 
611.605: [GC (Allocation Failure) [PSYoungGen: 65376K->1344K(65024K)] 377817K->313785K(563200K), 0.0031154 secs] [Times: user=0.01 sys=0.00, real=0.00 secs] 
612.030: [GC (Allocation Failure) [PSYoungGen: 64829K->1437K(64512K)] 377271K->313878K(562688K), 0.0020955 secs] [Times: user=0.01 sys=0.00, real=0.00 secs] 
612.168: [GC (Allocation Failure) [PSYoungGen: 64413K->1456K(64000K)] 376854K->313897K(562176K), 0.0016728 secs] [Times: user=0.01 sys=0.00, real=0.00 secs] 
612.279: [GC (Allocation Failure) [PSYoungGen: 63910K->1421K(63488K)] 376352K->313862K(561664K), 0.0017081 secs] [Times: user=0.00 sys=0.00, real=0.00 secs] 
612.389: [GC (Allocation Failure) [PSYoungGen: 63373K->1453K(64000K)] 375814K->313902K(562176K), 0.0017358 secs] [Times: user=0.01 sys=0.00, real=0.00 secs] 
612.920: [GC (Allocation Failure) [PSYoungGen: 63405K->1456K(62976K)] 375854K->313913K(561152K), 0.0020704 secs] [Times: user=0.01 sys=0.00, real=0.00 secs] 
613.475: [GC (Allocation Failure) [PSYoungGen: 62896K->1440K(62464K)] 375353K->313897K(560640K), 0.0020313 secs] [Times: user=0.01 sys=0.00, real=0.00 secs] 
614.089: [GC (Allocation Failure) [PSYoungGen: 62368K->1408K(61952K)] 374825K->313873K(560128K), 0.0023396 secs] [Times: user=0.01 sys=0.01, real=0.00 secs] 
614.518: [GC (Allocation Failure) [PSYoungGen: 61824K->1392K(61440K)] 374289K->313865K(559616K), 0.0018400 secs] [Times: user=0.01 sys=0.00, real=0.00 secs] 
614.767: [GC (Allocation Failure) [PSYoungGen: 61296K->1376K(61952K)] 373769K->313873K(560128K), 0.0061432 secs] [Times: user=0.03 sys=0.00, real=0.01 secs] 
614.984: [GC (Allocation Failure) [PSYoungGen: 61280K->1533K(67072K)] 373777K->314030K(565248K), 0.0016102 secs] [Times: user=0.01 sys=0.00, real=0.00 secs] 
615.100: [GC (Allocation Failure) [PSYoungGen: 67069K->1469K(67584K)] 379566K->313974K(565760K), 0.0016309 secs] [Times: user=0.00 sys=0.00, real=0.00 secs] 
615.216: [GC (Allocation Failure) [PSYoungGen: 67005K->1472K(74240K)] 379510K->313985K(572416K), 0.0014926 secs] [Times: user=0.01 sys=0.00, real=0.00 secs] 
615.344: [GC (Allocation Failure) [PSYoungGen: 73664K->1536K(74240K)] 386177K->314049K(572416K), 0.0017547 secs] [Times: user=0.01 sys=0.01, real=0.00 secs] 
616.059: [GC (Allocation Failure) [PSYoungGen: 73728K->1440K(80384K)] 386241K->313953K(578560K), 0.0025199 secs] [Times: user=0.01 sys=0.00, real=0.00 secs] 
616.746: [GC (Allocation Failure) [PSYoungGen: 80288K->1376K(79872K)] 392801K->313889K(578048K), 0.0024325 secs] [Times: user=0.01 sys=0.00, real=0.00 secs] 
617.732: [GC (Allocation Failure) [PSYoungGen: 79712K->1408K(79360K)] 392225K->313921K(577536K), 0.0025957 secs] [Times: user=0.01 sys=0.00, real=0.01 secs] 
618.526: [GC (Allocation Failure) [PSYoungGen: 79232K->1456K(78848K)] 391745K->313977K(577024K), 0.0025067 secs] [Times: user=0.01 sys=0.00, real=0.00 secs] 
618.717: [GC (Allocation Failure) [PSYoungGen: 78768K->1485K(78336K)] 391289K->314006K(576512K), 0.0015178 secs] [Times: user=0.01 sys=0.00, real=0.00 secs] 
618.850: [GC (Allocation Failure) [PSYoungGen: 78285K->1520K(77824K)] 390806K->314041K(576000K), 0.0016974 secs] [Times: user=0.01 sys=0.00, real=0.00 secs] 
618.985: [GC (Allocation Failure) [PSYoungGen: 77808K->1453K(77312K)] 390329K->313990K(575488K), 0.0015907 secs] [Times: user=0.00 sys=0.00, real=0.00 secs] 
619.811: [GC (Allocation Failure) [PSYoungGen: 77229K->1456K(76800K)] 389766K->313993K(574976K), 0.0020161 secs] [Times: user=0.01 sys=0.00, real=0.00 secs] 
620.442: [GC (Allocation Failure) [PSYoungGen: 76720K->1440K(76288K)] 389257K->313977K(574464K), 0.0025020 secs] [Times: user=0.01 sys=0.00, real=0.01 secs] 
621.236: [GC (Allocation Failure) [PSYoungGen: 76192K->1344K(75776K)] 388729K->313881K(573952K), 0.0027351 secs] [Times: user=0.01 sys=0.00, real=0.00 secs] 
622.192: [GC (Allocation Failure) [PSYoungGen: 75584K->1376K(75264K)] 388121K->313913K(573440K), 0.0032626 secs] [Times: user=0.01 sys=0.00, real=0.01 secs] 
622.632: [GC (Allocation Failure) [PSYoungGen: 75104K->1485K(74752K)] 387641K->314022K(572928K), 0.0019342 secs] [Times: user=0.01 sys=0.00, real=0.01 secs] 
622.804: [GC (Allocation Failure) [PSYoungGen: 74701K->1456K(74240K)] 387238K->313993K(572416K), 0.0019062 secs] [Times: user=0.01 sys=0.00, real=0.00 secs] 
622.960: [GC (Allocation Failure) [PSYoungGen: 74160K->1453K(73728K)] 386697K->313990K(571904K), 0.0017481 secs] [Times: user=0.00 sys=0.00, real=0.00 secs] 
624.014: [GC (Allocation Failure) [PSYoungGen: 73645K->1424K(73216K)] 386182K->313961K(571392K), 0.0034490 secs] [Times: user=0.01 sys=0.00, real=0.00 secs] 
624.850: [GC (Allocation Failure) [PSYoungGen: 73104K->1376K(72704K)] 385641K->313913K(570880K), 0.0021921 secs] [Times: user=0.01 sys=0.00, real=0.00 secs] 
625.375: [GC (Allocation Failure) [PSYoungGen: 72544K->1376K(72192K)] 385081K->313913K(570368K), 0.0021028 secs] [Times: user=0.01 sys=0.00, real=0.00 secs] 
626.070: [GC (Allocation Failure) [PSYoungGen: 72032K->1376K(71680K)] 384569K->313913K(569856K), 0.0022583 secs] [Times: user=0.01 sys=0.00, real=0.00 secs] 
626.566: [GC (Allocation Failure) [PSYoungGen: 71520K->1437K(71168K)] 384057K->313990K(569344K), 0.0019525 secs] [Times: user=0.01 sys=0.00, real=0.00 secs] 
626.702: [GC (Allocation Failure) [PSYoungGen: 71049K->1453K(70656K)] 383602K->314006K(568832K), 0.0017125 secs] [Times: user=0.01 sys=0.00, real=0.01 secs] 
626.843: [GC (Allocation Failure) [PSYoungGen: 70573K->1456K(70144K)] 383126K->314009K(568320K), 0.0018367 secs] [Times: user=0.01 sys=0.00, real=0.01 secs] 
626.996: [GC (Allocation Failure) [PSYoungGen: 70052K->1517K(69632K)] 382606K->314070K(567808K), 0.0018086 secs] [Times: user=0.01 sys=0.00, real=0.00 secs] 
627.463: [GC (Allocation Failure) [PSYoungGen: 69613K->1376K(69120K)] 382166K->313945K(567296K), 0.0020019 secs] [Times: user=0.01 sys=0.00, real=0.01 secs] 
627.744: [GC (Allocation Failure) [PSYoungGen: 68960K->1344K(68608K)] 381529K->313913K(566784K), 0.0020473 secs] [Times: user=0.01 sys=0.01, real=0.00 secs] 
628.187: [GC (Allocation Failure) [PSYoungGen: 68416K->1376K(68096K)] 380985K->313945K(566272K), 0.0020085 secs] [Times: user=0.01 sys=0.00, real=0.00 secs] 
628.733: [GC (Allocation Failure) [PSYoungGen: 67936K->1344K(67584K)] 380505K->313913K(565760K), 0.0021371 secs] [Times: user=0.01 sys=0.00, real=0.01 secs] 
629.603: [GC (Allocation Failure) [PSYoungGen: 67392K->1517K(67072K)] 379961K->314086K(565248K), 0.0018710 secs] [Times: user=0.01 sys=0.00, real=0.01 secs] 
629.734: [GC (Allocation Failure) [PSYoungGen: 67053K->1421K(66560K)] 379622K->313990K(564736K), 0.0016999 secs] [Times: user=0.01 sys=0.00, real=0.00 secs] 
629.848: [GC (Allocation Failure) [PSYoungGen: 66445K->1421K(66048K)] 379014K->313990K(564224K), 0.0016571 secs] [Times: user=0.00 sys=0.00, real=0.00 secs] 
629.980: [GC (Allocation Failure) [PSYoungGen: 65933K->1421K(67072K)] 378502K->313998K(565248K), 0.0018661 secs] [Times: user=0.01 sys=0.00, real=0.00 secs] 
630.709: [GC (Allocation Failure) [PSYoungGen: 66445K->1424K(66048K)] 379022K->314009K(564224K), 0.0023543 secs] [Times: user=0.00 sys=0.00, real=0.00 secs] 
631.252: [GC (Allocation Failure) [PSYoungGen: 65936K->1376K(65536K)] 378521K->313961K(563712K), 0.0024505 secs] [Times: user=0.01 sys=0.01, real=0.01 secs] 
631.894: [GC (Allocation Failure) [PSYoungGen: 65376K->368K(64000K)] 377961K->313977K(562176K), 0.0021170 secs] [Times: user=0.01 sys=0.00, real=0.00 secs] 
632.403: [GC (Allocation Failure) [PSYoungGen: 63856K->352K(65024K)] 377465K->313961K(563200K), 0.0018411 secs] [Times: user=0.00 sys=0.00, real=0.00 secs] 
632.916: [GC (Allocation Failure) [PSYoungGen: 63328K->1424K(64000K)] 376937K->315033K(562176K), 0.0017061 secs] [Times: user=0.01 sys=0.00, real=0.00 secs] 
633.027: [GC (Allocation Failure) [PSYoungGen: 63888K->1408K(63488K)] 377497K->315017K(561664K), 0.0016571 secs] [Times: user=0.01 sys=0.00, real=0.00 secs] 
633.136: [GC (Allocation Failure) [PSYoungGen: 63360K->1424K(62976K)] 376969K->315033K(561152K), 0.0015400 secs] [Times: user=0.01 sys=0.00, real=0.00 secs] 
633.243: [GC (Allocation Failure) [PSYoungGen: 62864K->1453K(69632K)] 376473K->315070K(567808K), 0.0015807 secs] [Times: user=0.00 sys=0.00, real=0.01 secs] 
633.626: [GC (Allocation Failure) [PSYoungGen: 69037K->1920K(69120K)] 382654K->316049K(567296K), 0.0022133 secs] [Times: user=0.01 sys=0.00, real=0.00 secs] 
634.043: [GC (Allocation Failure) [PSYoungGen: 68992K->1376K(68096K)] 383121K->315505K(566272K), 0.0020778 secs] [Times: user=0.00 sys=0.00, real=0.00 secs] 
634.415: [GC (Allocation Failure) [PSYoungGen: 67936K->1376K(67584K)] 382065K->315521K(565760K), 0.0020528 secs] [Times: user=0.01 sys=0.00, real=0.00 secs] 
634.690: [GC (Allocation Failure) [PSYoungGen: 67424K->1408K(67072K)] 381569K->315553K(565248K), 0.0020685 secs] [Times: user=0.00 sys=0.00, real=0.00 secs] 
635.073: [GC (Allocation Failure) [PSYoungGen: 66944K->1344K(66560K)] 381089K->315489K(564736K), 0.0018724 secs] [Times: user=0.01 sys=0.00, real=0.01 secs] 
635.294: [GC (Allocation Failure) [PSYoungGen: 66368K->1485K(66048K)] 380513K->315630K(564224K), 0.0015023 secs] [Times: user=0.01 sys=0.00, real=0.00 secs] 
635.410: [GC (Allocation Failure) [PSYoungGen: 65997K->1421K(65536K)] 380142K->315566K(563712K), 0.0016867 secs] [Times: user=0.00 sys=0.00, real=0.00 secs] 
635.523: [GC (Allocation Failure) [PSYoungGen: 65403K->1456K(66560K)] 379548K->315617K(564736K), 0.0017720 secs] [Times: user=0.01 sys=0.00, real=0.00 secs] 
635.650: [GC (Allocation Failure) [PSYoungGen: 65968K->1408K(72192K)] 380129K->315569K(570368K), 0.0018734 secs] [Times: user=0.01 sys=0.00, real=0.00 secs] 
636.315: [GC (Allocation Failure) [PSYoungGen: 71552K->1392K(71168K)] 385713K->315553K(569344K), 0.0023031 secs] [Times: user=0.01 sys=0.00, real=0.00 secs] 
636.984: [GC (Allocation Failure) [PSYoungGen: 71024K->1376K(70656K)] 385185K->315537K(568832K), 0.0031890 secs] [Times: user=0.01 sys=0.00, real=0.00 secs] 
637.557: [GC (Allocation Failure) [PSYoungGen: 70496K->1392K(70144K)] 384657K->315553K(568320K), 0.0023151 secs] [Times: user=0.01 sys=0.00, real=0.00 secs] 
638.186: [GC (Allocation Failure) [PSYoungGen: 70000K->1376K(69632K)] 384161K->315537K(567808K), 0.0024271 secs] [Times: user=0.01 sys=0.00, real=0.00 secs] 
638.653: [GC (Allocation Failure) [PSYoungGen: 69472K->1453K(69120K)] 383633K->315614K(567296K), 0.0019798 secs] [Times: user=0.01 sys=0.00, real=0.01 secs] 
638.778: [GC (Allocation Failure) [PSYoungGen: 69037K->1421K(68608K)] 383198K->315582K(566784K), 0.0016388 secs] [Times: user=0.00 sys=0.00, real=0.00 secs] 
638.896: [GC (Allocation Failure) [PSYoungGen: 68487K->1488K(68096K)] 382649K->315665K(566272K), 0.0015906 secs] [Times: user=0.01 sys=0.00, real=0.00 secs] 
639.014: [GC (Allocation Failure) [PSYoungGen: 68048K->1453K(68608K)] 382225K->315630K(566784K), 0.0016135 secs] [Times: user=0.01 sys=0.00, real=0.00 secs] 
640.517: [GC (Allocation Failure) [PSYoungGen: 68013K->1408K(67584K)] 382190K->315585K(565760K), 0.0027302 secs] [Times: user=0.01 sys=0.00, real=0.00 secs] 
641.324: [GC (Allocation Failure) [PSYoungGen: 67456K->1376K(67072K)] 381633K->315553K(565248K), 0.0025440 secs] [Times: user=0.01 sys=0.00, real=0.00 secs] 
642.084: [GC (Allocation Failure) [PSYoungGen: 66912K->1408K(66560K)] 381089K->315585K(564736K), 0.0025134 secs] [Times: user=0.01 sys=0.00, real=0.00 secs] 
642.626: [GC (Allocation Failure) [PSYoungGen: 66432K->1376K(66048K)] 380609K->315553K(564224K), 0.0022997 secs] [Times: user=0.00 sys=0.00, real=0.00 secs] 
643.012: [GC (Allocation Failure) [PSYoungGen: 65888K->1453K(65536K)] 380065K->315630K(563712K), 0.0020843 secs] [Times: user=0.01 sys=0.00, real=0.01 secs] 
643.133: [GC (Allocation Failure) [PSYoungGen: 65453K->1456K(65024K)] 379630K->315633K(563200K), 0.0017928 secs] [Times: user=0.01 sys=0.00, real=0.01 secs] 
643.260: [GC (Allocation Failure) [PSYoungGen: 64944K->1453K(64512K)] 379121K->315630K(562688K), 0.0017714 secs] [Times: user=0.01 sys=0.00, real=0.00 secs] 
643.405: [GC (Allocation Failure) [PSYoungGen: 64429K->1453K(65024K)] 378606K->315638K(563200K), 0.0018065 secs] [Times: user=0.00 sys=0.00, real=0.00 secs] 
644.510: [GC (Allocation Failure) [PSYoungGen: 64429K->1392K(64000K)] 378614K->315577K(562176K), 0.0025326 secs] [Times: user=0.01 sys=0.00, real=0.00 secs] 
645.296: [GC (Allocation Failure) [PSYoungGen: 63856K->1392K(63488K)] 378041K->315577K(561664K), 0.0024205 secs] [Times: user=0.00 sys=0.00, real=0.00 secs] 
645.984: [GC (Allocation Failure) [PSYoungGen: 63344K->1344K(62976K)] 377529K->315529K(561152K), 0.0028015 secs] [Times: user=0.01 sys=0.00, real=0.00 secs] 
646.576: [GC (Allocation Failure) [PSYoungGen: 62784K->1392K(62464K)] 376969K->315601K(560640K), 0.0023378 secs] [Times: user=0.01 sys=0.00, real=0.00 secs] 
646.959: [GC (Allocation Failure) [PSYoungGen: 62320K->1424K(61952K)] 376529K->315633K(560128K), 0.0022083 secs] [Times: user=0.01 sys=0.00, real=0.00 secs] 
647.097: [GC (Allocation Failure) [PSYoungGen: 61840K->464K(60416K)] 376049K->315697K(558592K), 0.0016092 secs] [Times: user=0.01 sys=0.00, real=0.00 secs] 
647.202: [GC (Allocation Failure) [PSYoungGen: 60368K->461K(61440K)] 375601K->315694K(559616K), 0.0015428 secs] [Times: user=0.00 sys=0.00, real=0.01 secs] 
647.306: [GC (Allocation Failure) [PSYoungGen: 59853K->429K(61952K)] 375086K->315678K(560128K), 0.0014790 secs] [Times: user=0.01 sys=0.00, real=0.00 secs] 
647.412: [GC (Allocation Failure) [PSYoungGen: 60333K->429K(61952K)] 375582K->315678K(560128K), 0.0015093 secs] [Times: user=0.00 sys=0.00, real=0.01 secs] 
647.876: [GC (Allocation Failure) [PSYoungGen: 60333K->1408K(60928K)] 375582K->316657K(559104K), 0.0020885 secs] [Times: user=0.01 sys=0.00, real=0.00 secs] 
648.359: [GC (Allocation Failure) [PSYoungGen: 60800K->1408K(60416K)] 376049K->316657K(558592K), 0.0022737 secs] [Times: user=0.00 sys=0.00, real=0.00 secs] 
648.895: [GC (Allocation Failure) [PSYoungGen: 60288K->1376K(59904K)] 375537K->316625K(558080K), 0.0018666 secs] [Times: user=0.01 sys=0.00, real=0.00 secs] 
649.359: [GC (Allocation Failure) [PSYoungGen: 59744K->1344K(59392K)] 374993K->316593K(557568K), 0.0020974 secs] [Times: user=0.01 sys=0.00, real=0.00 secs] 
649.639: [GC (Allocation Failure) [PSYoungGen: 59200K->1344K(59392K)] 374449K->316593K(557568K), 0.0018412 secs] [Times: user=0.01 sys=0.00, real=0.00 secs] 
649.838: [GC (Allocation Failure) [PSYoungGen: 59200K->1488K(59392K)] 374449K->316737K(557568K), 0.0017370 secs] [Times: user=0.01 sys=0.00, real=0.00 secs] 
649.954: [GC (Allocation Failure) [PSYoungGen: 59344K->1421K(59392K)] 374593K->316678K(557568K), 0.0017339 secs] [Times: user=0.01 sys=0.00, real=0.00 secs] 
650.081: [GC (Allocation Failure) [PSYoungGen: 59277K->1453K(64512K)] 374534K->316710K(562688K), 0.0018243 secs] [Times: user=0.00 sys=0.00, real=0.00 secs] 
650.226: [GC (Allocation Failure) [PSYoungGen: 63917K->1421K(65536K)] 379174K->316678K(563712K), 0.0021515 secs] [Times: user=0.00 sys=0.00, real=0.00 secs] 
650.779: [GC (Allocation Failure) [PSYoungGen: 64909K->1376K(64512K)] 380166K->316633K(562688K), 0.0019308 secs] [Times: user=0.00 sys=0.00, real=0.00 secs] 
651.369: [GC (Allocation Failure) [PSYoungGen: 64352K->1344K(64000K)] 379609K->316601K(562176K), 0.0020262 secs] [Times: user=0.01 sys=0.00, real=0.00 secs] 
651.903: [GC (Allocation Failure) [PSYoungGen: 63808K->1376K(63488K)] 379065K->316633K(561664K), 0.0021377 secs] [Times: user=0.01 sys=0.00, real=0.00 secs] 
652.161: [GC (Allocation Failure) [PSYoungGen: 63328K->1376K(62976K)] 378585K->316633K(561152K), 0.0020657 secs] [Times: user=0.01 sys=0.00, real=0.00 secs] 
652.443: [GC (Allocation Failure) [PSYoungGen: 62816K->1424K(62464K)] 378073K->316681K(560640K), 0.0019700 secs] [Times: user=0.01 sys=0.00, real=0.00 secs] 
652.560: [GC (Allocation Failure) [PSYoungGen: 62352K->1424K(61952K)] 377609K->316681K(560128K), 0.0015570 secs] [Times: user=0.01 sys=0.00, real=0.00 secs] 
652.666: [GC (Allocation Failure) [PSYoungGen: 61840K->1424K(62464K)] 377097K->316689K(560640K), 0.0015529 secs] [Times: user=0.01 sys=0.00, real=0.00 secs] 
652.773: [GC (Allocation Failure) [PSYoungGen: 61840K->1501K(68096K)] 377105K->316790K(566272K), 0.0016013 secs] [Times: user=0.00 sys=0.00, real=0.01 secs] 
652.891: [GC (Allocation Failure) [PSYoungGen: 67549K->1533K(68096K)] 382838K->316822K(566272K), 0.0017517 secs] [Times: user=0.01 sys=0.00, real=0.00 secs] 
653.251: [GC (Allocation Failure) [PSYoungGen: 67581K->1408K(74240K)] 382870K->316697K(572416K), 0.0019300 secs] [Times: user=0.00 sys=0.00, real=0.01 secs] 
653.554: [GC (Allocation Failure) [PSYoungGen: 74112K->1376K(73728K)] 389401K->316665K(571904K), 0.0018705 secs] [Times: user=0.01 sys=0.00, real=0.00 secs] 
653.878: [GC (Allocation Failure) [PSYoungGen: 73568K->1376K(73216K)] 388857K->316665K(571392K), 0.0021010 secs] [Times: user=0.00 sys=0.00, real=0.00 secs] 
654.258: [GC (Allocation Failure) [PSYoungGen: 73056K->1344K(72704K)] 388345K->316633K(570880K), 0.0019622 secs] [Times: user=0.01 sys=0.00, real=0.00 secs] 
654.416: [GC (Allocation Failure) [PSYoungGen: 72502K->1453K(72192K)] 387791K->316742K(570368K), 0.0015632 secs] [Times: user=0.01 sys=0.00, real=0.00 secs] 
654.540: [GC (Allocation Failure) [PSYoungGen: 72109K->1421K(71680K)] 387398K->316710K(569856K), 0.0016060 secs] [Times: user=0.01 sys=0.00, real=0.00 secs] 
654.663: [GC (Allocation Failure) [PSYoungGen: 71552K->1488K(72192K)] 386842K->316793K(570368K), 0.0015822 secs] [Times: user=0.00 sys=0.00, real=0.01 secs] 
656.401: [GC (Allocation Failure) [PSYoungGen: 71632K->1408K(71168K)] 386937K->316713K(569344K), 0.0035776 secs] [Times: user=0.01 sys=0.00, real=0.01 secs] 
657.379: [GC (Allocation Failure) [PSYoungGen: 71040K->1328K(70656K)] 386345K->316633K(568832K), 0.0027941 secs] [Times: user=0.01 sys=0.00, real=0.00 secs] 
658.444: [GC (Allocation Failure) [PSYoungGen: 70448K->1408K(70144K)] 385753K->316713K(568320K), 0.0026632 secs] [Times: user=0.01 sys=0.00, real=0.00 secs] 
659.026: [GC (Allocation Failure) [PSYoungGen: 70016K->1392K(69632K)] 385321K->316697K(567808K), 0.0020712 secs] [Times: user=0.01 sys=0.00, real=0.00 secs] 
659.733: [GC (Allocation Failure) [PSYoungGen: 69488K->1440K(69120K)] 384793K->316745K(567296K), 0.0019830 secs] [Times: user=0.00 sys=0.00, real=0.01 secs] 
659.904: [GC (Allocation Failure) [PSYoungGen: 69024K->1453K(68608K)] 384329K->316758K(566784K), 0.0020381 secs] [Times: user=0.01 sys=0.00, real=0.00 secs] 
660.063: [GC (Allocation Failure) [PSYoungGen: 68525K->1421K(68096K)] 383830K->316726K(566272K), 0.0016604 secs] [Times: user=0.01 sys=0.00, real=0.01 secs] 
660.179: [GC (Allocation Failure) [PSYoungGen: 67981K->1453K(67584K)] 383286K->316758K(565760K), 0.0018271 secs] [Times: user=0.00 sys=0.00, real=0.00 secs] 
660.675: [GC (Allocation Failure) [PSYoungGen: 67501K->1456K(67072K)] 382806K->316761K(565248K), 0.0032526 secs] [Times: user=0.01 sys=0.00, real=0.00 secs] 
660.995: [GC (Allocation Failure) [PSYoungGen: 66992K->1408K(66560K)] 382297K->316713K(564736K), 0.0019328 secs] [Times: user=0.01 sys=0.00, real=0.00 secs] 
661.265: [GC (Allocation Failure) [PSYoungGen: 66432K->1328K(66048K)] 381737K->316633K(564224K), 0.0019981 secs] [Times: user=0.01 sys=0.00, real=0.00 secs] 
661.962: [GC (Allocation Failure) [PSYoungGen: 65840K->1408K(65536K)] 381145K->316713K(563712K), 0.0026651 secs] [Times: user=0.01 sys=0.00, real=0.01 secs] 
662.724: [GC (Allocation Failure) [PSYoungGen: 65408K->1456K(65024K)] 380713K->316761K(563200K), 0.0024885 secs] [Times: user=0.01 sys=0.00, real=0.00 secs] 
662.891: [GC (Allocation Failure) [PSYoungGen: 64944K->1485K(64512K)] 380249K->316790K(562688K), 0.0015744 secs] [Times: user=0.01 sys=0.00, real=0.00 secs] 
663.002: [GC (Allocation Failure) [PSYoungGen: 64461K->1488K(64000K)] 379766K->316793K(562176K), 0.0015798 secs] [Times: user=0.00 sys=0.00, real=0.01 secs] 
663.113: [GC (Allocation Failure) [PSYoungGen: 63952K->1456K(64512K)] 379257K->316769K(562688K), 0.0016048 secs] [Times: user=0.01 sys=0.00, real=0.01 secs] 
663.224: [GC (Allocation Failure) [PSYoungGen: 63920K->1453K(64512K)] 379233K->316766K(562688K), 0.0016154 secs] [Times: user=0.00 sys=0.00, real=0.00 secs] 
664.398: [GC (Allocation Failure) [PSYoungGen: 63917K->1408K(63488K)] 379230K->316737K(561664K), 0.0042236 secs] [Times: user=0.02 sys=0.00, real=0.00 secs] 
664.884: [GC (Allocation Failure) [PSYoungGen: 63360K->1392K(62976K)] 378689K->316721K(561152K), 0.0025508 secs] [Times: user=0.01 sys=0.00, real=0.00 secs] 
665.141: [GC (Allocation Failure) [PSYoungGen: 62832K->1344K(62464K)] 378161K->316673K(560640K), 0.0024861 secs] [Times: user=0.01 sys=0.00, real=0.01 secs] 
665.841: [GC (Allocation Failure) [PSYoungGen: 62272K->1376K(61952K)] 377601K->316705K(560128K), 0.0024703 secs] [Times: user=0.01 sys=0.00, real=0.01 secs] 
666.326: [GC (Allocation Failure) [PSYoungGen: 61792K->1453K(61440K)] 377121K->316782K(559616K), 0.0019820 secs] [Times: user=0.01 sys=0.00, real=0.00 secs] 
666.467: [GC (Allocation Failure) [PSYoungGen: 61357K->1472K(60928K)] 376686K->316801K(559104K), 0.0015401 secs] [Times: user=0.01 sys=0.00, real=0.00 secs] 
666.573: [GC (Allocation Failure) [PSYoungGen: 60836K->1453K(60416K)] 376166K->316798K(558592K), 0.0014858 secs] [Times: user=0.01 sys=0.00, real=0.01 secs] 
666.691: [GC (Allocation Failure) [PSYoungGen: 60333K->1421K(66048K)] 375678K->316766K(564224K), 0.0018496 secs] [Times: user=0.00 sys=0.00, real=0.00 secs] 
666.979: [GC (Allocation Failure) [PSYoungGen: 65933K->1952K(66560K)] 381278K->317297K(564736K), 0.0021015 secs] [Times: user=0.01 sys=0.00, real=0.00 secs] 
667.551: [GC (Allocation Failure) [PSYoungGen: 66464K->1328K(65536K)] 381809K->316673K(563712K), 0.0019833 secs] [Times: user=0.00 sys=0.00, real=0.01 secs] 
667.871: [GC (Allocation Failure) [PSYoungGen: 65328K->1376K(65024K)] 380673K->316721K(563200K), 0.0020692 secs] [Times: user=0.00 sys=0.00, real=0.00 secs] 
668.134: [GC (Allocation Failure) [PSYoungGen: 64864K->1344K(64512K)] 380209K->316689K(562688K), 0.0018420 secs] [Times: user=0.01 sys=0.00, real=0.00 secs] 
668.396: [GC (Allocation Failure) [PSYoungGen: 64320K->1344K(64000K)] 379665K->316689K(562176K), 0.0018631 secs] [Times: user=0.01 sys=0.00, real=0.00 secs] 
668.717: [GC (Allocation Failure) [PSYoungGen: 63808K->1453K(63488K)] 379153K->316798K(561664K), 0.0017289 secs] [Times: user=0.00 sys=0.00, real=0.00 secs] 
668.828: [GC (Allocation Failure) [PSYoungGen: 63405K->1456K(62976K)] 378750K->316801K(561152K), 0.0015715 secs] [Times: user=0.01 sys=0.00, real=0.00 secs] 
668.937: [GC (Allocation Failure) [PSYoungGen: 62896K->1424K(63488K)] 378241K->316777K(561664K), 0.0017049 secs] [Times: user=0.00 sys=0.00, real=0.00 secs] 
669.046: [GC (Allocation Failure) [PSYoungGen: 62864K->1533K(69632K)] 378217K->316886K(567808K), 0.0015596 secs] [Times: user=0.00 sys=0.00, real=0.00 secs] 
669.482: [GC (Allocation Failure) [PSYoungGen: 69117K->1440K(68608K)] 384470K->316793K(566784K), 0.0018398 secs] [Times: user=0.00 sys=0.00, real=0.01 secs] 
670.054: [GC (Allocation Failure) [PSYoungGen: 68512K->1408K(68096K)] 383865K->316761K(566272K), 0.0017851 secs] [Times: user=0.01 sys=0.00, real=0.00 secs] 
670.602: [GC (Allocation Failure) [PSYoungGen: 67968K->1408K(67584K)] 383321K->316761K(565760K), 0.0021121 secs] [Times: user=0.00 sys=0.00, real=0.01 secs] 
671.091: [GC (Allocation Failure) [PSYoungGen: 67456K->1408K(67072K)] 382809K->316761K(565248K), 0.0020399 secs] [Times: user=0.01 sys=0.00, real=0.00 secs] 
671.595: [GC (Allocation Failure) [PSYoungGen: 66944K->1421K(66560K)] 382297K->316774K(564736K), 0.0023029 secs] [Times: user=0.01 sys=0.00, real=0.00 secs] 
671.750: [GC (Allocation Failure) [PSYoungGen: 66445K->1456K(66048K)] 381798K->316809K(564224K), 0.0016830 secs] [Times: user=0.00 sys=0.00, real=0.00 secs] 
671.863: [GC (Allocation Failure) [PSYoungGen: 65968K->1456K(65536K)] 381321K->316817K(563712K), 0.0017370 secs] [Times: user=0.01 sys=0.00, real=0.01 secs] 
671.976: [GC (Allocation Failure) [PSYoungGen: 65456K->1453K(66048K)] 380817K->316822K(564224K), 0.0015629 secs] [Times: user=0.01 sys=0.00, real=0.00 secs] 
672.386: [GC (Allocation Failure) [PSYoungGen: 65453K->1408K(65024K)] 380822K->316777K(563200K), 0.0019858 secs] [Times: user=0.01 sys=0.00, real=0.00 secs] 
673.008: [GC (Allocation Failure) [PSYoungGen: 64896K->1376K(64512K)] 380265K->316745K(562688K), 0.0020968 secs] [Times: user=0.01 sys=0.00, real=0.00 secs] 
673.591: [GC (Allocation Failure) [PSYoungGen: 64352K->1376K(64000K)] 379721K->316769K(562176K), 0.0022711 secs] [Times: user=0.01 sys=0.00, real=0.00 secs] 
673.851: [GC (Allocation Failure) [PSYoungGen: 63840K->1360K(63488K)] 379233K->316753K(561664K), 0.0020119 secs] [Times: user=0.01 sys=0.00, real=0.00 secs] 
674.108: [GC (Allocation Failure) [PSYoungGen: 63312K->1376K(62976K)] 378705K->316769K(561152K), 0.0018189 secs] [Times: user=0.01 sys=0.00, real=0.00 secs] 
674.370: [GC (Allocation Failure) [PSYoungGen: 62816K->1456K(62464K)] 378209K->316849K(560640K), 0.0018222 secs] [Times: user=0.01 sys=0.00, real=0.00 secs] 
674.478: [GC (Allocation Failure) [PSYoungGen: 62384K->1453K(61952K)] 377777K->316846K(560128K), 0.0016167 secs] [Times: user=0.01 sys=0.00, real=0.00 secs] 
674.584: [GC (Allocation Failure) [PSYoungGen: 61869K->1549K(62464K)] 377262K->316958K(560640K), 0.0015298 secs] [Times: user=0.00 sys=0.00, real=0.00 secs] 
674.691: [GC (Allocation Failure) [PSYoungGen: 61965K->1392K(62464K)] 377374K->316801K(560640K), 0.0015172 secs] [Times: user=0.01 sys=0.00, real=0.00 secs] 
675.623: [GC (Allocation Failure) [PSYoungGen: 61808K->1424K(61440K)] 377217K->316841K(559616K), 0.0024857 secs] [Times: user=0.01 sys=0.01, real=0.01 secs] 
676.445: [GC (Allocation Failure) [PSYoungGen: 61328K->1376K(60928K)] 376745K->316793K(559104K), 0.0026106 secs] [Times: user=0.01 sys=0.00, real=0.00 secs] 
677.191: [GC (Allocation Failure) [PSYoungGen: 60768K->1376K(60416K)] 376185K->316793K(558592K), 0.0023086 secs] [Times: user=0.01 sys=0.00, real=0.01 secs] 
677.794: [GC (Allocation Failure) [PSYoungGen: 60256K->1408K(59904K)] 375673K->316825K(558080K), 0.0019561 secs] [Times: user=0.01 sys=0.00, real=0.00 secs] 
678.068: [GC (Allocation Failure) [PSYoungGen: 59776K->1376K(59392K)] 375193K->316793K(557568K), 0.0018124 secs] [Times: user=0.00 sys=0.00, real=0.00 secs] 
678.336: [GC (Allocation Failure) [PSYoungGen: 59232K->1469K(59392K)] 374649K->316886K(557568K), 0.0015955 secs] [Times: user=0.01 sys=0.00, real=0.00 secs] 
678.439: [GC (Allocation Failure) [PSYoungGen: 59325K->429K(58368K)] 374742K->316886K(556544K), 0.0015277 secs] [Times: user=0.00 sys=0.00, real=0.00 secs] 
678.540: [GC (Allocation Failure) [PSYoungGen: 58285K->461K(65024K)] 374742K->316918K(563200K), 0.0014839 secs] [Times: user=0.00 sys=0.00, real=0.00 secs] 
678.666: [GC (Allocation Failure) [PSYoungGen: 63437K->493K(65536K)] 379894K->316950K(563712K), 0.0018565 secs] [Times: user=0.01 sys=0.00, real=0.00 secs] 
679.015: [GC (Allocation Failure) [PSYoungGen: 63981K->1392K(65536K)] 380438K->317857K(563712K), 0.0020905 secs] [Times: user=0.01 sys=0.00, real=0.00 secs] 
679.317: [GC (Allocation Failure) [PSYoungGen: 64880K->1424K(64512K)] 381345K->317889K(562688K), 0.0019343 secs] [Times: user=0.01 sys=0.00, real=0.00 secs] 
679.578: [GC (Allocation Failure) [PSYoungGen: 64400K->1424K(64000K)] 380865K->317889K(562176K), 0.0020230 secs] [Times: user=0.00 sys=0.00, real=0.00 secs] 
679.838: [GC (Allocation Failure) [PSYoungGen: 63888K->1408K(63488K)] 380353K->317873K(561664K), 0.0017649 secs] [Times: user=0.01 sys=0.00, real=0.00 secs] 
680.252: [GC (Allocation Failure) [PSYoungGen: 63360K->1456K(62976K)] 379825K->317921K(561152K), 0.0022190 secs] [Times: user=0.01 sys=0.00, real=0.01 secs] 
680.393: [GC (Allocation Failure) [PSYoungGen: 62896K->1456K(62464K)] 379361K->317921K(560640K), 0.0015129 secs] [Times: user=0.01 sys=0.00, real=0.00 secs] 
680.501: [GC (Allocation Failure) [PSYoungGen: 62384K->1517K(68096K)] 378849K->317999K(566272K), 0.0017037 secs] [Times: user=0.01 sys=0.00, real=0.00 secs] 
680.618: [GC (Allocation Failure) [PSYoungGen: 68077K->1453K(68608K)] 384559K->317934K(566784K), 0.0015251 secs] [Times: user=0.00 sys=0.00, real=0.00 secs] 
680.753: [GC (Allocation Failure) [PSYoungGen: 68013K->1453K(68608K)] 384494K->317934K(566784K), 0.0018125 secs] [Times: user=0.01 sys=0.00, real=0.00 secs] 
682.832: [GC (Allocation Failure) [PSYoungGen: 68013K->1440K(67584K)] 384494K->317921K(565760K), 0.0038439 secs] [Times: user=0.01 sys=0.00, real=0.01 secs] 
683.450: [GC (Allocation Failure) [PSYoungGen: 67488K->1376K(67072K)] 383969K->317857K(565248K), 0.0030365 secs] [Times: user=0.01 sys=0.00, real=0.00 secs] 
683.997: [GC (Allocation Failure) [PSYoungGen: 66912K->1360K(66560K)] 383393K->317841K(564736K), 0.0023358 secs] [Times: user=0.01 sys=0.00, real=0.00 secs] 
684.905: [GC (Allocation Failure) [PSYoungGen: 66384K->1344K(66048K)] 382865K->317841K(564224K), 0.0021139 secs] [Times: user=0.01 sys=0.00, real=0.00 secs] 
685.393: [GC (Allocation Failure) [PSYoungGen: 65856K->1485K(65536K)] 382353K->317983K(563712K), 0.0018739 secs] [Times: user=0.01 sys=0.00, real=0.01 secs] 
685.518: [GC (Allocation Failure) [PSYoungGen: 65485K->1485K(65024K)] 381983K->317982K(563200K), 0.0017140 secs] [Times: user=0.00 sys=0.00, real=0.00 secs] 
685.629: [GC (Allocation Failure) [PSYoungGen: 64973K->1453K(64512K)] 381470K->317966K(562688K), 0.0017731 secs] [Times: user=0.00 sys=0.00, real=0.00 secs] 
685.739: [GC (Allocation Failure) [PSYoungGen: 64429K->1456K(70656K)] 380942K->317969K(568832K), 0.0015883 secs] [Times: user=0.01 sys=0.00, real=0.00 secs] 
686.346: [GC (Allocation Failure) [PSYoungGen: 70576K->1408K(70144K)] 387089K->317921K(568320K), 0.0019406 secs] [Times: user=0.00 sys=0.00, real=0.00 secs] 
686.926: [GC (Allocation Failure) [PSYoungGen: 70016K->1408K(69632K)] 386529K->317921K(567808K), 0.0021161 secs] [Times: user=0.01 sys=0.00, real=0.00 secs] 
687.442: [GC (Allocation Failure) [PSYoungGen: 69504K->1376K(69120K)] 386017K->317889K(567296K), 0.0020294 secs] [Times: user=0.01 sys=0.00, real=0.01 secs] 
688.675: [GC (Allocation Failure) [PSYoungGen: 68960K->1376K(68608K)] 385473K->317889K(566784K), 0.0032359 secs] [Times: user=0.01 sys=0.00, real=0.00 secs] 
689.330: [GC (Allocation Failure) [PSYoungGen: 68431K->1485K(68096K)] 384945K->317999K(566272K), 0.0023340 secs] [Times: user=0.01 sys=0.00, real=0.00 secs] 
689.523: [GC (Allocation Failure) [PSYoungGen: 68045K->1485K(67584K)] 384559K->317999K(565760K), 0.0022047 secs] [Times: user=0.01 sys=0.00, real=0.00 secs] 
689.669: [GC (Allocation Failure) [PSYoungGen: 67533K->1392K(67072K)] 384047K->317905K(565248K), 0.0016820 secs] [Times: user=0.01 sys=0.00, real=0.00 secs] 
689.802: [GC (Allocation Failure) [PSYoungGen: 66928K->1421K(66560K)] 383441K->317942K(564736K), 0.0018840 secs] [Times: user=0.00 sys=0.00, real=0.01 secs] 
690.407: [GC (Allocation Failure) [PSYoungGen: 66445K->1424K(66048K)] 382966K->317953K(564224K), 0.0033531 secs] [Times: user=0.01 sys=0.00, real=0.00 secs] 
690.923: [GC (Allocation Failure) [PSYoungGen: 65936K->1376K(65536K)] 382465K->317905K(563712K), 0.0026411 secs] [Times: user=0.00 sys=0.00, real=0.01 secs] 
691.500: [GC (Allocation Failure) [PSYoungGen: 65376K->1376K(65024K)] 381905K->317905K(563200K), 0.0026572 secs] [Times: user=0.01 sys=0.00, real=0.00 secs] 
692.018: [GC (Allocation Failure) [PSYoungGen: 64864K->1376K(64512K)] 381393K->317905K(562688K), 0.0020854 secs] [Times: user=0.01 sys=0.00, real=0.00 secs] 
692.542: [GC (Allocation Failure) [PSYoungGen: 64352K->1437K(64000K)] 380881K->317966K(562176K), 0.0023439 secs] [Times: user=0.00 sys=0.00, real=0.01 secs] 
692.682: [GC (Allocation Failure) [PSYoungGen: 63901K->1421K(63488K)] 380430K->317950K(561664K), 0.0016856 secs] [Times: user=0.01 sys=0.00, real=0.01 secs] 
692.791: [GC (Allocation Failure) [PSYoungGen: 63373K->1453K(62976K)] 379902K->317982K(561152K), 0.0015852 secs] [Times: user=0.01 sys=0.00, real=0.00 secs] 
692.899: [GC (Allocation Failure) [PSYoungGen: 62893K->1421K(63488K)] 379422K->317959K(561664K), 0.0015076 secs] [Times: user=0.00 sys=0.00, real=0.00 secs] 
693.156: [GC (Allocation Failure) [PSYoungGen: 62861K->1584K(62976K)] 379399K->318129K(561152K), 0.0019113 secs] [Times: user=0.00 sys=0.01, real=0.00 secs] 
693.877: [GC (Allocation Failure) [PSYoungGen: 62512K->1376K(61952K)] 379057K->317921K(560128K), 0.0025635 secs] [Times: user=0.01 sys=0.01, real=0.00 secs] 
694.551: [GC (Allocation Failure) [PSYoungGen: 61792K->320K(60416K)] 378337K->317905K(558592K), 0.0024561 secs] [Times: user=0.01 sys=0.00, real=0.01 secs] 
695.190: [GC (Allocation Failure) [PSYoungGen: 60224K->352K(61440K)] 377809K->317937K(559616K), 0.0022823 secs] [Times: user=0.01 sys=0.00, real=0.00 secs] 
696.055: [GC (Allocation Failure) [PSYoungGen: 59744K->352K(59392K)] 377329K->317937K(557568K), 0.0045744 secs] [Times: user=0.02 sys=0.00, real=0.00 secs] 
696.821: [GC (Allocation Failure) [PSYoungGen: 59232K->1485K(60416K)] 376817K->319071K(558592K), 0.0075190 secs] [Times: user=0.03 sys=0.00, real=0.01 secs] 
696.973: [GC (Allocation Failure) [PSYoungGen: 59853K->1501K(59392K)] 377439K->319087K(557568K), 0.0015647 secs] [Times: user=0.01 sys=0.00, real=0.00 secs] 
697.075: [GC (Allocation Failure) [PSYoungGen: 59357K->1453K(65024K)] 376943K->319047K(563200K), 0.0016027 secs] [Times: user=0.01 sys=0.00, real=0.00 secs] 
697.186: [GC (Allocation Failure) [PSYoungGen: 64429K->1424K(66560K)] 382023K->319017K(564736K), 0.0014858 secs] [Times: user=0.01 sys=0.00, real=0.00 secs] 
697.880: [GC (Allocation Failure) [PSYoungGen: 65424K->1680K(65536K)] 383017K->319281K(563712K), 0.0022152 secs] [Times: user=0.00 sys=0.00, real=0.00 secs] 
698.143: [GC (Allocation Failure) [PSYoungGen: 65168K->1376K(65024K)] 382769K->318977K(563200K), 0.0019412 secs] [Times: user=0.00 sys=0.00, real=0.01 secs] 
698.403: [GC (Allocation Failure) [PSYoungGen: 64352K->1376K(64000K)] 381953K->318985K(562176K), 0.0020577 secs] [Times: user=0.01 sys=0.00, real=0.00 secs] 
698.663: [GC (Allocation Failure) [PSYoungGen: 63840K->1376K(63488K)] 381449K->318985K(561664K), 0.0019430 secs] [Times: user=0.00 sys=0.00, real=0.01 secs] 
698.920: [GC (Allocation Failure) [PSYoungGen: 63328K->1360K(62976K)] 380937K->318969K(561152K), 0.0019236 secs] [Times: user=0.01 sys=0.01, real=0.00 secs] 
699.146: [GC (Allocation Failure) [PSYoungGen: 62800K->1440K(62464K)] 380409K->319057K(560640K), 0.0015812 secs] [Times: user=0.00 sys=0.00, real=0.00 secs] 
699.254: [GC (Allocation Failure) [PSYoungGen: 62368K->1456K(61952K)] 379985K->319081K(560128K), 0.0016020 secs] [Times: user=0.00 sys=0.00, real=0.00 secs] 
699.359: [GC (Allocation Failure) [PSYoungGen: 61872K->1453K(62464K)] 379497K->319079K(560640K), 0.0016053 secs] [Times: user=0.00 sys=0.00, real=0.00 secs] 
699.466: [GC (Allocation Failure) [PSYoungGen: 61869K->1488K(62464K)] 379495K->319113K(560640K), 0.0015622 secs] [Times: user=0.01 sys=0.00, real=0.00 secs] 
700.181: [GC (Allocation Failure) [PSYoungGen: 61904K->1424K(67584K)] 379529K->319057K(565760K), 0.0028410 secs] [Times: user=0.01 sys=0.00, real=0.01 secs] 
701.284: [GC (Allocation Failure) [PSYoungGen: 67472K->1376K(67072K)] 385105K->319009K(565248K), 0.0030213 secs] [Times: user=0.01 sys=0.00, real=0.00 secs] 
702.316: [GC (Allocation Failure) [PSYoungGen: 66912K->1376K(66560K)] 384545K->319009K(564736K), 0.0031076 secs] [Times: user=0.01 sys=0.00, real=0.00 secs] 
703.104: [GC (Allocation Failure) [PSYoungGen: 66400K->1376K(66048K)] 384033K->319009K(564224K), 0.0026522 secs] [Times: user=0.01 sys=0.00, real=0.00 secs] 
703.783: [GC (Allocation Failure) [PSYoungGen: 65764K->272K(65536K)] 383398K->317905K(563712K), 0.0026220 secs] [Times: user=0.01 sys=0.00, real=0.00 secs] 
703.960: [GC (Allocation Failure) [PSYoungGen: 64272K->1453K(65024K)] 381905K->319087K(563200K), 0.0015945 secs] [Times: user=0.01 sys=0.00, real=0.00 secs] 
704.071: [GC (Allocation Failure) [PSYoungGen: 64941K->1453K(64512K)] 382575K->319103K(562688K), 0.0016822 secs] [Times: user=0.00 sys=0.00, real=0.00 secs] 
704.181: [GC (Allocation Failure) [PSYoungGen: 64429K->1485K(65024K)] 382079K->319135K(563200K), 0.0016579 secs] [Times: user=0.01 sys=0.00, real=0.00 secs] 
704.292: [GC (Allocation Failure) [PSYoungGen: 64461K->1501K(71168K)] 382111K->319174K(569344K), 0.0016449 secs] [Times: user=0.01 sys=0.00, real=0.01 secs] 
705.354: [GC (Allocation Failure) [PSYoungGen: 70621K->1408K(70144K)] 388294K->319081K(568320K), 0.0021624 secs] [Times: user=0.01 sys=0.00, real=0.00 secs] 
706.030: [GC (Allocation Failure) [PSYoungGen: 70016K->1344K(69632K)] 387689K->319017K(567808K), 0.0028461 secs] [Times: user=0.01 sys=0.00, real=0.00 secs] 
706.734: [GC (Allocation Failure) [PSYoungGen: 69440K->1376K(69120K)] 387113K->319057K(567296K), 0.0026247 secs] [Times: user=0.01 sys=0.00, real=0.00 secs] 
707.532: [GC (Allocation Failure) [PSYoungGen: 68960K->1376K(68608K)] 386641K->319057K(566784K), 0.0023414 secs] [Times: user=0.01 sys=0.00, real=0.01 secs] 
707.797: [GC (Allocation Failure) [PSYoungGen: 68448K->1456K(68096K)] 386129K->319137K(566272K), 0.0016773 secs] [Times: user=0.00 sys=0.00, real=0.00 secs] 
707.914: [GC (Allocation Failure) [PSYoungGen: 68016K->1453K(67584K)] 385697K->319135K(565760K), 0.0016085 secs] [Times: user=0.01 sys=0.00, real=0.00 secs] 
708.029: [GC (Allocation Failure) [PSYoungGen: 67501K->1485K(67072K)] 385183K->319183K(565248K), 0.0015898 secs] [Times: user=0.00 sys=0.00, real=0.00 secs] 
708.145: [GC (Allocation Failure) [PSYoungGen: 67021K->1488K(67584K)] 384719K->319185K(565760K), 0.0015552 secs] [Times: user=0.01 sys=0.00, real=0.00 secs] 
708.953: [GC (Allocation Failure) [PSYoungGen: 67024K->1376K(66560K)] 384721K->319081K(564736K), 0.0022282 secs] [Times: user=0.01 sys=0.00, real=0.01 secs] 
709.517: [GC (Allocation Failure) [PSYoungGen: 66400K->1360K(66048K)] 384105K->319065K(564224K), 0.0022375 secs] [Times: user=0.01 sys=0.00, real=0.00 secs] 
710.083: [GC (Allocation Failure) [PSYoungGen: 65872K->1408K(65536K)] 383577K->319113K(563712K), 0.0027777 secs] [Times: user=0.01 sys=0.00, real=0.01 secs] 
710.603: [GC (Allocation Failure) [PSYoungGen: 65408K->1328K(65024K)] 383113K->319033K(563200K), 0.0023422 secs] [Times: user=0.01 sys=0.00, real=0.01 secs] 
710.980: [GC (Allocation Failure) [PSYoungGen: 64816K->1501K(64512K)] 382521K->319206K(562688K), 0.0016811 secs] [Times: user=0.00 sys=0.00, real=0.00 secs] 
711.106: [GC (Allocation Failure) [PSYoungGen: 64477K->1453K(64000K)] 382182K->319159K(562176K), 0.0017745 secs] [Times: user=0.00 sys=0.00, real=0.00 secs] 
711.245: [GC (Allocation Failure) [PSYoungGen: 63917K->1485K(63488K)] 381623K->319191K(561664K), 0.0019744 secs] [Times: user=0.01 sys=0.00, real=0.00 secs] 
711.363: [GC (Allocation Failure) [PSYoungGen: 63437K->1488K(64000K)] 381143K->319201K(562176K), 0.0015687 secs] [Times: user=0.00 sys=0.00, real=0.01 secs] 
711.758: [GC (Allocation Failure) [PSYoungGen: 63440K->1424K(62976K)] 381153K->319137K(561152K), 0.0025573 secs] [Times: user=0.01 sys=0.00, real=0.00 secs] 
712.432: [GC (Allocation Failure) [PSYoungGen: 62864K->1376K(62464K)] 380577K->319089K(560640K), 0.0032837 secs] [Times: user=0.01 sys=0.00, real=0.01 secs] 
713.166: [GC (Allocation Failure) [PSYoungGen: 62304K->1408K(61952K)] 380017K->319121K(560128K), 0.0042147 secs] [Times: user=0.01 sys=0.00, real=0.00 secs] 
713.927: [GC (Allocation Failure) [PSYoungGen: 61824K->1392K(61440K)] 379537K->319105K(559616K), 0.0035589 secs] [Times: user=0.02 sys=0.00, real=0.00 secs] 
714.581: [GC (Allocation Failure) [PSYoungGen: 61296K->1408K(60928K)] 379009K->319121K(559104K), 0.0030675 secs] [Times: user=0.01 sys=0.00, real=0.01 secs] 
714.896: [GC (Allocation Failure) [PSYoungGen: 60800K->1517K(60416K)] 378513K->319231K(558592K), 0.0019396 secs] [Times: user=0.01 sys=0.00, real=0.00 secs] 
715.040: [GC (Allocation Failure) [PSYoungGen: 60397K->1421K(59904K)] 378111K->319135K(558080K), 0.0019977 secs] [Times: user=0.00 sys=0.01, real=0.00 secs] 
715.176: [GC (Allocation Failure) [PSYoungGen: 59789K->1421K(59392K)] 377503K->319159K(557568K), 0.0016324 secs] [Times: user=0.00 sys=0.00, real=0.00 secs] 
715.277: [GC (Allocation Failure) [PSYoungGen: 59277K->1456K(59904K)] 377015K->319193K(558080K), 0.0015770 secs] [Times: user=0.00 sys=0.00, real=0.00 secs] 
715.762: [GC (Allocation Failure) [PSYoungGen: 59312K->1440K(59392K)] 377049K->319177K(557568K), 0.0023372 secs] [Times: user=0.01 sys=0.00, real=0.01 secs] 
716.004: [GC (Allocation Failure) [PSYoungGen: 59296K->1392K(59392K)] 377033K->319129K(557568K), 0.0022279 secs] [Times: user=0.00 sys=0.00, real=0.00 secs] 
716.244: [GC (Allocation Failure) [PSYoungGen: 59248K->1376K(59392K)] 376985K->319113K(557568K), 0.0018280 secs] [Times: user=0.01 sys=0.01, real=0.00 secs] 
716.485: [GC (Allocation Failure) [PSYoungGen: 59232K->1376K(59392K)] 376969K->319113K(557568K), 0.0020226 secs] [Times: user=0.01 sys=0.00, real=0.00 secs] 
716.810: [GC (Allocation Failure) [PSYoungGen: 59232K->1408K(59392K)] 376969K->319145K(557568K), 0.0018676 secs] [Times: user=0.01 sys=0.00, real=0.00 secs] 
717.064: [GC (Allocation Failure) [PSYoungGen: 59264K->1488K(59392K)] 377001K->319225K(557568K), 0.0015942 secs] [Times: user=0.01 sys=0.00, real=0.00 secs] 
717.166: [GC (Allocation Failure) [PSYoungGen: 59344K->397K(58368K)] 377081K->319167K(556544K), 0.0015801 secs] [Times: user=0.00 sys=0.00, real=0.00 secs] 
717.271: [GC (Allocation Failure) [PSYoungGen: 58253K->461K(61952K)] 377023K->319231K(560128K), 0.0013620 secs] [Times: user=0.00 sys=0.00, real=0.00 secs] 
717.379: [GC (Allocation Failure) [PSYoungGen: 60365K->464K(65536K)] 379135K->319233K(563712K), 0.0015270 secs] [Times: user=0.00 sys=0.00, real=0.00 secs] 
717.666: [GC (Allocation Failure) [PSYoungGen: 63952K->1968K(65536K)] 382721K->321249K(563712K), 0.0018704 secs] [Times: user=0.01 sys=0.00, real=0.00 secs] 
718.067: [GC (Allocation Failure) [PSYoungGen: 65456K->1408K(64512K)] 384737K->320689K(562688K), 0.0022585 secs] [Times: user=0.01 sys=0.00, real=0.00 secs] 
718.348: [GC (Allocation Failure) [PSYoungGen: 64384K->1344K(64000K)] 383665K->320625K(562176K), 0.0020628 secs] [Times: user=0.01 sys=0.00, real=0.00 secs] 
718.640: [GC (Allocation Failure) [PSYoungGen: 63808K->1376K(63488K)] 383089K->320657K(561664K), 0.0019804 secs] [Times: user=0.01 sys=0.00, real=0.00 secs] 
718.925: [GC (Allocation Failure) [PSYoungGen: 63328K->1344K(62976K)] 382609K->320625K(561152K), 0.0019150 secs] [Times: user=0.01 sys=0.00, real=0.00 secs] 
719.120: [GC (Allocation Failure) [PSYoungGen: 62784K->1389K(62464K)] 382065K->320671K(560640K), 0.0015303 secs] [Times: user=0.01 sys=0.00, real=0.00 secs] 
719.243: [GC (Allocation Failure) [PSYoungGen: 62317K->1485K(61952K)] 381599K->320783K(560128K), 0.0019918 secs] [Times: user=0.01 sys=0.00, real=0.01 secs] 
719.388: [GC (Allocation Failure) [PSYoungGen: 61901K->1421K(68096K)] 381199K->320719K(566272K), 0.0019221 secs] [Times: user=0.01 sys=0.00, real=0.00 secs] 
719.545: [GC (Allocation Failure) [PSYoungGen: 67974K->1437K(68608K)] 387272K->320735K(566784K), 0.0019770 secs] [Times: user=0.00 sys=0.00, real=0.00 secs] 
720.438: [GC (Allocation Failure) [PSYoungGen: 67997K->1488K(67584K)] 387295K->320785K(565760K), 0.0037076 secs] [Times: user=0.01 sys=0.00, real=0.00 secs] 
721.022: [GC (Allocation Failure) [PSYoungGen: 67536K->1376K(67072K)] 386833K->320673K(565248K), 0.0031265 secs] [Times: user=0.01 sys=0.00, real=0.01 secs] 
721.612: [GC (Allocation Failure) [PSYoungGen: 66912K->1344K(66560K)] 386209K->320641K(564736K), 0.0020040 secs] [Times: user=0.01 sys=0.00, real=0.01 secs] 
722.297: [GC (Allocation Failure) [PSYoungGen: 66368K->1344K(66048K)] 385665K->320641K(564224K), 0.0022888 secs] [Times: user=0.01 sys=0.00, real=0.00 secs] 
722.860: [GC (Allocation Failure) [PSYoungGen: 65836K->1408K(65536K)] 385134K->320705K(563712K), 0.0018603 secs] [Times: user=0.00 sys=0.00, real=0.00 secs] 
723.003: [GC (Allocation Failure) [PSYoungGen: 65408K->1517K(65024K)] 384705K->320815K(563200K), 0.0017815 secs] [Times: user=0.00 sys=0.00, real=0.01 secs] 
723.129: [GC (Allocation Failure) [PSYoungGen: 65005K->1453K(64512K)] 384303K->320759K(562688K), 0.0019238 secs] [Times: user=0.01 sys=0.00, real=0.00 secs] 
723.279: [GC (Allocation Failure) [PSYoungGen: 64429K->1424K(64000K)] 383735K->320729K(562176K), 0.0016715 secs] [Times: user=0.01 sys=0.00, real=0.00 secs] 
723.684: [GC (Allocation Failure) [PSYoungGen: 63888K->1456K(63488K)] 383193K->320761K(561664K), 0.0021747 secs] [Times: user=0.00 sys=0.00, real=0.00 secs] 
724.285: [GC (Allocation Failure) [PSYoungGen: 63408K->1376K(62976K)] 382713K->320705K(561152K), 0.0033261 secs] [Times: user=0.02 sys=0.00, real=0.00 secs] 
724.844: [GC (Allocation Failure) [PSYoungGen: 62816K->1376K(62464K)] 382145K->320705K(560640K), 0.0018061 secs] [Times: user=0.00 sys=0.00, real=0.00 secs] 
725.413: [GC (Allocation Failure) [PSYoungGen: 62304K->1408K(61952K)] 381633K->320737K(560128K), 0.0038005 secs] [Times: user=0.01 sys=0.00, real=0.00 secs] 
726.360: [GC (Allocation Failure) [PSYoungGen: 61824K->1312K(61440K)] 381153K->320641K(559616K), 0.0025255 secs] [Times: user=0.01 sys=0.00, real=0.00 secs] 
726.828: [GC (Allocation Failure) [PSYoungGen: 61216K->1472K(60928K)] 380545K->320801K(559104K), 0.0023666 secs] [Times: user=0.01 sys=0.00, real=0.00 secs] 
726.958: [GC (Allocation Failure) [PSYoungGen: 60864K->1421K(60416K)] 380193K->320751K(558592K), 0.0015271 secs] [Times: user=0.01 sys=0.00, real=0.00 secs] 
727.063: [GC (Allocation Failure) [PSYoungGen: 60301K->1421K(59904K)] 379631K->320767K(558080K), 0.0016548 secs] [Times: user=0.00 sys=0.00, real=0.01 secs] 
727.165: [GC (Allocation Failure) [PSYoungGen: 59789K->1424K(65536K)] 379135K->320769K(563712K), 0.0015681 secs] [Times: user=0.00 sys=0.00, real=0.00 secs] 
727.864: [GC (Allocation Failure) [PSYoungGen: 65424K->1424K(65024K)] 384769K->320777K(563200K), 0.0021348 secs] [Times: user=0.01 sys=0.00, real=0.00 secs] 
728.843: [GC (Allocation Failure) [PSYoungGen: 64912K->1376K(64512K)] 384265K->320729K(562688K), 0.0021949 secs] [Times: user=0.01 sys=0.00, real=0.01 secs] 
729.510: [GC (Allocation Failure) [PSYoungGen: 64352K->1344K(64000K)] 383705K->320697K(562176K), 0.0024561 secs] [Times: user=0.00 sys=0.00, real=0.00 secs] 
730.114: [GC (Allocation Failure) [PSYoungGen: 63808K->1376K(63488K)] 383161K->320729K(561664K), 0.0019580 secs] [Times: user=0.00 sys=0.00, real=0.00 secs] 
730.652: [GC (Allocation Failure) [PSYoungGen: 63328K->1344K(62976K)] 382681K->320697K(561152K), 0.0040016 secs] [Times: user=0.01 sys=0.00, real=0.01 secs] 
731.005: [GC (Allocation Failure) [PSYoungGen: 62784K->1488K(62464K)] 382137K->320841K(560640K), 0.0020740 secs] [Times: user=0.01 sys=0.00, real=0.00 secs] 
731.133: [GC (Allocation Failure) [PSYoungGen: 62416K->1421K(61952K)] 381769K->320791K(560128K), 0.0015705 secs] [Times: user=0.00 sys=0.00, real=0.01 secs] 
731.241: [GC (Allocation Failure) [PSYoungGen: 61837K->1456K(61440K)] 381207K->320825K(559616K), 0.0016415 secs] [Times: user=0.00 sys=0.00, real=0.00 secs] 
731.348: [GC (Allocation Failure) [PSYoungGen: 61347K->1392K(62464K)] 380717K->320761K(560640K), 0.0016222 secs] [Times: user=0.01 sys=0.00, real=0.00 secs] 
731.624: [GC (Allocation Failure) [PSYoungGen: 61808K->1424K(68096K)] 381177K->320801K(566272K), 0.0019266 secs] [Times: user=0.00 sys=0.00, real=0.00 secs] 
731.899: [GC (Allocation Failure) [PSYoungGen: 67472K->1408K(67072K)] 386849K->320785K(565248K), 0.0018971 secs] [Times: user=0.01 sys=0.00, real=0.00 secs] 
732.171: [GC (Allocation Failure) [PSYoungGen: 66944K->384K(66048K)] 386321K->320785K(564224K), 0.0017675 secs] [Times: user=0.01 sys=0.00, real=0.01 secs] 
732.442: [GC (Allocation Failure) [PSYoungGen: 65408K->384K(65024K)] 385809K->320785K(563200K), 0.0019620 secs] [Times: user=0.01 sys=0.00, real=0.01 secs] 
732.754: [GC (Allocation Failure) [PSYoungGen: 64896K->1456K(65536K)] 385297K->321865K(563712K), 0.0017875 secs] [Times: user=0.01 sys=0.00, real=0.00 secs] 
732.873: [GC (Allocation Failure) [PSYoungGen: 65456K->1517K(65024K)] 385865K->321927K(563200K), 0.0016294 secs] [Times: user=0.01 sys=0.00, real=0.01 secs] 
732.985: [GC (Allocation Failure) [PSYoungGen: 65005K->1456K(65536K)] 385415K->321873K(563712K), 0.0016236 secs] [Times: user=0.00 sys=0.00, real=0.00 secs] 
733.096: [GC (Allocation Failure) [PSYoungGen: 64944K->1520K(65536K)] 385361K->321961K(563712K), 0.0015655 secs] [Times: user=0.00 sys=0.00, real=0.00 secs] 
733.325: [GC (Allocation Failure) [PSYoungGen: 65008K->2016K(71168K)] 385449K->322457K(569344K), 0.0019527 secs] [Times: user=0.00 sys=0.00, real=0.00 secs] 
733.612: [GC (Allocation Failure) [PSYoungGen: 71136K->1408K(70144K)] 391577K->321849K(568320K), 0.0017456 secs] [Times: user=0.01 sys=0.00, real=0.01 secs] 
733.897: [GC (Allocation Failure) [PSYoungGen: 70016K->1408K(69632K)] 390457K->321849K(567808K), 0.0018527 secs] [Times: user=0.01 sys=0.00, real=0.00 secs] 
734.180: [GC (Allocation Failure) [PSYoungGen: 69504K->1376K(69120K)] 389945K->321817K(567296K), 0.0017784 secs] [Times: user=0.01 sys=0.00, real=0.00 secs] 
734.677: [GC (Allocation Failure) [PSYoungGen: 68797K->272K(68608K)] 389239K->320721K(566784K), 0.0019450 secs] [Times: user=0.01 sys=0.00, real=0.00 secs] 
734.867: [GC (Allocation Failure) [PSYoungGen: 67344K->1517K(68096K)] 387793K->321967K(566272K), 0.0022737 secs] [Times: user=0.01 sys=0.00, real=0.00 secs] 
735.019: [GC (Allocation Failure) [PSYoungGen: 68075K->1549K(68096K)] 388524K->321999K(566272K), 0.0016247 secs] [Times: user=0.01 sys=0.00, real=0.00 secs] 
735.152: [GC (Allocation Failure) [PSYoungGen: 67597K->1456K(68608K)] 388047K->321929K(566784K), 0.0018773 secs] [Times: user=0.00 sys=0.00, real=0.01 secs] 
735.670: [GC (Allocation Failure) [PSYoungGen: 67504K->1984K(67584K)] 387977K->322457K(565760K), 0.0022582 secs] [Times: user=0.00 sys=0.00, real=0.00 secs] 
736.674: [GC (Allocation Failure) [PSYoungGen: 67520K->1408K(66560K)] 387993K->321881K(564736K), 0.0026380 secs] [Times: user=0.01 sys=0.00, real=0.00 secs] 
737.425: [GC (Allocation Failure) [PSYoungGen: 66432K->1408K(66048K)] 386905K->321881K(564224K), 0.0043515 secs] [Times: user=0.01 sys=0.00, real=0.00 secs] 
738.334: [GC (Allocation Failure) [PSYoungGen: 65920K->1344K(65536K)] 386393K->321817K(563712K), 0.0024488 secs] [Times: user=0.01 sys=0.00, real=0.00 secs] 
739.390: [GC (Allocation Failure) [PSYoungGen: 65344K->1408K(65024K)] 385817K->321881K(563200K), 0.0025875 secs] [Times: user=0.01 sys=0.00, real=0.00 secs] 
740.315: [GC (Allocation Failure) [PSYoungGen: 64896K->1517K(64512K)] 385369K->321991K(562688K), 0.0022615 secs] [Times: user=0.01 sys=0.00, real=0.00 secs] 
740.484: [GC (Allocation Failure) [PSYoungGen: 64493K->1488K(64000K)] 384967K->321961K(562176K), 0.0019704 secs] [Times: user=0.01 sys=0.00, real=0.00 secs] 
740.634: [GC (Allocation Failure) [PSYoungGen: 63952K->1485K(63488K)] 384425K->321967K(561664K), 0.0016024 secs] [Times: user=0.00 sys=0.00, real=0.00 secs] 
740.742: [GC (Allocation Failure) [PSYoungGen: 63437K->1453K(62976K)] 383919K->321935K(561152K), 0.0015282 secs] [Times: user=0.00 sys=0.00, real=0.01 secs] 
741.062: [GC (Allocation Failure) [PSYoungGen: 62893K->1392K(62464K)] 383375K->321873K(560640K), 0.0024147 secs] [Times: user=0.01 sys=0.00, real=0.01 secs] 
741.582: [GC (Allocation Failure) [PSYoungGen: 62320K->1440K(61952K)] 382801K->321921K(560128K), 0.0018121 secs] [Times: user=0.01 sys=0.00, real=0.01 secs] 
742.124: [GC (Allocation Failure) [PSYoungGen: 61856K->1376K(61440K)] 382337K->321865K(559616K), 0.0022396 secs] [Times: user=0.01 sys=0.00, real=0.00 secs] 
742.797: [GC (Allocation Failure) [PSYoungGen: 61280K->1408K(60928K)] 381769K->321897K(559104K), 0.0025984 secs] [Times: user=0.01 sys=0.00, real=0.00 secs] 
743.693: [GC (Allocation Failure) [PSYoungGen: 60800K->1344K(60416K)] 381289K->321833K(558592K), 0.0039683 secs] [Times: user=0.01 sys=0.00, real=0.00 secs] 
743.979: [GC (Allocation Failure) [PSYoungGen: 60224K->1485K(59904K)] 380713K->321975K(558080K), 0.0018626 secs] [Times: user=0.01 sys=0.00, real=0.00 secs] 
744.129: [GC (Allocation Failure) [PSYoungGen: 59853K->1421K(59392K)] 380343K->321919K(557568K), 0.0019848 secs] [Times: user=0.00 sys=0.00, real=0.00 secs] 
744.269: [GC (Allocation Failure) [PSYoungGen: 59277K->1485K(59392K)] 379775K->321983K(557568K), 0.0017979 secs] [Times: user=0.01 sys=0.00, real=0.00 secs] 
744.404: [GC (Allocation Failure) [PSYoungGen: 59341K->1517K(65024K)] 379839K->322015K(563200K), 0.0018089 secs] [Times: user=0.00 sys=0.00, real=0.00 secs] 
745.238: [GC (Allocation Failure) [PSYoungGen: 64493K->1440K(64000K)] 384991K->321945K(562176K), 0.0033429 secs] [Times: user=0.01 sys=0.00, real=0.00 secs] 
746.241: [GC (Allocation Failure) [PSYoungGen: 63904K->1328K(63488K)] 384409K->321849K(561664K), 0.0035218 secs] [Times: user=0.01 sys=0.00, real=0.01 secs] 
747.027: [GC (Allocation Failure) [PSYoungGen: 63280K->1376K(62976K)] 383801K->321897K(561152K), 0.0051556 secs] [Times: user=0.02 sys=0.00, real=0.00 secs] 
747.827: [GC (Allocation Failure) [PSYoungGen: 62816K->1376K(62464K)] 383337K->321897K(560640K), 0.0026640 secs] [Times: user=0.01 sys=0.00, real=0.00 secs] 
748.432: [GC (Allocation Failure) [PSYoungGen: 62304K->304K(61440K)] 382825K->320825K(559616K), 0.0023612 secs] [Times: user=0.01 sys=0.00, real=0.01 secs] 
748.633: [GC (Allocation Failure) [PSYoungGen: 60720K->1453K(61440K)] 381241K->321975K(559616K), 0.0023903 secs] [Times: user=0.01 sys=0.00, real=0.01 secs] 
748.804: [GC (Allocation Failure) [PSYoungGen: 61357K->1485K(60928K)] 381879K->322015K(559104K), 0.0021617 secs] [Times: user=0.01 sys=0.00, real=0.00 secs] 
748.950: [GC (Allocation Failure) [PSYoungGen: 60877K->1453K(60416K)] 381407K->321983K(558592K), 0.0017259 secs] [Times: user=0.00 sys=0.00, real=0.00 secs] 
749.055: [GC (Allocation Failure) [PSYoungGen: 60333K->1453K(60928K)] 380863K->321983K(559104K), 0.0015606 secs] [Times: user=0.01 sys=0.00, real=0.00 secs] 
750.495: [GC (Allocation Failure) [PSYoungGen: 60333K->1408K(59904K)] 380863K->321937K(558080K), 0.0027589 secs] [Times: user=0.01 sys=0.01, real=0.00 secs] 
751.292: [GC (Allocation Failure) [PSYoungGen: 59776K->1344K(59392K)] 380305K->321873K(557568K), 0.0023517 secs] [Times: user=0.01 sys=0.00, real=0.01 secs] 
752.004: [GC (Allocation Failure) [PSYoungGen: 59200K->1344K(59904K)] 379729K->321873K(558080K), 0.0023606 secs] [Times: user=0.01 sys=0.00, real=0.00 secs] 
752.696: [GC (Allocation Failure) [PSYoungGen: 59200K->1376K(59904K)] 379729K->321905K(558080K), 0.0025012 secs] [Times: user=0.01 sys=0.00, real=0.00 secs] 
753.159: [GC (Allocation Failure) [PSYoungGen: 59232K->1392K(59904K)] 379761K->321921K(558080K), 0.0019647 secs] [Times: user=0.01 sys=0.00, real=0.00 secs] 
753.443: [GC (Allocation Failure) [PSYoungGen: 59248K->1424K(59904K)] 379777K->321961K(558080K), 0.0015104 secs] [Times: user=0.01 sys=0.00, real=0.01 secs] 
753.544: [GC (Allocation Failure) [PSYoungGen: 59280K->1485K(59904K)] 379817K->322031K(558080K), 0.0015260 secs] [Times: user=0.01 sys=0.00, real=0.00 secs] 
753.659: [GC (Allocation Failure) [PSYoungGen: 59341K->1485K(59904K)] 379887K->322031K(558080K), 0.0018748 secs] [Times: user=0.01 sys=0.00, real=0.00 secs] 
753.782: [GC (Allocation Failure) [PSYoungGen: 59329K->1456K(59904K)] 379874K->322001K(558080K), 0.0016154 secs] [Times: user=0.00 sys=0.00, real=0.01 secs] 
754.135: [GC (Allocation Failure) [PSYoungGen: 59312K->1424K(59392K)] 379857K->321969K(557568K), 0.0020732 secs] [Times: user=0.01 sys=0.00, real=0.00 secs] 
754.738: [GC (Allocation Failure) [PSYoungGen: 59280K->1424K(59392K)] 379825K->321993K(557568K), 0.0021072 secs] [Times: user=0.01 sys=0.00, real=0.00 secs] 
755.453: [GC (Allocation Failure) [PSYoungGen: 59280K->1344K(59392K)] 379849K->321913K(557568K), 0.0019499 secs] [Times: user=0.01 sys=0.00, real=0.01 secs] 
756.110: [GC (Allocation Failure) [PSYoungGen: 59200K->1440K(59392K)] 379769K->322009K(557568K), 0.0022677 secs] [Times: user=0.01 sys=0.00, real=0.00 secs] 
756.611: [GC (Allocation Failure) [PSYoungGen: 59296K->1408K(59392K)] 379865K->321977K(557568K), 0.0020918 secs] [Times: user=0.01 sys=0.01, real=0.00 secs] 
757.399: [GC (Allocation Failure) [PSYoungGen: 59264K->1533K(59392K)] 379833K->322103K(557568K), 0.0023139 secs] [Times: user=0.01 sys=0.00, real=0.00 secs] 
757.548: [GC (Allocation Failure) [PSYoungGen: 59389K->1456K(59392K)] 379959K->322041K(557568K), 0.0015805 secs] [Times: user=0.00 sys=0.00, real=0.00 secs] 
757.650: [GC (Allocation Failure) [PSYoungGen: 59312K->1488K(59392K)] 379897K->322073K(557568K), 0.0016752 secs] [Times: user=0.01 sys=0.00, real=0.00 secs] 
757.753: [GC (Allocation Failure) [PSYoungGen: 59344K->1453K(60928K)] 379929K->322039K(559104K), 0.0017060 secs] [Times: user=0.00 sys=0.00, real=0.01 secs] 
758.265: [GC (Allocation Failure) [PSYoungGen: 60696K->192K(59392K)] 381282K->320777K(557568K), 0.0026636 secs] [Times: user=0.01 sys=0.00, real=0.00 secs] 
759.160: [GC (Allocation Failure) [PSYoungGen: 59072K->1408K(59904K)] 379657K->321993K(558080K), 0.0027338 secs] [Times: user=0.00 sys=0.00, real=0.00 secs] 
759.884: [GC (Allocation Failure) [PSYoungGen: 59776K->1360K(59392K)] 380361K->321953K(557568K), 0.0030684 secs] [Times: user=0.01 sys=0.00, real=0.00 secs] 
760.580: [GC (Allocation Failure) [PSYoungGen: 59216K->1376K(59904K)] 379809K->321969K(558080K), 0.0030027 secs] [Times: user=0.01 sys=0.00, real=0.00 secs] 
761.272: [GC (Allocation Failure) [PSYoungGen: 59232K->1376K(59904K)] 379825K->321969K(558080K), 0.0031853 secs] [Times: user=0.01 sys=0.00, real=0.01 secs] 
762.018: [GC (Allocation Failure) [PSYoungGen: 59232K->1456K(59904K)] 379825K->322049K(558080K), 0.0028531 secs] [Times: user=0.01 sys=0.01, real=0.00 secs] 
762.202: [GC (Allocation Failure) [PSYoungGen: 59305K->1485K(59904K)] 379899K->322087K(558080K), 0.0018360 secs] [Times: user=0.01 sys=0.00, real=0.01 secs] 
762.312: [GC (Allocation Failure) [PSYoungGen: 59341K->1421K(59904K)] 379943K->322023K(558080K), 0.0015660 secs] [Times: user=0.01 sys=0.01, real=0.01 secs] 
762.413: [GC (Allocation Failure) [PSYoungGen: 59277K->1392K(59904K)] 379879K->321993K(558080K), 0.0016783 secs] [Times: user=0.00 sys=0.00, real=0.00 secs] 
762.527: [GC (Allocation Failure) [PSYoungGen: 59248K->1501K(65536K)] 379849K->322103K(563712K), 0.0019146 secs] [Times: user=0.01 sys=0.00, real=0.00 secs] 
762.857: [GC (Allocation Failure) [PSYoungGen: 64989K->1408K(65536K)] 385591K->322009K(563712K), 0.0020234 secs] [Times: user=0.01 sys=0.00, real=0.00 secs] 
763.444: [GC (Allocation Failure) [PSYoungGen: 64896K->1344K(64512K)] 385497K->321945K(562688K), 0.0020038 secs] [Times: user=0.00 sys=0.00, real=0.00 secs] 
764.007: [GC (Allocation Failure) [PSYoungGen: 64320K->1360K(64000K)] 384921K->321961K(562176K), 0.0022494 secs] [Times: user=0.01 sys=0.00, real=0.00 secs] 
764.571: [GC (Allocation Failure) [PSYoungGen: 63824K->1344K(63488K)] 384425K->321945K(561664K), 0.0020029 secs] [Times: user=0.01 sys=0.00, real=0.00 secs] 
765.054: [GC (Allocation Failure) [PSYoungGen: 63296K->1424K(62976K)] 383897K->322025K(561152K), 0.0020668 secs] [Times: user=0.01 sys=0.00, real=0.00 secs] 
765.216: [GC (Allocation Failure) [PSYoungGen: 62864K->1421K(62464K)] 383465K->322031K(560640K), 0.0019773 secs] [Times: user=0.01 sys=0.00, real=0.00 secs] 
765.367: [GC (Allocation Failure) [PSYoungGen: 62349K->1453K(61952K)] 382959K->322079K(560128K), 0.0016280 secs] [Times: user=0.01 sys=0.00, real=0.00 secs] 
765.488: [GC (Allocation Failure) [PSYoungGen: 61869K->1488K(67584K)] 382495K->322113K(565760K), 0.0018048 secs] [Times: user=0.01 sys=0.00, real=0.00 secs] 
765.778: [GC (Allocation Failure) [PSYoungGen: 67536K->1664K(67584K)] 388161K->322289K(565760K), 0.0020574 secs] [Times: user=0.01 sys=0.00, real=0.00 secs] 
766.334: [GC (Allocation Failure) [PSYoungGen: 67200K->1376K(66560K)] 387825K->322001K(564736K), 0.0018970 secs] [Times: user=0.01 sys=0.00, real=0.00 secs] 
766.940: [GC (Allocation Failure) [PSYoungGen: 66400K->1344K(66048K)] 387025K->321969K(564224K), 0.0032602 secs] [Times: user=0.01 sys=0.00, real=0.01 secs] 
767.543: [GC (Allocation Failure) [PSYoungGen: 65856K->1376K(65536K)] 386481K->322001K(563712K), 0.0021944 secs] [Times: user=0.01 sys=0.00, real=0.00 secs] 
768.026: [GC (Allocation Failure) [PSYoungGen: 65376K->1344K(65024K)] 386001K->321969K(563200K), 0.0023561 secs] [Times: user=0.00 sys=0.00, real=0.00 secs] 
768.268: [GC (Allocation Failure) [PSYoungGen: 64832K->1453K(64512K)] 385457K->322079K(562688K), 0.0015140 secs] [Times: user=0.01 sys=0.00, real=0.00 secs] 
768.380: [GC (Allocation Failure) [PSYoungGen: 64429K->1485K(64000K)] 385055K->322111K(562176K), 0.0015922 secs] [Times: user=0.00 sys=0.00, real=0.00 secs] 
768.493: [GC (Allocation Failure) [PSYoungGen: 63949K->1453K(63488K)] 384575K->322087K(561664K), 0.0015378 secs] [Times: user=0.00 sys=0.00, real=0.00 secs] 
768.606: [GC (Allocation Failure) [PSYoungGen: 63405K->1424K(64512K)] 384039K->322057K(562688K), 0.0015482 secs] [Times: user=0.01 sys=0.00, real=0.00 secs] 
769.049: [GC (Allocation Failure) [PSYoungGen: 63888K->1424K(63488K)] 384521K->322057K(561664K), 0.0020865 secs] [Times: user=0.01 sys=0.00, real=0.00 secs] 
769.557: [GC (Allocation Failure) [PSYoungGen: 63376K->1312K(62976K)] 384009K->321945K(561152K), 0.0023749 secs] [Times: user=0.01 sys=0.00, real=0.00 secs] 
769.813: [GC (Allocation Failure) [PSYoungGen: 62752K->1376K(62464K)] 383385K->322009K(560640K), 0.0024548 secs] [Times: user=0.01 sys=0.00, real=0.01 secs] 
770.155: [GC (Allocation Failure) [PSYoungGen: 62304K->1344K(61952K)] 382937K->321977K(560128K), 0.0025991 secs] [Times: user=0.01 sys=0.00, real=0.00 secs] 
770.854: [GC (Allocation Failure) [PSYoungGen: 61760K->1456K(61440K)] 382393K->322089K(559616K), 0.0028489 secs] [Times: user=0.01 sys=0.00, real=0.00 secs] 
771.036: [GC (Allocation Failure) [PSYoungGen: 61360K->1453K(60928K)] 381993K->322087K(559104K), 0.0019569 secs] [Times: user=0.01 sys=0.00, real=0.00 secs] 
771.174: [GC (Allocation Failure) [PSYoungGen: 60845K->1485K(60416K)] 381479K->322127K(558592K), 0.0018064 secs] [Times: user=0.01 sys=0.00, real=0.00 secs] 
771.305: [GC (Allocation Failure) [PSYoungGen: 60365K->1453K(66560K)] 381007K->322095K(564736K), 0.0019249 secs] [Times: user=0.01 sys=0.00, real=0.00 secs] 
771.427: [GC (Allocation Failure) [PSYoungGen: 65965K->1456K(66560K)] 386607K->322097K(564736K), 0.0015628 secs] [Times: user=0.00 sys=0.00, real=0.00 secs] 
772.023: [GC (Allocation Failure) [PSYoungGen: 65968K->1408K(65536K)] 386609K->322049K(563712K), 0.0020103 secs] [Times: user=0.01 sys=0.00, real=0.01 secs] 
772.590: [GC (Allocation Failure) [PSYoungGen: 65408K->1344K(65024K)] 386049K->321985K(563200K), 0.0019929 secs] [Times: user=0.00 sys=0.00, real=0.00 secs] 
773.070: [GC (Allocation Failure) [PSYoungGen: 64832K->1376K(64512K)] 385473K->322017K(562688K), 0.0020532 secs] [Times: user=0.01 sys=0.00, real=0.00 secs] 
773.698: [GC (Allocation Failure) [PSYoungGen: 64352K->1376K(64000K)] 384993K->322041K(562176K), 0.0019504 secs] [Times: user=0.01 sys=0.00, real=0.00 secs] 
774.170: [GC (Allocation Failure) [PSYoungGen: 63840K->1472K(63488K)] 384505K->322137K(561664K), 0.0020037 secs] [Times: user=0.01 sys=0.00, real=0.00 secs] 
774.320: [GC (Allocation Failure) [PSYoungGen: 63424K->1453K(62976K)] 384089K->322119K(561152K), 0.0020372 secs] [Times: user=0.00 sys=0.00, real=0.00 secs] 
774.475: [GC (Allocation Failure) [PSYoungGen: 62893K->1424K(62464K)] 383559K->322097K(560640K), 0.0016591 secs] [Times: user=0.01 sys=0.00, real=0.00 secs] 
774.583: [GC (Allocation Failure) [PSYoungGen: 62352K->1424K(62976K)] 383025K->322097K(561152K), 0.0016950 secs] [Times: user=0.00 sys=0.00, real=0.01 secs] 
775.422: [GC (Allocation Failure) [PSYoungGen: 62352K->1968K(62464K)] 383025K->322641K(560640K), 0.0025180 secs] [Times: user=0.01 sys=0.00, real=0.01 secs] 
776.044: [GC (Allocation Failure) [PSYoungGen: 62384K->1376K(61440K)] 383057K->322049K(559616K), 0.0026672 secs] [Times: user=0.01 sys=0.00, real=0.00 secs] 
776.472: [GC (Allocation Failure) [PSYoungGen: 61280K->1376K(60928K)] 381953K->322049K(559104K), 0.0022790 secs] [Times: user=0.01 sys=0.00, real=0.01 secs] 
776.774: [GC (Allocation Failure) [PSYoungGen: 60768K->1408K(60416K)] 381441K->322081K(558592K), 0.0018844 secs] [Times: user=0.01 sys=0.00, real=0.00 secs] 
777.171: [GC (Allocation Failure) [PSYoungGen: 60288K->1344K(59904K)] 380961K->322017K(558080K), 0.0020019 secs] [Times: user=0.01 sys=0.01, real=0.00 secs] 
777.539: [GC (Allocation Failure) [PSYoungGen: 59712K->1440K(59392K)] 380385K->322113K(557568K), 0.0019011 secs] [Times: user=0.01 sys=0.00, real=0.00 secs] 
777.650: [GC (Allocation Failure) [PSYoungGen: 59296K->1392K(59392K)] 379969K->322065K(557568K), 0.0015763 secs] [Times: user=0.00 sys=0.00, real=0.00 secs] 
777.751: [GC (Allocation Failure) [PSYoungGen: 59248K->1389K(59904K)] 379921K->322071K(558080K), 0.0015658 secs] [Times: user=0.01 sys=0.00, real=0.00 secs] 
777.852: [GC (Allocation Failure) [PSYoungGen: 59245K->1488K(59904K)] 379927K->322169K(558080K), 0.0015304 secs] [Times: user=0.01 sys=0.00, real=0.01 secs] 
777.954: [GC (Allocation Failure) [PSYoungGen: 59344K->1533K(65536K)] 380025K->322215K(563712K), 0.0016787 secs] [Times: user=0.00 sys=0.00, real=0.00 secs] 
778.389: [GC (Allocation Failure) [PSYoungGen: 65021K->1408K(65536K)] 385703K->322089K(563712K), 0.0019131 secs] [Times: user=0.00 sys=0.00, real=0.00 secs] 
778.820: [GC (Allocation Failure) [PSYoungGen: 64896K->1440K(64512K)] 385577K->322121K(562688K), 0.0021139 secs] [Times: user=0.01 sys=0.00, real=0.00 secs] 
779.312: [GC (Allocation Failure) [PSYoungGen: 64416K->1408K(64000K)] 385097K->322089K(562176K), 0.0037492 secs] [Times: user=0.01 sys=0.00, real=0.01 secs] 
779.777: [GC (Allocation Failure) [PSYoungGen: 63872K->1328K(63488K)] 384553K->322009K(561664K), 0.0024384 secs] [Times: user=0.01 sys=0.00, real=0.00 secs] 
780.169: [GC (Allocation Failure) [PSYoungGen: 63280K->1405K(62976K)] 383961K->322087K(561152K), 0.0019983 secs] [Times: user=0.01 sys=0.00, real=0.00 secs] 
780.288: [GC (Allocation Failure) [PSYoungGen: 62845K->1421K(62464K)] 383527K->322119K(560640K), 0.0016256 secs] [Times: user=0.01 sys=0.00, real=0.00 secs] 
780.396: [GC (Allocation Failure) [PSYoungGen: 62349K->1485K(68096K)] 383047K->322183K(566272K), 0.0014383 secs] [Times: user=0.00 sys=0.00, real=0.00 secs] 
780.513: [GC (Allocation Failure) [PSYoungGen: 68045K->1453K(68608K)] 388743K->322151K(566784K), 0.0015571 secs] [Times: user=0.01 sys=0.00, real=0.01 secs] 
781.173: [GC (Allocation Failure) [PSYoungGen: 68013K->1456K(67584K)] 388711K->322161K(565760K), 0.0020885 secs] [Times: user=0.00 sys=0.00, real=0.01 secs] 
782.042: [GC (Allocation Failure) [PSYoungGen: 67504K->1408K(67072K)] 388209K->322113K(565248K), 0.0024526 secs] [Times: user=0.01 sys=0.00, real=0.01 secs] 
783.110: [GC (Allocation Failure) [PSYoungGen: 66944K->1376K(66560K)] 387649K->322081K(564736K), 0.0023458 secs] [Times: user=0.01 sys=0.00, real=0.00 secs] 
783.803: [GC (Allocation Failure) [PSYoungGen: 66400K->1344K(66048K)] 387105K->322049K(564224K), 0.0019180 secs] [Times: user=0.01 sys=0.00, real=0.01 secs] 
784.398: [GC (Allocation Failure) [PSYoungGen: 65856K->1424K(65536K)] 386561K->322129K(563712K), 0.0019090 secs] [Times: user=0.01 sys=0.00, real=0.00 secs] 
784.541: [GC (Allocation Failure) [PSYoungGen: 65424K->1456K(65024K)] 386129K->322161K(563200K), 0.0017942 secs] [Times: user=0.01 sys=0.00, real=0.00 secs] 
784.653: [GC (Allocation Failure) [PSYoungGen: 64944K->1456K(64512K)] 385649K->322161K(562688K), 0.0017123 secs] [Times: user=0.01 sys=0.00, real=0.00 secs] 
784.764: [GC (Allocation Failure) [PSYoungGen: 64432K->1424K(65024K)] 385137K->322145K(563200K), 0.0016397 secs] [Times: user=0.01 sys=0.00, real=0.00 secs] 
784.875: [GC (Allocation Failure) [PSYoungGen: 64400K->1424K(65024K)] 385121K->322153K(563200K), 0.0038760 secs] [Times: user=0.02 sys=0.00, real=0.00 secs] 
785.553: [GC (Allocation Failure) [PSYoungGen: 64400K->1376K(71168K)] 385129K->322105K(569344K), 0.0019295 secs] [Times: user=0.01 sys=0.00, real=0.01 secs] 
786.130: [GC (Allocation Failure) [PSYoungGen: 71008K->1392K(72192K)] 391737K->322129K(570368K), 0.0022714 secs] [Times: user=0.01 sys=0.01, real=0.00 secs] 
786.752: [GC (Allocation Failure) [PSYoungGen: 72048K->1344K(71680K)] 392785K->322081K(569856K), 0.0018916 secs] [Times: user=0.01 sys=0.00, real=0.01 secs] 
787.206: [GC (Allocation Failure) [PSYoungGen: 71488K->1376K(71168K)] 392225K->322113K(569344K), 0.0021222 secs] [Times: user=0.01 sys=0.00, real=0.00 secs] 
787.392: [GC (Allocation Failure) [PSYoungGen: 71008K->416K(69632K)] 391745K->322177K(567808K), 0.0015485 secs] [Times: user=0.01 sys=0.00, real=0.01 secs] 
787.531: [GC (Allocation Failure) [PSYoungGen: 69536K->493K(70656K)] 391297K->322255K(568832K), 0.0018527 secs] [Times: user=0.01 sys=0.00, real=0.00 secs] 
787.684: [GC (Allocation Failure) [PSYoungGen: 69091K->461K(76800K)] 390853K->322247K(574976K), 0.0018302 secs] [Times: user=0.01 sys=0.00, real=0.00 secs] 
788.018: [GC (Allocation Failure) [PSYoungGen: 75213K->1440K(75776K)] 396999K->323225K(573952K), 0.0020760 secs] [Times: user=0.00 sys=0.00, real=0.00 secs] 
788.649: [GC (Allocation Failure) [PSYoungGen: 75680K->1408K(75264K)] 397465K->323193K(573440K), 0.0022307 secs] [Times: user=0.01 sys=0.00, real=0.00 secs] 
789.320: [GC (Allocation Failure) [PSYoungGen: 75136K->1344K(74752K)] 396921K->323129K(572928K), 0.0021477 secs] [Times: user=0.00 sys=0.00, real=0.00 secs] 
789.939: [GC (Allocation Failure) [PSYoungGen: 74560K->1376K(74240K)] 396345K->323161K(572416K), 0.0020127 secs] [Times: user=0.01 sys=0.00, real=0.00 secs] 
790.514: [GC (Allocation Failure) [PSYoungGen: 74080K->1453K(73728K)] 395865K->323239K(571904K), 0.0018251 secs] [Times: user=0.00 sys=0.01, real=0.00 secs] 
790.685: [GC (Allocation Failure) [PSYoungGen: 73645K->1421K(73216K)] 395431K->323207K(571392K), 0.0020263 secs] [Times: user=0.01 sys=0.00, real=0.00 secs] 
790.843: [GC (Allocation Failure) [PSYoungGen: 73101K->1453K(72704K)] 394887K->323239K(570880K), 0.0019793 secs] [Times: user=0.00 sys=0.00, real=0.00 secs] 
791.002: [GC (Allocation Failure) [PSYoungGen: 72621K->1421K(72192K)] 394407K->323223K(570368K), 0.0016316 secs] [Times: user=0.01 sys=0.00, real=0.01 secs] 
792.538: [GC (Allocation Failure) [PSYoungGen: 72077K->1376K(71680K)] 393879K->323177K(569856K), 0.0039270 secs] [Times: user=0.01 sys=0.00, real=0.00 secs] 
793.502: [GC (Allocation Failure) [PSYoungGen: 71520K->1344K(71168K)] 393321K->323145K(569344K), 0.0027082 secs] [Times: user=0.01 sys=0.00, real=0.01 secs] 
794.394: [GC (Allocation Failure) [PSYoungGen: 70976K->1376K(70656K)] 392777K->323177K(568832K), 0.0031051 secs] [Times: user=0.01 sys=0.00, real=0.00 secs] 
795.199: [GC (Allocation Failure) [PSYoungGen: 70496K->1376K(70144K)] 392297K->323177K(568320K), 0.0025963 secs] [Times: user=0.01 sys=0.00, real=0.00 secs] 
795.419: [GC (Allocation Failure) [PSYoungGen: 69984K->1392K(69632K)] 391785K->323193K(567808K), 0.0015540 secs] [Times: user=0.01 sys=0.00, real=0.00 secs] 
795.538: [GC (Allocation Failure) [PSYoungGen: 69488K->1453K(69120K)] 391289K->323255K(567296K), 0.0016524 secs] [Times: user=0.01 sys=0.00, real=0.00 secs] 
795.657: [GC (Allocation Failure) [PSYoungGen: 69037K->1488K(68608K)] 390839K->323289K(566784K), 0.0016041 secs] [Times: user=0.01 sys=0.00, real=0.00 secs] 
795.775: [GC (Allocation Failure) [PSYoungGen: 68557K->1453K(69120K)] 390358K->323263K(567296K), 0.0016693 secs] [Times: user=0.01 sys=0.00, real=0.00 secs] 
796.659: [GC (Allocation Failure) [PSYoungGen: 68525K->1360K(68096K)] 390335K->323193K(566272K), 0.0023475 secs] [Times: user=0.00 sys=0.00, real=0.00 secs] 
797.276: [GC (Allocation Failure) [PSYoungGen: 67920K->1344K(67584K)] 389753K->323177K(565760K), 0.0025416 secs] [Times: user=0.01 sys=0.00, real=0.00 secs] 
798.040: [GC (Allocation Failure) [PSYoungGen: 67392K->1296K(67072K)] 389225K->323129K(565248K), 0.0029884 secs] [Times: user=0.02 sys=0.00, real=0.00 secs] 
798.872: [GC (Allocation Failure) [PSYoungGen: 66832K->1376K(66560K)] 388665K->323209K(564736K), 0.0026679 secs] [Times: user=0.01 sys=0.00, real=0.01 secs] 
799.203: [GC (Allocation Failure) [PSYoungGen: 66400K->1485K(66048K)] 388233K->323319K(564224K), 0.0019714 secs] [Times: user=0.01 sys=0.00, real=0.00 secs] 
799.328: [GC (Allocation Failure) [PSYoungGen: 65997K->1421K(65536K)] 387831K->323255K(563712K), 0.0015391 secs] [Times: user=0.00 sys=0.00, real=0.00 secs] 
799.446: [GC (Allocation Failure) [PSYoungGen: 65421K->1453K(65024K)] 387255K->323287K(563200K), 0.0016120 secs] [Times: user=0.01 sys=0.00, real=0.00 secs] 
799.560: [GC (Allocation Failure) [PSYoungGen: 64941K->1485K(65536K)] 386775K->323327K(563712K), 0.0015844 secs] [Times: user=0.00 sys=0.00, real=0.00 secs] 
800.517: [GC (Allocation Failure) [PSYoungGen: 64973K->1376K(64512K)] 386815K->323217K(562688K), 0.0027188 secs] [Times: user=0.01 sys=0.00, real=0.00 secs] 
801.274: [GC (Allocation Failure) [PSYoungGen: 64352K->1376K(64000K)] 386193K->323217K(562176K), 0.0022700 secs] [Times: user=0.01 sys=0.00, real=0.00 secs] 
802.187: [GC (Allocation Failure) [PSYoungGen: 63840K->1408K(63488K)] 385681K->323249K(561664K), 0.0027099 secs] [Times: user=0.01 sys=0.00, real=0.00 secs] 
803.148: [GC (Allocation Failure) [PSYoungGen: 63360K->1360K(62976K)] 385201K->323201K(561152K), 0.0025814 secs] [Times: user=0.01 sys=0.00, real=0.00 secs] 
804.956: [GC (Allocation Failure) [PSYoungGen: 62800K->1453K(62464K)] 384641K->323295K(560640K), 0.0029318 secs] [Times: user=0.01 sys=0.00, real=0.00 secs] 
805.139: [GC (Allocation Failure) [PSYoungGen: 62381K->1453K(61952K)] 384223K->323295K(560128K), 0.0020367 secs] [Times: user=0.01 sys=0.00, real=0.00 secs] 
805.276: [GC (Allocation Failure) [PSYoungGen: 61869K->1453K(61440K)] 383711K->323295K(559616K), 0.0017978 secs] [Times: user=0.00 sys=0.00, real=0.00 secs] 
805.411: [GC (Allocation Failure) [PSYoungGen: 61357K->1485K(60928K)] 383199K->323335K(559104K), 0.0020461 secs] [Times: user=0.00 sys=0.00, real=0.00 secs] 
805.522: [GC (Allocation Failure) [PSYoungGen: 60877K->1488K(61440K)] 382727K->323337K(559616K), 0.0016826 secs] [Times: user=0.00 sys=0.00, real=0.01 secs] 
807.143: [GC (Allocation Failure) [PSYoungGen: 60880K->1408K(60416K)] 382729K->323257K(558592K), 0.0021742 secs] [Times: user=0.01 sys=0.00, real=0.00 secs] 
807.779: [GC (Allocation Failure) [PSYoungGen: 60288K->1392K(59904K)] 382137K->323257K(558080K), 0.0021551 secs] [Times: user=0.01 sys=0.00, real=0.00 secs] 
808.290: [GC (Allocation Failure) [PSYoungGen: 59760K->1344K(59392K)] 381625K->323209K(557568K), 0.0033052 secs] [Times: user=0.01 sys=0.00, real=0.01 secs] 
808.770: [GC (Allocation Failure) [PSYoungGen: 59200K->1312K(59392K)] 381065K->323177K(557568K), 0.0029454 secs] [Times: user=0.01 sys=0.00, real=0.00 secs] 
809.295: [GC (Allocation Failure) [PSYoungGen: 59168K->1424K(59392K)] 381033K->323289K(557568K), 0.0028714 secs] [Times: user=0.01 sys=0.00, real=0.00 secs] 
809.472: [GC (Allocation Failure) [PSYoungGen: 59280K->1517K(65024K)] 381145K->323383K(563200K), 0.0040669 secs] [Times: user=0.02 sys=0.00, real=0.01 secs] 
809.609: [GC (Allocation Failure) [PSYoungGen: 64468K->1453K(65536K)] 386334K->323327K(563712K), 0.0019437 secs] [Times: user=0.01 sys=0.00, real=0.00 secs] 
809.769: [GC (Allocation Failure) [PSYoungGen: 64941K->1485K(65536K)] 386815K->323359K(563712K), 0.0019627 secs] [Times: user=0.01 sys=0.00, real=0.00 secs] 
809.881: [GC (Allocation Failure) [PSYoungGen: 64973K->1568K(72192K)] 386847K->323441K(570368K), 0.0016275 secs] [Times: user=0.01 sys=0.00, real=0.00 secs] 
810.342: [GC (Allocation Failure) [PSYoungGen: 71712K->1440K(72192K)] 393585K->323313K(570368K), 0.0029708 secs] [Times: user=0.01 sys=0.01, real=0.01 secs] 
810.854: [GC (Allocation Failure) [PSYoungGen: 71584K->1392K(71168K)] 393457K->323265K(569344K), 0.0022657 secs] [Times: user=0.01 sys=0.00, real=0.00 secs] 
811.372: [GC (Allocation Failure) [PSYoungGen: 71024K->1376K(70656K)] 392897K->323249K(568832K), 0.0041124 secs] [Times: user=0.02 sys=0.00, real=0.01 secs] 
811.998: [GC (Allocation Failure) [PSYoungGen: 70496K->1408K(70144K)] 392369K->323281K(568320K), 0.0021821 secs] [Times: user=0.01 sys=0.00, real=0.00 secs] 
812.341: [GC (Allocation Failure) [PSYoungGen: 69987K->1472K(69632K)] 391861K->323345K(567808K), 0.0016768 secs] [Times: user=0.01 sys=0.00, real=0.00 secs] 
812.480: [GC (Allocation Failure) [PSYoungGen: 69568K->1485K(69120K)] 391441K->323359K(567296K), 0.0018281 secs] [Times: user=0.01 sys=0.00, real=0.00 secs] 
812.629: [GC (Allocation Failure) [PSYoungGen: 69069K->1517K(68608K)] 390943K->323399K(566784K), 0.0019225 secs] [Times: user=0.00 sys=0.00, real=0.00 secs] 
812.855: [GC (Allocation Failure) [PSYoungGen: 68589K->656K(67584K)] 390471K->323561K(565760K), 0.0019905 secs] [Times: user=0.01 sys=0.00, real=0.00 secs] 
813.271: [GC (Allocation Failure) [PSYoungGen: 67216K->352K(66560K)] 390121K->323257K(564736K), 0.0017655 secs] [Times: user=0.01 sys=0.00, real=0.01 secs] 
813.695: [GC (Allocation Failure) [PSYoungGen: 66400K->352K(66048K)] 389305K->323281K(564224K), 0.0021603 secs] [Times: user=0.00 sys=0.00, real=0.00 secs] 
814.266: [GC (Allocation Failure) [PSYoungGen: 65888K->352K(67072K)] 388817K->323281K(565248K), 0.0030888 secs] [Times: user=0.01 sys=0.00, real=0.00 secs] 
814.806: [GC (Allocation Failure) [PSYoungGen: 65376K->336K(65024K)] 388305K->323265K(563200K), 0.0047015 secs] [Times: user=0.01 sys=0.00, real=0.00 secs] 
815.209: [GC (Allocation Failure) [PSYoungGen: 64848K->1392K(66560K)] 387777K->324321K(564736K), 0.0019073 secs] [Times: user=0.01 sys=0.00, real=0.00 secs] 
815.323: [GC (Allocation Failure) [PSYoungGen: 65392K->1421K(65024K)] 388321K->324351K(563200K), 0.0017300 secs] [Times: user=0.01 sys=0.00, real=0.00 secs] 
815.434: [GC (Allocation Failure) [PSYoungGen: 64909K->1421K(70144K)] 387839K->324351K(568320K), 0.0016416 secs] [Times: user=0.01 sys=0.00, real=0.00 secs] 
815.571: [GC (Allocation Failure) [PSYoungGen: 69005K->1456K(72192K)] 391935K->324393K(570368K), 0.0018847 secs] [Times: user=0.01 sys=0.00, real=0.00 secs] 
816.563: [GC (Allocation Failure) [PSYoungGen: 71088K->1376K(70656K)] 394025K->324313K(568832K), 0.0021241 secs] [Times: user=0.01 sys=0.00, real=0.01 secs] 
816.850: [GC (Allocation Failure) [PSYoungGen: 70496K->1408K(70656K)] 393433K->324345K(568832K), 0.0025201 secs] [Times: user=0.01 sys=0.00, real=0.00 secs] 
817.172: [GC (Allocation Failure) [PSYoungGen: 70016K->1376K(69632K)] 392953K->324313K(567808K), 0.0017155 secs] [Times: user=0.01 sys=0.00, real=0.01 secs] 
819.193: [GC (Allocation Failure) [PSYoungGen: 69472K->1344K(69632K)] 392409K->324281K(567808K), 0.0040564 secs] [Times: user=0.01 sys=0.00, real=0.01 secs] 
820.221: [GC (Allocation Failure) [PSYoungGen: 68928K->1456K(68608K)] 391865K->324393K(566784K), 0.0022035 secs] [Times: user=0.01 sys=0.00, real=0.00 secs] 
820.401: [GC (Allocation Failure) [PSYoungGen: 68528K->1485K(68608K)] 391465K->324423K(566784K), 0.0020916 secs] [Times: user=0.00 sys=0.00, real=0.00 secs] 
820.572: [GC (Allocation Failure) [PSYoungGen: 68045K->1389K(67584K)] 390983K->324335K(565760K), 0.0021151 secs] [Times: user=0.01 sys=0.00, real=0.01 secs] 
820.727: [GC (Allocation Failure) [PSYoungGen: 67437K->1453K(67072K)] 390383K->324399K(565248K), 0.0016984 secs] [Times: user=0.01 sys=0.00, real=0.00 secs] 
821.947: [GC (Allocation Failure) [PSYoungGen: 66989K->1408K(66560K)] 389935K->324353K(564736K), 0.0027524 secs] [Times: user=0.01 sys=0.00, real=0.00 secs] 
822.214: [GC (Allocation Failure) [PSYoungGen: 66432K->1376K(66048K)] 389377K->324321K(564224K), 0.0019077 secs] [Times: user=0.01 sys=0.00, real=0.00 secs] 
822.491: [GC (Allocation Failure) [PSYoungGen: 65888K->1376K(65536K)] 388833K->324321K(563712K), 0.0019816 secs] [Times: user=0.01 sys=0.00, real=0.00 secs] 
822.757: [GC (Allocation Failure) [PSYoungGen: 65376K->1312K(65024K)] 388321K->324257K(563200K), 0.0019700 secs] [Times: user=0.00 sys=0.00, real=0.00 secs] 
823.146: [GC (Allocation Failure) [PSYoungGen: 64800K->1453K(64512K)] 387745K->324399K(562688K), 0.0016146 secs] [Times: user=0.01 sys=0.00, real=0.00 secs] 
823.256: [GC (Allocation Failure) [PSYoungGen: 64429K->1421K(64000K)] 387375K->324367K(562176K), 0.0016457 secs] [Times: user=0.01 sys=0.00, real=0.00 secs] 
823.366: [GC (Allocation Failure) [PSYoungGen: 63885K->1456K(64512K)] 386831K->324401K(562688K), 0.0017624 secs] [Times: user=0.01 sys=0.00, real=0.00 secs] 
823.492: [GC (Allocation Failure) [PSYoungGen: 63896K->1440K(70656K)] 386842K->324393K(568832K), 0.0018526 secs] [Times: user=0.01 sys=0.00, real=0.01 secs] 
824.612: [GC (Allocation Failure) [PSYoungGen: 70048K->1392K(69632K)] 393001K->324353K(567808K), 0.0039612 secs] [Times: user=0.01 sys=0.00, real=0.01 secs] 
827.061: [GC (Allocation Failure) [PSYoungGen: 69488K->1312K(69120K)] 392449K->324273K(567296K), 0.0039339 secs] [Times: user=0.01 sys=0.00, real=0.01 secs] 
827.593: [GC (Allocation Failure) [PSYoungGen: 68896K->1408K(68608K)] 391857K->324385K(566784K), 0.0022145 secs] [Times: user=0.01 sys=0.01, real=0.00 secs] 
827.869: [GC (Allocation Failure) [PSYoungGen: 68480K->1312K(68096K)] 391457K->324289K(566272K), 0.0020653 secs] [Times: user=0.01 sys=0.00, real=0.00 secs] 
828.169: [GC (Allocation Failure) [PSYoungGen: 67865K->1408K(67584K)] 390842K->324385K(565760K), 0.0020621 secs] [Times: user=0.00 sys=0.00, real=0.00 secs] 
828.298: [GC (Allocation Failure) [PSYoungGen: 67456K->1453K(67072K)] 390433K->324431K(565248K), 0.0016130 secs] [Times: user=0.00 sys=0.00, real=0.00 secs] 
828.414: [GC (Allocation Failure) [PSYoungGen: 66989K->1421K(66560K)] 389967K->324399K(564736K), 0.0016029 secs] [Times: user=0.01 sys=0.00, real=0.00 secs] 
828.529: [GC (Allocation Failure) [PSYoungGen: 66445K->1453K(67072K)] 389423K->324447K(565248K), 0.0015457 secs] [Times: user=0.00 sys=0.00, real=0.00 secs] 
829.749: [GC (Allocation Failure) [PSYoungGen: 66477K->1360K(66048K)] 389471K->324353K(564224K), 0.0030744 secs] [Times: user=0.01 sys=0.00, real=0.00 secs] 
831.871: [GC (Allocation Failure) [PSYoungGen: 65872K->1312K(65536K)] 388865K->324305K(563712K), 0.0028236 secs] [Times: user=0.01 sys=0.00, real=0.01 secs] 
832.926: [GC (Allocation Failure) [PSYoungGen: 65312K->1376K(65024K)] 388305K->324369K(563200K), 0.0021541 secs] [Times: user=0.01 sys=0.00, real=0.00 secs] 
833.634: [GC (Allocation Failure) [PSYoungGen: 64864K->1376K(64512K)] 387857K->324369K(562688K), 0.0020605 secs] [Times: user=0.00 sys=0.00, real=0.00 secs] 
833.923: [GC (Allocation Failure) [PSYoungGen: 64352K->1328K(64000K)] 387345K->324321K(562176K), 0.0020203 secs] [Times: user=0.01 sys=0.00, real=0.01 secs] 
834.079: [GC (Allocation Failure) [PSYoungGen: 63792K->1456K(63488K)] 386785K->324449K(561664K), 0.0015908 secs] [Times: user=0.01 sys=0.00, real=0.00 secs] 
834.189: [GC (Allocation Failure) [PSYoungGen: 63408K->1453K(62976K)] 386401K->324447K(561152K), 0.0016925 secs] [Times: user=0.01 sys=0.00, real=0.00 secs] 
834.296: [GC (Allocation Failure) [PSYoungGen: 62893K->1485K(63488K)] 385887K->324495K(561664K), 0.0016767 secs] [Times: user=0.00 sys=0.00, real=0.00 secs] 
834.404: [GC (Allocation Failure) [PSYoungGen: 62925K->1488K(63488K)] 385935K->324497K(561664K), 0.0015630 secs] [Times: user=0.01 sys=0.00, real=0.00 secs] 
835.033: [GC (Allocation Failure) [PSYoungGen: 62928K->1408K(62464K)] 385937K->324417K(560640K), 0.0025007 secs] [Times: user=0.01 sys=0.01, real=0.01 secs] 
835.567: [GC (Allocation Failure) [PSYoungGen: 62336K->1360K(61952K)] 385345K->324369K(560128K), 0.0024826 secs] [Times: user=0.01 sys=0.00, real=0.00 secs] 
836.308: [GC (Allocation Failure) [PSYoungGen: 61776K->1376K(61440K)] 384785K->324385K(559616K), 0.0025205 secs] [Times: user=0.01 sys=0.00, real=0.00 secs] 
837.123: [GC (Allocation Failure) [PSYoungGen: 61280K->1344K(60928K)] 384289K->324353K(559104K), 0.0028358 secs] [Times: user=0.01 sys=0.01, real=0.00 secs] 
837.742: [GC (Allocation Failure) [PSYoungGen: 60736K->1424K(60416K)] 383745K->324457K(558592K), 0.0029064 secs] [Times: user=0.01 sys=0.00, real=0.01 secs] 
837.919: [GC (Allocation Failure) [PSYoungGen: 60304K->1456K(59904K)] 383337K->324489K(558080K), 0.0020246 secs] [Times: user=0.01 sys=0.00, real=0.00 secs] 
838.025: [GC (Allocation Failure) [PSYoungGen: 59824K->1453K(59392K)] 382857K->324495K(557568K), 0.0016158 secs] [Times: user=0.01 sys=0.00, real=0.00 secs] 
838.126: [GC (Allocation Failure) [PSYoungGen: 59308K->1421K(65024K)] 382349K->324463K(563200K), 0.0016792 secs] [Times: user=0.00 sys=0.00, real=0.00 secs] 
838.238: [GC (Allocation Failure) [PSYoungGen: 64909K->1421K(65536K)] 387951K->324463K(563712K), 0.0015688 secs] [Times: user=0.00 sys=0.00, real=0.00 secs] 
839.058: [GC (Allocation Failure) [PSYoungGen: 64909K->1392K(64512K)] 387951K->324433K(562688K), 0.0021666 secs] [Times: user=0.01 sys=0.00, real=0.00 secs] 
839.983: [GC (Allocation Failure) [PSYoungGen: 64368K->384K(63488K)] 387409K->324449K(561664K), 0.0024799 secs] [Times: user=0.01 sys=0.00, real=0.01 secs] 
840.554: [GC (Allocation Failure) [PSYoungGen: 62848K->352K(62464K)] 386913K->324417K(560640K), 0.0036942 secs] [Times: user=0.01 sys=0.00, real=0.00 secs] 
841.028: [GC (Allocation Failure) [PSYoungGen: 62304K->320K(62976K)] 386369K->324385K(561152K), 0.0023992 secs] [Times: user=0.00 sys=0.00, real=0.00 secs] 
841.634: [GC (Allocation Failure) [PSYoungGen: 61760K->1440K(62464K)] 385825K->325505K(560640K), 0.0020474 secs] [Times: user=0.01 sys=0.00, real=0.00 secs] 
841.765: [GC (Allocation Failure) [PSYoungGen: 62368K->1453K(61952K)] 386433K->325519K(560128K), 0.0016791 secs] [Times: user=0.01 sys=0.00, real=0.00 secs] 
841.871: [GC (Allocation Failure) [PSYoungGen: 61869K->1456K(61440K)] 385935K->325537K(559616K), 0.0016991 secs] [Times: user=0.01 sys=0.00, real=0.00 secs] 
841.990: [GC (Allocation Failure) [PSYoungGen: 61360K->1485K(61952K)] 385441K->325567K(560128K), 0.0018146 secs] [Times: user=0.00 sys=0.01, real=0.00 secs] 
842.124: [GC (Allocation Failure) [PSYoungGen: 61013K->224K(61952K)] 385094K->324305K(560128K), 0.0016684 secs] [Times: user=0.01 sys=0.00, real=0.00 secs] 
843.248: [GC (Allocation Failure) [PSYoungGen: 60128K->1344K(60928K)] 384209K->325425K(559104K), 0.0037623 secs] [Times: user=0.02 sys=0.00, real=0.00 secs] 
844.012: [GC (Allocation Failure) [PSYoungGen: 60736K->1424K(60416K)] 384817K->325505K(558592K), 0.0028132 secs] [Times: user=0.01 sys=0.00, real=0.01 secs] 
844.855: [GC (Allocation Failure) [PSYoungGen: 60304K->1376K(59904K)] 384385K->325457K(558080K), 0.0033329 secs] [Times: user=0.01 sys=0.00, real=0.00 secs] 
845.357: [GC (Allocation Failure) [PSYoungGen: 59744K->1360K(59392K)] 383825K->325441K(557568K), 0.0021179 secs] [Times: user=0.00 sys=0.00, real=0.00 secs] 
845.622: [GC (Allocation Failure) [PSYoungGen: 59216K->1456K(59392K)] 383297K->325537K(557568K), 0.0016176 secs] [Times: user=0.00 sys=0.00, real=0.01 secs] 
845.725: [GC (Allocation Failure) [PSYoungGen: 59312K->1424K(59392K)] 383393K->325505K(557568K), 0.0016326 secs] [Times: user=0.00 sys=0.00, real=0.00 secs] 
845.828: [GC (Allocation Failure) [PSYoungGen: 59280K->1421K(62976K)] 383361K->325527K(561152K), 0.0016184 secs] [Times: user=0.01 sys=0.00, real=0.00 secs] 
845.936: [GC (Allocation Failure) [PSYoungGen: 62349K->1405K(62976K)] 386455K->325511K(561152K), 0.0016013 secs] [Times: user=0.01 sys=0.00, real=0.00 secs] 
846.045: [GC (Allocation Failure) [PSYoungGen: 62333K->1536K(69120K)] 386439K->325641K(567296K), 0.0015836 secs] [Times: user=0.00 sys=0.00, real=0.00 secs] 
846.752: [GC (Allocation Failure) [PSYoungGen: 68608K->1392K(68096K)] 392713K->325497K(566272K), 0.0018851 secs] [Times: user=0.01 sys=0.00, real=0.01 secs] 
847.463: [GC (Allocation Failure) [PSYoungGen: 67952K->1376K(67584K)] 392057K->325481K(565760K), 0.0031478 secs] [Times: user=0.01 sys=0.00, real=0.01 secs] 
848.009: [GC (Allocation Failure) [PSYoungGen: 67424K->1344K(67072K)] 391529K->325449K(565248K), 0.0022181 secs] [Times: user=0.01 sys=0.00, real=0.00 secs] 
848.298: [GC (Allocation Failure) [PSYoungGen: 66880K->1344K(66560K)] 390985K->325449K(564736K), 0.0018347 secs] [Times: user=0.01 sys=0.00, real=0.00 secs] 
848.531: [GC (Allocation Failure) [PSYoungGen: 66368K->1488K(66048K)] 390473K->325593K(564224K), 0.0016885 secs] [Times: user=0.01 sys=0.00, real=0.00 secs] 
848.645: [GC (Allocation Failure) [PSYoungGen: 66000K->1456K(65536K)] 390105K->325569K(563712K), 0.0017065 secs] [Times: user=0.01 sys=0.00, real=0.00 secs] 
848.757: [GC (Allocation Failure) [PSYoungGen: 65448K->1456K(66048K)] 389562K->325577K(564224K), 0.0015863 secs] [Times: user=0.01 sys=0.00, real=0.00 secs] 
848.869: [GC (Allocation Failure) [PSYoungGen: 65433K->1504K(72192K)] 389555K->325625K(570368K), 0.0016479 secs] [Times: user=0.01 sys=0.00, real=0.00 secs] 
849.476: [GC (Allocation Failure) [PSYoungGen: 71648K->1424K(71168K)] 395769K->325545K(569344K), 0.0021476 secs] [Times: user=0.01 sys=0.00, real=0.00 secs] 
850.093: [GC (Allocation Failure) [PSYoungGen: 71056K->1376K(70656K)] 395177K->325497K(568832K), 0.0024021 secs] [Times: user=0.00 sys=0.00, real=0.01 secs] 
850.629: [GC (Allocation Failure) [PSYoungGen: 70496K->1344K(70144K)] 394617K->325473K(568320K), 0.0021427 secs] [Times: user=0.01 sys=0.00, real=0.00 secs] 
850.935: [GC (Allocation Failure) [PSYoungGen: 69952K->1376K(69632K)] 394081K->325505K(567808K), 0.0018022 secs] [Times: user=0.01 sys=0.00, real=0.00 secs] 
851.202: [GC (Allocation Failure) [PSYoungGen: 69472K->1453K(69120K)] 393601K->325583K(567296K), 0.0016321 secs] [Times: user=0.00 sys=0.00, real=0.01 secs] 
851.338: [GC (Allocation Failure) [PSYoungGen: 69037K->1485K(68608K)] 393167K->325615K(566784K), 0.0018777 secs] [Times: user=0.00 sys=0.00, real=0.00 secs] 
851.487: [GC (Allocation Failure) [PSYoungGen: 68557K->1421K(68096K)] 392687K->325551K(566272K), 0.0019927 secs] [Times: user=0.01 sys=0.00, real=0.00 secs] 
851.643: [GC (Allocation Failure) [PSYoungGen: 67981K->1453K(67584K)] 392111K->325591K(565760K), 0.0016756 secs] [Times: user=0.00 sys=0.00, real=0.00 secs] 
852.808: [GC (Allocation Failure) [PSYoungGen: 67501K->1376K(67072K)] 391639K->325521K(565248K), 0.0038599 secs] [Times: user=0.02 sys=0.00, real=0.00 secs] 
853.907: [GC (Allocation Failure) [PSYoungGen: 66912K->1344K(66560K)] 391057K->325489K(564736K), 0.0036013 secs] [Times: user=0.01 sys=0.00, real=0.00 secs] 
854.998: [GC (Allocation Failure) [PSYoungGen: 66368K->1376K(66048K)] 390513K->325529K(564224K), 0.0038679 secs] [Times: user=0.01 sys=0.00, real=0.00 secs] 
855.772: [GC (Allocation Failure) [PSYoungGen: 65888K->1360K(65536K)] 390041K->325545K(563712K), 0.0027850 secs] [Times: user=0.01 sys=0.01, real=0.01 secs] 
856.062: [GC (Allocation Failure) [PSYoungGen: 65360K->1501K(65024K)] 389545K->325687K(563200K), 0.0018507 secs] [Times: user=0.01 sys=0.00, real=0.01 secs] 
856.179: [GC (Allocation Failure) [PSYoungGen: 64989K->1485K(64512K)] 389175K->325679K(562688K), 0.0016379 secs] [Times: user=0.01 sys=0.00, real=0.00 secs] 
856.289: [GC (Allocation Failure) [PSYoungGen: 64461K->1389K(64000K)] 388655K->325583K(562176K), 0.0015631 secs] [Times: user=0.00 sys=0.00, real=0.00 secs] 
856.399: [GC (Allocation Failure) [PSYoungGen: 63853K->1389K(64512K)] 388047K->325591K(562688K), 0.0016533 secs] [Times: user=0.00 sys=0.00, real=0.00 secs] 
856.582: [GC (Allocation Failure) [PSYoungGen: 63853K->1408K(63488K)] 388055K->325609K(561664K), 0.0013812 secs] [Times: user=0.00 sys=0.00, real=0.01 secs] 
856.858: [GC (Allocation Failure) [PSYoungGen: 63360K->1376K(62976K)] 387561K->325577K(561152K), 0.0016011 secs] [Times: user=0.01 sys=0.00, real=0.00 secs] 
857.113: [GC (Allocation Failure) [PSYoungGen: 62816K->1360K(62464K)] 387017K->325561K(560640K), 0.0016129 secs] [Times: user=0.01 sys=0.00, real=0.00 secs] 
857.420: [GC (Allocation Failure) [PSYoungGen: 62288K->1376K(61952K)] 386489K->325577K(560128K), 0.0017676 secs] [Times: user=0.00 sys=0.00, real=0.00 secs] 
857.670: [GC (Allocation Failure) [PSYoungGen: 61792K->1344K(61440K)] 385993K->325545K(559616K), 0.0017072 secs] [Times: user=0.01 sys=0.00, real=0.00 secs] 
857.863: [GC (Allocation Failure) [PSYoungGen: 61248K->1421K(60928K)] 385449K->325623K(559104K), 0.0015261 secs] [Times: user=0.00 sys=0.00, real=0.00 secs] 
857.981: [GC (Allocation Failure) [PSYoungGen: 60813K->1453K(60416K)] 385015K->325655K(558592K), 0.0017920 secs] [Times: user=0.01 sys=0.00, real=0.00 secs] 
858.117: [GC (Allocation Failure) [PSYoungGen: 60333K->429K(60928K)] 384535K->325663K(559104K), 0.0018132 secs] [Times: user=0.01 sys=0.00, real=0.00 secs] 
858.231: [GC (Allocation Failure) [PSYoungGen: 60333K->461K(61952K)] 385567K->325695K(560128K), 0.0014013 secs] [Times: user=0.00 sys=0.00, real=0.00 secs] 
858.964: [GC (Allocation Failure) [PSYoungGen: 60365K->1424K(60928K)] 385599K->326657K(559104K), 0.0041553 secs] [Times: user=0.02 sys=0.00, real=0.00 secs] 
859.930: [GC (Allocation Failure) [PSYoungGen: 60816K->1408K(60416K)] 386049K->326641K(558592K), 0.0040544 secs] [Times: user=0.01 sys=0.00, real=0.01 secs] 
860.620: [GC (Allocation Failure) [PSYoungGen: 60288K->1376K(59904K)] 385521K->326609K(558080K), 0.0026735 secs] [Times: user=0.00 sys=0.00, real=0.00 secs] 
861.346: [GC (Allocation Failure) [PSYoungGen: 59744K->1344K(59392K)] 384977K->326577K(557568K), 0.0028080 secs] [Times: user=0.01 sys=0.01, real=0.00 secs] 
861.970: [GC (Allocation Failure) [PSYoungGen: 59200K->1344K(59392K)] 384433K->326577K(557568K), 0.0025761 secs] [Times: user=0.00 sys=0.00, real=0.00 secs] 
862.306: [GC (Allocation Failure) [PSYoungGen: 59200K->1440K(59392K)] 384433K->326673K(557568K), 0.0021756 secs] [Times: user=0.00 sys=0.00, real=0.00 secs] 
862.435: [GC (Allocation Failure) [PSYoungGen: 59296K->1453K(59392K)] 384529K->326695K(557568K), 0.0015571 secs] [Times: user=0.01 sys=0.00, real=0.00 secs] 
862.536: [GC (Allocation Failure) [PSYoungGen: 59309K->1440K(59392K)] 384551K->326681K(557568K), 0.0016979 secs] [Times: user=0.01 sys=0.00, real=0.00 secs] 
862.639: [GC (Allocation Failure) [PSYoungGen: 59291K->1453K(63488K)] 384532K->326695K(561664K), 0.0014884 secs] [Times: user=0.00 sys=0.00, real=0.00 secs] 
862.855: [GC (Allocation Failure) [PSYoungGen: 63405K->1952K(64000K)] 388647K->327193K(562176K), 0.0020704 secs] [Times: user=0.01 sys=0.00, real=0.00 secs] 
863.669: [GC (Allocation Failure) [PSYoungGen: 63904K->1376K(62976K)] 389145K->326617K(561152K), 0.0024222 secs] [Times: user=0.01 sys=0.00, real=0.00 secs] 
864.461: [GC (Allocation Failure) [PSYoungGen: 62816K->1376K(62464K)] 388057K->326617K(560640K), 0.0027789 secs] [Times: user=0.01 sys=0.00, real=0.01 secs] 
864.977: [GC (Allocation Failure) [PSYoungGen: 62304K->1376K(61952K)] 387545K->326617K(560128K), 0.0022142 secs] [Times: user=0.00 sys=0.00, real=0.00 secs] 
865.490: [GC (Allocation Failure) [PSYoungGen: 61792K->1376K(61440K)] 387033K->326617K(559616K), 0.0022692 secs] [Times: user=0.01 sys=0.00, real=0.00 secs] 
865.955: [GC (Allocation Failure) [PSYoungGen: 61280K->1501K(60928K)] 386521K->326743K(559104K), 0.0014480 secs] [Times: user=0.01 sys=0.00, real=0.00 secs] 
866.061: [GC (Allocation Failure) [PSYoungGen: 60893K->1437K(60416K)] 386135K->326695K(558592K), 0.0015276 secs] [Times: user=0.00 sys=0.01, real=0.00 secs] 
866.180: [GC (Allocation Failure) [PSYoungGen: 60317K->1488K(59904K)] 385575K->326745K(558080K), 0.0018036 secs] [Times: user=0.01 sys=0.00, real=0.00 secs] 
866.312: [GC (Allocation Failure) [PSYoungGen: 59856K->1453K(65536K)] 385113K->326711K(563712K), 0.0019765 secs] [Times: user=0.01 sys=0.00, real=0.01 secs] 
866.524: [GC (Allocation Failure) [PSYoungGen: 65453K->1408K(66048K)] 390711K->326665K(564224K), 0.0020476 secs] [Times: user=0.01 sys=0.00, real=0.00 secs] 
866.794: [GC (Allocation Failure) [PSYoungGen: 65408K->1408K(65024K)] 390665K->326665K(563200K), 0.0019185 secs] [Times: user=0.00 sys=0.00, real=0.00 secs] 
867.058: [GC (Allocation Failure) [PSYoungGen: 64896K->1376K(64512K)] 390153K->326633K(562688K), 0.0018206 secs] [Times: user=0.01 sys=0.00, real=0.00 secs] 
867.368: [GC (Allocation Failure) [PSYoungGen: 64352K->1392K(64000K)] 389609K->326649K(562176K), 0.0020404 secs] [Times: user=0.01 sys=0.00, real=0.00 secs] 
867.627: [GC (Allocation Failure) [PSYoungGen: 63856K->1376K(63488K)] 389113K->326633K(561664K), 0.0020930 secs] [Times: user=0.00 sys=0.00, real=0.00 secs] 
867.825: [GC (Allocation Failure) [PSYoungGen: 63328K->1453K(62976K)] 388585K->326711K(561152K), 0.0015827 secs] [Times: user=0.01 sys=0.00, real=0.00 secs] 
867.933: [GC (Allocation Failure) [PSYoungGen: 62893K->1392K(62464K)] 388151K->326657K(560640K), 0.0015614 secs] [Times: user=0.01 sys=0.00, real=0.01 secs] 
868.040: [GC (Allocation Failure) [PSYoungGen: 62320K->1389K(62976K)] 387585K->326655K(561152K), 0.0016081 secs] [Times: user=0.01 sys=0.00, real=0.00 secs] 
868.147: [GC (Allocation Failure) [PSYoungGen: 62317K->1536K(69120K)] 387583K->326801K(567296K), 0.0015921 secs] [Times: user=0.01 sys=0.00, real=0.00 secs] 
868.480: [GC (Allocation Failure) [PSYoungGen: 68608K->1424K(69120K)] 393873K->326689K(567296K), 0.0019871 secs] [Times: user=0.01 sys=0.00, real=0.00 secs] 
868.759: [GC (Allocation Failure) [PSYoungGen: 68496K->1440K(68096K)] 393761K->326705K(566272K), 0.0021041 secs] [Times: user=0.01 sys=0.00, real=0.00 secs] 
869.036: [GC (Allocation Failure) [PSYoungGen: 68000K->1376K(67584K)] 393265K->326641K(565760K), 0.0019987 secs] [Times: user=0.01 sys=0.00, real=0.00 secs] 
869.310: [GC (Allocation Failure) [PSYoungGen: 67424K->1344K(67072K)] 392689K->326609K(565248K), 0.0017264 secs] [Times: user=0.01 sys=0.00, real=0.00 secs] 
869.583: [GC (Allocation Failure) [PSYoungGen: 66880K->1440K(66560K)] 392145K->326705K(564736K), 0.0016475 secs] [Times: user=0.00 sys=0.00, real=0.01 secs] 
869.696: [GC (Allocation Failure) [PSYoungGen: 66464K->1485K(66048K)] 391729K->326751K(564224K), 0.0015280 secs] [Times: user=0.01 sys=0.01, real=0.00 secs] 
869.810: [GC (Allocation Failure) [PSYoungGen: 65997K->1501K(72192K)] 391263K->326775K(570368K), 0.0015692 secs] [Times: user=0.00 sys=0.01, real=0.00 secs] 
869.933: [GC (Allocation Failure) [PSYoungGen: 72157K->1453K(72704K)] 397431K->326727K(570880K), 0.0016042 secs] [Times: user=0.00 sys=0.00, real=0.00 secs] 
870.789: [GC (Allocation Failure) [PSYoungGen: 72109K->1408K(71680K)] 397383K->326681K(569856K), 0.0022482 secs] [Times: user=0.01 sys=0.00, real=0.00 secs] 
871.464: [GC (Allocation Failure) [PSYoungGen: 71552K->1312K(71168K)] 396825K->326585K(569344K), 0.0030577 secs] [Times: user=0.01 sys=0.00, real=0.00 secs] 
872.084: [GC (Allocation Failure) [PSYoungGen: 70944K->1344K(70656K)] 396217K->326617K(568832K), 0.0027815 secs] [Times: user=0.01 sys=0.00, real=0.00 secs] 
872.605: [GC (Allocation Failure) [PSYoungGen: 70464K->1376K(70144K)] 395737K->326649K(568320K), 0.0022260 secs] [Times: user=0.01 sys=0.00, real=0.00 secs] 
872.982: [GC (Allocation Failure) [PSYoungGen: 69984K->1453K(69632K)] 395257K->326727K(567808K), 0.0020209 secs] [Times: user=0.01 sys=0.00, real=0.01 secs] 
873.136: [GC (Allocation Failure) [PSYoungGen: 69549K->1485K(69120K)] 394823K->326759K(567296K), 0.0019468 secs] [Times: user=0.01 sys=0.00, real=0.00 secs] 
873.292: [GC (Allocation Failure) [PSYoungGen: 69069K->1421K(68608K)] 394343K->326695K(566784K), 0.0016349 secs] [Times: user=0.01 sys=0.00, real=0.01 secs] 
873.408: [GC (Allocation Failure) [PSYoungGen: 68493K->1485K(68096K)] 393767K->326791K(566272K), 0.0016328 secs] [Times: user=0.01 sys=0.00, real=0.00 secs] 
873.943: [GC (Allocation Failure) [PSYoungGen: 68045K->1424K(67584K)] 393351K->326729K(565760K), 0.0027929 secs] [Times: user=0.01 sys=0.00, real=0.00 secs] 
874.566: [GC (Allocation Failure) [PSYoungGen: 67472K->1312K(67072K)] 392777K->326617K(565248K), 0.0027615 secs] [Times: user=0.01 sys=0.00, real=0.00 secs] 
874.915: [GC (Allocation Failure) [PSYoungGen: 66848K->1344K(66560K)] 392153K->326649K(564736K), 0.0020964 secs] [Times: user=0.00 sys=0.00, real=0.00 secs] 
875.205: [GC (Allocation Failure) [PSYoungGen: 66368K->1344K(66048K)] 391673K->326649K(564224K), 0.0018560 secs] [Times: user=0.01 sys=0.00, real=0.00 secs] 
875.530: [GC (Allocation Failure) [PSYoungGen: 65856K->1472K(65536K)] 391161K->326777K(563712K), 0.0019312 secs] [Times: user=0.00 sys=0.00, real=0.00 secs] 
875.645: [GC (Allocation Failure) [PSYoungGen: 65472K->1456K(65024K)] 390777K->326761K(563200K), 0.0015981 secs] [Times: user=0.01 sys=0.00, real=0.00 secs] 
875.756: [GC (Allocation Failure) [PSYoungGen: 64944K->1456K(65536K)] 390249K->326761K(563712K), 0.0017675 secs] [Times: user=0.01 sys=0.00, real=0.00 secs] 
875.868: [GC (Allocation Failure) [PSYoungGen: 64944K->1565K(71680K)] 390249K->326887K(569856K), 0.0014294 secs] [Times: user=0.00 sys=0.00, real=0.00 secs] 
876.313: [GC (Allocation Failure) [PSYoungGen: 71197K->1392K(70656K)] 396519K->326713K(568832K), 0.0025923 secs] [Times: user=0.01 sys=0.00, real=0.00 secs] 
877.072: [GC (Allocation Failure) [PSYoungGen: 70512K->1360K(70144K)] 395833K->326681K(568320K), 0.0026640 secs] [Times: user=0.01 sys=0.00, real=0.01 secs] 
877.703: [GC (Allocation Failure) [PSYoungGen: 69968K->1376K(69632K)] 395289K->326697K(567808K), 0.0024276 secs] [Times: user=0.01 sys=0.00, real=0.01 secs] 
878.419: [GC (Allocation Failure) [PSYoungGen: 69472K->1408K(69120K)] 394793K->326729K(567296K), 0.0031681 secs] [Times: user=0.02 sys=0.00, real=0.00 secs] 
878.989: [GC (Allocation Failure) [PSYoungGen: 68992K->1469K(68608K)] 394313K->326791K(566784K), 0.0022393 secs] [Times: user=0.01 sys=0.00, real=0.00 secs] 
879.150: [GC (Allocation Failure) [PSYoungGen: 68541K->1421K(68096K)] 393863K->326743K(566272K), 0.0016999 secs] [Times: user=0.00 sys=0.00, real=0.00 secs] 
879.267: [GC (Allocation Failure) [PSYoungGen: 67981K->1421K(67584K)] 393303K->326743K(565760K), 0.0016206 secs] [Times: user=0.00 sys=0.00, real=0.00 secs] 
879.383: [GC (Allocation Failure) [PSYoungGen: 67469K->1456K(67072K)] 392791K->326793K(565248K), 0.0015900 secs] [Times: user=0.00 sys=0.00, real=0.01 secs] 
879.787: [GC (Allocation Failure) [PSYoungGen: 66992K->1424K(66560K)] 392329K->326761K(564736K), 0.0019532 secs] [Times: user=0.01 sys=0.00, real=0.00 secs] 
880.480: [GC (Allocation Failure) [PSYoungGen: 66448K->1376K(66048K)] 391785K->326713K(564224K), 0.0037203 secs] [Times: user=0.02 sys=0.00, real=0.01 secs] 
881.023: [GC (Allocation Failure) [PSYoungGen: 65888K->1344K(65536K)] 391225K->326681K(563712K), 0.0022038 secs] [Times: user=0.01 sys=0.01, real=0.01 secs] 
881.289: [GC (Allocation Failure) [PSYoungGen: 65344K->368K(64000K)] 390681K->326729K(562176K), 0.0019215 secs] [Times: user=0.01 sys=0.00, real=0.00 secs] 
881.614: [GC (Allocation Failure) [PSYoungGen: 63856K->240K(65024K)] 390217K->326601K(563200K), 0.0020251 secs] [Times: user=0.01 sys=0.00, real=0.00 secs] 
881.741: [GC (Allocation Failure) [PSYoungGen: 63216K->1488K(64000K)] 389577K->327850K(562176K), 0.0015888 secs] [Times: user=0.00 sys=0.00, real=0.00 secs] 
881.853: [GC (Allocation Failure) [PSYoungGen: 63952K->1453K(63488K)] 390314K->327815K(561664K), 0.0016299 secs] [Times: user=0.01 sys=0.00, real=0.01 secs] 
881.963: [GC (Allocation Failure) [PSYoungGen: 63405K->1488K(64000K)] 389767K->327858K(562176K), 0.0016694 secs] [Times: user=0.01 sys=0.00, real=0.01 secs] 
882.089: [GC (Allocation Failure) [PSYoungGen: 63952K->1453K(64512K)] 390322K->327823K(562688K), 0.0018197 secs] [Times: user=0.00 sys=0.00, real=0.00 secs] 
883.131: [GC (Allocation Failure) [PSYoungGen: 63917K->1408K(63488K)] 390287K->327777K(561664K), 0.0028024 secs] [Times: user=0.01 sys=0.01, real=0.01 secs] 
883.698: [GC (Allocation Failure) [PSYoungGen: 63360K->1376K(62976K)] 389729K->327769K(561152K), 0.0028871 secs] [Times: user=0.01 sys=0.00, real=0.00 secs] 
884.190: [GC (Allocation Failure) [PSYoungGen: 62816K->1376K(62464K)] 389209K->327769K(560640K), 0.0025410 secs] [Times: user=0.01 sys=0.00, real=0.00 secs] 
884.598: [GC (Allocation Failure) [PSYoungGen: 62304K->1376K(61952K)] 388697K->327769K(560128K), 0.0021004 secs] [Times: user=0.00 sys=0.00, real=0.00 secs] 
884.869: [GC (Allocation Failure) [PSYoungGen: 61792K->1440K(61440K)] 388185K->327833K(559616K), 0.0018134 secs] [Times: user=0.01 sys=0.00, real=0.00 secs] 
884.975: [GC (Allocation Failure) [PSYoungGen: 61344K->1453K(60928K)] 387737K->327847K(559104K), 0.0016811 secs] [Times: user=0.00 sys=0.00, real=0.00 secs] 
885.079: [GC (Allocation Failure) [PSYoungGen: 60845K->1488K(67072K)] 387239K->327890K(565248K), 0.0016098 secs] [Times: user=0.00 sys=0.00, real=0.00 secs] 
885.194: [GC (Allocation Failure) [PSYoungGen: 67014K->1424K(67584K)] 393415K->327825K(565760K), 0.0015724 secs] [Times: user=0.01 sys=0.00, real=0.00 secs] 
885.437: [GC (Allocation Failure) [PSYoungGen: 66960K->1984K(73728K)] 393361K->328385K(571904K), 0.0018208 secs] [Times: user=0.01 sys=0.00, real=0.00 secs] 
886.346: [GC (Allocation Failure) [PSYoungGen: 73664K->1376K(72704K)] 400065K->327777K(570880K), 0.0033273 secs] [Times: user=0.01 sys=0.00, real=0.00 secs] 
887.175: [GC (Allocation Failure) [PSYoungGen: 72544K->1344K(72192K)] 398945K->327745K(570368K), 0.0024029 secs] [Times: user=0.01 sys=0.00, real=0.00 secs] 
888.126: [GC (Allocation Failure) [PSYoungGen: 72000K->1328K(71680K)] 398401K->327729K(569856K), 0.0028107 secs] [Times: user=0.01 sys=0.00, real=0.00 secs] 
889.213: [GC (Allocation Failure) [PSYoungGen: 71472K->1469K(71168K)] 397873K->327871K(569344K), 0.0029808 secs] [Times: user=0.01 sys=0.00, real=0.01 secs] 
889.454: [GC (Allocation Failure) [PSYoungGen: 71101K->1453K(70656K)] 397503K->327855K(568832K), 0.0020641 secs] [Times: user=0.01 sys=0.00, real=0.00 secs] 
889.620: [GC (Allocation Failure) [PSYoungGen: 70573K->1453K(70144K)] 396975K->327855K(568320K), 0.0019386 secs] [Times: user=0.00 sys=0.00, real=0.00 secs] 
889.775: [GC (Allocation Failure) [PSYoungGen: 70049K->1485K(69632K)] 396450K->327895K(567808K), 0.0017038 secs] [Times: user=0.01 sys=0.00, real=0.00 secs] 
890.016: [GC (Allocation Failure) [PSYoungGen: 69581K->1408K(69120K)] 395991K->327817K(567296K), 0.0022112 secs] [Times: user=0.01 sys=0.00, real=0.00 secs] 
890.424: [GC (Allocation Failure) [PSYoungGen: 68992K->1376K(68608K)] 395401K->327785K(566784K), 0.0021068 secs] [Times: user=0.01 sys=0.00, real=0.00 secs] 
891.015: [GC (Allocation Failure) [PSYoungGen: 68448K->1408K(68096K)] 394857K->327817K(566272K), 0.0021213 secs] [Times: user=0.01 sys=0.00, real=0.00 secs] 
891.534: [GC (Allocation Failure) [PSYoungGen: 67968K->1344K(67584K)] 394377K->327753K(565760K), 0.0037120 secs] [Times: user=0.02 sys=0.00, real=0.00 secs] 
892.023: [GC (Allocation Failure) [PSYoungGen: 67392K->1469K(67072K)] 393801K->327879K(565248K), 0.0019722 secs] [Times: user=0.00 sys=0.00, real=0.01 secs] 
892.174: [GC (Allocation Failure) [PSYoungGen: 66987K->1453K(66560K)] 393397K->327863K(564736K), 0.0015464 secs] [Times: user=0.01 sys=0.00, real=0.00 secs] 
892.288: [GC (Allocation Failure) [PSYoungGen: 66477K->1453K(66048K)] 392887K->327863K(564224K), 0.0014931 secs] [Times: user=0.00 sys=0.00, real=0.00 secs] 
892.400: [GC (Allocation Failure) [PSYoungGen: 65965K->1424K(67072K)] 392375K->327849K(565248K), 0.0016197 secs] [Times: user=0.01 sys=0.00, real=0.00 secs] 
892.652: [GC (Allocation Failure) [PSYoungGen: 66448K->1424K(66048K)] 392873K->327849K(564224K), 0.0018381 secs] [Times: user=0.01 sys=0.00, real=0.01 secs] 
893.093: [GC (Allocation Failure) [PSYoungGen: 65936K->1376K(65536K)] 392361K->327801K(563712K), 0.0021500 secs] [Times: user=0.01 sys=0.00, real=0.01 secs] 
893.359: [GC (Allocation Failure) [PSYoungGen: 65376K->1376K(65024K)] 391801K->327801K(563200K), 0.0021516 secs] [Times: user=0.01 sys=0.00, real=0.00 secs] 
893.625: [GC (Allocation Failure) [PSYoungGen: 64864K->1376K(64512K)] 391289K->327825K(562688K), 0.0023784 secs] [Times: user=0.01 sys=0.00, real=0.00 secs] 
893.886: [GC (Allocation Failure) [PSYoungGen: 64352K->1376K(64000K)] 390801K->327825K(562176K), 0.0018934 secs] [Times: user=0.01 sys=0.00, real=0.00 secs] 
894.051: [GC (Allocation Failure) [PSYoungGen: 63840K->1392K(63488K)] 390289K->327841K(561664K), 0.0016140 secs] [Times: user=0.01 sys=0.00, real=0.00 secs] 
894.177: [GC (Allocation Failure) [PSYoungGen: 63344K->1485K(69120K)] 389793K->327935K(567296K), 0.0019289 secs] [Times: user=0.01 sys=0.00, real=0.00 secs] 
894.337: [GC (Allocation Failure) [PSYoungGen: 69069K->1485K(69632K)] 395519K->327943K(567808K), 0.0020131 secs] [Times: user=0.01 sys=0.00, real=0.00 secs] 
894.509: [GC (Allocation Failure) [PSYoungGen: 69069K->1408K(76288K)] 395527K->327865K(574464K), 0.0022226 secs] [Times: user=0.01 sys=0.00, real=0.00 secs] 
896.544: [GC (Allocation Failure) [PSYoungGen: 75648K->1424K(75264K)] 402105K->327889K(573440K), 0.0032341 secs] [Times: user=0.01 sys=0.01, real=0.00 secs] 
897.029: [GC (Allocation Failure) [PSYoungGen: 75152K->1344K(74752K)] 401617K->327809K(572928K), 0.0019434 secs] [Times: user=0.00 sys=0.00, real=0.00 secs] 
897.333: [GC (Allocation Failure) [PSYoungGen: 74560K->1376K(74240K)] 401025K->327841K(572416K), 0.0019897 secs] [Times: user=0.01 sys=0.00, real=0.01 secs] 
897.674: [GC (Allocation Failure) [PSYoungGen: 74080K->1392K(73728K)] 400545K->327857K(571904K), 0.0021897 secs] [Times: user=0.01 sys=0.00, real=0.00 secs] 
897.833: [GC (Allocation Failure) [PSYoungGen: 73584K->1421K(73216K)] 400049K->327887K(571392K), 0.0016577 secs] [Times: user=0.01 sys=0.00, real=0.00 secs] 
897.959: [GC (Allocation Failure) [PSYoungGen: 73101K->397K(71680K)] 399567K->327887K(569856K), 0.0015125 secs] [Times: user=0.01 sys=0.00, real=0.00 secs] 
898.084: [GC (Allocation Failure) [PSYoungGen: 71565K->429K(72704K)] 399055K->327935K(570880K), 0.0013657 secs] [Times: user=0.01 sys=0.00, real=0.00 secs] 
899.510: [GC (Allocation Failure) [PSYoungGen: 71085K->1424K(71680K)] 398591K->328929K(569856K), 0.0042103 secs] [Times: user=0.01 sys=0.00, real=0.01 secs] 
900.121: [GC (Allocation Failure) [PSYoungGen: 71568K->1376K(71168K)] 399073K->328881K(569344K), 0.0025290 secs] [Times: user=0.01 sys=0.00, real=0.01 secs] 
900.634: [GC (Allocation Failure) [PSYoungGen: 71008K->1376K(70656K)] 398513K->328881K(568832K), 0.0020037 secs] [Times: user=0.01 sys=0.00, real=0.00 secs] 
901.139: [GC (Allocation Failure) [PSYoungGen: 70496K->1408K(70144K)] 398001K->328913K(568320K), 0.0021542 secs] [Times: user=0.01 sys=0.00, real=0.00 secs] 
901.536: [GC (Allocation Failure) [PSYoungGen: 70016K->1469K(69632K)] 397521K->328975K(567808K), 0.0017715 secs] [Times: user=0.01 sys=0.00, real=0.00 secs] 
901.659: [GC (Allocation Failure) [PSYoungGen: 69565K->1485K(69120K)] 397071K->328991K(567296K), 0.0016264 secs] [Times: user=0.00 sys=0.00, real=0.00 secs] 
901.778: [GC (Allocation Failure) [PSYoungGen: 69069K->1485K(68608K)] 396575K->328991K(566784K), 0.0015935 secs] [Times: user=0.00 sys=0.00, real=0.00 secs] 
901.895: [GC (Allocation Failure) [PSYoungGen: 68531K->1488K(69632K)] 396037K->328994K(567808K), 0.0016085 secs] [Times: user=0.01 sys=0.00, real=0.00 secs] 
902.182: [GC (Allocation Failure) [PSYoungGen: 69072K->1456K(68608K)] 396578K->328977K(566784K), 0.0020282 secs] [Times: user=0.01 sys=0.00, real=0.01 secs] 
902.493: [GC (Allocation Failure) [PSYoungGen: 68528K->1376K(68096K)] 396049K->328897K(566272K), 0.0021738 secs] [Times: user=0.01 sys=0.00, real=0.01 secs] 
902.770: [GC (Allocation Failure) [PSYoungGen: 67936K->1440K(67584K)] 395457K->328961K(565760K), 0.0024551 secs] [Times: user=0.01 sys=0.00, real=0.00 secs] 
903.089: [GC (Allocation Failure) [PSYoungGen: 67488K->1376K(67072K)] 395009K->328897K(565248K), 0.0026658 secs] [Times: user=0.00 sys=0.00, real=0.00 secs] 
903.404: [GC (Allocation Failure) [PSYoungGen: 66912K->1453K(66560K)] 394433K->328975K(564736K), 0.0017504 secs] [Times: user=0.00 sys=0.00, real=0.00 secs] 
903.522: [GC (Allocation Failure) [PSYoungGen: 66477K->1456K(66048K)] 393999K->328978K(564224K), 0.0016784 secs] [Times: user=0.01 sys=0.00, real=0.01 secs] 
903.635: [GC (Allocation Failure) [PSYoungGen: 65968K->1453K(72192K)] 393490K->328975K(570368K), 0.0015188 secs] [Times: user=0.01 sys=0.00, real=0.00 secs] 
903.777: [GC (Allocation Failure) [PSYoungGen: 72109K->1517K(72704K)] 399631K->329055K(570880K), 0.0018998 secs] [Times: user=0.00 sys=0.00, real=0.00 secs] 
904.228: [GC (Allocation Failure) [PSYoungGen: 72173K->1424K(71680K)] 399711K->328961K(569856K), 0.0024457 secs] [Times: user=0.00 sys=0.00, real=0.00 secs] 
904.891: [GC (Allocation Failure) [PSYoungGen: 71568K->1344K(71168K)] 399105K->328881K(569344K), 0.0038983 secs] [Times: user=0.02 sys=0.01, real=0.01 secs] 
905.433: [GC (Allocation Failure) [PSYoungGen: 70976K->1344K(70656K)] 398513K->328881K(568832K), 0.0021972 secs] [Times: user=0.01 sys=0.00, real=0.00 secs] 
905.939: [GC (Allocation Failure) [PSYoungGen: 70464K->1376K(70144K)] 398001K->328913K(568320K), 0.0030012 secs] [Times: user=0.01 sys=0.00, real=0.00 secs] 
906.484: [GC (Allocation Failure) [PSYoungGen: 69984K->1453K(69632K)] 397521K->328991K(567808K), 0.0022852 secs] [Times: user=0.01 sys=0.00, real=0.00 secs] 
906.640: [GC (Allocation Failure) [PSYoungGen: 69549K->1533K(69120K)] 397087K->329071K(567296K), 0.0015363 secs] [Times: user=0.00 sys=0.00, real=0.00 secs] 
906.759: [GC (Allocation Failure) [PSYoungGen: 69117K->1485K(68608K)] 396655K->329023K(566784K), 0.0015568 secs] [Times: user=0.00 sys=0.00, real=0.00 secs] 
906.876: [GC (Allocation Failure) [PSYoungGen: 68525K->1517K(68096K)] 396063K->329071K(566272K), 0.0014555 secs] [Times: user=0.01 sys=0.00, real=0.00 secs] 
907.582: [GC (Allocation Failure) [PSYoungGen: 68077K->1392K(67584K)] 395631K->328953K(565760K), 0.0023158 secs] [Times: user=0.01 sys=0.00, real=0.01 secs] 
908.516: [GC (Allocation Failure) [PSYoungGen: 67440K->1376K(67072K)] 395001K->328937K(565248K), 0.0025368 secs] [Times: user=0.01 sys=0.00, real=0.00 secs] 
909.088: [GC (Allocation Failure) [PSYoungGen: 66912K->1376K(66560K)] 394473K->328937K(564736K), 0.0036511 secs] [Times: user=0.01 sys=0.00, real=0.00 secs] 
909.569: [GC (Allocation Failure) [PSYoungGen: 66400K->1376K(66048K)] 393961K->328937K(564224K), 0.0023008 secs] [Times: user=0.01 sys=0.00, real=0.00 secs] 
910.005: [GC (Allocation Failure) [PSYoungGen: 65888K->1501K(65536K)] 393449K->329063K(563712K), 0.0021996 secs] [Times: user=0.01 sys=0.00, real=0.00 secs] 
910.145: [GC (Allocation Failure) [PSYoungGen: 65501K->1389K(65024K)] 393063K->328951K(563200K), 0.0017062 secs] [Times: user=0.00 sys=0.00, real=0.00 secs] 
910.256: [GC (Allocation Failure) [PSYoungGen: 64877K->1453K(64512K)] 392439K->329015K(562688K), 0.0015717 secs] [Times: user=0.01 sys=0.00, real=0.00 secs] 
910.367: [GC (Allocation Failure) [PSYoungGen: 64429K->1424K(70656K)] 391991K->328994K(568832K), 0.0017013 secs] [Times: user=0.00 sys=0.00, real=0.00 secs] 
911.048: [GC (Allocation Failure) [PSYoungGen: 70544K->1392K(70144K)] 398114K->328969K(568320K), 0.0038767 secs] [Times: user=0.01 sys=0.00, real=0.00 secs] 
912.154: [GC (Allocation Failure) [PSYoungGen: 70000K->1408K(69632K)] 397577K->328985K(567808K), 0.0035498 secs] [Times: user=0.02 sys=0.00, real=0.00 secs] 
912.868: [GC (Allocation Failure) [PSYoungGen: 69504K->1344K(69120K)] 397081K->328921K(567296K), 0.0029732 secs] [Times: user=0.01 sys=0.00, real=0.00 secs] 
913.427: [GC (Allocation Failure) [PSYoungGen: 68928K->1376K(68608K)] 396505K->328953K(566784K), 0.0024583 secs] [Times: user=0.01 sys=0.00, real=0.00 secs] 
913.906: [GC (Allocation Failure) [PSYoungGen: 68448K->1469K(68096K)] 396025K->329047K(566272K), 0.0020052 secs] [Times: user=0.00 sys=0.00, real=0.00 secs] 
914.057: [GC (Allocation Failure) [PSYoungGen: 68029K->1453K(67584K)] 395607K->329031K(565760K), 0.0016301 secs] [Times: user=0.01 sys=0.00, real=0.00 secs] 
914.173: [GC (Allocation Failure) [PSYoungGen: 67501K->1485K(67072K)] 395079K->329063K(565248K), 0.0015078 secs] [Times: user=0.00 sys=0.00, real=0.00 secs] 
914.306: [GC (Allocation Failure) [PSYoungGen: 67021K->1453K(66560K)] 394599K->329039K(564736K), 0.0018991 secs] [Times: user=0.00 sys=0.00, real=0.00 secs] 
914.583: [GC (Allocation Failure) [PSYoungGen: 66477K->1408K(66048K)] 394063K->329017K(564224K), 0.0019932 secs] [Times: user=0.00 sys=0.00, real=0.00 secs] 
914.873: [GC (Allocation Failure) [PSYoungGen: 65920K->1392K(65536K)] 393529K->329001K(563712K), 0.0020098 secs] [Times: user=0.01 sys=0.00, real=0.00 secs] 
915.263: [GC (Allocation Failure) [PSYoungGen: 65392K->1408K(65024K)] 393001K->329017K(563200K), 0.0019806 secs] [Times: user=0.00 sys=0.00, real=0.00 secs] 
915.951: [GC (Allocation Failure) [PSYoungGen: 64896K->1376K(64512K)] 392505K->328985K(562688K), 0.0028080 secs] [Times: user=0.01 sys=0.00, real=0.01 secs] 
916.658: [GC (Allocation Failure) [PSYoungGen: 64352K->1376K(64000K)] 391961K->328985K(562176K), 0.0026869 secs] [Times: user=0.01 sys=0.00, real=0.00 secs] 
916.942: [GC (Allocation Failure) [PSYoungGen: 63840K->1485K(63488K)] 391449K->329095K(561664K), 0.0019321 secs] [Times: user=0.01 sys=0.00, real=0.01 secs] 
917.060: [GC (Allocation Failure) [PSYoungGen: 63437K->416K(61952K)] 391047K->329049K(560128K), 0.0015486 secs] [Times: user=0.01 sys=0.00, real=0.00 secs] 
917.168: [GC (Allocation Failure) [PSYoungGen: 61856K->493K(62976K)] 390489K->329151K(561152K), 0.0015439 secs] [Times: user=0.01 sys=0.00, real=0.00 secs] 
917.275: [GC (Allocation Failure) [PSYoungGen: 61421K->461K(64000K)] 390079K->329119K(562176K), 0.0015156 secs] [Times: user=0.01 sys=0.00, real=0.00 secs] 
917.497: [GC (Allocation Failure) [PSYoungGen: 62413K->1424K(62976K)] 391071K->330081K(561152K), 0.0016533 secs] [Times: user=0.01 sys=0.00, real=0.00 secs] 
917.751: [GC (Allocation Failure) [PSYoungGen: 62864K->1376K(62464K)] 391521K->330033K(560640K), 0.0016860 secs] [Times: user=0.00 sys=0.00, real=0.01 secs] 
918.004: [GC (Allocation Failure) [PSYoungGen: 62304K->1376K(61952K)] 390961K->330033K(560128K), 0.0015924 secs] [Times: user=0.01 sys=0.00, real=0.00 secs] 
918.254: [GC (Allocation Failure) [PSYoungGen: 61792K->1344K(61440K)] 390449K->330001K(559616K), 0.0015997 secs] [Times: user=0.01 sys=0.00, real=0.00 secs] 
918.498: [GC (Allocation Failure) [PSYoungGen: 61248K->1392K(60928K)] 389905K->330050K(559104K), 0.0014776 secs] [Times: user=0.01 sys=0.00, real=0.00 secs] 
918.618: [GC (Allocation Failure) [PSYoungGen: 60784K->1485K(60416K)] 389442K->330143K(558592K), 0.0019174 secs] [Times: user=0.01 sys=0.00, real=0.00 secs] 
918.762: [GC (Allocation Failure) [PSYoungGen: 60365K->1421K(60928K)] 389023K->330087K(559104K), 0.0019981 secs] [Times: user=0.00 sys=0.00, real=0.01 secs] 
918.874: [GC (Allocation Failure) [PSYoungGen: 60301K->1501K(66560K)] 388967K->330167K(564736K), 0.0016091 secs] [Times: user=0.00 sys=0.00, real=0.00 secs] 
918.989: [GC (Allocation Failure) [PSYoungGen: 66013K->1453K(66560K)] 394679K->330119K(564736K), 0.0015442 secs] [Times: user=0.01 sys=0.00, real=0.00 secs] 
919.457: [GC (Allocation Failure) [PSYoungGen: 65965K->1440K(72192K)] 394631K->330105K(570368K), 0.0025348 secs] [Times: user=0.01 sys=0.00, real=0.00 secs] 
920.020: [GC (Allocation Failure) [PSYoungGen: 72096K->1408K(71680K)] 400761K->330073K(569856K), 0.0025670 secs] [Times: user=0.01 sys=0.00, real=0.00 secs] 
920.603: [GC (Allocation Failure) [PSYoungGen: 71552K->1376K(71168K)] 400217K->330041K(569344K), 0.0024085 secs] [Times: user=0.01 sys=0.00, real=0.00 secs] 
921.234: [GC (Allocation Failure) [PSYoungGen: 71008K->1376K(70656K)] 399673K->330041K(568832K), 0.0023305 secs] [Times: user=0.01 sys=0.00, real=0.00 secs] 
921.503: [GC (Allocation Failure) [PSYoungGen: 70496K->1456K(70144K)] 399161K->330122K(568320K), 0.0016909 secs] [Times: user=0.00 sys=0.00, real=0.01 secs] 
921.624: [GC (Allocation Failure) [PSYoungGen: 70064K->1456K(69632K)] 398730K->330122K(567808K), 0.0016411 secs] [Times: user=0.01 sys=0.00, real=0.00 secs] 
921.744: [GC (Allocation Failure) [PSYoungGen: 69552K->1485K(69120K)] 398218K->330159K(567296K), 0.0016119 secs] [Times: user=0.00 sys=0.00, real=0.00 secs] 
921.864: [GC (Allocation Failure) [PSYoungGen: 69069K->1488K(69632K)] 397743K->330162K(567808K), 0.0015952 secs] [Times: user=0.01 sys=0.00, real=0.00 secs] 
922.346: [GC (Allocation Failure) [PSYoungGen: 69072K->1408K(68608K)] 397746K->330081K(566784K), 0.0022334 secs] [Times: user=0.00 sys=0.00, real=0.00 secs] 
922.625: [GC (Allocation Failure) [PSYoungGen: 68480K->1408K(68096K)] 397153K->330081K(566272K), 0.0020978 secs] [Times: user=0.01 sys=0.00, real=0.00 secs] 
922.992: [GC (Allocation Failure) [PSYoungGen: 67968K->1376K(67584K)] 396641K->330073K(565760K), 0.0024478 secs] [Times: user=0.01 sys=0.00, real=0.01 secs] 
923.278: [GC (Allocation Failure) [PSYoungGen: 67424K->1376K(67072K)] 396121K->330073K(565248K), 0.0020371 secs] [Times: user=0.01 sys=0.00, real=0.00 secs] 
923.503: [GC (Allocation Failure) [PSYoungGen: 66912K->1424K(66560K)] 395609K->330122K(564736K), 0.0015164 secs] [Times: user=0.01 sys=0.00, real=0.00 secs] 
923.618: [GC (Allocation Failure) [PSYoungGen: 66448K->1504K(66048K)] 395146K->330202K(564224K), 0.0016843 secs] [Times: user=0.01 sys=0.00, real=0.00 secs] 
923.732: [GC (Allocation Failure) [PSYoungGen: 66016K->1453K(72192K)] 394714K->330151K(570368K), 0.0015445 secs] [Times: user=0.00 sys=0.00, real=0.01 secs] 
923.857: [GC (Allocation Failure) [PSYoungGen: 72109K->1421K(72704K)] 400807K->330135K(570880K), 0.0015647 secs] [Times: user=0.01 sys=0.00, real=0.00 secs] 
924.695: [GC (Allocation Failure) [PSYoungGen: 72077K->1424K(71680K)] 400791K->330137K(569856K), 0.0020386 secs] [Times: user=0.01 sys=0.00, real=0.00 secs] 
925.853: [GC (Allocation Failure) [PSYoungGen: 71568K->1376K(71168K)] 400281K->330089K(569344K), 0.0039982 secs] [Times: user=0.01 sys=0.00, real=0.00 secs] 
926.872: [GC (Allocation Failure) [PSYoungGen: 71008K->1376K(70656K)] 399721K->330089K(568832K), 0.0037490 secs] [Times: user=0.02 sys=0.00, real=0.01 secs] 
928.102: [GC (Allocation Failure) [PSYoungGen: 70496K->1376K(70144K)] 399209K->330089K(568320K), 0.0040380 secs] [Times: user=0.01 sys=0.00, real=0.01 secs] 
928.519: [GC (Allocation Failure) [PSYoungGen: 69984K->1453K(69632K)] 398697K->330175K(567808K), 0.0019705 secs] [Times: user=0.01 sys=0.00, real=0.00 secs] 
928.655: [GC (Allocation Failure) [PSYoungGen: 69549K->1517K(69120K)] 398271K->330239K(567296K), 0.0014985 secs] [Times: user=0.00 sys=0.00, real=0.00 secs] 
928.775: [GC (Allocation Failure) [PSYoungGen: 69101K->1485K(68608K)] 397823K->330207K(566784K), 0.0015389 secs] [Times: user=0.01 sys=0.00, real=0.00 secs] 
928.894: [GC (Allocation Failure) [PSYoungGen: 68324K->256K(67072K)] 397045K->328977K(565248K), 0.0014679 secs] [Times: user=0.00 sys=0.00, real=0.00 secs] 
929.462: [GC (Allocation Failure) [PSYoungGen: 66816K->1376K(67584K)] 395537K->330097K(565760K), 0.0019604 secs] [Times: user=0.01 sys=0.00, real=0.01 secs] 
930.182: [GC (Allocation Failure) [PSYoungGen: 67424K->1376K(67072K)] 396145K->330097K(565248K), 0.0028014 secs] [Times: user=0.01 sys=0.00, real=0.01 secs] 
930.926: [GC (Allocation Failure) [PSYoungGen: 66912K->1376K(66560K)] 395633K->330097K(564736K), 0.0034023 secs] [Times: user=0.01 sys=0.01, real=0.00 secs] 
931.750: [GC (Allocation Failure) [PSYoungGen: 66400K->1360K(66048K)] 395121K->330081K(564224K), 0.0026082 secs] [Times: user=0.01 sys=0.00, real=0.00 secs] 
932.243: [GC (Allocation Failure) [PSYoungGen: 65872K->1485K(65536K)] 394593K->330207K(563712K), 0.0019082 secs] [Times: user=0.01 sys=0.00, real=0.01 secs] 
932.365: [GC (Allocation Failure) [PSYoungGen: 65485K->1421K(65024K)] 394207K->330143K(563200K), 0.0017730 secs] [Times: user=0.01 sys=0.00, real=0.00 secs] 
932.476: [GC (Allocation Failure) [PSYoungGen: 64909K->1421K(64512K)] 393631K->330143K(562688K), 0.0015755 secs] [Times: user=0.01 sys=0.00, real=0.00 secs] 
932.602: [GC (Allocation Failure) [PSYoungGen: 64397K->1456K(70656K)] 393119K->330186K(568832K), 0.0018731 secs] [Times: user=0.01 sys=0.00, real=0.01 secs] 
933.779: [GC (Allocation Failure) [PSYoungGen: 70576K->1408K(70144K)] 399306K->330145K(568320K), 0.0028957 secs] [Times: user=0.02 sys=0.00, real=0.00 secs] 
934.654: [GC (Allocation Failure) [PSYoungGen: 70016K->1376K(69632K)] 398753K->330121K(567808K), 0.0033664 secs] [Times: user=0.01 sys=0.00, real=0.00 secs] 
935.574: [GC (Allocation Failure) [PSYoungGen: 69472K->1408K(69120K)] 398217K->330153K(567296K), 0.0026211 secs] [Times: user=0.01 sys=0.00, real=0.00 secs] 
936.183: [GC (Allocation Failure) [PSYoungGen: 68992K->1360K(68608K)] 397737K->330121K(566784K), 0.0026849 secs] [Times: user=0.01 sys=0.00, real=0.01 secs] 
936.699: [GC (GCLocker Initiated GC) [PSYoungGen: 68432K->1453K(68096K)] 397193K->330215K(566272K), 0.0020185 secs] [Times: user=0.00 sys=0.00, real=0.00 secs] 
936.825: [GC (Allocation Failure) [PSYoungGen: 68013K->1325K(67584K)] 396906K->330218K(565760K), 0.0016301 secs] [Times: user=0.01 sys=0.00, real=0.00 secs] 
936.941: [GC (Allocation Failure) [PSYoungGen: 67373K->1485K(67072K)] 396266K->330386K(565248K), 0.0019020 secs] [Times: user=0.01 sys=0.00, real=0.01 secs] 
937.058: [GC (Allocation Failure) [PSYoungGen: 67021K->1456K(67584K)] 395922K->330365K(565760K), 0.0016266 secs] [Times: user=0.01 sys=0.00, real=0.00 secs] 
937.481: [GC (Allocation Failure) [PSYoungGen: 66992K->1440K(66560K)] 395901K->330348K(564736K), 0.0018710 secs] [Times: user=0.00 sys=0.00, real=0.00 secs] 
937.752: [GC (Allocation Failure) [PSYoungGen: 66464K->1408K(66048K)] 395372K->330316K(564224K), 0.0019243 secs] [Times: user=0.00 sys=0.00, real=0.01 secs] 
938.131: [GC (Allocation Failure) [PSYoungGen: 65920K->1408K(65536K)] 394828K->330316K(563712K), 0.0017813 secs] [Times: user=0.00 sys=0.00, real=0.01 secs] 
938.599: [GC (Allocation Failure) [PSYoungGen: 65408K->1408K(65024K)] 394316K->330316K(563200K), 0.0020568 secs] [Times: user=0.00 sys=0.00, real=0.00 secs] 
939.018: [GC (Allocation Failure) [PSYoungGen: 64896K->1437K(64512K)] 393804K->330346K(562688K), 0.0018192 secs] [Times: user=0.01 sys=0.00, real=0.00 secs] 
939.138: [GC (Allocation Failure) [PSYoungGen: 64413K->1536K(64512K)] 393322K->330445K(562688K), 0.0017299 secs] [Times: user=0.01 sys=0.00, real=0.00 secs] 
939.263: [GC (Allocation Failure) [PSYoungGen: 64000K->509K(62464K)] 392909K->330442K(560640K), 0.0019101 secs] [Times: user=0.00 sys=0.00, real=0.00 secs] 
939.406: [GC (Allocation Failure) [PSYoungGen: 62461K->493K(69632K)] 392394K->330450K(567808K), 0.0018492 secs] [Times: user=0.01 sys=0.00, real=0.00 secs] 
939.751: [GC (Allocation Failure) [PSYoungGen: 68077K->1456K(68608K)] 398034K->331412K(566784K), 0.0020073 secs] [Times: user=0.00 sys=0.01, real=0.00 secs] 
940.116: [GC (Allocation Failure) [PSYoungGen: 68528K->1440K(68096K)] 398484K->331396K(566272K), 0.0020978 secs] [Times: user=0.01 sys=0.00, real=0.00 secs] 
940.393: [GC (Allocation Failure) [PSYoungGen: 68000K->1408K(67584K)] 397956K->331364K(565760K), 0.0017901 secs] [Times: user=0.01 sys=0.00, real=0.01 secs] 
940.781: [GC (Allocation Failure) [PSYoungGen: 67456K->1456K(67072K)] 397412K->331420K(565248K), 0.0020142 secs] [Times: user=0.01 sys=0.00, real=0.00 secs] 
941.218: [GC (Allocation Failure) [PSYoungGen: 66992K->1437K(66560K)] 396956K->331418K(564736K), 0.0020226 secs] [Times: user=0.01 sys=0.00, real=0.00 secs] 
941.348: [GC (Allocation Failure) [PSYoungGen: 66461K->1424K(66048K)] 396442K->331413K(564224K), 0.0016295 secs] [Times: user=0.00 sys=0.01, real=0.00 secs] 
941.461: [GC (Allocation Failure) [PSYoungGen: 65936K->1421K(65536K)] 395925K->331410K(563712K), 0.0016164 secs] [Times: user=0.01 sys=0.00, real=0.00 secs] 
941.573: [GC (Allocation Failure) [PSYoungGen: 65421K->1421K(66560K)] 395410K->331426K(564736K), 0.0016292 secs] [Times: user=0.01 sys=0.00, real=0.00 secs] 
941.686: [GC (Allocation Failure) [PSYoungGen: 65933K->160K(72192K)] 395938K->330164K(570368K), 0.0015842 secs] [Times: user=0.00 sys=0.00, real=0.00 secs] 
942.960: [GC (Allocation Failure) [PSYoungGen: 70304K->1376K(71168K)] 400308K->331380K(569344K), 0.0023855 secs] [Times: user=0.01 sys=0.00, real=0.00 secs] 
943.551: [GC (Allocation Failure) [PSYoungGen: 71008K->1344K(70656K)] 401012K->331364K(568832K), 0.0018970 secs] [Times: user=0.01 sys=0.00, real=0.00 secs] 
944.314: [GC (Allocation Failure) [PSYoungGen: 70464K->1344K(70144K)] 400484K->331364K(568320K), 0.0022212 secs] [Times: user=0.01 sys=0.00, real=0.00 secs] 
945.181: [GC (Allocation Failure) [PSYoungGen: 69952K->1376K(69632K)] 399972K->331396K(567808K), 0.0027701 secs] [Times: user=0.01 sys=0.00, real=0.01 secs] 
945.476: [GC (Allocation Failure) [PSYoungGen: 69472K->1453K(69120K)] 399492K->331474K(567296K), 0.0020428 secs] [Times: user=0.00 sys=0.00, real=0.00 secs] 
945.600: [GC (Allocation Failure) [PSYoungGen: 69037K->1485K(68608K)] 399058K->331506K(566784K), 0.0016759 secs] [Times: user=0.01 sys=0.00, real=0.00 secs] 
945.718: [GC (Allocation Failure) [PSYoungGen: 68553K->1485K(68096K)] 398574K->331514K(566272K), 0.0016172 secs] [Times: user=0.00 sys=0.00, real=0.00 secs] 
945.872: [GC (Allocation Failure) [PSYoungGen: 68045K->1936K(68096K)] 398074K->331964K(566272K), 0.0017203 secs] [Times: user=0.00 sys=0.00, real=0.01 secs] 
946.288: [GC (Allocation Failure) [PSYoungGen: 67984K->1344K(67072K)] 398012K->331372K(565248K), 0.0017590 secs] [Times: user=0.01 sys=0.00, real=0.00 secs] 
946.560: [GC (Allocation Failure) [PSYoungGen: 66880K->1344K(66560K)] 396908K->331372K(564736K), 0.0016652 secs] [Times: user=0.01 sys=0.00, real=0.00 secs] 
946.951: [GC (Allocation Failure) [PSYoungGen: 66368K->1408K(66048K)] 396396K->331436K(564224K), 0.0017644 secs] [Times: user=0.00 sys=0.00, real=0.01 secs] 
947.464: [GC (Allocation Failure) [PSYoungGen: 65920K->1376K(65536K)] 395948K->331404K(563712K), 0.0017971 secs] [Times: user=0.01 sys=0.00, real=0.00 secs] 
947.737: [GC (Allocation Failure) [PSYoungGen: 65376K->1456K(65024K)] 395404K->331485K(563200K), 0.0017412 secs] [Times: user=0.00 sys=0.00, real=0.00 secs] 
947.848: [GC (Allocation Failure) [PSYoungGen: 64944K->1389K(64512K)] 394973K->331418K(562688K), 0.0016644 secs] [Times: user=0.00 sys=0.00, real=0.00 secs] 
947.958: [GC (Allocation Failure) [PSYoungGen: 64365K->1453K(64000K)] 394394K->331482K(562176K), 0.0016921 secs] [Times: user=0.00 sys=0.00, real=0.00 secs] 
948.069: [GC (Allocation Failure) [PSYoungGen: 63917K->1421K(64512K)] 393946K->331466K(562688K), 0.0015239 secs] [Times: user=0.01 sys=0.00, real=0.00 secs] 
948.659: [GC (Allocation Failure) [PSYoungGen: 63885K->1440K(63488K)] 393930K->331484K(561664K), 0.0020826 secs] [Times: user=0.01 sys=0.00, real=0.00 secs] 
949.277: [GC (Allocation Failure) [PSYoungGen: 63392K->1408K(62976K)] 393436K->331452K(561152K), 0.0027664 secs] [Times: user=0.01 sys=0.00, real=0.00 secs] 
949.698: [GC (Allocation Failure) [PSYoungGen: 62848K->1376K(62464K)] 392892K->331420K(560640K), 0.0019738 secs] [Times: user=0.01 sys=0.00, real=0.00 secs] 
950.004: [GC (Allocation Failure) [PSYoungGen: 62304K->1344K(61952K)] 392348K->331388K(560128K), 0.0018499 secs] [Times: user=0.00 sys=0.00, real=0.00 secs] 
950.950: [GC (Allocation Failure) [PSYoungGen: 61760K->1437K(61440K)] 391804K->331482K(559616K), 0.0025243 secs] [Times: user=0.01 sys=0.00, real=0.00 secs] 
951.140: [GC (Allocation Failure) [PSYoungGen: 61341K->1453K(60928K)] 391386K->331498K(559104K), 0.0022799 secs] [Times: user=0.01 sys=0.00, real=0.00 secs] 
951.282: [GC (Allocation Failure) [PSYoungGen: 60845K->1456K(60416K)] 390890K->331509K(558592K), 0.0015679 secs] [Times: user=0.00 sys=0.00, real=0.01 secs] 
951.386: [GC (Allocation Failure) [PSYoungGen: 60336K->1456K(60928K)] 390389K->331509K(559104K), 0.0016360 secs] [Times: user=0.01 sys=0.01, real=0.00 secs] 
951.490: [GC (Allocation Failure) [PSYoungGen: 60336K->1424K(60928K)] 390389K->331477K(559104K), 0.0016386 secs] [Times: user=0.01 sys=0.00, real=0.00 secs] 
953.031: [GC (Allocation Failure) [PSYoungGen: 60304K->1456K(59904K)] 390357K->331516K(558080K), 0.0037463 secs] [Times: user=0.02 sys=0.00, real=0.01 secs] 
953.975: [GC (Allocation Failure) [PSYoungGen: 59824K->1376K(59392K)] 389884K->331436K(557568K), 0.0034403 secs] [Times: user=0.01 sys=0.01, real=0.00 secs] 
954.453: [GC (Allocation Failure) [PSYoungGen: 59232K->1376K(59392K)] 389292K->331436K(557568K), 0.0026471 secs] [Times: user=0.01 sys=0.01, real=0.01 secs] 
955.098: [GC (Allocation Failure) [PSYoungGen: 59232K->1376K(59392K)] 389292K->331436K(557568K), 0.0024968 secs] [Times: user=0.01 sys=0.00, real=0.00 secs] 
955.690: [GC (Allocation Failure) [PSYoungGen: 59232K->1408K(59392K)] 389292K->331468K(557568K), 0.0024037 secs] [Times: user=0.00 sys=0.00, real=0.00 secs] 
955.988: [GC (Allocation Failure) [PSYoungGen: 59264K->1456K(59392K)] 389324K->331517K(557568K), 0.0020878 secs] [Times: user=0.01 sys=0.00, real=0.00 secs] 
956.102: [GC (Allocation Failure) [PSYoungGen: 59312K->1392K(59392K)] 389373K->331469K(557568K), 0.0016228 secs] [Times: user=0.01 sys=0.00, real=0.01 secs] 
956.216: [GC (Allocation Failure) [PSYoungGen: 59248K->1488K(59392K)] 389325K->331565K(557568K), 0.0017752 secs] [Times: user=0.00 sys=0.00, real=0.00 secs] 
956.345: [GC (Allocation Failure) [PSYoungGen: 59344K->1485K(62464K)] 389421K->331562K(560640K), 0.0019284 secs] [Times: user=0.01 sys=0.00, real=0.00 secs] 
956.866: [GC (Allocation Failure) [PSYoungGen: 62413K->1424K(61952K)] 392490K->331500K(560128K), 0.0028817 secs] [Times: user=0.01 sys=0.00, real=0.00 secs] 
957.483: [GC (Allocation Failure) [PSYoungGen: 61840K->1376K(61440K)] 391916K->331452K(559616K), 0.0022493 secs] [Times: user=0.01 sys=0.00, real=0.00 secs] 
958.512: [GC (Allocation Failure) [PSYoungGen: 61280K->1408K(60928K)] 391356K->331484K(559104K), 0.0031626 secs] [Times: user=0.01 sys=0.00, real=0.01 secs] 
959.586: [GC (Allocation Failure) [PSYoungGen: 60800K->1392K(60416K)] 390876K->331468K(558592K), 0.0034478 secs] [Times: user=0.01 sys=0.00, real=0.00 secs] 
960.534: [GC (Allocation Failure) [PSYoungGen: 60272K->1376K(59904K)] 390348K->331452K(558080K), 0.0027657 secs] [Times: user=0.01 sys=0.00, real=0.00 secs] 
961.039: [GC (Allocation Failure) [PSYoungGen: 59744K->400K(58368K)] 389820K->331501K(556544K), 0.0018926 secs] [Times: user=0.01 sys=0.00, real=0.00 secs] 
961.156: [GC (Allocation Failure) [PSYoungGen: 58245K->461K(59904K)] 389346K->331578K(558080K), 0.0016470 secs] [Times: user=0.00 sys=0.00, real=0.00 secs] 
961.257: [GC (Allocation Failure) [PSYoungGen: 58317K->429K(59904K)] 389434K->331546K(558080K), 0.0015316 secs] [Times: user=0.00 sys=0.00, real=0.00 secs] 
961.371: [GC (Allocation Failure) [PSYoungGen: 58276K->461K(59904K)] 389393K->331578K(558080K), 0.0018009 secs] [Times: user=0.01 sys=0.00, real=0.00 secs] 
962.072: [GC (Allocation Failure) [PSYoungGen: 58317K->1424K(59392K)] 389434K->332540K(557568K), 0.0020283 secs] [Times: user=0.01 sys=0.01, real=0.01 secs] 
962.371: [GC (Allocation Failure) [PSYoungGen: 59280K->1344K(59392K)] 390396K->332460K(557568K), 0.0021186 secs] [Times: user=0.01 sys=0.00, real=0.00 secs] 
962.713: [GC (Allocation Failure) [PSYoungGen: 59200K->1376K(59392K)] 390316K->332492K(557568K), 0.0020400 secs] [Times: user=0.01 sys=0.00, real=0.01 secs] 
963.178: [GC (Allocation Failure) [PSYoungGen: 59232K->1344K(59392K)] 390348K->332460K(557568K), 0.0020870 secs] [Times: user=0.01 sys=0.00, real=0.00 secs] 
963.752: [GC (Allocation Failure) [PSYoungGen: 59200K->1376K(59392K)] 390316K->332492K(557568K), 0.0019942 secs] [Times: user=0.01 sys=0.00, real=0.01 secs] 
964.356: [GC (Allocation Failure) [PSYoungGen: 59232K->1469K(59392K)] 390348K->332586K(557568K), 0.0022828 secs] [Times: user=0.01 sys=0.00, real=0.00 secs] 
964.497: [GC (Allocation Failure) [PSYoungGen: 59325K->1424K(59392K)] 390442K->332549K(557568K), 0.0015334 secs] [Times: user=0.01 sys=0.00, real=0.00 secs] 
964.598: [GC (Allocation Failure) [PSYoungGen: 59280K->1421K(59392K)] 390405K->332546K(557568K), 0.0016795 secs] [Times: user=0.01 sys=0.00, real=0.00 secs] 
964.700: [GC (Allocation Failure) [PSYoungGen: 59277K->1453K(60928K)] 390402K->332602K(559104K), 0.0016244 secs] [Times: user=0.01 sys=0.00, real=0.00 secs] 
964.806: [GC (Allocation Failure) [PSYoungGen: 60690K->288K(61440K)] 391839K->331436K(559616K), 0.0017904 secs] [Times: user=0.01 sys=0.00, real=0.00 secs] 
965.934: [GC (Allocation Failure) [PSYoungGen: 59680K->1376K(60416K)] 390828K->332524K(558592K), 0.0027581 secs] [Times: user=0.01 sys=0.00, real=0.00 secs] 
966.804: [GC (Allocation Failure) [PSYoungGen: 60256K->1376K(59904K)] 391404K->332524K(558080K), 0.0042486 secs] [Times: user=0.01 sys=0.00, real=0.00 secs] 
967.597: [GC (Allocation Failure) [PSYoungGen: 59744K->1392K(59392K)] 390892K->332540K(557568K), 0.0026620 secs] [Times: user=0.01 sys=0.00, real=0.00 secs] 
968.506: [GC (Allocation Failure) [PSYoungGen: 59248K->1376K(59392K)] 390396K->332524K(557568K), 0.0032525 secs] [Times: user=0.01 sys=0.00, real=0.00 secs] 
969.581: [GC (Allocation Failure) [PSYoungGen: 59232K->1456K(59392K)] 390380K->332605K(557568K), 0.0030155 secs] [Times: user=0.01 sys=0.00, real=0.01 secs] 
969.755: [GC (Allocation Failure) [PSYoungGen: 59312K->1485K(59392K)] 390461K->332642K(557568K), 0.0020283 secs] [Times: user=0.01 sys=0.00, real=0.00 secs] 
969.889: [GC (Allocation Failure) [PSYoungGen: 59341K->1421K(59392K)] 390498K->332578K(557568K), 0.0017802 secs] [Times: user=0.01 sys=0.00, real=0.00 secs] 
970.017: [GC (Allocation Failure) [PSYoungGen: 59277K->1421K(64000K)] 390434K->332578K(562176K), 0.0018833 secs] [Times: user=0.01 sys=0.00, real=0.00 secs] 
970.165: [GC (Allocation Failure) [PSYoungGen: 63373K->1456K(65536K)] 394530K->332613K(563712K), 0.0020016 secs] [Times: user=0.00 sys=0.00, real=0.00 secs] 
971.185: [GC (Allocation Failure) [PSYoungGen: 64944K->1408K(64512K)] 396101K->332564K(562688K), 0.0027596 secs] [Times: user=0.01 sys=0.00, real=0.00 secs] 
971.438: [GC (Allocation Failure) [PSYoungGen: 64384K->1376K(64000K)] 395540K->332532K(562176K), 0.0020625 secs] [Times: user=0.01 sys=0.00, real=0.00 secs] 
971.698: [GC (Allocation Failure) [PSYoungGen: 63840K->1344K(63488K)] 394996K->332500K(561664K), 0.0019256 secs] [Times: user=0.00 sys=0.00, real=0.00 secs] 
972.098: [GC (Allocation Failure) [PSYoungGen: 63296K->1376K(62976K)] 394452K->332532K(561152K), 0.0019752 secs] [Times: user=0.01 sys=0.00, real=0.00 secs] 
972.532: [GC (Allocation Failure) [PSYoungGen: 62816K->1472K(62464K)] 393972K->332629K(560640K), 0.0019971 secs] [Times: user=0.00 sys=0.00, real=0.01 secs] 
972.678: [GC (Allocation Failure) [PSYoungGen: 62400K->1453K(61952K)] 393557K->332618K(560128K), 0.0019589 secs] [Times: user=0.01 sys=0.00, real=0.00 secs] 
972.826: [GC (Allocation Failure) [PSYoungGen: 61869K->1421K(61440K)] 393034K->332594K(559616K), 0.0020879 secs] [Times: user=0.01 sys=0.00, real=0.00 secs] 
972.978: [GC (Allocation Failure) [PSYoungGen: 61325K->1421K(61952K)] 392498K->332594K(560128K), 0.0016775 secs] [Times: user=0.01 sys=0.00, real=0.00 secs] 
973.082: [GC (Allocation Failure) [PSYoungGen: 61325K->1440K(61952K)] 392498K->332620K(560128K), 0.0014403 secs] [Times: user=0.01 sys=0.00, real=0.01 secs] 
973.981: [GC (Allocation Failure) [PSYoungGen: 61344K->1376K(60928K)] 392524K->332580K(559104K), 0.0025704 secs] [Times: user=0.01 sys=0.00, real=0.01 secs] 
974.790: [GC (Allocation Failure) [PSYoungGen: 60768K->1360K(60416K)] 391972K->332572K(558592K), 0.0024611 secs] [Times: user=0.01 sys=0.01, real=0.00 secs] 
975.492: [GC (Allocation Failure) [PSYoungGen: 60240K->1344K(59904K)] 391452K->332556K(558080K), 0.0025029 secs] [Times: user=0.01 sys=0.00, real=0.01 secs] 
976.144: [GC (Allocation Failure) [PSYoungGen: 59712K->1344K(59392K)] 390924K->332556K(557568K), 0.0019658 secs] [Times: user=0.01 sys=0.00, real=0.00 secs] 
977.136: [GC (Allocation Failure) [PSYoungGen: 59200K->1437K(59392K)] 390412K->332650K(557568K), 0.0023861 secs] [Times: user=0.01 sys=0.00, real=0.00 secs] 
977.296: [GC (Allocation Failure) [PSYoungGen: 59293K->1485K(59392K)] 390506K->332698K(557568K), 0.0017065 secs] [Times: user=0.00 sys=0.00, real=0.00 secs] 
977.397: [GC (Allocation Failure) [PSYoungGen: 59341K->1424K(59392K)] 390554K->332653K(557568K), 0.0015354 secs] [Times: user=0.01 sys=0.00, real=0.00 secs] 
977.498: [GC (Allocation Failure) [PSYoungGen: 59280K->1421K(64512K)] 390509K->332650K(562688K), 0.0017144 secs] [Times: user=0.01 sys=0.00, real=0.00 secs] 
977.624: [GC (Allocation Failure) [PSYoungGen: 63885K->1453K(65536K)] 395114K->332682K(563712K), 0.0018562 secs] [Times: user=0.01 sys=0.00, real=0.00 secs] 
979.370: [GC (Allocation Failure) [PSYoungGen: 64941K->1408K(64512K)] 396170K->332636K(562688K), 0.0038285 secs] [Times: user=0.01 sys=0.00, real=0.01 secs] 
980.406: [GC (Allocation Failure) [PSYoungGen: 64384K->1376K(64000K)] 395612K->332604K(562176K), 0.0038827 secs] [Times: user=0.02 sys=0.00, real=0.00 secs] 
981.277: [GC (Allocation Failure) [PSYoungGen: 63840K->1392K(63488K)] 395068K->332620K(561664K), 0.0118137 secs] [Times: user=0.06 sys=0.00, real=0.01 secs] 
981.847: [GC (Allocation Failure) [PSYoungGen: 63344K->1376K(62976K)] 394572K->332604K(561152K), 0.0024028 secs] [Times: user=0.01 sys=0.00, real=0.00 secs] 
982.395: [GC (Allocation Failure) [PSYoungGen: 62816K->1437K(62464K)] 394044K->332666K(560640K), 0.0021513 secs] [Times: user=0.01 sys=0.00, real=0.00 secs] 
982.562: [GC (Allocation Failure) [PSYoungGen: 62365K->1421K(61952K)] 393594K->332658K(560128K), 0.0020089 secs] [Times: user=0.00 sys=0.00, real=0.01 secs] 
982.710: [GC (Allocation Failure) [PSYoungGen: 61837K->1389K(61440K)] 393074K->332626K(559616K), 0.0016461 secs] [Times: user=0.00 sys=0.00, real=0.00 secs] 
982.815: [GC (Allocation Failure) [PSYoungGen: 61293K->1421K(61952K)] 392530K->332658K(560128K), 0.0015320 secs] [Times: user=0.01 sys=0.00, real=0.00 secs] 
983.159: [GC (Allocation Failure) [PSYoungGen: 61837K->896K(61440K)] 393074K->333156K(559616K), 0.0020176 secs] [Times: user=0.01 sys=0.00, real=0.00 secs] 
983.424: [GC (Allocation Failure) [PSYoungGen: 60800K->384K(60928K)] 393060K->332644K(559104K), 0.0019521 secs] [Times: user=0.00 sys=0.00, real=0.00 secs] 
983.671: [GC (Allocation Failure) [PSYoungGen: 59776K->352K(59392K)] 392036K->332612K(557568K), 0.0020596 secs] [Times: user=0.01 sys=0.00, real=0.01 secs] 
983.916: [GC (Allocation Failure) [PSYoungGen: 59232K->352K(59904K)] 391492K->332612K(558080K), 0.0022705 secs] [Times: user=0.01 sys=0.00, real=0.00 secs] 
984.159: [GC (Allocation Failure) [PSYoungGen: 58720K->288K(58368K)] 390980K->332548K(556544K), 0.0019175 secs] [Times: user=0.01 sys=0.00, real=0.00 secs] 
984.663: [GC (Allocation Failure) [PSYoungGen: 58144K->1472K(59904K)] 390404K->333733K(558080K), 0.0020735 secs] [Times: user=0.00 sys=0.01, real=0.01 secs] 
984.817: [GC (Allocation Failure) [PSYoungGen: 59328K->1421K(59904K)] 391589K->333682K(558080K), 0.0019513 secs] [Times: user=0.01 sys=0.00, real=0.00 secs] 
984.966: [GC (Allocation Failure) [PSYoungGen: 59277K->1453K(60416K)] 391538K->333730K(558592K), 0.0021211 secs] [Times: user=0.01 sys=0.00, real=0.00 secs] 
985.115: [GC (Allocation Failure) [PSYoungGen: 59309K->1456K(60416K)] 391586K->333733K(558592K), 0.0016324 secs] [Times: user=0.00 sys=0.00, real=0.00 secs] 
985.230: [GC (Allocation Failure) [PSYoungGen: 59312K->1472K(66048K)] 391589K->333749K(564224K), 0.0018749 secs] [Times: user=0.01 sys=0.00, real=0.00 secs] 
986.766: [GC (Allocation Failure) [PSYoungGen: 64960K->1376K(64512K)] 397237K->333652K(562688K), 0.0026632 secs] [Times: user=0.01 sys=0.00, real=0.00 secs] 
987.675: [GC (Allocation Failure) [PSYoungGen: 64352K->1360K(64512K)] 396628K->333636K(562688K), 0.0026792 secs] [Times: user=0.01 sys=0.00, real=0.00 secs] 
988.434: [GC (Allocation Failure) [PSYoungGen: 63824K->1376K(63488K)] 396100K->333652K(561664K), 0.0033495 secs] [Times: user=0.02 sys=0.00, real=0.00 secs] 
989.089: [GC (Allocation Failure) [PSYoungGen: 63328K->1376K(62976K)] 395604K->333652K(561152K), 0.0032985 secs] [Times: user=0.02 sys=0.00, real=0.00 secs] 
989.842: [GC (Allocation Failure) [PSYoungGen: 62816K->1453K(62464K)] 395092K->333730K(560640K), 0.0027681 secs] [Times: user=0.01 sys=0.00, real=0.01 secs] 
990.005: [GC (Allocation Failure) [PSYoungGen: 62381K->1453K(61952K)] 394658K->333746K(560128K), 0.0016032 secs] [Times: user=0.01 sys=0.00, real=0.00 secs] 
990.111: [GC (Allocation Failure) [PSYoungGen: 61869K->1453K(61440K)] 394162K->333746K(559616K), 0.0017814 secs] [Times: user=0.00 sys=0.00, real=0.00 secs] 
990.217: [GC (Allocation Failure) [PSYoungGen: 61357K->1421K(61952K)] 393650K->333714K(560128K), 0.0017495 secs] [Times: user=0.01 sys=0.00, real=0.00 secs] 
990.671: [GC (Allocation Failure) [PSYoungGen: 61837K->1968K(61952K)] 394130K->334261K(560128K), 0.0026440 secs] [Times: user=0.01 sys=0.00, real=0.01 secs] 
991.536: [GC (Allocation Failure) [PSYoungGen: 61872K->1376K(61440K)] 394165K->333668K(559616K), 0.0037138 secs] [Times: user=0.02 sys=0.00, real=0.00 secs] 
992.185: [GC (Allocation Failure) [PSYoungGen: 60768K->1344K(60416K)] 393060K->333636K(558592K), 0.0021344 secs] [Times: user=0.00 sys=0.01, real=0.00 secs] 
992.741: [GC (Allocation Failure) [PSYoungGen: 60224K->1376K(59904K)] 392516K->333668K(558080K), 0.0026158 secs] [Times: user=0.01 sys=0.00, real=0.01 secs] 
993.225: [GC (Allocation Failure) [PSYoungGen: 59744K->1408K(59392K)] 392036K->333700K(557568K), 0.0022615 secs] [Times: user=0.00 sys=0.01, real=0.00 secs] 
993.806: [GC (Allocation Failure) [PSYoungGen: 59264K->1453K(59904K)] 391556K->333746K(558080K), 0.0023226 secs] [Times: user=0.01 sys=0.00, real=0.00 secs] 
993.943: [GC (Allocation Failure) [PSYoungGen: 59309K->1456K(59904K)] 391602K->333749K(558080K), 0.0016659 secs] [Times: user=0.00 sys=0.00, real=0.01 secs] 
994.056: [GC (Allocation Failure) [PSYoungGen: 59312K->1421K(59904K)] 391605K->333722K(558080K), 0.0017624 secs] [Times: user=0.01 sys=0.00, real=0.00 secs] 
994.188: [GC (Allocation Failure) [PSYoungGen: 59277K->1485K(59904K)] 391578K->333786K(558080K), 0.0019669 secs] [Times: user=0.00 sys=0.00, real=0.00 secs] 
994.342: [GC (Allocation Failure) [PSYoungGen: 59341K->1565K(65536K)] 391642K->333882K(563712K), 0.0020255 secs] [Times: user=0.01 sys=0.00, real=0.01 secs] 
995.443: [GC (Allocation Failure) [PSYoungGen: 65053K->1408K(64512K)] 397370K->333724K(562688K), 0.0028765 secs] [Times: user=0.01 sys=0.00, real=0.00 secs] 
995.946: [GC (Allocation Failure) [PSYoungGen: 64384K->1376K(64000K)] 396700K->333692K(562176K), 0.0025949 secs] [Times: user=0.01 sys=0.00, real=0.00 secs] 
996.451: [GC (Allocation Failure) [PSYoungGen: 63840K->1376K(63488K)] 396156K->333692K(561664K), 0.0031162 secs] [Times: user=0.01 sys=0.00, real=0.01 secs] 
996.988: [GC (Allocation Failure) [PSYoungGen: 63328K->1376K(62976K)] 395644K->333692K(561152K), 0.0021453 secs] [Times: user=0.01 sys=0.00, real=0.00 secs] 
997.301: [GC (Allocation Failure) [PSYoungGen: 62816K->1472K(62464K)] 395132K->333789K(560640K), 0.0020564 secs] [Times: user=0.00 sys=0.00, real=0.01 secs] 
997.417: [GC (Allocation Failure) [PSYoungGen: 62400K->1424K(61952K)] 394717K->333757K(560128K), 0.0016635 secs] [Times: user=0.01 sys=0.00, real=0.00 secs] 
997.524: [GC (Allocation Failure) [PSYoungGen: 61840K->1456K(62464K)] 394173K->333789K(560640K), 0.0016081 secs] [Times: user=0.00 sys=0.00, real=0.00 secs] 
997.631: [GC (Allocation Failure) [PSYoungGen: 61872K->1536K(68096K)] 394205K->333869K(566272K), 0.0016358 secs] [Times: user=0.01 sys=0.00, real=0.00 secs] 
997.989: [GC (Allocation Failure) [PSYoungGen: 67584K->1440K(68096K)] 399917K->333772K(566272K), 0.0022757 secs] [Times: user=0.00 sys=0.00, real=0.00 secs] 
998.774: [GC (Allocation Failure) [PSYoungGen: 67488K->1344K(67072K)] 399820K->333676K(565248K), 0.0024807 secs] [Times: user=0.01 sys=0.00, real=0.00 secs] 
999.368: [GC (Allocation Failure) [PSYoungGen: 66880K->1408K(66560K)] 399212K->333740K(564736K), 0.0026388 secs] [Times: user=0.01 sys=0.00, real=0.00 secs] 
1000.078: [GC (Allocation Failure) [PSYoungGen: 66432K->1376K(66048K)] 398764K->333708K(564224K), 0.0033195 secs] [Times: user=0.01 sys=0.00, real=0.00 secs] 
1000.612: [GC (Allocation Failure) [PSYoungGen: 65888K->1344K(65536K)] 398220K->333676K(563712K), 0.0026117 secs] [Times: user=0.01 sys=0.00, real=0.01 secs] 
1000.888: [GC (Allocation Failure) [PSYoungGen: 65344K->1421K(65024K)] 397676K->333754K(563200K), 0.0015948 secs] [Times: user=0.00 sys=0.00, real=0.00 secs] 
1001.000: [GC (Allocation Failure) [PSYoungGen: 64909K->1421K(64512K)] 397242K->333754K(562688K), 0.0017439 secs] [Times: user=0.00 sys=0.00, real=0.00 secs] 
1001.110: [GC (Allocation Failure) [PSYoungGen: 64397K->1389K(64000K)] 396730K->333738K(562176K), 0.0015127 secs] [Times: user=0.00 sys=0.00, real=0.00 secs] 
1001.237: [GC (Allocation Failure) [PSYoungGen: 63853K->1421K(70656K)] 396202K->333770K(568832K), 0.0018100 secs] [Times: user=0.01 sys=0.00, real=0.00 secs] 
1001.803: [GC (Allocation Failure) [PSYoungGen: 70029K->1376K(69632K)] 402378K->333724K(567808K), 0.0022306 secs] [Times: user=0.01 sys=0.00, real=0.01 secs] 
1002.450: [GC (Allocation Failure) [PSYoungGen: 69472K->1392K(69120K)] 401820K->333740K(567296K), 0.0023381 secs] [Times: user=0.00 sys=0.00, real=0.00 secs] 
1003.262: [GC (Allocation Failure) [PSYoungGen: 68976K->1408K(68608K)] 401324K->333756K(566784K), 0.0025784 secs] [Times: user=0.01 sys=0.00, real=0.01 secs] 
1004.075: [GC (Allocation Failure) [PSYoungGen: 68480K->1376K(68096K)] 400828K->333724K(566272K), 0.0027159 secs] [Times: user=0.01 sys=0.00, real=0.00 secs] 
1004.645: [GC (Allocation Failure) [PSYoungGen: 67936K->397K(66560K)] 400284K->333770K(564736K), 0.0019636 secs] [Times: user=0.00 sys=0.00, real=0.00 secs] 
1004.821: [GC (Allocation Failure) [PSYoungGen: 66445K->461K(67584K)] 399818K->333834K(565760K), 0.0021075 secs] [Times: user=0.01 sys=0.00, real=0.01 secs] 
1004.972: [GC (Allocation Failure) [PSYoungGen: 65997K->461K(66048K)] 399370K->333850K(564224K), 0.0017300 secs] [Times: user=0.00 sys=0.00, real=0.01 secs] 
1005.085: [GC (Allocation Failure) [PSYoungGen: 65485K->461K(65024K)] 398874K->333866K(563200K), 0.0016919 secs] [Times: user=0.01 sys=0.00, real=0.00 secs] 
1006.424: [GC (Allocation Failure) [PSYoungGen: 64973K->1456K(65536K)] 398378K->334860K(563712K), 0.0038818 secs] [Times: user=0.02 sys=0.00, real=0.00 secs] 
1007.697: [GC (Allocation Failure) [PSYoungGen: 65456K->1344K(65024K)] 398860K->334748K(563200K), 0.0038685 secs] [Times: user=0.02 sys=0.00, real=0.00 secs] 
1008.440: [GC (Allocation Failure) [PSYoungGen: 64832K->1344K(64512K)] 398236K->334748K(562688K), 0.0023942 secs] [Times: user=0.01 sys=0.00, real=0.00 secs] 
1009.025: [GC (Allocation Failure) [PSYoungGen: 64320K->1408K(64000K)] 397724K->334812K(562176K), 0.0025762 secs] [Times: user=0.01 sys=0.00, real=0.00 secs] 
1009.469: [GC (Allocation Failure) [PSYoungGen: 63872K->1472K(63488K)] 397276K->334877K(561664K), 0.0023417 secs] [Times: user=0.01 sys=0.00, real=0.00 secs] 
1009.611: [GC (Allocation Failure) [PSYoungGen: 63424K->1453K(62976K)] 396829K->334858K(561152K), 0.0016048 secs] [Times: user=0.01 sys=0.00, real=0.00 secs] 
1009.719: [GC (Allocation Failure) [PSYoungGen: 62893K->1421K(62464K)] 396298K->334826K(560640K), 0.0015228 secs] [Times: user=0.00 sys=0.00, real=0.00 secs] 
1009.842: [GC (Allocation Failure) [PSYoungGen: 62349K->1485K(62976K)] 395754K->334898K(561152K), 0.0018347 secs] [Times: user=0.01 sys=0.00, real=0.01 secs] 
1010.099: [GC (Allocation Failure) [PSYoungGen: 62413K->1792K(62464K)] 395826K->335204K(560640K), 0.0021486 secs] [Times: user=0.00 sys=0.00, real=0.00 secs] 
1010.363: [GC (Allocation Failure) [PSYoungGen: 62208K->1328K(61440K)] 395620K->334740K(559616K), 0.0019633 secs] [Times: user=0.01 sys=0.00, real=0.00 secs] 
1010.613: [GC (Allocation Failure) [PSYoungGen: 61232K->1360K(60928K)] 394644K->334772K(559104K), 0.0018608 secs] [Times: user=0.01 sys=0.00, real=0.01 secs] 
1010.859: [GC (Allocation Failure) [PSYoungGen: 60752K->1376K(60416K)] 394164K->334788K(558592K), 0.0018718 secs] [Times: user=0.01 sys=0.00, real=0.00 secs] 
1011.210: [GC (Allocation Failure) [PSYoungGen: 60256K->1376K(59904K)] 393668K->334788K(558080K), 0.0018369 secs] [Times: user=0.00 sys=0.00, real=0.00 secs] 
1011.474: [GC (Allocation Failure) [PSYoungGen: 59744K->1437K(59392K)] 393156K->334850K(557568K), 0.0015655 secs] [Times: user=0.01 sys=0.00, real=0.00 secs] 
1011.577: [GC (Allocation Failure) [PSYoungGen: 59291K->1453K(59392K)] 392704K->334866K(557568K), 0.0015533 secs] [Times: user=0.00 sys=0.00, real=0.00 secs] 
1011.679: [GC (Allocation Failure) [PSYoungGen: 59309K->1453K(64512K)] 392722K->334874K(562688K), 0.0016428 secs] [Times: user=0.01 sys=0.00, real=0.00 secs] 
1011.790: [GC (Allocation Failure) [PSYoungGen: 63917K->1485K(65536K)] 397338K->334906K(563712K), 0.0015148 secs] [Times: user=0.01 sys=0.00, real=0.00 secs] 
1012.161: [GC (Allocation Failure) [PSYoungGen: 64973K->1680K(65536K)] 398394K->335117K(563712K), 0.0021568 secs] [Times: user=0.01 sys=0.00, real=0.00 secs] 
1012.727: [GC (Allocation Failure) [PSYoungGen: 65168K->1344K(64512K)] 398605K->334780K(562688K), 0.0023579 secs] [Times: user=0.01 sys=0.00, real=0.00 secs] 
1013.257: [GC (Allocation Failure) [PSYoungGen: 64320K->1376K(64000K)] 397756K->334812K(562176K), 0.0025294 secs] [Times: user=0.01 sys=0.00, real=0.00 secs] 
1013.544: [GC (Allocation Failure) [PSYoungGen: 63840K->1344K(63488K)] 397276K->334780K(561664K), 0.0019193 secs] [Times: user=0.00 sys=0.00, real=0.00 secs] 
1013.862: [GC (Allocation Failure) [PSYoungGen: 63296K->1376K(62976K)] 396732K->334812K(561152K), 0.0019074 secs] [Times: user=0.01 sys=0.00, real=0.01 secs] 
1014.152: [GC (Allocation Failure) [PSYoungGen: 62816K->1437K(62464K)] 396252K->334874K(560640K), 0.0015343 secs] [Times: user=0.01 sys=0.00, real=0.00 secs] 
1014.259: [GC (Allocation Failure) [PSYoungGen: 62365K->1485K(61952K)] 395802K->334938K(560128K), 0.0014484 secs] [Times: user=0.00 sys=0.00, real=0.00 secs] 
1014.364: [GC (Allocation Failure) [PSYoungGen: 61901K->1392K(61440K)] 395354K->334845K(559616K), 0.0015476 secs] [Times: user=0.00 sys=0.00, real=0.00 secs] 
1014.469: [GC (Allocation Failure) [PSYoungGen: 61296K->1469K(68096K)] 394749K->334922K(566272K), 0.0015889 secs] [Times: user=0.01 sys=0.00, real=0.00 secs] 
1014.940: [GC (Allocation Failure) [PSYoungGen: 67517K->1392K(67072K)] 400970K->334844K(565248K), 0.0022625 secs] [Times: user=0.01 sys=0.00, real=0.00 secs] 
1015.617: [GC (Allocation Failure) [PSYoungGen: 66928K->1376K(66560K)] 400380K->334828K(564736K), 0.0022286 secs] [Times: user=0.01 sys=0.00, real=0.00 secs] 
1016.201: [GC (Allocation Failure) [PSYoungGen: 66400K->1376K(66048K)] 399852K->334836K(564224K), 0.0021006 secs] [Times: user=0.01 sys=0.00, real=0.00 secs] 
1016.833: [GC (Allocation Failure) [PSYoungGen: 65888K->1376K(65536K)] 399348K->334836K(563712K), 0.0022631 secs] [Times: user=0.01 sys=0.00, real=0.00 secs] 
1017.377: [GC (Allocation Failure) [PSYoungGen: 65376K->1456K(65024K)] 398836K->334917K(563200K), 0.0024755 secs] [Times: user=0.01 sys=0.00, real=0.00 secs] 
1017.547: [GC (Allocation Failure) [PSYoungGen: 64944K->1453K(64512K)] 398405K->334914K(562688K), 0.0016387 secs] [Times: user=0.01 sys=0.00, real=0.00 secs] 
1017.658: [GC (Allocation Failure) [PSYoungGen: 64429K->1421K(64000K)] 397890K->334890K(562176K), 0.0016376 secs] [Times: user=0.01 sys=0.00, real=0.00 secs] 
1017.768: [GC (Allocation Failure) [PSYoungGen: 63885K->1488K(64512K)] 397354K->334957K(562688K), 0.0016057 secs] [Times: user=0.01 sys=0.00, real=0.00 secs] 
1017.879: [GC (Allocation Failure) [PSYoungGen: 63952K->1533K(70656K)] 397421K->335002K(568832K), 0.0016226 secs] [Times: user=0.01 sys=0.00, real=0.00 secs] 
1019.730: [GC (Allocation Failure) [PSYoungGen: 70141K->1408K(69632K)] 403610K->334876K(567808K), 0.0032355 secs] [Times: user=0.01 sys=0.00, real=0.00 secs] 
1020.547: [GC (Allocation Failure) [PSYoungGen: 69504K->1312K(69120K)] 402972K->334780K(567296K), 0.0022273 secs] [Times: user=0.00 sys=0.00, real=0.00 secs] 
1021.093: [GC (Allocation Failure) [PSYoungGen: 68896K->1344K(68608K)] 402364K->334812K(566784K), 0.0022103 secs] [Times: user=0.01 sys=0.00, real=0.01 secs] 
1021.613: [GC (Allocation Failure) [PSYoungGen: 68416K->1360K(68096K)] 401884K->334828K(566272K), 0.0023600 secs] [Times: user=0.01 sys=0.00, real=0.00 secs] 
1022.345: [GC (Allocation Failure) [PSYoungGen: 67920K->1389K(67584K)] 401388K->334858K(565760K), 0.0020553 secs] [Times: user=0.01 sys=0.00, real=0.00 secs] 
1022.470: [GC (Allocation Failure) [PSYoungGen: 67437K->1453K(67072K)] 400906K->334922K(565248K), 0.0017777 secs] [Times: user=0.01 sys=0.00, real=0.00 secs] 
1022.588: [GC (Allocation Failure) [PSYoungGen: 66989K->1485K(66560K)] 400458K->334962K(564736K), 0.0016477 secs] [Times: user=0.00 sys=0.00, real=0.00 secs] 
1022.702: [GC (Allocation Failure) [PSYoungGen: 66509K->1453K(67072K)] 399986K->334930K(565248K), 0.0016285 secs] [Times: user=0.01 sys=0.00, real=0.01 secs] 
1024.514: [GC (Allocation Failure) [PSYoungGen: 66477K->1408K(66048K)] 399954K->334884K(564224K), 0.0036794 secs] [Times: user=0.01 sys=0.00, real=0.00 secs] 
1025.075: [GC (Allocation Failure) [PSYoungGen: 65920K->1376K(65536K)] 399396K->334852K(563712K), 0.0039762 secs] [Times: user=0.01 sys=0.00, real=0.00 secs] 
1025.727: [GC (Allocation Failure) [PSYoungGen: 65376K->1376K(65024K)] 398852K->334852K(563200K), 0.0022378 secs] [Times: user=0.00 sys=0.00, real=0.00 secs] 
1026.347: [GC (Allocation Failure) [PSYoungGen: 64864K->1376K(64512K)] 398340K->334852K(562688K), 0.0021537 secs] [Times: user=0.01 sys=0.00, real=0.00 secs] 
1027.594: [GC (Allocation Failure) [PSYoungGen: 64352K->1421K(64000K)] 397828K->334898K(562176K), 0.0025812 secs] [Times: user=0.01 sys=0.00, real=0.00 secs] 
1027.790: [GC (Allocation Failure) [PSYoungGen: 63885K->1453K(63488K)] 397362K->334930K(561664K), 0.0022957 secs] [Times: user=0.01 sys=0.00, real=0.00 secs] 
1027.932: [GC (Allocation Failure) [PSYoungGen: 63405K->1456K(62976K)] 396882K->334933K(561152K), 0.0016945 secs] [Times: user=0.01 sys=0.00, real=0.01 secs] 
1028.039: [GC (Allocation Failure) [PSYoungGen: 62896K->1424K(62464K)] 396373K->334917K(560640K), 0.0015649 secs] [Times: user=0.01 sys=0.00, real=0.00 secs] 
1028.405: [GC (Allocation Failure) [PSYoungGen: 62352K->1424K(61952K)] 395845K->334916K(560128K), 0.0023846 secs] [Times: user=0.01 sys=0.00, real=0.00 secs] 
1028.657: [GC (Allocation Failure) [PSYoungGen: 61840K->352K(60416K)] 395332K->334868K(558592K), 0.0019814 secs] [Times: user=0.01 sys=0.00, real=0.00 secs] 
1028.906: [GC (Allocation Failure) [PSYoungGen: 60256K->320K(61440K)] 394772K->334836K(559616K), 0.0017717 secs] [Times: user=0.01 sys=0.00, real=0.00 secs] 
1029.153: [GC (Allocation Failure) [PSYoungGen: 59712K->352K(59904K)] 394228K->334868K(558080K), 0.0019133 secs] [Times: user=0.01 sys=0.00, real=0.01 secs] 
1029.397: [GC (Allocation Failure) [PSYoungGen: 59232K->320K(58880K)] 393748K->334836K(557056K), 0.0019098 secs] [Times: user=0.01 sys=0.00, real=0.00 secs] 
1029.651: [GC (Allocation Failure) [PSYoungGen: 58688K->1440K(59392K)] 393204K->335957K(557568K), 0.0016774 secs] [Times: user=0.00 sys=0.00, real=0.00 secs] 
1029.753: [GC (Allocation Failure) [PSYoungGen: 59293K->1424K(59904K)] 393810K->335941K(558080K), 0.0015957 secs] [Times: user=0.00 sys=0.00, real=0.01 secs] 
1029.854: [GC (Allocation Failure) [PSYoungGen: 59280K->1424K(60416K)] 393797K->335949K(558592K), 0.0015596 secs] [Times: user=0.00 sys=0.00, real=0.00 secs] 
1029.956: [GC (Allocation Failure) [PSYoungGen: 59272K->1421K(60416K)] 393797K->335946K(558592K), 0.0015087 secs] [Times: user=0.00 sys=0.00, real=0.00 secs] 
1030.214: [GC (Allocation Failure) [PSYoungGen: 59277K->1968K(66560K)] 393802K->336501K(564736K), 0.0025157 secs] [Times: user=0.01 sys=0.00, real=0.00 secs] 
1030.963: [GC (Allocation Failure) [PSYoungGen: 65968K->1376K(66560K)] 400501K->335908K(564736K), 0.0041632 secs] [Times: user=0.01 sys=0.00, real=0.01 secs] 
1031.600: [GC (Allocation Failure) [PSYoungGen: 65376K->1376K(65024K)] 399908K->335908K(563200K), 0.0029630 secs] [Times: user=0.01 sys=0.00, real=0.00 secs] 
1031.852: [GC (Allocation Failure) [PSYoungGen: 64864K->1408K(64512K)] 399396K->335940K(562688K), 0.0021162 secs] [Times: user=0.01 sys=0.00, real=0.01 secs] 
1032.113: [GC (Allocation Failure) [PSYoungGen: 64384K->1376K(64000K)] 398916K->335908K(562176K), 0.0020258 secs] [Times: user=0.01 sys=0.00, real=0.00 secs] 
1032.334: [GC (Allocation Failure) [PSYoungGen: 63840K->1485K(63488K)] 398372K->336018K(561664K), 0.0016982 secs] [Times: user=0.01 sys=0.00, real=0.00 secs] 
1032.445: [GC (Allocation Failure) [PSYoungGen: 63437K->1456K(62976K)] 397970K->336013K(561152K), 0.0016221 secs] [Times: user=0.01 sys=0.00, real=0.00 secs] 
1032.554: [GC (Allocation Failure) [PSYoungGen: 62896K->1421K(68096K)] 397453K->335978K(566272K), 0.0016928 secs] [Times: user=0.01 sys=0.00, real=0.00 secs] 
1032.671: [GC (Allocation Failure) [PSYoungGen: 67469K->1408K(69632K)] 402026K->335965K(567808K), 0.0016166 secs] [Times: user=0.01 sys=0.00, real=0.00 secs] 
1033.369: [GC (Allocation Failure) [PSYoungGen: 68992K->1392K(68608K)] 403549K->335949K(566784K), 0.0022999 secs] [Times: user=0.01 sys=0.00, real=0.00 secs] 
1034.437: [GC (Allocation Failure) [PSYoungGen: 68464K->1376K(68096K)] 403021K->335932K(566272K), 0.0030695 secs] [Times: user=0.01 sys=0.00, real=0.00 secs] 
1035.462: [GC (Allocation Failure) [PSYoungGen: 67936K->1344K(67584K)] 402492K->335900K(565760K), 0.0028362 secs] [Times: user=0.01 sys=0.01, real=0.01 secs] 
1036.321: [GC (Allocation Failure) [PSYoungGen: 67392K->1376K(67072K)] 401948K->335932K(565248K), 0.0026731 secs] [Times: user=0.01 sys=0.00, real=0.01 secs] 
1037.029: [GC (Allocation Failure) [PSYoungGen: 66912K->1469K(66560K)] 401468K->336026K(564736K), 0.0022464 secs] [Times: user=0.01 sys=0.00, real=0.00 secs] 
1037.169: [GC (Allocation Failure) [PSYoungGen: 66493K->1488K(66048K)] 401050K->336045K(564224K), 0.0016903 secs] [Times: user=0.01 sys=0.00, real=0.00 secs] 
1037.282: [GC (Allocation Failure) [PSYoungGen: 66000K->1389K(65536K)] 400557K->335962K(563712K), 0.0016626 secs] [Times: user=0.01 sys=0.00, real=0.01 secs] 
1037.395: [GC (Allocation Failure) [PSYoungGen: 65389K->1453K(66048K)] 399962K->336026K(564224K), 0.0015546 secs] [Times: user=0.00 sys=0.00, real=0.00 secs] 
1037.847: [GC (Allocation Failure) [PSYoungGen: 65453K->1392K(65024K)] 400026K->335965K(563200K), 0.0022562 secs] [Times: user=0.01 sys=0.00, real=0.00 secs] 
1038.389: [GC (Allocation Failure) [PSYoungGen: 64880K->1376K(64512K)] 399453K->335948K(562688K), 0.0019146 secs] [Times: user=0.01 sys=0.00, real=0.00 secs] 
1038.956: [GC (Allocation Failure) [PSYoungGen: 64352K->1376K(64000K)] 398924K->335948K(562176K), 0.0020327 secs] [Times: user=0.01 sys=0.00, real=0.00 secs] 
1039.541: [GC (Allocation Failure) [PSYoungGen: 63840K->1376K(63488K)] 398412K->335948K(561664K), 0.0019065 secs] [Times: user=0.01 sys=0.00, real=0.00 secs] 
1040.065: [GC (Allocation Failure) [PSYoungGen: 63328K->1376K(62976K)] 397900K->335948K(561152K), 0.0019695 secs] [Times: user=0.00 sys=0.01, real=0.00 secs] 
1040.261: [GC (Allocation Failure) [PSYoungGen: 62807K->1421K(62464K)] 397380K->335994K(560640K), 0.0015917 secs] [Times: user=0.00 sys=0.00, real=0.00 secs] 
1040.368: [GC (Allocation Failure) [PSYoungGen: 62349K->1456K(61952K)] 396922K->336029K(560128K), 0.0015779 secs] [Times: user=0.00 sys=0.00, real=0.00 secs] 
1040.474: [GC (Allocation Failure) [PSYoungGen: 61847K->1392K(61440K)] 396420K->335973K(559616K), 0.0016029 secs] [Times: user=0.01 sys=0.00, real=0.00 secs] 
1040.579: [GC (Allocation Failure) [PSYoungGen: 61296K->1456K(61952K)] 395877K->336037K(560128K), 0.0016280 secs] [Times: user=0.01 sys=0.00, real=0.00 secs] 
1041.059: [GC (Allocation Failure) [PSYoungGen: 61360K->1408K(60928K)] 395941K->335988K(559104K), 0.0023255 secs] [Times: user=0.01 sys=0.00, real=0.00 secs] 
1041.860: [GC (Allocation Failure) [PSYoungGen: 60800K->1440K(60416K)] 395380K->336020K(558592K), 0.0021647 secs] [Times: user=0.00 sys=0.00, real=0.00 secs] 
1042.470: [GC (Allocation Failure) [PSYoungGen: 60320K->1344K(59904K)] 394900K->335924K(558080K), 0.0021067 secs] [Times: user=0.01 sys=0.00, real=0.00 secs] 
1043.026: [GC (Allocation Failure) [PSYoungGen: 59712K->1344K(59392K)] 394292K->335924K(557568K), 0.0022814 secs] [Times: user=0.01 sys=0.00, real=0.00 secs] 
1043.752: [GC (Allocation Failure) [PSYoungGen: 59200K->1376K(59392K)] 393780K->335956K(557568K), 0.0020863 secs] [Times: user=0.01 sys=0.00, real=0.01 secs] 
1043.998: [GC (Allocation Failure) [PSYoungGen: 59232K->1421K(59392K)] 393812K->336002K(557568K), 0.0016567 secs] [Times: user=0.01 sys=0.00, real=0.00 secs] 
1044.100: [GC (Allocation Failure) [PSYoungGen: 59277K->1421K(59392K)] 393858K->336010K(557568K), 0.0015058 secs] [Times: user=0.01 sys=0.00, real=0.00 secs] 
1044.213: [GC (Allocation Failure) [PSYoungGen: 59277K->1485K(65024K)] 393866K->336090K(563200K), 0.0018013 secs] [Times: user=0.01 sys=0.00, real=0.00 secs] 
1044.354: [GC (Allocation Failure) [PSYoungGen: 64973K->1424K(65536K)] 399578K->336029K(563712K), 0.0019754 secs] [Times: user=0.01 sys=0.00, real=0.00 secs] 
1044.575: [GC (Allocation Failure) [PSYoungGen: 64912K->1392K(65536K)] 399517K->335997K(563712K), 0.0019132 secs] [Times: user=0.01 sys=0.00, real=0.00 secs] 
1044.860: [GC (Allocation Failure) [PSYoungGen: 64880K->1328K(64512K)] 399485K->335933K(562688K), 0.0020457 secs] [Times: user=0.01 sys=0.00, real=0.00 secs] 
1045.395: [GC (Allocation Failure) [PSYoungGen: 64304K->1360K(64000K)] 398909K->335965K(562176K), 0.0024233 secs] [Times: user=0.00 sys=0.00, real=0.00 secs] 
1045.933: [GC (Allocation Failure) [PSYoungGen: 63824K->320K(62464K)] 398429K->335948K(560640K), 0.0021428 secs] [Times: user=0.00 sys=0.00, real=0.01 secs] 
1046.710: [GC (Allocation Failure) [PSYoungGen: 62272K->1485K(63488K)] 397900K->337114K(561664K), 0.0031720 secs] [Times: user=0.01 sys=0.01, real=0.00 secs] 
1046.898: [GC (Allocation Failure) [PSYoungGen: 62925K->1453K(62464K)] 398554K->337082K(560640K), 0.0019462 secs] [Times: user=0.01 sys=0.00, real=0.00 secs] 
1047.010: [GC (Allocation Failure) [PSYoungGen: 62381K->1456K(61952K)] 398010K->337093K(560128K), 0.0016808 secs] [Times: user=0.01 sys=0.00, real=0.00 secs] 
1047.116: [GC (Allocation Failure) [PSYoungGen: 61872K->1456K(68096K)] 397509K->337093K(566272K), 0.0015143 secs] [Times: user=0.00 sys=0.00, real=0.00 secs] 
1047.251: [GC (Allocation Failure) [PSYoungGen: 68005K->1421K(68608K)] 403642K->337058K(566784K), 0.0017757 secs] [Times: user=0.00 sys=0.00, real=0.00 secs] 
1047.576: [GC (Allocation Failure) [PSYoungGen: 67981K->1408K(74240K)] 403618K->337045K(572416K), 0.0020950 secs] [Times: user=0.01 sys=0.00, real=0.00 secs] 
1047.961: [GC (Allocation Failure) [PSYoungGen: 74112K->1408K(73728K)] 409749K->337045K(571904K), 0.0020355 secs] [Times: user=0.01 sys=0.00, real=0.01 secs] 
1048.412: [GC (Allocation Failure) [PSYoungGen: 73600K->1376K(73216K)] 409237K->337013K(571392K), 0.0020016 secs] [Times: user=0.01 sys=0.00, real=0.01 secs] 
1049.025: [GC (Allocation Failure) [PSYoungGen: 73056K->1376K(72704K)] 408693K->337013K(570880K), 0.0026753 secs] [Times: user=0.01 sys=0.00, real=0.00 secs] 
1049.298: [GC (Allocation Failure) [PSYoungGen: 72531K->1485K(72192K)] 408168K->337122K(570368K), 0.0020091 secs] [Times: user=0.00 sys=0.00, real=0.00 secs] 
1049.433: [GC (Allocation Failure) [PSYoungGen: 72141K->1456K(71680K)] 407778K->337093K(569856K), 0.0016982 secs] [Times: user=0.01 sys=0.00, real=0.01 secs] 
1049.555: [GC (Allocation Failure) [PSYoungGen: 71585K->1453K(71168K)] 407222K->337098K(569344K), 0.0016540 secs] [Times: user=0.01 sys=0.00, real=0.00 secs] 
1049.868: [GC (Allocation Failure) [PSYoungGen: 71085K->1472K(70656K)] 406730K->337117K(568832K), 0.0023017 secs] [Times: user=0.00 sys=0.00, real=0.00 secs] 
1050.512: [GC (Allocation Failure) [PSYoungGen: 70592K->1376K(70144K)] 406237K->337021K(568320K), 0.0021514 secs] [Times: user=0.01 sys=0.00, real=0.01 secs] 
1051.596: [GC (Allocation Failure) [PSYoungGen: 69984K->1408K(69632K)] 405629K->337053K(567808K), 0.0028252 secs] [Times: user=0.01 sys=0.00, real=0.00 secs] 
1052.532: [GC (Allocation Failure) [PSYoungGen: 69504K->1328K(69120K)] 405149K->336973K(567296K), 0.0035700 secs] [Times: user=0.01 sys=0.00, real=0.01 secs] 
1053.426: [GC (Allocation Failure) [PSYoungGen: 68912K->1456K(68608K)] 404557K->337101K(566784K), 0.0024920 secs] [Times: user=0.01 sys=0.00, real=0.00 secs] 
1053.609: [GC (Allocation Failure) [PSYoungGen: 68528K->1453K(68096K)] 404173K->337098K(566272K), 0.0016163 secs] [Times: user=0.01 sys=0.00, real=0.00 secs] 
1053.743: [GC (Allocation Failure) [PSYoungGen: 68013K->1517K(67584K)] 403658K->337162K(565760K), 0.0018470 secs] [Times: user=0.01 sys=0.00, real=0.00 secs] 
1053.889: [GC (Allocation Failure) [PSYoungGen: 67565K->1485K(67072K)] 403210K->337130K(565248K), 0.0019634 secs] [Times: user=0.01 sys=0.00, real=0.00 secs] 
1054.296: [GC (Allocation Failure) [PSYoungGen: 67021K->1424K(66560K)] 402666K->337093K(564736K), 0.0023112 secs] [Times: user=0.01 sys=0.00, real=0.00 secs] 
1054.953: [GC (Allocation Failure) [PSYoungGen: 66448K->1376K(66048K)] 402117K->337045K(564224K), 0.0019676 secs] [Times: user=0.01 sys=0.01, real=0.00 secs] 
1056.085: [GC (Allocation Failure) [PSYoungGen: 65888K->1360K(65536K)] 401557K->337053K(563712K), 0.0033175 secs] [Times: user=0.01 sys=0.00, real=0.00 secs] 
1056.998: [GC (Allocation Failure) [PSYoungGen: 65360K->1328K(65024K)] 401053K->337021K(563200K), 0.0030891 secs] [Times: user=0.01 sys=0.00, real=0.00 secs] 
1058.901: [GC (Allocation Failure) [PSYoungGen: 64816K->1408K(64512K)] 400509K->337101K(562688K), 0.0037618 secs] [Times: user=0.01 sys=0.00, real=0.01 secs] 
1059.680: [GC (Allocation Failure) [PSYoungGen: 64384K->1453K(64000K)] 400077K->337146K(562176K), 0.0022232 secs] [Times: user=0.01 sys=0.00, real=0.00 secs] 
1059.806: [GC (Allocation Failure) [PSYoungGen: 63917K->1485K(63488K)] 399610K->337178K(561664K), 0.0016532 secs] [Times: user=0.00 sys=0.00, real=0.00 secs] 
1059.915: [GC (Allocation Failure) [PSYoungGen: 63437K->1456K(62976K)] 399130K->337157K(561152K), 0.0016506 secs] [Times: user=0.00 sys=0.00, real=0.00 secs] 
1060.037: [GC (Allocation Failure) [PSYoungGen: 62896K->1453K(63488K)] 398597K->337154K(561664K), 0.0018724 secs] [Times: user=0.00 sys=0.00, real=0.00 secs] 
1060.402: [GC (Allocation Failure) [PSYoungGen: 62893K->1440K(62464K)] 398594K->337141K(560640K), 0.0022045 secs] [Times: user=0.00 sys=0.00, real=0.01 secs] 
1060.907: [GC (Allocation Failure) [PSYoungGen: 62368K->1344K(61952K)] 398069K->337045K(560128K), 0.0020857 secs] [Times: user=0.01 sys=0.00, real=0.00 secs] 
1061.435: [GC (Allocation Failure) [PSYoungGen: 61760K->1376K(61440K)] 397461K->337077K(559616K), 0.0018575 secs] [Times: user=0.01 sys=0.00, real=0.00 secs] 
1062.008: [GC (Allocation Failure) [PSYoungGen: 61280K->1344K(60928K)] 396981K->337045K(559104K), 0.0019564 secs] [Times: user=0.01 sys=0.00, real=0.00 secs] 
1062.769: [GC (Allocation Failure) [PSYoungGen: 60736K->1392K(60416K)] 396437K->337093K(558592K), 0.0024173 secs] [Times: user=0.01 sys=0.00, real=0.00 secs] 
1062.915: [GC (Allocation Failure) [PSYoungGen: 60272K->1485K(59904K)] 395973K->337186K(558080K), 0.0017427 secs] [Times: user=0.01 sys=0.01, real=0.00 secs] 
1063.018: [GC (Allocation Failure) [PSYoungGen: 59853K->1421K(59392K)] 395554K->337130K(557568K), 0.0015981 secs] [Times: user=0.01 sys=0.00, real=0.00 secs] 
1063.119: [GC (Allocation Failure) [PSYoungGen: 59277K->1485K(65536K)] 394986K->337194K(563712K), 0.0017680 secs] [Times: user=0.00 sys=0.00, real=0.00 secs] 
1063.245: [GC (Allocation Failure) [PSYoungGen: 64973K->1453K(65536K)] 400682K->337162K(563712K), 0.0018774 secs] [Times: user=0.01 sys=0.00, real=0.00 secs] 
1064.511: [GC (Allocation Failure) [PSYoungGen: 64941K->1376K(64512K)] 400650K->337085K(562688K), 0.0025380 secs] [Times: user=0.01 sys=0.00, real=0.01 secs] 
1065.466: [GC (Allocation Failure) [PSYoungGen: 64352K->1376K(64000K)] 400061K->337101K(562176K), 0.0027521 secs] [Times: user=0.01 sys=0.00, real=0.00 secs] 
1066.267: [GC (Allocation Failure) [PSYoungGen: 63840K->1376K(63488K)] 399565K->337101K(561664K), 0.0031247 secs] [Times: user=0.01 sys=0.01, real=0.00 secs] 
1067.084: [GC (Allocation Failure) [PSYoungGen: 63328K->1376K(62976K)] 399053K->337101K(561152K), 0.0043822 secs] [Times: user=0.02 sys=0.00, real=0.00 secs] 
1067.613: [GC (Allocation Failure) [PSYoungGen: 62816K->1501K(62464K)] 398541K->337226K(560640K), 0.0021898 secs] [Times: user=0.01 sys=0.00, real=0.01 secs] 
1067.761: [GC (Allocation Failure) [PSYoungGen: 62429K->477K(60928K)] 398154K->337226K(559104K), 0.0014435 secs] [Times: user=0.00 sys=0.00, real=0.00 secs] 
1067.867: [GC (Allocation Failure) [PSYoungGen: 60893K->493K(61952K)] 397642K->337258K(560128K), 0.0016155 secs] [Times: user=0.00 sys=0.00, real=0.00 secs] 
1067.972: [GC (Allocation Failure) [PSYoungGen: 60397K->461K(62464K)] 397162K->337226K(560640K), 0.0015795 secs] [Times: user=0.01 sys=0.00, real=0.01 secs] 
1068.078: [GC (Allocation Failure) [PSYoungGen: 60877K->461K(62464K)] 397642K->337226K(560640K), 0.0015246 secs] [Times: user=0.00 sys=0.00, real=0.00 secs] 
1069.195: [GC (Allocation Failure) [PSYoungGen: 60877K->1408K(61440K)] 397642K->338173K(559616K), 0.0026149 secs] [Times: user=0.01 sys=0.00, real=0.00 secs] 
1069.748: [GC (Allocation Failure) [PSYoungGen: 61312K->1360K(60928K)] 398077K->338125K(559104K), 0.0027413 secs] [Times: user=0.01 sys=0.00, real=0.00 secs] 
1070.305: [GC (Allocation Failure) [PSYoungGen: 60752K->1376K(60416K)] 397517K->338141K(558592K), 0.0027372 secs] [Times: user=0.01 sys=0.00, real=0.00 secs] 
1070.818: [GC (Allocation Failure) [PSYoungGen: 60256K->1376K(59904K)] 397021K->338141K(558080K), 0.0021931 secs] [Times: user=0.01 sys=0.00, real=0.00 secs] 
1071.297: [GC (Allocation Failure) [PSYoungGen: 59744K->1456K(59392K)] 396509K->338221K(557568K), 0.0018809 secs] [Times: user=0.01 sys=0.00, real=0.00 secs] 
1071.422: [GC (Allocation Failure) [PSYoungGen: 59308K->1520K(59392K)] 396073K->338285K(557568K), 0.0017068 secs] [Times: user=0.00 sys=0.00, real=0.01 secs] 
1071.523: [GC (Allocation Failure) [PSYoungGen: 59376K->1453K(59392K)] 396141K->338226K(557568K), 0.0015611 secs] [Times: user=0.00 sys=0.00, real=0.00 secs] 
1071.624: [GC (Allocation Failure) [PSYoungGen: 59302K->1456K(65024K)] 396075K->338229K(563200K), 0.0015585 secs] [Times: user=0.01 sys=0.00, real=0.00 secs] 
1071.734: [GC (Allocation Failure) [PSYoungGen: 64432K->1488K(65536K)] 401205K->338261K(563712K), 0.0016095 secs] [Times: user=0.00 sys=0.00, real=0.00 secs] 
1072.446: [GC (Allocation Failure) [PSYoungGen: 64976K->1424K(64512K)] 401749K->338197K(562688K), 0.0020016 secs] [Times: user=0.00 sys=0.00, real=0.00 secs] 
1072.979: [GC (Allocation Failure) [PSYoungGen: 64400K->1376K(64000K)] 401173K->338149K(562176K), 0.0022424 secs] [Times: user=0.00 sys=0.00, real=0.00 secs] 
1073.555: [GC (Allocation Failure) [PSYoungGen: 63840K->1376K(63488K)] 400613K->338149K(561664K), 0.0022623 secs] [Times: user=0.01 sys=0.00, real=0.00 secs] 
1074.072: [GC (Allocation Failure) [PSYoungGen: 63328K->1360K(62976K)] 400101K->338133K(561152K), 0.0027687 secs] [Times: user=0.01 sys=0.00, real=0.01 secs] 
1074.486: [GC (Allocation Failure) [PSYoungGen: 62800K->1501K(62464K)] 399573K->338274K(560640K), 0.0022160 secs] [Times: user=0.01 sys=0.00, real=0.00 secs] 
1074.614: [GC (Allocation Failure) [PSYoungGen: 62429K->1453K(61952K)] 399202K->338226K(560128K), 0.0017342 secs] [Times: user=0.00 sys=0.00, real=0.00 secs] 
1074.723: [GC (Allocation Failure) [PSYoungGen: 61869K->1424K(61440K)] 398642K->338221K(559616K), 0.0015888 secs] [Times: user=0.00 sys=0.00, real=0.01 secs] 
1074.829: [GC (Allocation Failure) [PSYoungGen: 61328K->1453K(61952K)] 398125K->338250K(560128K), 0.0017266 secs] [Times: user=0.01 sys=0.00, real=0.00 secs] 
1075.151: [GC (Allocation Failure) [PSYoungGen: 61357K->1696K(61952K)] 398154K->338493K(560128K), 0.0020679 secs] [Times: user=0.01 sys=0.00, real=0.01 secs] 
1075.561: [GC (Allocation Failure) [PSYoungGen: 61600K->1344K(60928K)] 398397K->338141K(559104K), 0.0020754 secs] [Times: user=0.00 sys=0.01, real=0.01 secs] 
1075.809: [GC (Allocation Failure) [PSYoungGen: 60736K->1344K(60416K)] 397533K->338141K(558592K), 0.0026285 secs] [Times: user=0.01 sys=0.01, real=0.00 secs] 
1076.236: [GC (Allocation Failure) [PSYoungGen: 60224K->1376K(59904K)] 397021K->338173K(558080K), 0.0034283 secs] [Times: user=0.01 sys=0.00, real=0.00 secs] 
1076.712: [GC (Allocation Failure) [PSYoungGen: 59744K->1376K(59392K)] 396541K->338173K(557568K), 0.0029885 secs] [Times: user=0.01 sys=0.00, real=0.01 secs] 
1077.261: [GC (Allocation Failure) [PSYoungGen: 59232K->1472K(59392K)] 396029K->338269K(557568K), 0.0024148 secs] [Times: user=0.01 sys=0.00, real=0.00 secs] 
1077.418: [GC (Allocation Failure) [PSYoungGen: 59328K->1488K(59392K)] 396125K->338285K(557568K), 0.0016838 secs] [Times: user=0.01 sys=0.00, real=0.00 secs] 
1077.520: [GC (Allocation Failure) [PSYoungGen: 59344K->1488K(64000K)] 396141K->338293K(562176K), 0.0016637 secs] [Times: user=0.00 sys=0.00, real=0.00 secs] 
1077.644: [GC (Allocation Failure) [PSYoungGen: 63936K->1421K(64512K)] 400741K->338226K(562688K), 0.0018010 secs] [Times: user=0.01 sys=0.00, real=0.00 secs] 
1077.791: [GC (Allocation Failure) [PSYoungGen: 63885K->368K(70656K)] 400690K->337173K(568832K), 0.0019089 secs] [Times: user=0.01 sys=0.00, real=0.01 secs] 
1078.236: [GC (Allocation Failure) [PSYoungGen: 68976K->1440K(69632K)] 405781K->338245K(567808K), 0.0020035 secs] [Times: user=0.01 sys=0.00, real=0.00 secs] 
1078.543: [GC (Allocation Failure) [PSYoungGen: 69536K->1408K(69120K)] 406341K->338213K(567296K), 0.0019541 secs] [Times: user=0.00 sys=0.00, real=0.00 secs] 
1079.001: [GC (Allocation Failure) [PSYoungGen: 68992K->1376K(68608K)] 405797K->338181K(566784K), 0.0019649 secs] [Times: user=0.01 sys=0.00, real=0.01 secs] 
1079.467: [GC (Allocation Failure) [PSYoungGen: 68448K->1344K(68096K)] 405253K->338149K(566272K), 0.0019036 secs] [Times: user=0.00 sys=0.00, real=0.00 secs] 
1079.694: [GC (Allocation Failure) [PSYoungGen: 67904K->1456K(67584K)] 404709K->338261K(565760K), 0.0016690 secs] [Times: user=0.01 sys=0.00, real=0.00 secs] 
1079.812: [GC (Allocation Failure) [PSYoungGen: 67504K->1453K(67072K)] 404309K->338266K(565248K), 0.0016248 secs] [Times: user=0.01 sys=0.00, real=0.01 secs] 
1079.945: [GC (Allocation Failure) [PSYoungGen: 66989K->1421K(66560K)] 403802K->338234K(564736K), 0.0019016 secs] [Times: user=0.01 sys=0.00, real=0.00 secs] 
1080.089: [GC (Allocation Failure) [PSYoungGen: 66445K->1453K(67072K)] 403258K->338266K(565248K), 0.0018528 secs] [Times: user=0.01 sys=0.00, real=0.00 secs] 
1080.841: [GC (Allocation Failure) [PSYoungGen: 66477K->1424K(66048K)] 403290K->338237K(564224K), 0.0021320 secs] [Times: user=0.01 sys=0.00, real=0.00 secs] 
1081.569: [GC (Allocation Failure) [PSYoungGen: 65936K->1376K(65536K)] 402749K->338189K(563712K), 0.0020569 secs] [Times: user=0.01 sys=0.00, real=0.00 secs] 
1082.136: [GC (Allocation Failure) [PSYoungGen: 65376K->1376K(65024K)] 402189K->338189K(563200K), 0.0020660 secs] [Times: user=0.01 sys=0.00, real=0.00 secs] 
1082.755: [GC (Allocation Failure) [PSYoungGen: 64864K->1344K(64512K)] 401677K->338157K(562688K), 0.0025626 secs] [Times: user=0.01 sys=0.01, real=0.00 secs] 
1083.469: [GC (Allocation Failure) [PSYoungGen: 64320K->1453K(64000K)] 401133K->338266K(562176K), 0.0024673 secs] [Times: user=0.00 sys=0.00, real=0.00 secs] 
1083.614: [GC (Allocation Failure) [PSYoungGen: 63917K->1453K(63488K)] 400730K->338266K(561664K), 0.0018656 secs] [Times: user=0.01 sys=0.00, real=0.00 secs] 
1083.723: [GC (Allocation Failure) [PSYoungGen: 63405K->1456K(62976K)] 400218K->338269K(561152K), 0.0016309 secs] [Times: user=0.01 sys=0.00, real=0.01 secs] 
1083.830: [GC (Allocation Failure) [PSYoungGen: 62896K->1424K(63488K)] 399709K->338245K(561664K), 0.0015914 secs] [Times: user=0.00 sys=0.00, real=0.00 secs] 
1084.743: [GC (Allocation Failure) [PSYoungGen: 62864K->1488K(62464K)] 399685K->338333K(560640K), 0.0030545 secs] [Times: user=0.01 sys=0.00, real=0.01 secs] 
1085.671: [GC (Allocation Failure) [PSYoungGen: 62416K->1408K(61952K)] 399261K->338253K(560128K), 0.0030669 secs] [Times: user=0.01 sys=0.00, real=0.01 secs] 
1086.363: [GC (Allocation Failure) [PSYoungGen: 61824K->1408K(61440K)] 398669K->338253K(559616K), 0.0027396 secs] [Times: user=0.02 sys=0.00, real=0.01 secs] 
1087.291: [GC (Allocation Failure) [PSYoungGen: 61312K->1408K(60928K)] 398157K->338253K(559104K), 0.0033584 secs] [Times: user=0.02 sys=0.01, real=0.01 secs] 
1088.161: [GC (Allocation Failure) [PSYoungGen: 60800K->1408K(60416K)] 397645K->338253K(558592K), 0.0032991 secs] [Times: user=0.01 sys=0.00, real=0.01 secs] 
1088.532: [GC (Allocation Failure) [PSYoungGen: 60288K->1453K(59904K)] 397133K->338298K(558080K), 0.0020341 secs] [Times: user=0.01 sys=0.00, real=0.01 secs] 
1088.646: [GC (Allocation Failure) [PSYoungGen: 59821K->1488K(59392K)] 396666K->338333K(557568K), 0.0016594 secs] [Times: user=0.01 sys=0.00, real=0.00 secs] 
1088.747: [GC (Allocation Failure) [PSYoungGen: 59344K->1453K(59904K)] 396189K->338306K(558080K), 0.0016759 secs] [Times: user=0.01 sys=0.00, real=0.00 secs] 
1088.849: [GC (Allocation Failure) [PSYoungGen: 59309K->1453K(59904K)] 396162K->338306K(558080K), 0.0014902 secs] [Times: user=0.00 sys=0.00, real=0.00 secs] 
1089.225: [GC (Allocation Failure) [PSYoungGen: 59309K->1456K(59392K)] 396162K->338309K(557568K), 0.0019072 secs] [Times: user=0.00 sys=0.01, real=0.00 secs] 
1089.799: [GC (Allocation Failure) [PSYoungGen: 59312K->1376K(59392K)] 396165K->338229K(557568K), 0.0019531 secs] [Times: user=0.01 sys=0.00, real=0.00 secs] 
1090.394: [GC (Allocation Failure) [PSYoungGen: 59232K->1344K(59392K)] 396085K->338197K(557568K), 0.0031707 secs] [Times: user=0.01 sys=0.00, real=0.00 secs] 
1090.783: [GC (Allocation Failure) [PSYoungGen: 59200K->1376K(59392K)] 396053K->338229K(557568K), 0.0020339 secs] [Times: user=0.01 sys=0.00, real=0.01 secs] 
1091.084: [GC (Allocation Failure) [PSYoungGen: 59232K->1376K(59392K)] 396085K->338229K(557568K), 0.0017710 secs] [Times: user=0.00 sys=0.00, real=0.00 secs] 
1091.402: [GC (Allocation Failure) [PSYoungGen: 59232K->1389K(59392K)] 396085K->338242K(557568K), 0.0018973 secs] [Times: user=0.01 sys=0.00, real=0.01 secs] 
1091.507: [GC (Allocation Failure) [PSYoungGen: 59245K->1456K(59392K)] 396098K->338317K(557568K), 0.0015263 secs] [Times: user=0.01 sys=0.00, real=0.00 secs] 
1091.608: [GC (Allocation Failure) [PSYoungGen: 59312K->1424K(61952K)] 396173K->338285K(560128K), 0.0016606 secs] [Times: user=0.01 sys=0.00, real=0.00 secs] 
1091.713: [GC (Allocation Failure) [PSYoungGen: 61328K->1504K(64512K)] 398189K->338365K(562688K), 0.0018123 secs] [Times: user=0.00 sys=0.00, real=0.01 secs] 
1091.825: [GC (Allocation Failure) [PSYoungGen: 64480K->1472K(65024K)] 401341K->338341K(563200K), 0.0013726 secs] [Times: user=0.00 sys=0.00, real=0.00 secs] 
1092.314: [GC (Allocation Failure) [PSYoungGen: 64448K->1408K(70656K)] 401317K->338277K(568832K), 0.0020031 secs] [Times: user=0.00 sys=0.01, real=0.00 secs] 
1092.601: [GC (Allocation Failure) [PSYoungGen: 70528K->1376K(70144K)] 407397K->338269K(568320K), 0.0019101 secs] [Times: user=0.01 sys=0.00, real=0.00 secs] 
1092.886: [GC (Allocation Failure) [PSYoungGen: 69984K->1344K(69632K)] 406877K->338237K(567808K), 0.0021699 secs] [Times: user=0.01 sys=0.00, real=0.00 secs] 
1093.170: [GC (Allocation Failure) [PSYoungGen: 69440K->1328K(69120K)] 406333K->338229K(567296K), 0.0022104 secs] [Times: user=0.01 sys=0.01, real=0.00 secs] 
1093.449: [GC (Allocation Failure) [PSYoungGen: 68912K->1453K(68608K)] 405813K->338354K(566784K), 0.0024569 secs] [Times: user=0.01 sys=0.00, real=0.00 secs] 
1093.610: [GC (Allocation Failure) [PSYoungGen: 68525K->1485K(68096K)] 405426K->338394K(566272K), 0.0017360 secs] [Times: user=0.01 sys=0.01, real=0.00 secs] 
1093.726: [GC (Allocation Failure) [PSYoungGen: 68045K->1421K(68608K)] 404954K->338330K(566784K), 0.0016043 secs] [Times: user=0.00 sys=0.00, real=0.00 secs] 
1093.843: [GC (Allocation Failure) [PSYoungGen: 67981K->1456K(68608K)] 404890K->338365K(566784K), 0.0015995 secs] [Times: user=0.00 sys=0.00, real=0.01 secs] 
1094.399: [GC (Allocation Failure) [PSYoungGen: 68016K->1408K(67584K)] 404925K->338317K(565760K), 0.0018537 secs] [Times: user=0.01 sys=0.00, real=0.00 secs] 
1094.892: [GC (Allocation Failure) [PSYoungGen: 67456K->1376K(67072K)] 404365K->338285K(565248K), 0.0024804 secs] [Times: user=0.01 sys=0.00, real=0.01 secs] 
1095.424: [GC (Allocation Failure) [PSYoungGen: 66912K->1344K(66560K)] 403821K->338253K(564736K), 0.0030460 secs] [Times: user=0.01 sys=0.00, real=0.00 secs] 
1095.923: [GC (Allocation Failure) [PSYoungGen: 66368K->1344K(66048K)] 403277K->338253K(564224K), 0.0025500 secs] [Times: user=0.01 sys=0.00, real=0.01 secs] 
1096.277: [GC (Allocation Failure) [PSYoungGen: 65856K->1485K(65536K)] 402765K->338394K(563712K), 0.0019028 secs] [Times: user=0.01 sys=0.00, real=0.00 secs] 
1096.429: [GC (Allocation Failure) [PSYoungGen: 65485K->1421K(65024K)] 402394K->338330K(563200K), 0.0020312 secs] [Times: user=0.01 sys=0.00, real=0.00 secs] 
1096.570: [GC (Allocation Failure) [PSYoungGen: 64909K->1485K(64512K)] 401818K->338402K(562688K), 0.0018928 secs] [Times: user=0.01 sys=0.00, real=0.00 secs] 
1096.697: [GC (Allocation Failure) [PSYoungGen: 64461K->1424K(70656K)] 401378K->338349K(568832K), 0.0018549 secs] [Times: user=0.00 sys=0.00, real=0.00 secs] 
1097.217: [GC (Allocation Failure) [PSYoungGen: 70544K->1424K(70144K)] 407469K->338349K(568320K), 0.0019287 secs] [Times: user=0.01 sys=0.00, real=0.00 secs] 
1097.984: [GC (Allocation Failure) [PSYoungGen: 70032K->1344K(69632K)] 406957K->338269K(567808K), 0.0025544 secs] [Times: user=0.01 sys=0.00, real=0.00 secs] 
1098.894: [GC (Allocation Failure) [PSYoungGen: 69440K->352K(68096K)] 406365K->338301K(566272K), 0.0024928 secs] [Times: user=0.01 sys=0.00, real=0.00 secs] 
1099.757: [GC (Allocation Failure) [PSYoungGen: 67936K->352K(69120K)] 405885K->338301K(567296K), 0.0029967 secs] [Times: user=0.01 sys=0.00, real=0.00 secs] 
1100.141: [GC (Allocation Failure) [PSYoungGen: 67424K->1453K(68096K)] 405373K->339402K(566272K), 0.0019802 secs] [Times: user=0.01 sys=0.00, real=0.00 secs] 
1100.266: [GC (Allocation Failure) [PSYoungGen: 68013K->1488K(67584K)] 405962K->339437K(565760K), 0.0015106 secs] [Times: user=0.00 sys=0.00, real=0.00 secs] 
1100.383: [GC (Allocation Failure) [PSYoungGen: 67536K->1421K(67072K)] 405485K->339370K(565248K), 0.0014924 secs] [Times: user=0.01 sys=0.00, real=0.01 secs] 
1100.515: [GC (Allocation Failure) [PSYoungGen: 66957K->1453K(66560K)] 404906K->339410K(564736K), 0.0019401 secs] [Times: user=0.00 sys=0.00, real=0.00 secs] 
1101.145: [GC (Allocation Failure) [PSYoungGen: 66477K->1392K(66048K)] 404434K->339349K(564224K), 0.0019212 secs] [Times: user=0.00 sys=0.00, real=0.00 secs] 
1101.716: [GC (Allocation Failure) [PSYoungGen: 65904K->1376K(65536K)] 403861K->339333K(563712K), 0.0021579 secs] [Times: user=0.01 sys=0.00, real=0.00 secs] 
1102.248: [GC (Allocation Failure) [PSYoungGen: 65376K->1376K(65024K)] 403333K->339333K(563200K), 0.0020476 secs] [Times: user=0.01 sys=0.00, real=0.00 secs] 
1102.643: [GC (Allocation Failure) [PSYoungGen: 64864K->1344K(64512K)] 402821K->339301K(562688K), 0.0019665 secs] [Times: user=0.01 sys=0.00, real=0.00 secs] 
1103.232: [GC (Allocation Failure) [PSYoungGen: 64320K->1437K(64000K)] 402277K->339394K(562176K), 0.0019737 secs] [Times: user=0.01 sys=0.00, real=0.01 secs] 
1103.389: [GC (Allocation Failure) [PSYoungGen: 63901K->1485K(63488K)] 401858K->339442K(561664K), 0.0021410 secs] [Times: user=0.01 sys=0.00, real=0.00 secs] 
1103.556: [GC (Allocation Failure) [PSYoungGen: 63437K->1453K(62976K)] 401394K->339410K(561152K), 0.0021186 secs] [Times: user=0.01 sys=0.00, real=0.00 secs] 
1103.702: [GC (Allocation Failure) [PSYoungGen: 62893K->1453K(62464K)] 400850K->339418K(560640K), 0.0016551 secs] [Times: user=0.00 sys=0.00, real=0.01 secs] 
1103.992: [GC (Allocation Failure) [PSYoungGen: 62381K->1504K(61952K)] 400346K->339585K(560128K), 0.0019006 secs] [Times: user=0.01 sys=0.00, real=0.01 secs] 
1105.477: [GC (Allocation Failure) [PSYoungGen: 61920K->1280K(61440K)] 400001K->339385K(559616K), 0.0033551 secs] [Times: user=0.02 sys=0.00, real=0.00 secs] 
1106.482: [GC (Allocation Failure) [PSYoungGen: 61184K->1280K(60928K)] 399289K->339385K(559104K), 0.0036451 secs] [Times: user=0.01 sys=0.01, real=0.01 secs] 
1107.254: [GC (Allocation Failure) [PSYoungGen: 60672K->1280K(60416K)] 398777K->339385K(558592K), 0.0030730 secs] [Times: user=0.02 sys=0.00, real=0.00 secs] 
1107.742: [GC (Allocation Failure) [PSYoungGen: 60160K->1280K(59904K)] 398265K->339385K(558080K), 0.0025538 secs] [Times: user=0.01 sys=0.00, real=0.01 secs] 
1108.122: [GC (Allocation Failure) [PSYoungGen: 59648K->1392K(59392K)] 397753K->339497K(557568K), 0.0018685 secs] [Times: user=0.01 sys=0.00, real=0.01 secs] 
1108.253: [GC (Allocation Failure) [PSYoungGen: 59248K->1389K(59392K)] 397353K->339494K(557568K), 0.0017610 secs] [Times: user=0.01 sys=0.00, real=0.01 secs] 
1108.386: [GC (Allocation Failure) [PSYoungGen: 59245K->1389K(59904K)] 397350K->339510K(558080K), 0.0020416 secs] [Times: user=0.01 sys=0.00, real=0.00 secs] 
1108.534: [GC (Allocation Failure) [PSYoungGen: 59245K->1389K(59904K)] 397366K->339510K(558080K), 0.0018430 secs] [Times: user=0.00 sys=0.00, real=0.00 secs] 
1108.670: [GC (Allocation Failure) [PSYoungGen: 59245K->1389K(59904K)] 397366K->339510K(558080K), 0.0018493 secs] [Times: user=0.01 sys=0.00, real=0.00 secs] 
1109.158: [GC (Allocation Failure) [PSYoungGen: 59245K->1408K(59392K)] 397366K->339529K(557568K), 0.0030710 secs] [Times: user=0.01 sys=0.00, real=0.00 secs] 
1109.599: [GC (Allocation Failure) [PSYoungGen: 59264K->1408K(59392K)] 397385K->339529K(557568K), 0.0030820 secs] [Times: user=0.01 sys=0.00, real=0.00 secs] 
1110.067: [GC (Allocation Failure) [PSYoungGen: 59264K->1376K(59392K)] 397385K->339497K(557568K), 0.0027968 secs] [Times: user=0.01 sys=0.00, real=0.00 secs] 
1110.595: [GC (Allocation Failure) [PSYoungGen: 59232K->1408K(59392K)] 397353K->339529K(557568K), 0.0023929 secs] [Times: user=0.01 sys=0.00, real=0.00 secs] 
1111.198: [GC (Allocation Failure) [PSYoungGen: 59147K->304K(58368K)] 397268K->338425K(556544K), 0.0025790 secs] [Times: user=0.01 sys=0.00, real=0.00 secs] 
1111.363: [GC (Allocation Failure) [PSYoungGen: 58160K->1453K(59904K)] 396281K->339582K(558080K), 0.0018653 secs] [Times: user=0.01 sys=0.00, real=0.01 secs] 
1111.467: [GC (Allocation Failure) [PSYoungGen: 59281K->1453K(59392K)] 397410K->339582K(557568K), 0.0016134 secs] [Times: user=0.00 sys=0.00, real=0.00 secs] 
1111.568: [GC (Allocation Failure) [PSYoungGen: 59309K->1424K(61440K)] 397438K->339553K(559616K), 0.0016197 secs] [Times: user=0.00 sys=0.00, real=0.00 secs] 
1111.687: [GC (Allocation Failure) [PSYoungGen: 60816K->1456K(65536K)] 398945K->339585K(563712K), 0.0017752 secs] [Times: user=0.01 sys=0.00, real=0.00 secs] 
1112.364: [GC (Allocation Failure) [PSYoungGen: 64944K->1424K(64512K)] 403073K->339553K(562688K), 0.0020343 secs] [Times: user=0.01 sys=0.00, real=0.00 secs] 
1112.978: [GC (Allocation Failure) [PSYoungGen: 64400K->1376K(64000K)] 402529K->339505K(562176K), 0.0021313 secs] [Times: user=0.01 sys=0.00, real=0.00 secs] 
1113.527: [GC (Allocation Failure) [PSYoungGen: 63840K->1376K(63488K)] 401969K->339505K(561664K), 0.0040258 secs] [Times: user=0.01 sys=0.00, real=0.00 secs] 
1114.288: [GC (Allocation Failure) [PSYoungGen: 63328K->1344K(62976K)] 401457K->339497K(561152K), 0.0040372 secs] [Times: user=0.02 sys=0.00, real=0.00 secs] 
1114.894: [GC (Allocation Failure) [PSYoungGen: 62784K->1456K(62464K)] 400937K->339609K(560640K), 0.0025012 secs] [Times: user=0.01 sys=0.00, real=0.00 secs] 
1115.070: [GC (Allocation Failure) [PSYoungGen: 62384K->1389K(61952K)] 400537K->339542K(560128K), 0.0018969 secs] [Times: user=0.01 sys=0.00, real=0.00 secs] 
1115.180: [GC (Allocation Failure) [PSYoungGen: 61805K->1421K(61440K)] 399958K->339582K(559616K), 0.0015765 secs] [Times: user=0.01 sys=0.00, real=0.00 secs] 
1115.286: [GC (Allocation Failure) [PSYoungGen: 61325K->1456K(61952K)] 399486K->339617K(560128K), 0.0015782 secs] [Times: user=0.00 sys=0.00, real=0.00 secs] 
1115.392: [GC (Allocation Failure) [PSYoungGen: 61360K->1424K(61952K)] 399521K->339585K(560128K), 0.0015516 secs] [Times: user=0.01 sys=0.00, real=0.00 secs] 
1115.961: [GC (Allocation Failure) [PSYoungGen: 61328K->1424K(60928K)] 399489K->339585K(559104K), 0.0023484 secs] [Times: user=0.01 sys=0.00, real=0.00 secs] 
1116.208: [GC (Allocation Failure) [PSYoungGen: 60816K->1376K(60416K)] 398977K->339537K(558592K), 0.0023411 secs] [Times: user=0.01 sys=0.00, real=0.00 secs] 
1116.454: [GC (Allocation Failure) [PSYoungGen: 60256K->1392K(66048K)] 398417K->339553K(564224K), 0.0029280 secs] [Times: user=0.02 sys=0.00, real=0.00 secs] 
1116.725: [GC (Allocation Failure) [PSYoungGen: 65904K->1376K(65536K)] 404065K->339537K(563712K), 0.0023951 secs] [Times: user=0.01 sys=0.00, real=0.00 secs] 
1117.127: [GC (Allocation Failure) [PSYoungGen: 65376K->1456K(65024K)] 403537K->339617K(563200K), 0.0019728 secs] [Times: user=0.00 sys=0.00, real=0.00 secs] 
1117.244: [GC (Allocation Failure) [PSYoungGen: 64944K->1517K(64512K)] 403105K->339678K(562688K), 0.0013972 secs] [Times: user=0.01 sys=0.00, real=0.00 secs] 
1117.382: [GC (Allocation Failure) [PSYoungGen: 64493K->1485K(65024K)] 402654K->339654K(563200K), 0.0019143 secs] [Times: user=0.01 sys=0.00, real=0.01 secs] 
1117.542: [GC (Allocation Failure) [PSYoungGen: 64461K->1453K(65024K)] 402630K->339622K(563200K), 0.0018391 secs] [Times: user=0.01 sys=0.00, real=0.01 secs] 
1118.103: [GC (Allocation Failure) [PSYoungGen: 64429K->1952K(64512K)] 402598K->340121K(562688K), 0.0022116 secs] [Times: user=0.01 sys=0.00, real=0.01 secs] 
1118.923: [GC (Allocation Failure) [PSYoungGen: 64416K->1376K(63488K)] 402585K->339545K(561664K), 0.0035537 secs] [Times: user=0.02 sys=0.00, real=0.01 secs] 
1119.437: [GC (Allocation Failure) [PSYoungGen: 63328K->352K(61952K)] 401497K->339545K(560128K), 0.0028014 secs] [Times: user=0.01 sys=0.00, real=0.00 secs] 
1119.993: [GC (Allocation Failure) [PSYoungGen: 61792K->384K(62976K)] 400985K->339577K(561152K), 0.0020292 secs] [Times: user=0.00 sys=0.00, real=0.00 secs] 
1120.427: [GC (Allocation Failure) [PSYoungGen: 61312K->320K(60928K)] 400505K->339513K(559104K), 0.0026905 secs] [Times: user=0.01 sys=0.00, real=0.00 secs] 
1120.701: [GC (Allocation Failure) [PSYoungGen: 60736K->1485K(62464K)] 399929K->340678K(560640K), 0.0023354 secs] [Times: user=0.01 sys=0.00, real=0.00 secs] 
1120.869: [GC (Allocation Failure) [PSYoungGen: 61389K->1424K(60928K)] 400582K->340617K(559104K), 0.0019373 secs] [Times: user=0.01 sys=0.00, real=0.00 secs] 
1120.975: [GC (Allocation Failure) [PSYoungGen: 60816K->1389K(60416K)] 400009K->340598K(558592K), 0.0016295 secs] [Times: user=0.01 sys=0.00, real=0.00 secs] 
1121.093: [GC (Allocation Failure) [PSYoungGen: 60269K->1517K(65024K)] 399478K->340726K(563200K), 0.0017136 secs] [Times: user=0.01 sys=0.00, real=0.00 secs] 
1121.476: [GC (Allocation Failure) [PSYoungGen: 63981K->1392K(63488K)] 403190K->340601K(561664K), 0.0025902 secs] [Times: user=0.01 sys=0.00, real=0.00 secs] 
1122.335: [GC (Allocation Failure) [PSYoungGen: 63344K->1344K(62976K)] 402553K->340553K(561152K), 0.0027446 secs] [Times: user=0.01 sys=0.00, real=0.00 secs] 
1123.249: [GC (Allocation Failure) [PSYoungGen: 62784K->1312K(62464K)] 401993K->340521K(560640K), 0.0031511 secs] [Times: user=0.01 sys=0.00, real=0.00 secs] 
1124.051: [GC (Allocation Failure) [PSYoungGen: 62240K->1312K(61952K)] 401449K->340521K(560128K), 0.0029888 secs] [Times: user=0.01 sys=0.00, real=0.01 secs] 
1124.706: [GC (Allocation Failure) [PSYoungGen: 61728K->1344K(61440K)] 400937K->340553K(559616K), 0.0025159 secs] [Times: user=0.01 sys=0.00, real=0.00 secs] 
1125.145: [GC (Allocation Failure) [PSYoungGen: 61230K->1517K(60928K)] 400439K->340726K(559104K), 0.0020741 secs] [Times: user=0.01 sys=0.00, real=0.00 secs] 
1125.277: [GC (Allocation Failure) [PSYoungGen: 60909K->1453K(60416K)] 400118K->340670K(558592K), 0.0016731 secs] [Times: user=0.01 sys=0.00, real=0.00 secs] 
1125.381: [GC (Allocation Failure) [PSYoungGen: 60333K->1421K(59904K)] 399550K->340662K(558080K), 0.0017291 secs] [Times: user=0.01 sys=0.00, real=0.00 secs] 
1125.483: [GC (Allocation Failure) [PSYoungGen: 59789K->1456K(60928K)] 399030K->340697K(559104K), 0.0016275 secs] [Times: user=0.00 sys=0.00, real=0.01 secs] 
1125.994: [GC (Allocation Failure) [PSYoungGen: 60336K->1408K(59904K)] 399577K->340649K(558080K), 0.0027710 secs] [Times: user=0.01 sys=0.00, real=0.00 secs] 
1126.530: [GC (Allocation Failure) [PSYoungGen: 59776K->1344K(59392K)] 399017K->340585K(557568K), 0.0019613 secs] [Times: user=0.01 sys=0.00, real=0.00 secs] 
1127.005: [GC (Allocation Failure) [PSYoungGen: 59200K->1376K(59392K)] 398441K->340617K(557568K), 0.0018665 secs] [Times: user=0.01 sys=0.00, real=0.00 secs] 
1127.529: [GC (Allocation Failure) [PSYoungGen: 59232K->1376K(59392K)] 398473K->340617K(557568K), 0.0028688 secs] [Times: user=0.01 sys=0.00, real=0.00 secs] 
1127.991: [GC (Allocation Failure) [PSYoungGen: 59232K->1312K(59392K)] 398473K->340553K(557568K), 0.0020415 secs] [Times: user=0.01 sys=0.00, real=0.00 secs] 
1128.276: [GC (Allocation Failure) [PSYoungGen: 59168K->1469K(59392K)] 398409K->340718K(557568K), 0.0018376 secs] [Times: user=0.01 sys=0.00, real=0.00 secs] 
1128.383: [GC (Allocation Failure) [PSYoungGen: 59325K->1520K(59392K)] 398574K->340785K(557568K), 0.0016057 secs] [Times: user=0.01 sys=0.00, real=0.01 secs] 
1128.484: [GC (Allocation Failure) [PSYoungGen: 59376K->1453K(62464K)] 398641K->340718K(560640K), 0.0016587 secs] [Times: user=0.00 sys=0.00, real=0.00 secs] 
1128.590: [GC (Allocation Failure) [PSYoungGen: 61869K->1549K(65536K)] 401134K->340814K(563712K), 0.0014488 secs] [Times: user=0.01 sys=0.00, real=0.00 secs] 
1128.961: [GC (Allocation Failure) [PSYoungGen: 65037K->1744K(65024K)] 404302K->341017K(563200K), 0.0018972 secs] [Times: user=0.00 sys=0.00, real=0.00 secs] 
1129.797: [GC (Allocation Failure) [PSYoungGen: 64720K->1376K(64000K)] 403993K->340649K(562176K), 0.0024534 secs] [Times: user=0.01 sys=0.00, real=0.00 secs] 
1130.338: [GC (Allocation Failure) [PSYoungGen: 63840K->1376K(63488K)] 403113K->340649K(561664K), 0.0022615 secs] [Times: user=0.01 sys=0.00, real=0.00 secs] 
1131.081: [GC (Allocation Failure) [PSYoungGen: 63328K->1392K(62976K)] 402601K->340665K(561152K), 0.0022878 secs] [Times: user=0.01 sys=0.00, real=0.01 secs] 
1131.816: [GC (Allocation Failure) [PSYoungGen: 62832K->1376K(62464K)] 402105K->340649K(560640K), 0.0041674 secs] [Times: user=0.01 sys=0.00, real=0.00 secs] 
1132.318: [GC (Allocation Failure) [PSYoungGen: 62304K->1440K(61952K)] 401577K->340713K(560128K), 0.0022395 secs] [Times: user=0.00 sys=0.00, real=0.00 secs] 
1132.464: [GC (Allocation Failure) [PSYoungGen: 61856K->1456K(61440K)] 401129K->340737K(559616K), 0.0016456 secs] [Times: user=0.01 sys=0.01, real=0.00 secs] 
1132.582: [GC (Allocation Failure) [PSYoungGen: 61360K->1485K(60928K)] 400641K->340766K(559104K), 0.0018370 secs] [Times: user=0.01 sys=0.00, real=0.01 secs] 
1132.715: [GC (Allocation Failure) [PSYoungGen: 60877K->1485K(61952K)] 400158K->340766K(560128K), 0.0019995 secs] [Times: user=0.01 sys=0.00, real=0.00 secs] 
1132.998: [GC (Allocation Failure) [PSYoungGen: 61389K->1504K(60928K)] 400670K->340793K(559104K), 0.0022582 secs] [Times: user=0.01 sys=0.00, real=0.00 secs] 
1133.245: [GC (Allocation Failure) [PSYoungGen: 60896K->1440K(60416K)] 400185K->340729K(558592K), 0.0022573 secs] [Times: user=0.01 sys=0.00, real=0.00 secs] 
1133.593: [GC (Allocation Failure) [PSYoungGen: 60320K->1344K(59904K)] 399609K->340649K(558080K), 0.0019214 secs] [Times: user=0.01 sys=0.00, real=0.01 secs] 
1134.014: [GC (Allocation Failure) [PSYoungGen: 59712K->1344K(59392K)] 399017K->340673K(557568K), 0.0020934 secs] [Times: user=0.01 sys=0.01, real=0.00 secs] 
1134.475: [GC (Allocation Failure) [PSYoungGen: 59200K->1392K(59392K)] 398529K->340721K(557568K), 0.0022732 secs] [Times: user=0.01 sys=0.00, real=0.00 secs] 
1134.877: [GC (Allocation Failure) [PSYoungGen: 59248K->1469K(59392K)] 398577K->340798K(557568K), 0.0019784 secs] [Times: user=0.01 sys=0.00, real=0.00 secs] 
1134.985: [GC (Allocation Failure) [PSYoungGen: 59325K->1453K(59392K)] 398654K->340790K(557568K), 0.0016015 secs] [Times: user=0.01 sys=0.00, real=0.00 secs] 
1135.086: [GC (Allocation Failure) [PSYoungGen: 59309K->1456K(64000K)] 398646K->340793K(562176K), 0.0016613 secs] [Times: user=0.01 sys=0.00, real=0.00 secs] 
1135.209: [GC (Allocation Failure) [PSYoungGen: 63408K->1424K(65536K)] 402745K->340761K(563712K), 0.0018445 secs] [Times: user=0.00 sys=0.00, real=0.00 secs] 
1135.599: [GC (Allocation Failure) [PSYoungGen: 64912K->1968K(65024K)] 404249K->341825K(563200K), 0.0018749 secs] [Times: user=0.01 sys=0.00, real=0.00 secs] 
1136.001: [GC (Allocation Failure) [PSYoungGen: 64944K->1376K(64000K)] 404801K->341233K(562176K), 0.0018000 secs] [Times: user=0.00 sys=0.00, real=0.00 secs] 
1136.261: [GC (Allocation Failure) [PSYoungGen: 63840K->1424K(63488K)] 403697K->341281K(561664K), 0.0018581 secs] [Times: user=0.01 sys=0.00, real=0.00 secs] 
1136.647: [GC (Allocation Failure) [PSYoungGen: 63376K->1408K(62976K)] 403233K->341265K(561152K), 0.0023462 secs] [Times: user=0.01 sys=0.00, real=0.00 secs] 
1137.361: [GC (Allocation Failure) [PSYoungGen: 62848K->1376K(62464K)] 402705K->341233K(560640K), 0.0024517 secs] [Times: user=0.01 sys=0.00, real=0.01 secs] 
1137.825: [GC (Allocation Failure) [PSYoungGen: 62304K->1517K(61952K)] 402161K->341374K(560128K), 0.0020010 secs] [Times: user=0.01 sys=0.00, real=0.00 secs] 
1137.961: [GC (Allocation Failure) [PSYoungGen: 61933K->1517K(61440K)] 401790K->341390K(559616K), 0.0017536 secs] [Times: user=0.00 sys=0.00, real=0.00 secs] 
1138.066: [GC (Allocation Failure) [PSYoungGen: 61421K->1485K(60928K)] 401294K->341358K(559104K), 0.0015837 secs] [Times: user=0.01 sys=0.00, real=0.00 secs] 
1138.170: [GC (Allocation Failure) [PSYoungGen: 60877K->1520K(61952K)] 400750K->341393K(560128K), 0.0017321 secs] [Times: user=0.00 sys=0.00, real=0.00 secs] 
1138.499: [GC (Allocation Failure) [PSYoungGen: 61424K->1472K(67584K)] 401297K->341345K(565760K), 0.0024850 secs] [Times: user=0.01 sys=0.01, real=0.00 secs] 
1138.794: [GC (Allocation Failure) [PSYoungGen: 67008K->1376K(66560K)] 406881K->341249K(564736K), 0.0018063 secs] [Times: user=0.01 sys=0.00, real=0.00 secs] 
1139.065: [GC (Allocation Failure) [PSYoungGen: 66400K->1440K(66048K)] 406273K->341313K(564224K), 0.0020386 secs] [Times: user=0.01 sys=0.00, real=0.00 secs] 
1139.332: [GC (Allocation Failure) [PSYoungGen: 65952K->1376K(65536K)] 405825K->341249K(563712K), 0.0019065 secs] [Times: user=0.01 sys=0.00, real=0.01 secs] 
1139.614: [GC (Allocation Failure) [PSYoungGen: 65376K->1440K(65024K)] 405249K->341313K(563200K), 0.0020304 secs] [Times: user=0.00 sys=0.00, real=0.00 secs] 
1139.790: [GC (Allocation Failure) [PSYoungGen: 64928K->1453K(64512K)] 404801K->341326K(562688K), 0.0014989 secs] [Times: user=0.01 sys=0.00, real=0.00 secs] 
1139.899: [GC (Allocation Failure) [PSYoungGen: 64429K->1453K(64000K)] 404302K->341350K(562176K), 0.0016244 secs] [Times: user=0.01 sys=0.00, real=0.00 secs] 
1140.025: [GC (Allocation Failure) [PSYoungGen: 63917K->1485K(64512K)] 403814K->341382K(562688K), 0.0018764 secs] [Times: user=0.01 sys=0.00, real=0.00 secs] 
1140.165: [GC (Allocation Failure) [PSYoungGen: 63949K->1533K(70656K)] 403846K->341430K(568832K), 0.0017686 secs] [Times: user=0.01 sys=0.00, real=0.00 secs] 
1140.531: [GC (Allocation Failure) [PSYoungGen: 70141K->1376K(69632K)] 410038K->341273K(567808K), 0.0019154 secs] [Times: user=0.01 sys=0.00, real=0.00 secs] 
1140.814: [GC (Allocation Failure) [PSYoungGen: 69472K->1344K(69120K)] 409369K->341241K(567296K), 0.0020064 secs] [Times: user=0.01 sys=0.00, real=0.00 secs] 
1141.094: [GC (Allocation Failure) [PSYoungGen: 68928K->1376K(68608K)] 408825K->341273K(566784K), 0.0019094 secs] [Times: user=0.00 sys=0.00, real=0.00 secs] 
1141.373: [GC (Allocation Failure) [PSYoungGen: 68448K->1312K(68096K)] 408345K->341209K(566272K), 0.0019106 secs] [Times: user=0.01 sys=0.00, real=0.01 secs] 
1141.616: [GC (Allocation Failure) [PSYoungGen: 67872K->1453K(67584K)] 407769K->341350K(565760K), 0.0015704 secs] [Times: user=0.01 sys=0.00, real=0.00 secs] 
1141.733: [GC (Allocation Failure) [PSYoungGen: 67497K->1421K(67072K)] 407394K->341318K(565248K), 0.0016180 secs] [Times: user=0.00 sys=0.00, real=0.01 secs] 
1141.866: [GC (Allocation Failure) [PSYoungGen: 66957K->1421K(67584K)] 406854K->341326K(565760K), 0.0018844 secs] [Times: user=0.01 sys=0.00, real=0.00 secs] 
1142.011: [GC (Allocation Failure) [PSYoungGen: 66957K->1565K(73728K)] 406862K->341470K(571904K), 0.0020735 secs] [Times: user=0.01 sys=0.00, real=0.01 secs] 
1142.818: [GC (Allocation Failure) [PSYoungGen: 73245K->1408K(72704K)] 413150K->341321K(570880K), 0.0023165 secs] [Times: user=0.00 sys=0.00, real=0.00 secs] 
1143.631: [GC (Allocation Failure) [PSYoungGen: 72576K->1376K(72192K)] 412489K->341297K(570368K), 0.0022654 secs] [Times: user=0.01 sys=0.00, real=0.01 secs] 
1144.408: [GC (Allocation Failure) [PSYoungGen: 72032K->1424K(71680K)] 411953K->341345K(569856K), 0.0023391 secs] [Times: user=0.01 sys=0.00, real=0.00 secs] 
1145.445: [GC (Allocation Failure) [PSYoungGen: 71568K->1376K(71168K)] 411489K->341297K(569344K), 0.0026515 secs] [Times: user=0.01 sys=0.00, real=0.00 secs] 
1145.768: [GC (Allocation Failure) [PSYoungGen: 71008K->1485K(70656K)] 410929K->341406K(568832K), 0.0018542 secs] [Times: user=0.01 sys=0.00, real=0.00 secs] 
1145.892: [GC (Allocation Failure) [PSYoungGen: 70605K->1517K(70144K)] 410526K->341438K(568320K), 0.0014106 secs] [Times: user=0.01 sys=0.00, real=0.00 secs] 
1146.011: [GC (Allocation Failure) [PSYoungGen: 70119K->1517K(69632K)] 410040K->341438K(567808K), 0.0016200 secs] [Times: user=0.01 sys=0.00, real=0.00 secs] 
1146.629: [GC (Allocation Failure) [PSYoungGen: 69613K->1952K(69632K)] 409534K->341873K(567808K), 0.0030949 secs] [Times: user=0.01 sys=0.00, real=0.00 secs] 
1147.687: [GC (Allocation Failure) [PSYoungGen: 69536K->1312K(68608K)] 409457K->341233K(566784K), 0.0035474 secs] [Times: user=0.01 sys=0.00, real=0.00 secs] 
1148.350: [GC (Allocation Failure) [PSYoungGen: 68384K->1392K(68096K)] 408305K->341313K(566272K), 0.0025783 secs] [Times: user=0.01 sys=0.00, real=0.00 secs] 
1149.191: [GC (Allocation Failure) [PSYoungGen: 67952K->1344K(67584K)] 407873K->341265K(565760K), 0.0024822 secs] [Times: user=0.01 sys=0.00, real=0.01 secs] 
1149.946: [GC (Allocation Failure) [PSYoungGen: 67392K->1344K(67072K)] 407313K->341265K(565248K), 0.0020781 secs] [Times: user=0.00 sys=0.00, real=0.00 secs] 
1150.588: [GC (Allocation Failure) [PSYoungGen: 66880K->1485K(66560K)] 406801K->341406K(564736K), 0.0020050 secs] [Times: user=0.01 sys=0.00, real=0.00 secs] 
1150.736: [GC (Allocation Failure) [PSYoungGen: 66509K->1485K(66048K)] 406430K->341406K(564224K), 0.0017615 secs] [Times: user=0.00 sys=0.00, real=0.00 secs] 
1150.887: [GC (Allocation Failure) [PSYoungGen: 65997K->1485K(65536K)] 405918K->341406K(563712K), 0.0020012 secs] [Times: user=0.01 sys=0.00, real=0.00 secs] 
1151.002: [GC (Allocation Failure) [PSYoungGen: 65485K->1453K(65024K)] 405406K->341390K(563200K), 0.0015617 secs] [Times: user=0.00 sys=0.00, real=0.01 secs] 
1152.347: [GC (Allocation Failure) [PSYoungGen: 64941K->1408K(64512K)] 404878K->341345K(562688K), 0.0047397 secs] [Times: user=0.01 sys=0.01, real=0.00 secs] 
1153.193: [GC (Allocation Failure) [PSYoungGen: 64384K->1328K(64000K)] 404321K->341265K(562176K), 0.0032974 secs] [Times: user=0.01 sys=0.00, real=0.00 secs] 
1153.632: [GC (Allocation Failure) [PSYoungGen: 63792K->1344K(63488K)] 403729K->341281K(561664K), 0.0021046 secs] [Times: user=0.01 sys=0.00, real=0.01 secs] 
1154.076: [GC (Allocation Failure) [PSYoungGen: 63296K->1408K(62976K)] 403233K->341345K(561152K), 0.0018354 secs] [Times: user=0.00 sys=0.00, real=0.00 secs] 
1154.447: [GC (Allocation Failure) [PSYoungGen: 62848K->1472K(62464K)] 402785K->341409K(560640K), 0.0020465 secs] [Times: user=0.01 sys=0.00, real=0.00 secs] 
1154.561: [GC (Allocation Failure) [PSYoungGen: 62400K->1485K(61952K)] 402337K->341422K(560128K), 0.0016380 secs] [Times: user=0.01 sys=0.00, real=0.00 secs] 
1154.667: [GC (Allocation Failure) [PSYoungGen: 61901K->1453K(61440K)] 401838K->341398K(559616K), 0.0015491 secs] [Times: user=0.01 sys=0.00, real=0.00 secs] 
1154.772: [GC (Allocation Failure) [PSYoungGen: 61357K->1453K(61952K)] 401302K->341398K(560128K), 0.0015797 secs] [Times: user=0.00 sys=0.00, real=0.01 secs] 
1155.039: [GC (Allocation Failure) [PSYoungGen: 61416K->1680K(62464K)] 401361K->341649K(560640K), 0.0020246 secs] [Times: user=0.01 sys=0.00, real=0.00 secs] 
1155.875: [GC (Allocation Failure) [PSYoungGen: 62096K->1344K(61440K)] 402065K->341321K(559616K), 0.0028471 secs] [Times: user=0.01 sys=0.00, real=0.00 secs] 
1156.322: [GC (Allocation Failure) [PSYoungGen: 61248K->1408K(60928K)] 401225K->341385K(559104K), 0.0022928 secs] [Times: user=0.01 sys=0.01, real=0.01 secs] 
1156.569: [GC (Allocation Failure) [PSYoungGen: 60800K->1344K(60416K)] 400777K->341321K(558592K), 0.0018553 secs] [Times: user=0.00 sys=0.00, real=0.00 secs] 
1156.920: [GC (Allocation Failure) [PSYoungGen: 60224K->1360K(59904K)] 400201K->341337K(558080K), 0.0019602 secs] [Times: user=0.00 sys=0.00, real=0.00 secs] 
1157.390: [GC (Allocation Failure) [PSYoungGen: 59728K->1389K(59392K)] 399705K->341374K(557568K), 0.0057547 secs] [Times: user=0.02 sys=0.00, real=0.01 secs] 
1157.513: [GC (Allocation Failure) [PSYoungGen: 59245K->1485K(59392K)] 399230K->341470K(557568K), 0.0017538 secs] [Times: user=0.00 sys=0.00, real=0.01 secs] 
1157.629: [GC (Allocation Failure) [PSYoungGen: 59341K->1485K(64512K)] 399326K->341478K(562688K), 0.0018222 secs] [Times: user=0.01 sys=0.00, real=0.00 secs] 
1157.769: [GC (Allocation Failure) [PSYoungGen: 64461K->1485K(65024K)] 404454K->341478K(563200K), 0.0017411 secs] [Times: user=0.01 sys=0.00, real=0.00 secs] 
1158.078: [GC (Allocation Failure) [PSYoungGen: 64461K->2000K(71168K)] 404454K->341993K(569344K), 0.0021711 secs] [Times: user=0.00 sys=0.00, real=0.00 secs] 
1158.640: [GC (Allocation Failure) [PSYoungGen: 71120K->1408K(70144K)] 411113K->341401K(568320K), 0.0022276 secs] [Times: user=0.01 sys=0.00, real=0.00 secs] 
1159.017: [GC (Allocation Failure) [PSYoungGen: 70016K->1344K(69632K)] 410009K->341337K(567808K), 0.0023507 secs] [Times: user=0.01 sys=0.00, real=0.00 secs] 
1159.300: [GC (Allocation Failure) [PSYoungGen: 69440K->1376K(69120K)] 409433K->341369K(567296K), 0.0019371 secs] [Times: user=0.01 sys=0.00, real=0.00 secs] 
1159.585: [GC (Allocation Failure) [PSYoungGen: 68960K->1408K(68608K)] 408953K->341401K(566784K), 0.0019541 secs] [Times: user=0.01 sys=0.00, real=0.00 secs] 
1159.773: [GC (Allocation Failure) [PSYoungGen: 68480K->1517K(68096K)] 408473K->341510K(566272K), 0.0016323 secs] [Times: user=0.00 sys=0.00, real=0.01 secs] 
1159.890: [GC (Allocation Failure) [PSYoungGen: 68077K->1520K(67584K)] 408070K->341521K(565760K), 0.0017388 secs] [Times: user=0.00 sys=0.00, real=0.00 secs] 
1160.006: [GC (Allocation Failure) [PSYoungGen: 67568K->1485K(68608K)] 407569K->341486K(566784K), 0.0015863 secs] [Times: user=0.01 sys=0.00, real=0.00 secs] 
1160.974: [GC (Allocation Failure) [PSYoungGen: 68045K->1728K(68096K)] 408046K->341729K(566272K), 0.0025960 secs] [Times: user=0.01 sys=0.00, real=0.00 secs] 
1162.179: [GC (Allocation Failure) [PSYoungGen: 67776K->1424K(67072K)] 407777K->341425K(565248K), 0.0046185 secs] [Times: user=0.01 sys=0.00, real=0.01 secs] 
1162.839: [GC (Allocation Failure) [PSYoungGen: 66960K->384K(65536K)] 406961K->341409K(563712K), 0.0022861 secs] [Times: user=0.01 sys=0.00, real=0.00 secs] 
1163.334: [GC (Allocation Failure) [PSYoungGen: 65408K->352K(65024K)] 406433K->341385K(563200K), 0.0021365 secs] [Times: user=0.01 sys=0.00, real=0.00 secs] 
1163.760: [GC (Allocation Failure) [PSYoungGen: 64864K->384K(64512K)] 405897K->341417K(562688K), 0.0020934 secs] [Times: user=0.01 sys=0.00, real=0.00 secs] 
1164.166: [GC (Allocation Failure) [PSYoungGen: 64383K->1421K(66048K)] 405416K->342454K(564224K), 0.0016506 secs] [Times: user=0.01 sys=0.00, real=0.00 secs] 
1164.294: [GC (Allocation Failure) [PSYoungGen: 64909K->1453K(64512K)] 405942K->342486K(562688K), 0.0019305 secs] [Times: user=0.01 sys=0.00, real=0.00 secs] 
1164.436: [GC (Allocation Failure) [PSYoungGen: 64429K->1453K(64000K)] 405462K->342494K(562176K), 0.0019759 secs] [Times: user=0.01 sys=0.00, real=0.00 secs] 
1164.550: [GC (Allocation Failure) [PSYoungGen: 63917K->1485K(68096K)] 404958K->342542K(566272K), 0.0017925 secs] [Times: user=0.00 sys=0.00, real=0.00 secs] 
1165.950: [GC (Allocation Failure) [PSYoungGen: 67021K->1408K(66560K)] 408078K->342465K(564736K), 0.0030501 secs] [Times: user=0.01 sys=0.00, real=0.00 secs] 
1167.196: [GC (Allocation Failure) [PSYoungGen: 66432K->1360K(66048K)] 407489K->342417K(564224K), 0.0033803 secs] [Times: user=0.01 sys=0.00, real=0.00 secs] 
1167.962: [GC (Allocation Failure) [PSYoungGen: 65872K->1344K(65536K)] 406929K->342401K(563712K), 0.0031831 secs] [Times: user=0.01 sys=0.00, real=0.01 secs] 
1168.472: [GC (Allocation Failure) [PSYoungGen: 65344K->1376K(65024K)] 406401K->342433K(563200K), 0.0021767 secs] [Times: user=0.01 sys=0.00, real=0.01 secs] 
1168.908: [GC (Allocation Failure) [PSYoungGen: 64858K->1437K(64512K)] 405915K->342494K(562688K), 0.0020598 secs] [Times: user=0.00 sys=0.00, real=0.00 secs] 
1169.038: [GC (Allocation Failure) [PSYoungGen: 64413K->1421K(64000K)] 405470K->342478K(562176K), 0.0015169 secs] [Times: user=0.00 sys=0.00, real=0.00 secs] 
1169.165: [GC (Allocation Failure) [PSYoungGen: 63867K->1453K(63488K)] 404924K->342518K(561664K), 0.0018190 secs] [Times: user=0.00 sys=0.00, real=0.00 secs] 
1169.302: [GC (Allocation Failure) [PSYoungGen: 63405K->1453K(64000K)] 404470K->342518K(562176K), 0.0019665 secs] [Times: user=0.01 sys=0.00, real=0.01 secs] 
1169.570: [GC (Allocation Failure) [PSYoungGen: 63917K->1456K(63488K)] 404982K->342521K(561664K), 0.0020599 secs] [Times: user=0.01 sys=0.00, real=0.00 secs] 
1169.905: [GC (Allocation Failure) [PSYoungGen: 63408K->1376K(62976K)] 404473K->342441K(561152K), 0.0020387 secs] [Times: user=0.01 sys=0.00, real=0.00 secs] 
1170.161: [GC (Allocation Failure) [PSYoungGen: 62816K->1344K(62464K)] 403881K->342409K(560640K), 0.0018673 secs] [Times: user=0.01 sys=0.00, real=0.00 secs] 
1170.414: [GC (Allocation Failure) [PSYoungGen: 62272K->1344K(61952K)] 403337K->342409K(560128K), 0.0023027 secs] [Times: user=0.01 sys=0.00, real=0.00 secs] 
1171.028: [GC (Allocation Failure) [PSYoungGen: 61760K->1344K(61440K)] 402825K->342409K(559616K), 0.0022187 secs] [Times: user=0.01 sys=0.00, real=0.00 secs] 
1171.352: [GC (Allocation Failure) [PSYoungGen: 61248K->1517K(60928K)] 402313K->342582K(559104K), 0.0020284 secs] [Times: user=0.01 sys=0.00, real=0.01 secs] 
1171.468: [GC (Allocation Failure) [PSYoungGen: 60909K->1421K(60416K)] 401974K->342486K(558592K), 0.0016441 secs] [Times: user=0.01 sys=0.00, real=0.00 secs] 
1171.571: [GC (Allocation Failure) [PSYoungGen: 60301K->1421K(60928K)] 401366K->342494K(559104K), 0.0016527 secs] [Times: user=0.01 sys=0.00, real=0.00 secs] 
1171.676: [GC (Allocation Failure) [PSYoungGen: 60301K->1453K(60928K)] 401374K->342526K(559104K), 0.0016458 secs] [Times: user=0.01 sys=0.00, real=0.00 secs] 
1172.415: [GC (Allocation Failure) [PSYoungGen: 60333K->1424K(59904K)] 401406K->342497K(558080K), 0.0024790 secs] [Times: user=0.01 sys=0.00, real=0.00 secs] 
1173.504: [GC (Allocation Failure) [PSYoungGen: 59792K->1392K(59392K)] 400865K->342489K(557568K), 0.0024887 secs] [Times: user=0.01 sys=0.00, real=0.00 secs] 
1173.904: [GC (Allocation Failure) [PSYoungGen: 59248K->1344K(59392K)] 400345K->342441K(557568K), 0.0021525 secs] [Times: user=0.00 sys=0.00, real=0.00 secs] 
1174.474: [GC (Allocation Failure) [PSYoungGen: 59200K->1344K(59392K)] 400297K->342441K(557568K), 0.0020724 secs] [Times: user=0.01 sys=0.00, real=0.00 secs] 
1175.001: [GC (Allocation Failure) [PSYoungGen: 59200K->1344K(59392K)] 400297K->342441K(557568K), 0.0023052 secs] [Times: user=0.01 sys=0.00, real=0.01 secs] 
1175.462: [GC (Allocation Failure) [PSYoungGen: 59200K->1408K(59392K)] 400297K->342505K(557568K), 0.0020262 secs] [Times: user=0.00 sys=0.00, real=0.01 secs] 
1175.585: [GC (Allocation Failure) [PSYoungGen: 59264K->1424K(59392K)] 400361K->342529K(557568K), 0.0015218 secs] [Times: user=0.00 sys=0.00, real=0.00 secs] 
1175.686: [GC (Allocation Failure) [PSYoungGen: 59280K->1453K(59392K)] 400385K->342558K(557568K), 0.0016319 secs] [Times: user=0.00 sys=0.00, real=0.00 secs] 
1175.802: [GC (Allocation Failure) [PSYoungGen: 59309K->1453K(62464K)] 400414K->342558K(560640K), 0.0017698 secs] [Times: user=0.00 sys=0.00, real=0.01 secs] 
1175.937: [GC (Allocation Failure) [PSYoungGen: 62381K->1453K(62976K)] 403486K->342558K(561152K), 0.0018643 secs] [Times: user=0.01 sys=0.00, real=0.00 secs] 
1176.885: [GC (Allocation Failure) [PSYoungGen: 62381K->1408K(61952K)] 403486K->342513K(560128K), 0.0028399 secs] [Times: user=0.01 sys=0.00, real=0.00 secs] 
1177.689: [GC (Allocation Failure) [PSYoungGen: 61824K->1376K(61440K)] 402929K->342481K(559616K), 0.0024681 secs] [Times: user=0.01 sys=0.00, real=0.00 secs] 
1178.639: [GC (Allocation Failure) [PSYoungGen: 61280K->1344K(60928K)] 402385K->342449K(559104K), 0.0027260 secs] [Times: user=0.01 sys=0.00, real=0.00 secs] 
1179.341: [GC (Allocation Failure) [PSYoungGen: 60736K->1408K(60416K)] 401841K->342513K(558592K), 0.0025214 secs] [Times: user=0.01 sys=0.00, real=0.01 secs] 
1180.048: [GC (Allocation Failure) [PSYoungGen: 60288K->1440K(59904K)] 401393K->342545K(558080K), 0.0021889 secs] [Times: user=0.00 sys=0.00, real=0.00 secs] 
1180.186: [GC (Allocation Failure) [PSYoungGen: 59808K->1549K(59904K)] 400913K->342662K(558080K), 0.0015010 secs] [Times: user=0.01 sys=0.00, real=0.00 secs] 
1180.287: [GC (Allocation Failure) [PSYoungGen: 59393K->512K(58880K)] 400506K->342649K(557056K), 0.0016105 secs] [Times: user=0.01 sys=0.00, real=0.00 secs] 
1180.389: [GC (Allocation Failure) [PSYoungGen: 58368K->461K(65536K)] 400505K->342598K(563712K), 0.0015110 secs] [Times: user=0.01 sys=0.00, real=0.00 secs] 
1180.515: [GC (Allocation Failure) [PSYoungGen: 63949K->525K(65536K)] 406086K->342662K(563712K), 0.0017562 secs] [Times: user=0.01 sys=0.00, real=0.00 secs] 
1181.066: [GC (Allocation Failure) [PSYoungGen: 64013K->1440K(64512K)] 406150K->343577K(562688K), 0.0019563 secs] [Times: user=0.00 sys=0.00, real=0.00 secs] 
1181.328: [GC (Allocation Failure) [PSYoungGen: 64416K->1376K(64000K)] 406553K->343513K(562176K), 0.0020321 secs] [Times: user=0.00 sys=0.00, real=0.00 secs] 
1181.652: [GC (Allocation Failure) [PSYoungGen: 63840K->1392K(63488K)] 405977K->343529K(561664K), 0.0019003 secs] [Times: user=0.01 sys=0.00, real=0.01 secs] 
1182.313: [GC (Allocation Failure) [PSYoungGen: 63344K->1344K(62976K)] 405481K->343481K(561152K), 0.0022205 secs] [Times: user=0.00 sys=0.00, real=0.01 secs] 
1182.679: [GC (Allocation Failure) [PSYoungGen: 62784K->1421K(62464K)] 404921K->343558K(560640K), 0.0019307 secs] [Times: user=0.01 sys=0.00, real=0.00 secs] 
1182.792: [GC (Allocation Failure) [PSYoungGen: 62349K->1456K(61952K)] 404486K->343593K(560128K), 0.0016376 secs] [Times: user=0.00 sys=0.00, real=0.01 secs] 
1182.914: [GC (Allocation Failure) [PSYoungGen: 61872K->1485K(62464K)] 404009K->343630K(560640K), 0.0018467 secs] [Times: user=0.01 sys=0.00, real=0.00 secs] 
1183.049: [GC (Allocation Failure) [PSYoungGen: 61901K->1469K(68096K)] 404046K->343614K(566272K), 0.0020948 secs] [Times: user=0.01 sys=0.00, real=0.00 secs] 
1183.413: [GC (Allocation Failure) [PSYoungGen: 67517K->1440K(68096K)] 409662K->343601K(566272K), 0.0025634 secs] [Times: user=0.01 sys=0.00, real=0.01 secs] 
1183.745: [GC (Allocation Failure) [PSYoungGen: 67488K->1344K(67072K)] 409649K->343505K(565248K), 0.0020171 secs] [Times: user=0.01 sys=0.00, real=0.00 secs] 
1184.017: [GC (Allocation Failure) [PSYoungGen: 66880K->1440K(66560K)] 409041K->343601K(564736K), 0.0022117 secs] [Times: user=0.00 sys=0.00, real=0.00 secs] 
1184.288: [GC (Allocation Failure) [PSYoungGen: 66464K->1376K(66048K)] 408625K->343537K(564224K), 0.0018497 secs] [Times: user=0.00 sys=0.00, real=0.00 secs] 
1184.571: [GC (Allocation Failure) [PSYoungGen: 65888K->1408K(65536K)] 408049K->343569K(563712K), 0.0018638 secs] [Times: user=0.00 sys=0.00, real=0.00 secs] 
1184.728: [GC (Allocation Failure) [PSYoungGen: 65408K->1453K(65024K)] 407569K->343614K(563200K), 0.0016615 secs] [Times: user=0.01 sys=0.00, real=0.00 secs] 
1184.839: [GC (Allocation Failure) [PSYoungGen: 64941K->1485K(64512K)] 407102K->343646K(562688K), 0.0016372 secs] [Times: user=0.00 sys=0.00, real=0.00 secs] 
1184.950: [GC (Allocation Failure) [PSYoungGen: 64461K->1488K(70656K)] 406622K->343657K(568832K), 0.0016060 secs] [Times: user=0.00 sys=0.00, real=0.00 secs] 
1185.074: [GC (Allocation Failure) [PSYoungGen: 70608K->288K(71168K)] 412777K->342457K(569344K), 0.0015119 secs] [Times: user=0.01 sys=0.00, real=0.00 secs] 
1186.876: [GC (Allocation Failure) [PSYoungGen: 69408K->1408K(70144K)] 411577K->343577K(568320K), 0.0041704 secs] [Times: user=0.01 sys=0.00, real=0.00 secs] 
1188.205: [GC (Allocation Failure) [PSYoungGen: 70016K->1376K(69632K)] 412185K->343545K(567808K), 0.0051985 secs] [Times: user=0.02 sys=0.00, real=0.00 secs] 
1188.824: [GC (Allocation Failure) [PSYoungGen: 69472K->1344K(69120K)] 411641K->343513K(567296K), 0.0021170 secs] [Times: user=0.01 sys=0.00, real=0.00 secs] 
1189.808: [GC (Allocation Failure) [PSYoungGen: 68928K->1376K(68608K)] 411097K->343545K(566784K), 0.0026298 secs] [Times: user=0.01 sys=0.00, real=0.00 secs] 
1190.155: [GC (Allocation Failure) [PSYoungGen: 68448K->1421K(68096K)] 410617K->343590K(566272K), 0.0019515 secs] [Times: user=0.01 sys=0.00, real=0.00 secs] 
1190.282: [GC (Allocation Failure) [PSYoungGen: 67981K->1469K(67584K)] 410150K->343638K(565760K), 0.0017385 secs] [Times: user=0.01 sys=0.00, real=0.01 secs] 
1190.415: [GC (Allocation Failure) [PSYoungGen: 67517K->1485K(67072K)] 409686K->343662K(565248K), 0.0018096 secs] [Times: user=0.01 sys=0.00, real=0.00 secs] 
1190.565: [GC (Allocation Failure) [PSYoungGen: 67021K->365K(72192K)] 409198K->342542K(570368K), 0.0020192 secs] [Times: user=0.01 sys=0.00, real=0.00 secs] 
1191.137: [GC (Allocation Failure) [PSYoungGen: 72045K->1408K(72704K)] 414222K->343585K(570880K), 0.0022648 secs] [Times: user=0.01 sys=0.00, real=0.00 secs] 
1192.100: [GC (Allocation Failure) [PSYoungGen: 72576K->1376K(72192K)] 414753K->343553K(570368K), 0.0026083 secs] [Times: user=0.01 sys=0.00, real=0.00 secs] 
1193.244: [GC (Allocation Failure) [PSYoungGen: 72032K->1312K(71680K)] 414209K->343489K(569856K), 0.0040111 secs] [Times: user=0.02 sys=0.00, real=0.00 secs] 
1194.515: [GC (Allocation Failure) [PSYoungGen: 71456K->1424K(71168K)] 413633K->343601K(569344K), 0.0030027 secs] [Times: user=0.01 sys=0.01, real=0.00 secs] 
1194.763: [GC (Allocation Failure) [PSYoungGen: 71056K->1453K(70656K)] 413233K->343630K(568832K), 0.0021496 secs] [Times: user=0.00 sys=0.01, real=0.01 secs] 
1194.941: [GC (Allocation Failure) [PSYoungGen: 70573K->1421K(70144K)] 412750K->343598K(568320K), 0.0020500 secs] [Times: user=0.00 sys=0.00, real=0.01 secs] 
1195.109: [GC (Allocation Failure) [PSYoungGen: 69999K->1421K(69632K)] 412176K->343606K(567808K), 0.0020859 secs] [Times: user=0.01 sys=0.00, real=0.00 secs] 
1195.574: [GC (Allocation Failure) [PSYoungGen: 69517K->1424K(69120K)] 411702K->343609K(567296K), 0.0029781 secs] [Times: user=0.02 sys=0.00, real=0.00 secs] 
1196.051: [GC (Allocation Failure) [PSYoungGen: 69008K->1344K(68608K)] 411193K->343529K(566784K), 0.0021737 secs] [Times: user=0.01 sys=0.00, real=0.00 secs] 
1196.523: [GC (Allocation Failure) [PSYoungGen: 68416K->1344K(68096K)] 410601K->343537K(566272K), 0.0020651 secs] [Times: user=0.01 sys=0.00, real=0.01 secs] 
1197.143: [GC (Allocation Failure) [PSYoungGen: 67904K->1344K(67584K)] 410097K->343537K(565760K), 0.0030188 secs] [Times: user=0.01 sys=0.00, real=0.01 secs] 
1197.766: [GC (Allocation Failure) [PSYoungGen: 67392K->1456K(67072K)] 409585K->343649K(565248K), 0.0021907 secs] [Times: user=0.01 sys=0.00, real=0.00 secs] 
1197.910: [GC (Allocation Failure) [PSYoungGen: 66992K->1456K(66560K)] 409185K->343649K(564736K), 0.0016606 secs] [Times: user=0.00 sys=0.00, real=0.00 secs] 
1198.023: [GC (Allocation Failure) [PSYoungGen: 66480K->1520K(66048K)] 408673K->343713K(564224K), 0.0015982 secs] [Times: user=0.00 sys=0.00, real=0.01 secs] 
1198.137: [GC (Allocation Failure) [PSYoungGen: 66032K->1421K(65536K)] 408225K->343614K(563712K), 0.0016334 secs] [Times: user=0.00 sys=0.00, real=0.00 secs] 
1198.638: [GC (Allocation Failure) [PSYoungGen: 65421K->1904K(65536K)] 407614K->344105K(563712K), 0.0024822 secs] [Times: user=0.01 sys=0.00, real=0.00 secs] 
1199.321: [GC (Allocation Failure) [PSYoungGen: 65392K->1344K(64512K)] 407593K->343545K(562688K), 0.0091361 secs] [Times: user=0.03 sys=0.00, real=0.01 secs] 
1199.907: [GC (Allocation Failure) [PSYoungGen: 64320K->1312K(64000K)] 406521K->343513K(562176K), 0.0025440 secs] [Times: user=0.01 sys=0.00, real=0.00 secs] 
1200.473: [GC (Allocation Failure) [PSYoungGen: 63776K->1344K(63488K)] 405977K->343545K(561664K), 0.0021445 secs] [Times: user=0.01 sys=0.00, real=0.00 secs] 
1201.102: [GC (Allocation Failure) [PSYoungGen: 63296K->1376K(62976K)] 405497K->343577K(561152K), 0.0023202 secs] [Times: user=0.01 sys=0.00, real=0.01 secs] 
1201.388: [GC (Allocation Failure) [PSYoungGen: 62816K->1453K(62464K)] 405017K->343654K(560640K), 0.0024066 secs] [Times: user=0.01 sys=0.00, real=0.00 secs] 
1201.557: [GC (Allocation Failure) [PSYoungGen: 62381K->1453K(61952K)] 404582K->343654K(560128K), 0.0017132 secs] [Times: user=0.01 sys=0.00, real=0.00 secs] 
1201.663: [GC (Allocation Failure) [PSYoungGen: 61869K->1453K(61440K)] 404070K->343662K(559616K), 0.0016072 secs] [Times: user=0.01 sys=0.00, real=0.01 secs] 
1201.768: [GC (Allocation Failure) [PSYoungGen: 61357K->1456K(62464K)] 403566K->343665K(560640K), 0.0017169 secs] [Times: user=0.01 sys=0.00, real=0.00 secs] 
1202.121: [GC (Allocation Failure) [PSYoungGen: 61872K->1408K(68096K)] 404081K->343617K(566272K), 0.0028045 secs] [Times: user=0.01 sys=0.00, real=0.01 secs] 
1202.755: [GC (Allocation Failure) [PSYoungGen: 67456K->1376K(67072K)] 409665K->343585K(565248K), 0.0030331 secs] [Times: user=0.01 sys=0.00, real=0.00 secs] 
1203.020: [GC (Allocation Failure) [PSYoungGen: 66912K->1312K(66560K)] 409121K->343521K(564736K), 0.0019328 secs] [Times: user=0.00 sys=0.00, real=0.00 secs] 
1203.370: [GC (Allocation Failure) [PSYoungGen: 66336K->1344K(66048K)] 408545K->343553K(564224K), 0.0018370 secs] [Times: user=0.00 sys=0.01, real=0.00 secs] 
1204.022: [GC (Allocation Failure) [PSYoungGen: 65856K->1456K(65536K)] 408065K->343665K(563712K), 0.0019346 secs] [Times: user=0.01 sys=0.00, real=0.01 secs] 
1204.164: [GC (Allocation Failure) [PSYoungGen: 65456K->1488K(65024K)] 407665K->343697K(563200K), 0.0017707 secs] [Times: user=0.00 sys=0.00, real=0.00 secs] 
1204.277: [GC (Allocation Failure) [PSYoungGen: 64976K->1453K(64512K)] 407185K->343686K(562688K), 0.0017448 secs] [Times: user=0.00 sys=0.00, real=0.00 secs] 
1204.403: [GC (Allocation Failure) [PSYoungGen: 64429K->1453K(65024K)] 406662K->343686K(563200K), 0.0018464 secs] [Times: user=0.00 sys=0.00, real=0.00 secs] 
1204.543: [GC (Allocation Failure) [PSYoungGen: 64429K->1437K(71168K)] 406662K->343670K(569344K), 0.0018610 secs] [Times: user=0.00 sys=0.00, real=0.01 secs] 
1205.263: [GC (Allocation Failure) [PSYoungGen: 70557K->1376K(70144K)] 412790K->343609K(568320K), 0.0020814 secs] [Times: user=0.01 sys=0.00, real=0.00 secs] 
1205.842: [GC (Allocation Failure) [PSYoungGen: 69984K->1312K(69632K)] 412217K->343545K(567808K), 0.0018873 secs] [Times: user=0.00 sys=0.00, real=0.01 secs] 
1206.565: [GC (Allocation Failure) [PSYoungGen: 69408K->1344K(69120K)] 411641K->343577K(567296K), 0.0023050 secs] [Times: user=0.01 sys=0.00, real=0.00 secs] 
1207.289: [GC (Allocation Failure) [PSYoungGen: 68928K->1360K(68608K)] 411161K->343593K(566784K), 0.0032081 secs] [Times: user=0.01 sys=0.00, real=0.00 secs] 
1207.620: [GC (Allocation Failure) [PSYoungGen: 68432K->1453K(68096K)] 410665K->343686K(566272K), 0.0019430 secs] [Times: user=0.01 sys=0.00, real=0.00 secs] 
1207.746: [GC (Allocation Failure) [PSYoungGen: 68013K->1485K(67584K)] 410246K->343718K(565760K), 0.0016372 secs] [Times: user=0.00 sys=0.00, real=0.00 secs] 
1207.862: [GC (Allocation Failure) [PSYoungGen: 67533K->1453K(67072K)] 409766K->343702K(565248K), 0.0016655 secs] [Times: user=0.01 sys=0.00, real=0.01 secs] 
1207.977: [GC (Allocation Failure) [PSYoungGen: 66959K->1485K(67584K)] 409208K->343734K(565760K), 0.0014808 secs] [Times: user=0.01 sys=0.00, real=0.00 secs] 
1209.620: [GC (Allocation Failure) [PSYoungGen: 67021K->1408K(66560K)] 409270K->343657K(564736K), 0.0022627 secs] [Times: user=0.01 sys=0.00, real=0.00 secs] 
1210.213: [GC (Allocation Failure) [PSYoungGen: 66432K->1376K(66048K)] 408681K->343625K(564224K), 0.0019987 secs] [Times: user=0.01 sys=0.00, real=0.01 secs] 
1211.024: [GC (Allocation Failure) [PSYoungGen: 65888K->1376K(65536K)] 408137K->343625K(563712K), 0.0024829 secs] [Times: user=0.01 sys=0.00, real=0.00 secs] 
1211.675: [GC (Allocation Failure) [PSYoungGen: 65376K->1376K(65024K)] 407625K->343625K(563200K), 0.0021891 secs] [Times: user=0.01 sys=0.00, real=0.00 secs] 
1212.128: [GC (Allocation Failure) [PSYoungGen: 64853K->1485K(64512K)] 407102K->343734K(562688K), 0.0019576 secs] [Times: user=0.01 sys=0.00, real=0.00 secs] 
1212.277: [GC (Allocation Failure) [PSYoungGen: 64461K->1485K(64000K)] 406710K->343734K(562176K), 0.0019948 secs] [Times: user=0.01 sys=0.00, real=0.00 secs] 
1212.423: [GC (Allocation Failure) [PSYoungGen: 63949K->1421K(63488K)] 406198K->343670K(561664K), 0.0016891 secs] [Times: user=0.00 sys=0.00, real=0.00 secs] 
1212.532: [GC (Allocation Failure) [PSYoungGen: 63373K->1488K(62976K)] 405622K->343745K(561152K), 0.0017355 secs] [Times: user=0.00 sys=0.00, real=0.01 secs] 
1213.062: [GC (Allocation Failure) [PSYoungGen: 62928K->1424K(62464K)] 405185K->343681K(560640K), 0.0024224 secs] [Times: user=0.01 sys=0.00, real=0.01 secs] 
1213.599: [GC (Allocation Failure) [PSYoungGen: 62352K->1312K(61952K)] 404609K->343569K(560128K), 0.0036474 secs] [Times: user=0.02 sys=0.00, real=0.00 secs] 
1214.124: [GC (Allocation Failure) [PSYoungGen: 61728K->1344K(61440K)] 403985K->343609K(559616K), 0.0023491 secs] [Times: user=0.01 sys=0.00, real=0.00 secs] 
1214.606: [GC (Allocation Failure) [PSYoungGen: 61248K->1376K(60928K)] 403513K->343641K(559104K), 0.0024503 secs] [Times: user=0.01 sys=0.00, real=0.00 secs] 
1214.844: [GC (Allocation Failure) [PSYoungGen: 60768K->1408K(60416K)] 403033K->343673K(558592K), 0.0019075 secs] [Times: user=0.01 sys=0.00, real=0.00 secs] 
1215.052: [GC (Allocation Failure) [PSYoungGen: 60288K->1421K(59904K)] 402553K->343686K(558080K), 0.0016466 secs] [Times: user=0.01 sys=0.00, real=0.01 secs] 
1215.155: [GC (Allocation Failure) [PSYoungGen: 59789K->1456K(59392K)] 402054K->343721K(557568K), 0.0016201 secs] [Times: user=0.01 sys=0.00, real=0.00 secs] 
1215.278: [GC (Allocation Failure) [PSYoungGen: 59312K->461K(59904K)] 401577K->343774K(558080K), 0.0019489 secs] [Times: user=0.01 sys=0.00, real=0.00 secs] 
1215.418: [GC (Allocation Failure) [PSYoungGen: 59341K->493K(60928K)] 402654K->343806K(559104K), 0.0018766 secs] [Times: user=0.01 sys=0.00, real=0.00 secs] 
1215.954: [GC (Allocation Failure) [PSYoungGen: 59373K->1360K(66048K)] 402686K->344673K(564224K), 0.0030955 secs] [Times: user=0.01 sys=0.00, real=0.00 secs] 
1216.774: [GC (Allocation Failure) [PSYoungGen: 65872K->1344K(65536K)] 409185K->344657K(563712K), 0.0028113 secs] [Times: user=0.01 sys=0.00, real=0.00 secs] 
1217.368: [GC (Allocation Failure) [PSYoungGen: 65344K->1376K(65024K)] 408657K->344689K(563200K), 0.0024431 secs] [Times: user=0.01 sys=0.00, real=0.00 secs] 
1217.890: [GC (Allocation Failure) [PSYoungGen: 64864K->1344K(64512K)] 408177K->344657K(562688K), 0.0020372 secs] [Times: user=0.01 sys=0.01, real=0.00 secs] 
1218.771: [GC (Allocation Failure) [PSYoungGen: 64320K->1344K(64000K)] 407633K->344657K(562176K), 0.0022972 secs] [Times: user=0.01 sys=0.00, real=0.01 secs] 
1219.013: [GC (Allocation Failure) [PSYoungGen: 63808K->1421K(63488K)] 407121K->344734K(561664K), 0.0016183 secs] [Times: user=0.01 sys=0.00, real=0.01 secs] 
1219.122: [GC (Allocation Failure) [PSYoungGen: 63373K->1485K(62976K)] 406686K->344806K(561152K), 0.0016320 secs] [Times: user=0.01 sys=0.00, real=0.01 secs] 
1219.230: [GC (Allocation Failure) [PSYoungGen: 62925K->1488K(62464K)] 406246K->344809K(560640K), 0.0016945 secs] [Times: user=0.00 sys=0.00, real=0.00 secs] 
1219.336: [GC (Allocation Failure) [PSYoungGen: 62416K->1456K(62976K)] 405737K->344777K(561152K), 0.0016774 secs] [Times: user=0.00 sys=0.00, real=0.00 secs] 
1219.745: [GC (Allocation Failure) [PSYoungGen: 62384K->1376K(61952K)] 405705K->344697K(560128K), 0.0025010 secs] [Times: user=0.01 sys=0.00, real=0.00 secs] 
1219.997: [GC (Allocation Failure) [PSYoungGen: 61792K->1296K(61440K)] 405113K->344617K(559616K), 0.0018704 secs] [Times: user=0.00 sys=0.00, real=0.00 secs] 
1220.246: [GC (Allocation Failure) [PSYoungGen: 61200K->1312K(60928K)] 404521K->344633K(559104K), 0.0021062 secs] [Times: user=0.01 sys=0.00, real=0.00 secs] 
1220.443: [GC (Allocation Failure) [PSYoungGen: 60704K->1421K(60416K)] 404025K->344742K(558592K), 0.0015992 secs] [Times: user=0.00 sys=0.00, real=0.01 secs] 
1220.514: [GC (Allocation Failure) [PSYoungGen: 60301K->1421K(60928K)] 403622K->344742K(559104K), 0.0016055 secs] [Times: user=0.01 sys=0.00, real=0.00 secs] 
1220.584: [GC (Allocation Failure) [PSYoungGen: 60301K->1504K(67072K)] 403622K->344825K(565248K), 0.0017070 secs] [Times: user=0.01 sys=0.00, real=0.00 secs] 
1220.662: [GC (Allocation Failure) [PSYoungGen: 66528K->1453K(67072K)] 409849K->344782K(565248K), 0.0015784 secs] [Times: user=0.01 sys=0.00, real=0.01 secs] 
1221.091: [GC (Allocation Failure) [PSYoungGen: 66477K->1408K(73728K)] 409806K->344737K(571904K), 0.0022309 secs] [Times: user=0.00 sys=0.00, real=0.01 secs] 
1222.148: [GC (Allocation Failure) [PSYoungGen: 73600K->1328K(74240K)] 416929K->344665K(572416K), 0.0029130 secs] [Times: user=0.01 sys=0.00, real=0.00 secs] 
1222.890: [GC (Allocation Failure) [PSYoungGen: 73520K->1360K(73216K)] 416857K->344697K(571392K), 0.0021284 secs] [Times: user=0.01 sys=0.00, real=0.00 secs] 
1223.463: [GC (Allocation Failure) [PSYoungGen: 73040K->1360K(72704K)] 416377K->344697K(570880K), 0.0020577 secs] [Times: user=0.01 sys=0.00, real=0.01 secs] 
1223.920: [GC (Allocation Failure) [PSYoungGen: 72528K->1485K(72192K)] 415865K->344822K(570368K), 0.0023651 secs] [Times: user=0.01 sys=0.00, real=0.00 secs] 
1224.091: [GC (Allocation Failure) [PSYoungGen: 72141K->1504K(71680K)] 415478K->344841K(569856K), 0.0018706 secs] [Times: user=0.00 sys=0.00, real=0.01 secs] 
1224.215: [GC (Allocation Failure) [PSYoungGen: 71648K->1421K(71168K)] 414985K->344758K(569344K), 0.0015710 secs] [Times: user=0.00 sys=0.00, real=0.00 secs] 
1224.337: [GC (Allocation Failure) [PSYoungGen: 71053K->1453K(70656K)] 414390K->344790K(568832K), 0.0016257 secs] [Times: user=0.00 sys=0.00, real=0.00 secs] 
1224.636: [GC (Allocation Failure) [PSYoungGen: 70573K->1408K(70144K)] 413910K->344745K(568320K), 0.0016020 secs] [Times: user=0.01 sys=0.00, real=0.00 secs] 
1224.921: [GC (Allocation Failure) [PSYoungGen: 70016K->1360K(69632K)] 413353K->344697K(567808K), 0.0017990 secs] [Times: user=0.01 sys=0.00, real=0.00 secs] 
1225.203: [GC (Allocation Failure) [PSYoungGen: 69456K->1344K(69120K)] 412793K->344681K(567296K), 0.0015785 secs] [Times: user=0.01 sys=0.00, real=0.00 secs] 
1225.485: [GC (Allocation Failure) [PSYoungGen: 68928K->1344K(68608K)] 412265K->344681K(566784K), 0.0017331 secs] [Times: user=0.01 sys=0.00, real=0.00 secs] 
1226.053: [GC (Allocation Failure) [PSYoungGen: 68416K->1453K(68096K)] 411753K->344790K(566272K), 0.0019709 secs] [Times: user=0.01 sys=0.00, real=0.01 secs] 
1226.210: [GC (Allocation Failure) [PSYoungGen: 68013K->1421K(67584K)] 411350K->344758K(565760K), 0.0020262 secs] [Times: user=0.00 sys=0.00, real=0.00 secs] 
1226.373: [GC (Allocation Failure) [PSYoungGen: 67469K->1389K(67072K)] 410806K->344726K(565248K), 0.0020802 secs] [Times: user=0.01 sys=0.00, real=0.01 secs] 
1226.548: [GC (Allocation Failure) [PSYoungGen: 66903K->1389K(66560K)] 410240K->344734K(564736K), 0.0022635 secs] [Times: user=0.01 sys=0.00, real=0.00 secs] 
1227.106: [GC (Allocation Failure) [PSYoungGen: 66413K->1344K(66048K)] 409758K->344689K(564224K), 0.0018791 secs] [Times: user=0.01 sys=0.00, real=0.00 secs] 
1227.375: [GC (Allocation Failure) [PSYoungGen: 65856K->1328K(65536K)] 409201K->344673K(563712K), 0.0019367 secs] [Times: user=0.00 sys=0.00, real=0.00 secs] 
1227.660: [GC (Allocation Failure) [PSYoungGen: 65328K->288K(64000K)] 408673K->344657K(562176K), 0.0027709 secs] [Times: user=0.01 sys=0.00, real=0.01 secs] 
1227.968: [GC (Allocation Failure) [PSYoungGen: 63776K->320K(65024K)] 408145K->344689K(563200K), 0.0025479 secs] [Times: user=0.01 sys=0.00, real=0.00 secs] 
1228.305: [GC (Allocation Failure) [PSYoungGen: 63296K->1469K(64000K)] 407665K->345838K(562176K), 0.0021594 secs] [Times: user=0.01 sys=0.00, real=0.00 secs] 
1228.437: [GC (Allocation Failure) [PSYoungGen: 63933K->1453K(63488K)] 408302K->345822K(561664K), 0.0015826 secs] [Times: user=0.01 sys=0.00, real=0.00 secs] 
1228.546: [GC (Allocation Failure) [PSYoungGen: 63405K->1453K(69632K)] 407774K->345822K(567808K), 0.0015631 secs] [Times: user=0.00 sys=0.00, real=0.00 secs] 
1228.665: [GC (Allocation Failure) [PSYoungGen: 69549K->1485K(71168K)] 413918K->345870K(569344K), 0.0015906 secs] [Times: user=0.00 sys=0.00, real=0.00 secs] 
1229.276: [GC (Allocation Failure) [PSYoungGen: 70605K->1456K(70144K)] 414990K->345841K(568320K), 0.0021843 secs] [Times: user=0.01 sys=0.00, real=0.00 secs] 
1230.688: [GC (Allocation Failure) [PSYoungGen: 70064K->1344K(69632K)] 414449K->345729K(567808K), 0.0043914 secs] [Times: user=0.02 sys=0.01, real=0.00 secs] 
1231.083: [GC (Allocation Failure) [PSYoungGen: 69440K->1408K(69120K)] 413825K->345793K(567296K), 0.0019361 secs] [Times: user=0.01 sys=0.00, real=0.01 secs] 
1231.365: [GC (Allocation Failure) [PSYoungGen: 68992K->1344K(68608K)] 413377K->345729K(566784K), 0.0018645 secs] [Times: user=0.01 sys=0.00, real=0.00 secs] 
1231.654: [GC (Allocation Failure) [PSYoungGen: 68416K->1405K(68096K)] 412801K->345790K(566272K), 0.0015303 secs] [Times: user=0.00 sys=0.00, real=0.00 secs] 
1231.771: [GC (Allocation Failure) [PSYoungGen: 67965K->1453K(67584K)] 412350K->345838K(565760K), 0.0016520 secs] [Times: user=0.00 sys=0.00, real=0.00 secs] 
1231.888: [GC (Allocation Failure) [PSYoungGen: 67501K->1485K(67072K)] 411886K->345870K(565248K), 0.0015282 secs] [Times: user=0.00 sys=0.00, real=0.00 secs] 
1232.004: [GC (Allocation Failure) [PSYoungGen: 67021K->1456K(73216K)] 411406K->345849K(571392K), 0.0015692 secs] [Times: user=0.00 sys=0.00, real=0.00 secs] 
1232.249: [GC (Allocation Failure) [PSYoungGen: 72624K->1440K(72192K)] 417017K->345833K(570368K), 0.0018073 secs] [Times: user=0.00 sys=0.00, real=0.00 secs] 
1232.542: [GC (Allocation Failure) [PSYoungGen: 72096K->1376K(71680K)] 416489K->345769K(569856K), 0.0018441 secs] [Times: user=0.00 sys=0.00, real=0.01 secs] 
1232.834: [GC (Allocation Failure) [PSYoungGen: 71520K->1376K(71168K)] 415913K->345769K(569344K), 0.0017273 secs] [Times: user=0.01 sys=0.00, real=0.00 secs] 
1233.123: [GC (Allocation Failure) [PSYoungGen: 71008K->1344K(70656K)] 415401K->345737K(568832K), 0.0019397 secs] [Times: user=0.00 sys=0.00, real=0.00 secs] 
1233.375: [GC (Allocation Failure) [PSYoungGen: 70464K->1440K(70144K)] 414857K->345857K(568320K), 0.0015007 secs] [Times: user=0.00 sys=0.00, real=0.00 secs] 
1233.495: [GC (Allocation Failure) [PSYoungGen: 70048K->1488K(69632K)] 414465K->345905K(567808K), 0.0017841 secs] [Times: user=0.01 sys=0.01, real=0.00 secs] 
1233.614: [GC (Allocation Failure) [PSYoungGen: 69584K->1421K(70656K)] 414001K->345838K(568832K), 0.0016001 secs] [Times: user=0.01 sys=0.00, real=0.00 secs] 
1233.736: [GC (Allocation Failure) [PSYoungGen: 70541K->1456K(71168K)] 414958K->345889K(569344K), 0.0015853 secs] [Times: user=0.01 sys=0.00, real=0.00 secs] 
1235.296: [GC (Allocation Failure) [PSYoungGen: 70576K->1456K(70144K)] 415009K->345889K(568320K), 0.0028807 secs] [Times: user=0.01 sys=0.01, real=0.00 secs] 
1236.279: [GC (Allocation Failure) [PSYoungGen: 70064K->1376K(69632K)] 414497K->345809K(567808K), 0.0025451 secs] [Times: user=0.01 sys=0.00, real=0.00 secs] 
1236.662: [GC (Allocation Failure) [PSYoungGen: 69472K->1376K(69120K)] 413905K->345809K(567296K), 0.0018479 secs] [Times: user=0.00 sys=0.00, real=0.01 secs] 
1236.943: [GC (Allocation Failure) [PSYoungGen: 68960K->1344K(68608K)] 413393K->345777K(566784K), 0.0019752 secs] [Times: user=0.00 sys=0.00, real=0.00 secs] 
1237.264: [GC (Allocation Failure) [PSYoungGen: 68416K->1437K(68096K)] 412849K->345870K(566272K), 0.0015423 secs] [Times: user=0.01 sys=0.00, real=0.00 secs] 
1237.380: [GC (Allocation Failure) [PSYoungGen: 67997K->1501K(67584K)] 412430K->345934K(565760K), 0.0014400 secs] [Times: user=0.00 sys=0.00, real=0.00 secs] 
1237.513: [GC (Allocation Failure) [PSYoungGen: 67549K->1485K(67072K)] 411982K->345918K(565248K), 0.0018463 secs] [Times: user=0.00 sys=0.00, real=0.00 secs] 
1237.660: [GC (Allocation Failure) [PSYoungGen: 67021K->1456K(73216K)] 411454K->345897K(571392K), 0.0020335 secs] [Times: user=0.01 sys=0.00, real=0.00 secs] 
1239.539: [GC (Allocation Failure) [PSYoungGen: 73136K->1376K(72704K)] 417577K->345817K(570880K), 0.0029039 secs] [Times: user=0.01 sys=0.00, real=0.00 secs] 
1240.587: [GC (Allocation Failure) [PSYoungGen: 72544K->1344K(72192K)] 416985K->345785K(570368K), 0.0022682 secs] [Times: user=0.01 sys=0.00, real=0.00 secs] 
1241.173: [GC (Allocation Failure) [PSYoungGen: 72000K->1376K(71680K)] 416441K->345817K(569856K), 0.0029677 secs] [Times: user=0.01 sys=0.00, real=0.01 secs] 
1241.941: [GC (Allocation Failure) [PSYoungGen: 71520K->1312K(71168K)] 415961K->345753K(569344K), 0.0024150 secs] [Times: user=0.01 sys=0.00, real=0.01 secs] 
1242.291: [GC (Allocation Failure) [PSYoungGen: 70944K->1485K(70656K)] 415385K->345926K(568832K), 0.0019100 secs] [Times: user=0.00 sys=0.00, real=0.00 secs] 
1242.414: [GC (Allocation Failure) [PSYoungGen: 70605K->1456K(70144K)] 415046K->345897K(568320K), 0.0016772 secs] [Times: user=0.00 sys=0.00, real=0.00 secs] 
1242.534: [GC (Allocation Failure) [PSYoungGen: 70064K->1421K(69632K)] 414505K->345862K(567808K), 0.0016398 secs] [Times: user=0.00 sys=0.00, real=0.00 secs] 
1242.653: [GC (Allocation Failure) [PSYoungGen: 69517K->1485K(70144K)] 413958K->345942K(568320K), 0.0016201 secs] [Times: user=0.01 sys=0.00, real=0.01 secs] 
1243.429: [GC (Allocation Failure) [PSYoungGen: 69581K->1440K(69120K)] 414038K->345897K(567296K), 0.0017414 secs] [Times: user=0.00 sys=0.00, real=0.00 secs] 
1243.927: [GC (Allocation Failure) [PSYoungGen: 69024K->1344K(68608K)] 413481K->345801K(566784K), 0.0020132 secs] [Times: user=0.00 sys=0.00, real=0.00 secs] 
1244.482: [GC (Allocation Failure) [PSYoungGen: 68416K->1408K(68096K)] 412873K->345865K(566272K), 0.0019846 secs] [Times: user=0.01 sys=0.01, real=0.01 secs] 
1245.011: [GC (Allocation Failure) [PSYoungGen: 67968K->1344K(67584K)] 412425K->345801K(565760K), 0.0023106 secs] [Times: user=0.01 sys=0.00, real=0.01 secs] 
1245.306: [GC (Allocation Failure) [PSYoungGen: 67392K->1453K(67072K)] 411849K->345910K(565248K), 0.0016180 secs] [Times: user=0.01 sys=0.00, real=0.00 secs] 
1245.422: [GC (Allocation Failure) [PSYoungGen: 66989K->1453K(66560K)] 411446K->345910K(564736K), 0.0016612 secs] [Times: user=0.00 sys=0.00, real=0.01 secs] 
1245.537: [GC (Allocation Failure) [PSYoungGen: 66477K->1488K(66048K)] 410934K->345945K(564224K), 0.0015176 secs] [Times: user=0.01 sys=0.00, real=0.00 secs] 
1245.652: [GC (Allocation Failure) [PSYoungGen: 66000K->1517K(72192K)] 410457K->345990K(570368K), 0.0015642 secs] [Times: user=0.01 sys=0.00, real=0.01 secs] 
1246.537: [GC (Allocation Failure) [PSYoungGen: 72173K->1376K(71680K)] 416646K->345849K(569856K), 0.0024914 secs] [Times: user=0.01 sys=0.00, real=0.00 secs] 
1247.340: [GC (Allocation Failure) [PSYoungGen: 71520K->1376K(71168K)] 415993K->345849K(569344K), 0.0027498 secs] [Times: user=0.00 sys=0.00, real=0.01 secs] 
1248.156: [GC (Allocation Failure) [PSYoungGen: 71008K->1344K(70656K)] 415481K->345817K(568832K), 0.0028698 secs] [Times: user=0.01 sys=0.00, real=0.00 secs] 
1248.899: [GC (Allocation Failure) [PSYoungGen: 70464K->1344K(70144K)] 414937K->345817K(568320K), 0.0029781 secs] [Times: user=0.01 sys=0.00, real=0.00 secs] 
1249.381: [GC (Allocation Failure) [PSYoungGen: 69952K->1456K(69632K)] 414425K->345929K(567808K), 0.0022412 secs] [Times: user=0.01 sys=0.00, real=0.01 secs] 
1249.522: [GC (Allocation Failure) [PSYoungGen: 69552K->1421K(69120K)] 414025K->345894K(567296K), 0.0017536 secs] [Times: user=0.00 sys=0.00, real=0.01 secs] 
1249.642: [GC (Allocation Failure) [PSYoungGen: 69005K->1485K(68608K)] 413478K->345958K(566784K), 0.0016775 secs] [Times: user=0.01 sys=0.00, real=0.01 secs] 
1249.759: [GC (Allocation Failure) [PSYoungGen: 68555K->1453K(68096K)] 413028K->345934K(566272K), 0.0016360 secs] [Times: user=0.01 sys=0.00, real=0.00 secs] 
1252.286: [GC (Allocation Failure) [PSYoungGen: 68013K->1376K(67584K)] 412494K->345857K(565760K), 0.0027778 secs] [Times: user=0.01 sys=0.00, real=0.00 secs] 
1253.236: [GC (Allocation Failure) [PSYoungGen: 67424K->1408K(67072K)] 411905K->345889K(565248K), 0.0027264 secs] [Times: user=0.01 sys=0.00, real=0.00 secs] 
1253.936: [GC (Allocation Failure) [PSYoungGen: 66944K->1344K(66560K)] 411425K->345825K(564736K), 0.0022525 secs] [Times: user=0.01 sys=0.00, real=0.00 secs] 
1254.681: [GC (Allocation Failure) [PSYoungGen: 66368K->1312K(66048K)] 410849K->345793K(564224K), 0.0022784 secs] [Times: user=0.01 sys=0.00, real=0.01 secs] 
1255.016: [GC (Allocation Failure) [PSYoungGen: 65824K->1453K(65536K)] 410305K->345934K(563712K), 0.0017536 secs] [Times: user=0.01 sys=0.00, real=0.00 secs] 
1255.129: [GC (Allocation Failure) [PSYoungGen: 65434K->1488K(65024K)] 409915K->345969K(563200K), 0.0016691 secs] [Times: user=0.00 sys=0.00, real=0.00 secs] 
1255.240: [GC (Allocation Failure) [PSYoungGen: 64976K->1456K(64512K)] 409457K->345937K(562688K), 0.0016976 secs] [Times: user=0.01 sys=0.00, real=0.00 secs] 
1255.350: [GC (Allocation Failure) [PSYoungGen: 64432K->1453K(65024K)] 408913K->345950K(563200K), 0.0015970 secs] [Times: user=0.00 sys=0.00, real=0.00 secs] 
1255.892: [GC (Allocation Failure) [PSYoungGen: 64429K->1488K(64000K)] 408926K->345985K(562176K), 0.0025110 secs] [Times: user=0.01 sys=0.00, real=0.01 secs] 
1256.947: [GC (Allocation Failure) [PSYoungGen: 63952K->1376K(63488K)] 408449K->345873K(561664K), 0.0024971 secs] [Times: user=0.01 sys=0.00, real=0.00 secs] 
1257.960: [GC (Allocation Failure) [PSYoungGen: 63328K->1312K(62976K)] 407825K->345825K(561152K), 0.0023293 secs] [Times: user=0.01 sys=0.00, real=0.00 secs] 
1258.938: [GC (Allocation Failure) [PSYoungGen: 62752K->1312K(62464K)] 407265K->345833K(560640K), 0.0035826 secs] [Times: user=0.01 sys=0.00, real=0.00 secs] 
1259.888: [GC (Allocation Failure) [PSYoungGen: 62240K->1456K(61952K)] 406761K->345985K(560128K), 0.0027335 secs] [Times: user=0.01 sys=0.00, real=0.00 secs] 
1260.066: [GC (Allocation Failure) [PSYoungGen: 61872K->1456K(61440K)] 406401K->345985K(559616K), 0.0020387 secs] [Times: user=0.00 sys=0.00, real=0.00 secs] 
1260.173: [GC (Allocation Failure) [PSYoungGen: 61360K->1456K(60928K)] 405889K->345985K(559104K), 0.0015541 secs] [Times: user=0.01 sys=0.00, real=0.00 secs] 
1260.277: [GC (Allocation Failure) [PSYoungGen: 60848K->1392K(66560K)] 405377K->345937K(564736K), 0.0016863 secs] [Times: user=0.01 sys=0.00, real=0.00 secs] 
1260.409: [GC (Allocation Failure) [PSYoungGen: 66416K->1421K(67072K)] 410961K->345966K(565248K), 0.0019004 secs] [Times: user=0.01 sys=0.00, real=0.00 secs] 
1261.154: [GC (Allocation Failure) [PSYoungGen: 66445K->1392K(66048K)] 410990K->345937K(564224K), 0.0022199 secs] [Times: user=0.00 sys=0.00, real=0.00 secs] 
1261.434: [GC (Allocation Failure) [PSYoungGen: 65904K->1344K(65536K)] 410449K->345889K(563712K), 0.0020704 secs] [Times: user=0.01 sys=0.00, real=0.00 secs] 
1261.841: [GC (Allocation Failure) [PSYoungGen: 65344K->1344K(65024K)] 409889K->345889K(563200K), 0.0019452 secs] [Times: user=0.00 sys=0.00, real=0.00 secs] 
1262.308: [GC (Allocation Failure) [PSYoungGen: 64832K->1328K(64512K)] 409377K->345873K(562688K), 0.0022864 secs] [Times: user=0.00 sys=0.00, real=0.00 secs] 
1262.726: [GC (Allocation Failure) [PSYoungGen: 64304K->1389K(64000K)] 408849K->345934K(562176K), 0.0027632 secs] [Times: user=0.01 sys=0.00, real=0.00 secs] 
1262.890: [GC (Allocation Failure) [PSYoungGen: 63853K->1485K(63488K)] 408398K->346030K(561664K), 0.0015355 secs] [Times: user=0.00 sys=0.00, real=0.00 secs] 
1263.013: [GC (Allocation Failure) [PSYoungGen: 63437K->1453K(62976K)] 407982K->346006K(561152K), 0.0019434 secs] [Times: user=0.01 sys=0.00, real=0.01 secs] 
1263.148: [GC (Allocation Failure) [PSYoungGen: 62893K->1453K(63488K)] 407446K->346006K(561664K), 0.0019373 secs] [Times: user=0.01 sys=0.00, real=0.00 secs] 
1264.010: [GC (Allocation Failure) [PSYoungGen: 62893K->1360K(62464K)] 407446K->345913K(560640K), 0.0038596 secs] [Times: user=0.02 sys=0.00, real=0.01 secs] 
1264.655: [GC (Allocation Failure) [PSYoungGen: 62288K->1312K(61952K)] 406841K->345889K(560128K), 0.0024904 secs] [Times: user=0.01 sys=0.00, real=0.00 secs] 
1265.272: [GC (Allocation Failure) [PSYoungGen: 61728K->1344K(61440K)] 406305K->345921K(559616K), 0.0027807 secs] [Times: user=0.01 sys=0.00, real=0.01 secs] 
1265.754: [GC (Allocation Failure) [PSYoungGen: 61248K->1360K(60928K)] 405825K->345937K(559104K), 0.0029015 secs] [Times: user=0.01 sys=0.00, real=0.00 secs] 
1266.246: [GC (Allocation Failure) [PSYoungGen: 60752K->1344K(60416K)] 405329K->345921K(558592K), 0.0029268 secs] [Times: user=0.01 sys=0.00, real=0.00 secs] 
1266.582: [GC (Allocation Failure) [PSYoungGen: 60224K->397K(58880K)] 404801K->345998K(557056K), 0.0018880 secs] [Times: user=0.01 sys=0.00, real=0.01 secs] 
1266.706: [GC (Allocation Failure) [PSYoungGen: 58765K->461K(59904K)] 404366K->346062K(558080K), 0.0015062 secs] [Times: user=0.01 sys=0.00, real=0.00 secs] 
1266.808: [GC (Allocation Failure) [PSYoungGen: 58317K->429K(59392K)] 403918K->346038K(557568K), 0.0017168 secs] [Times: user=0.01 sys=0.00, real=0.00 secs] 
1266.911: [GC (Allocation Failure) [PSYoungGen: 58285K->493K(59904K)] 403894K->346102K(558080K), 0.0015108 secs] [Times: user=0.00 sys=0.00, real=0.00 secs] 
1267.053: [GC (Allocation Failure) [PSYoungGen: 58349K->1904K(65024K)] 403958K->347513K(563200K), 0.0024302 secs] [Times: user=0.01 sys=0.00, real=0.01 secs] 
1267.323: [GC (Allocation Failure) [PSYoungGen: 64880K->1344K(65536K)] 410489K->346953K(563712K), 0.0016235 secs] [Times: user=0.01 sys=0.00, real=0.01 secs] 
1267.584: [GC (Allocation Failure) [PSYoungGen: 64320K->1440K(71680K)] 409929K->347049K(569856K), 0.0019181 secs] [Times: user=0.01 sys=0.00, real=0.00 secs] 
1267.872: [GC (Allocation Failure) [PSYoungGen: 70560K->1312K(70144K)] 416169K->346921K(568320K), 0.0018322 secs] [Times: user=0.01 sys=0.01, real=0.01 secs] 
1268.158: [GC (Allocation Failure) [PSYoungGen: 69920K->1328K(69632K)] 415529K->346937K(567808K), 0.0017718 secs] [Times: user=0.01 sys=0.00, real=0.00 secs] 
1268.343: [GC (Allocation Failure) [PSYoungGen: 69424K->1453K(69120K)] 415033K->347062K(567296K), 0.0017871 secs] [Times: user=0.01 sys=0.00, real=0.00 secs] 
1268.463: [GC (Allocation Failure) [PSYoungGen: 69035K->1456K(68608K)] 414645K->347073K(566784K), 0.0016742 secs] [Times: user=0.01 sys=0.00, real=0.01 secs] 
1268.581: [GC (Allocation Failure) [PSYoungGen: 68528K->1453K(69632K)] 414145K->347070K(567808K), 0.0015840 secs] [Times: user=0.01 sys=0.00, real=0.00 secs] 
1268.701: [GC (Allocation Failure) [PSYoungGen: 69037K->1440K(75776K)] 414654K->347057K(573952K), 0.0018176 secs] [Times: user=0.01 sys=0.00, real=0.00 secs] 
1270.452: [GC (Allocation Failure) [PSYoungGen: 75168K->1328K(74752K)] 420785K->346945K(572928K), 0.0031525 secs] [Times: user=0.01 sys=0.00, real=0.01 secs] 
1271.437: [GC (Allocation Failure) [PSYoungGen: 74544K->1376K(74240K)] 420161K->346993K(572416K), 0.0030931 secs] [Times: user=0.01 sys=0.00, real=0.00 secs] 
1272.574: [GC (Allocation Failure) [PSYoungGen: 74080K->1408K(73728K)] 419697K->347025K(571904K), 0.0044654 secs] [Times: user=0.01 sys=0.00, real=0.00 secs] 
1273.441: [GC (Allocation Failure) [PSYoungGen: 73600K->1472K(73216K)] 419217K->347089K(571392K), 0.0026762 secs] [Times: user=0.02 sys=0.00, real=0.01 secs] 
1273.633: [GC (Allocation Failure) [PSYoungGen: 73141K->1488K(72704K)] 418759K->347105K(570880K), 0.0016470 secs] [Times: user=0.01 sys=0.00, real=0.01 secs] 
1273.758: [GC (Allocation Failure) [PSYoungGen: 72656K->1485K(72192K)] 418273K->347102K(570368K), 0.0016490 secs] [Times: user=0.00 sys=0.00, real=0.00 secs] 
1273.881: [GC (Allocation Failure) [PSYoungGen: 72141K->1453K(71680K)] 417758K->347078K(569856K), 0.0016210 secs] [Times: user=0.01 sys=0.00, real=0.00 secs] 
1274.433: [GC (Allocation Failure) [PSYoungGen: 71597K->1424K(71168K)] 417222K->347049K(569344K), 0.0020914 secs] [Times: user=0.01 sys=0.00, real=0.01 secs] 
1275.127: [GC (Allocation Failure) [PSYoungGen: 71056K->1360K(70656K)] 416681K->346985K(568832K), 0.0024835 secs] [Times: user=0.01 sys=0.00, real=0.00 secs] 
1275.924: [GC (Allocation Failure) [PSYoungGen: 70480K->1360K(70144K)] 416105K->346985K(568320K), 0.0026034 secs] [Times: user=0.00 sys=0.00, real=0.00 secs] 
1276.454: [GC (Allocation Failure) [PSYoungGen: 69968K->1376K(69632K)] 415593K->347001K(567808K), 0.0026371 secs] [Times: user=0.01 sys=0.00, real=0.00 secs] 
1276.840: [GC (Allocation Failure) [PSYoungGen: 69472K->1421K(69120K)] 415097K->347046K(567296K), 0.0019724 secs] [Times: user=0.01 sys=0.00, real=0.00 secs] 
1276.975: [GC (Allocation Failure) [PSYoungGen: 69005K->1453K(68608K)] 414630K->347102K(566784K), 0.0016433 secs] [Times: user=0.01 sys=0.00, real=0.00 secs] 
1277.094: [GC (Allocation Failure) [PSYoungGen: 68525K->1517K(68096K)] 414174K->347166K(566272K), 0.0015936 secs] [Times: user=0.00 sys=0.00, real=0.00 secs] 
1277.211: [GC (Allocation Failure) [PSYoungGen: 68077K->1421K(67584K)] 413726K->347094K(565760K), 0.0016435 secs] [Times: user=0.00 sys=0.00, real=0.00 secs] 
1277.917: [GC (Allocation Failure) [PSYoungGen: 67469K->1440K(67072K)] 413142K->347113K(565248K), 0.0033053 secs] [Times: user=0.01 sys=0.00, real=0.00 secs] 
1278.518: [GC (Allocation Failure) [PSYoungGen: 66976K->1344K(66560K)] 412649K->347017K(564736K), 0.0026364 secs] [Times: user=0.01 sys=0.00, real=0.00 secs] 
1279.311: [GC (Allocation Failure) [PSYoungGen: 66368K->1344K(66048K)] 412041K->347017K(564224K), 0.0024822 secs] [Times: user=0.01 sys=0.00, real=0.01 secs] 
1280.040: [GC (Allocation Failure) [PSYoungGen: 65856K->1312K(65536K)] 411529K->346985K(563712K), 0.0025328 secs] [Times: user=0.01 sys=0.00, real=0.00 secs] 
1280.622: [GC (Allocation Failure) [PSYoungGen: 65312K->1392K(65024K)] 410985K->347065K(563200K), 0.0024544 secs] [Times: user=0.01 sys=0.00, real=0.01 secs] 
1280.806: [GC (Allocation Failure) [PSYoungGen: 64880K->1421K(64512K)] 410553K->347094K(562688K), 0.0022532 secs] [Times: user=0.01 sys=0.00, real=0.00 secs] 
1280.944: [GC (Allocation Failure) [PSYoungGen: 64397K->1453K(64000K)] 410070K->347126K(562176K), 0.0017111 secs] [Times: user=0.00 sys=0.00, real=0.00 secs] 
1281.054: [GC (Allocation Failure) [PSYoungGen: 63917K->1485K(63488K)] 409590K->347174K(561664K), 0.0017067 secs] [Times: user=0.00 sys=0.00, real=0.00 secs] 
1281.271: [GC (Allocation Failure) [PSYoungGen: 63437K->1936K(64000K)] 409126K->347625K(562176K), 0.0028125 secs] [Times: user=0.01 sys=0.00, real=0.01 secs] 
1282.008: [GC (Allocation Failure) [PSYoungGen: 63888K->1376K(62976K)] 409577K->347065K(561152K), 0.0034509 secs] [Times: user=0.01 sys=0.00, real=0.00 secs] 
1282.479: [GC (Allocation Failure) [PSYoungGen: 62816K->1360K(62464K)] 408505K->347049K(560640K), 0.0025870 secs] [Times: user=0.01 sys=0.00, real=0.00 secs] 
1282.839: [GC (Allocation Failure) [PSYoungGen: 62288K->1376K(61952K)] 407977K->347065K(560128K), 0.0023562 secs] [Times: user=0.01 sys=0.00, real=0.00 secs] 
1283.233: [GC (Allocation Failure) [PSYoungGen: 61792K->1344K(61440K)] 407481K->347033K(559616K), 0.0022580 secs] [Times: user=0.01 sys=0.00, real=0.01 secs] 
1283.600: [GC (Allocation Failure) [PSYoungGen: 61248K->1421K(60928K)] 406937K->347110K(559104K), 0.0020269 secs] [Times: user=0.01 sys=0.00, real=0.00 secs] 
1283.720: [GC (Allocation Failure) [PSYoungGen: 60813K->1453K(60416K)] 406502K->347142K(558592K), 0.0015929 secs] [Times: user=0.00 sys=0.00, real=0.00 secs] 
1283.824: [GC (Allocation Failure) [PSYoungGen: 60333K->1421K(60928K)] 406022K->347118K(559104K), 0.0016188 secs] [Times: user=0.01 sys=0.00, real=0.00 secs] 
1283.927: [GC (Allocation Failure) [PSYoungGen: 60301K->1501K(66560K)] 405998K->347230K(564736K), 0.0018039 secs] [Times: user=0.00 sys=0.00, real=0.00 secs] 
1284.147: [GC (Allocation Failure) [PSYoungGen: 66013K->1408K(66560K)] 411742K->347137K(564736K), 0.0018803 secs] [Times: user=0.01 sys=0.00, real=0.00 secs] 
1284.667: [GC (Allocation Failure) [PSYoungGen: 65920K->1376K(65536K)] 411649K->347105K(563712K), 0.0020428 secs] [Times: user=0.00 sys=0.00, real=0.00 secs] 
1285.262: [GC (Allocation Failure) [PSYoungGen: 65376K->1376K(65024K)] 411105K->347105K(563200K), 0.0022667 secs] [Times: user=0.01 sys=0.01, real=0.01 secs] 
1285.897: [GC (Allocation Failure) [PSYoungGen: 64864K->1344K(64512K)] 410593K->347073K(562688K), 0.0019840 secs] [Times: user=0.01 sys=0.00, real=0.00 secs] 
1286.530: [GC (Allocation Failure) [PSYoungGen: 64320K->1392K(64000K)] 410049K->347121K(562176K), 0.0022453 secs] [Times: user=0.01 sys=0.00, real=0.00 secs] 
1286.842: [GC (Allocation Failure) [PSYoungGen: 63856K->1424K(63488K)] 409585K->347153K(561664K), 0.0015044 secs] [Times: user=0.01 sys=0.00, real=0.01 secs] 
1286.951: [GC (Allocation Failure) [PSYoungGen: 63376K->1488K(62976K)] 409105K->347225K(561152K), 0.0016905 secs] [Times: user=0.01 sys=0.00, real=0.00 secs] 
1287.074: [GC (Allocation Failure) [PSYoungGen: 62928K->1421K(62464K)] 408665K->347158K(560640K), 0.0018267 secs] [Times: user=0.00 sys=0.00, real=0.00 secs] 
1287.187: [GC (Allocation Failure) [PSYoungGen: 62349K->1488K(68608K)] 408086K->347225K(566784K), 0.0017126 secs] [Times: user=0.00 sys=0.00, real=0.00 secs] 
1287.637: [GC (Allocation Failure) [PSYoungGen: 68560K->1392K(68096K)] 414297K->347129K(566272K), 0.0020028 secs] [Times: user=0.00 sys=0.00, real=0.00 secs] 
1288.318: [GC (Allocation Failure) [PSYoungGen: 67952K->1376K(67584K)] 413689K->347113K(565760K), 0.0020269 secs] [Times: user=0.01 sys=0.01, real=0.00 secs] 
1289.127: [GC (Allocation Failure) [PSYoungGen: 67424K->1344K(67072K)] 413161K->347081K(565248K), 0.0023088 secs] [Times: user=0.01 sys=0.00, real=0.00 secs] 
1289.989: [GC (Allocation Failure) [PSYoungGen: 66880K->1344K(66560K)] 412617K->347081K(564736K), 0.0027573 secs] [Times: user=0.00 sys=0.00, real=0.00 secs] 
1290.596: [GC (Allocation Failure) [PSYoungGen: 66368K->1389K(66048K)] 412105K->347126K(564224K), 0.0023354 secs] [Times: user=0.01 sys=0.01, real=0.00 secs] 
1290.741: [GC (Allocation Failure) [PSYoungGen: 65901K->1453K(65536K)] 411638K->347190K(563712K), 0.0017569 secs] [Times: user=0.00 sys=0.00, real=0.00 secs] 
1290.854: [GC (Allocation Failure) [PSYoungGen: 65453K->1485K(65024K)] 411190K->347230K(563200K), 0.0015349 secs] [Times: user=0.01 sys=0.00, real=0.00 secs] 
1290.965: [GC (Allocation Failure) [PSYoungGen: 64973K->1453K(64512K)] 410718K->347198K(562688K), 0.0016884 secs] [Times: user=0.00 sys=0.00, real=0.00 secs] 
1291.255: [GC (Allocation Failure) [PSYoungGen: 64429K->1392K(64000K)] 410174K->347137K(562176K), 0.0019052 secs] [Times: user=0.01 sys=0.00, real=0.00 secs] 
1291.941: [GC (Allocation Failure) [PSYoungGen: 63856K->1344K(63488K)] 409601K->347089K(561664K), 0.0019878 secs] [Times: user=0.01 sys=0.00, real=0.01 secs] 
1292.765: [GC (Allocation Failure) [PSYoungGen: 63296K->1312K(62976K)] 409041K->347057K(561152K), 0.0023930 secs] [Times: user=0.00 sys=0.00, real=0.00 secs] 
1293.663: [GC (Allocation Failure) [PSYoungGen: 62752K->1344K(62464K)] 408497K->347089K(560640K), 0.0025221 secs] [Times: user=0.01 sys=0.00, real=0.01 secs] 
1294.561: [GC (Allocation Failure) [PSYoungGen: 62272K->1408K(61952K)] 408017K->347153K(560128K), 0.0031199 secs] [Times: user=0.01 sys=0.00, real=0.01 secs] 
1294.844: [GC (Allocation Failure) [PSYoungGen: 61824K->1392K(61440K)] 407569K->347137K(559616K), 0.0018385 secs] [Times: user=0.01 sys=0.00, real=0.00 secs] 
1294.952: [GC (Allocation Failure) [PSYoungGen: 61296K->1421K(60928K)] 407041K->347166K(559104K), 0.0016381 secs] [Times: user=0.01 sys=0.00, real=0.01 secs] 
1295.056: [GC (Allocation Failure) [PSYoungGen: 60813K->1421K(60416K)] 406558K->347174K(558592K), 0.0017248 secs] [Times: user=0.00 sys=0.00, real=0.00 secs] 
1295.160: [GC (Allocation Failure) [PSYoungGen: 60301K->480K(60416K)] 406054K->347257K(558592K), 0.0017723 secs] [Times: user=0.01 sys=0.00, real=0.00 secs] 
1295.384: [GC (Allocation Failure) [PSYoungGen: 60384K->1424K(61952K)] 407161K->348225K(560128K), 0.0017772 secs] [Times: user=0.01 sys=0.00, real=0.00 secs] 
1295.674: [GC (Allocation Failure) [PSYoungGen: 61328K->1376K(60928K)] 408129K->348177K(559104K), 0.0016067 secs] [Times: user=0.01 sys=0.00, real=0.00 secs] 
1295.973: [GC (Allocation Failure) [PSYoungGen: 60768K->1424K(60416K)] 407569K->348225K(558592K), 0.0019090 secs] [Times: user=0.00 sys=0.00, real=0.00 secs] 
1296.290: [GC (Allocation Failure) [PSYoungGen: 60304K->1312K(59904K)] 407105K->348113K(558080K), 0.0017589 secs] [Times: user=0.01 sys=0.00, real=0.00 secs] 
1296.738: [GC (Allocation Failure) [PSYoungGen: 59680K->1376K(59392K)] 406481K->348177K(557568K), 0.0018915 secs] [Times: user=0.01 sys=0.00, real=0.00 secs] 
1296.979: [GC (Allocation Failure) [PSYoungGen: 59222K->1453K(59392K)] 406023K->348254K(557568K), 0.0016983 secs] [Times: user=0.01 sys=0.00, real=0.00 secs] 
1297.093: [GC (Allocation Failure) [PSYoungGen: 59309K->1405K(59392K)] 406110K->348214K(557568K), 0.0019934 secs] [Times: user=0.01 sys=0.00, real=0.00 secs] 
1297.227: [GC (Allocation Failure) [PSYoungGen: 59261K->1453K(64512K)] 406070K->348262K(562688K), 0.0019217 secs] [Times: user=0.01 sys=0.00, real=0.00 secs] 
1297.352: [GC (Allocation Failure) [PSYoungGen: 64429K->1488K(65024K)] 411238K->348297K(563200K), 0.0016623 secs] [Times: user=0.01 sys=0.00, real=0.01 secs] 
1297.797: [GC (Allocation Failure) [PSYoungGen: 64464K->1424K(64000K)] 411273K->348233K(562176K), 0.0026229 secs] [Times: user=0.01 sys=0.00, real=0.00 secs] 
1298.403: [GC (Allocation Failure) [PSYoungGen: 63888K->1408K(63488K)] 410697K->348217K(561664K), 0.0034392 secs] [Times: user=0.01 sys=0.00, real=0.01 secs] 
1298.910: [GC (Allocation Failure) [PSYoungGen: 63360K->1344K(62976K)] 410169K->348153K(561152K), 0.0028846 secs] [Times: user=0.02 sys=0.00, real=0.01 secs] 
1299.634: [GC (Allocation Failure) [PSYoungGen: 62784K->1344K(62464K)] 409593K->348153K(560640K), 0.0027703 secs] [Times: user=0.01 sys=0.00, real=0.00 secs] 
1300.125: [GC (Allocation Failure) [PSYoungGen: 62272K->1376K(61952K)] 409081K->348185K(560128K), 0.0027754 secs] [Times: user=0.02 sys=0.00, real=0.00 secs] 
1300.421: [GC (Allocation Failure) [PSYoungGen: 61792K->1421K(61440K)] 408601K->348230K(559616K), 0.0021372 secs] [Times: user=0.01 sys=0.00, real=0.01 secs] 
1300.536: [GC (Allocation Failure) [PSYoungGen: 61325K->1453K(60928K)] 408134K->348270K(559104K), 0.0015524 secs] [Times: user=0.00 sys=0.00, real=0.00 secs] 
1300.640: [GC (Allocation Failure) [PSYoungGen: 60845K->1408K(66560K)] 407662K->348225K(564736K), 0.0017124 secs] [Times: user=0.01 sys=0.00, real=0.00 secs] 
1300.754: [GC (Allocation Failure) [PSYoungGen: 66432K->1456K(67072K)] 413249K->348273K(565248K), 0.0015873 secs] [Times: user=0.00 sys=0.00, real=0.00 secs] 
1300.975: [GC (Allocation Failure) [PSYoungGen: 66992K->1392K(67584K)] 413809K->348209K(565760K), 0.0014408 secs] [Times: user=0.01 sys=0.00, real=0.00 secs] 
1301.287: [GC (Allocation Failure) [PSYoungGen: 66928K->1376K(66560K)] 413745K->348193K(564736K), 0.0019546 secs] [Times: user=0.00 sys=0.01, real=0.00 secs] 
1301.600: [GC (Allocation Failure) [PSYoungGen: 66400K->1376K(66048K)] 413217K->348193K(564224K), 0.0021634 secs] [Times: user=0.01 sys=0.00, real=0.00 secs] 
1301.874: [GC (Allocation Failure) [PSYoungGen: 65888K->1344K(65536K)] 412705K->348161K(563712K), 0.0025839 secs] [Times: user=0.01 sys=0.00, real=0.00 secs] 
1302.127: [GC (Allocation Failure) [PSYoungGen: 65344K->1389K(65024K)] 412161K->348206K(563200K), 0.0018710 secs] [Times: user=0.00 sys=0.00, real=0.00 secs] 
1302.241: [GC (Allocation Failure) [PSYoungGen: 64877K->432K(63488K)] 411694K->348273K(561664K), 0.0015991 secs] [Times: user=0.01 sys=0.00, real=0.00 secs] 
1302.351: [GC (Allocation Failure) [PSYoungGen: 63408K->397K(71168K)] 411249K->348246K(569344K), 0.0014815 secs] [Times: user=0.01 sys=0.00, real=0.00 secs] 
1302.492: [GC (Allocation Failure) [PSYoungGen: 69517K->429K(71168K)] 417366K->348294K(569344K), 0.0019197 secs] [Times: user=0.01 sys=0.00, real=0.01 secs] 
1303.926: [GC (Allocation Failure) [PSYoungGen: 69549K->1424K(70144K)] 417414K->349289K(568320K), 0.0053771 secs] [Times: user=0.02 sys=0.00, real=0.00 secs] 
1304.895: [GC (Allocation Failure) [PSYoungGen: 70032K->1344K(69632K)] 417897K->349209K(567808K), 0.0037390 secs] [Times: user=0.01 sys=0.00, real=0.00 secs] 
1305.357: [GC (Allocation Failure) [PSYoungGen: 69440K->1344K(69120K)] 417305K->349209K(567296K), 0.0022218 secs] [Times: user=0.01 sys=0.00, real=0.00 secs] 
1305.902: [GC (Allocation Failure) [PSYoungGen: 68928K->1344K(68608K)] 416793K->349209K(566784K), 0.0027596 secs] [Times: user=0.01 sys=0.00, real=0.01 secs] 
1306.543: [GC (Allocation Failure) [PSYoungGen: 68412K->1405K(68096K)] 416277K->349270K(566272K), 0.0021850 secs] [Times: user=0.01 sys=0.00, real=0.01 secs] 
1306.688: [GC (Allocation Failure) [PSYoungGen: 67965K->1485K(67584K)] 415830K->349350K(565760K), 0.0016637 secs] [Times: user=0.01 sys=0.00, real=0.00 secs] 
1306.804: [GC (Allocation Failure) [PSYoungGen: 67533K->1456K(67072K)] 415398K->349321K(565248K), 0.0017504 secs] [Times: user=0.01 sys=0.00, real=0.00 secs] 
1306.920: [GC (Allocation Failure) [PSYoungGen: 66992K->1421K(67584K)] 414857K->349302K(565760K), 0.0015979 secs] [Times: user=0.01 sys=0.00, real=0.00 secs] 
1307.905: [GC (Allocation Failure) [PSYoungGen: 66957K->1392K(66560K)] 414838K->349273K(564736K), 0.0044821 secs] [Times: user=0.02 sys=0.00, real=0.00 secs] 
1308.937: [GC (Allocation Failure) [PSYoungGen: 66416K->1376K(66048K)] 414297K->349257K(564224K), 0.0033571 secs] [Times: user=0.01 sys=0.00, real=0.00 secs] 
1309.862: [GC (Allocation Failure) [PSYoungGen: 65888K->1344K(65536K)] 413769K->349225K(563712K), 0.0030698 secs] [Times: user=0.01 sys=0.00, real=0.01 secs] 
1310.873: [GC (Allocation Failure) [PSYoungGen: 65344K->1312K(65024K)] 413225K->349193K(563200K), 0.0035858 secs] [Times: user=0.02 sys=0.00, real=0.00 secs] 
1311.802: [GC (Allocation Failure) [PSYoungGen: 64800K->1312K(64512K)] 412681K->349193K(562688K), 0.0039863 secs] [Times: user=0.01 sys=0.00, real=0.01 secs] 
1312.081: [GC (Allocation Failure) [PSYoungGen: 64288K->1421K(64000K)] 412169K->349302K(562176K), 0.0020581 secs] [Times: user=0.01 sys=0.00, real=0.01 secs] 
1312.208: [GC (Allocation Failure) [PSYoungGen: 63885K->1485K(63488K)] 411766K->349366K(561664K), 0.0016159 secs] [Times: user=0.00 sys=0.00, real=0.00 secs] 
1312.316: [GC (Allocation Failure) [PSYoungGen: 63437K->1456K(62976K)] 411318K->349345K(561152K), 0.0016238 secs] [Times: user=0.01 sys=0.00, real=0.00 secs] 
1312.425: [GC (Allocation Failure) [PSYoungGen: 62896K->1485K(63488K)] 410785K->349374K(561664K), 0.0016572 secs] [Times: user=0.01 sys=0.00, real=0.00 secs] 
1313.294: [GC (Allocation Failure) [PSYoungGen: 62925K->1456K(62464K)] 410814K->349345K(560640K), 0.0032051 secs] [Times: user=0.02 sys=0.00, real=0.00 secs] 
1313.786: [GC (Allocation Failure) [PSYoungGen: 62384K->1376K(61952K)] 410273K->349265K(560128K), 0.0029051 secs] [Times: user=0.02 sys=0.01, real=0.00 secs] 
1314.252: [GC (Allocation Failure) [PSYoungGen: 61792K->1344K(61440K)] 409681K->349233K(559616K), 0.0022460 secs] [Times: user=0.01 sys=0.00, real=0.01 secs] 
1314.693: [GC (Allocation Failure) [PSYoungGen: 61248K->1344K(60928K)] 409137K->349233K(559104K), 0.0023545 secs] [Times: user=0.01 sys=0.00, real=0.01 secs] 
1315.249: [GC (Allocation Failure) [PSYoungGen: 60736K->1405K(60416K)] 408625K->349294K(558592K), 0.0033286 secs] [Times: user=0.01 sys=0.00, real=0.00 secs] 
1315.479: [GC (Allocation Failure) [PSYoungGen: 60285K->1456K(59904K)] 408174K->349345K(558080K), 0.0021662 secs] [Times: user=0.01 sys=0.00, real=0.00 secs] 
1315.635: [GC (Allocation Failure) [PSYoungGen: 59824K->1421K(59392K)] 407713K->349318K(557568K), 0.0020845 secs] [Times: user=0.01 sys=0.00, real=0.00 secs] 
1315.791: [GC (Allocation Failure) [PSYoungGen: 59277K->1389K(59392K)] 407174K->349294K(557568K), 0.0022939 secs] [Times: user=0.00 sys=0.00, real=0.01 secs] 
1315.943: [GC (Allocation Failure) [PSYoungGen: 59245K->1485K(65024K)] 407150K->349390K(563200K), 0.0016086 secs] [Times: user=0.01 sys=0.00, real=0.00 secs] 
1316.512: [GC (Allocation Failure) [PSYoungGen: 64973K->1344K(64512K)] 412878K->349249K(562688K), 0.0037101 secs] [Times: user=0.01 sys=0.01, real=0.01 secs] 
1317.286: [GC (Allocation Failure) [PSYoungGen: 64320K->1344K(64000K)] 412225K->349249K(562176K), 0.0040259 secs] [Times: user=0.02 sys=0.00, real=0.00 secs] 
1318.080: [GC (Allocation Failure) [PSYoungGen: 63808K->1376K(63488K)] 411713K->349281K(561664K), 0.0034061 secs] [Times: user=0.02 sys=0.00, real=0.00 secs] 
1318.789: [GC (Allocation Failure) [PSYoungGen: 63328K->1312K(62976K)] 411233K->349217K(561152K), 0.0027957 secs] [Times: user=0.01 sys=0.00, real=0.00 secs] 
1319.259: [GC (Allocation Failure) [PSYoungGen: 62728K->1405K(62464K)] 410633K->349310K(560640K), 0.0025753 secs] [Times: user=0.01 sys=0.00, real=0.00 secs] 
1319.456: [GC (Allocation Failure) [PSYoungGen: 62333K->1421K(61952K)] 410238K->349326K(560128K), 0.0022812 secs] [Times: user=0.01 sys=0.00, real=0.00 secs] 
1319.594: [GC (Allocation Failure) [PSYoungGen: 61837K->1485K(61440K)] 409742K->349398K(559616K), 0.0017931 secs] [Times: user=0.01 sys=0.00, real=0.00 secs] 
1319.699: [GC (Allocation Failure) [PSYoungGen: 61389K->1456K(61952K)] 409302K->349369K(560128K), 0.0016153 secs] [Times: user=0.01 sys=0.01, real=0.00 secs] 
1319.818: [GC (Allocation Failure) [PSYoungGen: 61339K->1485K(61952K)] 409252K->349398K(560128K), 0.0018442 secs] [Times: user=0.00 sys=0.00, real=0.00 secs] 
1320.532: [GC (Allocation Failure) [PSYoungGen: 61389K->1408K(60928K)] 409302K->349321K(559104K), 0.0024293 secs] [Times: user=0.00 sys=0.00, real=0.01 secs] 
1321.054: [GC (Allocation Failure) [PSYoungGen: 60800K->1408K(60416K)] 408713K->349321K(558592K), 0.0026184 secs] [Times: user=0.01 sys=0.00, real=0.00 secs] 
1321.299: [GC (Allocation Failure) [PSYoungGen: 60288K->1360K(59904K)] 408201K->349273K(558080K), 0.0018481 secs] [Times: user=0.01 sys=0.00, real=0.00 secs] 
1321.572: [GC (Allocation Failure) [PSYoungGen: 59728K->1376K(59392K)] 407641K->349289K(557568K), 0.0020441 secs] [Times: user=0.01 sys=0.00, real=0.01 secs] 
1321.861: [GC (Allocation Failure) [PSYoungGen: 59232K->1456K(59392K)] 407145K->349369K(557568K), 0.0019226 secs] [Times: user=0.00 sys=0.00, real=0.01 secs] 
1321.973: [GC (Allocation Failure) [PSYoungGen: 59312K->1392K(59392K)] 407225K->349305K(557568K), 0.0016539 secs] [Times: user=0.01 sys=0.00, real=0.01 secs] 
1322.074: [GC (Allocation Failure) [PSYoungGen: 59248K->1421K(65024K)] 407161K->349342K(563200K), 0.0016148 secs] [Times: user=0.01 sys=0.00, real=0.00 secs] 
1322.201: [GC (Allocation Failure) [PSYoungGen: 64909K->1421K(65024K)] 412830K->349342K(563200K), 0.0018303 secs] [Times: user=0.01 sys=0.00, real=0.00 secs] 
1322.357: [GC (Allocation Failure) [PSYoungGen: 64909K->1504K(71168K)] 412830K->349425K(569344K), 0.0023580 secs] [Times: user=0.01 sys=0.01, real=0.00 secs] 
1323.139: [GC (Allocation Failure) [PSYoungGen: 71136K->1376K(71680K)] 419057K->349313K(569856K), 0.0028495 secs] [Times: user=0.01 sys=0.00, real=0.00 secs] 
1323.900: [GC (Allocation Failure) [PSYoungGen: 71008K->1344K(70656K)] 418945K->349281K(568832K), 0.0034481 secs] [Times: user=0.01 sys=0.00, real=0.01 secs] 
1324.634: [GC (Allocation Failure) [PSYoungGen: 70464K->1408K(70144K)] 418401K->349345K(568320K), 0.0031344 secs] [Times: user=0.01 sys=0.00, real=0.00 secs] 
1325.244: [GC (Allocation Failure) [PSYoungGen: 70016K->1344K(69632K)] 417953K->349281K(567808K), 0.0025565 secs] [Times: user=0.01 sys=0.00, real=0.00 secs] 
1325.538: [GC (Allocation Failure) [PSYoungGen: 69440K->1421K(69120K)] 417377K->349358K(567296K), 0.0020254 secs] [Times: user=0.00 sys=0.00, real=0.00 secs] 
1325.662: [GC (Allocation Failure) [PSYoungGen: 69005K->416K(67584K)] 416942K->349377K(565760K), 0.0016205 secs] [Times: user=0.01 sys=0.00, real=0.01 secs] 
1325.780: [GC (Allocation Failure) [PSYoungGen: 67488K->429K(68608K)] 416449K->349406K(566784K), 0.0016128 secs] [Times: user=0.01 sys=0.00, real=0.00 secs] 
1325.896: [GC (Allocation Failure) [PSYoungGen: 66966K->461K(74752K)] 415943K->349438K(572928K), 0.0016093 secs] [Times: user=0.00 sys=0.00, real=0.00 secs] 
1326.880: [GC (Allocation Failure) [PSYoungGen: 73677K->1376K(74240K)] 422654K->350353K(572416K), 0.0018841 secs] [Times: user=0.00 sys=0.00, real=0.00 secs] 
1327.426: [GC (Allocation Failure) [PSYoungGen: 74080K->1344K(73728K)] 423057K->350321K(571904K), 0.0021775 secs] [Times: user=0.01 sys=0.00, real=0.00 secs] 
1327.720: [GC (Allocation Failure) [PSYoungGen: 73536K->1312K(73216K)] 422513K->350289K(571392K), 0.0018235 secs] [Times: user=0.00 sys=0.00, real=0.00 secs] 
1328.083: [GC (Allocation Failure) [PSYoungGen: 72992K->1392K(72704K)] 421969K->350369K(570880K), 0.0028567 secs] [Times: user=0.01 sys=0.00, real=0.01 secs] 
1328.296: [GC (Allocation Failure) [PSYoungGen: 72560K->1485K(72192K)] 421537K->350462K(570368K), 0.0017431 secs] [Times: user=0.01 sys=0.00, real=0.00 secs] 
1328.440: [GC (Allocation Failure) [PSYoungGen: 72141K->1485K(71680K)] 421118K->350462K(569856K), 0.0019315 secs] [Times: user=0.01 sys=0.00, real=0.00 secs] 
1328.594: [GC (Allocation Failure) [PSYoungGen: 71629K->1421K(71168K)] 420606K->350398K(569344K), 0.0017891 secs] [Times: user=0.00 sys=0.00, real=0.00 secs] 
1328.937: [GC (Allocation Failure) [PSYoungGen: 71053K->1424K(70656K)] 420030K->350401K(568832K), 0.0031220 secs] [Times: user=0.01 sys=0.00, real=0.00 secs] 
1329.566: [GC (Allocation Failure) [PSYoungGen: 70544K->1360K(70144K)] 419521K->350337K(568320K), 0.0029826 secs] [Times: user=0.01 sys=0.00, real=0.00 secs] 
1329.976: [GC (Allocation Failure) [PSYoungGen: 69968K->1344K(69632K)] 418945K->350321K(567808K), 0.0020672 secs] [Times: user=0.01 sys=0.00, real=0.00 secs] 
1330.259: [GC (Allocation Failure) [PSYoungGen: 69440K->1344K(69120K)] 418417K->350321K(567296K), 0.0020199 secs] [Times: user=0.01 sys=0.00, real=0.00 secs] 
1330.515: [GC (Allocation Failure) [PSYoungGen: 68928K->1408K(68608K)] 417905K->350385K(566784K), 0.0014894 secs] [Times: user=0.01 sys=0.00, real=0.00 secs] 
1330.634: [GC (Allocation Failure) [PSYoungGen: 68480K->1485K(68096K)] 417457K->350462K(566272K), 0.0016447 secs] [Times: user=0.01 sys=0.00, real=0.00 secs] 
1330.772: [GC (Allocation Failure) [PSYoungGen: 68045K->1421K(67584K)] 417022K->350398K(565760K), 0.0020028 secs] [Times: user=0.01 sys=0.00, real=0.01 secs] 
1330.928: [GC (Allocation Failure) [PSYoungGen: 67469K->1421K(68096K)] 416446K->350398K(566272K), 0.0019292 secs] [Times: user=0.01 sys=0.00, real=0.00 secs] 
1331.344: [GC (Allocation Failure) [PSYoungGen: 67469K->1424K(67072K)] 416446K->350401K(565248K), 0.0028147 secs] [Times: user=0.01 sys=0.00, real=0.00 secs] 
1331.940: [GC (Allocation Failure) [PSYoungGen: 66960K->1392K(66560K)] 415937K->350377K(564736K), 0.0023812 secs] [Times: user=0.01 sys=0.00, real=0.00 secs] 
1332.479: [GC (Allocation Failure) [PSYoungGen: 66416K->1344K(66048K)] 415401K->350329K(564224K), 0.0079105 secs] [Times: user=0.04 sys=0.00, real=0.01 secs] 
1333.069: [GC (Allocation Failure) [PSYoungGen: 65856K->1344K(65536K)] 414841K->350329K(563712K), 0.0023528 secs] [Times: user=0.01 sys=0.00, real=0.00 secs] 
1333.372: [GC (Allocation Failure) [PSYoungGen: 65344K->1424K(65024K)] 414329K->350409K(563200K), 0.0019582 secs] [Times: user=0.00 sys=0.00, real=0.01 secs] 
1333.497: [GC (Allocation Failure) [PSYoungGen: 64912K->1453K(64512K)] 413897K->350454K(562688K), 0.0015839 secs] [Times: user=0.01 sys=0.00, real=0.00 secs] 
1333.606: [GC (Allocation Failure) [PSYoungGen: 64429K->1421K(70656K)] 413430K->350422K(568832K), 0.0015710 secs] [Times: user=0.00 sys=0.00, real=0.00 secs] 
1333.729: [GC (Allocation Failure) [PSYoungGen: 70541K->1453K(71168K)] 419542K->350462K(569344K), 0.0015520 secs] [Times: user=0.01 sys=0.00, real=0.00 secs] 
1334.104: [GC (Allocation Failure) [PSYoungGen: 70573K->1472K(70144K)] 419582K->350481K(568320K), 0.0019395 secs] [Times: user=0.01 sys=0.00, real=0.00 secs] 
1334.730: [GC (Allocation Failure) [PSYoungGen: 70080K->1376K(69632K)] 419089K->350385K(567808K), 0.0026953 secs] [Times: user=0.01 sys=0.00, real=0.00 secs] 
1335.293: [GC (Allocation Failure) [PSYoungGen: 69472K->1376K(69120K)] 418481K->350385K(567296K), 0.0021963 secs] [Times: user=0.01 sys=0.00, real=0.01 secs] 
1335.782: [GC (Allocation Failure) [PSYoungGen: 68960K->1344K(68608K)] 417969K->350353K(566784K), 0.0019876 secs] [Times: user=0.01 sys=0.00, real=0.01 secs] 
1336.136: [GC (Allocation Failure) [PSYoungGen: 68416K->1360K(68096K)] 417425K->350369K(566272K), 0.0027267 secs] [Times: user=0.01 sys=0.00, real=0.00 secs] 
1336.366: [GC (Allocation Failure) [PSYoungGen: 67920K->1485K(67584K)] 416929K->350494K(565760K), 0.0023407 secs] [Times: user=0.01 sys=0.00, real=0.00 secs] 
1336.503: [GC (Allocation Failure) [PSYoungGen: 67533K->1456K(67072K)] 416542K->350465K(565248K), 0.0015934 secs] [Times: user=0.00 sys=0.00, real=0.00 secs] 
1336.620: [GC (Allocation Failure) [PSYoungGen: 66992K->1424K(66560K)] 416001K->350441K(564736K), 0.0016925 secs] [Times: user=0.00 sys=0.00, real=0.00 secs] 
1337.113: [GC (Allocation Failure) [PSYoungGen: 66448K->1440K(66048K)] 415465K->350457K(564224K), 0.0020337 secs] [Times: user=0.01 sys=0.00, real=0.01 secs] 
1338.179: [GC (Allocation Failure) [PSYoungGen: 65952K->1344K(65536K)] 414969K->350361K(563712K), 0.0032210 secs] [Times: user=0.01 sys=0.00, real=0.00 secs] 
1339.368: [GC (Allocation Failure) [PSYoungGen: 65344K->1376K(65024K)] 414361K->350393K(563200K), 0.0037898 secs] [Times: user=0.01 sys=0.00, real=0.00 secs] 
1340.539: [GC (Allocation Failure) [PSYoungGen: 64864K->1312K(64512K)] 413881K->350329K(562688K), 0.0037615 secs] [Times: user=0.01 sys=0.00, real=0.00 secs] 
1341.365: [GC (Allocation Failure) [PSYoungGen: 64288K->1312K(64000K)] 413305K->350329K(562176K), 0.0018476 secs] [Times: user=0.01 sys=0.00, real=0.00 secs] 
1341.668: [GC (Allocation Failure) [PSYoungGen: 63776K->1421K(63488K)] 412793K->350438K(561664K), 0.0018571 secs] [Times: user=0.00 sys=0.00, real=0.00 secs] 
1341.777: [GC (Allocation Failure) [PSYoungGen: 63373K->1453K(62976K)] 412390K->350470K(561152K), 0.0016143 secs] [Times: user=0.00 sys=0.00, real=0.00 secs] 
1341.899: [GC (Allocation Failure) [PSYoungGen: 62893K->1453K(62464K)] 411910K->350478K(560640K), 0.0019785 secs] [Times: user=0.01 sys=0.00, real=0.00 secs] 
1342.035: [GC (Allocation Failure) [PSYoungGen: 62381K->1421K(68608K)] 411406K->350446K(566784K), 0.0019472 secs] [Times: user=0.01 sys=0.00, real=0.00 secs] 
1342.403: [GC (Allocation Failure) [PSYoungGen: 68493K->1424K(68096K)] 417518K->350449K(566272K), 0.0020303 secs] [Times: user=0.01 sys=0.00, real=0.01 secs] 
1342.680: [GC (Allocation Failure) [PSYoungGen: 67984K->1376K(67584K)] 417009K->350401K(565760K), 0.0019292 secs] [Times: user=0.00 sys=0.00, real=0.00 secs] 
1343.041: [GC (Allocation Failure) [PSYoungGen: 67424K->1344K(67072K)] 416449K->350369K(565248K), 0.0019369 secs] [Times: user=0.00 sys=0.00, real=0.01 secs] 
1343.354: [GC (Allocation Failure) [PSYoungGen: 66880K->1344K(66560K)] 415905K->350369K(564736K), 0.0017857 secs] [Times: user=0.01 sys=0.00, real=0.00 secs] 
1343.698: [GC (Allocation Failure) [PSYoungGen: 66368K->1440K(66048K)] 415393K->350465K(564224K), 0.0016156 secs] [Times: user=0.01 sys=0.00, real=0.00 secs] 
1343.811: [GC (Allocation Failure) [PSYoungGen: 65952K->429K(64512K)] 414977K->350478K(562688K), 0.0017420 secs] [Times: user=0.00 sys=0.00, real=0.00 secs] 
1343.924: [GC (Allocation Failure) [PSYoungGen: 64429K->397K(65536K)] 414478K->350462K(563712K), 0.0015586 secs] [Times: user=0.01 sys=0.00, real=0.00 secs] 
1344.034: [GC (Allocation Failure) [PSYoungGen: 63885K->461K(66048K)] 413950K->350526K(564224K), 0.0015423 secs] [Times: user=0.01 sys=0.00, real=0.00 secs] 
1344.765: [GC (Allocation Failure) [PSYoungGen: 64461K->1408K(65024K)] 414526K->351497K(563200K), 0.0023010 secs] [Times: user=0.01 sys=0.00, real=0.00 secs] 
1345.862: [GC (Allocation Failure) [PSYoungGen: 64896K->1376K(64512K)] 414985K->351465K(562688K), 0.0026489 secs] [Times: user=0.01 sys=0.00, real=0.01 secs] 
1346.820: [GC (Allocation Failure) [PSYoungGen: 64352K->1344K(64000K)] 414441K->351433K(562176K), 0.0030607 secs] [Times: user=0.01 sys=0.00, real=0.00 secs] 
1347.495: [GC (Allocation Failure) [PSYoungGen: 63808K->1344K(63488K)] 413897K->351433K(561664K), 0.0024849 secs] [Times: user=0.01 sys=0.00, real=0.00 secs] 
1348.325: [GC (Allocation Failure) [PSYoungGen: 63296K->1328K(62976K)] 413385K->351417K(561152K), 0.0026117 secs] [Times: user=0.01 sys=0.00, real=0.00 secs] 
1348.671: [GC (Allocation Failure) [PSYoungGen: 62768K->1392K(62464K)] 412857K->351481K(560640K), 0.0020247 secs] [Times: user=0.01 sys=0.00, real=0.01 secs] 
1348.791: [GC (Allocation Failure) [PSYoungGen: 62320K->1424K(61952K)] 412409K->351513K(560128K), 0.0017060 secs] [Times: user=0.00 sys=0.00, real=0.00 secs] 
1348.897: [GC (Allocation Failure) [PSYoungGen: 61814K->1453K(61440K)] 411904K->351550K(559616K), 0.0016083 secs] [Times: user=0.01 sys=0.00, real=0.00 secs] 
1349.002: [GC (Allocation Failure) [PSYoungGen: 61357K->1421K(61952K)] 411454K->351518K(560128K), 0.0015853 secs] [Times: user=0.00 sys=0.00, real=0.01 secs] 
1349.561: [GC (Allocation Failure) [PSYoungGen: 61325K->1424K(60928K)] 411422K->351521K(559104K), 0.0021377 secs] [Times: user=0.01 sys=0.00, real=0.00 secs] 
1350.260: [GC (Allocation Failure) [PSYoungGen: 60816K->1408K(60416K)] 410913K->351505K(558592K), 0.0025363 secs] [Times: user=0.00 sys=0.00, real=0.00 secs] 
1350.880: [GC (Allocation Failure) [PSYoungGen: 60288K->1344K(59904K)] 410385K->351441K(558080K), 0.0024080 secs] [Times: user=0.01 sys=0.00, real=0.00 secs] 
1351.281: [GC (Allocation Failure) [PSYoungGen: 59712K->1312K(59392K)] 409809K->351409K(557568K), 0.0031042 secs] [Times: user=0.01 sys=0.00, real=0.01 secs] 
1351.775: [GC (Allocation Failure) [PSYoungGen: 59168K->1344K(59392K)] 409265K->351441K(557568K), 0.0023103 secs] [Times: user=0.01 sys=0.00, real=0.00 secs] 
1352.092: [GC (Allocation Failure) [PSYoungGen: 59200K->1421K(59392K)] 409297K->351518K(557568K), 0.0020590 secs] [Times: user=0.01 sys=0.00, real=0.01 secs] 
1352.205: [GC (Allocation Failure) [PSYoungGen: 59277K->1453K(59392K)] 409374K->351558K(557568K), 0.0015740 secs] [Times: user=0.01 sys=0.00, real=0.00 secs] 
1352.306: [GC (Allocation Failure) [PSYoungGen: 59309K->1421K(64512K)] 409414K->351526K(562688K), 0.0015792 secs] [Times: user=0.01 sys=0.00, real=0.00 secs] 
1352.417: [GC (Allocation Failure) [PSYoungGen: 63885K->1517K(65536K)] 413990K->351622K(563712K), 0.0017811 secs] [Times: user=0.01 sys=0.00, real=0.00 secs] 
1352.714: [GC (Allocation Failure) [PSYoungGen: 65005K->1392K(65536K)] 415110K->351505K(563712K), 0.0020490 secs] [Times: user=0.00 sys=0.00, real=0.00 secs] 
1353.153: [GC (Allocation Failure) [PSYoungGen: 64880K->1376K(64512K)] 414993K->351489K(562688K), 0.0023749 secs] [Times: user=0.01 sys=0.00, real=0.01 secs] 
1353.761: [GC (Allocation Failure) [PSYoungGen: 64352K->1376K(64000K)] 414465K->351505K(562176K), 0.0074166 secs] [Times: user=0.03 sys=0.00, real=0.01 secs] 
1354.574: [GC (Allocation Failure) [PSYoungGen: 63840K->1344K(63488K)] 413969K->351473K(561664K), 0.0035084 secs] [Times: user=0.01 sys=0.00, real=0.00 secs] 
1355.350: [GC (Allocation Failure) [PSYoungGen: 63296K->1408K(62976K)] 413425K->351537K(561152K), 0.0031931 secs] [Times: user=0.01 sys=0.00, real=0.00 secs] 
1355.741: [GC (Allocation Failure) [PSYoungGen: 62840K->1421K(62464K)] 412969K->351550K(560640K), 0.0019430 secs] [Times: user=0.01 sys=0.00, real=0.00 secs] 
1355.858: [GC (Allocation Failure) [PSYoungGen: 62349K->1485K(61952K)] 412478K->351630K(560128K), 0.0015278 secs] [Times: user=0.00 sys=0.00, real=0.00 secs] 
1355.965: [GC (Allocation Failure) [PSYoungGen: 61901K->1453K(61440K)] 412046K->351598K(559616K), 0.0016121 secs] [Times: user=0.01 sys=0.00, real=0.00 secs] 
1356.070: [GC (Allocation Failure) [PSYoungGen: 61357K->1488K(68096K)] 411502K->351633K(566272K), 0.0015726 secs] [Times: user=0.01 sys=0.00, real=0.00 secs] 
1356.881: [GC (Allocation Failure) [PSYoungGen: 67536K->1472K(67072K)] 417681K->351625K(565248K), 0.0020132 secs] [Times: user=0.01 sys=0.00, real=0.01 secs] 
1357.395: [GC (Allocation Failure) [PSYoungGen: 67008K->1344K(66560K)] 417161K->351497K(564736K), 0.0020685 secs] [Times: user=0.00 sys=0.00, real=0.00 secs] 
1358.595: [GC (Allocation Failure) [PSYoungGen: 66368K->1376K(66048K)] 416521K->351529K(564224K), 0.0029383 secs] [Times: user=0.01 sys=0.01, real=0.00 secs] 
1359.543: [GC (Allocation Failure) [PSYoungGen: 65888K->1376K(65536K)] 416041K->351529K(563712K), 0.0028386 secs] [Times: user=0.01 sys=0.00, real=0.01 secs] 
1360.294: [GC (Allocation Failure) [PSYoungGen: 65376K->1485K(65024K)] 415529K->351638K(563200K), 0.0021896 secs] [Times: user=0.01 sys=0.01, real=0.00 secs] 
1360.438: [GC (Allocation Failure) [PSYoungGen: 64973K->1456K(64512K)] 415126K->351609K(562688K), 0.0015914 secs] [Times: user=0.00 sys=0.00, real=0.00 secs] 
1360.564: [GC (Allocation Failure) [PSYoungGen: 64432K->1453K(64000K)] 414585K->351630K(562176K), 0.0019355 secs] [Times: user=0.01 sys=0.00, real=0.00 secs] 
1360.704: [GC (Allocation Failure) [PSYoungGen: 63917K->1389K(63488K)] 414094K->351566K(561664K), 0.0019749 secs] [Times: user=0.01 sys=0.00, real=0.00 secs] 
1360.901: [GC (Allocation Failure) [PSYoungGen: 63341K->1424K(64000K)] 413518K->351609K(562176K), 0.0021466 secs] [Times: user=0.01 sys=0.00, real=0.01 secs] 
1361.160: [GC (Allocation Failure) [PSYoungGen: 63376K->1344K(62976K)] 413561K->351537K(561152K), 0.0020842 secs] [Times: user=0.01 sys=0.00, real=0.00 secs] 
1361.451: [GC (Allocation Failure) [PSYoungGen: 62784K->1344K(62464K)] 412977K->351537K(560640K), 0.0019058 secs] [Times: user=0.01 sys=0.00, real=0.01 secs] 
1361.704: [GC (Allocation Failure) [PSYoungGen: 62272K->1344K(61952K)] 412465K->351537K(560128K), 0.0019812 secs] [Times: user=0.01 sys=0.00, real=0.00 secs] 
1361.955: [GC (Allocation Failure) [PSYoungGen: 61760K->1360K(61440K)] 411953K->351553K(559616K), 0.0018999 secs] [Times: user=0.00 sys=0.00, real=0.00 secs] 
1362.158: [GC (Allocation Failure) [PSYoungGen: 61264K->1453K(60928K)] 411457K->351646K(559104K), 0.0016681 secs] [Times: user=0.00 sys=0.00, real=0.00 secs] 
1362.262: [GC (Allocation Failure) [PSYoungGen: 60845K->1485K(60416K)] 411038K->351678K(558592K), 0.0016046 secs] [Times: user=0.01 sys=0.00, real=0.01 secs] 
1362.366: [GC (Allocation Failure) [PSYoungGen: 60365K->1488K(60928K)] 410558K->351689K(559104K), 0.0016166 secs] [Times: user=0.01 sys=0.00, real=0.00 secs] 
1362.470: [GC (Allocation Failure) [PSYoungGen: 60368K->1504K(67072K)] 410569K->351705K(565248K), 0.0017815 secs] [Times: user=0.00 sys=0.00, real=0.00 secs] 
1363.478: [GC (Allocation Failure) [PSYoungGen: 66528K->1376K(67072K)] 416729K->351593K(565248K), 0.0029604 secs] [Times: user=0.02 sys=0.00, real=0.00 secs] 
1364.833: [GC (Allocation Failure) [PSYoungGen: 66400K->1376K(66048K)] 416617K->351593K(564224K), 0.0032116 secs] [Times: user=0.01 sys=0.00, real=0.00 secs] 
1365.531: [GC (Allocation Failure) [PSYoungGen: 65888K->1376K(65536K)] 416105K->351593K(563712K), 0.0025004 secs] [Times: user=0.01 sys=0.00, real=0.01 secs] 
1366.084: [GC (Allocation Failure) [PSYoungGen: 65376K->1344K(65024K)] 415593K->351561K(563200K), 0.0018886 secs] [Times: user=0.01 sys=0.00, real=0.00 secs] 
1366.809: [GC (Allocation Failure) [PSYoungGen: 64760K->288K(63488K)] 414978K->350505K(561664K), 0.0026009 secs] [Times: user=0.01 sys=0.00, real=0.00 secs] 
1367.024: [GC (Allocation Failure) [PSYoungGen: 63264K->1389K(64000K)] 413481K->351606K(562176K), 0.0022621 secs] [Times: user=0.01 sys=0.00, real=0.00 secs] 
1367.203: [GC (Allocation Failure) [PSYoungGen: 63853K->1520K(63488K)] 414070K->351753K(561664K), 0.0022495 secs] [Times: user=0.01 sys=0.00, real=0.01 secs] 
1367.372: [GC (Allocation Failure) [PSYoungGen: 63472K->1485K(62976K)] 413705K->351718K(561152K), 0.0020883 secs] [Times: user=0.01 sys=0.00, real=0.01 secs] 
1367.492: [GC (Allocation Failure) [PSYoungGen: 62925K->1488K(69120K)] 413158K->351721K(567296K), 0.0017303 secs] [Times: user=0.00 sys=0.00, real=0.01 secs] 
1367.784: [GC (Allocation Failure) [PSYoungGen: 68560K->1376K(68096K)] 418793K->351609K(566272K), 0.0018100 secs] [Times: user=0.01 sys=0.00, real=0.00 secs] 
1368.061: [GC (Allocation Failure) [PSYoungGen: 67936K->1376K(67584K)] 418169K->351609K(565760K), 0.0018753 secs] [Times: user=0.00 sys=0.00, real=0.00 secs] 
1368.335: [GC (Allocation Failure) [PSYoungGen: 67424K->1312K(67072K)] 417657K->351545K(565248K), 0.0018125 secs] [Times: user=0.01 sys=0.00, real=0.00 secs] 
1368.607: [GC (Allocation Failure) [PSYoungGen: 66848K->1344K(66560K)] 417081K->351577K(564736K), 0.0019372 secs] [Times: user=0.01 sys=0.00, real=0.00 secs] 
1368.833: [GC (Allocation Failure) [PSYoungGen: 66368K->1485K(66048K)] 416601K->351718K(564224K), 0.0019393 secs] [Times: user=0.01 sys=0.00, real=0.01 secs] 
1369.013: [GC (Allocation Failure) [PSYoungGen: 65997K->1421K(65536K)] 416230K->351654K(563712K), 0.0023918 secs] [Times: user=0.01 sys=0.00, real=0.00 secs] 
1369.166: [GC (Allocation Failure) [PSYoungGen: 65414K->1488K(65024K)] 415647K->351729K(563200K), 0.0016144 secs] [Times: user=0.01 sys=0.00, real=0.00 secs] 
1369.277: [GC (Allocation Failure) [PSYoungGen: 64976K->1485K(66048K)] 415217K->351726K(564224K), 0.0017071 secs] [Times: user=0.01 sys=0.00, real=0.00 secs] 
1369.802: [GC (Allocation Failure) [PSYoungGen: 65485K->1424K(65024K)] 415726K->351665K(563200K), 0.0031642 secs] [Times: user=0.02 sys=0.00, real=0.01 secs] 
1370.583: [GC (Allocation Failure) [PSYoungGen: 64912K->1376K(64512K)] 415153K->351617K(562688K), 0.0031734 secs] [Times: user=0.01 sys=0.00, real=0.00 secs] 
1371.588: [GC (Allocation Failure) [PSYoungGen: 64352K->1344K(64000K)] 414593K->351585K(562176K), 0.0025194 secs] [Times: user=0.01 sys=0.00, real=0.00 secs] 
1372.392: [GC (Allocation Failure) [PSYoungGen: 63808K->1344K(63488K)] 414049K->351585K(561664K), 0.0023611 secs] [Times: user=0.01 sys=0.00, real=0.01 secs] 
1373.708: [GC (Allocation Failure) [PSYoungGen: 63282K->1392K(62976K)] 413523K->351633K(561152K), 0.0033445 secs] [Times: user=0.01 sys=0.00, real=0.00 secs] 
1373.917: [GC (Allocation Failure) [PSYoungGen: 62832K->1389K(62464K)] 413073K->351630K(560640K), 0.0020741 secs] [Times: user=0.01 sys=0.00, real=0.00 secs] 
1374.065: [GC (Allocation Failure) [PSYoungGen: 62317K->1389K(61952K)] 412558K->351630K(560128K), 0.0019503 secs] [Times: user=0.01 sys=0.00, real=0.00 secs] 
1374.207: [GC (Allocation Failure) [PSYoungGen: 61805K->1421K(61440K)] 412046K->351670K(559616K), 0.0020039 secs] [Times: user=0.00 sys=0.00, real=0.00 secs] 
1374.314: [GC (Allocation Failure) [PSYoungGen: 61325K->1485K(67072K)] 411574K->351734K(565248K), 0.0016452 secs] [Times: user=0.01 sys=0.00, real=0.00 secs] 
1375.399: [GC (Allocation Failure) [PSYoungGen: 67021K->1408K(66560K)] 417270K->351665K(564736K), 0.0028042 secs] [Times: user=0.01 sys=0.00, real=0.00 secs] 
1376.024: [GC (Allocation Failure) [PSYoungGen: 66432K->1344K(66048K)] 416689K->351617K(564224K), 0.0020655 secs] [Times: user=0.01 sys=0.00, real=0.00 secs] 
1377.136: [GC (Allocation Failure) [PSYoungGen: 65856K->1376K(65536K)] 416129K->351649K(563712K), 0.0029855 secs] [Times: user=0.01 sys=0.00, real=0.00 secs] 
1377.962: [GC (Allocation Failure) [PSYoungGen: 65376K->1344K(65024K)] 415649K->351617K(563200K), 0.0027515 secs] [Times: user=0.01 sys=0.00, real=0.01 secs] 
1378.380: [GC (Allocation Failure) [PSYoungGen: 64832K->1485K(64512K)] 415105K->351758K(562688K), 0.0021978 secs] [Times: user=0.01 sys=0.00, real=0.00 secs] 
1378.505: [GC (Allocation Failure) [PSYoungGen: 64461K->429K(62976K)] 414734K->351726K(561152K), 0.0017021 secs] [Times: user=0.00 sys=0.00, real=0.00 secs] 
1378.616: [GC (Allocation Failure) [PSYoungGen: 62893K->493K(64000K)] 414190K->351806K(562176K), 0.0015869 secs] [Times: user=0.01 sys=0.00, real=0.00 secs] 
1378.725: [GC (Allocation Failure) [PSYoungGen: 62445K->461K(64512K)] 413758K->351774K(562688K), 0.0016360 secs] [Times: user=0.01 sys=0.00, real=0.00 secs] 
1379.024: [GC (Allocation Failure) [PSYoungGen: 62925K->1424K(63488K)] 414238K->352737K(561664K), 0.0018717 secs] [Times: user=0.01 sys=0.00, real=0.00 secs] 
1379.559: [GC (Allocation Failure) [PSYoungGen: 63376K->1408K(62976K)] 414689K->352721K(561152K), 0.0025475 secs] [Times: user=0.01 sys=0.00, real=0.00 secs] 
1380.037: [GC (Allocation Failure) [PSYoungGen: 62848K->1376K(62464K)] 414161K->352689K(560640K), 0.0020842 secs] [Times: user=0.01 sys=0.00, real=0.00 secs] 
1380.453: [GC (Allocation Failure) [PSYoungGen: 62304K->1392K(61952K)] 413617K->352705K(560128K), 0.0020103 secs] [Times: user=0.00 sys=0.00, real=0.00 secs] 
1380.941: [GC (Allocation Failure) [PSYoungGen: 61808K->1408K(61440K)] 413121K->352721K(559616K), 0.0021175 secs] [Times: user=0.00 sys=0.00, real=0.00 secs] 
1381.186: [GC (Allocation Failure) [PSYoungGen: 61279K->1421K(60928K)] 412593K->352734K(559104K), 0.0016015 secs] [Times: user=0.01 sys=0.00, real=0.00 secs] 
1381.290: [GC (Allocation Failure) [PSYoungGen: 60813K->1421K(60416K)] 412126K->352734K(558592K), 0.0016503 secs] [Times: user=0.01 sys=0.00, real=0.00 secs] 
1381.394: [GC (Allocation Failure) [PSYoungGen: 60301K->1488K(60928K)] 411614K->352817K(559104K), 0.0015591 secs] [Times: user=0.01 sys=0.00, real=0.00 secs] 
1381.512: [GC (Allocation Failure) [PSYoungGen: 60368K->1485K(60928K)] 411697K->352814K(559104K), 0.0018017 secs] [Times: user=0.01 sys=0.00, real=0.01 secs] 
1381.874: [GC (Allocation Failure) [PSYoungGen: 60365K->1472K(59904K)] 411694K->352801K(558080K), 0.0020599 secs] [Times: user=0.01 sys=0.00, real=0.00 secs] 
1382.322: [GC (Allocation Failure) [PSYoungGen: 59840K->1344K(59392K)] 411169K->352673K(557568K), 0.0023482 secs] [Times: user=0.01 sys=0.00, real=0.01 secs] 
1382.586: [GC (Allocation Failure) [PSYoungGen: 59200K->1344K(59392K)] 410529K->352697K(557568K), 0.0020706 secs] [Times: user=0.01 sys=0.00, real=0.00 secs] 
1382.940: [GC (Allocation Failure) [PSYoungGen: 59200K->1376K(59392K)] 410553K->352729K(557568K), 0.0019947 secs] [Times: user=0.01 sys=0.00, real=0.00 secs] 
1383.465: [GC (Allocation Failure) [PSYoungGen: 59232K->1376K(59392K)] 410585K->352729K(557568K), 0.0018342 secs] [Times: user=0.00 sys=0.00, real=0.00 secs] 
1383.787: [GC (Allocation Failure) [PSYoungGen: 59232K->1472K(59392K)] 410585K->352825K(557568K), 0.0015944 secs] [Times: user=0.01 sys=0.00, real=0.00 secs] 
1383.892: [GC (Allocation Failure) [PSYoungGen: 59328K->1488K(59392K)] 410681K->352849K(557568K), 0.0015925 secs] [Times: user=0.00 sys=0.00, real=0.01 secs] 
1383.995: [GC (Allocation Failure) [PSYoungGen: 59344K->1421K(63488K)] 410705K->352782K(561664K), 0.0015918 secs] [Times: user=0.00 sys=0.00, real=0.00 secs] 
1384.102: [GC (Allocation Failure) [PSYoungGen: 62861K->1520K(65536K)] 414222K->352881K(563712K), 0.0014187 secs] [Times: user=0.00 sys=0.00, real=0.01 secs] 
1384.612: [GC (Allocation Failure) [PSYoungGen: 65008K->1424K(64512K)] 416369K->352785K(562688K), 0.0022695 secs] [Times: user=0.01 sys=0.00, real=0.01 secs] 
1386.048: [GC (Allocation Failure) [PSYoungGen: 64400K->1344K(64000K)] 415761K->352705K(562176K), 0.0035453 secs] [Times: user=0.02 sys=0.00, real=0.00 secs] 
1387.374: [GC (Allocation Failure) [PSYoungGen: 63808K->1376K(63488K)] 415169K->352737K(561664K), 0.0046033 secs] [Times: user=0.02 sys=0.00, real=0.00 secs] 
1387.788: [GC (Allocation Failure) [PSYoungGen: 63328K->1344K(62976K)] 414689K->352705K(561152K), 0.0018721 secs] [Times: user=0.00 sys=0.00, real=0.00 secs] 
1388.045: [GC (Allocation Failure) [PSYoungGen: 62784K->1344K(62464K)] 414145K->352705K(560640K), 0.0019194 secs] [Times: user=0.01 sys=0.00, real=0.00 secs] 
1388.244: [GC (Allocation Failure) [PSYoungGen: 62272K->1421K(61952K)] 413633K->352782K(560128K), 0.0015910 secs] [Times: user=0.01 sys=0.01, real=0.00 secs] 
1388.351: [GC (Allocation Failure) [PSYoungGen: 61837K->1453K(61440K)] 413198K->352822K(559616K), 0.0016849 secs] [Times: user=0.01 sys=0.00, real=0.00 secs] 
1388.456: [GC (Allocation Failure) [PSYoungGen: 61357K->1485K(61952K)] 412726K->352854K(560128K), 0.0016254 secs] [Times: user=0.00 sys=0.00, real=0.00 secs] 
1388.561: [GC (Allocation Failure) [PSYoungGen: 61372K->1453K(61952K)] 412741K->352822K(560128K), 0.0015222 secs] [Times: user=0.01 sys=0.00, real=0.00 secs] 
1388.919: [GC (Allocation Failure) [PSYoungGen: 61357K->1440K(67072K)] 412726K->352809K(565248K), 0.0023221 secs] [Times: user=0.01 sys=0.00, real=0.00 secs] 
1389.648: [GC (Allocation Failure) [PSYoungGen: 66976K->1344K(66560K)] 418345K->352713K(564736K), 0.0030391 secs] [Times: user=0.01 sys=0.00, real=0.00 secs] 
1390.193: [GC (Allocation Failure) [PSYoungGen: 66368K->1312K(66048K)] 417737K->352681K(564224K), 0.0028693 secs] [Times: user=0.01 sys=0.00, real=0.01 secs] 
1390.642: [GC (Allocation Failure) [PSYoungGen: 65824K->1344K(65536K)] 417193K->352713K(563712K), 0.0020070 secs] [Times: user=0.01 sys=0.00, real=0.01 secs] 
1391.295: [GC (Allocation Failure) [PSYoungGen: 65344K->1424K(65024K)] 416713K->352793K(563200K), 0.0023813 secs] [Times: user=0.00 sys=0.00, real=0.00 secs] 
1391.447: [GC (Allocation Failure) [PSYoungGen: 64912K->1485K(64512K)] 416281K->352854K(562688K), 0.0016715 secs] [Times: user=0.01 sys=0.00, real=0.00 secs] 
1391.558: [GC (Allocation Failure) [PSYoungGen: 64461K->1453K(64000K)] 415830K->352830K(562176K), 0.0017431 secs] [Times: user=0.00 sys=0.00, real=0.00 secs] 
1391.684: [GC (Allocation Failure) [PSYoungGen: 63917K->1421K(64512K)] 415294K->352798K(562688K), 0.0019957 secs] [Times: user=0.00 sys=0.00, real=0.00 secs] 
1391.831: [GC (Allocation Failure) [PSYoungGen: 63856K->1469K(70656K)] 415233K->352846K(568832K), 0.0019141 secs] [Times: user=0.01 sys=0.00, real=0.01 secs] 
1392.246: [GC (Allocation Failure) [PSYoungGen: 70077K->1408K(69632K)] 421454K->352785K(567808K), 0.0024061 secs] [Times: user=0.01 sys=0.00, real=0.00 secs] 
1392.529: [GC (Allocation Failure) [PSYoungGen: 69504K->1344K(69120K)] 420881K->352721K(567296K), 0.0019660 secs] [Times: user=0.01 sys=0.00, real=0.00 secs] 
1392.888: [GC (Allocation Failure) [PSYoungGen: 68928K->1344K(68608K)] 420305K->352721K(566784K), 0.0021173 secs] [Times: user=0.01 sys=0.00, real=0.00 secs] 
1393.167: [GC (Allocation Failure) [PSYoungGen: 68416K->1344K(68096K)] 419793K->352729K(566272K), 0.0018920 secs] [Times: user=0.00 sys=0.00, real=0.00 secs] 
1393.441: [GC (Allocation Failure) [PSYoungGen: 67904K->1424K(67584K)] 419289K->352809K(565760K), 0.0016936 secs] [Times: user=0.01 sys=0.00, real=0.00 secs] 
1393.557: [GC (Allocation Failure) [PSYoungGen: 67472K->1424K(67072K)] 418857K->352809K(565248K), 0.0016557 secs] [Times: user=0.01 sys=0.00, real=0.00 secs] 
1393.673: [GC (Allocation Failure) [PSYoungGen: 66960K->1453K(67584K)] 418345K->352854K(565760K), 0.0016958 secs] [Times: user=0.00 sys=0.00, real=0.01 secs] 
1393.789: [GC (Allocation Failure) [PSYoungGen: 66989K->1533K(73728K)] 418390K->352934K(571904K), 0.0014939 secs] [Times: user=0.01 sys=0.01, real=0.00 secs] 
1394.245: [GC (Allocation Failure) [PSYoungGen: 73213K->1360K(72704K)] 424614K->352761K(570880K), 0.0018731 secs] [Times: user=0.01 sys=0.00, real=0.00 secs] 
1394.802: [GC (Allocation Failure) [PSYoungGen: 72528K->1344K(72192K)] 423929K->352745K(570368K), 0.0021858 secs] [Times: user=0.01 sys=0.00, real=0.01 secs] 
1395.425: [GC (Allocation Failure) [PSYoungGen: 72000K->1344K(71680K)] 423401K->352745K(569856K), 0.0021571 secs] [Times: user=0.00 sys=0.00, real=0.00 secs] 
1396.075: [GC (Allocation Failure) [PSYoungGen: 71488K->1312K(71168K)] 422889K->352713K(569344K), 0.0021942 secs] [Times: user=0.00 sys=0.00, real=0.00 secs] 
1396.366: [GC (Allocation Failure) [PSYoungGen: 70944K->1488K(70656K)] 422345K->352889K(568832K), 0.0018150 secs] [Times: user=0.00 sys=0.00, real=0.00 secs] 
1396.490: [GC (Allocation Failure) [PSYoungGen: 70608K->1488K(70144K)] 422009K->352889K(568320K), 0.0015603 secs] [Times: user=0.01 sys=0.00, real=0.00 secs] 
1396.612: [GC (Allocation Failure) [PSYoungGen: 70088K->1421K(69632K)] 421489K->352822K(567808K), 0.0016477 secs] [Times: user=0.01 sys=0.00, real=0.01 secs] 
1396.990: [GC (Allocation Failure) [PSYoungGen: 69517K->1392K(69120K)] 420918K->352793K(567296K), 0.0023207 secs] [Times: user=0.01 sys=0.00, real=0.00 secs] 
1397.632: [GC (Allocation Failure) [PSYoungGen: 68976K->1344K(68608K)] 420377K->352745K(566784K), 0.0024622 secs] [Times: user=0.01 sys=0.00, real=0.01 secs] 
1398.191: [GC (Allocation Failure) [PSYoungGen: 68416K->1376K(68096K)] 419817K->352777K(566272K), 0.0032961 secs] [Times: user=0.01 sys=0.00, real=0.01 secs] 
1398.787: [GC (Allocation Failure) [PSYoungGen: 67936K->1344K(67584K)] 419337K->352745K(565760K), 0.0027698 secs] [Times: user=0.01 sys=0.00, real=0.00 secs] 
1399.343: [GC (Allocation Failure) [PSYoungGen: 67392K->1344K(67072K)] 418793K->352745K(565248K), 0.0024855 secs] [Times: user=0.01 sys=0.00, real=0.01 secs] 
1399.570: [GC (Allocation Failure) [PSYoungGen: 66880K->1456K(66560K)] 418281K->352857K(564736K), 0.0017887 secs] [Times: user=0.00 sys=0.00, real=0.00 secs] 
1399.685: [GC (Allocation Failure) [PSYoungGen: 66480K->1488K(66048K)] 417881K->352889K(564224K), 0.0015054 secs] [Times: user=0.00 sys=0.00, real=0.00 secs] 
1399.799: [GC (Allocation Failure) [PSYoungGen: 66000K->1520K(65536K)] 417401K->352921K(563712K), 0.0016203 secs] [Times: user=0.01 sys=0.00, real=0.00 secs] 
1399.912: [GC (Allocation Failure) [PSYoungGen: 65520K->1453K(66048K)] 416921K->352862K(564224K), 0.0016274 secs] [Times: user=0.01 sys=0.00, real=0.01 secs] 
1401.159: [GC (Allocation Failure) [PSYoungGen: 65453K->1440K(65024K)] 416862K->352849K(563200K), 0.0060365 secs] [Times: user=0.02 sys=0.00, real=0.01 secs] 
1402.215: [GC (Allocation Failure) [PSYoungGen: 64928K->1344K(64512K)] 416337K->352753K(562688K), 0.0039497 secs] [Times: user=0.02 sys=0.00, real=0.00 secs] 
1403.215: [GC (Allocation Failure) [PSYoungGen: 64320K->1312K(64000K)] 415729K->352721K(562176K), 0.0035607 secs] [Times: user=0.01 sys=0.00, real=0.00 secs] 
1404.040: [GC (Allocation Failure) [PSYoungGen: 63776K->1344K(63488K)] 415185K->352753K(561664K), 0.0029842 secs] [Times: user=0.01 sys=0.00, real=0.00 secs] 
1404.466: [GC (Allocation Failure) [PSYoungGen: 63296K->1421K(62976K)] 414705K->352830K(561152K), 0.0021294 secs] [Times: user=0.00 sys=0.00, real=0.00 secs] 
1404.594: [GC (Allocation Failure) [PSYoungGen: 62861K->1517K(62464K)] 414270K->352926K(560640K), 0.0016205 secs] [Times: user=0.00 sys=0.00, real=0.00 secs] 
1404.702: [GC (Allocation Failure) [PSYoungGen: 62445K->1453K(61952K)] 413854K->352870K(560128K), 0.0016140 secs] [Times: user=0.01 sys=0.00, real=0.01 secs] 
1404.808: [GC (Allocation Failure) [PSYoungGen: 61869K->1485K(62464K)] 413286K->352902K(560640K), 0.0015883 secs] [Times: user=0.01 sys=0.00, real=0.00 secs] 
1405.347: [GC (Allocation Failure) [PSYoungGen: 61901K->1392K(61440K)] 413318K->352809K(559616K), 0.0023872 secs] [Times: user=0.01 sys=0.00, real=0.00 secs] 
1405.901: [GC (Allocation Failure) [PSYoungGen: 61296K->1312K(60928K)] 412713K->352745K(559104K), 0.0022699 secs] [Times: user=0.01 sys=0.00, real=0.00 secs] 
1406.430: [GC (Allocation Failure) [PSYoungGen: 60704K->1344K(60416K)] 412137K->352777K(558592K), 0.0019517 secs] [Times: user=0.01 sys=0.00, real=0.00 secs] 
1406.957: [GC (Allocation Failure) [PSYoungGen: 60224K->1344K(59904K)] 411657K->352777K(558080K), 0.0020054 secs] [Times: user=0.01 sys=0.00, real=0.00 secs] 
1407.497: [GC (Allocation Failure) [PSYoungGen: 59712K->1376K(59392K)] 411145K->352809K(557568K), 0.0020938 secs] [Times: user=0.01 sys=0.00, real=0.00 secs] 
1408.011: [GC (Allocation Failure) [PSYoungGen: 59232K->1421K(59904K)] 410665K->352854K(558080K), 0.0022676 secs] [Times: user=0.01 sys=0.00, real=0.00 secs] 
1408.180: [GC (Allocation Failure) [PSYoungGen: 59277K->1421K(59904K)] 410710K->352854K(558080K), 0.0022569 secs] [Times: user=0.01 sys=0.00, real=0.00 secs] 
1408.355: [GC (Allocation Failure) [PSYoungGen: 59277K->1421K(59904K)] 410710K->352862K(558080K), 0.0024002 secs] [Times: user=0.00 sys=0.00, real=0.00 secs] 
1408.528: [GC (Allocation Failure) [PSYoungGen: 59277K->1453K(59904K)] 410718K->352894K(558080K), 0.0021881 secs] [Times: user=0.01 sys=0.00, real=0.00 secs] 
1408.688: [GC (Allocation Failure) [PSYoungGen: 59309K->1344K(59904K)] 410750K->352785K(558080K), 0.0020039 secs] [Times: user=0.01 sys=0.00, real=0.00 secs] 
1409.260: [GC (Allocation Failure) [PSYoungGen: 59200K->1360K(59392K)] 410641K->352801K(557568K), 0.0028609 secs] [Times: user=0.02 sys=0.00, real=0.00 secs] 
1409.509: [GC (Allocation Failure) [PSYoungGen: 59216K->1344K(59392K)] 410657K->352785K(557568K), 0.0023869 secs] [Times: user=0.01 sys=0.00, real=0.00 secs] 
1410.037: [GC (Allocation Failure) [PSYoungGen: 59200K->1376K(59392K)] 410641K->352817K(557568K), 0.0020601 secs] [Times: user=0.01 sys=0.00, real=0.00 secs] 
1410.679: [GC (Allocation Failure) [PSYoungGen: 59232K->1344K(59392K)] 410673K->352785K(557568K), 0.0020371 secs] [Times: user=0.01 sys=0.00, real=0.00 secs] 
1412.099: [GC (Allocation Failure) [PSYoungGen: 59200K->1424K(59392K)] 410641K->352865K(557568K), 0.0027589 secs] [Times: user=0.02 sys=0.00, real=0.00 secs] 
1412.310: [GC (Allocation Failure) [PSYoungGen: 59280K->1421K(59392K)] 410721K->352870K(557568K), 0.0021879 secs] [Times: user=0.01 sys=0.00, real=0.00 secs] 
1412.438: [GC (Allocation Failure) [PSYoungGen: 59277K->1453K(59392K)] 410726K->352902K(557568K), 0.0015693 secs] [Times: user=0.00 sys=0.00, real=0.00 secs] 
1412.553: [GC (Allocation Failure) [PSYoungGen: 59309K->1485K(58880K)] 410758K->352934K(557056K), 0.0018717 secs] [Times: user=0.01 sys=0.00, real=0.01 secs] 
1412.681: [GC (Allocation Failure) [PSYoungGen: 58829K->1421K(59392K)] 410278K->352870K(557568K), 0.0019056 secs] [Times: user=0.00 sys=0.00, real=0.00 secs] 
1413.510: [GC (Allocation Failure) [PSYoungGen: 58765K->1440K(58880K)] 410214K->352889K(557056K), 0.0041012 secs] [Times: user=0.02 sys=0.00, real=0.01 secs] 
1414.279: [GC (Allocation Failure) [PSYoungGen: 58784K->1376K(58880K)] 410233K->352825K(557056K), 0.0031842 secs] [Times: user=0.01 sys=0.00, real=0.00 secs] 
1414.671: [GC (Allocation Failure) [PSYoungGen: 58720K->320K(57856K)] 410169K->352793K(556032K), 0.0022575 secs] [Times: user=0.01 sys=0.00, real=0.01 secs] 
1415.109: [GC (Allocation Failure) [PSYoungGen: 57664K->320K(59392K)] 410137K->352809K(557568K), 0.0018952 secs] [Times: user=0.01 sys=0.00, real=0.00 secs] 
1415.629: [GC (Allocation Failure) [PSYoungGen: 57664K->320K(57856K)] 410153K->352809K(556032K), 0.0021104 secs] [Times: user=0.01 sys=0.00, real=0.00 secs] 
1415.863: [GC (Allocation Failure) [PSYoungGen: 57664K->1389K(59392K)] 410153K->353886K(557568K), 0.0014478 secs] [Times: user=0.01 sys=0.00, real=0.01 secs] 
1415.964: [GC (Allocation Failure) [PSYoungGen: 58733K->1485K(58880K)] 411230K->353990K(557056K), 0.0016656 secs] [Times: user=0.01 sys=0.00, real=0.00 secs] 
1416.079: [GC (Allocation Failure) [PSYoungGen: 58829K->1453K(61440K)] 411334K->353958K(559616K), 0.0018545 secs] [Times: user=0.01 sys=0.00, real=0.00 secs] 
1416.211: [GC (Allocation Failure) [PSYoungGen: 60845K->1504K(65024K)] 413350K->354009K(563200K), 0.0018449 secs] [Times: user=0.01 sys=0.00, real=0.00 secs] 
1416.957: [GC (Allocation Failure) [PSYoungGen: 64480K->1456K(64000K)] 416985K->353961K(562176K), 0.0025439 secs] [Times: user=0.01 sys=0.00, real=0.00 secs] 
1417.962: [GC (Allocation Failure) [PSYoungGen: 63920K->1328K(63488K)] 416425K->353841K(561664K), 0.0024975 secs] [Times: user=0.01 sys=0.00, real=0.01 secs] 
1418.282: [GC (Allocation Failure) [PSYoungGen: 63280K->1344K(62976K)] 415793K->353857K(561152K), 0.0021646 secs] [Times: user=0.00 sys=0.00, real=0.01 secs] 
1418.672: [GC (Allocation Failure) [PSYoungGen: 62784K->1344K(62464K)] 415297K->353857K(560640K), 0.0020283 secs] [Times: user=0.01 sys=0.00, real=0.01 secs] 
1418.925: [GC (Allocation Failure) [PSYoungGen: 62272K->1360K(61952K)] 414785K->353873K(560128K), 0.0019777 secs] [Times: user=0.01 sys=0.00, real=0.00 secs] 
1419.104: [GC (Allocation Failure) [PSYoungGen: 61776K->1456K(61440K)] 414289K->353969K(559616K), 0.0015882 secs] [Times: user=0.01 sys=0.00, real=0.00 secs] 
1419.210: [GC (Allocation Failure) [PSYoungGen: 61360K->1424K(60928K)] 413873K->353945K(559104K), 0.0016419 secs] [Times: user=0.01 sys=0.00, real=0.00 secs] 
1419.315: [GC (Allocation Failure) [PSYoungGen: 60816K->1424K(61440K)] 413337K->353945K(559616K), 0.0016862 secs] [Times: user=0.00 sys=0.00, real=0.00 secs] 
1419.421: [GC (Allocation Failure) [PSYoungGen: 60816K->1485K(61440K)] 413337K->354006K(559616K), 0.0015701 secs] [Times: user=0.01 sys=0.00, real=0.00 secs] 
1419.795: [GC (Allocation Failure) [PSYoungGen: 60877K->1440K(67584K)] 413398K->353961K(565760K), 0.0021463 secs] [Times: user=0.01 sys=0.00, real=0.00 secs] 
1420.341: [GC (Allocation Failure) [PSYoungGen: 66976K->1344K(66560K)] 419497K->353865K(564736K), 0.0020747 secs] [Times: user=0.00 sys=0.00, real=0.01 secs] 
1420.879: [GC (Allocation Failure) [PSYoungGen: 66368K->1344K(66048K)] 418889K->353865K(564224K), 0.0023901 secs] [Times: user=0.00 sys=0.01, real=0.00 secs] 
1421.481: [GC (Allocation Failure) [PSYoungGen: 65856K->1376K(65536K)] 418377K->353897K(563712K), 0.0026958 secs] [Times: user=0.01 sys=0.00, real=0.01 secs] 
1422.088: [GC (Allocation Failure) [PSYoungGen: 65376K->1456K(65024K)] 417897K->353977K(563200K), 0.0025984 secs] [Times: user=0.01 sys=0.00, real=0.00 secs] 
1422.244: [GC (Allocation Failure) [PSYoungGen: 64944K->1456K(64512K)] 417465K->353977K(562688K), 0.0016162 secs] [Times: user=0.01 sys=0.00, real=0.00 secs] 
1422.356: [GC (Allocation Failure) [PSYoungGen: 64432K->1488K(64000K)] 416953K->354025K(562176K), 0.0016053 secs] [Times: user=0.00 sys=0.00, real=0.00 secs] 
1422.468: [GC (Allocation Failure) [PSYoungGen: 63952K->1453K(64512K)] 416489K->353990K(562688K), 0.0017425 secs] [Times: user=0.00 sys=0.00, real=0.00 secs] 
1422.595: [GC (Allocation Failure) [PSYoungGen: 63911K->160K(70656K)] 416448K->352697K(568832K), 0.0017935 secs] [Times: user=0.01 sys=0.00, real=0.00 secs] 
1423.387: [GC (Allocation Failure) [PSYoungGen: 68768K->1344K(69632K)] 421305K->353897K(567808K), 0.0019361 secs] [Times: user=0.01 sys=0.00, real=0.00 secs] 
1424.343: [GC (Allocation Failure) [PSYoungGen: 69440K->1344K(69120K)] 421993K->353897K(567296K), 0.0030403 secs] [Times: user=0.01 sys=0.00, real=0.00 secs] 
1425.092: [GC (Allocation Failure) [PSYoungGen: 68928K->1344K(68608K)] 421481K->353897K(566784K), 0.0028994 secs] [Times: user=0.01 sys=0.00, real=0.01 secs] 
1425.746: [GC (Allocation Failure) [PSYoungGen: 68416K->1344K(68096K)] 420969K->353897K(566272K), 0.0024686 secs] [Times: user=0.01 sys=0.01, real=0.00 secs] 
1426.008: [GC (Allocation Failure) [PSYoungGen: 67904K->1421K(67584K)] 420457K->353974K(565760K), 0.0016482 secs] [Times: user=0.01 sys=0.00, real=0.00 secs] 
1426.125: [GC (Allocation Failure) [PSYoungGen: 67469K->1517K(67072K)] 420022K->354070K(565248K), 0.0016799 secs] [Times: user=0.01 sys=0.00, real=0.00 secs] 
1426.241: [GC (Allocation Failure) [PSYoungGen: 67053K->1488K(66560K)] 419606K->354049K(564736K), 0.0016076 secs] [Times: user=0.00 sys=0.00, real=0.00 secs] 
1426.355: [GC (Allocation Failure) [PSYoungGen: 66512K->1488K(67072K)] 419073K->354049K(565248K), 0.0016301 secs] [Times: user=0.01 sys=0.00, real=0.00 secs] 
1427.106: [GC (Allocation Failure) [PSYoungGen: 66512K->1392K(66048K)] 419073K->353953K(564224K), 0.0020266 secs] [Times: user=0.01 sys=0.00, real=0.00 secs] 
1428.131: [GC (Allocation Failure) [PSYoungGen: 65904K->1344K(65536K)] 418465K->353905K(563712K), 0.0028135 secs] [Times: user=0.01 sys=0.00, real=0.01 secs] 
1428.856: [GC (Allocation Failure) [PSYoungGen: 65344K->1344K(65024K)] 417905K->353905K(563200K), 0.0027579 secs] [Times: user=0.02 sys=0.00, real=0.00 secs] 
1429.581: [GC (Allocation Failure) [PSYoungGen: 64832K->1376K(64512K)] 417393K->353937K(562688K), 0.0035773 secs] [Times: user=0.01 sys=0.00, real=0.01 secs] 
1430.403: [GC (Allocation Failure) [PSYoungGen: 64352K->1453K(64000K)] 416913K->354014K(562176K), 0.0023722 secs] [Times: user=0.01 sys=0.00, real=0.01 secs] 
1430.550: [GC (Allocation Failure) [PSYoungGen: 63917K->1456K(63488K)] 416478K->354017K(561664K), 0.0016137 secs] [Times: user=0.01 sys=0.00, real=0.00 secs] 
1430.674: [GC (Allocation Failure) [PSYoungGen: 63408K->1485K(62976K)] 415969K->354046K(561152K), 0.0019504 secs] [Times: user=0.01 sys=0.00, real=0.00 secs] 
1430.810: [GC (Allocation Failure) [PSYoungGen: 62925K->1485K(62464K)] 415486K->354054K(560640K), 0.0019593 secs] [Times: user=0.00 sys=0.00, real=0.00 secs] 
1431.342: [GC (Allocation Failure) [PSYoungGen: 62413K->1408K(61952K)] 414982K->353977K(560128K), 0.0022885 secs] [Times: user=0.01 sys=0.00, real=0.01 secs] 
1431.920: [GC (Allocation Failure) [PSYoungGen: 61824K->1344K(61440K)] 414393K->353913K(559616K), 0.0023247 secs] [Times: user=0.01 sys=0.01, real=0.00 secs] 
1432.486: [GC (Allocation Failure) [PSYoungGen: 61248K->1344K(60928K)] 413817K->353913K(559104K), 0.0022809 secs] [Times: user=0.01 sys=0.00, real=0.00 secs] 
1433.024: [GC (Allocation Failure) [PSYoungGen: 60736K->1344K(60416K)] 413305K->353913K(558592K), 0.0025803 secs] [Times: user=0.01 sys=0.00, real=0.00 secs] 
1433.480: [GC (Allocation Failure) [PSYoungGen: 60224K->1344K(59904K)] 412793K->353913K(558080K), 0.0020226 secs] [Times: user=0.01 sys=0.00, real=0.00 secs] 
1433.773: [GC (Allocation Failure) [PSYoungGen: 59712K->1421K(59392K)] 412281K->353990K(557568K), 0.0017540 secs] [Times: user=0.01 sys=0.00, real=0.00 secs] 
1433.876: [GC (Allocation Failure) [PSYoungGen: 59277K->1453K(59904K)] 411846K->354022K(558080K), 0.0015682 secs] [Times: user=0.01 sys=0.00, real=0.00 secs] 
1433.978: [GC (Allocation Failure) [PSYoungGen: 59309K->1485K(59904K)] 411878K->354062K(558080K), 0.0015590 secs] [Times: user=0.01 sys=0.00, real=0.00 secs] 
1434.079: [GC (Allocation Failure) [PSYoungGen: 59341K->1485K(59904K)] 411918K->354062K(558080K), 0.0016421 secs] [Times: user=0.01 sys=0.00, real=0.00 secs] 
1434.339: [GC (Allocation Failure) [PSYoungGen: 59341K->1936K(65536K)] 411918K->354537K(563712K), 0.0020420 secs] [Times: user=0.00 sys=0.00, real=0.00 secs] 
1434.810: [GC (Allocation Failure) [PSYoungGen: 65424K->1376K(64512K)] 418025K->353977K(562688K), 0.0022267 secs] [Times: user=0.01 sys=0.00, real=0.00 secs] 
1435.072: [GC (Allocation Failure) [PSYoungGen: 64352K->1344K(64000K)] 416953K->353945K(562176K), 0.0018605 secs] [Times: user=0.00 sys=0.00, real=0.01 secs] 
1435.370: [GC (Allocation Failure) [PSYoungGen: 63808K->1312K(63488K)] 416409K->353913K(561664K), 0.0020979 secs] [Times: user=0.01 sys=0.00, real=0.00 secs] 
1435.690: [GC (Allocation Failure) [PSYoungGen: 63264K->1376K(62976K)] 415865K->353977K(561152K), 0.0017401 secs] [Times: user=0.01 sys=0.00, real=0.00 secs] 
1435.924: [GC (Allocation Failure) [PSYoungGen: 62816K->1501K(62464K)] 415417K->354102K(560640K), 0.0016504 secs] [Times: user=0.00 sys=0.00, real=0.00 secs] 
1436.031: [GC (Allocation Failure) [PSYoungGen: 62429K->1485K(61952K)] 415030K->354094K(560128K), 0.0016133 secs] [Times: user=0.01 sys=0.00, real=0.00 secs] 
1436.138: [GC (Allocation Failure) [PSYoungGen: 61901K->1421K(62976K)] 414510K->354030K(561152K), 0.0015708 secs] [Times: user=0.00 sys=0.00, real=0.00 secs] 
1436.245: [GC (Allocation Failure) [PSYoungGen: 62349K->1536K(68608K)] 414958K->354145K(566784K), 0.0015907 secs] [Times: user=0.00 sys=0.00, real=0.00 secs] 
1436.587: [GC (Allocation Failure) [PSYoungGen: 68096K->1392K(68608K)] 420705K->354001K(566784K), 0.0020922 secs] [Times: user=0.01 sys=0.00, real=0.00 secs] 
1437.059: [GC (Allocation Failure) [PSYoungGen: 67952K->1376K(67584K)] 420561K->353985K(565760K), 0.0027573 secs] [Times: user=0.01 sys=0.00, real=0.00 secs] 
1437.729: [GC (Allocation Failure) [PSYoungGen: 67424K->1344K(67072K)] 420033K->353953K(565248K), 0.0050075 secs] [Times: user=0.02 sys=0.00, real=0.01 secs] 
1438.523: [GC (Allocation Failure) [PSYoungGen: 66880K->1344K(66560K)] 419489K->353953K(564736K), 0.0024883 secs] [Times: user=0.01 sys=0.00, real=0.01 secs] 
1439.284: [GC (Allocation Failure) [PSYoungGen: 66368K->1421K(66048K)] 418977K->354030K(564224K), 0.0031156 secs] [Times: user=0.01 sys=0.00, real=0.00 secs] 
1439.464: [GC (Allocation Failure) [PSYoungGen: 65933K->1421K(65536K)] 418542K->354030K(563712K), 0.0015214 secs] [Times: user=0.01 sys=0.00, real=0.00 secs] 
1439.577: [GC (Allocation Failure) [PSYoungGen: 65421K->1456K(65024K)] 418030K->354073K(563200K), 0.0016648 secs] [Times: user=0.00 sys=0.00, real=0.00 secs] 
1439.705: [GC (Allocation Failure) [PSYoungGen: 64944K->1485K(71168K)] 417561K->354102K(569344K), 0.0018729 secs] [Times: user=0.01 sys=0.00, real=0.00 secs] 
1440.922: [GC (Allocation Failure) [PSYoungGen: 71117K->1408K(70656K)] 423734K->354025K(568832K), 0.0035903 secs] [Times: user=0.01 sys=0.00, real=0.01 secs] 
1441.550: [GC (Allocation Failure) [PSYoungGen: 70528K->1328K(70144K)] 423145K->353945K(568320K), 0.0024742 secs] [Times: user=0.01 sys=0.00, real=0.00 secs] 
1442.014: [GC (Allocation Failure) [PSYoungGen: 69936K->1344K(69632K)] 422553K->353961K(567808K), 0.0020302 secs] [Times: user=0.01 sys=0.00, real=0.00 secs] 
1442.351: [GC (Allocation Failure) [PSYoungGen: 69440K->1344K(69120K)] 422057K->353961K(567296K), 0.0019371 secs] [Times: user=0.01 sys=0.00, real=0.00 secs] 
1442.729: [GC (Allocation Failure) [PSYoungGen: 68928K->1437K(68608K)] 421545K->354062K(566784K), 0.0029706 secs] [Times: user=0.01 sys=0.00, real=0.00 secs] 
1442.921: [GC (Allocation Failure) [PSYoungGen: 68509K->1488K(68096K)] 421134K->354113K(566272K), 0.0017641 secs] [Times: user=0.00 sys=0.00, real=0.00 secs] 
1443.039: [GC (Allocation Failure) [PSYoungGen: 68048K->1456K(67584K)] 420673K->354081K(565760K), 0.0016779 secs] [Times: user=0.00 sys=0.00, real=0.00 secs] 
1443.174: [GC (Allocation Failure) [PSYoungGen: 67504K->1485K(68096K)] 420129K->354118K(566272K), 0.0018742 secs] [Times: user=0.01 sys=0.00, real=0.00 secs] 
1443.557: [GC (Allocation Failure) [PSYoungGen: 67533K->1392K(67072K)] 420166K->354025K(565248K), 0.0027496 secs] [Times: user=0.00 sys=0.00, real=0.00 secs] 
1444.365: [GC (Allocation Failure) [PSYoungGen: 66928K->1360K(66560K)] 419561K->353993K(564736K), 0.0027658 secs] [Times: user=0.02 sys=0.00, real=0.00 secs] 
1444.989: [GC (Allocation Failure) [PSYoungGen: 66384K->1376K(66048K)] 419017K->354025K(564224K), 0.0032063 secs] [Times: user=0.01 sys=0.00, real=0.00 secs] 
1445.529: [GC (Allocation Failure) [PSYoungGen: 65888K->1344K(65536K)] 418537K->353993K(563712K), 0.0023092 secs] [Times: user=0.01 sys=0.00, real=0.00 secs] 
1446.080: [GC (Allocation Failure) [PSYoungGen: 65344K->1344K(65024K)] 417993K->353993K(563200K), 0.0022263 secs] [Times: user=0.00 sys=0.00, real=0.00 secs] 
1446.316: [GC (Allocation Failure) [PSYoungGen: 64832K->1485K(64512K)] 417481K->354134K(562688K), 0.0017515 secs] [Times: user=0.00 sys=0.00, real=0.00 secs] 
1446.427: [GC (Allocation Failure) [PSYoungGen: 64461K->1424K(64000K)] 417110K->354073K(562176K), 0.0017538 secs] [Times: user=0.00 sys=0.00, real=0.00 secs] 
1446.538: [GC (Allocation Failure) [PSYoungGen: 63888K->1485K(63488K)] 416537K->354142K(561664K), 0.0016730 secs] [Times: user=0.00 sys=0.00, real=0.00 secs] 
1446.647: [GC (Allocation Failure) [PSYoungGen: 63437K->1517K(64000K)] 416094K->354174K(562176K), 0.0016227 secs] [Times: user=0.00 sys=0.00, real=0.00 secs] 
1447.363: [GC (Allocation Failure) [PSYoungGen: 63469K->1440K(62976K)] 416126K->354097K(561152K), 0.0026739 secs] [Times: user=0.00 sys=0.00, real=0.01 secs] 
1447.954: [GC (Allocation Failure) [PSYoungGen: 62880K->1376K(62464K)] 415537K->354033K(560640K), 0.0023782 secs] [Times: user=0.01 sys=0.00, real=0.00 secs] 
1448.479: [GC (Allocation Failure) [PSYoungGen: 62304K->1344K(61952K)] 414961K->354009K(560128K), 0.0020290 secs] [Times: user=0.01 sys=0.00, real=0.00 secs] 
1449.065: [GC (Allocation Failure) [PSYoungGen: 61760K->1344K(61440K)] 414425K->354009K(559616K), 0.0034003 secs] [Times: user=0.01 sys=0.00, real=0.00 secs] 
1449.793: [GC (Allocation Failure) [PSYoungGen: 61240K->1437K(60928K)] 413905K->354102K(559104K), 0.0025858 secs] [Times: user=0.01 sys=0.01, real=0.01 secs] 
1449.959: [GC (Allocation Failure) [PSYoungGen: 60829K->1485K(60416K)] 413494K->354150K(558592K), 0.0016752 secs] [Times: user=0.01 sys=0.00, real=0.00 secs] 
1450.064: [GC (Allocation Failure) [PSYoungGen: 60365K->1488K(59904K)] 413030K->354169K(558080K), 0.0016185 secs] [Times: user=0.01 sys=0.00, real=0.00 secs] 
1450.167: [GC (Allocation Failure) [PSYoungGen: 59856K->1453K(65536K)] 412537K->354134K(563712K), 0.0017214 secs] [Times: user=0.01 sys=0.00, real=0.00 secs] 
1450.297: [GC (Allocation Failure) [PSYoungGen: 65453K->1485K(66048K)] 418134K->354166K(564224K), 0.0018538 secs] [Times: user=0.00 sys=0.00, real=0.00 secs] 
1450.669: [GC (Allocation Failure) [PSYoungGen: 65485K->1440K(66048K)] 418166K->354121K(564224K), 0.0020426 secs] [Times: user=0.01 sys=0.00, real=0.00 secs] 
1450.935: [GC (Allocation Failure) [PSYoungGen: 65440K->1360K(65024K)] 418121K->354041K(563200K), 0.0022368 secs] [Times: user=0.01 sys=0.00, real=0.00 secs] 
1451.200: [GC (Allocation Failure) [PSYoungGen: 64848K->1440K(71680K)] 417529K->354121K(569856K), 0.0033708 secs] [Times: user=0.01 sys=0.00, real=0.01 secs] 
1451.491: [GC (Allocation Failure) [PSYoungGen: 71072K->1344K(70656K)] 423753K->354025K(568832K), 0.0019206 secs] [Times: user=0.01 sys=0.00, real=0.00 secs] 
1451.725: [GC (Allocation Failure) [PSYoungGen: 70464K->1389K(70144K)] 423145K->354070K(568320K), 0.0015928 secs] [Times: user=0.01 sys=0.00, real=0.00 secs] 
1451.845: [GC (Allocation Failure) [PSYoungGen: 69986K->1485K(69632K)] 422667K->354166K(567808K), 0.0017019 secs] [Times: user=0.01 sys=0.00, real=0.00 secs] 
1451.965: [GC (Allocation Failure) [PSYoungGen: 69581K->1456K(70144K)] 422262K->354145K(568320K), 0.0016872 secs] [Times: user=0.01 sys=0.00, real=0.00 secs] 
1452.084: [GC (Allocation Failure) [PSYoungGen: 69552K->1536K(76800K)] 422241K->354225K(574976K), 0.0028737 secs] [Times: user=0.01 sys=0.01, real=0.00 secs] 
1452.414: [GC (Allocation Failure) [PSYoungGen: 76288K->1392K(76800K)] 428977K->354105K(574976K), 0.0014951 secs] [Times: user=0.00 sys=0.00, real=0.00 secs] 
1452.899: [GC (Allocation Failure) [PSYoungGen: 76144K->1392K(83456K)] 428857K->354105K(581632K), 0.0031844 secs] [Times: user=0.01 sys=0.00, real=0.00 secs] 
1453.578: [GC (Allocation Failure) [PSYoungGen: 83312K->1392K(82944K)] 436025K->354105K(581120K), 0.0032226 secs] [Times: user=0.01 sys=0.00, real=0.00 secs] 
1454.452: [GC (Allocation Failure) [PSYoungGen: 82800K->1472K(82432K)] 435513K->354185K(580608K), 0.0025642 secs] [Times: user=0.01 sys=0.00, real=0.01 secs] 
1454.635: [GC (Allocation Failure) [PSYoungGen: 82368K->1485K(81920K)] 435081K->354198K(580096K), 0.0016728 secs] [Times: user=0.01 sys=0.00, real=0.00 secs] 
1454.777: [GC (Allocation Failure) [PSYoungGen: 81869K->1485K(81408K)] 434582K->354198K(579584K), 0.0017204 secs] [Times: user=0.00 sys=0.00, real=0.00 secs] 
1455.163: [GC (Allocation Failure) [PSYoungGen: 81357K->1728K(81408K)] 434070K->354441K(579584K), 0.0021779 secs] [Times: user=0.01 sys=0.00, real=0.00 secs] 
1455.778: [GC (Allocation Failure) [PSYoungGen: 81088K->1408K(80384K)] 433801K->354121K(578560K), 0.0020361 secs] [Times: user=0.01 sys=0.00, real=0.00 secs] 
1456.120: [GC (Allocation Failure) [PSYoungGen: 80256K->1312K(79872K)] 432969K->354025K(578048K), 0.0020199 secs] [Times: user=0.01 sys=0.00, real=0.00 secs] 
1456.452: [GC (Allocation Failure) [PSYoungGen: 79648K->1344K(79360K)] 432361K->354057K(577536K), 0.0018543 secs] [Times: user=0.01 sys=0.00, real=0.01 secs] 
1456.841: [GC (Allocation Failure) [PSYoungGen: 79168K->1453K(78848K)] 431881K->354166K(577024K), 0.0016334 secs] [Times: user=0.00 sys=0.00, real=0.00 secs] 
1456.977: [GC (Allocation Failure) [PSYoungGen: 78765K->1453K(78336K)] 431478K->354166K(576512K), 0.0016003 secs] [Times: user=0.01 sys=0.00, real=0.00 secs] 
1457.134: [GC (Allocation Failure) [PSYoungGen: 78253K->1485K(77824K)] 430966K->354198K(576000K), 0.0019363 secs] [Times: user=0.01 sys=0.00, real=0.00 secs] 
1457.864: [GC (Allocation Failure) [PSYoungGen: 77773K->1424K(77312K)] 430486K->354137K(575488K), 0.0031743 secs] [Times: user=0.01 sys=0.00, real=0.00 secs] 
1458.819: [GC (Allocation Failure) [PSYoungGen: 77200K->1360K(76800K)] 429913K->354073K(574976K), 0.0020765 secs] [Times: user=0.01 sys=0.00, real=0.00 secs] 
1459.142: [GC (Allocation Failure) [PSYoungGen: 76624K->1376K(76288K)] 429337K->354089K(574464K), 0.0019345 secs] [Times: user=0.01 sys=0.00, real=0.01 secs] 
1459.523: [GC (Allocation Failure) [PSYoungGen: 76128K->1376K(75776K)] 428841K->354089K(573952K), 0.0019267 secs] [Times: user=0.01 sys=0.00, real=0.00 secs] 
1460.025: [GC (Allocation Failure) [PSYoungGen: 75616K->1421K(75264K)] 428329K->354134K(573440K), 0.0018707 secs] [Times: user=0.01 sys=0.00, real=0.00 secs] 
1460.158: [GC (Allocation Failure) [PSYoungGen: 75149K->1453K(74752K)] 427862K->354166K(572928K), 0.0017776 secs] [Times: user=0.00 sys=0.00, real=0.00 secs] 
1460.307: [GC (Allocation Failure) [PSYoungGen: 74669K->1485K(74240K)] 427382K->354198K(572416K), 0.0018650 secs] [Times: user=0.01 sys=0.00, real=0.00 secs] 
1460.466: [GC (Allocation Failure) [PSYoungGen: 74189K->1453K(73728K)] 426902K->354166K(571904K), 0.0018408 secs] [Times: user=0.01 sys=0.00, real=0.00 secs] 
1461.391: [GC (Allocation Failure) [PSYoungGen: 73645K->1376K(73216K)] 426358K->354089K(571392K), 0.0024052 secs] [Times: user=0.00 sys=0.00, real=0.01 secs] 
1462.018: [GC (Allocation Failure) [PSYoungGen: 73056K->1360K(72704K)] 425769K->354073K(570880K), 0.0023654 secs] [Times: user=0.01 sys=0.00, real=0.00 secs] 
1462.635: [GC (Allocation Failure) [PSYoungGen: 72528K->1312K(72192K)] 425241K->354025K(570368K), 0.0022188 secs] [Times: user=0.01 sys=0.00, real=0.00 secs] 
1463.335: [GC (Allocation Failure) [PSYoungGen: 71968K->1344K(71680K)] 424681K->354057K(569856K), 0.0027303 secs] [Times: user=0.00 sys=0.00, real=0.00 secs] 
1463.801: [GC (Allocation Failure) [PSYoungGen: 71488K->1453K(71168K)] 424201K->354166K(569344K), 0.0019049 secs] [Times: user=0.01 sys=0.00, real=0.00 secs] 
1463.964: [GC (Allocation Failure) [PSYoungGen: 71085K->1453K(70656K)] 423798K->354166K(568832K), 0.0021445 secs] [Times: user=0.01 sys=0.00, real=0.00 secs] 
1464.121: [GC (Allocation Failure) [PSYoungGen: 70573K->1456K(70144K)] 423286K->354169K(568320K), 0.0016865 secs] [Times: user=0.01 sys=0.00, real=0.00 secs] 
1464.493: [GC (Allocation Failure) [PSYoungGen: 70064K->1440K(69632K)] 422777K->354153K(567808K), 0.0026711 secs] [Times: user=0.01 sys=0.00, real=0.00 secs] 
1464.777: [GC (Allocation Failure) [PSYoungGen: 69536K->1344K(69120K)] 422249K->354081K(567296K), 0.0019574 secs] [Times: user=0.00 sys=0.00, real=0.00 secs] 
1465.058: [GC (Allocation Failure) [PSYoungGen: 68928K->1344K(68608K)] 421665K->354081K(566784K), 0.0020756 secs] [Times: user=0.00 sys=0.00, real=0.00 secs] 
1465.337: [GC (Allocation Failure) [PSYoungGen: 68416K->1344K(68096K)] 421153K->354081K(566272K), 0.0018158 secs] [Times: user=0.01 sys=0.00, real=0.00 secs] 
1466.019: [GC (Allocation Failure) [PSYoungGen: 67904K->1392K(67584K)] 420641K->354129K(565760K), 0.0030394 secs] [Times: user=0.01 sys=0.00, real=0.00 secs] 
1466.224: [GC (Allocation Failure) [PSYoungGen: 67440K->1485K(67072K)] 420177K->354222K(565248K), 0.0018978 secs] [Times: user=0.01 sys=0.00, real=0.00 secs] 
1466.343: [GC (Allocation Failure) [PSYoungGen: 67021K->1453K(66560K)] 419758K->354190K(564736K), 0.0018091 secs] [Times: user=0.01 sys=0.00, real=0.00 secs] 
1466.457: [GC (Allocation Failure) [PSYoungGen: 66477K->1456K(67072K)] 419214K->354193K(565248K), 0.0016289 secs] [Times: user=0.01 sys=0.00, real=0.00 secs] 
1466.670: [GC (Allocation Failure) [PSYoungGen: 66992K->1888K(67072K)] 419729K->354625K(565248K), 0.0019305 secs] [Times: user=0.00 sys=0.00, real=0.00 secs] 
1466.949: [GC (Allocation Failure) [PSYoungGen: 66912K->1344K(66048K)] 419649K->354081K(564224K), 0.0017743 secs] [Times: user=0.01 sys=0.00, real=0.00 secs] 
1467.223: [GC (Allocation Failure) [PSYoungGen: 65856K->1328K(65536K)] 418593K->354065K(563712K), 0.0025012 secs] [Times: user=0.01 sys=0.00, real=0.01 secs] 
1467.484: [GC (Allocation Failure) [PSYoungGen: 65328K->1344K(65024K)] 418065K->354081K(563200K), 0.0020542 secs] [Times: user=0.01 sys=0.00, real=0.00 secs] 
1467.792: [GC (Allocation Failure) [PSYoungGen: 64832K->1344K(64512K)] 417569K->354081K(562688K), 0.0022520 secs] [Times: user=0.01 sys=0.00, real=0.01 secs] 
1468.062: [GC (Allocation Failure) [PSYoungGen: 64320K->1453K(64000K)] 417057K->354190K(562176K), 0.0015445 secs] [Times: user=0.00 sys=0.00, real=0.01 secs] 
1468.172: [GC (Allocation Failure) [PSYoungGen: 63917K->1485K(63488K)] 416654K->354222K(561664K), 0.0016277 secs] [Times: user=0.00 sys=0.00, real=0.01 secs] 
1468.281: [GC (Allocation Failure) [PSYoungGen: 63437K->1488K(64000K)] 416174K->354233K(562176K), 0.0016983 secs] [Times: user=0.01 sys=0.00, real=0.00 secs] 
1468.391: [GC (Allocation Failure) [PSYoungGen: 63952K->1485K(64512K)] 416697K->354230K(562688K), 0.0016311 secs] [Times: user=0.01 sys=0.00, real=0.00 secs] 
1468.689: [GC (Allocation Failure) [PSYoungGen: 63949K->1408K(70144K)] 416694K->354153K(568320K), 0.0019621 secs] [Times: user=0.01 sys=0.01, real=0.00 secs] 
1468.974: [GC (Allocation Failure) [PSYoungGen: 70016K->1344K(69632K)] 422761K->354089K(567808K), 0.0019124 secs] [Times: user=0.01 sys=0.00, real=0.00 secs] 
1469.257: [GC (Allocation Failure) [PSYoungGen: 69440K->1344K(69120K)] 422185K->354089K(567296K), 0.0020185 secs] [Times: user=0.01 sys=0.00, real=0.00 secs] 
1469.539: [GC (Allocation Failure) [PSYoungGen: 68928K->1344K(68608K)] 421673K->354089K(566784K), 0.0019351 secs] [Times: user=0.01 sys=0.00, real=0.00 secs] 
1469.848: [GC (Allocation Failure) [PSYoungGen: 68416K->1437K(68096K)] 421161K->354182K(566272K), 0.0015309 secs] [Times: user=0.00 sys=0.00, real=0.00 secs] 
1469.965: [GC (Allocation Failure) [PSYoungGen: 67997K->1453K(67584K)] 420742K->354198K(565760K), 0.0017102 secs] [Times: user=0.01 sys=0.00, real=0.00 secs] 
1470.082: [GC (Allocation Failure) [PSYoungGen: 67501K->1453K(68096K)] 420246K->354206K(566272K), 0.0015944 secs] [Times: user=0.00 sys=0.00, real=0.01 secs] 
1470.199: [GC (Allocation Failure) [PSYoungGen: 67501K->1488K(68096K)] 420254K->354241K(566272K), 0.0017517 secs] [Times: user=0.01 sys=0.00, real=0.00 secs] 
1470.738: [GC (Allocation Failure) [PSYoungGen: 67536K->1440K(67072K)] 420289K->354193K(565248K), 0.0025541 secs] [Times: user=0.01 sys=0.00, real=0.00 secs] 
1471.377: [GC (Allocation Failure) [PSYoungGen: 66976K->1456K(66560K)] 419729K->354209K(564736K), 0.0046846 secs] [Times: user=0.02 sys=0.00, real=0.00 secs] 
1472.081: [GC (Allocation Failure) [PSYoungGen: 66480K->1344K(66048K)] 419233K->354097K(564224K), 0.0029837 secs] [Times: user=0.01 sys=0.00, real=0.01 secs] 
1472.977: [GC (Allocation Failure) [PSYoungGen: 65856K->1376K(65536K)] 418609K->354129K(563712K), 0.0063450 secs] [Times: user=0.02 sys=0.00, real=0.00 secs] 
1473.912: [GC (Allocation Failure) [PSYoungGen: 65376K->1392K(65024K)] 418129K->354145K(563200K), 0.0026943 secs] [Times: user=0.01 sys=0.00, real=0.01 secs] 
1474.095: [GC (Allocation Failure) [PSYoungGen: 64880K->1485K(64512K)] 417633K->354238K(562688K), 0.0017921 secs] [Times: user=0.00 sys=0.00, real=0.00 secs] 
1474.222: [GC (Allocation Failure) [PSYoungGen: 64461K->1421K(64000K)] 417214K->354190K(562176K), 0.0017108 secs] [Times: user=0.01 sys=0.00, real=0.01 secs] 
1474.366: [GC (Allocation Failure) [PSYoungGen: 63885K->1453K(70144K)] 416654K->354230K(568320K), 0.0021135 secs] [Times: user=0.00 sys=0.00, real=0.00 secs] 
1474.884: [GC (Allocation Failure) [PSYoungGen: 70061K->1440K(69632K)] 422838K->354217K(567808K), 0.0021859 secs] [Times: user=0.01 sys=0.00, real=0.00 secs] 
1475.842: [GC (Allocation Failure) [PSYoungGen: 69536K->1344K(69120K)] 422313K->354121K(567296K), 0.0036634 secs] [Times: user=0.01 sys=0.00, real=0.01 secs] 
1477.048: [GC (Allocation Failure) [PSYoungGen: 68928K->1344K(68608K)] 421705K->354121K(566784K), 0.0036079 secs] [Times: user=0.01 sys=0.00, real=0.00 secs] 
1478.169: [GC (Allocation Failure) [PSYoungGen: 68416K->1344K(68096K)] 421193K->354121K(566272K), 0.0035260 secs] [Times: user=0.01 sys=0.00, real=0.00 secs] 
1478.973: [GC (Allocation Failure) [PSYoungGen: 67904K->1344K(67584K)] 420681K->354121K(565760K), 0.0025525 secs] [Times: user=0.01 sys=0.00, real=0.01 secs] 
1479.157: [GC (Allocation Failure) [PSYoungGen: 67392K->1488K(67072K)] 420169K->354265K(565248K), 0.0018526 secs] [Times: user=0.01 sys=0.00, real=0.00 secs] 
1479.274: [GC (Allocation Failure) [PSYoungGen: 67024K->1421K(66560K)] 419801K->354198K(564736K), 0.0017497 secs] [Times: user=0.01 sys=0.00, real=0.00 secs] 
1479.390: [GC (Allocation Failure) [PSYoungGen: 66445K->1485K(66048K)] 419222K->354270K(564224K), 0.0016216 secs] [Times: user=0.01 sys=0.00, real=0.00 secs] 
1479.505: [GC (Allocation Failure) [PSYoungGen: 65997K->1440K(66560K)] 418782K->354225K(564736K), 0.0015553 secs] [Times: user=0.00 sys=0.00, real=0.00 secs] 
1482.220: [GC (Allocation Failure) [PSYoungGen: 65952K->1328K(65536K)] 418737K->354113K(563712K), 0.0021011 secs] [Times: user=0.01 sys=0.00, real=0.00 secs] 
1482.486: [GC (Allocation Failure) [PSYoungGen: 65328K->1376K(65024K)] 418113K->354161K(563200K), 0.0021299 secs] [Times: user=0.01 sys=0.00, real=0.00 secs] 
1483.056: [GC (Allocation Failure) [PSYoungGen: 64864K->1376K(64512K)] 417649K->354161K(562688K), 0.0021056 secs] [Times: user=0.01 sys=0.01, real=0.00 secs] 
1483.642: [GC (Allocation Failure) [PSYoungGen: 64352K->1344K(64000K)] 417137K->354129K(562176K), 0.0019910 secs] [Times: user=0.01 sys=0.00, real=0.01 secs] 
1484.666: [GC (Allocation Failure) [PSYoungGen: 63808K->1453K(63488K)] 416593K->354238K(561664K), 0.0021144 secs] [Times: user=0.01 sys=0.00, real=0.00 secs] 
1484.826: [GC (Allocation Failure) [PSYoungGen: 63405K->1453K(62976K)] 416190K->354238K(561152K), 0.0021854 secs] [Times: user=0.01 sys=0.00, real=0.00 secs] 
1484.974: [GC (Allocation Failure) [PSYoungGen: 62893K->1421K(62464K)] 415678K->354214K(560640K), 0.0015828 secs] [Times: user=0.01 sys=0.00, real=0.00 secs] 
1485.097: [GC (Allocation Failure) [PSYoungGen: 62349K->1453K(61952K)] 415142K->354246K(560128K), 0.0019016 secs] [Times: user=0.00 sys=0.00, real=0.00 secs] 
1485.841: [GC (Allocation Failure) [PSYoungGen: 61869K->1392K(61440K)] 414662K->354185K(559616K), 0.0041120 secs] [Times: user=0.02 sys=0.00, real=0.01 secs] 
1486.950: [GC (Allocation Failure) [PSYoungGen: 61296K->1344K(60928K)] 414089K->354137K(559104K), 0.0036037 secs] [Times: user=0.01 sys=0.00, real=0.01 secs] 
1487.580: [GC (Allocation Failure) [PSYoungGen: 60736K->1328K(60416K)] 413529K->354129K(558592K), 0.0020745 secs] [Times: user=0.01 sys=0.00, real=0.00 secs] 
1488.163: [GC (Allocation Failure) [PSYoungGen: 60208K->320K(58880K)] 413009K->354145K(557056K), 0.0020945 secs] [Times: user=0.01 sys=0.00, real=0.01 secs] 
1488.698: [GC (Allocation Failure) [PSYoungGen: 58688K->320K(59904K)] 412513K->354145K(558080K), 0.0021918 secs] [Times: user=0.01 sys=0.00, real=0.00 secs] 
1489.028: [GC (Allocation Failure) [PSYoungGen: 58176K->1485K(59392K)] 412001K->355310K(557568K), 0.0019032 secs] [Times: user=0.01 sys=0.00, real=0.00 secs] 
1489.132: [GC (Allocation Failure) [PSYoungGen: 59341K->1453K(59904K)] 413166K->355286K(558080K), 0.0016621 secs] [Times: user=0.01 sys=0.00, real=0.01 secs] 
1489.234: [GC (Allocation Failure) [PSYoungGen: 59309K->1485K(59904K)] 413142K->355318K(558080K), 0.0015410 secs] [Times: user=0.01 sys=0.00, real=0.00 secs] 
1489.336: [GC (Allocation Failure) [PSYoungGen: 59341K->1424K(59904K)] 413174K->355257K(558080K), 0.0016799 secs] [Times: user=0.01 sys=0.00, real=0.00 secs] 
1489.670: [GC (Allocation Failure) [PSYoungGen: 59280K->1968K(65536K)] 413113K->355801K(563712K), 0.0020238 secs] [Times: user=0.01 sys=0.00, real=0.00 secs] 
1490.285: [GC (Allocation Failure) [PSYoungGen: 65456K->1376K(64512K)] 419289K->355209K(562688K), 0.0031454 secs] [Times: user=0.01 sys=0.00, real=0.00 secs] 
1490.554: [GC (Allocation Failure) [PSYoungGen: 64352K->1344K(64000K)] 418185K->355177K(562176K), 0.0027200 secs] [Times: user=0.01 sys=0.00, real=0.00 secs] 
1490.937: [GC (Allocation Failure) [PSYoungGen: 63808K->1360K(63488K)] 417641K->355193K(561664K), 0.0021588 secs] [Times: user=0.01 sys=0.00, real=0.00 secs] 
1491.421: [GC (Allocation Failure) [PSYoungGen: 63312K->1360K(62976K)] 417145K->355193K(561152K), 0.0022102 secs] [Times: user=0.01 sys=0.00, real=0.00 secs] 
1491.841: [GC (Allocation Failure) [PSYoungGen: 62800K->1421K(62464K)] 416633K->355254K(560640K), 0.0019047 secs] [Times: user=0.01 sys=0.00, real=0.00 secs] 
1491.958: [GC (Allocation Failure) [PSYoungGen: 62349K->1424K(61952K)] 416182K->355265K(560128K), 0.0017918 secs] [Times: user=0.01 sys=0.00, real=0.00 secs] 
1492.064: [GC (Allocation Failure) [PSYoungGen: 61840K->1456K(62464K)] 415681K->355297K(560640K), 0.0017166 secs] [Times: user=0.00 sys=0.00, real=0.00 secs] 
1492.171: [GC (Allocation Failure) [PSYoungGen: 61872K->1533K(68608K)] 415713K->355374K(566784K), 0.0016271 secs] [Times: user=0.01 sys=0.00, real=0.00 secs] 
1492.491: [GC (Allocation Failure) [PSYoungGen: 68093K->1408K(68608K)] 421934K->355249K(566784K), 0.0020619 secs] [Times: user=0.01 sys=0.00, real=0.01 secs] 
1492.768: [GC (Allocation Failure) [PSYoungGen: 67968K->1360K(67584K)] 421809K->355217K(565760K), 0.0021703 secs] [Times: user=0.01 sys=0.00, real=0.00 secs] 
1493.043: [GC (Allocation Failure) [PSYoungGen: 67408K->1392K(67072K)] 421265K->355249K(565248K), 0.0025195 secs] [Times: user=0.01 sys=0.00, real=0.01 secs] 
1493.317: [GC (Allocation Failure) [PSYoungGen: 66928K->1344K(66560K)] 420785K->355201K(564736K), 0.0018297 secs] [Times: user=0.00 sys=0.00, real=0.00 secs] 
1493.834: [GC (Allocation Failure) [PSYoungGen: 66368K->1453K(66048K)] 420225K->355310K(564224K), 0.0021621 secs] [Times: user=0.01 sys=0.00, real=0.00 secs] 
1494.000: [GC (Allocation Failure) [PSYoungGen: 65965K->1421K(65536K)] 419822K->355278K(563712K), 0.0019736 secs] [Times: user=0.00 sys=0.00, real=0.00 secs] 
1494.153: [GC (Allocation Failure) [PSYoungGen: 65403K->1517K(65024K)] 419260K->355390K(563200K), 0.0016047 secs] [Times: user=0.00 sys=0.00, real=0.01 secs] 
1494.288: [GC (Allocation Failure) [PSYoungGen: 65005K->1485K(71168K)] 418878K->355358K(569344K), 0.0019459 secs] [Times: user=0.01 sys=0.00, real=0.00 secs] 
1494.654: [GC (Allocation Failure) [PSYoungGen: 71117K->1408K(70656K)] 424990K->355281K(568832K), 0.0023254 secs] [Times: user=0.01 sys=0.00, real=0.00 secs] 
1495.291: [GC (Allocation Failure) [PSYoungGen: 70528K->1344K(70144K)] 424401K->355217K(568320K), 0.0021876 secs] [Times: user=0.01 sys=0.00, real=0.00 secs] 
1495.982: [GC (Allocation Failure) [PSYoungGen: 69952K->1344K(69632K)] 423825K->355217K(567808K), 0.0021426 secs] [Times: user=0.01 sys=0.00, real=0.01 secs] 
1496.733: [GC (Allocation Failure) [PSYoungGen: 69440K->1344K(69120K)] 423313K->355217K(567296K), 0.0034180 secs] [Times: user=0.01 sys=0.00, real=0.01 secs] 
1497.354: [GC (Allocation Failure) [PSYoungGen: 68928K->1424K(68608K)] 422801K->355297K(566784K), 0.0021937 secs] [Times: user=0.01 sys=0.00, real=0.00 secs] 
1497.514: [GC (Allocation Failure) [PSYoungGen: 68496K->1456K(68096K)] 422369K->355329K(566272K), 0.0017843 secs] [Times: user=0.00 sys=0.00, real=0.00 secs] 
1497.631: [GC (Allocation Failure) [PSYoungGen: 68016K->1389K(67584K)] 421889K->355262K(565760K), 0.0017380 secs] [Times: user=0.00 sys=0.00, real=0.00 secs] 
1497.747: [GC (Allocation Failure) [PSYoungGen: 67437K->1488K(67072K)] 421310K->355369K(565248K), 0.0016725 secs] [Times: user=0.01 sys=0.00, real=0.00 secs] 
1498.217: [GC (Allocation Failure) [PSYoungGen: 67024K->1456K(66560K)] 420905K->355337K(564736K), 0.0024287 secs] [Times: user=0.01 sys=0.00, real=0.00 secs] 
1498.819: [GC (Allocation Failure) [PSYoungGen: 66480K->1312K(66048K)] 420361K->355193K(564224K), 0.0025006 secs] [Times: user=0.01 sys=0.00, real=0.00 secs] 
1499.443: [GC (Allocation Failure) [PSYoungGen: 65824K->1376K(65536K)] 419705K->355257K(563712K), 0.0024082 secs] [Times: user=0.01 sys=0.00, real=0.01 secs] 
1500.130: [GC (Allocation Failure) [PSYoungGen: 65376K->1376K(65024K)] 419257K->355257K(563200K), 0.0023628 secs] [Times: user=0.01 sys=0.00, real=0.00 secs] 
1500.836: [GC (Allocation Failure) [PSYoungGen: 64864K->1344K(64512K)] 418745K->355225K(562688K), 0.0024768 secs] [Times: user=0.01 sys=0.00, real=0.00 secs] 
1501.115: [GC (Allocation Failure) [PSYoungGen: 64320K->1456K(64000K)] 418201K->355337K(562176K), 0.0017626 secs] [Times: user=0.00 sys=0.00, real=0.00 secs] 
1501.227: [GC (Allocation Failure) [PSYoungGen: 63920K->1485K(63488K)] 417801K->355366K(561664K), 0.0016435 secs] [Times: user=0.00 sys=0.00, real=0.00 secs] 
1501.337: [GC (Allocation Failure) [PSYoungGen: 63437K->1485K(62976K)] 417318K->355374K(561152K), 0.0017319 secs] [Times: user=0.00 sys=0.00, real=0.00 secs] 
1501.446: [GC (Allocation Failure) [PSYoungGen: 62925K->1485K(63488K)] 416814K->355374K(561664K), 0.0016545 secs] [Times: user=0.01 sys=0.00, real=0.00 secs] 
1502.146: [GC (Allocation Failure) [PSYoungGen: 62925K->1360K(62464K)] 416814K->355249K(560640K), 0.0022822 secs] [Times: user=0.01 sys=0.00, real=0.00 secs] 
1502.625: [GC (Allocation Failure) [PSYoungGen: 62288K->1440K(61952K)] 416177K->355329K(560128K), 0.0030327 secs] [Times: user=0.01 sys=0.00, real=0.00 secs] 
1502.877: [GC (Allocation Failure) [PSYoungGen: 61856K->1376K(61440K)] 415745K->355265K(559616K), 0.0019548 secs] [Times: user=0.01 sys=0.00, real=0.00 secs] 
1503.167: [GC (Allocation Failure) [PSYoungGen: 61280K->1344K(60928K)] 415169K->355233K(559104K), 0.0020425 secs] [Times: user=0.01 sys=0.00, real=0.00 secs] 
1503.594: [GC (Allocation Failure) [PSYoungGen: 60736K->1424K(60416K)] 414625K->355313K(558592K), 0.0019291 secs] [Times: user=0.01 sys=0.00, real=0.00 secs] 
1503.716: [GC (Allocation Failure) [PSYoungGen: 60304K->1456K(59904K)] 414193K->355345K(558080K), 0.0016335 secs] [Times: user=0.01 sys=0.00, real=0.00 secs] 
1503.819: [GC (Allocation Failure) [PSYoungGen: 59824K->1421K(65536K)] 413713K->355318K(563712K), 0.0015708 secs] [Times: user=0.01 sys=0.00, real=0.00 secs] 
1503.932: [GC (Allocation Failure) [PSYoungGen: 65421K->1456K(66048K)] 419318K->355377K(564224K), 0.0015913 secs] [Times: user=0.01 sys=0.00, real=0.01 secs] 
1504.045: [GC (Allocation Failure) [PSYoungGen: 65456K->1472K(72192K)] 419377K->355393K(570368K), 0.0015355 secs] [Times: user=0.01 sys=0.00, real=0.00 secs] 
1504.786: [GC (Allocation Failure) [PSYoungGen: 71616K->1456K(71168K)] 425537K->355377K(569344K), 0.0023158 secs] [Times: user=0.01 sys=0.00, real=0.00 secs] 
1505.447: [GC (Allocation Failure) [PSYoungGen: 71088K->1392K(70656K)] 425009K->355313K(568832K), 0.0023562 secs] [Times: user=0.01 sys=0.00, real=0.00 secs] 
1505.877: [GC (Allocation Failure) [PSYoungGen: 70512K->1344K(70144K)] 424433K->355265K(568320K), 0.0019845 secs] [Times: user=0.00 sys=0.01, real=0.00 secs] 
1506.191: [GC (Allocation Failure) [PSYoungGen: 69952K->1344K(69632K)] 423873K->355265K(567808K), 0.0019510 secs] [Times: user=0.01 sys=0.00, real=0.00 secs] 
1506.414: [GC (Allocation Failure) [PSYoungGen: 69440K->1453K(69120K)] 423361K->355374K(567296K), 0.0017257 secs] [Times: user=0.01 sys=0.00, real=0.00 secs] 
1506.553: [GC (Allocation Failure) [PSYoungGen: 69037K->1485K(68608K)] 422958K->355406K(566784K), 0.0018979 secs] [Times: user=0.01 sys=0.00, real=0.01 secs] 
1506.705: [GC (Allocation Failure) [PSYoungGen: 68557K->1389K(68096K)] 422478K->355318K(566272K), 0.0021469 secs] [Times: user=0.01 sys=0.00, real=0.00 secs] 
1506.870: [GC (Allocation Failure) [PSYoungGen: 67949K->1488K(67584K)] 421878K->355417K(565760K), 0.0016369 secs] [Times: user=0.00 sys=0.00, real=0.00 secs] 
1507.583: [GC (Allocation Failure) [PSYoungGen: 67536K->1392K(67072K)] 421465K->355321K(565248K), 0.0026409 secs] [Times: user=0.01 sys=0.00, real=0.01 secs] 
1508.245: [GC (Allocation Failure) [PSYoungGen: 66928K->1344K(66560K)] 420857K->355273K(564736K), 0.0025279 secs] [Times: user=0.01 sys=0.00, real=0.00 secs] 
1508.555: [GC (Allocation Failure) [PSYoungGen: 66368K->1344K(66048K)] 420297K->355273K(564224K), 0.0019513 secs] [Times: user=0.01 sys=0.00, real=0.00 secs] 
1508.876: [GC (Allocation Failure) [PSYoungGen: 65856K->1344K(65536K)] 419785K->355273K(563712K), 0.0019414 secs] [Times: user=0.00 sys=0.00, real=0.00 secs] 
1509.144: [GC (Allocation Failure) [PSYoungGen: 65344K->1437K(65024K)] 419273K->355366K(563200K), 0.0016506 secs] [Times: user=0.01 sys=0.00, real=0.00 secs] 
1509.256: [GC (Allocation Failure) [PSYoungGen: 64925K->1456K(64512K)] 418854K->355385K(562688K), 0.0016901 secs] [Times: user=0.00 sys=0.00, real=0.00 secs] 
1509.367: [GC (Allocation Failure) [PSYoungGen: 64432K->1453K(65024K)] 418361K->355382K(563200K), 0.0016877 secs] [Times: user=0.00 sys=0.00, real=0.00 secs] 
1509.495: [GC (Allocation Failure) [PSYoungGen: 64429K->1549K(71168K)] 418358K->355486K(569344K), 0.0017723 secs] [Times: user=0.00 sys=0.00, real=0.00 secs] 
1510.268: [GC (Allocation Failure) [PSYoungGen: 70669K->1440K(70144K)] 424606K->355377K(568320K), 0.0030479 secs] [Times: user=0.01 sys=0.00, real=0.00 secs] 
1511.113: [GC (Allocation Failure) [PSYoungGen: 70048K->1344K(69632K)] 423985K->355281K(567808K), 0.0035344 secs] [Times: user=0.01 sys=0.00, real=0.00 secs] 
1512.136: [GC (Allocation Failure) [PSYoungGen: 69440K->1344K(69120K)] 423377K->355281K(567296K), 0.0039331 secs] [Times: user=0.02 sys=0.00, real=0.00 secs] 
1513.055: [GC (Allocation Failure) [PSYoungGen: 68928K->1344K(68608K)] 422865K->355281K(566784K), 0.0025802 secs] [Times: user=0.01 sys=0.00, real=0.00 secs] 
1514.238: [GC (Allocation Failure) [PSYoungGen: 68416K->1437K(68096K)] 422353K->355374K(566272K), 0.0026148 secs] [Times: user=0.00 sys=0.01, real=0.00 secs] 
1514.450: [GC (Allocation Failure) [PSYoungGen: 67997K->1453K(67584K)] 421934K->355390K(565760K), 0.0022771 secs] [Times: user=0.01 sys=0.00, real=0.00 secs] 
1514.594: [GC (Allocation Failure) [PSYoungGen: 67501K->1453K(67072K)] 421438K->355390K(565248K), 0.0016972 secs] [Times: user=0.00 sys=0.00, real=0.00 secs] 
1514.708: [GC (Allocation Failure) [PSYoungGen: 66960K->1453K(66560K)] 420898K->355406K(564736K), 0.0017233 secs] [Times: user=0.00 sys=0.00, real=0.00 secs] 
1515.408: [GC (Allocation Failure) [PSYoungGen: 66477K->1408K(66048K)] 420430K->355361K(564224K), 0.0035855 secs] [Times: user=0.01 sys=0.01, real=0.00 secs] 
1515.909: [GC (Allocation Failure) [PSYoungGen: 65920K->1344K(65536K)] 419873K->355321K(563712K), 0.0023165 secs] [Times: user=0.00 sys=0.00, real=0.00 secs] 
1516.619: [GC (Allocation Failure) [PSYoungGen: 65344K->1312K(65024K)] 419321K->355289K(563200K), 0.0024164 secs] [Times: user=0.01 sys=0.00, real=0.00 secs] 
1517.233: [GC (Allocation Failure) [PSYoungGen: 64800K->1344K(64512K)] 418777K->355321K(562688K), 0.0024718 secs] [Times: user=0.01 sys=0.00, real=0.01 secs] 
1517.847: [GC (Allocation Failure) [PSYoungGen: 64296K->1437K(64000K)] 418274K->355414K(562176K), 0.0025302 secs] [Times: user=0.01 sys=0.00, real=0.00 secs] 
1518.011: [GC (Allocation Failure) [PSYoungGen: 63901K->1488K(63488K)] 417878K->355465K(561664K), 0.0016937 secs] [Times: user=0.01 sys=0.00, real=0.00 secs] 
1518.119: [GC (Allocation Failure) [PSYoungGen: 63440K->1456K(62976K)] 417417K->355433K(561152K), 0.0017373 secs] [Times: user=0.01 sys=0.00, real=0.00 secs] 
1518.227: [GC (Allocation Failure) [PSYoungGen: 62896K->1517K(63488K)] 416873K->355502K(561664K), 0.0016391 secs] [Times: user=0.00 sys=0.00, real=0.00 secs] 
1518.335: [GC (Allocation Failure) [PSYoungGen: 62957K->1453K(63488K)] 416942K->355438K(561664K), 0.0016068 secs] [Times: user=0.01 sys=0.00, real=0.00 secs] 
1518.721: [GC (Allocation Failure) [PSYoungGen: 62893K->1440K(62464K)] 416878K->355425K(560640K), 0.0019439 secs] [Times: user=0.01 sys=0.00, real=0.00 secs] 
1518.974: [GC (Allocation Failure) [PSYoungGen: 62368K->1376K(61952K)] 416353K->355361K(560128K), 0.0019497 secs] [Times: user=0.00 sys=0.00, real=0.00 secs] 
1519.226: [GC (Allocation Failure) [PSYoungGen: 61792K->1376K(61440K)] 415777K->355361K(559616K), 0.0018735 secs] [Times: user=0.00 sys=0.00, real=0.00 secs] 
1519.479: [GC (Allocation Failure) [PSYoungGen: 61280K->1344K(60928K)] 415265K->355329K(559104K), 0.0028809 secs] [Times: user=0.01 sys=0.00, real=0.00 secs] 
1519.767: [GC (Allocation Failure) [PSYoungGen: 60736K->1424K(60416K)] 414721K->355409K(558592K), 0.0024800 secs] [Times: user=0.01 sys=0.00, real=0.00 secs] 
1519.942: [GC (Allocation Failure) [PSYoungGen: 60304K->1488K(59904K)] 414289K->355473K(558080K), 0.0020226 secs] [Times: user=0.00 sys=0.01, real=0.01 secs] 
1520.048: [GC (Allocation Failure) [PSYoungGen: 59856K->1485K(65536K)] 413841K->355478K(563712K), 0.0016126 secs] [Times: user=0.01 sys=0.00, real=0.00 secs] 
1520.162: [GC (Allocation Failure) [PSYoungGen: 65485K->1421K(66048K)] 419478K->355414K(564224K), 0.0016803 secs] [Times: user=0.01 sys=0.00, real=0.01 secs] 
1520.370: [GC (Allocation Failure) [PSYoungGen: 65122K->1696K(72192K)] 419116K->355689K(570368K), 0.0018655 secs] [Times: user=0.01 sys=0.00, real=0.00 secs] 
1520.674: [GC (Allocation Failure) [PSYoungGen: 71840K->1344K(72704K)] 425833K->355337K(570880K), 0.0019838 secs] [Times: user=0.00 sys=0.00, real=0.00 secs] 
1520.968: [GC (Allocation Failure) [PSYoungGen: 72000K->1344K(71680K)] 425993K->355337K(569856K), 0.0020977 secs] [Times: user=0.00 sys=0.00, real=0.00 secs] 
1521.436: [GC (Allocation Failure) [PSYoungGen: 71488K->1376K(71168K)] 425481K->355369K(569344K), 0.0019277 secs] [Times: user=0.00 sys=0.01, real=0.00 secs] 
1521.880: [GC (Allocation Failure) [PSYoungGen: 71008K->1485K(70656K)] 425001K->355478K(568832K), 0.0018253 secs] [Times: user=0.01 sys=0.00, real=0.00 secs] 
1522.013: [GC (Allocation Failure) [PSYoungGen: 70605K->1565K(70656K)] 424598K->355558K(568832K), 0.0014971 secs] [Times: user=0.00 sys=0.00, real=0.01 secs] 
1522.134: [GC (Allocation Failure) [PSYoungGen: 70173K->528K(69120K)] 424166K->355545K(567296K), 0.0014196 secs] [Times: user=0.00 sys=0.00, real=0.00 secs] 
1522.254: [GC (Allocation Failure) [PSYoungGen: 68624K->429K(68096K)] 423641K->355470K(566272K), 0.0015661 secs] [Times: user=0.00 sys=0.00, real=0.00 secs] 
1522.607: [GC (Allocation Failure) [PSYoungGen: 68013K->1424K(68608K)] 423054K->356465K(566784K), 0.0019728 secs] [Times: user=0.01 sys=0.00, real=0.00 secs] 
1523.122: [GC (Allocation Failure) [PSYoungGen: 68496K->1344K(68096K)] 423537K->356385K(566272K), 0.0019771 secs] [Times: user=0.00 sys=0.00, real=0.01 secs] 
1523.650: [GC (Allocation Failure) [PSYoungGen: 67904K->1360K(67584K)] 422945K->356401K(565760K), 0.0032967 secs] [Times: user=0.01 sys=0.00, real=0.00 secs] 
1524.213: [GC (Allocation Failure) [PSYoungGen: 67408K->1344K(67072K)] 422449K->356385K(565248K), 0.0027282 secs] [Times: user=0.01 sys=0.00, real=0.00 secs] 
1524.803: [GC (Allocation Failure) [PSYoungGen: 66880K->1456K(66560K)] 421921K->356497K(564736K), 0.0028403 secs] [Times: user=0.01 sys=0.00, real=0.01 secs] 
1525.002: [GC (Allocation Failure) [PSYoungGen: 66480K->1517K(66048K)] 421521K->356558K(564224K), 0.0019955 secs] [Times: user=0.00 sys=0.00, real=0.01 secs] 
1525.119: [GC (Allocation Failure) [PSYoungGen: 66029K->1456K(65536K)] 421070K->356497K(563712K), 0.0017287 secs] [Times: user=0.00 sys=0.00, real=0.00 secs] 
1525.232: [GC (Allocation Failure) [PSYoungGen: 65456K->1421K(72192K)] 420497K->356470K(570368K), 0.0015529 secs] [Times: user=0.01 sys=0.00, real=0.01 secs] 
1526.172: [GC (Allocation Failure) [PSYoungGen: 71565K->1440K(71168K)] 426614K->356489K(569344K), 0.0022878 secs] [Times: user=0.01 sys=0.00, real=0.01 secs] 
1527.098: [GC (Allocation Failure) [PSYoungGen: 71072K->1312K(70656K)] 426121K->356361K(568832K), 0.0023083 secs] [Times: user=0.00 sys=0.01, real=0.00 secs] 
1527.903: [GC (Allocation Failure) [PSYoungGen: 70432K->1344K(70144K)] 425481K->356393K(568320K), 0.0028444 secs] [Times: user=0.01 sys=0.00, real=0.00 secs] 
1528.565: [GC (Allocation Failure) [PSYoungGen: 69952K->1344K(69632K)] 425001K->356393K(567808K), 0.0022746 secs] [Times: user=0.01 sys=0.00, real=0.00 secs] 
1529.416: [GC (Allocation Failure) [PSYoungGen: 69440K->1424K(69120K)] 424489K->356473K(567296K), 0.0028132 secs] [Times: user=0.01 sys=0.00, real=0.00 secs] 
1529.595: [GC (Allocation Failure) [PSYoungGen: 69008K->1421K(68608K)] 424057K->356470K(566784K), 0.0017308 secs] [Times: user=0.00 sys=0.00, real=0.00 secs] 
1529.713: [GC (Allocation Failure) [PSYoungGen: 68493K->1421K(68096K)] 423542K->356470K(566272K), 0.0016374 secs] [Times: user=0.01 sys=0.00, real=0.00 secs] 
1529.830: [GC (Allocation Failure) [PSYoungGen: 67981K->1453K(67584K)] 423030K->356518K(565760K), 0.0016433 secs] [Times: user=0.00 sys=0.00, real=0.00 secs] 
1530.476: [GC (Allocation Failure) [PSYoungGen: 67501K->1440K(67072K)] 422566K->356505K(565248K), 0.0019098 secs] [Times: user=0.01 sys=0.00, real=0.00 secs] 
1531.489: [GC (Allocation Failure) [PSYoungGen: 66976K->1344K(66560K)] 422041K->356409K(564736K), 0.0022411 secs] [Times: user=0.01 sys=0.00, real=0.00 secs] 
1532.073: [GC (Allocation Failure) [PSYoungGen: 66368K->1344K(66048K)] 421433K->356409K(564224K), 0.0022601 secs] [Times: user=0.01 sys=0.00, real=0.01 secs] 
1533.046: [GC (Allocation Failure) [PSYoungGen: 65856K->1376K(65536K)] 420921K->356441K(563712K), 0.0023796 secs] [Times: user=0.01 sys=0.00, real=0.00 secs] 
1533.811: [GC (Allocation Failure) [PSYoungGen: 65376K->1344K(65024K)] 420441K->356409K(563200K), 0.0042721 secs] [Times: user=0.01 sys=0.01, real=0.01 secs] 
1534.213: [GC (Allocation Failure) [PSYoungGen: 64832K->1421K(64512K)] 419897K->356486K(562688K), 0.0021409 secs] [Times: user=0.01 sys=0.00, real=0.00 secs] 
1534.341: [GC (Allocation Failure) [PSYoungGen: 64366K->1453K(64000K)] 419431K->356518K(562176K), 0.0016608 secs] [Times: user=0.01 sys=0.00, real=0.00 secs] 
1534.452: [GC (Allocation Failure) [PSYoungGen: 63917K->1456K(63488K)] 418982K->356529K(561664K), 0.0017135 secs] [Times: user=0.01 sys=0.00, real=0.01 secs] 
1534.561: [GC (Allocation Failure) [PSYoungGen: 63408K->1488K(64000K)] 418481K->356561K(562176K), 0.0017338 secs] [Times: user=0.00 sys=0.00, real=0.00 secs] 
1535.472: [GC (Allocation Failure) [PSYoungGen: 63440K->1392K(62976K)] 418513K->356465K(561152K), 0.0025552 secs] [Times: user=0.01 sys=0.00, real=0.01 secs] 
1536.387: [GC (Allocation Failure) [PSYoungGen: 62832K->1360K(62464K)] 417905K->356441K(560640K), 0.0028223 secs] [Times: user=0.01 sys=0.01, real=0.00 secs] 
1537.147: [GC (Allocation Failure) [PSYoungGen: 62288K->1312K(61952K)] 417369K->356393K(560128K), 0.0027185 secs] [Times: user=0.01 sys=0.00, real=0.00 secs] 
1537.646: [GC (Allocation Failure) [PSYoungGen: 61728K->1344K(61440K)] 416809K->356425K(559616K), 0.0022343 secs] [Times: user=0.01 sys=0.00, real=0.00 secs] 
1538.258: [GC (Allocation Failure) [PSYoungGen: 61248K->1360K(60928K)] 416329K->356441K(559104K), 0.0027643 secs] [Times: user=0.01 sys=0.00, real=0.00 secs] 
1538.459: [GC (Allocation Failure) [PSYoungGen: 60752K->1421K(60416K)] 415833K->356502K(558592K), 0.0022634 secs] [Times: user=0.01 sys=0.00, real=0.00 secs] 
1538.626: [GC (Allocation Failure) [PSYoungGen: 60301K->1421K(59904K)] 415382K->356510K(558080K), 0.0022021 secs] [Times: user=0.01 sys=0.00, real=0.00 secs] 
1538.806: [GC (Allocation Failure) [PSYoungGen: 59789K->1421K(59392K)] 414878K->356510K(557568K), 0.0023253 secs] [Times: user=0.00 sys=0.00, real=0.00 secs] 
1538.979: [GC (Allocation Failure) [PSYoungGen: 59277K->1421K(59392K)] 414366K->356510K(557568K), 0.0020753 secs] [Times: user=0.00 sys=0.00, real=0.00 secs] 
1539.535: [GC (Allocation Failure) [PSYoungGen: 59277K->1408K(59392K)] 414366K->356497K(557568K), 0.0022990 secs] [Times: user=0.01 sys=0.00, real=0.00 secs] 
1541.014: [GC (Allocation Failure) [PSYoungGen: 59264K->1376K(59392K)] 414353K->356465K(557568K), 0.0024826 secs] [Times: user=0.01 sys=0.00, real=0.00 secs] 
1541.752: [GC (Allocation Failure) [PSYoungGen: 59232K->1344K(59392K)] 414321K->356433K(557568K), 0.0024603 secs] [Times: user=0.01 sys=0.00, real=0.01 secs] 
1542.477: [GC (Allocation Failure) [PSYoungGen: 59200K->1344K(59392K)] 414289K->356433K(557568K), 0.0026052 secs] [Times: user=0.01 sys=0.00, real=0.00 secs] 
1543.138: [GC (Allocation Failure) [PSYoungGen: 59200K->1344K(59392K)] 414289K->356433K(557568K), 0.0024231 secs] [Times: user=0.01 sys=0.00, real=0.00 secs] 
1543.429: [GC (Allocation Failure) [PSYoungGen: 59200K->1424K(59392K)] 414289K->356513K(557568K), 0.0019527 secs] [Times: user=0.01 sys=0.00, real=0.00 secs] 
1543.538: [GC (Allocation Failure) [PSYoungGen: 59280K->1456K(59392K)] 414369K->356561K(557568K), 0.0016109 secs] [Times: user=0.01 sys=0.00, real=0.00 secs] 
1543.639: [GC (Allocation Failure) [PSYoungGen: 59312K->1456K(59392K)] 414417K->356561K(557568K), 0.0016209 secs] [Times: user=0.01 sys=0.00, real=0.00 secs] 
1543.741: [GC (Allocation Failure) [PSYoungGen: 59296K->1453K(58880K)] 414401K->356558K(557056K), 0.0016273 secs] [Times: user=0.01 sys=0.00, real=0.00 secs] 
1543.954: [GC (Allocation Failure) [PSYoungGen: 58797K->1424K(59392K)] 413902K->356529K(557568K), 0.0019418 secs] [Times: user=0.01 sys=0.00, real=0.00 secs] 
1544.345: [GC (Allocation Failure) [PSYoungGen: 58768K->1376K(58880K)] 413873K->356481K(557056K), 0.0018206 secs] [Times: user=0.00 sys=0.01, real=0.00 secs] 
1544.878: [GC (Allocation Failure) [PSYoungGen: 58720K->1376K(58880K)] 413825K->356505K(557056K), 0.0020547 secs] [Times: user=0.01 sys=0.00, real=0.00 secs] 
1545.544: [GC (Allocation Failure) [PSYoungGen: 58720K->352K(57856K)] 413849K->356505K(556032K), 0.0021720 secs] [Times: user=0.01 sys=0.00, real=0.00 secs] 
1546.363: [GC (Allocation Failure) [PSYoungGen: 57696K->352K(59392K)] 413849K->356505K(557568K), 0.0024683 secs] [Times: user=0.01 sys=0.00, real=0.01 secs] 
1547.000: [GC (Allocation Failure) [PSYoungGen: 57696K->1469K(58880K)] 413849K->357622K(557056K), 0.0022180 secs] [Times: user=0.01 sys=0.00, real=0.00 secs] 
1547.132: [GC (Allocation Failure) [PSYoungGen: 58813K->1456K(58880K)] 414966K->357625K(557056K), 0.0017056 secs] [Times: user=0.01 sys=0.00, real=0.01 secs] 
1547.233: [GC (Allocation Failure) [PSYoungGen: 58800K->1456K(58880K)] 414969K->357625K(557056K), 0.0014071 secs] [Times: user=0.01 sys=0.00, real=0.00 secs] 
1547.335: [GC (Allocation Failure) [PSYoungGen: 58800K->1453K(61440K)] 414969K->357622K(559616K), 0.0016897 secs] [Times: user=0.00 sys=0.00, real=0.00 secs] 
1547.440: [GC (Allocation Failure) [PSYoungGen: 60845K->1504K(65024K)] 417014K->357673K(563200K), 0.0015199 secs] [Times: user=0.01 sys=0.01, real=0.00 secs] 
1548.699: [GC (Allocation Failure) [PSYoungGen: 64480K->1376K(64000K)] 420649K->357545K(562176K), 0.0024952 secs] [Times: user=0.01 sys=0.00, real=0.00 secs] 
1549.243: [GC (Allocation Failure) [PSYoungGen: 63840K->1344K(63488K)] 420009K->357513K(561664K), 0.0024873 secs] [Times: user=0.01 sys=0.00, real=0.00 secs] 
1549.827: [GC (Allocation Failure) [PSYoungGen: 63296K->1344K(62976K)] 419465K->357513K(561152K), 0.0023111 secs] [Times: user=0.01 sys=0.00, real=0.00 secs] 
1550.388: [GC (Allocation Failure) [PSYoungGen: 62784K->1312K(62464K)] 418953K->357481K(560640K), 0.0024348 secs] [Times: user=0.00 sys=0.01, real=0.00 secs] 
1550.913: [GC (Allocation Failure) [PSYoungGen: 62240K->1453K(61952K)] 418409K->357622K(560128K), 0.0021224 secs] [Times: user=0.01 sys=0.00, real=0.01 secs] 
1551.045: [GC (Allocation Failure) [PSYoungGen: 61869K->1488K(61440K)] 418038K->357665K(559616K), 0.0016567 secs] [Times: user=0.01 sys=0.00, real=0.00 secs] 
1551.151: [GC (Allocation Failure) [PSYoungGen: 61392K->1456K(60928K)] 417569K->357633K(559104K), 0.0017503 secs] [Times: user=0.01 sys=0.00, real=0.00 secs] 
1551.256: [GC (Allocation Failure) [PSYoungGen: 60848K->1389K(61440K)] 417025K->357566K(559616K), 0.0015186 secs] [Times: user=0.01 sys=0.00, real=0.00 secs] 
1551.726: [GC (Allocation Failure) [PSYoungGen: 60781K->1920K(60928K)] 416958K->358097K(559104K), 0.0024495 secs] [Times: user=0.01 sys=0.00, real=0.00 secs] 
1552.741: [GC (Allocation Failure) [PSYoungGen: 60800K->1344K(59904K)] 416977K->357521K(558080K), 0.0026340 secs] [Times: user=0.01 sys=0.00, real=0.01 secs] 
1553.530: [GC (Allocation Failure) [PSYoungGen: 59712K->1344K(59392K)] 415889K->357521K(557568K), 0.0033219 secs] [Times: user=0.01 sys=0.00, real=0.01 secs] 
1554.144: [GC (Allocation Failure) [PSYoungGen: 59200K->1344K(59392K)] 415377K->357521K(557568K), 0.0023287 secs] [Times: user=0.01 sys=0.00, real=0.00 secs] 
1554.805: [GC (Allocation Failure) [PSYoungGen: 59200K->1344K(59904K)] 415377K->357521K(558080K), 0.0027508 secs] [Times: user=0.01 sys=0.00, real=0.00 secs] 
1555.416: [GC (Allocation Failure) [PSYoungGen: 59173K->1440K(59904K)] 415350K->357617K(558080K), 0.0020790 secs] [Times: user=0.01 sys=0.00, real=0.00 secs] 
1555.550: [GC (Allocation Failure) [PSYoungGen: 59296K->1424K(59904K)] 415473K->357601K(558080K), 0.0016294 secs] [Times: user=0.01 sys=0.00, real=0.00 secs] 
1555.651: [GC (Allocation Failure) [PSYoungGen: 59280K->1424K(59904K)] 415457K->357609K(558080K), 0.0016350 secs] [Times: user=0.00 sys=0.00, real=0.00 secs] 
1555.754: [GC (Allocation Failure) [PSYoungGen: 59280K->1453K(59904K)] 415465K->357638K(558080K), 0.0016826 secs] [Times: user=0.00 sys=0.00, real=0.00 secs] 
1555.868: [GC (Allocation Failure) [PSYoungGen: 59309K->1549K(65536K)] 415494K->357734K(563712K), 0.0017706 secs] [Times: user=0.00 sys=0.00, real=0.00 secs] 
1556.605: [GC (Allocation Failure) [PSYoungGen: 65037K->1408K(64512K)] 421222K->357593K(562688K), 0.0020146 secs] [Times: user=0.00 sys=0.00, real=0.00 secs] 
1557.209: [GC (Allocation Failure) [PSYoungGen: 64384K->1376K(64000K)] 420569K->357561K(562176K), 0.0025611 secs] [Times: user=0.01 sys=0.00, real=0.00 secs] 
1557.732: [GC (Allocation Failure) [PSYoungGen: 63840K->1344K(63488K)] 420025K->357529K(561664K), 0.0020487 secs] [Times: user=0.01 sys=0.00, real=0.01 secs] 
1558.266: [GC (Allocation Failure) [PSYoungGen: 63296K->1344K(62976K)] 419481K->357529K(561152K), 0.0022330 secs] [Times: user=0.01 sys=0.00, real=0.00 secs] 
1558.671: [GC (Allocation Failure) [PSYoungGen: 62784K->1421K(62464K)] 418969K->357606K(560640K), 0.0022821 secs] [Times: user=0.01 sys=0.00, real=0.01 secs] 
1558.812: [GC (Allocation Failure) [PSYoungGen: 62349K->1424K(61952K)] 418534K->357617K(560128K), 0.0017550 secs] [Times: user=0.01 sys=0.00, real=0.01 secs] 
1558.919: [GC (Allocation Failure) [PSYoungGen: 61840K->1533K(62464K)] 418033K->357726K(560640K), 0.0020183 secs] [Times: user=0.00 sys=0.00, real=0.00 secs] 
1559.026: [GC (Allocation Failure) [PSYoungGen: 61949K->1520K(68608K)] 418142K->357713K(566784K), 0.0014153 secs] [Times: user=0.01 sys=0.00, real=0.00 secs] 
1559.410: [GC (Allocation Failure) [PSYoungGen: 68080K->1472K(67584K)] 424273K->357665K(565760K), 0.0022708 secs] [Times: user=0.00 sys=0.00, real=0.00 secs] 
1560.132: [GC (Allocation Failure) [PSYoungGen: 67520K->1344K(67072K)] 423713K->357537K(565248K), 0.0022871 secs] [Times: user=0.01 sys=0.00, real=0.01 secs] 
1560.752: [GC (Allocation Failure) [PSYoungGen: 66880K->1344K(66560K)] 423073K->357537K(564736K), 0.0026117 secs] [Times: user=0.01 sys=0.00, real=0.01 secs] 
1561.426: [GC (Allocation Failure) [PSYoungGen: 66368K->1344K(66048K)] 422561K->357537K(564224K), 0.0029587 secs] [Times: user=0.01 sys=0.00, real=0.00 secs] 
1562.059: [GC (Allocation Failure) [PSYoungGen: 65856K->1344K(65536K)] 422049K->357537K(563712K), 0.0025202 secs] [Times: user=0.01 sys=0.00, real=0.00 secs] 
1562.332: [GC (Allocation Failure) [PSYoungGen: 65344K->1421K(65024K)] 421537K->357614K(563200K), 0.0020025 secs] [Times: user=0.01 sys=0.00, real=0.01 secs] 
1562.444: [GC (Allocation Failure) [PSYoungGen: 64909K->1485K(64512K)] 421102K->357678K(562688K), 0.0016215 secs] [Times: user=0.01 sys=0.00, real=0.00 secs] 
1562.555: [GC (Allocation Failure) [PSYoungGen: 64461K->1488K(64000K)] 420654K->357689K(562176K), 0.0015050 secs] [Times: user=0.00 sys=0.00, real=0.00 secs] 
1562.665: [GC (Allocation Failure) [PSYoungGen: 63952K->1453K(64512K)] 420153K->357654K(562688K), 0.0016315 secs] [Times: user=0.01 sys=0.00, real=0.00 secs] 
1563.027: [GC (Allocation Failure) [PSYoungGen: 63917K->1408K(63488K)] 420118K->357609K(561664K), 0.0020271 secs] [Times: user=0.00 sys=0.01, real=0.00 secs] 
1563.285: [GC (Allocation Failure) [PSYoungGen: 63360K->1376K(62976K)] 419561K->357577K(561152K), 0.0021255 secs] [Times: user=0.01 sys=0.00, real=0.00 secs] 
1563.793: [GC (Allocation Failure) [PSYoungGen: 62816K->1376K(62464K)] 419017K->357601K(560640K), 0.0020490 secs] [Times: user=0.01 sys=0.00, real=0.01 secs] 
1564.315: [GC (Allocation Failure) [PSYoungGen: 62304K->1344K(61952K)] 418529K->357569K(560128K), 0.0022424 secs] [Times: user=0.01 sys=0.00, real=0.00 secs] 
1564.853: [GC (Allocation Failure) [PSYoungGen: 61756K->1424K(61440K)] 417982K->357649K(559616K), 0.0019862 secs] [Times: user=0.01 sys=0.00, real=0.01 secs] 
1564.984: [GC (Allocation Failure) [PSYoungGen: 61328K->1456K(60928K)] 417553K->357681K(559104K), 0.0017465 secs] [Times: user=0.01 sys=0.00, real=0.00 secs] 
1565.089: [GC (Allocation Failure) [PSYoungGen: 60848K->1485K(60416K)] 417073K->357726K(558592K), 0.0015839 secs] [Times: user=0.00 sys=0.00, real=0.00 secs] 
1565.208: [GC (Allocation Failure) [PSYoungGen: 60365K->1453K(66048K)] 416606K->357694K(564224K), 0.0018913 secs] [Times: user=0.00 sys=0.00, real=0.00 secs] 
1565.358: [GC (Allocation Failure) [PSYoungGen: 65965K->1453K(66560K)] 422206K->357694K(564736K), 0.0017266 secs] [Times: user=0.00 sys=0.00, real=0.00 secs] 
1566.226: [GC (Allocation Failure) [PSYoungGen: 65965K->1408K(65536K)] 422206K->357649K(563712K), 0.0027984 secs] [Times: user=0.01 sys=0.00, real=0.00 secs] 
1566.616: [GC (Allocation Failure) [PSYoungGen: 65408K->1344K(65024K)] 421649K->357585K(563200K), 0.0020486 secs] [Times: user=0.01 sys=0.00, real=0.00 secs] 
1566.937: [GC (Allocation Failure) [PSYoungGen: 64832K->1376K(64512K)] 421073K->357617K(562688K), 0.0019757 secs] [Times: user=0.01 sys=0.00, real=0.00 secs] 
1567.240: [GC (Allocation Failure) [PSYoungGen: 64352K->1312K(64000K)] 420593K->357553K(562176K), 0.0019467 secs] [Times: user=0.00 sys=0.00, real=0.00 secs] 
1567.524: [GC (Allocation Failure) [PSYoungGen: 63776K->1517K(63488K)] 420017K->357758K(561664K), 0.0024254 secs] [Times: user=0.01 sys=0.00, real=0.00 secs] 
1567.669: [GC (Allocation Failure) [PSYoungGen: 63469K->1485K(62976K)] 419710K->357726K(561152K), 0.0018806 secs] [Times: user=0.01 sys=0.00, real=0.00 secs] 
1567.812: [GC (Allocation Failure) [PSYoungGen: 62925K->1485K(62464K)] 419166K->357734K(560640K), 0.0019325 secs] [Times: user=0.01 sys=0.00, real=0.01 secs] 
1567.921: [GC (Allocation Failure) [PSYoungGen: 62413K->1456K(62976K)] 418662K->357705K(561152K), 0.0015906 secs] [Times: user=0.00 sys=0.00, real=0.00 secs] 
1568.838: [GC (Allocation Failure) [PSYoungGen: 62384K->1424K(61952K)] 418633K->357673K(560128K), 0.0034587 secs] [Times: user=0.01 sys=0.00, real=0.00 secs] 
1569.427: [GC (Allocation Failure) [PSYoungGen: 61840K->1344K(61440K)] 418089K->357593K(559616K), 0.0027580 secs] [Times: user=0.01 sys=0.00, real=0.00 secs] 
1570.093: [GC (Allocation Failure) [PSYoungGen: 61248K->1344K(60928K)] 417497K->357593K(559104K), 0.0024007 secs] [Times: user=0.01 sys=0.00, real=0.01 secs] 
1570.429: [GC (Allocation Failure) [PSYoungGen: 60736K->1376K(60416K)] 416985K->357625K(558592K), 0.0020654 secs] [Times: user=0.01 sys=0.00, real=0.00 secs] 
1570.675: [GC (Allocation Failure) [PSYoungGen: 60256K->1344K(59904K)] 416505K->357593K(558080K), 0.0018828 secs] [Times: user=0.01 sys=0.00, real=0.00 secs] 
1570.904: [GC (Allocation Failure) [PSYoungGen: 59712K->1469K(59392K)] 415961K->357718K(557568K), 0.0015996 secs] [Times: user=0.01 sys=0.00, real=0.00 secs] 
1571.005: [GC (Allocation Failure) [PSYoungGen: 59325K->1421K(59904K)] 415574K->357670K(558080K), 0.0016335 secs] [Times: user=0.01 sys=0.00, real=0.00 secs] 
1571.107: [GC (Allocation Failure) [PSYoungGen: 59277K->1456K(59904K)] 415526K->357713K(558080K), 0.0016300 secs] [Times: user=0.01 sys=0.00, real=0.00 secs] 
1571.222: [GC (Allocation Failure) [PSYoungGen: 59312K->1453K(59904K)] 415569K->357710K(558080K), 0.0018374 secs] [Times: user=0.00 sys=0.00, real=0.01 secs] 
1571.460: [GC (Allocation Failure) [PSYoungGen: 59309K->1968K(66048K)] 415566K->358225K(564224K), 0.0022888 secs] [Times: user=0.01 sys=0.00, real=0.00 secs] 
1572.278: [GC (Allocation Failure) [PSYoungGen: 65968K->1344K(65024K)] 422225K->357609K(563200K), 0.0022247 secs] [Times: user=0.01 sys=0.00, real=0.00 secs] 
1572.860: [GC (Allocation Failure) [PSYoungGen: 64832K->1376K(64512K)] 421097K->357641K(562688K), 0.0024065 secs] [Times: user=0.00 sys=0.00, real=0.00 secs] 
1573.392: [GC (Allocation Failure) [PSYoungGen: 64352K->1344K(64000K)] 420617K->357609K(562176K), 0.0026831 secs] [Times: user=0.01 sys=0.00, real=0.01 secs] 
1573.964: [GC (Allocation Failure) [PSYoungGen: 63808K->1344K(63488K)] 420073K->357609K(561664K), 0.0024253 secs] [Times: user=0.00 sys=0.00, real=0.00 secs] 
1574.270: [GC (Allocation Failure) [PSYoungGen: 63296K->1453K(62976K)] 419561K->357718K(561152K), 0.0020052 secs] [Times: user=0.01 sys=0.00, real=0.00 secs] 
1574.385: [GC (Allocation Failure) [PSYoungGen: 62893K->1453K(62464K)] 419158K->357734K(560640K), 0.0017335 secs] [Times: user=0.01 sys=0.00, real=0.00 secs] 
1574.494: [GC (Allocation Failure) [PSYoungGen: 62381K->1485K(62976K)] 418662K->357766K(561152K), 0.0016398 secs] [Times: user=0.01 sys=0.00, real=0.00 secs] 
1574.601: [GC (Allocation Failure) [PSYoungGen: 62413K->1517K(68608K)] 418694K->357798K(566784K), 0.0015618 secs] [Times: user=0.00 sys=0.00, real=0.00 secs] 
1574.936: [GC (Allocation Failure) [PSYoungGen: 68077K->1456K(67584K)] 424358K->357737K(565760K), 0.0020980 secs] [Times: user=0.01 sys=0.00, real=0.00 secs] 
1575.251: [GC (Allocation Failure) [PSYoungGen: 67504K->1376K(67072K)] 423785K->357657K(565248K), 0.0020588 secs] [Times: user=0.01 sys=0.00, real=0.00 secs] 
1575.523: [GC (Allocation Failure) [PSYoungGen: 66912K->1344K(66560K)] 423193K->357625K(564736K), 0.0020008 secs] [Times: user=0.00 sys=0.00, real=0.00 secs] 
1575.795: [GC (Allocation Failure) [PSYoungGen: 66368K->1376K(66048K)] 422649K->357657K(564224K), 0.0019210 secs] [Times: user=0.01 sys=0.00, real=0.00 secs] 
1576.050: [GC (Allocation Failure) [PSYoungGen: 65888K->1392K(65536K)] 422169K->357673K(563712K), 0.0019745 secs] [Times: user=0.01 sys=0.00, real=0.00 secs] 
1576.166: [GC (Allocation Failure) [PSYoungGen: 65392K->1485K(65024K)] 421673K->357766K(563200K), 0.0016327 secs] [Times: user=0.01 sys=0.00, real=0.00 secs] 
1576.300: [GC (Allocation Failure) [PSYoungGen: 64973K->1485K(65536K)] 421254K->357774K(563712K), 0.0020780 secs] [Times: user=0.00 sys=0.00, real=0.00 secs] 
1576.454: [GC (Allocation Failure) [PSYoungGen: 64973K->1456K(71680K)] 421262K->357745K(569856K), 0.0020323 secs] [Times: user=0.00 sys=0.00, real=0.00 secs] 
1576.811: [GC (Allocation Failure) [PSYoungGen: 71088K->1440K(71680K)] 427377K->357729K(569856K), 0.0020852 secs] [Times: user=0.01 sys=0.00, real=0.01 secs] 
1577.399: [GC (Allocation Failure) [PSYoungGen: 71072K->1376K(70656K)] 427361K->357665K(568832K), 0.0023682 secs] [Times: user=0.01 sys=0.00, real=0.00 secs] 
1577.945: [GC (Allocation Failure) [PSYoungGen: 70496K->1344K(70144K)] 426785K->357633K(568320K), 0.0025053 secs] [Times: user=0.01 sys=0.00, real=0.00 secs] 
1578.672: [GC (Allocation Failure) [PSYoungGen: 69952K->1376K(69632K)] 426241K->357665K(567808K), 0.0022435 secs] [Times: user=0.01 sys=0.01, real=0.01 secs] 
1579.312: [GC (Allocation Failure) [PSYoungGen: 69472K->1453K(69120K)] 425761K->357742K(567296K), 0.0024609 secs] [Times: user=0.01 sys=0.00, real=0.01 secs] 
1579.473: [GC (Allocation Failure) [PSYoungGen: 69037K->1485K(68608K)] 425326K->357774K(566784K), 0.0016747 secs] [Times: user=0.00 sys=0.00, real=0.01 secs] 
1579.590: [GC (Allocation Failure) [PSYoungGen: 68557K->1501K(68096K)] 424846K->357790K(566272K), 0.0015614 secs] [Times: user=0.00 sys=0.00, real=0.00 secs] 
1579.707: [GC (Allocation Failure) [PSYoungGen: 68061K->1453K(67584K)] 424350K->357758K(565760K), 0.0015727 secs] [Times: user=0.01 sys=0.01, real=0.00 secs] 
1580.464: [GC (Allocation Failure) [PSYoungGen: 67501K->1424K(67072K)] 423806K->357729K(565248K), 0.0029677 secs] [Times: user=0.01 sys=0.00, real=0.00 secs] 
1581.384: [GC (Allocation Failure) [PSYoungGen: 66960K->1344K(66560K)] 423265K->357649K(564736K), 0.0030695 secs] [Times: user=0.01 sys=0.00, real=0.00 secs] 
1581.987: [GC (Allocation Failure) [PSYoungGen: 66368K->1376K(66048K)] 422673K->357681K(564224K), 0.0026059 secs] [Times: user=0.01 sys=0.00, real=0.00 secs] 
1582.704: [GC (Allocation Failure) [PSYoungGen: 65888K->1328K(65536K)] 422193K->357633K(563712K), 0.0023116 secs] [Times: user=0.01 sys=0.00, real=0.00 secs] 
1584.076: [GC (Allocation Failure) [PSYoungGen: 65328K->1344K(65024K)] 421633K->357649K(563200K), 0.0037208 secs] [Times: user=0.01 sys=0.00, real=0.00 secs] 
1584.641: [GC (Allocation Failure) [PSYoungGen: 64832K->1421K(64512K)] 421137K->357726K(562688K), 0.0021337 secs] [Times: user=0.01 sys=0.00, real=0.00 secs] 
1584.767: [GC (Allocation Failure) [PSYoungGen: 64397K->1453K(64000K)] 420702K->357758K(562176K), 0.0016936 secs] [Times: user=0.01 sys=0.00, real=0.00 secs] 
1584.877: [GC (Allocation Failure) [PSYoungGen: 63906K->1421K(63488K)] 420211K->357742K(561664K), 0.0016717 secs] [Times: user=0.01 sys=0.00, real=0.00 secs] 
1585.001: [GC (Allocation Failure) [PSYoungGen: 63373K->1453K(69632K)] 419694K->357774K(567808K), 0.0019225 secs] [Times: user=0.01 sys=0.00, real=0.00 secs] 
1585.972: [GC (Allocation Failure) [PSYoungGen: 69549K->1376K(69120K)] 425870K->357697K(567296K), 0.0023252 secs] [Times: user=0.01 sys=0.00, real=0.01 secs] 
1586.584: [GC (Allocation Failure) [PSYoungGen: 68960K->1344K(68608K)] 425281K->357689K(566784K), 0.0020488 secs] [Times: user=0.01 sys=0.00, real=0.00 secs] 
1587.222: [GC (Allocation Failure) [PSYoungGen: 68416K->1344K(68096K)] 424761K->357689K(566272K), 0.0022275 secs] [Times: user=0.01 sys=0.00, real=0.01 secs] 
1588.141: [GC (Allocation Failure) [PSYoungGen: 67904K->1344K(67584K)] 424249K->357689K(565760K), 0.0026870 secs] [Times: user=0.01 sys=0.00, real=0.01 secs] 
1588.826: [GC (Allocation Failure) [PSYoungGen: 67392K->1453K(67072K)] 423737K->357798K(565248K), 0.0020754 secs] [Times: user=0.01 sys=0.00, real=0.00 secs] 
1589.004: [GC (Allocation Failure) [PSYoungGen: 66989K->1501K(67584K)] 423334K->357846K(565760K), 0.0070230 secs] [Times: user=0.03 sys=0.00, real=0.00 secs] 
1589.201: [GC (Allocation Failure) [PSYoungGen: 67037K->1517K(74752K)] 423382K->357878K(572928K), 0.0024659 secs] [Times: user=0.01 sys=0.00, real=0.01 secs] 
1589.427: [GC (Allocation Failure) [PSYoungGen: 74221K->1485K(74752K)] 430582K->357846K(572928K), 0.0020615 secs] [Times: user=0.01 sys=0.00, real=0.00 secs] 
1590.622: [GC (Allocation Failure) [PSYoungGen: 74189K->1440K(81408K)] 430550K->357801K(579584K), 0.0093492 secs] [Times: user=0.02 sys=0.04, real=0.01 secs] 
1591.510: [GC (Allocation Failure) [PSYoungGen: 81312K->1472K(81920K)] 437673K->357833K(580096K), 0.0114176 secs] [Times: user=0.01 sys=0.04, real=0.01 secs] 
1592.236: [GC (Allocation Failure) [PSYoungGen: 81344K->1360K(90112K)] 437705K->357729K(588288K), 0.0072910 secs] [Times: user=0.03 sys=0.00, real=0.00 secs] 
1593.478: [GC (Allocation Failure) [PSYoungGen: 89424K->1421K(88576K)] 445793K->357790K(586752K), 0.0025415 secs] [Times: user=0.01 sys=0.00, real=0.00 secs] 
1593.679: [GC (Allocation Failure) [PSYoungGen: 88461K->1421K(87552K)] 444830K->357790K(585728K), 0.0017277 secs] [Times: user=0.00 sys=0.00, real=0.00 secs] 
1593.829: [GC (Allocation Failure) [PSYoungGen: 87437K->1421K(86528K)] 443806K->357790K(584704K), 0.0017809 secs] [Times: user=0.01 sys=0.00, real=0.00 secs] 
1594.365: [GC (Allocation Failure) [PSYoungGen: 86413K->1440K(86016K)] 442782K->357809K(584192K), 0.0020939 secs] [Times: user=0.00 sys=0.00, real=0.00 secs] 
1594.998: [GC (Allocation Failure) [PSYoungGen: 85920K->1344K(85504K)] 442289K->357713K(583680K), 0.0020031 secs] [Times: user=0.01 sys=0.00, real=0.00 secs] 
1595.919: [GC (Allocation Failure) [PSYoungGen: 85312K->320K(83968K)] 441681K->357713K(582144K), 0.0020807 secs] [Times: user=0.00 sys=0.00, real=0.00 secs] 
1598.448: [GC (Allocation Failure) [PSYoungGen: 83776K->352K(84992K)] 441169K->357745K(583168K), 0.0035055 secs] [Times: user=0.01 sys=0.00, real=0.00 secs] 
1598.771: [GC (Allocation Failure) [PSYoungGen: 83296K->1453K(83968K)] 440689K->358846K(582144K), 0.0017338 secs] [Times: user=0.00 sys=0.00, real=0.00 secs] 
1598.939: [GC (Allocation Failure) [PSYoungGen: 83885K->1517K(83456K)] 441278K->358918K(581632K), 0.0021086 secs] [Times: user=0.01 sys=0.00, real=0.00 secs] 
1599.115: [GC (Allocation Failure) [PSYoungGen: 83437K->1453K(82944K)] 440838K->358854K(581120K), 0.0014092 secs] [Times: user=0.00 sys=0.00, real=0.00 secs] 
1599.605: [GC (Allocation Failure) [PSYoungGen: 82861K->1392K(82432K)] 440262K->358793K(580608K), 0.0021668 secs] [Times: user=0.01 sys=0.00, real=0.00 secs] 
1600.279: [GC (Allocation Failure) [PSYoungGen: 82288K->1344K(81920K)] 439689K->358745K(580096K), 0.0024229 secs] [Times: user=0.01 sys=0.00, real=0.00 secs] 
1601.404: [GC (Allocation Failure) [PSYoungGen: 81728K->1344K(81408K)] 439129K->358745K(579584K), 0.0031487 secs] [Times: user=0.01 sys=0.00, real=0.00 secs] 
1602.351: [GC (Allocation Failure) [PSYoungGen: 81216K->1421K(80896K)] 438617K->358822K(579072K), 0.0023678 secs] [Times: user=0.01 sys=0.00, real=0.01 secs] 
1602.542: [GC (Allocation Failure) [PSYoungGen: 80781K->1485K(80384K)] 438182K->358886K(578560K), 0.0017205 secs] [Times: user=0.00 sys=0.00, real=0.01 secs] 
1602.681: [GC (Allocation Failure) [PSYoungGen: 80333K->1485K(79872K)] 437734K->358886K(578048K), 0.0016228 secs] [Times: user=0.01 sys=0.01, real=0.00 secs] 
1602.947: [GC (Allocation Failure) [PSYoungGen: 79821K->1952K(79872K)] 437222K->359353K(578048K), 0.0021866 secs] [Times: user=0.01 sys=0.00, real=0.00 secs] 
1603.840: [GC (Allocation Failure) [PSYoungGen: 79776K->336K(77824K)] 437177K->358761K(576000K), 0.0030381 secs] [Times: user=0.01 sys=0.00, real=0.01 secs] 
1604.816: [GC (Allocation Failure) [PSYoungGen: 77648K->320K(79360K)] 436073K->358745K(577536K), 0.0029852 secs] [Times: user=0.01 sys=0.00, real=0.00 secs] 
1605.741: [GC (Allocation Failure) [PSYoungGen: 77120K->320K(77312K)] 435545K->358745K(575488K), 0.0031800 secs] [Times: user=0.01 sys=0.00, real=0.01 secs] 
1606.609: [GC (Allocation Failure) [PSYoungGen: 76608K->1421K(77312K)] 435033K->359846K(575488K), 0.0025853 secs] [Times: user=0.00 sys=0.00, real=0.00 secs] 
1606.785: [GC (GCLocker Initiated GC) [PSYoungGen: 77197K->1453K(77312K)] 435622K->359902K(575488K), 0.0017283 secs] [Times: user=0.01 sys=0.00, real=0.00 secs] 
1606.937: [GC (Allocation Failure) [PSYoungGen: 76717K->1389K(76288K)] 435233K->359905K(574464K), 0.0019704 secs] [Times: user=0.01 sys=0.00, real=0.00 secs] 
1607.105: [GC (Allocation Failure) [PSYoungGen: 75665K->288K(76288K)] 434182K->358804K(574464K), 0.0017472 secs] [Times: user=0.01 sys=0.00, real=0.00 secs] 
1607.533: [GC (Allocation Failure) [PSYoungGen: 74528K->1344K(75264K)] 433044K->359860K(573440K), 0.0021470 secs] [Times: user=0.01 sys=0.00, real=0.01 secs] 
1608.097: [GC (Allocation Failure) [PSYoungGen: 75072K->1408K(75264K)] 433588K->359924K(573440K), 0.0028161 secs] [Times: user=0.01 sys=0.00, real=0.00 secs] 
1608.723: [GC (Allocation Failure) [PSYoungGen: 74624K->1344K(74240K)] 433140K->359860K(572416K), 0.0025231 secs] [Times: user=0.01 sys=0.00, real=0.00 secs] 
1609.341: [GC (Allocation Failure) [PSYoungGen: 74048K->1405K(74240K)] 432564K->359921K(572416K), 0.0026793 secs] [Times: user=0.01 sys=0.00, real=0.01 secs] 
1609.527: [GC (Allocation Failure) [PSYoungGen: 73571K->1453K(73216K)] 432088K->359969K(571392K), 0.0015877 secs] [Times: user=0.00 sys=0.00, real=0.00 secs] 
1609.656: [GC (Allocation Failure) [PSYoungGen: 73133K->1453K(73216K)] 431649K->359969K(571392K), 0.0016622 secs] [Times: user=0.01 sys=0.00, real=0.00 secs] 
1609.783: [GC (Allocation Failure) [PSYoungGen: 72621K->1485K(72192K)] 431137K->360001K(570368K), 0.0018826 secs] [Times: user=0.00 sys=0.00, real=0.01 secs] 
1610.704: [GC (Allocation Failure) [PSYoungGen: 72141K->1392K(72192K)] 430657K->359908K(570368K), 0.0023138 secs] [Times: user=0.01 sys=0.00, real=0.00 secs] 
1611.620: [GC (Allocation Failure) [PSYoungGen: 71536K->1344K(71168K)] 430052K->359860K(569344K), 0.0023900 secs] [Times: user=0.00 sys=0.00, real=0.00 secs] 
1612.462: [GC (Allocation Failure) [PSYoungGen: 70976K->1344K(70656K)] 429492K->359860K(568832K), 0.0044759 secs] [Times: user=0.02 sys=0.00, real=0.01 secs] 
1613.471: [GC (Allocation Failure) [PSYoungGen: 70464K->1344K(70144K)] 428980K->359860K(568320K), 0.0036883 secs] [Times: user=0.01 sys=0.00, real=0.01 secs] 
1614.069: [GC (Allocation Failure) [PSYoungGen: 69952K->1453K(69632K)] 428468K->359977K(567808K), 0.0023471 secs] [Times: user=0.01 sys=0.00, real=0.00 secs] 
1614.224: [GC (Allocation Failure) [PSYoungGen: 69549K->1453K(69120K)] 428073K->359977K(567296K), 0.0016891 secs] [Times: user=0.00 sys=0.00, real=0.00 secs] 
1614.344: [GC (Allocation Failure) [PSYoungGen: 69037K->1453K(68608K)] 427561K->359993K(566784K), 0.0017250 secs] [Times: user=0.01 sys=0.00, real=0.00 secs] 
1614.463: [GC (Allocation Failure) [PSYoungGen: 68503K->1456K(68096K)] 427043K->360012K(566272K), 0.0016864 secs] [Times: user=0.01 sys=0.00, real=0.01 secs] 
1615.139: [GC (Allocation Failure) [PSYoungGen: 68016K->1392K(67584K)] 426572K->359948K(565760K), 0.0027452 secs] [Times: user=0.01 sys=0.00, real=0.00 secs] 
1615.725: [GC (Allocation Failure) [PSYoungGen: 67440K->1376K(67072K)] 425996K->359932K(565248K), 0.0036347 secs] [Times: user=0.01 sys=0.00, real=0.00 secs] 
1616.231: [GC (Allocation Failure) [PSYoungGen: 66912K->1376K(66560K)] 425468K->359948K(564736K), 0.0023421 secs] [Times: user=0.01 sys=0.00, real=0.01 secs] 
1616.629: [GC (Allocation Failure) [PSYoungGen: 66400K->1344K(66048K)] 424972K->359916K(564224K), 0.0020646 secs] [Times: user=0.01 sys=0.00, real=0.00 secs] 
1617.089: [GC (Allocation Failure) [PSYoungGen: 65856K->1389K(65536K)] 424428K->359961K(563712K), 0.0018954 secs] [Times: user=0.01 sys=0.00, real=0.00 secs] 
1617.237: [GC (Allocation Failure) [PSYoungGen: 65389K->1421K(65024K)] 423961K->359993K(563200K), 0.0019337 secs] [Times: user=0.01 sys=0.00, real=0.00 secs] 
1617.385: [GC (Allocation Failure) [PSYoungGen: 64909K->1421K(64512K)] 423481K->359993K(562688K), 0.0019390 secs] [Times: user=0.01 sys=0.00, real=0.00 secs] 
1617.551: [GC (Allocation Failure) [PSYoungGen: 64397K->1421K(64000K)] 422969K->360001K(562176K), 0.0022946 secs] [Times: user=0.01 sys=0.00, real=0.01 secs] 
1618.280: [GC (Allocation Failure) [PSYoungGen: 63885K->1424K(63488K)] 422465K->360004K(561664K), 0.0037003 secs] [Times: user=0.02 sys=0.00, real=0.01 secs] 
1619.303: [GC (Allocation Failure) [PSYoungGen: 63376K->1344K(62976K)] 421956K->359924K(561152K), 0.0041658 secs] [Times: user=0.01 sys=0.00, real=0.00 secs] 
1620.161: [GC (Allocation Failure) [PSYoungGen: 62784K->1344K(62464K)] 421364K->359924K(560640K), 0.0031127 secs] [Times: user=0.01 sys=0.00, real=0.01 secs] 
1620.907: [GC (Allocation Failure) [PSYoungGen: 62272K->1344K(61952K)] 420852K->359924K(560128K), 0.0031839 secs] [Times: user=0.01 sys=0.00, real=0.00 secs] 
1621.485: [GC (Allocation Failure) [PSYoungGen: 61760K->1328K(61440K)] 420340K->359908K(559616K), 0.0021873 secs] [Times: user=0.01 sys=0.00, real=0.00 secs] 
1621.690: [GC (Allocation Failure) [PSYoungGen: 61230K->1389K(60928K)] 419811K->359969K(559104K), 0.0016652 secs] [Times: user=0.01 sys=0.00, real=0.00 secs] 
1621.795: [GC (Allocation Failure) [PSYoungGen: 60781K->1453K(60416K)] 419361K->360033K(558592K), 0.0016066 secs] [Times: user=0.00 sys=0.00, real=0.00 secs] 
1621.900: [GC (Allocation Failure) [PSYoungGen: 60333K->1456K(61440K)] 418913K->360044K(559616K), 0.0016046 secs] [Times: user=0.01 sys=0.00, real=0.00 secs] 
1622.004: [GC (Allocation Failure) [PSYoungGen: 60848K->1533K(66560K)] 419436K->360121K(564736K), 0.0016002 secs] [Times: user=0.00 sys=0.01, real=0.00 secs] 
1622.232: [GC (Allocation Failure) [PSYoungGen: 66045K->1408K(66560K)] 424633K->359996K(564736K), 0.0017730 secs] [Times: user=0.01 sys=0.00, real=0.01 secs] 
1622.500: [GC (Allocation Failure) [PSYoungGen: 65920K->1408K(65536K)] 424508K->359996K(563712K), 0.0019103 secs] [Times: user=0.00 sys=0.00, real=0.00 secs] 
1622.766: [GC (Allocation Failure) [PSYoungGen: 65408K->1344K(65024K)] 423996K->359932K(563200K), 0.0019485 secs] [Times: user=0.00 sys=0.00, real=0.00 secs] 
1623.031: [GC (Allocation Failure) [PSYoungGen: 64832K->1312K(64512K)] 423420K->359900K(562688K), 0.0017321 secs] [Times: user=0.00 sys=0.00, real=0.00 secs] 
1624.088: [GC (Allocation Failure) [PSYoungGen: 64288K->1392K(64000K)] 422876K->359980K(562176K), 0.0025863 secs] [Times: user=0.01 sys=0.00, real=0.00 secs] 
1624.283: [GC (Allocation Failure) [PSYoungGen: 63856K->1421K(63488K)] 422444K->360009K(561664K), 0.0022681 secs] [Times: user=0.01 sys=0.01, real=0.00 secs] 
1624.468: [GC (Allocation Failure) [PSYoungGen: 63373K->1517K(62976K)] 421961K->360113K(561152K), 0.0024839 secs] [Times: user=0.01 sys=0.00, real=0.00 secs] 
1624.647: [GC (Allocation Failure) [PSYoungGen: 62957K->1421K(62464K)] 421553K->360033K(560640K), 0.0021814 secs] [Times: user=0.01 sys=0.00, real=0.00 secs] 
1624.821: [GC (Allocation Failure) [PSYoungGen: 62349K->1488K(68608K)] 420961K->360100K(566784K), 0.0023090 secs] [Times: user=0.00 sys=0.00, real=0.01 secs] 
1626.630: [GC (Allocation Failure) [PSYoungGen: 68560K->1344K(68096K)] 427172K->359956K(566272K), 0.0022675 secs] [Times: user=0.00 sys=0.00, real=0.00 secs] 
1627.541: [GC (Allocation Failure) [PSYoungGen: 67904K->1376K(67584K)] 426516K->359988K(565760K), 0.0025944 secs] [Times: user=0.01 sys=0.00, real=0.01 secs] 
1627.996: [GC (Allocation Failure) [PSYoungGen: 67424K->1344K(67072K)] 426036K->359956K(565248K), 0.0021827 secs] [Times: user=0.01 sys=0.00, real=0.00 secs] 
1628.719: [GC (Allocation Failure) [PSYoungGen: 66880K->1344K(66560K)] 425492K->359956K(564736K), 0.0025605 secs] [Times: user=0.01 sys=0.00, real=0.00 secs] 
1629.089: [GC (Allocation Failure) [PSYoungGen: 66368K->1453K(66048K)] 424980K->360065K(564224K), 0.0016141 secs] [Times: user=0.00 sys=0.00, real=0.00 secs] 
1629.204: [GC (Allocation Failure) [PSYoungGen: 65965K->1421K(65536K)] 424577K->360033K(563712K), 0.0017095 secs] [Times: user=0.01 sys=0.00, real=0.00 secs] 
1629.317: [GC (Allocation Failure) [PSYoungGen: 65421K->1485K(65024K)] 424033K->360105K(563200K), 0.0016769 secs] [Times: user=0.00 sys=0.00, real=0.00 secs] 
1629.445: [GC (Allocation Failure) [PSYoungGen: 64973K->1485K(65536K)] 423593K->360105K(563712K), 0.0019058 secs] [Times: user=0.00 sys=0.00, real=0.00 secs] 
1629.693: [GC (Allocation Failure) [PSYoungGen: 64973K->1456K(71680K)] 423593K->360076K(569856K), 0.0020217 secs] [Times: user=0.01 sys=0.00, real=0.00 secs] 
1630.026: [GC (Allocation Failure) [PSYoungGen: 71088K->1376K(70656K)] 429708K->359996K(568832K), 0.0024702 secs] [Times: user=0.01 sys=0.00, real=0.00 secs] 
1630.314: [GC (Allocation Failure) [PSYoungGen: 70496K->1312K(70144K)] 429116K->359932K(568320K), 0.0019630 secs] [Times: user=0.01 sys=0.00, real=0.00 secs] 
1630.600: [GC (Allocation Failure) [PSYoungGen: 69920K->1312K(69632K)] 428540K->359932K(567808K), 0.0019336 secs] [Times: user=0.00 sys=0.00, real=0.00 secs] 
1630.847: [GC (Allocation Failure) [PSYoungGen: 69408K->1469K(69120K)] 428028K->360089K(567296K), 0.0016034 secs] [Times: user=0.01 sys=0.00, real=0.00 secs] 
1630.967: [GC (Allocation Failure) [PSYoungGen: 69053K->1453K(68608K)] 427673K->360073K(566784K), 0.0017142 secs] [Times: user=0.01 sys=0.00, real=0.00 secs] 
1631.085: [GC (Allocation Failure) [PSYoungGen: 68511K->1453K(69120K)] 427131K->360073K(567296K), 0.0017508 secs] [Times: user=0.00 sys=0.00, real=0.00 secs] 
1631.220: [GC (Allocation Failure) [PSYoungGen: 68525K->1421K(69120K)] 427145K->360049K(567296K), 0.0018563 secs] [Times: user=0.01 sys=0.00, real=0.00 secs] 
1631.698: [GC (Allocation Failure) [PSYoungGen: 68493K->1392K(68096K)] 427121K->360020K(566272K), 0.0021100 secs] [Times: user=0.01 sys=0.00, real=0.00 secs] 
1632.217: [GC (Allocation Failure) [PSYoungGen: 67952K->1440K(67584K)] 426580K->360068K(565760K), 0.0023867 secs] [Times: user=0.01 sys=0.00, real=0.00 secs] 
1632.844: [GC (Allocation Failure) [PSYoungGen: 67488K->1376K(67072K)] 426116K->360028K(565248K), 0.0019180 secs] [Times: user=0.01 sys=0.00, real=0.00 secs] 
1633.414: [GC (Allocation Failure) [PSYoungGen: 66912K->1344K(66560K)] 425564K->359996K(564736K), 0.0022214 secs] [Times: user=0.00 sys=0.00, real=0.00 secs] 
1634.097: [GC (Allocation Failure) [PSYoungGen: 66368K->1421K(66048K)] 425020K->360073K(564224K), 0.0019601 secs] [Times: user=0.01 sys=0.00, real=0.00 secs] 
1634.258: [GC (Allocation Failure) [PSYoungGen: 65933K->1485K(65536K)] 424585K->360137K(563712K), 0.0021714 secs] [Times: user=0.01 sys=0.00, real=0.00 secs] 
1634.414: [GC (Allocation Failure) [PSYoungGen: 65485K->432K(64000K)] 424137K->360108K(562176K), 0.0016532 secs] [Times: user=0.01 sys=0.00, real=0.00 secs] 
1634.525: [GC (Allocation Failure) [PSYoungGen: 63920K->461K(65024K)] 423596K->360153K(563200K), 0.0014949 secs] [Times: user=0.01 sys=0.01, real=0.00 secs] 
1635.015: [GC (Allocation Failure) [PSYoungGen: 63437K->1424K(64000K)] 423129K->361116K(562176K), 0.0037409 secs] [Times: user=0.01 sys=0.01, real=0.00 secs] 
1635.756: [GC (Allocation Failure) [PSYoungGen: 63888K->1344K(63488K)] 423580K->361036K(561664K), 0.0026579 secs] [Times: user=0.01 sys=0.00, real=0.00 secs] 
1636.365: [GC (Allocation Failure) [PSYoungGen: 63296K->1344K(62976K)] 422988K->361036K(561152K), 0.0024519 secs] [Times: user=0.01 sys=0.00, real=0.00 secs] 
1637.292: [GC (Allocation Failure) [PSYoungGen: 62784K->1344K(62464K)] 422476K->361036K(560640K), 0.0026008 secs] [Times: user=0.01 sys=0.00, real=0.01 secs] 
1637.990: [GC (Allocation Failure) [PSYoungGen: 62272K->1344K(61952K)] 421964K->361036K(560128K), 0.0023022 secs] [Times: user=0.00 sys=0.00, real=0.00 secs] 
1638.263: [GC (Allocation Failure) [PSYoungGen: 61760K->1453K(61440K)] 421452K->361145K(559616K), 0.0019781 secs] [Times: user=0.00 sys=0.00, real=0.01 secs] 
1638.372: [GC (Allocation Failure) [PSYoungGen: 61357K->1485K(60928K)] 421049K->361177K(559104K), 0.0015720 secs] [Times: user=0.00 sys=0.00, real=0.01 secs] 
1638.490: [GC (Allocation Failure) [PSYoungGen: 60877K->1453K(60416K)] 420569K->361153K(558592K), 0.0019575 secs] [Times: user=0.01 sys=0.00, real=0.00 secs] 
1638.623: [GC (Allocation Failure) [PSYoungGen: 60333K->1453K(66048K)] 420033K->361153K(564224K), 0.0019701 secs] [Times: user=0.01 sys=0.00, real=0.01 secs] 
1639.596: [GC (Allocation Failure) [PSYoungGen: 65965K->1424K(65536K)] 425665K->361124K(563712K), 0.0033610 secs] [Times: user=0.01 sys=0.01, real=0.00 secs] 
1640.446: [GC (Allocation Failure) [PSYoungGen: 65424K->1344K(65024K)] 425124K->361044K(563200K), 0.0025530 secs] [Times: user=0.01 sys=0.00, real=0.00 secs] 
1641.805: [GC (Allocation Failure) [PSYoungGen: 64832K->1344K(64512K)] 424532K->361044K(562688K), 0.0045058 secs] [Times: user=0.02 sys=0.00, real=0.00 secs] 
1642.726: [GC (Allocation Failure) [PSYoungGen: 64320K->1344K(64000K)] 424020K->361044K(562176K), 0.0026133 secs] [Times: user=0.01 sys=0.00, real=0.00 secs] 
1643.491: [GC (Allocation Failure) [PSYoungGen: 63808K->1360K(63488K)] 423508K->361060K(561664K), 0.0026667 secs] [Times: user=0.01 sys=0.00, real=0.01 secs] 
1643.698: [GC (Allocation Failure) [PSYoungGen: 63312K->1421K(62976K)] 423012K->361121K(561152K), 0.0020395 secs] [Times: user=0.01 sys=0.00, real=0.00 secs] 
1643.829: [GC (Allocation Failure) [PSYoungGen: 62861K->1456K(62464K)] 422561K->361164K(560640K), 0.0018282 secs] [Times: user=0.01 sys=0.00, real=0.00 secs] 
1643.937: [GC (Allocation Failure) [PSYoungGen: 62384K->1453K(61952K)] 422092K->361161K(560128K), 0.0015774 secs] [Times: user=0.01 sys=0.00, real=0.00 secs] 
1644.060: [GC (Allocation Failure) [PSYoungGen: 61869K->1453K(64000K)] 421577K->361161K(562176K), 0.0018898 secs] [Times: user=0.00 sys=0.00, real=0.00 secs] 
1645.707: [GC (Allocation Failure) [PSYoungGen: 63405K->1392K(62976K)] 423113K->361100K(561152K), 0.0039553 secs] [Times: user=0.02 sys=0.00, real=0.00 secs] 
1646.579: [GC (Allocation Failure) [PSYoungGen: 62832K->1344K(62464K)] 422540K->361052K(560640K), 0.0028186 secs] [Times: user=0.01 sys=0.00, real=0.00 secs] 
1647.308: [GC (Allocation Failure) [PSYoungGen: 62272K->1344K(61952K)] 421980K->361052K(560128K), 0.0027105 secs] [Times: user=0.01 sys=0.01, real=0.00 secs] 
1648.108: [GC (Allocation Failure) [PSYoungGen: 61760K->1344K(61440K)] 421468K->361068K(559616K), 0.0024998 secs] [Times: user=0.01 sys=0.00, real=0.00 secs] 
1648.560: [GC (Allocation Failure) [PSYoungGen: 61248K->1453K(60928K)] 420972K->361177K(559104K), 0.0020087 secs] [Times: user=0.01 sys=0.00, real=0.00 secs] 
1648.687: [GC (Allocation Failure) [PSYoungGen: 60845K->1453K(60416K)] 420569K->361177K(558592K), 0.0017656 secs] [Times: user=0.01 sys=0.00, real=0.00 secs] 
1648.791: [GC (Allocation Failure) [PSYoungGen: 60333K->1453K(59904K)] 420057K->361185K(558080K), 0.0015701 secs] [Times: user=0.01 sys=0.00, real=0.00 secs] 
1648.894: [GC (Allocation Failure) [PSYoungGen: 59821K->1485K(65024K)] 419553K->361217K(563200K), 0.0015840 secs] [Times: user=0.00 sys=0.00, real=0.00 secs] 
1649.005: [GC (Allocation Failure) [PSYoungGen: 64461K->1453K(66048K)] 424193K->361185K(564224K), 0.0014442 secs] [Times: user=0.00 sys=0.00, real=0.00 secs] 
1649.536: [GC (Allocation Failure) [PSYoungGen: 65453K->1408K(65024K)] 425185K->361140K(563200K), 0.0023569 secs] [Times: user=0.01 sys=0.00, real=0.00 secs] 
1650.055: [GC (Allocation Failure) [PSYoungGen: 64896K->1344K(64512K)] 424628K->361076K(562688K), 0.0024846 secs] [Times: user=0.01 sys=0.00, real=0.00 secs] 
1650.586: [GC (Allocation Failure) [PSYoungGen: 64320K->1344K(64000K)] 424052K->361076K(562176K), 0.0027384 secs] [Times: user=0.01 sys=0.00, real=0.00 secs] 
1651.105: [GC (Allocation Failure) [PSYoungGen: 63808K->1344K(63488K)] 423540K->361076K(561664K), 0.0027875 secs] [Times: user=0.01 sys=0.00, real=0.00 secs] 
1651.615: [GC (Allocation Failure) [PSYoungGen: 63296K->1421K(62976K)] 423028K->361153K(561152K), 0.0021130 secs] [Times: user=0.01 sys=0.00, real=0.00 secs] 
1651.747: [GC (Allocation Failure) [PSYoungGen: 62861K->1421K(62464K)] 422593K->361153K(560640K), 0.0016340 secs] [Times: user=0.01 sys=0.00, real=0.00 secs] 
1651.855: [GC (Allocation Failure) [PSYoungGen: 62349K->1453K(61952K)] 422081K->361193K(560128K), 0.0016240 secs] [Times: user=0.01 sys=0.00, real=0.00 secs] 
1651.962: [GC (Allocation Failure) [PSYoungGen: 61869K->1421K(62464K)] 421609K->361161K(560640K), 0.0016443 secs] [Times: user=0.01 sys=0.00, real=0.01 secs] 
1652.658: [GC (Allocation Failure) [PSYoungGen: 61837K->1440K(61440K)] 421577K->361180K(559616K), 0.0027448 secs] [Times: user=0.01 sys=0.00, real=0.00 secs] 
1653.480: [GC (Allocation Failure) [PSYoungGen: 61344K->1376K(60928K)] 421084K->361116K(559104K), 0.0032073 secs] [Times: user=0.02 sys=0.00, real=0.00 secs] 
1653.959: [GC (Allocation Failure) [PSYoungGen: 60768K->1360K(60416K)] 420508K->361124K(558592K), 0.0029353 secs] [Times: user=0.02 sys=0.00, real=0.00 secs] 
1654.454: [GC (Allocation Failure) [PSYoungGen: 60240K->1344K(59904K)] 420004K->361108K(558080K), 0.0025962 secs] [Times: user=0.01 sys=0.00, real=0.00 secs] 
1654.921: [GC (Allocation Failure) [PSYoungGen: 59712K->1344K(59392K)] 419476K->361108K(557568K), 0.0028225 secs] [Times: user=0.01 sys=0.00, real=0.01 secs] 
1655.340: [GC (Allocation Failure) [PSYoungGen: 59200K->416K(58368K)] 418964K->361204K(556544K), 0.0021466 secs] [Times: user=0.01 sys=0.00, real=0.00 secs] 
1655.472: [GC (Allocation Failure) [PSYoungGen: 58272K->397K(59904K)] 419060K->361185K(558080K), 0.0016208 secs] [Times: user=0.00 sys=0.00, real=0.01 secs] 
1655.586: [GC (Allocation Failure) [PSYoungGen: 58253K->461K(59904K)] 419041K->361265K(558080K), 0.0017521 secs] [Times: user=0.01 sys=0.00, real=0.00 secs] 
1655.713: [GC (Allocation Failure) [PSYoungGen: 58317K->397K(59904K)] 419121K->361201K(558080K), 0.0028579 secs] [Times: user=0.01 sys=0.00, real=0.00 secs] 
1655.835: [GC (Allocation Failure) [PSYoungGen: 58155K->256K(66048K)] 418959K->361060K(564224K), 0.0014891 secs] [Times: user=0.01 sys=0.00, real=0.00 secs] 
1657.861: [GC (Allocation Failure) [PSYoungGen: 64256K->1376K(65024K)] 425060K->362180K(563200K), 0.0026362 secs] [Times: user=0.01 sys=0.00, real=0.01 secs] 
1658.628: [GC (Allocation Failure) [PSYoungGen: 64864K->1344K(64512K)] 425668K->362148K(562688K), 0.0023583 secs] [Times: user=0.01 sys=0.00, real=0.00 secs] 
1659.693: [GC (Allocation Failure) [PSYoungGen: 64320K->1312K(64000K)] 425124K->362116K(562176K), 0.0022941 secs] [Times: user=0.01 sys=0.00, real=0.01 secs] 
1660.394: [GC (Allocation Failure) [PSYoungGen: 63776K->1344K(63488K)] 424580K->362148K(561664K), 0.0025454 secs] [Times: user=0.01 sys=0.00, real=0.00 secs] 
1660.781: [GC (Allocation Failure) [PSYoungGen: 63296K->1456K(63488K)] 424100K->362260K(561664K), 0.0032275 secs] [Times: user=0.02 sys=0.00, real=0.01 secs] 
1660.908: [GC (Allocation Failure) [PSYoungGen: 62896K->1485K(62976K)] 423700K->362297K(561152K), 0.0016407 secs] [Times: user=0.01 sys=0.00, real=0.00 secs] 
1661.016: [GC (Allocation Failure) [PSYoungGen: 62413K->1421K(61952K)] 423225K->362233K(560128K), 0.0016711 secs] [Times: user=0.00 sys=0.00, real=0.00 secs] 
1661.124: [GC (Allocation Failure) [PSYoungGen: 61837K->1488K(62976K)] 422649K->362300K(561152K), 0.0016934 secs] [Times: user=0.01 sys=0.00, real=0.00 secs] 
1661.302: [GC (Allocation Failure) [PSYoungGen: 61904K->1440K(62976K)] 422716K->362252K(561152K), 0.0016202 secs] [Times: user=0.01 sys=0.00, real=0.01 secs] 
1661.552: [GC (Allocation Failure) [PSYoungGen: 61856K->1392K(61440K)] 422668K->362204K(559616K), 0.0015557 secs] [Times: user=0.01 sys=0.00, real=0.01 secs] 
1661.800: [GC (Allocation Failure) [PSYoungGen: 61296K->1376K(60928K)] 422108K->362188K(559104K), 0.0017483 secs] [Times: user=0.01 sys=0.00, real=0.00 secs] 
1662.059: [GC (Allocation Failure) [PSYoungGen: 60768K->1376K(60416K)] 421580K->362188K(558592K), 0.0015936 secs] [Times: user=0.01 sys=0.00, real=0.00 secs] 
1662.303: [GC (Allocation Failure) [PSYoungGen: 60256K->1344K(59904K)] 421068K->362156K(558080K), 0.0021749 secs] [Times: user=0.00 sys=0.00, real=0.01 secs] 
1663.092: [GC (Allocation Failure) [PSYoungGen: 59712K->1453K(59392K)] 420524K->362265K(557568K), 0.0023910 secs] [Times: user=0.01 sys=0.00, real=0.01 secs] 
1663.262: [GC (Allocation Failure) [PSYoungGen: 59309K->1389K(59392K)] 420121K->362209K(557568K), 0.0023718 secs] [Times: user=0.01 sys=0.00, real=0.01 secs] 
1663.408: [GC (Allocation Failure) [PSYoungGen: 59245K->1424K(59392K)] 420065K->362252K(557568K), 0.0016792 secs] [Times: user=0.00 sys=0.00, real=0.00 secs] 
1663.510: [GC (Allocation Failure) [PSYoungGen: 59280K->1456K(65024K)] 420108K->362308K(563200K), 0.0015640 secs] [Times: user=0.01 sys=0.00, real=0.00 secs] 
1663.716: [GC (Allocation Failure) [PSYoungGen: 64432K->1440K(65536K)] 425284K->362292K(563712K), 0.0021197 secs] [Times: user=0.00 sys=0.00, real=0.00 secs] 
1664.265: [GC (Allocation Failure) [PSYoungGen: 64928K->1344K(64512K)] 425780K->362196K(562688K), 0.0028585 secs] [Times: user=0.01 sys=0.00, real=0.00 secs] 
1664.838: [GC (Allocation Failure) [PSYoungGen: 64320K->1344K(64000K)] 425172K->362196K(562176K), 0.0029956 secs] [Times: user=0.01 sys=0.00, real=0.00 secs] 
1665.272: [GC (Allocation Failure) [PSYoungGen: 63808K->1344K(63488K)] 424660K->362196K(561664K), 0.0022519 secs] [Times: user=0.01 sys=0.00, real=0.01 secs] 
1665.530: [GC (Allocation Failure) [PSYoungGen: 63296K->1376K(62976K)] 424148K->362228K(561152K), 0.0019018 secs] [Times: user=0.01 sys=0.00, real=0.00 secs] 
1665.717: [GC (Allocation Failure) [PSYoungGen: 62816K->1453K(62464K)] 423668K->362305K(560640K), 0.0016688 secs] [Times: user=0.01 sys=0.00, real=0.00 secs] 
1665.824: [GC (Allocation Failure) [PSYoungGen: 62381K->1421K(61952K)] 423233K->362281K(560128K), 0.0016877 secs] [Times: user=0.00 sys=0.00, real=0.00 secs] 
1665.931: [GC (Allocation Failure) [PSYoungGen: 61837K->1485K(62464K)] 422697K->362345K(560640K), 0.0016921 secs] [Times: user=0.01 sys=0.00, real=0.00 secs] 
1666.037: [GC (Allocation Failure) [PSYoungGen: 61901K->1504K(68608K)] 422761K->362364K(566784K), 0.0016372 secs] [Times: user=0.01 sys=0.00, real=0.00 secs] 
1667.003: [GC (Allocation Failure) [PSYoungGen: 68064K->1424K(67584K)] 428924K->362284K(565760K), 0.0021691 secs] [Times: user=0.01 sys=0.01, real=0.01 secs] 
1667.778: [GC (Allocation Failure) [PSYoungGen: 67472K->1376K(67072K)] 428332K->362236K(565248K), 0.0025426 secs] [Times: user=0.01 sys=0.00, real=0.00 secs] 
1668.595: [GC (Allocation Failure) [PSYoungGen: 66912K->1344K(66560K)] 427772K->362204K(564736K), 0.0028036 secs] [Times: user=0.01 sys=0.00, real=0.00 secs] 
1669.442: [GC (Allocation Failure) [PSYoungGen: 66368K->1344K(66048K)] 427228K->362204K(564224K), 0.0026391 secs] [Times: user=0.01 sys=0.00, real=0.01 secs] 
1670.125: [GC (Allocation Failure) [PSYoungGen: 65830K->1424K(65536K)] 426691K->362284K(563712K), 0.0024370 secs] [Times: user=0.01 sys=0.00, real=0.00 secs] 
1670.274: [GC (Allocation Failure) [PSYoungGen: 65424K->1424K(65024K)] 426284K->362284K(563200K), 0.0017344 secs] [Times: user=0.00 sys=0.00, real=0.00 secs] 
1670.386: [GC (Allocation Failure) [PSYoungGen: 64912K->1485K(64512K)] 425772K->362353K(562688K), 0.0016618 secs] [Times: user=0.01 sys=0.00, real=0.00 secs] 
1670.497: [GC (Allocation Failure) [PSYoungGen: 64461K->1485K(65024K)] 425329K->362353K(563200K), 0.0016051 secs] [Times: user=0.00 sys=0.00, real=0.00 secs] 
1671.086: [GC (Allocation Failure) [PSYoungGen: 64461K->1968K(64512K)] 425329K->362836K(562688K), 0.0032996 secs] [Times: user=0.01 sys=0.00, real=0.00 secs] 
1671.777: [GC (Allocation Failure) [PSYoungGen: 64432K->1344K(63488K)] 425300K->362212K(561664K), 0.0019215 secs] [Times: user=0.01 sys=0.00, real=0.00 secs] 
1672.033: [GC (Allocation Failure) [PSYoungGen: 63296K->1344K(62976K)] 424164K->362212K(561152K), 0.0021355 secs] [Times: user=0.01 sys=0.00, real=0.00 secs] 
1672.288: [GC (Allocation Failure) [PSYoungGen: 62784K->1376K(62464K)] 423652K->362244K(560640K), 0.0018643 secs] [Times: user=0.00 sys=0.00, real=0.00 secs] 
1672.541: [GC (Allocation Failure) [PSYoungGen: 62304K->1344K(61952K)] 423172K->362212K(560128K), 0.0019238 secs] [Times: user=0.01 sys=0.00, real=0.00 secs] 
1672.738: [GC (Allocation Failure) [PSYoungGen: 61760K->1469K(61440K)] 422628K->362337K(559616K), 0.0015626 secs] [Times: user=0.01 sys=0.00, real=0.00 secs] 
1672.843: [GC (Allocation Failure) [PSYoungGen: 61373K->1424K(60928K)] 422241K->362292K(559104K), 0.0017094 secs] [Times: user=0.00 sys=0.00, real=0.00 secs] 
1672.948: [GC (Allocation Failure) [PSYoungGen: 60816K->1456K(61440K)] 421684K->362332K(559616K), 0.0016714 secs] [Times: user=0.01 sys=0.00, real=0.00 secs] 
1673.053: [GC (Allocation Failure) [PSYoungGen: 61360K->1421K(61952K)] 422236K->362297K(560128K), 0.0015835 secs] [Times: user=0.01 sys=0.00, real=0.00 secs] 
1673.405: [GC (Allocation Failure) [PSYoungGen: 61325K->1424K(68096K)] 422201K->362316K(566272K), 0.0023077 secs] [Times: user=0.01 sys=0.00, real=0.00 secs] 
1674.441: [GC (Allocation Failure) [PSYoungGen: 67472K->1376K(67072K)] 428364K->362268K(565248K), 0.0045304 secs] [Times: user=0.02 sys=0.00, real=0.01 secs] 
1675.155: [GC (Allocation Failure) [PSYoungGen: 66912K->1376K(66560K)] 427804K->362268K(564736K), 0.0022772 secs] [Times: user=0.01 sys=0.00, real=0.00 secs] 
1675.599: [GC (Allocation Failure) [PSYoungGen: 66400K->1344K(66048K)] 427292K->362236K(564224K), 0.0020529 secs] [Times: user=0.01 sys=0.00, real=0.00 secs] 
1676.240: [GC (Allocation Failure) [PSYoungGen: 65856K->1344K(65536K)] 426748K->362236K(563712K), 0.0042878 secs] [Times: user=0.02 sys=0.00, real=0.01 secs] 
1676.503: [GC (Allocation Failure) [PSYoungGen: 65344K->1421K(65024K)] 426236K->362313K(563200K), 0.0020053 secs] [Times: user=0.01 sys=0.00, real=0.01 secs] 
1676.624: [GC (Allocation Failure) [PSYoungGen: 64909K->1488K(64512K)] 425801K->362388K(562688K), 0.0016623 secs] [Times: user=0.01 sys=0.01, real=0.00 secs] 
1676.736: [GC (Allocation Failure) [PSYoungGen: 64464K->1424K(64000K)] 425364K->362324K(562176K), 0.0016508 secs] [Times: user=0.00 sys=0.00, real=0.00 secs] 
1676.848: [GC (Allocation Failure) [PSYoungGen: 63888K->1485K(64512K)] 424788K->362385K(562688K), 0.0016350 secs] [Times: user=0.01 sys=0.00, real=0.00 secs] 
1677.487: [GC (Allocation Failure) [PSYoungGen: 63949K->1392K(63488K)] 424849K->362292K(561664K), 0.0022935 secs] [Times: user=0.01 sys=0.00, real=0.00 secs] 
1678.367: [GC (Allocation Failure) [PSYoungGen: 63344K->1344K(62976K)] 424244K->362244K(561152K), 0.0036916 secs] [Times: user=0.01 sys=0.00, real=0.00 secs] 
1679.072: [GC (Allocation Failure) [PSYoungGen: 62784K->1344K(62464K)] 423684K->362244K(560640K), 0.0041122 secs] [Times: user=0.02 sys=0.00, real=0.01 secs] 
1679.555: [GC (Allocation Failure) [PSYoungGen: 62272K->1344K(61952K)] 423172K->362244K(560128K), 0.0029980 secs] [Times: user=0.01 sys=0.01, real=0.00 secs] 
1679.941: [GC (Allocation Failure) [PSYoungGen: 61760K->1440K(61440K)] 422660K->362340K(559616K), 0.0022973 secs] [Times: user=0.01 sys=0.00, real=0.01 secs] 
1680.077: [GC (Allocation Failure) [PSYoungGen: 61344K->1421K(60928K)] 422244K->362321K(559104K), 0.0015852 secs] [Times: user=0.01 sys=0.00, real=0.00 secs] 
1680.182: [GC (Allocation Failure) [PSYoungGen: 60813K->1424K(60416K)] 421713K->362340K(558592K), 0.0016569 secs] [Times: user=0.00 sys=0.00, real=0.01 secs] 
1680.287: [GC (Allocation Failure) [PSYoungGen: 60304K->1485K(60928K)] 421220K->362401K(559104K), 0.0029703 secs] [Times: user=0.01 sys=0.00, real=0.00 secs] 
1680.393: [GC (Allocation Failure) [PSYoungGen: 60365K->1453K(60928K)] 421281K->362369K(559104K), 0.0016720 secs] [Times: user=0.01 sys=0.00, real=0.00 secs] 
1681.566: [GC (Allocation Failure) [PSYoungGen: 60333K->1440K(66560K)] 421249K->362356K(564736K), 0.0027481 secs] [Times: user=0.01 sys=0.00, real=0.00 secs] 
1682.965: [GC (Allocation Failure) [PSYoungGen: 66464K->1376K(66048K)] 427380K->362292K(564224K), 0.0041747 secs] [Times: user=0.02 sys=0.00, real=0.00 secs] 
1683.706: [GC (Allocation Failure) [PSYoungGen: 65888K->1344K(65536K)] 426804K->362260K(563712K), 0.0027990 secs] [Times: user=0.01 sys=0.00, real=0.00 secs] 
1684.222: [GC (Allocation Failure) [PSYoungGen: 65344K->1344K(65024K)] 426260K->362260K(563200K), 0.0023090 secs] [Times: user=0.01 sys=0.00, real=0.01 secs] 
1684.745: [GC (Allocation Failure) [PSYoungGen: 64832K->1421K(64512K)] 425748K->362337K(562688K), 0.0020817 secs] [Times: user=0.01 sys=0.00, real=0.00 secs] 
1684.895: [GC (Allocation Failure) [PSYoungGen: 64397K->1485K(64000K)] 425313K->362401K(562176K), 0.0020111 secs] [Times: user=0.01 sys=0.00, real=0.00 secs] 
1685.042: [GC (Allocation Failure) [PSYoungGen: 63949K->1453K(63488K)] 424865K->362377K(561664K), 0.0016474 secs] [Times: user=0.01 sys=0.00, real=0.01 secs] 
1685.151: [GC (Allocation Failure) [PSYoungGen: 63405K->1421K(64000K)] 424329K->362361K(562176K), 0.0016731 secs] [Times: user=0.01 sys=0.00, real=0.00 secs] 
1685.331: [GC (Allocation Failure) [PSYoungGen: 63373K->1456K(70144K)] 424313K->362396K(568320K), 0.0020681 secs] [Times: user=0.00 sys=0.00, real=0.01 secs] 
1685.864: [GC (Allocation Failure) [PSYoungGen: 69552K->1376K(69120K)] 430492K->362316K(567296K), 0.0026309 secs] [Times: user=0.01 sys=0.01, real=0.00 secs] 
1686.397: [GC (Allocation Failure) [PSYoungGen: 68960K->1312K(68608K)] 429900K->362252K(566784K), 0.0031204 secs] [Times: user=0.01 sys=0.01, real=0.00 secs] 
1687.005: [GC (Allocation Failure) [PSYoungGen: 68384K->1376K(68096K)] 429324K->362316K(566272K), 0.0029280 secs] [Times: user=0.01 sys=0.00, real=0.00 secs] 
1687.768: [GC (Allocation Failure) [PSYoungGen: 67936K->1424K(67584K)] 428876K->362364K(565760K), 0.0030889 secs] [Times: user=0.01 sys=0.00, real=0.00 secs] 
1687.957: [GC (Allocation Failure) [PSYoungGen: 67472K->1485K(67072K)] 428412K->362425K(565248K), 0.0017592 secs] [Times: user=0.00 sys=0.00, real=0.00 secs] 
1688.074: [GC (Allocation Failure) [PSYoungGen: 67021K->432K(65536K)] 427961K->362396K(563712K), 0.0016986 secs] [Times: user=0.00 sys=0.00, real=0.00 secs] 
1688.189: [GC (Allocation Failure) [PSYoungGen: 65456K->461K(67072K)] 427420K->362441K(565248K), 0.0016317 secs] [Times: user=0.00 sys=0.00, real=0.00 secs] 
1688.451: [GC (Allocation Failure) [PSYoungGen: 65485K->1504K(66048K)] 427465K->363484K(564224K), 0.0023668 secs] [Times: user=0.00 sys=0.00, real=0.01 secs] 
1689.247: [GC (Allocation Failure) [PSYoungGen: 66016K->1392K(65536K)] 427996K->363372K(563712K), 0.0028880 secs] [Times: user=0.01 sys=0.00, real=0.00 secs] 
1689.866: [GC (Allocation Failure) [PSYoungGen: 65392K->1344K(65024K)] 427372K->363324K(563200K), 0.0021085 secs] [Times: user=0.01 sys=0.00, real=0.00 secs] 
1690.904: [GC (Allocation Failure) [PSYoungGen: 64832K->1408K(64512K)] 426812K->363388K(562688K), 0.0029345 secs] [Times: user=0.01 sys=0.00, real=0.00 secs] 
1691.443: [GC (Allocation Failure) [PSYoungGen: 64384K->1344K(64000K)] 426364K->363324K(562176K), 0.0023118 secs] [Times: user=0.01 sys=0.01, real=0.00 secs] 
1691.669: [GC (Allocation Failure) [PSYoungGen: 63808K->1424K(63488K)] 425788K->363404K(561664K), 0.0016554 secs] [Times: user=0.01 sys=0.00, real=0.00 secs] 
1691.781: [GC (Allocation Failure) [PSYoungGen: 63376K->1453K(62976K)] 425356K->363433K(561152K), 0.0015986 secs] [Times: user=0.00 sys=0.00, real=0.00 secs] 
1691.889: [GC (Allocation Failure) [PSYoungGen: 62893K->1453K(62464K)] 424873K->363441K(560640K), 0.0016841 secs] [Times: user=0.01 sys=0.00, real=0.00 secs] 
1691.998: [GC (Allocation Failure) [PSYoungGen: 62381K->1453K(68608K)] 424369K->363441K(566784K), 0.0016235 secs] [Times: user=0.01 sys=0.00, real=0.00 secs] 
1693.259: [GC (Allocation Failure) [PSYoungGen: 68525K->1392K(68096K)] 430513K->363380K(566272K), 0.0031883 secs] [Times: user=0.01 sys=0.00, real=0.00 secs] 
1694.162: [GC (Allocation Failure) [PSYoungGen: 67952K->1344K(67584K)] 429940K->363340K(565760K), 0.0025615 secs] [Times: user=0.01 sys=0.00, real=0.01 secs] 
1694.777: [GC (Allocation Failure) [PSYoungGen: 67392K->1344K(67072K)] 429388K->363348K(565248K), 0.0025167 secs] [Times: user=0.01 sys=0.00, real=0.00 secs] 
1695.479: [GC (Allocation Failure) [PSYoungGen: 66880K->1360K(66560K)] 428884K->363364K(564736K), 0.0035484 secs] [Times: user=0.01 sys=0.00, real=0.00 secs] 
1696.023: [GC (Allocation Failure) [PSYoungGen: 66384K->1421K(66048K)] 428388K->363425K(564224K), 0.0023719 secs] [Times: user=0.01 sys=0.00, real=0.00 secs] 
1696.174: [GC (Allocation Failure) [PSYoungGen: 65933K->1456K(65536K)] 427937K->363460K(563712K), 0.0016412 secs] [Times: user=0.01 sys=0.00, real=0.00 secs] 
1696.287: [GC (Allocation Failure) [PSYoungGen: 65456K->1453K(65024K)] 427460K->363481K(563200K), 0.0016591 secs] [Times: user=0.01 sys=0.00, real=0.00 secs] 
1696.397: [GC (Allocation Failure) [PSYoungGen: 64941K->1485K(65536K)] 426969K->363521K(563712K), 0.0016313 secs] [Times: user=0.00 sys=0.00, real=0.00 secs] 
1696.749: [GC (Allocation Failure) [PSYoungGen: 64973K->1424K(64512K)] 427009K->363460K(562688K), 0.0018962 secs] [Times: user=0.01 sys=0.00, real=0.00 secs] 
1697.591: [GC (Allocation Failure) [PSYoungGen: 64400K->1328K(64000K)] 426436K->363364K(562176K), 0.0032285 secs] [Times: user=0.02 sys=0.00, real=0.01 secs] 
1698.181: [GC (Allocation Failure) [PSYoungGen: 63792K->1344K(63488K)] 425828K->363380K(561664K), 0.0027586 secs] [Times: user=0.01 sys=0.00, real=0.01 secs] 
1698.810: [GC (Allocation Failure) [PSYoungGen: 63296K->1376K(62976K)] 425332K->363412K(561152K), 0.0024548 secs] [Times: user=0.01 sys=0.00, real=0.00 secs] 
1699.607: [GC (Allocation Failure) [PSYoungGen: 62816K->1344K(62464K)] 424852K->363380K(560640K), 0.0042558 secs] [Times: user=0.02 sys=0.00, real=0.00 secs] 
1700.008: [GC (Allocation Failure) [PSYoungGen: 62272K->1453K(61952K)] 424308K->363489K(560128K), 0.0021418 secs] [Times: user=0.01 sys=0.00, real=0.00 secs] 
1700.135: [GC (Allocation Failure) [PSYoungGen: 61869K->1424K(61440K)] 423905K->363460K(559616K), 0.0017032 secs] [Times: user=0.00 sys=0.00, real=0.00 secs] 
1700.241: [GC (Allocation Failure) [PSYoungGen: 61328K->1421K(60928K)] 423364K->363465K(559104K), 0.0016188 secs] [Times: user=0.01 sys=0.00, real=0.00 secs] 
1700.360: [GC (Allocation Failure) [PSYoungGen: 60813K->1485K(61440K)] 422857K->363529K(559616K), 0.0018642 secs] [Times: user=0.01 sys=0.00, real=0.00 secs] 
1700.784: [GC (Allocation Failure) [PSYoungGen: 60877K->1440K(60416K)] 422921K->363484K(558592K), 0.0022820 secs] [Times: user=0.01 sys=0.00, real=0.00 secs] 
1701.825: [GC (Allocation Failure) [PSYoungGen: 60320K->1440K(67072K)] 422364K->363484K(565248K), 0.0246863 secs] [Times: user=0.02 sys=0.12, real=0.02 secs] 
1702.746: [GC (Allocation Failure) [PSYoungGen: 66464K->1344K(67072K)] 428508K->363388K(565248K), 0.0027463 secs] [Times: user=0.01 sys=0.00, real=0.00 secs] 
1703.402: [GC (Allocation Failure) [PSYoungGen: 66368K->1376K(66048K)] 428412K->363420K(564224K), 0.0039756 secs] [Times: user=0.01 sys=0.00, real=0.01 secs] 
1704.096: [GC (Allocation Failure) [PSYoungGen: 65888K->1360K(65536K)] 427932K->363404K(563712K), 0.0028838 secs] [Times: user=0.01 sys=0.00, real=0.00 secs] 
1704.323: [GC (Allocation Failure) [PSYoungGen: 65360K->1453K(65024K)] 427404K->363497K(563200K), 0.0021783 secs] [Times: user=0.01 sys=0.00, real=0.01 secs] 
1704.456: [GC (Allocation Failure) [PSYoungGen: 64941K->1453K(64512K)] 426985K->363513K(562688K), 0.0018589 secs] [Times: user=0.01 sys=0.00, real=0.00 secs] 
1704.582: [GC (Allocation Failure) [PSYoungGen: 64429K->1485K(65024K)] 426489K->363545K(563200K), 0.0019374 secs] [Times: user=0.00 sys=0.00, real=0.01 secs] 
1704.724: [GC (Allocation Failure) [PSYoungGen: 64461K->1549K(71168K)] 426521K->363609K(569344K), 0.0019314 secs] [Times: user=0.01 sys=0.00, real=0.00 secs] 
1705.522: [GC (Allocation Failure) [PSYoungGen: 70669K->1376K(70144K)] 432729K->363460K(568320K), 0.0031975 secs] [Times: user=0.01 sys=0.01, real=0.01 secs] 
1706.203: [GC (Allocation Failure) [PSYoungGen: 69984K->1344K(69632K)] 432068K->363428K(567808K), 0.0024517 secs] [Times: user=0.01 sys=0.00, real=0.01 secs] 
1706.865: [GC (Allocation Failure) [PSYoungGen: 69440K->1344K(69120K)] 431524K->363428K(567296K), 0.0035601 secs] [Times: user=0.01 sys=0.00, real=0.00 secs] 
1707.876: [GC (Allocation Failure) [PSYoungGen: 68928K->1328K(68608K)] 431012K->363412K(566784K), 0.0028857 secs] [Times: user=0.01 sys=0.00, real=0.00 secs] 
1708.338: [GC (Allocation Failure) [PSYoungGen: 68400K->1485K(68096K)] 430484K->363569K(566272K), 0.0020492 secs] [Times: user=0.00 sys=0.00, real=0.00 secs] 
1708.465: [GC (Allocation Failure) [PSYoungGen: 68045K->1485K(67584K)] 430129K->363569K(565760K), 0.0019232 secs] [Times: user=0.01 sys=0.00, real=0.00 secs] 
1708.583: [GC (Allocation Failure) [PSYoungGen: 67533K->1456K(67072K)] 429617K->363548K(565248K), 0.0017442 secs] [Times: user=0.01 sys=0.00, real=0.01 secs] 
1708.698: [GC (Allocation Failure) [PSYoungGen: 66963K->1453K(67584K)] 429056K->363545K(565760K), 0.0018560 secs] [Times: user=0.00 sys=0.01, real=0.00 secs] 
1709.705: [GC (Allocation Failure) [PSYoungGen: 66989K->1376K(66560K)] 429081K->363468K(564736K), 0.0040294 secs] [Times: user=0.01 sys=0.00, real=0.00 secs] 
1710.593: [GC (Allocation Failure) [PSYoungGen: 66400K->1344K(66048K)] 428492K->363436K(564224K), 0.0026257 secs] [Times: user=0.01 sys=0.00, real=0.00 secs] 
1711.057: [GC (Allocation Failure) [PSYoungGen: 65856K->1376K(65536K)] 427948K->363468K(563712K), 0.0022192 secs] [Times: user=0.01 sys=0.00, real=0.00 secs] 
1711.427: [GC (Allocation Failure) [PSYoungGen: 65376K->1408K(65024K)] 427468K->363500K(563200K), 0.0020295 secs] [Times: user=0.00 sys=0.00, real=0.00 secs] 
1711.785: [GC (Allocation Failure) [PSYoungGen: 64894K->1453K(64512K)] 426986K->363545K(562688K), 0.0019509 secs] [Times: user=0.01 sys=0.00, real=0.00 secs] 
1711.910: [GC (Allocation Failure) [PSYoungGen: 64429K->1421K(64000K)] 426521K->363513K(562176K), 0.0022940 secs] [Times: user=0.01 sys=0.00, real=0.00 secs] 
1712.025: [GC (Allocation Failure) [PSYoungGen: 63885K->1485K(63488K)] 425977K->363577K(561664K), 0.0014814 secs] [Times: user=0.01 sys=0.00, real=0.00 secs] 
1712.137: [GC (Allocation Failure) [PSYoungGen: 63437K->1485K(64000K)] 425529K->363593K(562176K), 0.0016215 secs] [Times: user=0.00 sys=0.00, real=0.00 secs] 
1712.479: [GC (Allocation Failure) [PSYoungGen: 63437K->1440K(62976K)] 425545K->363548K(561152K), 0.0018901 secs] [Times: user=0.00 sys=0.00, real=0.00 secs] 
1712.917: [GC (Allocation Failure) [PSYoungGen: 62880K->1344K(62464K)] 424988K->363452K(560640K), 0.0020723 secs] [Times: user=0.01 sys=0.00, real=0.00 secs] 
1713.171: [GC (Allocation Failure) [PSYoungGen: 62272K->1376K(61952K)] 424380K->363484K(560128K), 0.0019161 secs] [Times: user=0.01 sys=0.00, real=0.00 secs] 
1713.423: [GC (Allocation Failure) [PSYoungGen: 61792K->1344K(61440K)] 423900K->363452K(559616K), 0.0020354 secs] [Times: user=0.00 sys=0.00, real=0.01 secs] 
1713.673: [GC (Allocation Failure) [PSYoungGen: 61248K->1376K(60928K)] 423356K->363508K(559104K), 0.0020363 secs] [Times: user=0.01 sys=0.00, real=0.00 secs] 
1713.829: [GC (Allocation Failure) [PSYoungGen: 60753K->1453K(60416K)] 422885K->363585K(558592K), 0.0016011 secs] [Times: user=0.00 sys=0.00, real=0.00 secs] 
1713.932: [GC (Allocation Failure) [PSYoungGen: 60333K->1456K(60928K)] 422465K->363588K(559104K), 0.0016856 secs] [Times: user=0.01 sys=0.01, real=0.01 secs] 
1714.037: [GC (Allocation Failure) [PSYoungGen: 60336K->1472K(66560K)] 422468K->363620K(564736K), 0.0016485 secs] [Times: user=0.00 sys=0.00, real=0.00 secs] 
1714.151: [GC (Allocation Failure) [PSYoungGen: 65984K->1456K(66560K)] 428132K->363604K(564736K), 0.0016469 secs] [Times: user=0.00 sys=0.00, real=0.00 secs] 
1714.515: [GC (Allocation Failure) [PSYoungGen: 65968K->1424K(72704K)] 428116K->363572K(570880K), 0.0020657 secs] [Times: user=0.00 sys=0.01, real=0.00 secs] 
1715.219: [GC (Allocation Failure) [PSYoungGen: 72592K->1376K(72192K)] 434740K->363524K(570368K), 0.0022913 secs] [Times: user=0.01 sys=0.00, real=0.00 secs] 
1715.813: [GC (Allocation Failure) [PSYoungGen: 72032K->1344K(71680K)] 434180K->363492K(569856K), 0.0024005 secs] [Times: user=0.01 sys=0.00, real=0.01 secs] 
1716.506: [GC (Allocation Failure) [PSYoungGen: 71488K->1344K(71168K)] 433636K->363492K(569344K), 0.0023319 secs] [Times: user=0.01 sys=0.00, real=0.00 secs] 
1716.889: [GC (Allocation Failure) [PSYoungGen: 70976K->1485K(70656K)] 433124K->363633K(568832K), 0.0019531 secs] [Times: user=0.01 sys=0.00, real=0.00 secs] 
1717.013: [GC (Allocation Failure) [PSYoungGen: 70605K->1488K(70144K)] 432753K->363636K(568320K), 0.0016511 secs] [Times: user=0.01 sys=0.00, real=0.01 secs] 
1717.133: [GC (Allocation Failure) [PSYoungGen: 70076K->1456K(69632K)] 432224K->363620K(567808K), 0.0017120 secs] [Times: user=0.01 sys=0.00, real=0.01 secs] 
1717.253: [GC (Allocation Failure) [PSYoungGen: 69552K->1456K(70144K)] 431716K->363620K(568320K), 0.0016387 secs] [Times: user=0.00 sys=0.00, real=0.01 secs] 
1718.614: [GC (Allocation Failure) [PSYoungGen: 69552K->1392K(69120K)] 431716K->363556K(567296K), 0.0034614 secs] [Times: user=0.01 sys=0.00, real=0.00 secs] 
1718.989: [GC (Allocation Failure) [PSYoungGen: 68976K->1376K(68608K)] 431140K->363540K(566784K), 0.0022488 secs] [Times: user=0.01 sys=0.00, real=0.00 secs] 
1719.268: [GC (Allocation Failure) [PSYoungGen: 68448K->1344K(68096K)] 430612K->363508K(566272K), 0.0018878 secs] [Times: user=0.01 sys=0.00, real=0.00 secs] 
1719.718: [GC (Allocation Failure) [PSYoungGen: 67904K->1424K(67584K)] 430068K->363588K(565760K), 0.0033363 secs] [Times: user=0.02 sys=0.00, real=0.00 secs] 
1720.026: [GC (Allocation Failure) [PSYoungGen: 67472K->1389K(67072K)] 429636K->363553K(565248K), 0.0015550 secs] [Times: user=0.00 sys=0.00, real=0.00 secs] 
1720.159: [GC (Allocation Failure) [PSYoungGen: 66925K->1456K(66560K)] 429089K->363620K(564736K), 0.0019902 secs] [Times: user=0.00 sys=0.00, real=0.00 secs] 
1720.313: [GC (Allocation Failure) [PSYoungGen: 66480K->413K(65024K)] 428644K->363601K(563200K), 0.0019238 secs] [Times: user=0.01 sys=0.00, real=0.00 secs] 
1720.445: [GC (Allocation Failure) [PSYoungGen: 64925K->397K(73216K)] 428113K->363593K(571392K), 0.0017213 secs] [Times: user=0.00 sys=0.00, real=0.00 secs] 
1720.900: [GC (Allocation Failure) [PSYoungGen: 71565K->1408K(72192K)] 434761K->364604K(570368K), 0.0026357 secs] [Times: user=0.01 sys=0.00, real=0.00 secs] 
1721.357: [GC (Allocation Failure) [PSYoungGen: 72064K->1344K(71680K)] 435260K->364540K(569856K), 0.0019410 secs] [Times: user=0.00 sys=0.00, real=0.00 secs] 
1721.648: [GC (Allocation Failure) [PSYoungGen: 71488K->1344K(71168K)] 434684K->364540K(569344K), 0.0022014 secs] [Times: user=0.01 sys=0.00, real=0.00 secs] 
1722.000: [GC (Allocation Failure) [PSYoungGen: 70976K->1344K(70656K)] 434172K->364540K(568832K), 0.0019237 secs] [Times: user=0.01 sys=0.00, real=0.00 secs] 
1722.314: [GC (Allocation Failure) [PSYoungGen: 70464K->1485K(70144K)] 433660K->364681K(568320K), 0.0016121 secs] [Times: user=0.00 sys=0.00, real=0.00 secs] 
1722.439: [GC (Allocation Failure) [PSYoungGen: 70093K->1421K(69632K)] 433289K->364617K(567808K), 0.0016721 secs] [Times: user=0.00 sys=0.00, real=0.00 secs] 
1722.560: [GC (Allocation Failure) [PSYoungGen: 69517K->1421K(69120K)] 432713K->364617K(567296K), 0.0016711 secs] [Times: user=0.00 sys=0.00, real=0.00 secs] 
1722.680: [GC (Allocation Failure) [PSYoungGen: 69005K->1456K(69632K)] 432201K->364676K(567808K), 0.0016179 secs] [Times: user=0.00 sys=0.01, real=0.00 secs] 
1723.358: [GC (Allocation Failure) [PSYoungGen: 69040K->1344K(68608K)] 432260K->364564K(566784K), 0.0020226 secs] [Times: user=0.01 sys=0.00, real=0.00 secs] 
1723.743: [GC (Allocation Failure) [PSYoungGen: 68416K->1424K(68096K)] 431636K->364644K(566272K), 0.0027857 secs] [Times: user=0.01 sys=0.00, real=0.01 secs] 
1724.173: [GC (Allocation Failure) [PSYoungGen: 67984K->1312K(67584K)] 431204K->364532K(565760K), 0.0027593 secs] [Times: user=0.01 sys=0.00, real=0.01 secs] 
1724.691: [GC (Allocation Failure) [PSYoungGen: 67360K->1344K(67072K)] 430580K->364564K(565248K), 0.0037933 secs] [Times: user=0.02 sys=0.00, real=0.01 secs] 
1725.070: [GC (Allocation Failure) [PSYoungGen: 66880K->1421K(66560K)] 430100K->364641K(564736K), 0.0021239 secs] [Times: user=0.01 sys=0.00, real=0.00 secs] 
1725.197: [GC (Allocation Failure) [PSYoungGen: 66445K->1437K(66048K)] 429665K->364657K(564224K), 0.0016982 secs] [Times: user=0.01 sys=0.00, real=0.00 secs] 
1725.311: [GC (Allocation Failure) [PSYoungGen: 65949K->1424K(65536K)] 429169K->364644K(563712K), 0.0016351 secs] [Times: user=0.00 sys=0.00, real=0.00 secs] 
1725.424: [GC (Allocation Failure) [PSYoungGen: 65424K->1488K(71680K)] 428644K->364716K(569856K), 0.0017002 secs] [Times: user=0.00 sys=0.00, real=0.00 secs] 
1727.158: [GC (Allocation Failure) [PSYoungGen: 71632K->1360K(71168K)] 434860K->364588K(569344K), 0.0037648 secs] [Times: user=0.01 sys=0.00, real=0.00 secs] 
1727.814: [GC (Allocation Failure) [PSYoungGen: 70992K->1344K(70656K)] 434220K->364572K(568832K), 0.0037610 secs] [Times: user=0.02 sys=0.00, real=0.00 secs] 
1728.415: [GC (Allocation Failure) [PSYoungGen: 70464K->1344K(70144K)] 433692K->364572K(568320K), 0.0030392 secs] [Times: user=0.01 sys=0.00, real=0.00 secs] 
1728.975: [GC (Allocation Failure) [PSYoungGen: 69952K->1344K(69632K)] 433180K->364572K(567808K), 0.0027699 secs] [Times: user=0.01 sys=0.00, real=0.00 secs] 
1729.186: [GC (Allocation Failure) [PSYoungGen: 69440K->1421K(69120K)] 432668K->364649K(567296K), 0.0017396 secs] [Times: user=0.00 sys=0.00, real=0.00 secs] 
1729.305: [GC (Allocation Failure) [PSYoungGen: 69005K->1456K(68608K)] 432233K->364684K(566784K), 0.0017122 secs] [Times: user=0.00 sys=0.00, real=0.00 secs] 
1729.423: [GC (Allocation Failure) [PSYoungGen: 68528K->1456K(68096K)] 431756K->364684K(566272K), 0.0016609 secs] [Times: user=0.00 sys=0.00, real=0.00 secs] 
1729.540: [GC (Allocation Failure) [PSYoungGen: 68016K->1488K(68608K)] 431244K->364724K(566784K), 0.0016504 secs] [Times: user=0.01 sys=0.00, real=0.00 secs] 
1730.061: [GC (Allocation Failure) [PSYoungGen: 68048K->1440K(67584K)] 431284K->364676K(565760K), 0.0021958 secs] [Times: user=0.01 sys=0.00, real=0.01 secs] 
1730.602: [GC (Allocation Failure) [PSYoungGen: 67488K->1376K(67072K)] 430724K->364612K(565248K), 0.0023693 secs] [Times: user=0.01 sys=0.00, real=0.01 secs] 
1731.226: [GC (Allocation Failure) [PSYoungGen: 66912K->1344K(66560K)] 430148K->364580K(564736K), 0.0020736 secs] [Times: user=0.01 sys=0.00, real=0.00 secs] 
1731.787: [GC (Allocation Failure) [PSYoungGen: 66368K->1376K(66048K)] 429604K->364612K(564224K), 0.0032499 secs] [Times: user=0.02 sys=0.00, real=0.00 secs] 
1732.149: [GC (Allocation Failure) [PSYoungGen: 65888K->1453K(65536K)] 429124K->364689K(563712K), 0.0021071 secs] [Times: user=0.00 sys=0.01, real=0.00 secs] 
1732.281: [GC (Allocation Failure) [PSYoungGen: 65453K->1520K(65024K)] 428689K->364756K(563200K), 0.0015290 secs] [Times: user=0.00 sys=0.00, real=0.00 secs] 
1732.393: [GC (Allocation Failure) [PSYoungGen: 65008K->1453K(64512K)] 428244K->364689K(562688K), 0.0015932 secs] [Times: user=0.01 sys=0.00, real=0.01 secs] 
1732.506: [GC (Allocation Failure) [PSYoungGen: 64429K->1520K(70656K)] 427665K->364772K(568832K), 0.0015853 secs] [Times: user=0.00 sys=0.00, real=0.00 secs] 
1732.963: [GC (Allocation Failure) [PSYoungGen: 70640K->1456K(70144K)] 433892K->364708K(568320K), 0.0022961 secs] [Times: user=0.01 sys=0.00, real=0.00 secs] 
1733.675: [GC (Allocation Failure) [PSYoungGen: 70064K->1344K(69632K)] 433316K->364620K(567808K), 0.0023480 secs] [Times: user=0.01 sys=0.00, real=0.00 secs] 
1734.494: [GC (Allocation Failure) [PSYoungGen: 69440K->1344K(69120K)] 432716K->364620K(567296K), 0.0027464 secs] [Times: user=0.01 sys=0.00, real=0.00 secs] 
1735.303: [GC (Allocation Failure) [PSYoungGen: 68928K->1344K(68608K)] 432204K->364620K(566784K), 0.0036122 secs] [Times: user=0.02 sys=0.00, real=0.01 secs] 
1735.949: [GC (Allocation Failure) [PSYoungGen: 68416K->1421K(68096K)] 431692K->364697K(566272K), 0.0028650 secs] [Times: user=0.00 sys=0.01, real=0.00 secs] 
1736.176: [GC (Allocation Failure) [PSYoungGen: 67981K->1453K(67584K)] 431257K->364729K(565760K), 0.0022009 secs] [Times: user=0.01 sys=0.00, real=0.00 secs] 
1736.354: [GC (Allocation Failure) [PSYoungGen: 67501K->1453K(67072K)] 430777K->364729K(565248K), 0.0021539 secs] [Times: user=0.01 sys=0.00, real=0.00 secs] 
1736.506: [GC (Allocation Failure) [PSYoungGen: 66960K->1456K(66560K)] 430237K->364748K(564736K), 0.0018600 secs] [Times: user=0.01 sys=0.00, real=0.00 secs] 
1736.972: [GC (Allocation Failure) [PSYoungGen: 66480K->1408K(66048K)] 429772K->364700K(564224K), 0.0034895 secs] [Times: user=0.01 sys=0.00, real=0.01 secs] 
1737.634: [GC (Allocation Failure) [PSYoungGen: 65920K->1344K(65536K)] 429212K->364636K(563712K), 0.0026254 secs] [Times: user=0.01 sys=0.00, real=0.00 secs] 
1738.248: [GC (Allocation Failure) [PSYoungGen: 65344K->1344K(65024K)] 428636K->364636K(563200K), 0.0022379 secs] [Times: user=0.01 sys=0.00, real=0.00 secs] 
1738.783: [GC (Allocation Failure) [PSYoungGen: 64832K->1376K(64512K)] 428124K->364668K(562688K), 0.0025384 secs] [Times: user=0.01 sys=0.00, real=0.00 secs] 
1739.127: [GC (Allocation Failure) [PSYoungGen: 64352K->1392K(64000K)] 427644K->364684K(562176K), 0.0021618 secs] [Times: user=0.01 sys=0.00, real=0.00 secs] 
1739.258: [GC (Allocation Failure) [PSYoungGen: 63856K->1485K(63488K)] 427148K->364777K(561664K), 0.0017058 secs] [Times: user=0.01 sys=0.00, real=0.00 secs] 
1739.368: [GC (Allocation Failure) [PSYoungGen: 63437K->429K(61952K)] 426729K->364745K(560128K), 0.0016828 secs] [Times: user=0.00 sys=0.00, real=0.00 secs] 
1739.475: [GC (Allocation Failure) [PSYoungGen: 61869K->429K(63488K)] 426185K->364761K(561664K), 0.0015876 secs] [Times: user=0.01 sys=0.00, real=0.00 secs] 
1739.600: [GC (Allocation Failure) [PSYoungGen: 61869K->461K(69632K)] 426201K->364793K(567808K), 0.0018448 secs] [Times: user=0.01 sys=0.00, real=0.00 secs] 
1740.388: [GC (Allocation Failure) [PSYoungGen: 68045K->1376K(68608K)] 432377K->365708K(566784K), 0.0026835 secs] [Times: user=0.01 sys=0.01, real=0.00 secs] 
1741.106: [GC (Allocation Failure) [PSYoungGen: 68448K->1344K(68096K)] 432780K->365676K(566272K), 0.0034970 secs] [Times: user=0.01 sys=0.00, real=0.00 secs] 
1741.812: [GC (Allocation Failure) [PSYoungGen: 67904K->1344K(67584K)] 432236K->365676K(565760K), 0.0037367 secs] [Times: user=0.02 sys=0.00, real=0.01 secs] 
1743.233: [GC (Allocation Failure) [PSYoungGen: 67392K->1344K(67072K)] 431724K->365676K(565248K), 0.0042597 secs] [Times: user=0.02 sys=0.00, real=0.01 secs] 
1743.734: [GC (Allocation Failure) [PSYoungGen: 66880K->1421K(66560K)] 431212K->365753K(564736K), 0.0020425 secs] [Times: user=0.01 sys=0.00, real=0.00 secs] 
1743.874: [GC (Allocation Failure) [PSYoungGen: 66445K->1421K(67072K)] 430777K->365753K(565248K), 0.0034861 secs] [Times: user=0.02 sys=0.00, real=0.00 secs] 
1743.989: [GC (Allocation Failure) [PSYoungGen: 66445K->1456K(67072K)] 430777K->365796K(565248K), 0.0016251 secs] [Times: user=0.00 sys=0.00, real=0.00 secs] 
1744.103: [GC (Allocation Failure) [PSYoungGen: 66480K->1472K(73728K)] 430820K->365812K(571904K), 0.0017830 secs] [Times: user=0.00 sys=0.00, real=0.01 secs] 
1744.876: [GC (Allocation Failure) [PSYoungGen: 73152K->1440K(73728K)] 437492K->365780K(571904K), 0.0020601 secs] [Times: user=0.01 sys=0.00, real=0.00 secs] 
1745.167: [GC (Allocation Failure) [PSYoungGen: 73120K->1376K(72704K)] 437460K->365732K(570880K), 0.0020965 secs] [Times: user=0.00 sys=0.00, real=0.00 secs] 
1745.488: [GC (Allocation Failure) [PSYoungGen: 72544K->1376K(72192K)] 436900K->365732K(570368K), 0.0021729 secs] [Times: user=0.01 sys=0.01, real=0.00 secs] 
1745.783: [GC (Allocation Failure) [PSYoungGen: 72032K->1360K(71680K)] 436388K->365716K(569856K), 0.0021521 secs] [Times: user=0.01 sys=0.00, real=0.00 secs] 
1746.077: [GC (Allocation Failure) [PSYoungGen: 71504K->1456K(71168K)] 435860K->365812K(569344K), 0.0023891 secs] [Times: user=0.01 sys=0.00, real=0.00 secs] 
1746.223: [GC (Allocation Failure) [PSYoungGen: 71088K->1456K(70656K)] 435444K->365812K(568832K), 0.0016881 secs] [Times: user=0.00 sys=0.00, real=0.01 secs] 
1746.345: [GC (Allocation Failure) [PSYoungGen: 70576K->1488K(70144K)] 434932K->365844K(568320K), 0.0015353 secs] [Times: user=0.01 sys=0.01, real=0.00 secs] 
1746.466: [GC (Allocation Failure) [PSYoungGen: 70051K->256K(76800K)] 434407K->364620K(574976K), 0.0015935 secs] [Times: user=0.01 sys=0.00, real=0.00 secs] 
1747.564: [GC (Allocation Failure) [PSYoungGen: 75520K->1344K(76288K)] 439884K->365708K(574464K), 0.0024028 secs] [Times: user=0.01 sys=0.00, real=0.00 secs] 
1748.583: [GC (Allocation Failure) [PSYoungGen: 76096K->1344K(75776K)] 440460K->365708K(573952K), 0.0025932 secs] [Times: user=0.01 sys=0.00, real=0.01 secs] 
1749.180: [GC (Allocation Failure) [PSYoungGen: 75584K->1344K(75264K)] 439948K->365708K(573440K), 0.0023431 secs] [Times: user=0.01 sys=0.00, real=0.00 secs] 
1750.184: [GC (Allocation Failure) [PSYoungGen: 75072K->1389K(74752K)] 439436K->365753K(572928K), 0.0028810 secs] [Times: user=0.01 sys=0.00, real=0.00 secs] 
1750.367: [GC (Allocation Failure) [PSYoungGen: 74605K->1453K(74240K)] 438969K->365817K(572416K), 0.0015607 secs] [Times: user=0.01 sys=0.00, real=0.00 secs] 
1750.496: [GC (Allocation Failure) [PSYoungGen: 74157K->1485K(73728K)] 438521K->365849K(571904K), 0.0020068 secs] [Times: user=0.01 sys=0.00, real=0.00 secs] 
1750.623: [GC (Allocation Failure) [PSYoungGen: 73677K->1456K(73216K)] 438041K->365820K(571392K), 0.0017362 secs] [Times: user=0.00 sys=0.00, real=0.01 secs] 
1750.897: [GC (Allocation Failure) [PSYoungGen: 73136K->1408K(72704K)] 437500K->365772K(570880K), 0.0018614 secs] [Times: user=0.01 sys=0.00, real=0.00 secs] 
1751.192: [GC (Allocation Failure) [PSYoungGen: 72576K->1344K(72192K)] 436940K->365708K(570368K), 0.0018106 secs] [Times: user=0.00 sys=0.00, real=0.01 secs] 
1751.535: [GC (Allocation Failure) [PSYoungGen: 72000K->1376K(71680K)] 436364K->365740K(569856K), 0.0017695 secs] [Times: user=0.00 sys=0.00, real=0.00 secs] 
1751.988: [GC (Allocation Failure) [PSYoungGen: 71520K->1344K(71168K)] 435884K->365708K(569344K), 0.0019151 secs] [Times: user=0.00 sys=0.00, real=0.00 secs] 
1752.321: [GC (Allocation Failure) [PSYoungGen: 70976K->1456K(70656K)] 435340K->365820K(568832K), 0.0022437 secs] [Times: user=0.01 sys=0.00, real=0.01 secs] 
1752.473: [GC (Allocation Failure) [PSYoungGen: 70576K->1453K(70144K)] 434940K->365817K(568320K), 0.0017043 secs] [Times: user=0.00 sys=0.00, real=0.01 secs] 
1752.593: [GC (Allocation Failure) [PSYoungGen: 70034K->1453K(69632K)] 434399K->365817K(567808K), 0.0016739 secs] [Times: user=0.01 sys=0.00, real=0.01 secs] 
1752.732: [GC (Allocation Failure) [PSYoungGen: 69549K->1453K(70144K)] 433913K->365825K(568320K), 0.0019211 secs] [Times: user=0.01 sys=0.00, real=0.01 secs] 
1753.412: [GC (Allocation Failure) [PSYoungGen: 69549K->1376K(69120K)] 433921K->365756K(567296K), 0.0040043 secs] [Times: user=0.02 sys=0.01, real=0.01 secs] 
1754.015: [GC (Allocation Failure) [PSYoungGen: 68960K->1344K(68608K)] 433340K->365740K(566784K), 0.0027247 secs] [Times: user=0.01 sys=0.00, real=0.00 secs] 
1754.888: [GC (Allocation Failure) [PSYoungGen: 68416K->1312K(68096K)] 432812K->365708K(566272K), 0.0024265 secs] [Times: user=0.01 sys=0.00, real=0.00 secs] 
1755.860: [GC (Allocation Failure) [PSYoungGen: 67872K->1360K(67584K)] 432268K->365756K(565760K), 0.0043078 secs] [Times: user=0.02 sys=0.00, real=0.01 secs] 
1756.279: [GC (Allocation Failure) [PSYoungGen: 67408K->1456K(67072K)] 431804K->365852K(565248K), 0.0020177 secs] [Times: user=0.01 sys=0.00, real=0.00 secs] 
1756.417: [GC (Allocation Failure) [PSYoungGen: 66975K->1421K(66560K)] 431372K->365817K(564736K), 0.0018282 secs] [Times: user=0.00 sys=0.00, real=0.00 secs] 
1756.531: [GC (Allocation Failure) [PSYoungGen: 66445K->1424K(66048K)] 430841K->365820K(564224K), 0.0016328 secs] [Times: user=0.01 sys=0.00, real=0.00 secs] 
1756.645: [GC (Allocation Failure) [PSYoungGen: 65936K->1485K(72192K)] 430332K->365889K(570368K), 0.0016138 secs] [Times: user=0.00 sys=0.00, real=0.00 secs] 
1757.205: [GC (Allocation Failure) [PSYoungGen: 72141K->1392K(71680K)] 436545K->365796K(569856K), 0.0019597 secs] [Times: user=0.01 sys=0.00, real=0.00 secs] 
1757.554: [GC (Allocation Failure) [PSYoungGen: 71536K->1344K(71168K)] 435940K->365748K(569344K), 0.0019356 secs] [Times: user=0.01 sys=0.00, real=0.00 secs] 
1757.952: [GC (Allocation Failure) [PSYoungGen: 70976K->1344K(70656K)] 435380K->365748K(568832K), 0.0019618 secs] [Times: user=0.01 sys=0.00, real=0.01 secs] 
1758.483: [GC (Allocation Failure) [PSYoungGen: 70464K->1344K(70144K)] 434868K->365748K(568320K), 0.0019553 secs] [Times: user=0.01 sys=0.00, real=0.01 secs] 
1758.846: [GC (Allocation Failure) [PSYoungGen: 69952K->1456K(69632K)] 434356K->365860K(567808K), 0.0018788 secs] [Times: user=0.01 sys=0.00, real=0.00 secs] 
1758.965: [GC (Allocation Failure) [PSYoungGen: 69552K->1453K(69120K)] 433956K->365857K(567296K), 0.0016695 secs] [Times: user=0.01 sys=0.00, real=0.00 secs] 
1759.085: [GC (Allocation Failure) [PSYoungGen: 69037K->1453K(68608K)] 433441K->365857K(566784K), 0.0017021 secs] [Times: user=0.01 sys=0.00, real=0.00 secs] 
1759.203: [GC (Allocation Failure) [PSYoungGen: 68517K->1488K(69120K)] 432922K->365900K(567296K), 0.0016179 secs] [Times: user=0.00 sys=0.00, real=0.01 secs] 
1760.446: [GC (Allocation Failure) [PSYoungGen: 68560K->1472K(68096K)] 432972K->365884K(566272K), 0.0031946 secs] [Times: user=0.01 sys=0.00, real=0.00 secs] 
1761.453: [GC (Allocation Failure) [PSYoungGen: 68032K->1344K(67584K)] 432444K->365756K(565760K), 0.0026541 secs] [Times: user=0.01 sys=0.00, real=0.01 secs] 
1762.205: [GC (Allocation Failure) [PSYoungGen: 67392K->1376K(67072K)] 431804K->365788K(565248K), 0.0021004 secs] [Times: user=0.01 sys=0.00, real=0.00 secs] 
1762.860: [GC (Allocation Failure) [PSYoungGen: 66912K->1344K(66560K)] 431324K->365756K(564736K), 0.0020849 secs] [Times: user=0.00 sys=0.00, real=0.00 secs] 
1763.238: [GC (Allocation Failure) [PSYoungGen: 66368K->1488K(66048K)] 430780K->365900K(564224K), 0.0031820 secs] [Times: user=0.01 sys=0.01, real=0.00 secs] 
1763.358: [GC (Allocation Failure) [PSYoungGen: 65968K->1536K(66048K)] 430381K->365948K(564224K), 0.0015293 secs] [Times: user=0.01 sys=0.00, real=0.00 secs] 
1763.489: [GC (Allocation Failure) [PSYoungGen: 65536K->429K(64000K)] 429948K->365865K(562176K), 0.0018935 secs] [Times: user=0.01 sys=0.00, real=0.00 secs] 
1763.630: [GC (Allocation Failure) [PSYoungGen: 63917K->429K(71680K)] 429353K->365881K(569856K), 0.0018089 secs] [Times: user=0.01 sys=0.00, real=0.00 secs] 
1764.650: [GC (Allocation Failure) [PSYoungGen: 70061K->1376K(70656K)] 435513K->366828K(568832K), 0.0026807 secs] [Times: user=0.01 sys=0.00, real=0.00 secs] 
1765.413: [GC (Allocation Failure) [PSYoungGen: 70496K->1344K(70144K)] 435948K->366796K(568320K), 0.0029866 secs] [Times: user=0.01 sys=0.00, real=0.00 secs] 
1766.480: [GC (Allocation Failure) [PSYoungGen: 69952K->1344K(69632K)] 435404K->366812K(567808K), 0.0032627 secs] [Times: user=0.01 sys=0.00, real=0.01 secs] 
1767.457: [GC (Allocation Failure) [PSYoungGen: 69440K->1344K(69120K)] 434908K->366812K(567296K), 0.0038006 secs] [Times: user=0.02 sys=0.00, real=0.00 secs] 
1768.214: [GC (Allocation Failure) [PSYoungGen: 68928K->1421K(68608K)] 434396K->366889K(566784K), 0.0020283 secs] [Times: user=0.01 sys=0.00, real=0.00 secs] 
1768.350: [GC (Allocation Failure) [PSYoungGen: 68471K->1456K(68096K)] 433940K->366932K(566272K), 0.0016928 secs] [Times: user=0.01 sys=0.00, real=0.00 secs] 
1768.469: [GC (Allocation Failure) [PSYoungGen: 68016K->1485K(67584K)] 433492K->366961K(565760K), 0.0017013 secs] [Times: user=0.00 sys=0.00, real=0.00 secs] 
1768.585: [GC (Allocation Failure) [PSYoungGen: 67533K->1517K(68096K)] 433009K->367001K(566272K), 0.0018193 secs] [Times: user=0.00 sys=0.00, real=0.00 secs] 
1768.832: [GC (Allocation Failure) [PSYoungGen: 67565K->1472K(67072K)] 433049K->366956K(565248K), 0.0017852 secs] [Times: user=0.00 sys=0.00, real=0.01 secs] 
1769.184: [GC (Allocation Failure) [PSYoungGen: 67008K->1440K(66560K)] 432492K->366924K(564736K), 0.0019906 secs] [Times: user=0.01 sys=0.00, real=0.00 secs] 
1769.901: [GC (Allocation Failure) [PSYoungGen: 66464K->1376K(66048K)] 431948K->366860K(564224K), 0.0017656 secs] [Times: user=0.00 sys=0.00, real=0.00 secs] 
1770.592: [GC (Allocation Failure) [PSYoungGen: 65888K->1408K(65536K)] 431372K->366892K(563712K), 0.0039222 secs] [Times: user=0.01 sys=0.00, real=0.01 secs] 
1771.130: [GC (Allocation Failure) [PSYoungGen: 65408K->1469K(65024K)] 430892K->366953K(563200K), 0.0025855 secs] [Times: user=0.01 sys=0.00, real=0.00 secs] 
1771.286: [GC (Allocation Failure) [PSYoungGen: 64957K->1517K(64512K)] 430441K->367001K(562688K), 0.0016940 secs] [Times: user=0.01 sys=0.00, real=0.00 secs] 
1771.397: [GC (Allocation Failure) [PSYoungGen: 64493K->1456K(64000K)] 429977K->366940K(562176K), 0.0015947 secs] [Times: user=0.01 sys=0.00, real=0.00 secs] 
1771.508: [GC (Allocation Failure) [PSYoungGen: 63920K->1517K(70656K)] 429404K->367017K(568832K), 0.0017404 secs] [Times: user=0.01 sys=0.00, real=0.00 secs] 
1772.249: [GC (Allocation Failure) [PSYoungGen: 70125K->1456K(69632K)] 435625K->366956K(567808K), 0.0027157 secs] [Times: user=0.01 sys=0.00, real=0.00 secs] 
1772.531: [GC (Allocation Failure) [PSYoungGen: 69552K->1376K(69120K)] 435052K->366876K(567296K), 0.0021797 secs] [Times: user=0.01 sys=0.00, real=0.00 secs] 
1772.904: [GC (Allocation Failure) [PSYoungGen: 68960K->1376K(68608K)] 434460K->366876K(566784K), 0.0019239 secs] [Times: user=0.01 sys=0.00, real=0.00 secs] 
1773.478: [GC (Allocation Failure) [PSYoungGen: 68448K->1376K(68096K)] 433948K->366876K(566272K), 0.0071166 secs] [Times: user=0.03 sys=0.00, real=0.01 secs] 
1773.942: [GC (Allocation Failure) [PSYoungGen: 67936K->1456K(67584K)] 433436K->366988K(565760K), 0.0020170 secs] [Times: user=0.00 sys=0.00, real=0.01 secs] 
1774.068: [GC (Allocation Failure) [PSYoungGen: 67504K->1453K(67072K)] 433036K->366985K(565248K), 0.0016415 secs] [Times: user=0.01 sys=0.00, real=0.00 secs] 
1774.202: [GC (Allocation Failure) [PSYoungGen: 66980K->1453K(67584K)] 432512K->366985K(565760K), 0.0021325 secs] [Times: user=0.01 sys=0.00, real=0.01 secs] 
1774.361: [GC (Allocation Failure) [PSYoungGen: 66957K->1485K(67584K)] 432490K->367025K(565760K), 0.0020347 secs] [Times: user=0.01 sys=0.00, real=0.00 secs] 
1774.649: [GC (Allocation Failure) [PSYoungGen: 67021K->1456K(74240K)] 432561K->366996K(572416K), 0.0026099 secs] [Times: user=0.01 sys=0.00, real=0.00 secs] 
1775.171: [GC (Allocation Failure) [PSYoungGen: 73648K->1376K(73216K)] 439188K->366916K(571392K), 0.0025095 secs] [Times: user=0.01 sys=0.00, real=0.01 secs] 
1775.868: [GC (Allocation Failure) [PSYoungGen: 73056K->1376K(72704K)] 438596K->366916K(570880K), 0.0025100 secs] [Times: user=0.01 sys=0.00, real=0.00 secs] 
1776.579: [GC (Allocation Failure) [PSYoungGen: 72544K->1360K(72192K)] 438084K->366900K(570368K), 0.0024504 secs] [Times: user=0.01 sys=0.00, real=0.00 secs] 
1777.175: [GC (Allocation Failure) [PSYoungGen: 72016K->1440K(71680K)] 437556K->366980K(569856K), 0.0021963 secs] [Times: user=0.00 sys=0.00, real=0.00 secs] 
1777.330: [GC (Allocation Failure) [PSYoungGen: 71581K->1485K(71168K)] 437121K->367025K(569344K), 0.0017163 secs] [Times: user=0.00 sys=0.00, real=0.00 secs] 
1777.453: [GC (Allocation Failure) [PSYoungGen: 71117K->1488K(70656K)] 436657K->367028K(568832K), 0.0016917 secs] [Times: user=0.00 sys=0.00, real=0.01 secs] 
1777.574: [GC (Allocation Failure) [PSYoungGen: 70608K->1456K(70144K)] 436148K->367004K(568320K), 0.0016888 secs] [Times: user=0.00 sys=0.00, real=0.00 secs] 
1778.104: [GC (Allocation Failure) [PSYoungGen: 70064K->1392K(69632K)] 435612K->366940K(567808K), 0.0027630 secs] [Times: user=0.01 sys=0.00, real=0.00 secs] 
1779.078: [GC (Allocation Failure) [PSYoungGen: 69488K->1344K(69120K)] 435036K->366892K(567296K), 0.0030815 secs] [Times: user=0.00 sys=0.00, real=0.00 secs] 
1779.953: [GC (Allocation Failure) [PSYoungGen: 68928K->1344K(68608K)] 434476K->366892K(566784K), 0.0025302 secs] [Times: user=0.00 sys=0.00, real=0.01 secs] 
1780.992: [GC (Allocation Failure) [PSYoungGen: 68416K->1344K(68096K)] 433964K->366892K(566272K), 0.0025408 secs] [Times: user=0.01 sys=0.00, real=0.01 secs] 
1782.101: [GC (Allocation Failure) [PSYoungGen: 67904K->1453K(67584K)] 433452K->367001K(565760K), 0.0027234 secs] [Times: user=0.01 sys=0.00, real=0.01 secs] 
1782.265: [GC (Allocation Failure) [PSYoungGen: 67501K->1488K(67072K)] 433049K->367036K(565248K), 0.0017879 secs] [Times: user=0.00 sys=0.00, real=0.00 secs] 
1782.398: [GC (Allocation Failure) [PSYoungGen: 67024K->1485K(66560K)] 432572K->367033K(564736K), 0.0019148 secs] [Times: user=0.01 sys=0.00, real=0.00 secs] 
1782.541: [GC (Allocation Failure) [PSYoungGen: 66509K->1485K(66048K)] 432057K->367041K(564224K), 0.0019316 secs] [Times: user=0.00 sys=0.00, real=0.01 secs] 
1783.547: [GC (Allocation Failure) [PSYoungGen: 65997K->1424K(65536K)] 431553K->366980K(563712K), 0.0029630 secs] [Times: user=0.01 sys=0.01, real=0.00 secs] 
1784.068: [GC (Allocation Failure) [PSYoungGen: 65424K->1344K(65024K)] 430980K->366900K(563200K), 0.0024178 secs] [Times: user=0.01 sys=0.00, real=0.00 secs] 
1784.412: [GC (Allocation Failure) [PSYoungGen: 64832K->1344K(64512K)] 430388K->366900K(562688K), 0.0021428 secs] [Times: user=0.01 sys=0.00, real=0.01 secs] 
1784.744: [GC (Allocation Failure) [PSYoungGen: 64320K->1344K(64000K)] 429876K->366900K(562176K), 0.0020809 secs] [Times: user=0.01 sys=0.00, real=0.00 secs] 
1785.122: [GC (Allocation Failure) [PSYoungGen: 63808K->1392K(63488K)] 429364K->366948K(561664K), 0.0021253 secs] [Times: user=0.01 sys=0.00, real=0.01 secs] 
1785.277: [GC (Allocation Failure) [PSYoungGen: 63344K->1453K(62976K)] 428900K->367009K(561152K), 0.0021685 secs] [Times: user=0.01 sys=0.00, real=0.00 secs] 
1785.428: [GC (Allocation Failure) [PSYoungGen: 62893K->1453K(62464K)] 428449K->367009K(560640K), 0.0016557 secs] [Times: user=0.00 sys=0.00, real=0.00 secs] 
1785.536: [GC (Allocation Failure) [PSYoungGen: 62381K->1488K(62976K)] 427937K->367060K(561152K), 0.0017286 secs] [Times: user=0.00 sys=0.00, real=0.00 secs] 
1785.659: [GC (Allocation Failure) [PSYoungGen: 62416K->1501K(69120K)] 427988K->367089K(567296K), 0.0020322 secs] [Times: user=0.01 sys=0.00, real=0.00 secs] 
1786.958: [GC (Allocation Failure) [PSYoungGen: 68573K->1408K(68096K)] 434161K->366996K(566272K), 0.0038202 secs] [Times: user=0.01 sys=0.00, real=0.00 secs] 
1788.118: [GC (Allocation Failure) [PSYoungGen: 67968K->1344K(67584K)] 433556K->366932K(565760K), 0.0030602 secs] [Times: user=0.01 sys=0.01, real=0.00 secs] 
1789.149: [GC (Allocation Failure) [PSYoungGen: 67392K->1344K(67072K)] 432980K->366932K(565248K), 0.0042976 secs] [Times: user=0.01 sys=0.00, real=0.01 secs] 
1789.671: [GC (Allocation Failure) [PSYoungGen: 66880K->1344K(66560K)] 432468K->366932K(564736K), 0.0026748 secs] [Times: user=0.01 sys=0.00, real=0.01 secs] 
1789.969: [GC (Allocation Failure) [PSYoungGen: 66368K->1453K(66048K)] 431956K->367041K(564224K), 0.0017161 secs] [Times: user=0.01 sys=0.00, real=0.00 secs] 
1790.082: [GC (Allocation Failure) [PSYoungGen: 65965K->1424K(65536K)] 431553K->367012K(563712K), 0.0016694 secs] [Times: user=0.00 sys=0.00, real=0.01 secs] 
1790.196: [GC (Allocation Failure) [PSYoungGen: 65424K->1485K(65024K)] 431012K->367081K(563200K), 0.0017241 secs] [Times: user=0.00 sys=0.00, real=0.00 secs] 
1790.307: [GC (Allocation Failure) [PSYoungGen: 64973K->1456K(65536K)] 430569K->367052K(563712K), 0.0017244 secs] [Times: user=0.00 sys=0.00, real=0.00 secs] 
1792.209: [GC (Allocation Failure) [PSYoungGen: 64944K->1424K(64512K)] 430540K->367020K(562688K), 0.0028859 secs] [Times: user=0.01 sys=0.00, real=0.00 secs] 
1792.989: [GC (Allocation Failure) [PSYoungGen: 64400K->1376K(64000K)] 429996K->366972K(562176K), 0.0028685 secs] [Times: user=0.01 sys=0.00, real=0.00 secs] 
1793.529: [GC (Allocation Failure) [PSYoungGen: 63840K->1344K(63488K)] 429436K->366940K(561664K), 0.0029828 secs] [Times: user=0.01 sys=0.00, real=0.00 secs] 
1793.881: [GC (Allocation Failure) [PSYoungGen: 63296K->1344K(62976K)] 428892K->366940K(561152K), 0.0019876 secs] [Times: user=0.00 sys=0.00, real=0.00 secs] 
1794.258: [GC (Allocation Failure) [PSYoungGen: 62784K->1405K(62464K)] 428380K->367001K(560640K), 0.0021038 secs] [Times: user=0.01 sys=0.00, real=0.00 secs] 
1794.414: [GC (Allocation Failure) [PSYoungGen: 62333K->1421K(61952K)] 427929K->367017K(560128K), 0.0019976 secs] [Times: user=0.01 sys=0.00, real=0.00 secs] 
1794.560: [GC (Allocation Failure) [PSYoungGen: 61837K->1488K(61440K)] 427433K->367084K(559616K), 0.0017039 secs] [Times: user=0.00 sys=0.00, real=0.00 secs] 
1794.664: [GC (Allocation Failure) [PSYoungGen: 61392K->541K(61952K)] 426988K->367177K(560128K), 0.0018303 secs] [Times: user=0.00 sys=0.00, real=0.00 secs] 
1794.772: [GC (Allocation Failure) [PSYoungGen: 61469K->397K(62976K)] 428105K->367033K(561152K), 0.0016115 secs] [Times: user=0.00 sys=0.00, real=0.01 secs] 
1796.044: [GC (Allocation Failure) [PSYoungGen: 61325K->1440K(61952K)] 427961K->368084K(560128K), 0.0041400 secs] [Times: user=0.02 sys=0.00, real=0.00 secs] 
1797.277: [GC (Allocation Failure) [PSYoungGen: 61856K->1344K(61440K)] 428500K->367988K(559616K), 0.0032333 secs] [Times: user=0.01 sys=0.00, real=0.00 secs] 
1797.861: [GC (Allocation Failure) [PSYoungGen: 61248K->1344K(60928K)] 427892K->367988K(559104K), 0.0026883 secs] [Times: user=0.01 sys=0.00, real=0.01 secs] 
1798.501: [GC (Allocation Failure) [PSYoungGen: 60736K->1376K(60416K)] 427380K->368020K(558592K), 0.0031398 secs] [Times: user=0.01 sys=0.00, real=0.01 secs] 
1799.066: [GC (Allocation Failure) [PSYoungGen: 60256K->1405K(59904K)] 426900K->368049K(558080K), 0.0029457 secs] [Times: user=0.01 sys=0.00, real=0.00 secs] 
1799.241: [GC (Allocation Failure) [PSYoungGen: 59773K->1389K(59392K)] 426417K->368033K(557568K), 0.0020032 secs] [Times: user=0.01 sys=0.00, real=0.00 secs] 
1799.346: [GC (Allocation Failure) [PSYoungGen: 59234K->1421K(59392K)] 425878K->368073K(557568K), 0.0016133 secs] [Times: user=0.01 sys=0.00, real=0.00 secs] 
1799.448: [GC (Allocation Failure) [PSYoungGen: 59277K->1456K(65536K)] 425929K->368108K(563712K), 0.0016271 secs] [Times: user=0.00 sys=0.00, real=0.00 secs] 
1799.559: [GC (Allocation Failure) [PSYoungGen: 64944K->1392K(65536K)] 431596K->368044K(563712K), 0.0015894 secs] [Times: user=0.01 sys=0.00, real=0.00 secs] 
1800.353: [GC (Allocation Failure) [PSYoungGen: 64880K->1376K(64512K)] 431532K->368028K(562688K), 0.0025171 secs] [Times: user=0.01 sys=0.01, real=0.01 secs] 
1801.091: [GC (Allocation Failure) [PSYoungGen: 64352K->1376K(64000K)] 431004K->368028K(562176K), 0.0078814 secs] [Times: user=0.04 sys=0.00, real=0.01 secs] 
1801.885: [GC (Allocation Failure) [PSYoungGen: 63840K->1344K(63488K)] 430492K->367996K(561664K), 0.0043406 secs] [Times: user=0.02 sys=0.00, real=0.00 secs] 
1802.697: [GC (Allocation Failure) [PSYoungGen: 63296K->1344K(62976K)] 429948K->367996K(561152K), 0.0029765 secs] [Times: user=0.01 sys=0.00, real=0.00 secs] 
1803.881: [GC (Allocation Failure) [PSYoungGen: 62784K->1472K(62464K)] 429436K->368124K(560640K), 0.0028481 secs] [Times: user=0.01 sys=0.00, real=0.01 secs] 
1804.054: [GC (Allocation Failure) [PSYoungGen: 62400K->1488K(61952K)] 429052K->368140K(560128K), 0.0016610 secs] [Times: user=0.01 sys=0.00, real=0.00 secs] 
1804.161: [GC (Allocation Failure) [PSYoungGen: 61904K->1424K(62464K)] 428556K->368084K(560640K), 0.0022011 secs] [Times: user=0.00 sys=0.00, real=0.01 secs] 
1804.273: [GC (Allocation Failure) [PSYoungGen: 61840K->1536K(68096K)] 428500K->368196K(566272K), 0.0017310 secs] [Times: user=0.00 sys=0.00, real=0.00 secs] 
1804.624: [GC (Allocation Failure) [PSYoungGen: 67584K->1952K(68096K)] 434244K->368612K(566272K), 0.0023252 secs] [Times: user=0.01 sys=0.00, real=0.00 secs] 
1805.047: [GC (Allocation Failure) [PSYoungGen: 68000K->1344K(67072K)] 434660K->368020K(565248K), 0.0022694 secs] [Times: user=0.01 sys=0.00, real=0.00 secs] 
1805.328: [GC (Allocation Failure) [PSYoungGen: 66880K->1440K(66560K)] 433556K->368116K(564736K), 0.0022909 secs] [Times: user=0.01 sys=0.01, real=0.00 secs] 
1805.604: [GC (Allocation Failure) [PSYoungGen: 66464K->1344K(66048K)] 433140K->368020K(564224K), 0.0019644 secs] [Times: user=0.01 sys=0.00, real=0.00 secs] 
1805.889: [GC (Allocation Failure) [PSYoungGen: 65856K->1328K(65536K)] 432532K->368004K(563712K), 0.0020497 secs] [Times: user=0.00 sys=0.00, real=0.00 secs] 
1806.080: [GC (Allocation Failure) [PSYoungGen: 65328K->1453K(65024K)] 432004K->368129K(563200K), 0.0016080 secs] [Times: user=0.01 sys=0.00, real=0.00 secs] 
1806.192: [GC (Allocation Failure) [PSYoungGen: 64941K->1485K(64512K)] 431617K->368161K(562688K), 0.0017127 secs] [Times: user=0.01 sys=0.00, real=0.01 secs] 
1806.302: [GC (Allocation Failure) [PSYoungGen: 64461K->1488K(70656K)] 431137K->368172K(568832K), 0.0016217 secs] [Times: user=0.01 sys=0.00, real=0.01 secs] 
1806.425: [GC (Allocation Failure) [PSYoungGen: 70608K->1421K(71168K)] 437292K->368105K(569344K), 0.0016560 secs] [Times: user=0.01 sys=0.00, real=0.00 secs] 
1807.862: [GC (Allocation Failure) [PSYoungGen: 70541K->1392K(70144K)] 437225K->368076K(568320K), 0.0030664 secs] [Times: user=0.02 sys=0.00, real=0.01 secs] 
1809.180: [GC (Allocation Failure) [PSYoungGen: 70000K->1376K(69632K)] 436684K->368060K(567808K), 0.0033800 secs] [Times: user=0.01 sys=0.00, real=0.00 secs] 
1809.913: [GC (Allocation Failure) [PSYoungGen: 69472K->1376K(69120K)] 436156K->368060K(567296K), 0.0023917 secs] [Times: user=0.01 sys=0.01, real=0.01 secs] 
1810.688: [GC (Allocation Failure) [PSYoungGen: 68960K->1344K(68608K)] 435644K->368028K(566784K), 0.0027314 secs] [Times: user=0.01 sys=0.00, real=0.00 secs] 
1811.174: [GC (Allocation Failure) [PSYoungGen: 68416K->1424K(68096K)] 435100K->368108K(566272K), 0.0019804 secs] [Times: user=0.01 sys=0.00, real=0.00 secs] 
1811.340: [GC (Allocation Failure) [PSYoungGen: 67984K->1453K(67584K)] 434668K->368137K(565760K), 0.0023885 secs] [Times: user=0.01 sys=0.00, real=0.00 secs] 
1811.502: [GC (Allocation Failure) [PSYoungGen: 67497K->1424K(67072K)] 434181K->368116K(565248K), 0.0016855 secs] [Times: user=0.01 sys=0.00, real=0.01 secs] 
1811.620: [GC (Allocation Failure) [PSYoungGen: 66960K->1504K(66560K)] 433652K->368196K(564736K), 0.0017026 secs] [Times: user=0.01 sys=0.00, real=0.00 secs] 
1812.531: [GC (Allocation Failure) [PSYoungGen: 66528K->1392K(66048K)] 433220K->368092K(564224K), 0.0034813 secs] [Times: user=0.01 sys=0.00, real=0.01 secs] 
1813.056: [GC (Allocation Failure) [PSYoungGen: 65904K->1344K(65536K)] 432604K->368044K(563712K), 0.0025599 secs] [Times: user=0.01 sys=0.00, real=0.00 secs] 
1813.561: [GC (Allocation Failure) [PSYoungGen: 65344K->1376K(65024K)] 432044K->368076K(563200K), 0.0036299 secs] [Times: user=0.02 sys=0.00, real=0.01 secs] 
1814.162: [GC (Allocation Failure) [PSYoungGen: 64864K->1344K(64512K)] 431564K->368044K(562688K), 0.0023042 secs] [Times: user=0.01 sys=0.00, real=0.01 secs] 
1814.677: [GC (Allocation Failure) [PSYoungGen: 64320K->1421K(64000K)] 431020K->368121K(562176K), 0.0019189 secs] [Times: user=0.00 sys=0.00, real=0.00 secs] 
1814.804: [GC (Allocation Failure) [PSYoungGen: 63885K->1488K(63488K)] 430585K->368188K(561664K), 0.0017399 secs] [Times: user=0.01 sys=0.00, real=0.00 secs] 
1814.912: [GC (Allocation Failure) [PSYoungGen: 63440K->1488K(62976K)] 430140K->368188K(561152K), 0.0016290 secs] [Times: user=0.01 sys=0.00, real=0.01 secs] 
1815.020: [GC (Allocation Failure) [PSYoungGen: 62928K->1453K(69120K)] 429628K->368161K(567296K), 0.0017600 secs] [Times: user=0.00 sys=0.00, real=0.00 secs] 
1815.537: [GC (Allocation Failure) [PSYoungGen: 69037K->1424K(68608K)] 435745K->368156K(566784K), 0.0023416 secs] [Times: user=0.01 sys=0.01, real=0.00 secs] 
1816.619: [GC (Allocation Failure) [PSYoungGen: 68496K->1376K(68096K)] 435228K->368108K(566272K), 0.0044274 secs] [Times: user=0.01 sys=0.00, real=0.01 secs] 
1817.645: [GC (Allocation Failure) [PSYoungGen: 67936K->1360K(67584K)] 434668K->368092K(565760K), 0.0042062 secs] [Times: user=0.02 sys=0.01, real=0.00 secs] 
1818.397: [GC (Allocation Failure) [PSYoungGen: 67408K->1328K(67072K)] 434140K->368060K(565248K), 0.0031817 secs] [Times: user=0.01 sys=0.00, real=0.00 secs] 
1819.238: [GC (Allocation Failure) [PSYoungGen: 66864K->1424K(66560K)] 433596K->368156K(564736K), 0.0024837 secs] [Times: user=0.01 sys=0.00, real=0.00 secs] 
1819.409: [GC (Allocation Failure) [PSYoungGen: 66448K->1488K(66048K)] 433180K->368220K(564224K), 0.0016700 secs] [Times: user=0.01 sys=0.00, real=0.00 secs] 
1819.523: [GC (Allocation Failure) [PSYoungGen: 66000K->1488K(65536K)] 432732K->368220K(563712K), 0.0016005 secs] [Times: user=0.00 sys=0.00, real=0.01 secs] 
1819.636: [GC (Allocation Failure) [PSYoungGen: 65488K->1485K(65024K)] 432220K->368233K(563200K), 0.0017154 secs] [Times: user=0.00 sys=0.00, real=0.00 secs] 
1819.838: [GC (Allocation Failure) [PSYoungGen: 64973K->1424K(64512K)] 431721K->368428K(562688K), 0.0018707 secs] [Times: user=0.01 sys=0.00, real=0.00 secs] 
1820.307: [GC (Allocation Failure) [PSYoungGen: 64400K->1344K(64000K)] 431404K->368348K(562176K), 0.0023021 secs] [Times: user=0.01 sys=0.01, real=0.00 secs] 
1820.812: [GC (Allocation Failure) [PSYoungGen: 63808K->1344K(63488K)] 430812K->368348K(561664K), 0.0020622 secs] [Times: user=0.01 sys=0.00, real=0.01 secs] 
1821.517: [GC (Allocation Failure) [PSYoungGen: 63296K->1344K(62976K)] 430300K->368348K(561152K), 0.0030529 secs] [Times: user=0.01 sys=0.00, real=0.00 secs] 
1822.117: [GC (Allocation Failure) [PSYoungGen: 62784K->1344K(62464K)] 429788K->368348K(560640K), 0.0026152 secs] [Times: user=0.01 sys=0.00, real=0.00 secs] 
1822.572: [GC (Allocation Failure) [PSYoungGen: 62272K->1421K(61952K)] 429276K->368425K(560128K), 0.0024384 secs] [Times: user=0.01 sys=0.01, real=0.01 secs] 
1822.720: [GC (Allocation Failure) [PSYoungGen: 61837K->1488K(61440K)] 428841K->368492K(559616K), 0.0016466 secs] [Times: user=0.01 sys=0.00, real=0.00 secs] 
1822.841: [GC (Allocation Failure) [PSYoungGen: 61392K->1453K(60928K)] 428396K->368465K(559104K), 0.0019263 secs] [Times: user=0.00 sys=0.00, real=0.00 secs] 
1822.972: [GC (Allocation Failure) [PSYoungGen: 60845K->1485K(61440K)] 427857K->368497K(559616K), 0.0019567 secs] [Times: user=0.00 sys=0.00, real=0.01 secs] 
1823.270: [GC (Allocation Failure) [PSYoungGen: 61389K->1424K(60928K)] 428401K->368436K(559104K), 0.0021263 secs] [Times: user=0.00 sys=0.00, real=0.00 secs] 
1823.804: [GC (Allocation Failure) [PSYoungGen: 60816K->1344K(60416K)] 427828K->368380K(558592K), 0.0025532 secs] [Times: user=0.01 sys=0.00, real=0.00 secs] 
1824.516: [GC (Allocation Failure) [PSYoungGen: 60224K->1344K(59904K)] 427260K->368380K(558080K), 0.0025766 secs] [Times: user=0.01 sys=0.00, real=0.00 secs] 
1825.064: [GC (Allocation Failure) [PSYoungGen: 59712K->1312K(59392K)] 426748K->368348K(557568K), 0.0025289 secs] [Times: user=0.01 sys=0.00, real=0.00 secs] 
1825.579: [GC (Allocation Failure) [PSYoungGen: 59168K->1344K(59904K)] 426204K->368380K(558080K), 0.0023995 secs] [Times: user=0.00 sys=0.00, real=0.00 secs] 
1826.037: [GC (Allocation Failure) [PSYoungGen: 59200K->1421K(59904K)] 426236K->368457K(558080K), 0.0021017 secs] [Times: user=0.01 sys=0.00, real=0.00 secs] 
1826.154: [GC (Allocation Failure) [PSYoungGen: 59277K->1424K(59904K)] 426313K->368468K(558080K), 0.0016864 secs] [Times: user=0.00 sys=0.00, real=0.00 secs] 
1826.257: [GC (Allocation Failure) [PSYoungGen: 59280K->1424K(59904K)] 426324K->368468K(558080K), 0.0016239 secs] [Times: user=0.00 sys=0.00, real=0.00 secs] 
1826.359: [GC (Allocation Failure) [PSYoungGen: 59262K->1456K(59904K)] 426307K->368500K(558080K), 0.0015918 secs] [Times: user=0.01 sys=0.00, real=0.00 secs] 
1826.460: [GC (Allocation Failure) [PSYoungGen: 59312K->1472K(66048K)] 426356K->368516K(564224K), 0.0016302 secs] [Times: user=0.01 sys=0.00, real=0.00 secs] 
1827.312: [GC (Allocation Failure) [PSYoungGen: 65472K->1408K(66048K)] 432516K->368452K(564224K), 0.0024121 secs] [Times: user=0.01 sys=0.01, real=0.01 secs] 
1827.931: [GC (Allocation Failure) [PSYoungGen: 65408K->1376K(65024K)] 432452K->368420K(563200K), 0.0041273 secs] [Times: user=0.02 sys=0.00, real=0.01 secs] 
1828.523: [GC (Allocation Failure) [PSYoungGen: 64864K->1376K(64512K)] 431908K->368420K(562688K), 0.0028513 secs] [Times: user=0.01 sys=0.00, real=0.01 secs] 
1829.052: [GC (Allocation Failure) [PSYoungGen: 64352K->320K(62976K)] 431396K->368388K(561152K), 0.0019750 secs] [Times: user=0.00 sys=0.00, real=0.01 secs] 
1829.446: [GC (Allocation Failure) [PSYoungGen: 62784K->1504K(64000K)] 430852K->369572K(562176K), 0.0038251 secs] [Times: user=0.01 sys=0.00, real=0.00 secs] 
1829.565: [GC (Allocation Failure) [PSYoungGen: 63456K->1485K(62976K)] 431524K->369561K(561152K), 0.0017367 secs] [Times: user=0.01 sys=0.00, real=0.00 secs] 
1829.673: [GC (Allocation Failure) [PSYoungGen: 62925K->1453K(69120K)] 431001K->369529K(567296K), 0.0016768 secs] [Times: user=0.00 sys=0.00, real=0.01 secs] 
1829.792: [GC (Allocation Failure) [PSYoungGen: 69037K->1453K(69632K)] 437113K->369529K(567808K), 0.0017026 secs] [Times: user=0.01 sys=0.00, real=0.01 secs] 
1830.508: [GC (Allocation Failure) [PSYoungGen: 69037K->1392K(68608K)] 437113K->369468K(566784K), 0.0037280 secs] [Times: user=0.01 sys=0.00, real=0.00 secs] 
1831.114: [GC (Allocation Failure) [PSYoungGen: 68464K->1312K(68096K)] 436540K->369388K(566272K), 0.0024996 secs] [Times: user=0.01 sys=0.00, real=0.00 secs] 
1831.941: [GC (Allocation Failure) [PSYoungGen: 67872K->1376K(67584K)] 435948K->369452K(565760K), 0.0028217 secs] [Times: user=0.02 sys=0.00, real=0.01 secs] 
1833.304: [GC (Allocation Failure) [PSYoungGen: 67424K->1344K(67072K)] 435500K->369420K(565248K), 0.0043035 secs] [Times: user=0.02 sys=0.00, real=0.00 secs] 
1833.973: [GC (Allocation Failure) [PSYoungGen: 66880K->1408K(66560K)] 434956K->369484K(564736K), 0.0025271 secs] [Times: user=0.01 sys=0.00, real=0.00 secs] 
1834.137: [GC (Allocation Failure) [PSYoungGen: 66432K->1453K(66048K)] 434508K->369529K(564224K), 0.0016657 secs] [Times: user=0.01 sys=0.00, real=0.00 secs] 
1834.251: [GC (Allocation Failure) [PSYoungGen: 65965K->1488K(65536K)] 434041K->369564K(563712K), 0.0016197 secs] [Times: user=0.01 sys=0.00, real=0.00 secs] 
1834.382: [GC (Allocation Failure) [PSYoungGen: 65488K->1453K(65024K)] 433564K->369537K(563200K), 0.0019426 secs] [Times: user=0.01 sys=0.00, real=0.01 secs] 
1834.754: [GC (Allocation Failure) [PSYoungGen: 64941K->1424K(64512K)] 433025K->369508K(562688K), 0.0024413 secs] [Times: user=0.01 sys=0.00, real=0.00 secs] 
1835.452: [GC (Allocation Failure) [PSYoungGen: 64400K->1344K(64000K)] 432484K->369452K(562176K), 0.0023836 secs] [Times: user=0.01 sys=0.00, real=0.01 secs] 
1836.018: [GC (Allocation Failure) [PSYoungGen: 63808K->1328K(63488K)] 431916K->369436K(561664K), 0.0021794 secs] [Times: user=0.01 sys=0.00, real=0.00 secs] 
1836.852: [GC (Allocation Failure) [PSYoungGen: 63280K->1360K(62976K)] 431388K->369468K(561152K), 0.0023305 secs] [Times: user=0.01 sys=0.00, real=0.01 secs] 
1838.172: [GC (Allocation Failure) [PSYoungGen: 62800K->1344K(62464K)] 430908K->369452K(560640K), 0.0032091 secs] [Times: user=0.01 sys=0.00, real=0.01 secs] 
1838.703: [GC (Allocation Failure) [PSYoungGen: 62272K->1456K(61952K)] 430380K->369564K(560128K), 0.0022309 secs] [Times: user=0.01 sys=0.00, real=0.01 secs] 
1838.838: [GC (Allocation Failure) [PSYoungGen: 61872K->1456K(61440K)] 429980K->369564K(559616K), 0.0017011 secs] [Times: user=0.01 sys=0.00, real=0.00 secs] 
1838.944: [GC (Allocation Failure) [PSYoungGen: 61360K->1421K(60928K)] 429468K->369537K(559104K), 0.0018279 secs] [Times: user=0.01 sys=0.00, real=0.00 secs] 
1839.062: [GC (Allocation Failure) [PSYoungGen: 60794K->1437K(61440K)] 428910K->369553K(559616K), 0.0023423 secs] [Times: user=0.00 sys=0.00, real=0.01 secs] 
1839.720: [GC (Allocation Failure) [PSYoungGen: 60829K->1424K(60416K)] 428945K->369540K(558592K), 0.0031833 secs] [Times: user=0.02 sys=0.00, real=0.01 secs] 
1840.555: [GC (Allocation Failure) [PSYoungGen: 60304K->1376K(59904K)] 428420K->369492K(558080K), 0.0028805 secs] [Times: user=0.01 sys=0.00, real=0.00 secs] 
1841.643: [GC (Allocation Failure) [PSYoungGen: 59744K->1344K(59392K)] 427860K->369460K(557568K), 0.0036351 secs] [Times: user=0.01 sys=0.01, real=0.01 secs] 
1842.520: [GC (Allocation Failure) [PSYoungGen: 59200K->1376K(59392K)] 427316K->369492K(557568K), 0.0043651 secs] [Times: user=0.02 sys=0.00, real=0.01 secs] 
1843.041: [GC (Allocation Failure) [PSYoungGen: 59232K->1344K(59392K)] 427348K->369460K(557568K), 0.0026579 secs] [Times: user=0.01 sys=0.00, real=0.01 secs] 
1843.398: [GC (Allocation Failure) [PSYoungGen: 59200K->1421K(59392K)] 427316K->369537K(557568K), 0.0020986 secs] [Times: user=0.01 sys=0.00, real=0.00 secs] 
1843.516: [GC (Allocation Failure) [PSYoungGen: 59277K->509K(58368K)] 427393K->369681K(556544K), 0.0017790 secs] [Times: user=0.01 sys=0.00, real=0.00 secs] 
1843.617: [GC (Allocation Failure) [PSYoungGen: 58365K->397K(59904K)] 427537K->369569K(558080K), 0.0014819 secs] [Times: user=0.00 sys=0.00, real=0.00 secs] 
1843.719: [GC (Allocation Failure) [PSYoungGen: 58253K->397K(64000K)] 427425K->369569K(562176K), 0.0015642 secs] [Times: user=0.01 sys=0.00, real=0.00 secs] 
1844.049: [GC (Allocation Failure) [PSYoungGen: 62349K->1408K(62976K)] 431521K->370580K(561152K), 0.0021605 secs] [Times: user=0.01 sys=0.00, real=0.00 secs] 
1844.721: [GC (Allocation Failure) [PSYoungGen: 62848K->1344K(62464K)] 432020K->370516K(560640K), 0.0022860 secs] [Times: user=0.01 sys=0.00, real=0.01 secs] 
1845.630: [GC (Allocation Failure) [PSYoungGen: 62272K->1344K(61952K)] 431444K->370524K(560128K), 0.0034517 secs] [Times: user=0.01 sys=0.00, real=0.00 secs] 
1846.325: [GC (Allocation Failure) [PSYoungGen: 61760K->1344K(61440K)] 430940K->370524K(559616K), 0.0026875 secs] [Times: user=0.01 sys=0.00, real=0.00 secs] 
1846.879: [GC (Allocation Failure) [PSYoungGen: 61248K->1376K(60928K)] 430428K->370556K(559104K), 0.0028133 secs] [Times: user=0.01 sys=0.00, real=0.00 secs] 
1847.434: [GC (Allocation Failure) [PSYoungGen: 60768K->1453K(60416K)] 429948K->370633K(558592K), 0.0023440 secs] [Times: user=0.01 sys=0.00, real=0.00 secs] 
1847.607: [GC (Allocation Failure) [PSYoungGen: 60333K->1421K(59904K)] 429513K->370609K(558080K), 0.0025638 secs] [Times: user=0.01 sys=0.00, real=0.00 secs] 
1847.791: [GC (Allocation Failure) [PSYoungGen: 59789K->1453K(59392K)] 428977K->370641K(557568K), 0.0023972 secs] [Times: user=0.01 sys=0.00, real=0.01 secs] 
1847.927: [GC (Allocation Failure) [PSYoungGen: 59309K->1453K(59904K)] 428497K->370641K(558080K), 0.0016307 secs] [Times: user=0.00 sys=0.00, real=0.00 secs] 
1848.164: [GC (Allocation Failure) [PSYoungGen: 59309K->1984K(59392K)] 428497K->371684K(557568K), 0.0016376 secs] [Times: user=0.01 sys=0.00, real=0.00 secs] 
1848.646: [GC (Allocation Failure) [PSYoungGen: 59328K->1344K(58880K)] 429028K->371044K(557056K), 0.0028501 secs] [Times: user=0.01 sys=0.00, real=0.00 secs] 
1849.075: [GC (Allocation Failure) [PSYoungGen: 58688K->1360K(59392K)] 428388K->371060K(557568K), 0.0027423 secs] [Times: user=0.01 sys=0.00, real=0.00 secs] 
1849.513: [GC (Allocation Failure) [PSYoungGen: 58704K->1328K(59392K)] 428404K->371028K(557568K), 0.0021329 secs] [Times: user=0.01 sys=0.00, real=0.01 secs] 
1849.751: [GC (Allocation Failure) [PSYoungGen: 58672K->1344K(59392K)] 428372K->371044K(557568K), 0.0019584 secs] [Times: user=0.01 sys=0.00, real=0.00 secs] 
1850.038: [GC (Allocation Failure) [PSYoungGen: 58688K->1405K(59392K)] 428388K->371105K(557568K), 0.0019807 secs] [Times: user=0.01 sys=0.00, real=0.00 secs] 
1850.155: [GC (Allocation Failure) [PSYoungGen: 58749K->1488K(59392K)] 428449K->371196K(557568K), 0.0016818 secs] [Times: user=0.01 sys=0.00, real=0.00 secs] 
1850.256: [GC (Allocation Failure) [PSYoungGen: 58832K->1424K(59392K)] 428540K->371132K(557568K), 0.0016174 secs] [Times: user=0.01 sys=0.00, real=0.00 secs] 
1850.357: [GC (Allocation Failure) [PSYoungGen: 58768K->1536K(65024K)] 428476K->371244K(563200K), 0.0016797 secs] [Times: user=0.00 sys=0.00, real=0.00 secs] 
1850.468: [GC (Allocation Failure) [PSYoungGen: 64512K->1453K(65024K)] 434220K->371161K(563200K), 0.0016838 secs] [Times: user=0.01 sys=0.00, real=0.00 secs] 
1851.003: [GC (Allocation Failure) [PSYoungGen: 64429K->1424K(70656K)] 434137K->371132K(568832K), 0.0023282 secs] [Times: user=0.00 sys=0.01, real=0.01 secs] 
1851.593: [GC (Allocation Failure) [PSYoungGen: 70544K->1344K(70144K)] 440252K->371052K(568320K), 0.0023071 secs] [Times: user=0.00 sys=0.00, real=0.00 secs] 
1852.468: [GC (Allocation Failure) [PSYoungGen: 69952K->1376K(69632K)] 439660K->371084K(567808K), 0.0025737 secs] [Times: user=0.01 sys=0.00, real=0.00 secs] 
1853.465: [GC (Allocation Failure) [PSYoungGen: 69472K->1344K(69120K)] 439180K->371052K(567296K), 0.0043093 secs] [Times: user=0.01 sys=0.00, real=0.00 secs] 
1854.030: [GC (Allocation Failure) [PSYoungGen: 68928K->1453K(68608K)] 438636K->371161K(566784K), 0.0022827 secs] [Times: user=0.01 sys=0.00, real=0.00 secs] 
1854.175: [GC (Allocation Failure) [PSYoungGen: 68525K->1453K(68096K)] 438233K->371169K(566272K), 0.0016437 secs] [Times: user=0.00 sys=0.00, real=0.00 secs] 
1854.291: [GC (Allocation Failure) [PSYoungGen: 68013K->1453K(67584K)] 437729K->371185K(565760K), 0.0017257 secs] [Times: user=0.01 sys=0.00, real=0.00 secs] 
1854.409: [GC (Allocation Failure) [PSYoungGen: 67501K->1456K(68096K)] 437233K->371188K(566272K), 0.0016042 secs] [Times: user=0.00 sys=0.00, real=0.00 secs] 
1855.672: [GC (Allocation Failure) [PSYoungGen: 67504K->1424K(67072K)] 437236K->371164K(565248K), 0.0025683 secs] [Times: user=0.01 sys=0.00, real=0.01 secs] 
1856.354: [GC (Allocation Failure) [PSYoungGen: 66960K->1408K(66560K)] 436700K->371148K(564736K), 0.0029504 secs] [Times: user=0.01 sys=0.00, real=0.00 secs] 
1856.898: [GC (Allocation Failure) [PSYoungGen: 66432K->1376K(66048K)] 436172K->371116K(564224K), 0.0022538 secs] [Times: user=0.01 sys=0.00, real=0.00 secs] 
1857.905: [GC (Allocation Failure) [PSYoungGen: 65888K->1344K(65536K)] 435628K->371084K(563712K), 0.0030231 secs] [Times: user=0.01 sys=0.00, real=0.00 secs] 
1858.643: [GC (Allocation Failure) [PSYoungGen: 65344K->1421K(65024K)] 435084K->371161K(563200K), 0.0024441 secs] [Times: user=0.01 sys=0.00, real=0.01 secs] 
1858.791: [GC (Allocation Failure) [PSYoungGen: 64909K->1453K(64512K)] 434649K->371193K(562688K), 0.0017966 secs] [Times: user=0.01 sys=0.00, real=0.00 secs] 
1858.901: [GC (Allocation Failure) [PSYoungGen: 64429K->1421K(64000K)] 434169K->371161K(562176K), 0.0016333 secs] [Times: user=0.01 sys=0.00, real=0.00 secs] 
1859.012: [GC (Allocation Failure) [PSYoungGen: 63885K->1456K(70656K)] 433625K->371204K(568832K), 0.0016995 secs] [Times: user=0.01 sys=0.00, real=0.01 secs] 
1859.648: [GC (Allocation Failure) [PSYoungGen: 70064K->1424K(69632K)] 439812K->371172K(567808K), 0.0020501 secs] [Times: user=0.01 sys=0.00, real=0.00 secs] 
1860.542: [GC (Allocation Failure) [PSYoungGen: 69520K->1360K(69120K)] 439268K->371108K(567296K), 0.0029007 secs] [Times: user=0.01 sys=0.00, real=0.01 secs] 
1861.334: [GC (Allocation Failure) [PSYoungGen: 68944K->1376K(68608K)] 438692K->371124K(566784K), 0.0026736 secs] [Times: user=0.01 sys=0.00, real=0.00 secs] 
1862.316: [GC (Allocation Failure) [PSYoungGen: 68448K->1344K(68096K)] 438196K->371092K(566272K), 0.0029858 secs] [Times: user=0.01 sys=0.00, real=0.00 secs] 
1863.380: [GC (Allocation Failure) [PSYoungGen: 67893K->1408K(67584K)] 437641K->371156K(565760K), 0.0028713 secs] [Times: user=0.01 sys=0.00, real=0.00 secs] 
1863.604: [GC (Allocation Failure) [PSYoungGen: 67456K->1453K(67072K)] 437204K->371201K(565248K), 0.0021998 secs] [Times: user=0.01 sys=0.00, real=0.00 secs] 
1863.740: [GC (Allocation Failure) [PSYoungGen: 66976K->445K(65536K)] 436724K->371217K(563712K), 0.0016622 secs] [Times: user=0.00 sys=0.00, real=0.00 secs] 
1863.854: [GC (Allocation Failure) [PSYoungGen: 65469K->429K(66560K)] 436241K->371217K(564736K), 0.0016217 secs] [Times: user=0.01 sys=0.00, real=0.00 secs] 
1864.309: [GC (Allocation Failure) [PSYoungGen: 64941K->1408K(65536K)] 435729K->372196K(563712K), 0.0028185 secs] [Times: user=0.01 sys=0.00, real=0.00 secs] 
1865.085: [GC (Allocation Failure) [PSYoungGen: 65408K->1360K(65024K)] 436196K->372148K(563200K), 0.0029490 secs] [Times: user=0.01 sys=0.00, real=0.00 secs] 
1865.669: [GC (Allocation Failure) [PSYoungGen: 64848K->1344K(64512K)] 435636K->372132K(562688K), 0.0027552 secs] [Times: user=0.01 sys=0.00, real=0.00 secs] 
1866.260: [GC (Allocation Failure) [PSYoungGen: 64320K->1344K(64000K)] 435108K->372156K(562176K), 0.0025740 secs] [Times: user=0.01 sys=0.00, real=0.00 secs] 
1866.843: [GC (Allocation Failure) [PSYoungGen: 63808K->1344K(63488K)] 434620K->372156K(561664K), 0.0024329 secs] [Times: user=0.00 sys=0.00, real=0.01 secs] 
1867.200: [GC (Allocation Failure) [PSYoungGen: 63296K->1453K(62976K)] 434108K->372265K(561152K), 0.0017181 secs] [Times: user=0.01 sys=0.00, real=0.00 secs] 
1867.307: [GC (Allocation Failure) [PSYoungGen: 62893K->1421K(62464K)] 433705K->372233K(560640K), 0.0017553 secs] [Times: user=0.01 sys=0.00, real=0.00 secs] 
1867.415: [GC (Allocation Failure) [PSYoungGen: 62349K->1488K(61952K)] 433161K->372316K(560128K), 0.0016784 secs] [Times: user=0.00 sys=0.00, real=0.00 secs] 
1867.538: [GC (Allocation Failure) [PSYoungGen: 61904K->1453K(62464K)] 432732K->372281K(560640K), 0.0018978 secs] [Times: user=0.01 sys=0.00, real=0.00 secs] 
1868.348: [GC (Allocation Failure) [PSYoungGen: 62381K->1360K(61952K)] 433209K->372188K(560128K), 0.0033298 secs] [Times: user=0.01 sys=0.00, real=0.00 secs] 
1869.147: [GC (Allocation Failure) [PSYoungGen: 61776K->1344K(61440K)] 432604K->372172K(559616K), 0.0030554 secs] [Times: user=0.01 sys=0.00, real=0.00 secs] 
1869.990: [GC (Allocation Failure) [PSYoungGen: 61248K->1344K(60928K)] 432076K->372172K(559104K), 0.0038664 secs] [Times: user=0.01 sys=0.01, real=0.01 secs] 
1870.725: [GC (Allocation Failure) [PSYoungGen: 60736K->1376K(60416K)] 431564K->372204K(558592K), 0.0031795 secs] [Times: user=0.01 sys=0.00, real=0.00 secs] 
1871.306: [GC (Allocation Failure) [PSYoungGen: 60256K->1376K(59904K)] 431084K->372204K(558080K), 0.0027100 secs] [Times: user=0.01 sys=0.00, real=0.00 secs] 
1871.603: [GC (Allocation Failure) [PSYoungGen: 59744K->1421K(59392K)] 430572K->372249K(557568K), 0.0019833 secs] [Times: user=0.01 sys=0.00, real=0.01 secs] 
1871.743: [GC (Allocation Failure) [PSYoungGen: 59270K->1421K(59904K)] 430098K->372257K(558080K), 0.0020022 secs] [Times: user=0.01 sys=0.00, real=0.01 secs] 
1871.879: [GC (Allocation Failure) [PSYoungGen: 59277K->1421K(59904K)] 430113K->372257K(558080K), 0.0016380 secs] [Times: user=0.00 sys=0.00, real=0.00 secs] 
1871.994: [GC (Allocation Failure) [PSYoungGen: 59277K->1453K(59904K)] 430113K->372289K(558080K), 0.0018461 secs] [Times: user=0.01 sys=0.00, real=0.00 secs] 
1872.533: [GC (Allocation Failure) [PSYoungGen: 59309K->1440K(59392K)] 430145K->372276K(557568K), 0.0034151 secs] [Times: user=0.01 sys=0.00, real=0.01 secs] 
1873.040: [GC (Allocation Failure) [PSYoungGen: 59296K->1344K(59392K)] 430132K->372180K(557568K), 0.0031439 secs] [Times: user=0.02 sys=0.00, real=0.00 secs] 
1873.636: [GC (Allocation Failure) [PSYoungGen: 59200K->1344K(59392K)] 430036K->372180K(557568K), 0.0019297 secs] [Times: user=0.00 sys=0.00, real=0.00 secs] 
1874.084: [GC (Allocation Failure) [PSYoungGen: 59200K->1344K(59392K)] 430036K->372180K(557568K), 0.0023282 secs] [Times: user=0.01 sys=0.00, real=0.00 secs] 
1874.875: [GC (Allocation Failure) [PSYoungGen: 59200K->1344K(59392K)] 430036K->372180K(557568K), 0.0023807 secs] [Times: user=0.01 sys=0.00, real=0.00 secs] 
1875.254: [GC (Allocation Failure) [PSYoungGen: 59200K->1453K(59392K)] 430036K->372289K(557568K), 0.0021273 secs] [Times: user=0.00 sys=0.00, real=0.00 secs] 
1875.393: [GC (Allocation Failure) [PSYoungGen: 59309K->1421K(59392K)] 430145K->372265K(557568K), 0.0019275 secs] [Times: user=0.01 sys=0.00, real=0.01 secs] 
1875.529: [GC (Allocation Failure) [PSYoungGen: 59277K->1453K(59392K)] 430121K->372313K(557568K), 0.0021252 secs] [Times: user=0.01 sys=0.01, real=0.00 secs] 
1875.638: [GC (Allocation Failure) [PSYoungGen: 59309K->1456K(60928K)] 430169K->372316K(559104K), 0.0016446 secs] [Times: user=0.01 sys=0.00, real=0.00 secs] 
1876.079: [GC (Allocation Failure) [PSYoungGen: 60848K->1408K(60416K)] 431708K->372268K(558592K), 0.0026785 secs] [Times: user=0.01 sys=0.00, real=0.00 secs] 
1876.595: [GC (Allocation Failure) [PSYoungGen: 60288K->1344K(59904K)] 431148K->372204K(558080K), 0.0027163 secs] [Times: user=0.01 sys=0.00, real=0.00 secs] 
1877.178: [GC (Allocation Failure) [PSYoungGen: 59712K->1344K(59392K)] 430572K->372204K(557568K), 0.0025727 secs] [Times: user=0.01 sys=0.00, real=0.00 secs] 
1877.750: [GC (Allocation Failure) [PSYoungGen: 59200K->1344K(59904K)] 430060K->372204K(558080K), 0.0023770 secs] [Times: user=0.01 sys=0.00, real=0.00 secs] 
1878.344: [GC (Allocation Failure) [PSYoungGen: 59200K->1344K(59392K)] 430060K->372204K(557568K), 0.0028833 secs] [Times: user=0.01 sys=0.00, real=0.00 secs] 
1878.704: [GC (Allocation Failure) [PSYoungGen: 59200K->1421K(59392K)] 430060K->372281K(557568K), 0.0022980 secs] [Times: user=0.01 sys=0.00, real=0.00 secs] 
1878.834: [GC (Allocation Failure) [PSYoungGen: 59277K->1421K(59392K)] 430137K->372289K(557568K), 0.0016144 secs] [Times: user=0.01 sys=0.00, real=0.00 secs] 
1878.936: [GC (Allocation Failure) [PSYoungGen: 59277K->1517K(58880K)] 430145K->372385K(557056K), 0.0015970 secs] [Times: user=0.01 sys=0.00, real=0.00 secs] 
1879.052: [GC (Allocation Failure) [PSYoungGen: 58861K->1453K(59392K)] 429729K->372321K(557568K), 0.0019109 secs] [Times: user=0.00 sys=0.00, real=0.01 secs] 
1879.180: [GC (Allocation Failure) [PSYoungGen: 58797K->1533K(65536K)] 429665K->372401K(563712K), 0.0018324 secs] [Times: user=0.00 sys=0.01, real=0.00 secs] 
1880.518: [GC (Allocation Failure) [PSYoungGen: 65021K->1392K(64512K)] 435889K->372260K(562688K), 0.0028364 secs] [Times: user=0.01 sys=0.00, real=0.00 secs] 
1881.344: [GC (Allocation Failure) [PSYoungGen: 64368K->1344K(64000K)] 435236K->372212K(562176K), 0.0031071 secs] [Times: user=0.02 sys=0.00, real=0.00 secs] 
1882.097: [GC (Allocation Failure) [PSYoungGen: 63808K->1344K(63488K)] 434676K->372212K(561664K), 0.0030744 secs] [Times: user=0.02 sys=0.00, real=0.00 secs] 
1882.775: [GC (Allocation Failure) [PSYoungGen: 63296K->1328K(62976K)] 434164K->372196K(561152K), 0.0026519 secs] [Times: user=0.01 sys=0.00, real=0.00 secs] 
1883.282: [GC (Allocation Failure) [PSYoungGen: 62768K->1376K(62464K)] 433636K->372244K(560640K), 0.0021890 secs] [Times: user=0.01 sys=0.00, real=0.01 secs] 
1883.419: [GC (Allocation Failure) [PSYoungGen: 62304K->1453K(61952K)] 433172K->372337K(560128K), 0.0016379 secs] [Times: user=0.00 sys=0.00, real=0.00 secs] 
1883.526: [GC (Allocation Failure) [PSYoungGen: 61869K->1456K(61440K)] 432753K->372340K(559616K), 0.0016996 secs] [Times: user=0.01 sys=0.00, real=0.00 secs] 
1883.633: [GC (Allocation Failure) [PSYoungGen: 61360K->1485K(61952K)] 432244K->372369K(560128K), 0.0016839 secs] [Times: user=0.01 sys=0.00, real=0.01 secs] 
1883.858: [GC (Allocation Failure) [PSYoungGen: 61389K->1536K(61952K)] 432273K->372420K(560128K), 0.0021451 secs] [Times: user=0.01 sys=0.00, real=0.00 secs] 
1884.384: [GC (Allocation Failure) [PSYoungGen: 61440K->1376K(60928K)] 432324K->372260K(559104K), 0.0024081 secs] [Times: user=0.01 sys=0.00, real=0.00 secs] 
1884.908: [GC (Allocation Failure) [PSYoungGen: 60768K->1440K(60416K)] 431652K->372348K(558592K), 0.0036128 secs] [Times: user=0.01 sys=0.00, real=0.00 secs] 
1885.258: [GC (Allocation Failure) [PSYoungGen: 60320K->1344K(59904K)] 431228K->372252K(558080K), 0.0019945 secs] [Times: user=0.01 sys=0.00, real=0.00 secs] 
1885.533: [GC (Allocation Failure) [PSYoungGen: 59712K->1344K(59392K)] 430620K->372252K(557568K), 0.0020572 secs] [Times: user=0.01 sys=0.00, real=0.01 secs] 
1885.888: [GC (Allocation Failure) [PSYoungGen: 59200K->1392K(59392K)] 430108K->372300K(557568K), 0.0019788 secs] [Times: user=0.00 sys=0.00, real=0.00 secs] 
1886.028: [GC (Allocation Failure) [PSYoungGen: 59248K->1424K(59392K)] 430156K->372332K(557568K), 0.0021438 secs] [Times: user=0.01 sys=0.00, real=0.00 secs] 
1886.165: [GC (Allocation Failure) [PSYoungGen: 59280K->1453K(64512K)] 430188K->372369K(562688K), 0.0019867 secs] [Times: user=0.01 sys=0.00, real=0.00 secs] 
1886.281: [GC (Allocation Failure) [PSYoungGen: 64429K->1488K(65024K)] 435345K->372404K(563200K), 0.0018106 secs] [Times: user=0.00 sys=0.00, real=0.00 secs] 
1886.413: [GC (Allocation Failure) [PSYoungGen: 64464K->1488K(71680K)] 435380K->372404K(569856K), 0.0018543 secs] [Times: user=0.01 sys=0.00, real=0.00 secs] 
1886.823: [GC (Allocation Failure) [PSYoungGen: 71120K->1408K(71680K)] 442036K->372324K(569856K), 0.0020522 secs] [Times: user=0.00 sys=0.00, real=0.00 secs] 
1887.113: [GC (Allocation Failure) [PSYoungGen: 71040K->1376K(70656K)] 441956K->372292K(568832K), 0.0019870 secs] [Times: user=0.01 sys=0.00, real=0.01 secs] 
1887.400: [GC (Allocation Failure) [PSYoungGen: 70496K->1376K(70144K)] 441412K->372292K(568320K), 0.0019176 secs] [Times: user=0.01 sys=0.00, real=0.00 secs] 
1887.831: [GC (Allocation Failure) [PSYoungGen: 69984K->1376K(69632K)] 440900K->372292K(567808K), 0.0019288 secs] [Times: user=0.01 sys=0.00, real=0.00 secs] 
1888.030: [GC (Allocation Failure) [PSYoungGen: 69472K->1549K(69632K)] 440388K->372465K(567808K), 0.0017572 secs] [Times: user=0.01 sys=0.00, real=0.00 secs] 
1888.150: [GC (Allocation Failure) [PSYoungGen: 69133K->461K(67584K)] 440049K->372409K(565760K), 0.0016741 secs] [Times: user=0.01 sys=0.00, real=0.00 secs] 
1888.287: [GC (Allocation Failure) [PSYoungGen: 67514K->429K(75264K)] 439462K->372377K(573440K), 0.0020139 secs] [Times: user=0.01 sys=0.00, real=0.00 secs] 
1888.563: [GC (Allocation Failure) [PSYoungGen: 73645K->1440K(74240K)] 445593K->373388K(572416K), 0.0019934 secs] [Times: user=0.00 sys=0.00, real=0.01 secs] 
1888.865: [GC (Allocation Failure) [PSYoungGen: 74144K->1408K(73728K)] 446092K->373356K(571904K), 0.0018234 secs] [Times: user=0.00 sys=0.00, real=0.00 secs] 
1889.164: [GC (Allocation Failure) [PSYoungGen: 73600K->1376K(73216K)] 445548K->373324K(571392K), 0.0018938 secs] [Times: user=0.01 sys=0.00, real=0.00 secs] 
1889.463: [GC (Allocation Failure) [PSYoungGen: 73056K->1344K(72704K)] 445004K->373300K(570880K), 0.0020605 secs] [Times: user=0.00 sys=0.00, real=0.00 secs] 
1889.753: [GC (Allocation Failure) [PSYoungGen: 72512K->1440K(72192K)] 444468K->373396K(570368K), 0.0019061 secs] [Times: user=0.01 sys=0.00, real=0.01 secs] 
1889.883: [GC (Allocation Failure) [PSYoungGen: 72096K->1424K(71680K)] 444052K->373380K(569856K), 0.0017674 secs] [Times: user=0.00 sys=0.00, real=0.00 secs] 
1890.006: [GC (Allocation Failure) [PSYoungGen: 71568K->1453K(72192K)] 443524K->373409K(570368K), 0.0017705 secs] [Times: user=0.00 sys=0.00, real=0.00 secs] 
1890.131: [GC (Allocation Failure) [PSYoungGen: 72109K->1485K(72704K)] 444065K->373441K(570880K), 0.0015954 secs] [Times: user=0.01 sys=0.00, real=0.00 secs] 
1890.459: [GC (Allocation Failure) [PSYoungGen: 72141K->1408K(71680K)] 444097K->373372K(569856K), 0.0020072 secs] [Times: user=0.00 sys=0.00, real=0.00 secs] 
1890.963: [GC (Allocation Failure) [PSYoungGen: 71552K->1344K(71168K)] 443516K->373308K(569344K), 0.0024488 secs] [Times: user=0.01 sys=0.01, real=0.01 secs] 
1891.471: [GC (Allocation Failure) [PSYoungGen: 70976K->1344K(70656K)] 442940K->373308K(568832K), 0.0025152 secs] [Times: user=0.00 sys=0.00, real=0.01 secs] 
1892.166: [GC (Allocation Failure) [PSYoungGen: 70464K->1344K(70144K)] 442428K->373308K(568320K), 0.0026286 secs] [Times: user=0.01 sys=0.00, real=0.00 secs] 
1892.924: [GC (Allocation Failure) [PSYoungGen: 69926K->1424K(69632K)] 441890K->373388K(567808K), 0.0022050 secs] [Times: user=0.01 sys=0.00, real=0.00 secs] 
1893.072: [GC (Allocation Failure) [PSYoungGen: 69520K->1501K(69120K)] 441484K->373465K(567296K), 0.0015302 secs] [Times: user=0.00 sys=0.00, real=0.01 secs] 
1893.191: [GC (Allocation Failure) [PSYoungGen: 69085K->1453K(68608K)] 441049K->373417K(566784K), 0.0016184 secs] [Times: user=0.01 sys=0.00, real=0.00 secs] 
1893.310: [GC (Allocation Failure) [PSYoungGen: 68493K->1469K(68096K)] 440458K->373449K(566272K), 0.0016103 secs] [Times: user=0.01 sys=0.00, real=0.00 secs] 
1893.755: [GC (Allocation Failure) [PSYoungGen: 68029K->1408K(67584K)] 440009K->373388K(565760K), 0.0021692 secs] [Times: user=0.00 sys=0.00, real=0.00 secs] 
1894.029: [GC (Allocation Failure) [PSYoungGen: 67456K->1376K(67072K)] 439436K->373356K(565248K), 0.0020261 secs] [Times: user=0.00 sys=0.00, real=0.00 secs] 
1894.367: [GC (Allocation Failure) [PSYoungGen: 66912K->1312K(66560K)] 438892K->373292K(564736K), 0.0019232 secs] [Times: user=0.01 sys=0.00, real=0.00 secs] 
1895.045: [GC (Allocation Failure) [PSYoungGen: 66336K->1360K(66048K)] 438316K->373340K(564224K), 0.0026945 secs] [Times: user=0.01 sys=0.00, real=0.00 secs] 
1895.418: [GC (Allocation Failure) [PSYoungGen: 65872K->1389K(65536K)] 437852K->373369K(563712K), 0.0019324 secs] [Times: user=0.01 sys=0.00, real=0.00 secs] 
1895.540: [GC (Allocation Failure) [PSYoungGen: 65389K->1421K(65024K)] 437369K->373401K(563200K), 0.0017198 secs] [Times: user=0.01 sys=0.00, real=0.00 secs] 
1895.652: [GC (Allocation Failure) [PSYoungGen: 64909K->1485K(64512K)] 436889K->373465K(562688K), 0.0016100 secs] [Times: user=0.00 sys=0.00, real=0.01 secs] 
1895.763: [GC (Allocation Failure) [PSYoungGen: 64461K->1424K(70656K)] 436441K->373412K(568832K), 0.0017279 secs] [Times: user=0.00 sys=0.00, real=0.01 secs] 
1896.412: [GC (Allocation Failure) [PSYoungGen: 70544K->1424K(70144K)] 442532K->373412K(568320K), 0.0023333 secs] [Times: user=0.01 sys=0.00, real=0.01 secs] 
1897.165: [GC (Allocation Failure) [PSYoungGen: 70032K->1344K(69632K)] 442020K->373332K(567808K), 0.0027299 secs] [Times: user=0.01 sys=0.00, real=0.00 secs] 
1898.161: [GC (Allocation Failure) [PSYoungGen: 69440K->1344K(69120K)] 441428K->373332K(567296K), 0.0037136 secs] [Times: user=0.01 sys=0.00, real=0.01 secs] 
1898.778: [GC (Allocation Failure) [PSYoungGen: 68928K->1344K(68608K)] 440916K->373340K(566784K), 0.0028063 secs] [Times: user=0.01 sys=0.01, real=0.00 secs] 
1899.408: [GC (Allocation Failure) [PSYoungGen: 68416K->1501K(68096K)] 440412K->373497K(566272K), 0.0022766 secs] [Times: user=0.01 sys=0.00, real=0.00 secs] 
1899.594: [GC (Allocation Failure) [PSYoungGen: 68061K->1453K(67584K)] 440057K->373449K(565760K), 0.0021568 secs] [Times: user=0.00 sys=0.00, real=0.00 secs] 
1899.748: [GC (Allocation Failure) [PSYoungGen: 67501K->1485K(67072K)] 439497K->373481K(565248K), 0.0016162 secs] [Times: user=0.01 sys=0.00, real=0.00 secs] 
1899.867: [GC (Allocation Failure) [PSYoungGen: 67021K->1485K(66560K)] 439017K->373489K(564736K), 0.0014336 secs] [Times: user=0.01 sys=0.00, real=0.00 secs] 
1900.379: [GC (Allocation Failure) [PSYoungGen: 66509K->1424K(66048K)] 438513K->373428K(564224K), 0.0043550 secs] [Times: user=0.02 sys=0.00, real=0.01 secs] 
1901.046: [GC (Allocation Failure) [PSYoungGen: 65936K->1376K(65536K)] 437940K->373380K(563712K), 0.0025582 secs] [Times: user=0.01 sys=0.00, real=0.00 secs] 
1901.742: [GC (Allocation Failure) [PSYoungGen: 65376K->1376K(65024K)] 437380K->373380K(563200K), 0.0024289 secs] [Times: user=0.01 sys=0.00, real=0.01 secs] 
1902.436: [GC (Allocation Failure) [PSYoungGen: 64864K->1376K(64512K)] 436868K->373380K(562688K), 0.0028538 secs] [Times: user=0.01 sys=0.00, real=0.00 secs] 
1903.062: [GC (Allocation Failure) [PSYoungGen: 64352K->1456K(64000K)] 436356K->373460K(562176K), 0.0021918 secs] [Times: user=0.01 sys=0.00, real=0.01 secs] 
1903.201: [GC (Allocation Failure) [PSYoungGen: 63920K->1485K(63488K)] 435924K->373489K(561664K), 0.0017162 secs] [Times: user=0.01 sys=0.00, real=0.00 secs] 
1903.310: [GC (Allocation Failure) [PSYoungGen: 63437K->1453K(62976K)] 435441K->373457K(561152K), 0.0017619 secs] [Times: user=0.01 sys=0.00, real=0.00 secs] 
1903.433: [GC (Allocation Failure) [PSYoungGen: 62893K->1485K(64000K)] 434897K->373497K(562176K), 0.0020215 secs] [Times: user=0.01 sys=0.00, real=0.01 secs] 
1903.580: [GC (Allocation Failure) [PSYoungGen: 63437K->1533K(69632K)] 435449K->373545K(567808K), 0.0019712 secs] [Times: user=0.00 sys=0.00, real=0.00 secs] 
1904.313: [GC (Allocation Failure) [PSYoungGen: 69117K->1408K(68608K)] 441129K->373420K(566784K), 0.0032891 secs] [Times: user=0.01 sys=0.00, real=0.01 secs] 
1904.931: [GC (Allocation Failure) [PSYoungGen: 68480K->1376K(68096K)] 440492K->373420K(566272K), 0.0021093 secs] [Times: user=0.01 sys=0.00, real=0.01 secs] 
1905.950: [GC (Allocation Failure) [PSYoungGen: 67936K->1344K(67584K)] 439980K->373388K(565760K), 0.0041234 secs] [Times: user=0.01 sys=0.00, real=0.01 secs] 
1907.163: [GC (Allocation Failure) [PSYoungGen: 67392K->1376K(67072K)] 439436K->373420K(565248K), 0.0028502 secs] [Times: user=0.01 sys=0.00, real=0.01 secs] 
1907.820: [GC (Allocation Failure) [PSYoungGen: 66912K->1421K(66560K)] 438956K->373465K(564736K), 0.0021958 secs] [Times: user=0.01 sys=0.00, real=0.00 secs] 
1907.956: [GC (Allocation Failure) [PSYoungGen: 66445K->1421K(66048K)] 438489K->373465K(564224K), 0.0017488 secs] [Times: user=0.00 sys=0.00, real=0.00 secs] 
1908.070: [GC (Allocation Failure) [PSYoungGen: 65933K->1424K(65536K)] 437977K->373476K(563712K), 0.0017090 secs] [Times: user=0.00 sys=0.00, real=0.00 secs] 
1908.183: [GC (Allocation Failure) [PSYoungGen: 65424K->1421K(66560K)] 437476K->373473K(564736K), 0.0016912 secs] [Times: user=0.00 sys=0.00, real=0.00 secs] 
1908.933: [GC (Allocation Failure) [PSYoungGen: 65933K->1408K(65536K)] 437985K->373460K(563712K), 0.0025041 secs] [Times: user=0.01 sys=0.00, real=0.01 secs] 
1909.399: [GC (Allocation Failure) [PSYoungGen: 65408K->384K(64512K)] 437460K->373460K(562688K), 0.0020540 secs] [Times: user=0.01 sys=0.00, real=0.00 secs] 
1909.663: [GC (Allocation Failure) [PSYoungGen: 63872K->320K(63488K)] 436948K->373396K(561664K), 0.0035927 secs] [Times: user=0.02 sys=0.00, real=0.01 secs] 
1909.927: [GC (Allocation Failure) [PSYoungGen: 63296K->320K(64000K)] 436372K->373396K(562176K), 0.0020627 secs] [Times: user=0.01 sys=0.00, real=0.00 secs] 
1910.240: [GC (Allocation Failure) [PSYoungGen: 62784K->1440K(63488K)] 435860K->374516K(561664K), 0.0016283 secs] [Times: user=0.01 sys=0.00, real=0.00 secs] 
1910.349: [GC (Allocation Failure) [PSYoungGen: 63392K->1421K(62976K)] 436468K->374497K(561152K), 0.0016674 secs] [Times: user=0.00 sys=0.00, real=0.00 secs] 
1910.456: [GC (Allocation Failure) [PSYoungGen: 62861K->1424K(63488K)] 435937K->374500K(561664K), 0.0017869 secs] [Times: user=0.01 sys=0.00, real=0.00 secs] 
1910.565: [GC (Allocation Failure) [PSYoungGen: 62864K->1501K(69632K)] 435940K->374585K(567808K), 0.0014475 secs] [Times: user=0.01 sys=0.00, real=0.00 secs] 
1910.792: [GC (Allocation Failure) [PSYoungGen: 69085K->1952K(69632K)] 442169K->375036K(567808K), 0.0020773 secs] [Times: user=0.01 sys=0.00, real=0.01 secs] 
1911.119: [GC (Allocation Failure) [PSYoungGen: 69536K->1312K(68608K)] 442620K->374396K(566784K), 0.0020009 secs] [Times: user=0.01 sys=0.00, real=0.00 secs] 
1911.434: [GC (Allocation Failure) [PSYoungGen: 68384K->1376K(68096K)] 441468K->374460K(566272K), 0.0021669 secs] [Times: user=0.01 sys=0.00, real=0.00 secs] 
1911.710: [GC (Allocation Failure) [PSYoungGen: 67936K->1312K(67584K)] 441020K->374396K(565760K), 0.0018592 secs] [Times: user=0.00 sys=0.00, real=0.00 secs] 
1912.060: [GC (Allocation Failure) [PSYoungGen: 67360K->1344K(67072K)] 440444K->374428K(565248K), 0.0019221 secs] [Times: user=0.01 sys=0.00, real=0.00 secs] 
1912.338: [GC (Allocation Failure) [PSYoungGen: 66880K->1472K(66560K)] 439964K->374556K(564736K), 0.0016653 secs] [Times: user=0.01 sys=0.00, real=0.00 secs] 
1912.453: [GC (Allocation Failure) [PSYoungGen: 66496K->1469K(66048K)] 439580K->374553K(564224K), 0.0015478 secs] [Times: user=0.00 sys=0.01, real=0.01 secs] 
1912.566: [GC (Allocation Failure) [PSYoungGen: 65981K->1453K(65536K)] 439065K->374561K(563712K), 0.0015758 secs] [Times: user=0.00 sys=0.00, real=0.00 secs] 
1912.679: [GC (Allocation Failure) [PSYoungGen: 65453K->1485K(72192K)] 438561K->374593K(570368K), 0.0017690 secs] [Times: user=0.01 sys=0.00, real=0.00 secs] 
1913.703: [GC (Allocation Failure) [PSYoungGen: 71629K->1376K(71168K)] 444737K->374484K(569344K), 0.0029137 secs] [Times: user=0.01 sys=0.00, real=0.01 secs] 
1914.795: [GC (Allocation Failure) [PSYoungGen: 71008K->1344K(70656K)] 444116K->374452K(568832K), 0.0029973 secs] [Times: user=0.01 sys=0.00, real=0.00 secs] 
1915.748: [GC (Allocation Failure) [PSYoungGen: 70464K->1344K(70144K)] 443572K->374452K(568320K), 0.0024766 secs] [Times: user=0.01 sys=0.00, real=0.00 secs] 
1916.490: [GC (Allocation Failure) [PSYoungGen: 69952K->1344K(69632K)] 443060K->374452K(567808K), 0.0033861 secs] [Times: user=0.01 sys=0.00, real=0.01 secs] 
1916.787: [GC (Allocation Failure) [PSYoungGen: 69440K->1517K(69120K)] 442548K->374625K(567296K), 0.0019902 secs] [Times: user=0.01 sys=0.00, real=0.00 secs] 
1916.947: [GC (Allocation Failure) [PSYoungGen: 69101K->1453K(68608K)] 442209K->374561K(566784K), 0.0020900 secs] [Times: user=0.01 sys=0.00, real=0.00 secs] 
1917.122: [GC (Allocation Failure) [PSYoungGen: 68525K->1485K(68096K)] 441633K->374601K(566272K), 0.0023176 secs] [Times: user=0.01 sys=0.00, real=0.01 secs] 
1917.411: [GC (Allocation Failure) [PSYoungGen: 68045K->1520K(67584K)] 441161K->374636K(565760K), 0.0019671 secs] [Times: user=0.01 sys=0.00, real=0.00 secs] 
1918.575: [GC (Allocation Failure) [PSYoungGen: 67568K->1344K(67072K)] 440684K->374460K(565248K), 0.0031529 secs] [Times: user=0.01 sys=0.00, real=0.00 secs] 
1919.378: [GC (Allocation Failure) [PSYoungGen: 66880K->1376K(66560K)] 439996K->374492K(564736K), 0.0026028 secs] [Times: user=0.01 sys=0.00, real=0.00 secs] 
1920.353: [GC (Allocation Failure) [PSYoungGen: 66400K->1328K(66048K)] 439516K->374444K(564224K), 0.0031715 secs] [Times: user=0.01 sys=0.00, real=0.01 secs] 
1921.451: [GC (Allocation Failure) [PSYoungGen: 65840K->1344K(65536K)] 438956K->374460K(563712K), 0.0023795 secs] [Times: user=0.01 sys=0.00, real=0.01 secs] 
1921.899: [GC (Allocation Failure) [PSYoungGen: 65344K->1453K(65024K)] 438460K->374569K(563200K), 0.0019274 secs] [Times: user=0.01 sys=0.00, real=0.00 secs] 
1922.014: [GC (Allocation Failure) [PSYoungGen: 64941K->1488K(64512K)] 438057K->374604K(562688K), 0.0018157 secs] [Times: user=0.01 sys=0.00, real=0.00 secs] 
1922.125: [GC (Allocation Failure) [PSYoungGen: 64464K->1453K(64000K)] 437580K->374569K(562176K), 0.0016217 secs] [Times: user=0.01 sys=0.00, real=0.00 secs] 
1922.236: [GC (Allocation Failure) [PSYoungGen: 63917K->1456K(65024K)] 437033K->374588K(563200K), 0.0017560 secs] [Times: user=0.01 sys=0.00, real=0.00 secs] 
1922.665: [GC (Allocation Failure) [PSYoungGen: 64432K->1440K(64000K)] 437564K->374572K(562176K), 0.0018474 secs] [Times: user=0.00 sys=0.00, real=0.00 secs] 
1922.945: [GC (Allocation Failure) [PSYoungGen: 63904K->1312K(63488K)] 437036K->374444K(561664K), 0.0021384 secs] [Times: user=0.00 sys=0.00, real=0.00 secs] 
1923.234: [GC (Allocation Failure) [PSYoungGen: 63264K->1376K(62976K)] 436396K->374508K(561152K), 0.0027196 secs] [Times: user=0.01 sys=0.00, real=0.00 secs] 
1923.679: [GC (Allocation Failure) [PSYoungGen: 62816K->1360K(62464K)] 435948K->374492K(560640K), 0.0020728 secs] [Times: user=0.01 sys=0.00, real=0.00 secs] 
1924.185: [GC (Allocation Failure) [PSYoungGen: 62288K->1360K(61952K)] 435420K->374492K(560128K), 0.0023487 secs] [Times: user=0.01 sys=0.00, real=0.00 secs] 
1924.328: [GC (Allocation Failure) [PSYoungGen: 61776K->1453K(61440K)] 434908K->374585K(559616K), 0.0016760 secs] [Times: user=0.01 sys=0.00, real=0.00 secs] 
1924.435: [GC (Allocation Failure) [PSYoungGen: 61357K->1488K(60928K)] 434489K->374636K(559104K), 0.0016028 secs] [Times: user=0.01 sys=0.00, real=0.00 secs] 
1924.540: [GC (Allocation Failure) [PSYoungGen: 60880K->1517K(67072K)] 434028K->374681K(565248K), 0.0015781 secs] [Times: user=0.00 sys=0.00, real=0.00 secs] 
1924.673: [GC (Allocation Failure) [PSYoungGen: 66541K->1421K(67584K)] 439705K->374585K(565760K), 0.0019866 secs] [Times: user=0.01 sys=0.00, real=0.01 secs] 
1925.605: [GC (Allocation Failure) [PSYoungGen: 66957K->1408K(66560K)] 440121K->374572K(564736K), 0.0024724 secs] [Times: user=0.01 sys=0.00, real=0.00 secs] 
1926.428: [GC (Allocation Failure) [PSYoungGen: 66432K->1344K(66048K)] 439596K->374508K(564224K), 0.0026884 secs] [Times: user=0.01 sys=0.00, real=0.00 secs] 
1927.229: [GC (Allocation Failure) [PSYoungGen: 65856K->1312K(65536K)] 439020K->374476K(563712K), 0.0020622 secs] [Times: user=0.00 sys=0.00, real=0.00 secs] 
1928.118: [GC (Allocation Failure) [PSYoungGen: 65312K->1344K(65024K)] 438476K->374508K(563200K), 0.0028236 secs] [Times: user=0.01 sys=0.00, real=0.00 secs] 
1929.170: [GC (Allocation Failure) [PSYoungGen: 64832K->1421K(64512K)] 437996K->374593K(562688K), 0.0027462 secs] [Times: user=0.01 sys=0.00, real=0.00 secs] 
1929.356: [GC (Allocation Failure) [PSYoungGen: 64397K->1485K(64000K)] 437569K->374657K(562176K), 0.0023125 secs] [Times: user=0.01 sys=0.00, real=0.00 secs] 
1929.506: [GC (Allocation Failure) [PSYoungGen: 63949K->1485K(63488K)] 437121K->374673K(561664K), 0.0017098 secs] [Times: user=0.01 sys=0.00, real=0.00 secs] 
1929.614: [GC (Allocation Failure) [PSYoungGen: 63437K->1485K(62976K)] 436625K->374673K(561152K), 0.0017112 secs] [Times: user=0.01 sys=0.00, real=0.00 secs] 
1930.114: [GC (Allocation Failure) [PSYoungGen: 62925K->1424K(62464K)] 436113K->374612K(560640K), 0.0028515 secs] [Times: user=0.01 sys=0.00, real=0.00 secs] 
1930.956: [GC (Allocation Failure) [PSYoungGen: 62352K->1408K(61952K)] 435540K->374596K(560128K), 0.0030913 secs] [Times: user=0.01 sys=0.00, real=0.00 secs] 
1931.492: [GC (Allocation Failure) [PSYoungGen: 61824K->1360K(61440K)] 435012K->374548K(559616K), 0.0022914 secs] [Times: user=0.01 sys=0.00, real=0.01 secs] 
1931.995: [GC (Allocation Failure) [PSYoungGen: 61264K->1376K(60928K)] 434452K->374564K(559104K), 0.0024881 secs] [Times: user=0.00 sys=0.00, real=0.00 secs] 
1932.650: [GC (Allocation Failure) [PSYoungGen: 60768K->1376K(60416K)] 433956K->374564K(558592K), 0.0025598 secs] [Times: user=0.01 sys=0.00, real=0.00 secs] 
1933.473: [GC (Allocation Failure) [PSYoungGen: 60256K->1453K(59904K)] 433444K->374641K(558080K), 0.0021769 secs] [Times: user=0.01 sys=0.00, real=0.01 secs] 
1933.600: [GC (Allocation Failure) [PSYoungGen: 59821K->1488K(59392K)] 433009K->374676K(557568K), 0.0017348 secs] [Times: user=0.00 sys=0.00, real=0.00 secs] 
1933.702: [GC (Allocation Failure) [PSYoungGen: 59344K->1488K(59904K)] 432532K->374684K(558080K), 0.0016722 secs] [Times: user=0.01 sys=0.00, real=0.01 secs] 
1933.804: [GC (Allocation Failure) [PSYoungGen: 59313K->1517K(59904K)] 432509K->374713K(558080K), 0.0017507 secs] [Times: user=0.00 sys=0.00, real=0.00 secs] 
1934.037: [GC (Allocation Failure) [PSYoungGen: 59373K->1456K(65536K)] 432569K->374660K(563712K), 0.0021728 secs] [Times: user=0.00 sys=0.00, real=0.00 secs] 
1934.388: [GC (Allocation Failure) [PSYoungGen: 64944K->1376K(64512K)] 438148K->374580K(562688K), 0.0019842 secs] [Times: user=0.01 sys=0.00, real=0.00 secs] 
1934.649: [GC (Allocation Failure) [PSYoungGen: 64352K->1344K(64000K)] 437556K->374588K(562176K), 0.0020933 secs] [Times: user=0.00 sys=0.00, real=0.00 secs] 
1934.947: [GC (Allocation Failure) [PSYoungGen: 63808K->1376K(63488K)] 437052K->374620K(561664K), 0.0021470 secs] [Times: user=0.01 sys=0.00, real=0.00 secs] 
1935.204: [GC (Allocation Failure) [PSYoungGen: 63328K->1360K(62976K)] 436572K->374604K(561152K), 0.0020159 secs] [Times: user=0.01 sys=0.00, real=0.00 secs] 
1935.445: [GC (Allocation Failure) [PSYoungGen: 62781K->1421K(62464K)] 436025K->374665K(560640K), 0.0017240 secs] [Times: user=0.00 sys=0.00, real=0.00 secs] 
1935.555: [GC (Allocation Failure) [PSYoungGen: 62349K->1456K(61952K)] 435593K->374708K(560128K), 0.0016686 secs] [Times: user=0.00 sys=0.00, real=0.00 secs] 
1935.662: [GC (Allocation Failure) [PSYoungGen: 61872K->1456K(62464K)] 435124K->374708K(560640K), 0.0017245 secs] [Times: user=0.00 sys=0.00, real=0.01 secs] 
1935.769: [GC (Allocation Failure) [PSYoungGen: 61872K->1533K(68608K)] 435124K->374785K(566784K), 0.0014462 secs] [Times: user=0.00 sys=0.00, real=0.00 secs] 
1936.099: [GC (Allocation Failure) [PSYoungGen: 68093K->1392K(68608K)] 441345K->374644K(566784K), 0.0020666 secs] [Times: user=0.01 sys=0.00, real=0.00 secs] 
1936.436: [GC (Allocation Failure) [PSYoungGen: 67952K->1344K(67584K)] 441204K->374596K(565760K), 0.0018066 secs] [Times: user=0.01 sys=0.00, real=0.00 secs] 
1936.710: [GC (Allocation Failure) [PSYoungGen: 67392K->1376K(67072K)] 440644K->374628K(565248K), 0.0019713 secs] [Times: user=0.01 sys=0.00, real=0.00 secs] 
1936.984: [GC (Allocation Failure) [PSYoungGen: 66912K->1376K(66560K)] 440164K->374628K(564736K), 0.0019724 secs] [Times: user=0.01 sys=0.00, real=0.00 secs] 
1937.309: [GC (Allocation Failure) [PSYoungGen: 66400K->1440K(66048K)] 439652K->374692K(564224K), 0.0021702 secs] [Times: user=0.01 sys=0.01, real=0.00 secs] 
1937.435: [GC (Allocation Failure) [PSYoungGen: 65952K->1440K(65536K)] 439204K->374692K(563712K), 0.0015642 secs] [Times: user=0.01 sys=0.00, real=0.00 secs] 
1937.552: [GC (Allocation Failure) [PSYoungGen: 65439K->1533K(65024K)] 438691K->374793K(563200K), 0.0014856 secs] [Times: user=0.00 sys=0.00, real=0.01 secs] 
1937.667: [GC (Allocation Failure) [PSYoungGen: 65021K->1485K(71168K)] 438281K->374745K(569344K), 0.0015459 secs] [Times: user=0.01 sys=0.00, real=0.00 secs] 
1938.336: [GC (Allocation Failure) [PSYoungGen: 71117K->1424K(70656K)] 444377K->374684K(568832K), 0.0022486 secs] [Times: user=0.01 sys=0.00, real=0.00 secs] 
1939.639: [GC (Allocation Failure) [PSYoungGen: 70544K->1376K(70144K)] 443804K->374636K(568320K), 0.0028060 secs] [Times: user=0.01 sys=0.00, real=0.00 secs] 
1940.607: [GC (Allocation Failure) [PSYoungGen: 69984K->1376K(69632K)] 443244K->374636K(567808K), 0.0024316 secs] [Times: user=0.01 sys=0.00, real=0.00 secs] 
1941.602: [GC (Allocation Failure) [PSYoungGen: 69472K->1344K(69120K)] 442732K->374604K(567296K), 0.0041866 secs] [Times: user=0.01 sys=0.01, real=0.01 secs] 
1942.581: [GC (Allocation Failure) [PSYoungGen: 68902K->1437K(68608K)] 442163K->374697K(566784K), 0.0029210 secs] [Times: user=0.01 sys=0.00, real=0.01 secs] 
1942.756: [GC (Allocation Failure) [PSYoungGen: 68509K->1485K(68096K)] 441769K->374745K(566272K), 0.0017776 secs] [Times: user=0.00 sys=0.00, real=0.00 secs] 
1942.874: [GC (Allocation Failure) [PSYoungGen: 68045K->1485K(67584K)] 441305K->374745K(565760K), 0.0017618 secs] [Times: user=0.01 sys=0.00, real=0.00 secs] 
1942.990: [GC (Allocation Failure) [PSYoungGen: 67533K->1453K(67072K)] 440793K->374729K(565248K), 0.0016979 secs] [Times: user=0.01 sys=0.00, real=0.00 secs] 
1943.540: [GC (Allocation Failure) [PSYoungGen: 66989K->1392K(66560K)] 440265K->374668K(564736K), 0.0021786 secs] [Times: user=0.01 sys=0.00, real=0.00 secs] 
1945.815: [GC (Allocation Failure) [PSYoungGen: 66416K->1376K(66048K)] 439692K->374652K(564224K), 0.0030977 secs] [Times: user=0.01 sys=0.00, real=0.00 secs] 
1946.670: [GC (Allocation Failure) [PSYoungGen: 65888K->1312K(65536K)] 439164K->374588K(563712K), 0.0032364 secs] [Times: user=0.01 sys=0.00, real=0.01 secs] 
1947.306: [GC (Allocation Failure) [PSYoungGen: 65312K->1360K(65024K)] 438588K->374636K(563200K), 0.0029097 secs] [Times: user=0.02 sys=0.00, real=0.00 secs] 
1948.649: [GC (Allocation Failure) [PSYoungGen: 64848K->1344K(64512K)] 438124K->374620K(562688K), 0.0044036 secs] [Times: user=0.02 sys=0.00, real=0.01 secs] 
1948.938: [GC (Allocation Failure) [PSYoungGen: 64320K->1453K(64000K)] 437596K->374729K(562176K), 0.0020171 secs] [Times: user=0.01 sys=0.00, real=0.00 secs] 
1949.059: [GC (Allocation Failure) [PSYoungGen: 63917K->1485K(63488K)] 437193K->374761K(561664K), 0.0016646 secs] [Times: user=0.01 sys=0.00, real=0.00 secs] 
1949.168: [GC (Allocation Failure) [PSYoungGen: 63437K->1453K(62976K)] 436713K->374745K(561152K), 0.0017388 secs] [Times: user=0.01 sys=0.00, real=0.00 secs] 
1949.276: [GC (Allocation Failure) [PSYoungGen: 62893K->1485K(63488K)] 436185K->374785K(561664K), 0.0021679 secs] [Times: user=0.01 sys=0.00, real=0.00 secs] 
1949.605: [GC (Allocation Failure) [PSYoungGen: 62925K->1408K(69632K)] 436225K->374708K(567808K), 0.0018540 secs] [Times: user=0.01 sys=0.00, real=0.00 secs] 
1950.009: [GC (Allocation Failure) [PSYoungGen: 68992K->1344K(68608K)] 442292K->374644K(566784K), 0.0019845 secs] [Times: user=0.01 sys=0.00, real=0.00 secs] 
1950.506: [GC (Allocation Failure) [PSYoungGen: 68416K->1376K(68096K)] 441716K->374676K(566272K), 0.0020217 secs] [Times: user=0.01 sys=0.00, real=0.00 secs] 
1951.043: [GC (Allocation Failure) [PSYoungGen: 67936K->1344K(67584K)] 441236K->374644K(565760K), 0.0038824 secs] [Times: user=0.01 sys=0.00, real=0.01 secs] 
1951.472: [GC (Allocation Failure) [PSYoungGen: 67392K->1405K(67072K)] 440692K->374705K(565248K), 0.0022930 secs] [Times: user=0.01 sys=0.00, real=0.01 secs] 
1951.606: [GC (Allocation Failure) [PSYoungGen: 66941K->1453K(66560K)] 440241K->374753K(564736K), 0.0016533 secs] [Times: user=0.00 sys=0.00, real=0.00 secs] 
1951.720: [GC (Allocation Failure) [PSYoungGen: 66477K->1456K(66048K)] 439777K->374772K(564224K), 0.0016448 secs] [Times: user=0.01 sys=0.00, real=0.00 secs] 
1951.851: [GC (Allocation Failure) [PSYoungGen: 65968K->1453K(66560K)] 439284K->374769K(564736K), 0.0019654 secs] [Times: user=0.01 sys=0.00, real=0.00 secs] 
1952.353: [GC (Allocation Failure) [PSYoungGen: 65965K->1456K(65536K)] 439281K->374772K(563712K), 0.0022874 secs] [Times: user=0.01 sys=0.01, real=0.00 secs] 
1953.338: [GC (Allocation Failure) [PSYoungGen: 65456K->1344K(65024K)] 438772K->374660K(563200K), 0.0027858 secs] [Times: user=0.01 sys=0.00, real=0.00 secs] 
1954.008: [GC (Allocation Failure) [PSYoungGen: 64832K->1344K(64512K)] 438148K->374676K(562688K), 0.0026500 secs] [Times: user=0.01 sys=0.00, real=0.00 secs] 
1954.891: [GC (Allocation Failure) [PSYoungGen: 64320K->1392K(64000K)] 437652K->374724K(562176K), 0.0024487 secs] [Times: user=0.01 sys=0.00, real=0.00 secs] 
1956.329: [GC (Allocation Failure) [PSYoungGen: 63856K->1424K(63488K)] 437188K->374756K(561664K), 0.0032507 secs] [Times: user=0.01 sys=0.00, real=0.00 secs] 
1956.520: [GC (Allocation Failure) [PSYoungGen: 63376K->1453K(62976K)] 436708K->374785K(561152K), 0.0020845 secs] [Times: user=0.00 sys=0.00, real=0.00 secs] 
1956.632: [GC (Allocation Failure) [PSYoungGen: 62893K->493K(61440K)] 436225K->374873K(559616K), 0.0014283 secs] [Times: user=0.01 sys=0.00, real=0.01 secs] 
1956.753: [GC (Allocation Failure) [PSYoungGen: 61421K->413K(62464K)] 435801K->374801K(560640K), 0.0017896 secs] [Times: user=0.01 sys=0.00, real=0.01 secs] 
1956.887: [GC (Allocation Failure) [PSYoungGen: 60829K->461K(67584K)] 435217K->374849K(565760K), 0.0020281 secs] [Times: user=0.00 sys=0.00, real=0.00 secs] 
1957.314: [GC (Allocation Failure) [PSYoungGen: 67021K->1376K(67584K)] 441409K->375764K(565760K), 0.0019741 secs] [Times: user=0.01 sys=0.00, real=0.00 secs] 
1957.662: [GC (Allocation Failure) [PSYoungGen: 67424K->1376K(67072K)] 441812K->375764K(565248K), 0.0018966 secs] [Times: user=0.01 sys=0.00, real=0.01 secs] 
1957.992: [GC (Allocation Failure) [PSYoungGen: 66912K->1440K(66560K)] 441300K->375828K(564736K), 0.0018599 secs] [Times: user=0.01 sys=0.00, real=0.01 secs] 
1958.385: [GC (Allocation Failure) [PSYoungGen: 66464K->1344K(66048K)] 440852K->375732K(564224K), 0.0019696 secs] [Times: user=0.01 sys=0.00, real=0.00 secs] 
1958.755: [GC (Allocation Failure) [PSYoungGen: 65856K->1389K(65536K)] 440244K->375777K(563712K), 0.0016556 secs] [Times: user=0.01 sys=0.00, real=0.00 secs] 
1958.868: [GC (Allocation Failure) [PSYoungGen: 65389K->1485K(65024K)] 439777K->375873K(563200K), 0.0016284 secs] [Times: user=0.00 sys=0.00, real=0.00 secs] 
1958.979: [GC (Allocation Failure) [PSYoungGen: 64973K->1485K(64512K)] 439361K->375889K(562688K), 0.0016338 secs] [Times: user=0.00 sys=0.00, real=0.00 secs] 
1959.090: [GC (Allocation Failure) [PSYoungGen: 64461K->1488K(65024K)] 438865K->375892K(563200K), 0.0016774 secs] [Times: user=0.00 sys=0.00, real=0.00 secs] 
1959.587: [GC (Allocation Failure) [PSYoungGen: 64464K->1424K(64000K)] 438868K->375828K(562176K), 0.0020185 secs] [Times: user=0.01 sys=0.00, real=0.00 secs] 
1960.185: [GC (Allocation Failure) [PSYoungGen: 63888K->1376K(63488K)] 438292K->375780K(561664K), 0.0033895 secs] [Times: user=0.01 sys=0.00, real=0.00 secs] 
1960.741: [GC (Allocation Failure) [PSYoungGen: 63328K->1344K(62976K)] 437732K->375748K(561152K), 0.0022820 secs] [Times: user=0.01 sys=0.00, real=0.01 secs] 
1961.032: [GC (Allocation Failure) [PSYoungGen: 62784K->1360K(62464K)] 437188K->375764K(560640K), 0.0019556 secs] [Times: user=0.01 sys=0.00, real=0.01 secs] 
1961.711: [GC (Allocation Failure) [PSYoungGen: 62288K->1392K(61952K)] 436692K->375796K(560128K), 0.0022645 secs] [Times: user=0.01 sys=0.00, real=0.01 secs] 
1961.844: [GC (Allocation Failure) [PSYoungGen: 61808K->1421K(61440K)] 436212K->375825K(559616K), 0.0016136 secs] [Times: user=0.01 sys=0.00, real=0.00 secs] 
1961.949: [GC (Allocation Failure) [PSYoungGen: 61325K->1456K(60928K)] 435729K->375860K(559104K), 0.0016390 secs] [Times: user=0.00 sys=0.00, real=0.00 secs] 
1962.053: [GC (Allocation Failure) [PSYoungGen: 60843K->1456K(61440K)] 435248K->375868K(559616K), 0.0016360 secs] [Times: user=0.01 sys=0.00, real=0.01 secs] 
1962.157: [GC (Allocation Failure) [PSYoungGen: 60848K->1389K(61440K)] 435260K->375801K(559616K), 0.0016163 secs] [Times: user=0.00 sys=0.00, real=0.00 secs] 
1962.818: [GC (Allocation Failure) [PSYoungGen: 60781K->1440K(60416K)] 435193K->375852K(558592K), 0.0020991 secs] [Times: user=0.01 sys=0.00, real=0.00 secs] 
1963.376: [GC (Allocation Failure) [PSYoungGen: 60320K->1376K(59904K)] 434732K->375804K(558080K), 0.0036567 secs] [Times: user=0.01 sys=0.00, real=0.00 secs] 
1964.120: [GC (Allocation Failure) [PSYoungGen: 59744K->1360K(59392K)] 434172K->375788K(557568K), 0.0024402 secs] [Times: user=0.00 sys=0.00, real=0.00 secs] 
1964.705: [GC (Allocation Failure) [PSYoungGen: 59216K->1344K(59392K)] 433644K->375772K(557568K), 0.0030246 secs] [Times: user=0.01 sys=0.00, real=0.00 secs] 
1965.285: [GC (Allocation Failure) [PSYoungGen: 59200K->1344K(59392K)] 433628K->375772K(557568K), 0.0027100 secs] [Times: user=0.02 sys=0.00, real=0.00 secs] 
1965.505: [GC (Allocation Failure) [PSYoungGen: 59200K->1488K(59392K)] 433628K->375916K(557568K), 0.0021459 secs] [Times: user=0.01 sys=0.00, real=0.00 secs] 
1965.638: [GC (Allocation Failure) [PSYoungGen: 59344K->1453K(59392K)] 433772K->375889K(557568K), 0.0019027 secs] [Times: user=0.00 sys=0.00, real=0.00 secs] 
1965.767: [GC (Allocation Failure) [PSYoungGen: 59309K->1421K(64512K)] 433745K->375857K(562688K), 0.0019721 secs] [Times: user=0.00 sys=0.00, real=0.00 secs] 
1965.910: [GC (Allocation Failure) [PSYoungGen: 63885K->1488K(65536K)] 438321K->375924K(563712K), 0.0019855 secs] [Times: user=0.01 sys=0.00, real=0.00 secs] 
1966.935: [GC (Allocation Failure) [PSYoungGen: 64976K->1360K(64512K)] 439412K->375796K(562688K), 0.0033566 secs] [Times: user=0.01 sys=0.00, real=0.00 secs] 
1967.319: [GC (Allocation Failure) [PSYoungGen: 64336K->1344K(64000K)] 438772K->375780K(562176K), 0.0019319 secs] [Times: user=0.01 sys=0.00, real=0.00 secs] 
1967.687: [GC (Allocation Failure) [PSYoungGen: 63808K->1344K(63488K)] 438244K->375780K(561664K), 0.0021599 secs] [Times: user=0.01 sys=0.00, real=0.00 secs] 
1968.009: [GC (Allocation Failure) [PSYoungGen: 63296K->1344K(62976K)] 437732K->375780K(561152K), 0.0021010 secs] [Times: user=0.01 sys=0.00, real=0.00 secs] 
1968.379: [GC (Allocation Failure) [PSYoungGen: 62764K->1392K(62464K)] 437200K->375828K(560640K), 0.0020449 secs] [Times: user=0.01 sys=0.00, real=0.00 secs] 
1968.496: [GC (Allocation Failure) [PSYoungGen: 62320K->1392K(61952K)] 436756K->375828K(560128K), 0.0016635 secs] [Times: user=0.01 sys=0.00, real=0.00 secs] 
1968.602: [GC (Allocation Failure) [PSYoungGen: 61808K->1485K(62976K)] 436244K->375929K(561152K), 0.0015983 secs] [Times: user=0.01 sys=0.00, real=0.01 secs] 
1968.710: [GC (Allocation Failure) [PSYoungGen: 62925K->1504K(68096K)] 437369K->375948K(566272K), 0.0014259 secs] [Times: user=0.01 sys=0.00, real=0.00 secs] 
1968.827: [GC (Allocation Failure) [PSYoungGen: 67552K->1533K(68096K)] 441996K->375977K(566272K), 0.0015104 secs] [Times: user=0.01 sys=0.00, real=0.00 secs] 
1969.309: [GC (Allocation Failure) [PSYoungGen: 67581K->1408K(67072K)] 442025K->375852K(565248K), 0.0020708 secs] [Times: user=0.00 sys=0.00, real=0.00 secs] 
1969.582: [GC (Allocation Failure) [PSYoungGen: 66944K->1376K(66560K)] 441388K->375820K(564736K), 0.0020961 secs] [Times: user=0.00 sys=0.00, real=0.01 secs] 
1970.131: [GC (Allocation Failure) [PSYoungGen: 66400K->1376K(66048K)] 440844K->375820K(564224K), 0.0019637 secs] [Times: user=0.01 sys=0.00, real=0.00 secs] 
1970.791: [GC (Allocation Failure) [PSYoungGen: 65888K->1344K(65536K)] 440332K->375788K(563712K), 0.0027017 secs] [Times: user=0.01 sys=0.00, real=0.01 secs] 
1971.353: [GC (Allocation Failure) [PSYoungGen: 65344K->1472K(65024K)] 439788K->375916K(563200K), 0.0021413 secs] [Times: user=0.01 sys=0.00, real=0.01 secs] 
1971.484: [GC (Allocation Failure) [PSYoungGen: 64960K->1517K(64512K)] 439404K->375961K(562688K), 0.0016292 secs] [Times: user=0.00 sys=0.00, real=0.00 secs] 
1971.595: [GC (Allocation Failure) [PSYoungGen: 64493K->1421K(64000K)] 438937K->375881K(562176K), 0.0016235 secs] [Times: user=0.00 sys=0.00, real=0.00 secs] 
1971.723: [GC (Allocation Failure) [PSYoungGen: 63885K->1456K(70144K)] 438345K->375916K(568320K), 0.0019263 secs] [Times: user=0.00 sys=0.00, real=0.01 secs] 
1973.125: [GC (Allocation Failure) [PSYoungGen: 70064K->1424K(69632K)] 444524K->375884K(567808K), 0.0027916 secs] [Times: user=0.01 sys=0.00, real=0.00 secs] 
1973.942: [GC (Allocation Failure) [PSYoungGen: 69520K->1344K(69120K)] 443980K->375804K(567296K), 0.0030004 secs] [Times: user=0.01 sys=0.00, real=0.01 secs] 
1974.445: [GC (Allocation Failure) [PSYoungGen: 68928K->1344K(68608K)] 443388K->375828K(566784K), 0.0023133 secs] [Times: user=0.01 sys=0.00, real=0.00 secs] 
1974.944: [GC (Allocation Failure) [PSYoungGen: 68416K->1344K(68096K)] 442900K->375828K(566272K), 0.0029459 secs] [Times: user=0.01 sys=0.00, real=0.00 secs] 
1975.483: [GC (Allocation Failure) [PSYoungGen: 67904K->1421K(67584K)] 442388K->375905K(565760K), 0.0023373 secs] [Times: user=0.00 sys=0.01, real=0.00 secs] 
1975.628: [GC (Allocation Failure) [PSYoungGen: 67469K->1488K(67072K)] 441953K->375972K(565248K), 0.0016808 secs] [Times: user=0.01 sys=0.00, real=0.00 secs] 
1975.744: [GC (Allocation Failure) [PSYoungGen: 67024K->1453K(66560K)] 441508K->375937K(564736K), 0.0016190 secs] [Times: user=0.00 sys=0.00, real=0.00 secs] 
1975.859: [GC (Allocation Failure) [PSYoungGen: 66477K->1424K(67072K)] 440961K->375924K(565248K), 0.0016339 secs] [Times: user=0.01 sys=0.00, real=0.00 secs] 
1976.630: [GC (Allocation Failure) [PSYoungGen: 66448K->1408K(66048K)] 440948K->375908K(564224K), 0.0026776 secs] [Times: user=0.00 sys=0.00, real=0.00 secs] 
1977.483: [GC (Allocation Failure) [PSYoungGen: 65920K->1344K(65536K)] 440420K->375844K(563712K), 0.0024428 secs] [Times: user=0.01 sys=0.01, real=0.00 secs] 
1978.230: [GC (Allocation Failure) [PSYoungGen: 65344K->1376K(65024K)] 439844K->375876K(563200K), 0.0022867 secs] [Times: user=0.01 sys=0.00, real=0.00 secs] 
1979.021: [GC (Allocation Failure) [PSYoungGen: 64864K->1376K(64512K)] 439364K->375884K(562688K), 0.0030467 secs] [Times: user=0.01 sys=0.00, real=0.01 secs] 
1979.845: [GC (Allocation Failure) [PSYoungGen: 64352K->397K(62976K)] 438860K->375929K(561152K), 0.0036751 secs] [Times: user=0.01 sys=0.00, real=0.00 secs] 
1980.059: [GC (Allocation Failure) [PSYoungGen: 62861K->429K(64000K)] 438393K->375961K(562176K), 0.0020344 secs] [Times: user=0.00 sys=0.00, real=0.00 secs] 
1980.178: [GC (Allocation Failure) [PSYoungGen: 62381K->429K(61952K)] 437913K->375961K(560128K), 0.0016270 secs] [Times: user=0.00 sys=0.00, real=0.00 secs] 
1980.286: [GC (Allocation Failure) [PSYoungGen: 61869K->429K(62976K)] 437401K->375969K(561152K), 0.0016470 secs] [Times: user=0.01 sys=0.00, real=0.00 secs] 
1980.394: [GC (Allocation Failure) [PSYoungGen: 61357K->429K(69120K)] 436897K->375969K(567296K), 0.0015515 secs] [Times: user=0.01 sys=0.01, real=0.00 secs] 
1981.428: [GC (Allocation Failure) [PSYoungGen: 67501K->1408K(68096K)] 443041K->376948K(566272K), 0.0023142 secs] [Times: user=0.01 sys=0.00, real=0.00 secs] 
1982.271: [GC (Allocation Failure) [PSYoungGen: 67968K->1376K(67584K)] 443508K->376916K(565760K), 0.0025144 secs] [Times: user=0.02 sys=0.00, real=0.01 secs] 
1983.077: [GC (Allocation Failure) [PSYoungGen: 67424K->1312K(67072K)] 442964K->376852K(565248K), 0.0042190 secs] [Times: user=0.02 sys=0.01, real=0.00 secs] 
1983.754: [GC (Allocation Failure) [PSYoungGen: 66848K->1376K(66560K)] 442388K->376916K(564736K), 0.0033965 secs] [Times: user=0.01 sys=0.00, real=0.00 secs] 
1984.193: [GC (Allocation Failure) [PSYoungGen: 66392K->1421K(66048K)] 441933K->376961K(564224K), 0.0019889 secs] [Times: user=0.01 sys=0.00, real=0.01 secs] 
1984.347: [GC (Allocation Failure) [PSYoungGen: 65933K->1485K(66048K)] 441473K->377025K(564224K), 0.0019418 secs] [Times: user=0.01 sys=0.00, real=0.00 secs] 
1984.499: [GC (Allocation Failure) [PSYoungGen: 65485K->1421K(65024K)] 441025K->376977K(563200K), 0.0016360 secs] [Times: user=0.01 sys=0.00, real=0.00 secs] 
1984.626: [GC (Allocation Failure) [PSYoungGen: 64909K->1485K(65024K)] 440465K->377041K(563200K), 0.0019146 secs] [Times: user=0.01 sys=0.00, real=0.00 secs] 
1985.263: [GC (Allocation Failure) [PSYoungGen: 64461K->1424K(64000K)] 440017K->376980K(562176K), 0.0038886 secs] [Times: user=0.01 sys=0.00, real=0.00 secs] 
1985.832: [GC (Allocation Failure) [PSYoungGen: 63888K->1344K(63488K)] 439444K->376916K(561664K), 0.0030001 secs] [Times: user=0.01 sys=0.00, real=0.01 secs] 
1986.400: [GC (Allocation Failure) [PSYoungGen: 63296K->1344K(62976K)] 438868K->376916K(561152K), 0.0028917 secs] [Times: user=0.01 sys=0.00, real=0.00 secs] 
1986.976: [GC (Allocation Failure) [PSYoungGen: 62784K->1344K(62464K)] 438356K->376916K(560640K), 0.0023563 secs] [Times: user=0.01 sys=0.00, real=0.00 secs] 
1987.622: [GC (Allocation Failure) [PSYoungGen: 62272K->1392K(61952K)] 437844K->376964K(560128K), 0.0025722 secs] [Times: user=0.01 sys=0.00, real=0.01 secs] 
1987.774: [GC (Allocation Failure) [PSYoungGen: 61808K->1453K(61440K)] 437380K->377025K(559616K), 0.0016003 secs] [Times: user=0.01 sys=0.00, real=0.00 secs] 
1987.879: [GC (Allocation Failure) [PSYoungGen: 61357K->1456K(60928K)] 436929K->377028K(559104K), 0.0017072 secs] [Times: user=0.01 sys=0.00, real=0.00 secs] 
1987.984: [GC (Allocation Failure) [PSYoungGen: 60835K->1424K(61440K)] 436408K->377004K(559616K), 0.0016667 secs] [Times: user=0.00 sys=0.00, real=0.00 secs] 
1988.089: [GC (Allocation Failure) [PSYoungGen: 61328K->1485K(61952K)] 436908K->377065K(560128K), 0.0017533 secs] [Times: user=0.01 sys=0.00, real=0.00 secs] 
1989.080: [GC (Allocation Failure) [PSYoungGen: 61389K->1408K(60928K)] 436969K->376988K(559104K), 0.0020344 secs] [Times: user=0.01 sys=0.00, real=0.00 secs] 
1989.822: [GC (Allocation Failure) [PSYoungGen: 60800K->1344K(60416K)] 436380K->376924K(558592K), 0.0025549 secs] [Times: user=0.01 sys=0.00, real=0.01 secs] 
1990.766: [GC (Allocation Failure) [PSYoungGen: 60224K->1376K(59904K)] 435804K->376956K(558080K), 0.0025861 secs] [Times: user=0.01 sys=0.00, real=0.00 secs] 
1991.749: [GC (Allocation Failure) [PSYoungGen: 59744K->1376K(59392K)] 435324K->376956K(557568K), 0.0036776 secs] [Times: user=0.02 sys=0.00, real=0.00 secs] 
1992.760: [GC (Allocation Failure) [PSYoungGen: 59232K->1344K(59392K)] 434812K->376924K(557568K), 0.0036572 secs] [Times: user=0.02 sys=0.00, real=0.01 secs] 
1993.015: [GC (Allocation Failure) [PSYoungGen: 59200K->1424K(59392K)] 434780K->377004K(557568K), 0.0022750 secs] [Times: user=0.01 sys=0.00, real=0.00 secs] 
1993.135: [GC (Allocation Failure) [PSYoungGen: 59280K->1421K(59392K)] 434860K->377009K(557568K), 0.0016824 secs] [Times: user=0.01 sys=0.00, real=0.00 secs] 
1993.236: [GC (Allocation Failure) [PSYoungGen: 59277K->1504K(65024K)] 434865K->377092K(563200K), 0.0016503 secs] [Times: user=0.00 sys=0.00, real=0.00 secs] 
1993.348: [GC (Allocation Failure) [PSYoungGen: 64480K->1421K(65536K)] 440068K->377009K(563712K), 0.0018372 secs] [Times: user=0.01 sys=0.00, real=0.00 secs] 
1994.604: [GC (Allocation Failure) [PSYoungGen: 64909K->1424K(64512K)] 440497K->377012K(562688K), 0.0028256 secs] [Times: user=0.01 sys=0.01, real=0.00 secs] 
1995.213: [GC (Allocation Failure) [PSYoungGen: 64400K->1312K(64000K)] 439988K->376900K(562176K), 0.0019689 secs] [Times: user=0.01 sys=0.00, real=0.00 secs] 
1995.775: [GC (Allocation Failure) [PSYoungGen: 63776K->1344K(63488K)] 439364K->376932K(561664K), 0.0020653 secs] [Times: user=0.01 sys=0.00, real=0.00 secs] 
1996.274: [GC (Allocation Failure) [PSYoungGen: 63296K->1344K(62976K)] 438884K->376932K(561152K), 0.0021947 secs] [Times: user=0.01 sys=0.00, real=0.00 secs] 
1996.609: [GC (Allocation Failure) [PSYoungGen: 62784K->1437K(62464K)] 438372K->377025K(560640K), 0.0027241 secs] [Times: user=0.01 sys=0.00, real=0.00 secs] 
1996.778: [GC (Allocation Failure) [PSYoungGen: 62365K->1488K(61952K)] 437953K->377076K(560128K), 0.0019235 secs] [Times: user=0.00 sys=0.00, real=0.00 secs] 
1996.887: [GC (Allocation Failure) [PSYoungGen: 61904K->1488K(61440K)] 437492K->377100K(559616K), 0.0015695 secs] [Times: user=0.00 sys=0.00, real=0.00 secs] 
1996.992: [GC (Allocation Failure) [PSYoungGen: 61392K->1488K(61952K)] 437004K->377100K(560128K), 0.0017442 secs] [Times: user=0.01 sys=0.00, real=0.01 secs] 
1997.099: [GC (Allocation Failure) [PSYoungGen: 61392K->1421K(61952K)] 437004K->377033K(560128K), 0.0016737 secs] [Times: user=0.01 sys=0.00, real=0.00 secs] 
1998.061: [GC (Allocation Failure) [PSYoungGen: 61325K->1424K(60928K)] 436937K->377036K(559104K), 0.0033149 secs] [Times: user=0.01 sys=0.00, real=0.01 secs] 
1998.652: [GC (Allocation Failure) [PSYoungGen: 60816K->1344K(60416K)] 436428K->376956K(558592K), 0.0026045 secs] [Times: user=0.01 sys=0.00, real=0.01 secs] 
1999.424: [GC (Allocation Failure) [PSYoungGen: 60224K->1376K(59904K)] 435836K->376988K(558080K), 0.0029418 secs] [Times: user=0.01 sys=0.00, real=0.00 secs] 
2000.154: [GC (Allocation Failure) [PSYoungGen: 59744K->1408K(59392K)] 435356K->377020K(557568K), 0.0030843 secs] [Times: user=0.01 sys=0.00, real=0.00 secs] 
2001.882: [GC (Allocation Failure) [PSYoungGen: 59264K->1360K(59392K)] 434876K->376972K(557568K), 0.0036104 secs] [Times: user=0.01 sys=0.00, real=0.01 secs] 
2002.074: [GC (Allocation Failure) [PSYoungGen: 59216K->1453K(59392K)] 434828K->377065K(557568K), 0.0021729 secs] [Times: user=0.01 sys=0.00, real=0.00 secs] 
2002.213: [GC (Allocation Failure) [PSYoungGen: 59309K->1453K(59392K)] 434921K->377073K(557568K), 0.0019488 secs] [Times: user=0.01 sys=0.00, real=0.00 secs] 
2002.358: [GC (Allocation Failure) [PSYoungGen: 59309K->1421K(65024K)] 434929K->377041K(563200K), 0.0021417 secs] [Times: user=0.01 sys=0.00, real=0.00 secs] 
2002.519: [GC (Allocation Failure) [PSYoungGen: 64397K->1453K(65536K)] 440017K->377073K(563712K), 0.0016842 secs] [Times: user=0.01 sys=0.01, real=0.00 secs] 
2003.034: [GC (Allocation Failure) [PSYoungGen: 64941K->1392K(64512K)] 440561K->377012K(562688K), 0.0028696 secs] [Times: user=0.01 sys=0.00, real=0.00 secs] 
2003.644: [GC (Allocation Failure) [PSYoungGen: 64368K->1344K(64000K)] 439988K->376964K(562176K), 0.0027430 secs] [Times: user=0.01 sys=0.00, real=0.00 secs] 
2004.278: [GC (Allocation Failure) [PSYoungGen: 63808K->1344K(63488K)] 439428K->376964K(561664K), 0.0025840 secs] [Times: user=0.01 sys=0.00, real=0.00 secs] 
2004.844: [GC (Allocation Failure) [PSYoungGen: 63296K->1344K(62976K)] 438916K->376964K(561152K), 0.0022496 secs] [Times: user=0.01 sys=0.00, real=0.00 secs] 
2005.427: [GC (Allocation Failure) [PSYoungGen: 62784K->1389K(62464K)] 438404K->377009K(560640K), 0.0024529 secs] [Times: user=0.01 sys=0.00, real=0.00 secs] 
2005.611: [GC (Allocation Failure) [PSYoungGen: 62317K->1485K(61952K)] 437937K->377105K(560128K), 0.0022314 secs] [Times: user=0.01 sys=0.00, real=0.01 secs] 
2005.742: [GC (Allocation Failure) [PSYoungGen: 61901K->1488K(61440K)] 437521K->377124K(559616K), 0.0018169 secs] [Times: user=0.01 sys=0.00, real=0.01 secs] 
2005.861: [GC (Allocation Failure) [PSYoungGen: 61392K->1453K(61952K)] 437028K->377105K(560128K), 0.0019432 secs] [Times: user=0.01 sys=0.00, real=0.00 secs] 
2005.994: [GC (Allocation Failure) [PSYoungGen: 61357K->1456K(61952K)] 437009K->377108K(560128K), 0.0020001 secs] [Times: user=0.00 sys=0.00, real=0.00 secs] 
2007.310: [GC (Allocation Failure) [PSYoungGen: 61360K->1408K(60928K)] 437012K->377060K(559104K), 0.0029762 secs] [Times: user=0.01 sys=0.00, real=0.01 secs] 
2007.837: [GC (Allocation Failure) [PSYoungGen: 60800K->1408K(60416K)] 436452K->377060K(558592K), 0.0026391 secs] [Times: user=0.02 sys=0.00, real=0.00 secs] 
2008.149: [GC (Allocation Failure) [PSYoungGen: 60288K->1376K(59904K)] 435940K->377028K(558080K), 0.0021014 secs] [Times: user=0.01 sys=0.00, real=0.00 secs] 
2008.436: [GC (Allocation Failure) [PSYoungGen: 59744K->1376K(59392K)] 435396K->377028K(557568K), 0.0019306 secs] [Times: user=0.00 sys=0.00, real=0.00 secs] 
2009.096: [GC (Allocation Failure) [PSYoungGen: 59232K->445K(58368K)] 434884K->377121K(556544K), 0.0022572 secs] [Times: user=0.01 sys=0.00, real=0.00 secs] 
2009.273: [GC (Allocation Failure) [PSYoungGen: 58301K->445K(59904K)] 434977K->377121K(558080K), 0.0032235 secs] [Times: user=0.02 sys=0.00, real=0.00 secs] 
2009.449: [GC (Allocation Failure) [PSYoungGen: 58301K->429K(65536K)] 434977K->377113K(563712K), 0.0023186 secs] [Times: user=0.01 sys=0.00, real=0.00 secs] 
2009.639: [GC (Allocation Failure) [PSYoungGen: 63917K->461K(65536K)] 440601K->377145K(563712K), 0.0025035 secs] [Times: user=0.01 sys=0.00, real=0.00 secs] 
2009.789: [GC (Allocation Failure) [PSYoungGen: 63949K->461K(71680K)] 440633K->377145K(569856K), 0.0015783 secs] [Times: user=0.01 sys=0.00, real=0.00 secs] 
2010.553: [GC (Allocation Failure) [PSYoungGen: 70093K->1376K(70656K)] 446777K->378060K(568832K), 0.0030108 secs] [Times: user=0.01 sys=0.00, real=0.01 secs] 
2011.191: [GC (Allocation Failure) [PSYoungGen: 70496K->1344K(70144K)] 447180K->378028K(568320K), 0.0024860 secs] [Times: user=0.01 sys=0.00, real=0.01 secs] 
2011.864: [GC (Allocation Failure) [PSYoungGen: 69952K->1376K(69632K)] 446636K->378060K(567808K), 0.0027996 secs] [Times: user=0.01 sys=0.00, real=0.00 secs] 
2012.343: [GC (Allocation Failure) [PSYoungGen: 69472K->1344K(69120K)] 446156K->378028K(567296K), 0.0026061 secs] [Times: user=0.01 sys=0.00, real=0.00 secs] 
2012.631: [GC (Allocation Failure) [PSYoungGen: 68928K->1392K(68608K)] 445612K->378076K(566784K), 0.0021409 secs] [Times: user=0.00 sys=0.00, real=0.01 secs] 
2012.763: [GC (Allocation Failure) [PSYoungGen: 68464K->1421K(68096K)] 445148K->378105K(566272K), 0.0015812 secs] [Times: user=0.00 sys=0.00, real=0.01 secs] 
2012.880: [GC (Allocation Failure) [PSYoungGen: 67981K->1421K(67584K)] 444665K->378113K(565760K), 0.0016697 secs] [Times: user=0.01 sys=0.00, real=0.00 secs] 
2012.997: [GC (Allocation Failure) [PSYoungGen: 67469K->1517K(67584K)] 444161K->378209K(565760K), 0.0016345 secs] [Times: user=0.01 sys=0.00, real=0.00 secs] 
2013.433: [GC (Allocation Failure) [PSYoungGen: 67053K->1424K(66560K)] 443745K->378116K(564736K), 0.0023050 secs] [Times: user=0.01 sys=0.00, real=0.01 secs] 
2014.002: [GC (Allocation Failure) [PSYoungGen: 66448K->1344K(66048K)] 443140K->378052K(564224K), 0.0023366 secs] [Times: user=0.01 sys=0.00, real=0.01 secs] 
2014.590: [GC (Allocation Failure) [PSYoungGen: 65856K->1344K(65536K)] 442564K->378052K(563712K), 0.0025183 secs] [Times: user=0.01 sys=0.00, real=0.00 secs] 
2015.114: [GC (Allocation Failure) [PSYoungGen: 65344K->1344K(65024K)] 442052K->378052K(563200K), 0.0026474 secs] [Times: user=0.02 sys=0.00, real=0.00 secs] 
2015.598: [GC (Allocation Failure) [PSYoungGen: 64832K->1453K(64512K)] 441540K->378161K(562688K), 0.0022112 secs] [Times: user=0.01 sys=0.00, real=0.00 secs] 
2015.758: [GC (Allocation Failure) [PSYoungGen: 64429K->1517K(64000K)] 441137K->378225K(562176K), 0.0020796 secs] [Times: user=0.00 sys=0.00, real=0.00 secs] 
2015.906: [GC (Allocation Failure) [PSYoungGen: 63981K->1456K(63488K)] 440689K->378164K(561664K), 0.0017369 secs] [Times: user=0.00 sys=0.00, real=0.00 secs] 
2016.030: [GC (Allocation Failure) [PSYoungGen: 63408K->1456K(64000K)] 440116K->378172K(562176K), 0.0018923 secs] [Times: user=0.01 sys=0.00, real=0.00 secs] 
2016.421: [GC (Allocation Failure) [PSYoungGen: 63408K->1408K(62976K)] 440124K->378124K(561152K), 0.0029892 secs] [Times: user=0.01 sys=0.00, real=0.01 secs] 
2016.903: [GC (Allocation Failure) [PSYoungGen: 62848K->1344K(62464K)] 439564K->378060K(560640K), 0.0024665 secs] [Times: user=0.01 sys=0.00, real=0.01 secs] 
2017.377: [GC (Allocation Failure) [PSYoungGen: 62272K->1312K(61952K)] 438988K->378028K(560128K), 0.0030367 secs] [Times: user=0.01 sys=0.00, real=0.00 secs] 
2017.919: [GC (Allocation Failure) [PSYoungGen: 61728K->1360K(61440K)] 438444K->378076K(559616K), 0.0028232 secs] [Times: user=0.01 sys=0.00, real=0.00 secs] 
2018.513: [GC (Allocation Failure) [PSYoungGen: 61264K->1344K(60928K)] 437980K->378060K(559104K), 0.0022003 secs] [Times: user=0.01 sys=0.00, real=0.00 secs] 
2018.839: [GC (Allocation Failure) [PSYoungGen: 60736K->1421K(60416K)] 437452K->378137K(558592K), 0.0016517 secs] [Times: user=0.00 sys=0.00, real=0.00 secs] 
2018.944: [GC (Allocation Failure) [PSYoungGen: 60301K->1421K(59904K)] 437017K->378137K(558080K), 0.0016723 secs] [Times: user=0.01 sys=0.00, real=0.00 secs] 
2019.060: [GC (Allocation Failure) [PSYoungGen: 59789K->1453K(60416K)] 436505K->378177K(558592K), 0.0018975 secs] [Times: user=0.01 sys=0.00, real=0.00 secs] 
2019.189: [GC (Allocation Failure) [PSYoungGen: 59821K->1453K(60416K)] 436545K->378177K(558592K), 0.0019830 secs] [Times: user=0.01 sys=0.00, real=0.00 secs] 
2019.718: [GC (Allocation Failure) [PSYoungGen: 59821K->1424K(59392K)] 436545K->378148K(557568K), 0.0026422 secs] [Times: user=0.01 sys=0.01, real=0.00 secs] 
2020.364: [GC (Allocation Failure) [PSYoungGen: 59280K->1344K(59392K)] 436004K->378068K(557568K), 0.0047117 secs] [Times: user=0.02 sys=0.01, real=0.00 secs] 
2021.184: [GC (Allocation Failure) [PSYoungGen: 59200K->1344K(59392K)] 435924K->378068K(557568K), 0.0035437 secs] [Times: user=0.01 sys=0.00, real=0.00 secs] 
2021.987: [GC (Allocation Failure) [PSYoungGen: 59200K->1344K(59392K)] 435924K->378068K(557568K), 0.0027676 secs] [Times: user=0.01 sys=0.00, real=0.00 secs] 
2022.790: [GC (Allocation Failure) [PSYoungGen: 59200K->1376K(59392K)] 435924K->378100K(557568K), 0.0034996 secs] [Times: user=0.01 sys=0.00, real=0.01 secs] 
2023.408: [GC (Allocation Failure) [PSYoungGen: 59232K->1440K(59392K)] 435956K->378164K(557568K), 0.0025738 secs] [Times: user=0.01 sys=0.00, real=0.00 secs] 
2023.536: [GC (Allocation Failure) [PSYoungGen: 59296K->1488K(59392K)] 436020K->378228K(557568K), 0.0016171 secs] [Times: user=0.01 sys=0.00, real=0.00 secs] 
2023.638: [GC (Allocation Failure) [PSYoungGen: 59344K->1453K(59392K)] 436084K->378193K(557568K), 0.0018027 secs] [Times: user=0.01 sys=0.00, real=0.00 secs] 
2023.740: [GC (Allocation Failure) [PSYoungGen: 59309K->1424K(61952K)] 436049K->378164K(560128K), 0.0016925 secs] [Times: user=0.00 sys=0.00, real=0.00 secs] 
2024.087: [GC (Allocation Failure) [PSYoungGen: 61840K->1568K(62464K)] 438580K->378308K(560640K), 0.0021997 secs] [Times: user=0.01 sys=0.00, real=0.00 secs] 
2025.331: [GC (Allocation Failure) [PSYoungGen: 61984K->1312K(61440K)] 438724K->378060K(559616K), 0.0026992 secs] [Times: user=0.01 sys=0.00, real=0.01 secs] 
2025.848: [GC (Allocation Failure) [PSYoungGen: 61216K->1376K(60928K)] 437964K->378124K(559104K), 0.0026943 secs] [Times: user=0.01 sys=0.01, real=0.00 secs] 
2026.377: [GC (Allocation Failure) [PSYoungGen: 60768K->1344K(60416K)] 437516K->378092K(558592K), 0.0037238 secs] [Times: user=0.01 sys=0.00, real=0.00 secs] 
2026.934: [GC (Allocation Failure) [PSYoungGen: 60224K->1344K(59904K)] 436972K->378092K(558080K), 0.0030332 secs] [Times: user=0.02 sys=0.00, real=0.00 secs] 
2027.604: [GC (Allocation Failure) [PSYoungGen: 59712K->1472K(59392K)] 436460K->378220K(557568K), 0.0025964 secs] [Times: user=0.01 sys=0.01, real=0.00 secs] 
2027.750: [GC (Allocation Failure) [PSYoungGen: 59328K->1456K(59392K)] 436076K->378212K(557568K), 0.0017392 secs] [Times: user=0.01 sys=0.00, real=0.00 secs] 
2027.866: [GC (Allocation Failure) [PSYoungGen: 59290K->1485K(59392K)] 436047K->378241K(557568K), 0.0019151 secs] [Times: user=0.01 sys=0.00, real=0.00 secs] 
2027.997: [GC (Allocation Failure) [PSYoungGen: 59321K->1453K(64512K)] 436078K->378209K(562688K), 0.0020682 secs] [Times: user=0.00 sys=0.00, real=0.00 secs] 
2028.151: [GC (Allocation Failure) [PSYoungGen: 63917K->1440K(66048K)] 440673K->378196K(564224K), 0.0021860 secs] [Times: user=0.00 sys=0.00, real=0.01 secs] 
2029.513: [GC (Allocation Failure) [PSYoungGen: 65440K->1376K(65024K)] 442196K->378132K(563200K), 0.0024686 secs] [Times: user=0.01 sys=0.00, real=0.00 secs] 
2030.206: [GC (Allocation Failure) [PSYoungGen: 64864K->1344K(64512K)] 441620K->378100K(562688K), 0.0024571 secs] [Times: user=0.01 sys=0.00, real=0.00 secs] 
2030.907: [GC (Allocation Failure) [PSYoungGen: 64320K->1344K(64000K)] 441076K->378100K(562176K), 0.0037898 secs] [Times: user=0.01 sys=0.00, real=0.00 secs] 
2031.489: [GC (Allocation Failure) [PSYoungGen: 63808K->1344K(63488K)] 440564K->378100K(561664K), 0.0022272 secs] [Times: user=0.01 sys=0.00, real=0.00 secs] 
2031.922: [GC (Allocation Failure) [PSYoungGen: 63296K->1453K(62976K)] 440052K->378209K(561152K), 0.0017933 secs] [Times: user=0.01 sys=0.00, real=0.01 secs] 
2032.030: [GC (Allocation Failure) [PSYoungGen: 62893K->1456K(62464K)] 439649K->378220K(560640K), 0.0016693 secs] [Times: user=0.01 sys=0.00, real=0.00 secs] 
2032.137: [GC (Allocation Failure) [PSYoungGen: 62384K->1424K(61952K)] 439148K->378188K(560128K), 0.0017031 secs] [Times: user=0.01 sys=0.00, real=0.00 secs] 
2032.243: [GC (Allocation Failure) [PSYoungGen: 61840K->1517K(62464K)] 438604K->378281K(560640K), 0.0016237 secs] [Times: user=0.00 sys=0.00, real=0.01 secs] 
2032.600: [GC (Allocation Failure) [PSYoungGen: 61933K->1392K(61440K)] 438697K->378156K(559616K), 0.0022209 secs] [Times: user=0.01 sys=0.00, real=0.00 secs] 
2032.858: [GC (Allocation Failure) [PSYoungGen: 61296K->1344K(60928K)] 438060K->378108K(559104K), 0.0019906 secs] [Times: user=0.01 sys=0.00, real=0.00 secs] 
2033.381: [GC (Allocation Failure) [PSYoungGen: 60736K->1344K(60416K)] 437500K->378108K(558592K), 0.0020642 secs] [Times: user=0.00 sys=0.00, real=0.00 secs] 
2033.891: [GC (Allocation Failure) [PSYoungGen: 60224K->1344K(59904K)] 436988K->378108K(558080K), 0.0022318 secs] [Times: user=0.01 sys=0.00, real=0.01 secs] 
2034.453: [GC (Allocation Failure) [PSYoungGen: 59712K->1344K(59392K)] 436476K->378108K(557568K), 0.0028664 secs] [Times: user=0.01 sys=0.00, real=0.01 secs] 
2034.994: [GC (Allocation Failure) [PSYoungGen: 59200K->1421K(59904K)] 435964K->378185K(558080K), 0.0026370 secs] [Times: user=0.01 sys=0.00, real=0.00 secs] 
2035.145: [GC (Allocation Failure) [PSYoungGen: 59277K->1488K(59904K)] 436041K->378252K(558080K), 0.0018025 secs] [Times: user=0.01 sys=0.00, real=0.00 secs] 
2035.263: [GC (Allocation Failure) [PSYoungGen: 59344K->1453K(59904K)] 436108K->378233K(558080K), 0.0018660 secs] [Times: user=0.01 sys=0.00, real=0.01 secs] 
2035.392: [GC (Allocation Failure) [PSYoungGen: 59277K->1517K(59904K)] 436058K->378297K(558080K), 0.0019688 secs] [Times: user=0.00 sys=0.00, real=0.01 secs] 
2035.502: [GC (Allocation Failure) [PSYoungGen: 59279K->224K(65536K)] 436060K->377004K(563712K), 0.0016310 secs] [Times: user=0.01 sys=0.00, real=0.01 secs] 
2036.500: [GC (Allocation Failure) [PSYoungGen: 63712K->1344K(64512K)] 440492K->378124K(562688K), 0.0023290 secs] [Times: user=0.00 sys=0.00, real=0.00 secs] 
2037.337: [GC (Allocation Failure) [PSYoungGen: 64320K->1312K(64000K)] 441100K->378092K(562176K), 0.0022805 secs] [Times: user=0.01 sys=0.00, real=0.00 secs] 
2037.781: [GC (Allocation Failure) [PSYoungGen: 63776K->1392K(63488K)] 440556K->378172K(561664K), 0.0020629 secs] [Times: user=0.01 sys=0.00, real=0.00 secs] 
2037.876: [GC (Allocation Failure) [PSYoungGen: 63344K->1421K(62976K)] 440124K->378201K(561152K), 0.0016998 secs] [Times: user=0.01 sys=0.00, real=0.00 secs] 
2037.950: [GC (Allocation Failure) [PSYoungGen: 62861K->1456K(63488K)] 439641K->378236K(561664K), 0.0016250 secs] [Times: user=0.01 sys=0.00, real=0.00 secs] 
2038.024: [GC (Allocation Failure) [PSYoungGen: 62896K->1472K(70144K)] 439676K->378260K(568320K), 0.0017111 secs] [Times: user=0.01 sys=0.00, real=0.00 secs] 
2038.107: [GC (Allocation Failure) [PSYoungGen: 69568K->1501K(70144K)] 446356K->378289K(568320K), 0.0034343 secs] [Times: user=0.02 sys=0.00, real=0.00 secs] 
2038.399: [GC (Allocation Failure) [PSYoungGen: 69597K->1424K(78336K)] 446385K->378212K(576512K), 0.0018533 secs] [Times: user=0.01 sys=0.00, real=0.00 secs] 
2038.723: [GC (Allocation Failure) [PSYoungGen: 78224K->1328K(78848K)] 455012K->378124K(577024K), 0.0017713 secs] [Times: user=0.01 sys=0.00, real=0.00 secs] 
2039.053: [GC (Allocation Failure) [PSYoungGen: 78128K->1360K(86528K)] 454924K->378156K(584704K), 0.0035320 secs] [Times: user=0.02 sys=0.01, real=0.01 secs] 
2039.783: [GC (Allocation Failure) [PSYoungGen: 86352K->1421K(87040K)] 463148K->378225K(585216K), 0.0020512 secs] [Times: user=0.00 sys=0.00, real=0.01 secs] 
2039.941: [GC (Allocation Failure) [PSYoungGen: 86413K->1549K(95744K)] 463217K->378353K(593920K), 0.0035388 secs] [Times: user=0.00 sys=0.01, real=0.01 secs] 
2040.115: [GC (Allocation Failure) [PSYoungGen: 95245K->1472K(95744K)] 472049K->378276K(593920K), 0.0015601 secs] [Times: user=0.01 sys=0.00, real=0.00 secs] 
2040.581: [GC (Allocation Failure) [PSYoungGen: 95168K->1424K(104448K)] 471972K->378228K(602624K), 0.0022104 secs] [Times: user=0.01 sys=0.00, real=0.00 secs] 
2041.468: [GC (Allocation Failure) [PSYoungGen: 104336K->1360K(103424K)] 481140K->378164K(601600K), 0.0021277 secs] [Times: user=0.01 sys=0.00, real=0.00 secs] 
2042.430: [GC (Allocation Failure) [PSYoungGen: 103248K->1360K(102400K)] 480052K->378164K(600576K), 0.0020735 secs] [Times: user=0.01 sys=0.00, real=0.00 secs] 
2043.222: [GC (Allocation Failure) [PSYoungGen: 102224K->1453K(101376K)] 479028K->378257K(599552K), 0.0017331 secs] [Times: user=0.00 sys=0.00, real=0.01 secs] 
2043.433: [GC (Allocation Failure) [PSYoungGen: 101293K->1517K(100352K)] 478097K->378321K(598528K), 0.0018432 secs] [Times: user=0.01 sys=0.00, real=0.01 secs] 
2043.624: [GC (Allocation Failure) [PSYoungGen: 100333K->1536K(99840K)] 477137K->378340K(598016K), 0.0016430 secs] [Times: user=0.00 sys=0.00, real=0.00 secs] 
2044.660: [GC (Allocation Failure) [PSYoungGen: 99328K->320K(97280K)] 476132K->378148K(595456K), 0.0022140 secs] [Times: user=0.01 sys=0.00, real=0.00 secs] 
2045.553: [GC (Allocation Failure) [PSYoungGen: 97088K->320K(97792K)] 474916K->378148K(595968K), 0.0029012 secs] [Times: user=0.01 sys=0.00, real=0.01 secs] 
2046.353: [GC (Allocation Failure) [PSYoungGen: 96064K->1392K(96256K)] 473892K->379220K(594432K), 0.0023926 secs] [Times: user=0.01 sys=0.00, real=0.01 secs] 
2046.560: [GC (Allocation Failure) [PSYoungGen: 96112K->1485K(95232K)] 473940K->379329K(593408K), 0.0015418 secs] [Times: user=0.00 sys=0.00, real=0.00 secs] 
2046.724: [GC (Allocation Failure) [PSYoungGen: 95181K->1485K(94208K)] 473025K->379329K(592384K), 0.0016565 secs] [Times: user=0.01 sys=0.00, real=0.00 secs] 
2047.324: [GC (Allocation Failure) [PSYoungGen: 94157K->1440K(93184K)] 472001K->379284K(591360K), 0.0021880 secs] [Times: user=0.01 sys=0.00, real=0.00 secs] 
2048.167: [GC (Allocation Failure) [PSYoungGen: 93088K->1376K(92160K)] 470932K->379220K(590336K), 0.0021976 secs] [Times: user=0.01 sys=0.00, real=0.00 secs] 
2049.111: [GC (Allocation Failure) [PSYoungGen: 92000K->1344K(91136K)] 469844K->379188K(589312K), 0.0036113 secs] [Times: user=0.01 sys=0.00, real=0.01 secs] 
2049.976: [GC (Allocation Failure) [PSYoungGen: 90944K->1389K(90112K)] 468788K->379233K(588288K), 0.0025946 secs] [Times: user=0.01 sys=0.00, real=0.00 secs] 
2050.180: [GC (Allocation Failure) [PSYoungGen: 89965K->1485K(89088K)] 467809K->379337K(587264K), 0.0015079 secs] [Times: user=0.01 sys=0.00, real=0.00 secs] 
2050.338: [GC (Allocation Failure) [PSYoungGen: 89037K->1453K(88064K)] 466889K->379305K(586240K), 0.0016435 secs] [Times: user=0.01 sys=0.00, real=0.00 secs] 
2050.752: [GC (Allocation Failure) [PSYoungGen: 87981K->1424K(87040K)] 465833K->379276K(585216K), 0.0020236 secs] [Times: user=0.01 sys=0.00, real=0.01 secs] 
2051.762: [GC (Allocation Failure) [PSYoungGen: 86928K->1344K(86528K)] 464780K->379196K(584704K), 0.0027077 secs] [Times: user=0.01 sys=0.00, real=0.01 secs] 
2052.453: [GC (Allocation Failure) [PSYoungGen: 86336K->1344K(86016K)] 464188K->379196K(584192K), 0.0028938 secs] [Times: user=0.01 sys=0.00, real=0.00 secs] 
2053.166: [GC (Allocation Failure) [PSYoungGen: 85824K->1437K(85504K)] 463676K->379297K(583680K), 0.0026636 secs] [Times: user=0.01 sys=0.00, real=0.00 secs] 
2053.432: [GC (Allocation Failure) [PSYoungGen: 85405K->1485K(84992K)] 463265K->379345K(583168K), 0.0021383 secs] [Times: user=0.01 sys=0.00, real=0.01 secs] 
2053.626: [GC (Allocation Failure) [PSYoungGen: 84941K->1517K(84480K)] 462801K->379409K(582656K), 0.0041017 secs] [Times: user=0.01 sys=0.00, real=0.00 secs] 
2053.776: [GC (Allocation Failure) [PSYoungGen: 84461K->1453K(83968K)] 462353K->379345K(582144K), 0.0017617 secs] [Times: user=0.01 sys=0.00, real=0.00 secs] 
2054.368: [GC (Allocation Failure) [PSYoungGen: 83885K->1392K(83456K)] 461777K->379284K(581632K), 0.0019044 secs] [Times: user=0.00 sys=0.00, real=0.00 secs] 
2054.763: [GC (Allocation Failure) [PSYoungGen: 83312K->1376K(82944K)] 461204K->379268K(581120K), 0.0019666 secs] [Times: user=0.01 sys=0.00, real=0.01 secs] 
2055.148: [GC (Allocation Failure) [PSYoungGen: 82784K->1344K(82432K)] 460676K->379244K(580608K), 0.0020410 secs] [Times: user=0.01 sys=0.00, real=0.00 secs] 
2055.445: [GC (Allocation Failure) [PSYoungGen: 82240K->1485K(81920K)] 460140K->379385K(580096K), 0.0016368 secs] [Times: user=0.00 sys=0.00, real=0.00 secs] 
2055.585: [GC (Allocation Failure) [PSYoungGen: 81869K->1517K(81408K)] 459769K->379433K(579584K), 0.0015766 secs] [Times: user=0.01 sys=0.00, real=0.00 secs] 
2055.726: [GC (Allocation Failure) [PSYoungGen: 81389K->1485K(80896K)] 459305K->379401K(579072K), 0.0017246 secs] [Times: user=0.01 sys=0.00, real=0.00 secs] 
2055.958: [GC (Allocation Failure) [PSYoungGen: 80845K->1408K(80384K)] 458761K->379324K(578560K), 0.0018287 secs] [Times: user=0.01 sys=0.00, real=0.00 secs] 
2056.359: [GC (Allocation Failure) [PSYoungGen: 80256K->1344K(79872K)] 458172K->379260K(578048K), 0.0018469 secs] [Times: user=0.01 sys=0.00, real=0.00 secs] 
2056.696: [GC (Allocation Failure) [PSYoungGen: 79680K->1344K(79360K)] 457596K->379260K(577536K), 0.0021641 secs] [Times: user=0.01 sys=0.00, real=0.00 secs] 
2057.131: [GC (Allocation Failure) [PSYoungGen: 79168K->1344K(78848K)] 457084K->379260K(577024K), 0.0022167 secs] [Times: user=0.01 sys=0.00, real=0.01 secs] 
2057.362: [GC (Allocation Failure) [PSYoungGen: 78656K->1488K(78336K)] 456572K->379404K(576512K), 0.0016102 secs] [Times: user=0.01 sys=0.00, real=0.01 secs] 
2057.497: [GC (Allocation Failure) [PSYoungGen: 78288K->1453K(77824K)] 456204K->379369K(576000K), 0.0018983 secs] [Times: user=0.01 sys=0.00, real=0.00 secs] 
2057.631: [GC (Allocation Failure) [PSYoungGen: 77741K->1421K(77312K)] 455657K->379337K(575488K), 0.0016339 secs] [Times: user=0.00 sys=0.00, real=0.00 secs] 
2058.208: [GC (Allocation Failure) [PSYoungGen: 77197K->1424K(76800K)] 455113K->379340K(574976K), 0.0034757 secs] [Times: user=0.01 sys=0.00, real=0.00 secs] 
2059.092: [GC (Allocation Failure) [PSYoungGen: 76688K->1344K(76288K)] 454604K->379260K(574464K), 0.0027863 secs] [Times: user=0.01 sys=0.00, real=0.01 secs] 
2059.706: [GC (Allocation Failure) [PSYoungGen: 76096K->1344K(75776K)] 454012K->379268K(573952K), 0.0029790 secs] [Times: user=0.01 sys=0.00, real=0.00 secs] 
2060.297: [GC (Allocation Failure) [PSYoungGen: 75584K->1344K(75264K)] 453508K->379268K(573440K), 0.0026828 secs] [Times: user=0.01 sys=0.00, real=0.00 secs] 
2060.856: [GC (Allocation Failure) [PSYoungGen: 75045K->1421K(74752K)] 452970K->379345K(572928K), 0.0022178 secs] [Times: user=0.01 sys=0.00, real=0.00 secs] 
2061.001: [GC (Allocation Failure) [PSYoungGen: 74637K->1485K(74240K)] 452561K->379409K(572416K), 0.0016388 secs] [Times: user=0.01 sys=0.00, real=0.00 secs] 
2061.130: [GC (Allocation Failure) [PSYoungGen: 74189K->1485K(73728K)] 452113K->379409K(571904K), 0.0016912 secs] [Times: user=0.01 sys=0.00, real=0.00 secs] 
2061.257: [GC (Allocation Failure) [PSYoungGen: 73677K->1485K(73216K)] 451601K->379409K(571392K), 0.0016795 secs] [Times: user=0.00 sys=0.00, real=0.00 secs] 
2061.581: [GC (Allocation Failure) [PSYoungGen: 73165K->1408K(72704K)] 451089K->379332K(570880K), 0.0018949 secs] [Times: user=0.01 sys=0.00, real=0.00 secs] 
2061.877: [GC (Allocation Failure) [PSYoungGen: 72576K->1344K(72192K)] 450500K->379268K(570368K), 0.0017513 secs] [Times: user=0.01 sys=0.00, real=0.00 secs] 
2062.170: [GC (Allocation Failure) [PSYoungGen: 72000K->1376K(71680K)] 449924K->379300K(569856K), 0.0018866 secs] [Times: user=0.01 sys=0.00, real=0.00 secs] 
2062.479: [GC (Allocation Failure) [PSYoungGen: 71520K->1437K(71168K)] 449444K->379361K(569344K), 0.0018751 secs] [Times: user=0.01 sys=0.00, real=0.00 secs] 
2062.611: [GC (Allocation Failure) [PSYoungGen: 71069K->1485K(77824K)] 448993K->379409K(576000K), 0.0028216 secs] [Times: user=0.01 sys=0.00, real=0.01 secs] 
2062.747: [GC (Allocation Failure) [PSYoungGen: 77773K->1421K(79360K)] 455697K->379345K(577536K), 0.0017102 secs] [Times: user=0.00 sys=0.00, real=0.00 secs] 
2062.886: [GC (Allocation Failure) [PSYoungGen: 79245K->1453K(79872K)] 457169K->379377K(578048K), 0.0016216 secs] [Times: user=0.00 sys=0.00, real=0.00 secs] 
2063.156: [GC (Allocation Failure) [PSYoungGen: 79277K->1408K(78848K)] 457201K->379340K(577024K), 0.0017760 secs] [Times: user=0.01 sys=0.00, real=0.00 secs] 
2063.479: [GC (Allocation Failure) [PSYoungGen: 78720K->1376K(78336K)] 456652K->379324K(576512K), 0.0020392 secs] [Times: user=0.00 sys=0.00, real=0.00 secs] 
2063.805: [GC (Allocation Failure) [PSYoungGen: 78176K->1376K(77824K)] 456124K->379324K(576000K), 0.0018591 secs] [Times: user=0.01 sys=0.00, real=0.00 secs] 
2064.122: [GC (Allocation Failure) [PSYoungGen: 77664K->1376K(77312K)] 455612K->379324K(575488K), 0.0021517 secs] [Times: user=0.01 sys=0.00, real=0.01 secs] 
2064.426: [GC (Allocation Failure) [PSYoungGen: 77152K->1501K(76800K)] 455100K->379449K(574976K), 0.0016506 secs] [Times: user=0.01 sys=0.00, real=0.00 secs] 
2064.559: [GC (Allocation Failure) [PSYoungGen: 76765K->1533K(76288K)] 454713K->379481K(574464K), 0.0015195 secs] [Times: user=0.01 sys=0.00, real=0.00 secs] 
2064.711: [GC (Allocation Failure) [PSYoungGen: 76285K->1517K(75776K)] 454233K->379465K(573952K), 0.0022824 secs] [Times: user=0.01 sys=0.00, real=0.00 secs] 
2065.406: [GC (Allocation Failure) [PSYoungGen: 75757K->1392K(75264K)] 453705K->379340K(573440K), 0.0028199 secs] [Times: user=0.01 sys=0.01, real=0.00 secs] 
2066.081: [GC (Allocation Failure) [PSYoungGen: 75120K->1344K(74752K)] 453068K->379292K(572928K), 0.0027610 secs] [Times: user=0.00 sys=0.00, real=0.01 secs] 
2066.838: [GC (Allocation Failure) [PSYoungGen: 74560K->1408K(74240K)] 452508K->379356K(572416K), 0.0046777 secs] [Times: user=0.02 sys=0.01, real=0.00 secs] 
2067.567: [GC (Allocation Failure) [PSYoungGen: 74112K->1344K(73728K)] 452060K->379292K(571904K), 0.0041530 secs] [Times: user=0.02 sys=0.00, real=0.00 secs] 
2068.279: [GC (Allocation Failure) [PSYoungGen: 73536K->1424K(73216K)] 451484K->379372K(571392K), 0.0023110 secs] [Times: user=0.01 sys=0.00, real=0.00 secs] 
2068.466: [GC (Allocation Failure) [PSYoungGen: 73104K->1485K(72704K)] 451052K->379433K(570880K), 0.0022321 secs] [Times: user=0.01 sys=0.00, real=0.00 secs] 
2068.626: [GC (Allocation Failure) [PSYoungGen: 72653K->1421K(72192K)] 450601K->379369K(570368K), 0.0017060 secs] [Times: user=0.01 sys=0.00, real=0.00 secs] 
2068.975: [GC (Allocation Failure) [PSYoungGen: 72077K->1520K(71680K)] 450025K->379500K(569856K), 0.0023514 secs] [Times: user=0.01 sys=0.00, real=0.00 secs] 
2070.201: [GC (Allocation Failure) [PSYoungGen: 71664K->1344K(71168K)] 449644K->379324K(569344K), 0.0028129 secs] [Times: user=0.01 sys=0.00, real=0.01 secs] 
2070.750: [GC (Allocation Failure) [PSYoungGen: 70976K->1344K(70656K)] 448956K->379324K(568832K), 0.0077597 secs] [Times: user=0.03 sys=0.00, real=0.01 secs] 
2071.376: [GC (Allocation Failure) [PSYoungGen: 70464K->1344K(70144K)] 448444K->379324K(568320K), 0.0028474 secs] [Times: user=0.01 sys=0.01, real=0.00 secs] 
2072.039: [GC (Allocation Failure) [PSYoungGen: 69781K->256K(68608K)] 447761K->378236K(566784K), 0.0030626 secs] [Times: user=0.02 sys=0.00, real=0.00 secs] 
2072.246: [GC (Allocation Failure) [PSYoungGen: 68352K->1485K(69632K)] 446332K->379465K(567808K), 0.0019882 secs] [Times: user=0.01 sys=0.00, real=0.00 secs] 
2072.367: [GC (Allocation Failure) [PSYoungGen: 69069K->1485K(68608K)] 447049K->379465K(566784K), 0.0016656 secs] [Times: user=0.01 sys=0.00, real=0.00 secs] 
2072.485: [GC (Allocation Failure) [PSYoungGen: 68557K->1424K(75264K)] 446537K->379404K(573440K), 0.0017132 secs] [Times: user=0.01 sys=0.00, real=0.00 secs] 
2072.678: [GC (Allocation Failure) [PSYoungGen: 75152K->1440K(74752K)] 453132K->379420K(572928K), 0.0017997 secs] [Times: user=0.00 sys=0.00, real=0.00 secs] 
2072.982: [GC (Allocation Failure) [PSYoungGen: 74656K->1344K(74240K)] 452636K->379324K(572416K), 0.0016561 secs] [Times: user=0.00 sys=0.01, real=0.01 secs] 
2073.283: [GC (Allocation Failure) [PSYoungGen: 74048K->1360K(73728K)] 452028K->379340K(571904K), 0.0016273 secs] [Times: user=0.01 sys=0.00, real=0.01 secs] 
2073.852: [GC (Allocation Failure) [PSYoungGen: 73552K->1344K(73216K)] 451532K->379324K(571392K), 0.0030432 secs] [Times: user=0.01 sys=0.00, real=0.01 secs] 
2074.317: [GC (Allocation Failure) [PSYoungGen: 73024K->1453K(72704K)] 451004K->379433K(570880K), 0.0022101 secs] [Times: user=0.01 sys=0.00, real=0.00 secs] 
2074.467: [GC (Allocation Failure) [PSYoungGen: 72621K->1453K(72192K)] 450601K->379457K(570368K), 0.0017440 secs] [Times: user=0.01 sys=0.00, real=0.00 secs] 
2074.594: [GC (Allocation Failure) [PSYoungGen: 72109K->1517K(71680K)] 450113K->379521K(569856K), 0.0018275 secs] [Times: user=0.01 sys=0.00, real=0.00 secs] 
2074.720: [GC (Allocation Failure) [PSYoungGen: 71661K->1453K(72192K)] 449665K->379473K(570368K), 0.0016089 secs] [Times: user=0.00 sys=0.00, real=0.00 secs] 
2075.153: [GC (Allocation Failure) [PSYoungGen: 71597K->1424K(71168K)] 449617K->379444K(569344K), 0.0020869 secs] [Times: user=0.00 sys=0.00, real=0.01 secs] 
2075.443: [GC (Allocation Failure) [PSYoungGen: 71056K->1408K(70656K)] 449076K->379428K(568832K), 0.0019329 secs] [Times: user=0.01 sys=0.00, real=0.01 secs] 
2075.735: [GC (Allocation Failure) [PSYoungGen: 70528K->1376K(70144K)] 448548K->379396K(568320K), 0.0024270 secs] [Times: user=0.01 sys=0.01, real=0.00 secs] 
2076.023: [GC (Allocation Failure) [PSYoungGen: 69984K->1376K(69632K)] 448004K->379396K(567808K), 0.0020944 secs] [Times: user=0.00 sys=0.00, real=0.01 secs] 
2076.292: [GC (Allocation Failure) [PSYoungGen: 69472K->1424K(69120K)] 447492K->379444K(567296K), 0.0016044 secs] [Times: user=0.01 sys=0.00, real=0.01 secs] 
2076.429: [GC (Allocation Failure) [PSYoungGen: 69008K->1485K(68608K)] 447028K->379505K(566784K), 0.0021247 secs] [Times: user=0.01 sys=0.00, real=0.00 secs] 
2076.588: [GC (Allocation Failure) [PSYoungGen: 68557K->1517K(68096K)] 446577K->379537K(566272K), 0.0019595 secs] [Times: user=0.01 sys=0.00, real=0.00 secs] 
2076.742: [GC (Allocation Failure) [PSYoungGen: 68063K->1488K(75264K)] 446084K->379524K(573440K), 0.0020235 secs] [Times: user=0.01 sys=0.00, real=0.01 secs] 
2077.333: [GC (Allocation Failure) [PSYoungGen: 74704K->1392K(74240K)] 452740K->379428K(572416K), 0.0028864 secs] [Times: user=0.01 sys=0.00, real=0.01 secs] 
2078.007: [GC (Allocation Failure) [PSYoungGen: 74096K->1344K(73728K)] 452132K->379380K(571904K), 0.0027324 secs] [Times: user=0.01 sys=0.00, real=0.00 secs] 
2078.505: [GC (Allocation Failure) [PSYoungGen: 73536K->1344K(73216K)] 451572K->379380K(571392K), 0.0026309 secs] [Times: user=0.02 sys=0.00, real=0.00 secs] 
2079.141: [GC (Allocation Failure) [PSYoungGen: 73024K->1344K(72704K)] 451060K->379380K(570880K), 0.0028532 secs] [Times: user=0.01 sys=0.00, real=0.01 secs] 
2079.437: [GC (Allocation Failure) [PSYoungGen: 72512K->1485K(72192K)] 450548K->379521K(570368K), 0.0017739 secs] [Times: user=0.01 sys=0.00, real=0.00 secs] 
2079.581: [GC (Allocation Failure) [PSYoungGen: 72141K->1485K(71680K)] 450177K->379521K(569856K), 0.0019891 secs] [Times: user=0.01 sys=0.00, real=0.01 secs] 
2079.738: [GC (Allocation Failure) [PSYoungGen: 71629K->1488K(71168K)] 449665K->379524K(569344K), 0.0022085 secs] [Times: user=0.01 sys=0.00, real=0.00 secs] 
2080.123: [GC (Allocation Failure) [PSYoungGen: 71120K->1440K(70656K)] 449156K->379476K(568832K), 0.0027799 secs] [Times: user=0.01 sys=0.00, real=0.00 secs] 
2080.860: [GC (Allocation Failure) [PSYoungGen: 70560K->1344K(70144K)] 448596K->379380K(568320K), 0.0037420 secs] [Times: user=0.02 sys=0.00, real=0.01 secs] 
2081.510: [GC (Allocation Failure) [PSYoungGen: 69952K->1344K(69632K)] 447988K->379380K(567808K), 0.0033589 secs] [Times: user=0.02 sys=0.00, real=0.01 secs] 
2082.113: [GC (Allocation Failure) [PSYoungGen: 69440K->1376K(69120K)] 447476K->379412K(567296K), 0.0031034 secs] [Times: user=0.01 sys=0.01, real=0.00 secs] 
2082.696: [GC (Allocation Failure) [PSYoungGen: 68960K->1437K(68608K)] 446996K->379473K(566784K), 0.0034557 secs] [Times: user=0.01 sys=0.00, real=0.00 secs] 
2082.939: [GC (Allocation Failure) [PSYoungGen: 68509K->1485K(68096K)] 446545K->379521K(566272K), 0.0022223 secs] [Times: user=0.01 sys=0.00, real=0.00 secs] 
2083.071: [GC (Allocation Failure) [PSYoungGen: 68045K->1453K(67584K)] 446081K->379489K(565760K), 0.0018331 secs] [Times: user=0.01 sys=0.00, real=0.01 secs] 
2083.188: [GC (Allocation Failure) [PSYoungGen: 67501K->1485K(67072K)] 445537K->379521K(565248K), 0.0017947 secs] [Times: user=0.01 sys=0.00, real=0.00 secs] 
2083.827: [GC (Allocation Failure) [PSYoungGen: 67021K->1392K(66560K)] 445057K->379428K(564736K), 0.0027656 secs] [Times: user=0.01 sys=0.01, real=0.00 secs] 
2084.478: [GC (Allocation Failure) [PSYoungGen: 66416K->1344K(66048K)] 444452K->379380K(564224K), 0.0020947 secs] [Times: user=0.01 sys=0.00, real=0.00 secs] 
2084.746: [GC (Allocation Failure) [PSYoungGen: 65856K->1344K(65536K)] 443892K->379396K(563712K), 0.0020957 secs] [Times: user=0.01 sys=0.00, real=0.00 secs] 
2085.014: [GC (Allocation Failure) [PSYoungGen: 65344K->1344K(65024K)] 443396K->379396K(563200K), 0.0020370 secs] [Times: user=0.01 sys=0.01, real=0.00 secs] 
2085.277: [GC (Allocation Failure) [PSYoungGen: 64832K->1376K(64512K)] 442884K->379428K(562688K), 0.0019551 secs] [Times: user=0.00 sys=0.00, real=0.00 secs] 
2085.425: [GC (Allocation Failure) [PSYoungGen: 64329K->1488K(64000K)] 442382K->379540K(562176K), 0.0017521 secs] [Times: user=0.00 sys=0.00, real=0.00 secs] 
2085.536: [GC (Allocation Failure) [PSYoungGen: 63952K->1453K(63488K)] 442004K->379505K(561664K), 0.0016923 secs] [Times: user=0.01 sys=0.00, real=0.00 secs] 
2085.645: [GC (Allocation Failure) [PSYoungGen: 63405K->1456K(64000K)] 441457K->379516K(562176K), 0.0015595 secs] [Times: user=0.01 sys=0.00, real=0.00 secs] 
2085.770: [GC (Allocation Failure) [PSYoungGen: 63408K->1456K(64000K)] 441468K->379516K(562176K), 0.0018261 secs] [Times: user=0.00 sys=0.00, real=0.00 secs] 
2086.428: [GC (Allocation Failure) [PSYoungGen: 63408K->1456K(62976K)] 441468K->379516K(561152K), 0.0019454 secs] [Times: user=0.01 sys=0.00, real=0.00 secs] 
2087.022: [GC (Allocation Failure) [PSYoungGen: 62896K->1376K(62464K)] 440956K->379436K(560640K), 0.0038571 secs] [Times: user=0.01 sys=0.00, real=0.01 secs] 
2087.483: [GC (Allocation Failure) [PSYoungGen: 62304K->1344K(61952K)] 440364K->379404K(560128K), 0.0020647 secs] [Times: user=0.01 sys=0.00, real=0.01 secs] 
2087.971: [GC (Allocation Failure) [PSYoungGen: 61760K->1344K(61440K)] 439820K->379404K(559616K), 0.0031803 secs] [Times: user=0.02 sys=0.00, real=0.01 secs] 
2088.733: [GC (Allocation Failure) [PSYoungGen: 61248K->1392K(60928K)] 439308K->379452K(559104K), 0.0032106 secs] [Times: user=0.01 sys=0.00, real=0.01 secs] 
2088.955: [GC (Allocation Failure) [PSYoungGen: 60784K->1485K(67072K)] 438844K->379545K(565248K), 0.0050475 secs] [Times: user=0.02 sys=0.00, real=0.00 secs] 
2089.097: [GC (Allocation Failure) [PSYoungGen: 67021K->1488K(67584K)] 445081K->379564K(565760K), 0.0017077 secs] [Times: user=0.00 sys=0.00, real=0.00 secs] 
2089.212: [GC (Allocation Failure) [PSYoungGen: 66993K->1485K(67584K)] 445069K->379561K(565760K), 0.0016002 secs] [Times: user=0.01 sys=0.00, real=0.01 secs] 
2089.393: [GC (Allocation Failure) [PSYoungGen: 67021K->1728K(74240K)] 445097K->379804K(572416K), 0.0018277 secs] [Times: user=0.00 sys=0.00, real=0.01 secs] 
2090.085: [GC (Allocation Failure) [PSYoungGen: 73920K->1344K(73216K)] 451996K->379420K(571392K), 0.0028724 secs] [Times: user=0.01 sys=0.00, real=0.00 secs] 
2090.909: [GC (Allocation Failure) [PSYoungGen: 73024K->1312K(72704K)] 451100K->379388K(570880K), 0.0040123 secs] [Times: user=0.01 sys=0.00, real=0.00 secs] 
2091.555: [GC (Allocation Failure) [PSYoungGen: 72480K->1344K(72192K)] 450556K->379420K(570368K), 0.0026840 secs] [Times: user=0.01 sys=0.00, real=0.00 secs] 
2092.274: [GC (Allocation Failure) [PSYoungGen: 72000K->1424K(71680K)] 450076K->379500K(569856K), 0.0025516 secs] [Times: user=0.01 sys=0.00, real=0.00 secs] 
2092.446: [GC (Allocation Failure) [PSYoungGen: 71568K->1453K(71168K)] 449644K->379529K(569344K), 0.0019014 secs] [Times: user=0.01 sys=0.00, real=0.00 secs] 
2092.569: [GC (Allocation Failure) [PSYoungGen: 71085K->1453K(70656K)] 449161K->379529K(568832K), 0.0015823 secs] [Times: user=0.00 sys=0.00, real=0.00 secs] 
2092.691: [GC (Allocation Failure) [PSYoungGen: 70573K->1453K(70144K)] 448649K->379537K(568320K), 0.0015570 secs] [Times: user=0.00 sys=0.00, real=0.00 secs] 
2093.313: [GC (Allocation Failure) [PSYoungGen: 70061K->1456K(69632K)] 448145K->379540K(567808K), 0.0026888 secs] [Times: user=0.01 sys=0.00, real=0.01 secs] 
2094.011: [GC (Allocation Failure) [PSYoungGen: 69552K->1344K(69120K)] 447636K->379428K(567296K), 0.0027595 secs] [Times: user=0.01 sys=0.00, real=0.01 secs] 
2094.289: [GC (Allocation Failure) [PSYoungGen: 68928K->1376K(68608K)] 447012K->379460K(566784K), 0.0021509 secs] [Times: user=0.01 sys=0.00, real=0.00 secs] 
2094.654: [GC (Allocation Failure) [PSYoungGen: 68448K->1360K(68096K)] 446532K->379452K(566272K), 0.0020383 secs] [Times: user=0.01 sys=0.00, real=0.00 secs] 
2095.116: [GC (Allocation Failure) [PSYoungGen: 67920K->1437K(67584K)] 446012K->379529K(565760K), 0.0020211 secs] [Times: user=0.01 sys=0.00, real=0.00 secs] 
2095.238: [GC (Allocation Failure) [PSYoungGen: 67485K->1424K(67072K)] 445577K->379516K(565248K), 0.0015696 secs] [Times: user=0.01 sys=0.00, real=0.00 secs] 
2095.371: [GC (Allocation Failure) [PSYoungGen: 66960K->1485K(67584K)] 445052K->379577K(565760K), 0.0025590 secs] [Times: user=0.00 sys=0.00, real=0.01 secs] 
2095.528: [GC (Allocation Failure) [PSYoungGen: 67021K->1485K(67584K)] 445113K->379585K(565760K), 0.0020435 secs] [Times: user=0.01 sys=0.00, real=0.00 secs] 
2095.918: [GC (Allocation Failure) [PSYoungGen: 67021K->1408K(73216K)] 445121K->379508K(571392K), 0.0029678 secs] [Times: user=0.01 sys=0.00, real=0.00 secs] 
2096.402: [GC (Allocation Failure) [PSYoungGen: 73088K->1344K(72704K)] 451188K->379444K(570880K), 0.0021428 secs] [Times: user=0.01 sys=0.00, real=0.01 secs] 
2096.698: [GC (Allocation Failure) [PSYoungGen: 72512K->1376K(72192K)] 450612K->379476K(570368K), 0.0026182 secs] [Times: user=0.01 sys=0.00, real=0.00 secs] 
2097.283: [GC (Allocation Failure) [PSYoungGen: 72032K->1360K(71680K)] 450132K->379460K(569856K), 0.0022297 secs] [Times: user=0.01 sys=0.00, real=0.00 secs] 
2097.747: [GC (Allocation Failure) [PSYoungGen: 71504K->1405K(71168K)] 449604K->379505K(569344K), 0.0021242 secs] [Times: user=0.01 sys=0.00, real=0.00 secs] 
2097.882: [GC (Allocation Failure) [PSYoungGen: 71037K->1485K(70656K)] 449137K->379585K(568832K), 0.0015828 secs] [Times: user=0.01 sys=0.00, real=0.01 secs] 
2098.004: [GC (Allocation Failure) [PSYoungGen: 70605K->1453K(70144K)] 448705K->379553K(568320K), 0.0017492 secs] [Times: user=0.01 sys=0.00, real=0.00 secs] 
2098.125: [GC (Allocation Failure) [PSYoungGen: 70059K->1488K(70656K)] 448159K->379596K(568832K), 0.0016368 secs] [Times: user=0.01 sys=0.00, real=0.00 secs] 
2098.600: [GC (Allocation Failure) [PSYoungGen: 70096K->1424K(69632K)] 448204K->379532K(567808K), 0.0019745 secs] [Times: user=0.01 sys=0.00, real=0.00 secs] 
2099.053: [GC (Allocation Failure) [PSYoungGen: 69520K->1376K(69120K)] 447628K->379484K(567296K), 0.0025702 secs] [Times: user=0.01 sys=0.00, real=0.01 secs] 
2099.633: [GC (Allocation Failure) [PSYoungGen: 68960K->1344K(68608K)] 447068K->379452K(566784K), 0.0022770 secs] [Times: user=0.00 sys=0.00, real=0.00 secs] 
2100.526: [GC (Allocation Failure) [PSYoungGen: 68416K->1376K(68096K)] 446524K->379484K(566272K), 0.0031295 secs] [Times: user=0.01 sys=0.00, real=0.00 secs] 
2101.671: [GC (Allocation Failure) [PSYoungGen: 67936K->1408K(67584K)] 446044K->379516K(565760K), 0.0027347 secs] [Times: user=0.01 sys=0.00, real=0.01 secs] 
2101.839: [GC (Allocation Failure) [PSYoungGen: 67450K->1421K(67072K)] 445559K->379529K(565248K), 0.0017716 secs] [Times: user=0.01 sys=0.00, real=0.00 secs] 
2101.955: [GC (Allocation Failure) [PSYoungGen: 66957K->480K(65536K)] 445065K->379636K(563712K), 0.0016334 secs] [Times: user=0.00 sys=0.00, real=0.00 secs] 
2102.070: [GC (Allocation Failure) [PSYoungGen: 65504K->397K(66560K)] 444660K->379561K(564736K), 0.0017165 secs] [Times: user=0.01 sys=0.00, real=0.00 secs] 
2102.342: [GC (Allocation Failure) [PSYoungGen: 64909K->1424K(65536K)] 444073K->380588K(563712K), 0.0019592 secs] [Times: user=0.00 sys=0.00, real=0.01 secs] 
2102.609: [GC (Allocation Failure) [PSYoungGen: 65424K->1344K(65024K)] 444588K->380508K(563200K), 0.0020274 secs] [Times: user=0.01 sys=0.00, real=0.00 secs] 
2102.891: [GC (Allocation Failure) [PSYoungGen: 64832K->1360K(64512K)] 443996K->380524K(562688K), 0.0019295 secs] [Times: user=0.00 sys=0.01, real=0.00 secs] 
2103.152: [GC (Allocation Failure) [PSYoungGen: 64336K->1312K(64000K)] 443500K->380476K(562176K), 0.0022217 secs] [Times: user=0.01 sys=0.00, real=0.01 secs] 
2103.436: [GC (Allocation Failure) [PSYoungGen: 63776K->1437K(63488K)] 442940K->380601K(561664K), 0.0019778 secs] [Times: user=0.01 sys=0.00, real=0.00 secs] 
2103.563: [GC (Allocation Failure) [PSYoungGen: 63389K->1456K(62976K)] 442553K->380620K(561152K), 0.0016638 secs] [Times: user=0.00 sys=0.00, real=0.01 secs] 
2103.670: [GC (Allocation Failure) [PSYoungGen: 62896K->1485K(69120K)] 442060K->380650K(567296K), 0.0016568 secs] [Times: user=0.01 sys=0.00, real=0.00 secs] 
2103.790: [GC (Allocation Failure) [PSYoungGen: 69069K->1421K(70144K)] 448234K->380601K(568320K), 0.0016522 secs] [Times: user=0.01 sys=0.00, real=0.00 secs] 
2104.188: [GC (Allocation Failure) [PSYoungGen: 69517K->1984K(69632K)] 448697K->381164K(567808K), 0.0020671 secs] [Times: user=0.01 sys=0.00, real=0.00 secs] 
2105.560: [GC (Allocation Failure) [PSYoungGen: 69568K->1408K(68608K)] 448748K->380588K(566784K), 0.0039228 secs] [Times: user=0.01 sys=0.00, real=0.01 secs] 
2106.762: [GC (Allocation Failure) [PSYoungGen: 68480K->352K(67072K)] 447660K->380556K(565248K), 0.0040223 secs] [Times: user=0.01 sys=0.01, real=0.01 secs] 
2107.830: [GC (Allocation Failure) [PSYoungGen: 66912K->352K(66560K)] 447116K->380556K(564736K), 0.0031923 secs] [Times: user=0.02 sys=0.00, real=0.00 secs] 
2108.393: [GC (Allocation Failure) [PSYoungGen: 66400K->352K(66048K)] 446604K->380556K(564224K), 0.0027160 secs] [Times: user=0.01 sys=0.00, real=0.00 secs] 
2108.654: [GC (Allocation Failure) [PSYoungGen: 65888K->1453K(67584K)] 446092K->381658K(565760K), 0.0018698 secs] [Times: user=0.01 sys=0.00, real=0.00 secs] 
2108.773: [GC (Allocation Failure) [PSYoungGen: 66477K->1488K(66048K)] 446682K->381692K(564224K), 0.0014908 secs] [Times: user=0.00 sys=0.00, real=0.00 secs] 
2108.887: [GC (Allocation Failure) [PSYoungGen: 66000K->1488K(65536K)] 446204K->381716K(563712K), 0.0017423 secs] [Times: user=0.01 sys=0.00, real=0.00 secs] 
2109.000: [GC (Allocation Failure) [PSYoungGen: 65488K->1424K(70144K)] 445716K->381652K(568320K), 0.0016359 secs] [Times: user=0.01 sys=0.00, real=0.00 secs] 
2109.802: [GC (Allocation Failure) [PSYoungGen: 69008K->1408K(68608K)] 449236K->381636K(566784K), 0.0020924 secs] [Times: user=0.01 sys=0.00, real=0.01 secs] 
2110.678: [GC (Allocation Failure) [PSYoungGen: 68480K->1344K(68608K)] 448708K->381572K(566784K), 0.0039081 secs] [Times: user=0.01 sys=0.00, real=0.00 secs] 
2111.244: [GC (Allocation Failure) [PSYoungGen: 67904K->1360K(67584K)] 448132K->381588K(565760K), 0.0029254 secs] [Times: user=0.01 sys=0.01, real=0.00 secs] 
2112.184: [GC (Allocation Failure) [PSYoungGen: 67408K->1344K(67072K)] 447636K->381572K(565248K), 0.0041990 secs] [Times: user=0.02 sys=0.00, real=0.00 secs] 
2112.679: [GC (Allocation Failure) [PSYoungGen: 66880K->1421K(66560K)] 447108K->381650K(564736K), 0.0023971 secs] [Times: user=0.01 sys=0.00, real=0.00 secs] 
2112.823: [GC (Allocation Failure) [PSYoungGen: 66445K->1453K(66048K)] 446674K->381682K(564224K), 0.0016010 secs] [Times: user=0.01 sys=0.00, real=0.00 secs] 
2112.937: [GC (Allocation Failure) [PSYoungGen: 65965K->1520K(65536K)] 446194K->381756K(563712K), 0.0016310 secs] [Times: user=0.01 sys=0.00, real=0.00 secs] 
2113.051: [GC (Allocation Failure) [PSYoungGen: 65520K->1453K(66048K)] 445756K->381690K(564224K), 0.0017557 secs] [Times: user=0.00 sys=0.00, real=0.00 secs] 
2113.509: [GC (Allocation Failure) [PSYoungGen: 65453K->1408K(65024K)] 445690K->381644K(563200K), 0.0022201 secs] [Times: user=0.01 sys=0.00, real=0.00 secs] 
2113.797: [GC (Allocation Failure) [PSYoungGen: 64896K->1344K(64512K)] 445132K->381580K(562688K), 0.0019430 secs] [Times: user=0.01 sys=0.00, real=0.00 secs] 
2114.097: [GC (Allocation Failure) [PSYoungGen: 64320K->1328K(64000K)] 444556K->381580K(562176K), 0.0022912 secs] [Times: user=0.01 sys=0.00, real=0.00 secs] 
2114.521: [GC (Allocation Failure) [PSYoungGen: 63792K->1376K(63488K)] 444044K->381628K(561664K), 0.0029681 secs] [Times: user=0.02 sys=0.00, real=0.01 secs] 
2114.916: [GC (Allocation Failure) [PSYoungGen: 63328K->1437K(62976K)] 443580K->381690K(561152K), 0.0021923 secs] [Times: user=0.00 sys=0.01, real=0.00 secs] 
2115.047: [GC (Allocation Failure) [PSYoungGen: 62877K->1520K(62464K)] 443130K->381772K(560640K), 0.0016490 secs] [Times: user=0.00 sys=0.00, real=0.00 secs] 
2115.155: [GC (Allocation Failure) [PSYoungGen: 62448K->1485K(62976K)] 442700K->381738K(561152K), 0.0017491 secs] [Times: user=0.01 sys=0.00, real=0.00 secs] 
2115.262: [GC (Allocation Failure) [PSYoungGen: 62413K->1552K(69120K)] 442666K->381812K(567296K), 0.0014611 secs] [Times: user=0.01 sys=0.00, real=0.01 secs] 
2115.471: [GC (Allocation Failure) [PSYoungGen: 68624K->1952K(69120K)] 448884K->382212K(567296K), 0.0018395 secs] [Times: user=0.00 sys=0.00, real=0.00 secs] 
2116.305: [GC (Allocation Failure) [PSYoungGen: 69024K->1376K(68096K)] 449284K->381636K(566272K), 0.0044553 secs] [Times: user=0.01 sys=0.00, real=0.00 secs] 
2116.851: [GC (Allocation Failure) [PSYoungGen: 67936K->1344K(67584K)] 448196K->381604K(565760K), 0.0026134 secs] [Times: user=0.01 sys=0.00, real=0.01 secs] 
2117.326: [GC (Allocation Failure) [PSYoungGen: 67392K->1376K(67072K)] 447652K->381636K(565248K), 0.0022602 secs] [Times: user=0.01 sys=0.00, real=0.00 secs] 
2118.230: [GC (Allocation Failure) [PSYoungGen: 66912K->1376K(66560K)] 447172K->381636K(564736K), 0.0044131 secs] [Times: user=0.01 sys=0.00, real=0.01 secs] 
2118.613: [GC (Allocation Failure) [PSYoungGen: 66400K->1437K(66048K)] 446660K->381697K(564224K), 0.0021388 secs] [Times: user=0.01 sys=0.00, real=0.01 secs] 
2118.744: [GC (Allocation Failure) [PSYoungGen: 65943K->1536K(66048K)] 446204K->381796K(564224K), 0.0015956 secs] [Times: user=0.01 sys=0.00, real=0.00 secs] 
2118.858: [GC (Allocation Failure) [PSYoungGen: 65536K->512K(64512K)] 445796K->381804K(562688K), 0.0014348 secs] [Times: user=0.00 sys=0.00, real=0.00 secs] 
2118.969: [GC (Allocation Failure) [PSYoungGen: 64000K->397K(70144K)] 445292K->381690K(568320K), 0.0015902 secs] [Times: user=0.01 sys=0.00, real=0.00 secs] 
2119.774: [GC (Allocation Failure) [PSYoungGen: 70029K->1376K(70656K)] 451322K->382668K(568832K), 0.0023603 secs] [Times: user=0.01 sys=0.00, real=0.00 secs] 
2120.186: [GC (Allocation Failure) [PSYoungGen: 70496K->1344K(70144K)] 451788K->382636K(568320K), 0.0020921 secs] [Times: user=0.01 sys=0.00, real=0.00 secs] 
2120.533: [GC (Allocation Failure) [PSYoungGen: 69952K->1376K(69632K)] 451244K->382668K(567808K), 0.0028803 secs] [Times: user=0.01 sys=0.00, real=0.01 secs] 
2120.925: [GC (Allocation Failure) [PSYoungGen: 69472K->1344K(69120K)] 450764K->382636K(567296K), 0.0021226 secs] [Times: user=0.01 sys=0.00, real=0.00 secs] 
2121.159: [GC (Allocation Failure) [PSYoungGen: 68928K->1456K(68608K)] 450220K->382748K(566784K), 0.0017468 secs] [Times: user=0.01 sys=0.00, real=0.00 secs] 
2121.278: [GC (Allocation Failure) [PSYoungGen: 68528K->1453K(68096K)] 449820K->382746K(566272K), 0.0017188 secs] [Times: user=0.01 sys=0.00, real=0.00 secs] 
2121.394: [GC (Allocation Failure) [PSYoungGen: 68013K->1453K(68608K)] 449306K->382762K(566784K), 0.0017124 secs] [Times: user=0.00 sys=0.00, real=0.00 secs] 
2121.511: [GC (Allocation Failure) [PSYoungGen: 68013K->1421K(68608K)] 449322K->382730K(566784K), 0.0015884 secs] [Times: user=0.01 sys=0.00, real=0.00 secs] 
2122.250: [GC (Allocation Failure) [PSYoungGen: 67981K->1408K(67584K)] 449290K->382716K(565760K), 0.0019896 secs] [Times: user=0.01 sys=0.00, real=0.00 secs] 
2123.054: [GC (Allocation Failure) [PSYoungGen: 67456K->1344K(67072K)] 448764K->382652K(565248K), 0.0027533 secs] [Times: user=0.01 sys=0.00, real=0.00 secs] 
2123.788: [GC (Allocation Failure) [PSYoungGen: 66880K->1344K(66560K)] 448188K->382652K(564736K), 0.0029442 secs] [Times: user=0.01 sys=0.00, real=0.00 secs] 
2124.587: [GC (Allocation Failure) [PSYoungGen: 66368K->1360K(66048K)] 447676K->382692K(564224K), 0.0027957 secs] [Times: user=0.01 sys=0.00, real=0.00 secs] 
2125.006: [GC (Allocation Failure) [PSYoungGen: 65872K->1424K(65536K)] 447204K->382756K(563712K), 0.0020308 secs] [Times: user=0.01 sys=0.00, real=0.00 secs] 
2125.127: [GC (Allocation Failure) [PSYoungGen: 65424K->1533K(65024K)] 446756K->382866K(563200K), 0.0016316 secs] [Times: user=0.00 sys=0.00, real=0.00 secs] 
2125.238: [GC (Allocation Failure) [PSYoungGen: 65021K->1456K(64512K)] 446354K->382788K(562688K), 0.0015681 secs] [Times: user=0.01 sys=0.00, real=0.00 secs] 
2125.349: [GC (Allocation Failure) [PSYoungGen: 64432K->1485K(70656K)] 445764K->382826K(568832K), 0.0018131 secs] [Times: user=0.01 sys=0.00, real=0.00 secs] 
2126.088: [GC (Allocation Failure) [PSYoungGen: 70605K->1392K(70144K)] 451946K->382732K(568320K), 0.0026793 secs] [Times: user=0.01 sys=0.00, real=0.00 secs] 
2126.849: [GC (Allocation Failure) [PSYoungGen: 70000K->1344K(69632K)] 451340K->382684K(567808K), 0.0029463 secs] [Times: user=0.01 sys=0.00, real=0.00 secs] 
2127.570: [GC (Allocation Failure) [PSYoungGen: 69440K->1344K(69120K)] 450780K->382684K(567296K), 0.0029057 secs] [Times: user=0.01 sys=0.00, real=0.01 secs] 
2128.346: [GC (Allocation Failure) [PSYoungGen: 68928K->1344K(68608K)] 450268K->382684K(566784K), 0.0042215 secs] [Times: user=0.01 sys=0.00, real=0.00 secs] 
2128.989: [GC (Allocation Failure) [PSYoungGen: 68416K->1421K(68096K)] 449756K->382762K(566272K), 0.0027087 secs] [Times: user=0.01 sys=0.00, real=0.00 secs] 
2129.148: [GC (Allocation Failure) [PSYoungGen: 67981K->1485K(67584K)] 449322K->382826K(565760K), 0.0016894 secs] [Times: user=0.00 sys=0.00, real=0.00 secs] 
2129.265: [GC (Allocation Failure) [PSYoungGen: 67533K->1453K(67072K)] 448874K->382794K(565248K), 0.0017285 secs] [Times: user=0.01 sys=0.00, real=0.00 secs] 
2129.381: [GC (Allocation Failure) [PSYoungGen: 66989K->1456K(67584K)] 448330K->382812K(565760K), 0.0016503 secs] [Times: user=0.01 sys=0.00, real=0.00 secs] 
2130.264: [GC (Allocation Failure) [PSYoungGen: 66992K->1440K(66560K)] 448348K->382796K(564736K), 0.0030722 secs] [Times: user=0.01 sys=0.00, real=0.00 secs] 
2131.013: [GC (Allocation Failure) [PSYoungGen: 66464K->1392K(73216K)] 447820K->382748K(571392K), 0.0224649 secs] [Times: user=0.02 sys=0.11, real=0.03 secs] 
2131.704: [GC (Allocation Failure) [PSYoungGen: 72560K->1376K(74240K)] 453916K->382732K(572416K), 0.0025460 secs] [Times: user=0.01 sys=0.00, real=0.00 secs] 
2132.227: [GC (Allocation Failure) [PSYoungGen: 73568K->1344K(73216K)] 454924K->382700K(571392K), 0.0026589 secs] [Times: user=0.00 sys=0.00, real=0.00 secs] 
2132.621: [GC (Allocation Failure) [PSYoungGen: 73024K->1453K(72704K)] 454380K->382810K(570880K), 0.0021077 secs] [Times: user=0.01 sys=0.00, real=0.01 secs] 
2132.763: [GC (Allocation Failure) [PSYoungGen: 72621K->1485K(72192K)] 453978K->382842K(570368K), 0.0017027 secs] [Times: user=0.01 sys=0.00, real=0.00 secs] 
2132.890: [GC (Allocation Failure) [PSYoungGen: 72141K->1501K(72704K)] 453498K->382858K(570880K), 0.0016661 secs] [Times: user=0.01 sys=0.00, real=0.00 secs] 
2133.016: [GC (Allocation Failure) [PSYoungGen: 72157K->1485K(72704K)] 453514K->382858K(570880K), 0.0016482 secs] [Times: user=0.00 sys=0.00, real=0.00 secs] 
2134.595: [GC (Allocation Failure) [PSYoungGen: 72141K->1408K(71680K)] 453514K->382780K(569856K), 0.0047894 secs] [Times: user=0.02 sys=0.00, real=0.00 secs] 
2135.321: [GC (Allocation Failure) [PSYoungGen: 71552K->1376K(71168K)] 452924K->382748K(569344K), 0.0027431 secs] [Times: user=0.01 sys=0.01, real=0.01 secs] 
2135.977: [GC (Allocation Failure) [PSYoungGen: 71008K->1312K(70656K)] 452380K->382684K(568832K), 0.0025048 secs] [Times: user=0.01 sys=0.00, real=0.00 secs] 
2136.628: [GC (Allocation Failure) [PSYoungGen: 70432K->1344K(70144K)] 451804K->382740K(568320K), 0.0026892 secs] [Times: user=0.01 sys=0.00, real=0.00 secs] 
2136.938: [GC (Allocation Failure) [PSYoungGen: 69952K->1488K(69632K)] 451348K->382884K(567808K), 0.0017689 secs] [Times: user=0.01 sys=0.00, real=0.00 secs] 
2137.058: [GC (Allocation Failure) [PSYoungGen: 69584K->1501K(69120K)] 450980K->382898K(567296K), 0.0014583 secs] [Times: user=0.01 sys=0.00, real=0.00 secs] 
2137.177: [GC (Allocation Failure) [PSYoungGen: 69085K->1453K(68608K)] 450482K->382850K(566784K), 0.0016202 secs] [Times: user=0.00 sys=0.00, real=0.00 secs] 
2137.295: [GC (Allocation Failure) [PSYoungGen: 68525K->336K(74240K)] 449922K->381748K(572416K), 0.0016901 secs] [Times: user=0.00 sys=0.00, real=0.00 secs] 
2137.679: [GC (Allocation Failure) [PSYoungGen: 74064K->1376K(74752K)] 455476K->382788K(572928K), 0.0017597 secs] [Times: user=0.01 sys=0.00, real=0.00 secs] 
2138.029: [GC (Allocation Failure) [PSYoungGen: 74592K->1392K(74240K)] 456004K->382804K(572416K), 0.0018234 secs] [Times: user=0.00 sys=0.00, real=0.00 secs] 
2138.365: [GC (Allocation Failure) [PSYoungGen: 74096K->1344K(73728K)] 455508K->382756K(571904K), 0.0019467 secs] [Times: user=0.01 sys=0.00, real=0.00 secs] 
2138.730: [GC (Allocation Failure) [PSYoungGen: 73536K->1437K(73216K)] 454948K->382850K(571392K), 0.0019952 secs] [Times: user=0.01 sys=0.00, real=0.00 secs] 
2138.862: [GC (Allocation Failure) [PSYoungGen: 73117K->1421K(72704K)] 454530K->382834K(570880K), 0.0017814 secs] [Times: user=0.00 sys=0.00, real=0.01 secs] 
2139.009: [GC (Allocation Failure) [PSYoungGen: 72589K->1485K(72192K)] 454002K->382898K(570368K), 0.0019663 secs] [Times: user=0.01 sys=0.00, real=0.00 secs] 
2139.169: [GC (Allocation Failure) [PSYoungGen: 72141K->1453K(71680K)] 453554K->382866K(569856K), 0.0017026 secs] [Times: user=0.01 sys=0.00, real=0.00 secs] 
2140.318: [GC (Allocation Failure) [PSYoungGen: 71597K->1424K(71168K)] 453010K->382836K(569344K), 0.0037932 secs] [Times: user=0.01 sys=0.00, real=0.00 secs] 
2140.874: [GC (Allocation Failure) [PSYoungGen: 71056K->1344K(70656K)] 452468K->382756K(568832K), 0.0022048 secs] [Times: user=0.01 sys=0.00, real=0.00 secs] 
2141.309: [GC (Allocation Failure) [PSYoungGen: 70464K->1344K(70144K)] 451876K->382756K(568320K), 0.0024004 secs] [Times: user=0.01 sys=0.00, real=0.00 secs] 
2141.706: [GC (Allocation Failure) [PSYoungGen: 69952K->1344K(69632K)] 451364K->382756K(567808K), 0.0023645 secs] [Times: user=0.01 sys=0.00, real=0.00 secs] 
2142.034: [GC (Allocation Failure) [PSYoungGen: 69440K->1421K(69120K)] 450852K->382834K(567296K), 0.0018008 secs] [Times: user=0.01 sys=0.00, real=0.00 secs] 
2142.155: [GC (Allocation Failure) [PSYoungGen: 69005K->1485K(68608K)] 450418K->382898K(566784K), 0.0017074 secs] [Times: user=0.01 sys=0.00, real=0.00 secs] 
2142.274: [GC (Allocation Failure) [PSYoungGen: 68557K->1421K(68096K)] 449970K->382834K(566272K), 0.0016623 secs] [Times: user=0.01 sys=0.00, real=0.00 secs] 
2142.391: [GC (Allocation Failure) [PSYoungGen: 67981K->1421K(68608K)] 449394K->382834K(566784K), 0.0016117 secs] [Times: user=0.00 sys=0.00, real=0.00 secs] 
2143.172: [GC (Allocation Failure) [PSYoungGen: 67981K->1392K(67584K)] 449394K->382804K(565760K), 0.0027284 secs] [Times: user=0.01 sys=0.00, real=0.01 secs] 
2143.981: [GC (Allocation Failure) [PSYoungGen: 67440K->1344K(67072K)] 448852K->382756K(565248K), 0.0029342 secs] [Times: user=0.01 sys=0.00, real=0.01 secs] 
2144.865: [GC (Allocation Failure) [PSYoungGen: 66880K->1344K(66560K)] 448292K->382780K(564736K), 0.0029997 secs] [Times: user=0.01 sys=0.00, real=0.00 secs] 
2145.521: [GC (Allocation Failure) [PSYoungGen: 66368K->1328K(66048K)] 447804K->382764K(564224K), 0.0025607 secs] [Times: user=0.01 sys=0.00, real=0.01 secs] 
2145.899: [GC (Allocation Failure) [PSYoungGen: 65840K->1408K(65536K)] 447276K->382844K(563712K), 0.0019828 secs] [Times: user=0.00 sys=0.00, real=0.00 secs] 
2146.021: [GC (Allocation Failure) [PSYoungGen: 65408K->1485K(65024K)] 446844K->382922K(563200K), 0.0017668 secs] [Times: user=0.01 sys=0.00, real=0.00 secs] 
2146.132: [GC (Allocation Failure) [PSYoungGen: 64973K->1453K(64512K)] 446410K->382890K(562688K), 0.0016989 secs] [Times: user=0.01 sys=0.00, real=0.01 secs] 
2146.243: [GC (Allocation Failure) [PSYoungGen: 64429K->1421K(65024K)] 445866K->382874K(563200K), 0.0016027 secs] [Times: user=0.01 sys=0.00, real=0.01 secs] 
2146.490: [GC (Allocation Failure) [PSYoungGen: 64397K->1440K(64000K)] 445850K->382892K(562176K), 0.0020160 secs] [Times: user=0.01 sys=0.00, real=0.00 secs] 
2147.254: [GC (Allocation Failure) [PSYoungGen: 63904K->1344K(63488K)] 445356K->382796K(561664K), 0.0028284 secs] [Times: user=0.01 sys=0.00, real=0.00 secs] 
2148.162: [GC (Allocation Failure) [PSYoungGen: 63296K->1344K(62976K)] 444748K->382796K(561152K), 0.0023290 secs] [Times: user=0.01 sys=0.00, real=0.01 secs] 
2149.032: [GC (Allocation Failure) [PSYoungGen: 62784K->1344K(62464K)] 444236K->382796K(560640K), 0.0028715 secs] [Times: user=0.01 sys=0.00, real=0.01 secs] 
2149.832: [GC (Allocation Failure) [PSYoungGen: 62272K->1344K(61952K)] 443724K->382796K(560128K), 0.0035450 secs] [Times: user=0.01 sys=0.00, real=0.01 secs] 
2150.576: [GC (Allocation Failure) [PSYoungGen: 61760K->1421K(61440K)] 443212K->382874K(559616K), 0.0022588 secs] [Times: user=0.00 sys=0.00, real=0.00 secs] 
2150.748: [GC (Allocation Failure) [PSYoungGen: 61325K->1485K(60928K)] 442778K->382938K(559104K), 0.0023100 secs] [Times: user=0.01 sys=0.00, real=0.00 secs] 
2150.907: [GC (Allocation Failure) [PSYoungGen: 60877K->461K(59392K)] 442330K->382954K(557568K), 0.0021459 secs] [Times: user=0.01 sys=0.00, real=0.00 secs] 
2151.045: [GC (Allocation Failure) [PSYoungGen: 59341K->397K(60416K)] 441834K->382890K(558592K), 0.0015699 secs] [Times: user=0.00 sys=0.00, real=0.00 secs] 
2151.646: [GC (Allocation Failure) [PSYoungGen: 58765K->1392K(59392K)] 441258K->383884K(557568K), 0.0026386 secs] [Times: user=0.01 sys=0.00, real=0.00 secs] 
2152.320: [GC (Allocation Failure) [PSYoungGen: 59248K->1344K(59392K)] 441740K->383836K(557568K), 0.0029265 secs] [Times: user=0.01 sys=0.00, real=0.01 secs] 
2152.962: [GC (Allocation Failure) [PSYoungGen: 59200K->1328K(59904K)] 441692K->383820K(558080K), 0.0031028 secs] [Times: user=0.01 sys=0.00, real=0.01 secs] 
2153.695: [GC (Allocation Failure) [PSYoungGen: 59184K->1344K(59904K)] 441676K->383836K(558080K), 0.0038866 secs] [Times: user=0.02 sys=0.00, real=0.00 secs] 
2154.261: [GC (Allocation Failure) [PSYoungGen: 59200K->1344K(59904K)] 441692K->383836K(558080K), 0.0028234 secs] [Times: user=0.01 sys=0.00, real=0.01 secs] 
2154.758: [GC (Allocation Failure) [PSYoungGen: 59200K->1421K(59904K)] 441692K->383914K(558080K), 0.0022055 secs] [Times: user=0.01 sys=0.00, real=0.00 secs] 
2154.876: [GC (Allocation Failure) [PSYoungGen: 59277K->1453K(59904K)] 441770K->383954K(558080K), 0.0016137 secs] [Times: user=0.01 sys=0.00, real=0.00 secs] 
2154.977: [GC (Allocation Failure) [PSYoungGen: 59309K->1488K(59904K)] 441810K->383988K(558080K), 0.0017135 secs] [Times: user=0.01 sys=0.00, real=0.00 secs] 
2155.079: [GC (Allocation Failure) [PSYoungGen: 59344K->1421K(59904K)] 441844K->383922K(558080K), 0.0016888 secs] [Times: user=0.01 sys=0.00, real=0.00 secs] 
2155.181: [GC (Allocation Failure) [PSYoungGen: 59250K->1485K(59904K)] 441751K->384010K(558080K), 0.0016385 secs] [Times: user=0.00 sys=0.00, real=0.00 secs] 
2155.450: [GC (Allocation Failure) [PSYoungGen: 59341K->1440K(66048K)] 441866K->383964K(564224K), 0.0018376 secs] [Times: user=0.01 sys=0.00, real=0.00 secs] 
2156.035: [GC (Allocation Failure) [PSYoungGen: 65440K->1312K(65024K)] 447964K->383836K(563200K), 0.0023396 secs] [Times: user=0.01 sys=0.00, real=0.00 secs] 
2156.787: [GC (Allocation Failure) [PSYoungGen: 64800K->1376K(64512K)] 447324K->383900K(562688K), 0.0029551 secs] [Times: user=0.01 sys=0.00, real=0.00 secs] 
2157.491: [GC (Allocation Failure) [PSYoungGen: 64352K->1344K(64000K)] 446876K->383868K(562176K), 0.0020251 secs] [Times: user=0.01 sys=0.00, real=0.01 secs] 
2158.046: [GC (Allocation Failure) [PSYoungGen: 63808K->1421K(63488K)] 446332K->383946K(561664K), 0.0022747 secs] [Times: user=0.00 sys=0.00, real=0.00 secs] 
2158.201: [GC (Allocation Failure) [PSYoungGen: 63373K->1485K(62976K)] 445898K->384018K(561152K), 0.0023035 secs] [Times: user=0.01 sys=0.00, real=0.01 secs] 
2158.349: [GC (Allocation Failure) [PSYoungGen: 62925K->1453K(62464K)] 445458K->383986K(560640K), 0.0018651 secs] [Times: user=0.01 sys=0.00, real=0.00 secs] 
2158.457: [GC (Allocation Failure) [PSYoungGen: 62381K->1456K(62976K)] 444914K->383988K(561152K), 0.0016902 secs] [Times: user=0.01 sys=0.00, real=0.00 secs] 
2158.733: [GC (Allocation Failure) [PSYoungGen: 62384K->1440K(61952K)] 444916K->383972K(560128K), 0.0021426 secs] [Times: user=0.00 sys=0.00, real=0.01 secs] 
2159.800: [GC (Allocation Failure) [PSYoungGen: 61856K->1344K(61440K)] 444388K->383876K(559616K), 0.0033144 secs] [Times: user=0.01 sys=0.00, real=0.01 secs] 
2161.238: [GC (Allocation Failure) [PSYoungGen: 61248K->1344K(60928K)] 443780K->383876K(559104K), 0.0042948 secs] [Times: user=0.02 sys=0.00, real=0.00 secs] 
2162.697: [GC (Allocation Failure) [PSYoungGen: 60736K->1344K(60416K)] 443268K->383876K(558592K), 0.0038114 secs] [Times: user=0.01 sys=0.00, real=0.00 secs] 
2163.710: [GC (Allocation Failure) [PSYoungGen: 60224K->1376K(59904K)] 442756K->383908K(558080K), 0.0037155 secs] [Times: user=0.02 sys=0.00, real=0.01 secs] 
2164.489: [GC (Allocation Failure) [PSYoungGen: 59744K->1440K(59392K)] 442276K->383972K(557568K), 0.0027292 secs] [Times: user=0.01 sys=0.00, real=0.00 secs] 
2164.634: [GC (Allocation Failure) [PSYoungGen: 59296K->1488K(59392K)] 441828K->384020K(557568K), 0.0015748 secs] [Times: user=0.00 sys=0.00, real=0.00 secs] 
2164.735: [GC (Allocation Failure) [PSYoungGen: 59344K->1456K(59392K)] 441876K->384004K(557568K), 0.0017769 secs] [Times: user=0.00 sys=0.00, real=0.00 secs] 
2164.850: [GC (Allocation Failure) [PSYoungGen: 59312K->1517K(64512K)] 441860K->384066K(562688K), 0.0019089 secs] [Times: user=0.01 sys=0.00, real=0.00 secs] 
2165.118: [GC (Allocation Failure) [PSYoungGen: 64493K->2016K(64512K)] 447042K->385076K(562688K), 0.0020575 secs] [Times: user=0.01 sys=0.00, real=0.00 secs] 
2165.493: [GC (Allocation Failure) [PSYoungGen: 64480K->1376K(63488K)] 447540K->384436K(561664K), 0.0021164 secs] [Times: user=0.00 sys=0.00, real=0.01 secs] 
2165.750: [GC (Allocation Failure) [PSYoungGen: 63328K->1344K(62976K)] 446388K->384404K(561152K), 0.0019755 secs] [Times: user=0.00 sys=0.00, real=0.00 secs] 
2166.006: [GC (Allocation Failure) [PSYoungGen: 62784K->1376K(62464K)] 445844K->384436K(560640K), 0.0018929 secs] [Times: user=0.00 sys=0.00, real=0.00 secs] 
2166.258: [GC (Allocation Failure) [PSYoungGen: 62304K->1408K(61952K)] 445364K->384484K(560128K), 0.0020287 secs] [Times: user=0.00 sys=0.00, real=0.00 secs] 
2166.530: [GC (Allocation Failure) [PSYoungGen: 61824K->1453K(61440K)] 444900K->384538K(559616K), 0.0016504 secs] [Times: user=0.01 sys=0.00, real=0.00 secs] 
2166.635: [GC (Allocation Failure) [PSYoungGen: 61357K->1424K(60928K)] 444442K->384516K(559104K), 0.0018571 secs] [Times: user=0.01 sys=0.00, real=0.00 secs] 
2166.740: [GC (Allocation Failure) [PSYoungGen: 60816K->1456K(61440K)] 443908K->384548K(559616K), 0.0016069 secs] [Times: user=0.01 sys=0.00, real=0.00 secs] 
2166.845: [GC (Allocation Failure) [PSYoungGen: 61360K->1488K(61952K)] 444452K->384580K(560128K), 0.0016687 secs] [Times: user=0.00 sys=0.00, real=0.00 secs] 
2167.817: [GC (Allocation Failure) [PSYoungGen: 61392K->1424K(60928K)] 444484K->384516K(559104K), 0.0025950 secs] [Times: user=0.01 sys=0.00, real=0.00 secs] 
2168.890: [GC (Allocation Failure) [PSYoungGen: 60816K->1360K(60416K)] 443908K->384452K(558592K), 0.0035274 secs] [Times: user=0.01 sys=0.01, real=0.01 secs] 
2169.731: [GC (Allocation Failure) [PSYoungGen: 60240K->1376K(59904K)] 443332K->384468K(558080K), 0.0033979 secs] [Times: user=0.01 sys=0.00, real=0.01 secs] 
2170.470: [GC (Allocation Failure) [PSYoungGen: 59744K->1392K(59392K)] 442836K->384484K(557568K), 0.0029705 secs] [Times: user=0.02 sys=0.00, real=0.00 secs] 
2171.166: [GC (Allocation Failure) [PSYoungGen: 59248K->1392K(59392K)] 442340K->384484K(557568K), 0.0032788 secs] [Times: user=0.01 sys=0.00, real=0.00 secs] 
2171.602: [GC (Allocation Failure) [PSYoungGen: 59248K->1437K(59392K)] 442340K->384530K(557568K), 0.0021955 secs] [Times: user=0.01 sys=0.00, real=0.01 secs] 
2171.718: [GC (Allocation Failure) [PSYoungGen: 59293K->1389K(59392K)] 442386K->384490K(557568K), 0.0016117 secs] [Times: user=0.01 sys=0.00, real=0.00 secs] 
2171.820: [GC (Allocation Failure) [PSYoungGen: 59245K->1504K(59392K)] 442346K->384604K(557568K), 0.0016615 secs] [Times: user=0.00 sys=0.00, real=0.00 secs] 
2171.921: [GC (Allocation Failure) [PSYoungGen: 59360K->1421K(64000K)] 442460K->384522K(562176K), 0.0016433 secs] [Times: user=0.00 sys=0.00, real=0.00 secs] 
2172.031: [GC (Allocation Failure) [PSYoungGen: 63050K->224K(64512K)] 446150K->383324K(562688K), 0.0017178 secs] [Times: user=0.01 sys=0.00, real=0.00 secs] 
2172.695: [GC (Allocation Failure) [PSYoungGen: 62688K->1408K(70144K)] 445788K->384508K(568320K), 0.0023240 secs] [Times: user=0.01 sys=0.00, real=0.00 secs] 
2173.412: [GC (Allocation Failure) [PSYoungGen: 70016K->1344K(69632K)] 453116K->384444K(567808K), 0.0019224 secs] [Times: user=0.01 sys=0.00, real=0.01 secs] 
2173.946: [GC (Allocation Failure) [PSYoungGen: 69440K->1376K(69120K)] 452540K->384476K(567296K), 0.0021442 secs] [Times: user=0.00 sys=0.00, real=0.00 secs] 
2174.305: [GC (Allocation Failure) [PSYoungGen: 68960K->1376K(68608K)] 452060K->384476K(566784K), 0.0019766 secs] [Times: user=0.01 sys=0.00, real=0.00 secs] 
2174.646: [GC (Allocation Failure) [PSYoungGen: 68448K->1424K(68096K)] 451548K->384524K(566272K), 0.0017294 secs] [Times: user=0.00 sys=0.00, real=0.00 secs] 
2174.781: [GC (Allocation Failure) [PSYoungGen: 67984K->1485K(67584K)] 451084K->384594K(565760K), 0.0019653 secs] [Times: user=0.01 sys=0.00, real=0.00 secs] 
2174.927: [GC (Allocation Failure) [PSYoungGen: 67533K->1520K(67072K)] 450642K->384652K(565248K), 0.0020772 secs] [Times: user=0.00 sys=0.00, real=0.00 secs] 
2175.044: [GC (Allocation Failure) [PSYoungGen: 67038K->1485K(67584K)] 450170K->384618K(565760K), 0.0016539 secs] [Times: user=0.01 sys=0.00, real=0.00 secs] 
2176.159: [GC (Allocation Failure) [PSYoungGen: 67021K->1456K(66560K)] 450154K->384588K(564736K), 0.0037692 secs] [Times: user=0.01 sys=0.00, real=0.00 secs] 
2177.281: [GC (Allocation Failure) [PSYoungGen: 66480K->1440K(66048K)] 449612K->384572K(564224K), 0.0099598 secs] [Times: user=0.01 sys=0.04, real=0.01 secs] 
2178.181: [GC (Allocation Failure) [PSYoungGen: 65952K->1376K(65536K)] 449084K->384508K(563712K), 0.0030539 secs] [Times: user=0.01 sys=0.00, real=0.01 secs] 
2178.821: [GC (Allocation Failure) [PSYoungGen: 65376K->1376K(65024K)] 448508K->384508K(563200K), 0.0027885 secs] [Times: user=0.01 sys=0.00, real=0.01 secs] 
2179.281: [GC (Allocation Failure) [PSYoungGen: 64864K->1472K(64512K)] 447996K->384604K(562688K), 0.0022017 secs] [Times: user=0.01 sys=0.00, real=0.01 secs] 
2179.414: [GC (Allocation Failure) [PSYoungGen: 64448K->1504K(64000K)] 447580K->384636K(562176K), 0.0016409 secs] [Times: user=0.00 sys=0.00, real=0.00 secs] 
2179.525: [GC (Allocation Failure) [PSYoungGen: 63968K->1488K(63488K)] 447100K->384628K(561664K), 0.0016850 secs] [Times: user=0.01 sys=0.00, real=0.00 secs] 
2179.635: [GC (Allocation Failure) [PSYoungGen: 63440K->1424K(69632K)] 446580K->384572K(567808K), 0.0017488 secs] [Times: user=0.01 sys=0.00, real=0.00 secs] 
2179.846: [GC (Allocation Failure) [PSYoungGen: 69520K->1424K(70144K)] 452668K->384572K(568320K), 0.0019302 secs] [Times: user=0.01 sys=0.00, real=0.00 secs] 
2180.185: [GC (Allocation Failure) [PSYoungGen: 69520K->1376K(69120K)] 452668K->384524K(567296K), 0.0018574 secs] [Times: user=0.01 sys=0.00, real=0.00 secs] 
2180.636: [GC (Allocation Failure) [PSYoungGen: 68960K->1376K(68608K)] 452108K->384524K(566784K), 0.0018083 secs] [Times: user=0.00 sys=0.00, real=0.00 secs] 
2181.117: [GC (Allocation Failure) [PSYoungGen: 68448K->1408K(68096K)] 451596K->384556K(566272K), 0.0018865 secs] [Times: user=0.01 sys=0.00, real=0.00 secs] 
2181.525: [GC (Allocation Failure) [PSYoungGen: 67968K->1456K(67584K)] 451116K->384604K(565760K), 0.0016244 secs] [Times: user=0.01 sys=0.00, real=0.00 secs] 
2181.642: [GC (Allocation Failure) [PSYoungGen: 67504K->1453K(67072K)] 450652K->384602K(565248K), 0.0016571 secs] [Times: user=0.01 sys=0.00, real=0.01 secs] 
2181.757: [GC (Allocation Failure) [PSYoungGen: 66989K->1485K(66560K)] 450138K->384634K(564736K), 0.0016002 secs] [Times: user=0.01 sys=0.00, real=0.00 secs] 
2181.871: [GC (Allocation Failure) [PSYoungGen: 66509K->1421K(67072K)] 449658K->384578K(565248K), 0.0017405 secs] [Times: user=0.01 sys=0.00, real=0.00 secs] 
2182.124: [GC (Allocation Failure) [PSYoungGen: 66445K->1424K(66048K)] 449602K->384580K(564224K), 0.0017514 secs] [Times: user=0.01 sys=0.00, real=0.00 secs] 
2182.433: [GC (Allocation Failure) [PSYoungGen: 65936K->1376K(65536K)] 449092K->384532K(563712K), 0.0019212 secs] [Times: user=0.01 sys=0.00, real=0.01 secs] 
2182.699: [GC (Allocation Failure) [PSYoungGen: 65376K->1344K(65024K)] 448532K->384524K(563200K), 0.0018777 secs] [Times: user=0.01 sys=0.00, real=0.00 secs] 
2182.963: [GC (Allocation Failure) [PSYoungGen: 64832K->1376K(64512K)] 448012K->384556K(562688K), 0.0018769 secs] [Times: user=0.00 sys=0.00, real=0.01 secs] 
2183.224: [GC (Allocation Failure) [PSYoungGen: 64352K->1376K(64000K)] 447532K->384556K(562176K), 0.0019406 secs] [Times: user=0.01 sys=0.00, real=0.00 secs] 
2183.374: [GC (Allocation Failure) [PSYoungGen: 63840K->1469K(71168K)] 447020K->384650K(569344K), 0.0031564 secs] [Times: user=0.02 sys=0.00, real=0.00 secs] 
2183.500: [GC (Allocation Failure) [PSYoungGen: 70589K->1469K(71168K)] 453770K->384650K(569344K), 0.0016315 secs] [Times: user=0.01 sys=0.00, real=0.00 secs] 
2183.642: [GC (Allocation Failure) [PSYoungGen: 70562K->1453K(71168K)] 453743K->384642K(569344K), 0.0018281 secs] [Times: user=0.01 sys=0.00, real=0.01 secs] 
2184.376: [GC (Allocation Failure) [PSYoungGen: 70573K->1984K(70656K)] 453762K->385684K(568832K), 0.0024353 secs] [Times: user=0.00 sys=0.00, real=0.00 secs] 
2185.706: [GC (Allocation Failure) [PSYoungGen: 70592K->1344K(69632K)] 454292K->385044K(567808K), 0.0032504 secs] [Times: user=0.01 sys=0.00, real=0.00 secs] 
2187.029: [GC (Allocation Failure) [PSYoungGen: 69440K->352K(68096K)] 453140K->385076K(566272K), 0.0023465 secs] [Times: user=0.01 sys=0.01, real=0.00 secs] 
2187.941: [GC (Allocation Failure) [PSYoungGen: 67936K->336K(69120K)] 452660K->385060K(567296K), 0.0032835 secs] [Times: user=0.01 sys=0.00, real=0.01 secs] 
2188.596: [GC (Allocation Failure) [PSYoungGen: 67408K->320K(67072K)] 452132K->385044K(565248K), 0.0023869 secs] [Times: user=0.01 sys=0.00, real=0.00 secs] 
2188.770: [GC (Allocation Failure) [PSYoungGen: 66880K->1520K(68608K)] 451604K->386244K(566784K), 0.0015949 secs] [Times: user=0.01 sys=0.00, real=0.00 secs] 
2188.903: [GC (Allocation Failure) [PSYoungGen: 67568K->1456K(67072K)] 452292K->386180K(565248K), 0.0019834 secs] [Times: user=0.01 sys=0.00, real=0.01 secs] 
2189.054: [GC (Allocation Failure) [PSYoungGen: 66992K->1421K(66560K)] 451716K->386154K(564736K), 0.0016694 secs] [Times: user=0.01 sys=0.00, real=0.00 secs] 
2189.343: [GC (Allocation Failure) [PSYoungGen: 66445K->1568K(66560K)] 451178K->386300K(564736K), 0.0022219 secs] [Times: user=0.01 sys=0.00, real=0.01 secs] 
2189.951: [GC (Allocation Failure) [PSYoungGen: 66080K->1344K(65536K)] 450812K->386076K(563712K), 0.0031113 secs] [Times: user=0.02 sys=0.00, real=0.01 secs] 
2190.418: [GC (Allocation Failure) [PSYoungGen: 65344K->1376K(65024K)] 450076K->386108K(563200K), 0.0041554 secs] [Times: user=0.02 sys=0.00, real=0.00 secs] 
2190.729: [GC (Allocation Failure) [PSYoungGen: 64864K->1376K(64512K)] 449596K->386108K(562688K), 0.0019974 secs] [Times: user=0.01 sys=0.00, real=0.00 secs] 
2191.134: [GC (Allocation Failure) [PSYoungGen: 64352K->1344K(64000K)] 449084K->386076K(562176K), 0.0022256 secs] [Times: user=0.01 sys=0.00, real=0.00 secs] 
2191.421: [GC (Allocation Failure) [PSYoungGen: 63808K->1421K(63488K)] 448540K->386154K(561664K), 0.0017863 secs] [Times: user=0.01 sys=0.00, real=0.00 secs] 
2191.530: [GC (Allocation Failure) [PSYoungGen: 63373K->1453K(62976K)] 448106K->386186K(561152K), 0.0017169 secs] [Times: user=0.01 sys=0.00, real=0.00 secs] 
2191.638: [GC (Allocation Failure) [PSYoungGen: 62893K->1456K(67584K)] 447626K->386196K(565760K), 0.0016324 secs] [Times: user=0.01 sys=0.00, real=0.00 secs] 
2191.753: [GC (Allocation Failure) [PSYoungGen: 66965K->1469K(69632K)] 451705K->386210K(567808K), 0.0015116 secs] [Times: user=0.00 sys=0.00, real=0.00 secs] 
2192.324: [GC (Allocation Failure) [PSYoungGen: 69053K->1392K(68608K)] 453794K->386132K(566784K), 0.0020822 secs] [Times: user=0.01 sys=0.00, real=0.00 secs] 
2192.985: [GC (Allocation Failure) [PSYoungGen: 68464K->1344K(68096K)] 453204K->386084K(566272K), 0.0021061 secs] [Times: user=0.01 sys=0.00, real=0.00 secs] 
2193.707: [GC (Allocation Failure) [PSYoungGen: 67904K->1344K(67584K)] 452644K->386100K(565760K), 0.0023956 secs] [Times: user=0.01 sys=0.00, real=0.00 secs] 
2194.445: [GC (Allocation Failure) [PSYoungGen: 67392K->1344K(67072K)] 452148K->386100K(565248K), 0.0023295 secs] [Times: user=0.01 sys=0.00, real=0.00 secs] 
2195.096: [GC (Allocation Failure) [PSYoungGen: 66880K->1421K(66560K)] 451636K->386178K(564736K), 0.0022592 secs] [Times: user=0.00 sys=0.00, real=0.00 secs] 
2195.242: [GC (Allocation Failure) [PSYoungGen: 66445K->1453K(66048K)] 451202K->386210K(564224K), 0.0016333 secs] [Times: user=0.01 sys=0.00, real=0.01 secs] 
2195.357: [GC (Allocation Failure) [PSYoungGen: 65965K->1453K(65536K)] 450722K->386218K(563712K), 0.0017356 secs] [Times: user=0.00 sys=0.00, real=0.00 secs] 
2195.470: [GC (Allocation Failure) [PSYoungGen: 65453K->1485K(65024K)] 450218K->386250K(563200K), 0.0017081 secs] [Times: user=0.01 sys=0.00, real=0.00 secs] 
2195.863: [GC (Allocation Failure) [PSYoungGen: 64973K->1424K(64512K)] 449738K->386188K(562688K), 0.0022466 secs] [Times: user=0.01 sys=0.00, real=0.00 secs] 
2196.428: [GC (Allocation Failure) [PSYoungGen: 64400K->1344K(64000K)] 449164K->386108K(562176K), 0.0025561 secs] [Times: user=0.01 sys=0.00, real=0.00 secs] 
2197.173: [GC (Allocation Failure) [PSYoungGen: 63808K->1344K(63488K)] 448572K->386108K(561664K), 0.0035535 secs] [Times: user=0.01 sys=0.00, real=0.01 secs] 
2197.822: [GC (Allocation Failure) [PSYoungGen: 63296K->1344K(62976K)] 448060K->386108K(561152K), 0.0034225 secs] [Times: user=0.01 sys=0.00, real=0.01 secs] 
2198.576: [GC (Allocation Failure) [PSYoungGen: 62784K->1344K(62464K)] 447548K->386108K(560640K), 0.0032745 secs] [Times: user=0.02 sys=0.00, real=0.00 secs] 
2199.068: [GC (Allocation Failure) [PSYoungGen: 62272K->1421K(61952K)] 447036K->386186K(560128K), 0.0022844 secs] [Times: user=0.01 sys=0.00, real=0.00 secs] 
2199.202: [GC (Allocation Failure) [PSYoungGen: 61837K->1453K(61440K)] 446602K->386218K(559616K), 0.0016601 secs] [Times: user=0.00 sys=0.00, real=0.01 secs] 
2199.307: [GC (Allocation Failure) [PSYoungGen: 61357K->1456K(60928K)] 446122K->386228K(559104K), 0.0017734 secs] [Times: user=0.01 sys=0.00, real=0.00 secs] 
2199.412: [GC (Allocation Failure) [PSYoungGen: 60848K->1517K(61440K)] 445620K->386290K(559616K), 0.0015901 secs] [Times: user=0.00 sys=0.00, real=0.01 secs] 
2199.751: [GC (Allocation Failure) [PSYoungGen: 60909K->1456K(60416K)] 445682K->386228K(558592K), 0.0019526 secs] [Times: user=0.00 sys=0.00, real=0.01 secs] 
2199.996: [GC (Allocation Failure) [PSYoungGen: 60336K->1376K(59904K)] 445108K->386148K(558080K), 0.0021507 secs] [Times: user=0.00 sys=0.00, real=0.00 secs] 
2200.239: [GC (Allocation Failure) [PSYoungGen: 59744K->1392K(59392K)] 444516K->386164K(557568K), 0.0019404 secs] [Times: user=0.01 sys=0.00, real=0.00 secs] 
2200.505: [GC (Allocation Failure) [PSYoungGen: 59248K->1376K(59392K)] 444020K->386148K(557568K), 0.0027438 secs] [Times: user=0.01 sys=0.00, real=0.00 secs] 
2200.748: [GC (Allocation Failure) [PSYoungGen: 59232K->1344K(59392K)] 444004K->386116K(557568K), 0.0025204 secs] [Times: user=0.01 sys=0.00, real=0.00 secs] 
2200.920: [GC (Allocation Failure) [PSYoungGen: 59200K->1424K(59392K)] 443972K->386196K(557568K), 0.0016281 secs] [Times: user=0.01 sys=0.00, real=0.00 secs] 
2201.022: [GC (Allocation Failure) [PSYoungGen: 59280K->1421K(64000K)] 444052K->386202K(562176K), 0.0015778 secs] [Times: user=0.01 sys=0.00, real=0.01 secs] 
2201.133: [GC (Allocation Failure) [PSYoungGen: 63875K->1453K(64512K)] 448656K->386234K(562688K), 0.0016151 secs] [Times: user=0.01 sys=0.00, real=0.01 secs] 
2201.244: [GC (Allocation Failure) [PSYoungGen: 63917K->1501K(71168K)] 448698K->386282K(569344K), 0.0015604 secs] [Times: user=0.01 sys=0.00, real=0.00 secs] 
2201.673: [GC (Allocation Failure) [PSYoungGen: 70621K->1440K(71168K)] 455402K->386220K(569344K), 0.0019006 secs] [Times: user=0.00 sys=0.00, real=0.00 secs] 
2201.983: [GC (Allocation Failure) [PSYoungGen: 70560K->1440K(77824K)] 455340K->386252K(576000K), 0.0043083 secs] [Times: user=0.01 sys=0.02, real=0.01 secs] 
2202.300: [GC (Allocation Failure) [PSYoungGen: 77216K->1344K(76800K)] 462028K->386164K(574976K), 0.0019330 secs] [Times: user=0.01 sys=0.00, real=0.00 secs] 
2202.613: [GC (Allocation Failure) [PSYoungGen: 76608K->1376K(76288K)] 461428K->386196K(574464K), 0.0020918 secs] [Times: user=0.00 sys=0.00, real=0.01 secs] 
2202.839: [GC (Allocation Failure) [PSYoungGen: 76128K->1424K(75776K)] 460948K->386244K(573952K), 0.0017425 secs] [Times: user=0.00 sys=0.00, real=0.00 secs] 
2202.992: [GC (Allocation Failure) [PSYoungGen: 75664K->1456K(75264K)] 460484K->386276K(573440K), 0.0019784 secs] [Times: user=0.01 sys=0.00, real=0.01 secs] 
2203.148: [GC (Allocation Failure) [PSYoungGen: 75184K->1453K(74752K)] 460004K->386290K(572928K), 0.0017176 secs] [Times: user=0.00 sys=0.00, real=0.00 secs] 
2203.617: [GC (Allocation Failure) [PSYoungGen: 74669K->1936K(74752K)] 459506K->386772K(572928K), 0.0026019 secs] [Times: user=0.01 sys=0.01, real=0.00 secs] 
2205.002: [GC (Allocation Failure) [PSYoungGen: 74640K->1344K(73728K)] 459476K->386180K(571904K), 0.0030789 secs] [Times: user=0.02 sys=0.00, real=0.01 secs] 
2205.671: [GC (Allocation Failure) [PSYoungGen: 73536K->1344K(73216K)] 458372K->386180K(571392K), 0.0027667 secs] [Times: user=0.01 sys=0.00, real=0.01 secs] 
2206.521: [GC (Allocation Failure) [PSYoungGen: 73024K->1344K(72704K)] 457860K->386180K(570880K), 0.0040082 secs] [Times: user=0.01 sys=0.00, real=0.01 secs] 
2207.274: [GC (Allocation Failure) [PSYoungGen: 72512K->1437K(72192K)] 457348K->386274K(570368K), 0.0025878 secs] [Times: user=0.01 sys=0.00, real=0.00 secs] 
2207.449: [GC (Allocation Failure) [PSYoungGen: 72093K->1453K(71680K)] 456930K->386290K(569856K), 0.0018764 secs] [Times: user=0.00 sys=0.00, real=0.00 secs] 
2207.572: [GC (Allocation Failure) [PSYoungGen: 71597K->1453K(71168K)] 456434K->386290K(569344K), 0.0016297 secs] [Times: user=0.01 sys=0.00, real=0.01 secs] 
2207.694: [GC (Allocation Failure) [PSYoungGen: 71085K->1453K(72192K)] 455922K->386290K(570368K), 0.0019415 secs] [Times: user=0.01 sys=0.00, real=0.00 secs] 
2208.246: [GC (Allocation Failure) [PSYoungGen: 71597K->1488K(71168K)] 456434K->386324K(569344K), 0.0021662 secs] [Times: user=0.01 sys=0.01, real=0.00 secs] 
2208.610: [GC (Allocation Failure) [PSYoungGen: 71120K->1344K(70656K)] 455956K->386180K(568832K), 0.0027812 secs] [Times: user=0.01 sys=0.00, real=0.00 secs] 
2208.898: [GC (Allocation Failure) [PSYoungGen: 70464K->1344K(70144K)] 455300K->386180K(568320K), 0.0024558 secs] [Times: user=0.01 sys=0.00, real=0.00 secs] 
2209.204: [GC (Allocation Failure) [PSYoungGen: 69952K->1392K(69632K)] 454788K->386228K(567808K), 0.0021325 secs] [Times: user=0.00 sys=0.00, real=0.00 secs] 
2209.465: [GC (Allocation Failure) [PSYoungGen: 69488K->1485K(69120K)] 454324K->386322K(567296K), 0.0016874 secs] [Times: user=0.01 sys=0.00, real=0.00 secs] 
2209.585: [GC (Allocation Failure) [PSYoungGen: 69054K->1504K(68608K)] 453890K->386340K(566784K), 0.0017059 secs] [Times: user=0.01 sys=0.00, real=0.00 secs] 
2209.704: [GC (Allocation Failure) [PSYoungGen: 68576K->1485K(74752K)] 453412K->386322K(572928K), 0.0015567 secs] [Times: user=0.01 sys=0.00, real=0.00 secs] 
2209.832: [GC (Allocation Failure) [PSYoungGen: 74701K->1421K(75264K)] 459538K->386266K(573440K), 0.0016732 secs] [Times: user=0.00 sys=0.00, real=0.01 secs] 
2210.223: [GC (Allocation Failure) [PSYoungGen: 74637K->1440K(74240K)] 459482K->386284K(572416K), 0.0022084 secs] [Times: user=0.01 sys=0.00, real=0.01 secs] 
2210.863: [GC (Allocation Failure) [PSYoungGen: 74144K->1376K(73728K)] 458988K->386220K(571904K), 0.0031669 secs] [Times: user=0.01 sys=0.00, real=0.01 secs] 
2211.444: [GC (Allocation Failure) [PSYoungGen: 73568K->1344K(73216K)] 458412K->386188K(571392K), 0.0024129 secs] [Times: user=0.01 sys=0.00, real=0.00 secs] 
2212.034: [GC (Allocation Failure) [PSYoungGen: 73024K->1376K(72704K)] 457868K->386220K(570880K), 0.0027258 secs] [Times: user=0.00 sys=0.00, real=0.00 secs] 
2212.340: [GC (Allocation Failure) [PSYoungGen: 72544K->1421K(72192K)] 457388K->386266K(570368K), 0.0016748 secs] [Times: user=0.00 sys=0.00, real=0.00 secs] 
2212.465: [GC (Allocation Failure) [PSYoungGen: 72077K->1504K(71680K)] 456922K->386348K(569856K), 0.0015866 secs] [Times: user=0.01 sys=0.00, real=0.00 secs] 
2212.587: [GC (Allocation Failure) [PSYoungGen: 71620K->1453K(71168K)] 456465K->386298K(569344K), 0.0015889 secs] [Times: user=0.01 sys=0.00, real=0.00 secs] 
2213.022: [GC (Allocation Failure) [PSYoungGen: 71085K->1504K(70656K)] 455930K->386348K(568832K), 0.0019894 secs] [Times: user=0.01 sys=0.00, real=0.01 secs] 
2213.698: [GC (Allocation Failure) [PSYoungGen: 70624K->1344K(70144K)] 455468K->386196K(568320K), 0.0034709 secs] [Times: user=0.01 sys=0.01, real=0.00 secs] 
2214.359: [GC (Allocation Failure) [PSYoungGen: 69952K->1376K(69632K)] 454804K->386228K(567808K), 0.0053621 secs] [Times: user=0.01 sys=0.01, real=0.01 secs] 
2215.002: [GC (Allocation Failure) [PSYoungGen: 69472K->1344K(69120K)] 454324K->386196K(567296K), 0.0020922 secs] [Times: user=0.01 sys=0.00, real=0.01 secs] 
2215.665: [GC (Allocation Failure) [PSYoungGen: 68928K->1405K(68608K)] 453780K->386258K(566784K), 0.0029196 secs] [Times: user=0.01 sys=0.00, real=0.00 secs] 
2215.887: [GC (Allocation Failure) [PSYoungGen: 68477K->1517K(68096K)] 453330K->386370K(566272K), 0.0021151 secs] [Times: user=0.01 sys=0.00, real=0.00 secs] 
2216.017: [GC (Allocation Failure) [PSYoungGen: 68077K->1485K(67584K)] 452930K->386338K(565760K), 0.0017852 secs] [Times: user=0.01 sys=0.00, real=0.00 secs] 
2216.134: [GC (Allocation Failure) [PSYoungGen: 67533K->1485K(67072K)] 452386K->386338K(565248K), 0.0015905 secs] [Times: user=0.01 sys=0.00, real=0.00 secs] 
2216.889: [GC (Allocation Failure) [PSYoungGen: 67021K->1376K(66560K)] 451874K->386236K(564736K), 0.0041645 secs] [Times: user=0.02 sys=0.00, real=0.00 secs] 
2217.955: [GC (Allocation Failure) [PSYoungGen: 66400K->1344K(66048K)] 451260K->386204K(564224K), 0.0036750 secs] [Times: user=0.02 sys=0.00, real=0.00 secs] 
2218.658: [GC (Allocation Failure) [PSYoungGen: 65856K->1344K(65536K)] 450716K->386204K(563712K), 0.0029683 secs] [Times: user=0.01 sys=0.00, real=0.00 secs] 
2219.155: [GC (Allocation Failure) [PSYoungGen: 65344K->1344K(65024K)] 450204K->386204K(563200K), 0.0022340 secs] [Times: user=0.01 sys=0.00, real=0.00 secs] 
2219.876: [GC (Allocation Failure) [PSYoungGen: 64832K->1344K(64512K)] 449692K->386204K(562688K), 0.0028849 secs] [Times: user=0.01 sys=0.00, real=0.00 secs] 
2220.168: [GC (Allocation Failure) [PSYoungGen: 64320K->1456K(64000K)] 449180K->386316K(562176K), 0.0020012 secs] [Times: user=0.01 sys=0.00, real=0.00 secs] 
2220.281: [GC (Allocation Failure) [PSYoungGen: 63920K->1488K(63488K)] 448780K->386348K(561664K), 0.0017299 secs] [Times: user=0.00 sys=0.00, real=0.00 secs] 
2220.391: [GC (Allocation Failure) [PSYoungGen: 63440K->1453K(62976K)] 448300K->386330K(561152K), 0.0016192 secs] [Times: user=0.00 sys=0.00, real=0.00 secs] 
2220.498: [GC (Allocation Failure) [PSYoungGen: 62893K->1488K(69120K)] 447770K->386364K(567296K), 0.0017208 secs] [Times: user=0.00 sys=0.00, real=0.00 secs] 
2220.834: [GC (Allocation Failure) [PSYoungGen: 69072K->1408K(68608K)] 453948K->386284K(566784K), 0.0019779 secs] [Times: user=0.01 sys=0.00, real=0.00 secs] 
2221.113: [GC (Allocation Failure) [PSYoungGen: 68480K->1360K(68096K)] 453356K->386236K(566272K), 0.0019980 secs] [Times: user=0.01 sys=0.00, real=0.01 secs] 
2221.390: [GC (Allocation Failure) [PSYoungGen: 67920K->1344K(67584K)] 452796K->386220K(565760K), 0.0018752 secs] [Times: user=0.01 sys=0.00, real=0.00 secs] 
2221.789: [GC (Allocation Failure) [PSYoungGen: 67392K->1344K(67072K)] 452268K->386220K(565248K), 0.0020191 secs] [Times: user=0.01 sys=0.00, real=0.00 secs] 
2222.079: [GC (Allocation Failure) [PSYoungGen: 66880K->1389K(66560K)] 451756K->386266K(564736K), 0.0019089 secs] [Times: user=0.01 sys=0.00, real=0.00 secs] 
2222.198: [GC (Allocation Failure) [PSYoungGen: 66413K->1421K(66048K)] 451290K->386298K(564224K), 0.0016940 secs] [Times: user=0.01 sys=0.00, real=0.00 secs] 
2222.312: [GC (Allocation Failure) [PSYoungGen: 65933K->1453K(66560K)] 450810K->386338K(564736K), 0.0016704 secs] [Times: user=0.01 sys=0.00, real=0.01 secs] 
2222.427: [GC (Allocation Failure) [PSYoungGen: 66477K->1453K(67072K)] 451362K->386338K(565248K), 0.0016347 secs] [Times: user=0.00 sys=0.00, real=0.00 secs] 
2222.715: [GC (Allocation Failure) [PSYoungGen: 66477K->1424K(66048K)] 451362K->386332K(564224K), 0.0018665 secs] [Times: user=0.00 sys=0.00, real=0.00 secs] 
2222.984: [GC (Allocation Failure) [PSYoungGen: 65936K->1376K(65536K)] 450844K->386284K(563712K), 0.0021323 secs] [Times: user=0.01 sys=0.00, real=0.00 secs] 
2223.250: [GC (Allocation Failure) [PSYoungGen: 65376K->1376K(65024K)] 450284K->386284K(563200K), 0.0020184 secs] [Times: user=0.00 sys=0.00, real=0.00 secs] 
2223.746: [GC (Allocation Failure) [PSYoungGen: 64864K->1344K(64512K)] 449772K->386252K(562688K), 0.0020287 secs] [Times: user=0.01 sys=0.00, real=0.00 secs] 
2224.213: [GC (Allocation Failure) [PSYoungGen: 64320K->368K(62976K)] 449228K->386300K(561152K), 0.0021189 secs] [Times: user=0.01 sys=0.00, real=0.01 secs] 
2224.340: [GC (Allocation Failure) [PSYoungGen: 62832K->493K(64000K)] 448764K->386426K(562176K), 0.0015734 secs] [Times: user=0.00 sys=0.00, real=0.00 secs] 
2224.449: [GC (Allocation Failure) [PSYoungGen: 62445K->429K(61952K)] 448378K->386362K(560128K), 0.0015852 secs] [Times: user=0.00 sys=0.00, real=0.00 secs] 
2224.561: [GC (Allocation Failure) [PSYoungGen: 61869K->397K(69632K)] 447802K->386338K(567808K), 0.0015582 secs] [Times: user=0.01 sys=0.00, real=0.00 secs] 
2224.700: [GC (Allocation Failure) [PSYoungGen: 67981K->1472K(69632K)] 453922K->387412K(567808K), 0.0018833 secs] [Times: user=0.00 sys=0.00, real=0.00 secs] 
2225.208: [GC (Allocation Failure) [PSYoungGen: 69056K->1376K(68608K)] 454996K->387316K(566784K), 0.0021688 secs] [Times: user=0.00 sys=0.00, real=0.00 secs] 
2225.487: [GC (Allocation Failure) [PSYoungGen: 68448K->1376K(68096K)] 454388K->387316K(566272K), 0.0021261 secs] [Times: user=0.01 sys=0.00, real=0.00 secs] 
2225.764: [GC (Allocation Failure) [PSYoungGen: 67936K->1312K(67584K)] 453876K->387252K(565760K), 0.0021343 secs] [Times: user=0.01 sys=0.00, real=0.00 secs] 
2226.135: [GC (Allocation Failure) [PSYoungGen: 67360K->1344K(67072K)] 453300K->387284K(565248K), 0.0022594 secs] [Times: user=0.01 sys=0.00, real=0.00 secs] 
2226.325: [GC (Allocation Failure) [PSYoungGen: 66880K->1453K(66560K)] 452820K->387394K(564736K), 0.0017741 secs] [Times: user=0.01 sys=0.00, real=0.00 secs] 
2226.440: [GC (Allocation Failure) [PSYoungGen: 66477K->1488K(66048K)] 452418K->387428K(564224K), 0.0016744 secs] [Times: user=0.01 sys=0.00, real=0.00 secs] 
2226.553: [GC (Allocation Failure) [PSYoungGen: 66000K->1456K(66560K)] 451940K->387404K(564736K), 0.0017229 secs] [Times: user=0.01 sys=0.00, real=0.01 secs] 
2226.666: [GC (Allocation Failure) [PSYoungGen: 65968K->1517K(73216K)] 451916K->387466K(571392K), 0.0014675 secs] [Times: user=0.01 sys=0.00, real=0.00 secs] 
2227.284: [GC (Allocation Failure) [PSYoungGen: 72685K->1472K(72192K)] 458634K->387420K(570368K), 0.0018866 secs] [Times: user=0.00 sys=0.00, real=0.00 secs] 
2227.859: [GC (Allocation Failure) [PSYoungGen: 72128K->1376K(71680K)] 458076K->387324K(569856K), 0.0021092 secs] [Times: user=0.00 sys=0.00, real=0.00 secs] 
2228.813: [GC (Allocation Failure) [PSYoungGen: 71520K->1344K(71168K)] 457468K->387292K(569344K), 0.0023580 secs] [Times: user=0.01 sys=0.00, real=0.01 secs] 
2229.630: [GC (Allocation Failure) [PSYoungGen: 70976K->1344K(70656K)] 456924K->387292K(568832K), 0.0028796 secs] [Times: user=0.01 sys=0.00, real=0.00 secs] 
2229.976: [GC (Allocation Failure) [PSYoungGen: 70464K->1488K(70144K)] 456412K->387436K(568320K), 0.0015399 secs] [Times: user=0.00 sys=0.00, real=0.00 secs] 
2230.120: [GC (Allocation Failure) [PSYoungGen: 70096K->1485K(69632K)] 456044K->387434K(567808K), 0.0021763 secs] [Times: user=0.01 sys=0.00, real=0.00 secs] 
2230.282: [GC (Allocation Failure) [PSYoungGen: 69581K->1453K(69120K)] 455530K->387418K(567296K), 0.0016508 secs] [Times: user=0.01 sys=0.00, real=0.01 secs] 
2230.510: [GC (Allocation Failure) [PSYoungGen: 69037K->1664K(69120K)] 455002K->387628K(567296K), 0.0018023 secs] [Times: user=0.00 sys=0.00, real=0.00 secs] 
2230.809: [GC (Allocation Failure) [PSYoungGen: 68736K->1344K(68096K)] 454700K->387308K(566272K), 0.0022008 secs] [Times: user=0.01 sys=0.00, real=0.00 secs] 
2231.356: [GC (Allocation Failure) [PSYoungGen: 67904K->1344K(67584K)] 453868K->387308K(565760K), 0.0021915 secs] [Times: user=0.01 sys=0.00, real=0.00 secs] 
2231.915: [GC (Allocation Failure) [PSYoungGen: 67392K->1376K(67072K)] 453356K->387340K(565248K), 0.0021991 secs] [Times: user=0.01 sys=0.00, real=0.00 secs] 
2232.448: [GC (Allocation Failure) [PSYoungGen: 66912K->1344K(66560K)] 452876K->387308K(564736K), 0.0019057 secs] [Times: user=0.01 sys=0.00, real=0.00 secs] 
2233.743: [GC (Allocation Failure) [PSYoungGen: 66368K->1421K(66048K)] 452332K->387386K(564224K), 0.0022672 secs] [Times: user=0.00 sys=0.00, real=0.01 secs] 
2233.870: [GC (GCLocker Initiated GC) [PSYoungGen: 65933K->1456K(65536K)] 451898K->387420K(563712K), 0.0017135 secs] [Times: user=0.00 sys=0.00, real=0.00 secs] 
2233.999: [GC (Allocation Failure) [PSYoungGen: 65456K->1424K(65024K)] 451456K->387424K(563200K), 0.0019960 secs] [Times: user=0.01 sys=0.00, real=0.00 secs] 
2234.140: [GC (Allocation Failure) [PSYoungGen: 64912K->1520K(65536K)] 450912K->387528K(563712K), 0.0020855 secs] [Times: user=0.01 sys=0.00, real=0.00 secs] 
2234.734: [GC (Allocation Failure) [PSYoungGen: 65520K->1408K(66048K)] 451528K->387415K(564224K), 0.0064407 secs] [Times: user=0.03 sys=0.00, real=0.00 secs] 
2235.004: [GC (Allocation Failure) [PSYoungGen: 65408K->1472K(65024K)] 451415K->387495K(563200K), 0.0019668 secs] [Times: user=0.01 sys=0.00, real=0.00 secs] 
2235.268: [GC (Allocation Failure) [PSYoungGen: 64960K->1440K(64512K)] 450983K->387463K(562688K), 0.0018960 secs] [Times: user=0.01 sys=0.00, real=0.00 secs] 
2235.529: [GC (Allocation Failure) [PSYoungGen: 64416K->1408K(64000K)] 450439K->387431K(562176K), 0.0019268 secs] [Times: user=0.01 sys=0.00, real=0.00 secs] 
2235.820: [GC (Allocation Failure) [PSYoungGen: 63872K->1501K(63488K)] 449895K->387525K(561664K), 0.0019745 secs] [Times: user=0.00 sys=0.00, real=0.00 secs] 
2235.934: [GC (Allocation Failure) [PSYoungGen: 63453K->1472K(69632K)] 449477K->387496K(567808K), 0.0019123 secs] [Times: user=0.01 sys=0.00, real=0.00 secs] 
2236.053: [GC (Allocation Failure) [PSYoungGen: 69568K->1501K(70144K)] 455592K->387533K(568320K), 0.0016841 secs] [Times: user=0.01 sys=0.00, real=0.00 secs] 
2236.172: [GC (Allocation Failure) [PSYoungGen: 69597K->1533K(76800K)] 455629K->387565K(574976K), 0.0014877 secs] [Times: user=0.00 sys=0.00, real=0.01 secs] 
2236.487: [GC (Allocation Failure) [PSYoungGen: 76285K->1440K(76800K)] 462317K->387471K(574976K), 0.0019853 secs] [Times: user=0.01 sys=0.00, real=0.00 secs] 
2236.798: [GC (Allocation Failure) [PSYoungGen: 76192K->1472K(75776K)] 462223K->387503K(573952K), 0.0017718 secs] [Times: user=0.01 sys=0.00, real=0.00 secs] 
2237.106: [GC (Allocation Failure) [PSYoungGen: 75712K->1440K(75264K)] 461743K->387471K(573440K), 0.0017745 secs] [Times: user=0.01 sys=0.00, real=0.00 secs] 
2237.495: [GC (Allocation Failure) [PSYoungGen: 75168K->1376K(74752K)] 461199K->387415K(572928K), 0.0018924 secs] [Times: user=0.01 sys=0.01, real=0.00 secs] 
2237.969: [GC (Allocation Failure) [PSYoungGen: 74592K->1533K(74240K)] 460631K->387573K(572416K), 0.0017829 secs] [Times: user=0.00 sys=0.00, real=0.00 secs] 
2238.098: [GC (Allocation Failure) [PSYoungGen: 74237K->1485K(73728K)] 460277K->387565K(571904K), 0.0015534 secs] [Times: user=0.00 sys=0.00, real=0.00 secs] 
2238.224: [GC (Allocation Failure) [PSYoungGen: 73677K->1565K(73728K)] 459757K->387669K(571904K), 0.0018277 secs] [Times: user=0.01 sys=0.01, real=0.00 secs] 
2238.677: [GC (Allocation Failure) [PSYoungGen: 73245K->944K(72192K)] 459349K->388080K(570368K), 0.0023668 secs] [Times: user=0.01 sys=0.01, real=0.00 secs] 
2239.277: [GC (Allocation Failure) [PSYoungGen: 72112K->352K(71168K)] 459248K->387487K(569344K), 0.0023177 secs] [Times: user=0.01 sys=0.00, real=0.00 secs] 
2239.871: [GC (Allocation Failure) [PSYoungGen: 71008K->288K(70656K)] 458143K->387423K(568832K), 0.0028778 secs] [Times: user=0.01 sys=0.00, real=0.01 secs] 
2240.502: [GC (Allocation Failure) [PSYoungGen: 70432K->352K(70144K)] 457567K->387487K(568320K), 0.0024183 secs] [Times: user=0.01 sys=0.00, real=0.01 secs] 
2241.209: [GC (Allocation Failure) [PSYoungGen: 69984K->1424K(70656K)] 457119K->388560K(568832K), 0.0022203 secs] [Times: user=0.01 sys=0.00, real=0.00 secs] 
2241.350: [GC (Allocation Failure) [PSYoungGen: 70544K->1485K(70144K)] 457680K->388621K(568320K), 0.0016733 secs] [Times: user=0.01 sys=0.00, real=0.00 secs] 
2241.489: [GC (Allocation Failure) [PSYoungGen: 70093K->1456K(69632K)] 457229K->388592K(567808K), 0.0019101 secs] [Times: user=0.00 sys=0.00, real=0.00 secs] 
2241.647: [GC (Allocation Failure) [PSYoungGen: 69552K->1456K(74752K)] 456688K->388592K(572928K), 0.0025411 secs] [Times: user=0.01 sys=0.00, real=0.00 secs] 
2242.627: [GC (Allocation Failure) [PSYoungGen: 73648K->1456K(73216K)] 460784K->388600K(571392K), 0.0028871 secs] [Times: user=0.01 sys=0.00, real=0.00 secs] 
2243.100: [GC (Allocation Failure) [PSYoungGen: 73136K->1344K(72704K)] 460280K->388487K(570880K), 0.0022146 secs] [Times: user=0.01 sys=0.00, real=0.00 secs] 
2243.830: [GC (Allocation Failure) [PSYoungGen: 72512K->1344K(72192K)] 459655K->388487K(570368K), 0.0023125 secs] [Times: user=0.01 sys=0.00, real=0.00 secs] 
2244.730: [GC (Allocation Failure) [PSYoungGen: 72000K->1360K(71680K)] 459143K->388504K(569856K), 0.0026168 secs] [Times: user=0.01 sys=0.01, real=0.00 secs] 
2245.311: [GC (Allocation Failure) [PSYoungGen: 71504K->1421K(71168K)] 458648K->388565K(569344K), 0.0020946 secs] [Times: user=0.01 sys=0.00, real=0.00 secs] 
2245.451: [GC (Allocation Failure) [PSYoungGen: 71044K->1421K(70656K)] 458188K->388565K(568832K), 0.0017609 secs] [Times: user=0.00 sys=0.00, real=0.01 secs] 
2245.574: [GC (Allocation Failure) [PSYoungGen: 70541K->1517K(70144K)] 457685K->388661K(568320K), 0.0015396 secs] [Times: user=0.00 sys=0.00, real=0.00 secs] 
2245.694: [GC (Allocation Failure) [PSYoungGen: 70116K->1456K(69632K)] 457260K->388616K(567808K), 0.0018826 secs] [Times: user=0.01 sys=0.00, real=0.00 secs] 
2247.327: [GC (Allocation Failure) [PSYoungGen: 69552K->1408K(69120K)] 456712K->388567K(567296K), 0.0039968 secs] [Times: user=0.01 sys=0.00, real=0.00 secs] 
2248.223: [GC (Allocation Failure) [PSYoungGen: 68992K->1360K(68608K)] 456151K->388520K(566784K), 0.0028610 secs] [Times: user=0.02 sys=0.00, real=0.01 secs] 
2248.924: [GC (Allocation Failure) [PSYoungGen: 68432K->1344K(68096K)] 455592K->388503K(566272K), 0.0024836 secs] [Times: user=0.01 sys=0.00, real=0.00 secs] 
2250.098: [GC (Allocation Failure) [PSYoungGen: 67904K->1344K(67584K)] 455063K->388503K(565760K), 0.0030846 secs] [Times: user=0.01 sys=0.00, real=0.00 secs] 
2250.868: [GC (Allocation Failure) [PSYoungGen: 67392K->1421K(67072K)] 454551K->388581K(565248K), 0.0024376 secs] [Times: user=0.01 sys=0.00, real=0.00 secs] 
2251.018: [GC (Allocation Failure) [PSYoungGen: 66957K->1456K(66560K)] 454117K->388616K(564736K), 0.0017763 secs] [Times: user=0.01 sys=0.00, real=0.00 secs] 
2251.133: [GC (Allocation Failure) [PSYoungGen: 66480K->1389K(66048K)] 453640K->388549K(564224K), 0.0016790 secs] [Times: user=0.01 sys=0.00, real=0.01 secs] 
2251.247: [GC (Allocation Failure) [PSYoungGen: 65901K->1456K(65536K)] 453061K->388632K(563712K), 0.0017511 secs] [Times: user=0.01 sys=0.00, real=0.00 secs] 
2251.631: [GC (Allocation Failure) [PSYoungGen: 65456K->1424K(65024K)] 452632K->388600K(563200K), 0.0019991 secs] [Times: user=0.01 sys=0.00, real=0.00 secs] 
2251.895: [GC (Allocation Failure) [PSYoungGen: 64912K->1376K(64512K)] 452088K->388551K(562688K), 0.0020501 secs] [Times: user=0.01 sys=0.00, real=0.00 secs] 
2252.157: [GC (Allocation Failure) [PSYoungGen: 64352K->1344K(64000K)] 451527K->388519K(562176K), 0.0020295 secs] [Times: user=0.01 sys=0.00, real=0.00 secs] 
2252.698: [GC (Allocation Failure) [PSYoungGen: 63808K->1344K(63488K)] 450983K->388519K(561664K), 0.0026239 secs] [Times: user=0.01 sys=0.00, real=0.00 secs] 
2253.466: [GC (Allocation Failure) [PSYoungGen: 63292K->1469K(62976K)] 450468K->388645K(561152K), 0.0035293 secs] [Times: user=0.02 sys=0.00, real=0.00 secs] 
2253.700: [GC (Allocation Failure) [PSYoungGen: 62909K->1453K(62464K)] 450085K->388629K(560640K), 0.0024300 secs] [Times: user=0.01 sys=0.00, real=0.00 secs] 
2253.830: [GC (Allocation Failure) [PSYoungGen: 62381K->1488K(61952K)] 449557K->388664K(560128K), 0.0019010 secs] [Times: user=0.01 sys=0.00, real=0.00 secs] 
2253.937: [GC (Allocation Failure) [PSYoungGen: 61904K->1453K(64512K)] 449080K->388637K(562688K), 0.0017097 secs] [Times: user=0.01 sys=0.00, real=0.00 secs] 
2254.063: [GC (Allocation Failure) [PSYoungGen: 63917K->1504K(68608K)] 451101K->388688K(566784K), 0.0018396 secs] [Times: user=0.01 sys=0.00, real=0.00 secs] 
2255.044: [GC (Allocation Failure) [PSYoungGen: 68064K->1408K(67584K)] 455248K->388623K(565760K), 0.0027663 secs] [Times: user=0.01 sys=0.00, real=0.00 secs] 
2255.652: [GC (Allocation Failure) [PSYoungGen: 67456K->1376K(67072K)] 454671K->388591K(565248K), 0.0026196 secs] [Times: user=0.01 sys=0.01, real=0.01 secs] 
2256.256: [GC (Allocation Failure) [PSYoungGen: 66912K->1344K(66560K)] 454127K->388559K(564736K), 0.0022190 secs] [Times: user=0.00 sys=0.00, real=0.00 secs] 
2256.761: [GC (Allocation Failure) [PSYoungGen: 66368K->1344K(66048K)] 453583K->388559K(564224K), 0.0021922 secs] [Times: user=0.01 sys=0.00, real=0.01 secs] 
2257.110: [GC (Allocation Failure) [PSYoungGen: 65856K->1453K(65536K)] 453071K->388669K(563712K), 0.0027259 secs] [Times: user=0.01 sys=0.00, real=0.00 secs] 
2257.285: [GC (Allocation Failure) [PSYoungGen: 65453K->1485K(65024K)] 452669K->388701K(563200K), 0.0016135 secs] [Times: user=0.01 sys=0.00, real=0.00 secs] 
2257.396: [GC (Allocation Failure) [PSYoungGen: 64973K->1453K(64512K)] 452189K->388685K(562688K), 0.0016186 secs] [Times: user=0.01 sys=0.00, real=0.00 secs] 
2257.524: [GC (Allocation Failure) [PSYoungGen: 64429K->1485K(65024K)] 451661K->388717K(563200K), 0.0018797 secs] [Times: user=0.00 sys=0.00, real=0.00 secs] 
2258.098: [GC (Allocation Failure) [PSYoungGen: 64461K->1424K(64000K)] 451693K->388664K(562176K), 0.0027297 secs] [Times: user=0.01 sys=0.00, real=0.00 secs] 
2258.550: [GC (Allocation Failure) [PSYoungGen: 63888K->1408K(63488K)] 451128K->388647K(561664K), 0.0022532 secs] [Times: user=0.01 sys=0.00, real=0.00 secs] 
2258.866: [GC (Allocation Failure) [PSYoungGen: 63360K->1408K(62976K)] 450599K->388655K(561152K), 0.0021639 secs] [Times: user=0.01 sys=0.00, real=0.00 secs] 
2259.226: [GC (Allocation Failure) [PSYoungGen: 62848K->1408K(62464K)] 450095K->388655K(560640K), 0.0019402 secs] [Times: user=0.00 sys=0.00, real=0.00 secs] 
2259.863: [GC (Allocation Failure) [PSYoungGen: 62336K->1376K(61952K)] 449583K->388623K(560128K), 0.0036409 secs] [Times: user=0.01 sys=0.00, real=0.01 secs] 
2260.188: [GC (Allocation Failure) [PSYoungGen: 61792K->1517K(61440K)] 449039K->388765K(559616K), 0.0020732 secs] [Times: user=0.01 sys=0.00, real=0.00 secs] 
2260.295: [GC (Allocation Failure) [PSYoungGen: 61421K->1485K(60928K)] 448669K->388733K(559104K), 0.0017678 secs] [Times: user=0.01 sys=0.00, real=0.00 secs] 
2260.400: [GC (Allocation Failure) [PSYoungGen: 60877K->1517K(61440K)] 448125K->388773K(559616K), 0.0016854 secs] [Times: user=0.01 sys=0.00, real=0.00 secs] 
2260.517: [GC (Allocation Failure) [PSYoungGen: 60893K->1485K(61440K)] 448149K->388741K(559616K), 0.0019164 secs] [Times: user=0.01 sys=0.00, real=0.00 secs] 
2261.592: [GC (Allocation Failure) [PSYoungGen: 60877K->1440K(67584K)] 448133K->388695K(565760K), 0.0052883 secs] [Times: user=0.02 sys=0.01, real=0.01 secs] 
2262.536: [GC (Allocation Failure) [PSYoungGen: 66976K->1408K(66560K)] 454231K->388663K(564736K), 0.0027185 secs] [Times: user=0.01 sys=0.00, real=0.00 secs] 
2263.325: [GC (Allocation Failure) [PSYoungGen: 66432K->1376K(66048K)] 453687K->388631K(564224K), 0.0066473 secs] [Times: user=0.03 sys=0.00, real=0.00 secs] 
2263.830: [GC (Allocation Failure) [PSYoungGen: 65888K->1376K(65536K)] 453143K->388631K(563712K), 0.0029663 secs] [Times: user=0.01 sys=0.00, real=0.00 secs] 
2264.383: [GC (Allocation Failure) [PSYoungGen: 65376K->1485K(65024K)] 452631K->388741K(563200K), 0.0029257 secs] [Times: user=0.01 sys=0.00, real=0.01 secs] 
2264.594: [GC (Allocation Failure) [PSYoungGen: 64973K->1485K(64512K)] 452229K->388741K(562688K), 0.0022890 secs] [Times: user=0.01 sys=0.00, real=0.00 secs] 
2264.761: [GC (Allocation Failure) [PSYoungGen: 64452K->1453K(64000K)] 451708K->388725K(562176K), 0.0022851 secs] [Times: user=0.01 sys=0.00, real=0.00 secs] 
2264.914: [GC (Allocation Failure) [PSYoungGen: 63917K->1392K(63488K)] 451189K->388680K(561664K), 0.0017346 secs] [Times: user=0.01 sys=0.00, real=0.00 secs] 
2265.284: [GC (Allocation Failure) [PSYoungGen: 63344K->1936K(63488K)] 450632K->389736K(561664K), 0.0023843 secs] [Times: user=0.01 sys=0.00, real=0.00 secs] 
2265.945: [GC (Allocation Failure) [PSYoungGen: 63376K->1344K(62464K)] 451176K->389144K(560640K), 0.0026618 secs] [Times: user=0.01 sys=0.00, real=0.00 secs] 
2266.822: [GC (Allocation Failure) [PSYoungGen: 62272K->1360K(61952K)] 450072K->389160K(560128K), 0.0021555 secs] [Times: user=0.01 sys=0.00, real=0.01 secs] 
2267.490: [GC (Allocation Failure) [PSYoungGen: 61776K->1344K(61440K)] 449576K->389144K(559616K), 0.0026432 secs] [Times: user=0.01 sys=0.00, real=0.00 secs] 
2268.510: [GC (Allocation Failure) [PSYoungGen: 61248K->1376K(60928K)] 449048K->389176K(559104K), 0.0027240 secs] [Times: user=0.01 sys=0.00, real=0.00 secs] 
2269.011: [GC (Allocation Failure) [PSYoungGen: 60739K->1421K(60416K)] 448539K->389221K(558592K), 0.0029080 secs] [Times: user=0.01 sys=0.00, real=0.01 secs] 
2269.167: [GC (Allocation Failure) [PSYoungGen: 60301K->1485K(59904K)] 448101K->389285K(558080K), 0.0015974 secs] [Times: user=0.00 sys=0.00, real=0.00 secs] 
2269.270: [GC (Allocation Failure) [PSYoungGen: 59853K->1472K(59392K)] 447653K->389280K(557568K), 0.0017781 secs] [Times: user=0.01 sys=0.00, real=0.00 secs] 
2269.372: [GC (Allocation Failure) [PSYoungGen: 59328K->1501K(59904K)] 447136K->389309K(558080K), 0.0016884 secs] [Times: user=0.01 sys=0.00, real=0.01 secs] 
2269.644: [GC (Allocation Failure) [PSYoungGen: 59869K->1664K(59904K)] 447677K->389472K(558080K), 0.0020497 secs] [Times: user=0.00 sys=0.00, real=0.00 secs] 
2270.365: [GC (Allocation Failure) [PSYoungGen: 59520K->1360K(59392K)] 447328K->389168K(557568K), 0.0027565 secs] [Times: user=0.01 sys=0.01, real=0.00 secs] 
2271.144: [GC (Allocation Failure) [PSYoungGen: 59216K->1312K(59904K)] 447024K->389120K(558080K), 0.0027627 secs] [Times: user=0.01 sys=0.00, real=0.00 secs] 
2271.769: [GC (Allocation Failure) [PSYoungGen: 59168K->1408K(59904K)] 446976K->389216K(558080K), 0.0030362 secs] [Times: user=0.01 sys=0.00, real=0.00 secs] 
2272.659: [GC (Allocation Failure) [PSYoungGen: 59264K->1344K(59904K)] 447072K->389152K(558080K), 0.0030606 secs] [Times: user=0.02 sys=0.00, real=0.00 secs] 
2273.171: [GC (Allocation Failure) [PSYoungGen: 59200K->1453K(59904K)] 447008K->389261K(558080K), 0.0024022 secs] [Times: user=0.01 sys=0.00, real=0.01 secs] 
2273.306: [GC (Allocation Failure) [PSYoungGen: 59309K->1488K(59904K)] 447117K->389304K(558080K), 0.0015548 secs] [Times: user=0.00 sys=0.00, real=0.00 secs] 
2273.407: [GC (Allocation Failure) [PSYoungGen: 59344K->1453K(59904K)] 447160K->389269K(558080K), 0.0016934 secs] [Times: user=0.00 sys=0.00, real=0.00 secs] 
2273.510: [GC (Allocation Failure) [PSYoungGen: 59309K->1453K(59904K)] 447125K->389269K(558080K), 0.0016383 secs] [Times: user=0.01 sys=0.00, real=0.00 secs] 
2273.611: [GC (Allocation Failure) [PSYoungGen: 59309K->1533K(66048K)] 447125K->389349K(564224K), 0.0015736 secs] [Times: user=0.01 sys=0.00, real=0.00 secs] 
2273.955: [GC (Allocation Failure) [PSYoungGen: 65533K->1456K(66048K)] 453349K->389296K(564224K), 0.0018551 secs] [Times: user=0.01 sys=0.00, real=0.00 secs] 
2274.429: [GC (Allocation Failure) [PSYoungGen: 65456K->1424K(72192K)] 453296K->389264K(570368K), 0.0043941 secs] [Times: user=0.01 sys=0.01, real=0.01 secs] 
2275.035: [GC (Allocation Failure) [PSYoungGen: 71568K->1408K(71168K)] 459408K->389248K(569344K), 0.0024416 secs] [Times: user=0.01 sys=0.00, real=0.00 secs] 
2275.900: [GC (Allocation Failure) [PSYoungGen: 71040K->1360K(70656K)] 458880K->389200K(568832K), 0.0024548 secs] [Times: user=0.01 sys=0.00, real=0.00 secs] 
2276.295: [GC (Allocation Failure) [PSYoungGen: 70480K->1453K(70144K)] 458320K->389293K(568320K), 0.0019994 secs] [Times: user=0.00 sys=0.00, real=0.00 secs] 
2276.421: [GC (Allocation Failure) [PSYoungGen: 70061K->1533K(69632K)] 457901K->389389K(567808K), 0.0018181 secs] [Times: user=0.01 sys=0.00, real=0.00 secs] 
2276.541: [GC (Allocation Failure) [PSYoungGen: 69629K->1456K(69120K)] 457485K->389312K(567296K), 0.0018232 secs] [Times: user=0.00 sys=0.00, real=0.00 secs] 
2276.661: [GC (Allocation Failure) [PSYoungGen: 69040K->1453K(69632K)] 456896K->389309K(567808K), 0.0017220 secs] [Times: user=0.00 sys=0.00, real=0.00 secs] 
2277.595: [GC (Allocation Failure) [PSYoungGen: 69037K->1376K(68608K)] 456893K->389232K(566784K), 0.0028196 secs] [Times: user=0.01 sys=0.00, real=0.00 secs] 
2278.339: [GC (Allocation Failure) [PSYoungGen: 68448K->1376K(68096K)] 456304K->389232K(566272K), 0.0026109 secs] [Times: user=0.01 sys=0.00, real=0.00 secs] 
2279.070: [GC (Allocation Failure) [PSYoungGen: 67936K->1344K(67584K)] 455792K->389200K(565760K), 0.0035855 secs] [Times: user=0.01 sys=0.01, real=0.01 secs] 
2279.701: [GC (Allocation Failure) [PSYoungGen: 67392K->1376K(67072K)] 455248K->389232K(565248K), 0.0023833 secs] [Times: user=0.01 sys=0.00, real=0.01 secs] 
2280.108: [GC (Allocation Failure) [PSYoungGen: 66912K->1517K(66560K)] 454768K->389373K(564736K), 0.0021489 secs] [Times: user=0.01 sys=0.00, real=0.00 secs] 
2280.229: [GC (Allocation Failure) [PSYoungGen: 66541K->1485K(66048K)] 454397K->389341K(564224K), 0.0016855 secs] [Times: user=0.01 sys=0.00, real=0.00 secs] 
2280.343: [GC (Allocation Failure) [PSYoungGen: 65997K->1469K(65536K)] 453853K->389325K(563712K), 0.0017427 secs] [Times: user=0.01 sys=0.00, real=0.01 secs] 
2280.456: [GC (Allocation Failure) [PSYoungGen: 65469K->1520K(66048K)] 453325K->389392K(564224K), 0.0016515 secs] [Times: user=0.00 sys=0.00, real=0.00 secs] 
2280.905: [GC (Allocation Failure) [PSYoungGen: 65520K->1424K(65024K)] 453392K->389296K(563200K), 0.0022914 secs] [Times: user=0.00 sys=0.00, real=0.00 secs] 
2281.532: [GC (Allocation Failure) [PSYoungGen: 64912K->1328K(64512K)] 452784K->389200K(562688K), 0.0022777 secs] [Times: user=0.01 sys=0.00, real=0.01 secs] 
2281.983: [GC (Allocation Failure) [PSYoungGen: 64304K->1376K(64000K)] 452176K->389248K(562176K), 0.0021165 secs] [Times: user=0.00 sys=0.00, real=0.00 secs] 
2282.260: [GC (Allocation Failure) [PSYoungGen: 63840K->1392K(63488K)] 451712K->389264K(561664K), 0.0021829 secs] [Times: user=0.01 sys=0.00, real=0.00 secs] 
2282.533: [GC (Allocation Failure) [PSYoungGen: 63344K->1456K(62976K)] 451216K->389328K(561152K), 0.0020489 secs] [Times: user=0.00 sys=0.00, real=0.01 secs] 
2282.647: [GC (Allocation Failure) [PSYoungGen: 62896K->1485K(62464K)] 450768K->389357K(560640K), 0.0016368 secs] [Times: user=0.00 sys=0.00, real=0.00 secs] 
2282.755: [GC (Allocation Failure) [PSYoungGen: 62413K->1456K(62976K)] 450285K->389328K(561152K), 0.0016122 secs] [Times: user=0.01 sys=0.00, real=0.00 secs] 
2282.862: [GC (Allocation Failure) [PSYoungGen: 62384K->1501K(69120K)] 450256K->389389K(567296K), 0.0016457 secs] [Times: user=0.00 sys=0.00, real=0.01 secs] 
2282.981: [GC (Allocation Failure) [PSYoungGen: 68573K->128K(69120K)] 456461K->388015K(567296K), 0.0015715 secs] [Times: user=0.01 sys=0.00, real=0.00 secs] 
2284.834: [GC (Allocation Failure) [PSYoungGen: 67200K->1408K(68096K)] 455087K->389312K(566272K), 0.0043934 secs] [Times: user=0.02 sys=0.00, real=0.00 secs] 
2285.663: [GC (Allocation Failure) [PSYoungGen: 67968K->1408K(67584K)] 455872K->389312K(565760K), 0.0027905 secs] [Times: user=0.01 sys=0.00, real=0.01 secs] 
2286.246: [GC (Allocation Failure) [PSYoungGen: 67456K->1344K(67072K)] 455360K->389248K(565248K), 0.0023211 secs] [Times: user=0.01 sys=0.00, real=0.00 secs] 
2286.706: [GC (Allocation Failure) [PSYoungGen: 66880K->1312K(66560K)] 454784K->389216K(564736K), 0.0024283 secs] [Times: user=0.00 sys=0.00, real=0.00 secs] 
2287.001: [GC (Allocation Failure) [PSYoungGen: 66336K->1504K(66048K)] 454240K->389440K(564224K), 0.0016756 secs] [Times: user=0.00 sys=0.00, real=0.00 secs] 
2287.115: [GC (Allocation Failure) [PSYoungGen: 66010K->1536K(66048K)] 453946K->389480K(564224K), 0.0017968 secs] [Times: user=0.01 sys=0.01, real=0.00 secs] 
2287.228: [GC (Allocation Failure) [PSYoungGen: 65536K->525K(71168K)] 453480K->389493K(569344K), 0.0017081 secs] [Times: user=0.00 sys=0.00, real=0.00 secs] 
2287.351: [GC (Allocation Failure) [PSYoungGen: 70669K->429K(72704K)] 459637K->389397K(570880K), 0.0016408 secs] [Times: user=0.01 sys=0.00, real=0.00 secs] 
2289.267: [GC (Allocation Failure) [PSYoungGen: 71085K->1408K(71680K)] 460053K->390376K(569856K), 0.0030437 secs] [Times: user=0.01 sys=0.00, real=0.00 secs] 
2290.218: [GC (Allocation Failure) [PSYoungGen: 71552K->1376K(71168K)] 460520K->390344K(569344K), 0.0031443 secs] [Times: user=0.01 sys=0.00, real=0.00 secs] 
2290.898: [GC (Allocation Failure) [PSYoungGen: 71008K->1424K(70656K)] 459976K->390392K(568832K), 0.0022613 secs] [Times: user=0.01 sys=0.00, real=0.00 secs] 
2292.001: [GC (Allocation Failure) [PSYoungGen: 70544K->1392K(70144K)] 459512K->390360K(568320K), 0.0043299 secs] [Times: user=0.02 sys=0.00, real=0.01 secs] 
2292.437: [GC (Allocation Failure) [PSYoungGen: 70000K->1469K(69632K)] 458968K->390437K(567808K), 0.0022284 secs] [Times: user=0.01 sys=0.00, real=0.00 secs] 
2292.574: [GC (Allocation Failure) [PSYoungGen: 69565K->1533K(69120K)] 458533K->390501K(567296K), 0.0016775 secs] [Times: user=0.00 sys=0.00, real=0.00 secs] 
2292.693: [GC (Allocation Failure) [PSYoungGen: 69117K->1485K(68608K)] 458085K->390453K(566784K), 0.0016106 secs] [Times: user=0.01 sys=0.00, real=0.00 secs] 
2292.810: [GC (Allocation Failure) [PSYoungGen: 68551K->1469K(75776K)] 457519K->390453K(573952K), 0.0016569 secs] [Times: user=0.01 sys=0.00, real=0.00 secs] 
2293.543: [GC (Allocation Failure) [PSYoungGen: 75197K->1376K(74752K)] 464181K->390360K(572928K), 0.0030506 secs] [Times: user=0.01 sys=0.00, real=0.00 secs] 
2294.286: [GC (Allocation Failure) [PSYoungGen: 74592K->1344K(74240K)] 463576K->390328K(572416K), 0.0025514 secs] [Times: user=0.01 sys=0.00, real=0.00 secs] 
2295.130: [GC (Allocation Failure) [PSYoungGen: 74048K->1344K(73728K)] 463032K->390328K(571904K), 0.0040689 secs] [Times: user=0.01 sys=0.00, real=0.01 secs] 
2296.005: [GC (Allocation Failure) [PSYoungGen: 73536K->1405K(73216K)] 462520K->390397K(571392K), 0.0027446 secs] [Times: user=0.01 sys=0.00, real=0.00 secs] 
2296.195: [GC (Allocation Failure) [PSYoungGen: 73085K->1453K(72704K)] 462077K->390445K(570880K), 0.0017919 secs] [Times: user=0.01 sys=0.00, real=0.00 secs] 
2296.326: [GC (Allocation Failure) [PSYoungGen: 72621K->1485K(72192K)] 461613K->390477K(570368K), 0.0017103 secs] [Times: user=0.01 sys=0.00, real=0.00 secs] 
2296.452: [GC (Allocation Failure) [PSYoungGen: 72141K->1453K(71680K)] 461133K->390445K(569856K), 0.0016965 secs] [Times: user=0.01 sys=0.00, real=0.01 secs] 
2296.826: [GC (Allocation Failure) [PSYoungGen: 71597K->1392K(71168K)] 460589K->390400K(569344K), 0.0023049 secs] [Times: user=0.01 sys=0.00, real=0.00 secs] 
2297.420: [GC (Allocation Failure) [PSYoungGen: 71024K->1376K(70656K)] 460032K->390384K(568832K), 0.0022580 secs] [Times: user=0.01 sys=0.00, real=0.00 secs] 
2297.996: [GC (Allocation Failure) [PSYoungGen: 70496K->1344K(70144K)] 459504K->390352K(568320K), 0.0031016 secs] [Times: user=0.02 sys=0.00, real=0.00 secs] 
2298.697: [GC (Allocation Failure) [PSYoungGen: 69952K->1376K(69632K)] 458960K->390384K(567808K), 0.0023620 secs] [Times: user=0.01 sys=0.00, real=0.00 secs] 
2299.289: [GC (Allocation Failure) [PSYoungGen: 69472K->1421K(69120K)] 458480K->390429K(567296K), 0.0024741 secs] [Times: user=0.01 sys=0.00, real=0.00 secs] 
2299.484: [GC (Allocation Failure) [PSYoungGen: 69005K->1453K(68608K)] 458013K->390461K(566784K), 0.0024760 secs] [Times: user=0.01 sys=0.01, real=0.00 secs] 
2299.637: [GC (Allocation Failure) [PSYoungGen: 68525K->1533K(68096K)] 457533K->390541K(566272K), 0.0016542 secs] [Times: user=0.01 sys=0.00, real=0.00 secs] 
2299.757: [GC (Allocation Failure) [PSYoungGen: 68093K->1485K(67584K)] 457101K->390493K(565760K), 0.0016383 secs] [Times: user=0.01 sys=0.00, real=0.00 secs] 
2300.251: [GC (Allocation Failure) [PSYoungGen: 67533K->1424K(67072K)] 456541K->390432K(565248K), 0.0042043 secs] [Times: user=0.01 sys=0.00, real=0.01 secs] 
2300.785: [GC (Allocation Failure) [PSYoungGen: 66960K->1344K(66560K)] 455968K->390352K(564736K), 0.0029315 secs] [Times: user=0.01 sys=0.00, real=0.00 secs] 
2301.391: [GC (Allocation Failure) [PSYoungGen: 66368K->1344K(66048K)] 455376K->390352K(564224K), 0.0027138 secs] [Times: user=0.01 sys=0.00, real=0.01 secs] 
2301.956: [GC (Allocation Failure) [PSYoungGen: 65856K->1344K(65536K)] 454864K->390352K(563712K), 0.0028230 secs] [Times: user=0.01 sys=0.00, real=0.00 secs] 
2302.494: [GC (Allocation Failure) [PSYoungGen: 65323K->1421K(65024K)] 454331K->390429K(563200K), 0.0021767 secs] [Times: user=0.01 sys=0.00, real=0.00 secs] 
2302.663: [GC (Allocation Failure) [PSYoungGen: 64909K->1485K(64512K)] 453917K->390493K(562688K), 0.0022538 secs] [Times: user=0.01 sys=0.00, real=0.01 secs] 
2302.840: [GC (Allocation Failure) [PSYoungGen: 64461K->1485K(64000K)] 453469K->390493K(562176K), 0.0025566 secs] [Times: user=0.01 sys=0.00, real=0.00 secs] 
2303.031: [GC (Allocation Failure) [PSYoungGen: 63949K->1421K(64512K)] 452957K->390437K(562688K), 0.0024956 secs] [Times: user=0.01 sys=0.00, real=0.01 secs] 
2303.458: [GC (Allocation Failure) [PSYoungGen: 63885K->1952K(64000K)] 452901K->390968K(562176K), 0.0023283 secs] [Times: user=0.01 sys=0.00, real=0.00 secs] 
2304.172: [GC (Allocation Failure) [PSYoungGen: 63904K->1344K(62976K)] 452920K->390360K(561152K), 0.0029809 secs] [Times: user=0.01 sys=0.00, real=0.01 secs] 
2304.892: [GC (Allocation Failure) [PSYoungGen: 62784K->1344K(62464K)] 451800K->390376K(560640K), 0.0031515 secs] [Times: user=0.01 sys=0.00, real=0.01 secs] 
2305.609: [GC (Allocation Failure) [PSYoungGen: 62272K->1344K(61952K)] 451304K->390376K(560128K), 0.0040021 secs] [Times: user=0.02 sys=0.00, real=0.00 secs] 
2306.356: [GC (Allocation Failure) [PSYoungGen: 61760K->1344K(61440K)] 450792K->390376K(559616K), 0.0028651 secs] [Times: user=0.01 sys=0.00, real=0.00 secs] 
2306.889: [GC (Allocation Failure) [PSYoungGen: 61248K->1453K(60928K)] 450280K->390485K(559104K), 0.0026702 secs] [Times: user=0.01 sys=0.00, real=0.00 secs] 
2307.037: [GC (Allocation Failure) [PSYoungGen: 60836K->1453K(60416K)] 449868K->390485K(558592K), 0.0017565 secs] [Times: user=0.00 sys=0.00, real=0.00 secs] 
2307.141: [GC (Allocation Failure) [PSYoungGen: 60333K->1453K(59904K)] 449365K->390501K(558080K), 0.0015870 secs] [Times: user=0.01 sys=0.00, real=0.00 secs] 
2307.245: [GC (Allocation Failure) [PSYoungGen: 59821K->1453K(60928K)] 448869K->390501K(559104K), 0.0015687 secs] [Times: user=0.01 sys=0.00, real=0.00 secs] 
2307.546: [GC (Allocation Failure) [PSYoungGen: 60333K->1952K(60416K)] 449381K->391000K(558592K), 0.0019942 secs] [Times: user=0.01 sys=0.00, real=0.00 secs] 
2307.838: [GC (Allocation Failure) [PSYoungGen: 60320K->1408K(59392K)] 449368K->390456K(557568K), 0.0024137 secs] [Times: user=0.01 sys=0.00, real=0.00 secs] 
2308.391: [GC (Allocation Failure) [PSYoungGen: 59264K->384K(58368K)] 448312K->390456K(556544K), 0.0022771 secs] [Times: user=0.01 sys=0.00, real=0.00 secs] 
2308.939: [GC (Allocation Failure) [PSYoungGen: 58240K->288K(58368K)] 448312K->390360K(556544K), 0.0025975 secs] [Times: user=0.01 sys=0.00, real=0.00 secs] 
2309.598: [GC (Allocation Failure) [PSYoungGen: 58144K->320K(58368K)] 448216K->390392K(556544K), 0.0026956 secs] [Times: user=0.01 sys=0.00, real=0.00 secs] 
2310.173: [GC (Allocation Failure) [PSYoungGen: 58176K->1389K(60416K)] 448248K->391461K(558592K), 0.0027388 secs] [Times: user=0.01 sys=0.00, real=0.01 secs] 
2310.335: [GC (Allocation Failure) [PSYoungGen: 59245K->1453K(59392K)] 449317K->391533K(557568K), 0.0018131 secs] [Times: user=0.00 sys=0.00, real=0.00 secs] 
2310.437: [GC (Allocation Failure) [PSYoungGen: 59309K->1456K(60416K)] 449389K->391536K(558592K), 0.0016310 secs] [Times: user=0.01 sys=0.00, real=0.00 secs] 
2310.554: [GC (Allocation Failure) [PSYoungGen: 59312K->1488K(60416K)] 449392K->391568K(558592K), 0.0019351 secs] [Times: user=0.00 sys=0.00, real=0.00 secs] 
2310.682: [GC (Allocation Failure) [PSYoungGen: 59344K->1453K(60416K)] 449424K->391533K(558592K), 0.0020092 secs] [Times: user=0.01 sys=0.00, real=0.01 secs] 
2311.550: [GC (Allocation Failure) [PSYoungGen: 59309K->1440K(59392K)] 449389K->391520K(557568K), 0.0022164 secs] [Times: user=0.01 sys=0.00, real=0.00 secs] 
2311.906: [GC (Allocation Failure) [PSYoungGen: 59296K->1376K(59392K)] 449376K->391456K(557568K), 0.0022253 secs] [Times: user=0.01 sys=0.00, real=0.00 secs] 
2312.507: [GC (Allocation Failure) [PSYoungGen: 59232K->1376K(59392K)] 449312K->391456K(557568K), 0.0029303 secs] [Times: user=0.00 sys=0.00, real=0.00 secs] 
2313.303: [GC (Allocation Failure) [PSYoungGen: 59232K->1344K(59392K)] 449312K->391424K(557568K), 0.0034078 secs] [Times: user=0.01 sys=0.00, real=0.01 secs] 
2314.194: [GC (Allocation Failure) [PSYoungGen: 59200K->1376K(59392K)] 449280K->391456K(557568K), 0.0037627 secs] [Times: user=0.01 sys=0.00, real=0.00 secs] 
2314.426: [GC (Allocation Failure) [PSYoungGen: 59232K->1485K(59392K)] 449312K->391573K(557568K), 0.0022566 secs] [Times: user=0.01 sys=0.00, real=0.00 secs] 
2314.542: [GC (Allocation Failure) [PSYoungGen: 59333K->1453K(59392K)] 449421K->391541K(557568K), 0.0015847 secs] [Times: user=0.01 sys=0.00, real=0.01 secs] 
2314.646: [GC (Allocation Failure) [PSYoungGen: 59309K->1485K(62464K)] 449397K->391597K(560640K), 0.0015642 secs] [Times: user=0.00 sys=0.00, real=0.00 secs] 
2314.755: [GC (Allocation Failure) [PSYoungGen: 61901K->1469K(65536K)] 452013K->391581K(563712K), 0.0016289 secs] [Times: user=0.00 sys=0.00, real=0.00 secs] 
2315.484: [GC (Allocation Failure) [PSYoungGen: 64957K->1392K(64512K)] 455069K->391504K(562688K), 0.0021608 secs] [Times: user=0.01 sys=0.00, real=0.00 secs] 
2316.753: [GC (Allocation Failure) [PSYoungGen: 64368K->1408K(64000K)] 454480K->391520K(562176K), 0.0038576 secs] [Times: user=0.02 sys=0.00, real=0.00 secs] 
2317.447: [GC (Allocation Failure) [PSYoungGen: 63872K->1376K(63488K)] 453984K->391488K(561664K), 0.0024585 secs] [Times: user=0.00 sys=0.00, real=0.00 secs] 
2317.989: [GC (Allocation Failure) [PSYoungGen: 63328K->1344K(62976K)] 453440K->391456K(561152K), 0.0028457 secs] [Times: user=0.01 sys=0.00, real=0.00 secs] 
2318.685: [GC (Allocation Failure) [PSYoungGen: 62784K->1421K(62464K)] 452896K->391533K(560640K), 0.0029339 secs] [Times: user=0.01 sys=0.00, real=0.00 secs] 
2318.847: [GC (Allocation Failure) [PSYoungGen: 62349K->1424K(61952K)] 452461K->391536K(560128K), 0.0017282 secs] [Times: user=0.01 sys=0.00, real=0.00 secs] 
2318.953: [GC (Allocation Failure) [PSYoungGen: 61840K->1453K(61440K)] 451952K->391573K(559616K), 0.0016435 secs] [Times: user=0.01 sys=0.00, real=0.00 secs] 
2319.059: [GC (Allocation Failure) [PSYoungGen: 61357K->1517K(61952K)] 451477K->391637K(560128K), 0.0015856 secs] [Times: user=0.00 sys=0.00, real=0.00 secs] 
2319.165: [GC (Allocation Failure) [PSYoungGen: 61421K->1517K(61952K)] 451541K->391637K(560128K), 0.0016343 secs] [Times: user=0.00 sys=0.00, real=0.00 secs] 
2320.444: [GC (Allocation Failure) [PSYoungGen: 61421K->1456K(60928K)] 451541K->391576K(559104K), 0.0027852 secs] [Times: user=0.01 sys=0.00, real=0.00 secs] 
2321.366: [GC (Allocation Failure) [PSYoungGen: 60848K->1344K(60416K)] 450968K->391464K(558592K), 0.0032976 secs] [Times: user=0.01 sys=0.00, real=0.00 secs] 
2321.976: [GC (Allocation Failure) [PSYoungGen: 60224K->1344K(59904K)] 450344K->391464K(558080K), 0.0028864 secs] [Times: user=0.01 sys=0.00, real=0.00 secs] 
2322.456: [GC (Allocation Failure) [PSYoungGen: 59712K->1392K(59392K)] 449832K->391512K(557568K), 0.0026175 secs] [Times: user=0.01 sys=0.00, real=0.00 secs] 
2323.024: [GC (Allocation Failure) [PSYoungGen: 59248K->1344K(59392K)] 449368K->391464K(557568K), 0.0020536 secs] [Times: user=0.01 sys=0.00, real=0.00 secs] 
2323.156: [GC (Allocation Failure) [PSYoungGen: 59200K->1424K(59392K)] 449320K->391544K(557568K), 0.0015552 secs] [Times: user=0.00 sys=0.00, real=0.00 secs] 
2323.258: [GC (Allocation Failure) [PSYoungGen: 59280K->1488K(59392K)] 449400K->391624K(557568K), 0.0015986 secs] [Times: user=0.01 sys=0.00, real=0.00 secs] 
2323.360: [GC (Allocation Failure) [PSYoungGen: 59344K->1437K(64512K)] 449480K->391573K(562688K), 0.0016148 secs] [Times: user=0.01 sys=0.00, real=0.00 secs] 
2323.471: [GC (Allocation Failure) [PSYoungGen: 63901K->1552K(65536K)] 454037K->391688K(563712K), 0.0016851 secs] [Times: user=0.01 sys=0.00, real=0.00 secs] 
2324.009: [GC (Allocation Failure) [PSYoungGen: 65040K->1440K(64512K)] 455176K->391576K(562688K), 0.0023942 secs] [Times: user=0.01 sys=0.00, real=0.00 secs] 
2324.659: [GC (Allocation Failure) [PSYoungGen: 64416K->1344K(64000K)] 454552K->391496K(562176K), 0.0025222 secs] [Times: user=0.01 sys=0.00, real=0.00 secs] 
2325.290: [GC (Allocation Failure) [PSYoungGen: 63808K->1392K(63488K)] 453960K->391544K(561664K), 0.0027035 secs] [Times: user=0.01 sys=0.00, real=0.01 secs] 
2325.762: [GC (Allocation Failure) [PSYoungGen: 63344K->1344K(62976K)] 453496K->391496K(561152K), 0.0026017 secs] [Times: user=0.01 sys=0.00, real=0.01 secs] 
2326.303: [GC (Allocation Failure) [PSYoungGen: 62784K->1424K(62464K)] 452936K->391576K(560640K), 0.0024504 secs] [Times: user=0.01 sys=0.00, real=0.00 secs] 
2326.447: [GC (Allocation Failure) [PSYoungGen: 62352K->1453K(61952K)] 452504K->391605K(560128K), 0.0016883 secs] [Times: user=0.01 sys=0.00, real=0.00 secs] 
2326.555: [GC (Allocation Failure) [PSYoungGen: 61869K->1485K(61440K)] 452021K->391645K(559616K), 0.0017031 secs] [Times: user=0.00 sys=0.00, real=0.00 secs] 
2326.660: [GC (Allocation Failure) [PSYoungGen: 61389K->1488K(61952K)] 451549K->391648K(560128K), 0.0017709 secs] [Times: user=0.01 sys=0.00, real=0.00 secs] 
2326.766: [GC (Allocation Failure) [PSYoungGen: 61392K->1485K(61952K)] 451552K->391645K(560128K), 0.0016075 secs] [Times: user=0.01 sys=0.00, real=0.00 secs] 
2327.268: [GC (Allocation Failure) [PSYoungGen: 61389K->1424K(67072K)] 451549K->391584K(565248K), 0.0021504 secs] [Times: user=0.01 sys=0.00, real=0.00 secs] 
2327.541: [GC (Allocation Failure) [PSYoungGen: 66960K->1408K(66560K)] 457120K->391568K(564736K), 0.0022975 secs] [Times: user=0.01 sys=0.01, real=0.01 secs] 
2327.812: [GC (Allocation Failure) [PSYoungGen: 66432K->1344K(66048K)] 456592K->391504K(564224K), 0.0019742 secs] [Times: user=0.01 sys=0.00, real=0.01 secs] 
2328.498: [GC (Allocation Failure) [PSYoungGen: 65856K->1376K(65536K)] 456016K->391536K(563712K), 0.0022920 secs] [Times: user=0.01 sys=0.00, real=0.00 secs] 
2329.168: [GC (Allocation Failure) [PSYoungGen: 65376K->1469K(65024K)] 455536K->391629K(563200K), 0.0021971 secs] [Times: user=0.01 sys=0.00, real=0.00 secs] 
2329.353: [GC (Allocation Failure) [PSYoungGen: 64957K->1485K(64512K)] 455117K->391645K(562688K), 0.0026542 secs] [Times: user=0.01 sys=0.00, real=0.00 secs] 
2329.496: [GC (Allocation Failure) [PSYoungGen: 64461K->1456K(64000K)] 454621K->391632K(562176K), 0.0016423 secs] [Times: user=0.01 sys=0.00, real=0.00 secs] 
2329.623: [GC (Allocation Failure) [PSYoungGen: 63920K->1453K(65024K)] 454096K->391629K(563200K), 0.0019546 secs] [Times: user=0.01 sys=0.00, real=0.00 secs] 
2330.274: [GC (Allocation Failure) [PSYoungGen: 64429K->1440K(64000K)] 454605K->391616K(562176K), 0.0036264 secs] [Times: user=0.01 sys=0.00, real=0.00 secs] 
2331.172: [GC (Allocation Failure) [PSYoungGen: 63904K->1344K(63488K)] 454080K->391520K(561664K), 0.0028465 secs] [Times: user=0.01 sys=0.00, real=0.01 secs] 
2331.923: [GC (Allocation Failure) [PSYoungGen: 63296K->1360K(62976K)] 453472K->391536K(561152K), 0.0025413 secs] [Times: user=0.01 sys=0.00, real=0.01 secs] 
2332.611: [GC (Allocation Failure) [PSYoungGen: 62800K->1376K(62464K)] 452976K->391552K(560640K), 0.0024870 secs] [Times: user=0.01 sys=0.00, real=0.00 secs] 
2333.127: [GC (Allocation Failure) [PSYoungGen: 62304K->1344K(61952K)] 452480K->391520K(560128K), 0.0025711 secs] [Times: user=0.01 sys=0.00, real=0.00 secs] 
2333.405: [GC (Allocation Failure) [PSYoungGen: 61760K->1456K(61440K)] 451936K->391632K(559616K), 0.0021491 secs] [Times: user=0.01 sys=0.00, real=0.00 secs] 
2333.514: [GC (Allocation Failure) [PSYoungGen: 61360K->1488K(60928K)] 451536K->391664K(559104K), 0.0016218 secs] [Times: user=0.01 sys=0.00, real=0.00 secs] 
2333.618: [GC (Allocation Failure) [PSYoungGen: 60880K->1488K(67072K)] 451056K->391672K(565248K), 0.0015949 secs] [Times: user=0.00 sys=0.00, real=0.00 secs] 
2333.732: [GC (Allocation Failure) [PSYoungGen: 66512K->1485K(67072K)] 456696K->391669K(565248K), 0.0016484 secs] [Times: user=0.01 sys=0.00, real=0.01 secs] 
2334.347: [GC (Allocation Failure) [PSYoungGen: 66509K->1408K(66048K)] 456693K->391592K(564224K), 0.0026150 secs] [Times: user=0.01 sys=0.00, real=0.00 secs] 
2334.852: [GC (Allocation Failure) [PSYoungGen: 65920K->1344K(65536K)] 456104K->391544K(563712K), 0.0023043 secs] [Times: user=0.01 sys=0.00, real=0.01 secs] 
2335.162: [GC (Allocation Failure) [PSYoungGen: 65344K->1376K(65024K)] 455544K->391584K(563200K), 0.0021459 secs] [Times: user=0.00 sys=0.00, real=0.01 secs] 
2335.701: [GC (Allocation Failure) [PSYoungGen: 64864K->1344K(64512K)] 455072K->391552K(562688K), 0.0021780 secs] [Times: user=0.01 sys=0.00, real=0.01 secs] 
2336.595: [GC (Allocation Failure) [PSYoungGen: 64320K->1405K(64000K)] 454528K->391613K(562176K), 0.0025453 secs] [Times: user=0.01 sys=0.00, real=0.00 secs] 
2336.746: [GC (Allocation Failure) [PSYoungGen: 63869K->1456K(63488K)] 454077K->391664K(561664K), 0.0017303 secs] [Times: user=0.00 sys=0.00, real=0.00 secs] 
2336.855: [GC (Allocation Failure) [PSYoungGen: 63408K->1485K(62976K)] 453616K->391709K(561152K), 0.0018372 secs] [Times: user=0.01 sys=0.00, real=0.00 secs] 
2336.963: [GC (Allocation Failure) [PSYoungGen: 62925K->1485K(63488K)] 453149K->391709K(561664K), 0.0016813 secs] [Times: user=0.01 sys=0.00, real=0.00 secs] 
2337.071: [GC (Allocation Failure) [PSYoungGen: 62925K->320K(63488K)] 453149K->390544K(561664K), 0.0017597 secs] [Times: user=0.01 sys=0.00, real=0.00 secs] 
2338.181: [GC (Allocation Failure) [PSYoungGen: 61760K->1408K(62464K)] 451984K->391632K(560640K), 0.0029913 secs] [Times: user=0.01 sys=0.00, real=0.01 secs] 
2339.017: [GC (Allocation Failure) [PSYoungGen: 62336K->1408K(61952K)] 452560K->391632K(560128K), 0.0033496 secs] [Times: user=0.01 sys=0.00, real=0.00 secs] 
2339.852: [GC (Allocation Failure) [PSYoungGen: 61824K->1344K(61440K)] 452048K->391568K(559616K), 0.0040012 secs] [Times: user=0.02 sys=0.00, real=0.01 secs] 
2340.704: [GC (Allocation Failure) [PSYoungGen: 61248K->1344K(60928K)] 451472K->391568K(559104K), 0.0050230 secs] [Times: user=0.02 sys=0.00, real=0.00 secs] 
2341.497: [GC (Allocation Failure) [PSYoungGen: 60736K->1440K(60416K)] 450960K->391664K(558592K), 0.0027378 secs] [Times: user=0.01 sys=0.00, real=0.00 secs] 
2341.698: [GC (Allocation Failure) [PSYoungGen: 60320K->1520K(59904K)] 450544K->391744K(558080K), 0.0024492 secs] [Times: user=0.01 sys=0.00, real=0.00 secs] 
2341.856: [GC (Allocation Failure) [PSYoungGen: 59888K->1453K(59392K)] 450112K->391685K(557568K), 0.0021602 secs] [Times: user=0.01 sys=0.00, real=0.00 secs] 
2342.012: [GC (Allocation Failure) [PSYoungGen: 59309K->1485K(65024K)] 449541K->391717K(563200K), 0.0024640 secs] [Times: user=0.01 sys=0.00, real=0.01 secs] 
2342.166: [GC (Allocation Failure) [PSYoungGen: 64973K->128K(65536K)] 455205K->390360K(563712K), 0.0016467 secs] [Times: user=0.00 sys=0.00, real=0.00 secs] 
2343.043: [GC (Allocation Failure) [PSYoungGen: 64128K->1376K(65024K)] 454360K->391608K(563200K), 0.0026001 secs] [Times: user=0.01 sys=0.00, real=0.00 secs] 
2343.571: [GC (Allocation Failure) [PSYoungGen: 64864K->1344K(64512K)] 455096K->391576K(562688K), 0.0023386 secs] [Times: user=0.00 sys=0.00, real=0.01 secs] 
2344.126: [GC (Allocation Failure) [PSYoungGen: 64320K->1344K(64000K)] 454552K->391576K(562176K), 0.0033175 secs] [Times: user=0.01 sys=0.00, real=0.00 secs] 
2344.690: [GC (Allocation Failure) [PSYoungGen: 63808K->1312K(63488K)] 454040K->391544K(561664K), 0.0022393 secs] [Times: user=0.01 sys=0.00, real=0.00 secs] 
2344.963: [GC (Allocation Failure) [PSYoungGen: 63264K->1389K(62976K)] 453496K->391621K(561152K), 0.0016677 secs] [Times: user=0.00 sys=0.00, real=0.01 secs] 
2345.071: [GC (Allocation Failure) [PSYoungGen: 62829K->1485K(62464K)] 453061K->391717K(560640K), 0.0016679 secs] [Times: user=0.01 sys=0.00, real=0.00 secs] 
2345.179: [GC (Allocation Failure) [PSYoungGen: 62413K->1520K(61952K)] 452645K->391768K(560128K), 0.0016102 secs] [Times: user=0.01 sys=0.00, real=0.00 secs] 
2345.300: [GC (Allocation Failure) [PSYoungGen: 61936K->1456K(62464K)] 452184K->391720K(560640K), 0.0019888 secs] [Times: user=0.00 sys=0.00, real=0.00 secs] 
2345.582: [GC (Allocation Failure) [PSYoungGen: 61872K->1424K(62464K)] 452136K->391688K(560640K), 0.0023018 secs] [Times: user=0.01 sys=0.01, real=0.01 secs] 
2345.833: [GC (Allocation Failure) [PSYoungGen: 61840K->1408K(61440K)] 452104K->391672K(559616K), 0.0020290 secs] [Times: user=0.01 sys=0.00, real=0.00 secs] 
2346.083: [GC (Allocation Failure) [PSYoungGen: 61312K->1376K(60928K)] 451576K->391640K(559104K), 0.0025097 secs] [Times: user=0.01 sys=0.00, real=0.01 secs] 
2346.331: [GC (Allocation Failure) [PSYoungGen: 60768K->1376K(60416K)] 451032K->391640K(558592K), 0.0025297 secs] [Times: user=0.01 sys=0.00, real=0.01 secs] 
2346.576: [GC (Allocation Failure) [PSYoungGen: 60256K->1360K(59904K)] 450520K->391624K(558080K), 0.0022265 secs] [Times: user=0.01 sys=0.00, real=0.00 secs] 
2346.825: [GC (Allocation Failure) [PSYoungGen: 59728K->1469K(59392K)] 449992K->391733K(557568K), 0.0016323 secs] [Times: user=0.00 sys=0.00, real=0.00 secs] 
2346.927: [GC (Allocation Failure) [PSYoungGen: 59322K->1517K(65024K)] 449586K->391781K(563200K), 0.0015875 secs] [Times: user=0.00 sys=0.00, real=0.00 secs] 
2347.039: [GC (Allocation Failure) [PSYoungGen: 65005K->1453K(65536K)] 455269K->391733K(563712K), 0.0016255 secs] [Times: user=0.01 sys=0.00, real=0.00 secs] 
2347.150: [GC (Allocation Failure) [PSYoungGen: 64941K->1453K(65536K)] 455221K->391733K(563712K), 0.0016957 secs] [Times: user=0.01 sys=0.00, real=0.00 secs] 
2347.535: [GC (Allocation Failure) [PSYoungGen: 64941K->1440K(71168K)] 455221K->391720K(569344K), 0.0026893 secs] [Times: user=0.01 sys=0.00, real=0.00 secs] 
2348.043: [GC (Allocation Failure) [PSYoungGen: 71072K->1440K(70656K)] 461352K->391720K(568832K), 0.0020596 secs] [Times: user=0.00 sys=0.00, real=0.00 secs] 
2348.690: [GC (Allocation Failure) [PSYoungGen: 70560K->1344K(70144K)] 460840K->391624K(568320K), 0.0030483 secs] [Times: user=0.01 sys=0.00, real=0.00 secs] 
2349.400: [GC (Allocation Failure) [PSYoungGen: 69952K->1312K(69632K)] 460232K->391592K(567808K), 0.0025734 secs] [Times: user=0.01 sys=0.00, real=0.00 secs] 
2350.377: [GC (Allocation Failure) [PSYoungGen: 69408K->1440K(69120K)] 459688K->391720K(567296K), 0.0025878 secs] [Times: user=0.01 sys=0.00, real=0.00 secs] 
2350.554: [GC (Allocation Failure) [PSYoungGen: 69024K->1453K(68608K)] 459304K->391733K(566784K), 0.0017706 secs] [Times: user=0.01 sys=0.00, real=0.00 secs] 
2350.672: [GC (Allocation Failure) [PSYoungGen: 68525K->1485K(68096K)] 458805K->391781K(566272K), 0.0016670 secs] [Times: user=0.01 sys=0.00, real=0.01 secs] 
2350.806: [GC (Allocation Failure) [PSYoungGen: 68045K->1485K(67584K)] 458341K->391781K(565760K), 0.0018167 secs] [Times: user=0.01 sys=0.00, real=0.00 secs] 
2351.332: [GC (Allocation Failure) [PSYoungGen: 67533K->1408K(67072K)] 457829K->391704K(565248K), 0.0021539 secs] [Times: user=0.01 sys=0.00, real=0.01 secs] 
2352.487: [GC (Allocation Failure) [PSYoungGen: 66944K->1344K(66560K)] 457240K->391640K(564736K), 0.0030091 secs] [Times: user=0.02 sys=0.00, real=0.00 secs] 
2353.503: [GC (Allocation Failure) [PSYoungGen: 66368K->1344K(66048K)] 456664K->391640K(564224K), 0.0030002 secs] [Times: user=0.01 sys=0.00, real=0.01 secs] 
2354.118: [GC (Allocation Failure) [PSYoungGen: 65856K->1344K(65536K)] 456152K->391640K(563712K), 0.0025514 secs] [Times: user=0.01 sys=0.00, real=0.00 secs] 
2354.792: [GC (Allocation Failure) [PSYoungGen: 65344K->1405K(65024K)] 455640K->391701K(563200K), 0.0026275 secs] [Times: user=0.01 sys=0.00, real=0.01 secs] 
2354.946: [GC (Allocation Failure) [PSYoungGen: 64893K->1485K(64512K)] 455189K->391781K(562688K), 0.0016832 secs] [Times: user=0.01 sys=0.00, real=0.00 secs] 
2355.057: [GC (Allocation Failure) [PSYoungGen: 64461K->1517K(64000K)] 454757K->391813K(562176K), 0.0015671 secs] [Times: user=0.01 sys=0.00, real=0.00 secs] 
2355.167: [GC (Allocation Failure) [PSYoungGen: 63981K->1485K(63488K)] 454277K->391797K(561664K), 0.0016861 secs] [Times: user=0.01 sys=0.00, real=0.00 secs] 
2355.293: [GC (Allocation Failure) [PSYoungGen: 63437K->1453K(64000K)] 453749K->391765K(562176K), 0.0019667 secs] [Times: user=0.01 sys=0.00, real=0.01 secs] 
2355.816: [GC (Allocation Failure) [PSYoungGen: 63405K->1408K(62976K)] 453717K->391736K(561152K), 0.0021597 secs] [Times: user=0.01 sys=0.00, real=0.00 secs] 
2356.224: [GC (Allocation Failure) [PSYoungGen: 62848K->1360K(62464K)] 453176K->391688K(560640K), 0.0022859 secs] [Times: user=0.01 sys=0.00, real=0.00 secs] 
2356.799: [GC (Allocation Failure) [PSYoungGen: 62288K->1344K(61952K)] 452616K->391672K(560128K), 0.0023853 secs] [Times: user=0.01 sys=0.01, real=0.00 secs] 
2357.296: [GC (Allocation Failure) [PSYoungGen: 61760K->1344K(61440K)] 452088K->391672K(559616K), 0.0026611 secs] [Times: user=0.01 sys=0.00, real=0.00 secs] 
2357.857: [GC (Allocation Failure) [PSYoungGen: 61217K->1389K(60928K)] 451545K->391717K(559104K), 0.0024789 secs] [Times: user=0.01 sys=0.00, real=0.00 secs] 
2358.001: [GC (Allocation Failure) [PSYoungGen: 60781K->1421K(60416K)] 451109K->391749K(558592K), 0.0018046 secs] [Times: user=0.01 sys=0.00, real=0.00 secs] 
2358.106: [GC (Allocation Failure) [PSYoungGen: 60301K->1488K(59904K)] 450629K->391832K(558080K), 0.0016036 secs] [Times: user=0.01 sys=0.00, real=0.00 secs] 
2358.209: [GC (Allocation Failure) [PSYoungGen: 59856K->1453K(60416K)] 450200K->391797K(558592K), 0.0016675 secs] [Times: user=0.00 sys=0.00, real=0.00 secs] 
2358.312: [GC (Allocation Failure) [PSYoungGen: 59821K->1424K(60416K)] 450165K->391768K(558592K), 0.0016087 secs] [Times: user=0.01 sys=0.00, real=0.01 secs] 
2359.184: [GC (Allocation Failure) [PSYoungGen: 59792K->1408K(59392K)] 450136K->391752K(557568K), 0.0024160 secs] [Times: user=0.01 sys=0.00, real=0.00 secs] 
2359.714: [GC (Allocation Failure) [PSYoungGen: 59264K->1408K(59392K)] 449608K->391752K(557568K), 0.0039328 secs] [Times: user=0.01 sys=0.00, real=0.00 secs] 
2360.286: [GC (Allocation Failure) [PSYoungGen: 59264K->1376K(59392K)] 449608K->391720K(557568K), 0.0022468 secs] [Times: user=0.01 sys=0.00, real=0.00 secs] 
2360.911: [GC (Allocation Failure) [PSYoungGen: 59232K->1408K(59392K)] 449576K->391752K(557568K), 0.0030258 secs] [Times: user=0.01 sys=0.01, real=0.01 secs] 
2362.086: [GC (Allocation Failure) [PSYoungGen: 59264K->461K(58368K)] 449608K->391829K(556544K), 0.0036500 secs] [Times: user=0.01 sys=0.00, real=0.00 secs] 
2362.277: [GC (Allocation Failure) [PSYoungGen: 58317K->461K(59904K)] 449685K->391829K(558080K), 0.0019485 secs] [Times: user=0.01 sys=0.00, real=0.00 secs] 
2362.389: [GC (Allocation Failure) [PSYoungGen: 58317K->397K(58368K)] 449685K->391781K(556544K), 0.0016362 secs] [Times: user=0.00 sys=0.00, real=0.00 secs] 
2362.503: [GC (Allocation Failure) [PSYoungGen: 58253K->461K(62464K)] 449637K->391845K(560640K), 0.0018394 secs] [Times: user=0.01 sys=0.00, real=0.01 secs] 
2362.636: [GC (Allocation Failure) [PSYoungGen: 60877K->461K(65536K)] 452261K->391845K(563712K), 0.0019252 secs] [Times: user=0.01 sys=0.00, real=0.00 secs] 
2363.091: [GC (Allocation Failure) [PSYoungGen: 63949K->1424K(65536K)] 455333K->392808K(563712K), 0.0057738 secs] [Times: user=0.03 sys=0.00, real=0.01 secs] 
2363.732: [GC (Allocation Failure) [PSYoungGen: 64912K->1408K(64512K)] 456296K->392792K(562688K), 0.0020929 secs] [Times: user=0.01 sys=0.00, real=0.01 secs] 
2364.238: [GC (Allocation Failure) [PSYoungGen: 64384K->1392K(64000K)] 455768K->392776K(562176K), 0.0022562 secs] [Times: user=0.00 sys=0.00, real=0.00 secs] 
2364.837: [GC (Allocation Failure) [PSYoungGen: 63856K->1376K(63488K)] 455240K->392760K(561664K), 0.0030524 secs] [Times: user=0.01 sys=0.00, real=0.00 secs] 
2365.337: [GC (Allocation Failure) [PSYoungGen: 63328K->1517K(62976K)] 454712K->392901K(561152K), 0.0023676 secs] [Times: user=0.01 sys=0.00, real=0.00 secs] 
2365.501: [GC (Allocation Failure) [PSYoungGen: 62957K->1437K(62464K)] 454341K->392821K(560640K), 0.0020799 secs] [Times: user=0.01 sys=0.00, real=0.01 secs] 
2365.649: [GC (Allocation Failure) [PSYoungGen: 62365K->1533K(61952K)] 453749K->392941K(560128K), 0.0018210 secs] [Times: user=0.01 sys=0.00, real=0.00 secs] 
2365.757: [GC (Allocation Failure) [PSYoungGen: 61949K->1424K(68096K)] 453357K->392832K(566272K), 0.0016335 secs] [Times: user=0.00 sys=0.00, real=0.00 secs] 
2365.961: [GC (Allocation Failure) [PSYoungGen: 66960K->1600K(68096K)] 458368K->393008K(566272K), 0.0020261 secs] [Times: user=0.01 sys=0.00, real=0.00 secs] 
2366.616: [GC (Allocation Failure) [PSYoungGen: 67136K->1408K(66560K)] 458544K->392816K(564736K), 0.0031329 secs] [Times: user=0.01 sys=0.00, real=0.00 secs] 
2367.190: [GC (Allocation Failure) [PSYoungGen: 66432K->1440K(66048K)] 457840K->392848K(564224K), 0.0031927 secs] [Times: user=0.02 sys=0.00, real=0.01 secs] 
2367.722: [GC (Allocation Failure) [PSYoungGen: 65952K->1344K(65536K)] 457360K->392752K(563712K), 0.0028119 secs] [Times: user=0.01 sys=0.00, real=0.01 secs] 
2368.261: [GC (Allocation Failure) [PSYoungGen: 65344K->1392K(65024K)] 456752K->392800K(563200K), 0.0029156 secs] [Times: user=0.01 sys=0.00, real=0.01 secs] 
2368.696: [GC (Allocation Failure) [PSYoungGen: 64880K->1453K(64512K)] 456288K->392869K(562688K), 0.0021059 secs] [Times: user=0.01 sys=0.00, real=0.00 secs] 
2368.830: [GC (Allocation Failure) [PSYoungGen: 64429K->1501K(64000K)] 455845K->392917K(562176K), 0.0016281 secs] [Times: user=0.01 sys=0.00, real=0.00 secs] 
2368.941: [GC (Allocation Failure) [PSYoungGen: 63965K->1453K(63488K)] 455381K->392885K(561664K), 0.0018011 secs] [Times: user=0.01 sys=0.00, real=0.00 secs] 
2369.052: [GC (Allocation Failure) [PSYoungGen: 63405K->1517K(70144K)] 454837K->392949K(568320K), 0.0014933 secs] [Times: user=0.01 sys=0.00, real=0.01 secs] 
2369.677: [GC (Allocation Failure) [PSYoungGen: 69613K->1424K(69120K)] 461045K->392856K(567296K), 0.0027118 secs] [Times: user=0.01 sys=0.00, real=0.00 secs] 
2370.263: [GC (Allocation Failure) [PSYoungGen: 69008K->1344K(68608K)] 460440K->392776K(566784K), 0.0024443 secs] [Times: user=0.01 sys=0.00, real=0.00 secs] 
2370.889: [GC (Allocation Failure) [PSYoungGen: 68416K->1376K(68096K)] 459848K->392808K(566272K), 0.0025058 secs] [Times: user=0.01 sys=0.00, real=0.00 secs] 
2371.466: [GC (Allocation Failure) [PSYoungGen: 67936K->1344K(67584K)] 459368K->392776K(565760K), 0.0026817 secs] [Times: user=0.01 sys=0.00, real=0.00 secs] 
2371.990: [GC (Allocation Failure) [PSYoungGen: 67392K->1485K(67072K)] 458824K->392917K(565248K), 0.0021121 secs] [Times: user=0.01 sys=0.00, real=0.00 secs] 
2372.113: [GC (Allocation Failure) [PSYoungGen: 67021K->1517K(66560K)] 458453K->392949K(564736K), 0.0017281 secs] [Times: user=0.01 sys=0.00, real=0.01 secs] 
2372.227: [GC (Allocation Failure) [PSYoungGen: 66541K->1485K(66048K)] 457973K->392933K(564224K), 0.0020191 secs] [Times: user=0.00 sys=0.00, real=0.00 secs] 
2372.342: [GC (Allocation Failure) [PSYoungGen: 65997K->1485K(66560K)] 457445K->392933K(564736K), 0.0015624 secs] [Times: user=0.00 sys=0.00, real=0.01 secs] 
2372.776: [GC (Allocation Failure) [PSYoungGen: 65997K->1472K(65536K)] 457445K->392920K(563712K), 0.0018607 secs] [Times: user=0.01 sys=0.00, real=0.00 secs] 
2373.319: [GC (Allocation Failure) [PSYoungGen: 65472K->1456K(65024K)] 456920K->392904K(563200K), 0.0025182 secs] [Times: user=0.01 sys=0.00, real=0.00 secs] 
2374.170: [GC (Allocation Failure) [PSYoungGen: 64944K->1440K(64512K)] 456392K->392888K(562688K), 0.0022982 secs] [Times: user=0.01 sys=0.00, real=0.00 secs] 
2374.662: [GC (Allocation Failure) [PSYoungGen: 64416K->1376K(64000K)] 455864K->392840K(562176K), 0.0022546 secs] [Times: user=0.01 sys=0.00, real=0.01 secs] 
2375.472: [GC (Allocation Failure) [PSYoungGen: 63840K->1424K(63488K)] 455304K->392888K(561664K), 0.0039477 secs] [Times: user=0.01 sys=0.00, real=0.01 secs] 
2375.693: [GC (Allocation Failure) [PSYoungGen: 63376K->1517K(62976K)] 454840K->392981K(561152K), 0.0021722 secs] [Times: user=0.01 sys=0.00, real=0.01 secs] 
2375.813: [GC (Allocation Failure) [PSYoungGen: 62957K->1485K(62464K)] 454421K->392949K(560640K), 0.0016482 secs] [Times: user=0.01 sys=0.00, real=0.01 secs] 
2375.920: [GC (Allocation Failure) [PSYoungGen: 62413K->1552K(68608K)] 453877K->393024K(566784K), 0.0017351 secs] [Times: user=0.01 sys=0.00, real=0.00 secs] 
2376.038: [GC (Allocation Failure) [PSYoungGen: 68112K->432K(68608K)] 459584K->392928K(566784K), 0.0015587 secs] [Times: user=0.00 sys=0.00, real=0.00 secs] 
2376.401: [GC (Allocation Failure) [PSYoungGen: 68016K->1424K(68608K)] 460512K->393920K(566784K), 0.0019730 secs] [Times: user=0.01 sys=0.00, real=0.01 secs] 
2376.680: [GC (Allocation Failure) [PSYoungGen: 68496K->1408K(68096K)] 460992K->393904K(566272K), 0.0019279 secs] [Times: user=0.00 sys=0.00, real=0.00 secs] 
2376.957: [GC (Allocation Failure) [PSYoungGen: 67968K->1376K(67584K)] 460464K->393872K(565760K), 0.0020826 secs] [Times: user=0.01 sys=0.00, real=0.00 secs] 
2377.232: [GC (Allocation Failure) [PSYoungGen: 67424K->1376K(67072K)] 459920K->393872K(565248K), 0.0020365 secs] [Times: user=0.00 sys=0.00, real=0.01 secs] 
2377.472: [GC (Allocation Failure) [PSYoungGen: 66912K->1469K(66560K)] 459408K->393965K(564736K), 0.0016309 secs] [Times: user=0.01 sys=0.00, real=0.01 secs] 
2377.586: [GC (Allocation Failure) [PSYoungGen: 66493K->1453K(66048K)] 458989K->393949K(564224K), 0.0017146 secs] [Times: user=0.01 sys=0.00, real=0.00 secs] 
2377.700: [GC (Allocation Failure) [PSYoungGen: 65941K->1456K(66560K)] 458437K->393960K(564736K), 0.0016581 secs] [Times: user=0.01 sys=0.00, real=0.00 secs] 
2377.814: [GC (Allocation Failure) [PSYoungGen: 65968K->1565K(73216K)] 458472K->394069K(571392K), 0.0016359 secs] [Times: user=0.00 sys=0.00, real=0.00 secs] 
2378.683: [GC (Allocation Failure) [PSYoungGen: 72733K->1472K(72192K)] 465237K->393976K(570368K), 0.0020343 secs] [Times: user=0.01 sys=0.00, real=0.01 secs] 
2379.375: [GC (Allocation Failure) [PSYoungGen: 72128K->1376K(71680K)] 464632K->393880K(569856K), 0.0024325 secs] [Times: user=0.01 sys=0.00, real=0.00 secs] 
2379.898: [GC (Allocation Failure) [PSYoungGen: 71520K->1344K(71168K)] 464024K->393848K(569344K), 0.0021946 secs] [Times: user=0.01 sys=0.00, real=0.00 secs] 
2380.274: [GC (Allocation Failure) [PSYoungGen: 70976K->1344K(70656K)] 463480K->393848K(568832K), 0.0022349 secs] [Times: user=0.01 sys=0.00, real=0.00 secs] 
2380.654: [GC (Allocation Failure) [PSYoungGen: 70464K->1424K(70144K)] 462968K->393928K(568320K), 0.0017228 secs] [Times: user=0.01 sys=0.00, real=0.00 secs] 
2380.774: [GC (Allocation Failure) [PSYoungGen: 70032K->1517K(69632K)] 462536K->394021K(567808K), 0.0018791 secs] [Times: user=0.00 sys=0.00, real=0.00 secs] 
2380.894: [GC (GCLocker Initiated GC) [PSYoungGen: 69613K->1488K(69120K)] 462117K->393992K(567296K), 0.0018246 secs] [Times: user=0.00 sys=0.00, real=0.00 secs] 
2381.014: [GC (Allocation Failure) [PSYoungGen: 69072K->1392K(69632K)] 461642K->393970K(567808K), 0.0016151 secs] [Times: user=0.01 sys=0.00, real=0.00 secs] 
2381.730: [GC (Allocation Failure) [PSYoungGen: 68976K->1440K(68608K)] 461554K->394018K(566784K), 0.0021936 secs] [Times: user=0.01 sys=0.00, real=0.00 secs] 
2382.399: [GC (Allocation Failure) [PSYoungGen: 68512K->1344K(68096K)] 461090K->393922K(566272K), 0.0023530 secs] [Times: user=0.00 sys=0.00, real=0.00 secs] 
2382.676: [GC (Allocation Failure) [PSYoungGen: 67904K->1376K(67584K)] 460482K->393954K(565760K), 0.0022604 secs] [Times: user=0.01 sys=0.00, real=0.00 secs] 
2382.951: [GC (Allocation Failure) [PSYoungGen: 67424K->1408K(67072K)] 460002K->393986K(565248K), 0.0022096 secs] [Times: user=0.01 sys=0.00, real=0.01 secs] 
2383.182: [GC (Allocation Failure) [PSYoungGen: 66944K->1440K(66560K)] 459522K->394018K(564736K), 0.0016998 secs] [Times: user=0.00 sys=0.00, real=0.01 secs] 
2383.297: [GC (Allocation Failure) [PSYoungGen: 66464K->1520K(66048K)] 459042K->394098K(564224K), 0.0016820 secs] [Times: user=0.01 sys=0.00, real=0.00 secs] 
2383.411: [GC (Allocation Failure) [PSYoungGen: 66032K->1517K(66560K)] 458610K->394096K(564736K), 0.0016122 secs] [Times: user=0.01 sys=0.00, real=0.00 secs] 
2383.524: [GC (Allocation Failure) [PSYoungGen: 66029K->1501K(73216K)] 458608K->394104K(571392K), 0.0023723 secs] [Times: user=0.01 sys=0.00, real=0.00 secs] 
2383.897: [GC (Allocation Failure) [PSYoungGen: 72669K->1424K(73216K)] 465272K->394026K(571392K), 0.0023535 secs] [Times: user=0.00 sys=0.01, real=0.00 secs] 
2384.194: [GC (Allocation Failure) [PSYoungGen: 72592K->1408K(79360K)] 465194K->394010K(577536K), 0.0019567 secs] [Times: user=0.01 sys=0.00, real=0.00 secs] 
2384.751: [GC (Allocation Failure) [PSYoungGen: 79232K->1408K(78848K)] 471834K->394010K(577024K), 0.0019824 secs] [Times: user=0.01 sys=0.00, real=0.01 secs] 
2385.345: [GC (Allocation Failure) [PSYoungGen: 78544K->256K(78336K)] 471147K->392866K(576512K), 0.0021182 secs] [Times: user=0.00 sys=0.00, real=0.00 secs] 
2385.494: [GC (Allocation Failure) [PSYoungGen: 77056K->1549K(78336K)] 469666K->394160K(576512K), 0.0017199 secs] [Times: user=0.01 sys=0.00, real=0.00 secs] 
2385.628: [GC (Allocation Failure) [PSYoungGen: 77837K->1504K(77312K)] 470448K->394114K(575488K), 0.0015025 secs] [Times: user=0.00 sys=0.00, real=0.00 secs] 
2385.761: [GC (Allocation Failure) [PSYoungGen: 77280K->1453K(76800K)] 469890K->394072K(574976K), 0.0015811 secs] [Times: user=0.01 sys=0.00, real=0.00 secs] 
2386.166: [GC (Allocation Failure) [PSYoungGen: 76717K->1408K(76288K)] 469336K->394042K(574464K), 0.0019589 secs] [Times: user=0.00 sys=0.00, real=0.00 secs] 
2386.717: [GC (Allocation Failure) [PSYoungGen: 76160K->1344K(75776K)] 468794K->393978K(573952K), 0.0023866 secs] [Times: user=0.01 sys=0.01, real=0.00 secs] 
2387.378: [GC (Allocation Failure) [PSYoungGen: 75584K->1376K(75264K)] 468218K->394010K(573440K), 0.0025017 secs] [Times: user=0.01 sys=0.00, real=0.00 secs] 
2388.086: [GC (Allocation Failure) [PSYoungGen: 75104K->1344K(74752K)] 467738K->393978K(572928K), 0.0027453 secs] [Times: user=0.01 sys=0.00, real=0.00 secs] 
2388.391: [GC (Allocation Failure) [PSYoungGen: 74560K->1469K(74240K)] 467194K->394104K(572416K), 0.0016107 secs] [Times: user=0.01 sys=0.00, real=0.00 secs] 
2388.522: [GC (Allocation Failure) [PSYoungGen: 74173K->1485K(73728K)] 466808K->394120K(571904K), 0.0015877 secs] [Times: user=0.01 sys=0.00, real=0.01 secs] 
2388.677: [GC (Allocation Failure) [PSYoungGen: 73677K->1453K(73216K)] 466312K->394088K(571392K), 0.0020853 secs] [Times: user=0.01 sys=0.00, real=0.00 secs] 
2389.047: [GC (Allocation Failure) [PSYoungGen: 73133K->1440K(72704K)] 465768K->394074K(570880K), 0.0026172 secs] [Times: user=0.01 sys=0.00, real=0.00 secs] 
2389.661: [GC (Allocation Failure) [PSYoungGen: 72608K->1344K(72192K)] 465242K->393978K(570368K), 0.0022750 secs] [Times: user=0.01 sys=0.00, real=0.01 secs] 
2390.379: [GC (Allocation Failure) [PSYoungGen: 72000K->1344K(71680K)] 464634K->393978K(569856K), 0.0023665 secs] [Times: user=0.01 sys=0.00, real=0.00 secs] 
2391.230: [GC (Allocation Failure) [PSYoungGen: 71488K->1344K(71168K)] 464122K->393978K(569344K), 0.0025516 secs] [Times: user=0.01 sys=0.00, real=0.00 secs] 
2391.943: [GC (Allocation Failure) [PSYoungGen: 70976K->1405K(70656K)] 463610K->394040K(568832K), 0.0026631 secs] [Times: user=0.01 sys=0.00, real=0.01 secs] 
2392.111: [GC (Allocation Failure) [PSYoungGen: 70525K->1485K(71168K)] 463160K->394120K(569344K), 0.0056448 secs] [Times: user=0.01 sys=0.00, real=0.01 secs] 
2392.240: [GC (Allocation Failure) [PSYoungGen: 71117K->1517K(71680K)] 463752K->394152K(569856K), 0.0016023 secs] [Times: user=0.01 sys=0.00, real=0.00 secs] 
2392.364: [GC (Allocation Failure) [PSYoungGen: 71149K->1469K(79360K)] 463784K->394104K(577536K), 0.0016884 secs] [Times: user=0.01 sys=0.00, real=0.00 secs] 
2393.240: [GC (Allocation Failure) [PSYoungGen: 78781K->1456K(79360K)] 471416K->394090K(577536K), 0.0023956 secs] [Times: user=0.01 sys=0.01, real=0.00 secs] 
2393.874: [GC (Allocation Failure) [PSYoungGen: 78768K->1408K(78336K)] 471402K->394042K(576512K), 0.0021611 secs] [Times: user=0.01 sys=0.00, real=0.00 secs] 
2395.267: [GC (Allocation Failure) [PSYoungGen: 78208K->1440K(77824K)] 470842K->394074K(576000K), 0.0023508 secs] [Times: user=0.00 sys=0.01, real=0.00 secs] 
2396.283: [GC (Allocation Failure) [PSYoungGen: 77728K->1344K(77312K)] 470362K->393978K(575488K), 0.0040296 secs] [Times: user=0.01 sys=0.00, real=0.01 secs] 
2396.645: [GC (Allocation Failure) [PSYoungGen: 77120K->1584K(77312K)] 469754K->394234K(575488K), 0.0022446 secs] [Times: user=0.01 sys=0.00, real=0.00 secs] 
2396.783: [GC (Allocation Failure) [PSYoungGen: 76848K->461K(75264K)] 469498K->394136K(573440K), 0.0016440 secs] [Times: user=0.00 sys=0.00, real=0.01 secs] 
2396.915: [GC (Allocation Failure) [PSYoungGen: 75213K->461K(76288K)] 468888K->394136K(574464K), 0.0016406 secs] [Times: user=0.00 sys=0.00, real=0.00 secs] 
2397.235: [GC (Allocation Failure) [PSYoungGen: 74701K->1440K(75264K)] 468376K->395114K(573440K), 0.0024015 secs] [Times: user=0.01 sys=0.00, real=0.00 secs] 
2397.543: [GC (Allocation Failure) [PSYoungGen: 75168K->1440K(74752K)] 468842K->395114K(572928K), 0.0021693 secs] [Times: user=0.01 sys=0.00, real=0.01 secs] 
2397.847: [GC (Allocation Failure) [PSYoungGen: 74656K->1376K(74240K)] 468330K->395050K(572416K), 0.0025777 secs] [Times: user=0.01 sys=0.00, real=0.00 secs] 
2398.269: [GC (Allocation Failure) [PSYoungGen: 74080K->1376K(73728K)] 467754K->395050K(571904K), 0.0024360 secs] [Times: user=0.01 sys=0.00, real=0.00 secs] 
2398.519: [GC (Allocation Failure) [PSYoungGen: 73568K->1437K(73216K)] 467242K->395112K(571392K), 0.0015195 secs] [Times: user=0.00 sys=0.00, real=0.00 secs] 
2398.645: [GC (Allocation Failure) [PSYoungGen: 73117K->1485K(72704K)] 466792K->395160K(570880K), 0.0017794 secs] [Times: user=0.01 sys=0.00, real=0.00 secs] 
2398.775: [GC (Allocation Failure) [PSYoungGen: 72653K->1517K(72192K)] 466328K->395192K(570368K), 0.0014649 secs] [Times: user=0.00 sys=0.00, real=0.00 secs] 
2398.930: [GC (Allocation Failure) [PSYoungGen: 72173K->1472K(78848K)] 465848K->395146K(577024K), 0.0021338 secs] [Times: user=0.01 sys=0.00, real=0.00 secs] 
2401.087: [GC (Allocation Failure) [PSYoungGen: 78784K->1360K(78336K)] 472458K->395034K(576512K), 0.0040628 secs] [Times: user=0.02 sys=0.00, real=0.00 secs] 
2401.794: [GC (Allocation Failure) [PSYoungGen: 78160K->1376K(77824K)] 471834K->395050K(576000K), 0.0022550 secs] [Times: user=0.00 sys=0.00, real=0.00 secs] 
2402.164: [GC (Allocation Failure) [PSYoungGen: 77664K->1376K(77312K)] 471338K->395050K(575488K), 0.0020987 secs] [Times: user=0.01 sys=0.00, real=0.00 secs] 
2402.484: [GC (Allocation Failure) [PSYoungGen: 77152K->1389K(76800K)] 470826K->395064K(574976K), 0.0016780 secs] [Times: user=0.01 sys=0.00, real=0.00 secs] 
2402.617: [GC (Allocation Failure) [PSYoungGen: 76653K->1485K(76288K)] 470328K->395160K(574464K), 0.0015280 secs] [Times: user=0.00 sys=0.00, real=0.00 secs] 
2402.751: [GC (Allocation Failure) [PSYoungGen: 76237K->1453K(75776K)] 469912K->395128K(573952K), 0.0016676 secs] [Times: user=0.00 sys=0.00, real=0.00 secs] 
2402.884: [GC (Allocation Failure) [PSYoungGen: 75693K->1453K(75264K)] 469368K->395128K(573440K), 0.0016149 secs] [Times: user=0.00 sys=0.00, real=0.00 secs] 
2403.278: [GC (Allocation Failure) [PSYoungGen: 75181K->1408K(74752K)] 468856K->395098K(572928K), 0.0021361 secs] [Times: user=0.01 sys=0.00, real=0.00 secs] 
2403.583: [GC (Allocation Failure) [PSYoungGen: 74624K->1344K(74240K)] 468314K->395034K(572416K), 0.0019765 secs] [Times: user=0.01 sys=0.00, real=0.01 secs] 
2404.036: [GC (Allocation Failure) [PSYoungGen: 74048K->1360K(73728K)] 467738K->395050K(571904K), 0.0021260 secs] [Times: user=0.01 sys=0.00, real=0.00 secs] 
2404.489: [GC (Allocation Failure) [PSYoungGen: 73552K->1421K(73216K)] 467242K->395112K(571392K), 0.0022448 secs] [Times: user=0.01 sys=0.00, real=0.00 secs] 
2404.634: [GC (Allocation Failure) [PSYoungGen: 73101K->1485K(72704K)] 466792K->395184K(570880K), 0.0017929 secs] [Times: user=0.01 sys=0.00, real=0.00 secs] 
2404.760: [GC (Allocation Failure) [PSYoungGen: 72653K->1485K(72192K)] 466352K->395184K(570368K), 0.0016494 secs] [Times: user=0.01 sys=0.00, real=0.00 secs] 
2404.884: [GC (Allocation Failure) [PSYoungGen: 72141K->1485K(73216K)] 465840K->395184K(571392K), 0.0018009 secs] [Times: user=0.01 sys=0.00, real=0.00 secs] 
2405.461: [GC (Allocation Failure) [PSYoungGen: 72653K->1488K(72192K)] 466352K->395186K(570368K), 0.0024214 secs] [Times: user=0.01 sys=0.00, real=0.01 secs] 
2407.054: [GC (Allocation Failure) [PSYoungGen: 72144K->1344K(71680K)] 465842K->395050K(569856K), 0.0034723 secs] [Times: user=0.01 sys=0.00, real=0.00 secs] 
2407.717: [GC (Allocation Failure) [PSYoungGen: 71488K->1376K(71168K)] 465194K->395082K(569344K), 0.0024534 secs] [Times: user=0.01 sys=0.00, real=0.00 secs] 
2408.505: [GC (Allocation Failure) [PSYoungGen: 71008K->1408K(70656K)] 464714K->395114K(568832K), 0.0027317 secs] [Times: user=0.01 sys=0.00, real=0.00 secs] 
2409.202: [GC (Allocation Failure) [PSYoungGen: 70528K->1453K(70144K)] 464234K->395160K(568320K), 0.0024158 secs] [Times: user=0.01 sys=0.00, real=0.01 secs] 
2409.406: [GC (Allocation Failure) [PSYoungGen: 70061K->1437K(69632K)] 463768K->395144K(567808K), 0.0022415 secs] [Times: user=0.01 sys=0.00, real=0.00 secs] 
2409.563: [GC (Allocation Failure) [PSYoungGen: 69533K->1517K(69120K)] 463240K->395224K(567296K), 0.0019212 secs] [Times: user=0.01 sys=0.00, real=0.01 secs] 
2409.686: [GC (Allocation Failure) [PSYoungGen: 69101K->1485K(68608K)] 462808K->395192K(566784K), 0.0015374 secs] [Times: user=0.01 sys=0.00, real=0.00 secs] 
2410.869: [GC (Allocation Failure) [PSYoungGen: 68557K->1392K(68096K)] 462264K->395098K(566272K), 0.0043049 secs] [Times: user=0.01 sys=0.00, real=0.00 secs] 
2411.856: [GC (Allocation Failure) [PSYoungGen: 67952K->1344K(67584K)] 461658K->395050K(565760K), 0.0039785 secs] [Times: user=0.01 sys=0.00, real=0.00 secs] 
2413.221: [GC (Allocation Failure) [PSYoungGen: 67392K->1376K(67072K)] 461098K->395082K(565248K), 0.0031940 secs] [Times: user=0.02 sys=0.00, real=0.01 secs] 
2414.220: [GC (Allocation Failure) [PSYoungGen: 66912K->1344K(66560K)] 460618K->395050K(564736K), 0.0031283 secs] [Times: user=0.01 sys=0.00, real=0.01 secs] 
2414.751: [GC (Allocation Failure) [PSYoungGen: 66368K->1421K(66048K)] 460074K->395128K(564224K), 0.0023354 secs] [Times: user=0.01 sys=0.00, real=0.01 secs] 
2414.898: [GC (Allocation Failure) [PSYoungGen: 65933K->1456K(65536K)] 459640K->395162K(563712K), 0.0016758 secs] [Times: user=0.00 sys=0.00, real=0.00 secs] 
2415.011: [GC (Allocation Failure) [PSYoungGen: 65456K->1485K(65024K)] 459162K->395192K(563200K), 0.0015919 secs] [Times: user=0.00 sys=0.00, real=0.00 secs] 
2415.122: [GC (Allocation Failure) [PSYoungGen: 64973K->1520K(64512K)] 458680K->395234K(562688K), 0.0017858 secs] [Times: user=0.01 sys=0.00, real=0.01 secs] 
2415.769: [GC (Allocation Failure) [PSYoungGen: 64496K->1440K(64000K)] 458210K->395162K(562176K), 0.0023145 secs] [Times: user=0.01 sys=0.00, real=0.00 secs] 
2416.071: [GC (Allocation Failure) [PSYoungGen: 63904K->1376K(63488K)] 457626K->395098K(561664K), 0.0022037 secs] [Times: user=0.01 sys=0.00, real=0.00 secs] 
2416.329: [GC (Allocation Failure) [PSYoungGen: 63328K->1376K(62976K)] 457050K->395114K(561152K), 0.0020902 secs] [Times: user=0.01 sys=0.00, real=0.00 secs] 
2416.584: [GC (Allocation Failure) [PSYoungGen: 62816K->1376K(62464K)] 456554K->395122K(560640K), 0.0020408 secs] [Times: user=0.00 sys=0.00, real=0.00 secs] 
2416.837: [GC (Allocation Failure) [PSYoungGen: 62304K->1376K(61952K)] 456050K->395122K(560128K), 0.0019431 secs] [Times: user=0.00 sys=0.00, real=0.00 secs] 
2417.098: [GC (Allocation Failure) [PSYoungGen: 61792K->1453K(61440K)] 455538K->395200K(559616K), 0.0016581 secs] [Times: user=0.01 sys=0.00, real=0.00 secs] 
2417.203: [GC (Allocation Failure) [PSYoungGen: 61357K->1456K(60928K)] 455104K->395202K(559104K), 0.0016013 secs] [Times: user=0.01 sys=0.00, real=0.00 secs] 
2417.308: [GC (Allocation Failure) [PSYoungGen: 60848K->1453K(67584K)] 454594K->395208K(565760K), 0.0017644 secs] [Times: user=0.01 sys=0.00, real=0.00 secs] 
2417.423: [GC (Allocation Failure) [PSYoungGen: 66974K->1456K(67584K)] 460729K->395210K(565760K), 0.0017016 secs] [Times: user=0.01 sys=0.00, real=0.01 secs] 
2418.331: [GC (Allocation Failure) [PSYoungGen: 66992K->1392K(66560K)] 460746K->395146K(564736K), 0.0023795 secs] [Times: user=0.01 sys=0.00, real=0.01 secs] 
2419.004: [GC (Allocation Failure) [PSYoungGen: 66416K->1376K(66048K)] 460170K->395130K(564224K), 0.0031959 secs] [Times: user=0.01 sys=0.00, real=0.00 secs] 
2419.332: [GC (Allocation Failure) [PSYoungGen: 65888K->1328K(66560K)] 459642K->395082K(564736K), 0.0055951 secs] [Times: user=0.02 sys=0.00, real=0.01 secs] 
2419.611: [GC (Allocation Failure) [PSYoungGen: 65840K->1408K(65536K)] 459594K->395162K(563712K), 0.0021264 secs] [Times: user=0.01 sys=0.00, real=0.00 secs] 
2420.054: [GC (Allocation Failure) [PSYoungGen: 65408K->1437K(65024K)] 459162K->395192K(563200K), 0.0020730 secs] [Times: user=0.00 sys=0.00, real=0.00 secs] 
2420.178: [GC (Allocation Failure) [PSYoungGen: 64925K->509K(63488K)] 458680K->395288K(561664K), 0.0016258 secs] [Times: user=0.01 sys=0.00, real=0.00 secs] 
2420.288: [GC (Allocation Failure) [PSYoungGen: 63485K->493K(71168K)] 458264K->395280K(569344K), 0.0016412 secs] [Times: user=0.01 sys=0.00, real=0.00 secs] 
2420.429: [GC (Allocation Failure) [PSYoungGen: 69613K->429K(71680K)] 464400K->395216K(569856K), 0.0018891 secs] [Times: user=0.01 sys=0.00, real=0.00 secs] 
2421.388: [GC (Allocation Failure) [PSYoungGen: 70061K->1408K(70656K)] 464848K->396194K(568832K), 0.0029196 secs] [Times: user=0.01 sys=0.00, real=0.00 secs] 
2421.836: [GC (Allocation Failure) [PSYoungGen: 70528K->1376K(70144K)] 465314K->396162K(568320K), 0.0020871 secs] [Times: user=0.01 sys=0.00, real=0.00 secs] 
2422.158: [GC (Allocation Failure) [PSYoungGen: 69984K->1344K(69632K)] 464770K->396130K(567808K), 0.0020650 secs] [Times: user=0.00 sys=0.00, real=0.00 secs] 
2422.524: [GC (Allocation Failure) [PSYoungGen: 69440K->1376K(69120K)] 464226K->396162K(567296K), 0.0020986 secs] [Times: user=0.01 sys=0.00, real=0.00 secs] 
2422.893: [GC (Allocation Failure) [PSYoungGen: 68960K->1373K(68608K)] 463746K->396160K(566784K), 0.0020446 secs] [Times: user=0.01 sys=0.00, real=0.01 secs] 
2423.018: [GC (Allocation Failure) [PSYoungGen: 68445K->1456K(68096K)] 463232K->396242K(566272K), 0.0016871 secs] [Times: user=0.01 sys=0.00, real=0.00 secs] 
2423.135: [GC (Allocation Failure) [PSYoungGen: 68016K->1485K(67584K)] 462802K->396272K(565760K), 0.0017147 secs] [Times: user=0.01 sys=0.00, real=0.00 secs] 
2423.268: [GC (Allocation Failure) [PSYoungGen: 67533K->1488K(68096K)] 462320K->396291K(566272K), 0.0020189 secs] [Times: user=0.01 sys=0.00, real=0.00 secs] 
2423.580: [GC (Allocation Failure) [PSYoungGen: 67536K->1424K(67072K)] 462339K->396250K(565248K), 0.0021971 secs] [Times: user=0.01 sys=0.00, real=0.00 secs] 
2423.886: [GC (Allocation Failure) [PSYoungGen: 66960K->1376K(66560K)] 461786K->396202K(564736K), 0.0021959 secs] [Times: user=0.00 sys=0.00, real=0.00 secs] 
2424.157: [GC (Allocation Failure) [PSYoungGen: 66400K->1344K(66048K)] 461226K->396170K(564224K), 0.0020416 secs] [Times: user=0.01 sys=0.00, real=0.00 secs] 
2424.425: [GC (Allocation Failure) [PSYoungGen: 65856K->1376K(65536K)] 460682K->396202K(563712K), 0.0021918 secs] [Times: user=0.01 sys=0.00, real=0.00 secs] 
2424.771: [GC (Allocation Failure) [PSYoungGen: 65277K->224K(64000K)] 460104K->395050K(562176K), 0.0021772 secs] [Times: user=0.01 sys=0.00, real=0.00 secs] 
2424.900: [GC (Allocation Failure) [PSYoungGen: 63712K->1488K(64512K)] 458538K->396314K(562688K), 0.0018040 secs] [Times: user=0.01 sys=0.00, real=0.00 secs] 
2425.013: [GC (Allocation Failure) [PSYoungGen: 64464K->1520K(65024K)] 459290K->396347K(563200K), 0.0016282 secs] [Times: user=0.00 sys=0.00, real=0.01 secs] 
2425.125: [GC (Allocation Failure) [PSYoungGen: 64496K->1485K(71168K)] 459323K->396320K(569344K), 0.0017355 secs] [Times: user=0.00 sys=0.00, real=0.00 secs] 
2425.248: [GC (Allocation Failure) [PSYoungGen: 70605K->1488K(71168K)] 465440K->396323K(569344K), 0.0013834 secs] [Times: user=0.00 sys=0.00, real=0.00 secs] 
2425.980: [GC (Allocation Failure) [PSYoungGen: 70608K->1472K(70144K)] 465443K->396306K(568320K), 0.0021496 secs] [Times: user=0.01 sys=0.00, real=0.00 secs] 
2426.583: [GC (Allocation Failure) [PSYoungGen: 70080K->1456K(69632K)] 464914K->396290K(567808K), 0.0051483 secs] [Times: user=0.02 sys=0.01, real=0.00 secs] 
2427.155: [GC (Allocation Failure) [PSYoungGen: 69552K->1344K(69120K)] 464386K->396178K(567296K), 0.0021811 secs] [Times: user=0.01 sys=0.00, real=0.00 secs] 
2427.728: [GC (Allocation Failure) [PSYoungGen: 68928K->1344K(68608K)] 463762K->396178K(566784K), 0.0022433 secs] [Times: user=0.00 sys=0.00, real=0.00 secs] 
2428.002: [GC (Allocation Failure) [PSYoungGen: 68416K->1456K(68096K)] 463250K->396290K(566272K), 0.0015787 secs] [Times: user=0.01 sys=0.00, real=0.01 secs] 
2428.137: [GC (Allocation Failure) [PSYoungGen: 68016K->1469K(67584K)] 462850K->396304K(565760K), 0.0018862 secs] [Times: user=0.01 sys=0.00, real=0.00 secs] 
2428.287: [GC (Allocation Failure) [PSYoungGen: 67517K->1485K(67072K)] 462352K->396328K(565248K), 0.0021341 secs] [Times: user=0.01 sys=0.00, real=0.00 secs] 
2428.456: [GC (Allocation Failure) [PSYoungGen: 67021K->1485K(73728K)] 461864K->396336K(571904K), 0.0021413 secs] [Times: user=0.01 sys=0.00, real=0.00 secs] 
2428.839: [GC (Allocation Failure) [PSYoungGen: 73677K->1408K(73216K)] 468528K->396258K(571392K), 0.0022224 secs] [Times: user=0.01 sys=0.00, real=0.00 secs] 
2429.137: [GC (Allocation Failure) [PSYoungGen: 73088K->1312K(72704K)] 467938K->396162K(570880K), 0.0021116 secs] [Times: user=0.00 sys=0.00, real=0.00 secs] 
2429.556: [GC (Allocation Failure) [PSYoungGen: 72480K->1376K(72192K)] 467330K->396226K(570368K), 0.0025488 secs] [Times: user=0.01 sys=0.00, real=0.00 secs] 
2429.904: [GC (Allocation Failure) [PSYoungGen: 72032K->1421K(71680K)] 466882K->396272K(569856K), 0.0019928 secs] [Times: user=0.00 sys=0.00, real=0.00 secs] 
2430.042: [GC (Allocation Failure) [PSYoungGen: 71565K->1517K(71168K)] 466416K->396368K(569344K), 0.0017469 secs] [Times: user=0.01 sys=0.00, real=0.01 secs] 
2430.166: [GC (Allocation Failure) [PSYoungGen: 71149K->1453K(70656K)] 466000K->396304K(568832K), 0.0017912 secs] [Times: user=0.01 sys=0.00, real=0.00 secs] 
2430.289: [GC (Allocation Failure) [PSYoungGen: 70573K->1453K(71168K)] 465424K->396304K(569344K), 0.0015945 secs] [Times: user=0.01 sys=0.00, real=0.00 secs] 
2431.356: [GC (Allocation Failure) [PSYoungGen: 70573K->1392K(70144K)] 465424K->396242K(568320K), 0.0038927 secs] [Times: user=0.01 sys=0.00, real=0.00 secs] 
2432.250: [GC (Allocation Failure) [PSYoungGen: 70000K->1312K(69632K)] 464850K->396162K(567808K), 0.0033810 secs] [Times: user=0.01 sys=0.00, real=0.01 secs] 
2432.807: [GC (Allocation Failure) [PSYoungGen: 69408K->1328K(69120K)] 464258K->396178K(567296K), 0.0026364 secs] [Times: user=0.01 sys=0.00, real=0.00 secs] 
2433.123: [GC (Allocation Failure) [PSYoungGen: 68912K->1344K(68608K)] 463762K->396194K(566784K), 0.0019030 secs] [Times: user=0.00 sys=0.00, real=0.00 secs] 
2433.421: [GC (Allocation Failure) [PSYoungGen: 68416K->1437K(68096K)] 463266K->396288K(566272K), 0.0017248 secs] [Times: user=0.01 sys=0.00, real=0.00 secs] 
2433.539: [GC (Allocation Failure) [PSYoungGen: 67997K->1453K(67584K)] 462848K->396304K(565760K), 0.0017830 secs] [Times: user=0.01 sys=0.00, real=0.00 secs] 
2433.656: [GC (Allocation Failure) [PSYoungGen: 67501K->1485K(67072K)] 462352K->396336K(565248K), 0.0017439 secs] [Times: user=0.01 sys=0.00, real=0.00 secs] 
2433.772: [GC (Allocation Failure) [PSYoungGen: 67021K->1485K(67584K)] 461872K->396360K(565760K), 0.0016851 secs] [Times: user=0.01 sys=0.00, real=0.01 secs] 
2434.531: [GC (Allocation Failure) [PSYoungGen: 67021K->1408K(66560K)] 461896K->396282K(564736K), 0.0027663 secs] [Times: user=0.01 sys=0.00, real=0.01 secs] 
2435.144: [GC (Allocation Failure) [PSYoungGen: 66432K->1344K(66048K)] 461306K->396218K(564224K), 0.0034427 secs] [Times: user=0.01 sys=0.00, real=0.00 secs] 
2435.720: [GC (Allocation Failure) [PSYoungGen: 65856K->1328K(65536K)] 460730K->396202K(563712K), 0.0028542 secs] [Times: user=0.01 sys=0.00, real=0.00 secs] 
2436.413: [GC (Allocation Failure) [PSYoungGen: 65328K->1360K(65024K)] 460202K->396234K(563200K), 0.0028662 secs] [Times: user=0.01 sys=0.00, real=0.01 secs] 
2436.922: [GC (Allocation Failure) [PSYoungGen: 64848K->1344K(64512K)] 459722K->396218K(562688K), 0.0039207 secs] [Times: user=0.01 sys=0.00, real=0.01 secs] 
2437.151: [GC (Allocation Failure) [PSYoungGen: 64320K->1453K(64000K)] 459194K->396328K(562176K), 0.0021551 secs] [Times: user=0.01 sys=0.00, real=0.00 secs] 
2437.268: [GC (Allocation Failure) [PSYoungGen: 63917K->1485K(63488K)] 458792K->396360K(561664K), 0.0016359 secs] [Times: user=0.01 sys=0.00, real=0.00 secs] 
2437.377: [GC (Allocation Failure) [PSYoungGen: 63437K->1456K(64000K)] 458312K->396338K(562176K), 0.0016745 secs] [Times: user=0.01 sys=0.00, real=0.00 secs] 
2437.485: [GC (Allocation Failure) [PSYoungGen: 63408K->1485K(64000K)] 458290K->396368K(562176K), 0.0016091 secs] [Times: user=0.00 sys=0.00, real=0.00 secs] 
2438.043: [GC (Allocation Failure) [PSYoungGen: 63437K->1424K(62976K)] 458320K->396306K(561152K), 0.0023483 secs] [Times: user=0.01 sys=0.00, real=0.01 secs] 
2438.631: [GC (Allocation Failure) [PSYoungGen: 62864K->1328K(62464K)] 457746K->396210K(560640K), 0.0026182 secs] [Times: user=0.01 sys=0.00, real=0.01 secs] 
2439.363: [GC (Allocation Failure) [PSYoungGen: 62256K->1344K(61952K)] 457138K->396226K(560128K), 0.0040788 secs] [Times: user=0.02 sys=0.00, real=0.01 secs] 
2440.168: [GC (Allocation Failure) [PSYoungGen: 61760K->1376K(61440K)] 456642K->396258K(559616K), 0.0034455 secs] [Times: user=0.01 sys=0.00, real=0.00 secs] 
2440.932: [GC (Allocation Failure) [PSYoungGen: 61280K->1437K(60928K)] 456162K->396320K(559104K), 0.0034746 secs] [Times: user=0.02 sys=0.00, real=0.01 secs] 
2441.123: [GC (Allocation Failure) [PSYoungGen: 60829K->1485K(60416K)] 455712K->396368K(558592K), 0.0021689 secs] [Times: user=0.01 sys=0.00, real=0.00 secs] 
2441.235: [GC (Allocation Failure) [PSYoungGen: 60365K->1488K(59904K)] 455248K->396387K(558080K), 0.0015692 secs] [Times: user=0.00 sys=0.00, real=0.00 secs] 
2441.340: [GC (Allocation Failure) [PSYoungGen: 59856K->1469K(65536K)] 454755K->396368K(563712K), 0.0017028 secs] [Times: user=0.01 sys=0.00, real=0.00 secs] 
2441.453: [GC (Allocation Failure) [PSYoungGen: 65454K->1488K(66048K)] 460353K->396387K(564224K), 0.0016983 secs] [Times: user=0.01 sys=0.00, real=0.01 secs] 
2442.562: [GC (Allocation Failure) [PSYoungGen: 66000K->1376K(65536K)] 460899K->396274K(563712K), 0.0028804 secs] [Times: user=0.02 sys=0.00, real=0.01 secs] 
2442.850: [GC (Allocation Failure) [PSYoungGen: 65376K->1376K(65024K)] 460274K->396274K(563200K), 0.0025384 secs] [Times: user=0.01 sys=0.00, real=0.00 secs] 
2443.411: [GC (Allocation Failure) [PSYoungGen: 64864K->1344K(64512K)] 459762K->396242K(562688K), 0.0025283 secs] [Times: user=0.01 sys=0.00, real=0.01 secs] 
2443.912: [GC (Allocation Failure) [PSYoungGen: 64320K->1344K(64000K)] 459218K->396242K(562176K), 0.0033279 secs] [Times: user=0.01 sys=0.00, real=0.01 secs] 
2444.290: [GC (Allocation Failure) [PSYoungGen: 63808K->1421K(63488K)] 458706K->396320K(561664K), 0.0024188 secs] [Times: user=0.01 sys=0.00, real=0.00 secs] 
2444.434: [GC (Allocation Failure) [PSYoungGen: 63373K->1485K(62976K)] 458272K->396384K(561152K), 0.0017561 secs] [Times: user=0.00 sys=0.00, real=0.00 secs] 
2444.542: [GC (Allocation Failure) [PSYoungGen: 62925K->1456K(63488K)] 457824K->396371K(561664K), 0.0016866 secs] [Times: user=0.01 sys=0.00, real=0.01 secs] 
2444.650: [GC (Allocation Failure) [PSYoungGen: 62896K->1469K(69120K)] 457811K->396408K(567296K), 0.0016341 secs] [Times: user=0.01 sys=0.00, real=0.00 secs] 
2444.946: [GC (Allocation Failure) [PSYoungGen: 68541K->1408K(69120K)] 463480K->396346K(567296K), 0.0019127 secs] [Times: user=0.01 sys=0.00, real=0.00 secs] 
2445.224: [GC (Allocation Failure) [PSYoungGen: 68480K->1408K(68096K)] 463418K->396346K(566272K), 0.0020491 secs] [Times: user=0.01 sys=0.00, real=0.00 secs] 
2445.551: [GC (Allocation Failure) [PSYoungGen: 67968K->1408K(67584K)] 462906K->396346K(565760K), 0.0021423 secs] [Times: user=0.01 sys=0.00, real=0.00 secs] 
2446.031: [GC (Allocation Failure) [PSYoungGen: 67456K->1376K(67072K)] 462394K->396314K(565248K), 0.0025520 secs] [Times: user=0.01 sys=0.00, real=0.01 secs] 
2446.654: [GC (Allocation Failure) [PSYoungGen: 66912K->1424K(66560K)] 461850K->396362K(564736K), 0.0026453 secs] [Times: user=0.02 sys=0.00, real=0.00 secs] 
2446.818: [GC (Allocation Failure) [PSYoungGen: 66448K->1485K(66048K)] 461386K->396424K(564224K), 0.0016937 secs] [Times: user=0.00 sys=0.00, real=0.00 secs] 
2446.931: [GC (Allocation Failure) [PSYoungGen: 65997K->1517K(65536K)] 460936K->396456K(563712K), 0.0016579 secs] [Times: user=0.00 sys=0.00, real=0.01 secs] 
2447.045: [GC (Allocation Failure) [PSYoungGen: 65517K->1488K(71680K)] 460456K->396443K(569856K), 0.0016301 secs] [Times: user=0.00 sys=0.00, real=0.00 secs] 
2447.283: [GC (Allocation Failure) [PSYoungGen: 71632K->1952K(71680K)] 466587K->396906K(569856K), 0.0020348 secs] [Times: user=0.01 sys=0.00, real=0.01 secs] 
2448.140: [GC (Allocation Failure) [PSYoungGen: 71584K->1344K(70656K)] 466538K->396298K(568832K), 0.0041894 secs] [Times: user=0.02 sys=0.00, real=0.01 secs] 
2448.946: [GC (Allocation Failure) [PSYoungGen: 70464K->1344K(70144K)] 465418K->396298K(568320K), 0.0030815 secs] [Times: user=0.01 sys=0.00, real=0.00 secs] 
2449.531: [GC (Allocation Failure) [PSYoungGen: 69952K->1344K(69632K)] 464906K->396298K(567808K), 0.0028059 secs] [Times: user=0.01 sys=0.00, real=0.01 secs] 
2450.024: [GC (Allocation Failure) [PSYoungGen: 69440K->1421K(69120K)] 464394K->396376K(567296K), 0.0024550 secs] [Times: user=0.01 sys=0.00, real=0.00 secs] 
2450.173: [GC (Allocation Failure) [PSYoungGen: 69005K->1453K(68608K)] 463960K->396408K(566784K), 0.0014791 secs] [Times: user=0.00 sys=0.00, real=0.01 secs] 
2450.296: [GC (Allocation Failure) [PSYoungGen: 68525K->1485K(68096K)] 463480K->396440K(566272K), 0.0017497 secs] [Times: user=0.01 sys=0.00, real=0.00 secs] 
2450.417: [GC (Allocation Failure) [PSYoungGen: 68045K->1488K(67584K)] 463000K->396450K(565760K), 0.0016626 secs] [Times: user=0.01 sys=0.00, real=0.00 secs] 
2450.905: [GC (Allocation Failure) [PSYoungGen: 67536K->1408K(67072K)] 462498K->396370K(565248K), 0.0047673 secs] [Times: user=0.01 sys=0.00, real=0.00 secs] 
2451.710: [GC (Allocation Failure) [PSYoungGen: 66944K->1344K(66560K)] 461906K->396306K(564736K), 0.0026947 secs] [Times: user=0.01 sys=0.00, real=0.00 secs] 
2452.411: [GC (Allocation Failure) [PSYoungGen: 66368K->1312K(66048K)] 461330K->396274K(564224K), 0.0029072 secs] [Times: user=0.01 sys=0.00, real=0.01 secs] 
2453.188: [GC (Allocation Failure) [PSYoungGen: 65824K->1344K(65536K)] 460786K->396306K(563712K), 0.0029238 secs] [Times: user=0.01 sys=0.00, real=0.00 secs] 
2453.678: [GC (Allocation Failure) [PSYoungGen: 65344K->1344K(65024K)] 460306K->396306K(563200K), 0.0029262 secs] [Times: user=0.01 sys=0.00, real=0.00 secs] 
2453.967: [GC (Allocation Failure) [PSYoungGen: 64832K->1485K(64512K)] 459794K->396448K(562688K), 0.0020611 secs] [Times: user=0.01 sys=0.00, real=0.00 secs] 
2454.086: [GC (Allocation Failure) [PSYoungGen: 64461K->1488K(64000K)] 459424K->396450K(562176K), 0.0017562 secs] [Times: user=0.01 sys=0.00, real=0.00 secs] 
2454.212: [GC (Allocation Failure) [PSYoungGen: 63952K->1517K(64512K)] 458914K->396488K(562688K), 0.0020945 secs] [Times: user=0.01 sys=0.00, real=0.01 secs] 
2454.366: [GC (Allocation Failure) [PSYoungGen: 64493K->1488K(65024K)] 459464K->396459K(563200K), 0.0020530 secs] [Times: user=0.00 sys=0.00, real=0.00 secs] 
2454.954: [GC (Allocation Failure) [PSYoungGen: 64464K->1456K(64000K)] 459435K->396434K(562176K), 0.0026409 secs] [Times: user=0.01 sys=0.00, real=0.00 secs] 
2455.613: [GC (Allocation Failure) [PSYoungGen: 63920K->1408K(63488K)] 458898K->396386K(561664K), 0.0027910 secs] [Times: user=0.01 sys=0.00, real=0.01 secs] 
2456.336: [GC (Allocation Failure) [PSYoungGen: 63360K->1344K(62976K)] 458338K->396322K(561152K), 0.0027564 secs] [Times: user=0.01 sys=0.00, real=0.00 secs] 
2457.074: [GC (Allocation Failure) [PSYoungGen: 62784K->1344K(62464K)] 457762K->396322K(560640K), 0.0030891 secs] [Times: user=0.02 sys=0.00, real=0.00 secs] 
2457.708: [GC (Allocation Failure) [PSYoungGen: 62272K->1405K(61952K)] 457250K->396384K(560128K), 0.0028612 secs] [Times: user=0.01 sys=0.00, real=0.00 secs] 
2457.878: [GC (Allocation Failure) [PSYoungGen: 61821K->1501K(61440K)] 456800K->396480K(559616K), 0.0038197 secs] [Times: user=0.01 sys=0.00, real=0.00 secs] 
2457.986: [GC (Allocation Failure) [PSYoungGen: 61405K->1453K(67584K)] 456384K->396448K(565760K), 0.0016133 secs] [Times: user=0.01 sys=0.00, real=0.00 secs] 
2458.102: [GC (Allocation Failure) [PSYoungGen: 67501K->1552K(68096K)] 462496K->396547K(566272K), 0.0020690 secs] [Times: user=0.01 sys=0.00, real=0.01 secs] 
2458.281: [GC (Allocation Failure) [PSYoungGen: 67600K->1696K(75264K)] 462595K->396690K(573440K), 0.0020243 secs] [Times: user=0.01 sys=0.00, real=0.00 secs] 
2459.237: [GC (Allocation Failure) [PSYoungGen: 74912K->1344K(75264K)] 469906K->396338K(573440K), 0.0037726 secs] [Times: user=0.01 sys=0.00, real=0.00 secs] 
2459.596: [GC (Allocation Failure) [PSYoungGen: 74560K->1376K(74240K)] 469554K->396370K(572416K), 0.0027796 secs] [Times: user=0.01 sys=0.00, real=0.00 secs] 
2459.960: [GC (Allocation Failure) [PSYoungGen: 74080K->1392K(73728K)] 469074K->396386K(571904K), 0.0028566 secs] [Times: user=0.01 sys=0.01, real=0.01 secs] 
2460.553: [GC (Allocation Failure) [PSYoungGen: 73584K->1424K(73216K)] 468578K->396418K(571392K), 0.0018296 secs] [Times: user=0.01 sys=0.00, real=0.00 secs] 
2460.722: [GC (Allocation Failure) [PSYoungGen: 73104K->1453K(72704K)] 468098K->396448K(570880K), 0.0019824 secs] [Times: user=0.00 sys=0.00, real=0.01 secs] 
2460.881: [GC (Allocation Failure) [PSYoungGen: 72621K->1453K(72192K)] 467616K->396448K(570368K), 0.0020503 secs] [Times: user=0.01 sys=0.00, real=0.00 secs] 
2461.037: [GC (Allocation Failure) [PSYoungGen: 72109K->1533K(71680K)] 467104K->396536K(569856K), 0.0017919 secs] [Times: user=0.01 sys=0.00, real=0.00 secs] 
2461.293: [GC (Allocation Failure) [PSYoungGen: 71677K->1456K(78848K)] 466680K->396458K(577024K), 0.0031538 secs] [Times: user=0.01 sys=0.00, real=0.01 secs] 
2461.616: [GC (Allocation Failure) [PSYoungGen: 78768K->1376K(78336K)] 473770K->396378K(576512K), 0.0020690 secs] [Times: user=0.01 sys=0.00, real=0.00 secs] 
2461.935: [GC (Allocation Failure) [PSYoungGen: 78176K->1376K(77824K)] 473178K->396378K(576000K), 0.0021484 secs] [Times: user=0.01 sys=0.00, real=0.00 secs] 
2462.252: [GC (Allocation Failure) [PSYoungGen: 77664K->1344K(77312K)] 472666K->396346K(575488K), 0.0022759 secs] [Times: user=0.01 sys=0.00, real=0.01 secs] 
2462.460: [GC (Allocation Failure) [PSYoungGen: 77120K->1485K(76800K)] 472122K->396488K(574976K), 0.0016781 secs] [Times: user=0.01 sys=0.00, real=0.00 secs] 
2462.592: [GC (Allocation Failure) [PSYoungGen: 76749K->1549K(76800K)] 471752K->396552K(574976K), 0.0016924 secs] [Times: user=0.01 sys=0.00, real=0.01 secs] 
2462.723: [GC (Allocation Failure) [PSYoungGen: 76301K->1485K(75776K)] 471304K->396488K(573952K), 0.0014611 secs] [Times: user=0.00 sys=0.00, real=0.01 secs] 
2463.510: [GC (Allocation Failure) [PSYoungGen: 75725K->1424K(75264K)] 470728K->396426K(573440K), 0.0027198 secs] [Times: user=0.00 sys=0.01, real=0.00 secs] 
2464.200: [GC (Allocation Failure) [PSYoungGen: 75152K->1344K(74752K)] 470154K->396362K(572928K), 0.0023966 secs] [Times: user=0.01 sys=0.00, real=0.00 secs] 
2464.571: [GC (Allocation Failure) [PSYoungGen: 74560K->1376K(74240K)] 469578K->396394K(572416K), 0.0020761 secs] [Times: user=0.01 sys=0.00, real=0.01 secs] 
2464.984: [GC (Allocation Failure) [PSYoungGen: 74080K->1376K(73728K)] 469098K->396394K(571904K), 0.0023926 secs] [Times: user=0.01 sys=0.00, real=0.00 secs] 
2465.318: [GC (Allocation Failure) [PSYoungGen: 73568K->1421K(73216K)] 468586K->396440K(571392K), 0.0017279 secs] [Times: user=0.00 sys=0.00, real=0.00 secs] 
2465.444: [GC (Allocation Failure) [PSYoungGen: 73101K->1517K(72704K)] 468120K->396536K(570880K), 0.0016572 secs] [Times: user=0.01 sys=0.00, real=0.00 secs] 
2465.589: [GC (Allocation Failure) [PSYoungGen: 72685K->1453K(72192K)] 467704K->396472K(570368K), 0.0018995 secs] [Times: user=0.01 sys=0.00, real=0.00 secs] 
2465.745: [GC (Allocation Failure) [PSYoungGen: 72109K->1456K(71680K)] 467128K->396474K(569856K), 0.0016791 secs] [Times: user=0.00 sys=0.00, real=0.00 secs] 
2466.579: [GC (Allocation Failure) [PSYoungGen: 71600K->1376K(71168K)] 466618K->396394K(569344K), 0.0026880 secs] [Times: user=0.01 sys=0.00, real=0.00 secs] 
2467.450: [GC (Allocation Failure) [PSYoungGen: 71008K->1344K(70656K)] 466026K->396362K(568832K), 0.0032697 secs] [Times: user=0.01 sys=0.00, real=0.00 secs] 
2468.107: [GC (Allocation Failure) [PSYoungGen: 70464K->1344K(70144K)] 465482K->396362K(568320K), 0.0032276 secs] [Times: user=0.01 sys=0.00, real=0.00 secs] 
2468.976: [GC (Allocation Failure) [PSYoungGen: 69952K->1344K(69632K)] 464970K->396362K(567808K), 0.0030005 secs] [Times: user=0.01 sys=0.00, real=0.00 secs] 
2469.264: [GC (Allocation Failure) [PSYoungGen: 69440K->1485K(69120K)] 464458K->396504K(567296K), 0.0020894 secs] [Times: user=0.01 sys=0.00, real=0.00 secs] 
2469.386: [GC (Allocation Failure) [PSYoungGen: 69069K->1485K(68608K)] 464088K->396504K(566784K), 0.0016611 secs] [Times: user=0.01 sys=0.00, real=0.00 secs] 
2469.504: [GC (Allocation Failure) [PSYoungGen: 68529K->1456K(68096K)] 463547K->396474K(566272K), 0.0016708 secs] [Times: user=0.01 sys=0.00, real=0.00 secs] 
2469.782: [GC (Allocation Failure) [PSYoungGen: 68016K->1520K(67584K)] 463034K->396562K(565760K), 0.0021586 secs] [Times: user=0.01 sys=0.00, real=0.01 secs] 
2471.357: [GC (Allocation Failure) [PSYoungGen: 67568K->1376K(67072K)] 462610K->396418K(565248K), 0.0057027 secs] [Times: user=0.02 sys=0.00, real=0.00 secs] 
2472.142: [GC (Allocation Failure) [PSYoungGen: 66912K->1376K(66560K)] 461954K->396418K(564736K), 0.0034741 secs] [Times: user=0.01 sys=0.00, real=0.01 secs] 
2472.742: [GC (Allocation Failure) [PSYoungGen: 66400K->1376K(66048K)] 461442K->396418K(564224K), 0.0029284 secs] [Times: user=0.01 sys=0.00, real=0.01 secs] 
2473.633: [GC (Allocation Failure) [PSYoungGen: 65888K->1344K(65536K)] 460930K->396386K(563712K), 0.0026132 secs] [Times: user=0.01 sys=0.00, real=0.01 secs] 
2474.141: [GC (Allocation Failure) [PSYoungGen: 65344K->1456K(65024K)] 460386K->396498K(563200K), 0.0023961 secs] [Times: user=0.00 sys=0.00, real=0.01 secs] 
2474.276: [GC (Allocation Failure) [PSYoungGen: 64944K->1517K(64512K)] 459986K->396560K(562688K), 0.0016545 secs] [Times: user=0.01 sys=0.00, real=0.00 secs] 
2474.387: [GC (Allocation Failure) [PSYoungGen: 64493K->1453K(64000K)] 459536K->396496K(562176K), 0.0017347 secs] [Times: user=0.01 sys=0.00, real=0.00 secs] 
2474.497: [GC (Allocation Failure) [PSYoungGen: 63917K->1488K(64512K)] 458960K->396539K(562688K), 0.0016890 secs] [Times: user=0.01 sys=0.00, real=0.00 secs] 
2475.345: [GC (Allocation Failure) [PSYoungGen: 64464K->1408K(64000K)] 459515K->396458K(562176K), 0.0024207 secs] [Times: user=0.01 sys=0.01, real=0.00 secs] 
2476.233: [GC (Allocation Failure) [PSYoungGen: 63872K->1344K(63488K)] 458922K->396394K(561664K), 0.0039229 secs] [Times: user=0.02 sys=0.00, real=0.01 secs] 
2476.774: [GC (Allocation Failure) [PSYoungGen: 63296K->1344K(62976K)] 458346K->396410K(561152K), 0.0023811 secs] [Times: user=0.01 sys=0.00, real=0.00 secs] 
2477.036: [GC (Allocation Failure) [PSYoungGen: 62784K->1344K(62464K)] 457850K->396410K(560640K), 0.0024193 secs] [Times: user=0.01 sys=0.00, real=0.00 secs] 
2477.404: [GC (Allocation Failure) [PSYoungGen: 62272K->1424K(61952K)] 457338K->396491K(560128K), 0.0024051 secs] [Times: user=0.01 sys=0.00, real=0.00 secs] 
2477.540: [GC (Allocation Failure) [PSYoungGen: 61840K->1485K(61440K)] 456907K->396552K(559616K), 0.0018762 secs] [Times: user=0.00 sys=0.00, real=0.00 secs] 
2477.646: [GC (Allocation Failure) [PSYoungGen: 61389K->1453K(61952K)] 456456K->396536K(560128K), 0.0016345 secs] [Times: user=0.01 sys=0.00, real=0.00 secs] 
2477.751: [GC (Allocation Failure) [PSYoungGen: 61357K->1485K(67584K)] 456440K->396568K(565760K), 0.0016988 secs] [Times: user=0.01 sys=0.00, real=0.00 secs] 
2477.866: [GC (Allocation Failure) [PSYoungGen: 66992K->1485K(67584K)] 462075K->396568K(565760K), 0.0017837 secs] [Times: user=0.01 sys=0.00, real=0.00 secs] 
2478.415: [GC (Allocation Failure) [PSYoungGen: 67021K->1440K(73216K)] 462104K->396522K(571392K), 0.0020165 secs] [Times: user=0.01 sys=0.00, real=0.00 secs] 
2479.232: [GC (Allocation Failure) [PSYoungGen: 73120K->1376K(72704K)] 468202K->396458K(570880K), 0.0026386 secs] [Times: user=0.01 sys=0.00, real=0.01 secs] 
2479.855: [GC (Allocation Failure) [PSYoungGen: 72544K->1344K(72192K)] 467626K->396426K(570368K), 0.0024629 secs] [Times: user=0.01 sys=0.00, real=0.00 secs] 
2480.693: [GC (Allocation Failure) [PSYoungGen: 72000K->1344K(71680K)] 467082K->396426K(569856K), 0.0036670 secs] [Times: user=0.01 sys=0.00, real=0.00 secs] 
2481.055: [GC (Allocation Failure) [PSYoungGen: 71488K->1485K(71168K)] 466570K->396568K(569344K), 0.0020384 secs] [Times: user=0.00 sys=0.00, real=0.00 secs] 
2481.246: [GC (Allocation Failure) [PSYoungGen: 71117K->1453K(70656K)] 466200K->396536K(568832K), 0.0026101 secs] [Times: user=0.01 sys=0.00, real=0.00 secs] 
2481.405: [GC (Allocation Failure) [PSYoungGen: 70573K->1472K(71168K)] 465656K->396570K(569344K), 0.0094247 secs] [Times: user=0.05 sys=0.00, real=0.01 secs] 
2482.152: [GC (Allocation Failure) [PSYoungGen: 71104K->1408K(71680K)] 466202K->396506K(569856K), 0.0037521 secs] [Times: user=0.01 sys=0.00, real=0.01 secs] 
2483.438: [GC (Allocation Failure) [PSYoungGen: 71040K->1344K(78848K)] 466138K->396442K(577024K), 0.0036920 secs] [Times: user=0.01 sys=0.00, real=0.00 secs] 
2484.012: [GC (Allocation Failure) [PSYoungGen: 78656K->1440K(79872K)] 473754K->396538K(578048K), 0.0052325 secs] [Times: user=0.01 sys=0.02, real=0.01 secs] 
2484.566: [GC (Allocation Failure) [PSYoungGen: 79264K->1360K(78848K)] 474362K->396458K(577024K), 0.0021253 secs] [Times: user=0.01 sys=0.00, real=0.00 secs] 
2485.286: [GC (Allocation Failure) [PSYoungGen: 78672K->1504K(78336K)] 473770K->396602K(576512K), 0.0023626 secs] [Times: user=0.01 sys=0.00, real=0.00 secs] 
2485.441: [GC (Allocation Failure) [PSYoungGen: 78304K->1501K(77824K)] 473402K->396600K(576000K), 0.0015989 secs] [Times: user=0.01 sys=0.00, real=0.00 secs] 
2485.576: [GC (Allocation Failure) [PSYoungGen: 77789K->1517K(77312K)] 472888K->396616K(575488K), 0.0018083 secs] [Times: user=0.01 sys=0.00, real=0.00 secs] 
2485.744: [GC (Allocation Failure) [PSYoungGen: 77293K->1520K(84480K)] 472392K->396658K(582656K), 0.0018181 secs] [Times: user=0.01 sys=0.00, real=0.00 secs] 
2486.407: [GC (Allocation Failure) [PSYoungGen: 84464K->1376K(83968K)] 479602K->396530K(582144K), 0.0022972 secs] [Times: user=0.01 sys=0.00, real=0.00 secs] 
2486.750: [GC (Allocation Failure) [PSYoungGen: 83808K->1376K(83456K)] 478962K->396530K(581632K), 0.0021301 secs] [Times: user=0.01 sys=0.00, real=0.00 secs] 
2487.091: [GC (Allocation Failure) [PSYoungGen: 83296K->1344K(82944K)] 478450K->396498K(581120K), 0.0021456 secs] [Times: user=0.01 sys=0.00, real=0.00 secs] 
2487.398: [GC (Allocation Failure) [PSYoungGen: 82752K->1424K(82432K)] 477906K->396578K(580608K), 0.0016984 secs] [Times: user=0.00 sys=0.00, real=0.00 secs] 
2487.541: [GC (Allocation Failure) [PSYoungGen: 82320K->1517K(81920K)] 477474K->396672K(580096K), 0.0017909 secs] [Times: user=0.01 sys=0.00, real=0.01 secs] 
2487.682: [GC (Allocation Failure) [PSYoungGen: 81901K->1517K(81408K)] 477056K->396672K(579584K), 0.0015606 secs] [Times: user=0.01 sys=0.00, real=0.01 secs] 
2488.123: [GC (Allocation Failure) [PSYoungGen: 81389K->1392K(80896K)] 476544K->396546K(579072K), 0.0021083 secs] [Times: user=0.00 sys=0.00, real=0.00 secs] 
2488.883: [GC (Allocation Failure) [PSYoungGen: 80752K->1344K(80384K)] 475906K->396498K(578560K), 0.0021067 secs] [Times: user=0.01 sys=0.00, real=0.01 secs] 
2489.286: [GC (Allocation Failure) [PSYoungGen: 80192K->1344K(79872K)] 475346K->396498K(578048K), 0.0022244 secs] [Times: user=0.01 sys=0.00, real=0.00 secs] 
2489.612: [GC (Allocation Failure) [PSYoungGen: 79680K->1344K(79360K)] 474834K->396498K(577536K), 0.0021783 secs] [Times: user=0.01 sys=0.00, real=0.01 secs] 
2489.854: [GC (Allocation Failure) [PSYoungGen: 79168K->1472K(78848K)] 474322K->396626K(577024K), 0.0018031 secs] [Times: user=0.01 sys=0.00, real=0.00 secs] 
2489.991: [GC (Allocation Failure) [PSYoungGen: 78784K->1549K(78848K)] 473938K->396704K(577024K), 0.0017953 secs] [Times: user=0.01 sys=0.00, real=0.00 secs] 
2490.125: [GC (Allocation Failure) [PSYoungGen: 78349K->1453K(77824K)] 473504K->396608K(576000K), 0.0019312 secs] [Times: user=0.01 sys=0.00, real=0.00 secs] 
2490.574: [GC (Allocation Failure) [PSYoungGen: 77741K->1440K(77312K)] 472896K->396594K(575488K), 0.0019141 secs] [Times: user=0.01 sys=0.00, real=0.00 secs] 
2491.299: [GC (Allocation Failure) [PSYoungGen: 77216K->1376K(76800K)] 472370K->396530K(574976K), 0.0084572 secs] [Times: user=0.03 sys=0.00, real=0.01 secs] 
2491.864: [GC (Allocation Failure) [PSYoungGen: 76640K->1376K(76288K)] 471794K->396530K(574464K), 0.0020987 secs] [Times: user=0.01 sys=0.01, real=0.00 secs] 
2492.174: [GC (Allocation Failure) [PSYoungGen: 76128K->1344K(75776K)] 471282K->396498K(573952K), 0.0022401 secs] [Times: user=0.01 sys=0.00, real=0.00 secs] 
2492.404: [GC (Allocation Failure) [PSYoungGen: 75584K->1456K(75264K)] 470738K->396610K(573440K), 0.0016392 secs] [Times: user=0.00 sys=0.00, real=0.00 secs] 
2492.535: [GC (Allocation Failure) [PSYoungGen: 75184K->1517K(74752K)] 470338K->396672K(572928K), 0.0018316 secs] [Times: user=0.01 sys=0.00, real=0.00 secs] 
2492.664: [GC (Allocation Failure) [PSYoungGen: 74733K->1453K(74240K)] 469888K->396608K(572416K), 0.0015913 secs] [Times: user=0.00 sys=0.00, real=0.00 secs] 
2492.930: [GC (Allocation Failure) [PSYoungGen: 74157K->1440K(73728K)] 469312K->396594K(571904K), 0.0020659 secs] [Times: user=0.01 sys=0.00, real=0.00 secs] 
2493.561: [GC (Allocation Failure) [PSYoungGen: 73632K->1344K(73216K)] 468786K->396498K(571392K), 0.0022174 secs] [Times: user=0.01 sys=0.00, real=0.00 secs] 
2494.282: [GC (Allocation Failure) [PSYoungGen: 73024K->1344K(72704K)] 468178K->396506K(570880K), 0.0024400 secs] [Times: user=0.01 sys=0.00, real=0.01 secs] 
2494.882: [GC (Allocation Failure) [PSYoungGen: 72512K->1344K(72192K)] 467674K->396506K(570368K), 0.0025016 secs] [Times: user=0.01 sys=0.00, real=0.01 secs] 
2495.411: [GC (Allocation Failure) [PSYoungGen: 71991K->1421K(71680K)] 467154K->396584K(569856K), 0.0022283 secs] [Times: user=0.01 sys=0.00, real=0.00 secs] 
2495.553: [GC (Allocation Failure) [PSYoungGen: 71565K->1485K(71168K)] 466728K->396648K(569344K), 0.0018586 secs] [Times: user=0.01 sys=0.00, real=0.01 secs] 
2495.675: [GC (Allocation Failure) [PSYoungGen: 71117K->1488K(70656K)] 466280K->396651K(568832K), 0.0017647 secs] [Times: user=0.01 sys=0.00, real=0.00 secs] 
2495.798: [GC (Allocation Failure) [PSYoungGen: 70608K->1517K(70144K)] 465771K->396680K(568320K), 0.0015956 secs] [Times: user=0.00 sys=0.00, real=0.00 secs] 
2496.412: [GC (Allocation Failure) [PSYoungGen: 70125K->1424K(69632K)] 465288K->396594K(567808K), 0.0025111 secs] [Times: user=0.01 sys=0.00, real=0.01 secs] 
2497.114: [GC (Allocation Failure) [PSYoungGen: 69520K->1344K(69120K)] 464690K->396514K(567296K), 0.0022018 secs] [Times: user=0.01 sys=0.00, real=0.00 secs] 
2497.734: [GC (Allocation Failure) [PSYoungGen: 68928K->1344K(68608K)] 464098K->396514K(566784K), 0.0023961 secs] [Times: user=0.01 sys=0.00, real=0.00 secs] 
2498.172: [GC (Allocation Failure) [PSYoungGen: 68416K->1312K(68096K)] 463586K->396482K(566272K), 0.0022827 secs] [Times: user=0.01 sys=0.00, real=0.01 secs] 
2498.592: [GC (Allocation Failure) [PSYoungGen: 67872K->1421K(67584K)] 463042K->396592K(565760K), 0.0023183 secs] [Times: user=0.01 sys=0.00, real=0.01 secs] 
2498.755: [GC (Allocation Failure) [PSYoungGen: 67469K->1485K(67072K)] 462640K->396656K(565248K), 0.0022184 secs] [Times: user=0.01 sys=0.00, real=0.00 secs] 
2498.927: [GC (Allocation Failure) [PSYoungGen: 67021K->1517K(66560K)] 462192K->396688K(564736K), 0.0024590 secs] [Times: user=0.01 sys=0.01, real=0.00 secs] 
2499.085: [GC (Allocation Failure) [PSYoungGen: 66541K->1453K(66048K)] 461712K->396632K(564224K), 0.0016679 secs] [Times: user=0.00 sys=0.00, real=0.00 secs] 
2499.745: [GC (Allocation Failure) [PSYoungGen: 65965K->1408K(65536K)] 461144K->396586K(563712K), 0.0033350 secs] [Times: user=0.01 sys=0.00, real=0.00 secs] 
2500.356: [GC (Allocation Failure) [PSYoungGen: 65408K->1344K(65024K)] 460586K->396522K(563200K), 0.0024969 secs] [Times: user=0.01 sys=0.00, real=0.00 secs] 
2501.110: [GC (Allocation Failure) [PSYoungGen: 64832K->1344K(64512K)] 460010K->396522K(562688K), 0.0026855 secs] [Times: user=0.01 sys=0.00, real=0.00 secs] 
2501.726: [GC (Allocation Failure) [PSYoungGen: 64320K->1344K(64000K)] 459498K->396522K(562176K), 0.0026694 secs] [Times: user=0.01 sys=0.00, real=0.00 secs] 
2502.232: [GC (Allocation Failure) [PSYoungGen: 63808K->1453K(63488K)] 458986K->396632K(561664K), 0.0026810 secs] [Times: user=0.01 sys=0.00, real=0.01 secs] 
2502.394: [GC (Allocation Failure) [PSYoungGen: 63405K->1456K(62976K)] 458584K->396634K(561152K), 0.0016158 secs] [Times: user=0.01 sys=0.00, real=0.00 secs] 
2502.502: [GC (Allocation Failure) [PSYoungGen: 62896K->1485K(62464K)] 458074K->396664K(560640K), 0.0017241 secs] [Times: user=0.00 sys=0.00, real=0.01 secs] 
2502.610: [GC (Allocation Failure) [PSYoungGen: 62413K->1517K(62976K)] 457592K->396704K(561152K), 0.0016904 secs] [Times: user=0.01 sys=0.00, real=0.00 secs] 
2502.718: [GC (Allocation Failure) [PSYoungGen: 62957K->1485K(63488K)] 458144K->396672K(561664K), 0.0017211 secs] [Times: user=0.01 sys=0.00, real=0.00 secs] 
2502.990: [GC (Allocation Failure) [PSYoungGen: 62925K->1408K(69632K)] 458112K->396594K(567808K), 0.0015620 secs] [Times: user=0.00 sys=0.00, real=0.00 secs] 
2503.342: [GC (Allocation Failure) [PSYoungGen: 68992K->1408K(69632K)] 464178K->396594K(567808K), 0.0049089 secs] [Times: user=0.02 sys=0.00, real=0.01 secs] 
2503.872: [GC (Allocation Failure) [PSYoungGen: 68992K->1376K(68608K)] 464178K->396578K(566784K), 0.0021167 secs] [Times: user=0.01 sys=0.00, real=0.01 secs] 
2504.432: [GC (Allocation Failure) [PSYoungGen: 68448K->1376K(68096K)] 463650K->396578K(566272K), 0.0020944 secs] [Times: user=0.01 sys=0.00, real=0.01 secs] 
2504.857: [GC (Allocation Failure) [PSYoungGen: 67936K->1501K(67584K)] 463138K->396704K(565760K), 0.0020126 secs] [Times: user=0.01 sys=0.00, real=0.00 secs] 
2504.985: [GC (Allocation Failure) [PSYoungGen: 67549K->1533K(67072K)] 462752K->396736K(565248K), 0.0017472 secs] [Times: user=0.01 sys=0.00, real=0.00 secs] 
2505.101: [GC (Allocation Failure) [PSYoungGen: 67069K->1533K(66560K)] 462272K->396752K(564736K), 0.0016633 secs] [Times: user=0.01 sys=0.00, real=0.00 secs] 
2505.216: [GC (Allocation Failure) [PSYoungGen: 66557K->1549K(73728K)] 461776K->396768K(571904K), 0.0016106 secs] [Times: user=0.01 sys=0.00, real=0.00 secs] 
2506.027: [GC (Allocation Failure) [PSYoungGen: 73229K->1424K(72704K)] 468448K->396642K(570880K), 0.0023669 secs] [Times: user=0.01 sys=0.00, real=0.00 secs] 
2506.752: [GC (Allocation Failure) [PSYoungGen: 72592K->1376K(72192K)] 467810K->396594K(570368K), 0.0023408 secs] [Times: user=0.01 sys=0.00, real=0.01 secs] 
2507.509: [GC (Allocation Failure) [PSYoungGen: 72032K->1344K(71680K)] 467250K->396562K(569856K), 0.0024436 secs] [Times: user=0.01 sys=0.00, real=0.00 secs] 
2508.095: [GC (Allocation Failure) [PSYoungGen: 71488K->1344K(71168K)] 466706K->396562K(569344K), 0.0023780 secs] [Times: user=0.01 sys=0.00, real=0.00 secs] 
2508.441: [GC (Allocation Failure) [PSYoungGen: 70976K->1456K(70656K)] 466194K->396674K(568832K), 0.0020901 secs] [Times: user=0.01 sys=0.00, real=0.00 secs] 
2508.567: [GC (Allocation Failure) [PSYoungGen: 70576K->1488K(70144K)] 465794K->396706K(568320K), 0.0015909 secs] [Times: user=0.01 sys=0.00, real=0.00 secs] 
2508.688: [GC (Allocation Failure) [PSYoungGen: 70095K->1485K(69632K)] 465313K->396704K(567808K), 0.0016440 secs] [Times: user=0.00 sys=0.00, real=0.00 secs] 
2508.808: [GC (Allocation Failure) [PSYoungGen: 69581K->1488K(69120K)] 464800K->396715K(567296K), 0.0016776 secs] [Times: user=0.01 sys=0.00, real=0.00 secs] 
2509.761: [GC (Allocation Failure) [PSYoungGen: 69072K->1376K(68608K)] 464299K->396602K(566784K), 0.0023338 secs] [Times: user=0.01 sys=0.00, real=0.00 secs] 
2510.539: [GC (Allocation Failure) [PSYoungGen: 68448K->1344K(68096K)] 463674K->396570K(566272K), 0.0023135 secs] [Times: user=0.01 sys=0.00, real=0.00 secs] 
2511.037: [GC (Allocation Failure) [PSYoungGen: 67904K->1344K(67584K)] 463130K->396570K(565760K), 0.0024642 secs] [Times: user=0.01 sys=0.00, real=0.00 secs] 
2511.563: [GC (Allocation Failure) [PSYoungGen: 67392K->1344K(67072K)] 462618K->396578K(565248K), 0.0024035 secs] [Times: user=0.01 sys=0.00, real=0.01 secs] 
2511.825: [GC (Allocation Failure) [PSYoungGen: 66880K->1456K(66560K)] 462114K->396690K(564736K), 0.0015723 secs] [Times: user=0.01 sys=0.00, real=0.00 secs] 
2511.942: [GC (Allocation Failure) [PSYoungGen: 66480K->1485K(66048K)] 461714K->396720K(564224K), 0.0017596 secs] [Times: user=0.00 sys=0.00, real=0.01 secs] 
2512.056: [GC (Allocation Failure) [PSYoungGen: 65997K->1453K(65536K)] 461232K->396688K(563712K), 0.0017347 secs] [Times: user=0.01 sys=0.00, real=0.00 secs] 
2512.170: [GC (Allocation Failure) [PSYoungGen: 65453K->1453K(66048K)] 460688K->396696K(564224K), 0.0017593 secs] [Times: user=0.01 sys=0.00, real=0.00 secs] 
2512.988: [GC (Allocation Failure) [PSYoungGen: 65453K->1456K(65024K)] 460696K->396698K(563200K), 0.0020761 secs] [Times: user=0.00 sys=0.00, real=0.00 secs] 
2513.799: [GC (Allocation Failure) [PSYoungGen: 64944K->1376K(64512K)] 460186K->396618K(562688K), 0.0024577 secs] [Times: user=0.01 sys=0.00, real=0.00 secs] 
2514.273: [GC (Allocation Failure) [PSYoungGen: 64352K->1376K(64000K)] 459594K->396618K(562176K), 0.0020613 secs] [Times: user=0.01 sys=0.00, real=0.01 secs] 
2514.536: [GC (Allocation Failure) [PSYoungGen: 63840K->1376K(63488K)] 459082K->396634K(561664K), 0.0020562 secs] [Times: user=0.01 sys=0.00, real=0.00 secs] 
2514.869: [GC (Allocation Failure) [PSYoungGen: 63328K->1424K(62976K)] 458586K->396682K(561152K), 0.0019447 secs] [Times: user=0.01 sys=0.00, real=0.00 secs] 
2514.979: [GC (Allocation Failure) [PSYoungGen: 62864K->1517K(62464K)] 458122K->396776K(560640K), 0.0017323 secs] [Times: user=0.01 sys=0.00, real=0.00 secs] 
2515.087: [GC (Allocation Failure) [PSYoungGen: 62445K->1520K(68608K)] 457704K->396779K(566784K), 0.0016792 secs] [Times: user=0.00 sys=0.00, real=0.00 secs] 
2515.204: [GC (Allocation Failure) [PSYoungGen: 68568K->1456K(69120K)] 463826K->396723K(567296K), 0.0015083 secs] [Times: user=0.00 sys=0.00, real=0.00 secs] 
2515.539: [GC (Allocation Failure) [PSYoungGen: 68528K->1472K(68096K)] 463795K->396738K(566272K), 0.0018259 secs] [Times: user=0.01 sys=0.00, real=0.00 secs] 
2516.302: [GC (Allocation Failure) [PSYoungGen: 68032K->1360K(67584K)] 463298K->396626K(565760K), 0.0022808 secs] [Times: user=0.01 sys=0.00, real=0.01 secs] 
2516.683: [GC (Allocation Failure) [PSYoungGen: 67408K->1392K(67072K)] 462674K->396658K(565248K), 0.0021092 secs] [Times: user=0.01 sys=0.00, real=0.00 secs] 
2516.988: [GC (Allocation Failure) [PSYoungGen: 66928K->1376K(66560K)] 462194K->396642K(564736K), 0.0021305 secs] [Times: user=0.01 sys=0.00, real=0.00 secs] 
2517.554: [GC (Allocation Failure) [PSYoungGen: 66400K->1392K(66048K)] 461666K->396658K(564224K), 0.0024102 secs] [Times: user=0.01 sys=0.00, real=0.00 secs] 
2517.767: [GC (Allocation Failure) [PSYoungGen: 65904K->1501K(65536K)] 461170K->396768K(563712K), 0.0016691 secs] [Times: user=0.00 sys=0.00, real=0.00 secs] 
2517.881: [GC (Allocation Failure) [PSYoungGen: 65501K->1517K(65024K)] 460768K->396784K(563200K), 0.0016369 secs] [Times: user=0.01 sys=0.00, real=0.00 secs] 
2517.994: [GC (Allocation Failure) [PSYoungGen: 65005K->1565K(65024K)] 460272K->396848K(563200K), 0.0015895 secs] [Times: user=0.01 sys=0.00, real=0.00 secs] 
2518.105: [GC (Allocation Failure) [PSYoungGen: 64541K->525K(70656K)] 459824K->396832K(568832K), 0.0017840 secs] [Times: user=0.01 sys=0.00, real=0.00 secs] 
2518.888: [GC (Allocation Failure) [PSYoungGen: 70157K->1424K(70656K)] 466464K->397730K(568832K), 0.0020742 secs] [Times: user=0.01 sys=0.00, real=0.00 secs] 
2519.461: [GC (Allocation Failure) [PSYoungGen: 70544K->1360K(70144K)] 466850K->397666K(568320K), 0.0021778 secs] [Times: user=0.01 sys=0.00, real=0.01 secs] 
2520.089: [GC (Allocation Failure) [PSYoungGen: 69968K->1392K(69632K)] 466274K->397698K(567808K), 0.0021005 secs] [Times: user=0.00 sys=0.00, real=0.00 secs] 
2520.645: [GC (Allocation Failure) [PSYoungGen: 69488K->1376K(69120K)] 465794K->397682K(567296K), 0.0022197 secs] [Times: user=0.01 sys=0.00, real=0.00 secs] 
2520.883: [GC (Allocation Failure) [PSYoungGen: 68960K->1501K(68608K)] 465266K->397808K(566784K), 0.0018101 secs] [Times: user=0.01 sys=0.00, real=0.01 secs] 
2521.001: [GC (Allocation Failure) [PSYoungGen: 68573K->1485K(68096K)] 464880K->397792K(566272K), 0.0016510 secs] [Times: user=0.01 sys=0.00, real=0.00 secs] 
2521.118: [GC (Allocation Failure) [PSYoungGen: 68045K->1488K(67584K)] 464352K->397827K(565760K), 0.0016364 secs] [Times: user=0.00 sys=0.00, real=0.00 secs] 
2521.235: [GC (Allocation Failure) [PSYoungGen: 67536K->1488K(68096K)] 463875K->397827K(566272K), 0.0016890 secs] [Times: user=0.01 sys=0.00, real=0.00 secs] 
2522.202: [GC (Allocation Failure) [PSYoungGen: 67536K->1376K(67072K)] 463875K->397714K(565248K), 0.0029924 secs] [Times: user=0.01 sys=0.00, real=0.01 secs] 
2522.868: [GC (Allocation Failure) [PSYoungGen: 66912K->1344K(66560K)] 463250K->397682K(564736K), 0.0028500 secs] [Times: user=0.01 sys=0.00, real=0.00 secs] 
2523.464: [GC (Allocation Failure) [PSYoungGen: 66368K->1344K(66048K)] 462706K->397682K(564224K), 0.0029816 secs] [Times: user=0.01 sys=0.00, real=0.00 secs] 
2524.172: [GC (Allocation Failure) [PSYoungGen: 65856K->1312K(65536K)] 462194K->397650K(563712K), 0.0026173 secs] [Times: user=0.01 sys=0.00, real=0.01 secs] 
2524.585: [GC (Allocation Failure) [PSYoungGen: 65312K->1453K(65024K)] 461650K->397792K(563200K), 0.0020967 secs] [Times: user=0.01 sys=0.00, real=0.00 secs] 
2524.706: [GC (Allocation Failure) [PSYoungGen: 64941K->1421K(64512K)] 461280K->397760K(562688K), 0.0015746 secs] [Times: user=0.00 sys=0.00, real=0.00 secs] 
2524.816: [GC (Allocation Failure) [PSYoungGen: 64397K->1453K(64000K)] 460736K->397792K(562176K), 0.0016591 secs] [Times: user=0.00 sys=0.00, real=0.00 secs] 
2524.944: [GC (Allocation Failure) [PSYoungGen: 63917K->1453K(64512K)] 460256K->397808K(562688K), 0.0019384 secs] [Times: user=0.01 sys=0.00, real=0.00 secs] 
2525.315: [GC (Allocation Failure) [PSYoungGen: 63917K->1408K(63488K)] 460272K->397762K(561664K), 0.0021105 secs] [Times: user=0.01 sys=0.00, real=0.00 secs] 
2525.748: [GC (Allocation Failure) [PSYoungGen: 63360K->1376K(62976K)] 459714K->397730K(561152K), 0.0019238 secs] [Times: user=0.00 sys=0.00, real=0.00 secs] 
2526.249: [GC (Allocation Failure) [PSYoungGen: 62816K->1376K(62464K)] 459170K->397730K(560640K), 0.0020853 secs] [Times: user=0.01 sys=0.00, real=0.00 secs] 
2526.918: [GC (Allocation Failure) [PSYoungGen: 62304K->1344K(61952K)] 458658K->397698K(560128K), 0.0024172 secs] [Times: user=0.01 sys=0.00, real=0.00 secs] 
2527.647: [GC (Allocation Failure) [PSYoungGen: 61760K->1344K(61440K)] 458114K->397698K(559616K), 0.0024542 secs] [Times: user=0.01 sys=0.00, real=0.00 secs] 
2527.860: [GC (Allocation Failure) [PSYoungGen: 61225K->1453K(60928K)] 457580K->397808K(559104K), 0.0019599 secs] [Times: user=0.01 sys=0.00, real=0.00 secs] 
2527.965: [GC (Allocation Failure) [PSYoungGen: 60845K->1488K(60416K)] 457200K->397843K(558592K), 0.0017060 secs] [Times: user=0.00 sys=0.00, real=0.00 secs] 
2528.070: [GC (Allocation Failure) [PSYoungGen: 60368K->1485K(60928K)] 456723K->397856K(559104K), 0.0016287 secs] [Times: user=0.01 sys=0.00, real=0.00 secs] 
2528.175: [GC (Allocation Failure) [PSYoungGen: 60365K->1453K(60928K)] 456736K->397824K(559104K), 0.0016553 secs] [Times: user=0.00 sys=0.00, real=0.00 secs] 
2528.670: [GC (Allocation Failure) [PSYoungGen: 60333K->1440K(59904K)] 456704K->397810K(558080K), 0.0017839 secs] [Times: user=0.01 sys=0.00, real=0.00 secs] 
2529.125: [GC (Allocation Failure) [PSYoungGen: 59808K->1376K(59392K)] 456178K->397746K(557568K), 0.0020944 secs] [Times: user=0.01 sys=0.00, real=0.00 secs] 
2529.366: [GC (Allocation Failure) [PSYoungGen: 59232K->1376K(59392K)] 455602K->397746K(557568K), 0.0018802 secs] [Times: user=0.01 sys=0.00, real=0.00 secs] 
2529.752: [GC (Allocation Failure) [PSYoungGen: 59232K->1376K(59392K)] 455602K->397746K(557568K), 0.0023660 secs] [Times: user=0.01 sys=0.00, real=0.01 secs] 
2530.261: [GC (Allocation Failure) [PSYoungGen: 59232K->1376K(59392K)] 455602K->397746K(557568K), 0.0020654 secs] [Times: user=0.01 sys=0.00, real=0.01 secs] 
2530.532: [GC (Allocation Failure) [PSYoungGen: 59232K->1389K(59392K)] 455602K->397760K(557568K), 0.0017230 secs] [Times: user=0.01 sys=0.01, real=0.01 secs] 
2530.633: [GC (Allocation Failure) [PSYoungGen: 59245K->1485K(59392K)] 455616K->397864K(557568K), 0.0016429 secs] [Times: user=0.01 sys=0.00, real=0.00 secs] 
2530.735: [GC (Allocation Failure) [PSYoungGen: 59341K->1437K(63488K)] 455720K->397816K(561664K), 0.0016784 secs] [Times: user=0.01 sys=0.00, real=0.00 secs] 
2530.864: [GC (Allocation Failure) [PSYoungGen: 62877K->1501K(65536K)] 459256K->397880K(563712K), 0.0019816 secs] [Times: user=0.01 sys=0.00, real=0.00 secs] 
2531.105: [GC (Allocation Failure) [PSYoungGen: 64989K->1408K(65536K)] 461368K->397786K(563712K), 0.0021861 secs] [Times: user=0.00 sys=0.00, real=0.00 secs] 
2531.408: [GC (Allocation Failure) [PSYoungGen: 64896K->1376K(71168K)] 461274K->397762K(569344K), 0.0022463 secs] [Times: user=0.01 sys=0.00, real=0.00 secs] 
2531.724: [GC (Allocation Failure) [PSYoungGen: 71008K->1376K(70656K)] 467394K->397762K(568832K), 0.0026044 secs] [Times: user=0.01 sys=0.00, real=0.00 secs] 
2532.052: [GC (Allocation Failure) [PSYoungGen: 70496K->1376K(70144K)] 466882K->397762K(568320K), 0.0021061 secs] [Times: user=0.01 sys=0.00, real=0.01 secs] 
2532.369: [GC (Allocation Failure) [PSYoungGen: 69984K->1405K(69632K)] 466370K->397792K(567808K), 0.0022135 secs] [Times: user=0.01 sys=0.00, real=0.00 secs] 
2532.502: [GC (Allocation Failure) [PSYoungGen: 69501K->496K(68096K)] 465888K->397907K(566272K), 0.0016443 secs] [Times: user=0.01 sys=0.00, real=0.01 secs] 
2532.622: [GC (Allocation Failure) [PSYoungGen: 68080K->429K(69632K)] 465491K->397864K(567808K), 0.0016110 secs] [Times: user=0.01 sys=0.00, real=0.01 secs] 
2532.760: [GC (Allocation Failure) [PSYoungGen: 68013K->429K(76288K)] 465448K->397872K(574464K), 0.0019242 secs] [Times: user=0.01 sys=0.00, real=0.00 secs] 
2533.245: [GC (Allocation Failure) [PSYoungGen: 74669K->1424K(75264K)] 472112K->398866K(573440K), 0.0024126 secs] [Times: user=0.01 sys=0.00, real=0.00 secs] 
2533.877: [GC (Allocation Failure) [PSYoungGen: 75152K->1344K(74752K)] 472594K->398786K(572928K), 0.0039579 secs] [Times: user=0.02 sys=0.01, real=0.00 secs] 
2534.592: [GC (Allocation Failure) [PSYoungGen: 74560K->1344K(74240K)] 472002K->398786K(572416K), 0.0030633 secs] [Times: user=0.01 sys=0.00, real=0.01 secs] 
2535.143: [GC (Allocation Failure) [PSYoungGen: 74048K->1344K(73728K)] 471490K->398786K(571904K), 0.0026290 secs] [Times: user=0.01 sys=0.00, real=0.01 secs] 
2535.586: [GC (Allocation Failure) [PSYoungGen: 73536K->1421K(73216K)] 470978K->398864K(571392K), 0.0021215 secs] [Times: user=0.01 sys=0.00, real=0.00 secs] 
2535.719: [GC (Allocation Failure) [PSYoungGen: 73101K->1485K(72704K)] 470544K->398928K(570880K), 0.0015592 secs] [Times: user=0.00 sys=0.00, real=0.00 secs] 
2535.844: [GC (Allocation Failure) [PSYoungGen: 72653K->1485K(73216K)] 470096K->398928K(571392K), 0.0022823 secs] [Times: user=0.01 sys=0.00, real=0.00 secs] 
2535.970: [GC (Allocation Failure) [PSYoungGen: 72653K->1469K(79872K)] 470096K->398920K(578048K), 0.0016352 secs] [Times: user=0.01 sys=0.00, real=0.00 secs] 
2536.945: [GC (Allocation Failure) [PSYoungGen: 79293K->1472K(78848K)] 476744K->398922K(577024K), 0.0019711 secs] [Times: user=0.01 sys=0.00, real=0.00 secs] 
2537.591: [GC (Allocation Failure) [PSYoungGen: 78784K->1408K(78336K)] 476234K->398858K(576512K), 0.0022975 secs] [Times: user=0.01 sys=0.00, real=0.01 secs] 
2538.246: [GC (Allocation Failure) [PSYoungGen: 78208K->1344K(77824K)] 475658K->398794K(576000K), 0.0024643 secs] [Times: user=0.01 sys=0.00, real=0.00 secs] 
2538.738: [GC (Allocation Failure) [PSYoungGen: 77632K->1437K(77312K)] 475082K->398888K(575488K), 0.0023540 secs] [Times: user=0.01 sys=0.00, real=0.00 secs] 
2538.976: [GC (Allocation Failure) [PSYoungGen: 77213K->1485K(76800K)] 474664K->398936K(574976K), 0.0023249 secs] [Times: user=0.01 sys=0.00, real=0.00 secs] 
2539.164: [GC (Allocation Failure) [PSYoungGen: 76749K->1517K(76288K)] 474200K->398968K(574464K), 0.0017487 secs] [Times: user=0.01 sys=0.00, real=0.00 secs] 
2539.297: [GC (Allocation Failure) [PSYoungGen: 76269K->1485K(75776K)] 473720K->398936K(573952K), 0.0014699 secs] [Times: user=0.00 sys=0.00, real=0.00 secs] 
2540.320: [GC (Allocation Failure) [PSYoungGen: 75725K->1376K(75264K)] 473176K->398826K(573440K), 0.0044848 secs] [Times: user=0.02 sys=0.00, real=0.01 secs] 
2540.948: [GC (Allocation Failure) [PSYoungGen: 75104K->1344K(74752K)] 472554K->398794K(572928K), 0.0026470 secs] [Times: user=0.01 sys=0.00, real=0.00 secs] 
2541.758: [GC (Allocation Failure) [PSYoungGen: 74560K->1344K(74240K)] 472010K->398794K(572416K), 0.0023849 secs] [Times: user=0.01 sys=0.00, real=0.00 secs] 
2542.547: [GC (Allocation Failure) [PSYoungGen: 74048K->1421K(73728K)] 471498K->398872K(571904K), 0.0075265 secs] [Times: user=0.02 sys=0.00, real=0.01 secs] 
2542.772: [GC (Allocation Failure) [PSYoungGen: 73613K->1485K(73216K)] 471064K->398936K(571392K), 0.0018487 secs] [Times: user=0.01 sys=0.00, real=0.01 secs] 
2542.899: [GC (Allocation Failure) [PSYoungGen: 73165K->1517K(72704K)] 470616K->398968K(570880K), 0.0022745 secs] [Times: user=0.01 sys=0.00, real=0.00 secs] 
2543.024: [GC (Allocation Failure) [PSYoungGen: 72685K->1485K(73216K)] 470136K->398936K(571392K), 0.0016417 secs] [Times: user=0.01 sys=0.00, real=0.00 secs] 
2543.723: [GC (Allocation Failure) [PSYoungGen: 72653K->1456K(72192K)] 470104K->398906K(570368K), 0.0043479 secs] [Times: user=0.02 sys=0.01, real=0.01 secs] 
2544.285: [GC (Allocation Failure) [PSYoungGen: 72112K->1376K(71680K)] 469562K->398826K(569856K), 0.0023083 secs] [Times: user=0.01 sys=0.01, real=0.00 secs] 
2544.880: [GC (Allocation Failure) [PSYoungGen: 71520K->1344K(71168K)] 468970K->398794K(569344K), 0.0026435 secs] [Times: user=0.01 sys=0.00, real=0.00 secs] 
2545.427: [GC (Allocation Failure) [PSYoungGen: 70976K->1344K(70656K)] 468426K->398794K(568832K), 0.0032493 secs] [Times: user=0.01 sys=0.00, real=0.00 secs] 
2545.943: [GC (Allocation Failure) [PSYoungGen: 70464K->1421K(70144K)] 467914K->398888K(568320K), 0.0024482 secs] [Times: user=0.01 sys=0.00, real=0.00 secs] 
2546.101: [GC (Allocation Failure) [PSYoungGen: 70029K->1517K(69632K)] 467496K->398984K(567808K), 0.0018285 secs] [Times: user=0.01 sys=0.00, real=0.00 secs] 
2546.221: [GC (Allocation Failure) [PSYoungGen: 69613K->1488K(69120K)] 467080K->398955K(567296K), 0.0017917 secs] [Times: user=0.01 sys=0.00, real=0.00 secs] 
2546.340: [GC (Allocation Failure) [PSYoungGen: 69072K->1421K(69632K)] 466539K->398888K(567808K), 0.0018170 secs] [Times: user=0.01 sys=0.00, real=0.00 secs] 
2546.897: [GC (Allocation Failure) [PSYoungGen: 69005K->1408K(68608K)] 466472K->398874K(566784K), 0.0023606 secs] [Times: user=0.01 sys=0.00, real=0.00 secs] 
2547.497: [GC (Allocation Failure) [PSYoungGen: 68480K->1344K(68096K)] 465946K->398810K(566272K), 0.0023927 secs] [Times: user=0.01 sys=0.00, real=0.00 secs] 
2548.138: [GC (Allocation Failure) [PSYoungGen: 67904K->1344K(67584K)] 465370K->398810K(565760K), 0.0038433 secs] [Times: user=0.02 sys=0.00, real=0.00 secs] 
2548.575: [GC (Allocation Failure) [PSYoungGen: 67392K->1344K(67072K)] 464858K->398810K(565248K), 0.0024482 secs] [Times: user=0.01 sys=0.00, real=0.00 secs] 
2548.813: [GC (Allocation Failure) [PSYoungGen: 66880K->1485K(66560K)] 464346K->398952K(564736K), 0.0017724 secs] [Times: user=0.01 sys=0.00, real=0.00 secs] 
2548.928: [GC (Allocation Failure) [PSYoungGen: 66509K->1485K(66048K)] 463976K->398952K(564224K), 0.0016742 secs] [Times: user=0.00 sys=0.00, real=0.00 secs] 
2549.042: [GC (Allocation Failure) [PSYoungGen: 65997K->1488K(66560K)] 463464K->398955K(564736K), 0.0016445 secs] [Times: user=0.00 sys=0.00, real=0.01 secs] 
2549.156: [GC (Allocation Failure) [PSYoungGen: 66000K->1533K(72704K)] 463467K->399008K(570880K), 0.0016462 secs] [Times: user=0.01 sys=0.00, real=0.00 secs] 
2549.432: [GC (Allocation Failure) [PSYoungGen: 72189K->1424K(72704K)] 469664K->398898K(570880K), 0.0020664 secs] [Times: user=0.01 sys=0.00, real=0.01 secs] 
2549.744: [GC (Allocation Failure) [PSYoungGen: 72080K->1408K(71680K)] 469554K->398882K(569856K), 0.0018278 secs] [Times: user=0.00 sys=0.00, real=0.00 secs] 
2550.318: [GC (Allocation Failure) [PSYoungGen: 71552K->1376K(71168K)] 469026K->398850K(569344K), 0.0032189 secs] [Times: user=0.01 sys=0.00, real=0.00 secs] 
2550.879: [GC (Allocation Failure) [PSYoungGen: 71008K->1344K(70656K)] 468482K->398818K(568832K), 0.0024623 secs] [Times: user=0.01 sys=0.00, real=0.00 secs] 
2551.315: [GC (Allocation Failure) [PSYoungGen: 70464K->1501K(70144K)] 467938K->398976K(568320K), 0.0024204 secs] [Times: user=0.01 sys=0.01, real=0.00 secs] 
2551.460: [GC (Allocation Failure) [PSYoungGen: 70109K->1533K(69632K)] 467584K->399008K(567808K), 0.0016535 secs] [Times: user=0.01 sys=0.00, real=0.00 secs] 
2551.580: [GC (Allocation Failure) [PSYoungGen: 69629K->1501K(69120K)] 467104K->398976K(567296K), 0.0017081 secs] [Times: user=0.01 sys=0.00, real=0.00 secs] 
2551.699: [GC (Allocation Failure) [PSYoungGen: 69085K->1453K(75776K)] 466560K->398944K(573952K), 0.0015998 secs] [Times: user=0.00 sys=0.00, real=0.00 secs] 
2552.017: [GC (Allocation Failure) [PSYoungGen: 75693K->1472K(75264K)] 473184K->398962K(573440K), 0.0021227 secs] [Times: user=0.00 sys=0.00, real=0.00 secs] 
2552.616: [GC (Allocation Failure) [PSYoungGen: 75200K->1376K(74752K)] 472690K->398866K(572928K), 0.0021654 secs] [Times: user=0.01 sys=0.00, real=0.00 secs] 
2553.412: [GC (Allocation Failure) [PSYoungGen: 74592K->1376K(74240K)] 472082K->398882K(572416K), 0.0023602 secs] [Times: user=0.00 sys=0.00, real=0.01 secs] 
2554.252: [GC (Allocation Failure) [PSYoungGen: 74080K->1344K(73728K)] 471586K->398850K(571904K), 0.0028811 secs] [Times: user=0.01 sys=0.00, real=0.01 secs] 
2554.542: [GC (Allocation Failure) [PSYoungGen: 73536K->1485K(73216K)] 471042K->398992K(571392K), 0.0017570 secs] [Times: user=0.01 sys=0.00, real=0.01 secs] 
2554.670: [GC (Allocation Failure) [PSYoungGen: 73165K->1517K(72704K)] 470672K->399024K(570880K), 0.0016965 secs] [Times: user=0.01 sys=0.00, real=0.00 secs] 
2554.797: [GC (Allocation Failure) [PSYoungGen: 72685K->1517K(72192K)] 470192K->399024K(570368K), 0.0016738 secs] [Times: user=0.00 sys=0.00, real=0.00 secs] 
2555.296: [GC (Allocation Failure) [PSYoungGen: 72173K->1456K(71680K)] 469680K->398962K(569856K), 0.0024388 secs] [Times: user=0.01 sys=0.00, real=0.00 secs] 
2556.045: [GC (Allocation Failure) [PSYoungGen: 71600K->1344K(71168K)] 469106K->398850K(569344K), 0.0023819 secs] [Times: user=0.01 sys=0.00, real=0.00 secs] 
2556.826: [GC (Allocation Failure) [PSYoungGen: 70976K->1344K(70656K)] 468482K->398850K(568832K), 0.0023348 secs] [Times: user=0.01 sys=0.00, real=0.00 secs] 
2557.453: [GC (Allocation Failure) [PSYoungGen: 70464K->1344K(70144K)] 467970K->398850K(568320K), 0.0023731 secs] [Times: user=0.01 sys=0.00, real=0.00 secs] 
2558.126: [GC (Allocation Failure) [PSYoungGen: 69952K->1373K(69632K)] 467458K->398880K(567808K), 0.0028930 secs] [Times: user=0.01 sys=0.00, real=0.00 secs] 
2558.299: [GC (Allocation Failure) [PSYoungGen: 69469K->1485K(69120K)] 466976K->398992K(567296K), 0.0017221 secs] [Times: user=0.00 sys=0.00, real=0.00 secs] 
2558.419: [GC (Allocation Failure) [PSYoungGen: 69069K->1453K(68608K)] 466576K->398968K(566784K), 0.0014718 secs] [Times: user=0.01 sys=0.00, real=0.00 secs] 
2558.536: [GC (Allocation Failure) [PSYoungGen: 68521K->1453K(68096K)] 466035K->398968K(566272K), 0.0017276 secs] [Times: user=0.01 sys=0.00, real=0.00 secs] 
2558.761: [GC (Allocation Failure) [PSYoungGen: 68013K->1424K(67584K)] 465528K->398938K(565760K), 0.0022056 secs] [Times: user=0.01 sys=0.00, real=0.00 secs] 
2559.304: [GC (Allocation Failure) [PSYoungGen: 67472K->1376K(67072K)] 464986K->398890K(565248K), 0.0021106 secs] [Times: user=0.01 sys=0.00, real=0.00 secs] 
2559.901: [GC (Allocation Failure) [PSYoungGen: 66912K->1376K(66560K)] 464426K->398890K(564736K), 0.0023913 secs] [Times: user=0.01 sys=0.00, real=0.01 secs] 
2560.474: [GC (Allocation Failure) [PSYoungGen: 66400K->1376K(66048K)] 463914K->398890K(564224K), 0.0033595 secs] [Times: user=0.02 sys=0.00, real=0.00 secs] 
2561.080: [GC (Allocation Failure) [PSYoungGen: 65888K->1453K(65536K)] 463402K->398968K(563712K), 0.0029778 secs] [Times: user=0.02 sys=0.00, real=0.00 secs] 
2561.261: [GC (Allocation Failure) [PSYoungGen: 65453K->1488K(65024K)] 462968K->399003K(563200K), 0.0016129 secs] [Times: user=0.00 sys=0.00, real=0.00 secs] 
2561.373: [GC (Allocation Failure) [PSYoungGen: 64976K->1485K(64512K)] 462491K->399000K(562688K), 0.0016541 secs] [Times: user=0.00 sys=0.00, real=0.00 secs] 
2561.484: [GC (Allocation Failure) [PSYoungGen: 64461K->1453K(65024K)] 461976K->398976K(563200K), 0.0017493 secs] [Times: user=0.01 sys=0.00, real=0.00 secs] 
2561.598: [GC (Allocation Failure) [PSYoungGen: 64429K->320K(71168K)] 461952K->397842K(569344K), 0.0016547 secs] [Times: user=0.01 sys=0.00, real=0.00 secs] 
2563.338: [GC (Allocation Failure) [PSYoungGen: 69440K->1376K(70144K)] 466962K->398898K(568320K), 0.0028221 secs] [Times: user=0.01 sys=0.00, real=0.00 secs] 
2564.250: [GC (Allocation Failure) [PSYoungGen: 69984K->1376K(69632K)] 467506K->398898K(567808K), 0.0031038 secs] [Times: user=0.01 sys=0.00, real=0.00 secs] 
2565.201: [GC (Allocation Failure) [PSYoungGen: 69472K->1344K(69120K)] 466994K->398866K(567296K), 0.0030391 secs] [Times: user=0.01 sys=0.00, real=0.01 secs] 
2566.229: [GC (Allocation Failure) [PSYoungGen: 68928K->1376K(68608K)] 466450K->398898K(566784K), 0.0037865 secs] [Times: user=0.02 sys=0.00, real=0.00 secs] 
2566.511: [GC (Allocation Failure) [PSYoungGen: 68448K->1453K(68096K)] 465970K->398992K(566272K), 0.0021487 secs] [Times: user=0.01 sys=0.00, real=0.01 secs] 
2566.636: [GC (Allocation Failure) [PSYoungGen: 68013K->1453K(67584K)] 465552K->398992K(565760K), 0.0017258 secs] [Times: user=0.01 sys=0.00, real=0.00 secs] 
2566.753: [GC (Allocation Failure) [PSYoungGen: 67501K->1485K(67072K)] 465040K->399032K(565248K), 0.0016611 secs] [Times: user=0.00 sys=0.00, real=0.00 secs] 
2566.869: [GC (Allocation Failure) [PSYoungGen: 66993K->1485K(67584K)] 464540K->399032K(565760K), 0.0016737 secs] [Times: user=0.00 sys=0.00, real=0.00 secs] 
2568.092: [GC (Allocation Failure) [PSYoungGen: 67021K->1376K(66560K)] 464568K->398922K(564736K), 0.0030580 secs] [Times: user=0.01 sys=0.00, real=0.01 secs] 
2569.004: [GC (Allocation Failure) [PSYoungGen: 66400K->1360K(66048K)] 463946K->398914K(564224K), 0.0030729 secs] [Times: user=0.01 sys=0.00, real=0.00 secs] 
2569.964: [GC (Allocation Failure) [PSYoungGen: 65872K->1344K(65536K)] 463426K->398898K(563712K), 0.0030134 secs] [Times: user=0.01 sys=0.00, real=0.00 secs] 
2570.595: [GC (Allocation Failure) [PSYoungGen: 65344K->1344K(65024K)] 462898K->398898K(563200K), 0.0029266 secs] [Times: user=0.01 sys=0.00, real=0.00 secs] 
2570.950: [GC (Allocation Failure) [PSYoungGen: 64832K->1421K(64512K)] 462386K->398976K(562688K), 0.0021267 secs] [Times: user=0.01 sys=0.00, real=0.00 secs] 
2571.073: [GC (Allocation Failure) [PSYoungGen: 64397K->1485K(64000K)] 461952K->399040K(562176K), 0.0017102 secs] [Times: user=0.01 sys=0.00, real=0.00 secs] 
2571.184: [GC (Allocation Failure) [PSYoungGen: 63949K->1488K(63488K)] 461504K->399051K(561664K), 0.0016927 secs] [Times: user=0.01 sys=0.00, real=0.00 secs] 
2571.294: [GC (Allocation Failure) [PSYoungGen: 63435K->1456K(64000K)] 460998K->399027K(562176K), 0.0016656 secs] [Times: user=0.01 sys=0.00, real=0.00 secs] 
2571.926: [GC (Allocation Failure) [PSYoungGen: 63408K->1456K(62976K)] 460979K->399026K(561152K), 0.0029141 secs] [Times: user=0.01 sys=0.00, real=0.00 secs] 
2573.234: [GC (Allocation Failure) [PSYoungGen: 62896K->1344K(62464K)] 460466K->398914K(560640K), 0.0040591 secs] [Times: user=0.02 sys=0.00, real=0.00 secs] 
2573.930: [GC (Allocation Failure) [PSYoungGen: 62272K->1360K(61952K)] 459842K->398930K(560128K), 0.0029253 secs] [Times: user=0.02 sys=0.00, real=0.00 secs] 
2574.419: [GC (Allocation Failure) [PSYoungGen: 61776K->1344K(61440K)] 459346K->398914K(559616K), 0.0027040 secs] [Times: user=0.01 sys=0.00, real=0.00 secs] 
2574.901: [GC (Allocation Failure) [PSYoungGen: 61248K->1344K(60928K)] 458818K->398914K(559104K), 0.0030310 secs] [Times: user=0.01 sys=0.00, real=0.01 secs] 
2575.135: [GC (Allocation Failure) [PSYoungGen: 60736K->1456K(60416K)] 458306K->399027K(558592K), 0.0019403 secs] [Times: user=0.01 sys=0.00, real=0.00 secs] 
2575.245: [GC (Allocation Failure) [PSYoungGen: 60336K->1424K(59904K)] 457907K->398995K(558080K), 0.0016314 secs] [Times: user=0.01 sys=0.00, real=0.00 secs] 
2575.347: [GC (Allocation Failure) [PSYoungGen: 59792K->1456K(60416K)] 457363K->399035K(558592K), 0.0016143 secs] [Times: user=0.01 sys=0.00, real=0.00 secs] 
2575.450: [GC (Allocation Failure) [PSYoungGen: 59824K->1488K(60416K)] 457403K->399083K(558592K), 0.0015933 secs] [Times: user=0.00 sys=0.00, real=0.00 secs] 
2576.480: [GC (Allocation Failure) [PSYoungGen: 59856K->1456K(59392K)] 457451K->399050K(557568K), 0.0031396 secs] [Times: user=0.02 sys=0.00, real=0.00 secs] 
2577.381: [GC (Allocation Failure) [PSYoungGen: 59312K->1376K(59392K)] 456906K->398970K(557568K), 0.0035687 secs] [Times: user=0.02 sys=0.00, real=0.01 secs] 
2578.023: [GC (Allocation Failure) [PSYoungGen: 59232K->1344K(59392K)] 456826K->398938K(557568K), 0.0033106 secs] [Times: user=0.01 sys=0.00, real=0.01 secs] 
2578.933: [GC (Allocation Failure) [PSYoungGen: 59200K->1344K(59392K)] 456794K->398938K(557568K), 0.0028489 secs] [Times: user=0.01 sys=0.00, real=0.00 secs] 
2579.888: [GC (Allocation Failure) [PSYoungGen: 59200K->1344K(59392K)] 456794K->398938K(557568K), 0.0029023 secs] [Times: user=0.01 sys=0.00, real=0.00 secs] 
2580.403: [GC (Allocation Failure) [PSYoungGen: 59200K->1504K(59392K)] 456794K->399099K(557568K), 0.0022270 secs] [Times: user=0.01 sys=0.01, real=0.00 secs] 
2580.527: [GC (Allocation Failure) [PSYoungGen: 59360K->1520K(59392K)] 456955K->399123K(557568K), 0.0016556 secs] [Times: user=0.01 sys=0.00, real=0.00 secs] 
2580.628: [GC (Allocation Failure) [PSYoungGen: 59376K->1456K(59392K)] 456979K->399059K(557568K), 0.0017580 secs] [Times: user=0.00 sys=0.00, real=0.00 secs] 
2580.744: [GC (Allocation Failure) [PSYoungGen: 59312K->1421K(61952K)] 456915K->399024K(560128K), 0.0019837 secs] [Times: user=0.01 sys=0.00, real=0.00 secs] 
2580.997: [GC (Allocation Failure) [PSYoungGen: 61837K->1920K(62464K)] 459440K->399522K(560640K), 0.0021719 secs] [Times: user=0.01 sys=0.00, real=0.00 secs] 
2581.564: [GC (Allocation Failure) [PSYoungGen: 62336K->1376K(61440K)] 459938K->398978K(559616K), 0.0028710 secs] [Times: user=0.01 sys=0.00, real=0.00 secs] 
2582.181: [GC (Allocation Failure) [PSYoungGen: 61280K->1392K(60928K)] 458882K->398994K(559104K), 0.0033408 secs] [Times: user=0.01 sys=0.00, real=0.01 secs] 
2582.788: [GC (Allocation Failure) [PSYoungGen: 60784K->1376K(60416K)] 458386K->398978K(558592K), 0.0026931 secs] [Times: user=0.01 sys=0.01, real=0.00 secs] 
2583.393: [GC (Allocation Failure) [PSYoungGen: 60256K->1392K(59904K)] 457858K->398994K(558080K), 0.0036101 secs] [Times: user=0.01 sys=0.00, real=0.00 secs] 
2583.852: [GC (Allocation Failure) [PSYoungGen: 59760K->1389K(59392K)] 457362K->398992K(557568K), 0.0021712 secs] [Times: user=0.01 sys=0.00, real=0.01 secs] 
2583.987: [GC (Allocation Failure) [PSYoungGen: 59244K->1421K(59392K)] 456847K->399040K(557568K), 0.0016853 secs] [Times: user=0.00 sys=0.00, real=0.00 secs] 
2584.089: [GC (Allocation Failure) [PSYoungGen: 59277K->1485K(59392K)] 456896K->399104K(557568K), 0.0015360 secs] [Times: user=0.00 sys=0.00, real=0.00 secs] 
2584.191: [GC (Allocation Failure) [PSYoungGen: 59341K->1456K(65024K)] 456960K->399075K(563200K), 0.0014427 secs] [Times: user=0.01 sys=0.00, real=0.00 secs] 
2584.301: [GC (Allocation Failure) [PSYoungGen: 64432K->288K(65536K)] 462051K->397922K(563712K), 0.0015335 secs] [Times: user=0.01 sys=0.00, real=0.00 secs] 
2584.917: [GC (Allocation Failure) [PSYoungGen: 63776K->1424K(64512K)] 461410K->399058K(562688K), 0.0018758 secs] [Times: user=0.00 sys=0.00, real=0.00 secs] 
2585.329: [GC (Allocation Failure) [PSYoungGen: 64400K->1376K(64000K)] 462034K->399010K(562176K), 0.0020605 secs] [Times: user=0.01 sys=0.00, real=0.00 secs] 
2585.588: [GC (Allocation Failure) [PSYoungGen: 63840K->1392K(63488K)] 461474K->399026K(561664K), 0.0020173 secs] [Times: user=0.01 sys=0.01, real=0.00 secs] 
2586.006: [GC (Allocation Failure) [PSYoungGen: 63344K->1344K(62976K)] 460978K->398978K(561152K), 0.0021011 secs] [Times: user=0.01 sys=0.00, real=0.00 secs] 
2586.342: [GC (Allocation Failure) [PSYoungGen: 62784K->1440K(62464K)] 460418K->399075K(560640K), 0.0016123 secs] [Times: user=0.01 sys=0.00, real=0.01 secs] 
2586.449: [GC (Allocation Failure) [PSYoungGen: 62368K->1485K(61952K)] 460003K->399128K(560128K), 0.0016865 secs] [Times: user=0.01 sys=0.00, real=0.00 secs] 
2586.558: [GC (Allocation Failure) [PSYoungGen: 61901K->1456K(62464K)] 459544K->399099K(560640K), 0.0015902 secs] [Times: user=0.01 sys=0.00, real=0.00 secs] 
2586.665: [GC (Allocation Failure) [PSYoungGen: 61872K->1533K(68096K)] 459515K->399176K(566272K), 0.0016226 secs] [Times: user=0.01 sys=0.00, real=0.00 secs] 
2587.011: [GC (Allocation Failure) [PSYoungGen: 67581K->1456K(67072K)] 465224K->399098K(565248K), 0.0022187 secs] [Times: user=0.01 sys=0.00, real=0.01 secs] 
2587.706: [GC (Allocation Failure) [PSYoungGen: 66992K->1376K(66560K)] 464634K->399018K(564736K), 0.0022900 secs] [Times: user=0.01 sys=0.00, real=0.00 secs] 
2588.541: [GC (Allocation Failure) [PSYoungGen: 66400K->1344K(66048K)] 464042K->398986K(564224K), 0.0025188 secs] [Times: user=0.01 sys=0.00, real=0.01 secs] 
2589.197: [GC (Allocation Failure) [PSYoungGen: 65856K->1344K(65536K)] 463498K->398986K(563712K), 0.0027088 secs] [Times: user=0.01 sys=0.00, real=0.00 secs] 
2589.866: [GC (Allocation Failure) [PSYoungGen: 65344K->1344K(65024K)] 462986K->398986K(563200K), 0.0026699 secs] [Times: user=0.01 sys=0.00, real=0.00 secs] 
2590.057: [GC (Allocation Failure) [PSYoungGen: 64832K->1488K(64512K)] 462474K->399131K(562688K), 0.0017013 secs] [Times: user=0.01 sys=0.00, real=0.00 secs] 
2590.167: [GC (Allocation Failure) [PSYoungGen: 64464K->1456K(64000K)] 462107K->399099K(562176K), 0.0017316 secs] [Times: user=0.00 sys=0.00, real=0.00 secs] 
2590.279: [GC (Allocation Failure) [PSYoungGen: 63920K->1453K(64512K)] 461563K->399104K(562688K), 0.0016453 secs] [Times: user=0.00 sys=0.00, real=0.00 secs] 
2590.389: [GC (Allocation Failure) [PSYoungGen: 63917K->1485K(64512K)] 461568K->399136K(562688K), 0.0015822 secs] [Times: user=0.00 sys=0.00, real=0.00 secs] 
2591.139: [GC (Allocation Failure) [PSYoungGen: 63949K->1440K(63488K)] 461600K->399090K(561664K), 0.0023944 secs] [Times: user=0.01 sys=0.00, real=0.00 secs] 
2591.875: [GC (Allocation Failure) [PSYoungGen: 63392K->1408K(62976K)] 461042K->399058K(561152K), 0.0031329 secs] [Times: user=0.02 sys=0.00, real=0.00 secs] 
2592.473: [GC (Allocation Failure) [PSYoungGen: 62848K->1344K(62464K)] 460498K->398994K(560640K), 0.0028011 secs] [Times: user=0.01 sys=0.00, real=0.01 secs] 
2592.970: [GC (Allocation Failure) [PSYoungGen: 62272K->1344K(61952K)] 459922K->398994K(560128K), 0.0026786 secs] [Times: user=0.01 sys=0.00, real=0.00 secs] 
2593.507: [GC (Allocation Failure) [PSYoungGen: 61760K->1421K(61440K)] 459410K->399072K(559616K), 0.0023276 secs] [Times: user=0.01 sys=0.00, real=0.00 secs] 
2593.648: [GC (Allocation Failure) [PSYoungGen: 61325K->1552K(61440K)] 458976K->399203K(559616K), 0.0017477 secs] [Times: user=0.01 sys=0.00, real=0.00 secs] 
2593.756: [GC (Allocation Failure) [PSYoungGen: 60944K->429K(66560K)] 458595K->399112K(564736K), 0.0026908 secs] [Times: user=0.01 sys=0.00, real=0.00 secs] 
2593.896: [GC (Allocation Failure) [PSYoungGen: 65960K->461K(67584K)] 464643K->399144K(565760K), 0.0020443 secs] [Times: user=0.00 sys=0.00, real=0.00 secs] 
2594.108: [GC (Allocation Failure) [PSYoungGen: 65997K->1952K(74240K)] 464680K->400650K(572416K), 0.0021564 secs] [Times: user=0.01 sys=0.00, real=0.00 secs] 
2594.409: [GC (Allocation Failure) [PSYoungGen: 74144K->1456K(74752K)] 472842K->400154K(572928K), 0.0021699 secs] [Times: user=0.01 sys=0.00, real=0.00 secs] 
2595.039: [GC (Allocation Failure) [PSYoungGen: 73648K->1440K(73216K)] 472346K->400138K(571392K), 0.0043870 secs] [Times: user=0.01 sys=0.00, real=0.01 secs] 
2595.770: [GC (Allocation Failure) [PSYoungGen: 73120K->1360K(72704K)] 471818K->400058K(570880K), 0.0037427 secs] [Times: user=0.01 sys=0.00, real=0.01 secs] 
2596.499: [GC (Allocation Failure) [PSYoungGen: 72528K->1453K(72192K)] 471226K->400152K(570368K), 0.0024374 secs] [Times: user=0.01 sys=0.00, real=0.00 secs] 
2596.664: [GC (Allocation Failure) [PSYoungGen: 72109K->1517K(71680K)] 470808K->400216K(569856K), 0.0017103 secs] [Times: user=0.01 sys=0.00, real=0.00 secs] 
2596.788: [GC (Allocation Failure) [PSYoungGen: 71661K->1501K(71168K)] 470360K->400200K(569344K), 0.0015626 secs] [Times: user=0.01 sys=0.00, real=0.00 secs] 
2596.911: [GC (Allocation Failure) [PSYoungGen: 71133K->1533K(77824K)] 469832K->400240K(576000K), 0.0018451 secs] [Times: user=0.00 sys=0.00, real=0.00 secs] 
2597.816: [GC (Allocation Failure) [PSYoungGen: 77821K->1424K(77312K)] 476528K->400130K(575488K), 0.0027444 secs] [Times: user=0.02 sys=0.00, real=0.00 secs] 
2599.033: [GC (Allocation Failure) [PSYoungGen: 77200K->1344K(76800K)] 475906K->400050K(574976K), 0.0042918 secs] [Times: user=0.02 sys=0.00, real=0.01 secs] 
2600.017: [GC (Allocation Failure) [PSYoungGen: 76608K->1376K(76288K)] 475314K->400082K(574464K), 0.0031300 secs] [Times: user=0.01 sys=0.00, real=0.00 secs] 
2600.761: [GC (Allocation Failure) [PSYoungGen: 76128K->1344K(75776K)] 474834K->400050K(573952K), 0.0033597 secs] [Times: user=0.01 sys=0.00, real=0.01 secs] 
2601.081: [GC (Allocation Failure) [PSYoungGen: 75584K->1453K(75264K)] 474290K->400160K(573440K), 0.0017248 secs] [Times: user=0.01 sys=0.00, real=0.00 secs] 
2601.211: [GC (Allocation Failure) [PSYoungGen: 75181K->1485K(74752K)] 473888K->400192K(572928K), 0.0017156 secs] [Times: user=0.01 sys=0.00, real=0.00 secs] 
2601.360: [GC (Allocation Failure) [PSYoungGen: 74701K->1485K(74240K)] 473408K->400192K(572416K), 0.0020535 secs] [Times: user=0.01 sys=0.00, real=0.00 secs] 
2601.841: [GC (Allocation Failure) [PSYoungGen: 74189K->1456K(73728K)] 472896K->400162K(571904K), 0.0026556 secs] [Times: user=0.01 sys=0.00, real=0.01 secs] 
2602.639: [GC (Allocation Failure) [PSYoungGen: 73648K->1312K(73216K)] 472354K->400018K(571392K), 0.0029547 secs] [Times: user=0.01 sys=0.00, real=0.00 secs] 
2603.583: [GC (Allocation Failure) [PSYoungGen: 72992K->1344K(72704K)] 471698K->400050K(570880K), 0.0046847 secs] [Times: user=0.02 sys=0.00, real=0.01 secs] 
2604.358: [GC (Allocation Failure) [PSYoungGen: 72512K->1344K(72192K)] 471218K->400050K(570368K), 0.0027722 secs] [Times: user=0.01 sys=0.00, real=0.00 secs] 
2605.248: [GC (Allocation Failure) [PSYoungGen: 72000K->1389K(71680K)] 470706K->400096K(569856K), 0.0026857 secs] [Times: user=0.01 sys=0.00, real=0.00 secs] 
2605.415: [GC (Allocation Failure) [PSYoungGen: 71533K->1453K(71168K)] 470240K->400160K(569344K), 0.0019399 secs] [Times: user=0.00 sys=0.00, real=0.00 secs] 
2605.538: [GC (Allocation Failure) [PSYoungGen: 71085K->1453K(70656K)] 469792K->400160K(568832K), 0.0018341 secs] [Times: user=0.01 sys=0.00, real=0.00 secs] 
2605.661: [GC (Allocation Failure) [PSYoungGen: 70573K->1485K(70144K)] 469280K->400192K(568320K), 0.0015109 secs] [Times: user=0.00 sys=0.00, real=0.00 secs] 
2606.146: [GC (Allocation Failure) [PSYoungGen: 70093K->1408K(69632K)] 468800K->400114K(567808K), 0.0025427 secs] [Times: user=0.01 sys=0.00, real=0.00 secs] 
2606.866: [GC (Allocation Failure) [PSYoungGen: 69504K->1344K(69120K)] 468210K->400066K(567296K), 0.0032651 secs] [Times: user=0.01 sys=0.00, real=0.00 secs] 
2607.704: [GC (Allocation Failure) [PSYoungGen: 68928K->1344K(68608K)] 467650K->400066K(566784K), 0.0031032 secs] [Times: user=0.01 sys=0.00, real=0.00 secs] 
2608.292: [GC (Allocation Failure) [PSYoungGen: 68416K->1344K(68096K)] 467138K->400066K(566272K), 0.0027836 secs] [Times: user=0.01 sys=0.00, real=0.01 secs] 
2608.730: [GC (Allocation Failure) [PSYoungGen: 67904K->1453K(67584K)] 466626K->400176K(565760K), 0.0024171 secs] [Times: user=0.01 sys=0.00, real=0.00 secs] 
2608.902: [GC (Allocation Failure) [PSYoungGen: 67501K->1517K(67072K)] 466224K->400240K(565248K), 0.0022893 secs] [Times: user=0.01 sys=0.00, real=0.01 secs] 
2609.055: [GC (Allocation Failure) [PSYoungGen: 67053K->1421K(66560K)] 465776K->400144K(564736K), 0.0017481 secs] [Times: user=0.01 sys=0.00, real=0.00 secs] 
2609.168: [GC (Allocation Failure) [PSYoungGen: 66445K->1485K(66048K)] 465168K->400224K(564224K), 0.0016322 secs] [Times: user=0.00 sys=0.00, real=0.00 secs] 
2609.563: [GC (Allocation Failure) [PSYoungGen: 65997K->1360K(65536K)] 464736K->400098K(563712K), 0.0041409 secs] [Times: user=0.02 sys=0.01, real=0.00 secs] 
2610.073: [GC (Allocation Failure) [PSYoungGen: 65360K->1344K(65024K)] 464098K->400082K(563200K), 0.0027623 secs] [Times: user=0.01 sys=0.00, real=0.01 secs] 
2610.556: [GC (Allocation Failure) [PSYoungGen: 64832K->1376K(64512K)] 463570K->400114K(562688K), 0.0028072 secs] [Times: user=0.01 sys=0.00, real=0.00 secs] 
2611.156: [GC (Allocation Failure) [PSYoungGen: 64352K->1344K(64000K)] 463090K->400082K(562176K), 0.0028021 secs] [Times: user=0.01 sys=0.00, real=0.00 secs] 
2611.614: [GC (Allocation Failure) [PSYoungGen: 63808K->1424K(63488K)] 462546K->400163K(561664K), 0.0022274 secs] [Times: user=0.01 sys=0.00, real=0.00 secs] 
2611.749: [GC (Allocation Failure) [PSYoungGen: 63376K->1453K(62976K)] 462115K->400192K(561152K), 0.0016362 secs] [Times: user=0.01 sys=0.00, real=0.00 secs] 
2611.857: [GC (Allocation Failure) [PSYoungGen: 62893K->1501K(62464K)] 461632K->400240K(560640K), 0.0018089 secs] [Times: user=0.01 sys=0.00, real=0.00 secs] 
2611.979: [GC (Allocation Failure) [PSYoungGen: 62429K->1453K(62976K)] 461168K->400200K(561152K), 0.0019374 secs] [Times: user=0.01 sys=0.00, real=0.00 secs] 
2612.118: [GC (Allocation Failure) [PSYoungGen: 62893K->1453K(63488K)] 461640K->400200K(561664K), 0.0021502 secs] [Times: user=0.01 sys=0.00, real=0.00 secs] 
2613.698: [GC (Allocation Failure) [PSYoungGen: 62893K->1440K(62464K)] 461640K->400186K(560640K), 0.0039913 secs] [Times: user=0.02 sys=0.01, real=0.00 secs] 
2614.502: [GC (Allocation Failure) [PSYoungGen: 62368K->1440K(61952K)] 461114K->400186K(560128K), 0.0032665 secs] [Times: user=0.02 sys=0.00, real=0.01 secs] 
2615.106: [GC (Allocation Failure) [PSYoungGen: 61856K->1344K(61440K)] 460602K->400098K(559616K), 0.0022422 secs] [Times: user=0.01 sys=0.00, real=0.00 secs] 
2615.917: [GC (Allocation Failure) [PSYoungGen: 61248K->1344K(60928K)] 460002K->400098K(559104K), 0.0033131 secs] [Times: user=0.01 sys=0.01, real=0.00 secs] 
2616.530: [GC (Allocation Failure) [PSYoungGen: 60736K->1456K(60416K)] 459490K->400211K(558592K), 0.0024915 secs] [Times: user=0.01 sys=0.00, real=0.00 secs] 
2616.669: [GC (Allocation Failure) [PSYoungGen: 60336K->1517K(59904K)] 459091K->400272K(558080K), 0.0016412 secs] [Times: user=0.00 sys=0.00, real=0.00 secs] 
2616.772: [GC (Allocation Failure) [PSYoungGen: 59885K->1456K(59392K)] 458640K->400219K(557568K), 0.0016171 secs] [Times: user=0.00 sys=0.00, real=0.01 secs] 
2616.873: [GC (Allocation Failure) [PSYoungGen: 59312K->1485K(65536K)] 458075K->400248K(563712K), 0.0017136 secs] [Times: user=0.00 sys=0.00, real=0.00 secs] 
2616.986: [GC (Allocation Failure) [PSYoungGen: 65485K->1424K(66048K)] 464248K->400187K(564224K), 0.0016942 secs] [Times: user=0.00 sys=0.00, real=0.00 secs] 
2617.627: [GC (Allocation Failure) [PSYoungGen: 65424K->1440K(65024K)] 464187K->400202K(563200K), 0.0023784 secs] [Times: user=0.01 sys=0.00, real=0.00 secs] 
2618.207: [GC (Allocation Failure) [PSYoungGen: 64928K->1312K(64512K)] 463690K->400074K(562688K), 0.0025790 secs] [Times: user=0.01 sys=0.00, real=0.00 secs] 
2618.762: [GC (Allocation Failure) [PSYoungGen: 64288K->1376K(64000K)] 463050K->400138K(562176K), 0.0027209 secs] [Times: user=0.01 sys=0.00, real=0.01 secs] 
2619.077: [GC (Allocation Failure) [PSYoungGen: 63840K->1376K(63488K)] 462602K->400138K(561664K), 0.0021405 secs] [Times: user=0.01 sys=0.00, real=0.00 secs] 
2619.300: [GC (Allocation Failure) [PSYoungGen: 63328K->1469K(62976K)] 462090K->400232K(561152K), 0.0016201 secs] [Times: user=0.01 sys=0.00, real=0.00 secs] 
2619.408: [GC (Allocation Failure) [PSYoungGen: 62909K->1488K(62464K)] 461672K->400251K(560640K), 0.0018526 secs] [Times: user=0.01 sys=0.01, real=0.00 secs] 
2619.515: [GC (Allocation Failure) [PSYoungGen: 62416K->1485K(62976K)] 461179K->400256K(561152K), 0.0017367 secs] [Times: user=0.01 sys=0.00, real=0.00 secs] 
2619.623: [GC (Allocation Failure) [PSYoungGen: 62413K->1469K(69120K)] 461184K->400240K(567296K), 0.0026035 secs] [Times: user=0.01 sys=0.00, real=0.00 secs] 
2619.888: [GC (Allocation Failure) [PSYoungGen: 68541K->1456K(69120K)] 467312K->400226K(567296K), 0.0018910 secs] [Times: user=0.01 sys=0.00, real=0.00 secs] 
2620.478: [GC (Allocation Failure) [PSYoungGen: 68528K->1408K(75264K)] 467298K->400178K(573440K), 0.0019864 secs] [Times: user=0.00 sys=0.00, real=0.00 secs] 
2621.170: [GC (Allocation Failure) [PSYoungGen: 75136K->1376K(74752K)] 473906K->400146K(572928K), 0.0019502 secs] [Times: user=0.00 sys=0.00, real=0.00 secs] 
2621.799: [GC (Allocation Failure) [PSYoungGen: 74592K->1344K(74240K)] 473362K->400114K(572416K), 0.0019178 secs] [Times: user=0.01 sys=0.00, real=0.00 secs] 
2622.234: [GC (Allocation Failure) [PSYoungGen: 74048K->1469K(73728K)] 472818K->400240K(571904K), 0.0015507 secs] [Times: user=0.00 sys=0.01, real=0.00 secs] 
2622.383: [GC (Allocation Failure) [PSYoungGen: 73661K->1421K(73216K)] 472432K->400192K(571392K), 0.0018965 secs] [Times: user=0.01 sys=0.00, real=0.00 secs] 
2622.538: [GC (Allocation Failure) [PSYoungGen: 73101K->1517K(72704K)] 471872K->400288K(570880K), 0.0016787 secs] [Times: user=0.00 sys=0.00, real=0.00 secs] 
2622.663: [GC (Allocation Failure) [PSYoungGen: 72685K->1501K(72192K)] 471456K->400280K(570368K), 0.0017702 secs] [Times: user=0.01 sys=0.00, real=0.01 secs] 
2623.025: [GC (Allocation Failure) [PSYoungGen: 72157K->1408K(71680K)] 470936K->400186K(569856K), 0.0022844 secs] [Times: user=0.01 sys=0.00, real=0.00 secs] 
2623.489: [GC (Allocation Failure) [PSYoungGen: 71552K->1344K(71168K)] 470330K->400138K(569344K), 0.0022924 secs] [Times: user=0.01 sys=0.00, real=0.00 secs] 
2624.140: [GC (Allocation Failure) [PSYoungGen: 70976K->1344K(70656K)] 469770K->400138K(568832K), 0.0026384 secs] [Times: user=0.01 sys=0.00, real=0.01 secs] 
2624.757: [GC (Allocation Failure) [PSYoungGen: 70464K->1344K(70144K)] 469258K->400138K(568320K), 0.0026549 secs] [Times: user=0.01 sys=0.00, real=0.00 secs] 
2625.062: [GC (Allocation Failure) [PSYoungGen: 69952K->1488K(69632K)] 468746K->400283K(567808K), 0.0020287 secs] [Times: user=0.01 sys=0.00, real=0.01 secs] 
2625.185: [GC (Allocation Failure) [PSYoungGen: 69584K->1453K(69120K)] 468379K->400248K(567296K), 0.0018956 secs] [Times: user=0.01 sys=0.00, real=0.00 secs] 
2625.305: [GC (Allocation Failure) [PSYoungGen: 69037K->1517K(68608K)] 467832K->400312K(566784K), 0.0016819 secs] [Times: user=0.00 sys=0.00, real=0.00 secs] 
2625.423: [GC (Allocation Failure) [PSYoungGen: 68585K->1517K(69120K)] 467380K->400328K(567296K), 0.0016360 secs] [Times: user=0.01 sys=0.00, real=0.00 secs] 
2626.329: [GC (Allocation Failure) [PSYoungGen: 68589K->1408K(68096K)] 467400K->400218K(566272K), 0.0040041 secs] [Times: user=0.01 sys=0.00, real=0.00 secs] 
2627.153: [GC (Allocation Failure) [PSYoungGen: 67968K->1344K(67584K)] 466778K->400154K(565760K), 0.0039968 secs] [Times: user=0.01 sys=0.00, real=0.01 secs] 
2627.922: [GC (Allocation Failure) [PSYoungGen: 67392K->1344K(67072K)] 466202K->400154K(565248K), 0.0039038 secs] [Times: user=0.01 sys=0.00, real=0.01 secs] 
2628.475: [GC (Allocation Failure) [PSYoungGen: 66880K->1344K(66560K)] 465690K->400162K(564736K), 0.0025442 secs] [Times: user=0.01 sys=0.00, real=0.00 secs] 
2628.860: [GC (Allocation Failure) [PSYoungGen: 66368K->1517K(66048K)] 465186K->400336K(564224K), 0.0020788 secs] [Times: user=0.01 sys=0.01, real=0.00 secs] 
2628.983: [GC (Allocation Failure) [PSYoungGen: 66011K->1517K(65536K)] 464829K->400336K(563712K), 0.0017023 secs] [Times: user=0.01 sys=0.00, real=0.01 secs] 
2629.096: [GC (Allocation Failure) [PSYoungGen: 65517K->1488K(65024K)] 464336K->400307K(563200K), 0.0016626 secs] [Times: user=0.01 sys=0.00, real=0.00 secs] 
2629.208: [GC (Allocation Failure) [PSYoungGen: 64976K->1485K(65536K)] 463795K->400312K(563712K), 0.0016445 secs] [Times: user=0.00 sys=0.00, real=0.00 secs] 
2629.923: [GC (Allocation Failure) [PSYoungGen: 64973K->1408K(64512K)] 463800K->400234K(562688K), 0.0022344 secs] [Times: user=0.01 sys=0.00, real=0.01 secs] 
2630.892: [GC (Allocation Failure) [PSYoungGen: 64384K->1344K(64000K)] 463210K->400170K(562176K), 0.0039551 secs] [Times: user=0.02 sys=0.00, real=0.01 secs] 
2631.625: [GC (Allocation Failure) [PSYoungGen: 63808K->1344K(63488K)] 462634K->400170K(561664K), 0.0032482 secs] [Times: user=0.01 sys=0.00, real=0.00 secs] 
2632.155: [GC (Allocation Failure) [PSYoungGen: 63296K->1312K(62976K)] 462122K->400138K(561152K), 0.0029687 secs] [Times: user=0.01 sys=0.00, real=0.00 secs] 
2632.428: [GC (Allocation Failure) [PSYoungGen: 62752K->1424K(62464K)] 461578K->400251K(560640K), 0.0021569 secs] [Times: user=0.01 sys=0.00, real=0.00 secs] 
2632.548: [GC (Allocation Failure) [PSYoungGen: 62352K->1456K(61952K)] 461179K->400283K(560128K), 0.0016907 secs] [Times: user=0.00 sys=0.00, real=0.00 secs] 
2632.656: [GC (Allocation Failure) [PSYoungGen: 61872K->1456K(62464K)] 460699K->400283K(560640K), 0.0016655 secs] [Times: user=0.01 sys=0.00, real=0.00 secs] 
2632.762: [GC (Allocation Failure) [PSYoungGen: 61872K->1517K(68096K)] 460699K->400352K(566272K), 0.0016533 secs] [Times: user=0.01 sys=0.00, real=0.01 secs] 
2632.879: [GC (Allocation Failure) [PSYoungGen: 67565K->1533K(68096K)] 466400K->400368K(566272K), 0.0016031 secs] [Times: user=0.01 sys=0.00, real=0.00 secs] 
2633.407: [GC (Allocation Failure) [PSYoungGen: 67581K->1408K(74752K)] 466416K->400242K(572928K), 0.0031466 secs] [Times: user=0.01 sys=0.00, real=0.00 secs] 
2634.018: [GC (Allocation Failure) [PSYoungGen: 74112K->1376K(73728K)] 472946K->400234K(571904K), 0.0030275 secs] [Times: user=0.01 sys=0.00, real=0.00 secs] 
2634.617: [GC (Allocation Failure) [PSYoungGen: 73568K->1344K(73216K)] 472426K->400202K(571392K), 0.0031307 secs] [Times: user=0.01 sys=0.00, real=0.00 secs] 
2634.968: [GC (Allocation Failure) [PSYoungGen: 73024K->1344K(72704K)] 471882K->400202K(570880K), 0.0022046 secs] [Times: user=0.01 sys=0.00, real=0.00 secs] 
2635.125: [GC (Allocation Failure) [PSYoungGen: 72512K->1533K(72192K)] 471370K->400392K(570368K), 0.0018797 secs] [Times: user=0.01 sys=0.00, real=0.00 secs] 
2635.250: [GC (Allocation Failure) [PSYoungGen: 72189K->1485K(72704K)] 471048K->400344K(570880K), 0.0039848 secs] [Times: user=0.01 sys=0.00, real=0.01 secs] 
2635.379: [GC (Allocation Failure) [PSYoungGen: 72141K->1485K(80896K)] 471000K->400360K(579072K), 0.0016598 secs] [Times: user=0.00 sys=0.00, real=0.00 secs] 
2635.921: [GC (Allocation Failure) [PSYoungGen: 80333K->1456K(80896K)] 479208K->400330K(579072K), 0.0021370 secs] [Times: user=0.00 sys=0.01, real=0.01 secs] 
2636.393: [GC (Allocation Failure) [PSYoungGen: 80304K->1376K(79872K)] 479178K->400250K(578048K), 0.0020713 secs] [Times: user=0.01 sys=0.00, real=0.01 secs] 
2636.722: [GC (Allocation Failure) [PSYoungGen: 79712K->1376K(79360K)] 478586K->400250K(577536K), 0.0021365 secs] [Times: user=0.01 sys=0.00, real=0.01 secs] 
2637.387: [GC (Allocation Failure) [PSYoungGen: 79200K->1376K(78848K)] 478074K->400250K(577024K), 0.0020991 secs] [Times: user=0.01 sys=0.00, real=0.00 secs] 
2637.675: [GC (Allocation Failure) [PSYoungGen: 78688K->1469K(78336K)] 477562K->400344K(576512K), 0.0017189 secs] [Times: user=0.00 sys=0.00, real=0.00 secs] 
2637.810: [GC (Allocation Failure) [PSYoungGen: 78269K->1501K(77824K)] 477144K->400376K(576000K), 0.0014396 secs] [Times: user=0.01 sys=0.00, real=0.00 secs] 
2637.944: [GC (Allocation Failure) [PSYoungGen: 77789K->1501K(77312K)] 476664K->400376K(575488K), 0.0016635 secs] [Times: user=0.01 sys=0.00, real=0.00 secs] 
2638.185: [GC (Allocation Failure) [PSYoungGen: 77277K->1424K(76800K)] 476152K->400298K(574976K), 0.0019584 secs] [Times: user=0.01 sys=0.00, real=0.00 secs] 
2638.660: [GC (Allocation Failure) [PSYoungGen: 76688K->1344K(76288K)] 475562K->400218K(574464K), 0.0019866 secs] [Times: user=0.01 sys=0.01, real=0.00 secs] 
2639.280: [GC (Allocation Failure) [PSYoungGen: 76096K->1344K(75776K)] 474970K->400218K(573952K), 0.0020776 secs] [Times: user=0.01 sys=0.00, real=0.00 secs] 
2639.875: [GC (Allocation Failure) [PSYoungGen: 75584K->1376K(75264K)] 474458K->400250K(573440K), 0.0022566 secs] [Times: user=0.01 sys=0.00, real=0.00 secs] 
2640.185: [GC (Allocation Failure) [PSYoungGen: 75104K->1472K(74752K)] 473978K->400347K(572928K), 0.0016140 secs] [Times: user=0.00 sys=0.00, real=0.00 secs] 
2640.313: [GC (Allocation Failure) [PSYoungGen: 74688K->1565K(74752K)] 473563K->400440K(572928K), 0.0017012 secs] [Times: user=0.00 sys=0.00, real=0.00 secs] 
2640.442: [GC (Allocation Failure) [PSYoungGen: 74269K->429K(72704K)] 473144K->400328K(570880K), 0.0018000 secs] [Times: user=0.00 sys=0.00, real=0.01 secs] 
2640.697: [GC (Allocation Failure) [PSYoungGen: 72621K->1472K(73728K)] 472520K->401370K(571904K), 0.0020479 secs] [Times: user=0.00 sys=0.00, real=0.00 secs] 
2641.688: [GC (Allocation Failure) [PSYoungGen: 73152K->1344K(72704K)] 473050K->401242K(570880K), 0.0022414 secs] [Times: user=0.01 sys=0.00, real=0.00 secs] 
2642.570: [GC (Allocation Failure) [PSYoungGen: 72512K->1344K(72192K)] 472410K->401242K(570368K), 0.0023983 secs] [Times: user=0.01 sys=0.00, real=0.00 secs] 
2643.771: [GC (Allocation Failure) [PSYoungGen: 72000K->1344K(71680K)] 471898K->401242K(569856K), 0.0043304 secs] [Times: user=0.01 sys=0.01, real=0.01 secs] 
2644.861: [GC (Allocation Failure) [PSYoungGen: 71488K->1357K(71168K)] 471386K->401256K(569344K), 0.0034305 secs] [Times: user=0.01 sys=0.01, real=0.01 secs] 
2645.072: [GC (Allocation Failure) [PSYoungGen: 70989K->1408K(70656K)] 470888K->401307K(568832K), 0.0043054 secs] [Times: user=0.01 sys=0.00, real=0.01 secs] 
2645.231: [GC (Allocation Failure) [PSYoungGen: 70528K->1485K(70144K)] 470427K->401384K(568320K), 0.0019940 secs] [Times: user=0.01 sys=0.00, real=0.00 secs] 
2645.388: [GC (Allocation Failure) [PSYoungGen: 70085K->1453K(69632K)] 469983K->401352K(567808K), 0.0016058 secs] [Times: user=0.01 sys=0.00, real=0.00 secs] 
2645.816: [GC (Allocation Failure) [PSYoungGen: 69549K->1456K(69120K)] 469448K->401354K(567296K), 0.0024224 secs] [Times: user=0.01 sys=0.00, real=0.00 secs] 
2646.495: [GC (Allocation Failure) [PSYoungGen: 69040K->1344K(68608K)] 468938K->401258K(566784K), 0.0022266 secs] [Times: user=0.00 sys=0.00, real=0.00 secs] 
2647.145: [GC (Allocation Failure) [PSYoungGen: 68416K->1376K(68096K)] 468330K->401290K(566272K), 0.0024592 secs] [Times: user=0.01 sys=0.00, real=0.00 secs] 
2647.817: [GC (Allocation Failure) [PSYoungGen: 67936K->1344K(67584K)] 467850K->401258K(565760K), 0.0025943 secs] [Times: user=0.01 sys=0.00, real=0.00 secs] 
2648.599: [GC (Allocation Failure) [PSYoungGen: 67392K->1405K(67072K)] 467306K->401320K(565248K), 0.0024133 secs] [Times: user=0.01 sys=0.00, real=0.00 secs] 
2648.754: [GC (Allocation Failure) [PSYoungGen: 66932K->1424K(66560K)] 466847K->401339K(564736K), 0.0016904 secs] [Times: user=0.01 sys=0.00, real=0.00 secs] 
2648.869: [GC (Allocation Failure) [PSYoungGen: 66448K->1485K(66048K)] 466363K->401400K(564224K), 0.0018130 secs] [Times: user=0.00 sys=0.00, real=0.00 secs] 
2648.985: [GC (Allocation Failure) [PSYoungGen: 65997K->1488K(65536K)] 465912K->401411K(563712K), 0.0016289 secs] [Times: user=0.00 sys=0.00, real=0.00 secs] 
2649.338: [GC (Allocation Failure) [PSYoungGen: 65488K->1392K(65024K)] 465411K->401314K(563200K), 0.0022031 secs] [Times: user=0.01 sys=0.00, real=0.00 secs] 
2649.705: [GC (Allocation Failure) [PSYoungGen: 64880K->1312K(64512K)] 464802K->401234K(562688K), 0.0020947 secs] [Times: user=0.01 sys=0.00, real=0.00 secs] 
2649.972: [GC (Allocation Failure) [PSYoungGen: 64288K->1344K(64000K)] 464210K->401266K(562176K), 0.0020800 secs] [Times: user=0.01 sys=0.00, real=0.01 secs] 
2650.232: [GC (Allocation Failure) [PSYoungGen: 63808K->1344K(63488K)] 463730K->401266K(561664K), 0.0019417 secs] [Times: user=0.01 sys=0.00, real=0.01 secs] 
2650.489: [GC (Allocation Failure) [PSYoungGen: 63296K->1376K(62976K)] 463218K->401298K(561152K), 0.0020972 secs] [Times: user=0.00 sys=0.00, real=0.00 secs] 
2650.666: [GC (Allocation Failure) [PSYoungGen: 62816K->1501K(62464K)] 462738K->401424K(560640K), 0.0015699 secs] [Times: user=0.01 sys=0.00, real=0.00 secs] 
2650.774: [GC (Allocation Failure) [PSYoungGen: 62429K->1456K(61952K)] 462352K->401379K(560128K), 0.0017415 secs] [Times: user=0.00 sys=0.00, real=0.00 secs] 
2650.880: [GC (Allocation Failure) [PSYoungGen: 61872K->1424K(68096K)] 461795K->401355K(566272K), 0.0016079 secs] [Times: user=0.01 sys=0.00, real=0.00 secs] 
2650.998: [GC (Allocation Failure) [PSYoungGen: 67984K->1485K(70144K)] 467915K->401416K(568320K), 0.0016214 secs] [Times: user=0.01 sys=0.00, real=0.00 secs] 
2651.945: [GC (Allocation Failure) [PSYoungGen: 69581K->1424K(69120K)] 469512K->401362K(567296K), 0.0037661 secs] [Times: user=0.01 sys=0.00, real=0.00 secs] 
2652.918: [GC (Allocation Failure) [PSYoungGen: 69008K->1376K(68608K)] 468946K->401314K(566784K), 0.0031867 secs] [Times: user=0.01 sys=0.00, real=0.00 secs] 
2653.663: [GC (Allocation Failure) [PSYoungGen: 68448K->1376K(68096K)] 468386K->401330K(566272K), 0.0032407 secs] [Times: user=0.02 sys=0.00, real=0.01 secs] 
2654.225: [GC (Allocation Failure) [PSYoungGen: 67936K->1344K(67584K)] 467890K->401298K(565760K), 0.0033641 secs] [Times: user=0.01 sys=0.00, real=0.00 secs] 
2654.764: [GC (Allocation Failure) [PSYoungGen: 67392K->1440K(67072K)] 467346K->401411K(565248K), 0.0023304 secs] [Times: user=0.01 sys=0.00, real=0.00 secs] 
2654.908: [GC (Allocation Failure) [PSYoungGen: 66976K->1456K(66560K)] 466947K->401427K(564736K), 0.0017544 secs] [Times: user=0.00 sys=0.00, real=0.00 secs] 
2655.023: [GC (Allocation Failure) [PSYoungGen: 66480K->1485K(66048K)] 466451K->401472K(564224K), 0.0016245 secs] [Times: user=0.01 sys=0.00, real=0.01 secs] 
2655.137: [GC (Allocation Failure) [PSYoungGen: 65997K->1485K(71680K)] 465984K->401472K(569856K), 0.0016994 secs] [Times: user=0.01 sys=0.00, real=0.00 secs] 
2655.591: [GC (Allocation Failure) [PSYoungGen: 71117K->1440K(70656K)] 471104K->401426K(568832K), 0.0019274 secs] [Times: user=0.00 sys=0.00, real=0.00 secs] 
2656.234: [GC (Allocation Failure) [PSYoungGen: 70560K->1344K(70144K)] 470546K->401330K(568320K), 0.0020641 secs] [Times: user=0.01 sys=0.00, real=0.00 secs] 
2656.536: [GC (Allocation Failure) [PSYoungGen: 69952K->1344K(69632K)] 469938K->401330K(567808K), 0.0020010 secs] [Times: user=0.01 sys=0.00, real=0.00 secs] 
2656.943: [GC (Allocation Failure) [PSYoungGen: 69440K->1376K(69120K)] 469426K->401362K(567296K), 0.0021929 secs] [Times: user=0.01 sys=0.00, real=0.01 secs] 
2657.401: [GC (Allocation Failure) [PSYoungGen: 68960K->1421K(68608K)] 468946K->401408K(566784K), 0.0020520 secs] [Times: user=0.00 sys=0.00, real=0.00 secs] 
2657.565: [GC (Allocation Failure) [PSYoungGen: 68493K->1453K(68096K)] 468480K->401440K(566272K), 0.0022536 secs] [Times: user=0.01 sys=0.00, real=0.00 secs] 
2657.712: [GC (Allocation Failure) [PSYoungGen: 68013K->1517K(67584K)] 468000K->401504K(565760K), 0.0016707 secs] [Times: user=0.01 sys=0.00, real=0.01 secs] 
2657.856: [GC (Allocation Failure) [PSYoungGen: 67565K->1485K(69632K)] 467552K->401480K(567808K), 0.0021502 secs] [Times: user=0.00 sys=0.00, real=0.00 secs] 
2658.411: [GC (Allocation Failure) [PSYoungGen: 69069K->1456K(68608K)] 469064K->401450K(566784K), 0.0031698 secs] [Times: user=0.01 sys=0.00, real=0.01 secs] 
2659.359: [GC (Allocation Failure) [PSYoungGen: 68528K->1376K(68096K)] 468522K->401370K(566272K), 0.0034227 secs] [Times: user=0.01 sys=0.00, real=0.00 secs] 
2660.217: [GC (Allocation Failure) [PSYoungGen: 67936K->1344K(67584K)] 467930K->401338K(565760K), 0.0040164 secs] [Times: user=0.02 sys=0.00, real=0.00 secs] 
2661.208: [GC (Allocation Failure) [PSYoungGen: 67392K->1344K(67072K)] 467386K->401338K(565248K), 0.0034721 secs] [Times: user=0.01 sys=0.00, real=0.00 secs] 
2662.056: [GC (Allocation Failure) [PSYoungGen: 66880K->1424K(66560K)] 466874K->401419K(564736K), 0.0037990 secs] [Times: user=0.02 sys=0.00, real=0.00 secs] 
2662.220: [GC (Allocation Failure) [PSYoungGen: 66448K->1485K(66048K)] 466443K->401480K(564224K), 0.0015728 secs] [Times: user=0.00 sys=0.00, real=0.00 secs] 
2662.334: [GC (Allocation Failure) [PSYoungGen: 65997K->1453K(65536K)] 465992K->401448K(563712K), 0.0019232 secs] [Times: user=0.01 sys=0.00, real=0.00 secs] 
2662.465: [GC (Allocation Failure) [PSYoungGen: 65453K->1456K(70656K)] 465448K->401467K(568832K), 0.0019060 secs] [Times: user=0.01 sys=0.00, real=0.00 secs] 
2662.820: [GC (Allocation Failure) [PSYoungGen: 70064K->1488K(69632K)] 470075K->401498K(567808K), 0.0021947 secs] [Times: user=0.01 sys=0.00, real=0.00 secs] 
2663.630: [GC (Allocation Failure) [PSYoungGen: 69584K->1344K(69120K)] 469594K->401354K(567296K), 0.0038369 secs] [Times: user=0.02 sys=0.00, real=0.01 secs] 
2664.418: [GC (Allocation Failure) [PSYoungGen: 68928K->1344K(68608K)] 468938K->401354K(566784K), 0.0032259 secs] [Times: user=0.02 sys=0.00, real=0.00 secs] 
2664.949: [GC (Allocation Failure) [PSYoungGen: 68416K->1344K(68096K)] 468426K->401354K(566272K), 0.0030076 secs] [Times: user=0.01 sys=0.00, real=0.00 secs] 
2665.436: [GC (Allocation Failure) [PSYoungGen: 67904K->1421K(67584K)] 467914K->401432K(565760K), 0.0023992 secs] [Times: user=0.01 sys=0.00, real=0.00 secs] 
2665.593: [GC (Allocation Failure) [PSYoungGen: 67469K->1485K(67072K)] 467480K->401496K(565248K), 0.0017052 secs] [Times: user=0.01 sys=0.00, real=0.00 secs] 
2665.712: [GC (Allocation Failure) [PSYoungGen: 67015K->1517K(66560K)] 467025K->401528K(564736K), 0.0015916 secs] [Times: user=0.01 sys=0.00, real=0.01 secs] 
2665.843: [GC (Allocation Failure) [PSYoungGen: 66541K->1488K(68608K)] 466552K->401523K(566784K), 0.0020988 secs] [Times: user=0.01 sys=0.00, real=0.00 secs] 
2666.243: [GC (Allocation Failure) [PSYoungGen: 68048K->1504K(67584K)] 468083K->401538K(565760K), 0.0022413 secs] [Times: user=0.01 sys=0.00, real=0.00 secs] 
2666.858: [GC (Allocation Failure) [PSYoungGen: 67552K->1376K(67072K)] 467586K->401410K(565248K), 0.0027698 secs] [Times: user=0.01 sys=0.01, real=0.00 secs] 
2667.396: [GC (Allocation Failure) [PSYoungGen: 66912K->1344K(66560K)] 466946K->401378K(564736K), 0.0022097 secs] [Times: user=0.01 sys=0.00, real=0.00 secs] 
2667.672: [GC (Allocation Failure) [PSYoungGen: 66368K->1344K(66048K)] 466402K->401378K(564224K), 0.0024179 secs] [Times: user=0.01 sys=0.00, real=0.01 secs] 
2668.086: [GC (Allocation Failure) [PSYoungGen: 65856K->1344K(65536K)] 465890K->401378K(563712K), 0.0025447 secs] [Times: user=0.01 sys=0.00, real=0.00 secs] 
2668.282: [GC (Allocation Failure) [PSYoungGen: 65344K->1453K(65024K)] 465378K->401488K(563200K), 0.0016975 secs] [Times: user=0.01 sys=0.00, real=0.01 secs] 
2668.394: [GC (Allocation Failure) [PSYoungGen: 64941K->1453K(64512K)] 464976K->401488K(562688K), 0.0015995 secs] [Times: user=0.00 sys=0.00, real=0.00 secs] 
2668.504: [GC (Allocation Failure) [PSYoungGen: 64429K->1424K(70144K)] 464464K->401467K(568320K), 0.0014698 secs] [Times: user=0.01 sys=0.00, real=0.00 secs] 
2668.624: [GC (Allocation Failure) [PSYoungGen: 69520K->1501K(71168K)] 469563K->401544K(569344K), 0.0015983 secs] [Times: user=0.01 sys=0.00, real=0.00 secs] 
2669.308: [GC (Allocation Failure) [PSYoungGen: 70621K->1408K(70144K)] 470664K->401450K(568320K), 0.0021486 secs] [Times: user=0.01 sys=0.00, real=0.00 secs] 
2669.980: [GC (Allocation Failure) [PSYoungGen: 70016K->1344K(69632K)] 470058K->401386K(567808K), 0.0038025 secs] [Times: user=0.02 sys=0.00, real=0.01 secs] 
2670.311: [GC (Allocation Failure) [PSYoungGen: 69440K->1344K(69120K)] 469482K->401386K(567296K), 0.0021078 secs] [Times: user=0.01 sys=0.00, real=0.00 secs] 
2670.636: [GC (Allocation Failure) [PSYoungGen: 68928K->1376K(68608K)] 468970K->401418K(566784K), 0.0020632 secs] [Times: user=0.01 sys=0.00, real=0.00 secs] 
2670.812: [GC (Allocation Failure) [PSYoungGen: 68448K->1469K(68096K)] 468490K->401512K(566272K), 0.0016972 secs] [Times: user=0.00 sys=0.00, real=0.01 secs] 
2670.928: [GC (Allocation Failure) [PSYoungGen: 68029K->1488K(67584K)] 468072K->401531K(565760K), 0.0017164 secs] [Times: user=0.00 sys=0.00, real=0.00 secs] 
2671.045: [GC (Allocation Failure) [PSYoungGen: 67536K->1520K(68096K)] 467579K->401571K(566272K), 0.0015117 secs] [Times: user=0.01 sys=0.00, real=0.00 secs] 
2671.162: [GC (Allocation Failure) [PSYoungGen: 67568K->1469K(74240K)] 467619K->401520K(572416K), 0.0016396 secs] [Times: user=0.00 sys=0.00, real=0.01 secs] 
2671.504: [GC (Allocation Failure) [PSYoungGen: 73661K->1440K(73216K)] 473712K->401490K(571392K), 0.0019601 secs] [Times: user=0.01 sys=0.00, real=0.00 secs] 
2671.904: [GC (Allocation Failure) [PSYoungGen: 73120K->1344K(72704K)] 473170K->401394K(570880K), 0.0021900 secs] [Times: user=0.01 sys=0.00, real=0.00 secs] 
2672.405: [GC (Allocation Failure) [PSYoungGen: 72512K->1376K(72192K)] 472562K->401426K(570368K), 0.0021858 secs] [Times: user=0.01 sys=0.00, real=0.00 secs] 
2673.038: [GC (Allocation Failure) [PSYoungGen: 72032K->1392K(71680K)] 472082K->401443K(569856K), 0.0022472 secs] [Times: user=0.01 sys=0.00, real=0.00 secs] 
2673.241: [GC (Allocation Failure) [PSYoungGen: 71536K->1485K(71168K)] 471587K->401552K(569344K), 0.0026273 secs] [Times: user=0.01 sys=0.00, real=0.01 secs] 
2673.394: [GC (Allocation Failure) [PSYoungGen: 71117K->1485K(70656K)] 471184K->401552K(568832K), 0.0017703 secs] [Times: user=0.01 sys=0.00, real=0.00 secs] 
2673.517: [GC (Allocation Failure) [PSYoungGen: 70605K->1517K(70144K)] 470672K->401584K(568320K), 0.0017329 secs] [Times: user=0.00 sys=0.00, real=0.00 secs] 
2673.927: [GC (Allocation Failure) [PSYoungGen: 70125K->1456K(69632K)] 470192K->401522K(567808K), 0.0027087 secs] [Times: user=0.01 sys=0.00, real=0.00 secs] 
2674.897: [GC (Allocation Failure) [PSYoungGen: 69552K->1344K(69120K)] 469618K->401410K(567296K), 0.0071191 secs] [Times: user=0.03 sys=0.00, real=0.01 secs] 
2675.868: [GC (Allocation Failure) [PSYoungGen: 68928K->1376K(68608K)] 468994K->401442K(566784K), 0.0046675 secs] [Times: user=0.02 sys=0.01, real=0.00 secs] 
2676.680: [GC (Allocation Failure) [PSYoungGen: 68448K->1344K(68096K)] 468514K->401410K(566272K), 0.0038216 secs] [Times: user=0.02 sys=0.00, real=0.01 secs] 
2677.322: [GC (Allocation Failure) [PSYoungGen: 67904K->1424K(67584K)] 467970K->401491K(565760K), 0.0027410 secs] [Times: user=0.01 sys=0.00, real=0.01 secs] 
2677.505: [GC (Allocation Failure) [PSYoungGen: 67472K->1485K(67072K)] 467539K->401552K(565248K), 0.0017170 secs] [Times: user=0.00 sys=0.00, real=0.00 secs] 
2677.639: [GC (Allocation Failure) [PSYoungGen: 67021K->1488K(66560K)] 467088K->401555K(564736K), 0.0020381 secs] [Times: user=0.01 sys=0.00, real=0.00 secs] 
2677.786: [GC (Allocation Failure) [PSYoungGen: 66512K->1453K(67072K)] 466579K->401520K(565248K), 0.0021193 secs] [Times: user=0.00 sys=0.00, real=0.00 secs] 
2678.044: [GC (Allocation Failure) [PSYoungGen: 66477K->1440K(66048K)] 466544K->401506K(564224K), 0.0021314 secs] [Times: user=0.01 sys=0.00, real=0.00 secs] 
2679.082: [GC (Allocation Failure) [PSYoungGen: 65952K->1376K(65536K)] 466018K->401442K(563712K), 0.0039248 secs] [Times: user=0.01 sys=0.00, real=0.01 secs] 
2679.786: [GC (Allocation Failure) [PSYoungGen: 65376K->1344K(65024K)] 465442K->401410K(563200K), 0.0030423 secs] [Times: user=0.02 sys=0.00, real=0.00 secs] 
2680.391: [GC (Allocation Failure) [PSYoungGen: 64832K->1312K(64512K)] 464898K->401378K(562688K), 0.0028793 secs] [Times: user=0.01 sys=0.00, real=0.01 secs] 
2681.031: [GC (Allocation Failure) [PSYoungGen: 64288K->1344K(64000K)] 464354K->401410K(562176K), 0.0025362 secs] [Times: user=0.01 sys=0.00, real=0.01 secs] 
2681.378: [GC (Allocation Failure) [PSYoungGen: 63808K->1424K(63488K)] 463874K->401491K(561664K), 0.0022073 secs] [Times: user=0.01 sys=0.00, real=0.00 secs] 
2681.499: [GC (Allocation Failure) [PSYoungGen: 63376K->1485K(62976K)] 463443K->401552K(561152K), 0.0016686 secs] [Times: user=0.00 sys=0.01, real=0.00 secs] 
2681.607: [GC (Allocation Failure) [PSYoungGen: 62925K->1472K(62464K)] 462992K->401547K(560640K), 0.0018075 secs] [Times: user=0.01 sys=0.00, real=0.00 secs] 
2681.715: [GC (Allocation Failure) [PSYoungGen: 62398K->1520K(68608K)] 462472K->401595K(566784K), 0.0016660 secs] [Times: user=0.01 sys=0.00, real=0.00 secs] 
2682.093: [GC (Allocation Failure) [PSYoungGen: 68592K->1424K(68096K)] 468667K->401498K(566272K), 0.0017348 secs] [Times: user=0.01 sys=0.00, real=0.01 secs] 
2682.837: [GC (Allocation Failure) [PSYoungGen: 67984K->1344K(67584K)] 468058K->401418K(565760K), 0.0023017 secs] [Times: user=0.01 sys=0.00, real=0.00 secs] 
2683.200: [GC (Allocation Failure) [PSYoungGen: 67392K->1376K(67072K)] 467466K->401450K(565248K), 0.0021970 secs] [Times: user=0.01 sys=0.00, real=0.00 secs] 
2683.473: [GC (Allocation Failure) [PSYoungGen: 66912K->1376K(66560K)] 466986K->401450K(564736K), 0.0021953 secs] [Times: user=0.01 sys=0.00, real=0.01 secs] 
2683.722: [GC (Allocation Failure) [PSYoungGen: 66400K->1421K(66048K)] 466474K->401496K(564224K), 0.0016991 secs] [Times: user=0.00 sys=0.00, real=0.01 secs] 
2683.836: [GC (Allocation Failure) [PSYoungGen: 65933K->1424K(65536K)] 466008K->401499K(563712K), 0.0015483 secs] [Times: user=0.01 sys=0.00, real=0.00 secs] 
2683.949: [GC (Allocation Failure) [PSYoungGen: 65424K->1485K(66048K)] 465499K->401576K(564224K), 0.0016930 secs] [Times: user=0.01 sys=0.00, real=0.00 secs] 
2684.063: [GC (Allocation Failure) [PSYoungGen: 65485K->1501K(72192K)] 465576K->401616K(570368K), 0.0016584 secs] [Times: user=0.01 sys=0.00, real=0.01 secs] 
2684.707: [GC (Allocation Failure) [PSYoungGen: 71645K->1392K(71168K)] 471760K->401514K(569344K), 0.0025117 secs] [Times: user=0.01 sys=0.00, real=0.00 secs] 
2685.676: [GC (Allocation Failure) [PSYoungGen: 71024K->1344K(70656K)] 471146K->401466K(568832K), 0.0023348 secs] [Times: user=0.01 sys=0.00, real=0.00 secs] 
2686.496: [GC (Allocation Failure) [PSYoungGen: 70464K->1376K(70144K)] 470586K->401498K(568320K), 0.0024887 secs] [Times: user=0.01 sys=0.00, real=0.00 secs] 
2687.368: [GC (Allocation Failure) [PSYoungGen: 69984K->1376K(69632K)] 470106K->401498K(567808K), 0.0023834 secs] [Times: user=0.01 sys=0.00, real=0.00 secs] 
2688.064: [GC (Allocation Failure) [PSYoungGen: 69472K->1421K(69120K)] 469594K->401544K(567296K), 0.0021254 secs] [Times: user=0.00 sys=0.00, real=0.00 secs] 
2688.205: [GC (Allocation Failure) [PSYoungGen: 69005K->1485K(68608K)] 469128K->401608K(566784K), 0.0016699 secs] [Times: user=0.01 sys=0.00, real=0.00 secs] 
2688.323: [GC (Allocation Failure) [PSYoungGen: 68557K->1485K(68096K)] 468680K->401608K(566272K), 0.0016671 secs] [Times: user=0.00 sys=0.00, real=0.00 secs] 
2688.458: [GC (Allocation Failure) [PSYoungGen: 68045K->1453K(67584K)] 468168K->401584K(565760K), 0.0019945 secs] [Times: user=0.01 sys=0.00, real=0.00 secs] 
2688.691: [GC (Allocation Failure) [PSYoungGen: 67501K->1456K(67072K)] 467632K->401594K(565248K), 0.0021318 secs] [Times: user=0.01 sys=0.00, real=0.00 secs] 
2689.055: [GC (Allocation Failure) [PSYoungGen: 66992K->1344K(66560K)] 467130K->401482K(564736K), 0.0022733 secs] [Times: user=0.01 sys=0.00, real=0.00 secs] 
2689.768: [GC (Allocation Failure) [PSYoungGen: 66368K->1344K(66048K)] 466506K->401482K(564224K), 0.0024753 secs] [Times: user=0.01 sys=0.00, real=0.00 secs] 
2690.575: [GC (Allocation Failure) [PSYoungGen: 65856K->1408K(65536K)] 465994K->401546K(563712K), 0.0027271 secs] [Times: user=0.01 sys=0.00, real=0.00 secs] 
2691.367: [GC (Allocation Failure) [PSYoungGen: 65408K->1453K(65024K)] 465546K->401592K(563200K), 0.0027868 secs] [Times: user=0.01 sys=0.00, real=0.00 secs] 
2691.533: [GC (Allocation Failure) [PSYoungGen: 64941K->1520K(64512K)] 465080K->401659K(562688K), 0.0017191 secs] [Times: user=0.01 sys=0.00, real=0.00 secs] 
2691.644: [GC (Allocation Failure) [PSYoungGen: 64496K->1453K(64000K)] 464635K->401592K(562176K), 0.0016719 secs] [Times: user=0.01 sys=0.00, real=0.00 secs] 
2691.755: [GC (Allocation Failure) [PSYoungGen: 63917K->1485K(64512K)] 464056K->401640K(562688K), 0.0018191 secs] [Times: user=0.01 sys=0.00, real=0.00 secs] 
2691.866: [GC (Allocation Failure) [PSYoungGen: 63949K->1485K(64512K)] 464104K->401640K(562688K), 0.0016546 secs] [Times: user=0.01 sys=0.00, real=0.00 secs] 
2692.157: [GC (Allocation Failure) [PSYoungGen: 63949K->1440K(70144K)] 464104K->401594K(568320K), 0.0018318 secs] [Times: user=0.01 sys=0.00, real=0.00 secs] 
2692.442: [GC (Allocation Failure) [PSYoungGen: 70048K->1408K(69632K)] 470202K->401562K(567808K), 0.0018094 secs] [Times: user=0.01 sys=0.00, real=0.01 secs] 
2692.792: [GC (Allocation Failure) [PSYoungGen: 69504K->1376K(69120K)] 469658K->401530K(567296K), 0.0027219 secs] [Times: user=0.01 sys=0.00, real=0.01 secs] 
2693.411: [GC (Allocation Failure) [PSYoungGen: 68960K->1408K(68608K)] 469114K->401562K(566784K), 0.0032215 secs] [Times: user=0.01 sys=0.00, real=0.01 secs] 
2693.727: [GC (Allocation Failure) [PSYoungGen: 68480K->1485K(68096K)] 468634K->401640K(566272K), 0.0020236 secs] [Times: user=0.01 sys=0.00, real=0.00 secs] 
2693.852: [GC (Allocation Failure) [PSYoungGen: 68045K->1488K(67584K)] 468200K->401667K(565760K), 0.0017175 secs] [Times: user=0.00 sys=0.00, real=0.01 secs] 
2693.987: [GC (Allocation Failure) [PSYoungGen: 67536K->1488K(68096K)] 467715K->401683K(566272K), 0.0020167 secs] [Times: user=0.01 sys=0.00, real=0.00 secs] 
2694.134: [GC (Allocation Failure) [PSYoungGen: 67536K->1485K(68096K)] 467731K->401680K(566272K), 0.0020922 secs] [Times: user=0.01 sys=0.00, real=0.00 secs] 
2695.618: [GC (Allocation Failure) [PSYoungGen: 67533K->1440K(67072K)] 467728K->401634K(565248K), 0.0040251 secs] [Times: user=0.01 sys=0.00, real=0.00 secs] 
2695.905: [GC (Allocation Failure) [PSYoungGen: 66976K->1344K(66560K)] 467170K->401538K(564736K), 0.0022943 secs] [Times: user=0.01 sys=0.00, real=0.00 secs] 
2696.176: [GC (Allocation Failure) [PSYoungGen: 66368K->1376K(66048K)] 466562K->401578K(564224K), 0.0020566 secs] [Times: user=0.01 sys=0.00, real=0.00 secs] 
2696.718: [GC (Allocation Failure) [PSYoungGen: 65888K->1312K(65536K)] 466090K->401514K(563712K), 0.0022733 secs] [Times: user=0.01 sys=0.00, real=0.00 secs] 
2697.092: [GC (Allocation Failure) [PSYoungGen: 65312K->1472K(65024K)] 465514K->401675K(563200K), 0.0023566 secs] [Times: user=0.01 sys=0.00, real=0.01 secs] 
2697.230: [GC (Allocation Failure) [PSYoungGen: 64960K->1485K(64512K)] 465163K->401688K(562688K), 0.0017159 secs] [Times: user=0.01 sys=0.00, real=0.00 secs] 
2697.341: [GC (Allocation Failure) [PSYoungGen: 64461K->1485K(64000K)] 464664K->401688K(562176K), 0.0016367 secs] [Times: user=0.01 sys=0.00, real=0.00 secs] 
2697.452: [GC (Allocation Failure) [PSYoungGen: 63949K->1517K(71168K)] 464152K->401728K(569344K), 0.0017763 secs] [Times: user=0.01 sys=0.00, real=0.01 secs] 
2697.896: [GC (Allocation Failure) [PSYoungGen: 70637K->1424K(70144K)] 470848K->401634K(568320K), 0.0020705 secs] [Times: user=0.01 sys=0.00, real=0.00 secs] 
2698.182: [GC (Allocation Failure) [PSYoungGen: 70032K->1360K(69632K)] 470242K->401570K(567808K), 0.0020823 secs] [Times: user=0.01 sys=0.00, real=0.01 secs] 
2698.465: [GC (Allocation Failure) [PSYoungGen: 69456K->1376K(69120K)] 469666K->401586K(567296K), 0.0020757 secs] [Times: user=0.01 sys=0.00, real=0.00 secs] 
2698.748: [GC (Allocation Failure) [PSYoungGen: 68960K->1376K(68608K)] 469170K->401586K(566784K), 0.0020332 secs] [Times: user=0.01 sys=0.00, real=0.00 secs] 
2699.018: [GC (Allocation Failure) [PSYoungGen: 68448K->1389K(68096K)] 468658K->401600K(566272K), 0.0017368 secs] [Times: user=0.01 sys=0.00, real=0.00 secs] 
2699.135: [GC (Allocation Failure) [PSYoungGen: 67949K->1517K(67584K)] 468160K->401728K(565760K), 0.0016394 secs] [Times: user=0.01 sys=0.00, real=0.00 secs] 
2699.252: [GC (Allocation Failure) [PSYoungGen: 67565K->1488K(68096K)] 467776K->401699K(566272K), 0.0016727 secs] [Times: user=0.00 sys=0.00, real=0.01 secs] 
2699.369: [GC (Allocation Failure) [PSYoungGen: 67536K->1488K(68096K)] 467747K->401707K(566272K), 0.0016613 secs] [Times: user=0.00 sys=0.00, real=0.00 secs] 
2700.141: [GC (Allocation Failure) [PSYoungGen: 67536K->1424K(67072K)] 467755K->401642K(565248K), 0.0026751 secs] [Times: user=0.01 sys=0.00, real=0.01 secs] 
2700.950: [GC (Allocation Failure) [PSYoungGen: 66960K->1360K(66560K)] 467178K->401578K(564736K), 0.0029804 secs] [Times: user=0.01 sys=0.00, real=0.01 secs] 
2701.656: [GC (Allocation Failure) [PSYoungGen: 66384K->1376K(66048K)] 466602K->401594K(564224K), 0.0035393 secs] [Times: user=0.01 sys=0.00, real=0.00 secs] 
2702.431: [GC (Allocation Failure) [PSYoungGen: 65888K->1392K(65536K)] 466106K->401610K(563712K), 0.0028350 secs] [Times: user=0.01 sys=0.00, real=0.01 secs] 
2702.932: [GC (Allocation Failure) [PSYoungGen: 65378K->1405K(65024K)] 465597K->401624K(563200K), 0.0023445 secs] [Times: user=0.01 sys=0.00, real=0.01 secs] 
2703.078: [GC (Allocation Failure) [PSYoungGen: 64893K->1517K(64512K)] 465112K->401736K(562688K), 0.0017268 secs] [Times: user=0.01 sys=0.00, real=0.00 secs] 
2703.189: [GC (Allocation Failure) [PSYoungGen: 64493K->1501K(64000K)] 464712K->401720K(562176K), 0.0016761 secs] [Times: user=0.01 sys=0.00, real=0.00 secs] 
2703.299: [GC (Allocation Failure) [PSYoungGen: 63965K->1485K(70144K)] 464184K->401712K(568320K), 0.0016882 secs] [Times: user=0.00 sys=0.00, real=0.00 secs] 
2703.779: [GC (Allocation Failure) [PSYoungGen: 70093K->1408K(69632K)] 470320K->401634K(567808K), 0.0036096 secs] [Times: user=0.02 sys=0.00, real=0.00 secs] 
2704.481: [GC (Allocation Failure) [PSYoungGen: 69504K->1376K(69120K)] 469730K->401626K(567296K), 0.0029658 secs] [Times: user=0.01 sys=0.00, real=0.01 secs] 
2705.123: [GC (Allocation Failure) [PSYoungGen: 68960K->1376K(68608K)] 469210K->401626K(566784K), 0.0030478 secs] [Times: user=0.01 sys=0.00, real=0.01 secs] 
2705.775: [GC (Allocation Failure) [PSYoungGen: 68448K->1344K(68096K)] 468698K->401594K(566272K), 0.0031072 secs] [Times: user=0.01 sys=0.01, real=0.00 secs] 
2706.269: [GC (Allocation Failure) [PSYoungGen: 67904K->1344K(67584K)] 468154K->401594K(565760K), 0.0023097 secs] [Times: user=0.01 sys=0.00, real=0.00 secs] 
2706.435: [GC (Allocation Failure) [PSYoungGen: 67392K->1453K(67072K)] 467642K->401704K(565248K), 0.0016208 secs] [Times: user=0.01 sys=0.00, real=0.00 secs] 
2706.557: [GC (Allocation Failure) [PSYoungGen: 66989K->1469K(66560K)] 467240K->401720K(564736K), 0.0014877 secs] [Times: user=0.01 sys=0.00, real=0.00 secs] 
2706.675: [GC (Allocation Failure) [PSYoungGen: 66493K->1453K(66048K)] 466744K->401712K(564224K), 0.0017849 secs] [Times: user=0.01 sys=0.00, real=0.00 secs] 
2706.806: [GC (Allocation Failure) [PSYoungGen: 65965K->1504K(66560K)] 466224K->401762K(564736K), 0.0019579 secs] [Times: user=0.01 sys=0.00, real=0.00 secs] 
2707.231: [GC (Allocation Failure) [PSYoungGen: 66016K->1344K(65536K)] 466274K->401602K(563712K), 0.0021660 secs] [Times: user=0.01 sys=0.00, real=0.01 secs] 
2707.498: [GC (Allocation Failure) [PSYoungGen: 65344K->1344K(65024K)] 465602K->401602K(563200K), 0.0021730 secs] [Times: user=0.01 sys=0.00, real=0.00 secs] 
2707.886: [GC (Allocation Failure) [PSYoungGen: 64832K->1344K(64512K)] 465090K->401610K(562688K), 0.0022743 secs] [Times: user=0.01 sys=0.00, real=0.00 secs] 
2708.368: [GC (Allocation Failure) [PSYoungGen: 64320K->1376K(64000K)] 464586K->401642K(562176K), 0.0023215 secs] [Times: user=0.00 sys=0.00, real=0.00 secs] 
2708.653: [GC (Allocation Failure) [PSYoungGen: 63840K->1485K(63488K)] 464106K->401752K(561664K), 0.0020253 secs] [Times: user=0.01 sys=0.00, real=0.01 secs] 
2708.771: [GC (Allocation Failure) [PSYoungGen: 63437K->1472K(62976K)] 463704K->401739K(561152K), 0.0018546 secs] [Times: user=0.01 sys=0.00, real=0.00 secs] 
2708.880: [GC (Allocation Failure) [PSYoungGen: 62912K->1456K(63488K)] 463179K->401731K(561664K), 0.0016556 secs] [Times: user=0.01 sys=0.00, real=0.00 secs] 
2709.003: [GC (Allocation Failure) [PSYoungGen: 62896K->1533K(69632K)] 463171K->401808K(567808K), 0.0022243 secs] [Times: user=0.00 sys=0.00, real=0.00 secs] 
2709.694: [GC (Allocation Failure) [PSYoungGen: 69117K->1424K(69632K)] 469392K->401698K(567808K), 0.0032978 secs] [Times: user=0.01 sys=0.00, real=0.00 secs] 
2710.273: [GC (Allocation Failure) [PSYoungGen: 69008K->1376K(68608K)] 469282K->401650K(566784K), 0.0028736 secs] [Times: user=0.01 sys=0.00, real=0.00 secs] 
2710.826: [GC (Allocation Failure) [PSYoungGen: 68448K->1376K(68096K)] 468722K->401650K(566272K), 0.0037018 secs] [Times: user=0.01 sys=0.01, real=0.00 secs] 
2711.444: [GC (Allocation Failure) [PSYoungGen: 67936K->1344K(67584K)] 468210K->401618K(565760K), 0.0033605 secs] [Times: user=0.01 sys=0.00, real=0.00 secs] 
2711.799: [GC (Allocation Failure) [PSYoungGen: 67392K->1533K(67072K)] 467666K->401808K(565248K), 0.0021402 secs] [Times: user=0.00 sys=0.00, real=0.00 secs] 
2711.926: [GC (Allocation Failure) [PSYoungGen: 67069K->1485K(66560K)] 467344K->401760K(564736K), 0.0017691 secs] [Times: user=0.01 sys=0.00, real=0.00 secs] 
2712.042: [GC (Allocation Failure) [PSYoungGen: 66509K->1533K(72704K)] 466784K->401816K(570880K), 0.0016985 secs] [Times: user=0.01 sys=0.00, real=0.01 secs] 
2712.170: [GC (Allocation Failure) [PSYoungGen: 72701K->1517K(73216K)] 472984K->401800K(571392K), 0.0016603 secs] [Times: user=0.01 sys=0.00, real=0.00 secs] 
2712.686: [GC (Allocation Failure) [PSYoungGen: 72685K->1424K(72192K)] 472968K->401706K(570368K), 0.0020395 secs] [Times: user=0.01 sys=0.00, real=0.00 secs] 
2713.343: [GC (Allocation Failure) [PSYoungGen: 72080K->1344K(71680K)] 472362K->401626K(569856K), 0.0023838 secs] [Times: user=0.01 sys=0.00, real=0.00 secs] 
2714.094: [GC (Allocation Failure) [PSYoungGen: 71488K->1344K(71168K)] 471770K->401650K(569344K), 0.0045665 secs] [Times: user=0.02 sys=0.00, real=0.00 secs] 
2715.012: [GC (Allocation Failure) [PSYoungGen: 70976K->1376K(70656K)] 471282K->401682K(568832K), 0.0031142 secs] [Times: user=0.02 sys=0.00, real=0.01 secs] 
2715.611: [GC (Allocation Failure) [PSYoungGen: 70496K->1421K(70144K)] 470802K->401728K(568320K), 0.0026558 secs] [Times: user=0.02 sys=0.00, real=0.01 secs] 
2715.766: [GC (Allocation Failure) [PSYoungGen: 70029K->1485K(69632K)] 470336K->401792K(567808K), 0.0017475 secs] [Times: user=0.01 sys=0.00, real=0.00 secs] 
2715.885: [GC (Allocation Failure) [PSYoungGen: 69581K->1485K(69120K)] 469888K->401792K(567296K), 0.0016554 secs] [Times: user=0.01 sys=0.00, real=0.00 secs] 
2716.023: [GC (Allocation Failure) [PSYoungGen: 69069K->1453K(68608K)] 469376K->401776K(566784K), 0.0019108 secs] [Times: user=0.01 sys=0.00, real=0.01 secs] 
2716.527: [GC (Allocation Failure) [PSYoungGen: 68525K->1408K(68096K)] 468848K->401730K(566272K), 0.0022521 secs] [Times: user=0.01 sys=0.00, real=0.00 secs] 
2716.957: [GC (Allocation Failure) [PSYoungGen: 67968K->1344K(67584K)] 468290K->401666K(565760K), 0.0028041 secs] [Times: user=0.01 sys=0.00, real=0.00 secs] 
2717.527: [GC (Allocation Failure) [PSYoungGen: 67392K->1344K(67072K)] 467714K->401666K(565248K), 0.0026486 secs] [Times: user=0.01 sys=0.00, real=0.00 secs] 
2718.027: [GC (Allocation Failure) [PSYoungGen: 66880K->1344K(66560K)] 467202K->401666K(564736K), 0.0025318 secs] [Times: user=0.01 sys=0.00, real=0.00 secs] 
2718.537: [GC (Allocation Failure) [PSYoungGen: 66349K->1421K(66048K)] 466672K->401744K(564224K), 0.0022178 secs] [Times: user=0.01 sys=0.00, real=0.00 secs] 
2718.712: [GC (Allocation Failure) [PSYoungGen: 65933K->1517K(65536K)] 466256K->401840K(563712K), 0.0022731 secs] [Times: user=0.01 sys=0.00, real=0.01 secs] 
2718.889: [GC (Allocation Failure) [PSYoungGen: 65517K->1485K(65024K)] 465840K->401808K(563200K), 0.0024914 secs] [Times: user=0.01 sys=0.00, real=0.00 secs] 
2719.078: [GC (Allocation Failure) [PSYoungGen: 64973K->1485K(64512K)] 465296K->401816K(562688K), 0.0023975 secs] [Times: user=0.01 sys=0.00, real=0.00 secs] 
2719.480: [GC (Allocation Failure) [PSYoungGen: 64461K->1392K(64000K)] 464792K->401722K(562176K), 0.0034696 secs] [Times: user=0.01 sys=0.00, real=0.01 secs] 
2720.207: [GC (Allocation Failure) [PSYoungGen: 63856K->1312K(63488K)] 464186K->401642K(561664K), 0.0034485 secs] [Times: user=0.02 sys=0.00, real=0.00 secs] 
2720.669: [GC (Allocation Failure) [PSYoungGen: 63264K->1312K(62976K)] 463594K->401642K(561152K), 0.0025582 secs] [Times: user=0.02 sys=0.00, real=0.00 secs] 
2720.918: [GC (Allocation Failure) [PSYoungGen: 62752K->1376K(62464K)] 463082K->401706K(560640K), 0.0023178 secs] [Times: user=0.01 sys=0.00, real=0.00 secs] 
2721.171: [GC (Allocation Failure) [PSYoungGen: 62304K->1344K(61952K)] 462634K->401674K(560128K), 0.0020240 secs] [Times: user=0.01 sys=0.00, real=0.00 secs] 
2721.323: [GC (Allocation Failure) [PSYoungGen: 61754K->1424K(61440K)] 462085K->401755K(559616K), 0.0017730 secs] [Times: user=0.01 sys=0.00, real=0.01 secs] 
2721.443: [GC (Allocation Failure) [PSYoungGen: 61328K->1453K(61952K)] 461659K->401784K(560128K), 0.0019951 secs] [Times: user=0.01 sys=0.00, real=0.01 secs] 
2721.581: [GC (Allocation Failure) [PSYoungGen: 61357K->1549K(68096K)] 461688K->401888K(566272K), 0.0020803 secs] [Times: user=0.00 sys=0.00, real=0.00 secs] 
2721.708: [GC (Allocation Failure) [PSYoungGen: 67597K->1469K(68096K)] 467936K->401808K(566272K), 0.0017508 secs] [Times: user=0.00 sys=0.00, real=0.00 secs] 
2722.338: [GC (Allocation Failure) [PSYoungGen: 67517K->1456K(67072K)] 467856K->401794K(565248K), 0.0023500 secs] [Times: user=0.01 sys=0.00, real=0.00 secs] 
2723.178: [GC (Allocation Failure) [PSYoungGen: 66992K->1376K(66560K)] 467330K->401714K(564736K), 0.0042760 secs] [Times: user=0.01 sys=0.01, real=0.00 secs] 
2724.036: [GC (Allocation Failure) [PSYoungGen: 66400K->1344K(66048K)] 466738K->401698K(564224K), 0.0041290 secs] [Times: user=0.01 sys=0.00, real=0.00 secs] 
2724.657: [GC (Allocation Failure) [PSYoungGen: 65856K->1376K(65536K)] 466210K->401730K(563712K), 0.0025442 secs] [Times: user=0.01 sys=0.00, real=0.00 secs] 
2724.895: [GC (Allocation Failure) [PSYoungGen: 65376K->1440K(65024K)] 465730K->401795K(563200K), 0.0019202 secs] [Times: user=0.01 sys=0.00, real=0.00 secs] 
2725.013: [GC (Allocation Failure) [PSYoungGen: 64928K->1517K(64512K)] 465283K->401872K(562688K), 0.0017152 secs] [Times: user=0.00 sys=0.00, real=0.01 secs] 
2725.124: [GC (Allocation Failure) [PSYoungGen: 64493K->1485K(70656K)] 464848K->401856K(568832K), 0.0016653 secs] [Times: user=0.00 sys=0.00, real=0.00 secs] 
2725.248: [GC (Allocation Failure) [PSYoungGen: 70605K->1517K(71680K)] 470976K->401888K(569856K), 0.0016718 secs] [Times: user=0.00 sys=0.00, real=0.00 secs] 
2725.843: [GC (Allocation Failure) [PSYoungGen: 71149K->1392K(70656K)] 471520K->401762K(568832K), 0.0024305 secs] [Times: user=0.01 sys=0.00, real=0.00 secs] 
2726.612: [GC (Allocation Failure) [PSYoungGen: 70512K->1376K(70144K)] 470882K->401746K(568320K), 0.0025975 secs] [Times: user=0.01 sys=0.00, real=0.01 secs] 
2727.159: [GC (Allocation Failure) [PSYoungGen: 69984K->1376K(69632K)] 470354K->401746K(567808K), 0.0022336 secs] [Times: user=0.01 sys=0.00, real=0.00 secs] 
2727.723: [GC (Allocation Failure) [PSYoungGen: 69472K->1344K(69120K)] 469842K->401714K(567296K), 0.0023898 secs] [Times: user=0.01 sys=0.00, real=0.01 secs] 
2728.421: [GC (Allocation Failure) [PSYoungGen: 68928K->1472K(68608K)] 469298K->401843K(566784K), 0.0028399 secs] [Times: user=0.01 sys=0.00, real=0.01 secs] 
2728.597: [GC (Allocation Failure) [PSYoungGen: 68544K->1501K(68096K)] 468915K->401872K(566272K), 0.0017174 secs] [Times: user=0.01 sys=0.00, real=0.00 secs] 
2728.714: [GC (Allocation Failure) [PSYoungGen: 68061K->1421K(67584K)] 468432K->401792K(565760K), 0.0016690 secs] [Times: user=0.00 sys=0.00, real=0.00 secs] 
2728.830: [GC (Allocation Failure) [PSYoungGen: 67469K->1485K(74240K)] 467840K->401872K(572416K), 0.0017286 secs] [Times: user=0.00 sys=0.00, real=0.00 secs] 
2729.276: [GC (Allocation Failure) [PSYoungGen: 73677K->1424K(73216K)] 474064K->401810K(571392K), 0.0040808 secs] [Times: user=0.02 sys=0.00, real=0.00 secs] 
2729.925: [GC (Allocation Failure) [PSYoungGen: 73104K->1376K(72704K)] 473490K->401762K(570880K), 0.0027891 secs] [Times: user=0.01 sys=0.00, real=0.00 secs] 
2730.482: [GC (Allocation Failure) [PSYoungGen: 72544K->1344K(72192K)] 472930K->401730K(570368K), 0.0028666 secs] [Times: user=0.01 sys=0.00, real=0.01 secs] 
2731.052: [GC (Allocation Failure) [PSYoungGen: 72000K->1344K(71680K)] 472386K->401730K(569856K), 0.0038525 secs] [Times: user=0.02 sys=0.00, real=0.01 secs] 
2731.893: [GC (Allocation Failure) [PSYoungGen: 71488K->1421K(71168K)] 471874K->401808K(569344K), 0.0025750 secs] [Times: user=0.01 sys=0.00, real=0.01 secs] 
2732.057: [GC (Allocation Failure) [PSYoungGen: 71053K->1517K(70656K)] 471440K->401904K(568832K), 0.0020728 secs] [Times: user=0.01 sys=0.01, real=0.00 secs] 
2732.180: [GC (Allocation Failure) [PSYoungGen: 70637K->1517K(70144K)] 471024K->401904K(568320K), 0.0015698 secs] [Times: user=0.01 sys=0.00, real=0.00 secs] 
2732.319: [GC (Allocation Failure) [PSYoungGen: 70111K->1453K(70656K)] 470498K->401848K(568832K), 0.0020226 secs] [Times: user=0.01 sys=0.00, real=0.00 secs] 
2732.588: [GC (Allocation Failure) [PSYoungGen: 70061K->1472K(69632K)] 470456K->401866K(567808K), 0.0019669 secs] [Times: user=0.01 sys=0.00, real=0.00 secs] 
2732.881: [GC (Allocation Failure) [PSYoungGen: 69568K->1408K(69120K)] 469962K->401802K(567296K), 0.0020458 secs] [Times: user=0.01 sys=0.00, real=0.01 secs] 
2733.380: [GC (Allocation Failure) [PSYoungGen: 68992K->1376K(68608K)] 469386K->401770K(566784K), 0.0020059 secs] [Times: user=0.01 sys=0.00, real=0.00 secs] 
2733.962: [GC (Allocation Failure) [PSYoungGen: 68448K->1376K(68096K)] 468842K->401786K(566272K), 0.0024952 secs] [Times: user=0.01 sys=0.01, real=0.01 secs] 
2734.342: [GC (Allocation Failure) [PSYoungGen: 67936K->1453K(67584K)] 468346K->401864K(565760K), 0.0022057 secs] [Times: user=0.01 sys=0.00, real=0.01 secs] 
2734.474: [GC (Allocation Failure) [PSYoungGen: 67501K->1501K(67072K)] 467912K->401912K(565248K), 0.0017059 secs] [Times: user=0.01 sys=0.00, real=0.00 secs] 
2734.591: [GC (Allocation Failure) [PSYoungGen: 67037K->1488K(66560K)] 467448K->401899K(564736K), 0.0016287 secs] [Times: user=0.01 sys=0.00, real=0.00 secs] 
2734.705: [GC (Allocation Failure) [PSYoungGen: 66512K->1469K(73728K)] 466923K->401896K(571904K), 0.0016401 secs] [Times: user=0.01 sys=0.00, real=0.00 secs] 
2735.073: [GC (Allocation Failure) [PSYoungGen: 73149K->1440K(72704K)] 473576K->401866K(570880K), 0.0021424 secs] [Times: user=0.00 sys=0.00, real=0.01 secs] 
2735.369: [GC (Allocation Failure) [PSYoungGen: 72608K->1376K(72192K)] 473034K->401802K(570368K), 0.0020806 secs] [Times: user=0.01 sys=0.00, real=0.00 secs] 
2735.662: [GC (Allocation Failure) [PSYoungGen: 72032K->1360K(71680K)] 472458K->401786K(569856K), 0.0020544 secs] [Times: user=0.01 sys=0.00, real=0.01 secs] 
2735.954: [GC (Allocation Failure) [PSYoungGen: 71504K->1376K(71168K)] 471930K->401802K(569344K), 0.0020806 secs] [Times: user=0.01 sys=0.00, real=0.00 secs] 
2736.200: [GC (Allocation Failure) [PSYoungGen: 71008K->1488K(70656K)] 471434K->401915K(568832K), 0.0017136 secs] [Times: user=0.01 sys=0.00, real=0.00 secs] 
2736.324: [GC (Allocation Failure) [PSYoungGen: 70608K->1485K(70144K)] 471035K->401912K(568320K), 0.0016769 secs] [Times: user=0.01 sys=0.00, real=0.00 secs] 
2736.464: [GC (Allocation Failure) [PSYoungGen: 70084K->1485K(69632K)] 470510K->401912K(567808K), 0.0018705 secs] [Times: user=0.00 sys=0.00, real=0.00 secs] 
2736.616: [GC (Allocation Failure) [PSYoungGen: 69581K->160K(70144K)] 470008K->400602K(568320K), 0.0017357 secs] [Times: user=0.01 sys=0.00, real=0.00 secs] 
2737.454: [GC (Allocation Failure) [PSYoungGen: 68256K->1376K(69120K)] 468698K->401818K(567296K), 0.0027214 secs] [Times: user=0.01 sys=0.00, real=0.00 secs] 
2738.454: [GC (Allocation Failure) [PSYoungGen: 68960K->1376K(68608K)] 469402K->401818K(566784K), 0.0027104 secs] [Times: user=0.01 sys=0.00, real=0.00 secs] 
2739.385: [GC (Allocation Failure) [PSYoungGen: 68448K->1376K(68096K)] 468890K->401818K(566272K), 0.0027465 secs] [Times: user=0.01 sys=0.00, real=0.00 secs] 
2740.435: [GC (Allocation Failure) [PSYoungGen: 67936K->1376K(67584K)] 468378K->401818K(565760K), 0.0032947 secs] [Times: user=0.01 sys=0.00, real=0.00 secs] 
2740.851: [GC (Allocation Failure) [PSYoungGen: 67424K->1437K(67072K)] 467866K->401880K(565248K), 0.0019456 secs] [Times: user=0.01 sys=0.00, real=0.00 secs] 
2740.973: [GC (Allocation Failure) [PSYoungGen: 66951K->1472K(66560K)] 467394K->401915K(564736K), 0.0016932 secs] [Times: user=0.01 sys=0.00, real=0.01 secs] 
2741.088: [GC (Allocation Failure) [PSYoungGen: 66496K->1453K(66048K)] 466939K->401896K(564224K), 0.0016703 secs] [Times: user=0.01 sys=0.00, real=0.00 secs] 
2741.202: [GC (Allocation Failure) [PSYoungGen: 65965K->1504K(73216K)] 466408K->401955K(571392K), 0.0016638 secs] [Times: user=0.00 sys=0.00, real=0.01 secs] 
2741.608: [GC (Allocation Failure) [PSYoungGen: 72672K->1392K(72192K)] 473123K->401842K(570368K), 0.0020754 secs] [Times: user=0.01 sys=0.00, real=0.00 secs] 
2741.902: [GC (Allocation Failure) [PSYoungGen: 72048K->1376K(71680K)] 472498K->401826K(569856K), 0.0020612 secs] [Times: user=0.01 sys=0.00, real=0.01 secs] 
2742.193: [GC (Allocation Failure) [PSYoungGen: 71520K->1360K(71168K)] 471970K->401810K(569344K), 0.0020625 secs] [Times: user=0.01 sys=0.00, real=0.01 secs] 
2742.482: [GC (Allocation Failure) [PSYoungGen: 70992K->1360K(70656K)] 471442K->401810K(568832K), 0.0020637 secs] [Times: user=0.01 sys=0.00, real=0.01 secs] 
2742.646: [GC (Allocation Failure) [PSYoungGen: 70480K->1453K(70144K)] 470930K->401904K(568320K), 0.0017144 secs] [Times: user=0.01 sys=0.00, real=0.00 secs] 
2742.766: [GC (Allocation Failure) [PSYoungGen: 70056K->1517K(69632K)] 470507K->401968K(567808K), 0.0016936 secs] [Times: user=0.01 sys=0.00, real=0.00 secs] 
2742.887: [GC (Allocation Failure) [PSYoungGen: 69613K->1517K(70144K)] 470064K->401968K(568320K), 0.0017806 secs] [Times: user=0.01 sys=0.00, real=0.00 secs] 
2743.040: [GC (Allocation Failure) [PSYoungGen: 69613K->1984K(70144K)] 470064K->402442K(568320K), 0.0015871 secs] [Times: user=0.01 sys=0.00, real=0.00 secs] 
2743.698: [GC (Allocation Failure) [PSYoungGen: 70080K->1440K(69120K)] 470538K->401922K(567296K), 0.0021247 secs] [Times: user=0.00 sys=0.00, real=0.00 secs] 
2744.382: [GC (Allocation Failure) [PSYoungGen: 69024K->1440K(68608K)] 469506K->401922K(566784K), 0.0023032 secs] [Times: user=0.01 sys=0.00, real=0.01 secs] 
2745.027: [GC (Allocation Failure) [PSYoungGen: 68512K->1376K(68096K)] 468994K->401858K(566272K), 0.0022809 secs] [Times: user=0.01 sys=0.00, real=0.00 secs] 
2745.327: [GC (Allocation Failure) [PSYoungGen: 67936K->1376K(67584K)] 468418K->401858K(565760K), 0.0022073 secs] [Times: user=0.01 sys=0.01, real=0.00 secs] 
2745.497: [GC (Allocation Failure) [PSYoungGen: 67424K->1504K(67072K)] 467906K->401987K(565248K), 0.0016234 secs] [Times: user=0.00 sys=0.00, real=0.00 secs] 
2745.614: [GC (Allocation Failure) [PSYoungGen: 67040K->1552K(67072K)] 467523K->402035K(565248K), 0.0016378 secs] [Times: user=0.01 sys=0.00, real=0.00 secs] 
2745.728: [GC (Allocation Failure) [PSYoungGen: 66576K->493K(72704K)] 467059K->402000K(570880K), 0.0017919 secs] [Times: user=0.00 sys=0.00, real=0.00 secs] 
2745.883: [GC (Allocation Failure) [PSYoungGen: 72173K->1760K(73728K)] 473680K->403274K(571904K), 0.0020149 secs] [Times: user=0.01 sys=0.00, real=0.01 secs] 
2746.178: [GC (Allocation Failure) [PSYoungGen: 73440K->1376K(72704K)] 474954K->402890K(570880K), 0.0017156 secs] [Times: user=0.01 sys=0.00, real=0.00 secs] 
2746.473: [GC (Allocation Failure) [PSYoungGen: 72544K->1376K(72192K)] 474058K->402890K(570368K), 0.0018507 secs] [Times: user=0.01 sys=0.01, real=0.00 secs] 
2746.767: [GC (Allocation Failure) [PSYoungGen: 72032K->1408K(71680K)] 473546K->402922K(569856K), 0.0017233 secs] [Times: user=0.01 sys=0.00, real=0.00 secs] 
2747.062: [GC (Allocation Failure) [PSYoungGen: 71552K->1424K(71168K)] 473066K->402939K(569344K), 0.0016284 secs] [Times: user=0.00 sys=0.00, real=0.01 secs] 
2747.186: [GC (Allocation Failure) [PSYoungGen: 71056K->1501K(70656K)] 472571K->403016K(568832K), 0.0015748 secs] [Times: user=0.01 sys=0.00, real=0.00 secs] 
2747.309: [GC (Allocation Failure) [PSYoungGen: 70621K->1565K(70656K)] 472136K->403080K(568832K), 0.0017426 secs] [Times: user=0.01 sys=0.00, real=0.00 secs] 
2747.429: [GC (Allocation Failure) [PSYoungGen: 70167K->496K(76288K)] 471682K->403043K(574464K), 0.0016373 secs] [Times: user=0.01 sys=0.01, real=0.00 secs] 
2747.668: [GC (Allocation Failure) [PSYoungGen: 75760K->1456K(77312K)] 478307K->404002K(575488K), 0.0019844 secs] [Times: user=0.01 sys=0.00, real=0.00 secs] 
2747.981: [GC (Allocation Failure) [PSYoungGen: 76720K->1312K(76288K)] 479266K->403858K(574464K), 0.0019380 secs] [Times: user=0.01 sys=0.00, real=0.00 secs] 
2748.291: [GC (Allocation Failure) [PSYoungGen: 76064K->1376K(75776K)] 478610K->403922K(573952K), 0.0018564 secs] [Times: user=0.01 sys=0.00, real=0.00 secs] 
2748.776: [GC (Allocation Failure) [PSYoungGen: 75616K->1376K(75264K)] 478162K->403922K(573440K), 0.0021478 secs] [Times: user=0.01 sys=0.00, real=0.00 secs] 
2749.243: [GC (Allocation Failure) [PSYoungGen: 75104K->1517K(74752K)] 477650K->404064K(572928K), 0.0016678 secs] [Times: user=0.01 sys=0.00, real=0.01 secs] 
2749.372: [GC (Allocation Failure) [PSYoungGen: 74733K->1533K(74240K)] 477280K->404112K(572416K), 0.0015033 secs] [Times: user=0.01 sys=0.00, real=0.01 secs] 
2749.501: [GC (Allocation Failure) [PSYoungGen: 74237K->1469K(73728K)] 476816K->404056K(571904K), 0.0018656 secs] [Times: user=0.01 sys=0.00, real=0.01 secs] 
2749.724: [GC (Allocation Failure) [PSYoungGen: 73661K->928K(72704K)] 476248K->404538K(570880K), 0.0020832 secs] [Times: user=0.01 sys=0.00, real=0.00 secs] 
2750.688: [GC (Allocation Failure) [PSYoungGen: 72608K->352K(71680K)] 476218K->403962K(569856K), 0.0030440 secs] [Times: user=0.01 sys=0.00, real=0.00 secs] 
2751.423: [GC (Allocation Failure) [PSYoungGen: 71520K->352K(71168K)] 475130K->403962K(569344K), 0.0025975 secs] [Times: user=0.01 sys=0.00, real=0.01 secs] 
2752.570: [GC (Allocation Failure) [PSYoungGen: 71008K->352K(72704K)] 474618K->403962K(570880K), 0.0038896 secs] [Times: user=0.01 sys=0.00, real=0.01 secs] 
2753.678: [GC (Allocation Failure) [PSYoungGen: 70496K->1405K(71168K)] 474106K->405016K(569344K), 0.0034344 secs] [Times: user=0.01 sys=0.01, real=0.00 secs] 
2753.919: [GC (Allocation Failure) [PSYoungGen: 71037K->1485K(70656K)] 474648K->405096K(568832K), 0.0023958 secs] [Times: user=0.01 sys=0.00, real=0.00 secs] 
2754.059: [GC (Allocation Failure) [PSYoungGen: 70605K->1453K(70144K)] 474216K->405064K(568320K), 0.0017186 secs] [Times: user=0.00 sys=0.00, real=0.00 secs] 
2754.181: [GC (Allocation Failure) [PSYoungGen: 70059K->1549K(70144K)] 473670K->405160K(568320K), 0.0017746 secs] [Times: user=0.00 sys=0.00, real=0.01 secs] 
2754.713: [GC (Allocation Failure) [PSYoungGen: 69645K->1408K(69120K)] 473256K->405034K(567296K), 0.0044215 secs] [Times: user=0.01 sys=0.00, real=0.01 secs] 
2755.597: [GC (Allocation Failure) [PSYoungGen: 68992K->1344K(68608K)] 472618K->404970K(566784K), 0.0032311 secs] [Times: user=0.01 sys=0.00, real=0.00 secs] 
2756.619: [GC (Allocation Failure) [PSYoungGen: 68416K->1344K(68096K)] 472042K->404970K(566272K), 0.0038809 secs] [Times: user=0.02 sys=0.00, real=0.01 secs] 
2757.456: [GC (Allocation Failure) [PSYoungGen: 67904K->1344K(67584K)] 471530K->404994K(565760K), 0.0036328 secs] [Times: user=0.01 sys=0.00, real=0.00 secs] 
2758.070: [GC (Allocation Failure) [PSYoungGen: 67392K->1453K(67072K)] 471042K->405104K(565248K), 0.0023413 secs] [Times: user=0.01 sys=0.00, real=0.00 secs] 
2758.205: [GC (Allocation Failure) [PSYoungGen: 66973K->1549K(67072K)] 470624K->405200K(565248K), 0.0016551 secs] [Times: user=0.01 sys=0.00, real=0.00 secs] 
2758.335: [GC (Allocation Failure) [PSYoungGen: 66573K->493K(65024K)] 470224K->405168K(563200K), 0.0020359 secs] [Times: user=0.01 sys=0.00, real=0.00 secs] 
2758.485: [GC (Allocation Failure) [PSYoungGen: 65005K->429K(66560K)] 469680K->405120K(564736K), 0.0019628 secs] [Times: user=0.00 sys=0.00, real=0.00 secs] 
2758.679: [GC (Allocation Failure) [PSYoungGen: 64429K->1440K(68096K)] 469120K->406130K(566272K), 0.0021343 secs] [Times: user=0.01 sys=0.00, real=0.00 secs] 
2759.350: [GC (Allocation Failure) [PSYoungGen: 66976K->1344K(66560K)] 471666K->406034K(564736K), 0.0026724 secs] [Times: user=0.01 sys=0.00, real=0.00 secs] 
2760.307: [GC (Allocation Failure) [PSYoungGen: 66368K->1344K(66560K)] 471058K->406034K(564736K), 0.0039537 secs] [Times: user=0.01 sys=0.00, real=0.00 secs] 
2761.297: [GC (Allocation Failure) [PSYoungGen: 65856K->1344K(65536K)] 470546K->406034K(563712K), 0.0039140 secs] [Times: user=0.01 sys=0.00, real=0.00 secs] 
2762.261: [GC (Allocation Failure) [PSYoungGen: 65344K->1344K(65024K)] 470034K->406034K(563200K), 0.0031874 secs] [Times: user=0.01 sys=0.00, real=0.01 secs] 
2762.714: [GC (Allocation Failure) [PSYoungGen: 64832K->1517K(64512K)] 469522K->406208K(562688K), 0.0023307 secs] [Times: user=0.01 sys=0.00, real=0.00 secs] 
2762.843: [GC (Allocation Failure) [PSYoungGen: 64493K->1453K(64000K)] 469184K->406144K(562176K), 0.0016462 secs] [Times: user=0.01 sys=0.00, real=0.01 secs] 
2762.954: [GC (Allocation Failure) [PSYoungGen: 63917K->1517K(63488K)] 468608K->406216K(561664K), 0.0017525 secs] [Times: user=0.01 sys=0.00, real=0.00 secs] 
2763.064: [GC (Allocation Failure) [PSYoungGen: 63469K->1485K(64000K)] 468168K->406184K(562176K), 0.0016931 secs] [Times: user=0.01 sys=0.00, real=0.00 secs] 
2763.661: [GC (Allocation Failure) [PSYoungGen: 63949K->1376K(63488K)] 468648K->406074K(561664K), 0.0029129 secs] [Times: user=0.01 sys=0.00, real=0.01 secs] 
2764.092: [GC (Allocation Failure) [PSYoungGen: 63328K->1328K(62976K)] 468026K->406026K(561152K), 0.0022334 secs] [Times: user=0.01 sys=0.00, real=0.01 secs] 
2764.611: [GC (Allocation Failure) [PSYoungGen: 62768K->1344K(62464K)] 467466K->406042K(560640K), 0.0024338 secs] [Times: user=0.01 sys=0.00, real=0.01 secs] 
2765.135: [GC (Allocation Failure) [PSYoungGen: 62272K->1376K(61952K)] 466970K->406074K(560128K), 0.0024353 secs] [Times: user=0.01 sys=0.00, real=0.00 secs] 
2765.575: [GC (Allocation Failure) [PSYoungGen: 61792K->1405K(61440K)] 466490K->406104K(559616K), 0.0026880 secs] [Times: user=0.01 sys=0.01, real=0.00 secs] 
2765.760: [GC (Allocation Failure) [PSYoungGen: 61309K->1517K(60928K)] 466008K->406232K(559104K), 0.0022914 secs] [Times: user=0.01 sys=0.00, real=0.00 secs] 
2765.909: [GC (Allocation Failure) [PSYoungGen: 60909K->1453K(60416K)] 465624K->406176K(558592K), 0.0021826 secs] [Times: user=0.01 sys=0.00, real=0.00 secs] 
2766.054: [GC (Allocation Failure) [PSYoungGen: 60333K->1485K(60928K)] 465056K->406208K(559104K), 0.0022227 secs] [Times: user=0.01 sys=0.00, real=0.00 secs] 
2766.215: [GC (Allocation Failure) [PSYoungGen: 60365K->1453K(60928K)] 465088K->406176K(559104K), 0.0025562 secs] [Times: user=0.01 sys=0.00, real=0.00 secs] 
2766.482: [GC (Allocation Failure) [PSYoungGen: 60333K->1408K(67072K)] 465056K->406130K(565248K), 0.0024619 secs] [Times: user=0.01 sys=0.00, real=0.01 secs] 
2766.747: [GC (Allocation Failure) [PSYoungGen: 66432K->1408K(67072K)] 471154K->406130K(565248K), 0.0020951 secs] [Times: user=0.01 sys=0.00, real=0.00 secs] 
2767.018: [GC (Allocation Failure) [PSYoungGen: 66432K->1408K(66048K)] 471154K->406130K(564224K), 0.0021727 secs] [Times: user=0.01 sys=0.00, real=0.00 secs] 
2767.286: [GC (Allocation Failure) [PSYoungGen: 65920K->1408K(65536K)] 470642K->406130K(563712K), 0.0022153 secs] [Times: user=0.01 sys=0.00, real=0.00 secs] 
2767.525: [GC (Allocation Failure) [PSYoungGen: 65408K->1504K(65024K)] 470130K->406227K(563200K), 0.0016976 secs] [Times: user=0.00 sys=0.01, real=0.00 secs] 
2767.638: [GC (Allocation Failure) [PSYoungGen: 64992K->1501K(71168K)] 469715K->406224K(569344K), 0.0017564 secs] [Times: user=0.01 sys=0.00, real=0.00 secs] 
2767.761: [GC (Allocation Failure) [PSYoungGen: 71133K->1485K(71680K)] 475856K->406224K(569856K), 0.0019749 secs] [Times: user=0.01 sys=0.00, real=0.00 secs] 
2767.884: [GC (Allocation Failure) [PSYoungGen: 71117K->1437K(71680K)] 475856K->406176K(569856K), 0.0014507 secs] [Times: user=0.00 sys=0.00, real=0.00 secs] 
2769.458: [GC (Allocation Failure) [PSYoungGen: 71069K->1472K(70656K)] 475808K->406210K(568832K), 0.0047335 secs] [Times: user=0.01 sys=0.00, real=0.01 secs] 
2770.493: [GC (Allocation Failure) [PSYoungGen: 70592K->1376K(70144K)] 475330K->406114K(568320K), 0.0033432 secs] [Times: user=0.01 sys=0.01, real=0.01 secs] 
2771.135: [GC (Allocation Failure) [PSYoungGen: 69984K->1376K(69632K)] 474722K->406114K(567808K), 0.0027148 secs] [Times: user=0.02 sys=0.00, real=0.00 secs] 
2772.022: [GC (Allocation Failure) [PSYoungGen: 69472K->1312K(69120K)] 474210K->406050K(567296K), 0.0025735 secs] [Times: user=0.01 sys=0.00, real=0.01 secs] 
2772.602: [GC (Allocation Failure) [PSYoungGen: 68896K->1440K(68608K)] 473634K->406179K(566784K), 0.0022864 secs] [Times: user=0.01 sys=0.00, real=0.01 secs] 
2772.778: [GC (Allocation Failure) [PSYoungGen: 68512K->1549K(76288K)] 473251K->406288K(574464K), 0.0053256 secs] [Times: user=0.02 sys=0.00, real=0.01 secs] 
2772.942: [GC (Allocation Failure) [PSYoungGen: 75789K->1517K(76288K)] 480528K->406256K(574464K), 0.0017662 secs] [Times: user=0.01 sys=0.00, real=0.01 secs] 
2773.073: [GC (Allocation Failure) [PSYoungGen: 75757K->1485K(76288K)] 480496K->406232K(574464K), 0.0017868 secs] [Times: user=0.01 sys=0.00, real=0.00 secs] 
2774.142: [GC (Allocation Failure) [PSYoungGen: 75725K->1424K(75264K)] 480472K->406170K(573440K), 0.0026668 secs] [Times: user=0.01 sys=0.00, real=0.01 secs] 
2774.933: [GC (Allocation Failure) [PSYoungGen: 75152K->1376K(74752K)] 479898K->406130K(572928K), 0.0025593 secs] [Times: user=0.01 sys=0.00, real=0.01 secs] 
2775.714: [GC (Allocation Failure) [PSYoungGen: 74592K->1376K(74240K)] 479346K->406130K(572416K), 0.0026620 secs] [Times: user=0.01 sys=0.00, real=0.00 secs] 
2776.481: [GC (Allocation Failure) [PSYoungGen: 74080K->1485K(73728K)] 478834K->406240K(571904K), 0.0030041 secs] [Times: user=0.01 sys=0.00, real=0.01 secs] 
2776.666: [GC (Allocation Failure) [PSYoungGen: 73677K->1501K(73216K)] 478432K->406256K(571392K), 0.0014894 secs] [Times: user=0.01 sys=0.00, real=0.00 secs] 
2776.811: [GC (Allocation Failure) [PSYoungGen: 73181K->1533K(81408K)] 477936K->406288K(579584K), 0.0280748 secs] [Times: user=0.00 sys=0.09, real=0.03 secs] 
2777.008: [GC (Allocation Failure) [PSYoungGen: 80893K->1501K(85504K)] 485648K->406288K(583680K), 0.0017466 secs] [Times: user=0.01 sys=0.00, real=0.00 secs] 
2777.311: [GC (Allocation Failure) [PSYoungGen: 84957K->1488K(85504K)] 489744K->406274K(583680K), 0.0022464 secs] [Times: user=0.01 sys=0.00, real=0.01 secs] 
2777.658: [GC (Allocation Failure) [PSYoungGen: 84944K->1376K(96768K)] 489730K->406162K(594944K), 0.0022887 secs] [Times: user=0.01 sys=0.00, real=0.00 secs] 
2778.054: [GC (Allocation Failure) [PSYoungGen: 96608K->1376K(97280K)] 501394K->406162K(595456K), 0.0020301 secs] [Times: user=0.01 sys=0.00, real=0.00 secs] 
2778.429: [GC (Allocation Failure) [PSYoungGen: 96608K->1501K(108032K)] 501394K->406296K(606208K), 0.0019247 secs] [Times: user=0.01 sys=0.00, real=0.00 secs] 
2778.620: [GC (Allocation Failure) [PSYoungGen: 107997K->1565K(109056K)] 512792K->406360K(607232K), 0.0016496 secs] [Times: user=0.01 sys=0.00, real=0.00 secs] 
2778.837: [GC (Allocation Failure) [PSYoungGen: 108573K->1792K(120320K)] 513368K->406586K(618496K), 0.0019278 secs] [Times: user=0.01 sys=0.00, real=0.00 secs] 
2779.328: [GC (Allocation Failure) [PSYoungGen: 120064K->1344K(120320K)] 524858K->406138K(618496K), 0.0018053 secs] [Times: user=0.01 sys=0.00, real=0.00 secs] 
2779.913: [GC (Allocation Failure) [PSYoungGen: 119616K->1440K(131584K)] 524410K->406234K(629760K), 0.0250766 secs] [Times: user=0.02 sys=0.07, real=0.02 secs] 
2780.529: [GC (Allocation Failure) [PSYoungGen: 130976K->1533K(131584K)] 535770K->406344K(629760K), 0.0028643 secs] [Times: user=0.01 sys=0.00, real=0.00 secs] 
2780.803: [GC (Allocation Failure) [PSYoungGen: 131069K->1616K(145408K)] 535880K->406427K(643584K), 0.0020792 secs] [Times: user=0.01 sys=0.00, real=0.00 secs] 
2781.911: [GC (Allocation Failure) [PSYoungGen: 144976K->1488K(146432K)] 549787K->406314K(644608K), 0.0079588 secs] [Times: user=0.03 sys=0.02, real=0.01 secs] 
2783.925: [GC (Allocation Failure) [PSYoungGen: 145872K->1424K(143872K)] 550698K->406250K(642048K), 0.0040179 secs] [Times: user=0.02 sys=0.00, real=0.00 secs] 
2784.640: [GC (Allocation Failure) [PSYoungGen: 143760K->1613K(142336K)] 548586K->406440K(640512K), 0.0039579 secs] [Times: user=0.01 sys=0.00, real=0.01 secs] 
2784.888: [GC (Allocation Failure) [PSYoungGen: 141901K->573K(139264K)] 546728K->406424K(637440K), 0.0017824 secs] [Times: user=0.00 sys=0.00, real=0.00 secs] 
2786.481: [GC (Allocation Failure) [PSYoungGen: 138813K->1392K(137728K)] 544664K->407242K(635904K), 0.0040609 secs] [Times: user=0.01 sys=0.00, real=0.01 secs] 
2788.037: [GC (Allocation Failure) [PSYoungGen: 137584K->1376K(135680K)] 543434K->407226K(633856K), 0.0032256 secs] [Times: user=0.02 sys=0.00, real=0.00 secs] 
2788.592: [GC (Allocation Failure) [PSYoungGen: 135520K->1597K(134144K)] 541370K->407448K(632320K), 0.0019528 secs] [Times: user=0.01 sys=0.00, real=0.01 secs] 
2788.827: [GC (Allocation Failure) [PSYoungGen: 133693K->528K(131072K)] 539544K->407403K(629248K), 0.0015813 secs] [Times: user=0.01 sys=0.00, real=0.00 secs] 
2789.896: [GC (Allocation Failure) [PSYoungGen: 130576K->1392K(129536K)] 537451K->408266K(627712K), 0.0020771 secs] [Times: user=0.01 sys=0.00, real=0.00 secs] 
2790.445: [GC (Allocation Failure) [PSYoungGen: 129392K->1376K(128000K)] 536266K->408250K(626176K), 0.0020368 secs] [Times: user=0.01 sys=0.00, real=0.00 secs] 
2790.812: [GC (Allocation Failure) [PSYoungGen: 127840K->1581K(126976K)] 534714K->408456K(625152K), 0.0018748 secs] [Times: user=0.01 sys=0.00, real=0.01 secs] 
2791.034: [GC (Allocation Failure) [PSYoungGen: 126509K->525K(124416K)] 533384K->408424K(622592K), 0.0016035 secs] [Times: user=0.01 sys=0.00, real=0.00 secs] 
2792.393: [GC (Allocation Failure) [PSYoungGen: 123917K->1424K(123392K)] 531816K->409322K(621568K), 0.0024619 secs] [Times: user=0.01 sys=0.00, real=0.01 secs] 
2793.638: [GC (Allocation Failure) [PSYoungGen: 123280K->1344K(121856K)] 531178K->409242K(620032K), 0.0024472 secs] [Times: user=0.01 sys=0.00, real=0.00 secs] 
2794.552: [GC (Allocation Failure) [PSYoungGen: 121664K->1533K(120320K)] 529562K->409432K(618496K), 0.0017813 secs] [Times: user=0.01 sys=0.00, real=0.01 secs] 
2794.762: [GC (Allocation Failure) [PSYoungGen: 120317K->1517K(118784K)] 528216K->409432K(616960K), 0.0016577 secs] [Times: user=0.01 sys=0.00, real=0.01 secs] 
2795.438: [GC (Allocation Failure) [PSYoungGen: 118765K->1456K(117248K)] 526680K->409370K(615424K), 0.0025914 secs] [Times: user=0.01 sys=0.00, real=0.00 secs] 
2796.699: [GC (Allocation Failure) [PSYoungGen: 117168K->1344K(115712K)] 525082K->409258K(613888K), 0.0027597 secs] [Times: user=0.01 sys=0.01, real=0.00 secs] 
2798.254: [GC (Allocation Failure) [PSYoungGen: 115520K->1408K(114176K)] 523434K->409322K(612352K), 0.0029147 secs] [Times: user=0.01 sys=0.00, real=0.00 secs] 
2799.167: [GC (Allocation Failure) [PSYoungGen: 114048K->1485K(112640K)] 521962K->409400K(610816K), 0.0015375 secs] [Times: user=0.01 sys=0.00, real=0.00 secs] 
2799.361: [GC (Allocation Failure) [PSYoungGen: 112589K->1581K(111616K)] 520504K->409496K(609792K), 0.0017629 secs] [Times: user=0.01 sys=0.00, real=0.01 secs] 
2800.594: [GC (Allocation Failure) [PSYoungGen: 111149K->352K(108544K)] 519064K->409298K(606720K), 0.0032197 secs] [Times: user=0.01 sys=0.00, real=0.00 secs] 
2802.125: [GC (Allocation Failure) [PSYoungGen: 108384K->320K(107520K)] 517330K->409266K(605696K), 0.0031799 secs] [Times: user=0.02 sys=0.00, real=0.00 secs] 
2803.833: [GC (Allocation Failure) [PSYoungGen: 107328K->336K(106496K)] 516274K->409282K(604672K), 0.0044089 secs] [Times: user=0.02 sys=0.00, real=0.00 secs] 
2804.307: [GC (Allocation Failure) [PSYoungGen: 106320K->1485K(107520K)] 515266K->410432K(605696K), 0.0016613 secs] [Times: user=0.01 sys=0.00, real=0.00 secs] 
2804.491: [GC (Allocation Failure) [PSYoungGen: 106445K->1517K(105472K)] 515392K->410464K(603648K), 0.0028618 secs] [Times: user=0.01 sys=0.00, real=0.01 secs] 
2805.115: [GC (Allocation Failure) [PSYoungGen: 105453K->1440K(104448K)] 514400K->410386K(602624K), 0.0023136 secs] [Times: user=0.01 sys=0.00, real=0.00 secs] 
2806.124: [GC (Allocation Failure) [PSYoungGen: 104352K->1328K(103424K)] 513298K->410274K(601600K), 0.0126032 secs] [Times: user=0.06 sys=0.00, real=0.01 secs] 
2807.050: [GC (Allocation Failure) [PSYoungGen: 103216K->1344K(102400K)] 512162K->410290K(600576K), 0.0024317 secs] [Times: user=0.01 sys=0.00, real=0.00 secs] 
2807.590: [GC (Allocation Failure) [PSYoungGen: 102208K->1488K(101376K)] 511154K->410435K(599552K), 0.0017176 secs] [Times: user=0.00 sys=0.00, real=0.00 secs] 
2807.767: [GC (Allocation Failure) [PSYoungGen: 101328K->1549K(100864K)] 510275K->410496K(599040K), 0.0015235 secs] [Times: user=0.01 sys=0.00, real=0.00 secs] 
2808.023: [GC (Allocation Failure) [PSYoungGen: 100365K->2016K(99840K)] 509312K->410962K(598016K), 0.0018612 secs] [Times: user=0.01 sys=0.00, real=0.01 secs] 
2808.949: [GC (Allocation Failure) [PSYoungGen: 99808K->1360K(98304K)] 508754K->410306K(596480K), 0.0020954 secs] [Times: user=0.00 sys=0.00, real=0.00 secs] 
2809.776: [GC (Allocation Failure) [PSYoungGen: 98128K->1344K(97280K)] 507074K->410290K(595456K), 0.0019497 secs] [Times: user=0.01 sys=0.00, real=0.00 secs] 
2810.727: [GC (Allocation Failure) [PSYoungGen: 97088K->1421K(96256K)] 506034K->410376K(594432K), 0.0025128 secs] [Times: user=0.01 sys=0.00, real=0.00 secs] 
2811.000: [GC (Allocation Failure) [PSYoungGen: 96141K->1552K(95744K)] 505096K->410507K(593920K), 0.0020164 secs] [Times: user=0.01 sys=0.00, real=0.00 secs] 
2811.169: [GC (Allocation Failure) [PSYoungGen: 95248K->1485K(94208K)] 504203K->410440K(592384K), 0.0018471 secs] [Times: user=0.01 sys=0.00, real=0.00 secs] 
2811.461: [GC (Allocation Failure) [PSYoungGen: 94157K->1472K(93184K)] 503112K->410426K(591360K), 0.0025529 secs] [Times: user=0.01 sys=0.00, real=0.01 secs] 
2811.846: [GC (Allocation Failure) [PSYoungGen: 93120K->1344K(92160K)] 502074K->410298K(590336K), 0.0021771 secs] [Times: user=0.01 sys=0.00, real=0.00 secs] 
2812.352: [GC (Allocation Failure) [PSYoungGen: 91968K->1376K(91136K)] 500922K->410330K(589312K), 0.0021247 secs] [Times: user=0.01 sys=0.00, real=0.01 secs] 
2812.880: [GC (Allocation Failure) [PSYoungGen: 90976K->1453K(90112K)] 499930K->410408K(588288K), 0.0018691 secs] [Times: user=0.01 sys=0.00, real=0.00 secs] 
2813.064: [GC (Allocation Failure) [PSYoungGen: 90029K->1485K(89088K)] 498984K->410440K(587264K), 0.0018276 secs] [Times: user=0.01 sys=0.00, real=0.00 secs] 
2813.243: [GC (Allocation Failure) [PSYoungGen: 89037K->1485K(88064K)] 497992K->410440K(586240K), 0.0016870 secs] [Times: user=0.01 sys=0.00, real=0.01 secs] 
2813.620: [GC (Allocation Failure) [PSYoungGen: 88013K->1408K(87040K)] 496968K->410362K(585216K), 0.0027890 secs] [Times: user=0.01 sys=0.00, real=0.00 secs] 
2814.138: [GC (Allocation Failure) [PSYoungGen: 86912K->1376K(86528K)] 495866K->410330K(584704K), 0.0026896 secs] [Times: user=0.01 sys=0.00, real=0.00 secs] 
2814.492: [GC (Allocation Failure) [PSYoungGen: 86368K->1344K(86016K)] 495322K->410298K(584192K), 0.0022011 secs] [Times: user=0.01 sys=0.00, real=0.01 secs] 
2814.851: [GC (Allocation Failure) [PSYoungGen: 85824K->1392K(85504K)] 494778K->410355K(583680K), 0.0021673 secs] [Times: user=0.01 sys=0.00, real=0.01 secs] 
2815.053: [GC (Allocation Failure) [PSYoungGen: 85360K->1488K(84992K)] 494323K->410467K(583168K), 0.0020562 secs] [Times: user=0.01 sys=0.00, real=0.01 secs] 
2815.228: [GC (Allocation Failure) [PSYoungGen: 84944K->1453K(84480K)] 493923K->410432K(582656K), 0.0018541 secs] [Times: user=0.00 sys=0.00, real=0.00 secs] 
2815.400: [GC (Allocation Failure) [PSYoungGen: 84397K->1485K(83968K)] 493376K->410464K(582144K), 0.0018466 secs] [Times: user=0.01 sys=0.00, real=0.00 secs] 
2815.771: [GC (Allocation Failure) [PSYoungGen: 83917K->1408K(83456K)] 492896K->410386K(581632K), 0.0022125 secs] [Times: user=0.01 sys=0.00, real=0.00 secs] 
2816.111: [GC (Allocation Failure) [PSYoungGen: 83328K->1376K(82944K)] 492306K->410354K(581120K), 0.0018900 secs] [Times: user=0.01 sys=0.00, real=0.00 secs] 
2816.449: [GC (Allocation Failure) [PSYoungGen: 82784K->1376K(82432K)] 491762K->410354K(580608K), 0.0021522 secs] [Times: user=0.01 sys=0.00, real=0.00 secs] 
2816.784: [GC (Allocation Failure) [PSYoungGen: 82272K->1392K(81920K)] 491250K->410371K(580096K), 0.0016694 secs] [Times: user=0.01 sys=0.00, real=0.00 secs] 
2816.926: [GC (Allocation Failure) [PSYoungGen: 81776K->1485K(81408K)] 490755K->410464K(579584K), 0.0017580 secs] [Times: user=0.01 sys=0.00, real=0.00 secs] 
2817.068: [GC (Allocation Failure) [PSYoungGen: 81357K->1488K(89600K)] 490336K->410467K(587776K), 0.0030180 secs] [Times: user=0.02 sys=0.00, real=0.00 secs] 
2817.836: [GC (Allocation Failure) [PSYoungGen: 89552K->1408K(88576K)] 498531K->410386K(586752K), 0.0031234 secs] [Times: user=0.01 sys=0.00, real=0.00 secs] 
2819.128: [GC (Allocation Failure) [PSYoungGen: 88448K->1376K(87552K)] 497426K->410354K(585728K), 0.0037405 secs] [Times: user=0.01 sys=0.00, real=0.00 secs] 
2820.263: [GC (Allocation Failure) [PSYoungGen: 87392K->1376K(86528K)] 496370K->410354K(584704K), 0.0034165 secs] [Times: user=0.01 sys=0.00, real=0.01 secs] 
2820.999: [GC (Allocation Failure) [PSYoungGen: 86368K->1405K(86016K)] 495346K->410384K(584192K), 0.0027714 secs] [Times: user=0.01 sys=0.00, real=0.00 secs] 
2821.208: [GC (Allocation Failure) [PSYoungGen: 85885K->1517K(85504K)] 494864K->410496K(583680K), 0.0019609 secs] [Times: user=0.01 sys=0.00, real=0.00 secs] 
2821.355: [GC (Allocation Failure) [PSYoungGen: 85485K->1517K(84992K)] 494464K->410496K(583168K), 0.0016940 secs] [Times: user=0.01 sys=0.00, real=0.00 secs] 
2821.573: [GC (Allocation Failure) [PSYoungGen: 84973K->2000K(84992K)] 493952K->410979K(583168K), 0.0024040 secs] [Times: user=0.01 sys=0.00, real=0.00 secs] 
2822.516: [GC (Allocation Failure) [PSYoungGen: 84944K->320K(82944K)] 493923K->410322K(581120K), 0.0023775 secs] [Times: user=0.01 sys=0.00, real=0.00 secs] 
2823.135: [GC (Allocation Failure) [PSYoungGen: 82752K->352K(82432K)] 492754K->410354K(580608K), 0.0021782 secs] [Times: user=0.00 sys=0.00, real=0.00 secs] 
2823.511: [GC (Allocation Failure) [PSYoungGen: 82272K->336K(81920K)] 492274K->410338K(580096K), 0.0027483 secs] [Times: user=0.01 sys=0.00, real=0.01 secs] 
2823.820: [GC (Allocation Failure) [PSYoungGen: 81744K->1504K(83456K)] 491746K->411507K(581632K), 0.0016205 secs] [Times: user=0.01 sys=0.00, real=0.00 secs] 
2823.962: [GC (Allocation Failure) [PSYoungGen: 82400K->1581K(82432K)] 492403K->411584K(580608K), 0.0018689 secs] [Times: user=0.01 sys=0.00, real=0.01 secs] 
2824.103: [GC (Allocation Failure) [PSYoungGen: 81965K->1485K(81408K)] 491968K->411488K(579584K), 0.0019330 secs] [Times: user=0.00 sys=0.00, real=0.01 secs] 
2824.425: [GC (Allocation Failure) [PSYoungGen: 81357K->1504K(80896K)] 491360K->411506K(579072K), 0.0021005 secs] [Times: user=0.00 sys=0.00, real=0.00 secs] 
2824.784: [GC (Allocation Failure) [PSYoungGen: 80864K->1408K(80384K)] 490866K->411410K(578560K), 0.0020833 secs] [Times: user=0.01 sys=0.00, real=0.00 secs] 
2825.112: [GC (Allocation Failure) [PSYoungGen: 80256K->1376K(79872K)] 490258K->411378K(578048K), 0.0021629 secs] [Times: user=0.00 sys=0.00, real=0.01 secs] 
2825.467: [GC (Allocation Failure) [PSYoungGen: 79712K->1344K(79360K)] 489714K->411362K(577536K), 0.0028668 secs] [Times: user=0.01 sys=0.00, real=0.00 secs] 
2825.754: [GC (Allocation Failure) [PSYoungGen: 79168K->1421K(78848K)] 489186K->411440K(577024K), 0.0023948 secs] [Times: user=0.00 sys=0.00, real=0.00 secs] 
2825.915: [GC (Allocation Failure) [PSYoungGen: 78733K->1549K(78848K)] 488752K->411568K(577024K), 0.0017139 secs] [Times: user=0.01 sys=0.00, real=0.00 secs] 
2826.049: [GC (Allocation Failure) [PSYoungGen: 78349K->429K(76800K)] 488368K->411472K(574976K), 0.0016612 secs] [Times: user=0.01 sys=0.00, real=0.00 secs] 
2827.006: [GC (Allocation Failure) [PSYoungGen: 76717K->1440K(78336K)] 487760K->412482K(576512K), 0.0028040 secs] [Times: user=0.01 sys=0.00, real=0.00 secs] 
2828.024: [GC (Allocation Failure) [PSYoungGen: 77216K->1360K(76800K)] 488258K->412403K(574976K), 0.0040235 secs] [Times: user=0.01 sys=0.00, real=0.00 secs] 
2828.865: [GC (Allocation Failure) [PSYoungGen: 76624K->1344K(76288K)] 487667K->412386K(574464K), 0.0031120 secs] [Times: user=0.01 sys=0.00, real=0.00 secs] 
2829.348: [GC (Allocation Failure) [PSYoungGen: 76096K->1344K(75776K)] 487138K->412386K(573952K), 0.0019658 secs] [Times: user=0.01 sys=0.00, real=0.00 secs] 
2829.541: [GC (Allocation Failure) [PSYoungGen: 75584K->1472K(75264K)] 486626K->412515K(573440K), 0.0018369 secs] [Times: user=0.00 sys=0.00, real=0.00 secs] 
2829.675: [GC (Allocation Failure) [PSYoungGen: 75200K->1517K(74752K)] 486243K->412560K(572928K), 0.0016220 secs] [Times: user=0.01 sys=0.00, real=0.00 secs] 
2829.806: [GC (Allocation Failure) [PSYoungGen: 74733K->1485K(74240K)] 485776K->412528K(572416K), 0.0016996 secs] [Times: user=0.01 sys=0.00, real=0.00 secs] 
2830.227: [GC (Allocation Failure) [PSYoungGen: 74189K->1456K(73728K)] 485232K->412499K(571904K), 0.0021125 secs] [Times: user=0.01 sys=0.00, real=0.00 secs] 
2830.837: [GC (Allocation Failure) [PSYoungGen: 73648K->1376K(73216K)] 484691K->412418K(571392K), 0.0023084 secs] [Times: user=0.01 sys=0.00, real=0.00 secs] 
2831.573: [GC (Allocation Failure) [PSYoungGen: 73056K->1376K(72704K)] 484098K->412418K(570880K), 0.0022818 secs] [Times: user=0.01 sys=0.00, real=0.00 secs] 
2832.288: [GC (Allocation Failure) [PSYoungGen: 72544K->1376K(72192K)] 483586K->412418K(570368K), 0.0025066 secs] [Times: user=0.01 sys=0.00, real=0.00 secs] 
2832.752: [GC (Allocation Failure) [PSYoungGen: 72032K->1453K(71680K)] 483074K->412496K(569856K), 0.0021426 secs] [Times: user=0.01 sys=0.00, real=0.01 secs] 
2832.923: [GC (Allocation Failure) [PSYoungGen: 71597K->1488K(71168K)] 482640K->412531K(569344K), 0.0024009 secs] [Times: user=0.01 sys=0.00, real=0.01 secs] 
2833.109: [GC (Allocation Failure) [PSYoungGen: 71120K->1485K(70656K)] 482163K->412528K(568832K), 0.0024774 secs] [Times: user=0.01 sys=0.00, real=0.00 secs] 
2833.267: [GC (Allocation Failure) [PSYoungGen: 70605K->1485K(70144K)] 481648K->412528K(568320K), 0.0019226 secs] [Times: user=0.01 sys=0.00, real=0.00 secs] 
2834.063: [GC (Allocation Failure) [PSYoungGen: 70093K->1376K(69632K)] 481136K->412418K(567808K), 0.0031946 secs] [Times: user=0.02 sys=0.00, real=0.01 secs] 
2834.666: [GC (Allocation Failure) [PSYoungGen: 69472K->1376K(69120K)] 480514K->412418K(567296K), 0.0030298 secs] [Times: user=0.01 sys=0.00, real=0.00 secs] 
2835.086: [GC (Allocation Failure) [PSYoungGen: 68960K->1344K(68608K)] 480002K->412394K(566784K), 0.0021607 secs] [Times: user=0.01 sys=0.00, real=0.00 secs] 
2835.365: [GC (Allocation Failure) [PSYoungGen: 68416K->1360K(68096K)] 479466K->412411K(566272K), 0.0021072 secs] [Times: user=0.00 sys=0.00, real=0.00 secs] 
2835.593: [GC (Allocation Failure) [PSYoungGen: 67920K->1421K(67584K)] 478971K->412472K(565760K), 0.0015797 secs] [Times: user=0.01 sys=0.01, real=0.00 secs] 
2835.729: [GC (Allocation Failure) [PSYoungGen: 67469K->1517K(67072K)] 478520K->412568K(565248K), 0.0019050 secs] [Times: user=0.01 sys=0.00, real=0.00 secs] 
2835.875: [GC (Allocation Failure) [PSYoungGen: 67053K->1389K(66560K)] 478104K->412440K(564736K), 0.0019152 secs] [Times: user=0.00 sys=0.00, real=0.00 secs] 
2835.994: [GC (Allocation Failure) [PSYoungGen: 66413K->1424K(73216K)] 477464K->412491K(571392K), 0.0017054 secs] [Times: user=0.01 sys=0.00, real=0.00 secs] 
2836.650: [GC (Allocation Failure) [PSYoungGen: 73104K->1392K(72704K)] 484171K->412459K(570880K), 0.0040618 secs] [Times: user=0.01 sys=0.00, real=0.01 secs] 
2837.226: [GC (Allocation Failure) [PSYoungGen: 72560K->1312K(72192K)] 483627K->412378K(570368K), 0.0029888 secs] [Times: user=0.01 sys=0.00, real=0.00 secs] 
2837.757: [GC (Allocation Failure) [PSYoungGen: 71968K->1344K(71680K)] 483034K->412410K(569856K), 0.0025307 secs] [Times: user=0.01 sys=0.00, real=0.00 secs] 
2838.312: [GC (Allocation Failure) [PSYoungGen: 71488K->1344K(71168K)] 482554K->412410K(569344K), 0.0027027 secs] [Times: user=0.01 sys=0.00, real=0.01 secs] 
2838.661: [GC (Allocation Failure) [PSYoungGen: 70976K->1453K(70656K)] 482042K->412520K(568832K), 0.0019728 secs] [Times: user=0.01 sys=0.00, real=0.00 secs] 
2838.788: [GC (Allocation Failure) [PSYoungGen: 70573K->1453K(70144K)] 481640K->412520K(568320K), 0.0019445 secs] [Times: user=0.01 sys=0.00, real=0.00 secs] 
2838.908: [GC (Allocation Failure) [PSYoungGen: 70029K->1469K(69632K)] 481096K->412536K(567808K), 0.0016591 secs] [Times: user=0.01 sys=0.00, real=0.00 secs] 
2839.029: [GC (Allocation Failure) [PSYoungGen: 69565K->1485K(76288K)] 480632K->412560K(574464K), 0.0017367 secs] [Times: user=0.01 sys=0.00, real=0.00 secs] 
2840.467: [GC (Allocation Failure) [PSYoungGen: 76237K->1392K(75776K)] 487312K->412467K(573952K), 0.0041981 secs] [Times: user=0.02 sys=0.00, real=0.00 secs] 
2841.155: [GC (Allocation Failure) [PSYoungGen: 75632K->1344K(75264K)] 486707K->412418K(573440K), 0.0030526 secs] [Times: user=0.01 sys=0.00, real=0.00 secs] 
2841.948: [GC (Allocation Failure) [PSYoungGen: 75072K->1344K(74752K)] 486146K->412418K(572928K), 0.0023324 secs] [Times: user=0.01 sys=0.00, real=0.00 secs] 
2842.766: [GC (Allocation Failure) [PSYoungGen: 74560K->1421K(74240K)] 485634K->412496K(572416K), 0.0026288 secs] [Times: user=0.01 sys=0.00, real=0.00 secs] 
2842.939: [GC (Allocation Failure) [PSYoungGen: 74125K->1517K(73728K)] 485200K->412592K(571904K), 0.0016522 secs] [Times: user=0.01 sys=0.00, real=0.00 secs] 
2843.068: [GC (Allocation Failure) [PSYoungGen: 73709K->1501K(73216K)] 484784K->412576K(571392K), 0.0018719 secs] [Times: user=0.01 sys=0.00, real=0.00 secs] 
2843.214: [GC (Allocation Failure) [PSYoungGen: 73181K->1456K(72704K)] 484256K->412531K(570880K), 0.0017990 secs] [Times: user=0.01 sys=0.00, real=0.00 secs] 
2843.684: [GC (Allocation Failure) [PSYoungGen: 72624K->1440K(72192K)] 483699K->412514K(570368K), 0.0024010 secs] [Times: user=0.01 sys=0.00, real=0.00 secs] 
2844.569: [GC (Allocation Failure) [PSYoungGen: 72096K->1344K(71680K)] 483170K->412418K(569856K), 0.0021088 secs] [Times: user=0.00 sys=0.00, real=0.00 secs] 
2845.281: [GC (Allocation Failure) [PSYoungGen: 71488K->1376K(71168K)] 482562K->412450K(569344K), 0.0023781 secs] [Times: user=0.01 sys=0.00, real=0.01 secs] 
2846.009: [GC (Allocation Failure) [PSYoungGen: 71008K->1376K(70656K)] 482082K->412450K(568832K), 0.0022077 secs] [Times: user=0.01 sys=0.00, real=0.00 secs] 
2846.496: [GC (Allocation Failure) [PSYoungGen: 70496K->1453K(70144K)] 481570K->412544K(568320K), 0.0024335 secs] [Times: user=0.01 sys=0.00, real=0.00 secs] 
2846.681: [GC (Allocation Failure) [PSYoungGen: 70061K->1517K(69632K)] 481152K->412608K(567808K), 0.0021045 secs] [Times: user=0.01 sys=0.00, real=0.00 secs] 
2846.810: [GC (Allocation Failure) [PSYoungGen: 69613K->1485K(69120K)] 480704K->412576K(567296K), 0.0017527 secs] [Times: user=0.00 sys=0.00, real=0.00 secs] 
2846.929: [GC (Allocation Failure) [PSYoungGen: 69069K->1485K(68608K)] 480160K->412576K(566784K), 0.0018164 secs] [Times: user=0.00 sys=0.00, real=0.00 secs] 
2847.736: [GC (Allocation Failure) [PSYoungGen: 68557K->1440K(68096K)] 479648K->412530K(566272K), 0.0033310 secs] [Times: user=0.01 sys=0.00, real=0.00 secs] 
2848.307: [GC (Allocation Failure) [PSYoungGen: 68000K->1344K(67584K)] 479090K->412434K(565760K), 0.0027534 secs] [Times: user=0.01 sys=0.00, real=0.00 secs] 
2848.911: [GC (Allocation Failure) [PSYoungGen: 67392K->1344K(67072K)] 478482K->412434K(565248K), 0.0027243 secs] [Times: user=0.01 sys=0.01, real=0.01 secs] 
2849.458: [GC (Allocation Failure) [PSYoungGen: 66880K->1376K(66560K)] 477970K->412466K(564736K), 0.0025362 secs] [Times: user=0.01 sys=0.00, real=0.00 secs] 
2849.869: [GC (Allocation Failure) [PSYoungGen: 66378K->1421K(66048K)] 477469K->412512K(564224K), 0.0022945 secs] [Times: user=0.01 sys=0.00, real=0.00 secs] 
2850.006: [GC (Allocation Failure) [PSYoungGen: 65933K->1485K(65536K)] 477024K->412576K(563712K), 0.0022375 secs] [Times: user=0.01 sys=0.00, real=0.00 secs] 
2850.124: [GC (Allocation Failure) [PSYoungGen: 65485K->1501K(71680K)] 476576K->412592K(569856K), 0.0018144 secs] [Times: user=0.01 sys=0.00, real=0.00 secs] 
2850.249: [GC (Allocation Failure) [PSYoungGen: 71645K->1488K(78848K)] 482736K->412587K(577024K), 0.0016936 secs] [Times: user=0.01 sys=0.00, real=0.00 secs] 
2850.772: [GC (Allocation Failure) [PSYoungGen: 78800K->1424K(78336K)] 489899K->412523K(576512K), 0.0024536 secs] [Times: user=0.01 sys=0.01, real=0.01 secs] 
2851.501: [GC (Allocation Failure) [PSYoungGen: 78224K->1344K(77824K)] 489323K->412442K(576000K), 0.0024443 secs] [Times: user=0.01 sys=0.00, real=0.01 secs] 
2852.218: [GC (Allocation Failure) [PSYoungGen: 77632K->1344K(77312K)] 488730K->412442K(575488K), 0.0025297 secs] [Times: user=0.01 sys=0.00, real=0.00 secs] 
2853.037: [GC (Allocation Failure) [PSYoungGen: 77120K->1376K(76800K)] 488218K->412474K(574976K), 0.0022060 secs] [Times: user=0.01 sys=0.00, real=0.00 secs] 
2853.316: [GC (Allocation Failure) [PSYoungGen: 76640K->1485K(76288K)] 487738K->412584K(574464K), 0.0017235 secs] [Times: user=0.01 sys=0.00, real=0.00 secs] 
2853.448: [GC (Allocation Failure) [PSYoungGen: 76237K->1517K(75776K)] 487336K->412616K(573952K), 0.0016291 secs] [Times: user=0.01 sys=0.00, real=0.00 secs] 
2853.581: [GC (Allocation Failure) [PSYoungGen: 75757K->1517K(75264K)] 486856K->412616K(573440K), 0.0018044 secs] [Times: user=0.01 sys=0.00, real=0.01 secs] 
2854.164: [GC (Allocation Failure) [PSYoungGen: 75245K->1408K(74752K)] 486344K->412506K(572928K), 0.0023672 secs] [Times: user=0.01 sys=0.00, real=0.00 secs] 
2855.213: [GC (Allocation Failure) [PSYoungGen: 74624K->1344K(74240K)] 485722K->412442K(572416K), 0.0040542 secs] [Times: user=0.02 sys=0.00, real=0.01 secs] 
2855.906: [GC (Allocation Failure) [PSYoungGen: 74048K->1344K(73728K)] 485146K->412458K(571904K), 0.0027468 secs] [Times: user=0.01 sys=0.01, real=0.00 secs] 
2856.521: [GC (Allocation Failure) [PSYoungGen: 73536K->1344K(73216K)] 484650K->412458K(571392K), 0.0029861 secs] [Times: user=0.01 sys=0.00, real=0.01 secs] 
2856.951: [GC (Allocation Failure) [PSYoungGen: 73024K->1485K(72704K)] 484138K->412600K(570880K), 0.0022174 secs] [Times: user=0.01 sys=0.00, real=0.01 secs] 
2857.096: [GC (Allocation Failure) [PSYoungGen: 72653K->1517K(72192K)] 483768K->412632K(570368K), 0.0018385 secs] [Times: user=0.01 sys=0.00, real=0.00 secs] 
2857.221: [GC (Allocation Failure) [PSYoungGen: 72173K->1453K(71680K)] 483288K->412568K(569856K), 0.0017006 secs] [Times: user=0.01 sys=0.00, real=0.00 secs] 
2857.344: [GC (Allocation Failure) [PSYoungGen: 71597K->1517K(71168K)] 482712K->412632K(569344K), 0.0017353 secs] [Times: user=0.01 sys=0.00, real=0.00 secs] 
2858.272: [GC (Allocation Failure) [PSYoungGen: 71149K->1376K(70656K)] 482264K->412498K(568832K), 0.0030008 secs] [Times: user=0.01 sys=0.00, real=0.01 secs] 
2858.985: [GC (Allocation Failure) [PSYoungGen: 70496K->1312K(70144K)] 481618K->412434K(568320K), 0.0032550 secs] [Times: user=0.01 sys=0.00, real=0.00 secs] 
2859.552: [GC (Allocation Failure) [PSYoungGen: 69920K->1344K(69632K)] 481042K->412466K(567808K), 0.0030488 secs] [Times: user=0.01 sys=0.00, real=0.01 secs] 
2860.184: [GC (Allocation Failure) [PSYoungGen: 69440K->1344K(69120K)] 480562K->412466K(567296K), 0.0035700 secs] [Times: user=0.01 sys=0.00, real=0.00 secs] 
2860.454: [GC (Allocation Failure) [PSYoungGen: 68928K->1485K(68608K)] 480050K->412608K(566784K), 0.0020351 secs] [Times: user=0.00 sys=0.00, real=0.00 secs] 
2860.580: [GC (Allocation Failure) [PSYoungGen: 68557K->1488K(68096K)] 479680K->412611K(566272K), 0.0017188 secs] [Times: user=0.01 sys=0.00, real=0.00 secs] 
2860.697: [GC (Allocation Failure) [PSYoungGen: 68048K->1488K(67584K)] 479171K->412611K(565760K), 0.0016365 secs] [Times: user=0.00 sys=0.00, real=0.00 secs] 
2860.831: [GC (Allocation Failure) [PSYoungGen: 67536K->1456K(72192K)] 478659K->412587K(570368K), 0.0020001 secs] [Times: user=0.01 sys=0.00, real=0.00 secs] 
2861.144: [GC (Allocation Failure) [PSYoungGen: 71600K->1440K(71168K)] 482731K->412570K(569344K), 0.0021423 secs] [Times: user=0.01 sys=0.00, real=0.00 secs] 
2861.434: [GC (Allocation Failure) [PSYoungGen: 71072K->1392K(70656K)] 482202K->412523K(568832K), 0.0023040 secs] [Times: user=0.01 sys=0.00, real=0.00 secs] 
2861.722: [GC (Allocation Failure) [PSYoungGen: 70512K->1312K(70144K)] 481643K->412442K(568320K), 0.0023194 secs] [Times: user=0.01 sys=0.00, real=0.01 secs] 
2862.007: [GC (Allocation Failure) [PSYoungGen: 69920K->1344K(69632K)] 481050K->412482K(567808K), 0.0021565 secs] [Times: user=0.01 sys=0.01, real=0.00 secs] 
2862.325: [GC (Allocation Failure) [PSYoungGen: 69440K->1485K(69120K)] 480578K->412624K(567296K), 0.0016176 secs] [Times: user=0.01 sys=0.00, real=0.00 secs] 
2862.445: [GC (Allocation Failure) [PSYoungGen: 69069K->1485K(68608K)] 480208K->412624K(566784K), 0.0017067 secs] [Times: user=0.01 sys=0.00, real=0.00 secs] 
2862.563: [GC (Allocation Failure) [PSYoungGen: 68557K->1421K(71168K)] 479696K->412560K(569344K), 0.0016462 secs] [Times: user=0.00 sys=0.00, real=0.00 secs] 
2862.783: [GC (Allocation Failure) [PSYoungGen: 71053K->1968K(71680K)] 482192K->413107K(569856K), 0.0021948 secs] [Times: user=0.00 sys=0.00, real=0.01 secs] 
2864.279: [GC (Allocation Failure) [PSYoungGen: 71600K->1376K(70656K)] 482739K->412530K(568832K), 0.0045697 secs] [Times: user=0.02 sys=0.00, real=0.01 secs] 
2864.975: [GC (Allocation Failure) [PSYoungGen: 70496K->1408K(70144K)] 481650K->412562K(568320K), 0.0033669 secs] [Times: user=0.01 sys=0.00, real=0.00 secs] 
2865.595: [GC (Allocation Failure) [PSYoungGen: 70016K->1376K(69632K)] 481170K->412530K(567808K), 0.0030578 secs] [Times: user=0.01 sys=0.00, real=0.00 secs] 
2866.260: [GC (Allocation Failure) [PSYoungGen: 69472K->1453K(69120K)] 480626K->412608K(567296K), 0.0028292 secs] [Times: user=0.01 sys=0.00, real=0.00 secs] 
2866.427: [GC (Allocation Failure) [PSYoungGen: 69037K->1504K(68608K)] 480192K->412683K(566784K), 0.0016390 secs] [Times: user=0.00 sys=0.00, real=0.00 secs] 
2866.545: [GC (Allocation Failure) [PSYoungGen: 68576K->1501K(68096K)] 479755K->412680K(566272K), 0.0016365 secs] [Times: user=0.01 sys=0.00, real=0.00 secs] 
2866.661: [GC (Allocation Failure) [PSYoungGen: 68061K->1517K(67584K)] 479240K->412696K(565760K), 0.0016535 secs] [Times: user=0.01 sys=0.00, real=0.00 secs] 
2866.881: [GC (Allocation Failure) [PSYoungGen: 67565K->1440K(67072K)] 478744K->412618K(565248K), 0.0022544 secs] [Times: user=0.01 sys=0.00, real=0.01 secs] 
2867.774: [GC (Allocation Failure) [PSYoungGen: 66976K->1344K(66560K)] 478154K->412522K(564736K), 0.0042238 secs] [Times: user=0.02 sys=0.00, real=0.00 secs] 
2868.456: [GC (Allocation Failure) [PSYoungGen: 66368K->1344K(66048K)] 477546K->412522K(564224K), 0.0040400 secs] [Times: user=0.01 sys=0.00, real=0.00 secs] 
2869.144: [GC (Allocation Failure) [PSYoungGen: 65856K->1344K(65536K)] 477034K->412522K(563712K), 0.0034448 secs] [Times: user=0.01 sys=0.00, real=0.00 secs] 
2869.786: [GC (Allocation Failure) [PSYoungGen: 65344K->1344K(65024K)] 476522K->412522K(563200K), 0.0045856 secs] [Times: user=0.01 sys=0.00, real=0.00 secs] 
2870.111: [GC (Allocation Failure) [PSYoungGen: 64832K->1488K(64512K)] 476010K->412667K(562688K), 0.0022609 secs] [Times: user=0.01 sys=0.00, real=0.01 secs] 
2870.241: [GC (Allocation Failure) [PSYoungGen: 64464K->1485K(64000K)] 475643K->412664K(562176K), 0.0016978 secs] [Times: user=0.00 sys=0.00, real=0.00 secs] 
2870.352: [GC (Allocation Failure) [PSYoungGen: 63949K->1469K(63488K)] 475128K->412656K(561664K), 0.0016098 secs] [Times: user=0.00 sys=0.00, real=0.01 secs] 
2870.476: [GC (Allocation Failure) [PSYoungGen: 63421K->1472K(70656K)] 474608K->412659K(568832K), 0.0021516 secs] [Times: user=0.01 sys=0.00, real=0.00 secs] 
2871.193: [GC (Allocation Failure) [PSYoungGen: 70080K->1424K(69632K)] 481267K->412611K(567808K), 0.0023676 secs] [Times: user=0.01 sys=0.00, real=0.01 secs] 
2871.946: [GC (Allocation Failure) [PSYoungGen: 69520K->1312K(69120K)] 480707K->412498K(567296K), 0.0033303 secs] [Times: user=0.02 sys=0.00, real=0.00 secs] 
2872.828: [GC (Allocation Failure) [PSYoungGen: 68896K->1344K(68608K)] 480082K->412530K(566784K), 0.0043212 secs] [Times: user=0.02 sys=0.00, real=0.00 secs] 
2873.754: [GC (Allocation Failure) [PSYoungGen: 68416K->1344K(68096K)] 479602K->412530K(566272K), 0.0044418 secs] [Times: user=0.02 sys=0.00, real=0.00 secs] 
2874.277: [GC (Allocation Failure) [PSYoungGen: 67903K->1453K(67584K)] 479089K->412640K(565760K), 0.0023014 secs] [Times: user=0.01 sys=0.00, real=0.00 secs] 
2874.426: [GC (Allocation Failure) [PSYoungGen: 67501K->1453K(67072K)] 478688K->412640K(565248K), 0.0017679 secs] [Times: user=0.00 sys=0.00, real=0.00 secs] 
2874.541: [GC (Allocation Failure) [PSYoungGen: 66986K->1485K(66560K)] 478173K->412680K(564736K), 0.0016374 secs] [Times: user=0.01 sys=0.00, real=0.00 secs] 
2874.672: [GC (Allocation Failure) [PSYoungGen: 66509K->1453K(67072K)] 477704K->412648K(565248K), 0.0018629 secs] [Times: user=0.01 sys=0.00, real=0.01 secs] 
2875.769: [GC (Allocation Failure) [PSYoungGen: 66477K->1456K(66048K)] 477672K->412675K(564224K), 0.0027108 secs] [Times: user=0.01 sys=0.00, real=0.00 secs] 
2876.264: [GC (Allocation Failure) [PSYoungGen: 65968K->1360K(65536K)] 477187K->412579K(563712K), 0.0023548 secs] [Times: user=0.01 sys=0.00, real=0.00 secs] 
2876.790: [GC (Allocation Failure) [PSYoungGen: 65360K->1344K(65024K)] 476579K->412562K(563200K), 0.0041684 secs] [Times: user=0.01 sys=0.00, real=0.01 secs] 
2877.310: [GC (Allocation Failure) [PSYoungGen: 64832K->1344K(64512K)] 476050K->412562K(562688K), 0.0027865 secs] [Times: user=0.01 sys=0.00, real=0.00 secs] 
2877.873: [GC (Allocation Failure) [PSYoungGen: 64320K->1424K(64000K)] 475538K->412643K(562176K), 0.0023552 secs] [Times: user=0.01 sys=0.01, real=0.01 secs] 
2878.025: [GC (Allocation Failure) [PSYoungGen: 63888K->1517K(63488K)] 475107K->412736K(561664K), 0.0017105 secs] [Times: user=0.00 sys=0.00, real=0.00 secs] 
2878.135: [GC (Allocation Failure) [PSYoungGen: 63469K->1485K(62976K)] 474688K->412704K(561152K), 0.0016078 secs] [Times: user=0.01 sys=0.00, real=0.00 secs] 
2878.243: [GC (Allocation Failure) [PSYoungGen: 62925K->1517K(69632K)] 474144K->412744K(567808K), 0.0016447 secs] [Times: user=0.00 sys=0.00, real=0.01 secs] 
2878.547: [GC (Allocation Failure) [PSYoungGen: 69101K->2016K(69120K)] 480328K->413243K(567296K), 0.0020558 secs] [Times: user=0.01 sys=0.00, real=0.00 secs] 
2878.875: [GC (Allocation Failure) [PSYoungGen: 69088K->1344K(68096K)] 480315K->412570K(566272K), 0.0022746 secs] [Times: user=0.01 sys=0.00, real=0.00 secs] 
2879.183: [GC (Allocation Failure) [PSYoungGen: 67904K->1360K(67584K)] 479130K->412587K(565760K), 0.0021959 secs] [Times: user=0.01 sys=0.00, real=0.00 secs] 
2879.458: [GC (Allocation Failure) [PSYoungGen: 67408K->1344K(67072K)] 478635K->412570K(565248K), 0.0023050 secs] [Times: user=0.01 sys=0.01, real=0.00 secs] 
2879.748: [GC (Allocation Failure) [PSYoungGen: 66880K->1344K(66560K)] 478106K->412570K(564736K), 0.0021246 secs] [Times: user=0.01 sys=0.00, real=0.00 secs] 
2880.000: [GC (Allocation Failure) [PSYoungGen: 66368K->1517K(66048K)] 477594K->412744K(564224K), 0.0017358 secs] [Times: user=0.00 sys=0.00, real=0.00 secs] 
2880.113: [GC (Allocation Failure) [PSYoungGen: 66029K->1517K(65536K)] 477256K->412744K(563712K), 0.0016365 secs] [Times: user=0.00 sys=0.00, real=0.00 secs] 
2880.227: [GC (Allocation Failure) [PSYoungGen: 65517K->1517K(66560K)] 476744K->412752K(564736K), 0.0016529 secs] [Times: user=0.00 sys=0.00, real=0.00 secs] 
2880.341: [GC (Allocation Failure) [PSYoungGen: 66009K->1533K(72192K)] 477244K->412768K(570368K), 0.0016834 secs] [Times: user=0.01 sys=0.00, real=0.00 secs] 
2881.077: [GC (Allocation Failure) [PSYoungGen: 71677K->1440K(71168K)] 482912K->412674K(569344K), 0.0021905 secs] [Times: user=0.00 sys=0.00, real=0.00 secs] 
2881.750: [GC (Allocation Failure) [PSYoungGen: 71072K->1376K(70656K)] 482306K->412610K(568832K), 0.0021422 secs] [Times: user=0.01 sys=0.00, real=0.00 secs] 
2882.604: [GC (Allocation Failure) [PSYoungGen: 70496K->1344K(70144K)] 481730K->412578K(568320K), 0.0029461 secs] [Times: user=0.01 sys=0.00, real=0.00 secs] 
2883.412: [GC (Allocation Failure) [PSYoungGen: 69952K->1344K(69632K)] 481186K->412578K(567808K), 0.0032201 secs] [Times: user=0.02 sys=0.00, real=0.01 secs] 
2883.736: [GC (Allocation Failure) [PSYoungGen: 69440K->1485K(69120K)] 480674K->412720K(567296K), 0.0020946 secs] [Times: user=0.01 sys=0.00, real=0.00 secs] 
2883.862: [GC (Allocation Failure) [PSYoungGen: 69069K->1485K(68608K)] 480304K->412720K(566784K), 0.0017220 secs] [Times: user=0.00 sys=0.00, real=0.01 secs] 
2883.981: [GC (Allocation Failure) [PSYoungGen: 68557K->1488K(68096K)] 479792K->412739K(566272K), 0.0016738 secs] [Times: user=0.00 sys=0.00, real=0.00 secs] 
2884.116: [GC (Allocation Failure) [PSYoungGen: 68041K->1485K(68608K)] 479292K->412736K(566784K), 0.0019435 secs] [Times: user=0.00 sys=0.00, real=0.00 secs] 
2884.725: [GC (Allocation Failure) [PSYoungGen: 68045K->1440K(67584K)] 479296K->412690K(565760K), 0.0021563 secs] [Times: user=0.01 sys=0.00, real=0.00 secs] 
2885.040: [GC (Allocation Failure) [PSYoungGen: 67488K->1344K(67072K)] 478738K->412594K(565248K), 0.0025986 secs] [Times: user=0.01 sys=0.00, real=0.00 secs] 
2885.616: [GC (Allocation Failure) [PSYoungGen: 66880K->1312K(66560K)] 478130K->412562K(564736K), 0.0032270 secs] [Times: user=0.01 sys=0.00, real=0.00 secs] 
2886.182: [GC (Allocation Failure) [PSYoungGen: 66336K->1344K(66048K)] 477586K->412594K(564224K), 0.0033205 secs] [Times: user=0.01 sys=0.01, real=0.01 secs] 
2886.536: [GC (Allocation Failure) [PSYoungGen: 65856K->1453K(65536K)] 477106K->412704K(563712K), 0.0020433 secs] [Times: user=0.01 sys=0.00, real=0.00 secs] 
2886.659: [GC (Allocation Failure) [PSYoungGen: 65453K->1485K(65024K)] 476704K->412736K(563200K), 0.0016597 secs] [Times: user=0.01 sys=0.00, real=0.00 secs] 
2886.771: [GC (Allocation Failure) [PSYoungGen: 64973K->1488K(65536K)] 476224K->412739K(563712K), 0.0017570 secs] [Times: user=0.01 sys=0.00, real=0.00 secs] 
2886.883: [GC (Allocation Failure) [PSYoungGen: 64976K->1549K(71680K)] 476227K->412816K(569856K), 0.0017258 secs] [Times: user=0.01 sys=0.00, real=0.01 secs] 
2887.215: [GC (Allocation Failure) [PSYoungGen: 71181K->1472K(71680K)] 482448K->412738K(569856K), 0.0021894 secs] [Times: user=0.01 sys=0.00, real=0.00 secs] 
2887.509: [GC (Allocation Failure) [PSYoungGen: 71104K->1376K(70656K)] 482370K->412642K(568832K), 0.0021058 secs] [Times: user=0.01 sys=0.00, real=0.00 secs] 
2887.905: [GC (Allocation Failure) [PSYoungGen: 70496K->1440K(77824K)] 481762K->412706K(576000K), 0.0057749 secs] [Times: user=0.01 sys=0.02, real=0.00 secs] 
2888.360: [GC (Allocation Failure) [PSYoungGen: 77216K->1408K(76800K)] 488482K->412674K(574976K), 0.0027054 secs] [Times: user=0.01 sys=0.00, real=0.01 secs] 
2888.749: [GC (Allocation Failure) [PSYoungGen: 76672K->1485K(76288K)] 487938K->412752K(574464K), 0.0022121 secs] [Times: user=0.01 sys=0.00, real=0.00 secs] 
2888.934: [GC (Allocation Failure) [PSYoungGen: 76237K->1533K(75776K)] 487504K->412800K(573952K), 0.0020507 secs] [Times: user=0.01 sys=0.01, real=0.00 secs] 
2889.093: [GC (Allocation Failure) [PSYoungGen: 75773K->1517K(75264K)] 487040K->412784K(573440K), 0.0019708 secs] [Times: user=0.01 sys=0.00, real=0.01 secs] 
2889.463: [GC (Allocation Failure) [PSYoungGen: 75245K->1424K(74752K)] 486512K->412691K(572928K), 0.0024672 secs] [Times: user=0.01 sys=0.00, real=0.00 secs] 
2890.066: [GC (Allocation Failure) [PSYoungGen: 74640K->1344K(74240K)] 485907K->412610K(572416K), 0.0026466 secs] [Times: user=0.01 sys=0.00, real=0.00 secs] 
2890.359: [GC (Allocation Failure) [PSYoungGen: 74048K->1376K(73728K)] 485314K->412642K(571904K), 0.0021259 secs] [Times: user=0.00 sys=0.00, real=0.00 secs] 
2890.695: [GC (Allocation Failure) [PSYoungGen: 73568K->1344K(73216K)] 484834K->412610K(571392K), 0.0022126 secs] [Times: user=0.01 sys=0.00, real=0.00 secs] 
2891.003: [GC (Allocation Failure) [PSYoungGen: 73024K->1440K(72704K)] 484290K->412707K(570880K), 0.0026508 secs] [Times: user=0.01 sys=0.00, real=0.00 secs] 
2891.219: [GC (Allocation Failure) [PSYoungGen: 72608K->1453K(72192K)] 483875K->412720K(570368K), 0.0025277 secs] [Times: user=0.01 sys=0.00, real=0.00 secs] 
2891.374: [GC (Allocation Failure) [PSYoungGen: 72109K->1485K(71680K)] 483376K->412752K(569856K), 0.0017980 secs] [Times: user=0.01 sys=0.00, real=0.00 secs] 
2891.496: [GC (Allocation Failure) [PSYoungGen: 71629K->1485K(72192K)] 482896K->412752K(570368K), 0.0017191 secs] [Times: user=0.00 sys=0.00, real=0.00 secs] 
2892.884: [GC (Allocation Failure) [PSYoungGen: 71629K->1392K(71168K)] 482896K->412667K(569344K), 0.0027302 secs] [Times: user=0.01 sys=0.00, real=0.00 secs] 
2893.453: [GC (Allocation Failure) [PSYoungGen: 71024K->1376K(70656K)] 482299K->412650K(568832K), 0.0028649 secs] [Times: user=0.00 sys=0.00, real=0.01 secs] 
2894.320: [GC (Allocation Failure) [PSYoungGen: 70496K->1392K(70144K)] 481770K->412667K(568320K), 0.0023882 secs] [Times: user=0.00 sys=0.00, real=0.00 secs] 
2895.211: [GC (Allocation Failure) [PSYoungGen: 70000K->1376K(69632K)] 481275K->412674K(567808K), 0.0034432 secs] [Times: user=0.02 sys=0.00, real=0.01 secs] 
2895.626: [GC (Allocation Failure) [PSYoungGen: 69472K->1408K(69120K)] 480770K->412707K(567296K), 0.0022918 secs] [Times: user=0.01 sys=0.00, real=0.00 secs] 
2895.767: [GC (Allocation Failure) [PSYoungGen: 68992K->1469K(68608K)] 480291K->412776K(566784K), 0.0027760 secs] [Times: user=0.01 sys=0.00, real=0.00 secs] 
2895.904: [GC (Allocation Failure) [PSYoungGen: 68541K->1456K(68096K)] 479848K->412763K(566272K), 0.0017929 secs] [Times: user=0.01 sys=0.00, real=0.00 secs] 
2896.051: [GC (Allocation Failure) [PSYoungGen: 68016K->1453K(75264K)] 479323K->412768K(573440K), 0.0020677 secs] [Times: user=0.01 sys=0.00, real=0.01 secs] 
2896.551: [GC (Allocation Failure) [PSYoungGen: 74669K->1392K(74240K)] 485984K->412707K(572416K), 0.0022500 secs] [Times: user=0.01 sys=0.00, real=0.01 secs] 
2897.088: [GC (Allocation Failure) [PSYoungGen: 74096K->1376K(73728K)] 485411K->412690K(571904K), 0.0021868 secs] [Times: user=0.01 sys=0.00, real=0.00 secs] 
2897.633: [GC (Allocation Failure) [PSYoungGen: 73568K->1376K(73216K)] 484882K->412690K(571392K), 0.0022523 secs] [Times: user=0.01 sys=0.00, real=0.00 secs] 
2898.167: [GC (Allocation Failure) [PSYoungGen: 73056K->1344K(72704K)] 484370K->412658K(570880K), 0.0024220 secs] [Times: user=0.01 sys=0.00, real=0.00 secs] 
2898.336: [GC (Allocation Failure) [PSYoungGen: 72512K->1488K(72192K)] 483826K->412803K(570368K), 0.0017449 secs] [Times: user=0.01 sys=0.00, real=0.00 secs] 
2898.462: [GC (Allocation Failure) [PSYoungGen: 72144K->1456K(71680K)] 483459K->412779K(569856K), 0.0017238 secs] [Times: user=0.01 sys=0.00, real=0.01 secs] 
2898.586: [GC (Allocation Failure) [PSYoungGen: 71600K->1517K(71168K)] 482923K->412840K(569344K), 0.0017078 secs] [Times: user=0.01 sys=0.00, real=0.00 secs] 
2898.785: [GC (Allocation Failure) [PSYoungGen: 71149K->1440K(70656K)] 482472K->412762K(568832K), 0.0020144 secs] [Times: user=0.01 sys=0.00, real=0.00 secs] 
2899.084: [GC (Allocation Failure) [PSYoungGen: 70560K->1376K(70144K)] 481882K->412698K(568320K), 0.0018510 secs] [Times: user=0.00 sys=0.00, real=0.00 secs] 
2899.369: [GC (Allocation Failure) [PSYoungGen: 69984K->1392K(69632K)] 481306K->412715K(567808K), 0.0020362 secs] [Times: user=0.01 sys=0.00, real=0.00 secs] 
2899.652: [GC (Allocation Failure) [PSYoungGen: 69488K->1344K(69120K)] 480811K->412666K(567296K), 0.0023096 secs] [Times: user=0.01 sys=0.00, real=0.01 secs] 
2899.930: [GC (Allocation Failure) [PSYoungGen: 68928K->1421K(68608K)] 480250K->412744K(566784K), 0.0019984 secs] [Times: user=0.01 sys=0.00, real=0.00 secs] 
2900.055: [GC (Allocation Failure) [PSYoungGen: 68493K->1517K(68096K)] 479816K->412840K(566272K), 0.0016845 secs] [Times: user=0.00 sys=0.00, real=0.00 secs] 
2900.172: [GC (Allocation Failure) [PSYoungGen: 68077K->1453K(68608K)] 479400K->412776K(566784K), 0.0016401 secs] [Times: user=0.01 sys=0.00, real=0.01 secs] 
2900.289: [GC (Allocation Failure) [PSYoungGen: 68013K->1485K(74752K)] 479336K->412808K(572928K), 0.0015977 secs] [Times: user=0.00 sys=0.00, real=0.00 secs] 
2901.914: [GC (Allocation Failure) [PSYoungGen: 74189K->1456K(73728K)] 485512K->412779K(571904K), 0.0040700 secs] [Times: user=0.01 sys=0.00, real=0.00 secs] 
2902.673: [GC (Allocation Failure) [PSYoungGen: 73648K->1408K(73216K)] 484971K->412730K(571392K), 0.0025544 secs] [Times: user=0.01 sys=0.00, real=0.01 secs] 
2903.000: [GC (Allocation Failure) [PSYoungGen: 73088K->1376K(72704K)] 484410K->412698K(570880K), 0.0022398 secs] [Times: user=0.00 sys=0.01, real=0.00 secs] 
2903.430: [GC (Allocation Failure) [PSYoungGen: 72544K->1344K(72192K)] 483866K->412666K(570368K), 0.0022885 secs] [Times: user=0.01 sys=0.00, real=0.00 secs] 
2903.851: [GC (Allocation Failure) [PSYoungGen: 72000K->1453K(71680K)] 483322K->412776K(569856K), 0.0021287 secs] [Times: user=0.00 sys=0.00, real=0.01 secs] 
2903.981: [GC (Allocation Failure) [PSYoungGen: 71597K->1485K(71168K)] 482920K->412832K(569344K), 0.0017272 secs] [Times: user=0.01 sys=0.00, real=0.00 secs] 
2904.103: [GC (Allocation Failure) [PSYoungGen: 71117K->1453K(70656K)] 482464K->412800K(568832K), 0.0017573 secs] [Times: user=0.01 sys=0.00, real=0.00 secs] 
2904.226: [GC (Allocation Failure) [PSYoungGen: 70573K->1485K(71168K)] 481920K->412848K(569344K), 0.0016152 secs] [Times: user=0.00 sys=0.00, real=0.00 secs] 
2905.452: [GC (Allocation Failure) [PSYoungGen: 70605K->1408K(70144K)] 481968K->412770K(568320K), 0.0028605 secs] [Times: user=0.00 sys=0.00, real=0.01 secs] 
2905.740: [GC (Allocation Failure) [PSYoungGen: 70016K->1344K(69632K)] 481378K->412706K(567808K), 0.0021126 secs] [Times: user=0.01 sys=0.00, real=0.00 secs] 
2906.192: [GC (Allocation Failure) [PSYoungGen: 69440K->1376K(69120K)] 480802K->412738K(567296K), 0.0019756 secs] [Times: user=0.01 sys=0.00, real=0.01 secs] 
2906.742: [GC (Allocation Failure) [PSYoungGen: 68960K->1376K(68608K)] 480322K->412738K(566784K), 0.0020544 secs] [Times: user=0.01 sys=0.00, real=0.01 secs] 
2907.051: [GC (Allocation Failure) [PSYoungGen: 68448K->1485K(68096K)] 479810K->412848K(566272K), 0.0018102 secs] [Times: user=0.00 sys=0.00, real=0.01 secs] 
2907.168: [GC (Allocation Failure) [PSYoungGen: 68045K->1453K(67584K)] 479408K->412816K(565760K), 0.0018685 secs] [Times: user=0.01 sys=0.00, real=0.00 secs] 
2907.286: [GC (Allocation Failure) [PSYoungGen: 67501K->1517K(67072K)] 478864K->412880K(565248K), 0.0016943 secs] [Times: user=0.00 sys=0.00, real=0.00 secs] 
2907.401: [GC (Allocation Failure) [PSYoungGen: 67027K->1485K(67584K)] 478390K->412856K(565760K), 0.0018418 secs] [Times: user=0.01 sys=0.00, real=0.01 secs] 
2907.762: [GC (Allocation Failure) [PSYoungGen: 67021K->1392K(66560K)] 478392K->412763K(564736K), 0.0021079 secs] [Times: user=0.01 sys=0.00, real=0.01 secs] 
2908.161: [GC (Allocation Failure) [PSYoungGen: 66416K->1344K(66048K)] 477787K->412714K(564224K), 0.0021614 secs] [Times: user=0.01 sys=0.00, real=0.00 secs] 
2908.734: [GC (Allocation Failure) [PSYoungGen: 65856K->1376K(65536K)] 477226K->412746K(563712K), 0.0023153 secs] [Times: user=0.01 sys=0.00, real=0.00 secs] 
2909.388: [GC (Allocation Failure) [PSYoungGen: 65376K->1344K(65024K)] 476746K->412714K(563200K), 0.0024435 secs] [Times: user=0.01 sys=0.00, real=0.00 secs] 
2909.899: [GC (Allocation Failure) [PSYoungGen: 64832K->1421K(64512K)] 476202K->412792K(562688K), 0.0022807 secs] [Times: user=0.01 sys=0.00, real=0.00 secs] 
2910.032: [GC (Allocation Failure) [PSYoungGen: 64397K->1453K(64000K)] 475768K->412824K(562176K), 0.0016719 secs] [Times: user=0.01 sys=0.00, real=0.01 secs] 
2910.143: [GC (Allocation Failure) [PSYoungGen: 63917K->1517K(63488K)] 475288K->412888K(561664K), 0.0017264 secs] [Times: user=0.01 sys=0.00, real=0.01 secs] 
2910.252: [GC (Allocation Failure) [PSYoungGen: 63469K->1453K(64000K)] 474840K->412840K(562176K), 0.0016458 secs] [Times: user=0.01 sys=0.00, real=0.01 secs] 
2910.438: [GC (Allocation Failure) [PSYoungGen: 63405K->1504K(64000K)] 474792K->412890K(562176K), 0.0019337 secs] [Times: user=0.00 sys=0.00, real=0.00 secs] 
2910.713: [GC (Allocation Failure) [PSYoungGen: 63456K->1440K(62976K)] 474842K->412826K(561152K), 0.0019138 secs] [Times: user=0.01 sys=0.00, real=0.01 secs] 
2910.980: [GC (Allocation Failure) [PSYoungGen: 62880K->1376K(62464K)] 474266K->412762K(560640K), 0.0018771 secs] [Times: user=0.01 sys=0.00, real=0.00 secs] 
2911.266: [GC (Allocation Failure) [PSYoungGen: 62304K->1376K(61952K)] 473690K->412762K(560128K), 0.0020503 secs] [Times: user=0.01 sys=0.00, real=0.00 secs] 
2911.614: [GC (Allocation Failure) [PSYoungGen: 61792K->1344K(61440K)] 473178K->412730K(559616K), 0.0019401 secs] [Times: user=0.01 sys=0.00, real=0.00 secs] 
2911.882: [GC (Allocation Failure) [PSYoungGen: 61248K->1517K(60928K)] 472634K->412904K(559104K), 0.0015818 secs] [Times: user=0.01 sys=0.00, real=0.01 secs] 
2911.999: [GC (Allocation Failure) [PSYoungGen: 60909K->1517K(60416K)] 472296K->412904K(558592K), 0.0019470 secs] [Times: user=0.01 sys=0.00, real=0.00 secs] 
2912.139: [GC (Allocation Failure) [PSYoungGen: 60397K->1485K(66048K)] 471784K->412880K(564224K), 0.0021372 secs] [Times: user=0.00 sys=0.00, real=0.00 secs] 
2912.299: [GC (Allocation Failure) [PSYoungGen: 65968K->1549K(66560K)] 477363K->412944K(564736K), 0.0016936 secs] [Times: user=0.01 sys=0.00, real=0.00 secs] 
2912.528: [GC (Allocation Failure) [PSYoungGen: 66061K->1440K(72192K)] 477456K->412850K(570368K), 0.0021297 secs] [Times: user=0.01 sys=0.00, real=0.00 secs] 
2912.878: [GC (Allocation Failure) [PSYoungGen: 72096K->1376K(71680K)] 483506K->412786K(569856K), 0.0021400 secs] [Times: user=0.00 sys=0.00, real=0.00 secs] 
2913.438: [GC (Allocation Failure) [PSYoungGen: 71520K->1376K(71168K)] 482930K->412786K(569344K), 0.0022470 secs] [Times: user=0.01 sys=0.00, real=0.00 secs] 
2914.016: [GC (Allocation Failure) [PSYoungGen: 71008K->1376K(70656K)] 482418K->412786K(568832K), 0.0020930 secs] [Times: user=0.01 sys=0.00, real=0.00 secs] 
2914.461: [GC (Allocation Failure) [PSYoungGen: 70496K->1469K(70144K)] 481906K->412880K(568320K), 0.0016749 secs] [Times: user=0.01 sys=0.00, real=0.00 secs] 
2914.583: [GC (Allocation Failure) [PSYoungGen: 70077K->1517K(69632K)] 481488K->412928K(567808K), 0.0016951 secs] [Times: user=0.01 sys=0.00, real=0.01 secs] 
2914.702: [GC (Allocation Failure) [PSYoungGen: 69613K->1549K(69632K)] 481024K->412968K(567808K), 0.0016291 secs] [Times: user=0.01 sys=0.00, real=0.01 secs] 
2914.822: [GC (Allocation Failure) [PSYoungGen: 69133K->1520K(70144K)] 480552K->412939K(568320K), 0.0018477 secs] [Times: user=0.00 sys=0.00, real=0.01 secs] 
2915.340: [GC (Allocation Failure) [PSYoungGen: 69616K->1440K(76288K)] 481035K->412858K(574464K), 0.0043884 secs] [Times: user=0.02 sys=0.00, real=0.01 secs] 
2915.931: [GC (Allocation Failure) [PSYoungGen: 75680K->1376K(75264K)] 487098K->412794K(573440K), 0.0026592 secs] [Times: user=0.01 sys=0.00, real=0.01 secs] 
2916.564: [GC (Allocation Failure) [PSYoungGen: 75104K->1408K(74752K)] 486522K->412826K(572928K), 0.0035060 secs] [Times: user=0.01 sys=0.00, real=0.00 secs] 
2917.161: [GC (Allocation Failure) [PSYoungGen: 74624K->1376K(74240K)] 486042K->412794K(572416K), 0.0026699 secs] [Times: user=0.01 sys=0.00, real=0.01 secs] 
2917.517: [GC (Allocation Failure) [PSYoungGen: 74080K->1437K(73728K)] 485498K->412856K(571904K), 0.0019678 secs] [Times: user=0.01 sys=0.00, real=0.00 secs] 
2917.649: [GC (Allocation Failure) [PSYoungGen: 73629K->1485K(73216K)] 485048K->412904K(571392K), 0.0015594 secs] [Times: user=0.00 sys=0.00, real=0.00 secs] 
2917.775: [GC (Allocation Failure) [PSYoungGen: 73165K->1517K(72704K)] 484584K->412936K(570880K), 0.0016635 secs] [Times: user=0.00 sys=0.00, real=0.00 secs] 
2918.184: [GC (Allocation Failure) [PSYoungGen: 72685K->1936K(72704K)] 484104K->413363K(570880K), 0.0024148 secs] [Times: user=0.01 sys=0.00, real=0.00 secs] 
2918.902: [GC (Allocation Failure) [PSYoungGen: 72592K->1376K(71680K)] 484019K->412802K(569856K), 0.0026547 secs] [Times: user=0.01 sys=0.00, real=0.01 secs] 
2919.680: [GC (Allocation Failure) [PSYoungGen: 71520K->1360K(71168K)] 482946K->412787K(569344K), 0.0029731 secs] [Times: user=0.01 sys=0.00, real=0.00 secs] 
2920.400: [GC (Allocation Failure) [PSYoungGen: 70992K->1376K(70656K)] 482419K->412802K(568832K), 0.0029259 secs] [Times: user=0.01 sys=0.00, real=0.00 secs] 
2920.921: [GC (Allocation Failure) [PSYoungGen: 70496K->1453K(70144K)] 481922K->412880K(568320K), 0.0028502 secs] [Times: user=0.01 sys=0.01, real=0.01 secs] 
2921.128: [GC (Allocation Failure) [PSYoungGen: 70061K->1488K(69632K)] 481488K->412915K(567808K), 0.0021839 secs] [Times: user=0.01 sys=0.00, real=0.00 secs] 
2921.255: [GC (Allocation Failure) [PSYoungGen: 69584K->1485K(69120K)] 481011K->412912K(567296K), 0.0017795 secs] [Times: user=0.01 sys=0.00, real=0.00 secs] 
2921.376: [GC (Allocation Failure) [PSYoungGen: 69069K->1456K(68608K)] 480496K->412883K(566784K), 0.0016938 secs] [Times: user=0.01 sys=0.00, real=0.00 secs] 
2921.831: [GC (Allocation Failure) [PSYoungGen: 68528K->1472K(68096K)] 479955K->412906K(566272K), 0.0023037 secs] [Times: user=0.01 sys=0.00, real=0.00 secs] 
2922.493: [GC (Allocation Failure) [PSYoungGen: 68032K->1344K(67584K)] 479466K->412778K(565760K), 0.0027340 secs] [Times: user=0.01 sys=0.00, real=0.01 secs] 
2922.802: [GC (Allocation Failure) [PSYoungGen: 67392K->1376K(67072K)] 478826K->412810K(565248K), 0.0021205 secs] [Times: user=0.00 sys=0.00, real=0.01 secs] 
2923.252: [GC (Allocation Failure) [PSYoungGen: 66912K->1376K(66560K)] 478346K->412810K(564736K), 0.0019340 secs] [Times: user=0.01 sys=0.00, real=0.01 secs] 
2923.771: [GC (Allocation Failure) [PSYoungGen: 66400K->1456K(66048K)] 477834K->412891K(564224K), 0.0033912 secs] [Times: user=0.02 sys=0.00, real=0.01 secs] 
2923.966: [GC (Allocation Failure) [PSYoungGen: 65968K->1453K(65536K)] 477403K->412888K(563712K), 0.0018171 secs] [Times: user=0.01 sys=0.00, real=0.00 secs] 
2924.081: [GC (Allocation Failure) [PSYoungGen: 65434K->1485K(65024K)] 476869K->412920K(563200K), 0.0017535 secs] [Times: user=0.01 sys=0.00, real=0.00 secs] 
2924.193: [GC (Allocation Failure) [PSYoungGen: 64973K->1485K(65536K)] 476408K->412928K(563712K), 0.0017418 secs] [Times: user=0.01 sys=0.00, real=0.01 secs] 
2924.307: [GC (Allocation Failure) [PSYoungGen: 65485K->1501K(66048K)] 476928K->412960K(564224K), 0.0016865 secs] [Times: user=0.01 sys=0.00, real=0.00 secs] 
2924.913: [GC (Allocation Failure) [PSYoungGen: 65501K->1472K(65024K)] 476960K->412930K(563200K), 0.0030375 secs] [Times: user=0.02 sys=0.00, real=0.01 secs] 
2925.530: [GC (Allocation Failure) [PSYoungGen: 64960K->1408K(64512K)] 476418K->412866K(562688K), 0.0033437 secs] [Times: user=0.01 sys=0.00, real=0.01 secs] 
2926.050: [GC (Allocation Failure) [PSYoungGen: 64384K->1376K(64000K)] 475842K->412834K(562176K), 0.0030788 secs] [Times: user=0.01 sys=0.00, real=0.00 secs] 
2926.528: [GC (Allocation Failure) [PSYoungGen: 63840K->1344K(63488K)] 475298K->412802K(561664K), 0.0030478 secs] [Times: user=0.01 sys=0.00, real=0.00 secs] 
2926.869: [GC (Allocation Failure) [PSYoungGen: 63296K->1469K(62976K)] 474754K->412928K(561152K), 0.0021733 secs] [Times: user=0.01 sys=0.00, real=0.00 secs] 
2926.991: [GC (Allocation Failure) [PSYoungGen: 62909K->1581K(62976K)] 474368K->413040K(561152K), 0.0017141 secs] [Times: user=0.00 sys=0.00, real=0.00 secs] 
2927.114: [GC (Allocation Failure) [PSYoungGen: 62509K->496K(68096K)] 473968K->413003K(566272K), 0.0017790 secs] [Times: user=0.01 sys=0.00, real=0.00 secs] 
2927.264: [GC (Allocation Failure) [PSYoungGen: 67568K->429K(69120K)] 480075K->412936K(567296K), 0.0020526 secs] [Times: user=0.01 sys=0.00, real=0.00 secs] 
2927.558: [GC (Allocation Failure) [PSYoungGen: 67501K->1424K(75776K)] 480008K->413931K(573952K), 0.0023349 secs] [Times: user=0.01 sys=0.00, real=0.00 secs] 
2927.865: [GC (Allocation Failure) [PSYoungGen: 75152K->1408K(74752K)] 487659K->413915K(572928K), 0.0020884 secs] [Times: user=0.01 sys=0.00, real=0.00 secs] 
2928.560: [GC (Allocation Failure) [PSYoungGen: 74624K->1376K(74240K)] 487131K->413883K(572416K), 0.0024553 secs] [Times: user=0.01 sys=0.00, real=0.00 secs] 
2929.251: [GC (Allocation Failure) [PSYoungGen: 74080K->1376K(73728K)] 486587K->413883K(571904K), 0.0024262 secs] [Times: user=0.01 sys=0.00, real=0.01 secs] 
2929.770: [GC (Allocation Failure) [PSYoungGen: 73568K->1453K(73216K)] 486075K->413960K(571392K), 0.0023278 secs] [Times: user=0.01 sys=0.00, real=0.00 secs] 
2929.908: [GC (Allocation Failure) [PSYoungGen: 73133K->1488K(72704K)] 485640K->413995K(570880K), 0.0022769 secs] [Times: user=0.01 sys=0.00, real=0.00 secs] 
2930.034: [GC (Allocation Failure) [PSYoungGen: 72656K->1485K(72192K)] 485163K->413992K(570368K), 0.0017678 secs] [Times: user=0.01 sys=0.00, real=0.00 secs] 
2930.158: [GC (Allocation Failure) [PSYoungGen: 72141K->1517K(72704K)] 484648K->414032K(570880K), 0.0017001 secs] [Times: user=0.01 sys=0.00, real=0.00 secs] 
2931.407: [GC (Allocation Failure) [PSYoungGen: 72173K->1456K(71680K)] 484688K->413971K(569856K), 0.0020181 secs] [Times: user=0.01 sys=0.00, real=0.00 secs] 
2932.591: [GC (Allocation Failure) [PSYoungGen: 71600K->1408K(71168K)] 484115K->413923K(569344K), 0.0031014 secs] [Times: user=0.02 sys=0.00, real=0.01 secs] 
2933.500: [GC (Allocation Failure) [PSYoungGen: 71040K->1376K(70656K)] 483555K->413891K(568832K), 0.0027375 secs] [Times: user=0.01 sys=0.00, real=0.00 secs] 
2934.059: [GC (Allocation Failure) [PSYoungGen: 70496K->1344K(70144K)] 483011K->413859K(568320K), 0.0029805 secs] [Times: user=0.01 sys=0.01, real=0.00 secs] 
2934.298: [GC (Allocation Failure) [PSYoungGen: 69928K->1520K(69632K)] 482443K->414035K(567808K), 0.0016260 secs] [Times: user=0.01 sys=0.00, real=0.00 secs] 
2934.417: [GC (Allocation Failure) [PSYoungGen: 69616K->1533K(69120K)] 482131K->414048K(567296K), 0.0017028 secs] [Times: user=0.01 sys=0.00, real=0.00 secs] 
2934.539: [GC (Allocation Failure) [PSYoungGen: 69117K->1453K(68608K)] 481632K->413968K(566784K), 0.0017037 secs] [Times: user=0.01 sys=0.00, real=0.00 secs] 
2934.738: [GC (Allocation Failure) [PSYoungGen: 68525K->1712K(68608K)] 481040K->414227K(566784K), 0.0023157 secs] [Times: user=0.01 sys=0.00, real=0.00 secs] 
2935.060: [GC (Allocation Failure) [PSYoungGen: 68272K->336K(66560K)] 480787K->413875K(564736K), 0.0020039 secs] [Times: user=0.00 sys=0.00, real=0.00 secs] 
2935.588: [GC (Allocation Failure) [PSYoungGen: 66384K->320K(66048K)] 479923K->413883K(564224K), 0.0039745 secs] [Times: user=0.01 sys=0.00, real=0.00 secs] 
2936.098: [GC (Allocation Failure) [PSYoungGen: 65856K->352K(65536K)] 479419K->413915K(563712K), 0.0036902 secs] [Times: user=0.02 sys=0.00, real=0.00 secs] 
2936.668: [GC (Allocation Failure) [PSYoungGen: 65376K->352K(67072K)] 478939K->413915K(565248K), 0.0027006 secs] [Times: user=0.01 sys=0.00, real=0.00 secs] 
2936.923: [GC (Allocation Failure) [PSYoungGen: 64864K->1456K(65536K)] 478427K->415019K(563712K), 0.0016628 secs] [Times: user=0.01 sys=0.00, real=0.01 secs] 
2937.054: [GC (Allocation Failure) [PSYoungGen: 65426K->1488K(65024K)] 478989K->415051K(563200K), 0.0022128 secs] [Times: user=0.01 sys=0.00, real=0.00 secs] 
2937.205: [GC (Allocation Failure) [PSYoungGen: 64976K->1488K(70144K)] 478539K->415051K(568320K), 0.0020702 secs] [Times: user=0.01 sys=0.00, real=0.00 secs] 
2937.328: [GC (Allocation Failure) [PSYoungGen: 69072K->1485K(70144K)] 482635K->415056K(568320K), 0.0017034 secs] [Times: user=0.00 sys=0.00, real=0.00 secs] 
2937.615: [GC (Allocation Failure) [PSYoungGen: 69069K->1376K(76800K)] 482640K->414947K(574976K), 0.0022938 secs] [Times: user=0.01 sys=0.00, real=0.00 secs] 
2938.138: [GC (Allocation Failure) [PSYoungGen: 75616K->1408K(75264K)] 489187K->414979K(573440K), 0.0022352 secs] [Times: user=0.01 sys=0.00, real=0.00 secs] 
2938.880: [GC (Allocation Failure) [PSYoungGen: 75136K->1344K(75264K)] 488707K->414915K(573440K), 0.0025182 secs] [Times: user=0.01 sys=0.00, real=0.00 secs] 
2940.109: [GC (Allocation Failure) [PSYoungGen: 74560K->1344K(74240K)] 488131K->414923K(572416K), 0.0034790 secs] [Times: user=0.01 sys=0.00, real=0.00 secs] 
2940.384: [GC (Allocation Failure) [PSYoungGen: 74048K->1517K(74240K)] 487627K->415096K(572416K), 0.0020670 secs] [Times: user=0.00 sys=0.00, real=0.00 secs] 
2940.514: [GC (Allocation Failure) [PSYoungGen: 73709K->1485K(73216K)] 487288K->415064K(571392K), 0.0015684 secs] [Times: user=0.01 sys=0.00, real=0.00 secs] 
2940.640: [GC (Allocation Failure) [PSYoungGen: 73165K->1517K(73216K)] 486744K->415104K(571392K), 0.0016906 secs] [Times: user=0.01 sys=0.00, real=0.00 secs] 
2940.914: [GC (Allocation Failure) [PSYoungGen: 72685K->1488K(72192K)] 486272K->415075K(570368K), 0.0020423 secs] [Times: user=0.01 sys=0.00, real=0.00 secs] 
2941.207: [GC (Allocation Failure) [PSYoungGen: 72144K->1376K(71680K)] 485731K->414963K(569856K), 0.0018935 secs] [Times: user=0.01 sys=0.00, real=0.00 secs] 
2941.547: [GC (Allocation Failure) [PSYoungGen: 71520K->1344K(71168K)] 485107K->414931K(569344K), 0.0023586 secs] [Times: user=0.01 sys=0.00, real=0.00 secs] 
2941.847: [GC (Allocation Failure) [PSYoungGen: 70976K->1344K(70656K)] 484563K->414931K(568832K), 0.0027377 secs] [Times: user=0.01 sys=0.00, real=0.00 secs] 
2942.125: [GC (Allocation Failure) [PSYoungGen: 70464K->1453K(70144K)] 484051K->415040K(568320K), 0.0019093 secs] [Times: user=0.01 sys=0.00, real=0.00 secs] 
2942.248: [GC (Allocation Failure) [PSYoungGen: 70061K->1501K(70656K)] 483648K->415088K(568832K), 0.0026691 secs] [Times: user=0.01 sys=0.00, real=0.00 secs] 
2942.377: [GC (Allocation Failure) [PSYoungGen: 70621K->1485K(71168K)] 484208K->415072K(569344K), 0.0016629 secs] [Times: user=0.00 sys=0.00, real=0.00 secs] 
2942.518: [GC (Allocation Failure) [PSYoungGen: 70605K->1533K(78336K)] 484192K->415120K(576512K), 0.0020812 secs] [Times: user=0.01 sys=0.00, real=0.00 secs] 
2943.144: [GC (Allocation Failure) [PSYoungGen: 77821K->1456K(78336K)] 491408K->415043K(576512K), 0.0022092 secs] [Times: user=0.01 sys=0.00, real=0.00 secs] 
2943.954: [GC (Allocation Failure) [PSYoungGen: 77744K->1408K(77312K)] 491331K->414995K(575488K), 0.0029512 secs] [Times: user=0.01 sys=0.00, real=0.00 secs] 
2944.654: [GC (Allocation Failure) [PSYoungGen: 77184K->1344K(76800K)] 490771K->414939K(574976K), 0.0030391 secs] [Times: user=0.01 sys=0.00, real=0.00 secs] 
2945.275: [GC (Allocation Failure) [PSYoungGen: 76608K->1376K(76288K)] 490203K->414971K(574464K), 0.0026523 secs] [Times: user=0.01 sys=0.00, real=0.00 secs] 
2945.509: [GC (Allocation Failure) [PSYoungGen: 76128K->1533K(75776K)] 489723K->415128K(573952K), 0.0017936 secs] [Times: user=0.00 sys=0.00, real=0.00 secs] 
2945.642: [GC (Allocation Failure) [PSYoungGen: 75773K->1485K(75264K)] 489368K->415080K(573440K), 0.0016584 secs] [Times: user=0.01 sys=0.00, real=0.01 secs] 
2945.771: [GC (Allocation Failure) [PSYoungGen: 75213K->1517K(74752K)] 488808K->415112K(572928K), 0.0016888 secs] [Times: user=0.01 sys=0.00, real=0.00 secs] 
2946.015: [GC (Allocation Failure) [PSYoungGen: 74733K->1472K(74240K)] 488328K->415067K(572416K), 0.0017077 secs] [Times: user=0.01 sys=0.00, real=0.00 secs] 
2946.316: [GC (Allocation Failure) [PSYoungGen: 74176K->1408K(73728K)] 487771K->415003K(571904K), 0.0016693 secs] [Times: user=0.01 sys=0.00, real=0.00 secs] 
2946.843: [GC (Allocation Failure) [PSYoungGen: 73600K->1376K(73216K)] 487195K->414971K(571392K), 0.0038012 secs] [Times: user=0.02 sys=0.00, real=0.01 secs] 
2947.447: [GC (Allocation Failure) [PSYoungGen: 73056K->1344K(72704K)] 486651K->414939K(570880K), 0.0030492 secs] [Times: user=0.01 sys=0.00, real=0.00 secs] 
2947.849: [GC (Allocation Failure) [PSYoungGen: 72512K->1517K(72192K)] 486107K->415112K(570368K), 0.0022178 secs] [Times: user=0.01 sys=0.00, real=0.00 secs] 
2947.993: [GC (Allocation Failure) [PSYoungGen: 72173K->1501K(71680K)] 485768K->415096K(569856K), 0.0017346 secs] [Times: user=0.01 sys=0.00, real=0.01 secs] 
2948.116: [GC (Allocation Failure) [PSYoungGen: 71645K->1485K(71168K)] 485240K->415080K(569344K), 0.0018131 secs] [Times: user=0.01 sys=0.00, real=0.00 secs] 
2948.239: [GC (Allocation Failure) [PSYoungGen: 71117K->1517K(78848K)] 484712K->415112K(577024K), 0.0016170 secs] [Times: user=0.01 sys=0.00, real=0.00 secs] 
2948.604: [GC (Allocation Failure) [PSYoungGen: 78317K->1392K(77824K)] 491912K->414987K(576000K), 0.0025643 secs] [Times: user=0.01 sys=0.00, real=0.00 secs] 
2949.042: [GC (Allocation Failure) [PSYoungGen: 77680K->1376K(77312K)] 491275K->414971K(575488K), 0.0023599 secs] [Times: user=0.01 sys=0.00, real=0.01 secs] 
2949.681: [GC (Allocation Failure) [PSYoungGen: 77152K->1376K(76800K)] 490747K->414971K(574976K), 0.0039904 secs] [Times: user=0.01 sys=0.00, real=0.01 secs] 
2950.287: [GC (Allocation Failure) [PSYoungGen: 76640K->1456K(76288K)] 490235K->415051K(574464K), 0.0029790 secs] [Times: user=0.01 sys=0.00, real=0.00 secs] 
2950.472: [GC (Allocation Failure) [PSYoungGen: 76208K->1517K(75776K)] 489803K->415120K(573952K), 0.0017557 secs] [Times: user=0.01 sys=0.00, real=0.01 secs] 
2950.604: [GC (Allocation Failure) [PSYoungGen: 75757K->1520K(75264K)] 489360K->415123K(573440K), 0.0018543 secs] [Times: user=0.00 sys=0.01, real=0.00 secs] 
2950.754: [GC (Allocation Failure) [PSYoungGen: 75248K->1485K(74752K)] 488851K->415088K(572928K), 0.0018309 secs] [Times: user=0.01 sys=0.00, real=0.00 secs] 
2952.344: [GC (Allocation Failure) [PSYoungGen: 74701K->1376K(74240K)] 488304K->414979K(572416K), 0.0043595 secs] [Times: user=0.01 sys=0.00, real=0.00 secs] 
2954.039: [GC (Allocation Failure) [PSYoungGen: 74080K->1344K(73728K)] 487683K->414947K(571904K), 0.0037039 secs] [Times: user=0.01 sys=0.00, real=0.00 secs] 
2954.703: [GC (Allocation Failure) [PSYoungGen: 73536K->1376K(73216K)] 487139K->414979K(571392K), 0.0035635 secs] [Times: user=0.01 sys=0.00, real=0.01 secs] 
2955.248: [GC (Allocation Failure) [PSYoungGen: 73056K->1376K(72704K)] 486659K->414979K(570880K), 0.0025542 secs] [Times: user=0.01 sys=0.00, real=0.00 secs] 
2955.472: [GC (Allocation Failure) [PSYoungGen: 72544K->1517K(72192K)] 486147K->415120K(570368K), 0.0017099 secs] [Times: user=0.01 sys=0.00, real=0.01 secs] 
2955.597: [GC (Allocation Failure) [PSYoungGen: 72173K->1453K(71680K)] 485776K->415056K(569856K), 0.0016686 secs] [Times: user=0.01 sys=0.00, real=0.00 secs] 
2955.720: [GC (Allocation Failure) [PSYoungGen: 71597K->1453K(71168K)] 485200K->415056K(569344K), 0.0014995 secs] [Times: user=0.01 sys=0.00, real=0.00 secs] 
2956.223: [GC (Allocation Failure) [PSYoungGen: 71085K->1440K(70656K)] 484688K->415043K(568832K), 0.0024273 secs] [Times: user=0.01 sys=0.00, real=0.01 secs] 
2957.912: [GC (Allocation Failure) [PSYoungGen: 70560K->1344K(70144K)] 484163K->414963K(568320K), 0.0044446 secs] [Times: user=0.01 sys=0.00, real=0.01 secs] 
2958.744: [GC (Allocation Failure) [PSYoungGen: 69952K->1344K(69632K)] 483571K->414963K(567808K), 0.0031348 secs] [Times: user=0.01 sys=0.00, real=0.00 secs] 
2959.279: [GC (Allocation Failure) [PSYoungGen: 69440K->1344K(69120K)] 483059K->414963K(567296K), 0.0029654 secs] [Times: user=0.01 sys=0.00, real=0.00 secs] 
2959.887: [GC (Allocation Failure) [PSYoungGen: 68928K->1421K(68608K)] 482547K->415040K(566784K), 0.0028577 secs] [Times: user=0.02 sys=0.00, real=0.00 secs] 
2960.060: [GC (Allocation Failure) [PSYoungGen: 68493K->1485K(68096K)] 482112K->415104K(566272K), 0.0018374 secs] [Times: user=0.01 sys=0.00, real=0.00 secs] 
2960.177: [GC (Allocation Failure) [PSYoungGen: 68045K->1485K(67584K)] 481664K->415104K(565760K), 0.0019512 secs] [Times: user=0.01 sys=0.00, real=0.00 secs] 
2960.318: [GC (Allocation Failure) [PSYoungGen: 67503K->1453K(68096K)] 481122K->415072K(566272K), 0.0021072 secs] [Times: user=0.01 sys=0.00, real=0.00 secs] 
2961.591: [GC (Allocation Failure) [PSYoungGen: 67501K->1472K(67072K)] 481120K->415091K(565248K), 0.0048593 secs] [Times: user=0.01 sys=0.00, real=0.01 secs] 
2962.460: [GC (Allocation Failure) [PSYoungGen: 67008K->1408K(66560K)] 480627K->415027K(564736K), 0.0036126 secs] [Times: user=0.01 sys=0.00, real=0.01 secs] 
2962.996: [GC (Allocation Failure) [PSYoungGen: 66432K->1344K(66048K)] 480051K->414963K(564224K), 0.0026465 secs] [Times: user=0.01 sys=0.00, real=0.00 secs] 
2963.616: [GC (Allocation Failure) [PSYoungGen: 65856K->1408K(65536K)] 479475K->415027K(563712K), 0.0033548 secs] [Times: user=0.01 sys=0.00, real=0.00 secs] 
2964.008: [GC (Allocation Failure) [PSYoungGen: 65408K->1376K(65024K)] 479027K->414995K(563200K), 0.0022094 secs] [Times: user=0.01 sys=0.00, real=0.00 secs] 
2964.191: [GC (Allocation Failure) [PSYoungGen: 64864K->1517K(64512K)] 478483K->415136K(562688K), 0.0017843 secs] [Times: user=0.01 sys=0.00, real=0.00 secs] 
2964.303: [GC (Allocation Failure) [PSYoungGen: 64493K->1469K(64000K)] 478112K->415088K(562176K), 0.0016529 secs] [Times: user=0.01 sys=0.00, real=0.00 secs] 
2964.416: [GC (Allocation Failure) [PSYoungGen: 63933K->1501K(70144K)] 477552K->415128K(568320K), 0.0017457 secs] [Times: user=0.01 sys=0.00, real=0.00 secs] 
2964.538: [GC (Allocation Failure) [PSYoungGen: 70109K->1453K(70656K)] 483736K->415080K(568832K), 0.0016073 secs] [Times: user=0.01 sys=0.00, real=0.00 secs] 
2965.701: [GC (Allocation Failure) [PSYoungGen: 70061K->1376K(69632K)] 483688K->415019K(567808K), 0.0031831 secs] [Times: user=0.01 sys=0.00, real=0.01 secs] 
2966.472: [GC (Allocation Failure) [PSYoungGen: 69472K->1376K(69120K)] 483115K->415019K(567296K), 0.0023539 secs] [Times: user=0.01 sys=0.00, real=0.01 secs] 
2967.485: [GC (Allocation Failure) [PSYoungGen: 68960K->1344K(68608K)] 482603K->414987K(566784K), 0.0037434 secs] [Times: user=0.02 sys=0.00, real=0.00 secs] 
2968.669: [GC (Allocation Failure) [PSYoungGen: 68416K->1344K(68096K)] 482059K->414987K(566272K), 0.0037979 secs] [Times: user=0.01 sys=0.00, real=0.00 secs] 
2969.380: [GC (Allocation Failure) [PSYoungGen: 67904K->1485K(67584K)] 481547K->415128K(565760K), 0.0023539 secs] [Times: user=0.01 sys=0.00, real=0.00 secs] 
2969.512: [GC (Allocation Failure) [PSYoungGen: 67533K->1549K(67584K)] 481176K->415192K(565760K), 0.0017103 secs] [Times: user=0.00 sys=0.00, real=0.01 secs] 
2969.645: [GC (Allocation Failure) [PSYoungGen: 67085K->1453K(66560K)] 480728K->415104K(564736K), 0.0020437 secs] [Times: user=0.00 sys=0.00, real=0.00 secs] 
2969.800: [GC (Allocation Failure) [PSYoungGen: 66477K->1453K(66048K)] 480128K->415104K(564224K), 0.0018805 secs] [Times: user=0.01 sys=0.00, real=0.00 secs] 
2970.308: [GC (Allocation Failure) [PSYoungGen: 65965K->1408K(65536K)] 479616K->415059K(563712K), 0.0022967 secs] [Times: user=0.01 sys=0.00, real=0.00 secs] 
2970.583: [GC (Allocation Failure) [PSYoungGen: 65408K->1376K(65024K)] 479059K->415027K(563200K), 0.0021092 secs] [Times: user=0.01 sys=0.00, real=0.01 secs] 
2970.846: [GC (Allocation Failure) [PSYoungGen: 64864K->1344K(64512K)] 478515K->414995K(562688K), 0.0021966 secs] [Times: user=0.01 sys=0.00, real=0.00 secs] 
2971.134: [GC (Allocation Failure) [PSYoungGen: 64320K->1360K(64000K)] 477971K->415011K(562176K), 0.0021080 secs] [Times: user=0.01 sys=0.00, real=0.00 secs] 
2971.389: [GC (Allocation Failure) [PSYoungGen: 63824K->1453K(63488K)] 477475K->415104K(561664K), 0.0019624 secs] [Times: user=0.01 sys=0.00, real=0.00 secs] 
2971.502: [GC (Allocation Failure) [PSYoungGen: 63405K->1485K(62976K)] 477056K->415136K(561152K), 0.0016069 secs] [Times: user=0.01 sys=0.00, real=0.01 secs] 
2971.609: [GC (Allocation Failure) [PSYoungGen: 62925K->1469K(64000K)] 476576K->415120K(562176K), 0.0016287 secs] [Times: user=0.01 sys=0.00, real=0.00 secs] 
2971.718: [GC (Allocation Failure) [PSYoungGen: 63421K->1501K(69632K)] 477072K->415176K(567808K), 0.0017740 secs] [Times: user=0.01 sys=0.00, real=0.00 secs] 
2972.039: [GC (Allocation Failure) [PSYoungGen: 69085K->1408K(69632K)] 482760K->415083K(567808K), 0.0021806 secs] [Times: user=0.01 sys=0.00, real=0.00 secs] 
2972.558: [GC (Allocation Failure) [PSYoungGen: 68992K->1376K(68608K)] 482667K->415051K(566784K), 0.0022357 secs] [Times: user=0.01 sys=0.00, real=0.00 secs] 
2973.170: [GC (Allocation Failure) [PSYoungGen: 68448K->1424K(68096K)] 482123K->415115K(566272K), 0.0023145 secs] [Times: user=0.01 sys=0.00, real=0.00 secs] 
2973.671: [GC (Allocation Failure) [PSYoungGen: 67984K->1344K(67584K)] 481675K->415035K(565760K), 0.0022086 secs] [Times: user=0.01 sys=0.00, real=0.01 secs] 
2974.293: [GC (Allocation Failure) [PSYoungGen: 67286K->240K(66048K)] 480977K->413931K(564224K), 0.0031523 secs] [Times: user=0.01 sys=0.00, real=0.01 secs] 
2974.468: [GC (Allocation Failure) [PSYoungGen: 65776K->1488K(66560K)] 479467K->415179K(564736K), 0.0018566 secs] [Times: user=0.01 sys=0.00, real=0.00 secs] 
2974.582: [GC (Allocation Failure) [PSYoungGen: 66512K->1549K(66560K)] 480203K->415240K(564736K), 0.0016568 secs] [Times: user=0.00 sys=0.00, real=0.01 secs] 
2974.697: [GC (Allocation Failure) [PSYoungGen: 66061K->493K(72192K)] 479752K->415224K(570368K), 0.0017026 secs] [Times: user=0.01 sys=0.00, real=0.00 secs] 
2975.586: [GC (Allocation Failure) [PSYoungGen: 71661K->2000K(72704K)] 486392K->416731K(570880K), 0.0042358 secs] [Times: user=0.02 sys=0.00, real=0.00 secs] 
2977.155: [GC (Allocation Failure) [PSYoungGen: 72656K->1344K(71680K)] 487387K->416075K(569856K), 0.0022437 secs] [Times: user=0.01 sys=0.00, real=0.00 secs] 
2977.629: [GC (Allocation Failure) [PSYoungGen: 71488K->1344K(71168K)] 486219K->416075K(569344K), 0.0024389 secs] [Times: user=0.01 sys=0.00, real=0.00 secs] 
2978.442: [GC (Allocation Failure) [PSYoungGen: 70976K->1344K(70656K)] 485707K->416075K(568832K), 0.0025823 secs] [Times: user=0.01 sys=0.00, real=0.01 secs] 
2979.248: [GC (Allocation Failure) [PSYoungGen: 70464K->1421K(70144K)] 485195K->416152K(568320K), 0.0043584 secs] [Times: user=0.02 sys=0.00, real=0.00 secs] 
2979.463: [GC (Allocation Failure) [PSYoungGen: 70029K->1453K(69632K)] 484760K->416184K(567808K), 0.0029666 secs] [Times: user=0.01 sys=0.00, real=0.00 secs] 
2979.587: [GC (Allocation Failure) [PSYoungGen: 69549K->1549K(69632K)] 484280K->416280K(567808K), 0.0017277 secs] [Times: user=0.00 sys=0.00, real=0.00 secs] 
2979.707: [GC (Allocation Failure) [PSYoungGen: 69133K->525K(69632K)] 483864K->416288K(567808K), 0.0017650 secs] [Times: user=0.01 sys=0.00, real=0.00 secs] 
2980.930: [GC (Allocation Failure) [PSYoungGen: 69133K->1392K(69632K)] 484896K->417155K(567808K), 0.0043006 secs] [Times: user=0.02 sys=0.00, real=0.01 secs] 
2981.499: [GC (Allocation Failure) [PSYoungGen: 69488K->1344K(69120K)] 485251K->417107K(567296K), 0.0028848 secs] [Times: user=0.01 sys=0.00, real=0.00 secs] 
2982.122: [GC (Allocation Failure) [PSYoungGen: 68928K->1312K(68608K)] 484691K->417075K(566784K), 0.0028989 secs] [Times: user=0.01 sys=0.00, real=0.01 secs] 
2982.746: [GC (Allocation Failure) [PSYoungGen: 68384K->1344K(68096K)] 484147K->417107K(566272K), 0.0041187 secs] [Times: user=0.01 sys=0.00, real=0.00 secs] 
2983.199: [GC (Allocation Failure) [PSYoungGen: 67885K->1389K(67584K)] 483649K->417152K(565760K), 0.0028236 secs] [Times: user=0.01 sys=0.00, real=0.00 secs] 
2983.365: [GC (Allocation Failure) [PSYoungGen: 67437K->1485K(67072K)] 483200K->417248K(565248K), 0.0017414 secs] [Times: user=0.01 sys=0.00, real=0.00 secs] 
2983.501: [GC (Allocation Failure) [PSYoungGen: 67021K->1421K(66560K)] 482784K->417184K(564736K), 0.0018571 secs] [Times: user=0.00 sys=0.00, real=0.00 secs] 
2983.645: [GC (Allocation Failure) [PSYoungGen: 66445K->1453K(66048K)] 482208K->417224K(564224K), 0.0020524 secs] [Times: user=0.00 sys=0.00, real=0.00 secs] 
2983.839: [GC (Allocation Failure) [PSYoungGen: 65965K->1440K(65536K)] 481736K->417211K(563712K), 0.0018539 secs] [Times: user=0.00 sys=0.00, real=0.00 secs] 
2984.729: [GC (Allocation Failure) [PSYoungGen: 65440K->1344K(65024K)] 481211K->417115K(563200K), 0.0044179 secs] [Times: user=0.02 sys=0.00, real=0.01 secs] 
2985.579: [GC (Allocation Failure) [PSYoungGen: 64832K->1344K(64512K)] 480603K->417131K(562688K), 0.0044590 secs] [Times: user=0.02 sys=0.00, real=0.01 secs] 
2986.213: [GC (Allocation Failure) [PSYoungGen: 64320K->1344K(64000K)] 480107K->417131K(562176K), 0.0030822 secs] [Times: user=0.01 sys=0.00, real=0.00 secs] 
2986.601: [GC (Allocation Failure) [PSYoungGen: 63808K->1376K(63488K)] 479595K->417163K(561664K), 0.0027423 secs] [Times: user=0.01 sys=0.00, real=0.01 secs] 
2986.990: [GC (Allocation Failure) [PSYoungGen: 63328K->1453K(62976K)] 479115K->417240K(561152K), 0.0021931 secs] [Times: user=0.01 sys=0.00, real=0.00 secs] 
2987.104: [GC (Allocation Failure) [PSYoungGen: 62893K->1549K(62976K)] 478680K->417336K(561152K), 0.0018392 secs] [Times: user=0.01 sys=0.00, real=0.00 secs] 
2987.213: [GC (Allocation Failure) [PSYoungGen: 62477K->1485K(62976K)] 478264K->417288K(561152K), 0.0017040 secs] [Times: user=0.01 sys=0.00, real=0.01 secs] 
2987.321: [GC (Allocation Failure) [PSYoungGen: 62925K->1517K(63488K)] 478728K->417320K(561664K), 0.0016912 secs] [Times: user=0.01 sys=0.00, real=0.00 secs] 
2987.873: [GC (Allocation Failure) [PSYoungGen: 62957K->1424K(62464K)] 478760K->417227K(560640K), 0.0022321 secs] [Times: user=0.01 sys=0.00, real=0.01 secs] 
2988.863: [GC (Allocation Failure) [PSYoungGen: 62352K->1376K(61952K)] 478155K->417179K(560128K), 0.0022308 secs] [Times: user=0.01 sys=0.01, real=0.01 secs] 
2989.848: [GC (Allocation Failure) [PSYoungGen: 61792K->1376K(61440K)] 477595K->417179K(559616K), 0.0021712 secs] [Times: user=0.01 sys=0.00, real=0.00 secs] 
2990.554: [GC (Allocation Failure) [PSYoungGen: 61280K->1376K(60928K)] 477083K->417179K(559104K), 0.0025113 secs] [Times: user=0.01 sys=0.00, real=0.00 secs] 
2991.010: [GC (Allocation Failure) [PSYoungGen: 60768K->1344K(60416K)] 476571K->417147K(558592K), 0.0023019 secs] [Times: user=0.00 sys=0.00, real=0.00 secs] 
2991.270: [GC (Allocation Failure) [PSYoungGen: 60224K->1549K(60416K)] 476027K->417352K(558592K), 0.0017783 secs] [Times: user=0.01 sys=0.00, real=0.00 secs] 
2991.373: [GC (Allocation Failure) [PSYoungGen: 59917K->477K(58368K)] 475720K->417312K(556544K), 0.0016748 secs] [Times: user=0.01 sys=0.00, real=0.01 secs] 
2991.474: [GC (Allocation Failure) [PSYoungGen: 58333K->461K(65536K)] 475168K->417296K(563712K), 0.0015959 secs] [Times: user=0.01 sys=0.00, real=0.00 secs] 
2991.586: [GC (Allocation Failure) [PSYoungGen: 63949K->461K(65536K)] 480784K->417296K(563712K), 0.0016704 secs] [Times: user=0.00 sys=0.00, real=0.00 secs] 
2991.810: [GC (Allocation Failure) [PSYoungGen: 63949K->1424K(65536K)] 480784K->418259K(563712K), 0.0019225 secs] [Times: user=0.01 sys=0.00, real=0.00 secs] 
2992.120: [GC (Allocation Failure) [PSYoungGen: 64912K->1376K(64512K)] 481747K->418211K(562688K), 0.0018345 secs] [Times: user=0.01 sys=0.00, real=0.00 secs] 
2992.400: [GC (Allocation Failure) [PSYoungGen: 64352K->1376K(64000K)] 481187K->418211K(562176K), 0.0020654 secs] [Times: user=0.01 sys=0.00, real=0.00 secs] 
2992.713: [GC (Allocation Failure) [PSYoungGen: 63840K->1376K(63488K)] 480675K->418211K(561664K), 0.0022021 secs] [Times: user=0.01 sys=0.00, real=0.01 secs] 
2993.109: [GC (Allocation Failure) [PSYoungGen: 63328K->1453K(62976K)] 480163K->418288K(561152K), 0.0022507 secs] [Times: user=0.01 sys=0.01, real=0.00 secs] 
2993.244: [GC (Allocation Failure) [PSYoungGen: 62893K->1504K(62464K)] 479728K->418339K(560640K), 0.0016301 secs] [Times: user=0.01 sys=0.00, real=0.00 secs] 
2993.353: [GC (Allocation Failure) [PSYoungGen: 62432K->1504K(69120K)] 479267K->418347K(567296K), 0.0016855 secs] [Times: user=0.00 sys=0.00, real=0.01 secs] 
2993.472: [GC (Allocation Failure) [PSYoungGen: 68576K->1408K(69120K)] 485419K->418275K(567296K), 0.0029535 secs] [Times: user=0.01 sys=0.00, real=0.01 secs] 
2993.597: [GC (Allocation Failure) [PSYoungGen: 68463K->1485K(69120K)] 485330K->418352K(567296K), 0.0016518 secs] [Times: user=0.01 sys=0.00, real=0.00 secs] 
2993.912: [GC (Allocation Failure) [PSYoungGen: 68557K->1440K(75776K)] 485424K->418307K(573952K), 0.0019298 secs] [Times: user=0.01 sys=0.00, real=0.01 secs] 
2994.246: [GC (Allocation Failure) [PSYoungGen: 75680K->1408K(76288K)] 492547K->418275K(574464K), 0.0018660 secs] [Times: user=0.00 sys=0.00, real=0.00 secs] 
2994.614: [GC (Allocation Failure) [PSYoungGen: 75648K->1376K(75264K)] 492515K->418243K(573440K), 0.0023994 secs] [Times: user=0.01 sys=0.00, real=0.00 secs] 
2995.026: [GC (Allocation Failure) [PSYoungGen: 75104K->1485K(74752K)] 491971K->418352K(572928K), 0.0025125 secs] [Times: user=0.01 sys=0.00, real=0.00 secs] 
2995.182: [GC (Allocation Failure) [PSYoungGen: 74701K->1517K(74240K)] 491568K->418384K(572416K), 0.0016610 secs] [Times: user=0.00 sys=0.00, real=0.01 secs] 
2995.311: [GC (Allocation Failure) [PSYoungGen: 74221K->1568K(81920K)] 491088K->418435K(580096K), 0.0017111 secs] [Times: user=0.01 sys=0.00, real=0.00 secs] 
2995.452: [GC (Allocation Failure) [PSYoungGen: 81440K->1533K(81920K)] 498307K->418408K(580096K), 0.0015748 secs] [Times: user=0.00 sys=0.00, real=0.01 secs] 
2995.865: [GC (Allocation Failure) [PSYoungGen: 81405K->1408K(80896K)] 498280K->418283K(579072K), 0.0023287 secs] [Times: user=0.01 sys=0.00, real=0.00 secs] 
2996.292: [GC (Allocation Failure) [PSYoungGen: 80768K->1376K(80384K)] 497643K->418251K(578560K), 0.0022420 secs] [Times: user=0.01 sys=0.00, real=0.01 secs] 
2996.901: [GC (Allocation Failure) [PSYoungGen: 80224K->1344K(79872K)] 497099K->418219K(578048K), 0.0027030 secs] [Times: user=0.01 sys=0.00, real=0.01 secs] 
2997.511: [GC (Allocation Failure) [PSYoungGen: 79680K->1421K(79360K)] 496555K->418296K(577536K), 0.0024745 secs] [Times: user=0.01 sys=0.00, real=0.01 secs] 
2997.740: [GC (Allocation Failure) [PSYoungGen: 79245K->1488K(78848K)] 496120K->418363K(577024K), 0.0024318 secs] [Times: user=0.01 sys=0.00, real=0.00 secs] 
2997.935: [GC (Allocation Failure) [PSYoungGen: 78800K->1488K(78336K)] 495675K->418363K(576512K), 0.0024297 secs] [Times: user=0.01 sys=0.00, real=0.00 secs] 
2998.140: [GC (Allocation Failure) [PSYoungGen: 78288K->1453K(77824K)] 495163K->418328K(576000K), 0.0024473 secs] [Times: user=0.01 sys=0.01, real=0.00 secs] 
2998.541: [GC (Allocation Failure) [PSYoungGen: 77741K->1424K(77312K)] 494616K->418299K(575488K), 0.0025155 secs] [Times: user=0.01 sys=0.00, real=0.01 secs] 
2998.956: [GC (Allocation Failure) [PSYoungGen: 77200K->1376K(76800K)] 494075K->418259K(574976K), 0.0022759 secs] [Times: user=0.01 sys=0.00, real=0.00 secs] 
2999.269: [GC (Allocation Failure) [PSYoungGen: 76640K->1376K(76288K)] 493523K->418259K(574464K), 0.0021103 secs] [Times: user=0.00 sys=0.00, real=0.00 secs] 
2999.624: [GC (Allocation Failure) [PSYoungGen: 76128K->1424K(75776K)] 493011K->418307K(573952K), 0.0020702 secs] [Times: user=0.00 sys=0.00, real=0.00 secs] 
2999.759: [GC (Allocation Failure) [PSYoungGen: 75664K->1517K(75264K)] 492547K->418400K(573440K), 0.0017324 secs] [Times: user=0.01 sys=0.00, real=0.00 secs] 
2999.889: [GC (Allocation Failure) [PSYoungGen: 75245K->1485K(74752K)] 492128K->418368K(572928K), 0.0017447 secs] [Times: user=0.00 sys=0.00, real=0.00 secs] 
3000.018: [GC (Allocation Failure) [PSYoungGen: 74701K->1485K(75264K)] 491584K->418368K(573440K), 0.0016887 secs] [Times: user=0.00 sys=0.00, real=0.00 secs] 
3000.325: [GC (Allocation Failure) [PSYoungGen: 74701K->1392K(74240K)] 491584K->418275K(572416K), 0.0021535 secs] [Times: user=0.01 sys=0.00, real=0.00 secs] 
3000.628: [GC (Allocation Failure) [PSYoungGen: 74096K->1344K(73728K)] 490979K->418235K(571904K), 0.0021927 secs] [Times: user=0.01 sys=0.00, real=0.00 secs] 
3000.968: [GC (Allocation Failure) [PSYoungGen: 73536K->1344K(73216K)] 490427K->418235K(571392K), 0.0022530 secs] [Times: user=0.01 sys=0.00, real=0.00 secs] 
3001.267: [GC (Allocation Failure) [PSYoungGen: 73024K->1376K(72704K)] 489915K->418267K(570880K), 0.0020662 secs] [Times: user=0.01 sys=0.00, real=0.00 secs] 
3001.507: [GC (Allocation Failure) [PSYoungGen: 72544K->1440K(72192K)] 489435K->418339K(570368K), 0.0017493 secs] [Times: user=0.01 sys=0.00, real=0.00 secs] 
3001.633: [GC (Allocation Failure) [PSYoungGen: 72096K->1485K(71680K)] 488995K->418384K(569856K), 0.0017064 secs] [Times: user=0.00 sys=0.00, real=0.01 secs] 
3001.756: [GC (Allocation Failure) [PSYoungGen: 71599K->1517K(72192K)] 488498K->418416K(570368K), 0.0016945 secs] [Times: user=0.01 sys=0.00, real=0.00 secs] 
3001.899: [GC (Allocation Failure) [PSYoungGen: 71661K->192K(78848K)] 488560K->417091K(577024K), 0.0018561 secs] [Times: user=0.01 sys=0.00, real=0.00 secs] 
3003.199: [GC (Allocation Failure) [PSYoungGen: 76992K->1376K(77824K)] 493891K->418291K(576000K), 0.0042796 secs] [Times: user=0.01 sys=0.00, real=0.01 secs] 
3004.013: [GC (Allocation Failure) [PSYoungGen: 77664K->1360K(77312K)] 494579K->418275K(575488K), 0.0025298 secs] [Times: user=0.01 sys=0.00, real=0.01 secs] 
3004.761: [GC (Allocation Failure) [PSYoungGen: 77136K->1344K(76800K)] 494051K->418259K(574976K), 0.0038976 secs] [Times: user=0.02 sys=0.01, real=0.01 secs] 
3005.240: [GC (Allocation Failure) [PSYoungGen: 76608K->1408K(76288K)] 493523K->418323K(574464K), 0.0022542 secs] [Times: user=0.00 sys=0.00, real=0.00 secs] 
3005.387: [GC (Allocation Failure) [PSYoungGen: 76160K->1517K(75776K)] 493075K->418432K(573952K), 0.0017038 secs] [Times: user=0.01 sys=0.00, real=0.00 secs] 
3005.519: [GC (Allocation Failure) [PSYoungGen: 75757K->1453K(75264K)] 492672K->418368K(573440K), 0.0017158 secs] [Times: user=0.00 sys=0.00, real=0.00 secs] 
3005.648: [GC (Allocation Failure) [PSYoungGen: 75181K->1549K(75264K)] 492096K->418464K(573440K), 0.0017036 secs] [Times: user=0.01 sys=0.00, real=0.00 secs] 
3006.596: [GC (Allocation Failure) [PSYoungGen: 74765K->1408K(74240K)] 491680K->418323K(572416K), 0.0023612 secs] [Times: user=0.01 sys=0.00, real=0.00 secs] 
3007.435: [GC (Allocation Failure) [PSYoungGen: 74112K->1312K(73728K)] 491027K->418227K(571904K), 0.0031087 secs] [Times: user=0.01 sys=0.00, real=0.00 secs] 
3008.115: [GC (Allocation Failure) [PSYoungGen: 73504K->1344K(73216K)] 490419K->418259K(571392K), 0.0029962 secs] [Times: user=0.01 sys=0.00, real=0.00 secs] 
3008.918: [GC (Allocation Failure) [PSYoungGen: 73024K->1344K(72704K)] 489939K->418259K(570880K), 0.0035486 secs] [Times: user=0.01 sys=0.00, real=0.00 secs] 
3009.199: [GC (Allocation Failure) [PSYoungGen: 72512K->1485K(72192K)] 489427K->418400K(570368K), 0.0019639 secs] [Times: user=0.01 sys=0.00, real=0.00 secs] 
3009.328: [GC (Allocation Failure) [PSYoungGen: 72141K->1517K(71680K)] 489056K->418432K(569856K), 0.0016809 secs] [Times: user=0.01 sys=0.00, real=0.00 secs] 
3009.451: [GC (Allocation Failure) [PSYoungGen: 71661K->1517K(71168K)] 488576K->418432K(569344K), 0.0016516 secs] [Times: user=0.01 sys=0.00, real=0.00 secs] 
3009.807: [GC (Allocation Failure) [PSYoungGen: 71149K->1504K(70656K)] 488064K->418419K(568832K), 0.0019831 secs] [Times: user=0.00 sys=0.00, real=0.00 secs] 
3010.337: [GC (Allocation Failure) [PSYoungGen: 70624K->1376K(70144K)] 487539K->418291K(568320K), 0.0018511 secs] [Times: user=0.01 sys=0.00, real=0.00 secs] 
3011.187: [GC (Allocation Failure) [PSYoungGen: 69984K->1312K(69632K)] 486899K->418227K(567808K), 0.0021408 secs] [Times: user=0.01 sys=0.00, real=0.00 secs] 
3012.112: [GC (Allocation Failure) [PSYoungGen: 69408K->1408K(69120K)] 486323K->418323K(567296K), 0.0019770 secs] [Times: user=0.01 sys=0.00, real=0.01 secs] 
3012.936: [GC (Allocation Failure) [PSYoungGen: 68992K->1405K(68608K)] 485907K->418320K(566784K), 0.0021707 secs] [Times: user=0.01 sys=0.00, real=0.00 secs] 
3013.072: [GC (Allocation Failure) [PSYoungGen: 68477K->1437K(68096K)] 485392K->418352K(566272K), 0.0016968 secs] [Times: user=0.01 sys=0.00, real=0.01 secs] 
3013.189: [GC (Allocation Failure) [PSYoungGen: 67997K->1488K(67584K)] 484912K->418403K(565760K), 0.0017441 secs] [Times: user=0.01 sys=0.00, real=0.00 secs] 
3013.307: [GC (Allocation Failure) [PSYoungGen: 67536K->1437K(67072K)] 484451K->418352K(565248K), 0.0017788 secs] [Times: user=0.00 sys=0.00, real=0.00 secs] 
3013.600: [GC (Allocation Failure) [PSYoungGen: 66973K->1424K(66560K)] 483888K->418339K(564736K), 0.0022866 secs] [Times: user=0.01 sys=0.00, real=0.00 secs] 
3014.222: [GC (Allocation Failure) [PSYoungGen: 66448K->1376K(66048K)] 483363K->418299K(564224K), 0.0021056 secs] [Times: user=0.01 sys=0.00, real=0.01 secs] 
3015.110: [GC (Allocation Failure) [PSYoungGen: 65888K->1392K(65536K)] 482811K->418315K(563712K), 0.0022091 secs] [Times: user=0.01 sys=0.00, real=0.00 secs] 
3015.908: [GC (Allocation Failure) [PSYoungGen: 65392K->1344K(65024K)] 482315K->418283K(563200K), 0.0026379 secs] [Times: user=0.01 sys=0.00, real=0.00 secs] 
3016.490: [GC (Allocation Failure) [PSYoungGen: 64832K->1344K(64512K)] 481771K->418291K(562688K), 0.0027606 secs] [Times: user=0.01 sys=0.00, real=0.00 secs] 
3016.746: [GC (Allocation Failure) [PSYoungGen: 64320K->1440K(64000K)] 481267K->418387K(562176K), 0.0016516 secs] [Times: user=0.01 sys=0.00, real=0.00 secs] 
3016.857: [GC (Allocation Failure) [PSYoungGen: 63904K->1485K(63488K)] 480851K->418432K(561664K), 0.0017249 secs] [Times: user=0.01 sys=0.00, real=0.00 secs] 
3016.967: [GC (Allocation Failure) [PSYoungGen: 63437K->1469K(62976K)] 480384K->418424K(561152K), 0.0016077 secs] [Times: user=0.00 sys=0.00, real=0.00 secs] 
3017.076: [GC (Allocation Failure) [PSYoungGen: 62909K->1469K(64000K)] 479864K->418424K(562176K), 0.0016897 secs] [Times: user=0.00 sys=0.00, real=0.00 secs] 
3018.392: [GC (Allocation Failure) [PSYoungGen: 63421K->1440K(62976K)] 480376K->418403K(561152K), 0.0033725 secs] [Times: user=0.01 sys=0.00, real=0.01 secs] 
3018.997: [GC (Allocation Failure) [PSYoungGen: 62880K->1376K(62464K)] 479843K->418339K(560640K), 0.0026405 secs] [Times: user=0.01 sys=0.00, real=0.00 secs] 
3019.437: [GC (Allocation Failure) [PSYoungGen: 62304K->1408K(61952K)] 479267K->418371K(560128K), 0.0022858 secs] [Times: user=0.01 sys=0.00, real=0.00 secs] 
3019.955: [GC (Allocation Failure) [PSYoungGen: 61824K->1408K(61440K)] 478787K->418371K(559616K), 0.0024792 secs] [Times: user=0.01 sys=0.00, real=0.00 secs] 
3020.452: [GC (Allocation Failure) [PSYoungGen: 61287K->1488K(60928K)] 478250K->418451K(559104K), 0.0021630 secs] [Times: user=0.01 sys=0.00, real=0.01 secs] 
3020.583: [GC (Allocation Failure) [PSYoungGen: 60880K->1533K(60416K)] 477843K->418496K(558592K), 0.0016205 secs] [Times: user=0.01 sys=0.00, real=0.01 secs] 
3020.688: [GC (Allocation Failure) [PSYoungGen: 60413K->1520K(59904K)] 477376K->418491K(558080K), 0.0016127 secs] [Times: user=0.01 sys=0.00, real=0.00 secs] 
3020.790: [GC (Allocation Failure) [PSYoungGen: 59888K->1536K(66048K)] 476859K->418507K(564224K), 0.0016242 secs] [Times: user=0.00 sys=0.00, real=0.00 secs] 
3020.904: [GC (Allocation Failure) [PSYoungGen: 65536K->1453K(66048K)] 482507K->418424K(564224K), 0.0016884 secs] [Times: user=0.01 sys=0.00, real=0.00 secs] 
3021.947: [GC (Allocation Failure) [PSYoungGen: 65453K->1440K(65024K)] 482424K->418411K(563200K), 0.0034692 secs] [Times: user=0.02 sys=0.00, real=0.00 secs] 
3022.525: [GC (Allocation Failure) [PSYoungGen: 64928K->1344K(64512K)] 481899K->418315K(562688K), 0.0029886 secs] [Times: user=0.01 sys=0.00, real=0.00 secs] 
3023.036: [GC (Allocation Failure) [PSYoungGen: 64320K->1376K(64000K)] 481291K->418347K(562176K), 0.0026338 secs] [Times: user=0.01 sys=0.00, real=0.00 secs] 
3023.558: [GC (Allocation Failure) [PSYoungGen: 63840K->1344K(63488K)] 480811K->418315K(561664K), 0.0029631 secs] [Times: user=0.02 sys=0.01, real=0.00 secs] 
3024.198: [GC (Allocation Failure) [PSYoungGen: 63296K->1456K(62976K)] 480267K->418427K(561152K), 0.0027459 secs] [Times: user=0.01 sys=0.00, real=0.00 secs] 
3024.374: [GC (Allocation Failure) [PSYoungGen: 62896K->1485K(62464K)] 479867K->418456K(560640K), 0.0016439 secs] [Times: user=0.01 sys=0.00, real=0.00 secs] 
3024.484: [GC (Allocation Failure) [PSYoungGen: 62413K->1485K(61952K)] 479384K->418472K(560128K), 0.0017155 secs] [Times: user=0.01 sys=0.00, real=0.00 secs] 
3024.605: [GC (Allocation Failure) [PSYoungGen: 61901K->1453K(62464K)] 478888K->418440K(560640K), 0.0019915 secs] [Times: user=0.01 sys=0.01, real=0.00 secs] 
3024.801: [GC (Allocation Failure) [PSYoungGen: 61869K->1568K(62464K)] 478856K->418555K(560640K), 0.0021948 secs] [Times: user=0.00 sys=0.00, real=0.01 secs] 
3025.740: [GC (Allocation Failure) [PSYoungGen: 61984K->1376K(61440K)] 478971K->418363K(559616K), 0.0023316 secs] [Times: user=0.01 sys=0.00, real=0.00 secs] 
3026.719: [GC (Allocation Failure) [PSYoungGen: 61280K->1344K(60928K)] 478267K->418331K(559104K), 0.0043302 secs] [Times: user=0.02 sys=0.00, real=0.01 secs] 
3027.457: [GC (Allocation Failure) [PSYoungGen: 60736K->1376K(60416K)] 477723K->418363K(558592K), 0.0043534 secs] [Times: user=0.02 sys=0.00, real=0.00 secs] 
3028.074: [GC (Allocation Failure) [PSYoungGen: 60256K->1344K(59904K)] 477243K->418331K(558080K), 0.0033194 secs] [Times: user=0.01 sys=0.00, real=0.00 secs] 
3028.382: [GC (Allocation Failure) [PSYoungGen: 59712K->1440K(59392K)] 476699K->418427K(557568K), 0.0020234 secs] [Times: user=0.01 sys=0.00, real=0.01 secs] 
3028.493: [GC (Allocation Failure) [PSYoungGen: 59280K->1533K(59392K)] 476267K->418520K(557568K), 0.0018836 secs] [Times: user=0.01 sys=0.00, real=0.01 secs] 
3028.608: [GC (Allocation Failure) [PSYoungGen: 59389K->1424K(65024K)] 476376K->418419K(563200K), 0.0019497 secs] [Times: user=0.01 sys=0.00, real=0.00 secs] 
3028.748: [GC (Allocation Failure) [PSYoungGen: 64912K->1453K(65536K)] 481907K->418448K(563712K), 0.0019213 secs] [Times: user=0.01 sys=0.00, real=0.00 secs] 
3028.893: [GC (Allocation Failure) [PSYoungGen: 64941K->1472K(72192K)] 481936K->418467K(570368K), 0.0016709 secs] [Times: user=0.01 sys=0.00, real=0.01 secs] 
3030.224: [GC (Allocation Failure) [PSYoungGen: 71616K->1376K(71168K)] 488611K->418371K(569344K), 0.0042309 secs] [Times: user=0.02 sys=0.00, real=0.00 secs] 
3031.138: [GC (Allocation Failure) [PSYoungGen: 71008K->1344K(70656K)] 488003K->418339K(568832K), 0.0035744 secs] [Times: user=0.02 sys=0.00, real=0.00 secs] 
3032.120: [GC (Allocation Failure) [PSYoungGen: 70464K->1344K(70144K)] 487459K->418339K(568320K), 0.0045804 secs] [Times: user=0.01 sys=0.00, real=0.01 secs] 
3032.948: [GC (Allocation Failure) [PSYoungGen: 69952K->1376K(69632K)] 486947K->418371K(567808K), 0.0028624 secs] [Times: user=0.01 sys=0.00, real=0.00 secs] 
3033.181: [GC (Allocation Failure) [PSYoungGen: 69472K->1453K(69120K)] 486467K->418448K(567296K), 0.0021988 secs] [Times: user=0.01 sys=0.00, real=0.00 secs] 
3033.306: [GC (Allocation Failure) [PSYoungGen: 69037K->1520K(68608K)] 486032K->418523K(566784K), 0.0016856 secs] [Times: user=0.00 sys=0.00, real=0.00 secs] 
3033.424: [GC (Allocation Failure) [PSYoungGen: 68571K->1488K(68096K)] 485574K->418491K(566272K), 0.0017195 secs] [Times: user=0.01 sys=0.00, real=0.00 secs] 
3033.586: [GC (Allocation Failure) [PSYoungGen: 68048K->1952K(68608K)] 485051K->419467K(566784K), 0.0021016 secs] [Times: user=0.01 sys=0.00, real=0.00 secs] 
3034.037: [GC (Allocation Failure) [PSYoungGen: 68512K->1376K(67584K)] 486027K->418891K(565760K), 0.0021615 secs] [Times: user=0.01 sys=0.00, real=0.00 secs] 
3034.566: [GC (Allocation Failure) [PSYoungGen: 67424K->1408K(67072K)] 484939K->418923K(565248K), 0.0019126 secs] [Times: user=0.01 sys=0.00, real=0.00 secs] 
3035.039: [GC (Allocation Failure) [PSYoungGen: 66944K->1344K(66560K)] 484459K->418867K(564736K), 0.0020624 secs] [Times: user=0.01 sys=0.00, real=0.00 secs] 
3035.550: [GC (Allocation Failure) [PSYoungGen: 66368K->1344K(66048K)] 483891K->418867K(564224K), 0.0020136 secs] [Times: user=0.01 sys=0.00, real=0.00 secs] 
3035.785: [GC (Allocation Failure) [PSYoungGen: 65856K->1501K(65536K)] 483379K->419024K(563712K), 0.0017247 secs] [Times: user=0.00 sys=0.00, real=0.00 secs] 
3035.898: [GC (Allocation Failure) [PSYoungGen: 65501K->1485K(65024K)] 483024K->419008K(563200K), 0.0017037 secs] [Times: user=0.01 sys=0.00, real=0.00 secs] 
3036.010: [GC (Allocation Failure) [PSYoungGen: 64973K->1453K(64512K)] 482496K->418984K(562688K), 0.0016340 secs] [Times: user=0.01 sys=0.00, real=0.00 secs] 
3036.138: [GC (Allocation Failure) [PSYoungGen: 64429K->1485K(65024K)] 481960K->419016K(563200K), 0.0020172 secs] [Times: user=0.01 sys=0.00, real=0.00 secs] 
3036.415: [GC (Allocation Failure) [PSYoungGen: 64461K->1424K(65024K)] 481992K->418955K(563200K), 0.0020860 secs] [Times: user=0.01 sys=0.00, real=0.00 secs] 
3036.689: [GC (Allocation Failure) [PSYoungGen: 64400K->1376K(64000K)] 481931K->418907K(562176K), 0.0020190 secs] [Times: user=0.01 sys=0.00, real=0.00 secs] 
3037.190: [GC (Allocation Failure) [PSYoungGen: 63840K->1376K(63488K)] 481371K->418907K(561664K), 0.0020646 secs] [Times: user=0.00 sys=0.01, real=0.00 secs] 
3037.680: [GC (Allocation Failure) [PSYoungGen: 63328K->1376K(62976K)] 480859K->418907K(561152K), 0.0019534 secs] [Times: user=0.01 sys=0.00, real=0.00 secs] 
3038.134: [GC (Allocation Failure) [PSYoungGen: 62816K->1453K(62464K)] 480347K->418984K(560640K), 0.0033932 secs] [Times: user=0.01 sys=0.00, real=0.00 secs] 
3038.319: [GC (Allocation Failure) [PSYoungGen: 62381K->1456K(61952K)] 479912K->418987K(560128K), 0.0020366 secs] [Times: user=0.01 sys=0.00, real=0.00 secs] 
3038.431: [GC (Allocation Failure) [PSYoungGen: 61872K->1533K(61440K)] 479403K->419072K(559616K), 0.0016925 secs] [Times: user=0.01 sys=0.00, real=0.00 secs] 
3038.537: [GC (Allocation Failure) [PSYoungGen: 61437K->1437K(67584K)] 478976K->418976K(565760K), 0.0016253 secs] [Times: user=0.01 sys=0.00, real=0.00 secs] 
3038.684: [GC (Allocation Failure) [PSYoungGen: 67485K->1728K(68096K)] 485024K->419267K(566272K), 0.0018546 secs] [Times: user=0.01 sys=0.01, real=0.00 secs] 
3039.254: [GC (Allocation Failure) [PSYoungGen: 67776K->1376K(67072K)] 485315K->418915K(565248K), 0.0030822 secs] [Times: user=0.01 sys=0.01, real=0.00 secs] 
3039.779: [GC (Allocation Failure) [PSYoungGen: 66912K->1440K(66560K)] 484451K->418979K(564736K), 0.0032261 secs] [Times: user=0.01 sys=0.00, real=0.00 secs] 
3040.284: [GC (Allocation Failure) [PSYoungGen: 66464K->1376K(66048K)] 484003K->418915K(564224K), 0.0025930 secs] [Times: user=0.01 sys=0.00, real=0.00 secs] 
3041.149: [GC (Allocation Failure) [PSYoungGen: 65888K->1376K(65536K)] 483427K->418915K(563712K), 0.0025697 secs] [Times: user=0.01 sys=0.00, real=0.00 secs] 
3041.365: [GC (Allocation Failure) [PSYoungGen: 65376K->1533K(65024K)] 482915K->419096K(563200K), 0.0019166 secs] [Times: user=0.01 sys=0.00, real=0.00 secs] 
3041.480: [GC (Allocation Failure) [PSYoungGen: 65021K->1517K(64512K)] 482584K->419088K(562688K), 0.0017307 secs] [Times: user=0.00 sys=0.00, real=0.00 secs] 
3041.590: [GC (Allocation Failure) [PSYoungGen: 64493K->1517K(70656K)] 482064K->419088K(568832K), 0.0016399 secs] [Times: user=0.00 sys=0.00, real=0.00 secs] 
3041.712: [GC (Allocation Failure) [PSYoungGen: 70637K->1501K(71168K)] 488208K->419072K(569344K), 0.0015432 secs] [Times: user=0.01 sys=0.00, real=0.01 secs] 
3042.341: [GC (Allocation Failure) [PSYoungGen: 70621K->1456K(70144K)] 488192K->419027K(568320K), 0.0021771 secs] [Times: user=0.01 sys=0.00, real=0.00 secs] 
3042.970: [GC (Allocation Failure) [PSYoungGen: 70064K->1440K(69632K)] 487635K->419011K(567808K), 0.0020273 secs] [Times: user=0.01 sys=0.01, real=0.00 secs] 
3043.654: [GC (Allocation Failure) [PSYoungGen: 69536K->1376K(69120K)] 487107K->418947K(567296K), 0.0021908 secs] [Times: user=0.01 sys=0.00, real=0.00 secs] 
3044.245: [GC (Allocation Failure) [PSYoungGen: 68960K->1376K(68608K)] 486531K->418947K(566784K), 0.0025877 secs] [Times: user=0.01 sys=0.00, real=0.00 secs] 
3044.537: [GC (Allocation Failure) [PSYoungGen: 68448K->1453K(68096K)] 486019K->419040K(566272K), 0.0016085 secs] [Times: user=0.00 sys=0.01, real=0.00 secs] 
3044.654: [GC (Allocation Failure) [PSYoungGen: 68013K->1501K(67584K)] 485600K->419088K(565760K), 0.0017722 secs] [Times: user=0.01 sys=0.00, real=0.00 secs] 
3044.775: [GC (Allocation Failure) [PSYoungGen: 67549K->1453K(67072K)] 485136K->419056K(565248K), 0.0016711 secs] [Times: user=0.01 sys=0.00, real=0.00 secs] 
3044.926: [GC (Allocation Failure) [PSYoungGen: 66968K->1421K(74240K)] 484571K->419024K(572416K), 0.0023871 secs] [Times: user=0.01 sys=0.00, real=0.00 secs] 
3045.536: [GC (Allocation Failure) [PSYoungGen: 73613K->1376K(73216K)] 491216K->418979K(571392K), 0.0029811 secs] [Times: user=0.02 sys=0.00, real=0.00 secs] 
3046.180: [GC (Allocation Failure) [PSYoungGen: 73056K->1344K(72704K)] 490659K->418947K(570880K), 0.0026945 secs] [Times: user=0.01 sys=0.00, real=0.00 secs] 
3046.570: [GC (Allocation Failure) [PSYoungGen: 72512K->1408K(72192K)] 490115K->419011K(570368K), 0.0023372 secs] [Times: user=0.00 sys=0.00, real=0.00 secs] 
3047.018: [GC (Allocation Failure) [PSYoungGen: 72064K->1376K(71680K)] 489667K->418979K(569856K), 0.0022113 secs] [Times: user=0.01 sys=0.00, real=0.00 secs] 
3047.228: [GC (Allocation Failure) [PSYoungGen: 71520K->1453K(71168K)] 489123K->419056K(569344K), 0.0017259 secs] [Times: user=0.00 sys=0.00, real=0.00 secs] 
3047.352: [GC (Allocation Failure) [PSYoungGen: 71085K->1469K(70656K)] 488688K->419072K(568832K), 0.0017717 secs] [Times: user=0.01 sys=0.00, real=0.01 secs] 
3047.474: [GC (Allocation Failure) [PSYoungGen: 70589K->1453K(70144K)] 488192K->419056K(568320K), 0.0017310 secs] [Times: user=0.01 sys=0.00, real=0.00 secs] 
3047.646: [GC (Allocation Failure) [PSYoungGen: 70061K->1408K(70656K)] 487664K->419011K(568832K), 0.0020381 secs] [Times: user=0.01 sys=0.00, real=0.00 secs] 
3048.085: [GC (Allocation Failure) [PSYoungGen: 70016K->1376K(69632K)] 487619K->418979K(567808K), 0.0017953 secs] [Times: user=0.01 sys=0.00, real=0.00 secs] 
3048.667: [GC (Allocation Failure) [PSYoungGen: 69472K->1376K(69120K)] 487075K->418987K(567296K), 0.0022194 secs] [Times: user=0.01 sys=0.00, real=0.00 secs] 
3049.225: [GC (Allocation Failure) [PSYoungGen: 68960K->1376K(68608K)] 486571K->418987K(566784K), 0.0020657 secs] [Times: user=0.01 sys=0.00, real=0.00 secs] 
3049.773: [GC (Allocation Failure) [PSYoungGen: 68448K->1344K(68096K)] 486059K->418955K(566272K), 0.0022006 secs] [Times: user=0.01 sys=0.00, real=0.01 secs] 
3049.952: [GC (Allocation Failure) [PSYoungGen: 67904K->1501K(67584K)] 485515K->419112K(565760K), 0.0016936 secs] [Times: user=0.01 sys=0.00, real=0.01 secs] 
3050.069: [GC (Allocation Failure) [PSYoungGen: 67549K->1533K(67072K)] 485160K->419144K(565248K), 0.0017530 secs] [Times: user=0.00 sys=0.00, real=0.00 secs] 
3050.185: [GC (Allocation Failure) [PSYoungGen: 67046K->1421K(66560K)] 484657K->419032K(564736K), 0.0016497 secs] [Times: user=0.01 sys=0.00, real=0.00 secs] 
3050.350: [GC (Allocation Failure) [PSYoungGen: 66445K->1600K(73728K)] 484056K->419219K(571904K), 0.0019647 secs] [Times: user=0.01 sys=0.00, real=0.00 secs] 
3050.996: [GC (Allocation Failure) [PSYoungGen: 73280K->1376K(72704K)] 490899K->418995K(570880K), 0.0024859 secs] [Times: user=0.01 sys=0.00, real=0.00 secs] 
3051.599: [GC (Allocation Failure) [PSYoungGen: 72544K->1344K(72192K)] 490163K->418963K(570368K), 0.0031629 secs] [Times: user=0.01 sys=0.00, real=0.00 secs] 
3052.175: [GC (Allocation Failure) [PSYoungGen: 72000K->1376K(71680K)] 489619K->418995K(569856K), 0.0029467 secs] [Times: user=0.01 sys=0.00, real=0.00 secs] 
3052.706: [GC (Allocation Failure) [PSYoungGen: 71520K->1421K(71168K)] 489139K->419040K(569344K), 0.0025952 secs] [Times: user=0.01 sys=0.00, real=0.00 secs] 
3052.864: [GC (Allocation Failure) [PSYoungGen: 71053K->1453K(70656K)] 488672K->419072K(568832K), 0.0017958 secs] [Times: user=0.01 sys=0.00, real=0.00 secs] 
3052.987: [GC (Allocation Failure) [PSYoungGen: 70573K->1520K(70144K)] 488192K->419139K(568320K), 0.0016996 secs] [Times: user=0.01 sys=0.00, real=0.00 secs] 
3053.108: [GC (Allocation Failure) [PSYoungGen: 70113K->1488K(70656K)] 487732K->419115K(568832K), 0.0017436 secs] [Times: user=0.01 sys=0.00, real=0.00 secs] 
3053.327: [GC (Allocation Failure) [PSYoungGen: 70096K->1424K(69632K)] 487723K->419051K(567808K), 0.0020948 secs] [Times: user=0.00 sys=0.00, real=0.00 secs] 
3053.611: [GC (Allocation Failure) [PSYoungGen: 69520K->1360K(69120K)] 487147K->419011K(567296K), 0.0018569 secs] [Times: user=0.01 sys=0.00, real=0.00 secs] 
3053.892: [GC (Allocation Failure) [PSYoungGen: 68944K->1376K(68608K)] 486595K->419027K(566784K), 0.0019424 secs] [Times: user=0.00 sys=0.00, real=0.01 secs] 
3054.236: [GC (Allocation Failure) [PSYoungGen: 68448K->1376K(68096K)] 486099K->419027K(566272K), 0.0019397 secs] [Times: user=0.01 sys=0.00, real=0.00 secs] 
3054.639: [GC (Allocation Failure) [PSYoungGen: 67936K->1424K(67584K)] 485587K->419075K(565760K), 0.0017900 secs] [Times: user=0.01 sys=0.00, real=0.00 secs] 
3054.756: [GC (Allocation Failure) [PSYoungGen: 67472K->1469K(67072K)] 485123K->419120K(565248K), 0.0016835 secs] [Times: user=0.01 sys=0.00, real=0.00 secs] 
3054.889: [GC (Allocation Failure) [PSYoungGen: 67005K->1488K(66560K)] 484656K->419139K(564736K), 0.0019258 secs] [Times: user=0.01 sys=0.00, real=0.00 secs] 
3055.045: [GC (Allocation Failure) [PSYoungGen: 66512K->1453K(67072K)] 484163K->419112K(565248K), 0.0022073 secs] [Times: user=0.01 sys=0.00, real=0.00 secs] 
3055.395: [GC (Allocation Failure) [PSYoungGen: 66477K->1472K(67072K)] 484136K->419131K(565248K), 0.0032211 secs] [Times: user=0.01 sys=0.00, real=0.00 secs] 
3055.947: [GC (Allocation Failure) [PSYoungGen: 66496K->1440K(66048K)] 484155K->419099K(564224K), 0.0023268 secs] [Times: user=0.01 sys=0.01, real=0.00 secs] 
3056.209: [GC (Allocation Failure) [PSYoungGen: 65952K->1376K(65536K)] 483611K->419035K(563712K), 0.0021814 secs] [Times: user=0.01 sys=0.00, real=0.00 secs] 
3056.475: [GC (Allocation Failure) [PSYoungGen: 65376K->1376K(65024K)] 483035K->419035K(563200K), 0.0020965 secs] [Times: user=0.01 sys=0.00, real=0.00 secs] 
3056.739: [GC (Allocation Failure) [PSYoungGen: 64864K->1376K(64512K)] 482523K->419035K(562688K), 0.0022234 secs] [Times: user=0.00 sys=0.00, real=0.00 secs] 
3056.893: [GC (Allocation Failure) [PSYoungGen: 64352K->1488K(64000K)] 482011K->419147K(562176K), 0.0016319 secs] [Times: user=0.01 sys=0.00, real=0.01 secs] 
3057.004: [GC (Allocation Failure) [PSYoungGen: 63952K->1565K(70656K)] 481611K->419224K(568832K), 0.0016602 secs] [Times: user=0.01 sys=0.00, real=0.00 secs] 
3057.124: [GC (Allocation Failure) [PSYoungGen: 70154K->1517K(70656K)] 487813K->419184K(568832K), 0.0016802 secs] [Times: user=0.01 sys=0.00, real=0.00 secs] 
3057.265: [GC (Allocation Failure) [PSYoungGen: 70637K->1485K(71168K)] 488304K->419152K(569344K), 0.0021290 secs] [Times: user=0.01 sys=0.00, real=0.00 secs] 
3059.794: [GC (Allocation Failure) [PSYoungGen: 70605K->1392K(70144K)] 488272K->419059K(568320K), 0.0045899 secs] [Times: user=0.02 sys=0.01, real=0.00 secs] 
3060.561: [GC (Allocation Failure) [PSYoungGen: 70000K->1376K(69632K)] 487667K->419043K(567808K), 0.0026987 secs] [Times: user=0.01 sys=0.00, real=0.01 secs] 
3061.360: [GC (Allocation Failure) [PSYoungGen: 69472K->1376K(69120K)] 487139K->419043K(567296K), 0.0024315 secs] [Times: user=0.01 sys=0.00, real=0.00 secs] 
3062.392: [GC (Allocation Failure) [PSYoungGen: 68960K->1376K(68608K)] 486627K->419043K(566784K), 0.0044702 secs] [Times: user=0.01 sys=0.00, real=0.01 secs] 
3062.822: [GC (Allocation Failure) [PSYoungGen: 68448K->1437K(68096K)] 486115K->419104K(566272K), 0.0022599 secs] [Times: user=0.01 sys=0.00, real=0.01 secs] 
3062.961: [GC (Allocation Failure) [PSYoungGen: 67997K->1501K(67584K)] 485664K->419168K(565760K), 0.0017461 secs] [Times: user=0.00 sys=0.00, real=0.00 secs] 
3063.078: [GC (Allocation Failure) [PSYoungGen: 67549K->1453K(67072K)] 485216K->419136K(565248K), 0.0016587 secs] [Times: user=0.01 sys=0.00, real=0.00 secs] 
3063.196: [GC (Allocation Failure) [PSYoungGen: 66989K->1501K(73728K)] 484672K->419184K(571904K), 0.0016875 secs] [Times: user=0.00 sys=0.00, real=0.00 secs] 
3063.842: [GC (Allocation Failure) [PSYoungGen: 73693K->1408K(73216K)] 491376K->419091K(571392K), 0.0023613 secs] [Times: user=0.01 sys=0.01, real=0.01 secs] 
3064.141: [GC (Allocation Failure) [PSYoungGen: 73088K->1344K(72704K)] 490771K->419027K(570880K), 0.0032650 secs] [Times: user=0.01 sys=0.00, real=0.01 secs] 
3064.552: [GC (Allocation Failure) [PSYoungGen: 72512K->1344K(72192K)] 490195K->419027K(570368K), 0.0030340 secs] [Times: user=0.01 sys=0.01, real=0.01 secs] 
3064.900: [GC (Allocation Failure) [PSYoungGen: 71902K->256K(70656K)] 489585K->417939K(568832K), 0.0021775 secs] [Times: user=0.01 sys=0.00, real=0.00 secs] 
3065.043: [GC (Allocation Failure) [PSYoungGen: 70400K->1485K(71168K)] 488083K->419168K(569344K), 0.0016967 secs] [Times: user=0.01 sys=0.00, real=0.00 secs] 
3065.168: [GC (Allocation Failure) [PSYoungGen: 71117K->1549K(71168K)] 488800K->419232K(569344K), 0.0017641 secs] [Times: user=0.01 sys=0.00, real=0.00 secs] 
3065.331: [GC (Allocation Failure) [PSYoungGen: 70669K->1453K(71168K)] 488352K->419136K(569344K), 0.0021671 secs] [Times: user=0.01 sys=0.00, real=0.01 secs] 
3065.742: [GC (Allocation Failure) [PSYoungGen: 71085K->1424K(71680K)] 488768K->419123K(569856K), 0.0035778 secs] [Times: user=0.01 sys=0.00, real=0.01 secs] 
3066.432: [GC (Allocation Failure) [PSYoungGen: 71056K->1408K(70656K)] 488755K->419107K(568832K), 0.0037309 secs] [Times: user=0.01 sys=0.00, real=0.01 secs] 
3067.056: [GC (Allocation Failure) [PSYoungGen: 70528K->1408K(70144K)] 488227K->419107K(568320K), 0.0033389 secs] [Times: user=0.01 sys=0.00, real=0.00 secs] 
3067.423: [GC (Allocation Failure) [PSYoungGen: 70016K->1344K(69632K)] 487715K->419043K(567808K), 0.0022088 secs] [Times: user=0.01 sys=0.00, real=0.01 secs] 
3067.765: [GC (Allocation Failure) [PSYoungGen: 69440K->1549K(69632K)] 487139K->419248K(567808K), 0.0021775 secs] [Times: user=0.01 sys=0.00, real=0.00 secs] 
3067.893: [GC (Allocation Failure) [PSYoungGen: 69133K->493K(67584K)] 486832K->419216K(565760K), 0.0018236 secs] [Times: user=0.00 sys=0.00, real=0.00 secs] 
3068.011: [GC (Allocation Failure) [PSYoungGen: 67565K->429K(75264K)] 486288K->419152K(573440K), 0.0019172 secs] [Times: user=0.01 sys=0.00, real=0.01 secs] 
3068.140: [GC (Allocation Failure) [PSYoungGen: 73645K->461K(75776K)] 492368K->419184K(573952K), 0.0017605 secs] [Times: user=0.01 sys=0.00, real=0.00 secs] 
3068.961: [GC (Allocation Failure) [PSYoungGen: 74189K->1408K(74752K)] 492912K->420131K(572928K), 0.0021439 secs] [Times: user=0.01 sys=0.00, real=0.01 secs] 
3070.028: [GC (Allocation Failure) [PSYoungGen: 74624K->1344K(74240K)] 493347K->420067K(572416K), 0.0032315 secs] [Times: user=0.01 sys=0.00, real=0.00 secs] 
3070.863: [GC (Allocation Failure) [PSYoungGen: 74048K->1344K(73728K)] 492771K->420067K(571904K), 0.0033260 secs] [Times: user=0.01 sys=0.00, real=0.01 secs] 
3071.440: [GC (Allocation Failure) [PSYoungGen: 73536K->1312K(73216K)] 492259K->420035K(571392K), 0.0032448 secs] [Times: user=0.02 sys=0.00, real=0.00 secs] 
3071.901: [GC (Allocation Failure) [PSYoungGen: 72992K->1453K(72704K)] 491715K->420176K(570880K), 0.0022875 secs] [Times: user=0.01 sys=0.00, real=0.01 secs] 
3072.049: [GC (Allocation Failure) [PSYoungGen: 72621K->1485K(72192K)] 491344K->420208K(570368K), 0.0017367 secs] [Times: user=0.01 sys=0.00, real=0.00 secs] 
3072.174: [GC (Allocation Failure) [PSYoungGen: 72141K->1485K(71680K)] 490864K->420208K(569856K), 0.0017190 secs] [Times: user=0.00 sys=0.00, real=0.00 secs] 
3072.317: [GC (Allocation Failure) [PSYoungGen: 71629K->1485K(71168K)] 490352K->420224K(569344K), 0.0018400 secs] [Times: user=0.01 sys=0.00, real=0.00 secs] 
3074.571: [GC (Allocation Failure) [PSYoungGen: 71117K->1376K(70656K)] 489856K->420115K(568832K), 0.0031997 secs] [Times: user=0.01 sys=0.00, real=0.01 secs] 
3075.418: [GC (Allocation Failure) [PSYoungGen: 70496K->1344K(70144K)] 489235K->420083K(568320K), 0.0030835 secs] [Times: user=0.01 sys=0.00, real=0.00 secs] 
3076.063: [GC (Allocation Failure) [PSYoungGen: 69952K->1344K(69632K)] 488691K->420083K(567808K), 0.0030975 secs] [Times: user=0.01 sys=0.00, real=0.01 secs] 
3076.778: [GC (Allocation Failure) [PSYoungGen: 69440K->1344K(69120K)] 488179K->420083K(567296K), 0.0045977 secs] [Times: user=0.02 sys=0.00, real=0.00 secs] 
3077.116: [GC (Allocation Failure) [PSYoungGen: 68928K->1453K(68608K)] 487667K->420192K(566784K), 0.0022538 secs] [Times: user=0.01 sys=0.00, real=0.00 secs] 
3077.277: [GC (Allocation Failure) [PSYoungGen: 68517K->1488K(68096K)] 487256K->420227K(566272K), 0.0022785 secs] [Times: user=0.01 sys=0.00, real=0.00 secs] 
3077.445: [GC (Allocation Failure) [PSYoungGen: 68048K->1485K(67584K)] 486787K->420224K(565760K), 0.0024648 secs] [Times: user=0.01 sys=0.00, real=0.00 secs] 
3077.598: [GC (Allocation Failure) [PSYoungGen: 67284K->256K(67072K)] 486024K->419011K(565248K), 0.0016890 secs] [Times: user=0.00 sys=0.00, real=0.00 secs] 
3078.222: [GC (Allocation Failure) [PSYoungGen: 65792K->1344K(66560K)] 484547K->420099K(564736K), 0.0029513 secs] [Times: user=0.01 sys=0.01, real=0.01 secs] 
3078.574: [GC (Allocation Failure) [PSYoungGen: 66368K->1376K(66048K)] 485123K->420131K(564224K), 0.0022385 secs] [Times: user=0.00 sys=0.00, real=0.00 secs] 
3078.842: [GC (Allocation Failure) [PSYoungGen: 65888K->1376K(65536K)] 484643K->420131K(563712K), 0.0022672 secs] [Times: user=0.01 sys=0.00, real=0.01 secs] 
3079.258: [GC (Allocation Failure) [PSYoungGen: 65376K->1376K(65024K)] 484131K->420131K(563200K), 0.0021527 secs] [Times: user=0.01 sys=0.00, real=0.00 secs] 
3079.596: [GC (Allocation Failure) [PSYoungGen: 64864K->1501K(64512K)] 483619K->420256K(562688K), 0.0017022 secs] [Times: user=0.01 sys=0.00, real=0.00 secs] 
3079.708: [GC (Allocation Failure) [PSYoungGen: 64477K->1485K(64000K)] 483232K->420240K(562176K), 0.0017101 secs] [Times: user=0.01 sys=0.00, real=0.00 secs] 
3079.821: [GC (Allocation Failure) [PSYoungGen: 63949K->1533K(63488K)] 482704K->420288K(561664K), 0.0016551 secs] [Times: user=0.00 sys=0.00, real=0.00 secs] 
3079.931: [GC (Allocation Failure) [PSYoungGen: 63485K->1549K(64000K)] 482240K->420320K(562176K), 0.0016529 secs] [Times: user=0.01 sys=0.00, real=0.00 secs] 
3080.418: [GC (Allocation Failure) [PSYoungGen: 63501K->1392K(64000K)] 482272K->420163K(562176K), 0.0036408 secs] [Times: user=0.02 sys=0.00, real=0.00 secs] 
3081.058: [GC (Allocation Failure) [PSYoungGen: 63344K->1376K(62976K)] 482115K->420147K(561152K), 0.0023013 secs] [Times: user=0.01 sys=0.00, real=0.00 secs] 
3081.616: [GC (Allocation Failure) [PSYoungGen: 62816K->1440K(62464K)] 481587K->420211K(560640K), 0.0038757 secs] [Times: user=0.02 sys=0.00, real=0.00 secs] 
3082.194: [GC (Allocation Failure) [PSYoungGen: 62368K->1312K(61952K)] 481139K->420083K(560128K), 0.0032123 secs] [Times: user=0.01 sys=0.00, real=0.00 secs] 
3082.782: [GC (Allocation Failure) [PSYoungGen: 61728K->1376K(61440K)] 480499K->420147K(559616K), 0.0038346 secs] [Times: user=0.02 sys=0.00, real=0.01 secs] 
3083.157: [GC (Allocation Failure) [PSYoungGen: 61280K->1453K(60928K)] 480051K->420224K(559104K), 0.0020897 secs] [Times: user=0.01 sys=0.00, real=0.00 secs] 
3083.313: [GC (Allocation Failure) [PSYoungGen: 60845K->1488K(60416K)] 479616K->420267K(558592K), 0.0022437 secs] [Times: user=0.01 sys=0.00, real=0.01 secs] 
3083.469: [GC (Allocation Failure) [PSYoungGen: 60368K->1485K(66048K)] 479147K->420272K(564224K), 0.0023724 secs] [Times: user=0.01 sys=0.00, real=0.00 secs] 
3083.615: [GC (Allocation Failure) [PSYoungGen: 65997K->1517K(66560K)] 484784K->420320K(564736K), 0.0017210 secs] [Times: user=0.01 sys=0.00, real=0.00 secs] 
3084.299: [GC (Allocation Failure) [PSYoungGen: 66029K->1440K(65536K)] 484832K->420243K(563712K), 0.0022559 secs] [Times: user=0.01 sys=0.00, real=0.00 secs] 
3084.612: [GC (Allocation Failure) [PSYoungGen: 65440K->1408K(65024K)] 484243K->420211K(563200K), 0.0020993 secs] [Times: user=0.01 sys=0.00, real=0.01 secs] 
3084.911: [GC (Allocation Failure) [PSYoungGen: 64896K->1440K(64512K)] 483699K->420243K(562688K), 0.0020796 secs] [Times: user=0.01 sys=0.00, real=0.01 secs] 
3085.250: [GC (Allocation Failure) [PSYoungGen: 64416K->1392K(64000K)] 483219K->420195K(562176K), 0.0024033 secs] [Times: user=0.01 sys=0.00, real=0.00 secs] 
3085.518: [GC (Allocation Failure) [PSYoungGen: 63856K->1421K(63488K)] 482659K->420224K(561664K), 0.0020435 secs] [Times: user=0.01 sys=0.00, real=0.00 secs] 
3085.637: [GC (Allocation Failure) [PSYoungGen: 63373K->1520K(62976K)] 482176K->420323K(561152K), 0.0018506 secs] [Times: user=0.01 sys=0.00, real=0.00 secs] 
3085.748: [GC (Allocation Failure) [PSYoungGen: 62960K->1453K(69632K)] 481763K->420264K(567808K), 0.0027628 secs] [Times: user=0.00 sys=0.01, real=0.00 secs] 
3085.874: [GC (Allocation Failure) [PSYoungGen: 69549K->1517K(70144K)] 488360K->420328K(568320K), 0.0018392 secs] [Times: user=0.01 sys=0.00, real=0.00 secs] 
3086.244: [GC (Allocation Failure) [PSYoungGen: 69613K->1472K(76800K)] 488424K->420283K(574976K), 0.0024121 secs] [Times: user=0.01 sys=0.00, real=0.00 secs] 
3086.779: [GC (Allocation Failure) [PSYoungGen: 76736K->1376K(76288K)] 495547K->420187K(574464K), 0.0020714 secs] [Times: user=0.01 sys=0.00, real=0.00 secs] 
3087.439: [GC (Allocation Failure) [PSYoungGen: 76128K->1344K(75776K)] 494939K->420155K(573952K), 0.0042282 secs] [Times: user=0.02 sys=0.00, real=0.01 secs] 
3088.082: [GC (Allocation Failure) [PSYoungGen: 75584K->1312K(75264K)] 494395K->420123K(573440K), 0.0035312 secs] [Times: user=0.01 sys=0.00, real=0.01 secs] 
3088.654: [GC (Allocation Failure) [PSYoungGen: 75040K->1485K(74752K)] 493851K->420296K(572928K), 0.0023138 secs] [Times: user=0.01 sys=0.00, real=0.00 secs] 
3088.808: [GC (Allocation Failure) [PSYoungGen: 74701K->1520K(74240K)] 493512K->420331K(572416K), 0.0016966 secs] [Times: user=0.01 sys=0.00, real=0.00 secs] 
3088.937: [GC (Allocation Failure) [PSYoungGen: 74224K->1549K(74240K)] 493035K->420360K(572416K), 0.0016298 secs] [Times: user=0.00 sys=0.00, real=0.00 secs] 
3089.064: [GC (Allocation Failure) [PSYoungGen: 73741K->1549K(73728K)] 492552K->420376K(571904K), 0.0017252 secs] [Times: user=0.01 sys=0.00, real=0.00 secs] 
3089.729: [GC (Allocation Failure) [PSYoungGen: 73229K->368K(71680K)] 492056K->420219K(569856K), 0.0022581 secs] [Times: user=0.01 sys=0.00, real=0.00 secs] 
3090.502: [GC (Allocation Failure) [PSYoungGen: 71536K->352K(72704K)] 491387K->420203K(570880K), 0.0022964 secs] [Times: user=0.01 sys=0.00, real=0.01 secs] 
3091.445: [GC (Allocation Failure) [PSYoungGen: 71008K->320K(72192K)] 490859K->420171K(570368K), 0.0033025 secs] [Times: user=0.01 sys=0.00, real=0.00 secs] 
3092.410: [GC (Allocation Failure) [PSYoungGen: 70464K->352K(70144K)] 490315K->420203K(568320K), 0.0033146 secs] [Times: user=0.02 sys=0.00, real=0.00 secs] 
3092.712: [GC (Allocation Failure) [PSYoungGen: 69984K->1488K(71168K)] 489835K->421339K(569344K), 0.0023514 secs] [Times: user=0.00 sys=0.00, real=0.01 secs] 
3092.846: [GC (Allocation Failure) [PSYoungGen: 70608K->1485K(70144K)] 490459K->421336K(568320K), 0.0018090 secs] [Times: user=0.01 sys=0.00, real=0.00 secs] 
3092.967: [GC (Allocation Failure) [PSYoungGen: 70072K->1453K(70144K)] 489923K->421304K(568320K), 0.0016947 secs] [Times: user=0.01 sys=0.00, real=0.00 secs] 
3093.452: [GC (Allocation Failure) [PSYoungGen: 69549K->1424K(69120K)] 489400K->421275K(567296K), 0.0026131 secs] [Times: user=0.01 sys=0.00, real=0.01 secs] 
3094.362: [GC (Allocation Failure) [PSYoungGen: 69008K->1344K(69120K)] 488859K->421195K(567296K), 0.0030953 secs] [Times: user=0.01 sys=0.00, real=0.01 secs] 
3095.375: [GC (Allocation Failure) [PSYoungGen: 68416K->1344K(68096K)] 488267K->421195K(566272K), 0.0037426 secs] [Times: user=0.02 sys=0.00, real=0.00 secs] 
3096.293: [GC (Allocation Failure) [PSYoungGen: 67904K->1344K(67584K)] 487755K->421195K(565760K), 0.0034121 secs] [Times: user=0.01 sys=0.00, real=0.00 secs] 
3097.386: [GC (Allocation Failure) [PSYoungGen: 67228K->240K(66048K)] 487079K->420107K(564224K), 0.0024502 secs] [Times: user=0.01 sys=0.00, real=0.00 secs] 
3097.580: [GC (Allocation Failure) [PSYoungGen: 65776K->1485K(67072K)] 485643K->421352K(565248K), 0.0025267 secs] [Times: user=0.01 sys=0.00, real=0.00 secs] 
3097.770: [GC (Allocation Failure) [PSYoungGen: 66509K->1485K(66048K)] 486376K->421352K(564224K), 0.0024530 secs] [Times: user=0.01 sys=0.00, real=0.00 secs] 
3097.910: [GC (Allocation Failure) [PSYoungGen: 65971K->1456K(66048K)] 485838K->421323K(564224K), 0.0017620 secs] [Times: user=0.00 sys=0.00, real=0.00 secs] 
3098.025: [GC (Allocation Failure) [PSYoungGen: 65456K->304K(66560K)] 485323K->420187K(564736K), 0.0016105 secs] [Times: user=0.01 sys=0.00, real=0.00 secs] 
3098.504: [GC (Allocation Failure) [PSYoungGen: 64304K->1360K(65024K)] 484187K->421243K(563200K), 0.0025990 secs] [Times: user=0.00 sys=0.01, real=0.00 secs] 
3099.010: [GC (Allocation Failure) [PSYoungGen: 64848K->1408K(64512K)] 484731K->421291K(562688K), 0.0024467 secs] [Times: user=0.01 sys=0.00, real=0.00 secs] 
3099.570: [GC (Allocation Failure) [PSYoungGen: 64384K->1328K(64000K)] 484267K->421211K(562176K), 0.0023664 secs] [Times: user=0.01 sys=0.01, real=0.00 secs] 
3100.077: [GC (Allocation Failure) [PSYoungGen: 63792K->1376K(63488K)] 483675K->421259K(561664K), 0.0022885 secs] [Times: user=0.01 sys=0.01, real=0.00 secs] 
3100.394: [GC (Allocation Failure) [PSYoungGen: 63328K->1437K(62976K)] 483211K->421320K(561152K), 0.0018091 secs] [Times: user=0.00 sys=0.00, real=0.00 secs] 
3100.503: [GC (Allocation Failure) [PSYoungGen: 62877K->1520K(62464K)] 482760K->421403K(560640K), 0.0017272 secs] [Times: user=0.00 sys=0.00, real=0.01 secs] 
3100.610: [GC (Allocation Failure) [PSYoungGen: 62448K->1453K(66560K)] 482331K->421344K(564736K), 0.0017722 secs] [Times: user=0.01 sys=0.00, real=0.00 secs] 
3100.726: [GC (Allocation Failure) [PSYoungGen: 65453K->1456K(66560K)] 485344K->421347K(564736K), 0.0017640 secs] [Times: user=0.01 sys=0.00, real=0.00 secs] 
3101.131: [GC (Allocation Failure) [PSYoungGen: 65456K->1456K(65024K)] 485347K->421347K(563200K), 0.0021192 secs] [Times: user=0.01 sys=0.00, real=0.00 secs] 
3101.925: [GC (Allocation Failure) [PSYoungGen: 64944K->1376K(64512K)] 484835K->421267K(562688K), 0.0045093 secs] [Times: user=0.01 sys=0.00, real=0.00 secs] 
3102.500: [GC (Allocation Failure) [PSYoungGen: 64352K->1344K(64000K)] 484243K->421235K(562176K), 0.0031802 secs] [Times: user=0.01 sys=0.00, real=0.00 secs] 
3103.030: [GC (Allocation Failure) [PSYoungGen: 63808K->1344K(63488K)] 483699K->421235K(561664K), 0.0028052 secs] [Times: user=0.01 sys=0.00, real=0.00 secs] 
3103.680: [GC (Allocation Failure) [PSYoungGen: 63296K->1344K(62976K)] 483187K->421235K(561152K), 0.0028968 secs] [Times: user=0.01 sys=0.01, real=0.01 secs] 
3103.877: [GC (Allocation Failure) [PSYoungGen: 62784K->1421K(62464K)] 482675K->421312K(560640K), 0.0020107 secs] [Times: user=0.00 sys=0.00, real=0.00 secs] 
3103.985: [GC (Allocation Failure) [PSYoungGen: 62349K->1501K(61952K)] 482240K->421392K(560128K), 0.0017478 secs] [Times: user=0.01 sys=0.00, real=0.00 secs] 
3104.091: [GC (Allocation Failure) [PSYoungGen: 61917K->1504K(68096K)] 481808K->421419K(566272K), 0.0017232 secs] [Times: user=0.01 sys=0.01, real=0.01 secs] 
3104.209: [GC (Allocation Failure) [PSYoungGen: 68064K->1485K(68608K)] 487979K->421400K(566784K), 0.0016638 secs] [Times: user=0.00 sys=0.00, real=0.00 secs] 
3104.981: [GC (Allocation Failure) [PSYoungGen: 68045K->1408K(67584K)] 487960K->421323K(565760K), 0.0025383 secs] [Times: user=0.01 sys=0.01, real=0.01 secs] 
3106.134: [GC (Allocation Failure) [PSYoungGen: 67456K->1344K(67072K)] 487371K->421259K(565248K), 0.0025446 secs] [Times: user=0.01 sys=0.00, real=0.00 secs] 
3106.687: [GC (Allocation Failure) [PSYoungGen: 66880K->1376K(66560K)] 486795K->421291K(564736K), 0.0023936 secs] [Times: user=0.01 sys=0.00, real=0.00 secs] 
3107.460: [GC (Allocation Failure) [PSYoungGen: 66400K->1376K(66048K)] 486315K->421291K(564224K), 0.0023428 secs] [Times: user=0.01 sys=0.00, real=0.00 secs] 
3107.934: [GC (Allocation Failure) [PSYoungGen: 65888K->1389K(65536K)] 485803K->421304K(563712K), 0.0022286 secs] [Times: user=0.01 sys=0.00, real=0.00 secs] 
3108.065: [GC (Allocation Failure) [PSYoungGen: 65389K->1501K(65024K)] 485304K->421416K(563200K), 0.0016627 secs] [Times: user=0.00 sys=0.00, real=0.00 secs] 
3108.177: [GC (Allocation Failure) [PSYoungGen: 64989K->1533K(64512K)] 484904K->421464K(562688K), 0.0017220 secs] [Times: user=0.01 sys=0.00, real=0.00 secs] 
3108.304: [GC (Allocation Failure) [PSYoungGen: 64509K->1424K(65024K)] 484440K->421355K(563200K), 0.0020059 secs] [Times: user=0.01 sys=0.00, real=0.00 secs] 
3108.850: [GC (Allocation Failure) [PSYoungGen: 64400K->1408K(64000K)] 484331K->421339K(562176K), 0.0028688 secs] [Times: user=0.01 sys=0.00, real=0.00 secs] 
3109.621: [GC (Allocation Failure) [PSYoungGen: 63872K->1376K(63488K)] 483803K->421307K(561664K), 0.0032717 secs] [Times: user=0.02 sys=0.00, real=0.01 secs] 
3110.361: [GC (Allocation Failure) [PSYoungGen: 63328K->1344K(62976K)] 483259K->421275K(561152K), 0.0029406 secs] [Times: user=0.01 sys=0.00, real=0.01 secs] 
3111.236: [GC (Allocation Failure) [PSYoungGen: 62784K->1376K(62464K)] 482715K->421307K(560640K), 0.0034131 secs] [Times: user=0.02 sys=0.00, real=0.00 secs] 
3112.279: [GC (Allocation Failure) [PSYoungGen: 62304K->1344K(61952K)] 482235K->421275K(560128K), 0.0033679 secs] [Times: user=0.02 sys=0.00, real=0.00 secs] 
3112.622: [GC (Allocation Failure) [PSYoungGen: 61760K->1456K(61440K)] 481691K->421387K(559616K), 0.0022825 secs] [Times: user=0.01 sys=0.00, real=0.01 secs] 
3112.742: [GC (Allocation Failure) [PSYoungGen: 61360K->1469K(60928K)] 481291K->421400K(559104K), 0.0017692 secs] [Times: user=0.00 sys=0.00, real=0.01 secs] 
3112.847: [GC (Allocation Failure) [PSYoungGen: 60861K->1501K(60416K)] 480792K->421440K(558592K), 0.0017800 secs] [Times: user=0.01 sys=0.00, real=0.00 secs] 
3112.952: [GC (Allocation Failure) [PSYoungGen: 60381K->1456K(60928K)] 480320K->421395K(559104K), 0.0016583 secs] [Times: user=0.00 sys=0.00, real=0.01 secs] 
3113.601: [GC (Allocation Failure) [PSYoungGen: 60336K->1456K(59904K)] 480275K->421395K(558080K), 0.0026547 secs] [Times: user=0.01 sys=0.00, real=0.01 secs] 
3114.001: [GC (Allocation Failure) [PSYoungGen: 59824K->1408K(59392K)] 479763K->421347K(557568K), 0.0023956 secs] [Times: user=0.01 sys=0.00, real=0.01 secs] 
3114.466: [GC (Allocation Failure) [PSYoungGen: 59264K->1376K(59392K)] 479203K->421315K(557568K), 0.0023098 secs] [Times: user=0.00 sys=0.00, real=0.00 secs] 
3114.914: [GC (Allocation Failure) [PSYoungGen: 59232K->1392K(59392K)] 479171K->421331K(557568K), 0.0024293 secs] [Times: user=0.01 sys=0.01, real=0.00 secs] 
3115.396: [GC (Allocation Failure) [PSYoungGen: 59248K->1344K(59392K)] 479187K->421283K(557568K), 0.0022718 secs] [Times: user=0.01 sys=0.00, real=0.00 secs] 
3115.753: [GC (Allocation Failure) [PSYoungGen: 59200K->1517K(59392K)] 479139K->421456K(557568K), 0.0018671 secs] [Times: user=0.01 sys=0.00, real=0.01 secs] 
3115.856: [GC (Allocation Failure) [PSYoungGen: 59373K->1501K(59392K)] 479312K->421464K(557568K), 0.0017248 secs] [Times: user=0.01 sys=0.00, real=0.00 secs] 
3115.958: [GC (Allocation Failure) [PSYoungGen: 59357K->1469K(63488K)] 479320K->421432K(561664K), 0.0017046 secs] [Times: user=0.00 sys=0.00, real=0.00 secs] 
3116.079: [GC (Allocation Failure) [PSYoungGen: 62909K->1469K(65536K)] 482872K->421432K(563712K), 0.0028654 secs] [Times: user=0.01 sys=0.00, real=0.00 secs] 
3116.280: [GC (Allocation Failure) [PSYoungGen: 64957K->1440K(65536K)] 484920K->421403K(563712K), 0.0020774 secs] [Times: user=0.01 sys=0.00, real=0.00 secs] 
3116.823: [GC (Allocation Failure) [PSYoungGen: 64928K->1360K(71168K)] 484891K->421323K(569344K), 0.0022475 secs] [Times: user=0.01 sys=0.00, real=0.01 secs] 
3117.567: [GC (Allocation Failure) [PSYoungGen: 70992K->1408K(70656K)] 490955K->421371K(568832K), 0.0029590 secs] [Times: user=0.00 sys=0.01, real=0.00 secs] 
3118.548: [GC (Allocation Failure) [PSYoungGen: 70528K->1344K(70144K)] 490491K->421307K(568320K), 0.0032607 secs] [Times: user=0.01 sys=0.00, real=0.00 secs] 
3119.875: [GC (Allocation Failure) [PSYoungGen: 69952K->1453K(69632K)] 489915K->421416K(567808K), 0.0034992 secs] [Times: user=0.01 sys=0.00, real=0.00 secs] 
3120.076: [GC (Allocation Failure) [PSYoungGen: 69549K->1485K(69120K)] 489512K->421448K(567296K), 0.0016669 secs] [Times: user=0.00 sys=0.01, real=0.00 secs] 
3120.214: [GC (Allocation Failure) [PSYoungGen: 69069K->1453K(68608K)] 489032K->421432K(566784K), 0.0018615 secs] [Times: user=0.00 sys=0.00, real=0.00 secs] 
3120.367: [GC (Allocation Failure) [PSYoungGen: 68496K->1453K(68096K)] 488475K->421432K(566272K), 0.0021716 secs] [Times: user=0.00 sys=0.00, real=0.00 secs] 
3120.787: [GC (Allocation Failure) [PSYoungGen: 68013K->1392K(67584K)] 487992K->421371K(565760K), 0.0027996 secs] [Times: user=0.01 sys=0.00, real=0.00 secs] 
3121.370: [GC (Allocation Failure) [PSYoungGen: 67440K->1376K(67072K)] 487419K->421355K(565248K), 0.0025316 secs] [Times: user=0.01 sys=0.00, real=0.00 secs] 
3121.928: [GC (Allocation Failure) [PSYoungGen: 66912K->1344K(66560K)] 486891K->421323K(564736K), 0.0025132 secs] [Times: user=0.01 sys=0.00, real=0.00 secs] 
3122.617: [GC (Allocation Failure) [PSYoungGen: 66368K->1376K(66048K)] 486347K->421355K(564224K), 0.0023595 secs] [Times: user=0.01 sys=0.00, real=0.00 secs] 
3123.411: [GC (Allocation Failure) [PSYoungGen: 65888K->1421K(65536K)] 485867K->421400K(563712K), 0.0034590 secs] [Times: user=0.01 sys=0.01, real=0.01 secs] 
3123.597: [GC (Allocation Failure) [PSYoungGen: 65421K->1517K(65024K)] 485400K->421496K(563200K), 0.0018260 secs] [Times: user=0.01 sys=0.00, real=0.00 secs] 
3123.710: [GC (Allocation Failure) [PSYoungGen: 65005K->1501K(64512K)] 484984K->421480K(562688K), 0.0017812 secs] [Times: user=0.01 sys=0.00, real=0.00 secs] 
3123.821: [GC (Allocation Failure) [PSYoungGen: 64477K->1488K(64000K)] 484456K->421475K(562176K), 0.0016543 secs] [Times: user=0.00 sys=0.00, real=0.00 secs] 
3123.951: [GC (Allocation Failure) [PSYoungGen: 63952K->1421K(64512K)] 483939K->421408K(562688K), 0.0020389 secs] [Times: user=0.01 sys=0.00, real=0.00 secs] 
3125.979: [GC (Allocation Failure) [PSYoungGen: 63885K->1408K(63488K)] 483872K->421395K(561664K), 0.0033496 secs] [Times: user=0.02 sys=0.00, real=0.00 secs] 
3126.997: [GC (Allocation Failure) [PSYoungGen: 63360K->1376K(62976K)] 483347K->421387K(561152K), 0.0073191 secs] [Times: user=0.02 sys=0.00, real=0.01 secs] 
3127.983: [GC (Allocation Failure) [PSYoungGen: 62816K->1344K(62464K)] 482827K->421355K(560640K), 0.0030286 secs] [Times: user=0.02 sys=0.00, real=0.00 secs] 
3128.480: [GC (Allocation Failure) [PSYoungGen: 62272K->1344K(61952K)] 482283K->421355K(560128K), 0.0028420 secs] [Times: user=0.01 sys=0.00, real=0.01 secs] 
3129.172: [GC (Allocation Failure) [PSYoungGen: 61760K->1389K(61440K)] 481771K->421400K(559616K), 0.0024464 secs] [Times: user=0.01 sys=0.00, real=0.01 secs] 
3129.318: [GC (Allocation Failure) [PSYoungGen: 61293K->1536K(61440K)] 481304K->421547K(559616K), 0.0018649 secs] [Times: user=0.01 sys=0.00, real=0.00 secs] 
3129.423: [GC (Allocation Failure) [PSYoungGen: 60928K->448K(59392K)] 480939K->421491K(557568K), 0.0017619 secs] [Times: user=0.01 sys=0.00, real=0.00 secs] 
3129.527: [GC (Allocation Failure) [PSYoungGen: 59328K->397K(67072K)] 480371K->421440K(565248K), 0.0016649 secs] [Times: user=0.00 sys=0.00, real=0.00 secs] 
3129.688: [GC (Allocation Failure) [PSYoungGen: 65421K->1712K(67072K)] 486464K->422755K(565248K), 0.0018797 secs] [Times: user=0.00 sys=0.00, real=0.00 secs] 
3130.105: [GC (Allocation Failure) [PSYoungGen: 66736K->1376K(66048K)] 487779K->422419K(564224K), 0.0022417 secs] [Times: user=0.01 sys=0.01, real=0.00 secs] 
3130.374: [GC (Allocation Failure) [PSYoungGen: 65888K->1376K(65536K)] 486931K->422427K(563712K), 0.0022259 secs] [Times: user=0.00 sys=0.00, real=0.00 secs] 
3130.640: [GC (Allocation Failure) [PSYoungGen: 65376K->1376K(65024K)] 486427K->422427K(563200K), 0.0022462 secs] [Times: user=0.01 sys=0.00, real=0.00 secs] 
3130.904: [GC (Allocation Failure) [PSYoungGen: 64864K->1376K(64512K)] 485915K->422427K(562688K), 0.0022024 secs] [Times: user=0.01 sys=0.00, real=0.00 secs] 
3131.089: [GC (Allocation Failure) [PSYoungGen: 64352K->1421K(64000K)] 485403K->422472K(562176K), 0.0018431 secs] [Times: user=0.01 sys=0.00, real=0.00 secs] 
3131.200: [GC (Allocation Failure) [PSYoungGen: 63885K->1501K(64512K)] 484936K->422552K(562688K), 0.0017190 secs] [Times: user=0.00 sys=0.00, real=0.00 secs] 
3131.311: [GC (Allocation Failure) [PSYoungGen: 63943K->1485K(64512K)] 484994K->422552K(562688K), 0.0016613 secs] [Times: user=0.01 sys=0.00, real=0.00 secs] 
3131.422: [GC (Allocation Failure) [PSYoungGen: 63949K->1533K(71168K)] 485016K->422600K(569344K), 0.0016712 secs] [Times: user=0.00 sys=0.00, real=0.01 secs] 
3132.074: [GC (Allocation Failure) [PSYoungGen: 70653K->1408K(71168K)] 491720K->422483K(569344K), 0.0025485 secs] [Times: user=0.01 sys=0.00, real=0.00 secs] 
3132.965: [GC (Allocation Failure) [PSYoungGen: 70528K->1408K(77824K)] 491603K->422515K(576000K), 0.0098932 secs] [Times: user=0.02 sys=0.03, real=0.01 secs] 
3133.987: [GC (Allocation Failure) [PSYoungGen: 77184K->1376K(76800K)] 498291K->422491K(574976K), 0.0025394 secs] [Times: user=0.01 sys=0.00, real=0.00 secs] 
3135.077: [GC (Allocation Failure) [PSYoungGen: 76640K->1328K(76288K)] 497755K->422443K(574464K), 0.0033512 secs] [Times: user=0.01 sys=0.00, real=0.00 secs] 
3135.523: [GC (Allocation Failure) [PSYoungGen: 76080K->1453K(75776K)] 497195K->422568K(573952K), 0.0021399 secs] [Times: user=0.01 sys=0.00, real=0.00 secs] 
3135.658: [GC (Allocation Failure) [PSYoungGen: 75693K->1485K(75264K)] 496808K->422600K(573440K), 0.0016948 secs] [Times: user=0.01 sys=0.00, real=0.00 secs] 
3135.807: [GC (Allocation Failure) [PSYoungGen: 75213K->1453K(74752K)] 496328K->422576K(572928K), 0.0020506 secs] [Times: user=0.01 sys=0.00, real=0.00 secs] 
3136.237: [GC (Allocation Failure) [PSYoungGen: 74669K->1424K(74240K)] 495792K->422547K(572416K), 0.0025496 secs] [Times: user=0.01 sys=0.00, real=0.00 secs] 
3137.032: [GC (Allocation Failure) [PSYoungGen: 74128K->1344K(73728K)] 495251K->422467K(571904K), 0.0025231 secs] [Times: user=0.01 sys=0.00, real=0.01 secs] 
3137.671: [GC (Allocation Failure) [PSYoungGen: 73536K->1344K(73216K)] 494659K->422467K(571392K), 0.0024393 secs] [Times: user=0.01 sys=0.00, real=0.01 secs] 
3138.471: [GC (Allocation Failure) [PSYoungGen: 73024K->1376K(72704K)] 494147K->422499K(570880K), 0.0024405 secs] [Times: user=0.01 sys=0.00, real=0.01 secs] 
3138.857: [GC (Allocation Failure) [PSYoungGen: 72544K->1389K(72192K)] 493667K->422512K(570368K), 0.0023578 secs] [Times: user=0.01 sys=0.00, real=0.00 secs] 
3139.059: [GC (Allocation Failure) [PSYoungGen: 72045K->1456K(71680K)] 493168K->422579K(569856K), 0.0020258 secs] [Times: user=0.01 sys=0.00, real=0.00 secs] 
3139.221: [GC (Allocation Failure) [PSYoungGen: 71600K->1453K(71168K)] 492723K->422576K(569344K), 0.0020743 secs] [Times: user=0.01 sys=0.00, real=0.00 secs] 
3139.376: [GC (Allocation Failure) [PSYoungGen: 71085K->1469K(70656K)] 492208K->422592K(568832K), 0.0020148 secs] [Times: user=0.01 sys=0.00, real=0.00 secs] 
3140.497: [GC (Allocation Failure) [PSYoungGen: 70589K->1408K(70144K)] 491712K->422531K(568320K), 0.0035984 secs] [Times: user=0.01 sys=0.00, real=0.00 secs] 
3141.146: [GC (Allocation Failure) [PSYoungGen: 70016K->1344K(69632K)] 491139K->422467K(567808K), 0.0032937 secs] [Times: user=0.01 sys=0.00, real=0.00 secs] 
3141.730: [GC (Allocation Failure) [PSYoungGen: 69440K->1344K(69120K)] 490563K->422467K(567296K), 0.0029593 secs] [Times: user=0.01 sys=0.00, real=0.00 secs] 
3142.125: [GC (Allocation Failure) [PSYoungGen: 68928K->1344K(68608K)] 490051K->422467K(566784K), 0.0023006 secs] [Times: user=0.00 sys=0.00, real=0.00 secs] 
3142.380: [GC (Allocation Failure) [PSYoungGen: 68416K->1472K(68096K)] 489539K->422595K(566272K), 0.0018929 secs] [Times: user=0.00 sys=0.00, real=0.00 secs] 
3142.497: [GC (Allocation Failure) [PSYoungGen: 68023K->1533K(67584K)] 489146K->422656K(565760K), 0.0017322 secs] [Times: user=0.01 sys=0.00, real=0.00 secs] 
3142.614: [GC (Allocation Failure) [PSYoungGen: 67581K->1469K(68096K)] 488704K->422592K(566272K), 0.0019144 secs] [Times: user=0.01 sys=0.00, real=0.00 secs] 
3142.732: [GC (Allocation Failure) [PSYoungGen: 67517K->1469K(68096K)] 488640K->422608K(566272K), 0.0016803 secs] [Times: user=0.00 sys=0.00, real=0.01 secs] 
3143.058: [GC (Allocation Failure) [PSYoungGen: 67517K->1424K(73728K)] 488656K->422563K(571904K), 0.0022535 secs] [Times: user=0.01 sys=0.00, real=0.00 secs] 
3143.358: [GC (Allocation Failure) [PSYoungGen: 73616K->1376K(73216K)] 494755K->422515K(571392K), 0.0020743 secs] [Times: user=0.01 sys=0.00, real=0.00 secs] 
3143.655: [GC (Allocation Failure) [PSYoungGen: 73056K->1344K(72704K)] 494195K->422499K(570880K), 0.0020268 secs] [Times: user=0.01 sys=0.00, real=0.00 secs] 
3143.951: [GC (Allocation Failure) [PSYoungGen: 72512K->1376K(72192K)] 493667K->422531K(570368K), 0.0020879 secs] [Times: user=0.01 sys=0.00, real=0.00 secs] 
3144.238: [GC (Allocation Failure) [PSYoungGen: 72032K->1453K(71680K)] 493187K->422608K(569856K), 0.0019282 secs] [Times: user=0.00 sys=0.00, real=0.00 secs] 
3144.362: [GC (Allocation Failure) [PSYoungGen: 71597K->1469K(71168K)] 492752K->422624K(569344K), 0.0016948 secs] [Times: user=0.00 sys=0.00, real=0.01 secs] 
3144.484: [GC (Allocation Failure) [PSYoungGen: 71101K->1469K(70656K)] 492256K->422624K(568832K), 0.0015846 secs] [Times: user=0.01 sys=0.00, real=0.00 secs] 
3144.606: [GC (Allocation Failure) [PSYoungGen: 69875K->256K(71168K)] 491030K->421411K(569344K), 0.0016770 secs] [Times: user=0.01 sys=0.00, real=0.00 secs] 
3145.132: [GC (Allocation Failure) [PSYoungGen: 69376K->1424K(70144K)] 490531K->422579K(568320K), 0.0021249 secs] [Times: user=0.01 sys=0.00, real=0.01 secs] 
3145.562: [GC (Allocation Failure) [PSYoungGen: 70032K->1360K(69632K)] 491187K->422515K(567808K), 0.0023199 secs] [Times: user=0.01 sys=0.00, real=0.01 secs] 
3146.290: [GC (Allocation Failure) [PSYoungGen: 69456K->1376K(69120K)] 490611K->422531K(567296K), 0.0021260 secs] [Times: user=0.01 sys=0.00, real=0.00 secs] 
3147.157: [GC (Allocation Failure) [PSYoungGen: 68960K->1344K(68608K)] 490115K->422499K(566784K), 0.0032160 secs] [Times: user=0.01 sys=0.00, real=0.00 secs] 
3147.437: [GC (Allocation Failure) [PSYoungGen: 68416K->1469K(68096K)] 489571K->422624K(566272K), 0.0023693 secs] [Times: user=0.01 sys=0.00, real=0.00 secs] 
3147.615: [GC (Allocation Failure) [PSYoungGen: 68029K->1485K(67584K)] 489184K->422640K(565760K), 0.0023041 secs] [Times: user=0.01 sys=0.00, real=0.00 secs] 
3147.789: [GC (Allocation Failure) [PSYoungGen: 67533K->1485K(67072K)] 488688K->422640K(565248K), 0.0023534 secs] [Times: user=0.01 sys=0.00, real=0.00 secs] 
3147.941: [GC (Allocation Failure) [PSYoungGen: 67021K->160K(65536K)] 488176K->421323K(563712K), 0.0017631 secs] [Times: user=0.00 sys=0.00, real=0.00 secs] 
3149.802: [GC (Allocation Failure) [PSYoungGen: 65184K->1344K(66048K)] 486347K->422507K(564224K), 0.0045802 secs] [Times: user=0.01 sys=0.00, real=0.01 secs] 
3150.539: [GC (Allocation Failure) [PSYoungGen: 65856K->1376K(65536K)] 487019K->422539K(563712K), 0.0025782 secs] [Times: user=0.00 sys=0.00, real=0.00 secs] 
3150.836: [GC (Allocation Failure) [PSYoungGen: 65376K->1376K(65024K)] 486539K->422539K(563200K), 0.0021202 secs] [Times: user=0.01 sys=0.00, real=0.00 secs] 
3151.203: [GC (Allocation Failure) [PSYoungGen: 64864K->1344K(64512K)] 486027K->422507K(562688K), 0.0025217 secs] [Times: user=0.01 sys=0.00, real=0.01 secs] 
3151.515: [GC (Allocation Failure) [PSYoungGen: 64320K->1485K(64000K)] 485483K->422648K(562176K), 0.0017239 secs] [Times: user=0.01 sys=0.00, real=0.00 secs] 
3151.625: [GC (Allocation Failure) [PSYoungGen: 63949K->1437K(63488K)] 485112K->422600K(561664K), 0.0017329 secs] [Times: user=0.01 sys=0.00, real=0.00 secs] 
3151.734: [GC (Allocation Failure) [PSYoungGen: 63389K->1501K(69632K)] 484552K->422672K(567808K), 0.0017820 secs] [Times: user=0.00 sys=0.00, real=0.00 secs] 
3151.854: [GC (Allocation Failure) [PSYoungGen: 69597K->1469K(70144K)] 490768K->422640K(568320K), 0.0015591 secs] [Times: user=0.01 sys=0.00, real=0.00 secs] 
3152.349: [GC (Allocation Failure) [PSYoungGen: 69565K->1424K(69120K)] 490736K->422595K(567296K), 0.0023303 secs] [Times: user=0.01 sys=0.00, real=0.00 secs] 
3152.899: [GC (Allocation Failure) [PSYoungGen: 69008K->1376K(68608K)] 490179K->422547K(566784K), 0.0027315 secs] [Times: user=0.01 sys=0.00, real=0.00 secs] 
3153.439: [GC (Allocation Failure) [PSYoungGen: 68448K->1328K(68096K)] 489619K->422499K(566272K), 0.0025792 secs] [Times: user=0.01 sys=0.00, real=0.00 secs] 
3154.043: [GC (Allocation Failure) [PSYoungGen: 67888K->1392K(67584K)] 489059K->422563K(565760K), 0.0030488 secs] [Times: user=0.01 sys=0.00, real=0.01 secs] 
3154.445: [GC (Allocation Failure) [PSYoungGen: 67440K->1405K(67072K)] 488611K->422576K(565248K), 0.0024405 secs] [Times: user=0.01 sys=0.00, real=0.00 secs] 
3154.589: [GC (Allocation Failure) [PSYoungGen: 66941K->1517K(66560K)] 488112K->422688K(564736K), 0.0017142 secs] [Times: user=0.00 sys=0.00, real=0.00 secs] 
3154.703: [GC (Allocation Failure) [PSYoungGen: 66541K->1485K(66048K)] 487712K->422656K(564224K), 0.0016200 secs] [Times: user=0.01 sys=0.00, real=0.00 secs] 
3154.817: [GC (Allocation Failure) [PSYoungGen: 65997K->1472K(72192K)] 487168K->422659K(570368K), 0.0015556 secs] [Times: user=0.00 sys=0.00, real=0.00 secs] 
3155.139: [GC (Allocation Failure) [PSYoungGen: 72128K->1408K(71680K)] 493315K->422595K(569856K), 0.0020200 secs] [Times: user=0.01 sys=0.00, real=0.00 secs] 
3155.431: [GC (Allocation Failure) [PSYoungGen: 71552K->1376K(71168K)] 492739K->422563K(569344K), 0.0019104 secs] [Times: user=0.01 sys=0.00, real=0.00 secs] 
3155.744: [GC (Allocation Failure) [PSYoungGen: 71008K->1376K(70656K)] 492195K->422563K(568832K), 0.0019274 secs] [Times: user=0.00 sys=0.00, real=0.00 secs] 
3156.289: [GC (Allocation Failure) [PSYoungGen: 70496K->1344K(70144K)] 491683K->422531K(568320K), 0.0020633 secs] [Times: user=0.01 sys=0.00, real=0.00 secs] 
3156.710: [GC (Allocation Failure) [PSYoungGen: 69952K->1421K(69632K)] 491139K->422608K(567808K), 0.0022598 secs] [Times: user=0.01 sys=0.00, real=0.00 secs] 
3156.878: [GC (Allocation Failure) [PSYoungGen: 69498K->1504K(69120K)] 490685K->422691K(567296K), 0.0027699 secs] [Times: user=0.01 sys=0.00, real=0.00 secs] 
3157.039: [GC (Allocation Failure) [PSYoungGen: 69088K->1488K(68608K)] 490275K->422675K(566784K), 0.0018620 secs] [Times: user=0.01 sys=0.00, real=0.00 secs] 
3157.158: [GC (Allocation Failure) [PSYoungGen: 68560K->1485K(69120K)] 489747K->422688K(567296K), 0.0020672 secs] [Times: user=0.01 sys=0.00, real=0.00 secs] 
3157.740: [GC (Allocation Failure) [PSYoungGen: 68557K->1424K(68096K)] 489760K->422627K(566272K), 0.0035379 secs] [Times: user=0.02 sys=0.00, real=0.01 secs] 
3158.641: [GC (Allocation Failure) [PSYoungGen: 67984K->1392K(67584K)] 489187K->422595K(565760K), 0.0034789 secs] [Times: user=0.02 sys=0.00, real=0.01 secs] 
3159.551: [GC (Allocation Failure) [PSYoungGen: 67440K->1344K(67072K)] 488643K->422547K(565248K), 0.0044747 secs] [Times: user=0.02 sys=0.00, real=0.01 secs] 
3160.497: [GC (Allocation Failure) [PSYoungGen: 66880K->1344K(66560K)] 488083K->422547K(564736K), 0.0047660 secs] [Times: user=0.02 sys=0.00, real=0.00 secs] 
3161.180: [GC (Allocation Failure) [PSYoungGen: 66368K->1453K(66048K)] 487571K->422656K(564224K), 0.0028903 secs] [Times: user=0.01 sys=0.00, real=0.00 secs] 
3161.351: [GC (Allocation Failure) [PSYoungGen: 65965K->1485K(65536K)] 487168K->422688K(563712K), 0.0015857 secs] [Times: user=0.01 sys=0.00, real=0.00 secs] 
3161.464: [GC (Allocation Failure) [PSYoungGen: 65477K->1517K(65024K)] 486680K->422720K(563200K), 0.0016877 secs] [Times: user=0.01 sys=0.00, real=0.00 secs] 
3161.576: [GC (Allocation Failure) [PSYoungGen: 65005K->1469K(71168K)] 486208K->422680K(569344K), 0.0016883 secs] [Times: user=0.01 sys=0.00, real=0.00 secs] 
3161.939: [GC (Allocation Failure) [PSYoungGen: 71101K->1408K(70656K)] 492312K->422619K(568832K), 0.0020647 secs] [Times: user=0.00 sys=0.00, real=0.00 secs] 
3162.601: [GC (Allocation Failure) [PSYoungGen: 70528K->1376K(70144K)] 491739K->422587K(568320K), 0.0028591 secs] [Times: user=0.00 sys=0.01, real=0.01 secs] 
3163.214: [GC (Allocation Failure) [PSYoungGen: 69984K->1376K(69632K)] 491195K->422587K(567808K), 0.0034428 secs] [Times: user=0.01 sys=0.00, real=0.00 secs] 
3163.809: [GC (Allocation Failure) [PSYoungGen: 69472K->1344K(69120K)] 490683K->422555K(567296K), 0.0034218 secs] [Times: user=0.01 sys=0.00, real=0.00 secs] 
3164.518: [GC (Allocation Failure) [PSYoungGen: 68902K->1421K(68608K)] 490113K->422632K(566784K), 0.0034249 secs] [Times: user=0.01 sys=0.00, real=0.00 secs] 
3164.726: [GC (Allocation Failure) [PSYoungGen: 68493K->1453K(68096K)] 489704K->422664K(566272K), 0.0021625 secs] [Times: user=0.00 sys=0.00, real=0.00 secs] 
3164.845: [GC (Allocation Failure) [PSYoungGen: 68013K->1469K(67584K)] 489224K->422680K(565760K), 0.0016146 secs] [Times: user=0.01 sys=0.00, real=0.00 secs] 
3164.962: [GC (Allocation Failure) [PSYoungGen: 67517K->1533K(68608K)] 488728K->422752K(566784K), 0.0018004 secs] [Times: user=0.00 sys=0.00, real=0.01 secs] 
3165.433: [GC (Allocation Failure) [PSYoungGen: 68093K->1440K(67584K)] 489312K->422683K(565760K), 0.0032146 secs] [Times: user=0.01 sys=0.00, real=0.01 secs] 
3166.520: [GC (Allocation Failure) [PSYoungGen: 67488K->1328K(67072K)] 488731K->422571K(565248K), 0.0045076 secs] [Times: user=0.01 sys=0.00, real=0.01 secs] 
3167.442: [GC (Allocation Failure) [PSYoungGen: 66864K->1344K(66560K)] 488107K->422587K(564736K), 0.0025745 secs] [Times: user=0.01 sys=0.00, real=0.01 secs] 
3168.376: [GC (Allocation Failure) [PSYoungGen: 66368K->1376K(66048K)] 487611K->422619K(564224K), 0.0039586 secs] [Times: user=0.01 sys=0.00, real=0.00 secs] 
3169.617: [GC (Allocation Failure) [PSYoungGen: 65888K->1453K(65536K)] 487131K->422696K(563712K), 0.0028222 secs] [Times: user=0.01 sys=0.00, real=0.00 secs] 
3169.836: [GC (Allocation Failure) [PSYoungGen: 65453K->1485K(65024K)] 486696K->422728K(563200K), 0.0023724 secs] [Times: user=0.01 sys=0.00, real=0.00 secs] 
3169.972: [GC (Allocation Failure) [PSYoungGen: 64973K->1485K(64512K)] 486216K->422728K(562688K), 0.0017116 secs] [Times: user=0.01 sys=0.00, real=0.01 secs] 
3170.082: [GC (Allocation Failure) [PSYoungGen: 64461K->1517K(64000K)] 485704K->422768K(562176K), 0.0017773 secs] [Times: user=0.01 sys=0.00, real=0.01 secs] 
3170.195: [GC (Allocation Failure) [PSYoungGen: 63783K->256K(70144K)] 485034K->421507K(568320K), 0.0016297 secs] [Times: user=0.01 sys=0.00, real=0.00 secs] 
3170.698: [GC (Allocation Failure) [PSYoungGen: 68864K->1376K(69632K)] 490115K->422627K(567808K), 0.0029333 secs] [Times: user=0.01 sys=0.00, real=0.00 secs] 
3171.314: [GC (Allocation Failure) [PSYoungGen: 69472K->1344K(69120K)] 490723K->422595K(567296K), 0.0024023 secs] [Times: user=0.00 sys=0.00, real=0.00 secs] 
3171.904: [GC (Allocation Failure) [PSYoungGen: 68928K->1360K(68608K)] 490179K->422611K(566784K), 0.0043227 secs] [Times: user=0.01 sys=0.00, real=0.00 secs] 
3172.562: [GC (Allocation Failure) [PSYoungGen: 68432K->1376K(68096K)] 489683K->422627K(566272K), 0.0035033 secs] [Times: user=0.01 sys=0.00, real=0.01 secs] 
3172.843: [GC (Allocation Failure) [PSYoungGen: 67936K->1485K(67584K)] 489187K->422736K(565760K), 0.0021150 secs] [Times: user=0.01 sys=0.00, real=0.00 secs] 
3172.969: [GC (Allocation Failure) [PSYoungGen: 67533K->1469K(67072K)] 488784K->422720K(565248K), 0.0017465 secs] [Times: user=0.00 sys=0.01, real=0.00 secs] 
3173.104: [GC (Allocation Failure) [PSYoungGen: 67005K->1453K(67584K)] 488256K->422720K(565760K), 0.0020258 secs] [Times: user=0.00 sys=0.00, real=0.00 secs] 
3173.251: [GC (Allocation Failure) [PSYoungGen: 66989K->1565K(73728K)] 488256K->422832K(571904K), 0.0022776 secs] [Times: user=0.01 sys=0.00, real=0.01 secs] 
3174.093: [GC (Allocation Failure) [PSYoungGen: 73245K->1376K(72704K)] 494512K->422643K(570880K), 0.0027247 secs] [Times: user=0.01 sys=0.00, real=0.00 secs] 
3174.711: [GC (Allocation Failure) [PSYoungGen: 72544K->1344K(72192K)] 493811K->422627K(570368K), 0.0030619 secs] [Times: user=0.01 sys=0.00, real=0.01 secs] 
3175.300: [GC (Allocation Failure) [PSYoungGen: 72000K->1344K(71680K)] 493283K->422627K(569856K), 0.0031606 secs] [Times: user=0.01 sys=0.00, real=0.01 secs] 
3176.108: [GC (Allocation Failure) [PSYoungGen: 71488K->1376K(71168K)] 492771K->422659K(569344K), 0.0030005 secs] [Times: user=0.01 sys=0.00, real=0.00 secs] 
3176.342: [GC (Allocation Failure) [PSYoungGen: 71008K->1453K(70656K)] 492291K->422736K(568832K), 0.0016753 secs] [Times: user=0.01 sys=0.00, real=0.01 secs] 
3176.465: [GC (Allocation Failure) [PSYoungGen: 70573K->1517K(70144K)] 491856K->422800K(568320K), 0.0017861 secs] [Times: user=0.01 sys=0.00, real=0.00 secs] 
3176.585: [GC (Allocation Failure) [PSYoungGen: 70105K->1517K(69632K)] 491388K->422808K(567808K), 0.0017811 secs] [Times: user=0.01 sys=0.00, real=0.00 secs] 
3177.022: [GC (Allocation Failure) [PSYoungGen: 69613K->1440K(69120K)] 490904K->422731K(567296K), 0.0030401 secs] [Times: user=0.01 sys=0.00, real=0.01 secs] 
3177.713: [GC (Allocation Failure) [PSYoungGen: 69024K->1344K(68608K)] 490315K->422635K(566784K), 0.0045259 secs] [Times: user=0.01 sys=0.00, real=0.00 secs] 
3178.418: [GC (Allocation Failure) [PSYoungGen: 68416K->1376K(68096K)] 489707K->422667K(566272K), 0.0028991 secs] [Times: user=0.01 sys=0.00, real=0.00 secs] 
3179.098: [GC (Allocation Failure) [PSYoungGen: 67936K->1360K(67584K)] 489227K->422651K(565760K), 0.0025545 secs] [Times: user=0.01 sys=0.00, real=0.00 secs] 
3179.875: [GC (Allocation Failure) [PSYoungGen: 67408K->1456K(67072K)] 488699K->422747K(565248K), 0.0022830 secs] [Times: user=0.01 sys=0.00, real=0.00 secs] 
3180.023: [GC (Allocation Failure) [PSYoungGen: 66992K->1437K(66560K)] 488283K->422728K(564736K), 0.0016948 secs] [Times: user=0.00 sys=0.00, real=0.00 secs] 
3180.153: [GC (Allocation Failure) [PSYoungGen: 66461K->1485K(66048K)] 487752K->422776K(564224K), 0.0021589 secs] [Times: user=0.01 sys=0.00, real=0.01 secs] 
3180.312: [GC (Allocation Failure) [PSYoungGen: 65997K->1501K(66560K)] 487288K->422792K(564736K), 0.0023429 secs] [Times: user=0.01 sys=0.01, real=0.01 secs] 
3180.625: [GC (Allocation Failure) [PSYoungGen: 66013K->1712K(66048K)] 487304K->423003K(564224K), 0.0021278 secs] [Times: user=0.01 sys=0.00, real=0.00 secs] 
3181.408: [GC (Allocation Failure) [PSYoungGen: 65712K->1360K(65024K)] 487003K->422651K(563200K), 0.0034161 secs] [Times: user=0.01 sys=0.00, real=0.00 secs] 
3182.026: [GC (Allocation Failure) [PSYoungGen: 64848K->320K(63488K)] 486139K->422635K(561664K), 0.0025075 secs] [Times: user=0.01 sys=0.00, real=0.00 secs] 
3182.627: [GC (Allocation Failure) [PSYoungGen: 63296K->320K(64512K)] 485611K->422635K(562688K), 0.0030172 secs] [Times: user=0.01 sys=0.00, real=0.00 secs] 
3183.054: [GC (Allocation Failure) [PSYoungGen: 62784K->320K(62464K)] 485099K->422635K(560640K), 0.0022473 secs] [Times: user=0.01 sys=0.00, real=0.00 secs] 
3183.311: [GC (Allocation Failure) [PSYoungGen: 62272K->1469K(64000K)] 484587K->423784K(562176K), 0.0016427 secs] [Times: user=0.01 sys=0.00, real=0.00 secs] 
3183.420: [GC (Allocation Failure) [PSYoungGen: 62909K->1501K(62464K)] 485224K->423816K(560640K), 0.0016249 secs] [Times: user=0.00 sys=0.00, real=0.00 secs] 
3183.528: [GC (Allocation Failure) [PSYoungGen: 62429K->1501K(61952K)] 484744K->423824K(560128K), 0.0017387 secs] [Times: user=0.01 sys=0.00, real=0.00 secs] 
3183.637: [GC (Allocation Failure) [PSYoungGen: 61917K->1485K(67072K)] 484240K->423808K(565248K), 0.0016544 secs] [Times: user=0.01 sys=0.00, real=0.00 secs] 
3184.139: [GC (Allocation Failure) [PSYoungGen: 65997K->1376K(65536K)] 488320K->423715K(563712K), 0.0020761 secs] [Times: user=0.01 sys=0.00, real=0.00 secs] 
3184.716: [GC (Allocation Failure) [PSYoungGen: 65376K->1312K(65024K)] 487715K->423651K(563200K), 0.0039724 secs] [Times: user=0.01 sys=0.00, real=0.00 secs] 
3185.266: [GC (Allocation Failure) [PSYoungGen: 64800K->1344K(64512K)] 487139K->423683K(562688K), 0.0032303 secs] [Times: user=0.01 sys=0.00, real=0.00 secs] 
3185.635: [GC (Allocation Failure) [PSYoungGen: 64320K->1469K(64000K)] 486659K->423808K(562176K), 0.0023104 secs] [Times: user=0.01 sys=0.00, real=0.00 secs] 
3185.748: [GC (Allocation Failure) [PSYoungGen: 63933K->1421K(65024K)] 486272K->423760K(563200K), 0.0021121 secs] [Times: user=0.00 sys=0.00, real=0.00 secs] 
3185.825: [GC (Allocation Failure) [PSYoungGen: 64397K->1517K(70656K)] 486736K->423856K(568832K), 0.0016216 secs] [Times: user=0.00 sys=0.00, real=0.00 secs] 
3185.917: [GC (Allocation Failure) [PSYoungGen: 70125K->1552K(70656K)] 492464K->423907K(568832K), 0.0019647 secs] [Times: user=0.01 sys=0.00, real=0.00 secs] 
3186.907: [GC (Allocation Failure) [PSYoungGen: 70160K->1792K(77824K)] 492515K->424155K(576000K), 0.0056017 secs] [Times: user=0.03 sys=0.01, real=0.00 secs] 
3190.197: [GC (Allocation Failure) [PSYoungGen: 77568K->2544K(78336K)] 499931K->430744K(576512K), 0.0083152 secs] [Times: user=0.03 sys=0.01, real=0.01 secs] 
3196.117: [GC (Allocation Failure) [PSYoungGen: 78320K->4592K(78336K)] 506520K->455745K(576512K), 0.0435456 secs] [Times: user=0.21 sys=0.03, real=0.04 secs] 
3202.084: [GC (Allocation Failure) [PSYoungGen: 78320K->13792K(87040K)] 529473K->490760K(585216K), 0.0404309 secs] [Times: user=0.20 sys=0.03, real=0.04 secs] 
3202.251: [GC (Allocation Failure) [PSYoungGen: 87008K->26080K(86528K)] 563976K->524424K(587264K), 0.0328169 secs] [Times: user=0.13 sys=0.07, real=0.04 secs] 
3202.284: [Full GC (Ergonomics) [PSYoungGen: 26080K->0K(86528K)] [ParOldGen: 498344K->109883K(428032K)] 524424K->109883K(514560K), [Metaspace: 59871K->59770K(1105920K)], 0.2619409 secs] [Times: user=1.14 sys=0.02, real=0.26 secs] 
3203.697: [GC (Allocation Failure) [PSYoungGen: 60416K->31456K(99328K)] 170299K->141339K(527360K), 0.0286390 secs] [Times: user=0.16 sys=0.00, real=0.03 secs] 
3206.019: [GC (Allocation Failure) [PSYoungGen: 91872K->43488K(100864K)] 201755K->169491K(528896K), 0.0619020 secs] [Times: user=0.29 sys=0.07, real=0.06 secs] 
3208.191: [GC (Allocation Failure) [PSYoungGen: 100832K->57312K(114688K)] 226835K->196091K(542720K), 0.0320783 secs] [Times: user=0.19 sys=0.00, real=0.03 secs] 
3209.870: [GC (Allocation Failure) [PSYoungGen: 114656K->72672K(122880K)] 253435K->222339K(550912K), 0.0775351 secs] [Times: user=0.35 sys=0.07, real=0.08 secs] 
3212.817: [GC (Allocation Failure) [PSYoungGen: 122848K->89568K(139776K)] 272515K->245331K(567808K), 0.0713701 secs] [Times: user=0.42 sys=0.01, real=0.07 secs] 
3217.678: [GC (Allocation Failure) [PSYoungGen: 137936K->108000K(134144K)] 293700K->297917K(562176K), 0.0538044 secs] [Times: user=0.18 sys=0.14, real=0.05 secs] 
3217.861: [GC (Allocation Failure) [PSYoungGen: 134112K->60733K(166400K)] 324029K->261275K(594432K), 0.0262055 secs] [Times: user=0.15 sys=0.00, real=0.03 secs] 
3217.939: [GC (Allocation Failure) [PSYoungGen: 86845K->13216K(162304K)] 287387K->261285K(590336K), 0.0250061 secs] [Times: user=0.14 sys=0.00, real=0.03 secs] 
3218.034: [GC (Allocation Failure) [PSYoungGen: 44960K->2352K(164864K)] 293029K->263654K(592896K), 0.0184156 secs] [Times: user=0.11 sys=0.00, real=0.01 secs] 
3218.082: [GC (Allocation Failure) [PSYoungGen: 34096K->8000K(162816K)] 295398K->271506K(590848K), 0.0030626 secs] [Times: user=0.01 sys=0.00, real=0.01 secs] 
3218.777: [GC (Allocation Failure) [PSYoungGen: 46398K->14624K(166400K)] 309905K->285466K(594432K), 0.0115017 secs] [Times: user=0.06 sys=0.00, real=0.01 secs] 
3218.840: [GC (Allocation Failure) [PSYoungGen: 53024K->17760K(158208K)] 323866K->301791K(586240K), 0.0132759 secs] [Times: user=0.07 sys=0.00, real=0.02 secs] 
3218.917: [GC (Allocation Failure) [PSYoungGen: 63840K->22592K(163328K)] 347871K->322239K(591360K), 0.0143074 secs] [Times: user=0.08 sys=0.00, real=0.01 secs] 
3218.967: [GC (Allocation Failure) [PSYoungGen: 68672K->21984K(154112K)] 368319K->344151K(582144K), 0.0142185 secs] [Times: user=0.08 sys=0.00, real=0.01 secs] 
3219.015: [GC (Allocation Failure) [PSYoungGen: 77280K->29408K(159744K)] 399447K->373467K(587776K), 0.0171626 secs] [Times: user=0.10 sys=0.00, real=0.01 secs] 
3219.071: [GC (Allocation Failure) [PSYoungGen: 84704K->26608K(152576K)] 428763K->408235K(580608K), 0.0166967 secs] [Times: user=0.09 sys=0.00, real=0.02 secs] 
3219.134: [GC (Allocation Failure) [PSYoungGen: 93168K->32208K(158208K)] 474795K->440403K(586240K), 0.0756786 secs] [Times: user=0.45 sys=0.00, real=0.07 secs] 
3219.210: [Full GC (Ergonomics) [PSYoungGen: 32208K->0K(158208K)] [ParOldGen: 408195K->178719K(521728K)] 440403K->178719K(679936K), [Metaspace: 59992K->59992K(1105920K)], 0.3949788 secs] [Times: user=1.68 sys=0.00, real=0.40 secs] 
3219.641: [GC (Allocation Failure) [PSYoungGen: 66560K->39456K(160768K)] 245279K->218175K(682496K), 0.0154899 secs] [Times: user=0.09 sys=0.00, real=0.02 secs] 
3221.013: [GC (Allocation Failure) [PSYoungGen: 118816K->35296K(163328K)] 297535K->253367K(685056K), 0.0371343 secs] [Times: user=0.21 sys=0.00, real=0.03 secs] 
3221.936: [GC (Allocation Failure) [PSYoungGen: 114656K->8608K(172544K)] 332727K->261927K(694272K), 0.0557020 secs] [Times: user=0.33 sys=0.00, real=0.05 secs] 
3222.088: [GC (GCLocker Initiated GC) [PSYoungGen: 102816K->21760K(173568K)] 356135K->283591K(695296K), 0.0125638 secs] [Times: user=0.07 sys=0.00, real=0.01 secs] 
3222.166: [GC (Allocation Failure) [PSYoungGen: 115968K->42560K(187904K)] 377850K->324607K(709632K), 0.0155342 secs] [Times: user=0.08 sys=0.01, real=0.01 secs] 
3222.256: [GC (Allocation Failure) [PSYoungGen: 154688K->56000K(187904K)] 436735K->376039K(709632K), 0.0243124 secs] [Times: user=0.14 sys=0.00, real=0.02 secs] 
3222.499: [GC (Allocation Failure) [PSYoungGen: 168128K->52960K(211968K)] 488167K->428747K(733696K), 0.0570669 secs] [Times: user=0.31 sys=0.02, real=0.06 secs] 
3225.030: [GC (Allocation Failure) [PSYoungGen: 184032K->67136K(214528K)] 559819K->495855K(736256K), 0.1079440 secs] [Times: user=0.64 sys=0.01, real=0.11 secs] 
3229.070: [GC (Allocation Failure) [PSYoungGen: 198208K->18096K(241664K)] 626927K->513896K(763392K), 0.0405813 secs] [Times: user=0.21 sys=0.03, real=0.04 secs] 
3229.110: [Full GC (Ergonomics) [PSYoungGen: 18096K->0K(241664K)] [ParOldGen: 495799K->18103K(407552K)] 513896K->18103K(649216K), [Metaspace: 60002K->60002K(1105920K)], 0.0307334 secs] [Times: user=0.07 sys=0.01, real=0.03 secs] 
3229.396: [GC (Allocation Failure) [PSYoungGen: 155136K->60224K(244224K)] 173239K->78327K(651776K), 0.0214851 secs] [Times: user=0.12 sys=0.00, real=0.02 secs] 
3229.718: [GC (GCLocker Initiated GC) [PSYoungGen: 215360K->76192K(267776K)] 233463K->149944K(675328K), 0.0682008 secs] [Times: user=0.33 sys=0.08, real=0.07 secs] 
3234.240: [GC (Allocation Failure) [PSYoungGen: 251296K->89088K(276480K)] 325050K->230718K(684032K), 0.1199457 secs] [Times: user=0.71 sys=0.01, real=0.12 secs] 
3237.425: [GC (Allocation Failure) [PSYoungGen: 264192K->34496K(309760K)] 405822K->264894K(717312K), 0.0420074 secs] [Times: user=0.25 sys=0.00, real=0.04 secs] 
3237.713: [GC (Allocation Failure) [PSYoungGen: 241344K->92192K(314880K)] 471742K->355759K(722432K), 0.0355614 secs] [Times: user=0.20 sys=0.01, real=0.04 secs] 
3238.263: [GC (Allocation Failure) [PSYoungGen: 299040K->105424K(350208K)] 562607K->452815K(757760K), 0.1605081 secs] [Times: user=0.49 sys=0.33, real=0.16 secs] 
3238.424: [Full GC (Ergonomics) [PSYoungGen: 105424K->0K(350208K)] [ParOldGen: 347391K->210827K(645120K)] 452815K->210827K(995328K), [Metaspace: 60003K->60003K(1105920K)], 0.4911335 secs] [Times: user=2.30 sys=0.00, real=0.49 secs] 
3240.596: [GC (Allocation Failure) [PSYoungGen: 230912K->59088K(363520K)] 441739K->269916K(1008640K), 0.1249201 secs] [Times: user=0.74 sys=0.01, real=0.12 secs] 
3240.935: [GC (Allocation Failure) [PSYoungGen: 290000K->106720K(385536K)] 500828K->374643K(1030656K), 0.0414735 secs] [Times: user=0.19 sys=0.06, real=0.04 secs] 
3241.265: [GC (Allocation Failure) [PSYoungGen: 364111K->137696K(396800K)] 632034K->527963K(1041920K), 0.0610850 secs] [Times: user=0.35 sys=0.01, real=0.06 secs] 
3242.856: [GC (GCLocker Initiated GC) [PSYoungGen: 396768K->66704K(498176K)] 787035K->560592K(1143296K), 0.1098428 secs] [Times: user=0.48 sys=0.18, real=0.11 secs] 
3243.355: [GC (Allocation Failure) [PSYoungGen: 367760K->143776K(444928K)] 861650K->698714K(1090048K), 0.0660586 secs] [Times: user=0.38 sys=0.02, real=0.06 secs] 
3243.421: [Full GC (Ergonomics) [PSYoungGen: 143776K->0K(444928K)] [ParOldGen: 554938K->219644K(705024K)] 698714K->219644K(1149952K), [Metaspace: 60016K->60016K(1105920K)], 0.4976896 secs] [Times: user=2.31 sys=0.00, real=0.50 secs] 
3245.191: [GC (Allocation Failure) [PSYoungGen: 301056K->91104K(502784K)] 520700K->310748K(1207808K), 0.0589549 secs] [Times: user=0.28 sys=0.06, real=0.06 secs] 
3248.634: [GC (Allocation Failure) [PSYoungGen: 376304K->134112K(492544K)] 595949K->435533K(1197568K), 0.1141942 secs] [Times: user=0.68 sys=0.00, real=0.11 secs] 
3255.189: [GC (Allocation Failure) [PSYoungGen: 430560K->88416K(487936K)] 731981K->515517K(1192960K), 0.1614282 secs] [Times: user=0.97 sys=0.00, real=0.16 secs] 
3259.938: [GC (Allocation Failure) [PSYoungGen: 388448K->139296K(492032K)] 815549K->651789K(1197056K), 0.0462463 secs] [Times: user=0.27 sys=0.00, real=0.05 secs] 
3262.277: [GC (Allocation Failure) [PSYoungGen: 439328K->100192K(496640K)] 951821K->742709K(1201664K), 0.0814514 secs] [Times: user=0.41 sys=0.07, real=0.08 secs] 
3262.359: [Full GC (Ergonomics) [PSYoungGen: 100192K->0K(496640K)] [ParOldGen: 642517K->27761K(582656K)] 742709K->27761K(1079296K), [Metaspace: 60029K->60029K(1105920K)], 0.0468683 secs] [Times: user=0.13 sys=0.01, real=0.05 secs] 
3262.719: [GC (Allocation Failure) [PSYoungGen: 306688K->140448K(497664K)] 334449K->168209K(1080320K), 0.0276806 secs] [Times: user=0.16 sys=0.00, real=0.03 secs] 
3264.914: [GC (Allocation Failure) [PSYoungGen: 447136K->101120K(495616K)] 474897K->260786K(1078272K), 0.0630675 secs] [Times: user=0.37 sys=0.00, real=0.06 secs] 
3265.597: [GC (Allocation Failure) [PSYoungGen: 410880K->136576K(498176K)] 570546K->396662K(1080832K), 0.0588697 secs] [Times: user=0.35 sys=0.00, real=0.06 secs] 
3268.126: [GC (Allocation Failure) [PSYoungGen: 446336K->109440K(500736K)] 706422K->497646K(1083392K), 0.0635595 secs] [Times: user=0.38 sys=0.00, real=0.06 secs] 
3268.189: [Full GC (Ergonomics) [PSYoungGen: 109440K->0K(500736K)] [ParOldGen: 388206K->18282K(627712K)] 497646K->18282K(1128448K), [Metaspace: 60033K->60033K(1105920K)], 0.0252423 secs] [Times: user=0.06 sys=0.00, real=0.03 secs] 
3271.160: [GC (Allocation Failure) [PSYoungGen: 317440K->134368K(503296K)] 335722K->152650K(1131008K), 0.0303612 secs] [Times: user=0.17 sys=0.00, real=0.03 secs] 
3272.893: [GC (Allocation Failure) [PSYoungGen: 451808K->115200K(505856K)] 470090K->258242K(1133568K), 0.0644493 secs] [Times: user=0.38 sys=0.00, real=0.06 secs] 
3275.482: [GC (Allocation Failure) [PSYoungGen: 439296K->137632K(507904K)] 582338K->394399K(1135616K), 0.0563762 secs] [Times: user=0.33 sys=0.00, real=0.06 secs] 
3276.711: [GC (Allocation Failure) [PSYoungGen: 461728K->115280K(505856K)] 718495K->500100K(1133568K), 0.0751010 secs] [Times: user=0.44 sys=0.00, real=0.08 secs] 
3277.630: [GC (Allocation Failure) [PSYoungGen: 443472K->145632K(508928K)] 828292K->644552K(1136640K), 0.0544722 secs] [Times: user=0.32 sys=0.00, real=0.06 secs] 
3277.685: [Full GC (Ergonomics) [PSYoungGen: 145632K->0K(508928K)] [ParOldGen: 498920K->165902K(822272K)] 644552K->165902K(1331200K), [Metaspace: 60041K->60041K(1105920K)], 0.3749321 secs] [Times: user=1.72 sys=0.00, real=0.37 secs] 
3279.880: [GC (Allocation Failure) [PSYoungGen: 328192K->111984K(510464K)] 494094K->277887K(1332736K), 0.0390709 secs] [Times: user=0.24 sys=0.00, real=0.04 secs] 
3281.206: [GC (Allocation Failure) [PSYoungGen: 443760K->150624K(511488K)] 609663K->426299K(1333760K), 0.0563768 secs] [Times: user=0.34 sys=0.00, real=0.05 secs] 
3282.977: [GC (Allocation Failure) [PSYoungGen: 482400K->111056K(514048K)] 758075K->528420K(1336320K), 0.0811957 secs] [Times: user=0.48 sys=0.00, real=0.08 secs] 
3285.315: [GC (Allocation Failure) [PSYoungGen: 442320K->154624K(486400K)] 859684K->680248K(1308672K), 0.0779585 secs] [Times: user=0.46 sys=0.00, real=0.08 secs] 
3291.433: [GC (Allocation Failure) [PSYoungGen: 485888K->107264K(514560K)] 1011512K->779240K(1336832K), 0.1751909 secs] [Times: user=0.96 sys=0.08, real=0.18 secs] 
3291.608: [Full GC (Ergonomics) [PSYoungGen: 107264K->0K(514560K)] [ParOldGen: 671976K->54759K(761344K)] 779240K->54759K(1275904K), [Metaspace: 60066K->60066K(1105920K)], 0.1441090 secs] [Times: user=0.65 sys=0.00, real=0.14 secs] 
3292.457: [GC (Allocation Failure) [PSYoungGen: 318634K->148544K(510464K)] 373393K->203303K(1271808K), 0.0294828 secs] [Times: user=0.18 sys=0.00, real=0.03 secs] 
3295.017: [GC (GCLocker Initiated GC) [PSYoungGen: 474688K->107344K(510464K)] 529447K->301911K(1271808K), 0.1417243 secs] [Times: user=0.84 sys=0.00, real=0.14 secs] 
3295.655: [GC (Allocation Failure) [PSYoungGen: 433488K->142848K(510464K)] 644459K->457127K(1271808K), 0.2358843 secs] [Times: user=1.40 sys=0.01, real=0.23 secs] 
3298.783: [GC (Allocation Failure) [PSYoungGen: 468992K->97344K(512512K)] 783271K->553631K(1273856K), 0.4234999 secs] [Times: user=2.53 sys=0.01, real=0.43 secs] 
3299.428: [GC (Allocation Failure) [PSYoungGen: 425536K->158272K(486912K)] 881823K->706094K(1248256K), 0.0560269 secs] [Times: user=0.33 sys=0.00, real=0.06 secs] 
3299.484: [Full GC (Ergonomics) [PSYoungGen: 158272K->0K(486912K)] [ParOldGen: 547822K->222976K(942592K)] 706094K->222976K(1429504K), [Metaspace: 60071K->60071K(1105920K)], 0.5091641 secs] [Times: user=2.37 sys=0.00, real=0.50 secs] 
3307.173: [GC (Allocation Failure) [PSYoungGen: 328192K->90241K(507904K)] 551168K->313217K(1450496K), 0.1080697 secs] [Times: user=0.64 sys=0.00, real=0.10 secs] 
3307.561: [GC (Allocation Failure) [PSYoungGen: 406145K->152480K(468480K)] 629121K->459477K(1411072K), 0.0544978 secs] [Times: user=0.32 sys=0.00, real=0.06 secs] 
3309.506: [GC (Allocation Failure) [PSYoungGen: 468384K->94384K(505344K)] 775381K->553458K(1447936K), 0.1206516 secs] [Times: user=0.72 sys=0.00, real=0.12 secs] 
3309.898: [GC (Allocation Failure) [PSYoungGen: 404144K->149824K(459776K)] 863218K->697026K(1402368K), 0.0546990 secs] [Times: user=0.32 sys=0.00, real=0.05 secs] 
3314.134: [GC (Allocation Failure) [PSYoungGen: 459584K->86304K(502784K)] 1006786K->783211K(1445376K), 0.1672978 secs] [Times: user=0.98 sys=0.03, real=0.16 secs] 
3314.534: [GC (Allocation Failure) [PSYoungGen: 376193K->137296K(443392K)] 1073100K->914616K(1385984K), 0.0518520 secs] [Times: user=0.28 sys=0.02, real=0.05 secs] 
3314.586: [Full GC (Ergonomics) [PSYoungGen: 137296K->0K(443392K)] [ParOldGen: 777319K->198225K(932864K)] 914616K->198225K(1376256K), [Metaspace: 60084K->60084K(1105920K)], 0.4562259 secs] [Times: user=2.12 sys=0.00, real=0.45 secs] 
3321.462: [GC (Allocation Failure) [PSYoungGen: 305664K->91776K(503296K)] 503889K->290001K(1436160K), 0.0823632 secs] [Times: user=0.49 sys=0.00, real=0.09 secs] 
3323.257: [GC (Allocation Failure) [PSYoungGen: 400000K->144144K(500736K)] 598225K->430959K(1433600K), 0.0463179 secs] [Times: user=0.28 sys=0.00, real=0.05 secs] 
3324.796: [GC (Allocation Failure) [PSYoungGen: 452368K->101824K(501248K)] 739183K->524078K(1434112K), 0.1437339 secs] [Times: user=0.85 sys=0.00, real=0.14 secs] 
3325.603: [GC (Allocation Failure) [PSYoungGen: 413632K->143952K(502784K)] 835886K->665687K(1435648K), 0.0507543 secs] [Times: user=0.30 sys=0.00, real=0.06 secs] 
3327.883: [GC (Allocation Failure) [PSYoungGen: 455760K->102992K(502272K)] 977495K->759620K(1435136K), 0.0714954 secs] [Times: user=0.43 sys=0.00, real=0.08 secs] 
3328.556: [GC (Allocation Failure) [PSYoungGen: 418384K->146928K(504320K)] 1075012K->904652K(1437184K), 0.0553873 secs] [Times: user=0.33 sys=0.00, real=0.05 secs] 
3328.612: [Full GC (Ergonomics) [PSYoungGen: 146928K->0K(504320K)] [ParOldGen: 757724K->178341K(931840K)] 904652K->178341K(1436160K), [Metaspace: 60088K->60088K(1105920K)], 0.4089350 secs] [Times: user=1.89 sys=0.00, real=0.41 secs] 
3330.631: [GC (Allocation Failure) [PSYoungGen: 315392K->102688K(505856K)] 493733K->281037K(1437696K), 0.0342773 secs] [Times: user=0.20 sys=0.00, real=0.04 secs] 
3333.370: [GC (GCLocker Initiated GC) [PSYoungGen: 420640K->145744K(506368K)] 598990K->424159K(1438208K), 0.0943611 secs] [Times: user=0.56 sys=0.00, real=0.10 secs] 
3336.270: [GC (Allocation Failure) [PSYoungGen: 463696K->106192K(504832K)] 742113K->521977K(1436672K), 0.1767813 secs] [Times: user=1.05 sys=0.00, real=0.18 secs] 
3339.507: [GC (Allocation Failure) [PSYoungGen: 425680K->143856K(506368K)] 841465K->664090K(1438208K), 0.0512740 secs] [Times: user=0.30 sys=0.00, real=0.05 secs] 
3341.241: [GC (Allocation Failure) [PSYoungGen: 463344K->106800K(506880K)] 983578K->760962K(1438720K), 0.1001310 secs] [Times: user=0.60 sys=0.00, real=0.10 secs] 
3343.442: [GC (Allocation Failure) [PSYoungGen: 429872K->148544K(508416K)] 1084034K->907442K(1440256K), 0.0535633 secs] [Times: user=0.32 sys=0.00, real=0.06 secs] 
3343.496: [Full GC (Ergonomics) [PSYoungGen: 148544K->0K(508416K)] [ParOldGen: 758898K->181694K(979456K)] 907442K->181694K(1487872K), [Metaspace: 60091K->60091K(1105920K)], 0.4253948 secs] [Times: user=1.96 sys=0.01, real=0.42 secs] 
3346.050: [GC (Allocation Failure) [PSYoungGen: 323072K->104496K(510464K)] 504766K->286191K(1489920K), 0.0944450 secs] [Times: user=0.55 sys=0.00, real=0.10 secs] 
3347.666: [GC (Allocation Failure) [PSYoungGen: 428592K->147952K(509952K)] 610287K->431693K(1489408K), 0.0522916 secs] [Times: user=0.31 sys=0.00, real=0.05 secs] 
3350.229: [GC (Allocation Failure) [PSYoungGen: 472048K->107840K(508928K)] 755789K->530464K(1488384K), 0.1790267 secs] [Times: user=1.06 sys=0.01, real=0.18 secs] 
3351.762: [GC (Allocation Failure) [PSYoungGen: 431936K->150208K(509440K)] 854560K->676738K(1488896K), 0.0533121 secs] [Times: user=0.32 sys=0.00, real=0.06 secs] 
3353.809: [GC (Allocation Failure) [PSYoungGen: 474304K->108032K(509952K)] 1000834K->775194K(1489408K), 0.0676266 secs] [Times: user=0.40 sys=0.00, real=0.07 secs] 
3354.542: [GC (Allocation Failure) [PSYoungGen: 431590K->151152K(475136K)] 1098752K->922911K(1454592K), 0.0914222 secs] [Times: user=0.55 sys=0.01, real=0.10 secs] 
3357.897: [GC (Allocation Failure) [PSYoungGen: 474736K->103504K(511488K)] 1246495K->1017483K(1490944K), 0.1464602 secs] [Times: user=0.70 sys=0.16, real=0.15 secs] 
3358.043: [Full GC (Ergonomics) [PSYoungGen: 103504K->0K(511488K)] [ParOldGen: 913978K->55059K(896512K)] 1017483K->55059K(1408000K), [Metaspace: 60093K->60093K(1105920K)], 0.1265948 secs] [Times: user=0.55 sys=0.00, real=0.12 secs] 
3358.556: [GC (Allocation Failure) [PSYoungGen: 318105K->147616K(508928K)] 373165K->202675K(1405440K), 0.0291554 secs] [Times: user=0.17 sys=0.00, real=0.03 secs] 
3364.017: [GC (Allocation Failure) [PSYoungGen: 469152K->99680K(509440K)] 524211K->293559K(1405952K), 0.1726375 secs] [Times: user=1.03 sys=0.00, real=0.17 secs] 
3365.093: [GC (Allocation Failure) [PSYoungGen: 420704K->151968K(473088K)] 614583K->441210K(1369600K), 0.0491218 secs] [Times: user=0.29 sys=0.00, real=0.05 secs] 
3367.922: [GC (Allocation Failure) [PSYoungGen: 472992K->100928K(508928K)] 762234K->533346K(1405440K), 0.1523617 secs] [Times: user=0.91 sys=0.00, real=0.16 secs] 
3368.793: [GC (Allocation Failure) [PSYoungGen: 417856K->150560K(467968K)] 850274K->680015K(1364480K), 0.0493556 secs] [Times: user=0.29 sys=0.00, real=0.04 secs] 
3372.047: [GC (Allocation Failure) [PSYoungGen: 467488K->100896K(507904K)] 996943K->772423K(1404416K), 0.1582547 secs] [Times: user=0.94 sys=0.01, real=0.16 secs] 
3373.432: [GC (Allocation Failure) [PSYoungGen: 415776K->147104K(505856K)] 1087303K->915124K(1402368K), 0.0498528 secs] [Times: user=0.30 sys=0.00, real=0.05 secs] 
3373.482: [Full GC (Ergonomics) [PSYoungGen: 147104K->0K(505856K)] [ParOldGen: 768020K->193938K(1077760K)] 915124K->193938K(1583616K), [Metaspace: 60098K->60098K(1105920K)], 0.4402159 secs] [Times: user=2.02 sys=0.00, real=0.44 secs] 
3375.502: [GC (Allocation Failure) [PSYoungGen: 314880K->103200K(504320K)] 508818K->297138K(1582080K), 0.0944009 secs] [Times: user=0.56 sys=0.00, real=0.10 secs] 
3377.255: [GC (Allocation Failure) [PSYoungGen: 418592K->144992K(505344K)] 612530K->437879K(1583104K), 0.0495496 secs] [Times: user=0.29 sys=0.00, real=0.05 secs] 
3379.705: [GC (Allocation Failure) [PSYoungGen: 460384K->102512K(505344K)] 753271K->531132K(1583104K), 0.1607323 secs] [Times: user=0.95 sys=0.00, real=0.16 secs] 
3381.079: [GC (Allocation Failure) [PSYoungGen: 419952K->157440K(475136K)] 848572K->684380K(1552896K), 0.0515052 secs] [Times: user=0.30 sys=0.00, real=0.05 secs] 
3384.284: [GC (Allocation Failure) [PSYoungGen: 474880K->99776K(506368K)] 1001820K->767344K(1584128K), 0.1176110 secs] [Times: user=0.63 sys=0.00, real=0.11 secs] 
3386.964: [GC (Allocation Failure) [PSYoungGen: 411584K->143632K(504320K)] 1079152K->907002K(1582080K), 0.0504795 secs] [Times: user=0.30 sys=0.00, real=0.05 secs] 
3388.782: [GC (Allocation Failure) [PSYoungGen: 455440K->104464K(501760K)] 1218810K->1001978K(1579520K), 0.0939091 secs] [Times: user=0.55 sys=0.01, real=0.10 secs] 
3388.876: [Full GC (Ergonomics) [PSYoungGen: 104464K->0K(501760K)] [ParOldGen: 897513K->39790K(966656K)] 1001978K->39790K(1468416K), [Metaspace: 60113K->60113K(1105920K)], 0.0819124 secs] [Times: user=0.31 sys=0.00, real=0.08 secs] 
3389.836: [GC (Allocation Failure) [PSYoungGen: 313344K->151216K(503296K)] 353134K->191007K(1469952K), 0.0284566 secs] [Times: user=0.16 sys=0.00, real=0.03 secs] 
3393.077: [GC (Allocation Failure) [PSYoungGen: 464560K->102976K(506368K)] 504351K->276074K(1473024K), 0.1000605 secs] [Times: user=0.60 sys=0.00, real=0.10 secs] 
3395.142: [GC (Allocation Failure) [PSYoungGen: 417344K->143392K(505344K)] 590442K->416791K(1472000K), 0.0508820 secs] [Times: user=0.30 sys=0.00, real=0.06 secs] 
3396.782: [GC (Allocation Failure) [PSYoungGen: 457760K->102304K(503296K)] 731159K->510087K(1469952K), 0.0890199 secs] [Times: user=0.53 sys=0.00, real=0.09 secs] 
3398.914: [GC (Allocation Failure) [PSYoungGen: 418720K->143088K(505344K)] 826503K->650296K(1472000K), 0.0505879 secs] [Times: user=0.30 sys=0.00, real=0.05 secs] 
3400.108: [GC (Allocation Failure) [PSYoungGen: 459504K->107824K(504320K)] 966712K->748652K(1470976K), 0.0647490 secs] [Times: user=0.39 sys=0.00, real=0.06 secs] 
3403.609: [GC (Allocation Failure) [PSYoungGen: 428336K->138816K(506880K)] 1069164K->885128K(1473536K), 0.0522190 secs] [Times: user=0.31 sys=0.00, real=0.05 secs] 
3405.951: [GC (Allocation Failure) [PSYoungGen: 459328K->108896K(505344K)] 1205640K->984305K(1472000K), 0.0634633 secs] [Times: user=0.38 sys=0.00, real=0.07 secs] 
3406.014: [Full GC (Ergonomics) [PSYoungGen: 108896K->0K(505344K)] [ParOldGen: 875408K->27626K(997376K)] 984305K->27626K(1502720K), [Metaspace: 60132K->60132K(1105920K)], 0.0418927 secs] [Times: user=0.13 sys=0.00, real=0.04 secs] 
3407.151: [GC (Allocation Failure) [PSYoungGen: 327168K->148016K(509440K)] 354794K->175642K(1506816K), 0.0293061 secs] [Times: user=0.17 sys=0.00, real=0.03 secs] 
3409.025: [GC (Allocation Failure) [PSYoungGen: 475184K->108384K(514048K)] 502810K->274826K(1511424K), 0.1017583 secs] [Times: user=0.60 sys=0.00, real=0.10 secs] 
3410.286: [GC (Allocation Failure) [PSYoungGen: 439136K->153872K(484864K)] 605578K->426452K(1482240K), 0.0536296 secs] [Times: user=0.31 sys=0.00, real=0.05 secs] 
3413.543: [GC (Allocation Failure) [PSYoungGen: 484624K->106752K(513536K)] 757204K->524431K(1510912K), 0.1729228 secs] [Times: user=1.04 sys=0.00, real=0.18 secs] 
3415.344: [GC (Allocation Failure) [PSYoungGen: 432384K->154544K(480256K)] 850063K->674405K(1477632K), 0.0528353 secs] [Times: user=0.32 sys=0.01, real=0.05 secs] 
3417.797: [GC (Allocation Failure) [PSYoungGen: 480176K->103872K(510976K)] 1000037K->769496K(1508352K), 0.1777553 secs] [Times: user=1.06 sys=0.00, real=0.18 secs] 
3418.862: [GC (Allocation Failure) [PSYoungGen: 424896K->150944K(472064K)] 1090520K->916609K(1469440K), 0.0511874 secs] [Times: user=0.30 sys=0.00, real=0.06 secs] 
3422.321: [GC (Allocation Failure) [PSYoungGen: 471968K->101936K(509440K)] 1237633K->1010086K(1506816K), 0.1642677 secs] [Times: user=0.97 sys=0.01, real=0.17 secs] 
3422.485: [Full GC (Ergonomics) [PSYoungGen: 101936K->0K(509440K)] [ParOldGen: 908149K->53523K(1070080K)] 1010086K->53523K(1579520K), [Metaspace: 60143K->60143K(1105920K)], 0.1465791 secs] [Times: user=0.65 sys=0.00, real=0.14 secs] 
3422.995: [GC (Allocation Failure) [PSYoungGen: 317027K->149568K(468480K)] 370551K->203091K(1538560K), 0.0296429 secs] [Times: user=0.17 sys=0.01, real=0.03 secs] 
3425.343: [GC (Allocation Failure) [PSYoungGen: 468032K->103840K(509440K)] 521555K->298508K(1579520K), 0.1131593 secs] [Times: user=0.68 sys=0.00, real=0.12 secs] 
3426.542: [GC (Allocation Failure) [PSYoungGen: 421016K->147328K(506880K)] 615684K->442284K(1576960K), 0.0499875 secs] [Times: user=0.29 sys=0.00, real=0.05 secs] 
3430.806: [GC (Allocation Failure) [PSYoungGen: 464768K->98480K(507904K)] 759724K->531717K(1577984K), 0.1489250 secs] [Times: user=0.88 sys=0.01, real=0.15 secs] 
3432.086: [GC (Allocation Failure) [PSYoungGen: 415920K->150368K(467968K)] 849157K->677804K(1538048K), 0.0490117 secs] [Times: user=0.29 sys=0.01, real=0.05 secs] 
3434.668: [GC (Allocation Failure) [PSYoungGen: 467808K->102544K(508416K)] 995244K->771548K(1578496K), 0.1720143 secs] [Times: user=1.03 sys=0.00, real=0.17 secs] 
3435.946: [GC (Allocation Failure) [PSYoungGen: 417936K->148624K(505856K)] 1086940K->916177K(1575936K), 0.0507114 secs] [Times: user=0.30 sys=0.00, real=0.05 secs] 
3437.822: [GC (Allocation Failure) [PSYoungGen: 464016K->100544K(506368K)] 1231569K->1007793K(1576448K), 0.1706387 secs] [Times: user=1.02 sys=0.00, real=0.17 secs] 
3437.993: [Full GC (Ergonomics) [PSYoungGen: 100544K->0K(506368K)] [ParOldGen: 907249K->49473K(1098752K)] 1007793K->49473K(1605120K), [Metaspace: 60144K->60144K(1105920K)], 0.1463122 secs] [Times: user=0.63 sys=0.00, real=0.15 secs] 
3439.124: [GC (Allocation Failure) [PSYoungGen: 314880K->147808K(505856K)] 364353K->197281K(1604608K), 0.0295623 secs] [Times: user=0.17 sys=0.00, real=0.03 secs] 
3441.659: [GC (Allocation Failure) [PSYoungGen: 462688K->100096K(505856K)] 512161K->288469K(1604608K), 0.1628316 secs] [Times: user=0.96 sys=0.00, real=0.16 secs] 
3443.415: [GC (Allocation Failure) [PSYoungGen: 414976K->146736K(505856K)] 603349K->431103K(1604608K), 0.0491969 secs] [Times: user=0.29 sys=0.00, real=0.05 secs] 
3445.884: [GC (Allocation Failure) [PSYoungGen: 461616K->103648K(504320K)] 745983K->525150K(1603072K), 0.1555649 secs] [Times: user=0.92 sys=0.00, real=0.15 secs] 
3447.088: [GC (Allocation Failure) [PSYoungGen: 419040K->145920K(505344K)] 840542K->667023K(1604096K), 0.0506540 secs] [Times: user=0.30 sys=0.00, real=0.05 secs] 
3450.595: [GC (Allocation Failure) [PSYoungGen: 461312K->103568K(505344K)] 982415K->760776K(1604096K), 0.1633457 secs] [Times: user=0.97 sys=0.00, real=0.16 secs] 
3452.746: [GC (Allocation Failure) [PSYoungGen: 421008K->143840K(506368K)] 1078216K->901676K(1605120K), 0.0518358 secs] [Times: user=0.31 sys=0.00, real=0.05 secs] 
3454.273: [GC (Allocation Failure) [PSYoungGen: 461280K->105696K(505344K)] 1219116K->998640K(1604096K), 0.1337491 secs] [Times: user=0.79 sys=0.00, real=0.14 secs] 
3455.931: [GC (Allocation Failure) [PSYoungGen: 426208K->149664K(507392K)] 1319152K->1145357K(1606144K), 0.0613391 secs] [Times: user=0.29 sys=0.04, real=0.06 secs] 
3455.992: [Full GC (Ergonomics) [PSYoungGen: 149664K->0K(507392K)] [ParOldGen: 995693K->186848K(1267200K)] 1145357K->186848K(1774592K), [Metaspace: 60147K->60147K(1105920K)], 0.4232873 secs] [Times: user=1.88 sys=0.00, real=0.43 secs] 
3460.187: [GC (Allocation Failure) [PSYoungGen: 320512K->105168K(509440K)] 507360K->292017K(1776640K), 0.0898438 secs] [Times: user=0.53 sys=0.00, real=0.09 secs] 
3461.761: [GC (Allocation Failure) [PSYoungGen: 426704K->148352K(508928K)] 613553K->435389K(1776128K), 0.1108970 secs] [Times: user=0.66 sys=0.00, real=0.11 secs] 
3465.511: [GC (Allocation Failure) [PSYoungGen: 469888K->102448K(509440K)] 756925K->529198K(1776640K), 0.1705431 secs] [Times: user=1.02 sys=0.00, real=0.17 secs] 
3467.327: [GC (Allocation Failure) [PSYoungGen: 423472K->147568K(508928K)] 850222K->672634K(1776128K), 0.0513412 secs] [Times: user=0.30 sys=0.00, real=0.05 secs] 
3469.521: [GC (Allocation Failure) [PSYoungGen: 468592K->104496K(507904K)] 993658K->768058K(1775104K), 0.1535379 secs] [Times: user=0.91 sys=0.00, real=0.16 secs] 
3471.089: [GC (Allocation Failure) [PSYoungGen: 425520K->149408K(508416K)] 1089082K->913923K(1775616K), 0.0521315 secs] [Times: user=0.31 sys=0.00, real=0.05 secs] 
3474.445: [GC (Allocation Failure) [PSYoungGen: 470432K->101248K(509440K)] 1234947K->1006579K(1776640K), 0.1615267 secs] [Times: user=0.96 sys=0.00, real=0.16 secs] 
3475.656: [GC (Allocation Failure) [PSYoungGen: 421248K->150272K(470528K)] 1326579K->1153439K(1737728K), 0.0513826 secs] [Times: user=0.30 sys=0.01, real=0.05 secs] 
3478.819: [GC (Allocation Failure) [PSYoungGen: 470272K->104672K(509952K)] 1473439K->1249460K(1777152K), 0.1812967 secs] [Times: user=0.96 sys=0.09, real=0.18 secs] 
3479.001: [Full GC (Ergonomics) [PSYoungGen: 104672K->0K(509952K)] [ParOldGen: 1144787K->45980K(1167360K)] 1249460K->45980K(1677312K), [Metaspace: 60147K->60147K(1105920K)], 0.1649237 secs] [Times: user=0.73 sys=0.00, real=0.17 secs] 
3480.639: [GC (Allocation Failure) [PSYoungGen: 318464K->147808K(507392K)] 364444K->193788K(1674752K), 0.0295856 secs] [Times: user=0.17 sys=0.00, real=0.03 secs] 
3482.623: [GC (Allocation Failure) [PSYoungGen: 466272K->100512K(508416K)] 512252K->285000K(1675776K), 0.1680287 secs] [Times: user=1.00 sys=0.01, real=0.17 secs] 
3484.614: [GC (Allocation Failure) [PSYoungGen: 418976K->150624K(469504K)] 603464K->431376K(1636864K), 0.0495693 secs] [Times: user=0.29 sys=0.00, real=0.05 secs] 
3487.707: [GC (Allocation Failure) [PSYoungGen: 469088K->101104K(508416K)] 749840K->523737K(1675776K), 0.1698455 secs] [Times: user=1.01 sys=0.00, real=0.17 secs] 
3489.034: [GC (Allocation Failure) [PSYoungGen: 417008K->148672K(464896K)] 839641K->668717K(1632256K), 0.0806241 secs] [Times: user=0.48 sys=0.00, real=0.08 secs] 
3491.714: [GC (Allocation Failure) [PSYoungGen: 464576K->100928K(508416K)] 984621K->761265K(1675776K), 0.1774927 secs] [Times: user=1.05 sys=0.01, real=0.17 secs] 
3494.324: [GC (Allocation Failure) [PSYoungGen: 416320K->145280K(505856K)] 1076657K->902602K(1673216K), 0.0506396 secs] [Times: user=0.30 sys=0.01, real=0.05 secs] 
3496.206: [GC (Allocation Failure) [PSYoungGen: 460672K->103648K(503808K)] 1217994K->996810K(1671168K), 0.1593539 secs] [Times: user=0.95 sys=0.01, real=0.16 secs] 
3498.269: [GC (Allocation Failure) [PSYoungGen: 420064K->144176K(505344K)] 1313226K->1138120K(1672704K), 0.0512791 secs] [Times: user=0.30 sys=0.00, real=0.05 secs] 
3498.320: [Full GC (Ergonomics) [PSYoungGen: 144176K->0K(505344K)] [ParOldGen: 993943K->179985K(1346048K)] 1138120K->179985K(1851392K), [Metaspace: 60157K->60157K(1105920K)], 0.4111846 secs] [Times: user=1.90 sys=0.00, real=0.41 secs] 
3500.379: [GC (Allocation Failure) [PSYoungGen: 316416K->103936K(505856K)] 496401K->283921K(1851904K), 0.0558498 secs] [Times: user=0.33 sys=0.00, real=0.06 secs] 
3502.550: [GC (Allocation Failure) [PSYoungGen: 423936K->146976K(507392K)] 603921K->427690K(1853440K), 0.0521081 secs] [Times: user=0.31 sys=0.00, real=0.05 secs] 
3505.646: [GC (Allocation Failure) [PSYoungGen: 466976K->105824K(507904K)] 747690K->524070K(1853952K), 0.1599302 secs] [Times: user=0.95 sys=0.00, real=0.16 secs] 
3507.925: [GC (Allocation Failure) [PSYoungGen: 427360K->146448K(508416K)] 845606K->667987K(1854464K), 0.0525106 secs] [Times: user=0.31 sys=0.00, real=0.05 secs] 
3511.074: [GC (Allocation Failure) [PSYoungGen: 467984K->102928K(508928K)] 989523K->761883K(1854976K), 0.1569488 secs] [Times: user=0.94 sys=0.01, real=0.15 secs] 
3513.584: [GC (Allocation Failure) [PSYoungGen: 426000K->148576K(509440K)] 1084955K->907591K(1855488K), 0.0519241 secs] [Times: user=0.31 sys=0.00, real=0.05 secs] 
3516.626: [GC (Allocation Failure) [PSYoungGen: 471648K->103248K(510464K)] 1230663K->1001636K(1856512K), 0.1733015 secs] [Times: user=1.03 sys=0.00, real=0.17 secs] 
3519.331: [GC (Allocation Failure) [PSYoungGen: 425296K->148464K(470528K)] 1323684K->1146257K(1816576K), 0.0521545 secs] [Times: user=0.30 sys=0.01, real=0.05 secs] 
3521.795: [GC (Allocation Failure) [PSYoungGen: 470512K->105712K(512000K)] 1468305K->1242549K(1858048K), 0.1568164 secs] [Times: user=0.93 sys=0.00, real=0.15 secs] 
3523.221: [GC (Allocation Failure) [PSYoungGen: 427760K->150528K(473088K)] 1564597K->1389073K(1819136K), 0.0578211 secs] [Times: user=0.31 sys=0.03, real=0.06 secs] 
3523.279: [Full GC (Ergonomics) [PSYoungGen: 150528K->0K(473088K)] [ParOldGen: 1238545K->188039K(1398272K)] 1389073K->188039K(1871360K), [Metaspace: 60179K->60179K(1105920K)], 0.4435852 secs] [Times: user=2.06 sys=0.00, real=0.44 secs] 
3525.842: [GC (Allocation Failure) [PSYoungGen: 322048K->102592K(510464K)] 510087K->290631K(1908736K), 0.1020206 secs] [Times: user=0.61 sys=0.00, real=0.11 secs] 
3527.462: [GC (Allocation Failure) [PSYoungGen: 422592K->149632K(470016K)] 610631K->436312K(1868288K), 0.0502160 secs] [Times: user=0.29 sys=0.00, real=0.05 secs] 
3530.252: [GC (Allocation Failure) [PSYoungGen: 469632K->103616K(509952K)] 756312K->530568K(1908224K), 0.1666322 secs] [Times: user=0.99 sys=0.00, real=0.17 secs] 
3532.655: [GC (Allocation Failure) [PSYoungGen: 422080K->148672K(507392K)] 849032K->674717K(1905664K), 0.0514580 secs] [Times: user=0.30 sys=0.00, real=0.05 secs] 
3535.059: [GC (Allocation Failure) [PSYoungGen: 467136K->102720K(507392K)] 993181K->768125K(1905664K), 0.1653575 secs] [Times: user=0.99 sys=0.00, real=0.17 secs] 
3537.147: [GC (Allocation Failure) [PSYoungGen: 421184K->147776K(507392K)] 1086589K->912902K(1905664K), 0.0943633 secs] [Times: user=0.56 sys=0.00, real=0.09 secs] 
3539.420: [GC (Allocation Failure) [PSYoungGen: 466240K->100848K(508416K)] 1231366K->1005163K(1906688K), 0.1653661 secs] [Times: user=0.98 sys=0.01, real=0.17 secs] 
3541.417: [GC (Allocation Failure) [PSYoungGen: 419312K->149440K(467968K)] 1323627K->1150095K(1866240K), 0.0523211 secs] [Times: user=0.32 sys=0.00, real=0.05 secs] 
3543.570: [GC (Allocation Failure) [PSYoungGen: 467904K->102720K(509440K)] 1468559K->1243571K(1907712K), 0.1723144 secs] [Times: user=1.03 sys=0.00, real=0.17 secs] 
3545.291: [GC (Allocation Failure) [PSYoungGen: 420160K->148368K(506880K)] 1561011K->1387551K(1905152K), 0.0532660 secs] [Times: user=0.31 sys=0.01, real=0.06 secs] 
3545.345: [Full GC (Ergonomics) [PSYoungGen: 148368K->0K(506880K)] [ParOldGen: 1239182K->185879K(1398272K)] 1387551K->185879K(1905152K), [Metaspace: 60183K->60183K(1105920K)], 0.4319804 secs] [Times: user=2.00 sys=0.00, real=0.43 secs] 
3547.439: [GC (Allocation Failure) [PSYoungGen: 317440K->104016K(506880K)] 503319K->289896K(1905152K), 0.0965202 secs] [Times: user=0.57 sys=0.00, real=0.10 secs] 
3549.254: [GC (Allocation Failure) [PSYoungGen: 421456K->148544K(506880K)] 607336K->434970K(1905152K), 0.0516241 secs] [Times: user=0.30 sys=0.00, real=0.05 secs] 
3553.891: [GC (Allocation Failure) [PSYoungGen: 465984K->100448K(507392K)] 752410K->526322K(1905664K), 0.1693595 secs] [Times: user=1.01 sys=0.00, real=0.17 secs] 
3555.574: [GC (Allocation Failure) [PSYoungGen: 417376K->146608K(506880K)] 843250K->669988K(1905152K), 0.0510953 secs] [Times: user=0.30 sys=0.00, real=0.05 secs] 
3558.575: [GC (Allocation Failure) [PSYoungGen: 463536K->103152K(505344K)] 986916K->764644K(1903616K), 0.1682164 secs] [Times: user=1.00 sys=0.00, real=0.17 secs] 
3560.219: [GC (Allocation Failure) [PSYoungGen: 420592K->144960K(506368K)] 1082084K->906732K(1904640K), 0.0524320 secs] [Times: user=0.31 sys=0.00, real=0.05 secs] 
3562.332: [GC (Allocation Failure) [PSYoungGen: 462400K->103184K(506368K)] 1224172K->1000689K(1904640K), 0.1640460 secs] [Times: user=0.97 sys=0.00, real=0.17 secs] 
3564.632: [GC (Allocation Failure) [PSYoungGen: 422672K->149344K(507392K)] 1320177K->1146685K(1905664K), 0.0525455 secs] [Times: user=0.31 sys=0.00, real=0.06 secs] 
3567.006: [GC (Allocation Failure) [PSYoungGen: 468832K->102800K(508416K)] 1466173K->1240810K(1906688K), 0.1555594 secs] [Times: user=0.93 sys=0.01, real=0.15 secs] 
3569.907: [GC (Allocation Failure) [PSYoungGen: 422288K->148128K(507904K)] 1560298K->1385200K(1906176K), 0.0543368 secs] [Times: user=0.32 sys=0.00, real=0.05 secs] 
3569.961: [Full GC (Ergonomics) [PSYoungGen: 148128K->0K(507904K)] [ParOldGen: 1237072K->182541K(1398272K)] 1385200K->182541K(1906176K), [Metaspace: 60185K->60185K(1105920K)], 0.4292164 secs] [Times: user=2.00 sys=0.00, real=0.43 secs] 
3572.198: [GC (Allocation Failure) [PSYoungGen: 319488K->106848K(506880K)] 502029K->289390K(1905152K), 0.0566351 secs] [Times: user=0.33 sys=0.00, real=0.06 secs] 
3573.403: [GC (Allocation Failure) [PSYoungGen: 426336K->149280K(507392K)] 608878K->434979K(1905664K), 0.0531593 secs] [Times: user=0.31 sys=0.00, real=0.06 secs] 
3577.921: [GC (Allocation Failure) [PSYoungGen: 468768K->104016K(508416K)] 754467K->529868K(1906688K), 0.1632906 secs] [Times: user=0.98 sys=0.00, real=0.17 secs] 
3580.646: [GC (Allocation Failure) [PSYoungGen: 423504K->147232K(507904K)] 849356K->671060K(1906176K), 0.0511894 secs] [Times: user=0.30 sys=0.00, real=0.05 secs] 
3582.886: [GC (Allocation Failure) [PSYoungGen: 466720K->104320K(507392K)] 990548K->766284K(1905664K), 0.1507005 secs] [Times: user=0.89 sys=0.01, real=0.15 secs] 
3585.289: [GC (Allocation Failure) [PSYoungGen: 424320K->157824K(478208K)] 1086284K->919745K(1876480K), 0.0526111 secs] [Times: user=0.30 sys=0.01, real=0.05 secs] 
3587.352: [GC (Allocation Failure) [PSYoungGen: 477824K->103808K(507392K)] 1239745K->1006109K(1905664K), 0.1801859 secs] [Times: user=1.08 sys=0.00, real=0.18 secs] 
3588.770: [GC (Allocation Failure) [PSYoungGen: 417152K->145760K(504832K)] 1319453K->1148338K(1903104K), 0.0522523 secs] [Times: user=0.31 sys=0.00, real=0.05 secs] 
3591.807: [GC (Allocation Failure) [PSYoungGen: 459104K->102112K(503808K)] 1461682K->1241078K(1902080K), 0.1069508 secs] [Times: user=0.63 sys=0.01, real=0.11 secs] 
3593.741: [GC (Allocation Failure) [PSYoungGen: 416992K->143584K(504832K)] 1555958K->1381867K(1903104K), 0.0521034 secs] [Times: user=0.30 sys=0.01, real=0.06 secs] 
3593.793: [Full GC (Ergonomics) [PSYoungGen: 143584K->0K(504832K)] [ParOldGen: 1238283K->179820K(1398272K)] 1381867K->179820K(1903104K), [Metaspace: 60187K->60187K(1105920K)], 0.4205977 secs] [Times: user=1.94 sys=0.00, real=0.42 secs] 
3595.827: [GC (Allocation Failure) [PSYoungGen: 314880K->104160K(504320K)] 494700K->283981K(1902592K), 0.0683429 secs] [Times: user=0.40 sys=0.00, real=0.07 secs] 
3598.695: [GC (Allocation Failure) [PSYoungGen: 422624K->143648K(506368K)] 602445K->424669K(1904640K), 0.0519721 secs] [Times: user=0.31 sys=0.00, real=0.05 secs] 
3601.216: [GC (Allocation Failure) [PSYoungGen: 462112K->104168K(506880K)] 743133K->519681K(1905152K), 0.1618780 secs] [Times: user=0.96 sys=0.01, real=0.16 secs] 
3603.180: [GC (Allocation Failure) [PSYoungGen: 426216K->146816K(508416K)] 841729K->664249K(1906688K), 0.0520364 secs] [Times: user=0.30 sys=0.01, real=0.05 secs] 
3605.585: [GC (Allocation Failure) [PSYoungGen: 468864K->106112K(509440K)] 986297K->761490K(1907712K), 0.1718984 secs] [Times: user=1.02 sys=0.00, real=0.17 secs] 
3607.887: [GC (Allocation Failure) [PSYoungGen: 430208K->149104K(509952K)] 1085586K->907671K(1908224K), 0.0528728 secs] [Times: user=0.31 sys=0.00, real=0.05 secs] 
3610.346: [GC (Allocation Failure) [PSYoungGen: 473200K->105568K(510464K)] 1231767K->1004334K(1908736K), 0.1597913 secs] [Times: user=0.96 sys=0.00, real=0.16 secs] 
3612.474: [GC (Allocation Failure) [PSYoungGen: 429152K->150416K(474112K)] 1327918K->1150928K(1872384K), 0.0523247 secs] [Times: user=0.31 sys=0.00, real=0.05 secs] 
3616.145: [GC (Allocation Failure) [PSYoungGen: 474000K->103776K(511488K)] 1474512K->1245979K(1909760K), 0.1631320 secs] [Times: user=0.97 sys=0.00, real=0.16 secs] 
3617.697: [GC (Allocation Failure) [PSYoungGen: 425824K->151664K(474112K)] 1568027K->1393133K(1872384K), 0.0521553 secs] [Times: user=0.31 sys=0.01, real=0.05 secs] 
3617.749: [Full GC (Ergonomics) [PSYoungGen: 151664K->0K(474112K)] [ParOldGen: 1241468K->191367K(1398272K)] 1393133K->191367K(1872384K), [Metaspace: 60320K->60320K(1105920K)], 0.4495004 secs] [Times: user=2.07 sys=0.00, real=0.45 secs] 
3621.058: [GC (Allocation Failure) [PSYoungGen: 322048K->104880K(510464K)] 513415K->296248K(1908736K), 0.0959247 secs] [Times: user=0.57 sys=0.00, real=0.10 secs] 
3622.301: [GC (Allocation Failure) [PSYoungGen: 424368K->151312K(471040K)] 615736K->440949K(1869312K), 0.0506222 secs] [Times: user=0.30 sys=0.00, real=0.05 secs] 
3625.384: [GC (Allocation Failure) [PSYoungGen: 470800K->102656K(508928K)] 760437K->534808K(1907200K), 0.1487828 secs] [Times: user=0.88 sys=0.00, real=0.14 secs] 
3626.627: [GC (Allocation Failure) [PSYoungGen: 419584K->148688K(506880K)] 851736K->679778K(1905152K), 0.0504300 secs] [Times: user=0.29 sys=0.00, real=0.05 secs] 
3631.250: [GC (Allocation Failure) [PSYoungGen: 465616K->97216K(507904K)] 996706K->768193K(1906176K), 0.1672641 secs] [Times: user=1.00 sys=0.00, real=0.17 secs] 
3633.586: [GC (Allocation Failure) [PSYoungGen: 413120K->147776K(463872K)] 1084097K->911738K(1862144K), 0.0490956 secs] [Times: user=0.29 sys=0.00, real=0.05 secs] 
3635.784: [GC (Allocation Failure) [PSYoungGen: 463680K->101024K(508416K)] 1227642K->1004050K(1906688K), 0.1721947 secs] [Times: user=1.03 sys=0.00, real=0.17 secs] 
3637.283: [GC (Allocation Failure) [PSYoungGen: 416416K->148960K(505856K)] 1319442K->1149377K(1904128K), 0.0509735 secs] [Times: user=0.30 sys=0.00, real=0.06 secs] 
3640.780: [GC (Allocation Failure) [PSYoungGen: 464352K->100544K(506368K)] 1464769K->1241321K(1904640K), 0.1632776 secs] [Times: user=0.98 sys=0.00, real=0.17 secs] 
3643.761: [GC (Allocation Failure) [PSYoungGen: 415424K->143008K(505856K)] 1556201K->1381222K(1904128K), 0.0513344 secs] [Times: user=0.30 sys=0.00, real=0.05 secs] 
3643.812: [Full GC (Ergonomics) [PSYoungGen: 143008K->0K(505856K)] [ParOldGen: 1238214K->180603K(1398272K)] 1381222K->180603K(1904128K), [Metaspace: 60325K->60325K(1105920K)], 0.4119769 secs] [Times: user=1.89 sys=0.00, real=0.42 secs] 
3645.997: [GC (Allocation Failure) [PSYoungGen: 314880K->105280K(502272K)] 495483K->285883K(1900544K), 0.0736353 secs] [Times: user=0.43 sys=0.00, real=0.07 secs] 
3648.575: [GC (Allocation Failure) [PSYoungGen: 421696K->143264K(504832K)] 602299K->426245K(1903104K), 0.0525482 secs] [Times: user=0.30 sys=0.00, real=0.05 secs] 
3650.742: [GC (Allocation Failure) [PSYoungGen: 459680K->101008K(506880K)] 742661K->517953K(1905152K), 0.1057744 secs] [Times: user=0.63 sys=0.00, real=0.11 secs] 
3652.722: [GC (Allocation Failure) [PSYoungGen: 422544K->156960K(478720K)] 839489K->671958K(1876992K), 0.0519312 secs] [Times: user=0.31 sys=0.00, real=0.06 secs] 
3654.739: [GC (Allocation Failure) [PSYoungGen: 478496K->106128K(508928K)] 993494K->761158K(1907200K), 0.0656855 secs] [Times: user=0.38 sys=0.01, real=0.07 secs] 
3656.729: [GC (Allocation Failure) [PSYoungGen: 422032K->143120K(505856K)] 1077062K->902131K(1904128K), 0.0529480 secs] [Times: user=0.31 sys=0.00, real=0.05 secs] 
3659.221: [GC (Allocation Failure) [PSYoungGen: 459024K->105248K(505344K)] 1218035K->998195K(1903616K), 0.1222778 secs] [Times: user=0.72 sys=0.01, real=0.12 secs] 
3661.692: [GC (Allocation Failure) [PSYoungGen: 423712K->144464K(505856K)] 1316659K->1139954K(1904128K), 0.0529524 secs] [Times: user=0.32 sys=0.00, real=0.06 secs] 
3663.791: [GC (Allocation Failure) [PSYoungGen: 462928K->106272K(506880K)] 1458418K->1236558K(1905152K), 0.1597853 secs] [Times: user=0.95 sys=0.00, real=0.16 secs] 
3666.101: [GC (Allocation Failure) [PSYoungGen: 428832K->146992K(508416K)] 1559118K->1380755K(1906688K), 0.0545159 secs] [Times: user=0.32 sys=0.00, real=0.06 secs] 
3666.156: [Full GC (Ergonomics) [PSYoungGen: 146992K->0K(508416K)] [ParOldGen: 1233763K->178479K(1398272K)] 1380755K->178479K(1906688K), [Metaspace: 60344K->60344K(1105920K)], 0.4152579 secs] [Times: user=1.92 sys=0.00, real=0.41 secs] 
3668.016: [GC (Allocation Failure) [PSYoungGen: 322560K->106816K(509952K)] 501039K->285295K(1908224K), 0.0432535 secs] [Times: user=0.25 sys=0.00, real=0.04 secs] 
3670.328: [GC (Allocation Failure) [PSYoungGen: 431936K->148720K(510464K)] 610415K->431308K(1908736K), 0.0536223 secs] [Times: user=0.32 sys=0.00, real=0.05 secs] 
3672.374: [GC (Allocation Failure) [PSYoungGen: 473840K->106672K(510976K)] 756428K->528432K(1909248K), 0.1446977 secs] [Times: user=0.86 sys=0.01, real=0.14 secs] 
3674.487: [GC (Allocation Failure) [PSYoungGen: 431280K->149024K(510464K)] 853040K->673252K(1908736K), 0.0525902 secs] [Times: user=0.31 sys=0.00, real=0.05 secs] 
3677.232: [GC (Allocation Failure) [PSYoungGen: 473632K->107456K(510464K)] 997860K->771429K(1908736K), 0.1483788 secs] [Times: user=0.88 sys=0.00, real=0.15 secs] 
3679.004: [GC (Allocation Failure) [PSYoungGen: 432064K->151136K(476160K)] 1096037K->918677K(1874432K), 0.0527868 secs] [Times: user=0.32 sys=0.00, real=0.05 secs] 
3681.393: [GC (Allocation Failure) [PSYoungGen: 475744K->103936K(511488K)] 1243285K->1013769K(1909760K), 0.1479370 secs] [Times: user=0.87 sys=0.00, real=0.14 secs] 
3683.016: [GC (Allocation Failure) [PSYoungGen: 425984K->151520K(473600K)] 1335817K->1161034K(1871872K), 0.1334607 secs] [Times: user=0.79 sys=0.01, real=0.13 secs] 
3686.476: [GC (Allocation Failure) [PSYoungGen: 473568K->103040K(509952K)] 1483082K->1255322K(1908224K), 0.1677465 secs] [Times: user=1.00 sys=0.01, real=0.17 secs] 
3687.507: [GC (Allocation Failure) [PSYoungGen: 417800K->148768K(507904K)] 1570082K->1399795K(1906176K), 0.0512420 secs] [Times: user=0.30 sys=0.01, real=0.05 secs] 
3687.559: [Full GC (Ergonomics) [PSYoungGen: 148768K->0K(507904K)] [ParOldGen: 1251027K->197537K(1398272K)] 1399795K->197537K(1906176K), [Metaspace: 60349K->60349K(1105920K)], 0.4718102 secs] [Times: user=2.20 sys=0.00, real=0.47 secs] 
3690.494: [GC (Allocation Failure) [PSYoungGen: 318976K->101488K(508416K)] 516513K->299034K(1906688K), 0.0571408 secs] [Times: user=0.33 sys=0.00, real=0.05 secs] 
3691.316: [GC (Allocation Failure) [PSYoungGen: 419952K->149856K(468480K)] 617498K->444890K(1866752K), 0.0494842 secs] [Times: user=0.29 sys=0.01, real=0.05 secs] 
3694.050: [GC (Allocation Failure) [PSYoungGen: 468320K->99792K(508416K)] 763354K->536219K(1906688K), 0.1375478 secs] [Times: user=0.81 sys=0.00, real=0.14 secs] 
3694.942: [GC (Allocation Failure) [PSYoungGen: 416208K->148000K(464896K)] 852635K->680459K(1863168K), 0.0491707 secs] [Times: user=0.29 sys=0.00, real=0.05 secs] 
3698.473: [GC (Allocation Failure) [PSYoungGen: 464416K->99744K(508416K)] 996875K->771123K(1906688K), 0.1667369 secs] [Times: user=1.00 sys=0.01, real=0.17 secs] 
3699.967: [GC (Allocation Failure) [PSYoungGen: 415648K->145296K(506368K)] 1087027K->912785K(1904640K), 0.0498715 secs] [Times: user=0.29 sys=0.00, real=0.05 secs] 
3702.733: [GC (Allocation Failure) [PSYoungGen: 461174K->102944K(505344K)] 1228663K->1006828K(1903616K), 0.1666724 secs] [Times: user=0.99 sys=0.00, real=0.16 secs] 
3704.694: [GC (Allocation Failure) [PSYoungGen: 419872K->147472K(506368K)] 1323756K->1150401K(1904640K), 0.0513054 secs] [Times: user=0.30 sys=0.00, real=0.05 secs] 
3706.612: [GC (Allocation Failure) [PSYoungGen: 464400K->102736K(506368K)] 1467329K->1243382K(1904640K), 0.1685512 secs] [Times: user=1.00 sys=0.00, real=0.17 secs] 
3708.251: [GC (Allocation Failure) [PSYoungGen: 420688K->156896K(475136K)] 1561334K->1396030K(1873408K), 0.0522973 secs] [Times: user=0.31 sys=0.00, real=0.05 secs] 
3708.303: [Full GC (Ergonomics) [PSYoungGen: 156896K->0K(475136K)] [ParOldGen: 1239134K->186758K(1398272K)] 1396030K->186758K(1873408K), [Metaspace: 60364K->60364K(1105920K)], 0.4364388 secs] [Times: user=2.01 sys=0.00, real=0.44 secs] 
3711.671: [GC (Allocation Failure) [PSYoungGen: 317952K->101216K(506368K)] 504710K->287974K(1904640K), 0.0766742 secs] [Times: user=0.45 sys=0.00, real=0.08 secs] 
3713.455: [GC (Allocation Failure) [PSYoungGen: 413024K->141760K(453632K)] 599782K->426779K(1851904K), 0.0502695 secs] [Times: user=0.30 sys=0.00, real=0.05 secs] 
3716.483: [GC (Allocation Failure) [PSYoungGen: 453568K->102624K(506368K)] 738587K->520039K(1904640K), 0.1448003 secs] [Times: user=0.86 sys=0.00, real=0.15 secs] 
3718.308: [GC (Allocation Failure) [PSYoungGen: 416992K->143344K(503808K)] 834407K->660565K(1902080K), 0.0520812 secs] [Times: user=0.31 sys=0.00, real=0.05 secs] 
3719.614: [GC (Allocation Failure) [PSYoungGen: 457712K->106976K(505344K)] 974933K->757644K(1903616K), 0.0695127 secs] [Times: user=0.41 sys=0.00, real=0.07 secs] 
3720.598: [GC (Allocation Failure) [PSYoungGen: 426464K->145792K(506368K)] 1077132K->901129K(1904640K), 0.0535588 secs] [Times: user=0.32 sys=0.00, real=0.05 secs] 
3723.009: [GC (Allocation Failure) [PSYoungGen: 465280K->105408K(508416K)] 1220617K->996905K(1906688K), 0.0669900 secs] [Times: user=0.37 sys=0.00, real=0.07 secs] 
3724.456: [GC (Allocation Failure) [PSYoungGen: 428992K->148576K(509440K)] 1320489K->1143594K(1907712K), 0.0539983 secs] [Times: user=0.32 sys=0.00, real=0.05 secs] 
3727.698: [GC (Allocation Failure) [PSYoungGen: 472160K->106528K(509952K)] 1467178K->1241214K(1908224K), 0.0876506 secs] [Times: user=0.52 sys=0.00, real=0.09 secs] 
3729.418: [GC (Allocation Failure) [PSYoungGen: 430624K->146912K(509952K)] 1565310K->1385323K(1908224K), 0.0542848 secs] [Times: user=0.32 sys=0.00, real=0.05 secs] 
3729.472: [Full GC (Ergonomics) [PSYoungGen: 146912K->0K(509952K)] [ParOldGen: 1238411K->183589K(1398272K)] 1385323K->183589K(1908224K), [Metaspace: 60366K->60366K(1105920K)], 0.4253755 secs] [Times: user=1.95 sys=0.00, real=0.43 secs] 
3731.584: [GC (Allocation Failure) [PSYoungGen: 324096K->108672K(509440K)] 507685K->292261K(1907712K), 0.0707416 secs] [Times: user=0.42 sys=0.00, real=0.07 secs] 
3733.179: [GC (Allocation Failure) [PSYoungGen: 433280K->151888K(509952K)] 616869K->440495K(1908224K), 0.0540416 secs] [Times: user=0.31 sys=0.00, real=0.05 secs] 
3736.207: [GC (Allocation Failure) [PSYoungGen: 476496K->103104K(511488K)] 765103K->534894K(1909760K), 0.1727118 secs] [Times: user=1.03 sys=0.00, real=0.17 secs] 
3737.854: [GC (Allocation Failure) [PSYoungGen: 425664K->152384K(475136K)] 857454K->683115K(1873408K), 0.0511308 secs] [Times: user=0.30 sys=0.00, real=0.05 secs] 
3740.950: [GC (Allocation Failure) [PSYoungGen: 474944K->102112K(509440K)] 1005675K->776235K(1907712K), 0.1618047 secs] [Times: user=0.96 sys=0.00, real=0.16 secs] 
3742.126: [GC (Allocation Failure) [PSYoungGen: 416446K->149440K(467968K)] 1090569K->921396K(1866240K), 0.0508543 secs] [Times: user=0.30 sys=0.00, real=0.05 secs] 
3745.835: [GC (Allocation Failure) [PSYoungGen: 467904K->101056K(508928K)] 1239860K->1013672K(1907200K), 0.1633546 secs] [Times: user=0.97 sys=0.00, real=0.16 secs] 
3746.657: [GC (Allocation Failure) [PSYoungGen: 418298K->150496K(467968K)] 1330914K->1159965K(1866240K), 0.0503017 secs] [Times: user=0.29 sys=0.00, real=0.05 secs] 
3749.173: [GC (Allocation Failure) [PSYoungGen: 467936K->101376K(507904K)] 1477405K->1252533K(1906176K), 0.1489107 secs] [Times: user=0.88 sys=0.00, real=0.15 secs] 
3750.985: [GC (Allocation Failure) [PSYoungGen: 416256K->148608K(505856K)] 1567413K->1396790K(1904128K), 0.0504469 secs] [Times: user=0.30 sys=0.00, real=0.05 secs] 
3751.036: [Full GC (Ergonomics) [PSYoungGen: 148608K->0K(505856K)] [ParOldGen: 1248182K->196020K(1398272K)] 1396790K->196020K(1904128K), [Metaspace: 60366K->60366K(1105920K)], 0.4609341 secs] [Times: user=2.13 sys=0.00, real=0.46 secs] 
3754.131: [GC (Allocation Failure) [PSYoungGen: 314880K->102288K(505856K)] 510900K->298309K(1904128K), 0.0866406 secs] [Times: user=0.52 sys=0.00, real=0.09 secs] 
3755.877: [GC (Allocation Failure) [PSYoungGen: 417168K->147600K(505856K)] 613189K->441871K(1904128K), 0.0494780 secs] [Times: user=0.29 sys=0.00, real=0.05 secs] 
3758.598: [GC (GCLocker Initiated GC) [PSYoungGen: 462480K->98112K(506368K)] 756751K->530946K(1904640K), 0.1628967 secs] [Times: user=0.97 sys=0.00, real=0.16 secs] 
3760.087: [GC (Allocation Failure) [PSYoungGen: 413504K->157408K(473088K)] 846394K->684946K(1871360K), 0.0694346 secs] [Times: user=0.41 sys=0.00, real=0.07 secs] 
3762.405: [GC (Allocation Failure) [PSYoungGen: 472800K->101632K(504832K)] 1000338K->769906K(1903104K), 0.0770659 secs] [Times: user=0.46 sys=0.00, real=0.07 secs] 
3764.127: [GC (Allocation Failure) [PSYoungGen: 409856K->142240K(450560K)] 1078130K->908607K(1848832K), 0.0502681 secs] [Times: user=0.30 sys=0.00, real=0.05 secs] 
3767.548: [GC (Allocation Failure) [PSYoungGen: 450464K->98720K(503808K)] 1216831K->998303K(1902080K), 0.0661137 secs] [Times: user=0.40 sys=0.00, real=0.07 secs] 
3768.774: [GC (Allocation Failure) [PSYoungGen: 408992K->142672K(501760K)] 1308575K->1138941K(1900032K), 0.0512423 secs] [Times: user=0.30 sys=0.00, real=0.05 secs] 
3770.947: [GC (Allocation Failure) [PSYoungGen: 452944K->102160K(503808K)] 1449213K->1231885K(1902080K), 0.0670886 secs] [Times: user=0.39 sys=0.00, real=0.07 secs] 
3773.451: [GC (Allocation Failure) [PSYoungGen: 417552K->142144K(504832K)] 1547277K->1371633K(1903104K), 0.0524912 secs] [Times: user=0.31 sys=0.00, real=0.06 secs] 
3773.504: [Full GC (Ergonomics) [PSYoungGen: 142144K->0K(504832K)] [ParOldGen: 1229489K->169881K(1398272K)] 1371633K->169881K(1903104K), [Metaspace: 60366K->60366K(1105920K)], 0.3820066 secs] [Times: user=1.74 sys=0.01, real=0.38 secs] 
3774.982: [GC (Allocation Failure) [PSYoungGen: 315392K->107120K(502784K)] 485273K->277002K(1901056K), 0.0383317 secs] [Times: user=0.23 sys=0.00, real=0.04 secs] 
3776.737: [GC (Allocation Failure) [PSYoungGen: 426608K->143040K(505856K)] 596490K->418611K(1904128K), 0.0543914 secs] [Times: user=0.32 sys=0.00, real=0.05 secs] 
3780.153: [GC (Allocation Failure) [PSYoungGen: 462528K->107216K(507392K)] 738099K->516668K(1905664K), 0.0651507 secs] [Times: user=0.39 sys=0.00, real=0.06 secs] 
3782.062: [GC (Allocation Failure) [PSYoungGen: 432336K->146752K(509440K)] 841788K->661172K(1907712K), 0.0532998 secs] [Times: user=0.31 sys=0.00, real=0.06 secs] 
3784.900: [GC (Allocation Failure) [PSYoungGen: 471872K->108416K(510976K)] 986292K->760348K(1909248K), 0.0737865 secs] [Times: user=0.44 sys=0.00, real=0.08 secs] 
3787.465: [GC (Allocation Failure) [PSYoungGen: 436096K->149040K(511488K)] 1088028K->906989K(1909760K), 0.0544518 secs] [Times: user=0.32 sys=0.00, real=0.05 secs] 
3790.447: [GC (Allocation Failure) [PSYoungGen: 476720K->105824K(512512K)] 1234669K->1003901K(1910784K), 0.1732142 secs] [Times: user=1.03 sys=0.00, real=0.17 secs] 
3792.671: [GC (Allocation Failure) [PSYoungGen: 433504K->159584K(487424K)] 1331581K->1160722K(1885696K), 0.0538478 secs] [Times: user=0.32 sys=0.00, real=0.06 secs] 
3795.729: [GC (Allocation Failure) [PSYoungGen: 487264K->103120K(509440K)] 1488402K->1246798K(1907712K), 0.1720579 secs] [Times: user=1.02 sys=0.00, real=0.17 secs] 
3797.438: [GC (Allocation Failure) [PSYoungGen: 421072K->150832K(468992K)] 1564750K->1393355K(1867264K), 0.0521022 secs] [Times: user=0.30 sys=0.01, real=0.05 secs] 
3797.490: [Full GC (Ergonomics) [PSYoungGen: 150832K->0K(468992K)] [ParOldGen: 1242522K->190275K(1398272K)] 1393355K->190275K(1867264K), [Metaspace: 60377K->60377K(1105920K)], 0.4386491 secs] [Times: user=2.02 sys=0.00, real=0.44 secs] 
3799.911: [GC (Allocation Failure) [PSYoungGen: 317952K->103072K(508416K)] 508227K->293347K(1906688K), 0.1046162 secs] [Times: user=0.62 sys=0.00, real=0.11 secs] 
3801.470: [GC (Allocation Failure) [PSYoungGen: 418976K->147568K(506368K)] 609251K->437013K(1904640K), 0.0509006 secs] [Times: user=0.30 sys=0.00, real=0.05 secs] 
3805.075: [GC (Allocation Failure) [PSYoungGen: 463472K->100928K(505856K)] 752917K->528808K(1904128K), 0.1464031 secs] [Times: user=0.78 sys=0.00, real=0.14 secs] 
3807.648: [GC (Allocation Failure) [PSYoungGen: 417344K->148576K(506368K)] 845224K->673289K(1904640K), 0.0501869 secs] [Times: user=0.30 sys=0.00, real=0.05 secs] 
3810.493: [GC (Allocation Failure) [PSYoungGen: 464992K->102688K(506368K)] 989705K->767145K(1904640K), 0.1663910 secs] [Times: user=0.99 sys=0.01, real=0.16 secs] 
3812.922: [GC (Allocation Failure) [PSYoungGen: 419104K->147888K(506368K)] 1083561K->910666K(1904640K), 0.0514637 secs] [Times: user=0.30 sys=0.00, real=0.06 secs] 
3816.138: [GC (Allocation Failure) [PSYoungGen: 464304K->101520K(506880K)] 1227082K->1003591K(1905152K), 0.1649856 secs] [Times: user=0.98 sys=0.00, real=0.17 secs] 
3818.641: [GC (Allocation Failure) [PSYoungGen: 418448K->144576K(506880K)] 1320519K->1144895K(1905152K), 0.0514638 secs] [Times: user=0.30 sys=0.00, real=0.05 secs] 
3820.266: [GC (Allocation Failure) [PSYoungGen: 461504K->103648K(504832K)] 1461823K->1239299K(1903104K), 0.1805439 secs] [Times: user=1.07 sys=0.00, real=0.18 secs] 
3822.601: [GC (Allocation Failure) [PSYoungGen: 421600K->144768K(506368K)] 1557251K->1381476K(1904640K), 0.0527921 secs] [Times: user=0.31 sys=0.00, real=0.06 secs] 
3822.654: [Full GC (Ergonomics) [PSYoungGen: 144768K->0K(506368K)] [ParOldGen: 1236707K->179444K(1398272K)] 1381476K->179444K(1904640K), [Metaspace: 60379K->60379K(1105920K)], 0.4147719 secs] [Times: user=1.91 sys=0.00, real=0.41 secs] 
3824.405: [GC (Allocation Failure) [PSYoungGen: 317952K->106048K(506368K)] 497396K->285492K(1904640K), 0.0351682 secs] [Times: user=0.21 sys=0.00, real=0.03 secs] 
3826.361: [GC (Allocation Failure) [PSYoungGen: 427072K->146784K(507904K)] 606516K->429593K(1906176K), 0.0527983 secs] [Times: user=0.31 sys=0.00, real=0.06 secs] 
3828.674: [GC (Allocation Failure) [PSYoungGen: 467808K->103744K(508928K)] 750617K->524121K(1907200K), 0.1760312 secs] [Times: user=1.04 sys=0.01, real=0.17 secs] 
3830.926: [GC (Allocation Failure) [PSYoungGen: 426816K->148496K(509440K)] 847193K->669535K(1907712K), 0.0522349 secs] [Times: user=0.31 sys=0.00, real=0.05 secs] 
3833.189: [GC (Allocation Failure) [PSYoungGen: 471568K->105200K(509952K)] 992607K->765735K(1908224K), 0.1700090 secs] [Times: user=1.00 sys=0.00, real=0.17 secs] 
3835.790: [GC (Allocation Failure) [PSYoungGen: 427760K->150336K(473088K)] 1088295K->912083K(1871360K), 0.0523729 secs] [Times: user=0.31 sys=0.00, real=0.05 secs] 
3838.203: [GC (Allocation Failure) [PSYoungGen: 472896K->104144K(510976K)] 1234643K->1007227K(1909248K), 0.1630255 secs] [Times: user=0.97 sys=0.00, real=0.16 secs] 
3840.132: [GC (Allocation Failure) [PSYoungGen: 425168K->149776K(471040K)] 1328251K->1152500K(1869312K), 0.0524612 secs] [Times: user=0.31 sys=0.00, real=0.06 secs] 
3842.908: [GC (Allocation Failure) [PSYoungGen: 470800K->105984K(510976K)] 1473524K->1249292K(1909248K), 0.1619193 secs] [Times: user=0.97 sys=0.00, real=0.16 secs] 
3845.358: [GC (Allocation Failure) [PSYoungGen: 426496K->148576K(508416K)] 1569804K->1393793K(1906688K), 0.0530987 secs] [Times: user=0.32 sys=0.00, real=0.05 secs] 
3845.411: [Full GC (Ergonomics) [PSYoungGen: 148576K->0K(508416K)] [ParOldGen: 1245217K->193078K(1398272K)] 1393793K->193078K(1906688K), [Metaspace: 60379K->60379K(1105920K)], 0.4493319 secs] [Times: user=2.08 sys=0.00, real=0.45 secs] 
3848.727: [GC (Allocation Failure) [PSYoungGen: 320512K->101168K(508928K)] 513590K->294254K(1907200K), 0.0994564 secs] [Times: user=0.58 sys=0.00, real=0.10 secs] 
3850.156: [GC (Allocation Failure) [PSYoungGen: 421168K->150288K(470528K)] 614254K->440620K(1868800K), 0.0500890 secs] [Times: user=0.29 sys=0.00, real=0.05 secs] 
3852.472: [GC (Allocation Failure) [PSYoungGen: 470288K->104096K(509440K)] 760620K->535951K(1907712K), 0.1356654 secs] [Times: user=0.81 sys=0.00, real=0.14 secs] 
3854.878: [GC (Allocation Failure) [PSYoungGen: 422048K->150432K(468480K)] 853903K->681692K(1866752K), 0.0517806 secs] [Times: user=0.31 sys=0.00, real=0.05 secs] 
3858.707: [GC (Allocation Failure) [PSYoungGen: 468384K->98448K(507904K)] 999644K->771433K(1906176K), 0.1700895 secs] [Times: user=0.98 sys=0.03, real=0.17 secs] 
3860.514: [GC (Allocation Failure) [PSYoungGen: 414352K->150304K(466432K)] 1087337K->917889K(1864704K), 0.0501018 secs] [Times: user=0.30 sys=0.00, real=0.05 secs] 
3862.365: [GC (Allocation Failure) [PSYoungGen: 466208K->105024K(507904K)] 1233793K->1014149K(1906176K), 0.1628058 secs] [Times: user=0.96 sys=0.01, real=0.16 secs] 
3863.835: [GC (Allocation Failure) [PSYoungGen: 419392K->146432K(505344K)] 1328517K->1156454K(1903616K), 0.0523880 secs] [Times: user=0.31 sys=0.00, real=0.05 secs] 
3866.033: [GC (Allocation Failure) [PSYoungGen: 460800K->101280K(505344K)] 1470822K->1248142K(1903616K), 0.1664359 secs] [Times: user=0.99 sys=0.01, real=0.17 secs] 
3867.023: [GC (Allocation Failure) [PSYoungGen: 417184K->150336K(505856K)] 1564046K->1394263K(1904128K), 0.0515769 secs] [Times: user=0.30 sys=0.00, real=0.06 secs] 
3867.075: [Full GC (Ergonomics) [PSYoungGen: 150336K->0K(505856K)] [ParOldGen: 1243927K->191411K(1398272K)] 1394263K->191411K(1904128K), [Metaspace: 60390K->60390K(1105920K)], 0.4486325 secs] [Times: user=2.08 sys=0.00, real=0.45 secs] 
3869.583: [GC (Allocation Failure) [PSYoungGen: 315904K->102224K(506880K)] 507315K->293635K(1905152K), 0.1020603 secs] [Times: user=0.61 sys=0.00, real=0.11 secs] 
3871.934: [GC (Allocation Failure) [PSYoungGen: 417104K->145312K(505856K)] 608515K->435127K(1904128K), 0.0495605 secs] [Times: user=0.29 sys=0.00, real=0.05 secs] 
3875.571: [GC (Allocation Failure) [PSYoungGen: 460192K->99072K(504832K)] 750007K->524807K(1903104K), 0.1635447 secs] [Times: user=0.97 sys=0.01, real=0.17 secs] 
3878.016: [GC (Allocation Failure) [PSYoungGen: 414976K->144960K(505856K)] 840711K->666844K(1904128K), 0.0501548 secs] [Times: user=0.29 sys=0.00, real=0.05 secs] 
3879.792: [GC (Allocation Failure) [PSYoungGen: 460864K->102624K(505856K)] 982748K->760340K(1904128K), 0.1211716 secs] [Times: user=0.71 sys=0.00, real=0.12 secs] 
3881.816: [GC (Allocation Failure) [PSYoungGen: 420576K->143712K(506880K)] 1078292K->901109K(1905152K), 0.0520721 secs] [Times: user=0.31 sys=0.00, real=0.05 secs] 
3884.035: [GC (Allocation Failure) [PSYoungGen: 461664K->106976K(504320K)] 1219061K->998413K(1902592K), 0.0978707 secs] [Times: user=0.58 sys=0.00, real=0.09 secs] 
3886.876: [GC (Allocation Failure) [PSYoungGen: 427488K->145616K(506880K)] 1318925K->1141347K(1905152K), 0.0531914 secs] [Times: user=0.32 sys=0.00, real=0.05 secs] 
3889.086: [GC (Allocation Failure) [PSYoungGen: 466128K->104128K(509440K)] 1461859K->1236350K(1907712K), 0.1395994 secs] [Times: user=0.83 sys=0.00, real=0.14 secs] 
3891.605: [GC (Allocation Failure) [PSYoungGen: 428224K->147872K(509952K)] 1560446K->1381387K(1908224K), 0.0528511 secs] [Times: user=0.32 sys=0.00, real=0.05 secs] 
3891.658: [Full GC (Ergonomics) [PSYoungGen: 147872K->0K(509952K)] [ParOldGen: 1233515K->180802K(1398272K)] 1381387K->180802K(1908224K), [Metaspace: 60390K->60390K(1105920K)], 0.4178156 secs] [Times: user=1.93 sys=0.00, real=0.42 secs] 
3895.367: [GC (Allocation Failure) [PSYoungGen: 324096K->105680K(510464K)] 504898K->286483K(1908736K), 0.0960032 secs] [Times: user=0.57 sys=0.00, real=0.10 secs] 
3896.587: [GC (Allocation Failure) [PSYoungGen: 430288K->149984K(474624K)] 611091K->434384K(1872896K), 0.0528136 secs] [Times: user=0.32 sys=0.00, real=0.05 secs] 
3899.843: [GC (Allocation Failure) [PSYoungGen: 474592K->105440K(512000K)] 758992K->531212K(1910272K), 0.1530590 secs] [Times: user=0.91 sys=0.00, real=0.16 secs] 
3901.896: [GC (Allocation Failure) [PSYoungGen: 428000K->150256K(473088K)] 853772K->677601K(1871360K), 0.0517968 secs] [Times: user=0.31 sys=0.00, real=0.05 secs] 
3904.534: [GC (Allocation Failure) [PSYoungGen: 472816K->102816K(510976K)] 1000161K->771489K(1909248K), 0.1361564 secs] [Times: user=0.81 sys=0.00, real=0.13 secs] 
3905.679: [GC (Allocation Failure) [PSYoungGen: 423840K->151616K(473088K)] 1092513K->919766K(1871360K), 0.0520445 secs] [Times: user=0.31 sys=0.00, real=0.05 secs] 
3909.197: [GC (Allocation Failure) [PSYoungGen: 472640K->102432K(509440K)] 1240790K->1013522K(1907712K), 0.1679855 secs] [Times: user=1.00 sys=0.00, real=0.17 secs] 
3911.330: [GC (Allocation Failure) [PSYoungGen: 420384K->148592K(507392K)] 1331474K->1157871K(1905664K), 0.0513610 secs] [Times: user=0.30 sys=0.00, real=0.05 secs] 
3915.832: [GC (Allocation Failure) [PSYoungGen: 466544K->97632K(508416K)] 1475823K->1246591K(1906688K), 0.1471495 secs] [Times: user=0.87 sys=0.00, real=0.15 secs] 
3917.012: [GC (Allocation Failure) [PSYoungGen: 414560K->148928K(465920K)] 1563519K->1391983K(1864192K), 0.0515888 secs] [Times: user=0.30 sys=0.00, real=0.06 secs] 
3917.063: [Full GC (Ergonomics) [PSYoungGen: 148928K->0K(465920K)] [ParOldGen: 1243055K->190470K(1398272K)] 1391983K->190470K(1864192K), [Metaspace: 60390K->60390K(1105920K)], 0.4446433 secs] [Times: user=2.05 sys=0.01, real=0.44 secs] 
3919.924: [GC (Allocation Failure) [PSYoungGen: 316928K->101984K(508416K)] 507398K->292455K(1906688K), 0.0653819 secs] [Times: user=0.38 sys=0.00, real=0.06 secs] 
3921.677: [GC (Allocation Failure) [PSYoungGen: 417376K->148128K(505856K)] 607847K->436692K(1904128K), 0.0508216 secs] [Times: user=0.30 sys=0.00, real=0.05 secs] 
3923.571: [GC (Allocation Failure) [PSYoungGen: 463520K->102240K(506368K)] 752084K->529804K(1904640K), 0.0645889 secs] [Times: user=0.38 sys=0.00, real=0.07 secs] 
3925.182: [GC (Allocation Failure) [PSYoungGen: 418144K->146976K(506368K)] 845708K->673141K(1904640K), 0.0515158 secs] [Times: user=0.30 sys=0.01, real=0.06 secs] 
3927.704: [GC (Allocation Failure) [PSYoungGen: 462880K->102736K(504832K)] 989045K->766878K(1903104K), 0.1522278 secs] [Times: user=0.91 sys=0.00, real=0.15 secs] 
3929.756: [GC (Allocation Failure) [PSYoungGen: 419152K->146144K(505856K)] 1083294K->909050K(1904128K), 0.0513492 secs] [Times: user=0.31 sys=0.00, real=0.05 secs] 
3932.397: [GC (Allocation Failure) [PSYoungGen: 462560K->103648K(505344K)] 1225466K->1003634K(1903616K), 0.1760611 secs] [Times: user=1.05 sys=0.00, real=0.17 secs] 
3934.634: [GC (Allocation Failure) [PSYoungGen: 421600K->143424K(506368K)] 1321586K->1144363K(1904640K), 0.0525347 secs] [Times: user=0.31 sys=0.00, real=0.05 secs] 
3937.304: [GC (Allocation Failure) [PSYoungGen: 461376K->104384K(506368K)] 1462315K->1239523K(1904640K), 0.1068830 secs] [Times: user=0.63 sys=0.00, real=0.10 secs] 
3938.855: [GC (Allocation Failure) [PSYoungGen: 425408K->149024K(507904K)] 1560547K->1385640K(1906176K), 0.0523753 secs] [Times: user=0.31 sys=0.00, real=0.05 secs] 
3938.907: [Full GC (Ergonomics) [PSYoungGen: 149024K->0K(507904K)] [ParOldGen: 1236616K->183734K(1398272K)] 1385640K->183734K(1906176K), [Metaspace: 60390K->60390K(1105920K)], 0.4335489 secs] [Times: user=2.02 sys=0.00, real=0.43 secs] 
3941.587: [GC (Allocation Failure) [PSYoungGen: 321024K->104752K(509440K)] 504758K->288486K(1907712K), 0.1023351 secs] [Times: user=0.60 sys=0.00, real=0.10 secs] 
3943.882: [GC (Allocation Failure) [PSYoungGen: 426288K->148000K(508928K)] 610022K->432859K(1907200K), 0.0519124 secs] [Times: user=0.31 sys=0.00, real=0.06 secs] 
3946.219: [GC (Allocation Failure) [PSYoungGen: 469536K->105024K(508416K)] 754395K->528659K(1906688K), 0.1760388 secs] [Times: user=1.04 sys=0.01, real=0.18 secs] 
3947.722: [GC (Allocation Failure) [PSYoungGen: 427072K->151456K(473600K)] 850707K->676356K(1871872K), 0.0520666 secs] [Times: user=0.31 sys=0.00, real=0.06 secs] 
3950.984: [GC (Allocation Failure) [PSYoungGen: 473504K->101920K(509952K)] 998404K->769296K(1908224K), 0.1594909 secs] [Times: user=0.95 sys=0.01, real=0.16 secs] 
3952.757: [GC (Allocation Failure) [PSYoungGen: 420896K->149520K(468992K)] 1088272K->914626K(1867264K), 0.0510156 secs] [Times: user=0.30 sys=0.00, real=0.05 secs] 
3955.452: [GC (Allocation Failure) [PSYoungGen: 468496K->102720K(509440K)] 1233602K->1008445K(1907712K), 0.1582245 secs] [Times: user=0.95 sys=0.00, real=0.16 secs] 
3956.716: [GC (Allocation Failure) [PSYoungGen: 420672K->148928K(466944K)] 1326397K->1154086K(1865216K), 0.0514518 secs] [Times: user=0.30 sys=0.01, real=0.05 secs] 
3959.766: [GC (Allocation Failure) [PSYoungGen: 466880K->101392K(508928K)] 1472038K->1246775K(1907200K), 0.1606144 secs] [Times: user=0.95 sys=0.00, real=0.16 secs] 
3961.046: [GC (Allocation Failure) [PSYoungGen: 418320K->149408K(466432K)] 1563703K->1391987K(1864704K), 0.0512704 secs] [Times: user=0.30 sys=0.00, real=0.05 secs] 
3961.097: [Full GC (Ergonomics) [PSYoungGen: 149408K->0K(466432K)] [ParOldGen: 1242579K->190217K(1398272K)] 1391987K->190217K(1864704K), [Metaspace: 60390K->60390K(1105920K)], 0.4526946 secs] [Times: user=2.10 sys=0.00, real=0.45 secs] 
3963.193: [GC (Allocation Failure) [PSYoungGen: 316928K->103232K(508928K)] 507145K->293449K(1907200K), 0.0979333 secs] [Times: user=0.58 sys=0.00, real=0.10 secs] 
3964.662: [GC (Allocation Failure) [PSYoungGen: 419648K->147968K(506368K)] 609865K->437042K(1904640K), 0.0503341 secs] [Times: user=0.30 sys=0.00, real=0.05 secs] 
3966.874: [GC (Allocation Failure) [PSYoungGen: 464384K->101376K(506880K)] 753458K->528710K(1905152K), 0.1244860 secs] [Times: user=0.74 sys=0.00, real=0.12 secs] 
3968.709: [GC (Allocation Failure) [PSYoungGen: 418304K->149360K(466432K)] 845638K->673940K(1864704K), 0.0504359 secs] [Times: user=0.30 sys=0.00, real=0.05 secs] 
3971.097: [GC (Allocation Failure) [PSYoungGen: 466288K->103072K(508928K)] 990868K->768151K(1907200K), 0.0922730 secs] [Times: user=0.55 sys=0.01, real=0.09 secs] 
3973.704: [GC (GCLocker Initiated GC) [PSYoungGen: 419488K->144560K(506368K)] 1084568K->909293K(1904640K), 0.1117960 secs] [Times: user=0.67 sys=0.00, real=0.11 secs] 
3976.130: [GC (Allocation Failure) [PSYoungGen: 460976K->102848K(505344K)] 1225711K->1003658K(1903616K), 0.1045163 secs] [Times: user=0.62 sys=0.00, real=0.11 secs] 
3978.056: [GC (Allocation Failure) [PSYoungGen: 420800K->146048K(506368K)] 1321610K->1146555K(1904640K), 0.0517414 secs] [Times: user=0.30 sys=0.00, real=0.05 secs] 
3981.817: [GC (Allocation Failure) [PSYoungGen: 464000K->101888K(507392K)] 1464507K->1239319K(1905664K), 0.0674890 secs] [Times: user=0.40 sys=0.00, real=0.07 secs] 
3983.985: [GC (Allocation Failure) [PSYoungGen: 421888K->143024K(507904K)] 1559319K->1379917K(1906176K), 0.0520479 secs] [Times: user=0.31 sys=0.00, real=0.05 secs] 
3984.037: [Full GC (Ergonomics) [PSYoungGen: 143024K->0K(507904K)] [ParOldGen: 1236892K->177756K(1398272K)] 1379917K->177756K(1906176K), [Metaspace: 60395K->60395K(1105920K)], 0.4050635 secs] [Times: user=1.87 sys=0.00, real=0.40 secs] 
3986.199: [GC (Allocation Failure) [PSYoungGen: 320000K->108000K(504832K)] 497756K->285756K(1903104K), 0.0461711 secs] [Times: user=0.28 sys=0.00, real=0.05 secs] 
3987.319: [GC (Allocation Failure) [PSYoungGen: 430048K->148288K(507392K)] 607804K->432041K(1905664K), 0.0540156 secs] [Times: user=0.31 sys=0.00, real=0.06 secs] 
3990.058: [GC (Allocation Failure) [PSYoungGen: 470336K->108624K(510464K)] 754089K->531538K(1908736K), 0.1593256 secs] [Times: user=0.81 sys=0.01, real=0.16 secs] 
3991.745: [GC (Allocation Failure) [PSYoungGen: 433744K->150432K(475648K)] 856658K->675814K(1873920K), 0.0528583 secs] [Times: user=0.31 sys=0.01, real=0.05 secs] 
3994.076: [GC (Allocation Failure) [PSYoungGen: 475552K->105440K(512512K)] 1000934K->772086K(1910784K), 0.1796015 secs] [Times: user=1.07 sys=0.01, real=0.18 secs] 
3995.377: [GC (Allocation Failure) [PSYoungGen: 429024K->152544K(476160K)] 1095670K->920667K(1874432K), 0.0535571 secs] [Times: user=0.32 sys=0.00, real=0.05 secs] 
3998.128: [GC (Allocation Failure) [PSYoungGen: 476128K->104928K(510976K)] 1244251K->1016539K(1909248K), 0.1035637 secs] [Times: user=0.61 sys=0.00, real=0.10 secs] 
3999.337: [GC (Allocation Failure) [PSYoungGen: 425440K->149152K(508416K)] 1337051K->1161786K(1906688K), 0.0518217 secs] [Times: user=0.31 sys=0.00, real=0.05 secs] 
4003.948: [GC (Allocation Failure) [PSYoungGen: 469664K->98672K(509440K)] 1482298K->1251271K(1907712K), 0.1487440 secs] [Times: user=0.89 sys=0.00, real=0.15 secs] 
4006.376: [GC (Allocation Failure) [PSYoungGen: 417648K->149408K(468480K)] 1570247K->1396027K(1866752K), 0.0503560 secs] [Times: user=0.29 sys=0.00, real=0.05 secs] 
4006.426: [Full GC (Ergonomics) [PSYoungGen: 149408K->0K(468480K)] [ParOldGen: 1246619K->193032K(1398272K)] 1396027K->193032K(1866752K), [Metaspace: 60396K->60396K(1105920K)], 0.4521675 secs] [Times: user=2.10 sys=0.00, real=0.45 secs] 
4008.874: [GC (Allocation Failure) [PSYoungGen: 318976K->104464K(509440K)] 512008K->297496K(1907712K), 0.1047578 secs] [Times: user=0.62 sys=0.01, real=0.10 secs] 
4011.092: [GC (Allocation Failure) [PSYoungGen: 421904K->147744K(506880K)] 614936K->441653K(1905152K), 0.0506477 secs] [Times: user=0.30 sys=0.00, real=0.05 secs] 
4013.469: [GC (Allocation Failure) [PSYoungGen: 465184K->101152K(507392K)] 759093K->534173K(1905664K), 0.1132638 secs] [Times: user=0.67 sys=0.00, real=0.11 secs] 
4015.356: [GC (Allocation Failure) [PSYoungGen: 419104K->148512K(466944K)] 852125K->678410K(1865216K), 0.0502054 secs] [Times: user=0.29 sys=0.00, real=0.05 secs] 
4017.645: [GC (Allocation Failure) [PSYoungGen: 466464K->104640K(509440K)] 996362K->773530K(1907712K), 0.1607242 secs] [Times: user=0.95 sys=0.00, real=0.16 secs] 
4019.112: [GC (Allocation Failure) [PSYoungGen: 422080K->148640K(506880K)] 1090970K->918351K(1905152K), 0.0516239 secs] [Times: user=0.31 sys=0.00, real=0.06 secs] 
4021.927: [GC (Allocation Failure) [PSYoungGen: 466080K->103760K(506368K)] 1235791K->1012876K(1904640K), 0.1298430 secs] [Times: user=0.77 sys=0.00, real=0.13 secs] 
4023.553: [GC (Allocation Failure) [PSYoungGen: 421712K->146176K(506880K)] 1330828K->1155176K(1905152K), 0.0513120 secs] [Times: user=0.31 sys=0.00, real=0.06 secs] 
4027.833: [GC (Allocation Failure) [PSYoungGen: 464128K->103296K(507392K)] 1473128K->1248744K(1905664K), 0.1530846 secs] [Times: user=0.91 sys=0.01, real=0.15 secs] 
4029.353: [GC (Allocation Failure) [PSYoungGen: 422784K->147552K(507904K)] 1568232K->1391937K(1906176K), 0.0518757 secs] [Times: user=0.31 sys=0.00, real=0.06 secs] 
4029.405: [Full GC (Ergonomics) [PSYoungGen: 147552K->0K(507904K)] [ParOldGen: 1244385K->191177K(1398272K)] 1391937K->191177K(1906176K), [Metaspace: 60396K->60396K(1105920K)], 0.4528602 secs] [Times: user=2.11 sys=0.00, real=0.45 secs] 
4032.695: [GC (Allocation Failure) [PSYoungGen: 319488K->105008K(507392K)] 510665K->296186K(1905664K), 0.1034277 secs] [Times: user=0.61 sys=0.00, real=0.10 secs] 
4034.171: [GC (Allocation Failure) [PSYoungGen: 425008K->149344K(507904K)] 616186K->441759K(1906176K), 0.0510899 secs] [Times: user=0.30 sys=0.00, real=0.05 secs] 
4038.245: [GC (Allocation Failure) [PSYoungGen: 469344K->98528K(509440K)] 761759K->531203K(1907712K), 0.1721409 secs] [Times: user=1.02 sys=0.00, real=0.17 secs] 
4041.073: [GC (Allocation Failure) [PSYoungGen: 417504K->158656K(477696K)] 850179K->685176K(1875968K), 0.0504356 secs] [Times: user=0.30 sys=0.00, real=0.06 secs] 
4044.004: [GC (Allocation Failure) [PSYoungGen: 477632K->103072K(505856K)] 1004152K->771144K(1904128K), 0.1714196 secs] [Times: user=1.02 sys=0.00, real=0.17 secs] 
4045.454: [GC (Allocation Failure) [PSYoungGen: 413344K->145680K(503296K)] 1081416K->912738K(1901568K), 0.0511629 secs] [Times: user=0.31 sys=0.00, real=0.05 secs] 
4047.476: [GC (Allocation Failure) [PSYoungGen: 455952K->100864K(503808K)] 1223010K->1004637K(1902080K), 0.1651238 secs] [Times: user=0.98 sys=0.00, real=0.16 secs] 
4049.970: [GC (Allocation Failure) [PSYoungGen: 413184K->144896K(503808K)] 1316957K->1145982K(1902080K), 0.0518847 secs] [Times: user=0.31 sys=0.00, real=0.05 secs] 
4051.812: [GC (Allocation Failure) [PSYoungGen: 457216K->101312K(503296K)] 1458302K->1238238K(1901568K), 0.0649414 secs] [Times: user=0.39 sys=0.00, real=0.07 secs] 
4054.552: [GC (Allocation Failure) [PSYoungGen: 416192K->141568K(504832K)] 1553118K->1377211K(1903104K), 0.0526442 secs] [Times: user=0.31 sys=0.00, real=0.06 secs] 
4054.605: [Full GC (Ergonomics) [PSYoungGen: 141568K->0K(504832K)] [ParOldGen: 1235643K->175423K(1398272K)] 1377211K->175423K(1903104K), [Metaspace: 60397K->60397K(1105920K)], 0.4080564 secs] [Times: user=1.89 sys=0.00, real=0.40 secs] 
4056.149: [GC (GCLocker Initiated GC) [PSYoungGen: 314880K->104912K(503808K)] 490303K->280336K(1902080K), 0.0346016 secs] [Times: user=0.20 sys=0.00, real=0.04 secs] 
4058.277: [GC (Allocation Failure) [PSYoungGen: 423888K->144896K(506368K)] 599315K->422844K(1904640K), 0.0532309 secs] [Times: user=0.32 sys=0.00, real=0.05 secs] 
4060.995: [GC (Allocation Failure) [PSYoungGen: 463872K->105056K(506880K)] 741820K->518304K(1905152K), 0.0647462 secs] [Times: user=0.38 sys=0.00, real=0.06 secs] 
4063.783: [GC (Allocation Failure) [PSYoungGen: 427616K->153616K(476672K)] 840864K->669642K(1874944K), 0.0533545 secs] [Times: user=0.31 sys=0.00, real=0.06 secs] 
4066.078: [GC (Allocation Failure) [PSYoungGen: 476176K->108896K(511488K)] 992202K->761017K(1909760K), 0.0660195 secs] [Times: user=0.39 sys=0.01, real=0.07 secs] 
4068.078: [GC (Allocation Failure) [PSYoungGen: 429408K->155136K(476160K)] 1081529K->913648K(1874432K), 0.0546089 secs] [Times: user=0.33 sys=0.00, real=0.05 secs] 
4071.282: [GC (Allocation Failure) [PSYoungGen: 475648K->104608K(508928K)] 1234160K->1001084K(1907200K), 0.0975137 secs] [Times: user=0.58 sys=0.00, real=0.10 secs] 
4074.403: [GC (Allocation Failure) [PSYoungGen: 421024K->158352K(475136K)] 1317500K->1156802K(1873408K), 0.0527288 secs] [Times: user=0.31 sys=0.00, real=0.06 secs] 
4075.664: [GC (Allocation Failure) [PSYoungGen: 474768K->104480K(505856K)] 1473218K->1234965K(1904128K), 0.0643452 secs] [Times: user=0.38 sys=0.00, real=0.06 secs] 
4078.343: [GC (Allocation Failure) [PSYoungGen: 414752K->139840K(450560K)] 1545237K->1372042K(1848832K), 0.0523351 secs] [Times: user=0.31 sys=0.00, real=0.06 secs] 
4078.395: [Full GC (Ergonomics) [PSYoungGen: 139840K->0K(450560K)] [ParOldGen: 1232202K->170178K(1398272K)] 1372042K->170178K(1848832K), [Metaspace: 60397K->60397K(1105920K)], 0.3830962 secs] [Times: user=1.76 sys=0.00, real=0.38 secs] 
4080.311: [GC (Allocation Failure) [PSYoungGen: 310272K->104576K(504320K)] 480450K->274754K(1902592K), 0.0361217 secs] [Times: user=0.21 sys=0.01, real=0.04 secs] 
4082.455: [GC (Allocation Failure) [PSYoungGen: 417408K->139664K(501760K)] 587586K->412388K(1900032K), 0.0534058 secs] [Times: user=0.31 sys=0.00, real=0.05 secs] 
4083.925: [GC (Allocation Failure) [PSYoungGen: 452496K->108400K(506880K)] 725220K->510809K(1905152K), 0.0633043 secs] [Times: user=0.38 sys=0.00, real=0.06 secs] 
4086.404: [GC (Allocation Failure) [PSYoungGen: 429936K->142560K(506368K)] 832345K->650301K(1904640K), 0.0530090 secs] [Times: user=0.32 sys=0.00, real=0.05 secs] 
4089.761: [GC (Allocation Failure) [PSYoungGen: 464096K->108896K(509440K)] 971837K->749657K(1907712K), 0.0645788 secs] [Times: user=0.38 sys=0.00, real=0.07 secs] 
4092.580: [GC (Allocation Failure) [PSYoungGen: 437600K->146912K(511488K)] 1078361K->895045K(1909760K), 0.0544790 secs] [Times: user=0.32 sys=0.00, real=0.06 secs] 
4095.084: [GC (Allocation Failure) [PSYoungGen: 475616K->107856K(513536K)] 1223749K->994182K(1911808K), 0.0779247 secs] [Times: user=0.47 sys=0.00, real=0.07 secs] 
4097.993: [GC (Allocation Failure) [PSYoungGen: 438608K->150560K(481792K)] 1324934K->1141686K(1880064K), 0.0536794 secs] [Times: user=0.32 sys=0.00, real=0.05 secs] 
4101.051: [GC (Allocation Failure) [PSYoungGen: 481312K->108112K(515072K)] 1472438K->1241039K(1913344K), 0.1709710 secs] [Times: user=1.02 sys=0.00, real=0.17 secs] 
4103.418: [GC (Allocation Failure) [PSYoungGen: 436816K->150032K(479232K)] 1569743K->1388760K(1877504K), 0.0546449 secs] [Times: user=0.32 sys=0.00, real=0.05 secs] 
4103.472: [Full GC (Ergonomics) [PSYoungGen: 150032K->0K(479232K)] [ParOldGen: 1238727K->186996K(1398272K)] 1388760K->186996K(1877504K), [Metaspace: 60411K->60411K(1105920K)], 0.4185557 secs] [Times: user=1.91 sys=0.01, real=0.42 secs] 
4106.601: [GC (GCLocker Initiated GC) [PSYoungGen: 328704K->106672K(514048K)] 515700K->293669K(1912320K), 0.1054775 secs] [Times: user=0.62 sys=0.00, real=0.11 secs] 
4108.360: [GC (Allocation Failure) [PSYoungGen: 433840K->154336K(481792K)] 620888K->444288K(1880064K), 0.0527898 secs] [Times: user=0.31 sys=0.00, real=0.05 secs] 
4112.403: [GC (Allocation Failure) [PSYoungGen: 481504K->104208K(511488K)] 771456K->539669K(1909760K), 0.1766691 secs] [Times: user=1.06 sys=0.00, real=0.18 secs] 
4113.258: [GC (Allocation Failure) [PSYoungGen: 422424K->148496K(509440K)] 857885K->683974K(1907712K), 0.0509398 secs] [Times: user=0.30 sys=0.00, real=0.05 secs] 
4116.526: [GC (Allocation Failure) [PSYoungGen: 470544K->103168K(509952K)] 1006022K->778225K(1908224K), 0.1713171 secs] [Times: user=1.02 sys=0.00, real=0.17 secs] 
4118.415: [GC (Allocation Failure) [PSYoungGen: 423214K->148400K(470016K)] 1098272K->922219K(1868288K), 0.0507622 secs] [Times: user=0.29 sys=0.00, real=0.05 secs] 
4121.189: [GC (Allocation Failure) [PSYoungGen: 469936K->103616K(510976K)] 1243755K->1016970K(1909248K), 0.1702770 secs] [Times: user=1.01 sys=0.00, real=0.17 secs] 
4123.399: [GC (Allocation Failure) [PSYoungGen: 419513K->147776K(508928K)] 1332868K->1160451K(1907200K), 0.0508712 secs] [Times: user=0.30 sys=0.00, real=0.05 secs] 
4126.625: [GC (Allocation Failure) [PSYoungGen: 468800K->100656K(509440K)] 1481475K->1252136K(1907712K), 0.1703516 secs] [Times: user=1.02 sys=0.00, real=0.17 secs] 
4128.218: [GC (Allocation Failure) [PSYoungGen: 418127K->150912K(471552K)] 1569607K->1399028K(1869824K), 0.0513241 secs] [Times: user=0.30 sys=0.00, real=0.05 secs] 
4128.270: [Full GC (Ergonomics) [PSYoungGen: 150912K->0K(471552K)] [ParOldGen: 1248116K->196963K(1398272K)] 1399028K->196963K(1869824K), [Metaspace: 60411K->60411K(1105920K)], 0.4552526 secs] [Times: user=2.11 sys=0.00, real=0.46 secs] 
4131.269: [GC (Allocation Failure) [PSYoungGen: 320512K->100368K(508928K)] 517475K->297332K(1907200K), 0.0898981 secs] [Times: user=0.53 sys=0.00, real=0.09 secs] 
4132.553: [GC (Allocation Failure) [PSYoungGen: 417808K->149776K(467456K)] 614772K->442973K(1865728K), 0.0493079 secs] [Times: user=0.29 sys=0.00, real=0.05 secs] 
4135.870: [GC (Allocation Failure) [PSYoungGen: 467216K->98672K(507904K)] 760413K->532769K(1906176K), 0.1668650 secs] [Times: user=0.99 sys=0.00, real=0.17 secs] 
4138.570: [GC (Allocation Failure) [PSYoungGen: 414064K->147536K(463360K)] 848161K->675669K(1861632K), 0.0490659 secs] [Times: user=0.29 sys=0.00, real=0.05 secs] 
4142.551: [GC (Allocation Failure) [PSYoungGen: 462928K->99008K(507904K)] 991061K->765661K(1906176K), 0.1568162 secs] [Times: user=0.93 sys=0.00, real=0.16 secs] 
4145.309: [GC (Allocation Failure) [PSYoungGen: 413888K->144608K(505856K)] 1080541K->906410K(1904128K), 0.0497298 secs] [Times: user=0.30 sys=0.00, real=0.05 secs] 
4146.860: [GC (Allocation Failure) [PSYoungGen: 459488K->104544K(502784K)] 1221290K->1001610K(1901056K), 0.1536228 secs] [Times: user=0.91 sys=0.01, real=0.16 secs] 
4149.519: [GC (Allocation Failure) [PSYoungGen: 420448K->145312K(504832K)] 1317514K->1143269K(1903104K), 0.0524231 secs] [Times: user=0.31 sys=0.00, real=0.05 secs] 
4151.050: [GC (Allocation Failure) [PSYoungGen: 461216K->106512K(505344K)] 1459173K->1240250K(1903616K), 0.0650127 secs] [Times: user=0.39 sys=0.01, real=0.07 secs] 
4152.496: [GC (Allocation Failure) [PSYoungGen: 426000K->144768K(506880K)] 1559738K->1382126K(1905152K), 0.0535351 secs] [Times: user=0.31 sys=0.00, real=0.05 secs] 
4152.549: [Full GC (Ergonomics) [PSYoungGen: 144768K->0K(506880K)] [ParOldGen: 1237358K->182097K(1398272K)] 1382126K->182097K(1905152K), [Metaspace: 60411K->60411K(1105920K)], 0.4237680 secs] [Times: user=1.97 sys=0.00, real=0.43 secs] 
4155.317: [GC (Allocation Failure) [PSYoungGen: 319488K->109025K(505856K)] 501585K->291123K(1904128K), 0.0337544 secs] [Times: user=0.20 sys=0.00, real=0.03 secs] 
4157.404: [GC (Allocation Failure) [PSYoungGen: 431585K->146320K(507904K)] 613683K->431896K(1906176K), 0.0527590 secs] [Times: user=0.31 sys=0.00, real=0.05 secs] 
4160.241: [GC (Allocation Failure) [PSYoungGen: 468880K->110208K(509440K)] 754456K->532395K(1907712K), 0.1091827 secs] [Times: user=0.64 sys=0.00, real=0.11 secs] 
4161.922: [GC (Allocation Failure) [PSYoungGen: 436352K->151056K(510464K)] 858539K->677437K(1908736K), 0.0530991 secs] [Times: user=0.32 sys=0.00, real=0.06 secs] 
4165.123: [GC (Allocation Failure) [PSYoungGen: 477200K->108592K(512000K)] 1003581K->776577K(1910272K), 0.1609762 secs] [Times: user=0.96 sys=0.00, real=0.17 secs] 
4166.300: [GC (Allocation Failure) [PSYoungGen: 429155K->150400K(476160K)] 1097140K->923041K(1874432K), 0.0532957 secs] [Times: user=0.31 sys=0.01, real=0.05 secs] 
4171.064: [GC (Allocation Failure) [PSYoungGen: 476032K->101408K(512000K)] 1248673K->1015629K(1910272K), 0.1640214 secs] [Times: user=0.98 sys=0.00, real=0.16 secs] 
4172.797: [GC (Allocation Failure) [PSYoungGen: 422758K->149840K(473600K)] 1336980K->1161586K(1871872K), 0.0513430 secs] [Times: user=0.30 sys=0.01, real=0.05 secs] 
4175.897: [GC (Allocation Failure) [PSYoungGen: 473424K->103352K(510976K)] 1485170K->1256231K(1909248K), 0.1664095 secs] [Times: user=0.99 sys=0.00, real=0.17 secs] 
4177.651: [GC (Allocation Failure) [PSYoungGen: 419359K->147920K(508928K)] 1572237K->1400219K(1907200K), 0.0515572 secs] [Times: user=0.30 sys=0.00, real=0.05 secs] 
4177.703: [Full GC (Ergonomics) [PSYoungGen: 147920K->0K(508928K)] [ParOldGen: 1252299K->197472K(1398272K)] 1400219K->197472K(1907200K), [Metaspace: 60412K->60412K(1105920K)], 0.4622787 secs] [Times: user=2.15 sys=0.00, real=0.47 secs] 
4180.774: [GC (Allocation Failure) [PSYoungGen: 321024K->100768K(509440K)] 518496K->298240K(1907712K), 0.1030621 secs] [Times: user=0.61 sys=0.00, real=0.10 secs] 
4182.754: [GC (Allocation Failure) [PSYoungGen: 420550K->150384K(471040K)] 618022K->444526K(1869312K), 0.0492190 secs] [Times: user=0.29 sys=0.00, real=0.05 secs] 
4186.192: [GC (Allocation Failure) [PSYoungGen: 470896K->103120K(509440K)] 765038K->539006K(1907712K), 0.1485487 secs] [Times: user=0.88 sys=0.00, real=0.15 secs] 
4187.958: [GC (Allocation Failure) [PSYoungGen: 421072K->148800K(507392K)] 856958K->683762K(1905664K), 0.0508019 secs] [Times: user=0.30 sys=0.00, real=0.05 secs] 
4190.160: [GC (Allocation Failure) [PSYoungGen: 466752K->102304K(507392K)] 1001714K->776542K(1905664K), 0.1745654 secs] [Times: user=1.04 sys=0.01, real=0.18 secs] 
4191.983: [GC (Allocation Failure) [PSYoungGen: 415984K->149088K(467456K)] 1090222K->921735K(1865728K), 0.0505208 secs] [Times: user=0.30 sys=0.00, real=0.06 secs] 
4195.486: [GC (Allocation Failure) [PSYoungGen: 467040K->100192K(508928K)] 1239687K->1013383K(1907200K), 0.1591815 secs] [Times: user=0.95 sys=0.01, real=0.16 secs] 
4197.614: [GC (Allocation Failure) [PSYoungGen: 417120K->148576K(465920K)] 1330311K->1158308K(1864192K), 0.0502564 secs] [Times: user=0.29 sys=0.00, real=0.05 secs] 
4200.878: [GC (Allocation Failure) [PSYoungGen: 465504K->99872K(508416K)] 1475236K->1249236K(1906688K), 0.1440154 secs] [Times: user=0.85 sys=0.00, real=0.14 secs] 
4202.444: [GC (Allocation Failure) [PSYoungGen: 415776K->148752K(464896K)] 1565140K->1393917K(1863168K), 0.0505809 secs] [Times: user=0.30 sys=0.00, real=0.05 secs] 
4202.494: [Full GC (Ergonomics) [PSYoungGen: 148752K->0K(464896K)] [ParOldGen: 1245165K->192333K(1398272K)] 1393917K->192333K(1863168K), [Metaspace: 60412K->60412K(1105920K)], 0.4445727 secs] [Times: user=2.04 sys=0.00, real=0.44 secs] 
4204.844: [GC (Allocation Failure) [PSYoungGen: 315904K->102704K(508416K)] 508237K->295038K(1906688K), 0.0994340 secs] [Times: user=0.59 sys=0.01, real=0.10 secs] 
4206.770: [GC (Allocation Failure) [PSYoungGen: 418096K->147328K(505856K)] 610430K->438230K(1904128K), 0.0503496 secs] [Times: user=0.30 sys=0.00, real=0.05 secs] 
4209.465: [GC (Allocation Failure) [PSYoungGen: 462720K->102016K(505344K)] 753622K->530830K(1903616K), 0.1710390 secs] [Times: user=1.02 sys=0.00, real=0.17 secs] 
4211.780: [GC (Allocation Failure) [PSYoungGen: 417920K->146816K(505856K)] 846734K->673727K(1904128K), 0.0504758 secs] [Times: user=0.30 sys=0.00, real=0.05 secs] 
4214.242: [GC (Allocation Failure) [PSYoungGen: 462720K->99600K(506880K)] 989631K->764415K(1905152K), 0.1303956 secs] [Times: user=0.78 sys=0.00, real=0.13 secs] 
4216.611: [GC (Allocation Failure) [PSYoungGen: 416528K->144736K(506880K)] 1081343K->906347K(1905152K), 0.0503994 secs] [Times: user=0.30 sys=0.00, real=0.05 secs] 
4218.879: [GC (Allocation Failure) [PSYoungGen: 461664K->103680K(504832K)] 1223275K->1000952K(1903104K), 0.0625029 secs] [Times: user=0.37 sys=0.00, real=0.06 secs] 
4221.246: [GC (Allocation Failure) [PSYoungGen: 421632K->143488K(506368K)] 1318904K->1142076K(1904640K), 0.0521977 secs] [Times: user=0.31 sys=0.00, real=0.05 secs] 
4222.813: [GC (Allocation Failure) [PSYoungGen: 461440K->103856K(506368K)] 1460028K->1236557K(1904640K), 0.0747556 secs] [Times: user=0.44 sys=0.00, real=0.08 secs] 
4225.453: [GC (Allocation Failure) [PSYoungGen: 424880K->148448K(507904K)] 1557581K->1382065K(1906176K), 0.0527454 secs] [Times: user=0.31 sys=0.00, real=0.06 secs] 
4225.506: [Full GC (Ergonomics) [PSYoungGen: 148448K->0K(507904K)] [ParOldGen: 1233617K->180035K(1398272K)] 1382065K->180035K(1906176K), [Metaspace: 60412K->60412K(1105920K)], 0.4057245 secs] [Times: user=1.86 sys=0.00, real=0.40 secs] 
4227.890: [GC (Allocation Failure) [PSYoungGen: 321024K->106160K(508416K)] 501059K->286196K(1906688K), 0.1039606 secs] [Times: user=0.61 sys=0.01, real=0.11 secs] 
4230.400: [GC (Allocation Failure) [PSYoungGen: 428720K->146336K(508928K)] 608756K->430281K(1907200K), 0.0524424 secs] [Times: user=0.31 sys=0.00, real=0.05 secs] 
4232.475: [GC (Allocation Failure) [PSYoungGen: 468896K->108272K(508416K)] 752841K->529381K(1906688K), 0.1779850 secs] [Times: user=1.06 sys=0.00, real=0.17 secs] 
4235.325: [GC (Allocation Failure) [PSYoungGen: 432368K->148880K(509440K)] 853477K->672314K(1907712K), 0.0523862 secs] [Times: user=0.30 sys=0.00, real=0.05 secs] 
4239.089: [GC (Allocation Failure) [PSYoungGen: 472976K->105008K(510976K)] 996410K->767962K(1909248K), 0.0824761 secs] [Times: user=0.49 sys=0.00, real=0.08 secs] 
4241.128: [GC (Allocation Failure) [PSYoungGen: 429616K->151089K(476160K)] 1092570K->915227K(1874432K), 0.0522406 secs] [Times: user=0.31 sys=0.00, real=0.05 secs] 
4244.330: [GC (Allocation Failure) [PSYoungGen: 475697K->105152K(511488K)] 1239835K->1011403K(1909760K), 0.1725356 secs] [Times: user=1.02 sys=0.01, real=0.17 secs] 
4246.232: [GC (Allocation Failure) [PSYoungGen: 427200K->150064K(472576K)] 1333451K->1158028K(1870848K), 0.0532741 secs] [Times: user=0.32 sys=0.00, real=0.06 secs] 
4249.741: [GC (Allocation Failure) [PSYoungGen: 472112K->105120K(510976K)] 1480076K->1253971K(1909248K), 0.1671688 secs] [Times: user=0.99 sys=0.00, real=0.17 secs] 
4250.655: [GC (Allocation Failure) [PSYoungGen: 425632K->148880K(508416K)] 1574483K->1399629K(1906688K), 0.0531977 secs] [Times: user=0.32 sys=0.00, real=0.05 secs] 
4250.708: [Full GC (Ergonomics) [PSYoungGen: 148880K->0K(508416K)] [ParOldGen: 1250748K->197810K(1398272K)] 1399629K->197810K(1906688K), [Metaspace: 60412K->60412K(1105920K)], 0.4612376 secs] [Times: user=2.13 sys=0.00, real=0.46 secs] 
4255.680: [GC (Allocation Failure) [PSYoungGen: 320512K->98816K(509440K)] 518322K->296626K(1907712K), 0.1006604 secs] [Times: user=0.60 sys=0.00, real=0.10 secs] 
4256.940: [GC (Allocation Failure) [PSYoungGen: 418304K->152144K(472064K)] 616114K->444171K(1870336K), 0.0574708 secs] [Times: user=0.32 sys=0.00, real=0.06 secs] 
4259.217: [GC (Allocation Failure) [PSYoungGen: 471632K->105904K(508928K)] 763659K->541427K(1907200K), 0.1799062 secs] [Times: user=1.07 sys=0.00, real=0.18 secs] 
4260.098: [GC (Allocation Failure) [PSYoungGen: 422320K->147248K(506368K)] 857843K->684411K(1904640K), 0.0510897 secs] [Times: user=0.30 sys=0.00, real=0.05 secs] 
4263.683: [GC (Allocation Failure) [PSYoungGen: 463664K->100912K(507392K)] 1000827K->776371K(1905664K), 0.1724178 secs] [Times: user=1.02 sys=0.01, real=0.18 secs] 
4266.032: [GC (Allocation Failure) [PSYoungGen: 418352K->148288K(465920K)] 1093811K->920127K(1864192K), 0.0496176 secs] [Times: user=0.30 sys=0.00, real=0.05 secs] 
4268.552: [GC (Allocation Failure) [PSYoungGen: 465728K->103504K(509440K)] 1237567K->1014763K(1907712K), 0.1685380 secs] [Times: user=1.01 sys=0.00, real=0.17 secs] 
4269.852: [GC (Allocation Failure) [PSYoungGen: 420944K->149568K(506880K)] 1332203K->1160108K(1905152K), 0.0508161 secs] [Times: user=0.30 sys=0.00, real=0.05 secs] 
4273.163: [GC (Allocation Failure) [PSYoungGen: 467008K->100720K(507904K)] 1477548K->1252212K(1906176K), 0.1746080 secs] [Times: user=1.03 sys=0.00, real=0.17 secs] 
4274.684: [GC (Allocation Failure) [PSYoungGen: 417136K->148064K(464896K)] 1568628K->1396389K(1863168K), 0.0508695 secs] [Times: user=0.30 sys=0.00, real=0.05 secs] 
4274.735: [Full GC (Ergonomics) [PSYoungGen: 148064K->0K(464896K)] [ParOldGen: 1248325K->193543K(1398272K)] 1396389K->193543K(1863168K), [Metaspace: 60412K->60412K(1105920K)], 0.4589592 secs] [Times: user=2.13 sys=0.00, real=0.46 secs] 
4278.972: [GC (Allocation Failure) [PSYoungGen: 316416K->101536K(508416K)] 509959K->295079K(1906688K), 0.0896516 secs] [Times: user=0.53 sys=0.00, real=0.09 secs] 
4280.886: [GC (Allocation Failure) [PSYoungGen: 417440K->147328K(506368K)] 610983K->438180K(1904640K), 0.0496042 secs] [Times: user=0.29 sys=0.00, real=0.05 secs] 
4282.845: [GC (Allocation Failure) [PSYoungGen: 463232K->101632K(505856K)] 754084K->530708K(1904128K), 0.0829396 secs] [Times: user=0.49 sys=0.01, real=0.08 secs] 
4285.393: [GC (Allocation Failure) [PSYoungGen: 418048K->146096K(506368K)] 847124K->673206K(1904640K), 0.1131075 secs] [Times: user=0.68 sys=0.00, real=0.11 secs] 
4288.099: [GC (Allocation Failure) [PSYoungGen: 462512K->101856K(505344K)] 989622K->766545K(1903616K), 0.0724718 secs] [Times: user=0.43 sys=0.00, real=0.07 secs] 
4290.246: [GC (Allocation Failure) [PSYoungGen: 419296K->155024K(472576K)] 1083985K->917499K(1870848K), 0.0517428 secs] [Times: user=0.30 sys=0.01, real=0.05 secs] 
4293.534: [GC (Allocation Failure) [PSYoungGen: 472464K->104256K(507392K)] 1234939K->1004086K(1905664K), 0.1264659 secs] [Times: user=0.76 sys=0.00, real=0.12 secs] 
4296.810: [GC (Allocation Failure) [PSYoungGen: 417600K->145504K(504832K)] 1317430K->1146367K(1903104K), 0.0523487 secs] [Times: user=0.31 sys=0.00, real=0.05 secs] 
4299.098: [GC (Allocation Failure) [PSYoungGen: 458848K->101824K(503808K)] 1459711K->1239203K(1902080K), 0.1446227 secs] [Times: user=0.86 sys=0.00, real=0.14 secs] 
4301.016: [GC (Allocation Failure) [PSYoungGen: 416704K->142976K(504832K)] 1554083K->1379936K(1903104K), 0.0520896 secs] [Times: user=0.31 sys=0.00, real=0.05 secs] 
4301.068: [Full GC (Ergonomics) [PSYoungGen: 142976K->0K(504832K)] [ParOldGen: 1236960K->178451K(1398272K)] 1379936K->178451K(1903104K), [Metaspace: 60414K->60414K(1105920K)], 0.4060270 secs] [Times: user=1.86 sys=0.00, real=0.41 secs] 
4303.601: [GC (Allocation Failure) [PSYoungGen: 314880K->102176K(504320K)] 493331K->280627K(1902592K), 0.0344986 secs] [Times: user=0.21 sys=0.00, real=0.04 secs] 
4307.019: [GC (Allocation Failure) [PSYoungGen: 420640K->143360K(506368K)] 599091K->421760K(1904640K), 0.0520170 secs] [Times: user=0.31 sys=0.00, real=0.05 secs] 
4308.348: [GC (Allocation Failure) [PSYoungGen: 461824K->106896K(505856K)] 740224K->519365K(1904128K), 0.0673125 secs] [Times: user=0.40 sys=0.00, real=0.07 secs] 
4310.866: [GC (Allocation Failure) [PSYoungGen: 428944K->146448K(507904K)] 841413K->663334K(1906176K), 0.0529509 secs] [Times: user=0.32 sys=0.00, real=0.05 secs] 
4312.520: [GC (Allocation Failure) [PSYoungGen: 468496K->108944K(508928K)] 985382K->762718K(1907200K), 0.0701609 secs] [Times: user=0.41 sys=0.01, real=0.07 secs] 
4315.126: [GC (Allocation Failure) [PSYoungGen: 434064K->146112K(509952K)] 1087838K->906274K(1908224K), 0.0540100 secs] [Times: user=0.32 sys=0.00, real=0.05 secs] 
4317.602: [GC (Allocation Failure) [PSYoungGen: 471232K->109984K(509952K)] 1231394K->1006286K(1908224K), 0.0852014 secs] [Times: user=0.50 sys=0.00, real=0.09 secs] 
4319.586: [GC (Allocation Failure) [PSYoungGen: 437152K->152096K(510976K)] 1333454K->1154587K(1909248K), 0.0554195 secs] [Times: user=0.33 sys=0.00, real=0.05 secs] 
4323.323: [GC (Allocation Failure) [PSYoungGen: 479264K->106528K(512512K)] 1481755K->1251711K(1910784K), 0.1743690 secs] [Times: user=1.04 sys=0.00, real=0.17 secs] 
4324.836: [GC (Allocation Failure) [PSYoungGen: 432160K->151376K(477184K)] 1577343K->1399292K(1875456K), 0.0534130 secs] [Times: user=0.31 sys=0.00, real=0.05 secs] 
4324.889: [Full GC (Ergonomics) [PSYoungGen: 151376K->0K(477184K)] [ParOldGen: 1247916K->197616K(1398272K)] 1399292K->197616K(1875456K), [Metaspace: 60414K->60414K(1105920K)], 0.4596959 secs] [Times: user=2.13 sys=0.00, real=0.46 secs] 
4327.706: [GC (Allocation Failure) [PSYoungGen: 325632K->108192K(512512K)] 523248K->305808K(1910784K), 0.0727739 secs] [Times: user=0.42 sys=0.01, real=0.07 secs] 
4328.673: [GC (Allocation Failure) [PSYoungGen: 416294K->143520K(509952K)] 613910K->445173K(1908224K), 0.0502954 secs] [Times: user=0.30 sys=0.00, real=0.05 secs] 
4332.093: [GC (Allocation Failure) [PSYoungGen: 467104K->101920K(510976K)] 768757K->538061K(1909248K), 0.1653583 secs] [Times: user=0.98 sys=0.00, real=0.17 secs] 
4334.095: [GC (Allocation Failure) [PSYoungGen: 421137K->149440K(510464K)] 857279K->683498K(1908736K), 0.0500249 secs] [Times: user=0.30 sys=0.01, real=0.05 secs] 
4336.413: [GC (Allocation Failure) [PSYoungGen: 474560K->104192K(511488K)] 1008618K->778682K(1909760K), 0.1566447 secs] [Times: user=0.94 sys=0.00, real=0.15 secs] 
4337.749: [GC (Allocation Failure) [PSYoungGen: 420689K->148048K(510464K)] 1095180K->922682K(1908736K), 0.0509117 secs] [Times: user=0.30 sys=0.00, real=0.05 secs] 
4342.402: [GC (Allocation Failure) [PSYoungGen: 472144K->103136K(510976K)] 1246778K->1017014K(1909248K), 0.1747060 secs] [Times: user=1.04 sys=0.00, real=0.18 secs] 
4343.902: [GC (Allocation Failure) [PSYoungGen: 420515K->147520K(471552K)] 1334393K->1160770K(1869824K), 0.0745732 secs] [Times: user=0.44 sys=0.00, real=0.08 secs] 
4347.292: [GC (Allocation Failure) [PSYoungGen: 471104K->102176K(512000K)] 1484354K->1254419K(1910272K), 0.1685923 secs] [Times: user=1.01 sys=0.01, real=0.17 secs] 
4348.364: [GC (Allocation Failure) [PSYoungGen: 421958K->150080K(473600K)] 1574201K->1400267K(1871872K), 0.0511912 secs] [Times: user=0.30 sys=0.00, real=0.05 secs] 
4348.415: [Full GC (Ergonomics) [PSYoungGen: 150080K->0K(473600K)] [ParOldGen: 1250187K->197473K(1398272K)] 1400267K->197473K(1871872K), [Metaspace: 60415K->60415K(1105920K)], 0.4582652 secs] [Times: user=2.11 sys=0.00, real=0.46 secs] 
4352.778: [GC (Allocation Failure) [PSYoungGen: 323072K->100864K(510464K)] 520545K->298337K(1908736K), 0.0961650 secs] [Times: user=0.56 sys=0.00, real=0.10 secs] 
4354.575: [GC (Allocation Failure) [PSYoungGen: 421376K->146960K(467968K)] 618849K->441407K(1866240K), 0.0492014 secs] [Times: user=0.29 sys=0.01, real=0.05 secs] 
4358.839: [GC (Allocation Failure) [PSYoungGen: 467472K->102544K(510976K)] 761919K->534043K(1909248K), 0.1727885 secs] [Times: user=1.04 sys=0.00, real=0.17 secs] 
4360.031: [GC (Allocation Failure) [PSYoungGen: 423056K->158112K(478720K)] 854555K->687751K(1876992K), 0.0515952 secs] [Times: user=0.30 sys=0.00, real=0.05 secs] 
4362.525: [GC (Allocation Failure) [PSYoungGen: 478624K->106720K(507904K)] 1008263K->776927K(1906176K), 0.1390396 secs] [Times: user=0.83 sys=0.01, real=0.14 secs] 
4363.127: [GC (Allocation Failure) [PSYoungGen: 420576K->148896K(504832K)] 1090783K->921856K(1903104K), 0.0520507 secs] [Times: user=0.31 sys=0.00, real=0.05 secs] 
4366.208: [GC (Allocation Failure) [PSYoungGen: 462752K->99296K(506368K)] 1235712K->1012404K(1904640K), 0.1715088 secs] [Times: user=1.02 sys=0.00, real=0.17 secs] 
4367.185: [GC (Allocation Failure) [PSYoungGen: 413664K->149376K(463872K)] 1326772K->1158225K(1862144K), 0.0501972 secs] [Times: user=0.30 sys=0.00, real=0.05 secs] 
4369.723: [GC (Allocation Failure) [PSYoungGen: 463744K->97808K(506368K)] 1472593K->1247341K(1904640K), 0.1737813 secs] [Times: user=1.03 sys=0.01, real=0.17 secs] 
4372.175: [GC (Allocation Failure) [PSYoungGen: 410128K->145568K(504832K)] 1559661K->1389002K(1903104K), 0.0497517 secs] [Times: user=0.29 sys=0.00, real=0.05 secs] 
4372.225: [Full GC (Ergonomics) [PSYoungGen: 145568K->0K(504832K)] [ParOldGen: 1243434K->187578K(1398272K)] 1389002K->187578K(1903104K), [Metaspace: 60417K->60417K(1105920K)], 0.4347339 secs] [Times: user=2.01 sys=0.00, real=0.43 secs] 
4374.848: [GC (Allocation Failure) [PSYoungGen: 312320K->101680K(502272K)] 499898K->289259K(1900544K), 0.0505817 secs] [Times: user=0.29 sys=0.00, real=0.05 secs] 
4377.518: [GC (Allocation Failure) [PSYoungGen: 414512K->143584K(503808K)] 602091K->429432K(1902080K), 0.0503798 secs] [Times: user=0.29 sys=0.00, real=0.05 secs] 
4379.775: [GC (Allocation Failure) [PSYoungGen: 456416K->102272K(503296K)] 742264K->522468K(1901568K), 0.0735337 secs] [Times: user=0.44 sys=0.00, real=0.07 secs] 
4382.180: [GC (Allocation Failure) [PSYoungGen: 418688K->144416K(505344K)] 838884K->664693K(1903616K), 0.0516242 secs] [Times: user=0.30 sys=0.00, real=0.05 secs] 
4384.383: [GC (Allocation Failure) [PSYoungGen: 460832K->103616K(505344K)] 981109K->759489K(1903616K), 0.0698146 secs] [Times: user=0.42 sys=0.01, real=0.07 secs] 
4386.567: [GC (Allocation Failure) [PSYoungGen: 423104K->145248K(506880K)] 1078977K->902278K(1905152K), 0.0520940 secs] [Times: user=0.30 sys=0.01, real=0.05 secs] 
4387.952: [GC (Allocation Failure) [PSYoungGen: 464736K->109120K(506368K)] 1221766K->1002250K(1904640K), 0.0692893 secs] [Times: user=0.40 sys=0.00, real=0.07 secs] 
4391.649: [GC (Allocation Failure) [PSYoungGen: 431168K->152720K(507904K)] 1324298K->1152159K(1906176K), 0.0539991 secs] [Times: user=0.32 sys=0.01, real=0.06 secs] 
4393.731: [GC (Allocation Failure) [PSYoungGen: 474768K->108416K(509952K)] 1474207K->1243095K(1908224K), 0.1355993 secs] [Times: user=0.80 sys=0.00, real=0.14 secs] 
4396.241: [GC (Allocation Failure) [PSYoungGen: 430464K->147808K(508928K)] 1565143K->1387831K(1907200K), 0.0533798 secs] [Times: user=0.32 sys=0.00, real=0.06 secs] 
4396.295: [Full GC (Ergonomics) [PSYoungGen: 147808K->0K(508928K)] [ParOldGen: 1240023K->185467K(1398272K)] 1387831K->185467K(1907200K), [Metaspace: 60425K->60425K(1105920K)], 0.4298337 secs] [Times: user=1.98 sys=0.00, real=0.43 secs] 
4399.144: [GC (Allocation Failure) [PSYoungGen: 322048K->106384K(509440K)] 507515K->291851K(1907712K), 0.0960002 secs] [Times: user=0.57 sys=0.01, real=0.09 secs] 
4400.534: [GC (Allocation Failure) [PSYoungGen: 428944K->150048K(473088K)] 614411K->438184K(1871360K), 0.0522765 secs] [Times: user=0.31 sys=0.00, real=0.05 secs] 
4403.391: [GC (Allocation Failure) [PSYoungGen: 472608K->107888K(512000K)] 760744K->536713K(1910272K), 0.1560166 secs] [Times: user=0.93 sys=0.00, real=0.16 secs] 
4404.640: [GC (Allocation Failure) [PSYoungGen: 425689K->150864K(508928K)] 854513K->683826K(1907200K), 0.0525081 secs] [Times: user=0.31 sys=0.00, real=0.05 secs] 
4410.247: [GC (Allocation Failure) [PSYoungGen: 472912K->99840K(509952K)] 1005874K->775129K(1908224K), 0.1610426 secs] [Times: user=0.96 sys=0.00, real=0.16 secs] 
4413.028: [GC (Allocation Failure) [PSYoungGen: 419840K->146080K(508928K)] 1095129K->917414K(1907200K), 0.1317624 secs] [Times: user=0.79 sys=0.01, real=0.13 secs] 
4416.579: [GC (Allocation Failure) [PSYoungGen: 466080K->105120K(506880K)] 1237414K->1014074K(1905152K), 0.1528376 secs] [Times: user=0.92 sys=0.00, real=0.15 secs] 
4417.689: [GC (Allocation Failure) [PSYoungGen: 425120K->148736K(507904K)] 1334074K->1158999K(1906176K), 0.0521901 secs] [Times: user=0.31 sys=0.00, real=0.05 secs] 
4420.502: [GC (Allocation Failure) [PSYoungGen: 468736K->105632K(508928K)] 1478999K->1255291K(1907200K), 0.1636467 secs] [Times: user=0.98 sys=0.01, real=0.17 secs] 
4421.849: [GC (Allocation Failure) [PSYoungGen: 426656K->149568K(471040K)] 1576315K->1400636K(1869312K), 0.0528280 secs] [Times: user=0.31 sys=0.00, real=0.05 secs] 
4421.902: [Full GC (Ergonomics) [PSYoungGen: 149568K->0K(471040K)] [ParOldGen: 1251068K->197274K(1398272K)] 1400636K->197274K(1869312K), [Metaspace: 60441K->60441K(1105920K)], 0.4663947 secs] [Times: user=2.15 sys=0.00, real=0.47 secs] 
4425.789: [GC (Allocation Failure) [PSYoungGen: 321024K->102624K(510464K)] 518298K->299898K(1908736K), 0.0546648 secs] [Times: user=0.32 sys=0.00, real=0.06 secs] 
4426.748: [GC (Allocation Failure) [PSYoungGen: 422624K->149488K(469504K)] 619898K->445448K(1867776K), 0.0493523 secs] [Times: user=0.29 sys=0.00, real=0.05 secs] 
4431.722: [GC (Allocation Failure) [PSYoungGen: 469488K->100192K(509440K)] 765448K->536159K(1907712K), 0.1709105 secs] [Times: user=1.01 sys=0.01, real=0.18 secs] 
4433.772: [GC (Allocation Failure) [PSYoungGen: 418656K->149344K(467968K)] 854623K->681212K(1866240K), 0.0501190 secs] [Times: user=0.30 sys=0.00, real=0.05 secs] 
4437.996: [GC (Allocation Failure) [PSYoungGen: 467808K->100160K(508416K)] 999676K->772444K(1906688K), 0.1784430 secs] [Times: user=1.06 sys=0.00, real=0.18 secs] 
4439.408: [GC (Allocation Failure) [PSYoungGen: 416576K->150464K(466944K)] 1088860K->918753K(1865216K), 0.0508232 secs] [Times: user=0.30 sys=0.00, real=0.05 secs] 
4441.795: [GC (Allocation Failure) [PSYoungGen: 466880K->100752K(507904K)] 1235169K->1010782K(1906176K), 0.1698357 secs] [Times: user=1.01 sys=0.00, real=0.17 secs] 
4443.211: [GC (Allocation Failure) [PSYoungGen: 415632K->148192K(463360K)] 1325662K->1154986K(1861632K), 0.0518689 secs] [Times: user=0.30 sys=0.00, real=0.05 secs] 
4445.400: [GC (Allocation Failure) [PSYoungGen: 463072K->101024K(507904K)] 1469866K->1246714K(1906176K), 0.1746263 secs] [Times: user=1.04 sys=0.00, real=0.18 secs] 
4447.960: [GC (Allocation Failure) [PSYoungGen: 415392K->146592K(505344K)] 1561082K->1388497K(1903616K), 0.0511652 secs] [Times: user=0.30 sys=0.00, real=0.05 secs] 
4448.011: [Full GC (Ergonomics) [PSYoungGen: 146592K->0K(505344K)] [ParOldGen: 1241905K->186546K(1398272K)] 1388497K->186546K(1903616K), [Metaspace: 60445K->60445K(1105920K)], 0.4342486 secs] [Times: user=2.02 sys=0.00, real=0.44 secs] 
4450.729: [GC (Allocation Failure) [PSYoungGen: 314368K->101185K(505344K)] 500914K->287732K(1903616K), 0.0616597 secs] [Times: user=0.36 sys=0.00, real=0.06 secs] 
4453.774: [GC (Allocation Failure) [PSYoungGen: 416577K->144704K(505856K)] 603124K->429096K(1904128K), 0.0501297 secs] [Times: user=0.29 sys=0.00, real=0.05 secs] 
4455.864: [GC (Allocation Failure) [PSYoungGen: 460096K->102944K(504320K)] 744488K->522508K(1902592K), 0.0938680 secs] [Times: user=0.55 sys=0.01, real=0.09 secs] 
4457.399: [GC (Allocation Failure) [PSYoungGen: 419872K->147488K(505856K)] 839436K->667401K(1904128K), 0.0517278 secs] [Times: user=0.31 sys=0.01, real=0.05 secs] 
4459.434: [GC (Allocation Failure) [PSYoungGen: 464416K->105296K(506880K)] 984329K->763826K(1905152K), 0.1031599 secs] [Times: user=0.61 sys=0.01, real=0.10 secs] 
4462.172: [GC (Allocation Failure) [PSYoungGen: 424272K->144672K(507392K)] 1082802K->905894K(1905664K), 0.0525526 secs] [Times: user=0.31 sys=0.00, real=0.06 secs] 
4463.514: [GC (Allocation Failure) [PSYoungGen: 463648K->107008K(505344K)] 1224870K->1003550K(1903616K), 0.0648456 secs] [Times: user=0.38 sys=0.00, real=0.06 secs] 
4465.073: [GC (Allocation Failure) [PSYoungGen: 428032K->148960K(507392K)] 1324574K->1149022K(1905664K), 0.0536231 secs] [Times: user=0.31 sys=0.00, real=0.06 secs] 
4467.374: [GC (GCLocker Initiated GC) [PSYoungGen: 469984K->105008K(509952K)] 1470047K->1244768K(1908224K), 0.0803464 secs] [Times: user=0.48 sys=0.00, real=0.08 secs] 
4468.553: [GC (Allocation Failure) [PSYoungGen: 427568K->150448K(473088K)] 1567331K->1391264K(1871360K), 0.0534447 secs] [Times: user=0.32 sys=0.00, real=0.05 secs] 
4468.607: [Full GC (Ergonomics) [PSYoungGen: 150448K->0K(473088K)] [ParOldGen: 1240815K->189502K(1398272K)] 1391264K->189502K(1871360K), [Metaspace: 60445K->60445K(1105920K)], 0.4358699 secs] [Times: user=2.00 sys=0.00, real=0.43 secs] 
4471.884: [GC (Allocation Failure) [PSYoungGen: 322560K->104672K(510976K)] 512062K->294174K(1909248K), 0.0453504 secs] [Times: user=0.27 sys=0.00, real=0.04 secs] 
4472.570: [GC (Allocation Failure) [PSYoungGen: 425696K->160448K(481792K)] 615198K->451487K(1880064K), 0.0517591 secs] [Times: user=0.31 sys=0.00, real=0.05 secs] 
4476.479: [GC (Allocation Failure) [PSYoungGen: 481472K->100448K(505856K)] 772511K->535263K(1904128K), 0.1757497 secs] [Times: user=1.05 sys=0.00, real=0.18 secs] 
4478.566: [GC (Allocation Failure) [PSYoungGen: 411744K->144576K(504320K)] 846559K->676067K(1902592K), 0.0495272 secs] [Times: user=0.29 sys=0.00, real=0.05 secs] 
4482.852: [GC (Allocation Failure) [PSYoungGen: 453902K->96880K(504832K)] 985394K->763772K(1903104K), 0.0920463 secs] [Times: user=0.54 sys=0.00, real=0.10 secs] 
4484.750: [GC (Allocation Failure) [PSYoungGen: 409200K->142240K(504320K)] 1076092K->903420K(1902592K), 0.0496879 secs] [Times: user=0.29 sys=0.00, real=0.05 secs] 
4486.725: [GC (Allocation Failure) [PSYoungGen: 454560K->103728K(502784K)] 1215740K->997897K(1901056K), 0.0630284 secs] [Times: user=0.37 sys=0.00, real=0.06 secs] 
4488.525: [GC (Allocation Failure) [PSYoungGen: 419120K->146160K(504320K)] 1313289K->1141686K(1902592K), 0.0525446 secs] [Times: user=0.31 sys=0.00, real=0.05 secs] 
4490.341: [GC (Allocation Failure) [PSYoungGen: 461552K->101888K(507392K)] 1457078K->1234577K(1905664K), 0.0644950 secs] [Times: user=0.38 sys=0.00, real=0.07 secs] 
4492.590: [GC (Allocation Failure) [PSYoungGen: 421376K->146976K(507904K)] 1554065K->1378878K(1906176K), 0.0520731 secs] [Times: user=0.31 sys=0.00, real=0.05 secs] 
4492.642: [Full GC (Ergonomics) [PSYoungGen: 146976K->0K(507904K)] [ParOldGen: 1231902K->177838K(1398272K)] 1378878K->177838K(1906176K), [Metaspace: 60454K->60454K(1105920K)], 0.4115179 secs] [Times: user=1.89 sys=0.00, real=0.42 secs] 
4495.115: [GC (Allocation Failure) [PSYoungGen: 319488K->104800K(507392K)] 497326K->282638K(1905664K), 0.0336905 secs] [Times: user=0.20 sys=0.01, real=0.03 secs] 
4497.471: [GC (Allocation Failure) [PSYoungGen: 424800K->146704K(507904K)] 602638K->426500K(1906176K), 0.0528009 secs] [Times: user=0.31 sys=0.00, real=0.06 secs] 
4499.713: [GC (Allocation Failure) [PSYoungGen: 466704K->104336K(507904K)] 746500K->521656K(1906176K), 0.0638167 secs] [Times: user=0.38 sys=0.00, real=0.07 secs] 
4503.110: [GC (Allocation Failure) [PSYoungGen: 425360K->152416K(473600K)] 842680K->671796K(1871872K), 0.0525939 secs] [Times: user=0.31 sys=0.00, real=0.05 secs] 
4504.987: [GC (Allocation Failure) [PSYoungGen: 473440K->107264K(510464K)] 992820K->761708K(1908736K), 0.1400001 secs] [Times: user=0.84 sys=0.00, real=0.14 secs] 
4506.401: [GC (Allocation Failure) [PSYoungGen: 426240K->154496K(473600K)] 1080684K->913997K(1871872K), 0.0539318 secs] [Times: user=0.31 sys=0.00, real=0.06 secs] 
4508.621: [GC (Allocation Failure) [PSYoungGen: 473472K->106240K(508928K)] 1232973K->1002901K(1907200K), 0.0648245 secs] [Times: user=0.38 sys=0.00, real=0.07 secs] 
4510.691: [GC (Allocation Failure) [PSYoungGen: 422144K->145344K(505856K)] 1318805K->1146121K(1904128K), 0.0528886 secs] [Times: user=0.31 sys=0.01, real=0.06 secs] 
4512.904: [GC (Allocation Failure) [PSYoungGen: 461248K->100320K(507392K)] 1462025K->1237682K(1905664K), 0.0904088 secs] [Times: user=0.54 sys=0.00, real=0.09 secs] 
4514.892: [GC (Allocation Failure) [PSYoungGen: 417760K->145536K(506880K)] 1555122K->1380726K(1905152K), 0.0513703 secs] [Times: user=0.30 sys=0.00, real=0.06 secs] 
4514.944: [Full GC (Ergonomics) [PSYoungGen: 145536K->0K(506880K)] [ParOldGen: 1235190K->178337K(1398272K)] 1380726K->178337K(1905152K), [Metaspace: 60454K->60454K(1105920K)], 0.4193585 secs] [Times: user=1.94 sys=0.00, real=0.41 secs] 
4518.347: [GC (Allocation Failure) [PSYoungGen: 317440K->100800K(506368K)] 495777K->279137K(1904640K), 0.0334705 secs] [Times: user=0.20 sys=0.00, real=0.03 secs] 
4519.793: [GC (Allocation Failure) [PSYoungGen: 419776K->146048K(507392K)] 598113K->423125K(1905664K), 0.0519664 secs] [Times: user=0.31 sys=0.00, real=0.05 secs] 
4522.140: [GC (Allocation Failure) [PSYoungGen: 465024K->107648K(506368K)] 742101K->521622K(1904640K), 0.0644432 secs] [Times: user=0.38 sys=0.00, real=0.07 secs] 
4525.292: [GC (Allocation Failure) [PSYoungGen: 427648K->144608K(507392K)] 841622K->663658K(1905664K), 0.0528373 secs] [Times: user=0.31 sys=0.00, real=0.06 secs] 
4526.568: [GC (Allocation Failure) [PSYoungGen: 464608K->107280K(506368K)] 983658K->761643K(1904640K), 0.0643925 secs] [Times: user=0.38 sys=0.00, real=0.06 secs] 
4528.849: [GC (Allocation Failure) [PSYoungGen: 430352K->147824K(508416K)] 1084715K->906792K(1906688K), 0.0527416 secs] [Times: user=0.31 sys=0.00, real=0.05 secs] 
4533.698: [GC (Allocation Failure) [PSYoungGen: 470896K->103456K(511488K)] 1229864K->1001039K(1909760K), 0.0638600 secs] [Times: user=0.38 sys=0.00, real=0.06 secs] 
4535.860: [GC (Allocation Failure) [PSYoungGen: 428576K->148352K(473600K)] 1326159K->1147140K(1871872K), 0.0526827 secs] [Times: user=0.31 sys=0.00, real=0.05 secs] 
4539.198: [GC (Allocation Failure) [PSYoungGen: 473472K->106816K(513024K)] 1472260K->1244596K(1911296K), 0.1780493 secs] [Times: user=1.06 sys=0.00, real=0.18 secs] 
4541.360: [GC (Allocation Failure) [PSYoungGen: 431424K->147616K(510464K)] 1569204K->1388817K(1908736K), 0.0534342 secs] [Times: user=0.32 sys=0.00, real=0.06 secs] 
4541.413: [Full GC (Ergonomics) [PSYoungGen: 147616K->0K(510464K)] [ParOldGen: 1241201K->187279K(1398272K)] 1388817K->187279K(1908736K), [Metaspace: 60454K->60454K(1105920K)], 0.4364504 secs] [Times: user=2.00 sys=0.00, real=0.43 secs] 
4543.939: [GC (Allocation Failure) [PSYoungGen: 324608K->107216K(509440K)] 511887K->294496K(1907712K), 0.1049365 secs] [Times: user=0.61 sys=0.00, real=0.11 secs] 
4546.605: [GC (Allocation Failure) [PSYoungGen: 431824K->150096K(509952K)] 619104K->440629K(1908224K), 0.0525603 secs] [Times: user=0.32 sys=0.00, real=0.05 secs] 
4549.106: [GC (GCLocker Initiated GC) [PSYoungGen: 474704K->104400K(510976K)] 765237K->536121K(1909248K), 0.1698550 secs] [Times: user=1.01 sys=0.01, real=0.17 secs] 
4551.320: [GC (Allocation Failure) [PSYoungGen: 427984K->149824K(473600K)] 859708K->682457K(1871872K), 0.1273590 secs] [Times: user=0.75 sys=0.01, real=0.13 secs] 
4554.522: [GC (Allocation Failure) [PSYoungGen: 473408K->103520K(511488K)] 1006041K->777585K(1909760K), 0.1616464 secs] [Times: user=0.96 sys=0.00, real=0.17 secs] 
4556.058: [GC (Allocation Failure) [PSYoungGen: 425568K->149536K(472064K)] 1099633K->923397K(1870336K), 0.0512842 secs] [Times: user=0.30 sys=0.00, real=0.05 secs] 
4558.614: [GC (Allocation Failure) [PSYoungGen: 471584K->101952K(510464K)] 1245445K->1015710K(1908736K), 0.1666717 secs] [Times: user=0.99 sys=0.01, real=0.16 secs] 
4560.538: [GC (Allocation Failure) [PSYoungGen: 421952K->150448K(470528K)] 1335710K->1161519K(1868800K), 0.0503039 secs] [Times: user=0.30 sys=0.00, real=0.05 secs] 
4562.168: [GC (GCLocker Initiated GC) [PSYoungGen: 470448K->105360K(509952K)] 1481519K->1257875K(1908224K), 0.0965744 secs] [Times: user=0.57 sys=0.00, real=0.10 secs] 
4563.321: [GC (Allocation Failure) [PSYoungGen: 423824K->138784K(457728K)] 1592775K->1409721K(1856000K), 0.2651012 secs] [Times: user=1.58 sys=0.01, real=0.27 secs] 
4563.586: [Full GC (Ergonomics) [PSYoungGen: 138784K->0K(457728K)] [ParOldGen: 1270937K->207033K(1398272K)] 1409721K->207033K(1856000K), [Metaspace: 60454K->60454K(1105920K)], 0.4082029 secs] [Times: user=1.77 sys=0.00, real=0.41 secs] 
4566.820: [GC (Allocation Failure) [PSYoungGen: 318464K->94368K(506368K)] 525497K->301401K(1904640K), 0.1856898 secs] [Times: user=1.10 sys=0.01, real=0.19 secs] 
4567.845: [GC (Allocation Failure) [PSYoungGen: 413344K->151296K(505856K)] 620377K->448642K(1904128K), 0.0542655 secs] [Times: user=0.32 sys=0.00, real=0.05 secs] 
4571.570: [GC (Allocation Failure) [PSYoungGen: 470272K->91696K(508416K)] 767618K->540059K(1906688K), 0.1675831 secs] [Times: user=1.00 sys=0.00, real=0.17 secs] 
4572.662: [GC (Allocation Failure) [PSYoungGen: 409136K->147872K(465408K)] 857499K->684047K(1863680K), 0.0539149 secs] [Times: user=0.32 sys=0.00, real=0.06 secs] 
4575.130: [GC (Allocation Failure) [PSYoungGen: 464951K->95600K(507392K)] 1001126K->778672K(1905664K), 0.1669840 secs] [Times: user=0.99 sys=0.01, real=0.17 secs] 
4576.357: [GC (Allocation Failure) [PSYoungGen: 398616K->138704K(453120K)] 1081687K->913688K(1851392K), 0.0498601 secs] [Times: user=0.29 sys=0.00, real=0.05 secs] 
4580.228: [GC (Allocation Failure) [PSYoungGen: 453072K->100240K(507392K)] 1228056K->1004840K(1905664K), 0.1321925 secs] [Times: user=0.79 sys=0.01, real=0.13 secs] 
4582.010: [GC (Allocation Failure) [PSYoungGen: 417168K->147872K(504832K)] 1321768K->1148820K(1903104K), 0.0502546 secs] [Times: user=0.30 sys=0.00, real=0.05 secs] 
4586.181: [GC (Allocation Failure) [PSYoungGen: 464800K->99968K(508416K)] 1465748K->1239701K(1906688K), 0.1529092 secs] [Times: user=0.91 sys=0.00, real=0.16 secs] 
4587.591: [GC (Allocation Failure) [PSYoungGen: 419456K->150784K(470528K)] 1559189K->1386837K(1868800K), 0.0506771 secs] [Times: user=0.31 sys=0.00, real=0.05 secs] 
4587.641: [Full GC (Ergonomics) [PSYoungGen: 150784K->0K(470528K)] [ParOldGen: 1236053K->193714K(1398272K)] 1386837K->193714K(1868800K), [Metaspace: 60454K->60454K(1105920K)], 0.4523685 secs] [Times: user=2.08 sys=0.01, real=0.46 secs] 
4590.594: [GC (Allocation Failure) [PSYoungGen: 319488K->102944K(509440K)] 513202K->296658K(1907712K), 0.0964561 secs] [Times: user=0.56 sys=0.00, real=0.09 secs] 
4592.951: [GC (Allocation Failure) [PSYoungGen: 419872K->148800K(506368K)] 613586K->441288K(1904640K), 0.0498966 secs] [Times: user=0.29 sys=0.00, real=0.05 secs] 
4594.789: [GC (Allocation Failure) [PSYoungGen: 465728K->106416K(505344K)] 758216K->538553K(1903616K), 0.1185097 secs] [Times: user=0.70 sys=0.00, real=0.12 secs] 
4596.123: [GC (Allocation Failure) [PSYoungGen: 423344K->148288K(505856K)] 855481K->680749K(1904128K), 0.0510441 secs] [Times: user=0.30 sys=0.00, real=0.06 secs] 
4600.397: [GC (Allocation Failure) [PSYoungGen: 465216K->100160K(507904K)] 997677K->771817K(1906176K), 0.1627932 secs] [Times: user=0.97 sys=0.00, real=0.16 secs] 
4602.274: [GC (Allocation Failure) [PSYoungGen: 418112K->147200K(465408K)] 1089769K->914665K(1863680K), 0.0497624 secs] [Times: user=0.29 sys=0.01, real=0.05 secs] 
4606.303: [GC (Allocation Failure) [PSYoungGen: 465152K->101456K(509440K)] 1232617K->1006794K(1907712K), 0.1240874 secs] [Times: user=0.66 sys=0.00, real=0.12 secs] 
4608.445: [GC (Allocation Failure) [PSYoungGen: 418896K->147200K(506880K)] 1324234K->1149826K(1905152K), 0.0513501 secs] [Times: user=0.31 sys=0.00, real=0.05 secs] 
4611.133: [GC (Allocation Failure) [PSYoungGen: 464640K->102208K(506368K)] 1467266K->1242722K(1904640K), 0.1040436 secs] [Times: user=0.62 sys=0.00, real=0.11 secs] 
4614.521: [GC (Allocation Failure) [PSYoungGen: 420160K->148000K(506880K)] 1560674K->1386663K(1905152K), 0.0518255 secs] [Times: user=0.30 sys=0.00, real=0.05 secs] 
4614.573: [Full GC (Ergonomics) [PSYoungGen: 148000K->0K(506880K)] [ParOldGen: 1238663K->185348K(1398272K)] 1386663K->185348K(1905152K), [Metaspace: 60454K->60454K(1105920K)], 0.4268146 secs] [Times: user=1.97 sys=0.00, real=0.43 secs] 
4616.158: [GC (Allocation Failure) [PSYoungGen: 317952K->104064K(507392K)] 503300K->289412K(1905664K), 0.0323451 secs] [Times: user=0.19 sys=0.00, real=0.03 secs] 
4619.112: [GC (Allocation Failure) [PSYoungGen: 422528K->147456K(507392K)] 607876K->433170K(1905664K), 0.0516558 secs] [Times: user=0.31 sys=0.00, real=0.06 secs] 
4620.455: [GC (Allocation Failure) [PSYoungGen: 465920K->103712K(506880K)] 751634K->527810K(1905152K), 0.0640977 secs] [Times: user=0.38 sys=0.00, real=0.06 secs] 
4623.231: [GC (Allocation Failure) [PSYoungGen: 422688K->149616K(507392K)] 846786K->673826K(1905664K), 0.0514988 secs] [Times: user=0.31 sys=0.00, real=0.05 secs] 
4625.407: [GC (Allocation Failure) [PSYoungGen: 468592K->103488K(507904K)] 992802K->768433K(1906176K), 0.1212252 secs] [Times: user=0.72 sys=0.00, real=0.12 secs] 
4628.896: [GC (Allocation Failure) [PSYoungGen: 421952K->145472K(507392K)] 1086897K->910522K(1905664K), 0.0515495 secs] [Times: user=0.30 sys=0.00, real=0.05 secs] 
4630.909: [GC (Allocation Failure) [PSYoungGen: 463936K->102992K(506368K)] 1228986K->1004507K(1904640K), 0.0954126 secs] [Times: user=0.56 sys=0.00, real=0.10 secs] 
4633.907: [GC (Allocation Failure) [PSYoungGen: 422480K->147584K(507392K)] 1323995K->1148487K(1905664K), 0.0519289 secs] [Times: user=0.30 sys=0.00, real=0.05 secs] 
4636.731: [GC (Allocation Failure) [PSYoungGen: 467072K->103184K(508416K)] 1467975K->1242600K(1906688K), 0.0753435 secs] [Times: user=0.45 sys=0.00, real=0.08 secs] 
4637.721: [GC (Allocation Failure) [PSYoungGen: 423696K->148928K(469504K)] 1563112K->1388084K(1867776K), 0.0527983 secs] [Times: user=0.31 sys=0.00, real=0.06 secs] 
4637.774: [Full GC (Ergonomics) [PSYoungGen: 148928K->0K(469504K)] [ParOldGen: 1239156K->186413K(1398272K)] 1388084K->186413K(1867776K), [Metaspace: 60454K->60454K(1105920K)], 0.4389933 secs] [Times: user=2.03 sys=0.00, real=0.44 secs] 
4641.356: [GC (Allocation Failure) [PSYoungGen: 320512K->105856K(510976K)] 506925K->292269K(1909248K), 0.0326252 secs] [Times: user=0.19 sys=0.01, real=0.03 secs] 
4643.140: [GC (Allocation Failure) [PSYoungGen: 425856K->146432K(507904K)] 612269K->432646K(1906176K), 0.0511917 secs] [Times: user=0.30 sys=0.00, real=0.05 secs] 
4647.311: [GC (Allocation Failure) [PSYoungGen: 466432K->104832K(507392K)] 752646K->528098K(1905664K), 0.0711067 secs] [Times: user=0.40 sys=0.00, real=0.07 secs] 
4650.125: [GC (Allocation Failure) [PSYoungGen: 426368K->148192K(508416K)] 849634K->672374K(1906688K), 0.0518490 secs] [Times: user=0.31 sys=0.00, real=0.05 secs] 
4652.676: [GC (Allocation Failure) [PSYoungGen: 469728K->106176K(509440K)] 993910K->769626K(1907712K), 0.1193065 secs] [Times: user=0.71 sys=0.00, real=0.12 secs] 
4654.212: [GC (Allocation Failure) [PSYoungGen: 428736K->150624K(473600K)] 1092186K->915971K(1871872K), 0.0526137 secs] [Times: user=0.31 sys=0.00, real=0.06 secs] 
4658.015: [GC (GCLocker Initiated GC) [PSYoungGen: 473184K->100736K(510464K)] 1238531K->1007255K(1908736K), 0.1083005 secs] [Times: user=0.65 sys=0.00, real=0.11 secs] 
4660.507: [GC (Allocation Failure) [PSYoungGen: 420736K->158080K(478208K)] 1327275K->1161384K(1876480K), 0.0508798 secs] [Times: user=0.30 sys=0.00, real=0.05 secs] 
4663.329: [GC (Allocation Failure) [PSYoungGen: 478080K->103872K(506880K)] 1481384K->1248288K(1905152K), 0.1293083 secs] [Times: user=0.77 sys=0.00, real=0.13 secs] 
4665.564: [GC (Allocation Failure) [PSYoungGen: 416192K->144704K(504320K)] 1560608K->1389041K(1902592K), 0.0510225 secs] [Times: user=0.30 sys=0.00, real=0.05 secs] 
4665.615: [Full GC (Ergonomics) [PSYoungGen: 144704K->0K(504320K)] [ParOldGen: 1244337K->187740K(1398272K)] 1389041K->187740K(1902592K), [Metaspace: 60454K->60454K(1105920K)], 0.4379904 secs] [Times: user=2.02 sys=0.00, real=0.44 secs] 
4668.183: [GC (Allocation Failure) [PSYoungGen: 312320K->103440K(503808K)] 500060K->291181K(1902080K), 0.0367000 secs] [Times: user=0.21 sys=0.00, real=0.04 secs] 
4669.691: [GC (Allocation Failure) [PSYoungGen: 417808K->144400K(504320K)] 605549K->431867K(1902592K), 0.0509241 secs] [Times: user=0.29 sys=0.00, real=0.05 secs] 
4673.609: [GC (Allocation Failure) [PSYoungGen: 458768K->103568K(504832K)] 746235K->525851K(1903104K), 0.0648447 secs] [Times: user=0.38 sys=0.01, real=0.07 secs] 
4674.792: [GC (Allocation Failure) [PSYoungGen: 421520K->154496K(472576K)] 843803K->678111K(1870848K), 0.0518522 secs] [Times: user=0.31 sys=0.00, real=0.06 secs] 
4678.556: [GC (Allocation Failure) [PSYoungGen: 472448K->103040K(507904K)] 996063K->764047K(1906176K), 0.0673217 secs] [Times: user=0.40 sys=0.00, real=0.06 secs] 
4679.972: [GC (Allocation Failure) [PSYoungGen: 417920K->142672K(457728K)] 1078927K->904496K(1856000K), 0.0512425 secs] [Times: user=0.31 sys=0.00, real=0.05 secs] 
4681.966: [GC (Allocation Failure) [PSYoungGen: 457552K->104128K(507392K)] 1219376K->999180K(1905664K), 0.0640675 secs] [Times: user=0.38 sys=0.00, real=0.06 secs] 
4683.682: [GC (Allocation Failure) [PSYoungGen: 421056K->145568K(505344K)] 1316108K->1142053K(1903616K), 0.0527466 secs] [Times: user=0.31 sys=0.00, real=0.06 secs] 
4684.911: [GC (Allocation Failure) [PSYoungGen: 462496K->105600K(506368K)] 1458981K->1238669K(1904640K), 0.0648075 secs] [Times: user=0.39 sys=0.00, real=0.07 secs] 
4687.625: [GC (Allocation Failure) [PSYoungGen: 426624K->146240K(507904K)] 1559693K->1382430K(1906176K), 0.0533183 secs] [Times: user=0.31 sys=0.00, real=0.05 secs] 
4687.678: [Full GC (Ergonomics) [PSYoungGen: 146240K->0K(507904K)] [ParOldGen: 1236190K->180384K(1398272K)] 1382430K->180384K(1906176K), [Metaspace: 60454K->60454K(1105920K)], 0.4130317 secs] [Times: user=1.89 sys=0.00, real=0.41 secs] 
4689.772: [GC (Allocation Failure) [PSYoungGen: 321024K->106784K(507904K)] 501408K->287168K(1906176K), 0.0524841 secs] [Times: user=0.31 sys=0.00, real=0.06 secs] 
4692.320: [GC (Allocation Failure) [PSYoungGen: 429856K->146960K(508928K)] 610240K->431661K(1907200K), 0.0538660 secs] [Times: user=0.32 sys=0.00, real=0.06 secs] 
4693.566: [GC (Allocation Failure) [PSYoungGen: 470032K->107056K(509952K)] 754733K->529574K(1908224K), 0.0653092 secs] [Times: user=0.38 sys=0.00, real=0.06 secs] 
4696.804: [GC (Allocation Failure) [PSYoungGen: 432176K->150144K(475648K)] 854694K->675766K(1873920K), 0.0527860 secs] [Times: user=0.31 sys=0.00, real=0.05 secs] 
4699.609: [GC (Allocation Failure) [PSYoungGen: 475264K->105184K(512512K)] 1000886K->771930K(1910784K), 0.1703077 secs] [Times: user=1.02 sys=0.00, real=0.17 secs] 
4701.774: [GC (Allocation Failure) [PSYoungGen: 428768K->150832K(474624K)] 1095514K->919127K(1872896K), 0.0742527 secs] [Times: user=0.43 sys=0.00, real=0.07 secs] 
4704.969: [GC (Allocation Failure) [PSYoungGen: 474416K->103264K(510976K)] 1242711K->1013759K(1909248K), 0.1593844 secs] [Times: user=0.95 sys=0.00, real=0.16 secs] 
4706.022: [GC (GCLocker Initiated GC) [PSYoungGen: 424288K->149104K(470528K)] 1334783K->1158972K(1868800K), 0.0516369 secs] [Times: user=0.30 sys=0.00, real=0.06 secs] 
4709.217: [GC (Allocation Failure) [PSYoungGen: 470128K->105632K(510976K)] 1480047K->1255751K(1909248K), 0.1672205 secs] [Times: user=0.98 sys=0.00, real=0.17 secs] 
4710.052: [GC (Allocation Failure) [PSYoungGen: 426144K->147968K(508416K)] 1576263K->1399771K(1906688K), 0.0524166 secs] [Times: user=0.31 sys=0.00, real=0.06 secs] 
4710.104: [Full GC (Ergonomics) [PSYoungGen: 147968K->0K(508416K)] [ParOldGen: 1251803K->198247K(1398272K)] 1399771K->198247K(1906688K), [Metaspace: 60454K->60454K(1105920K)], 0.4597797 secs] [Times: user=2.11 sys=0.00, real=0.46 secs] 
4712.893: [GC (Allocation Failure) [PSYoungGen: 320512K->103440K(508928K)] 518759K->301688K(1907200K), 0.0969920 secs] [Times: user=0.56 sys=0.00, real=0.10 secs] 
4714.170: [GC (Allocation Failure) [PSYoungGen: 415469K->148000K(508928K)] 613717K->445312K(1907200K), 0.0493387 secs] [Times: user=0.29 sys=0.00, real=0.05 secs] 
4717.021: [GC (Allocation Failure) [PSYoungGen: 469024K->104576K(508928K)] 766336K->541216K(1907200K), 0.1715774 secs] [Times: user=1.02 sys=0.00, real=0.17 secs] 
4718.756: [GC (Allocation Failure) [PSYoungGen: 425092K->146160K(508928K)] 861732K->683514K(1907200K), 0.0503218 secs] [Times: user=0.30 sys=0.00, real=0.05 secs] 
4721.280: [GC (Allocation Failure) [PSYoungGen: 467184K->102704K(508416K)] 1004538K->777674K(1906688K), 0.1616574 secs] [Times: user=0.96 sys=0.00, real=0.16 secs] 
4722.913: [GC (Allocation Failure) [PSYoungGen: 424184K->148528K(508928K)] 1099154K->922395K(1907200K), 0.0505325 secs] [Times: user=0.30 sys=0.00, real=0.06 secs] 
4725.959: [GC (Allocation Failure) [PSYoungGen: 470064K->101792K(509440K)] 1243931K->1015450K(1907712K), 0.1644568 secs] [Times: user=0.98 sys=0.00, real=0.17 secs] 
4727.756: [GC (Allocation Failure) [PSYoungGen: 422816K->149440K(470528K)] 1336474K->1160947K(1868800K), 0.0970063 secs] [Times: user=0.57 sys=0.00, real=0.10 secs] 
4731.057: [GC (Allocation Failure) [PSYoungGen: 470464K->100832K(509952K)] 1481971K->1253447K(1908224K), 0.1645466 secs] [Times: user=0.98 sys=0.00, real=0.16 secs] 
4732.335: [GC (Allocation Failure) [PSYoungGen: 419808K->150608K(470016K)] 1572423K->1400129K(1868288K), 0.0500097 secs] [Times: user=0.30 sys=0.00, real=0.05 secs] 
4732.385: [Full GC (Ergonomics) [PSYoungGen: 150608K->0K(470016K)] [ParOldGen: 1249520K->197278K(1398272K)] 1400129K->197278K(1868288K), [Metaspace: 60456K->60456K(1105920K)], 0.4646002 secs] [Times: user=2.14 sys=0.00, real=0.46 secs] 
4735.299: [GC (Allocation Failure) [PSYoungGen: 318976K->100160K(508416K)] 516254K->297438K(1906688K), 0.1003198 secs] [Times: user=0.59 sys=0.01, real=0.10 secs] 
4736.549: [GC (Allocation Failure) [PSYoungGen: 416576K->149280K(465920K)] 613854K->442679K(1864192K), 0.0487905 secs] [Times: user=0.28 sys=0.01, real=0.05 secs] 
4738.628: [GC (Allocation Failure) [PSYoungGen: 465696K->102496K(508416K)] 759095K->536191K(1906688K), 0.1680144 secs] [Times: user=1.00 sys=0.00, real=0.17 secs] 
4739.792: [GC (Allocation Failure) [PSYoungGen: 417888K->148640K(505856K)] 851583K->680294K(1904128K), 0.0501321 secs] [Times: user=0.30 sys=0.00, real=0.05 secs] 
4743.731: [GC (Allocation Failure) [PSYoungGen: 464032K->99744K(506368K)] 995686K->770751K(1904640K), 0.1680334 secs] [Times: user=0.99 sys=0.00, real=0.17 secs] 
4747.122: [GC (Allocation Failure) [PSYoungGen: 414624K->146048K(505856K)] 1085631K->912551K(1904128K), 0.0491970 secs] [Times: user=0.29 sys=0.00, real=0.05 secs] 
4748.395: [GC (Allocation Failure) [PSYoungGen: 460928K->101616K(504320K)] 1227431K->1005216K(1902592K), 0.0633316 secs] [Times: user=0.37 sys=0.01, real=0.06 secs] 
4750.989: [GC (Allocation Failure) [PSYoungGen: 417008K->147456K(505344K)] 1320608K->1148884K(1903616K), 0.0515222 secs] [Times: user=0.30 sys=0.00, real=0.05 secs] 
4753.452: [GC (Allocation Failure) [PSYoungGen: 462848K->101056K(506880K)] 1464276K->1241028K(1905152K), 0.0650477 secs] [Times: user=0.39 sys=0.01, real=0.07 secs] 
4756.729: [GC (Allocation Failure) [PSYoungGen: 417984K->143296K(506880K)] 1557956K->1381761K(1905152K), 0.0521624 secs] [Times: user=0.31 sys=0.00, real=0.05 secs] 
4756.781: [Full GC (Ergonomics) [PSYoungGen: 143296K->0K(506880K)] [ParOldGen: 1238465K->180575K(1398272K)] 1381761K->180575K(1905152K), [Metaspace: 60456K->60456K(1105920K)], 0.4213832 secs] [Times: user=1.95 sys=0.01, real=0.42 secs] 
4758.324: [GC (Allocation Failure) [PSYoungGen: 316928K->106785K(503296K)] 497503K->287360K(1901568K), 0.0341347 secs] [Times: user=0.20 sys=0.00, real=0.03 secs] 
4761.647: [GC (Allocation Failure) [PSYoungGen: 425249K->152016K(505856K)] 605824K->436573K(1904128K), 0.0534997 secs] [Times: user=0.32 sys=0.01, real=0.05 secs] 
4762.931: [GC (Allocation Failure) [PSYoungGen: 470480K->106480K(508416K)] 755037K->525497K(1906688K), 0.0644769 secs] [Times: user=0.38 sys=0.00, real=0.07 secs] 
4765.660: [GC (Allocation Failure) [PSYoungGen: 425456K->144864K(507392K)] 844473K->667821K(1905664K), 0.0532506 secs] [Times: user=0.31 sys=0.01, real=0.05 secs] 
4766.894: [GC (Allocation Failure) [PSYoungGen: 463840K->107264K(505344K)] 986797K->765897K(1903616K), 0.0649814 secs] [Times: user=0.38 sys=0.00, real=0.06 secs] 
4769.970: [GC (Allocation Failure) [PSYoungGen: 428288K->146384K(507392K)] 1086921K->908759K(1905664K), 0.0533625 secs] [Times: user=0.31 sys=0.01, real=0.05 secs] 
4773.010: [GC (Allocation Failure) [PSYoungGen: 467408K->104608K(509440K)] 1229783K->1004146K(1907712K), 0.1492778 secs] [Times: user=0.88 sys=0.01, real=0.15 secs] 
4775.163: [GC (Allocation Failure) [PSYoungGen: 428704K->152608K(477184K)] 1328242K->1152331K(1875456K), 0.0535422 secs] [Times: user=0.32 sys=0.00, real=0.05 secs] 
4777.810: [GC (Allocation Failure) [PSYoungGen: 476704K->103232K(510976K)] 1476427K->1246775K(1909248K), 0.1297723 secs] [Times: user=0.77 sys=0.01, real=0.13 secs] 
4779.586: [GC (Allocation Failure) [PSYoungGen: 423744K->148672K(508416K)] 1567287K->1391172K(1906688K), 0.0522824 secs] [Times: user=0.30 sys=0.01, real=0.05 secs] 
4779.639: [Full GC (Ergonomics) [PSYoungGen: 148672K->0K(508416K)] [ParOldGen: 1242500K->190334K(1398272K)] 1391172K->190334K(1906688K), [Metaspace: 60456K->60456K(1105920K)], 0.4468991 secs] [Times: user=2.07 sys=0.00, real=0.45 secs] 
4781.780: [GC (Allocation Failure) [PSYoungGen: 320512K->103712K(508928K)] 510846K->294046K(1907200K), 0.0631714 secs] [Times: user=0.37 sys=0.00, real=0.07 secs] 
4783.751: [GC (Allocation Failure) [PSYoungGen: 423712K->149280K(469504K)] 614046K->439315K(1867776K), 0.0511558 secs] [Times: user=0.29 sys=0.01, real=0.05 secs] 
4786.425: [GC (Allocation Failure) [PSYoungGen: 469280K->104064K(510464K)] 759315K->534211K(1908736K), 0.1609145 secs] [Times: user=0.96 sys=0.01, real=0.16 secs] 
4787.905: [GC (Allocation Failure) [PSYoungGen: 423552K->148768K(507904K)] 853699K->679144K(1906176K), 0.0506767 secs] [Times: user=0.30 sys=0.00, real=0.05 secs] 
4791.112: [GC (Allocation Failure) [PSYoungGen: 468256K->101824K(508416K)] 998632K->772212K(1906688K), 0.1687227 secs] [Times: user=1.01 sys=0.00, real=0.17 secs] 
4792.971: [GC (Allocation Failure) [PSYoungGen: 420800K->149056K(468480K)] 1091188K->917137K(1866752K), 0.0508419 secs] [Times: user=0.30 sys=0.00, real=0.05 secs] 
4794.884: [GC (Allocation Failure) [PSYoungGen: 468032K->104768K(509952K)] 1236113K->1013005K(1908224K), 0.1650845 secs] [Times: user=0.98 sys=0.00, real=0.16 secs] 
4796.536: [GC (Allocation Failure) [PSYoungGen: 423232K->157664K(476160K)] 1331469K->1166410K(1874432K), 0.0521738 secs] [Times: user=0.31 sys=0.00, real=0.05 secs] 
4798.949: [GC (Allocation Failure) [PSYoungGen: 476128K->102080K(506368K)] 1484874K->1250990K(1904640K), 0.1288327 secs] [Times: user=0.74 sys=0.02, real=0.13 secs] 
4801.291: [GC (Allocation Failure) [PSYoungGen: 413888K->145744K(504320K)] 1562798K->1392540K(1902592K), 0.0504410 secs] [Times: user=0.30 sys=0.00, real=0.05 secs] 
4801.341: [Full GC (Ergonomics) [PSYoungGen: 145744K->0K(504320K)] [ParOldGen: 1246795K->192036K(1398272K)] 1392540K->192036K(1902592K), [Metaspace: 60456K->60456K(1105920K)], 0.4557416 secs] [Times: user=2.11 sys=0.00, real=0.46 secs] 
4804.518: [GC (Allocation Failure) [PSYoungGen: 311808K->99008K(503296K)] 503844K->291044K(1901568K), 0.0501459 secs] [Times: user=0.29 sys=0.00, real=0.05 secs] 
4807.276: [GC (Allocation Failure) [PSYoungGen: 411840K->143392K(504320K)] 603876K->430603K(1902592K), 0.0489588 secs] [Times: user=0.28 sys=0.00, real=0.05 secs] 
4809.150: [GC (Allocation Failure) [PSYoungGen: 456224K->102624K(502784K)] 743435K->523699K(1901056K), 0.0637550 secs] [Times: user=0.37 sys=0.01, real=0.07 secs] 
4812.745: [GC (Allocation Failure) [PSYoungGen: 418016K->141312K(504832K)] 839091K->662472K(1903104K), 0.0509741 secs] [Times: user=0.30 sys=0.00, real=0.05 secs] 
4814.968: [GC (Allocation Failure) [PSYoungGen: 456704K->102784K(504320K)] 977864K->755796K(1902592K), 0.0634527 secs] [Times: user=0.37 sys=0.01, real=0.06 secs] 
4816.362: [GC (Allocation Failure) [PSYoungGen: 422784K->147008K(506880K)] 1075796K->900888K(1905152K), 0.0521935 secs] [Times: user=0.31 sys=0.00, real=0.06 secs] 
4819.356: [GC (Allocation Failure) [PSYoungGen: 467008K->104784K(508416K)] 1220888K->996661K(1906688K), 0.0651106 secs] [Times: user=0.38 sys=0.01, real=0.06 secs] 
4821.020: [GC (Allocation Failure) [PSYoungGen: 427344K->148256K(508928K)] 1319221K->1143169K(1907200K), 0.0530743 secs] [Times: user=0.31 sys=0.00, real=0.05 secs] 
4823.404: [GC (Allocation Failure) [PSYoungGen: 470816K->108896K(508416K)] 1465729K->1243561K(1906688K), 0.0664342 secs] [Times: user=0.40 sys=0.00, real=0.06 secs] 
4825.223: [GC (Allocation Failure) [PSYoungGen: 431968K->150368K(508928K)] 1566633K->1390214K(1907200K), 0.0547196 secs] [Times: user=0.33 sys=0.00, real=0.06 secs] 
4825.277: [Full GC (Ergonomics) [PSYoungGen: 150368K->0K(508928K)] [ParOldGen: 1239846K->188190K(1398272K)] 1390214K->188190K(1907200K), [Metaspace: 60456K->60456K(1105920K)], 0.4448575 secs] [Times: user=2.07 sys=0.00, real=0.44 secs] 
4827.953: [GC (Allocation Failure) [PSYoungGen: 323072K->104960K(510464K)] 511262K->293150K(1908736K), 0.0325068 secs] [Times: user=0.19 sys=0.00, real=0.04 secs] 
4829.407: [GC (Allocation Failure) [PSYoungGen: 427520K->150304K(473088K)] 615710K->439811K(1871360K), 0.0519527 secs] [Times: user=0.31 sys=0.00, real=0.05 secs] 
4832.884: [GC (Allocation Failure) [PSYoungGen: 472864K->104032K(510976K)] 762371K->535120K(1909248K), 0.0832374 secs] [Times: user=0.50 sys=0.00, real=0.08 secs] 
4834.373: [GC (Allocation Failure) [PSYoungGen: 424544K->156848K(477696K)] 855632K->688433K(1875968K), 0.0517616 secs] [Times: user=0.30 sys=0.00, real=0.05 secs] 
4837.289: [GC (Allocation Failure) [PSYoungGen: 477360K->103616K(507904K)] 1008945K->774568K(1906176K), 0.1260750 secs] [Times: user=0.75 sys=0.00, real=0.13 secs] 
4839.178: [GC (Allocation Failure) [PSYoungGen: 417984K->147328K(505344K)] 1088936K->917785K(1903616K), 0.0511869 secs] [Times: user=0.30 sys=0.00, real=0.05 secs] 
4842.198: [GC (Allocation Failure) [PSYoungGen: 461696K->100896K(506368K)] 1232153K->1009457K(1904640K), 0.0642079 secs] [Times: user=0.38 sys=0.00, real=0.06 secs] 
4844.640: [GC (Allocation Failure) [PSYoungGen: 416288K->144128K(506368K)] 1324849K->1150438K(1904640K), 0.0504011 secs] [Times: user=0.30 sys=0.00, real=0.05 secs] 
4846.781: [GC (GCLocker Initiated GC) [PSYoungGen: 459520K->104368K(503808K)] 1465830K->1245699K(1902080K), 0.0654887 secs] [Times: user=0.38 sys=0.00, real=0.07 secs] 
4848.929: [GC (Allocation Failure) [PSYoungGen: 421296K->152320K(505856K)] 1562647K->1394791K(1904128K), 0.0538607 secs] [Times: user=0.31 sys=0.01, real=0.06 secs] 
4848.983: [Full GC (Ergonomics) [PSYoungGen: 152320K->0K(505856K)] [ParOldGen: 1242471K->184313K(1398272K)] 1394791K->184313K(1904128K), [Metaspace: 60456K->60456K(1105920K)], 0.4258893 secs] [Times: user=1.96 sys=0.00, real=0.42 secs] 
4851.376: [GC (Allocation Failure) [PSYoungGen: 316928K->106896K(506880K)] 501241K->291210K(1905152K), 0.0332913 secs] [Times: user=0.19 sys=0.00, real=0.03 secs] 
4852.248: [GC (Allocation Failure) [PSYoungGen: 423824K->147904K(506368K)] 608138K->433890K(1904640K), 0.0525039 secs] [Times: user=0.31 sys=0.00, real=0.05 secs] 
4854.409: [GC (Allocation Failure) [PSYoungGen: 464832K->104464K(506368K)] 750818K->529519K(1904640K), 0.1046799 secs] [Times: user=0.62 sys=0.00, real=0.11 secs] 
4856.197: [GC (Allocation Failure) [PSYoungGen: 422416K->150208K(506880K)] 847471K->674051K(1905152K), 0.0517906 secs] [Times: user=0.30 sys=0.00, real=0.05 secs] 
4858.352: [GC (Allocation Failure) [PSYoungGen: 468160K->101568K(507904K)] 992003K->766963K(1906176K), 0.1384183 secs] [Times: user=0.82 sys=0.01, real=0.14 secs] 
4861.019: [GC (Allocation Failure) [PSYoungGen: 418496K->146144K(506880K)] 1083891K->909248K(1905152K), 0.0506646 secs] [Times: user=0.30 sys=0.00, real=0.05 secs] 
4862.245: [GC (Allocation Failure) [PSYoungGen: 463072K->104496K(505344K)] 1226176K->1004377K(1903616K), 0.0638517 secs] [Times: user=0.38 sys=0.00, real=0.06 secs] 
4865.490: [GC (Allocation Failure) [PSYoungGen: 421936K->148000K(506368K)] 1321817K->1148517K(1904640K), 0.0524483 secs] [Times: user=0.31 sys=0.00, real=0.05 secs] 
4867.081: [GC (Allocation Failure) [PSYoungGen: 465440K->106928K(505856K)] 1465957K->1246386K(1904128K), 0.0653231 secs] [Times: user=0.38 sys=0.00, real=0.07 secs] 
4869.255: [GC (Allocation Failure) [PSYoungGen: 425904K->148544K(506880K)] 1565362K->1387498K(1905152K), 0.0525150 secs] [Times: user=0.31 sys=0.00, real=0.05 secs] 
4869.308: [Full GC (Ergonomics) [PSYoungGen: 148544K->0K(506880K)] [ParOldGen: 1238954K->186155K(1398272K)] 1387498K->186155K(1905152K), [Metaspace: 60456K->60456K(1105920K)], 0.4277411 secs] [Times: user=1.96 sys=0.01, real=0.43 secs] 
4870.874: [GC (GCLocker Initiated GC) [PSYoungGen: 318976K->104880K(508416K)] 505131K->291036K(1906688K), 0.0324770 secs] [Times: user=0.19 sys=0.00, real=0.03 secs] 
4872.852: [GC (Allocation Failure) [PSYoungGen: 425392K->157344K(478208K)] 611568K->445133K(1876480K), 0.1319499 secs] [Times: user=0.79 sys=0.00, real=0.14 secs] 
4876.171: [GC (Allocation Failure) [PSYoungGen: 477856K->101760K(507392K)] 765645K->530109K(1905664K), 0.1490832 secs] [Times: user=0.89 sys=0.00, real=0.15 secs] 
4878.760: [GC (Allocation Failure) [PSYoungGen: 415616K->144800K(505344K)] 843965K->671257K(1903616K), 0.0501300 secs] [Times: user=0.29 sys=0.00, real=0.05 secs] 
4880.066: [GC (Allocation Failure) [PSYoungGen: 458656K->102496K(504832K)] 985113K->764765K(1903104K), 0.0657222 secs] [Times: user=0.39 sys=0.00, real=0.06 secs] 
4883.333: [GC (Allocation Failure) [PSYoungGen: 417888K->143920K(505344K)] 1080157K->906123K(1903616K), 0.0518734 secs] [Times: user=0.30 sys=0.00, real=0.05 secs] 
4885.290: [GC (Allocation Failure) [PSYoungGen: 459312K->104560K(504320K)] 1221515K->1001843K(1902592K), 0.0647624 secs] [Times: user=0.39 sys=0.00, real=0.07 secs] 
4888.386: [GC (Allocation Failure) [PSYoungGen: 423024K->152032K(506368K)] 1320307K->1151535K(1904640K), 0.0537706 secs] [Times: user=0.32 sys=0.00, real=0.05 secs] 
4890.206: [GC (Allocation Failure) [PSYoungGen: 470496K->104384K(508416K)] 1469999K->1238567K(1906688K), 0.0644745 secs] [Times: user=0.38 sys=0.01, real=0.06 secs] 
4892.729: [GC (Allocation Failure) [PSYoungGen: 421824K->145520K(506880K)] 1556007K->1381525K(1905152K), 0.0534939 secs] [Times: user=0.31 sys=0.00, real=0.05 secs] 
4892.782: [Full GC (Ergonomics) [PSYoungGen: 145520K->0K(506880K)] [ParOldGen: 1236004K->179948K(1398272K)] 1381525K->179948K(1905152K), [Metaspace: 60456K->60456K(1105920K)], 0.4130805 secs] [Times: user=1.90 sys=0.00, real=0.42 secs] 
4894.346: [GC (Allocation Failure) [PSYoungGen: 317440K->104672K(505344K)] 497388K->284621K(1903616K), 0.0334166 secs] [Times: user=0.19 sys=0.00, real=0.03 secs] 
4897.236: [GC (Allocation Failure) [PSYoungGen: 423648K->145152K(506880K)] 603597K->426833K(1905152K), 0.0522011 secs] [Times: user=0.31 sys=0.01, real=0.05 secs] 
4899.074: [GC (Allocation Failure) [PSYoungGen: 464128K->107824K(506880K)] 745809K->525522K(1905152K), 0.0636025 secs] [Times: user=0.37 sys=0.00, real=0.06 secs] 
4903.050: [GC (Allocation Failure) [PSYoungGen: 429872K->142144K(508416K)] 847570K->664270K(1906688K), 0.0521308 secs] [Times: user=0.31 sys=0.00, real=0.05 secs] 
4905.429: [GC (Allocation Failure) [PSYoungGen: 464192K->105952K(508416K)] 986318K->760818K(1906688K), 0.0639472 secs] [Times: user=0.38 sys=0.00, real=0.07 secs] 
4907.499: [GC (Allocation Failure) [PSYoungGen: 432096K->146352K(510464K)] 1086962K->905056K(1908736K), 0.0531421 secs] [Times: user=0.31 sys=0.00, real=0.05 secs] 
4910.085: [GC (Allocation Failure) [PSYoungGen: 472496K->108304K(510464K)] 1231200K->1003640K(1908736K), 0.0648895 secs] [Times: user=0.38 sys=0.01, real=0.06 secs] 
4912.802: [GC (Allocation Failure) [PSYoungGen: 436496K->152528K(480768K)] 1331832K->1152813K(1879040K), 0.0540472 secs] [Times: user=0.32 sys=0.00, real=0.06 secs] 
4916.038: [GC (Allocation Failure) [PSYoungGen: 480720K->102752K(513024K)] 1481005K->1246432K(1911296K), 0.0693669 secs] [Times: user=0.42 sys=0.01, real=0.07 secs] 
4917.906: [GC (Allocation Failure) [PSYoungGen: 427872K->148848K(474112K)] 1571552K->1392217K(1872384K), 0.0843212 secs] [Times: user=0.50 sys=0.00, real=0.08 secs] 
4917.991: [Full GC (Ergonomics) [PSYoungGen: 148848K->0K(474112K)] [ParOldGen: 1243369K->191836K(1398272K)] 1392217K->191836K(1872384K), [Metaspace: 60456K->60456K(1105920K)], 0.4662531 secs] [Times: user=2.17 sys=0.01, real=0.47 secs] 
4920.583: [GC (Allocation Failure) [PSYoungGen: 325120K->105040K(512512K)] 516956K->296877K(1910784K), 0.0935867 secs] [Times: user=0.55 sys=0.00, real=0.09 secs] 
4922.155: [GC (Allocation Failure) [PSYoungGen: 428624K->152368K(476160K)] 620461K->445110K(1874432K), 0.0513471 secs] [Times: user=0.30 sys=0.00, real=0.05 secs] 
4925.431: [GC (Allocation Failure) [PSYoungGen: 475952K->104976K(510976K)] 768694K->541106K(1909248K), 0.1577417 secs] [Times: user=0.94 sys=0.00, real=0.16 secs] 
4926.203: [GC (Allocation Failure) [PSYoungGen: 420214K->146592K(508416K)] 856344K->683902K(1906688K), 0.0565351 secs] [Times: user=0.34 sys=0.00, real=0.06 secs] 
4930.790: [GC (Allocation Failure) [PSYoungGen: 467104K->103024K(509440K)] 1004414K->777767K(1907712K), 0.1567104 secs] [Times: user=0.94 sys=0.00, real=0.16 secs] 
4932.223: [GC (Allocation Failure) [PSYoungGen: 424560K->148384K(470016K)] 1099303K->922603K(1868288K), 0.0509060 secs] [Times: user=0.30 sys=0.00, real=0.06 secs] 
4934.448: [GC (Allocation Failure) [PSYoungGen: 469920K->105520K(511488K)] 1244139K->1018952K(1909760K), 0.1584480 secs] [Times: user=0.95 sys=0.00, real=0.16 secs] 
4935.644: [GC (Allocation Failure) [PSYoungGen: 422809K->146800K(508928K)] 1336240K->1160925K(1907200K), 0.0514913 secs] [Times: user=0.30 sys=0.00, real=0.05 secs] 
4940.586: [GC (Allocation Failure) [PSYoungGen: 468336K->99792K(509952K)] 1482461K->1251481K(1908224K), 0.1677577 secs] [Times: user=1.00 sys=0.00, real=0.17 secs] 
4942.371: [GC (Allocation Failure) [PSYoungGen: 421328K->151296K(473088K)] 1573017K->1399077K(1871360K), 0.0505786 secs] [Times: user=0.30 sys=0.00, real=0.05 secs] 
4942.422: [Full GC (Ergonomics) [PSYoungGen: 151296K->0K(473088K)] [ParOldGen: 1247781K->197572K(1398272K)] 1399077K->197572K(1871360K), [Metaspace: 60474K->60474K(1105920K)], 0.4624927 secs] [Times: user=2.13 sys=0.00, real=0.47 secs] 
4944.995: [GC (Allocation Failure) [PSYoungGen: 321536K->101184K(509440K)] 519108K->298756K(1907712K), 0.0740597 secs] [Times: user=0.43 sys=0.00, real=0.07 secs] 
4946.107: [GC (Allocation Failure) [PSYoungGen: 419136K->150304K(468480K)] 616708K->444753K(1866752K), 0.0488334 secs] [Times: user=0.29 sys=0.00, real=0.05 secs] 
4949.647: [GC (Allocation Failure) [PSYoungGen: 468256K->99744K(508416K)] 762705K->535697K(1906688K), 0.1694407 secs] [Times: user=1.00 sys=0.01, real=0.17 secs] 
4951.245: [GC (Allocation Failure) [PSYoungGen: 415648K->146848K(506368K)] 851601K->678734K(1904640K), 0.0495537 secs] [Times: user=0.30 sys=0.00, real=0.05 secs] 
4952.779: [GC (Allocation Failure) [PSYoungGen: 462752K->102592K(505344K)] 994638K->772206K(1903616K), 0.0868353 secs] [Times: user=0.51 sys=0.00, real=0.09 secs] 
4954.261: [GC (Allocation Failure) [PSYoungGen: 418496K->146752K(505856K)] 1088110K->914634K(1904128K), 0.0511166 secs] [Times: user=0.30 sys=0.00, real=0.05 secs] 
4957.235: [GC (Allocation Failure) [PSYoungGen: 462656K->104080K(505344K)] 1230538K->1009019K(1903616K), 0.0653591 secs] [Times: user=0.39 sys=0.00, real=0.06 secs] 
4959.479: [GC (Allocation Failure) [PSYoungGen: 421520K->145600K(506368K)] 1326459K->1151427K(1904640K), 0.0553282 secs] [Times: user=0.32 sys=0.00, real=0.06 secs] 
4961.191: [GC (Allocation Failure) [PSYoungGen: 463040K->102848K(506368K)] 1468867K->1245611K(1904640K), 0.0656679 secs] [Times: user=0.39 sys=0.00, real=0.07 secs] 
4964.146: [GC (Allocation Failure) [PSYoungGen: 422336K->146432K(507392K)] 1565099K->1388304K(1905664K), 0.0517112 secs] [Times: user=0.31 sys=0.00, real=0.05 secs] 
4964.198: [Full GC (Ergonomics) [PSYoungGen: 146432K->0K(507392K)] [ParOldGen: 1241872K->187294K(1398272K)] 1388304K->187294K(1905664K), [Metaspace: 60474K->60474K(1105920K)], 0.4356522 secs] [Times: user=2.01 sys=0.00, real=0.44 secs] 
4966.415: [GC (Allocation Failure) [PSYoungGen: 319488K->104736K(507904K)] 506782K->292030K(1906176K), 0.0644778 secs] [Times: user=0.38 sys=0.00, real=0.06 secs] 
4968.660: [GC (Allocation Failure) [PSYoungGen: 425760K->148704K(508416K)] 613054K->436643K(1906688K), 0.0515454 secs] [Times: user=0.31 sys=0.00, real=0.05 secs] 
4971.092: [GC (Allocation Failure) [PSYoungGen: 469728K->106048K(508928K)] 757667K->533787K(1907200K), 0.1801571 secs] [Times: user=1.07 sys=0.00, real=0.18 secs] 
4973.511: [GC (Allocation Failure) [PSYoungGen: 427584K->149248K(508928K)] 855323K->679264K(1907200K), 0.0522471 secs] [Times: user=0.31 sys=0.00, real=0.06 secs] 
4975.566: [GC (Allocation Failure) [PSYoungGen: 470784K->105952K(508928K)] 1000800K->775932K(1907200K), 0.1742939 secs] [Times: user=1.04 sys=0.00, real=0.17 secs] 
4976.951: [GC (Allocation Failure) [PSYoungGen: 427234K->149040K(508928K)] 1097214K->921330K(1907200K), 0.0573480 secs] [Times: user=0.33 sys=0.01, real=0.06 secs] 
4980.554: [GC (Allocation Failure) [PSYoungGen: 470576K->101856K(509952K)] 1242866K->1014489K(1908224K), 0.1679261 secs] [Times: user=1.00 sys=0.00, real=0.16 secs] 
4982.452: [GC (Allocation Failure) [PSYoungGen: 422368K->149536K(470528K)] 1335001K->1159914K(1868800K), 0.0516507 secs] [Times: user=0.31 sys=0.00, real=0.06 secs] 
4984.802: [GC (Allocation Failure) [PSYoungGen: 470048K->104416K(510464K)] 1480426K->1255018K(1908736K), 0.1741802 secs] [Times: user=1.04 sys=0.00, real=0.18 secs] 
4985.899: [GC (Allocation Failure) [PSYoungGen: 421647K->148032K(507904K)] 1572249K->1398799K(1906176K), 0.0518074 secs] [Times: user=0.30 sys=0.01, real=0.05 secs] 
4985.951: [Full GC (Ergonomics) [PSYoungGen: 148032K->0K(507904K)] [ParOldGen: 1250767K->197778K(1398272K)] 1398799K->197778K(1906176K), [Metaspace: 60476K->60476K(1105920K)], 0.4683510 secs] [Times: user=2.16 sys=0.00, real=0.47 secs] 
4989.058: [GC (Allocation Failure) [PSYoungGen: 319488K->103520K(507904K)] 517266K->301299K(1906176K), 0.0746495 secs] [Times: user=0.43 sys=0.00, real=0.07 secs] 
4990.995: [GC (Allocation Failure) [PSYoungGen: 417937K->147616K(507904K)] 615716K->445047K(1906176K), 0.0495913 secs] [Times: user=0.29 sys=0.00, real=0.05 secs] 
4994.603: [GC (Allocation Failure) [PSYoungGen: 467104K->102688K(508416K)] 764535K->538931K(1906688K), 0.1739670 secs] [Times: user=1.04 sys=0.00, real=0.18 secs] 
4996.797: [GC (Allocation Failure) [PSYoungGen: 422688K->147680K(508416K)] 858931K->682596K(1906688K), 0.0507957 secs] [Times: user=0.29 sys=0.01, real=0.05 secs] 
4999.024: [GC (Allocation Failure) [PSYoungGen: 467680K->106064K(507392K)] 1002596K->779329K(1905664K), 0.1589185 secs] [Times: user=0.95 sys=0.00, real=0.16 secs] 
4999.607: [GC (Allocation Failure) [PSYoungGen: 423696K->147568K(507904K)] 1096961K->922634K(1906176K), 0.0511445 secs] [Times: user=0.30 sys=0.00, real=0.05 secs] 
5003.058: [GC (Allocation Failure) [PSYoungGen: 467568K->101728K(508928K)] 1242634K->1015205K(1907200K), 0.0936120 secs] [Times: user=0.55 sys=0.00, real=0.09 secs] 
5004.195: [GC (Allocation Failure) [PSYoungGen: 422752K->149520K(471040K)] 1336229K->1161139K(1869312K), 0.0515394 secs] [Times: user=0.30 sys=0.00, real=0.05 secs] 
5007.139: [GC (Allocation Failure) [PSYoungGen: 470544K->100432K(509952K)] 1482163K->1252811K(1908224K), 0.1041202 secs] [Times: user=0.62 sys=0.00, real=0.11 secs] 
5008.737: [GC (Allocation Failure) [PSYoungGen: 419408K->149632K(468992K)] 1571787K->1398475K(1867264K), 0.0508446 secs] [Times: user=0.30 sys=0.00, real=0.05 secs] 
5008.788: [Full GC (Ergonomics) [PSYoungGen: 149632K->0K(468992K)] [ParOldGen: 1248843K->196107K(1398272K)] 1398475K->196107K(1867264K), [Metaspace: 60485K->60485K(1105920K)], 0.4634992 secs] [Times: user=2.15 sys=0.00, real=0.46 secs] 
5010.851: [GC (Allocation Failure) [PSYoungGen: 318976K->102560K(509440K)] 515083K->298667K(1907712K), 0.0577528 secs] [Times: user=0.34 sys=0.00, real=0.06 secs] 
5012.255: [GC (Allocation Failure) [PSYoungGen: 420000K->156480K(474112K)] 616107K->450776K(1872384K), 0.0495737 secs] [Times: user=0.29 sys=0.00, real=0.05 secs] 
5016.482: [GC (Allocation Failure) [PSYoungGen: 473920K->101376K(506368K)] 768216K->534605K(1904640K), 0.1623983 secs] [Times: user=0.96 sys=0.01, real=0.17 secs] 
5017.795: [GC (Allocation Failure) [PSYoungGen: 412672K->152304K(463872K)] 845901K->683214K(1862144K), 0.0749146 secs] [Times: user=0.44 sys=0.00, real=0.07 secs] 
5019.681: [GC (Allocation Failure) [PSYoungGen: 463600K->99760K(504832K)] 994510K->766022K(1903104K), 0.0905803 secs] [Times: user=0.54 sys=0.01, real=0.09 secs] 
5022.515: [GC (Allocation Failure) [PSYoungGen: 408496K->141984K(451072K)] 1074758K->904082K(1849344K), 0.0507464 secs] [Times: user=0.29 sys=0.01, real=0.05 secs] 
5024.014: [GC (Allocation Failure) [PSYoungGen: 450720K->100784K(504832K)] 1212818K->995563K(1903104K), 0.0738595 secs] [Times: user=0.44 sys=0.00, real=0.07 secs] 
5026.325: [GC (Allocation Failure) [PSYoungGen: 412080K->141632K(502272K)] 1306859K->1134575K(1900544K), 0.0520936 secs] [Times: user=0.31 sys=0.00, real=0.05 secs] 
5028.484: [GC (Allocation Failure) [PSYoungGen: 452928K->102432K(505344K)] 1445871K->1227611K(1903616K), 0.0680348 secs] [Times: user=0.40 sys=0.00, real=0.06 secs] 
5032.007: [GC (Allocation Failure) [PSYoungGen: 419360K->142112K(505344K)] 1544539K->1367376K(1903616K), 0.0553558 secs] [Times: user=0.32 sys=0.00, real=0.05 secs] 
5033.538: [GC (Allocation Failure) [PSYoungGen: 459040K->106032K(504832K)] 1684304K->1464305K(1903104K), 0.0697811 secs] [Times: user=0.38 sys=0.03, real=0.07 secs] 
5033.608: [Full GC (Ergonomics) [PSYoungGen: 106032K->0K(504832K)] [ParOldGen: 1358272K->25443K(1398272K)] 1464305K->25443K(1903104K), [Metaspace: 60494K->60494K(1105920K)], 0.0405785 secs] [Times: user=0.12 sys=0.00, real=0.04 secs] 
5035.749: [GC (Allocation Failure) [PSYoungGen: 321536K->146752K(507392K)] 346979K->172195K(1905664K), 0.0309848 secs] [Times: user=0.18 sys=0.00, real=0.03 secs] 
5037.916: [GC (Allocation Failure) [PSYoungGen: 468288K->107312K(509440K)] 493731K->270576K(1907712K), 0.0653872 secs] [Times: user=0.38 sys=0.00, real=0.06 secs] 
5039.912: [GC (Allocation Failure) [PSYoungGen: 431920K->146976K(509952K)] 595184K->415076K(1908224K), 0.0527018 secs] [Times: user=0.31 sys=0.00, real=0.06 secs] 
5043.159: [GC (Allocation Failure) [PSYoungGen: 471584K->104928K(511488K)] 739684K->510260K(1909760K), 0.0645693 secs] [Times: user=0.39 sys=0.00, real=0.07 secs] 
5045.846: [GC (Allocation Failure) [PSYoungGen: 431072K->147712K(474112K)] 836404K->655329K(1872384K), 0.0520363 secs] [Times: user=0.31 sys=0.00, real=0.05 secs] 
5048.625: [GC (Allocation Failure) [PSYoungGen: 473856K->108864K(514048K)] 981473K->755121K(1912320K), 0.0766464 secs] [Times: user=0.45 sys=0.00, real=0.07 secs] 
5051.394: [GC (Allocation Failure) [PSYoungGen: 435008K->150016K(510976K)] 1081265K->902613K(1909248K), 0.0536587 secs] [Times: user=0.32 sys=0.00, real=0.05 secs] 
5052.711: [GC (Allocation Failure) [PSYoungGen: 476160K->107328K(511488K)] 1228757K->1000758K(1909760K), 0.0656543 secs] [Times: user=0.39 sys=0.00, real=0.07 secs] 
5055.650: [GC (Allocation Failure) [PSYoungGen: 432960K->151248K(477184K)] 1326390K->1147803K(1875456K), 0.0529194 secs] [Times: user=0.31 sys=0.01, real=0.05 secs] 
5058.054: [GC (Allocation Failure) [PSYoungGen: 476880K->105440K(512000K)] 1473435K->1244314K(1910272K), 0.1809279 secs] [Times: user=1.07 sys=0.01, real=0.18 secs] 
5059.829: [GC (Allocation Failure) [PSYoungGen: 428512K->175808K(499200K)] 1567386K->1416567K(1897472K), 0.0531231 secs] [Times: user=0.31 sys=0.00, real=0.05 secs] 
5059.882: [Full GC (Ergonomics) [PSYoungGen: 175808K->0K(499200K)] [ParOldGen: 1240759K->197740K(1398272K)] 1416567K->197740K(1897472K), [Metaspace: 60494K->60494K(1105920K)], 0.4718348 secs] [Times: user=2.19 sys=0.00, real=0.48 secs] 
5062.686: [GC (GCLocker Initiated GC) [PSYoungGen: 323072K->104896K(502272K)] 520813K->302637K(1900544K), 0.0977065 secs] [Times: user=0.57 sys=0.00, real=0.10 secs] 
5064.221: [GC (Allocation Failure) [PSYoungGen: 408000K->139312K(442880K)] 605742K->438070K(1841152K), 0.0496672 secs] [Times: user=0.29 sys=0.00, real=0.05 secs] 
5066.067: [GC (Allocation Failure) [PSYoungGen: 442416K->101104K(498688K)] 741174K->529578K(1896960K), 0.1036926 secs] [Times: user=0.61 sys=0.00, real=0.10 secs] 
5068.630: [GC (Allocation Failure) [PSYoungGen: 405744K->140016K(497152K)] 834218K->663407K(1895424K), 0.0492354 secs] [Times: user=0.29 sys=0.00, real=0.05 secs] 
5070.086: [GC (Allocation Failure) [PSYoungGen: 444656K->99440K(504832K)] 968047K->753811K(1903104K), 0.0628029 secs] [Times: user=0.37 sys=0.00, real=0.06 secs] 
5073.409: [GC (Allocation Failure) [PSYoungGen: 413296K->142080K(503296K)] 1067667K->892971K(1901568K), 0.0521367 secs] [Times: user=0.31 sys=0.00, real=0.05 secs] 
5074.708: [GC (Allocation Failure) [PSYoungGen: 455936K->107792K(504832K)] 1206827K->991612K(1903104K), 0.0647165 secs] [Times: user=0.39 sys=0.00, real=0.06 secs] 
5077.470: [GC (Allocation Failure) [PSYoungGen: 427792K->142448K(506368K)] 1311612K->1131737K(1904640K), 0.0540462 secs] [Times: user=0.32 sys=0.00, real=0.06 secs] 
5079.178: [GC (Allocation Failure) [PSYoungGen: 462448K->107312K(506880K)] 1451737K->1229941K(1905152K), 0.0653306 secs] [Times: user=0.39 sys=0.00, real=0.07 secs] 
5080.475: [GC (Allocation Failure) [PSYoungGen: 432944K->151008K(509440K)] 1555573K->1378433K(1907712K), 0.0540546 secs] [Times: user=0.31 sys=0.00, real=0.05 secs] 
5082.024: [GC (Allocation Failure) [PSYoungGen: 476640K->106224K(512512K)] 1704065K->1475422K(1910784K), 0.0665393 secs] [Times: user=0.39 sys=0.00, real=0.06 secs] 
5082.091: [Full GC (Ergonomics) [PSYoungGen: 106224K->0K(512512K)] [ParOldGen: 1369197K->37151K(1398272K)] 1475422K->37151K(1910784K), [Metaspace: 60494K->59587K(1105920K)], 0.0762941 secs] [Times: user=0.26 sys=0.01, real=0.08 secs] 
5084.340: [GC (Allocation Failure) [PSYoungGen: 325632K->150944K(476672K)] 362783K->188095K(1874944K), 0.0297485 secs] [Times: user=0.18 sys=0.00, real=0.03 secs] 
5086.472: [GC (Allocation Failure) [PSYoungGen: 476576K->105552K(512512K)] 513727K->284748K(1910784K), 0.0650014 secs] [Times: user=0.38 sys=0.01, real=0.07 secs] 
5088.958: [GC (Allocation Failure) [PSYoungGen: 429136K->157488K(481280K)] 608332K->438757K(1879552K), 0.0538998 secs] [Times: user=0.29 sys=0.00, real=0.05 secs] 
5091.086: [GC (Allocation Failure) [PSYoungGen: 481072K->104640K(508928K)] 762341K->526612K(1907200K), 0.0651585 secs] [Times: user=0.39 sys=0.00, real=0.06 secs] 
5094.017: [GC (Allocation Failure) [PSYoungGen: 421056K->146096K(506368K)] 843028K->668913K(1904640K), 0.0513542 secs] [Times: user=0.30 sys=0.00, real=0.05 secs] 
5095.579: [GC (Allocation Failure) [PSYoungGen: 462512K->104320K(506368K)] 985329K->764205K(1904640K), 0.0928386 secs] [Times: user=0.54 sys=0.01, real=0.09 secs] 
5097.338: [GC (Allocation Failure) [PSYoungGen: 422272K->146816K(506880K)] 1082157K->907145K(1905152K), 0.0513615 secs] [Times: user=0.30 sys=0.00, real=0.05 secs] 
5098.695: [GC (Allocation Failure) [PSYoungGen: 464768K->105504K(506368K)] 1225097K->1003178K(1904640K), 0.0690537 secs] [Times: user=0.40 sys=0.00, real=0.07 secs] 
5101.183: [GC (Allocation Failure) [PSYoungGen: 424992K->147008K(507392K)] 1322666K->1145942K(1905664K), 0.0522745 secs] [Times: user=0.31 sys=0.00, real=0.05 secs] 
5103.001: [GC (Allocation Failure) [PSYoungGen: 466496K->106880K(507392K)] 1465430K->1243678K(1905664K), 0.1253251 secs] [Times: user=0.74 sys=0.00, real=0.13 secs] 
5104.983: [GC (Allocation Failure) [PSYoungGen: 428416K->154832K(476672K)] 1565214K->1394876K(1874944K), 0.0540561 secs] [Times: user=0.32 sys=0.00, real=0.06 secs] 
5105.037: [Full GC (Ergonomics) [PSYoungGen: 154832K->0K(476672K)] [ParOldGen: 1240043K->191232K(1398272K)] 1394876K->191232K(1874944K), [Metaspace: 59588K->59588K(1105920K)], 0.4301371 secs] [Times: user=1.97 sys=0.00, real=0.43 secs] 
5107.178: [GC (Allocation Failure) [PSYoungGen: 321536K->105952K(509440K)] 512768K->297184K(1907712K), 0.0514635 secs] [Times: user=0.30 sys=0.00, real=0.05 secs] 
5109.343: [GC (Allocation Failure) [PSYoungGen: 423904K->146336K(507392K)] 615136K->440077K(1905664K), 0.0513884 secs] [Times: user=0.31 sys=0.00, real=0.06 secs] 
5111.077: [GC (Allocation Failure) [PSYoungGen: 464288K->105024K(506368K)] 758029K->535761K(1904640K), 0.0861730 secs] [Times: user=0.52 sys=0.00, real=0.08 secs] 
5113.254: [GC (Allocation Failure) [PSYoungGen: 424000K->148192K(507392K)] 854737K->680666K(1905664K), 0.0518249 secs] [Times: user=0.30 sys=0.01, real=0.05 secs] 
5114.880: [GC (Allocation Failure) [PSYoungGen: 467168K->102192K(508928K)] 999642K->773946K(1907200K), 0.0925038 secs] [Times: user=0.55 sys=0.01, real=0.09 secs] 
5116.793: [GC (Allocation Failure) [PSYoungGen: 422704K->148224K(468992K)] 1094458K->918871K(1867264K), 0.0510007 secs] [Times: user=0.30 sys=0.00, real=0.06 secs] 
5119.096: [GC (Allocation Failure) [PSYoungGen: 468736K->103296K(510464K)] 1239383K->1013435K(1908736K), 0.1777241 secs] [Times: user=1.05 sys=0.00, real=0.18 secs] 
5122.443: [GC (Allocation Failure) [PSYoungGen: 423296K->146112K(508416K)] 1333435K->1155868K(1906688K), 0.0513322 secs] [Times: user=0.30 sys=0.01, real=0.05 secs] 
5124.068: [GC (Allocation Failure) [PSYoungGen: 466112K->104288K(506880K)] 1475868K->1251100K(1905152K), 0.0697660 secs] [Times: user=0.42 sys=0.00, real=0.07 secs] 
5125.732: [GC (Allocation Failure) [PSYoungGen: 424800K->150400K(507904K)] 1571612K->1397656K(1906176K), 0.0520309 secs] [Times: user=0.31 sys=0.00, real=0.06 secs] 
5125.785: [Full GC (Ergonomics) [PSYoungGen: 150400K->0K(507904K)] [ParOldGen: 1247256K->194603K(1398272K)] 1397656K->194603K(1906176K), [Metaspace: 59588K->59588K(1105920K)], 0.4532684 secs] [Times: user=2.10 sys=0.00, real=0.45 secs] 
5127.918: [GC (Allocation Failure) [PSYoungGen: 320512K->103664K(508928K)] 515115K->298268K(1907200K), 0.0505671 secs] [Times: user=0.30 sys=0.00, real=0.05 secs] 
5130.152: [GC (Allocation Failure) [PSYoungGen: 423152K->147008K(507904K)] 617756K->442125K(1906176K), 0.1061731 secs] [Times: user=0.63 sys=0.00, real=0.11 secs] 
5134.279: [GC (Allocation Failure) [PSYoungGen: 466496K->103408K(507392K)] 761613K->536526K(1905664K), 0.1746853 secs] [Times: user=1.03 sys=0.00, real=0.18 secs] 
5137.610: [GC (Allocation Failure) [PSYoungGen: 423408K->148336K(507904K)] 856526K->680098K(1906176K), 0.0509197 secs] [Times: user=0.30 sys=0.00, real=0.05 secs] 
5140.207: [GC (Allocation Failure) [PSYoungGen: 468336K->103552K(508928K)] 1000098K->774330K(1907200K), 0.1787115 secs] [Times: user=0.98 sys=0.00, real=0.18 secs] 
5141.575: [GC (Allocation Failure) [PSYoungGen: 423552K->151184K(471552K)] 1094330K->921239K(1869824K), 0.0513379 secs] [Times: user=0.31 sys=0.00, real=0.05 secs] 
5143.277: [GC (Allocation Failure) [PSYoungGen: 471184K->103280K(509440K)] 1241239K->1015583K(1907712K), 0.1271090 secs] [Times: user=0.75 sys=0.01, real=0.13 secs] 
5145.613: [GC (Allocation Failure) [PSYoungGen: 420182K->147936K(507392K)] 1332485K->1159300K(1905664K), 0.0513010 secs] [Times: user=0.31 sys=0.00, real=0.05 secs] 
5148.803: [GC (Allocation Failure) [PSYoungGen: 465888K->101344K(507392K)] 1477252K->1251600K(1905664K), 0.1588588 secs] [Times: user=0.94 sys=0.00, real=0.15 secs] 
5149.835: [GC (Allocation Failure) [PSYoungGen: 419296K->149792K(467968K)] 1569552K->1397316K(1866240K), 0.0515433 secs] [Times: user=0.30 sys=0.00, real=0.05 secs] 
5149.886: [Full GC (Ergonomics) [PSYoungGen: 149792K->0K(467968K)] [ParOldGen: 1247524K->197320K(1398272K)] 1397316K->197320K(1866240K), [Metaspace: 59625K->59625K(1105920K)], 0.4647390 secs] [Times: user=2.15 sys=0.00, real=0.46 secs] 
5152.688: [GC (Allocation Failure) [PSYoungGen: 317952K->100624K(508416K)] 515272K->297945K(1906688K), 0.0977671 secs] [Times: user=0.58 sys=0.00, real=0.10 secs] 
5154.188: [GC (Allocation Failure) [PSYoungGen: 416528K->148704K(506368K)] 613849K->442482K(1904640K), 0.0490197 secs] [Times: user=0.28 sys=0.00, real=0.05 secs] 
5155.586: [GC (Allocation Failure) [PSYoungGen: 464608K->102496K(506368K)] 758386K->535882K(1904640K), 0.0681501 secs] [Times: user=0.41 sys=0.00, real=0.07 secs] 
5156.853: [GC (Allocation Failure) [PSYoungGen: 418400K->156400K(472576K)] 851786K->688183K(1870848K), 0.0508573 secs] [Times: user=0.30 sys=0.00, real=0.06 secs] 
5160.591: [GC (Allocation Failure) [PSYoungGen: 472304K->97024K(504832K)] 1004087K->768126K(1903104K), 0.1188646 secs] [Times: user=0.70 sys=0.01, real=0.12 secs] 
5162.592: [GC (Allocation Failure) [PSYoungGen: 406272K->144768K(503296K)] 1077374K->909235K(1901568K), 0.0502980 secs] [Times: user=0.30 sys=0.00, real=0.05 secs] 
5164.302: [GC (Allocation Failure) [PSYoungGen: 453040K->101776K(500736K)] 1217507K->1002052K(1899008K), 0.0652539 secs] [Times: user=0.39 sys=0.00, real=0.07 secs] 
5166.808: [GC (Allocation Failure) [PSYoungGen: 412048K->139792K(502272K)] 1312324K->1139993K(1900544K), 0.0524840 secs] [Times: user=0.31 sys=0.00, real=0.05 secs] 
5168.669: [GC (Allocation Failure) [PSYoungGen: 450064K->102304K(501248K)] 1450265K->1233248K(1899520K), 0.0664639 secs] [Times: user=0.39 sys=0.00, real=0.07 secs] 
5171.976: [GC (GCLocker Initiated GC) [PSYoungGen: 418208K->144400K(504320K)] 1549153K->1374807K(1902592K), 0.0526060 secs] [Times: user=0.31 sys=0.00, real=0.05 secs] 
5172.029: [Full GC (Ergonomics) [PSYoungGen: 144400K->0K(504320K)] [ParOldGen: 1230406K->173871K(1398272K)] 1374807K->173871K(1902592K), [Metaspace: 59630K->59630K(1105920K)], 0.3879390 secs] [Times: user=1.77 sys=0.00, real=0.39 secs] 
5173.726: [GC (Allocation Failure) [PSYoungGen: 315904K->105088K(505856K)] 489825K->279010K(1904128K), 0.0340377 secs] [Times: user=0.20 sys=0.00, real=0.03 secs] 
5176.002: [GC (Allocation Failure) [PSYoungGen: 425600K->145088K(507392K)] 599522K->421614K(1905664K), 0.0530566 secs] [Times: user=0.31 sys=0.00, real=0.06 secs] 
5177.650: [GC (Allocation Failure) [PSYoungGen: 465600K->107520K(507392K)] 742126K->520058K(1905664K), 0.0645394 secs] [Times: user=0.38 sys=0.00, real=0.07 secs] 
5179.809: [GC (Allocation Failure) [PSYoungGen: 431104K->146096K(508928K)] 843642K->663584K(1907200K), 0.0528918 secs] [Times: user=0.30 sys=0.01, real=0.05 secs] 
5182.164: [GC (Allocation Failure) [PSYoungGen: 469680K->108864K(509440K)] 987168K->763179K(1907712K), 0.0651476 secs] [Times: user=0.39 sys=0.00, real=0.06 secs] 
5184.514: [GC (Allocation Failure) [PSYoungGen: 435008K->149184K(510464K)] 1089323K->909960K(1908736K), 0.0538005 secs] [Times: user=0.32 sys=0.00, real=0.05 secs] 
5187.030: [GC (Allocation Failure) [PSYoungGen: 475328K->105920K(512000K)] 1236104K->1007088K(1910272K), 0.0655141 secs] [Times: user=0.38 sys=0.00, real=0.07 secs] 
5189.862: [GC (Allocation Failure) [PSYoungGen: 432576K->151744K(478720K)] 1333744K->1154557K(1876992K), 0.0529949 secs] [Times: user=0.31 sys=0.00, real=0.06 secs] 
5191.915: [GC (Allocation Failure) [PSYoungGen: 478400K->105136K(512000K)] 1481213K->1250446K(1910272K), 0.1696193 secs] [Times: user=1.00 sys=0.01, real=0.17 secs] 
5193.955: [GC (Allocation Failure) [PSYoungGen: 428208K->160560K(483840K)] 1573518K->1406605K(1882112K), 0.0533708 secs] [Times: user=0.32 sys=0.01, real=0.05 secs] 
5194.009: [Full GC (Ergonomics) [PSYoungGen: 160560K->0K(483840K)] [ParOldGen: 1246044K->197103K(1398272K)] 1406605K->197103K(1882112K), [Metaspace: 59630K->59630K(1105920K)], 0.4596503 secs] [Times: user=2.13 sys=0.00, real=0.46 secs] 
5196.902: [GC (Allocation Failure) [PSYoungGen: 323072K->103168K(507392K)] 520175K->300271K(1905664K), 0.0928415 secs] [Times: user=0.55 sys=0.00, real=0.10 secs] 
5198.469: [GC (Allocation Failure) [PSYoungGen: 417024K->147632K(505344K)] 614127K->443397K(1903616K), 0.0495294 secs] [Times: user=0.29 sys=0.00, real=0.05 secs] 
5200.112: [GC (Allocation Failure) [PSYoungGen: 461488K->102208K(504832K)] 757253K->536764K(1903104K), 0.1468391 secs] [Times: user=0.87 sys=0.00, real=0.15 secs] 
5201.899: [GC (Allocation Failure) [PSYoungGen: 416576K->154960K(469504K)] 851132K->688457K(1867776K), 0.0508202 secs] [Times: user=0.30 sys=0.00, real=0.05 secs] 
5203.204: [GC (Allocation Failure) [PSYoungGen: 469328K->101920K(505856K)] 1002825K->773281K(1904128K), 0.0636552 secs] [Times: user=0.37 sys=0.01, real=0.06 secs] 
5205.921: [GC (Allocation Failure) [PSYoungGen: 412704K->142176K(453120K)] 1084065K->911870K(1851392K), 0.0499685 secs] [Times: user=0.30 sys=0.00, real=0.05 secs] 
5207.487: [GC (Allocation Failure) [PSYoungGen: 452960K->101104K(505344K)] 1222654K->1003538K(1903616K), 0.0633900 secs] [Times: user=0.37 sys=0.00, real=0.06 secs] 
5210.833: [GC (Allocation Failure) [PSYoungGen: 413936K->143040K(503296K)] 1316370K->1142870K(1901568K), 0.0509235 secs] [Times: user=0.30 sys=0.00, real=0.06 secs] 
5212.076: [GC (Allocation Failure) [PSYoungGen: 455872K->103072K(506368K)] 1455702K->1236958K(1904640K), 0.0751789 secs] [Times: user=0.43 sys=0.00, real=0.07 secs] 
5214.269: [GC (Allocation Failure) [PSYoungGen: 421024K->144480K(506368K)] 1554910K->1378483K(1904640K), 0.0529088 secs] [Times: user=0.31 sys=0.01, real=0.05 secs] 
5214.322: [Full GC (Ergonomics) [PSYoungGen: 144480K->0K(506368K)] [ParOldGen: 1234003K->178538K(1398272K)] 1378483K->178538K(1904640K), [Metaspace: 59630K->59630K(1105920K)], 0.4091265 secs] [Times: user=1.89 sys=0.00, real=0.41 secs] 
5215.931: [GC (Allocation Failure) [PSYoungGen: 317952K->107328K(505344K)] 496490K->285866K(1903616K), 0.0344596 secs] [Times: user=0.21 sys=0.00, real=0.04 secs] 
5218.452: [GC (Allocation Failure) [PSYoungGen: 428352K->143072K(507392K)] 606890K->426787K(1905664K), 0.0534697 secs] [Times: user=0.32 sys=0.01, real=0.06 secs] 
5220.275: [GC (Allocation Failure) [PSYoungGen: 464096K->109616K(506880K)] 747811K->526491K(1905152K), 0.0648291 secs] [Times: user=0.38 sys=0.01, real=0.06 secs] 
5222.039: [GC (Allocation Failure) [PSYoungGen: 435248K->148512K(509440K)] 852123K->672460K(1907712K), 0.0543004 secs] [Times: user=0.32 sys=0.00, real=0.05 secs] 
5224.909: [GC (Allocation Failure) [PSYoungGen: 474144K->107216K(512512K)] 998092K->770384K(1910784K), 0.0655368 secs] [Times: user=0.38 sys=0.00, real=0.07 secs] 
5227.680: [GC (Allocation Failure) [PSYoungGen: 434896K->151216K(479232K)] 1098064K->917957K(1877504K), 0.0546211 secs] [Times: user=0.32 sys=0.00, real=0.06 secs] 
5230.794: [GC (Allocation Failure) [PSYoungGen: 478896K->105728K(513024K)] 1245637K->1014556K(1911296K), 0.1302067 secs] [Times: user=0.77 sys=0.00, real=0.13 secs] 
5232.850: [GC (Allocation Failure) [PSYoungGen: 430848K->150496K(475648K)] 1339676K->1161457K(1873920K), 0.0536064 secs] [Times: user=0.32 sys=0.00, real=0.06 secs] 
5235.992: [GC (Allocation Failure) [PSYoungGen: 475616K->104608K(512000K)] 1486577K->1257053K(1910272K), 0.1710166 secs] [Times: user=1.02 sys=0.00, real=0.17 secs] 
5237.718: [GC (Allocation Failure) [PSYoungGen: 422202K->147264K(509952K)] 1574648K->1400150K(1908224K), 0.0522070 secs] [Times: user=0.30 sys=0.00, real=0.05 secs] 
5237.770: [Full GC (Ergonomics) [PSYoungGen: 147264K->0K(509952K)] [ParOldGen: 1252886K->197619K(1398272K)] 1400150K->197619K(1908224K), [Metaspace: 59630K->59630K(1105920K)], 0.4578044 secs] [Times: user=2.10 sys=0.00, real=0.46 secs] 
5240.273: [GC (Allocation Failure) [PSYoungGen: 323072K->107296K(508928K)] 520691K->304915K(1907200K), 0.1053341 secs] [Times: user=0.62 sys=0.01, real=0.11 secs] 
5241.507: [GC (Allocation Failure) [PSYoungGen: 421702K->143264K(509440K)] 619322K->444536K(1907712K), 0.1156290 secs] [Times: user=0.69 sys=0.00, real=0.11 secs] 
5244.667: [GC (Allocation Failure) [PSYoungGen: 466336K->103392K(508928K)] 767608K->539552K(1907200K), 0.1655625 secs] [Times: user=0.99 sys=0.00, real=0.16 secs] 
5246.023: [GC (Allocation Failure) [PSYoungGen: 425754K->148496K(510464K)] 861914K->684146K(1908736K), 0.0501816 secs] [Times: user=0.30 sys=0.00, real=0.05 secs] 
5248.435: [GC (Allocation Failure) [PSYoungGen: 474128K->107200K(511488K)] 1009778K->782233K(1909760K), 0.1275250 secs] [Times: user=0.75 sys=0.01, real=0.12 secs] 
5249.566: [GC (Allocation Failure) [PSYoungGen: 419080K->144544K(511488K)] 1094113K->922742K(1909760K), 0.0518252 secs] [Times: user=0.31 sys=0.00, real=0.05 secs] 
5252.249: [GC (Allocation Failure) [PSYoungGen: 471200K->108784K(509440K)] 1249398K->1021959K(1907712K), 0.1700122 secs] [Times: user=1.01 sys=0.01, real=0.17 secs] 
5253.012: [GC (Allocation Failure) [PSYoungGen: 436464K->155232K(483328K)] 1349639K->1173223K(1881600K), 0.0545349 secs] [Times: user=0.31 sys=0.00, real=0.06 secs] 
5256.109: [GC (Allocation Failure) [PSYoungGen: 482912K->96064K(510464K)] 1500903K->1269003K(1908736K), 0.1741456 secs] [Times: user=1.03 sys=0.01, real=0.18 secs] 
5256.862: [GC (Allocation Failure) [PSYoungGen: 417600K->171952K(493568K)] 1590539K->1434652K(1891840K), 0.0579078 secs] [Times: user=0.34 sys=0.00, real=0.06 secs] 
5256.919: [Full GC (Ergonomics) [PSYoungGen: 171952K->0K(493568K)] [ParOldGen: 1262699K->216694K(1398272K)] 1434652K->216694K(1891840K), [Metaspace: 59630K->59630K(1105920K)], 0.4994523 secs] [Times: user=2.32 sys=0.00, real=0.50 secs] 
5261.626: [GC (Allocation Failure) [PSYoungGen: 321536K->92736K(500224K)] 538230K->309430K(1898496K), 0.1522666 secs] [Times: user=0.91 sys=0.00, real=0.15 secs] 
5262.694: [GC (Allocation Failure) [PSYoungGen: 393792K->144624K(445952K)] 610486K->447748K(1844224K), 0.0532701 secs] [Times: user=0.32 sys=0.00, real=0.05 secs] 
5264.441: [GC (Allocation Failure) [PSYoungGen: 445680K->90656K(499712K)] 748804K->537863K(1897984K), 0.0937355 secs] [Times: user=0.56 sys=0.00, real=0.10 secs] 
5265.191: [GC (Allocation Failure) [PSYoungGen: 390082K->140768K(499200K)] 837289K->674648K(1897472K), 0.0493599 secs] [Times: user=0.29 sys=0.00, real=0.05 secs] 
5267.133: [GC (Allocation Failure) [PSYoungGen: 442336K->95824K(498688K)] 976216K->761645K(1896960K), 0.0624548 secs] [Times: user=0.38 sys=0.00, real=0.06 secs] 
5269.120: [GC (Allocation Failure) [PSYoungGen: 400464K->143376K(499200K)] 1066285K->901166K(1897472K), 0.0491965 secs] [Times: user=0.29 sys=0.00, real=0.05 secs] 
5270.394: [GC (Allocation Failure) [PSYoungGen: 448016K->100352K(498688K)] 1205806K->992541K(1896960K), 0.0636806 secs] [Times: user=0.38 sys=0.00, real=0.06 secs] 
5273.311: [GC (Allocation Failure) [PSYoungGen: 409600K->139776K(501248K)] 1301789K->1129482K(1899520K), 0.0507745 secs] [Times: user=0.30 sys=0.00, real=0.05 secs] 
5274.835: [GC (Allocation Failure) [PSYoungGen: 449024K->102288K(500224K)] 1438730K->1222495K(1898496K), 0.0644283 secs] [Times: user=0.38 sys=0.01, real=0.06 secs] 
5277.703: [GC (Allocation Failure) [PSYoungGen: 417680K->142384K(503808K)] 1537887K->1363039K(1902080K), 0.0529339 secs] [Times: user=0.31 sys=0.00, real=0.06 secs] 
5279.503: [GC (Allocation Failure) [PSYoungGen: 457776K->106064K(504320K)] 1678431K->1459828K(1902592K), 0.0662950 secs] [Times: user=0.40 sys=0.00, real=0.07 secs] 
5279.569: [Full GC (Ergonomics) [PSYoungGen: 106064K->0K(504320K)] [ParOldGen: 1353763K->29104K(1398272K)] 1459828K->29104K(1902592K), [Metaspace: 59631K->59631K(1105920K)], 0.0498971 secs] [Times: user=0.16 sys=0.00, real=0.05 secs] 
5281.781: [GC (Allocation Failure) [PSYoungGen: 321024K->145120K(506880K)] 350128K->174224K(1905152K), 0.0282789 secs] [Times: user=0.17 sys=0.00, real=0.03 secs] 
5283.997: [GC (Allocation Failure) [PSYoungGen: 466144K->106400K(508928K)] 495248K->271832K(1907200K), 0.0630006 secs] [Times: user=0.38 sys=0.00, real=0.06 secs] 
5286.958: [GC (Allocation Failure) [PSYoungGen: 431520K->145632K(509952K)] 596952K->414733K(1908224K), 0.0522171 secs] [Times: user=0.31 sys=0.01, real=0.05 secs] 
5289.878: [GC (Allocation Failure) [PSYoungGen: 470752K->107104K(509440K)] 739853K->512213K(1907712K), 0.0658612 secs] [Times: user=0.39 sys=0.00, real=0.07 secs] 
5292.383: [GC (Allocation Failure) [PSYoungGen: 433760K->147600K(510464K)] 838869K->657586K(1908736K), 0.0539279 secs] [Times: user=0.32 sys=0.00, real=0.06 secs] 
5295.446: [GC (Allocation Failure) [PSYoungGen: 474256K->106912K(512512K)] 984242K->755194K(1910784K), 0.0651263 secs] [Times: user=0.38 sys=0.00, real=0.06 secs] 
5298.002: [GC (Allocation Failure) [PSYoungGen: 434592K->147584K(512000K)] 1082874K->900722K(1910272K), 0.0536588 secs] [Times: user=0.31 sys=0.00, real=0.06 secs] 
5299.936: [GC (Allocation Failure) [PSYoungGen: 475264K->110800K(509952K)] 1228402K->1002111K(1908224K), 0.0654032 secs] [Times: user=0.39 sys=0.00, real=0.06 secs] 
5301.895: [GC (Allocation Failure) [PSYoungGen: 438480K->150704K(510976K)] 1329791K->1149720K(1909248K), 0.0543383 secs] [Times: user=0.32 sys=0.00, real=0.05 secs] 
5304.694: [GC (Allocation Failure) [PSYoungGen: 478384K->106240K(513024K)] 1477400K->1247011K(1911296K), 0.1404990 secs] [Times: user=0.83 sys=0.00, real=0.14 secs] 
5306.513: [GC (Allocation Failure) [PSYoungGen: 429685K->149696K(476672K)] 1570457K->1392852K(1874944K), 0.0534567 secs] [Times: user=0.32 sys=0.00, real=0.06 secs] 
5306.566: [Full GC (Ergonomics) [PSYoungGen: 149696K->0K(476672K)] [ParOldGen: 1243156K->198062K(1398272K)] 1392852K->198062K(1874944K), [Metaspace: 59631K->59631K(1105920K)], 0.4624864 secs] [Times: user=2.14 sys=0.01, real=0.46 secs] 
5309.223: [GC (Allocation Failure) [PSYoungGen: 326656K->106304K(513536K)] 524718K->304366K(1911808K), 0.0772155 secs] [Times: user=0.44 sys=0.02, real=0.08 secs] 
5310.973: [GC (Allocation Failure) [PSYoungGen: 417457K->145824K(510976K)] 615520K->445697K(1909248K), 0.0499124 secs] [Times: user=0.30 sys=0.00, real=0.05 secs] 
5313.271: [GC (Allocation Failure) [PSYoungGen: 471456K->106304K(510976K)] 771329K->542993K(1909248K), 0.1369920 secs] [Times: user=0.82 sys=0.00, real=0.14 secs] 
5314.453: [GC (Allocation Failure) [PSYoungGen: 432960K->153696K(480768K)] 869649K->692666K(1879040K), 0.0518713 secs] [Times: user=0.31 sys=0.00, real=0.05 secs] 
5319.121: [GC (Allocation Failure) [PSYoungGen: 480352K->94816K(509952K)] 1019322K->786950K(1908224K), 0.1636787 secs] [Times: user=0.97 sys=0.01, real=0.17 secs] 
5320.031: [GC (GCLocker Initiated GC) [PSYoungGen: 415328K->149328K(470016K)] 1107462K->932956K(1868288K), 0.0657698 secs] [Times: user=0.40 sys=0.00, real=0.07 secs] 
5323.799: [GC (Allocation Failure) [PSYoungGen: 469840K->89184K(507392K)] 1253472K->1021995K(1905664K), 0.1638697 secs] [Times: user=0.96 sys=0.01, real=0.16 secs] 
5325.880: [GC (Allocation Failure) [PSYoungGen: 395548K->143328K(459264K)] 1328360K->1161072K(1857536K), 0.0487369 secs] [Times: user=0.29 sys=0.00, real=0.05 secs] 
5328.613: [GC (Allocation Failure) [PSYoungGen: 459232K->101024K(508928K)] 1476976K->1253324K(1907200K), 0.1561444 secs] [Times: user=0.92 sys=0.00, real=0.16 secs] 
5330.468: [GC (Allocation Failure) [PSYoungGen: 417952K->147424K(506880K)] 1570252K->1396553K(1905152K), 0.0497884 secs] [Times: user=0.29 sys=0.00, real=0.05 secs] 
5330.518: [Full GC (Ergonomics) [PSYoungGen: 147424K->0K(506880K)] [ParOldGen: 1249129K->194810K(1398272K)] 1396553K->194810K(1905152K), [Metaspace: 59634K->59634K(1105920K)], 0.4443944 secs] [Times: user=2.05 sys=0.00, real=0.44 secs] 
5332.723: [GC (Allocation Failure) [PSYoungGen: 316928K->102496K(505856K)] 511738K->297306K(1904128K), 0.0537316 secs] [Times: user=0.31 sys=0.00, real=0.06 secs] 
5334.324: [GC (Allocation Failure) [PSYoungGen: 419424K->148832K(506368K)] 614234K->441838K(1904640K), 0.0496838 secs] [Times: user=0.29 sys=0.00, real=0.05 secs] 
5336.144: [GC (Allocation Failure) [PSYoungGen: 465760K->102176K(506368K)] 758766K->535163K(1904640K), 0.0649543 secs] [Times: user=0.38 sys=0.00, real=0.06 secs] 
5339.584: [GC (Allocation Failure) [PSYoungGen: 419104K->145248K(506368K)] 852091K->676531K(1904640K), 0.0501463 secs] [Times: user=0.29 sys=0.00, real=0.05 secs] 
5340.850: [GC (Allocation Failure) [PSYoungGen: 462176K->104768K(504832K)] 993459K->772151K(1903104K), 0.0674464 secs] [Times: user=0.40 sys=0.00, real=0.07 secs] 
5343.234: [GC (Allocation Failure) [PSYoungGen: 423232K->147808K(506368K)] 1090615K->916808K(1904640K), 0.0513682 secs] [Times: user=0.31 sys=0.00, real=0.05 secs] 
5344.770: [GC (Allocation Failure) [PSYoungGen: 466272K->104000K(508416K)] 1235272K->1012080K(1906688K), 0.0642091 secs] [Times: user=0.38 sys=0.00, real=0.07 secs] 
5347.512: [GC (Allocation Failure) [PSYoungGen: 424512K->148560K(469504K)] 1332592K->1157022K(1867776K), 0.0521791 secs] [Times: user=0.31 sys=0.01, real=0.06 secs] 
5348.986: [GC (Allocation Failure) [PSYoungGen: 469072K->103648K(510464K)] 1477534K->1251673K(1908736K), 0.0679468 secs] [Times: user=0.40 sys=0.01, real=0.07 secs] 
5352.245: [GC (Allocation Failure) [PSYoungGen: 423136K->146288K(507904K)] 1571161K->1393839K(1906176K), 0.0511863 secs] [Times: user=0.31 sys=0.00, real=0.05 secs] 
5352.296: [Full GC (Ergonomics) [PSYoungGen: 146288K->0K(507904K)] [ParOldGen: 1247550K->192598K(1398272K)] 1393839K->192598K(1906176K), [Metaspace: 59635K->59635K(1105920K)], 0.4527646 secs] [Times: user=2.10 sys=0.00, real=0.45 secs] 
5354.910: [GC (Allocation Failure) [PSYoungGen: 319488K->103456K(506880K)] 512086K->296054K(1905152K), 0.0423954 secs] [Times: user=0.24 sys=0.00, real=0.04 secs] 
5357.088: [GC (Allocation Failure) [PSYoungGen: 423968K->145648K(507904K)] 616566K->438196K(1906176K), 0.0503668 secs] [Times: user=0.30 sys=0.00, real=0.05 secs] 
5359.378: [GC (Allocation Failure) [PSYoungGen: 466160K->105856K(507392K)] 758708K->535011K(1905664K), 0.0855941 secs] [Times: user=0.50 sys=0.01, real=0.09 secs] 
5362.113: [GC (Allocation Failure) [PSYoungGen: 427904K->149312K(508416K)] 857059K->679912K(1906688K), 0.0510762 secs] [Times: user=0.30 sys=0.00, real=0.06 secs] 
5364.454: [GC (Allocation Failure) [PSYoungGen: 471360K->104736K(509952K)] 1001960K->775328K(1908224K), 0.0638831 secs] [Times: user=0.38 sys=0.00, real=0.06 secs] 
5367.343: [GC (Allocation Failure) [PSYoungGen: 427296K->144320K(509440K)] 1097888K->915956K(1907712K), 0.0518679 secs] [Times: user=0.29 sys=0.01, real=0.05 secs] 
5369.264: [GC (Allocation Failure) [PSYoungGen: 466880K->108960K(506880K)] 1238516K->1015293K(1905152K), 0.0771305 secs] [Times: user=0.46 sys=0.00, real=0.07 secs] 
5371.005: [GC (Allocation Failure) [PSYoungGen: 432135K->147680K(508928K)] 1338468K->1159997K(1907200K), 0.0739715 secs] [Times: user=0.44 sys=0.00, real=0.07 secs] 
5374.177: [GC (Allocation Failure) [PSYoungGen: 471776K->104576K(512000K)] 1484093K->1256261K(1910272K), 0.1671173 secs] [Times: user=1.00 sys=0.00, real=0.17 secs] 
5376.276: [GC (Allocation Failure) [PSYoungGen: 426385K->146928K(511488K)] 1578071K->1399063K(1909760K), 0.0522644 secs] [Times: user=0.32 sys=0.00, real=0.05 secs] 
5376.328: [Full GC (Ergonomics) [PSYoungGen: 146928K->0K(511488K)] [ParOldGen: 1252134K->197869K(1398272K)] 1399063K->197869K(1909760K), [Metaspace: 59635K->59635K(1105920K)], 0.4488359 secs] [Times: user=1.99 sys=0.00, real=0.45 secs] 
5379.227: [GC (Allocation Failure) [PSYoungGen: 326144K->105504K(510464K)] 524013K->303374K(1908736K), 0.0469799 secs] [Times: user=0.28 sys=0.00, real=0.05 secs] 
5380.726: [GC (Allocation Failure) [PSYoungGen: 419243K->145712K(510976K)] 617113K->445737K(1909248K), 0.1353283 secs] [Times: user=0.80 sys=0.00, real=0.13 secs] 
5383.299: [GC (Allocation Failure) [PSYoungGen: 471856K->107392K(510976K)] 771881K->543877K(1909248K), 0.0838650 secs] [Times: user=0.50 sys=0.00, real=0.08 secs] 
5384.318: [GC (Allocation Failure) [PSYoungGen: 434560K->154288K(481792K)] 871045K->694814K(1880064K), 0.0528413 secs] [Times: user=0.31 sys=0.00, real=0.05 secs] 
5387.089: [GC (Allocation Failure) [PSYoungGen: 481456K->96992K(510464K)] 1021982K->791174K(1908736K), 0.1709917 secs] [Times: user=1.01 sys=0.00, real=0.17 secs] 
5387.718: [GC (Allocation Failure) [PSYoungGen: 418528K->154528K(476160K)] 1112710K->939961K(1874432K), 0.0696734 secs] [Times: user=0.41 sys=0.00, real=0.07 secs] 
5391.208: [GC (Allocation Failure) [PSYoungGen: 476064K->92192K(506368K)] 1261497K->1032077K(1904640K), 0.1615771 secs] [Times: user=0.96 sys=0.00, real=0.16 secs] 
5392.284: [GC (Allocation Failure) [PSYoungGen: 405536K->182944K(496640K)] 1345421K->1208646K(1894912K), 0.0910498 secs] [Times: user=0.54 sys=0.00, real=0.09 secs] 
5395.489: [GC (Allocation Failure) [PSYoungGen: 494804K->89856K(488448K)] 1520506K->1265554K(1886720K), 0.1702454 secs] [Times: user=1.01 sys=0.00, real=0.17 secs] 
5397.072: [GC (Allocation Failure) [PSYoungGen: 376064K->134496K(420864K)] 1551762K->1395741K(1819136K), 0.0494988 secs] [Times: user=0.29 sys=0.00, real=0.05 secs] 
5397.121: [Full GC (Ergonomics) [PSYoungGen: 134496K->0K(420864K)] [ParOldGen: 1261245K->193045K(1398272K)] 1395741K->193045K(1819136K), [Metaspace: 59635K->59635K(1105920K)], 0.4552969 secs] [Times: user=2.10 sys=0.00, real=0.46 secs] 
5398.793: [GC (Allocation Failure) [PSYoungGen: 286208K->91856K(493568K)] 479253K->284901K(1891840K), 0.0315554 secs] [Times: user=0.18 sys=0.00, real=0.03 secs] 
5402.069: [GC (Allocation Failure) [PSYoungGen: 383696K->132352K(492032K)] 576741K->412650K(1890304K), 0.0472556 secs] [Times: user=0.28 sys=0.00, real=0.05 secs] 
5403.999: [GC (Allocation Failure) [PSYoungGen: 424192K->99248K(495104K)] 704490K->502735K(1893376K), 0.0615442 secs] [Times: user=0.37 sys=0.00, real=0.06 secs] 
5406.304: [GC (Allocation Failure) [PSYoungGen: 398768K->126688K(492544K)] 802255K->628171K(1890816K), 0.0640636 secs] [Times: user=0.38 sys=0.01, real=0.06 secs] 
5409.335: [GC (Allocation Failure) [PSYoungGen: 426208K->119840K(499712K)] 927691K->738059K(1897984K), 0.0627802 secs] [Times: user=0.37 sys=0.00, real=0.06 secs] 
5411.674: [GC (Allocation Failure) [PSYoungGen: 436256K->116400K(498176K)] 1054475K->854460K(1896448K), 0.0830611 secs] [Times: user=0.49 sys=0.00, real=0.08 secs] 
5413.632: [GC (Allocation Failure) [PSYoungGen: 432816K->131904K(512000K)] 1170876K->975528K(1910272K), 0.0648379 secs] [Times: user=0.37 sys=0.02, real=0.07 secs] 
5415.191: [GC (Allocation Failure) [PSYoungGen: 467264K->123520K(510464K)] 1310888K->1099064K(1908736K), 0.0765465 secs] [Times: user=0.46 sys=0.00, real=0.08 secs] 
5417.594: [GC (Allocation Failure) [PSYoungGen: 458880K->2208K(497152K)] 1434424K->977808K(1895424K), 0.0027153 secs] [Times: user=0.01 sys=0.00, real=0.00 secs] 
5418.688: [GC (Allocation Failure) [PSYoungGen: 329376K->138752K(466432K)] 1304976K->1115469K(1864704K), 0.0352575 secs] [Times: user=0.21 sys=0.00, real=0.03 secs] 
5420.754: [GC (Allocation Failure) [PSYoungGen: 465920K->113456K(517632K)] 1442637K->1219438K(1915904K), 0.0653969 secs] [Times: user=0.38 sys=0.01, real=0.06 secs] 
5422.193: [GC (Allocation Failure) [PSYoungGen: 442160K->146336K(509952K)] 1548142K->1364802K(1908224K), 0.0560156 secs] [Times: user=0.33 sys=0.00, real=0.05 secs] 
5422.249: [Full GC (Ergonomics) [PSYoungGen: 146336K->0K(509952K)] [ParOldGen: 1218466K->165353K(1398272K)] 1364802K->165353K(1908224K), [Metaspace: 59636K->59636K(1105920K)], 0.3780180 secs] [Times: user=1.73 sys=0.00, real=0.38 secs] 
5423.814: [GC (Allocation Failure) [PSYoungGen: 328704K->110432K(510976K)] 494057K->275785K(1909248K), 0.0370968 secs] [Times: user=0.22 sys=0.00, real=0.03 secs] 
5427.004: [GC (Allocation Failure) [PSYoungGen: 441184K->149120K(511488K)] 606537K->422909K(1909760K), 0.0557291 secs] [Times: user=0.32 sys=0.00, real=0.05 secs] 
5428.329: [GC (Allocation Failure) [PSYoungGen: 479872K->111648K(513024K)] 753661K->525506K(1911296K), 0.0658529 secs] [Times: user=0.39 sys=0.00, real=0.07 secs] 
5430.971: [GC (Allocation Failure) [PSYoungGen: 442912K->149792K(512512K)] 856770K->672470K(1910784K), 0.0545448 secs] [Times: user=0.32 sys=0.00, real=0.06 secs] 
5434.264: [GC (Allocation Failure) [PSYoungGen: 481056K->109616K(513536K)] 1003734K->772779K(1911808K), 0.0664243 secs] [Times: user=0.40 sys=0.01, real=0.06 secs] 
5436.482: [GC (Allocation Failure) [PSYoungGen: 439856K->150448K(480768K)] 1103019K->919944K(1879040K), 0.0661051 secs] [Times: user=0.39 sys=0.00, real=0.07 secs] 
5438.788: [GC (Allocation Failure) [PSYoungGen: 480688K->108480K(515584K)] 1250184K->1019195K(1913856K), 0.0984281 secs] [Times: user=0.58 sys=0.01, real=0.10 secs] 
5440.294: [GC (Allocation Failure) [PSYoungGen: 426884K->145344K(512000K)] 1337599K->1160752K(1910272K), 0.0522668 secs] [Times: user=0.31 sys=0.00, real=0.05 secs] 
5442.335: [GC (Allocation Failure) [PSYoungGen: 474048K->111216K(509952K)] 1489456K->1263001K(1908224K), 0.1582367 secs] [Times: user=0.95 sys=0.00, real=0.15 secs] 
5443.901: [GC (Allocation Failure) [PSYoungGen: 440944K->151776K(511488K)] 1592729K->1411077K(1909760K), 0.0560148 secs] [Times: user=0.33 sys=0.00, real=0.06 secs] 
5443.957: [Full GC (Ergonomics) [PSYoungGen: 151776K->0K(511488K)] [ParOldGen: 1259301K->207944K(1398272K)] 1411077K->207944K(1909760K), [Metaspace: 59636K->59636K(1105920K)], 0.5047261 secs] [Times: user=2.34 sys=0.00, real=0.50 secs] 
5447.369: [GC (Allocation Failure) [PSYoungGen: 329728K->100080K(514048K)] 537672K->308025K(1912320K), 0.1677257 secs] [Times: user=1.00 sys=0.00, real=0.17 secs] 
5447.952: [GC (Allocation Failure) [PSYoungGen: 427248K->158768K(486400K)] 635193K->460718K(1884672K), 0.0568327 secs] [Times: user=0.34 sys=0.00, real=0.06 secs] 
5452.059: [GC (Allocation Failure) [PSYoungGen: 485936K->94496K(507904K)] 787886K->554810K(1906176K), 0.1553726 secs] [Times: user=0.93 sys=0.00, real=0.16 secs] 
5452.468: [GC (Allocation Failure) [PSYoungGen: 410400K->152128K(468480K)] 870714K->701071K(1866752K), 0.0555783 secs] [Times: user=0.33 sys=0.00, real=0.06 secs] 
5455.697: [GC (Allocation Failure) [PSYoungGen: 468032K->91168K(504832K)] 1016975K->791799K(1903104K), 0.1532457 secs] [Times: user=0.91 sys=0.00, real=0.15 secs] 
5456.104: [GC (Allocation Failure) [PSYoungGen: 400928K->150368K(460288K)] 1101559K->936367K(1858560K), 0.0545077 secs] [Times: user=0.32 sys=0.01, real=0.05 secs] 
5459.142: [GC (Allocation Failure) [PSYoungGen: 460128K->90064K(502784K)] 1246127K->1026248K(1901056K), 0.1694712 secs] [Times: user=1.00 sys=0.00, real=0.17 secs] 
5460.140: [GC (Allocation Failure) [PSYoungGen: 395728K->146976K(453120K)] 1331912K->1167076K(1851392K), 0.0786422 secs] [Times: user=0.46 sys=0.00, real=0.08 secs] 
5465.059: [GC (Allocation Failure) [PSYoungGen: 452640K->84368K(501248K)] 1472740K->1251197K(1899520K), 0.1491841 secs] [Times: user=0.89 sys=0.00, real=0.15 secs] 
5466.074: [GC (Allocation Failure) [PSYoungGen: 387984K->142224K(501248K)] 1554813K->1389526K(1899520K), 0.0490810 secs] [Times: user=0.29 sys=0.01, real=0.05 secs] 
5466.123: [Full GC (Ergonomics) [PSYoungGen: 142224K->0K(501248K)] [ParOldGen: 1247301K->196071K(1398272K)] 1389526K->196071K(1899520K), [Metaspace: 59637K->59616K(1105920K)], 0.4688461 secs] [Times: user=2.14 sys=0.00, real=0.46 secs] 
5468.977: [GC (Allocation Failure) [PSYoungGen: 303616K->94304K(496128K)] 499687K->290375K(1894400K), 0.0299779 secs] [Times: user=0.17 sys=0.00, real=0.03 secs] 
5470.157: [GC (Allocation Failure) [PSYoungGen: 397920K->141920K(498688K)] 593991K->428820K(1896960K), 0.0472991 secs] [Times: user=0.28 sys=0.00, real=0.05 secs] 
5472.880: [GC (Allocation Failure) [PSYoungGen: 445536K->96928K(498176K)] 732436K->516412K(1896448K), 0.0634294 secs] [Times: user=0.38 sys=0.00, real=0.07 secs] 
5474.025: [GC (Allocation Failure) [PSYoungGen: 405152K->143360K(500736K)] 824636K->657464K(1899008K), 0.0500333 secs] [Times: user=0.29 sys=0.00, real=0.05 secs] 
5475.677: [GC (Allocation Failure) [PSYoungGen: 451584K->103024K(500736K)] 965688K->751529K(1899008K), 0.0638348 secs] [Times: user=0.37 sys=0.00, real=0.06 secs] 
5478.170: [GC (Allocation Failure) [PSYoungGen: 415344K->148432K(502784K)] 1063849K->897622K(1901056K), 0.0534556 secs] [Times: user=0.31 sys=0.00, real=0.05 secs] 
5479.432: [GC (Allocation Failure) [PSYoungGen: 460752K->107744K(503296K)] 1209942K->987449K(1901568K), 0.0643065 secs] [Times: user=0.38 sys=0.00, real=0.07 secs] 
5481.676: [GC (Allocation Failure) [PSYoungGen: 422624K->140112K(504320K)] 1302329K->1125751K(1902592K), 0.0580581 secs] [Times: user=0.34 sys=0.00, real=0.06 secs] 
5484.098: [GC (Allocation Failure) [PSYoungGen: 454973K->107456K(501248K)] 1440612K->1223346K(1899520K), 0.0655100 secs] [Times: user=0.38 sys=0.00, real=0.07 secs] 
5486.697: [GC (Allocation Failure) [PSYoungGen: 427456K->140576K(505344K)] 1543346K->1362127K(1903616K), 0.0579486 secs] [Times: user=0.34 sys=0.00, real=0.06 secs] 
5489.225: [GC (Allocation Failure) [PSYoungGen: 460576K->109376K(506368K)] 1682127K->1461919K(1904640K), 0.0737506 secs] [Times: user=0.36 sys=0.00, real=0.07 secs] 
5489.299: [Full GC (Ergonomics) [PSYoungGen: 109376K->0K(506368K)] [ParOldGen: 1352543K->23118K(1398272K)] 1461919K->23118K(1904640K), [Metaspace: 59616K->59616K(1105920K)], 0.0484823 secs] [Times: user=0.14 sys=0.00, real=0.05 secs] 
5491.938: [GC (Allocation Failure) [PSYoungGen: 327168K->145200K(509440K)] 350286K->168319K(1907712K), 0.0289713 secs] [Times: user=0.17 sys=0.00, real=0.03 secs] 
5493.534: [GC (Allocation Failure) [PSYoungGen: 472368K->113024K(510976K)] 495487K->271855K(1909248K), 0.0638571 secs] [Times: user=0.38 sys=0.00, real=0.06 secs] 
5496.008: [GC (Allocation Failure) [PSYoungGen: 444800K->151616K(512512K)] 603631K->419087K(1910784K), 0.0536328 secs] [Times: user=0.32 sys=0.00, real=0.05 secs] 
5498.310: [GC (Allocation Failure) [PSYoungGen: 483392K->110976K(515072K)] 750863K->521156K(1913344K), 0.0661595 secs] [Times: user=0.39 sys=0.00, real=0.07 secs] 
5500.945: [GC (Allocation Failure) [PSYoungGen: 442240K->153136K(484864K)] 852420K->670857K(1883136K), 0.0535732 secs] [Times: user=0.32 sys=0.00, real=0.05 secs] 
5503.360: [GC (Allocation Failure) [PSYoungGen: 484400K->106656K(514048K)] 1002121K->768637K(1912320K), 0.1588345 secs] [Times: user=0.95 sys=0.00, real=0.16 secs] 
5505.223: [GC (Allocation Failure) [PSYoungGen: 424930K->150096K(477696K)] 1086911K->914246K(1875968K), 0.0523282 secs] [Times: user=0.31 sys=0.00, real=0.06 secs] 
5508.640: [GC (Allocation Failure) [PSYoungGen: 477264K->102816K(512512K)] 1241414K->1008077K(1910784K), 0.1643255 secs] [Times: user=0.98 sys=0.00, real=0.17 secs] 
5509.967: [GC (Allocation Failure) [PSYoungGen: 423680K->148864K(473600K)] 1328942K->1152734K(1871872K), 0.0576969 secs] [Times: user=0.30 sys=0.00, real=0.06 secs] 
5512.378: [GC (Allocation Failure) [PSYoungGen: 473472K->107984K(513024K)] 1477342K->1251759K(1911296K), 0.1647649 secs] [Times: user=0.98 sys=0.00, real=0.16 secs] 
5512.954: [GC (Allocation Failure) [PSYoungGen: 417193K->143296K(509952K)] 1560967K->1390982K(1908224K), 0.0521914 secs] [Times: user=0.31 sys=0.00, real=0.05 secs] 
5513.006: [Full GC (Ergonomics) [PSYoungGen: 143296K->0K(509952K)] [ParOldGen: 1247686K->195922K(1398272K)] 1390982K->195922K(1908224K), [Metaspace: 59616K->59616K(1105920K)], 0.4628924 secs] [Times: user=2.13 sys=0.01, real=0.46 secs] 
5515.693: [GC (Allocation Failure) [PSYoungGen: 324096K->106304K(510976K)] 520018K->302226K(1909248K), 0.0886821 secs] [Times: user=0.52 sys=0.00, real=0.09 secs] 
5516.880: [GC (Allocation Failure) [PSYoungGen: 416896K->144736K(510464K)] 612818K->443147K(1908736K), 0.0503593 secs] [Times: user=0.30 sys=0.00, real=0.05 secs] 
5519.416: [GC (Allocation Failure) [PSYoungGen: 470880K->104960K(512512K)] 769291K->539243K(1910784K), 0.1541429 secs] [Times: user=0.91 sys=0.02, real=0.15 secs] 
5521.373: [GC (Allocation Failure) [PSYoungGen: 422883K->146704K(513024K)] 857166K->681845K(1911296K), 0.0510108 secs] [Times: user=0.30 sys=0.00, real=0.05 secs] 
5523.978: [GC (Allocation Failure) [PSYoungGen: 475920K->105440K(513024K)] 1011061K->778236K(1911296K), 0.1769190 secs] [Times: user=1.06 sys=0.00, real=0.18 secs] 
5525.456: [GC (Allocation Failure) [PSYoungGen: 419372K->146112K(513024K)] 1092169K->920185K(1911296K), 0.0510356 secs] [Times: user=0.30 sys=0.00, real=0.05 secs] 
5528.008: [GC (Allocation Failure) [PSYoungGen: 475328K->108256K(511488K)] 1249401K->1019701K(1909760K), 0.1309366 secs] [Times: user=0.78 sys=0.00, real=0.13 secs] 
5529.048: [GC (Allocation Failure) [PSYoungGen: 437984K->154496K(484352K)] 1349429K->1170102K(1882624K), 0.0532738 secs] [Times: user=0.31 sys=0.01, real=0.05 secs] 
5532.348: [GC (Allocation Failure) [PSYoungGen: 484224K->97072K(511488K)] 1499830K->1266707K(1909760K), 0.1609467 secs] [Times: user=0.96 sys=0.00, real=0.16 secs] 
5533.389: [GC (Allocation Failure) [PSYoungGen: 420656K->154944K(478720K)] 1590291K->1415923K(1876992K), 0.0626136 secs] [Times: user=0.37 sys=0.00, real=0.06 secs] 
5533.452: [Full GC (Ergonomics) [PSYoungGen: 154944K->0K(478720K)] [ParOldGen: 1260979K->214517K(1398272K)] 1415923K->214517K(1876992K), [Metaspace: 59616K->59616K(1105920K)], 0.5020017 secs] [Times: user=2.33 sys=0.00, real=0.51 secs] 
5537.312: [GC (Allocation Failure) [PSYoungGen: 323584K->91872K(506880K)] 538101K->306389K(1905152K), 0.1508466 secs] [Times: user=0.90 sys=0.00, real=0.15 secs] 
5537.927: [GC (Allocation Failure) [PSYoungGen: 406752K->152544K(467456K)] 621269K->452742K(1865728K), 0.0540608 secs] [Times: user=0.32 sys=0.00, real=0.05 secs] 
5540.260: [GC (Allocation Failure) [PSYoungGen: 467424K->92512K(504320K)] 767622K->545062K(1902592K), 0.1744999 secs] [Times: user=1.04 sys=0.01, real=0.18 secs] 
5541.172: [GC (Allocation Failure) [PSYoungGen: 401248K->146240K(455168K)] 853798K->684527K(1853440K), 0.0561942 secs] [Times: user=0.32 sys=0.00, real=0.06 secs] 
5543.936: [GC (Allocation Failure) [PSYoungGen: 454976K->88096K(503296K)] 993263K->772019K(1901568K), 0.1644620 secs] [Times: user=0.98 sys=0.00, real=0.16 secs] 
5545.426: [GC (Allocation Failure) [PSYoungGen: 392628K->143264K(502784K)] 1076551K->911324K(1901056K), 0.0523717 secs] [Times: user=0.32 sys=0.00, real=0.05 secs] 
5548.085: [GC (Allocation Failure) [PSYoungGen: 450464K->97312K(498688K)] 1218524K->1000248K(1896960K), 0.0890855 secs] [Times: user=0.53 sys=0.00, real=0.09 secs] 
5550.758: [GC (Allocation Failure) [PSYoungGen: 404512K->143584K(500736K)] 1307448K->1140480K(1899008K), 0.0892062 secs] [Times: user=0.53 sys=0.00, real=0.09 secs] 
5553.402: [GC (GCLocker Initiated GC) [PSYoungGen: 450784K->94720K(502272K)] 1447681K->1226641K(1900544K), 0.0766101 secs] [Times: user=0.45 sys=0.01, real=0.08 secs] 
5555.941: [GC (Allocation Failure) [PSYoungGen: 405504K->143376K(503296K)] 1537428K->1367282K(1901568K), 0.0505094 secs] [Times: user=0.29 sys=0.00, real=0.05 secs] 
5555.992: [Full GC (Ergonomics) [PSYoungGen: 143376K->0K(503296K)] [ParOldGen: 1223905K->174289K(1398272K)] 1367282K->174289K(1901568K), [Metaspace: 59616K->59616K(1105920K)], 0.4036379 secs] [Times: user=1.86 sys=0.00, real=0.41 secs] 
5557.784: [GC (Allocation Failure) [PSYoungGen: 310784K->103120K(500224K)] 485073K->277410K(1898496K), 0.0340861 secs] [Times: user=0.20 sys=0.00, real=0.03 secs] 
5560.366: [GC (Allocation Failure) [PSYoungGen: 415952K->141536K(502784K)] 590242K->414490K(1901056K), 0.0533796 secs] [Times: user=0.32 sys=0.00, real=0.05 secs] 
5562.122: [GC (Allocation Failure) [PSYoungGen: 454368K->106448K(502272K)] 727322K->511299K(1900544K), 0.0638584 secs] [Times: user=0.38 sys=0.00, real=0.07 secs] 
5565.705: [GC (Allocation Failure) [PSYoungGen: 424912K->140352K(505344K)] 829763K->649655K(1903616K), 0.0542668 secs] [Times: user=0.32 sys=0.00, real=0.05 secs] 
5566.984: [GC (Allocation Failure) [PSYoungGen: 458816K->108864K(504320K)] 968119K->748755K(1902592K), 0.0647578 secs] [Times: user=0.38 sys=0.00, real=0.06 secs] 
5569.964: [GC (Allocation Failure) [PSYoungGen: 433472K->143904K(507904K)] 1073363K->890736K(1906176K), 0.0553988 secs] [Times: user=0.33 sys=0.00, real=0.05 secs] 
5571.208: [GC (Allocation Failure) [PSYoungGen: 468512K->108816K(510464K)] 1215344K->990376K(1908736K), 0.0643754 secs] [Times: user=0.38 sys=0.00, real=0.06 secs] 
5574.154: [GC (Allocation Failure) [PSYoungGen: 439056K->148960K(512000K)] 1320616K->1137000K(1910272K), 0.0543075 secs] [Times: user=0.32 sys=0.00, real=0.05 secs] 
5576.157: [GC (Allocation Failure) [PSYoungGen: 479200K->110720K(513536K)] 1467240K->1238596K(1911808K), 0.0665353 secs] [Times: user=0.39 sys=0.00, real=0.07 secs] 
5578.962: [GC (Allocation Failure) [PSYoungGen: 441472K->151424K(482304K)] 1569348K->1387461K(1880576K), 0.0554935 secs] [Times: user=0.33 sys=0.00, real=0.06 secs] 
5579.017: [Full GC (Ergonomics) [PSYoungGen: 151424K->0K(482304K)] [ParOldGen: 1236037K->186311K(1398272K)] 1387461K->186311K(1880576K), [Metaspace: 59684K->59684K(1105920K)], 0.4260229 secs] [Times: user=1.94 sys=0.00, real=0.43 secs] 
5580.565: [GC (Allocation Failure) [PSYoungGen: 330752K->111760K(515584K)] 517063K->298072K(1913856K), 0.0332976 secs] [Times: user=0.19 sys=0.00, real=0.03 secs] 
5582.845: [GC (Allocation Failure) [PSYoungGen: 438186K->148336K(512512K)] 624497K->443282K(1910784K), 0.1198938 secs] [Times: user=0.68 sys=0.01, real=0.12 secs] 
5586.155: [GC (Allocation Failure) [PSYoungGen: 477552K->105456K(513536K)] 772498K->540050K(1911808K), 0.1658686 secs] [Times: user=0.99 sys=0.00, real=0.16 secs] 
5588.231: [GC (Allocation Failure) [PSYoungGen: 431159K->146064K(513024K)] 865752K->682142K(1911296K), 0.0507153 secs] [Times: user=0.30 sys=0.00, real=0.05 secs] 
5590.866: [GC (Allocation Failure) [PSYoungGen: 475280K->110112K(510976K)] 1011358K->783022K(1909248K), 0.1718569 secs] [Times: user=1.02 sys=0.00, real=0.17 secs] 
5592.050: [GC (Allocation Failure) [PSYoungGen: 439328K->154080K(483328K)] 1112238K->932354K(1881600K), 0.0650392 secs] [Times: user=0.39 sys=0.00, real=0.07 secs] 
5594.787: [GC (Allocation Failure) [PSYoungGen: 483296K->100224K(512512K)] 1261570K->1032483K(1910784K), 0.1341897 secs] [Times: user=0.79 sys=0.00, real=0.13 secs] 
5595.262: [GC (Allocation Failure) [PSYoungGen: 424832K->153728K(478720K)] 1357091K->1180511K(1876992K), 0.0567665 secs] [Times: user=0.34 sys=0.00, real=0.06 secs] 
5598.618: [GC (Allocation Failure) [PSYoungGen: 478336K->94304K(508416K)] 1505119K->1274343K(1906688K), 0.1750423 secs] [Times: user=1.04 sys=0.00, real=0.17 secs] 
5599.042: [GC (Allocation Failure) [PSYoungGen: 411744K->154240K(472064K)] 1591783K->1422152K(1870336K), 0.0568798 secs] [Times: user=0.34 sys=0.00, real=0.06 secs] 
5599.099: [Full GC (Ergonomics) [PSYoungGen: 154240K->0K(472064K)] [ParOldGen: 1267912K->221284K(1398272K)] 1422152K->221284K(1870336K), [Metaspace: 59684K->59684K(1105920K)], 0.5059855 secs] [Times: user=2.34 sys=0.00, real=0.51 secs] 
5603.230: [GC (Allocation Failure) [PSYoungGen: 317440K->92432K(504832K)] 538724K->313717K(1903104K), 0.1189375 secs] [Times: user=0.59 sys=0.01, real=0.12 secs] 
5603.849: [GC (Allocation Failure) [PSYoungGen: 402704K->148960K(459264K)] 623989K->452422K(1857536K), 0.0641947 secs] [Times: user=0.38 sys=0.00, real=0.06 secs] 
5607.031: [GC (Allocation Failure) [PSYoungGen: 459232K->90144K(503296K)] 762694K->541926K(1901568K), 0.1442254 secs] [Times: user=0.86 sys=0.00, real=0.15 secs] 
5607.865: [GC (Allocation Failure) [PSYoungGen: 397344K->148848K(456192K)] 849126K->684835K(1854464K), 0.0525659 secs] [Times: user=0.32 sys=0.00, real=0.05 secs] 
5610.347: [GC (Allocation Failure) [PSYoungGen: 456048K->89088K(501760K)] 992035K->773683K(1900032K), 0.1689238 secs] [Times: user=1.00 sys=0.01, real=0.17 secs] 
5612.516: [GC (Allocation Failure) [PSYoungGen: 392704K->140752K(444416K)] 1077299K->909864K(1842688K), 0.0485500 secs] [Times: user=0.28 sys=0.00, real=0.05 secs] 
5614.234: [GC (Allocation Failure) [PSYoungGen: 444368K->95792K(502784K)] 1213480K->996640K(1901056K), 0.0610519 secs] [Times: user=0.36 sys=0.00, real=0.06 secs] 
5616.215: [GC (Allocation Failure) [PSYoungGen: 401968K->143904K(500224K)] 1302816K->1136468K(1898496K), 0.0485969 secs] [Times: user=0.29 sys=0.00, real=0.05 secs] 
5618.008: [GC (Allocation Failure) [PSYoungGen: 450080K->98976K(500224K)] 1442644K->1226556K(1898496K), 0.0752743 secs] [Times: user=0.45 sys=0.00, real=0.08 secs] 
5620.747: [GC (Allocation Failure) [PSYoungGen: 408736K->142816K(501760K)] 1536316K->1366629K(1900032K), 0.0504364 secs] [Times: user=0.29 sys=0.00, real=0.05 secs] 
5620.797: [Full GC (Ergonomics) [PSYoungGen: 142816K->0K(501760K)] [ParOldGen: 1223813K->174907K(1398272K)] 1366629K->174907K(1900032K), [Metaspace: 59684K->59684K(1105920K)], 0.4103022 secs] [Times: user=1.89 sys=0.00, real=0.41 secs] 
5622.397: [GC (Allocation Failure) [PSYoungGen: 309760K->100256K(501760K)] 484667K->275163K(1900032K), 0.0340741 secs] [Times: user=0.20 sys=0.00, real=0.03 secs] 
5625.004: [GC (Allocation Failure) [PSYoungGen: 414112K->139072K(503808K)] 589019K->411944K(1902080K), 0.0534453 secs] [Times: user=0.31 sys=0.01, real=0.05 secs] 
5626.222: [GC (Allocation Failure) [PSYoungGen: 452928K->108928K(499712K)] 725800K->511189K(1897984K), 0.0638922 secs] [Times: user=0.38 sys=0.00, real=0.07 secs] 
5628.372: [GC (Allocation Failure) [PSYoungGen: 427904K->141376K(504320K)] 830165K->650821K(1902592K), 0.0542066 secs] [Times: user=0.32 sys=0.00, real=0.06 secs] 
5630.439: [GC (Allocation Failure) [PSYoungGen: 460352K->109472K(507392K)] 969797K->750769K(1905664K), 0.0647305 secs] [Times: user=0.38 sys=0.00, real=0.07 secs] 
5631.710: [GC (Allocation Failure) [PSYoungGen: 436640K->149024K(509952K)] 1077937K->898014K(1908224K), 0.0547419 secs] [Times: user=0.32 sys=0.00, real=0.06 secs] 
5632.974: [GC (Allocation Failure) [PSYoungGen: 476192K->110208K(512512K)] 1225182K->998650K(1910784K), 0.0660303 secs] [Times: user=0.40 sys=0.01, real=0.06 secs] 
5635.209: [GC (Allocation Failure) [PSYoungGen: 439936K->151360K(481280K)] 1328378K->1147251K(1879552K), 0.0552513 secs] [Times: user=0.32 sys=0.01, real=0.06 secs] 
5637.867: [GC (Allocation Failure) [PSYoungGen: 481088K->110272K(515072K)] 1476979K->1248179K(1913344K), 0.0670638 secs] [Times: user=0.40 sys=0.00, real=0.07 secs] 
5640.448: [GC (GCLocker Initiated GC) [PSYoungGen: 437952K->148192K(511488K)] 1575861K->1392946K(1909760K), 0.0543013 secs] [Times: user=0.32 sys=0.00, real=0.05 secs] 
5640.503: [Full GC (Ergonomics) [PSYoungGen: 148192K->0K(511488K)] [ParOldGen: 1244754K->190067K(1398272K)] 1392946K->190067K(1909760K), [Metaspace: 59684K->59684K(1105920K)], 0.4541465 secs] [Times: user=2.10 sys=0.00, real=0.46 secs] 
5642.150: [GC (Allocation Failure) [PSYoungGen: 327680K->107488K(512512K)] 517748K->297557K(1910784K), 0.0320484 secs] [Times: user=0.19 sys=0.00, real=0.03 secs] 
5644.017: [GC (Allocation Failure) [PSYoungGen: 435168K->149312K(477184K)] 625237K->443913K(1875456K), 0.0518045 secs] [Times: user=0.30 sys=0.00, real=0.05 secs] 
5647.084: [GC (Allocation Failure) [PSYoungGen: 476992K->105888K(514048K)] 771593K->540393K(1912320K), 0.1710009 secs] [Times: user=1.02 sys=0.00, real=0.17 secs] 
5649.798: [GC (Allocation Failure) [PSYoungGen: 427781K->145536K(511488K)] 862287K->681758K(1909760K), 0.0504441 secs] [Times: user=0.30 sys=0.00, real=0.05 secs] 
5652.589: [GC (Allocation Failure) [PSYoungGen: 472192K->104992K(511488K)] 1008414K->777594K(1909760K), 0.1684023 secs] [Times: user=1.00 sys=0.00, real=0.17 secs] 
5653.680: [GC (Allocation Failure) [PSYoungGen: 419318K->146656K(512000K)] 1091920K->920323K(1910272K), 0.0510309 secs] [Times: user=0.30 sys=0.00, real=0.05 secs] 
5656.307: [GC (Allocation Failure) [PSYoungGen: 474336K->108336K(511488K)] 1248003K->1019580K(1909760K), 0.1508389 secs] [Times: user=0.90 sys=0.00, real=0.15 secs] 
5657.137: [GC (Allocation Failure) [PSYoungGen: 436528K->152640K(481280K)] 1347772K->1168716K(1879552K), 0.0883094 secs] [Times: user=0.52 sys=0.00, real=0.09 secs] 
5660.801: [GC (Allocation Failure) [PSYoungGen: 480832K->96912K(511488K)] 1496908K->1265357K(1909760K), 0.1361921 secs] [Times: user=0.80 sys=0.00, real=0.14 secs] 
5661.591: [GC (Allocation Failure) [PSYoungGen: 420496K->152416K(476160K)] 1588941K->1411113K(1874432K), 0.0560139 secs] [Times: user=0.33 sys=0.00, real=0.06 secs] 
5661.647: [Full GC (Ergonomics) [PSYoungGen: 152416K->0K(476160K)] [ParOldGen: 1258697K->209752K(1398272K)] 1411113K->209752K(1874432K), [Metaspace: 59684K->59684K(1105920K)], 0.4769483 secs] [Times: user=2.21 sys=0.00, real=0.48 secs] 
5666.008: [GC (Allocation Failure) [PSYoungGen: 323584K->104736K(509952K)] 533336K->314488K(1908224K), 0.1586673 secs] [Times: user=0.95 sys=0.00, real=0.16 secs] 
5666.890: [GC (Allocation Failure) [PSYoungGen: 423200K->152192K(471040K)] 632952K->452461K(1869312K), 0.0551304 secs] [Times: user=0.33 sys=0.00, real=0.06 secs] 
5669.716: [GC (Allocation Failure) [PSYoungGen: 470656K->90688K(506368K)] 770925K->542242K(1904640K), 0.1429843 secs] [Times: user=0.84 sys=0.01, real=0.14 secs] 
5670.732: [GC (Allocation Failure) [PSYoungGen: 404544K->150864K(464896K)] 856098K->686619K(1863168K), 0.0529758 secs] [Times: user=0.31 sys=0.00, real=0.06 secs] 
5673.600: [GC (Allocation Failure) [PSYoungGen: 464720K->93152K(504320K)] 1000475K->779154K(1902592K), 0.1757315 secs] [Times: user=1.05 sys=0.00, real=0.18 secs] 
5675.265: [GC (Allocation Failure) [PSYoungGen: 401888K->147264K(456192K)] 1087890K->920647K(1854464K), 0.0547392 secs] [Times: user=0.32 sys=0.00, real=0.05 secs] 
5678.112: [GC (Allocation Failure) [PSYoungGen: 456000K->89888K(503808K)] 1229383K->1009631K(1902080K), 0.1656122 secs] [Times: user=0.98 sys=0.00, real=0.17 secs] 
5679.360: [GC (Allocation Failure) [PSYoungGen: 397600K->142160K(502784K)] 1317343K->1148325K(1901056K), 0.0504174 secs] [Times: user=0.29 sys=0.00, real=0.05 secs] 
5682.050: [GC (Allocation Failure) [PSYoungGen: 449872K->99696K(499712K)] 1456037K->1238765K(1897984K), 0.0881192 secs] [Times: user=0.52 sys=0.00, real=0.09 secs] 
5683.945: [GC (Allocation Failure) [PSYoungGen: 408432K->142240K(501248K)] 1547501K->1377617K(1899520K), 0.0499817 secs] [Times: user=0.29 sys=0.00, real=0.05 secs] 
5683.995: [Full GC (Ergonomics) [PSYoungGen: 142240K->0K(501248K)] [ParOldGen: 1235377K->185497K(1398272K)] 1377617K->185497K(1899520K), [Metaspace: 59684K->59684K(1105920K)], 0.4329942 secs] [Times: user=2.00 sys=0.00, real=0.43 secs] 
5686.892: [GC (Allocation Failure) [PSYoungGen: 308736K->98880K(501760K)] 494233K->284377K(1900032K), 0.0319057 secs] [Times: user=0.18 sys=0.00, real=0.04 secs] 
5689.169: [GC (Allocation Failure) [PSYoungGen: 412224K->142416K(503808K)] 597721K->424156K(1902080K), 0.0501031 secs] [Times: user=0.30 sys=0.00, real=0.05 secs] 
5691.035: [GC (Allocation Failure) [PSYoungGen: 455760K->103968K(502784K)] 737500K->518795K(1901056K), 0.0730780 secs] [Times: user=0.43 sys=0.00, real=0.07 secs] 
5692.710: [GC (Allocation Failure) [PSYoungGen: 421408K->145536K(505344K)] 836235K->661608K(1903616K), 0.0512674 secs] [Times: user=0.30 sys=0.00, real=0.05 secs] 
5695.207: [GC (Allocation Failure) [PSYoungGen: 462976K->105184K(506880K)] 979048K->757464K(1905152K), 0.0741456 secs] [Times: user=0.44 sys=0.00, real=0.07 secs] 
5697.479: [GC (Allocation Failure) [PSYoungGen: 426208K->141600K(507904K)] 1078488K->896956K(1906176K), 0.0529632 secs] [Times: user=0.31 sys=0.01, real=0.05 secs] 
5699.503: [GC (Allocation Failure) [PSYoungGen: 462624K->109232K(505344K)] 1217980K->996877K(1903616K), 0.0769802 secs] [Times: user=0.46 sys=0.00, real=0.08 secs] 
5701.261: [GC (Allocation Failure) [PSYoungGen: 433840K->148160K(508416K)] 1321485K->1142693K(1906688K), 0.0542629 secs] [Times: user=0.33 sys=0.00, real=0.06 secs] 
5703.363: [GC (Allocation Failure) [PSYoungGen: 472768K->107616K(512000K)] 1467301K->1240733K(1910272K), 0.0843925 secs] [Times: user=0.50 sys=0.01, real=0.09 secs] 
5705.120: [GC (Allocation Failure) [PSYoungGen: 435808K->151760K(480256K)] 1568925K->1389375K(1878528K), 0.0538730 secs] [Times: user=0.32 sys=0.01, real=0.06 secs] 
5705.174: [Full GC (Ergonomics) [PSYoungGen: 151760K->0K(480256K)] [ParOldGen: 1237614K->188554K(1398272K)] 1389375K->188554K(1878528K), [Metaspace: 59684K->59684K(1105920K)], 0.4470616 secs] [Times: user=2.07 sys=0.00, real=0.44 secs] 
5707.436: [GC (Allocation Failure) [PSYoungGen: 328192K->109184K(514048K)] 516746K->297738K(1912320K), 0.0468724 secs] [Times: user=0.27 sys=0.00, real=0.04 secs] 
5708.954: [GC (Allocation Failure) [PSYoungGen: 434816K->148992K(510464K)] 623370K->442759K(1908736K), 0.0523222 secs] [Times: user=0.30 sys=0.01, real=0.05 secs] 
5711.284: [GC (Allocation Failure) [PSYoungGen: 474624K->108880K(510976K)] 768391K->542340K(1909248K), 0.1733754 secs] [Times: user=1.03 sys=0.01, real=0.17 secs] 
5712.536: [GC (Allocation Failure) [PSYoungGen: 435024K->154000K(480256K)] 868484K->692569K(1878528K), 0.0529265 secs] [Times: user=0.31 sys=0.00, real=0.05 secs] 
5715.868: [GC (Allocation Failure) [PSYoungGen: 480144K->97088K(509952K)] 1018713K->789208K(1908224K), 0.1695554 secs] [Times: user=1.00 sys=0.00, real=0.17 secs] 
5717.229: [GC (Allocation Failure) [PSYoungGen: 417088K->153376K(473600K)] 1109208K->936405K(1871872K), 0.0558211 secs] [Times: user=0.33 sys=0.00, real=0.06 secs] 
5719.662: [GC (Allocation Failure) [PSYoungGen: 473376K->94720K(506880K)] 1256405K->1030449K(1905152K), 0.1616997 secs] [Times: user=0.97 sys=0.00, real=0.17 secs] 
5720.449: [GC (Allocation Failure) [PSYoungGen: 408576K->149504K(463872K)] 1344305K->1173626K(1862144K), 0.0539662 secs] [Times: user=0.32 sys=0.00, real=0.05 secs] 
5723.748: [GC (Allocation Failure) [PSYoungGen: 463360K->93376K(505344K)] 1487482K->1266498K(1903616K), 0.1698270 secs] [Times: user=1.01 sys=0.00, real=0.17 secs] 
5725.334: [GC (Allocation Failure) [PSYoungGen: 404160K->146560K(457728K)] 1577282K->1406898K(1856000K), 0.0550623 secs] [Times: user=0.32 sys=0.00, real=0.05 secs] 
5725.389: [Full GC (Ergonomics) [PSYoungGen: 146560K->0K(457728K)] [ParOldGen: 1260338K->204691K(1398272K)] 1406898K->204691K(1856000K), [Metaspace: 59684K->59684K(1105920K)], 0.4618554 secs] [Times: user=2.14 sys=0.00, real=0.46 secs] 
5727.936: [GC (Allocation Failure) [PSYoungGen: 310784K->91328K(504832K)] 515475K->296019K(1903104K), 0.1245851 secs] [Times: user=0.75 sys=0.00, real=0.12 secs] 
5728.809: [GC (Allocation Failure) [PSYoungGen: 399889K->144112K(503808K)] 604581K->436023K(1902080K), 0.0487845 secs] [Times: user=0.29 sys=0.00, real=0.05 secs] 
5731.771: [GC (Allocation Failure) [PSYoungGen: 453872K->100352K(499712K)] 745783K->526959K(1897984K), 0.0869158 secs] [Times: user=0.52 sys=0.00, real=0.09 secs] 
5733.572: [GC (Allocation Failure) [PSYoungGen: 410112K->140320K(501760K)] 836719K->663791K(1900032K), 0.0592922 secs] [Times: user=0.33 sys=0.02, real=0.06 secs] 
5736.717: [GC (Allocation Failure) [PSYoungGen: 450080K->99920K(501760K)] 973551K->754808K(1900032K), 0.0612861 secs] [Times: user=0.36 sys=0.00, real=0.06 secs] 
5739.175: [GC (Allocation Failure) [PSYoungGen: 414800K->144448K(504320K)] 1069688K->897156K(1902592K), 0.0506573 secs] [Times: user=0.30 sys=0.00, real=0.05 secs] 
5741.306: [GC (Allocation Failure) [PSYoungGen: 459328K->101520K(504832K)] 1212036K->989725K(1903104K), 0.0765371 secs] [Times: user=0.45 sys=0.00, real=0.07 secs] 
5743.754: [GC (Allocation Failure) [PSYoungGen: 419984K->143936K(506368K)] 1308189K->1130985K(1904640K), 0.0511778 secs] [Times: user=0.30 sys=0.00, real=0.05 secs] 
5745.703: [GC (Allocation Failure) [PSYoungGen: 462400K->104496K(506368K)] 1449449K->1226090K(1904640K), 0.0637296 secs] [Times: user=0.38 sys=0.00, real=0.07 secs] 
5749.044: [GC (Allocation Failure) [PSYoungGen: 426032K->145104K(507904K)] 1547626K->1368067K(1906176K), 0.0522542 secs] [Times: user=0.31 sys=0.00, real=0.05 secs] 
5749.097: [Full GC (Ergonomics) [PSYoungGen: 145104K->0K(507904K)] [ParOldGen: 1222962K->174752K(1398272K)] 1368067K->174752K(1906176K), [Metaspace: 59684K->59684K(1105920K)], 0.4111696 secs] [Times: user=1.89 sys=0.00, real=0.41 secs] 
5750.994: [GC (Allocation Failure) [PSYoungGen: 321536K->106416K(508416K)] 496288K->281168K(1906688K), 0.0345309 secs] [Times: user=0.21 sys=0.00, real=0.03 secs] 
5752.913: [GC (Allocation Failure) [PSYoungGen: 430512K->146560K(509440K)] 605264K->425148K(1907712K), 0.0534644 secs] [Times: user=0.32 sys=0.00, real=0.06 secs] 
5754.818: [GC (Allocation Failure) [PSYoungGen: 470656K->109776K(508928K)] 749244K->525693K(1907200K), 0.0653603 secs] [Times: user=0.38 sys=0.01, real=0.07 secs] 
5756.334: [GC (Allocation Failure) [PSYoungGen: 435408K->149536K(509952K)] 851325K->672049K(1908224K), 0.0536822 secs] [Times: user=0.32 sys=0.00, real=0.05 secs] 
5758.422: [GC (Allocation Failure) [PSYoungGen: 475168K->107168K(511488K)] 997681K->769969K(1909760K), 0.0656251 secs] [Times: user=0.39 sys=0.00, real=0.07 secs] 
5759.825: [GC (Allocation Failure) [PSYoungGen: 433312K->151680K(478208K)] 1096113K->918322K(1876480K), 0.0534413 secs] [Times: user=0.31 sys=0.00, real=0.05 secs] 
5764.551: [GC (Allocation Failure) [PSYoungGen: 477824K->100816K(511488K)] 1244466K->1010259K(1909760K), 0.1072319 secs] [Times: user=0.64 sys=0.00, real=0.11 secs] 
5767.413: [GC (Allocation Failure) [PSYoungGen: 423376K->151296K(474112K)] 1332819K->1156783K(1872384K), 0.0504599 secs] [Times: user=0.30 sys=0.00, real=0.05 secs] 
5770.890: [GC (GCLocker Initiated GC) [PSYoungGen: 473856K->102896K(509952K)] 1479344K->1250985K(1908224K), 0.0887151 secs] [Times: user=0.52 sys=0.00, real=0.09 secs] 
5773.990: [GC (Allocation Failure) [PSYoungGen: 421872K->144736K(507904K)] 1570012K->1391984K(1906176K), 0.0510613 secs] [Times: user=0.30 sys=0.00, real=0.05 secs] 
5774.041: [Full GC (Ergonomics) [PSYoungGen: 144736K->0K(507904K)] [ParOldGen: 1247248K->191096K(1398272K)] 1391984K->191096K(1906176K), [Metaspace: 59684K->59684K(1105920K)], 0.4423439 secs] [Times: user=2.05 sys=0.00, real=0.44 secs] 
5775.971: [GC (Allocation Failure) [PSYoungGen: 318976K->102752K(505856K)] 510072K->293848K(1904128K), 0.0365783 secs] [Times: user=0.21 sys=0.00, real=0.04 secs] 
5778.748: [GC (Allocation Failure) [PSYoungGen: 422752K->147408K(507392K)] 613848K->437437K(1905664K), 0.0504728 secs] [Times: user=0.30 sys=0.00, real=0.05 secs] 
5780.657: [GC (Allocation Failure) [PSYoungGen: 467408K->103232K(508928K)] 757437K->531532K(1907200K), 0.1664802 secs] [Times: user=0.99 sys=0.01, real=0.17 secs] 
5782.909: [GC (Allocation Failure) [PSYoungGen: 424768K->148992K(471040K)] 853068K->676473K(1869312K), 0.0512675 secs] [Times: user=0.31 sys=0.00, real=0.05 secs] 
5784.708: [GC (Allocation Failure) [PSYoungGen: 470528K->106576K(511488K)] 998009K->773586K(1909760K), 0.0646507 secs] [Times: user=0.39 sys=0.00, real=0.06 secs] 
5786.683: [GC (Allocation Failure) [PSYoungGen: 427600K->148512K(508416K)] 1094610K->918534K(1906688K), 0.0522509 secs] [Times: user=0.31 sys=0.00, real=0.05 secs] 
5788.541: [GC (Allocation Failure) [PSYoungGen: 469536K->106768K(508928K)] 1239558K->1016031K(1907200K), 0.1299590 secs] [Times: user=0.68 sys=0.01, real=0.13 secs] 
5790.056: [GC (Allocation Failure) [PSYoungGen: 419043K->146128K(508928K)] 1328306K->1158072K(1907200K), 0.0512085 secs] [Times: user=0.31 sys=0.00, real=0.05 secs] 
5793.315: [GC (Allocation Failure) [PSYoungGen: 467664K->100432K(509952K)] 1479608K->1249600K(1908224K), 0.1243049 secs] [Times: user=0.74 sys=0.00, real=0.12 secs] 
5795.376: [GC (Allocation Failure) [PSYoungGen: 422992K->150128K(473088K)] 1572160K->1396036K(1871360K), 0.0512572 secs] [Times: user=0.31 sys=0.00, real=0.05 secs] 
5795.427: [Full GC (Ergonomics) [PSYoungGen: 150128K->0K(473088K)] [ParOldGen: 1245908K->195743K(1398272K)] 1396036K->195743K(1871360K), [Metaspace: 59684K->59684K(1105920K)], 0.4669594 secs] [Times: user=2.15 sys=0.00, real=0.47 secs] 
5798.119: [GC (Allocation Failure) [PSYoungGen: 322560K->104288K(510976K)] 518303K->300031K(1909248K), 0.0885903 secs] [Times: user=0.52 sys=0.00, real=0.09 secs] 
5800.315: [GC (Allocation Failure) [PSYoungGen: 421744K->148464K(508416K)] 617488K->444239K(1906688K), 0.0499688 secs] [Times: user=0.30 sys=0.01, real=0.05 secs] 
5802.913: [GC (Allocation Failure) [PSYoungGen: 468976K->105280K(508416K)] 764751K->540082K(1906688K), 0.1104809 secs] [Times: user=0.65 sys=0.01, real=0.12 secs] 
5804.489: [GC (Allocation Failure) [PSYoungGen: 419215K->145744K(508416K)] 854018K->682132K(1906688K), 0.1359639 secs] [Times: user=0.81 sys=0.00, real=0.14 secs] 
5806.246: [GC (Allocation Failure) [PSYoungGen: 466256K->104672K(507392K)] 1002644K->777767K(1905664K), 0.1053587 secs] [Times: user=0.63 sys=0.00, real=0.10 secs] 
5808.826: [GC (Allocation Failure) [PSYoungGen: 423867K->146144K(508416K)] 1096963K->920272K(1906688K), 0.0851425 secs] [Times: user=0.50 sys=0.00, real=0.08 secs] 
5812.066: [GC (Allocation Failure) [PSYoungGen: 467680K->103808K(509440K)] 1241808K->1015436K(1907712K), 0.1600384 secs] [Times: user=0.95 sys=0.01, real=0.16 secs] 
5813.734: [GC (Allocation Failure) [PSYoungGen: 426051K->147664K(509952K)] 1337679K->1159258K(1908224K), 0.0508489 secs] [Times: user=0.30 sys=0.00, real=0.05 secs] 
5815.860: [GC (Allocation Failure) [PSYoungGen: 471248K->103456K(509952K)] 1482842K->1253361K(1908224K), 0.1240457 secs] [Times: user=0.74 sys=0.00, real=0.13 secs] 
5817.594: [GC (Allocation Failure) [PSYoungGen: 424664K->148416K(472064K)] 1574569K->1397696K(1870336K), 0.0506453 secs] [Times: user=0.30 sys=0.00, real=0.05 secs] 
5817.645: [Full GC (Ergonomics) [PSYoungGen: 148416K->0K(472064K)] [ParOldGen: 1249280K->196509K(1398272K)] 1397696K->196509K(1870336K), [Metaspace: 59684K->59684K(1105920K)], 0.4589868 secs] [Times: user=2.11 sys=0.00, real=0.46 secs] 
5819.926: [GC (Allocation Failure) [PSYoungGen: 323584K->108128K(512512K)] 520093K->304637K(1910784K), 0.0661829 secs] [Times: user=0.39 sys=0.00, real=0.06 secs] 
5820.597: [GC (Allocation Failure) [PSYoungGen: 431200K->151264K(474624K)] 627709K->451784K(1872896K), 0.0513399 secs] [Times: user=0.31 sys=0.01, real=0.05 secs] 
5825.779: [GC (Allocation Failure) [PSYoungGen: 474336K->92896K(509440K)] 774856K->543996K(1907712K), 0.1754940 secs] [Times: user=1.05 sys=0.00, real=0.18 secs] 
5826.900: [GC (Allocation Failure) [PSYoungGen: 397958K->142288K(508928K)] 849058K->682232K(1907200K), 0.0496646 secs] [Times: user=0.28 sys=0.01, real=0.05 secs] 
5828.963: [GC (Allocation Failure) [PSYoungGen: 461776K->104480K(503808K)] 1001720K->777967K(1902080K), 0.1571290 secs] [Times: user=0.93 sys=0.01, real=0.16 secs] 
5830.081: [GC (Allocation Failure) [PSYoungGen: 421213K->146544K(506368K)] 1094701K->920765K(1904640K), 0.0516595 secs] [Times: user=0.30 sys=0.01, real=0.05 secs] 
5832.298: [GC (Allocation Failure) [PSYoungGen: 466032K->106816K(508928K)] 1240253K->1018364K(1907200K), 0.1447578 secs] [Times: user=0.86 sys=0.00, real=0.14 secs] 
5833.686: [GC (Allocation Failure) [PSYoungGen: 416009K->144672K(509440K)] 1327558K->1158841K(1907712K), 0.0513249 secs] [Times: user=0.30 sys=0.00, real=0.05 secs] 
5836.455: [GC (Allocation Failure) [PSYoungGen: 467744K->100320K(510464K)] 1481913K->1250413K(1908736K), 0.1263000 secs] [Times: user=0.75 sys=0.00, real=0.12 secs] 
5838.254: [GC (Allocation Failure) [PSYoungGen: 422721K->151792K(477184K)] 1572814K->1397727K(1875456K), 0.0502043 secs] [Times: user=0.30 sys=0.01, real=0.05 secs] 
5838.304: [Full GC (Ergonomics) [PSYoungGen: 151792K->0K(477184K)] [ParOldGen: 1245934K->196027K(1398272K)] 1397727K->196027K(1875456K), [Metaspace: 59684K->59684K(1105920K)], 0.4597564 secs] [Times: user=2.13 sys=0.00, real=0.46 secs] 
5841.031: [GC (Allocation Failure) [PSYoungGen: 325120K->106208K(511488K)] 521147K->302235K(1909760K), 0.0981619 secs] [Times: user=0.57 sys=0.00, real=0.10 secs] 
5842.602: [GC (Allocation Failure) [PSYoungGen: 420188K->145856K(508928K)] 616216K->443562K(1907200K), 0.0498908 secs] [Times: user=0.30 sys=0.00, real=0.05 secs] 
5845.164: [GC (Allocation Failure) [PSYoungGen: 467392K->102592K(508928K)] 765098K->537334K(1907200K), 0.1494579 secs] [Times: user=0.89 sys=0.00, real=0.15 secs] 
5847.738: [GC (Allocation Failure) [PSYoungGen: 423677K->148256K(509440K)] 858420K->681171K(1907712K), 0.0507143 secs] [Times: user=0.29 sys=0.01, real=0.05 secs] 
5850.544: [GC (Allocation Failure) [PSYoungGen: 470816K->106656K(508416K)] 1003731K->779391K(1906688K), 0.1589158 secs] [Times: user=0.81 sys=0.01, real=0.15 secs] 
5852.021: [GC (Allocation Failure) [PSYoungGen: 428398K->144992K(508928K)] 1101133K->920580K(1907200K), 0.0522669 secs] [Times: user=0.31 sys=0.01, real=0.06 secs] 
5854.440: [GC (Allocation Failure) [PSYoungGen: 467552K->105984K(508928K)] 1243140K->1017132K(1907200K), 0.1089576 secs] [Times: user=0.65 sys=0.00, real=0.11 secs] 
5855.500: [GC (Allocation Failure) [PSYoungGen: 416943K->145440K(509952K)] 1328091K->1158597K(1908224K), 0.0600032 secs] [Times: user=0.35 sys=0.00, real=0.06 secs] 
5858.381: [GC (Allocation Failure) [PSYoungGen: 470048K->103360K(510976K)] 1483205K->1253141K(1909248K), 0.1033847 secs] [Times: user=0.62 sys=0.00, real=0.11 secs] 
5859.564: [GC (Allocation Failure) [PSYoungGen: 421984K->148304K(475136K)] 1571765K->1397218K(1873408K), 0.0513596 secs] [Times: user=0.30 sys=0.00, real=0.05 secs] 
5859.615: [Full GC (Ergonomics) [PSYoungGen: 148304K->0K(475136K)] [ParOldGen: 1248913K->196216K(1398272K)] 1397218K->196216K(1873408K), [Metaspace: 59685K->59685K(1105920K)], 0.4647260 secs] [Times: user=2.15 sys=0.00, real=0.46 secs] 
5865.012: [GC (Allocation Failure) [PSYoungGen: 326656K->102464K(513024K)] 522872K->298680K(1911296K), 0.0469035 secs] [Times: user=0.27 sys=0.00, real=0.05 secs] 
5866.835: [GC (Allocation Failure) [PSYoungGen: 427584K->148496K(474112K)] 623800K->443498K(1872384K), 0.0496013 secs] [Times: user=0.30 sys=0.00, real=0.05 secs] 
5869.077: [GC (Allocation Failure) [PSYoungGen: 473616K->103072K(512512K)] 768618K->537865K(1910784K), 0.0676862 secs] [Times: user=0.40 sys=0.00, real=0.07 secs] 
5871.710: [GC (Allocation Failure) [PSYoungGen: 421221K->147968K(472576K)] 856015K->682062K(1870848K), 0.0504231 secs] [Times: user=0.30 sys=0.00, real=0.05 secs] 
5873.415: [GC (Allocation Failure) [PSYoungGen: 472064K->103072K(512000K)] 1006158K->775958K(1910272K), 0.0935605 secs] [Times: user=0.55 sys=0.00, real=0.09 secs] 
5875.595: [GC (Allocation Failure) [PSYoungGen: 420535K->147424K(509952K)] 1093422K->919887K(1908224K), 0.0509402 secs] [Times: user=0.30 sys=0.00, real=0.05 secs] 
5877.356: [GC (Allocation Failure) [PSYoungGen: 470496K->102496K(509952K)] 1242959K->1013831K(1908224K), 0.0781983 secs] [Times: user=0.47 sys=0.00, real=0.08 secs] 
5879.056: [GC (Allocation Failure) [PSYoungGen: 424587K->148000K(471552K)] 1335922K->1158276K(1869824K), 0.0508246 secs] [Times: user=0.30 sys=0.00, real=0.05 secs] 
5881.165: [GC (Allocation Failure) [PSYoungGen: 471072K->103584K(511488K)] 1481348K->1253200K(1909760K), 0.0942480 secs] [Times: user=0.55 sys=0.00, real=0.09 secs] 
5882.855: [GC (Allocation Failure) [PSYoungGen: 419844K->148000K(470528K)] 1569460K->1397285K(1868800K), 0.0514976 secs] [Times: user=0.31 sys=0.00, real=0.05 secs] 
5882.907: [Full GC (Ergonomics) [PSYoungGen: 148000K->0K(470528K)] [ParOldGen: 1249285K->196056K(1398272K)] 1397285K->196056K(1868800K), [Metaspace: 59685K->59685K(1105920K)], 0.4511958 secs] [Times: user=2.07 sys=0.00, real=0.45 secs] 
5885.993: [GC (Allocation Failure) [PSYoungGen: 322048K->102496K(511488K)] 518104K->298552K(1909760K), 0.0307737 secs] [Times: user=0.18 sys=0.00, real=0.03 secs] 
5888.256: [GC (Allocation Failure) [PSYoungGen: 424032K->147248K(508928K)] 620088K->442478K(1907200K), 0.0494481 secs] [Times: user=0.29 sys=0.00, real=0.05 secs] 
5889.681: [GC (Allocation Failure) [PSYoungGen: 468784K->105152K(507904K)] 764014K->538173K(1906176K), 0.0674117 secs] [Times: user=0.40 sys=0.00, real=0.07 secs] 
5891.213: [GC (Allocation Failure) [PSYoungGen: 419056K->147088K(508416K)] 852078K->681530K(1906688K), 0.0509490 secs] [Times: user=0.30 sys=0.00, real=0.06 secs] 
5893.583: [GC (Allocation Failure) [PSYoungGen: 468624K->104480K(509440K)] 1003066K->777354K(1907712K), 0.1734540 secs] [Times: user=1.04 sys=0.00, real=0.18 secs] 
5895.873: [GC (Allocation Failure) [PSYoungGen: 423333K->146080K(509440K)] 1096207K->919695K(1907712K), 0.0518070 secs] [Times: user=0.30 sys=0.01, real=0.06 secs] 
5898.242: [GC (Allocation Failure) [PSYoungGen: 468640K->105840K(508416K)] 1242255K->1016543K(1906688K), 0.1733092 secs] [Times: user=1.03 sys=0.00, real=0.18 secs] 
5900.095: [GC (Allocation Failure) [PSYoungGen: 420223K->145472K(509440K)] 1330926K->1158195K(1907712K), 0.0518138 secs] [Times: user=0.31 sys=0.00, real=0.05 secs] 
5902.408: [GC (Allocation Failure) [PSYoungGen: 469056K->103136K(510464K)] 1481779K->1252155K(1908736K), 0.0652478 secs] [Times: user=0.39 sys=0.01, real=0.07 secs] 
5904.240: [GC (Allocation Failure) [PSYoungGen: 421126K->147648K(510976K)] 1570146K->1396280K(1909248K), 0.0515810 secs] [Times: user=0.31 sys=0.00, real=0.05 secs] 
5904.291: [Full GC (Ergonomics) [PSYoungGen: 147648K->0K(510976K)] [ParOldGen: 1248632K->195764K(1398272K)] 1396280K->195764K(1909248K), [Metaspace: 59685K->59685K(1105920K)], 0.4848657 secs] [Times: user=2.23 sys=0.00, real=0.49 secs] 
5907.155: [GC (Allocation Failure) [PSYoungGen: 325632K->103808K(511488K)] 521396K->299572K(1909760K), 0.0349125 secs] [Times: user=0.20 sys=0.00, real=0.03 secs] 
5908.995: [GC (Allocation Failure) [PSYoungGen: 427853K->148000K(473600K)] 623617K->443312K(1871872K), 0.0494985 secs] [Times: user=0.30 sys=0.00, real=0.05 secs] 
5911.012: [GC (Allocation Failure) [PSYoungGen: 473120K->106208K(513024K)] 768432K->540373K(1911296K), 0.1129938 secs] [Times: user=0.66 sys=0.01, real=0.12 secs] 
5912.864: [GC (Allocation Failure) [PSYoungGen: 419249K->145152K(510464K)] 853414K->680889K(1908736K), 0.0500835 secs] [Times: user=0.30 sys=0.00, real=0.05 secs] 
5915.343: [GC (Allocation Failure) [PSYoungGen: 469760K->104816K(509440K)] 1005497K->777050K(1907712K), 0.1010913 secs] [Times: user=0.60 sys=0.01, real=0.11 secs] 
5917.935: [GC (Allocation Failure) [PSYoungGen: 421670K->146192K(510464K)] 1093904K->919279K(1908736K), 0.0508236 secs] [Times: user=0.30 sys=0.00, real=0.05 secs] 
5920.161: [GC (Allocation Failure) [PSYoungGen: 471824K->105312K(512000K)] 1244911K->1015882K(1910272K), 0.1167892 secs] [Times: user=0.70 sys=0.00, real=0.12 secs] 
5922.461: [GC (Allocation Failure) [PSYoungGen: 421943K->146336K(512000K)] 1332514K->1158330K(1910272K), 0.0833076 secs] [Times: user=0.49 sys=0.00, real=0.09 secs] 
5925.377: [GC (Allocation Failure) [PSYoungGen: 473504K->107440K(509952K)] 1485498K->1256739K(1908224K), 0.1657638 secs] [Times: user=0.99 sys=0.00, real=0.16 secs] 
5926.452: [GC (Allocation Failure) [PSYoungGen: 420678K->143488K(510976K)] 1569977K->1396619K(1909248K), 0.0521158 secs] [Times: user=0.30 sys=0.02, real=0.06 secs] 
5926.504: [Full GC (Ergonomics) [PSYoungGen: 143488K->0K(510976K)] [ParOldGen: 1253131K->195801K(1398272K)] 1396619K->195801K(1909248K), [Metaspace: 59685K->59685K(1105920K)], 0.4633197 secs] [Times: user=2.13 sys=0.00, real=0.46 secs] 
5929.256: [GC (Allocation Failure) [PSYoungGen: 327168K->108832K(510976K)] 522969K->304633K(1909248K), 0.1020996 secs] [Times: user=0.60 sys=0.00, real=0.10 secs] 
5930.900: [GC (Allocation Failure) [PSYoungGen: 423380K->141856K(512512K)] 619181K->443077K(1910784K), 0.0644417 secs] [Times: user=0.38 sys=0.01, real=0.07 secs] 
5933.876: [GC (Allocation Failure) [PSYoungGen: 472096K->111168K(510976K)] 773317K->545461K(1909248K), 0.1530212 secs] [Times: user=0.91 sys=0.00, real=0.15 secs] 
5935.145: [GC (Allocation Failure) [PSYoungGen: 444992K->152800K(513536K)] 879285K->694422K(1911808K), 0.0775323 secs] [Times: user=0.46 sys=0.00, real=0.07 secs] 
5937.918: [GC (Allocation Failure) [PSYoungGen: 486624K->103664K(515584K)] 1028246K->797459K(1913856K), 0.1777951 secs] [Times: user=1.05 sys=0.01, real=0.18 secs] 
5938.444: [GC (Allocation Failure) [PSYoungGen: 434416K->158336K(489472K)] 1128211K->949083K(1887744K), 0.0588637 secs] [Times: user=0.35 sys=0.00, real=0.06 secs] 
5942.312: [GC (Allocation Failure) [PSYoungGen: 489088K->97792K(509952K)] 1279835K->1046075K(1908224K), 0.1391478 secs] [Times: user=0.82 sys=0.00, real=0.14 secs] 
5943.350: [GC (Allocation Failure) [PSYoungGen: 418304K->151552K(472576K)] 1366587K->1191096K(1870848K), 0.1493529 secs] [Times: user=0.81 sys=0.00, real=0.15 secs] 
5946.490: [GC (Allocation Failure) [PSYoungGen: 472064K->94048K(507392K)] 1511608K->1284504K(1905664K), 0.1454925 secs] [Times: user=0.87 sys=0.00, real=0.15 secs] 
5947.417: [GC (GCLocker Initiated GC) [PSYoungGen: 409440K->152160K(467968K)] 1599896K->1429457K(1866240K), 0.0807590 secs] [Times: user=0.48 sys=0.00, real=0.08 secs] 
5947.498: [Full GC (Ergonomics) [PSYoungGen: 152160K->0K(467968K)] [ParOldGen: 1277297K->228837K(1398272K)] 1429457K->228837K(1866240K), [Metaspace: 59685K->59685K(1105920K)], 0.5442435 secs] [Times: user=2.54 sys=0.00, real=0.54 secs] 
5951.722: [GC (Allocation Failure) [PSYoungGen: 315392K->89136K(504320K)] 544232K->317976K(1902592K), 0.0838973 secs] [Times: user=0.49 sys=0.01, real=0.09 secs] 
5952.097: [GC (Allocation Failure) [PSYoungGen: 398384K->149920K(459264K)] 627224K->461304K(1857536K), 0.0537526 secs] [Times: user=0.32 sys=0.00, real=0.05 secs] 
5955.875: [GC (Allocation Failure) [PSYoungGen: 459168K->85920K(501760K)] 770552K->546888K(1900032K), 0.1619056 secs] [Times: user=0.96 sys=0.00, real=0.16 secs] 
5956.482: [GC (Allocation Failure) [PSYoungGen: 390048K->147168K(451584K)] 851016K->688097K(1849856K), 0.0531761 secs] [Times: user=0.31 sys=0.00, real=0.06 secs] 
5959.410: [GC (Allocation Failure) [PSYoungGen: 451296K->84160K(500224K)] 992225K->771865K(1898496K), 0.1643355 secs] [Times: user=0.97 sys=0.00, real=0.17 secs] 
5960.366: [GC (Allocation Failure) [PSYoungGen: 385216K->141632K(499712K)] 1072921K->909414K(1897984K), 0.0484916 secs] [Times: user=0.29 sys=0.00, real=0.05 secs] 
5962.797: [GC (Allocation Failure) [PSYoungGen: 442688K->94704K(494592K)] 1210470K->995115K(1892864K), 0.0626560 secs] [Times: user=0.37 sys=0.00, real=0.06 secs] 
5965.069: [GC (Allocation Failure) [PSYoungGen: 396272K->139376K(497152K)] 1296683K->1130872K(1895424K), 0.0485939 secs] [Times: user=0.29 sys=0.00, real=0.05 secs] 
5967.496: [GC (Allocation Failure) [PSYoungGen: 440944K->97088K(496640K)] 1432440K->1218679K(1894912K), 0.0632434 secs] [Times: user=0.37 sys=0.00, real=0.06 secs] 
5970.359: [GC (Allocation Failure) [PSYoungGen: 405312K->136528K(500224K)] 1526903K->1353165K(1898496K), 0.0511554 secs] [Times: user=0.29 sys=0.00, real=0.05 secs] 
5970.411: [Full GC (Ergonomics) [PSYoungGen: 136528K->0K(500224K)] [ParOldGen: 1216636K->161878K(1398272K)] 1353165K->161878K(1898496K), [Metaspace: 59685K->59685K(1105920K)], 0.3670787 secs] [Times: user=1.69 sys=0.00, real=0.37 secs] 
5971.999: [GC (Allocation Failure) [PSYoungGen: 308224K->105504K(497152K)] 470102K->267382K(1895424K), 0.0376230 secs] [Times: user=0.22 sys=0.00, real=0.04 secs] 
5973.174: [GC (Allocation Failure) [PSYoungGen: 420896K->142560K(502272K)] 582774K->408815K(1900544K), 0.0537847 secs] [Times: user=0.32 sys=0.00, real=0.05 secs] 
5975.064: [GC (Allocation Failure) [PSYoungGen: 457952K->105840K(505856K)] 724207K->505479K(1904128K), 0.0646639 secs] [Times: user=0.38 sys=0.00, real=0.06 secs] 
5977.464: [GC (Allocation Failure) [PSYoungGen: 428912K->142016K(507904K)] 828551K->645676K(1906176K), 0.0602979 secs] [Times: user=0.36 sys=0.00, real=0.06 secs] 
5979.503: [GC (Allocation Failure) [PSYoungGen: 465088K->110992K(506368K)] 968748K->746672K(1904640K), 0.0673532 secs] [Times: user=0.40 sys=0.00, real=0.07 secs] 
5981.826: [GC (Allocation Failure) [PSYoungGen: 438672K->154176K(509440K)] 1074352K->899072K(1907712K), 0.0568014 secs] [Times: user=0.34 sys=0.00, real=0.05 secs] 
5983.988: [GC (Allocation Failure) [PSYoungGen: 481856K->110752K(513536K)] 1226752K->992753K(1911808K), 0.0647657 secs] [Times: user=0.38 sys=0.00, real=0.06 secs] 
5987.391: [GC (Allocation Failure) [PSYoungGen: 437408K->145728K(510976K)] 1319409K->1136101K(1909248K), 0.0545085 secs] [Times: user=0.32 sys=0.00, real=0.06 secs] 
5988.732: [GC (Allocation Failure) [PSYoungGen: 472384K->112304K(509440K)] 1462757K->1238894K(1907712K), 0.0659431 secs] [Times: user=0.40 sys=0.00, real=0.07 secs] 
5991.594: [GC (Allocation Failure) [PSYoungGen: 440496K->147104K(510976K)] 1567086K->1382586K(1909248K), 0.0548987 secs] [Times: user=0.33 sys=0.00, real=0.05 secs] 
5991.648: [Full GC (Ergonomics) [PSYoungGen: 147104K->0K(510976K)] [ParOldGen: 1235482K->181617K(1398272K)] 1382586K->181617K(1909248K), [Metaspace: 59685K->59685K(1105920K)], 0.4304836 secs] [Times: user=2.00 sys=0.00, real=0.43 secs] 
5993.297: [GC (Allocation Failure) [PSYoungGen: 328192K->110368K(512512K)] 509809K->291986K(1910784K), 0.0340237 secs] [Times: user=0.20 sys=0.00, real=0.03 secs] 
5995.217: [GC (Allocation Failure) [PSYoungGen: 441120K->153472K(484352K)] 622738K->441878K(1882624K), 0.0542944 secs] [Times: user=0.32 sys=0.00, real=0.05 secs] 
5997.615: [GC (Allocation Failure) [PSYoungGen: 484224K->107072K(514048K)] 772630K->539798K(1912320K), 0.1205494 secs] [Times: user=0.72 sys=0.01, real=0.12 secs] 
5999.033: [GC (Allocation Failure) [PSYoungGen: 418706K->146608K(512000K)] 851433K->682212K(1910272K), 0.0512293 secs] [Times: user=0.30 sys=0.00, real=0.06 secs] 
6003.020: [GC (Allocation Failure) [PSYoungGen: 473776K->104816K(511488K)] 1009380K->778304K(1909760K), 0.1723476 secs] [Times: user=1.02 sys=0.01, real=0.17 secs] 
6004.614: [GC (Allocation Failure) [PSYoungGen: 421142K->146128K(512000K)] 1094630K->920329K(1910272K), 0.0505971 secs] [Times: user=0.29 sys=0.00, real=0.05 secs] 
6007.447: [GC (Allocation Failure) [PSYoungGen: 473808K->108032K(511488K)] 1248009K->1019432K(1909760K), 0.1687773 secs] [Times: user=1.00 sys=0.00, real=0.17 secs] 
6009.068: [GC (Allocation Failure) [PSYoungGen: 420740K->143152K(512000K)] 1332141K->1158772K(1910272K), 0.1462507 secs] [Times: user=0.86 sys=0.01, real=0.15 secs] 
6012.501: [GC (Allocation Failure) [PSYoungGen: 471344K->105216K(512512K)] 1486964K->1255355K(1910784K), 0.1723631 secs] [Times: user=1.02 sys=0.00, real=0.17 secs] 
6014.328: [GC (Allocation Failure) [PSYoungGen: 421278K->145680K(513536K)] 1571418K->1397441K(1911808K), 0.0511728 secs] [Times: user=0.30 sys=0.00, real=0.05 secs] 
6014.380: [Full GC (Ergonomics) [PSYoungGen: 145680K->0K(513536K)] [ParOldGen: 1251760K->196103K(1398272K)] 1397441K->196103K(1911808K), [Metaspace: 59685K->59685K(1105920K)], 0.4646110 secs] [Times: user=2.15 sys=0.00, real=0.47 secs] 
6017.988: [GC (Allocation Failure) [PSYoungGen: 330752K->105712K(513536K)] 526855K->301816K(1911808K), 0.0984113 secs] [Times: user=0.59 sys=0.00, real=0.10 secs] 
6019.597: [GC (Allocation Failure) [PSYoungGen: 437488K->154304K(486400K)] 633592K->452248K(1884672K), 0.0510734 secs] [Times: user=0.30 sys=0.00, real=0.05 secs] 
6022.939: [GC (Allocation Failure) [PSYoungGen: 486080K->98720K(512512K)] 784024K->550476K(1910784K), 0.1669631 secs] [Times: user=0.99 sys=0.00, real=0.17 secs] 
6023.954: [GC (Allocation Failure) [PSYoungGen: 423840K->154768K(480256K)] 875596K->698898K(1878528K), 0.0560966 secs] [Times: user=0.33 sys=0.00, real=0.05 secs] 
6028.445: [GC (Allocation Failure) [PSYoungGen: 479888K->93152K(507904K)] 1024018K->791301K(1906176K), 0.1738608 secs] [Times: user=1.04 sys=0.00, real=0.17 secs] 
6029.269: [GC (Allocation Failure) [PSYoungGen: 409568K->152576K(469504K)] 1107717K->938082K(1867776K), 0.0542764 secs] [Times: user=0.31 sys=0.01, real=0.06 secs] 
6031.546: [GC (Allocation Failure) [PSYoungGen: 468992K->91712K(504832K)] 1254498K->1029666K(1903104K), 0.1719209 secs] [Times: user=1.02 sys=0.01, real=0.17 secs] 
6032.824: [GC (GCLocker Initiated GC) [PSYoungGen: 401984K->145744K(456192K)] 1339939K->1169309K(1854464K), 0.1309353 secs] [Times: user=0.76 sys=0.01, real=0.13 secs] 
6035.514: [GC (Allocation Failure) [PSYoungGen: 456016K->92176K(504832K)] 1479583K->1260983K(1903104K), 0.1531321 secs] [Times: user=0.90 sys=0.01, real=0.15 secs] 
6037.072: [GC (Allocation Failure) [PSYoungGen: 398522K->140848K(451072K)] 1567329K->1397620K(1849344K), 0.0505111 secs] [Times: user=0.30 sys=0.00, real=0.05 secs] 
6037.122: [Full GC (Ergonomics) [PSYoungGen: 140848K->0K(451072K)] [ParOldGen: 1256771K->196570K(1398272K)] 1397620K->196570K(1849344K), [Metaspace: 59685K->59685K(1105920K)], 0.4623114 secs] [Times: user=2.13 sys=0.00, real=0.47 secs] 
6040.086: [GC (Allocation Failure) [PSYoungGen: 309760K->100720K(505856K)] 506330K->297291K(1904128K), 0.0776922 secs] [Times: user=0.46 sys=0.01, real=0.08 secs] 
6042.964: [GC (Allocation Failure) [PSYoungGen: 413040K->150880K(503296K)] 609611K->444571K(1901568K), 0.0487649 secs] [Times: user=0.28 sys=0.00, real=0.04 secs] 
6044.252: [GC (GCLocker Initiated GC) [PSYoungGen: 463200K->101584K(504832K)] 756892K->528865K(1903104K), 0.0618135 secs] [Times: user=0.36 sys=0.00, real=0.07 secs] 
6046.435: [GC (Allocation Failure) [PSYoungGen: 414416K->144768K(504320K)] 841748K->669904K(1902592K), 0.0498029 secs] [Times: user=0.29 sys=0.01, real=0.05 secs] 
6048.402: [GC (Allocation Failure) [PSYoungGen: 457600K->101392K(502784K)] 982736K->762185K(1901056K), 0.0646979 secs] [Times: user=0.38 sys=0.01, real=0.07 secs] 
6049.892: [GC (Allocation Failure) [PSYoungGen: 415760K->145600K(504320K)] 1076553K->905429K(1902592K), 0.0527206 secs] [Times: user=0.30 sys=0.00, real=0.06 secs] 
6051.959: [GC (Allocation Failure) [PSYoungGen: 459968K->104752K(504832K)] 1219797K->1001174K(1903104K), 0.0654643 secs] [Times: user=0.38 sys=0.00, real=0.07 secs] 
6054.219: [GC (Allocation Failure) [PSYoungGen: 421680K->143824K(505856K)] 1318102K->1142331K(1904128K), 0.0526035 secs] [Times: user=0.31 sys=0.00, real=0.05 secs] 
6055.966: [GC (Allocation Failure) [PSYoungGen: 460752K->103536K(504832K)] 1459259K->1236555K(1903104K), 0.0899354 secs] [Times: user=0.53 sys=0.00, real=0.09 secs] 
6057.567: [GC (Allocation Failure) [PSYoungGen: 423536K->144736K(506880K)] 1556555K->1378975K(1905152K), 0.0524260 secs] [Times: user=0.31 sys=0.00, real=0.05 secs] 
6057.619: [Full GC (Ergonomics) [PSYoungGen: 144736K->0K(506880K)] [ParOldGen: 1234239K->178440K(1398272K)] 1378975K->178440K(1905152K), [Metaspace: 59685K->59685K(1105920K)], 0.4119793 secs] [Times: user=1.88 sys=0.00, real=0.41 secs] 
6059.923: [GC (Allocation Failure) [PSYoungGen: 320000K->106976K(506880K)] 498440K->285416K(1905152K), 0.0444367 secs] [Times: user=0.26 sys=0.00, real=0.05 secs] 
6062.417: [GC (Allocation Failure) [PSYoungGen: 430048K->147488K(508416K)] 608488K->429482K(1906688K), 0.0529693 secs] [Times: user=0.31 sys=0.00, real=0.05 secs] 
6064.504: [GC (Allocation Failure) [PSYoungGen: 470560K->107552K(510464K)] 752554K->527626K(1908736K), 0.0831369 secs] [Times: user=0.50 sys=0.00, real=0.08 secs] 
6067.182: [GC (Allocation Failure) [PSYoungGen: 432672K->148608K(510464K)] 852746K->673019K(1908736K), 0.0527749 secs] [Times: user=0.31 sys=0.00, real=0.06 secs] 
6069.690: [GC (Allocation Failure) [PSYoungGen: 473728K->104736K(510976K)] 998139K->768855K(1909248K), 0.0662698 secs] [Times: user=0.40 sys=0.00, real=0.07 secs] 
6071.802: [GC (Allocation Failure) [PSYoungGen: 429344K->150160K(475136K)] 1093463K->915720K(1873408K), 0.0521486 secs] [Times: user=0.31 sys=0.00, real=0.06 secs] 
6074.508: [GC (Allocation Failure) [PSYoungGen: 474768K->104448K(512000K)] 1240328K->1011351K(1910272K), 0.0767807 secs] [Times: user=0.46 sys=0.00, real=0.08 secs] 
6076.500: [GC (Allocation Failure) [PSYoungGen: 427008K->151568K(474624K)] 1333911K->1159037K(1872896K), 0.0526100 secs] [Times: user=0.31 sys=0.00, real=0.05 secs] 
6078.602: [GC (Allocation Failure) [PSYoungGen: 474128K->104992K(510976K)] 1481597K->1255256K(1909248K), 0.1737733 secs] [Times: user=1.04 sys=0.00, real=0.18 secs] 
6080.734: [GC (Allocation Failure) [PSYoungGen: 425504K->147408K(508416K)] 1575768K->1398630K(1906688K), 0.0518217 secs] [Times: user=0.31 sys=0.00, real=0.05 secs] 
6080.786: [Full GC (Ergonomics) [PSYoungGen: 147408K->0K(508416K)] [ParOldGen: 1251221K->196362K(1398272K)] 1398630K->196362K(1906688K), [Metaspace: 59685K->59685K(1105920K)], 0.4513591 secs] [Times: user=2.06 sys=0.00, real=0.45 secs] 
6082.772: [GC (Allocation Failure) [PSYoungGen: 320512K->104320K(508928K)] 516874K->300682K(1907200K), 0.0471141 secs] [Times: user=0.27 sys=0.01, real=0.05 secs] 
6084.653: [GC (Allocation Failure) [PSYoungGen: 420993K->147184K(508928K)] 617356K->443408K(1907200K), 0.0493923 secs] [Times: user=0.30 sys=0.00, real=0.05 secs] 
6087.025: [GC (Allocation Failure) [PSYoungGen: 468208K->102816K(508416K)] 764432K->537471K(1906688K), 0.1293236 secs] [Times: user=0.77 sys=0.00, real=0.13 secs] 
6088.858: [GC (Allocation Failure) [PSYoungGen: 420149K->148336K(508928K)] 854804K->682080K(1907200K), 0.0499658 secs] [Times: user=0.30 sys=0.00, real=0.05 secs] 
6090.221: [GC (Allocation Failure) [PSYoungGen: 469872K->104032K(509440K)] 1003616K->777264K(1907712K), 0.0663967 secs] [Times: user=0.40 sys=0.00, real=0.07 secs] 
6092.446: [GC (Allocation Failure) [PSYoungGen: 422537K->146816K(508928K)] 1095769K->920500K(1907200K), 0.0507754 secs] [Times: user=0.31 sys=0.00, real=0.05 secs] 
6095.924: [GC (Allocation Failure) [PSYoungGen: 467840K->101376K(509440K)] 1241524K->1012873K(1907712K), 0.1304075 secs] [Times: user=0.78 sys=0.00, real=0.13 secs] 
6097.378: [GC (Allocation Failure) [PSYoungGen: 422680K->149904K(471552K)] 1334177K->1158654K(1869824K), 0.0508177 secs] [Times: user=0.30 sys=0.00, real=0.05 secs] 
6099.430: [GC (Allocation Failure) [PSYoungGen: 471440K->103840K(510464K)] 1480190K->1253709K(1908736K), 0.1705241 secs] [Times: user=1.02 sys=0.00, real=0.17 secs] 
6102.016: [GC (Allocation Failure) [PSYoungGen: 421893K->147168K(507904K)] 1571763K->1397002K(1906176K), 0.0508731 secs] [Times: user=0.30 sys=0.00, real=0.05 secs] 
6102.067: [Full GC (Ergonomics) [PSYoungGen: 147168K->0K(507904K)] [ParOldGen: 1249834K->195777K(1398272K)] 1397002K->195777K(1906176K), [Metaspace: 59685K->59685K(1105920K)], 0.4569334 secs] [Times: user=2.11 sys=0.00, real=0.46 secs] 
6103.806: [GC (Allocation Failure) [PSYoungGen: 319488K->102496K(508416K)] 515265K->298273K(1906688K), 0.0345830 secs] [Times: user=0.20 sys=0.00, real=0.03 secs] 
6106.596: [GC (Allocation Failure) [PSYoungGen: 422496K->148576K(468992K)] 618273K->442830K(1867264K), 0.0495267 secs] [Times: user=0.30 sys=0.00, real=0.05 secs] 
6109.967: [GC (Allocation Failure) [PSYoungGen: 468576K->100608K(509952K)] 762830K->534462K(1908224K), 0.0906476 secs] [Times: user=0.53 sys=0.00, real=0.09 secs] 
6110.735: [GC (GCLocker Initiated GC) [PSYoungGen: 419584K->149056K(468480K)] 853439K->680263K(1866752K), 0.0497762 secs] [Times: user=0.29 sys=0.01, real=0.05 secs] 
6113.171: [GC (Allocation Failure) [PSYoungGen: 468032K->102432K(509440K)] 999291K->773783K(1907712K), 0.0880679 secs] [Times: user=0.53 sys=0.01, real=0.09 secs] 
6114.583: [GC (Allocation Failure) [PSYoungGen: 420384K->149760K(467968K)] 1091735K->919996K(1866240K), 0.0743424 secs] [Times: user=0.44 sys=0.01, real=0.08 secs] 
6117.829: [GC (GCLocker Initiated GC) [PSYoungGen: 467712K->100752K(508928K)] 1237948K->1012125K(1907200K), 0.1714383 secs] [Times: user=1.02 sys=0.00, real=0.17 secs] 
6119.261: [GC (Allocation Failure) [PSYoungGen: 417680K->148352K(465408K)] 1329056K->1156526K(1863680K), 0.0508907 secs] [Times: user=0.30 sys=0.00, real=0.05 secs] 
6121.072: [GC (Allocation Failure) [PSYoungGen: 465280K->105376K(509440K)] 1473454K->1252434K(1907712K), 0.1060975 secs] [Times: user=0.63 sys=0.01, real=0.11 secs] 
6123.097: [GC (Allocation Failure) [PSYoungGen: 422304K->146432K(506368K)] 1569362K->1394631K(1904640K), 0.0530478 secs] [Times: user=0.32 sys=0.00, real=0.05 secs] 
6123.150: [Full GC (Ergonomics) [PSYoungGen: 146432K->0K(506368K)] [ParOldGen: 1248199K->193895K(1398272K)] 1394631K->193895K(1904640K), [Metaspace: 59685K->59685K(1105920K)], 0.4602977 secs] [Times: user=2.14 sys=0.00, real=0.46 secs] 
6125.439: [GC (Allocation Failure) [PSYoungGen: 316928K->104624K(505856K)] 510823K->298520K(1904128K), 0.0478127 secs] [Times: user=0.28 sys=0.01, real=0.05 secs] 
6127.335: [GC (Allocation Failure) [PSYoungGen: 423088K->147824K(506880K)] 616984K->440750K(1905152K), 0.0503789 secs] [Times: user=0.30 sys=0.00, real=0.05 secs] 
6130.308: [GC (Allocation Failure) [PSYoungGen: 466288K->102672K(507904K)] 759214K->534294K(1906176K), 0.0996282 secs] [Times: user=0.59 sys=0.00, real=0.10 secs] 
6132.854: [GC (Allocation Failure) [PSYoungGen: 422160K->148352K(507904K)] 853782K->678930K(1906176K), 0.0503070 secs] [Times: user=0.30 sys=0.00, real=0.05 secs] 
6134.822: [GC (Allocation Failure) [PSYoungGen: 467840K->102784K(508416K)] 998418K->772546K(1906688K), 0.0911097 secs] [Times: user=0.54 sys=0.00, real=0.10 secs] 
6137.854: [GC (Allocation Failure) [PSYoungGen: 421760K->149056K(468480K)] 1091522K->917015K(1866752K), 0.0505044 secs] [Times: user=0.30 sys=0.00, real=0.05 secs] 
6139.146: [GC (Allocation Failure) [PSYoungGen: 468032K->104512K(509952K)] 1235991K->1012747K(1908224K), 0.0660315 secs] [Times: user=0.39 sys=0.00, real=0.06 secs] 
6142.193: [GC (Allocation Failure) [PSYoungGen: 422976K->148736K(507392K)] 1331211K->1157099K(1905664K), 0.0519354 secs] [Times: user=0.31 sys=0.00, real=0.06 secs] 
6143.733: [GC (Allocation Failure) [PSYoungGen: 467200K->105312K(506368K)] 1475563K->1253248K(1904640K), 0.0998499 secs] [Times: user=0.59 sys=0.00, real=0.10 secs] 
6146.830: [GC (Allocation Failure) [PSYoungGen: 423776K->146560K(506880K)] 1571712K->1396096K(1905152K), 0.0522348 secs] [Times: user=0.31 sys=0.00, real=0.05 secs] 
6146.883: [Full GC (Ergonomics) [PSYoungGen: 146560K->0K(506880K)] [ParOldGen: 1249536K->195815K(1398272K)] 1396096K->195815K(1905152K), [Metaspace: 59688K->59688K(1105920K)], 0.4679673 secs] [Times: user=2.18 sys=0.00, real=0.47 secs] 
6148.947: [GC (Allocation Failure) [PSYoungGen: 318464K->104304K(507392K)] 514279K->300120K(1905664K), 0.0643152 secs] [Times: user=0.36 sys=0.01, real=0.06 secs] 
6150.650: [GC (Allocation Failure) [PSYoungGen: 424173K->147584K(507904K)] 619988K->443520K(1906176K), 0.0495493 secs] [Times: user=0.30 sys=0.00, real=0.05 secs] 
6153.321: [GC (Allocation Failure) [PSYoungGen: 467584K->102816K(508928K)] 763520K->537280K(1907200K), 0.0634843 secs] [Times: user=0.38 sys=0.00, real=0.07 secs] 
6155.778: [GC (Allocation Failure) [PSYoungGen: 423840K->147520K(508928K)] 858304K->681197K(1907200K), 0.0508862 secs] [Times: user=0.30 sys=0.00, real=0.05 secs] 
6158.880: [GC (Allocation Failure) [PSYoungGen: 468544K->101200K(508928K)] 1002221K->773982K(1907200K), 0.0938410 secs] [Times: user=0.56 sys=0.00, real=0.10 secs] 
6161.375: [GC (Allocation Failure) [PSYoungGen: 422224K->149008K(470528K)] 1095006K->918650K(1868800K), 0.0503659 secs] [Times: user=0.30 sys=0.00, real=0.05 secs] 
6164.073: [GC (Allocation Failure) [PSYoungGen: 470032K->104640K(510464K)] 1239674K->1014410K(1908736K), 0.1368745 secs] [Times: user=0.82 sys=0.00, real=0.14 secs] 
6165.523: [GC (Allocation Failure) [PSYoungGen: 420167K->147584K(507904K)] 1329938K->1158306K(1906176K), 0.0522994 secs] [Times: user=0.31 sys=0.00, real=0.06 secs] 
6167.604: [GC (Allocation Failure) [PSYoungGen: 467072K->101808K(508416K)] 1477794K->1251419K(1906688K), 0.0926222 secs] [Times: user=0.55 sys=0.00, real=0.09 secs] 
6170.116: [GC (Allocation Failure) [PSYoungGen: 421808K->148128K(468480K)] 1571419K->1395543K(1866752K), 0.0511459 secs] [Times: user=0.29 sys=0.01, real=0.05 secs] 
6170.167: [Full GC (Ergonomics) [PSYoungGen: 148128K->0K(468480K)] [ParOldGen: 1247415K->194927K(1398272K)] 1395543K->194927K(1866752K), [Metaspace: 59688K->59688K(1105920K)], 0.4580999 secs] [Times: user=2.13 sys=0.00, real=0.46 secs] 
6171.861: [GC (Allocation Failure) [PSYoungGen: 320000K->105152K(510976K)] 514927K->300079K(1909248K), 0.0314179 secs] [Times: user=0.19 sys=0.00, real=0.03 secs] 
6174.188: [GC (Allocation Failure) [PSYoungGen: 424735K->147296K(507904K)] 619662K->443661K(1906176K), 0.0505414 secs] [Times: user=0.30 sys=0.00, real=0.05 secs] 
6176.371: [GC (GCLocker Initiated GC) [PSYoungGen: 467296K->100608K(509440K)] 763661K->535165K(1907712K), 0.1560265 secs] [Times: user=0.93 sys=0.00, real=0.16 secs] 
6178.667: [GC (Allocation Failure) [PSYoungGen: 421120K->149024K(470016K)] 855680K->679981K(1868288K), 0.0498365 secs] [Times: user=0.29 sys=0.00, real=0.05 secs] 
6180.769: [GC (Allocation Failure) [PSYoungGen: 469536K->101056K(509952K)] 1000493K->771673K(1908224K), 0.1566816 secs] [Times: user=0.93 sys=0.00, real=0.16 secs] 
6182.491: [GC (Allocation Failure) [PSYoungGen: 420032K->146704K(507904K)] 1090649K->914327K(1906176K), 0.0502169 secs] [Times: user=0.30 sys=0.00, real=0.05 secs] 
6185.871: [GC (Allocation Failure) [PSYoungGen: 465680K->104512K(506880K)] 1233303K->1009202K(1905152K), 0.0880202 secs] [Times: user=0.53 sys=0.00, real=0.09 secs] 
6188.347: [GC (Allocation Failure) [PSYoungGen: 423488K->148064K(507392K)] 1328178K->1154023K(1905664K), 0.0516845 secs] [Times: user=0.30 sys=0.00, real=0.05 secs] 
6190.041: [GC (Allocation Failure) [PSYoungGen: 467040K->104064K(507392K)] 1472999K->1249411K(1905664K), 0.0653036 secs] [Times: user=0.39 sys=0.00, real=0.07 secs] 
6193.740: [GC (Allocation Failure) [PSYoungGen: 424064K->143568K(507904K)] 1569411K->1389248K(1906176K), 0.0506404 secs] [Times: user=0.30 sys=0.00, real=0.05 secs] 
6193.791: [Full GC (Ergonomics) [PSYoungGen: 143568K->0K(507904K)] [ParOldGen: 1245680K->187930K(1398272K)] 1389248K->187930K(1906176K), [Metaspace: 59688K->59688K(1105920K)], 0.4377424 secs] [Times: user=2.02 sys=0.00, real=0.44 secs] 
6195.577: [GC (Allocation Failure) [PSYoungGen: 320000K->104752K(506880K)] 507930K->292683K(1905152K), 0.0483175 secs] [Times: user=0.29 sys=0.00, real=0.05 secs] 
6198.051: [GC (Allocation Failure) [PSYoungGen: 426800K->150368K(508416K)] 614731K->438743K(1906688K), 0.0508628 secs] [Times: user=0.30 sys=0.00, real=0.05 secs] 
6199.707: [GC (Allocation Failure) [PSYoungGen: 472416K->105040K(509952K)] 760791K->534896K(1908224K), 0.0643440 secs] [Times: user=0.39 sys=0.00, real=0.06 secs] 
6201.708: [GC (Allocation Failure) [PSYoungGen: 426576K->149984K(471552K)] 856432K->680460K(1869824K), 0.0515429 secs] [Times: user=0.30 sys=0.00, real=0.05 secs] 
6203.113: [GC (Allocation Failure) [PSYoungGen: 471520K->105904K(510976K)] 1001996K->777517K(1909248K), 0.0703235 secs] [Times: user=0.42 sys=0.00, real=0.08 secs] 
6205.872: [GC (Allocation Failure) [PSYoungGen: 426416K->146048K(508416K)] 1098029K->919633K(1906688K), 0.0512042 secs] [Times: user=0.30 sys=0.01, real=0.05 secs] 
6209.435: [GC (Allocation Failure) [PSYoungGen: 466560K->101296K(508416K)] 1240145K->1012378K(1906688K), 0.0871437 secs] [Times: user=0.51 sys=0.00, real=0.08 secs] 
6211.834: [GC (Allocation Failure) [PSYoungGen: 422832K->148672K(508928K)] 1333914K->1156726K(1907200K), 0.0505369 secs] [Times: user=0.30 sys=0.00, real=0.05 secs] 
6214.325: [GC (Allocation Failure) [PSYoungGen: 470208K->103072K(509440K)] 1478262K->1250434K(1907712K), 0.0768937 secs] [Times: user=0.46 sys=0.00, real=0.07 secs] 
6216.736: [GC (Allocation Failure) [PSYoungGen: 424096K->150208K(471552K)] 1571458K->1396375K(1869824K), 0.0511001 secs] [Times: user=0.30 sys=0.00, real=0.05 secs] 
6216.787: [Full GC (Ergonomics) [PSYoungGen: 150208K->0K(471552K)] [ParOldGen: 1246167K->195756K(1398272K)] 1396375K->195756K(1869824K), [Metaspace: 59688K->59688K(1105920K)], 0.4635855 secs] [Times: user=2.15 sys=0.00, real=0.46 secs] 
6218.880: [GC (Allocation Failure) [PSYoungGen: 321024K->106144K(510464K)] 516780K->301908K(1908736K), 0.0535282 secs] [Times: user=0.31 sys=0.00, real=0.06 secs] 
6220.768: [GC (Allocation Failure) [PSYoungGen: 418808K->144256K(507904K)] 614573K->442753K(1906176K), 0.0502287 secs] [Times: user=0.29 sys=0.00, real=0.05 secs] 
6223.000: [GC (Allocation Failure) [PSYoungGen: 463744K->101520K(508928K)] 762241K->535558K(1907200K), 0.1426750 secs] [Times: user=0.84 sys=0.01, real=0.14 secs] 
6224.128: [GC (Allocation Failure) [PSYoungGen: 422544K->150400K(508416K)] 856582K->682380K(1906688K), 0.0500205 secs] [Times: user=0.30 sys=0.00, real=0.05 secs] 
6226.185: [GC (Allocation Failure) [PSYoungGen: 471424K->102096K(509440K)] 1003404K->775681K(1907712K), 0.1044359 secs] [Times: user=0.62 sys=0.00, real=0.10 secs] 
6229.547: [GC (Allocation Failure) [PSYoungGen: 422096K->148080K(468480K)] 1095681K->919694K(1866752K), 0.0500647 secs] [Times: user=0.29 sys=0.00, real=0.05 secs] 
6232.077: [GC (Allocation Failure) [PSYoungGen: 468080K->103616K(510464K)] 1239694K->1014369K(1908736K), 0.1650543 secs] [Times: user=0.99 sys=0.00, real=0.16 secs] 
6233.969: [GC (Allocation Failure) [PSYoungGen: 423104K->148464K(507904K)] 1333857K->1158775K(1906176K), 0.0516142 secs] [Times: user=0.30 sys=0.01, real=0.05 secs] 
6236.452: [GC (Allocation Failure) [PSYoungGen: 467952K->104880K(507904K)] 1478263K->1254275K(1906176K), 0.1004351 secs] [Times: user=0.60 sys=0.01, real=0.10 secs] 
6237.913: [GC (Allocation Failure) [PSYoungGen: 422939K->147680K(507904K)] 1572333K->1398219K(1906176K), 0.0510808 secs] [Times: user=0.30 sys=0.00, real=0.06 secs] 
6237.964: [Full GC (Ergonomics) [PSYoungGen: 147680K->0K(507904K)] [ParOldGen: 1250539K->196467K(1398272K)] 1398219K->196467K(1906176K), [Metaspace: 59689K->59689K(1105920K)], 0.4614196 secs] [Times: user=2.13 sys=0.00, real=0.46 secs] 
6239.679: [GC (Allocation Failure) [PSYoungGen: 319488K->105088K(507392K)] 515955K->301555K(1905664K), 0.0351605 secs] [Times: user=0.20 sys=0.01, real=0.04 secs] 
6241.377: [GC (Allocation Failure) [PSYoungGen: 423760K->146624K(507904K)] 620227K->444088K(1906176K), 0.0492757 secs] [Times: user=0.29 sys=0.00, real=0.05 secs] 
6245.816: [GC (Allocation Failure) [PSYoungGen: 466624K->99776K(509440K)] 764088K->534492K(1907712K), 0.0979347 secs] [Times: user=0.58 sys=0.00, real=0.10 secs] 
6247.774: [GC (Allocation Failure) [PSYoungGen: 421312K->151056K(473088K)] 856028K->681465K(1871360K), 0.0491192 secs] [Times: user=0.29 sys=0.00, real=0.04 secs] 
6250.703: [GC (Allocation Failure) [PSYoungGen: 472592K->102416K(509440K)] 1003001K->775246K(1907712K), 0.0652181 secs] [Times: user=0.39 sys=0.00, real=0.07 secs] 
6252.942: [GC (Allocation Failure) [PSYoungGen: 420368K->145840K(507392K)] 1093198K->917638K(1905664K), 0.0501665 secs] [Times: user=0.29 sys=0.00, real=0.05 secs] 
6255.151: [GC (GCLocker Initiated GC) [PSYoungGen: 463792K->103056K(505856K)] 1235591K->1011679K(1904128K), 0.0751495 secs] [Times: user=0.44 sys=0.00, real=0.08 secs] 
6257.262: [GC (Allocation Failure) [PSYoungGen: 421520K->154656K(473600K)] 1330194K->1162558K(1871872K), 0.0506249 secs] [Times: user=0.30 sys=0.00, real=0.05 secs] 
6258.574: [GC (Allocation Failure) [PSYoungGen: 473120K->106336K(508416K)] 1481022K->1251598K(1906688K), 0.0649899 secs] [Times: user=0.39 sys=0.00, real=0.06 secs] 
6261.172: [GC (Allocation Failure) [PSYoungGen: 421728K->152864K(468480K)] 1566990K->1401319K(1866752K), 0.0527054 secs] [Times: user=0.31 sys=0.00, real=0.06 secs] 
6261.224: [Full GC (Ergonomics) [PSYoungGen: 152864K->0K(468480K)] [ParOldGen: 1248455K->191776K(1398272K)] 1401319K->191776K(1866752K), [Metaspace: 59689K->59689K(1105920K)], 0.4521598 secs] [Times: user=2.08 sys=0.00, real=0.45 secs] 
6262.981: [GC (Allocation Failure) [PSYoungGen: 315392K->104656K(507392K)] 507168K->296433K(1905664K), 0.0317809 secs] [Times: user=0.19 sys=0.00, real=0.03 secs] 
6265.211: [GC (Allocation Failure) [PSYoungGen: 418000K->143360K(504832K)] 609777K->435989K(1903104K), 0.0503381 secs] [Times: user=0.29 sys=0.01, real=0.05 secs] 
6266.544: [GC (Allocation Failure) [PSYoungGen: 456704K->104880K(504832K)] 749333K->531290K(1903104K), 0.0629506 secs] [Times: user=0.37 sys=0.00, real=0.06 secs] 
6267.469: [GC (Allocation Failure) [PSYoungGen: 420784K->149408K(504832K)] 847194K->677430K(1903104K), 0.0518450 secs] [Times: user=0.30 sys=0.00, real=0.05 secs] 
6269.307: [GC (Allocation Failure) [PSYoungGen: 465312K->101056K(507904K)] 993334K->769774K(1906176K), 0.0644313 secs] [Times: user=0.38 sys=0.00, real=0.06 secs] 
6271.541: [GC (Allocation Failure) [PSYoungGen: 419008K->146816K(507392K)] 1087726K->913143K(1905664K), 0.0505677 secs] [Times: user=0.30 sys=0.00, real=0.05 secs] 
6273.218: [GC (Allocation Failure) [PSYoungGen: 464768K->104576K(506368K)] 1231095K->1008535K(1904640K), 0.0851453 secs] [Times: user=0.51 sys=0.00, real=0.08 secs] 
6275.301: [GC (Allocation Failure) [PSYoungGen: 422528K->147904K(506880K)] 1326487K->1153212K(1905152K), 0.0522914 secs] [Times: user=0.31 sys=0.00, real=0.05 secs] 
6277.124: [GC (Allocation Failure) [PSYoungGen: 465856K->103200K(506880K)] 1471164K->1247568K(1905152K), 0.1270178 secs] [Times: user=0.76 sys=0.00, real=0.12 secs] 
6279.107: [GC (Allocation Failure) [PSYoungGen: 422176K->156736K(476160K)] 1566544K->1400260K(1874432K), 0.0521677 secs] [Times: user=0.30 sys=0.00, real=0.05 secs] 
6279.159: [Full GC (Ergonomics) [PSYoungGen: 156736K->0K(476160K)] [ParOldGen: 1243524K->191061K(1398272K)] 1400260K->191061K(1874432K), [Metaspace: 59689K->59689K(1105920K)], 0.4445494 secs] [Times: user=2.06 sys=0.00, real=0.45 secs] 
6280.800: [GC (Allocation Failure) [PSYoungGen: 318976K->106240K(507904K)] 510037K->297301K(1906176K), 0.0321275 secs] [Times: user=0.18 sys=0.00, real=0.03 secs] 
6283.611: [GC (Allocation Failure) [PSYoungGen: 420096K->143328K(504832K)] 611157K->437062K(1903104K), 0.0507713 secs] [Times: user=0.31 sys=0.00, real=0.05 secs] 
6285.436: [GC (Allocation Failure) [PSYoungGen: 457184K->102880K(505856K)] 750918K->531010K(1904128K), 0.1223955 secs] [Times: user=0.73 sys=0.00, real=0.12 secs] 
6287.437: [GC (Allocation Failure) [PSYoungGen: 418784K->145120K(504832K)] 846914K->673006K(1903104K), 0.0506910 secs] [Times: user=0.30 sys=0.00, real=0.05 secs] 
6289.339: [GC (Allocation Failure) [PSYoungGen: 461024K->103840K(506880K)] 988910K->768458K(1905152K), 0.0862148 secs] [Times: user=0.51 sys=0.00, real=0.09 secs] 
6291.977: [GC (Allocation Failure) [PSYoungGen: 423840K->154944K(475136K)] 1088458K->920103K(1873408K), 0.0515813 secs] [Times: user=0.30 sys=0.00, real=0.05 secs] 
6293.338: [GC (Allocation Failure) [PSYoungGen: 474944K->104480K(508928K)] 1240103K->1006991K(1907200K), 0.0644927 secs] [Times: user=0.38 sys=0.00, real=0.06 secs] 
6296.277: [GC (Allocation Failure) [PSYoungGen: 420896K->144768K(506368K)] 1323407K->1147828K(1904640K), 0.0522740 secs] [Times: user=0.31 sys=0.00, real=0.05 secs] 
6298.206: [GC (Allocation Failure) [PSYoungGen: 461184K->106016K(504320K)] 1464244K->1244540K(1902592K), 0.0652010 secs] [Times: user=0.39 sys=0.00, real=0.06 secs] 
6300.778: [GC (Allocation Failure) [PSYoungGen: 423968K->144192K(505856K)] 1562492K->1385305K(1904128K), 0.0535152 secs] [Times: user=0.31 sys=0.00, real=0.05 secs] 
6300.831: [Full GC (Ergonomics) [PSYoungGen: 144192K->0K(505856K)] [ParOldGen: 1241113K->184286K(1398272K)] 1385305K->184286K(1904128K), [Metaspace: 59689K->59689K(1105920K)], 0.4365846 secs] [Times: user=2.02 sys=0.00, real=0.44 secs] 
6302.502: [GC (Allocation Failure) [PSYoungGen: 317952K->104001K(507904K)] 502238K->288287K(1906176K), 0.0480245 secs] [Times: user=0.29 sys=0.00, real=0.05 secs] 
6306.351: [GC (Allocation Failure) [PSYoungGen: 426049K->145488K(508928K)] 610335K->429980K(1907200K), 0.0519036 secs] [Times: user=0.30 sys=0.00, real=0.06 secs] 
6307.647: [GC (Allocation Failure) [PSYoungGen: 467536K->106576K(507392K)] 752028K->526828K(1905664K), 0.0642972 secs] [Times: user=0.38 sys=0.01, real=0.06 secs] 
6309.509: [GC (Allocation Failure) [PSYoungGen: 430160K->157408K(481280K)] 850412K->681120K(1879552K), 0.0526389 secs] [Times: user=0.31 sys=0.00, real=0.05 secs] 
6312.598: [GC (Allocation Failure) [PSYoungGen: 480992K->103968K(509440K)] 1004704K->767972K(1907712K), 0.0740571 secs] [Times: user=0.44 sys=0.00, real=0.07 secs] 
6315.219: [GC (Allocation Failure) [PSYoungGen: 421920K->146048K(507392K)] 1085924K->910161K(1905664K), 0.0516486 secs] [Times: user=0.30 sys=0.01, real=0.05 secs] 
6317.110: [GC (Allocation Failure) [PSYoungGen: 464000K->102592K(506368K)] 1228113K->1003581K(1904640K), 0.0753532 secs] [Times: user=0.45 sys=0.00, real=0.08 secs] 
6320.700: [GC (Allocation Failure) [PSYoungGen: 421568K->144160K(507392K)] 1322557K->1144314K(1905664K), 0.0511231 secs] [Times: user=0.31 sys=0.00, real=0.05 secs] 
6321.997: [GC (Allocation Failure) [PSYoungGen: 463136K->106048K(506368K)] 1463290K->1241450K(1904640K), 0.0644597 secs] [Times: user=0.38 sys=0.00, real=0.06 secs] 
6324.534: [GC (Allocation Failure) [PSYoungGen: 427072K->147776K(507904K)] 1562474K->1385891K(1906176K), 0.0529936 secs] [Times: user=0.32 sys=0.00, real=0.05 secs] 
6324.587: [Full GC (Ergonomics) [PSYoungGen: 147776K->0K(507904K)] [ParOldGen: 1238115K->184264K(1398272K)] 1385891K->184264K(1906176K), [Metaspace: 59689K->59689K(1105920K)], 0.4138107 secs] [Times: user=1.81 sys=0.00, real=0.41 secs] 
6326.662: [GC (GCLocker Initiated GC) [PSYoungGen: 321024K->106079K(508928K)] 505288K->290343K(1907200K), 0.0413133 secs] [Times: user=0.25 sys=0.00, real=0.04 secs] 
6328.543: [GC (Allocation Failure) [PSYoungGen: 429151K->150240K(509440K)] 613418K->436760K(1907712K), 0.0519047 secs] [Times: user=0.31 sys=0.00, real=0.06 secs] 
6330.045: [GC (Allocation Failure) [PSYoungGen: 473312K->105360K(510464K)] 759832K->532664K(1908736K), 0.0931611 secs] [Times: user=0.56 sys=0.00, real=0.09 secs] 
6332.327: [GC (Allocation Failure) [PSYoungGen: 427408K->149120K(471552K)] 854712K->678193K(1869824K), 0.0516304 secs] [Times: user=0.31 sys=0.00, real=0.05 secs] 
6334.483: [GC (Allocation Failure) [PSYoungGen: 471168K->104944K(511488K)] 1000241K->773949K(1909760K), 0.0691257 secs] [Times: user=0.41 sys=0.00, real=0.07 secs] 
6336.950: [GC (Allocation Failure) [PSYoungGen: 426480K->156624K(478208K)] 1095485K->926978K(1876480K), 0.0516276 secs] [Times: user=0.30 sys=0.00, real=0.05 secs] 
6338.260: [GC (Allocation Failure) [PSYoungGen: 478160K->106384K(508416K)] 1248514K->1015850K(1906688K), 0.0651063 secs] [Times: user=0.39 sys=0.00, real=0.07 secs] 
6339.543: [GC (Allocation Failure) [PSYoungGen: 421776K->146896K(505856K)] 1331242K->1158983K(1904128K), 0.0522640 secs] [Times: user=0.31 sys=0.00, real=0.06 secs] 
6340.843: [GC (Allocation Failure) [PSYoungGen: 462288K->103008K(505856K)] 1474375K->1253226K(1904128K), 0.0653458 secs] [Times: user=0.39 sys=0.00, real=0.06 secs] 
6343.531: [GC (Allocation Failure) [PSYoungGen: 419936K->147968K(506368K)] 1570154K->1397859K(1904640K), 0.0745079 secs] [Times: user=0.44 sys=0.00, real=0.08 secs] 
6343.606: [Full GC (Ergonomics) [PSYoungGen: 147968K->0K(506368K)] [ParOldGen: 1249891K->196084K(1398272K)] 1397859K->196084K(1904640K), [Metaspace: 59689K->59689K(1105920K)], 0.4698202 secs] [Times: user=2.18 sys=0.00, real=0.47 secs] 
6346.127: [GC (Allocation Failure) [PSYoungGen: 316928K->100512K(507904K)] 513012K->296596K(1906176K), 0.0307661 secs] [Times: user=0.18 sys=0.00, real=0.03 secs] 
6347.708: [GC (Allocation Failure) [PSYoungGen: 417952K->148640K(466432K)] 614036K->442137K(1864704K), 0.0490132 secs] [Times: user=0.29 sys=0.00, real=0.05 secs] 
6349.522: [GC (Allocation Failure) [PSYoungGen: 466080K->102784K(508928K)] 759577K->536669K(1907200K), 0.0846181 secs] [Times: user=0.50 sys=0.00, real=0.09 secs] 
6352.690: [GC (Allocation Failure) [PSYoungGen: 419712K->147328K(506880K)] 853597K->679602K(1905152K), 0.0498532 secs] [Times: user=0.29 sys=0.00, real=0.05 secs] 
6353.982: [GC (Allocation Failure) [PSYoungGen: 464256K->102704K(506368K)] 996530K->773515K(1904640K), 0.0649181 secs] [Times: user=0.38 sys=0.00, real=0.07 secs] 
6356.555: [GC (Allocation Failure) [PSYoungGen: 420144K->147744K(506880K)] 1090955K->917415K(1905152K), 0.0509492 secs] [Times: user=0.31 sys=0.00, real=0.05 secs] 
6358.191: [GC (Allocation Failure) [PSYoungGen: 465184K->103456K(506368K)] 1234855K->1011923K(1904640K), 0.1010030 secs] [Times: user=0.60 sys=0.00, real=0.10 secs] 
6359.814: [GC (Allocation Failure) [PSYoungGen: 421408K->145280K(506880K)] 1329875K->1154156K(1905152K), 0.0513208 secs] [Times: user=0.30 sys=0.00, real=0.05 secs] 
6362.147: [GC (Allocation Failure) [PSYoungGen: 463232K->105056K(505856K)] 1472108K->1250240K(1904128K), 0.1036793 secs] [Times: user=0.61 sys=0.00, real=0.10 secs] 
6363.191: [GC (Allocation Failure) [PSYoungGen: 425056K->149200K(507392K)] 1570240K->1395412K(1905664K), 0.0527952 secs] [Times: user=0.31 sys=0.00, real=0.06 secs] 
6363.244: [Full GC (Ergonomics) [PSYoungGen: 149200K->0K(507392K)] [ParOldGen: 1246211K->194527K(1398272K)] 1395412K->194527K(1905664K), [Metaspace: 59689K->59689K(1105920K)], 0.4542482 secs] [Times: user=2.09 sys=0.00, real=0.45 secs] 
6365.558: [GC (Allocation Failure) [PSYoungGen: 320000K->104944K(508928K)] 514527K->299472K(1907200K), 0.0429739 secs] [Times: user=0.25 sys=0.00, real=0.04 secs] 
6367.332: [GC (Allocation Failure) [PSYoungGen: 425152K->148112K(508416K)] 619679K->443828K(1906688K), 0.0508729 secs] [Times: user=0.30 sys=0.00, real=0.05 secs] 
6370.264: [GC (Allocation Failure) [PSYoungGen: 468624K->101152K(509440K)] 764340K->536284K(1907712K), 0.1129038 secs] [Times: user=0.67 sys=0.00, real=0.11 secs] 
6372.444: [GC (Allocation Failure) [PSYoungGen: 421664K->148656K(469504K)] 856796K->681737K(1867776K), 0.0538826 secs] [Times: user=0.32 sys=0.00, real=0.05 secs] 
6375.278: [GC (Allocation Failure) [PSYoungGen: 469168K->99696K(509952K)] 1002249K->772729K(1908224K), 0.1083679 secs] [Times: user=0.64 sys=0.00, real=0.11 secs] 
6377.727: [GC (Allocation Failure) [PSYoungGen: 418672K->150416K(469504K)] 1091705K->919098K(1867776K), 0.0504905 secs] [Times: user=0.30 sys=0.00, real=0.05 secs] 
6379.149: [GC (Allocation Failure) [PSYoungGen: 469392K->102832K(508928K)] 1238074K->1013002K(1907200K), 0.0947378 secs] [Times: user=0.56 sys=0.00, real=0.10 secs] 
6381.588: [GC (Allocation Failure) [PSYoungGen: 419248K->148032K(506368K)] 1329418K->1157302K(1904640K), 0.0510421 secs] [Times: user=0.30 sys=0.00, real=0.05 secs] 
6382.958: [GC (Allocation Failure) [PSYoungGen: 464448K->104512K(505856K)] 1473718K->1252846K(1904128K), 0.0649565 secs] [Times: user=0.38 sys=0.00, real=0.07 secs] 
6385.532: [GC (Allocation Failure) [PSYoungGen: 421440K->145440K(506368K)] 1569774K->1394607K(1904640K), 0.0512076 secs] [Times: user=0.30 sys=0.00, real=0.06 secs] 
6385.583: [Full GC (Ergonomics) [PSYoungGen: 145440K->0K(506368K)] [ParOldGen: 1249167K->193580K(1398272K)] 1394607K->193580K(1904640K), [Metaspace: 59690K->59690K(1105920K)], 0.4544825 secs] [Times: user=2.09 sys=0.00, real=0.45 secs] 
6387.239: [GC (Allocation Failure) [PSYoungGen: 316928K->105232K(505344K)] 510508K->298813K(1903616K), 0.0319707 secs] [Times: user=0.18 sys=0.00, real=0.03 secs] 
6389.050: [GC (Allocation Failure) [PSYoungGen: 424208K->148800K(506880K)] 617789K->443298K(1905152K), 0.0507032 secs] [Times: user=0.30 sys=0.00, real=0.05 secs] 
6392.100: [GC (Allocation Failure) [PSYoungGen: 467776K->104192K(508416K)] 762274K->538114K(1906688K), 0.0927795 secs] [Times: user=0.55 sys=0.00, real=0.09 secs] 
6395.152: [GC (Allocation Failure) [PSYoungGen: 424704K->146864K(508416K)] 858626K->681088K(1906688K), 0.0507128 secs] [Times: user=0.30 sys=0.00, real=0.05 secs] 
6396.730: [GC (Allocation Failure) [PSYoungGen: 467376K->107456K(506880K)] 1001600K->779511K(1905152K), 0.0758531 secs] [Times: user=0.45 sys=0.00, real=0.08 secs] 
6399.413: [GC (Allocation Failure) [PSYoungGen: 424844K->145040K(507904K)] 1096900K->920728K(1906176K), 0.0509750 secs] [Times: user=0.30 sys=0.00, real=0.06 secs] 
6402.483: [GC (Allocation Failure) [PSYoungGen: 466064K->106848K(508416K)] 1241752K->1018364K(1906688K), 0.1733342 secs] [Times: user=1.03 sys=0.00, real=0.18 secs] 
6404.029: [GC (Allocation Failure) [PSYoungGen: 420565K->144800K(509440K)] 1332081K->1159341K(1907712K), 0.0632459 secs] [Times: user=0.38 sys=0.00, real=0.06 secs] 
6406.330: [GC (Allocation Failure) [PSYoungGen: 468384K->107168K(508928K)] 1482925K->1257413K(1907200K), 0.0690574 secs] [Times: user=0.40 sys=0.00, real=0.07 secs] 
6408.473: [GC (Allocation Failure) [PSYoungGen: 422914K->144896K(510464K)] 1573159K->1398385K(1908736K), 0.0519121 secs] [Times: user=0.31 sys=0.00, real=0.06 secs] 
6408.525: [Full GC (Ergonomics) [PSYoungGen: 144896K->0K(510464K)] [ParOldGen: 1253489K->196813K(1398272K)] 1398385K->196813K(1908736K), [Metaspace: 59690K->59690K(1105920K)], 0.4684232 secs] [Times: user=2.18 sys=0.00, real=0.46 secs] 
6411.221: [GC (Allocation Failure) [PSYoungGen: 326144K->106976K(510976K)] 522957K->303789K(1909248K), 0.0392681 secs] [Times: user=0.23 sys=0.00, real=0.04 secs] 
6412.350: [GC (Allocation Failure) [PSYoungGen: 421029K->145232K(512000K)] 617843K->444699K(1910272K), 0.0501226 secs] [Times: user=0.29 sys=0.00, real=0.05 secs] 
6415.487: [GC (Allocation Failure) [PSYoungGen: 473936K->105440K(513024K)] 773403K->540426K(1911296K), 0.0897820 secs] [Times: user=0.53 sys=0.00, real=0.09 secs] 
6416.900: [GC (Allocation Failure) [PSYoungGen: 420693K->145888K(513536K)] 855680K->682391K(1911808K), 0.0506617 secs] [Times: user=0.30 sys=0.00, real=0.05 secs] 
6419.856: [GC (Allocation Failure) [PSYoungGen: 476640K->111408K(512000K)] 1013143K->784904K(1910272K), 0.1746605 secs] [Times: user=1.04 sys=0.00, real=0.17 secs] 
6421.467: [GC (GCLocker Initiated GC) [PSYoungGen: 442672K->152624K(484352K)] 1116169K->933433K(1882624K), 0.1501006 secs] [Times: user=0.89 sys=0.01, real=0.15 secs] 
6424.909: [GC (Allocation Failure) [PSYoungGen: 483888K->98480K(513536K)] 1264700K->1031564K(1911808K), 0.1509566 secs] [Times: user=0.90 sys=0.00, real=0.15 secs] 
6425.652: [GC (Allocation Failure) [PSYoungGen: 425648K->158624K(485888K)] 1358732K->1184136K(1884160K), 0.0578275 secs] [Times: user=0.34 sys=0.00, real=0.06 secs] 
6429.255: [GC (GCLocker Initiated GC) [PSYoungGen: 485792K->90736K(506880K)] 1511305K->1274689K(1905152K), 0.1578237 secs] [Times: user=0.94 sys=0.01, real=0.15 secs] 
6429.655: [GC (Allocation Failure) [PSYoungGen: 405616K->152784K(467968K)] 1589572K->1421121K(1866240K), 0.0553001 secs] [Times: user=0.33 sys=0.00, real=0.05 secs] 
6429.710: [Full GC (Ergonomics) [PSYoungGen: 152784K->0K(467968K)] [ParOldGen: 1268336K->218676K(1398272K)] 1421121K->218676K(1866240K), [Metaspace: 59690K->59690K(1105920K)], 0.5129149 secs] [Times: user=2.40 sys=0.00, real=0.52 secs] 
6435.436: [GC (Allocation Failure) [PSYoungGen: 314880K->87312K(503296K)] 533556K->305989K(1901568K), 0.1313970 secs] [Times: user=0.78 sys=0.00, real=0.13 secs] 
6436.285: [GC (Allocation Failure) [PSYoungGen: 395024K->149344K(457216K)] 613701K->449049K(1855488K), 0.0523080 secs] [Times: user=0.31 sys=0.00, real=0.05 secs] 
6439.766: [GC (Allocation Failure) [PSYoungGen: 457056K->87488K(501248K)] 756761K->536125K(1899520K), 0.1585046 secs] [Times: user=0.95 sys=0.00, real=0.16 secs] 
6440.886: [GC (Allocation Failure) [PSYoungGen: 390592K->141568K(444928K)] 839229K->674006K(1843200K), 0.0495237 secs] [Times: user=0.30 sys=0.00, real=0.05 secs] 
6442.795: [GC (Allocation Failure) [PSYoungGen: 444672K->96080K(502784K)] 977110K->760867K(1901056K), 0.0626156 secs] [Times: user=0.37 sys=0.00, real=0.06 secs] 
6445.765: [GC (Allocation Failure) [PSYoungGen: 401744K->140432K(500224K)] 1066531K->897344K(1898496K), 0.0478853 secs] [Times: user=0.28 sys=0.00, real=0.04 secs] 
6447.420: [GC (Allocation Failure) [PSYoungGen: 446096K->101616K(499712K)] 1203008K->990076K(1897984K), 0.0634177 secs] [Times: user=0.37 sys=0.00, real=0.07 secs] 
6449.998: [GC (GCLocker Initiated GC) [PSYoungGen: 411376K->138320K(500736K)] 1299836K->1125961K(1899008K), 0.0509768 secs] [Times: user=0.30 sys=0.00, real=0.05 secs] 
6451.808: [GC (Allocation Failure) [PSYoungGen: 448080K->104720K(500224K)] 1435724K->1221472K(1898496K), 0.0629411 secs] [Times: user=0.37 sys=0.00, real=0.06 secs] 
6453.843: [GC (Allocation Failure) [PSYoungGen: 422160K->144832K(504320K)] 1538912K->1363956K(1902592K), 0.0526961 secs] [Times: user=0.31 sys=0.00, real=0.05 secs] 
6455.871: [GC (Allocation Failure) [PSYoungGen: 462272K->106448K(506880K)] 1681396K->1461689K(1905152K), 0.0687131 secs] [Times: user=0.41 sys=0.00, real=0.07 secs] 
6455.939: [Full GC (Ergonomics) [PSYoungGen: 106448K->0K(506880K)] [ParOldGen: 1355240K->28078K(1398272K)] 1461689K->28078K(1905152K), [Metaspace: 59690K->59690K(1105920K)], 0.0536445 secs] [Times: user=0.17 sys=0.00, real=0.05 secs] 
6457.716: [GC (Allocation Failure) [PSYoungGen: 323072K->146512K(508416K)] 351150K->174591K(1906688K), 0.0292314 secs] [Times: user=0.17 sys=0.00, real=0.03 secs] 
6459.909: [GC (Allocation Failure) [PSYoungGen: 469584K->105472K(509440K)] 497663K->271210K(1907712K), 0.0642934 secs] [Times: user=0.38 sys=0.00, real=0.07 secs] 
6462.941: [GC (Allocation Failure) [PSYoungGen: 430592K->146592K(509952K)] 596330K->414999K(1908224K), 0.0516033 secs] [Times: user=0.31 sys=0.00, real=0.05 secs] 
6465.461: [GC (Allocation Failure) [PSYoungGen: 471712K->107360K(509952K)] 740119K->513043K(1908224K), 0.0661305 secs] [Times: user=0.40 sys=0.00, real=0.07 secs] 
6468.285: [GC (Allocation Failure) [PSYoungGen: 433504K->149152K(510464K)] 839187K->659763K(1908736K), 0.0870696 secs] [Times: user=0.52 sys=0.00, real=0.08 secs] 
6470.562: [GC (Allocation Failure) [PSYoungGen: 474434K->105408K(512000K)] 985046K->756643K(1910272K), 0.0733640 secs] [Times: user=0.44 sys=0.00, real=0.08 secs] 
6473.415: [GC (Allocation Failure) [PSYoungGen: 431040K->146656K(510976K)] 1082275K->900872K(1909248K), 0.0521926 secs] [Times: user=0.31 sys=0.00, real=0.05 secs] 
6474.907: [GC (Allocation Failure) [PSYoungGen: 472288K->109152K(509440K)] 1226504K->1000724K(1907712K), 0.0662616 secs] [Times: user=0.40 sys=0.00, real=0.07 secs] 
6477.235: [GC (Allocation Failure) [PSYoungGen: 435296K->151296K(510464K)] 1326868K->1149037K(1908736K), 0.0547273 secs] [Times: user=0.32 sys=0.00, real=0.05 secs] 
6479.747: [GC (Allocation Failure) [PSYoungGen: 477440K->108096K(511488K)] 1475181K->1248569K(1909760K), 0.1722043 secs] [Times: user=1.02 sys=0.00, real=0.17 secs] 
6481.533: [GC (Allocation Failure) [PSYoungGen: 428434K->146208K(510464K)] 1568907K->1391250K(1908736K), 0.0529435 secs] [Times: user=0.32 sys=0.00, real=0.06 secs] 
6481.586: [Full GC (Ergonomics) [PSYoungGen: 146208K->0K(510464K)] [ParOldGen: 1245042K->196230K(1398272K)] 1391250K->196230K(1908736K), [Metaspace: 59690K->59690K(1105920K)], 0.4589926 secs] [Times: user=2.12 sys=0.00, real=0.46 secs] 
6483.243: [GC (Allocation Failure) [PSYoungGen: 325120K->105776K(510464K)] 521350K->302007K(1908736K), 0.0316843 secs] [Times: user=0.18 sys=0.01, real=0.04 secs] 
6485.410: [GC (Allocation Failure) [PSYoungGen: 421015K->145600K(510976K)] 617245K->443427K(1909248K), 0.0502855 secs] [Times: user=0.30 sys=0.00, real=0.05 secs] 
6487.404: [GC (Allocation Failure) [PSYoungGen: 471744K->105216K(511488K)] 769571K->539895K(1909760K), 0.0899188 secs] [Times: user=0.54 sys=0.00, real=0.09 secs] 
6490.270: [GC (Allocation Failure) [PSYoungGen: 424513K->146016K(512000K)] 859192K->681708K(1910272K), 0.0502022 secs] [Times: user=0.29 sys=0.00, real=0.05 secs] 
6492.435: [GC (Allocation Failure) [PSYoungGen: 473696K->104768K(512512K)] 1009388K->777392K(1910784K), 0.1222081 secs] [Times: user=0.73 sys=0.00, real=0.12 secs] 
6494.179: [GC (Allocation Failure) [PSYoungGen: 418212K->146416K(512512K)] 1090836K->919765K(1910784K), 0.0506233 secs] [Times: user=0.30 sys=0.00, real=0.05 secs] 
6496.701: [GC (Allocation Failure) [PSYoungGen: 474608K->108496K(510464K)] 1247957K->1019389K(1908736K), 0.1630811 secs] [Times: user=0.98 sys=0.00, real=0.17 secs] 
6498.743: [GC (Allocation Failure) [PSYoungGen: 423599K->142848K(511488K)] 1334492K->1158365K(1909760K), 0.1294207 secs] [Times: user=0.76 sys=0.01, real=0.13 secs] 
6501.219: [GC (Allocation Failure) [PSYoungGen: 471040K->105600K(512512K)] 1486557K->1255349K(1910784K), 0.0719824 secs] [Times: user=0.43 sys=0.00, real=0.07 secs] 
6502.988: [GC (Allocation Failure) [PSYoungGen: 423281K->145280K(513536K)] 1573031K->1397298K(1911808K), 0.0516521 secs] [Times: user=0.30 sys=0.00, real=0.05 secs] 
6503.040: [Full GC (Ergonomics) [PSYoungGen: 145280K->0K(513536K)] [ParOldGen: 1252018K->196294K(1398272K)] 1397298K->196294K(1911808K), [Metaspace: 59690K->59690K(1105920K)], 0.4663283 secs] [Times: user=2.16 sys=0.00, real=0.47 secs] 
6505.969: [GC (Allocation Failure) [PSYoungGen: 331264K->108544K(513024K)] 527558K->304838K(1911296K), 0.1001085 secs] [Times: user=0.59 sys=0.00, real=0.10 secs] 
6506.977: [GC (Allocation Failure) [PSYoungGen: 441344K->154016K(486912K)] 637638K->454983K(1885184K), 0.0520155 secs] [Times: user=0.30 sys=0.01, real=0.05 secs] 
6510.416: [GC (Allocation Failure) [PSYoungGen: 486816K->99520K(513536K)] 787783K->553387K(1911808K), 0.1568783 secs] [Times: user=0.93 sys=0.00, real=0.15 secs] 
6511.045: [GC (Allocation Failure) [PSYoungGen: 426688K->158736K(486400K)] 880555K->706461K(1884672K), 0.0585411 secs] [Times: user=0.35 sys=0.00, real=0.06 secs] 
6514.399: [GC (Allocation Failure) [PSYoungGen: 485904K->98224K(507904K)] 1033629K->804521K(1906176K), 0.1439728 secs] [Times: user=0.85 sys=0.00, real=0.14 secs] 
6514.801: [GC (Allocation Failure) [PSYoungGen: 414128K->169568K(485888K)] 1120425K->964021K(1884160K), 0.0567968 secs] [Times: user=0.34 sys=0.00, real=0.06 secs] 
6518.523: [GC (Allocation Failure) [PSYoungGen: 485472K->89568K(498688K)] 1279925K->1036953K(1896960K), 0.1608980 secs] [Times: user=0.96 sys=0.00, real=0.16 secs] 
6518.947: [GC (Allocation Failure) [PSYoungGen: 387552K->144960K(498176K)] 1334937K->1175426K(1896448K), 0.0533763 secs] [Times: user=0.32 sys=0.00, real=0.05 secs] 
6521.875: [GC (Allocation Failure) [PSYoungGen: 442944K->81696K(497664K)] 1473410K->1257030K(1895936K), 0.1625114 secs] [Times: user=0.97 sys=0.00, real=0.16 secs] 
6524.173: [GC (Allocation Failure) [PSYoungGen: 379168K->138944K(436736K)] 1554502K->1391771K(1835008K), 0.0475788 secs] [Times: user=0.28 sys=0.00, real=0.05 secs] 
6524.220: [Full GC (Ergonomics) [PSYoungGen: 138944K->0K(436736K)] [ParOldGen: 1252827K->190569K(1398272K)] 1391771K->190569K(1835008K), [Metaspace: 59690K->59690K(1105920K)], 0.4500977 secs] [Times: user=2.08 sys=0.00, real=0.45 secs] 
6526.035: [GC (Allocation Failure) [PSYoungGen: 297472K->94640K(498688K)] 488041K->285210K(1896960K), 0.0413819 secs] [Times: user=0.25 sys=0.00, real=0.04 secs] 
6528.755: [GC (Allocation Failure) [PSYoungGen: 394672K->142624K(496640K)] 585242K->425319K(1894912K), 0.0476564 secs] [Times: user=0.28 sys=0.00, real=0.04 secs] 
6530.559: [GC (Allocation Failure) [PSYoungGen: 442656K->97488K(499200K)] 725351K->505419K(1897472K), 0.0625343 secs] [Times: user=0.37 sys=0.00, real=0.06 secs] 
6532.377: [GC (Allocation Failure) [PSYoungGen: 403152K->135200K(499712K)] 811083K->639015K(1897984K), 0.0594047 secs] [Times: user=0.35 sys=0.00, real=0.06 secs] 
6534.990: [GC (Allocation Failure) [PSYoungGen: 440864K->109280K(497152K)] 944679K->739027K(1895424K), 0.0642221 secs] [Times: user=0.38 sys=0.00, real=0.07 secs] 
6536.056: [GC (Allocation Failure) [PSYoungGen: 422112K->132672K(500224K)] 1051859K->871144K(1898496K), 0.0632309 secs] [Times: user=0.38 sys=0.01, real=0.06 secs] 
6539.569: [GC (Allocation Failure) [PSYoungGen: 445504K->114624K(501760K)] 1183976K->976384K(1900032K), 0.0638552 secs] [Times: user=0.38 sys=0.00, real=0.06 secs] 
6541.907: [GC (Allocation Failure) [PSYoungGen: 441280K->130256K(506880K)] 1303040K->1106441K(1905152K), 0.0678495 secs] [Times: user=0.40 sys=0.00, real=0.07 secs] 
6543.497: [GC (Allocation Failure) [PSYoungGen: 456912K->2288K(491520K)] 1433097K->978505K(1889792K), 0.0037402 secs] [Times: user=0.02 sys=0.00, real=0.00 secs] 
6544.491: [GC (Allocation Failure) [PSYoungGen: 316144K->134912K(449024K)] 1292361K->1112725K(1847296K), 0.0289994 secs] [Times: user=0.16 sys=0.00, real=0.03 secs] 
6546.662: [GC (Allocation Failure) [PSYoungGen: 448768K->111648K(513536K)] 1426581K->1215625K(1911808K), 0.0654912 secs] [Times: user=0.39 sys=0.00, real=0.07 secs] 
6548.736: [GC (Allocation Failure) [PSYoungGen: 432160K->130640K(451584K)] 1536137K->1345874K(1849856K), 0.0650584 secs] [Times: user=0.39 sys=0.00, real=0.06 secs] 
6548.801: [Full GC (Ergonomics) [PSYoungGen: 130640K->0K(451584K)] [ParOldGen: 1215233K->144699K(1398272K)] 1345874K->144699K(1849856K), [Metaspace: 59690K->59690K(1105920K)], 0.3217826 secs] [Times: user=1.45 sys=0.00, real=0.32 secs] 
6550.350: [GC (Allocation Failure) [PSYoungGen: 320512K->119872K(510464K)] 465211K->264571K(1908736K), 0.0427258 secs] [Times: user=0.25 sys=0.00, real=0.04 secs] 
6552.578: [GC (Allocation Failure) [PSYoungGen: 445504K->143072K(505344K)] 590203K->407004K(1903616K), 0.0680924 secs] [Times: user=0.41 sys=0.00, real=0.07 secs] 
6555.051: [GC (Allocation Failure) [PSYoungGen: 468704K->114656K(510976K)] 732636K->504372K(1909248K), 0.0642779 secs] [Times: user=0.38 sys=0.00, real=0.07 secs] 
6557.647: [GC (Allocation Failure) [PSYoungGen: 450016K->144448K(513024K)] 839732K->647625K(1911296K), 0.0615507 secs] [Times: user=0.36 sys=0.00, real=0.06 secs] 
6560.312: [GC (Allocation Failure) [PSYoungGen: 479808K->114032K(515072K)] 982985K->752338K(1913344K), 0.0667915 secs] [Times: user=0.39 sys=0.00, real=0.07 secs] 
6562.447: [GC (Allocation Failure) [PSYoungGen: 453488K->153856K(493568K)] 1091794K->904534K(1891840K), 0.0575222 secs] [Times: user=0.34 sys=0.00, real=0.06 secs] 
6563.776: [GC (Allocation Failure) [PSYoungGen: 493312K->114800K(519680K)] 1243990K->1010127K(1917952K), 0.0691931 secs] [Times: user=0.41 sys=0.00, real=0.07 secs] 
6566.050: [GC (Allocation Failure) [PSYoungGen: 450672K->154656K(491008K)] 1345999K->1161175K(1889280K), 0.0574054 secs] [Times: user=0.34 sys=0.00, real=0.06 secs] 
6568.399: [GC (Allocation Failure) [PSYoungGen: 490528K->108832K(516608K)] 1497047K->1260939K(1914880K), 0.1684450 secs] [Times: user=1.00 sys=0.00, real=0.17 secs] 
6569.955: [GC (Allocation Failure) [PSYoungGen: 440096K->154288K(485888K)] 1592203K->1411060K(1884160K), 0.0542698 secs] [Times: user=0.31 sys=0.01, real=0.05 secs] 
6570.009: [Full GC (Ergonomics) [PSYoungGen: 154288K->0K(485888K)] [ParOldGen: 1256771K->207821K(1398272K)] 1411060K->207821K(1884160K), [Metaspace: 59690K->59690K(1105920K)], 0.4848388 secs] [Times: user=2.26 sys=0.00, real=0.49 secs] 
6573.911: [GC (Allocation Failure) [PSYoungGen: 331264K->99264K(512512K)] 539085K->307086K(1910784K), 0.1702549 secs] [Times: user=1.01 sys=0.00, real=0.17 secs] 
6574.998: [GC (Allocation Failure) [PSYoungGen: 423872K->155488K(480256K)] 631694K->456290K(1878528K), 0.0551947 secs] [Times: user=0.32 sys=0.00, real=0.06 secs] 
6578.782: [GC (Allocation Failure) [PSYoungGen: 480096K->91840K(507392K)] 780898K->547686K(1905664K), 0.1629548 secs] [Times: user=0.97 sys=0.00, real=0.17 secs] 
6579.276: [GC (Allocation Failure) [PSYoungGen: 407744K->169392K(485376K)] 863590K->711276K(1883648K), 0.0552423 secs] [Times: user=0.33 sys=0.00, real=0.05 secs] 
6583.632: [GC (Allocation Failure) [PSYoungGen: 485296K->89024K(498176K)] 1027180K->783851K(1896448K), 0.1684305 secs] [Times: user=1.00 sys=0.00, real=0.17 secs] 
6584.106: [GC (Allocation Failure) [PSYoungGen: 371929K->134272K(431104K)] 1066757K->912496K(1829376K), 0.0475458 secs] [Times: user=0.28 sys=0.00, real=0.04 secs] 
6586.038: [GC (Allocation Failure) [PSYoungGen: 430720K->95392K(495616K)] 1208944K->998864K(1893888K), 0.1445808 secs] [Times: user=0.86 sys=0.00, real=0.14 secs] 
6588.212: [GC (Allocation Failure) [PSYoungGen: 393888K->138784K(493568K)] 1297360K->1134285K(1891840K), 0.0483658 secs] [Times: user=0.29 sys=0.00, real=0.05 secs] 
6589.517: [GC (Allocation Failure) [PSYoungGen: 437280K->96096K(501760K)] 1432781K->1221229K(1900032K), 0.0629957 secs] [Times: user=0.38 sys=0.00, real=0.06 secs] 
6591.968: [GC (Allocation Failure) [PSYoungGen: 404832K->140576K(500224K)] 1529965K->1359250K(1898496K), 0.0511448 secs] [Times: user=0.30 sys=0.00, real=0.05 secs] 
6592.020: [Full GC (Ergonomics) [PSYoungGen: 140576K->0K(500224K)] [ParOldGen: 1218674K->166246K(1398272K)] 1359250K->166246K(1898496K), [Metaspace: 59692K->59692K(1105920K)], 0.3728908 secs] [Times: user=1.63 sys=0.00, real=0.37 secs] 
6593.610: [GC (Allocation Failure) [PSYoungGen: 308736K->101776K(502784K)] 474982K->268023K(1901056K), 0.0369723 secs] [Times: user=0.22 sys=0.00, real=0.04 secs] 
6596.118: [GC (Allocation Failure) [PSYoungGen: 417680K->142336K(504320K)] 583927K->408572K(1902592K), 0.0568254 secs] [Times: user=0.33 sys=0.00, real=0.06 secs] 
6597.479: [GC (Allocation Failure) [PSYoungGen: 458240K->105904K(504320K)] 724476K->505048K(1902592K), 0.0642531 secs] [Times: user=0.37 sys=0.01, real=0.07 secs] 
6600.076: [GC (Allocation Failure) [PSYoungGen: 426928K->142512K(506880K)] 826072K->645821K(1905152K), 0.0572626 secs] [Times: user=0.33 sys=0.00, real=0.05 secs] 
6602.175: [GC (Allocation Failure) [PSYoungGen: 463536K->109712K(506368K)] 966845K->746029K(1904640K), 0.0658187 secs] [Times: user=0.39 sys=0.00, real=0.06 secs] 
6603.736: [GC (Allocation Failure) [PSYoungGen: 435344K->146912K(508928K)] 1071661K->891217K(1907200K), 0.0547880 secs] [Times: user=0.32 sys=0.00, real=0.05 secs] 
6605.317: [GC (Allocation Failure) [PSYoungGen: 472544K->108432K(511488K)] 1216849K->990306K(1909760K), 0.0666152 secs] [Times: user=0.40 sys=0.00, real=0.07 secs] 
6608.044: [GC (Allocation Failure) [PSYoungGen: 437648K->149888K(512000K)] 1319522K->1137558K(1910272K), 0.0548973 secs] [Times: user=0.32 sys=0.00, real=0.05 secs] 
6609.479: [GC (Allocation Failure) [PSYoungGen: 479104K->111184K(512512K)] 1466774K->1239275K(1910784K), 0.0671024 secs] [Times: user=0.40 sys=0.00, real=0.07 secs] 
6611.894: [GC (Allocation Failure) [PSYoungGen: 439888K->149792K(512000K)] 1567979K->1386655K(1910272K), 0.0557360 secs] [Times: user=0.32 sys=0.00, real=0.05 secs] 
6611.950: [Full GC (Ergonomics) [PSYoungGen: 149792K->0K(512000K)] [ParOldGen: 1236863K->185625K(1398272K)] 1386655K->185625K(1910272K), [Metaspace: 59692K->59692K(1105920K)], 0.4298104 secs] [Times: user=1.99 sys=0.00, real=0.43 secs] 
6614.335: [GC (Allocation Failure) [PSYoungGen: 328704K->104464K(513536K)] 514329K->290089K(1911808K), 0.0764663 secs] [Times: user=0.44 sys=0.01, real=0.07 secs] 
6616.311: [GC (Allocation Failure) [PSYoungGen: 431632K->152928K(480256K)] 617257K->439358K(1878528K), 0.0522116 secs] [Times: user=0.30 sys=0.01, real=0.06 secs] 
6617.811: [GC (GCLocker Initiated GC) [PSYoungGen: 480096K->106512K(512512K)] 766526K->537027K(1910784K), 0.0658906 secs] [Times: user=0.40 sys=0.00, real=0.07 secs] 
6619.899: [GC (Allocation Failure) [PSYoungGen: 429584K->141312K(509440K)] 876486K->691504K(1907712K), 0.2405476 secs] [Times: user=1.44 sys=0.00, real=0.24 secs] 
6623.142: [GC (Allocation Failure) [PSYoungGen: 464384K->95152K(509952K)] 1014576K->786553K(1908224K), 0.4317988 secs] [Times: user=2.48 sys=0.00, real=0.44 secs] 
6624.058: [GC (Allocation Failure) [PSYoungGen: 418736K->153024K(476672K)] 1110137K->935501K(1874944K), 0.0552521 secs] [Times: user=0.32 sys=0.00, real=0.06 secs] 
6627.645: [GC (Allocation Failure) [PSYoungGen: 476608K->92304K(508928K)] 1259085K->1027306K(1907200K), 0.1717521 secs] [Times: user=1.02 sys=0.00, real=0.17 secs] 
6629.021: [GC (Allocation Failure) [PSYoungGen: 410768K->152480K(471040K)] 1345770K->1173738K(1869312K), 0.0870358 secs] [Times: user=0.51 sys=0.00, real=0.09 secs] 
6631.973: [GC (Allocation Failure) [PSYoungGen: 470944K->92864K(505856K)] 1492202K->1266246K(1904128K), 0.1683503 secs] [Times: user=1.00 sys=0.01, real=0.17 secs] 
6633.009: [GC (Allocation Failure) [PSYoungGen: 404672K->149600K(461824K)] 1578054K->1409618K(1860096K), 0.0757025 secs] [Times: user=0.44 sys=0.00, real=0.08 secs] 
6633.085: [Full GC (Ergonomics) [PSYoungGen: 149600K->0K(461824K)] [ParOldGen: 1260018K->208012K(1398272K)] 1409618K->208012K(1860096K), [Metaspace: 59692K->59692K(1105920K)], 0.4711357 secs] [Times: user=2.16 sys=0.01, real=0.47 secs] 
6635.527: [GC (Allocation Failure) [PSYoungGen: 311808K->91136K(504320K)] 519820K->299148K(1902592K), 0.1493868 secs] [Times: user=0.88 sys=0.01, real=0.15 secs] 
6636.433: [GC (Allocation Failure) [PSYoungGen: 392314K->140000K(448512K)] 600326K->434632K(1846784K), 0.0488145 secs] [Times: user=0.28 sys=0.01, real=0.05 secs] 
6637.857: [GC (Allocation Failure) [PSYoungGen: 448224K->101600K(505344K)] 742856K->527517K(1903616K), 0.0622690 secs] [Times: user=0.36 sys=0.00, real=0.06 secs] 
6640.024: [GC (Allocation Failure) [PSYoungGen: 412896K->141648K(502272K)] 838813K->665210K(1900544K), 0.0487071 secs] [Times: user=0.29 sys=0.00, real=0.04 secs] 
6642.819: [GC (Allocation Failure) [PSYoungGen: 452944K->101280K(504320K)] 976506K->757501K(1902592K), 0.0625074 secs] [Times: user=0.37 sys=0.00, real=0.06 secs] 
6645.167: [GC (Allocation Failure) [PSYoungGen: 417696K->145536K(504832K)] 1073917K->898946K(1903104K), 0.0503708 secs] [Times: user=0.29 sys=0.00, real=0.05 secs] 
6646.480: [GC (Allocation Failure) [PSYoungGen: 461952K->108208K(504832K)] 1215362K->997547K(1903104K), 0.0637846 secs] [Times: user=0.38 sys=0.00, real=0.07 secs] 
6648.836: [GC (Allocation Failure) [PSYoungGen: 427696K->148352K(506368K)] 1317035K->1138079K(1904640K), 0.0517811 secs] [Times: user=0.31 sys=0.00, real=0.05 secs] 
6650.653: [GC (Allocation Failure) [PSYoungGen: 467840K->103936K(508928K)] 1457567K->1233119K(1907200K), 0.1361110 secs] [Times: user=0.81 sys=0.00, real=0.14 secs] 
6652.677: [GC (Allocation Failure) [PSYoungGen: 425984K->148944K(471040K)] 1555167K->1377757K(1869312K), 0.0519600 secs] [Times: user=0.31 sys=0.00, real=0.05 secs] 
6652.729: [Full GC (Ergonomics) [PSYoungGen: 148944K->0K(471040K)] [ParOldGen: 1228812K->186253K(1398272K)] 1377757K->186253K(1869312K), [Metaspace: 59692K->59692K(1105920K)], 0.4301976 secs] [Times: user=1.98 sys=0.00, real=0.43 secs] 
6654.379: [GC (Allocation Failure) [PSYoungGen: 322048K->107872K(512000K)] 508301K->294125K(1910272K), 0.0325153 secs] [Times: user=0.19 sys=0.00, real=0.03 secs] 
6656.315: [GC (Allocation Failure) [PSYoungGen: 429408K->157456K(479232K)] 615661K->448331K(1877504K), 0.0535466 secs] [Times: user=0.31 sys=0.01, real=0.05 secs] 
6658.524: [GC (Allocation Failure) [PSYoungGen: 478992K->104240K(508416K)] 769867K->535243K(1906688K), 0.1625230 secs] [Times: user=0.97 sys=0.00, real=0.16 secs] 
6660.329: [GC (Allocation Failure) [PSYoungGen: 419632K->146496K(505856K)] 850635K->678024K(1904128K), 0.0534558 secs] [Times: user=0.32 sys=0.00, real=0.05 secs] 
6662.307: [GC (Allocation Failure) [PSYoungGen: 461888K->103360K(504832K)] 993416K->772968K(1903104K), 0.1353795 secs] [Times: user=0.80 sys=0.00, real=0.13 secs] 
6664.419: [GC (Allocation Failure) [PSYoungGen: 419776K->145232K(505856K)] 1089384K->914725K(1904128K), 0.0517699 secs] [Times: user=0.29 sys=0.01, real=0.05 secs] 
6666.765: [GC (Allocation Failure) [PSYoungGen: 461648K->101280K(506368K)] 1231141K->1007009K(1904640K), 0.0651630 secs] [Times: user=0.39 sys=0.00, real=0.06 secs] 
6669.227: [GC (Allocation Failure) [PSYoungGen: 420256K->148960K(507392K)] 1325985K->1152461K(1905664K), 0.0515034 secs] [Times: user=0.30 sys=0.00, real=0.05 secs] 
6670.557: [GC (Allocation Failure) [PSYoungGen: 467936K->103056K(507904K)] 1471437K->1246422K(1906176K), 0.0655680 secs] [Times: user=0.38 sys=0.00, real=0.06 secs] 
6673.920: [GC (Allocation Failure) [PSYoungGen: 421520K->145760K(507392K)] 1564886K->1388218K(1905664K), 0.0517835 secs] [Times: user=0.31 sys=0.00, real=0.05 secs] 
6673.972: [Full GC (Ergonomics) [PSYoungGen: 145760K->0K(507392K)] [ParOldGen: 1242458K->186163K(1398272K)] 1388218K->186163K(1905664K), [Metaspace: 59692K->59692K(1105920K)], 0.4348255 secs] [Times: user=2.00 sys=0.00, real=0.44 secs] 
6676.911: [GC (Allocation Failure) [PSYoungGen: 318464K->102896K(506368K)] 504627K->289060K(1904640K), 0.0430803 secs] [Times: user=0.26 sys=0.00, real=0.05 secs] 
6678.702: [GC (Allocation Failure) [PSYoungGen: 422384K->146992K(507392K)] 608548K->430337K(1905664K), 0.0503028 secs] [Times: user=0.29 sys=0.00, real=0.05 secs] 
6680.005: [GC (Allocation Failure) [PSYoungGen: 466480K->105360K(507904K)] 749825K->526137K(1906176K), 0.0644544 secs] [Times: user=0.38 sys=0.00, real=0.06 secs] 
6682.281: [GC (Allocation Failure) [PSYoungGen: 426384K->150112K(508416K)] 847161K->672421K(1906688K), 0.0523168 secs] [Times: user=0.31 sys=0.00, real=0.05 secs] 
6683.600: [GC (Allocation Failure) [PSYoungGen: 471136K->105168K(508928K)] 993445K->768554K(1907200K), 0.0917610 secs] [Times: user=0.54 sys=0.00, real=0.09 secs] 
6686.163: [GC (Allocation Failure) [PSYoungGen: 425680K->149312K(470016K)] 1089066K->913646K(1868288K), 0.0519535 secs] [Times: user=0.31 sys=0.00, real=0.05 secs] 
6688.317: [GC (Allocation Failure) [PSYoungGen: 469824K->103616K(510464K)] 1234158K->1008446K(1908736K), 0.0952866 secs] [Times: user=0.56 sys=0.00, real=0.09 secs] 
6690.818: [GC (Allocation Failure) [PSYoungGen: 423104K->146272K(507904K)] 1327934K->1151115K(1906176K), 0.0522064 secs] [Times: user=0.30 sys=0.00, real=0.05 secs] 
6692.127: [GC (Allocation Failure) [PSYoungGen: 465760K->105728K(506880K)] 1470603K->1247387K(1905152K), 0.0654076 secs] [Times: user=0.39 sys=0.00, real=0.06 secs] 
6694.040: [GC (Allocation Failure) [PSYoungGen: 426240K->148592K(507904K)] 1567899K->1392224K(1906176K), 0.0529814 secs] [Times: user=0.31 sys=0.00, real=0.06 secs] 
6694.093: [Full GC (Ergonomics) [PSYoungGen: 148592K->0K(507904K)] [ParOldGen: 1243632K->191340K(1398272K)] 1392224K->191340K(1906176K), [Metaspace: 59693K->59693K(1105920K)], 0.4552984 secs] [Times: user=2.10 sys=0.00, real=0.45 secs] 
6695.757: [GC (Allocation Failure) [PSYoungGen: 320512K->106848K(508928K)] 511852K->298188K(1907200K), 0.0321348 secs] [Times: user=0.18 sys=0.00, real=0.03 secs] 
6698.418: [GC (Allocation Failure) [PSYoungGen: 428384K->148656K(508928K)] 619724K->443234K(1907200K), 0.0511737 secs] [Times: user=0.30 sys=0.00, real=0.05 secs] 
6700.585: [GC (Allocation Failure) [PSYoungGen: 470192K->100640K(509952K)] 764770K->535065K(1908224K), 0.1305626 secs] [Times: user=0.77 sys=0.00, real=0.13 secs] 
6702.728: [GC (Allocation Failure) [PSYoungGen: 422176K->150720K(472576K)] 856601K->681686K(1870848K), 0.0496760 secs] [Times: user=0.29 sys=0.00, real=0.05 secs] 
6703.985: [GC (Allocation Failure) [PSYoungGen: 472256K->105184K(509952K)] 1003222K->778126K(1908224K), 0.0654411 secs] [Times: user=0.39 sys=0.00, real=0.06 secs] 
6706.814: [GC (Allocation Failure) [PSYoungGen: 422913K->145616K(507392K)] 1095856K->919588K(1905664K), 0.0507811 secs] [Times: user=0.31 sys=0.00, real=0.05 secs] 
6709.413: [GC (Allocation Failure) [PSYoungGen: 464080K->102752K(507392K)] 1238052K->1013587K(1905664K), 0.0643193 secs] [Times: user=0.38 sys=0.00, real=0.07 secs] 
6711.947: [GC (Allocation Failure) [PSYoungGen: 422752K->155136K(475648K)] 1333587K->1165064K(1873920K), 0.0506245 secs] [Times: user=0.30 sys=0.00, real=0.05 secs] 
6713.334: [GC (Allocation Failure) [PSYoungGen: 475136K->105248K(508928K)] 1485064K->1253148K(1907200K), 0.0671237 secs] [Times: user=0.39 sys=0.00, real=0.06 secs] 
6715.260: [GC (Allocation Failure) [PSYoungGen: 421152K->145120K(505856K)] 1569052K->1394105K(1904128K), 0.0517498 secs] [Times: user=0.30 sys=0.00, real=0.05 secs] 
6715.312: [Full GC (Ergonomics) [PSYoungGen: 145120K->0K(505856K)] [ParOldGen: 1248985K->193551K(1398272K)] 1394105K->193551K(1904128K), [Metaspace: 59693K->59693K(1105920K)], 0.4536035 secs] [Times: user=2.10 sys=0.00, real=0.46 secs] 
6718.009: [GC (Allocation Failure) [PSYoungGen: 315904K->103664K(506880K)] 509455K->297216K(1905152K), 0.0459172 secs] [Times: user=0.27 sys=0.00, real=0.05 secs] 
6720.054: [GC (Allocation Failure) [PSYoungGen: 421616K->148288K(506880K)] 615168K->441573K(1905152K), 0.0503310 secs] [Times: user=0.30 sys=0.00, real=0.05 secs] 
6722.281: [GC (Allocation Failure) [PSYoungGen: 466240K->102944K(507904K)] 759525K->535681K(1906176K), 0.0649068 secs] [Times: user=0.37 sys=0.01, real=0.07 secs] 
6724.957: [GC (Allocation Failure) [PSYoungGen: 421920K->146240K(507904K)] 854657K->678334K(1906176K), 0.0503163 secs] [Times: user=0.30 sys=0.00, real=0.05 secs] 
6726.524: [GC (Allocation Failure) [PSYoungGen: 465216K->105184K(506368K)] 997310K->774142K(1904640K), 0.0847144 secs] [Times: user=0.50 sys=0.01, real=0.08 secs] 
6728.699: [GC (Allocation Failure) [PSYoungGen: 424672K->148704K(507392K)] 1093630K->918975K(1905664K), 0.0519421 secs] [Times: user=0.30 sys=0.00, real=0.05 secs] 
6730.051: [GC (Allocation Failure) [PSYoungGen: 468192K->104640K(508416K)] 1238463K->1014639K(1906688K), 0.0650319 secs] [Times: user=0.38 sys=0.00, real=0.07 secs] 
6732.184: [GC (Allocation Failure) [PSYoungGen: 425152K->147072K(508416K)] 1335151K->1157739K(1906688K), 0.0511644 secs] [Times: user=0.30 sys=0.00, real=0.05 secs] 
6735.435: [GC (Allocation Failure) [PSYoungGen: 467584K->101696K(508928K)] 1478251K->1249652K(1907200K), 0.1473233 secs] [Times: user=0.87 sys=0.01, real=0.14 secs] 
6737.224: [GC (Allocation Failure) [PSYoungGen: 422720K->146400K(508928K)] 1570676K->1392448K(1907200K), 0.0514406 secs] [Times: user=0.30 sys=0.01, real=0.05 secs] 
6737.275: [Full GC (Ergonomics) [PSYoungGen: 146400K->0K(508928K)] [ParOldGen: 1246048K->190970K(1398272K)] 1392448K->190970K(1907200K), [Metaspace: 59693K->59693K(1105920K)], 0.4467545 secs] [Times: user=2.06 sys=0.00, real=0.44 secs] 
6738.987: [GC (Allocation Failure) [PSYoungGen: 321024K->106096K(507392K)] 511994K->297067K(1905664K), 0.0483810 secs] [Times: user=0.28 sys=0.00, real=0.05 secs] 
6741.029: [GC (Allocation Failure) [PSYoungGen: 427632K->148240K(508416K)] 618603K->441728K(1906688K), 0.0507342 secs] [Times: user=0.30 sys=0.00, real=0.05 secs] 
6742.317: [GC (Allocation Failure) [PSYoungGen: 469776K->108480K(508416K)] 763264K->540895K(1906688K), 0.0640430 secs] [Times: user=0.38 sys=0.00, real=0.06 secs] 
6744.338: [GC (Allocation Failure) [PSYoungGen: 421905K->144448K(508928K)] 854321K->681916K(1907200K), 0.0515410 secs] [Times: user=0.31 sys=0.00, real=0.05 secs] 
6746.908: [GC (Allocation Failure) [PSYoungGen: 467008K->105600K(508416K)] 1004476K->778956K(1906688K), 0.0913224 secs] [Times: user=0.53 sys=0.01, real=0.09 secs] 
6748.968: [GC (Allocation Failure) [PSYoungGen: 426369K->145376K(509952K)] 1099726K->920629K(1908224K), 0.0515630 secs] [Times: user=0.30 sys=0.00, real=0.05 secs] 
6750.935: [GC (Allocation Failure) [PSYoungGen: 470496K->106112K(511488K)] 1245749K->1018085K(1909760K), 0.0689923 secs] [Times: user=0.40 sys=0.00, real=0.07 secs] 
6752.594: [GC (Allocation Failure) [PSYoungGen: 421744K->145760K(512000K)] 1333717K->1159596K(1910272K), 0.0515061 secs] [Times: user=0.30 sys=0.00, real=0.05 secs] 
6755.221: [GC (Allocation Failure) [PSYoungGen: 473440K->106944K(512000K)] 1487276K->1257128K(1910272K), 0.0912656 secs] [Times: user=0.55 sys=0.00, real=0.09 secs] 
6757.154: [GC (Allocation Failure) [PSYoungGen: 422020K->145056K(512512K)] 1572205K->1398129K(1910784K), 0.0517151 secs] [Times: user=0.31 sys=0.00, real=0.05 secs] 
6757.206: [Full GC (Ergonomics) [PSYoungGen: 145056K->0K(512512K)] [ParOldGen: 1253073K->196820K(1398272K)] 1398129K->196820K(1910784K), [Metaspace: 59693K->59693K(1105920K)], 0.4598820 secs] [Times: user=2.02 sys=0.00, real=0.46 secs] 
6759.794: [GC (Allocation Failure) [PSYoungGen: 328704K->106688K(511488K)] 525524K->303508K(1909760K), 0.0971697 secs] [Times: user=0.55 sys=0.00, real=0.09 secs] 
6761.604: [GC (Allocation Failure) [PSYoungGen: 436416K->155856K(485888K)] 633236K->455038K(1884160K), 0.0516342 secs] [Times: user=0.31 sys=0.00, real=0.05 secs] 
6765.480: [GC (Allocation Failure) [PSYoungGen: 485584K->97328K(510976K)] 784766K->551714K(1909248K), 0.1755348 secs] [Times: user=1.05 sys=0.00, real=0.18 secs] 
6766.573: [GC (GCLocker Initiated GC) [PSYoungGen: 419888K->153616K(476672K)] 874274K->699275K(1874944K), 0.0584802 secs] [Times: user=0.35 sys=0.00, real=0.06 secs] 
6770.602: [GC (Allocation Failure) [PSYoungGen: 476176K->96576K(507904K)] 1021886K->795653K(1906176K), 0.1634771 secs] [Times: user=0.97 sys=0.00, real=0.17 secs] 
6771.567: [GC (Allocation Failure) [PSYoungGen: 412480K->151264K(467456K)] 1111557K->936802K(1865728K), 0.0537721 secs] [Times: user=0.31 sys=0.01, real=0.05 secs] 
6775.627: [GC (Allocation Failure) [PSYoungGen: 466474K->88608K(504832K)] 1252013K->1024914K(1903104K), 0.1694102 secs] [Times: user=1.01 sys=0.00, real=0.17 secs] 
6777.031: [GC (Allocation Failure) [PSYoungGen: 383135K->138144K(449024K)] 1319442K->1159259K(1847296K), 0.0494904 secs] [Times: user=0.29 sys=0.01, real=0.05 secs] 
6779.608: [GC (Allocation Failure) [PSYoungGen: 448928K->99776K(505856K)] 1470043K->1250499K(1904128K), 0.0631317 secs] [Times: user=0.37 sys=0.01, real=0.06 secs] 
6781.664: [GC (Allocation Failure) [PSYoungGen: 413120K->144448K(503296K)] 1563843K->1390984K(1901568K), 0.0495663 secs] [Times: user=0.29 sys=0.00, real=0.05 secs] 
6781.714: [Full GC (Ergonomics) [PSYoungGen: 144448K->0K(503296K)] [ParOldGen: 1246536K->189478K(1398272K)] 1390984K->189478K(1901568K), [Metaspace: 59693K->59693K(1105920K)], 0.4468767 secs] [Times: user=2.07 sys=0.00, real=0.44 secs] 
6783.685: [GC (Allocation Failure) [PSYoungGen: 313344K->99440K(505344K)] 502822K->288919K(1903616K), 0.0386103 secs] [Times: user=0.23 sys=0.00, real=0.04 secs] 
6786.383: [GC (Allocation Failure) [PSYoungGen: 416880K->144288K(506368K)] 606359K->428915K(1904640K), 0.0494358 secs] [Times: user=0.29 sys=0.00, real=0.05 secs] 
6787.973: [GC (Allocation Failure) [PSYoungGen: 461728K->105904K(505344K)] 746355K->525248K(1903616K), 0.0632381 secs] [Times: user=0.37 sys=0.00, real=0.07 secs] 
6790.773: [GC (GCLocker Initiated GC) [PSYoungGen: 425392K->145200K(506880K)] 844738K->667662K(1905152K), 0.0525157 secs] [Times: user=0.31 sys=0.00, real=0.06 secs] 
6792.731: [GC (Allocation Failure) [PSYoungGen: 464688K->103552K(507904K)] 987170K->761682K(1906176K), 0.0660992 secs] [Times: user=0.39 sys=0.01, real=0.07 secs] 
6795.234: [GC (Allocation Failure) [PSYoungGen: 426112K->148512K(508928K)] 1084242K->906654K(1907200K), 0.0520488 secs] [Times: user=0.31 sys=0.00, real=0.05 secs] 
6796.700: [GC (Allocation Failure) [PSYoungGen: 471072K->106944K(509440K)] 1229214K->1004582K(1907712K), 0.0782354 secs] [Times: user=0.47 sys=0.00, real=0.08 secs] 
6799.015: [GC (GCLocker Initiated GC) [PSYoungGen: 430016K->145440K(509440K)] 1327655K->1146936K(1907712K), 0.0529996 secs] [Times: user=0.30 sys=0.00, real=0.05 secs] 
6800.350: [GC (Allocation Failure) [PSYoungGen: 468512K->107136K(507904K)] 1470063K->1244883K(1906176K), 0.0648336 secs] [Times: user=0.38 sys=0.00, real=0.07 secs] 
6803.074: [GC (Allocation Failure) [PSYoungGen: 431744K->151232K(509440K)] 1569491K->1392272K(1907712K), 0.0526490 secs] [Times: user=0.31 sys=0.00, real=0.05 secs] 
6803.126: [Full GC (Ergonomics) [PSYoungGen: 151232K->0K(509440K)] [ParOldGen: 1241040K->190109K(1398272K)] 1392272K->190109K(1907712K), [Metaspace: 59693K->59693K(1105920K)], 0.4464506 secs] [Times: user=2.07 sys=0.00, real=0.44 secs] 
6805.161: [GC (Allocation Failure) [PSYoungGen: 324608K->106160K(511488K)] 514717K->296270K(1909760K), 0.0745158 secs] [Times: user=0.44 sys=0.00, real=0.08 secs] 
6806.977: [GC (Allocation Failure) [PSYoungGen: 429744K->151120K(475136K)] 619854K->443294K(1873408K), 0.0522144 secs] [Times: user=0.31 sys=0.00, real=0.05 secs] 
6809.143: [GC (Allocation Failure) [PSYoungGen: 474704K->106016K(511488K)] 766878K->540398K(1909760K), 0.1116703 secs] [Times: user=0.66 sys=0.00, real=0.11 secs] 
6810.312: [GC (Allocation Failure) [PSYoungGen: 418967K->145232K(508928K)] 853349K->681459K(1907200K), 0.0517850 secs] [Times: user=0.30 sys=0.01, real=0.06 secs] 
6812.192: [GC (Allocation Failure) [PSYoungGen: 466768K->105616K(508928K)] 1002995K->778303K(1907200K), 0.0633334 secs] [Times: user=0.38 sys=0.00, real=0.07 secs] 
6814.252: [GC (Allocation Failure) [PSYoungGen: 418799K->145472K(509440K)] 1091486K->919747K(1907712K), 0.0510011 secs] [Times: user=0.30 sys=0.00, real=0.06 secs] 
6815.656: [GC (Allocation Failure) [PSYoungGen: 468544K->104576K(508928K)] 1242819K->1015532K(1907200K), 0.0645025 secs] [Times: user=0.39 sys=0.00, real=0.06 secs] 
6816.769: [GC (Allocation Failure) [PSYoungGen: 420816K->146576K(509952K)] 1331772K->1159085K(1908224K), 0.0513123 secs] [Times: user=0.30 sys=0.00, real=0.05 secs] 
6818.685: [GC (Allocation Failure) [PSYoungGen: 471184K->105824K(510464K)] 1483693K->1255644K(1908736K), 0.0997568 secs] [Times: user=0.59 sys=0.01, real=0.10 secs] 
6821.011: [GC (Allocation Failure) [PSYoungGen: 421845K->144768K(510976K)] 1571666K->1396853K(1909248K), 0.0628408 secs] [Times: user=0.37 sys=0.00, real=0.07 secs] 
6821.074: [Full GC (Ergonomics) [PSYoungGen: 144768K->0K(510976K)] [ParOldGen: 1252085K->195692K(1398272K)] 1396853K->195692K(1909248K), [Metaspace: 59693K->59693K(1105920K)], 0.4460484 secs] [Times: user=2.04 sys=0.00, real=0.44 secs] 
6823.315: [GC (Allocation Failure) [PSYoungGen: 326144K->105696K(510464K)] 521836K->301388K(1908736K), 0.0983644 secs] [Times: user=0.57 sys=0.00, real=0.10 secs] 
6824.797: [GC (Allocation Failure) [PSYoungGen: 420685K->144976K(511488K)] 616378K->443058K(1909760K), 0.0527669 secs] [Times: user=0.32 sys=0.00, real=0.05 secs] 
6827.104: [GC (Allocation Failure) [PSYoungGen: 472656K->105968K(512000K)] 770738K->540250K(1910272K), 0.0636976 secs] [Times: user=0.38 sys=0.00, real=0.06 secs] 
6829.717: [GC (Allocation Failure) [PSYoungGen: 424903K->144944K(512512K)] 859185K->681383K(1910784K), 0.0503605 secs] [Times: user=0.30 sys=0.00, real=0.05 secs] 
6833.018: [GC (Allocation Failure) [PSYoungGen: 474160K->105984K(513024K)] 1010599K->778606K(1911296K), 0.1514838 secs] [Times: user=0.90 sys=0.01, real=0.15 secs] 
6835.371: [GC (Allocation Failure) [PSYoungGen: 423982K->144832K(513536K)] 1096604K->919955K(1911808K), 0.0513698 secs] [Times: user=0.30 sys=0.00, real=0.05 secs] 
6837.846: [GC (Allocation Failure) [PSYoungGen: 475584K->106512K(513536K)] 1250707K->1018036K(1911808K), 0.0967755 secs] [Times: user=0.57 sys=0.00, real=0.09 secs] 
6840.224: [GC (Allocation Failure) [PSYoungGen: 438288K->155328K(487424K)] 1349812K->1168992K(1885696K), 0.0523589 secs] [Times: user=0.31 sys=0.00, real=0.05 secs] 
6843.290: [GC (Allocation Failure) [PSYoungGen: 487104K->97600K(512000K)] 1500768K->1266200K(1910272K), 0.1578636 secs] [Times: user=0.93 sys=0.01, real=0.16 secs] 
6844.649: [GC (Allocation Failure) [PSYoungGen: 421696K->155920K(480256K)] 1590296K->1415246K(1878528K), 0.0560426 secs] [Times: user=0.32 sys=0.00, real=0.06 secs] 
6844.705: [Full GC (Ergonomics) [PSYoungGen: 155920K->0K(480256K)] [ParOldGen: 1259325K->213811K(1398272K)] 1415246K->213811K(1878528K), [Metaspace: 59693K->59693K(1105920K)], 0.4923026 secs] [Times: user=2.29 sys=0.00, real=0.49 secs] 
6848.429: [GC (Allocation Failure) [PSYoungGen: 324096K->95488K(507392K)] 537907K->309299K(1905664K), 0.1311590 secs] [Times: user=0.77 sys=0.01, real=0.13 secs] 
6849.042: [GC (Allocation Failure) [PSYoungGen: 410880K->151024K(466432K)] 624691K->454093K(1864704K), 0.0545107 secs] [Times: user=0.33 sys=0.00, real=0.06 secs] 
6852.737: [GC (Allocation Failure) [PSYoungGen: 466416K->87904K(504320K)] 769485K->541600K(1902592K), 0.1729771 secs] [Times: user=1.02 sys=0.00, real=0.17 secs] 
6853.746: [GC (Allocation Failure) [PSYoungGen: 397664K->149728K(459776K)] 851360K->685173K(1858048K), 0.0534724 secs] [Times: user=0.32 sys=0.00, real=0.05 secs] 
6856.243: [GC (Allocation Failure) [PSYoungGen: 459488K->90160K(502784K)] 994933K->774858K(1901056K), 0.1711889 secs] [Times: user=1.02 sys=0.00, real=0.17 secs] 
6857.463: [GC (Allocation Failure) [PSYoungGen: 389138K->140816K(446976K)] 1073836K->911483K(1845248K), 0.0498309 secs] [Times: user=0.30 sys=0.00, real=0.05 secs] 
6859.094: [GC (Allocation Failure) [PSYoungGen: 446480K->96992K(503808K)] 1217147K->999818K(1902080K), 0.0631542 secs] [Times: user=0.37 sys=0.00, real=0.06 secs] 
6861.123: [GC (Allocation Failure) [PSYoungGen: 405216K->142432K(501248K)] 1308042K->1139039K(1899520K), 0.0494990 secs] [Times: user=0.29 sys=0.01, real=0.04 secs] 
6862.642: [GC (Allocation Failure) [PSYoungGen: 450656K->98944K(502784K)] 1447263K->1228743K(1901056K), 0.0645264 secs] [Times: user=0.38 sys=0.00, real=0.07 secs] 
6864.784: [GC (Allocation Failure) [PSYoungGen: 411264K->141328K(503296K)] 1541063K->1367469K(1901568K), 0.0521005 secs] [Times: user=0.31 sys=0.01, real=0.05 secs] 
6864.836: [Full GC (Ergonomics) [PSYoungGen: 141328K->0K(503296K)] [ParOldGen: 1226140K->175728K(1398272K)] 1367469K->175728K(1901568K), [Metaspace: 59693K->59693K(1105920K)], 0.4097991 secs] [Times: user=1.87 sys=0.00, real=0.41 secs] 
6866.458: [GC (Allocation Failure) [PSYoungGen: 312320K->102000K(502272K)] 488048K->277729K(1900544K), 0.0338989 secs] [Times: user=0.20 sys=0.00, real=0.03 secs] 
6869.097: [GC (Allocation Failure) [PSYoungGen: 418416K->143680K(504832K)] 594145K->418733K(1903104K), 0.0518202 secs] [Times: user=0.31 sys=0.00, real=0.05 secs] 
6870.422: [GC (Allocation Failure) [PSYoungGen: 460096K->105024K(504832K)] 735149K->514641K(1903104K), 0.0663550 secs] [Times: user=0.38 sys=0.01, real=0.07 secs] 
6873.741: [GC (Allocation Failure) [PSYoungGen: 425536K->146128K(506880K)] 835153K->657727K(1905152K), 0.0521350 secs] [Times: user=0.31 sys=0.00, real=0.06 secs] 
6875.059: [GC (Allocation Failure) [PSYoungGen: 466640K->106336K(507904K)] 978239K->754994K(1906176K), 0.0644790 secs] [Times: user=0.39 sys=0.00, real=0.07 secs] 
6877.149: [GC (Allocation Failure) [PSYoungGen: 429920K->148160K(508928K)] 1078578K->900587K(1907200K), 0.0531892 secs] [Times: user=0.32 sys=0.00, real=0.05 secs] 
6878.480: [GC (Allocation Failure) [PSYoungGen: 471744K->108352K(509952K)] 1224171K->1000187K(1908224K), 0.0658412 secs] [Times: user=0.39 sys=0.00, real=0.07 secs] 
6881.696: [GC (Allocation Failure) [PSYoungGen: 432960K->147776K(509952K)] 1324795K->1145024K(1908224K), 0.0531162 secs] [Times: user=0.32 sys=0.00, real=0.05 secs] 
6883.455: [GC (Allocation Failure) [PSYoungGen: 472384K->106304K(510464K)] 1469632K->1242432K(1908736K), 0.0654989 secs] [Times: user=0.39 sys=0.00, real=0.06 secs] 
6886.388: [GC (Allocation Failure) [PSYoungGen: 431424K->149120K(510464K)] 1567552K->1387773K(1908736K), 0.0532125 secs] [Times: user=0.32 sys=0.00, real=0.05 secs] 
6886.441: [Full GC (Ergonomics) [PSYoungGen: 149120K->0K(510464K)] [ParOldGen: 1238653K->186308K(1398272K)] 1387773K->186308K(1908736K), [Metaspace: 59693K->59693K(1105920K)], 0.4281021 secs] [Times: user=1.97 sys=0.00, real=0.43 secs] 
6888.561: [GC (Allocation Failure) [PSYoungGen: 325120K->107856K(510464K)] 511428K->294165K(1908736K), 0.0324268 secs] [Times: user=0.18 sys=0.01, real=0.04 secs] 
6890.432: [GC (Allocation Failure) [PSYoungGen: 432976K->151392K(476672K)] 619285K->439813K(1874944K), 0.0521925 secs] [Times: user=0.31 sys=0.00, real=0.06 secs] 
6893.624: [GC (Allocation Failure) [PSYoungGen: 476512K->104000K(512000K)] 764933K->534973K(1910272K), 0.0921923 secs] [Times: user=0.54 sys=0.00, real=0.09 secs] 
6895.067: [GC (Allocation Failure) [PSYoungGen: 426560K->149760K(472576K)] 857533K->680754K(1870848K), 0.0687524 secs] [Times: user=0.41 sys=0.00, real=0.07 secs] 
6897.267: [GC (Allocation Failure) [PSYoungGen: 472320K->105312K(511488K)] 1003314K->777662K(1909760K), 0.0651146 secs] [Times: user=0.39 sys=0.00, real=0.06 secs] 
6899.934: [GC (Allocation Failure) [PSYoungGen: 426848K->147392K(508928K)] 1099198K->921003K(1907200K), 0.0511335 secs] [Times: user=0.30 sys=0.00, real=0.05 secs] 
6901.599: [GC (GCLocker Initiated GC) [PSYoungGen: 468928K->106720K(508416K)] 1242539K->1018295K(1906688K), 0.1149299 secs] [Times: user=0.67 sys=0.00, real=0.12 secs] 
6903.301: [GC (Allocation Failure) [PSYoungGen: 428768K->139840K(508928K)] 1356783K->1170346K(1907200K), 0.2243789 secs] [Times: user=1.34 sys=0.01, real=0.23 secs] 
6906.725: [GC (GCLocker Initiated GC) [PSYoungGen: 461888K->94400K(510976K)] 1492394K->1263850K(1909248K), 0.4393104 secs] [Times: user=2.63 sys=0.00, real=0.44 secs] 
6907.959: [GC (Allocation Failure) [PSYoungGen: 420032K->170624K(496640K)] 1589502K->1430206K(1894912K), 0.0563721 secs] [Times: user=0.33 sys=0.00, real=0.06 secs] 
6908.016: [Full GC (Ergonomics) [PSYoungGen: 170624K->0K(496640K)] [ParOldGen: 1259582K->211517K(1398272K)] 1430206K->211517K(1894912K), [Metaspace: 59694K->59694K(1105920K)], 0.4820894 secs] [Times: user=2.24 sys=0.00, real=0.48 secs] 
6911.470: [GC (Allocation Failure) [PSYoungGen: 325632K->96512K(503296K)] 537149K->308029K(1901568K), 0.1561756 secs] [Times: user=0.93 sys=0.00, real=0.16 secs] 
6912.572: [GC (Allocation Failure) [PSYoungGen: 402688K->145664K(501760K)] 614205K->447390K(1900032K), 0.0535247 secs] [Times: user=0.32 sys=0.00, real=0.06 secs] 
6914.831: [GC (Allocation Failure) [PSYoungGen: 451840K->90720K(502784K)] 753566K->537262K(1901056K), 0.1175368 secs] [Times: user=0.70 sys=0.00, real=0.12 secs] 
6916.009: [GC (Allocation Failure) [PSYoungGen: 396195K->141536K(502272K)] 842737K->674582K(1900544K), 0.0484837 secs] [Times: user=0.28 sys=0.00, real=0.05 secs] 
6918.514: [GC (Allocation Failure) [PSYoungGen: 448224K->98656K(499200K)] 981270K->764155K(1897472K), 0.0630293 secs] [Times: user=0.36 sys=0.01, real=0.06 secs] 
6920.958: [GC (Allocation Failure) [PSYoungGen: 406880K->141440K(500736K)] 1072379K->902058K(1899008K), 0.0486145 secs] [Times: user=0.29 sys=0.00, real=0.05 secs] 
6922.821: [GC (Allocation Failure) [PSYoungGen: 449664K->99920K(501248K)] 1210282K->992999K(1899520K), 0.0769728 secs] [Times: user=0.46 sys=0.00, real=0.08 secs] 
6925.631: [GC (Allocation Failure) [PSYoungGen: 413776K->143424K(503808K)] 1306855K->1133211K(1902080K), 0.0503386 secs] [Times: user=0.29 sys=0.00, real=0.05 secs] 
6926.933: [GC (Allocation Failure) [PSYoungGen: 457280K->105216K(502784K)] 1447067K->1229403K(1901056K), 0.0641985 secs] [Times: user=0.38 sys=0.00, real=0.07 secs] 
6930.277: [GC (Allocation Failure) [PSYoungGen: 423168K->141232K(505344K)] 1547355K->1368248K(1903616K), 0.0516708 secs] [Times: user=0.30 sys=0.00, real=0.05 secs] 
6930.328: [Full GC (Ergonomics) [PSYoungGen: 141232K->0K(505344K)] [ParOldGen: 1227015K->174726K(1398272K)] 1368248K->174726K(1903616K), [Metaspace: 59694K->59694K(1105920K)], 0.4074514 secs] [Times: user=1.88 sys=0.00, real=0.41 secs] 
6931.956: [GC (Allocation Failure) [PSYoungGen: 317952K->107568K(505856K)] 492678K->282295K(1904128K), 0.0349776 secs] [Times: user=0.20 sys=0.00, real=0.03 secs] 
6933.932: [GC (Allocation Failure) [PSYoungGen: 431152K->147968K(508416K)] 605879K->427047K(1906688K), 0.0535156 secs] [Times: user=0.32 sys=0.00, real=0.06 secs] 
6935.261: [GC (Allocation Failure) [PSYoungGen: 469857K->106960K(510976K)] 748937K->525004K(1909248K), 0.0650994 secs] [Times: user=0.38 sys=0.00, real=0.07 secs] 
6938.033: [GC (Allocation Failure) [PSYoungGen: 433104K->147872K(510976K)] 851148K->670552K(1909248K), 0.0528448 secs] [Times: user=0.32 sys=0.00, real=0.05 secs] 
6939.619: [GC (Allocation Failure) [PSYoungGen: 474016K->105952K(510976K)] 996696K->767356K(1909248K), 0.0860880 secs] [Times: user=0.52 sys=0.00, real=0.09 secs] 
6941.569: [GC (Allocation Failure) [PSYoungGen: 432096K->153536K(479744K)] 1093500K->916937K(1878016K), 0.0525691 secs] [Times: user=0.31 sys=0.00, real=0.05 secs] 
6943.516: [GC (Allocation Failure) [PSYoungGen: 479680K->109408K(512512K)] 1243081K->1017425K(1910784K), 0.1290039 secs] [Times: user=0.77 sys=0.00, real=0.13 secs] 
6945.575: [GC (Allocation Failure) [PSYoungGen: 431081K->146096K(508928K)] 1339098K->1159599K(1907200K), 0.0526808 secs] [Times: user=0.31 sys=0.01, real=0.05 secs] 
6948.105: [GC (Allocation Failure) [PSYoungGen: 468656K->105984K(510464K)] 1482159K->1256546K(1908736K), 0.1315323 secs] [Times: user=0.78 sys=0.01, real=0.13 secs] 
6950.677: [GC (Allocation Failure) [PSYoungGen: 423358K->144640K(510464K)] 1573920K->1397419K(1908736K), 0.0514755 secs] [Times: user=0.31 sys=0.00, real=0.05 secs] 
6950.729: [Full GC (Ergonomics) [PSYoungGen: 144640K->0K(510464K)] [ParOldGen: 1252779K->195670K(1398272K)] 1397419K->195670K(1908736K), [Metaspace: 59694K->59694K(1105920K)], 0.4575396 secs] [Times: user=2.10 sys=0.00, real=0.46 secs] 
6952.660: [GC (Allocation Failure) [PSYoungGen: 324608K->105376K(509952K)] 520278K->301046K(1908224K), 0.0448768 secs] [Times: user=0.26 sys=0.00, real=0.05 secs] 
6954.992: [GC (Allocation Failure) [PSYoungGen: 417216K->145792K(510976K)] 612886K->442659K(1909248K), 0.0496872 secs] [Times: user=0.29 sys=0.00, real=0.05 secs] 
6956.439: [GC (Allocation Failure) [PSYoungGen: 471936K->107888K(510464K)] 768803K->541776K(1908736K), 0.0678361 secs] [Times: user=0.40 sys=0.00, real=0.07 secs] 
6958.782: [GC (Allocation Failure) [PSYoungGen: 419397K->143920K(511488K)] 853285K->681236K(1909760K), 0.0716439 secs] [Times: user=0.43 sys=0.00, real=0.08 secs] 
6961.005: [GC (Allocation Failure) [PSYoungGen: 471600K->106928K(510976K)] 1008916K->779552K(1909248K), 0.0629764 secs] [Times: user=0.37 sys=0.00, real=0.06 secs] 
6963.121: [GC (Allocation Failure) [PSYoungGen: 429754K->144112K(512512K)] 1102378K->920401K(1910784K), 0.0513319 secs] [Times: user=0.31 sys=0.00, real=0.05 secs] 
6966.319: [GC (Allocation Failure) [PSYoungGen: 474352K->107776K(513024K)] 1250641K->1019357K(1911296K), 0.1629223 secs] [Times: user=0.97 sys=0.01, real=0.16 secs] 
6967.801: [GC (Allocation Failure) [PSYoungGen: 440576K->181216K(514048K)] 1352157K->1220972K(1912320K), 0.0596196 secs] [Times: user=0.35 sys=0.00, real=0.06 secs] 
6972.614: [GC (Allocation Failure) [PSYoungGen: 514016K->96192K(417792K)] 1553772K->1267392K(1816064K), 0.1480488 secs] [Times: user=0.87 sys=0.01, real=0.14 secs] 
6973.640: [GC (Allocation Failure) [PSYoungGen: 329152K->113504K(465920K)] 1500352K->1374769K(1864192K), 0.0459555 secs] [Times: user=0.28 sys=0.00, real=0.05 secs] 
6973.686: [Full GC (Ergonomics) [PSYoungGen: 113504K->0K(465920K)] [ParOldGen: 1261265K->172908K(1398272K)] 1374769K->172908K(1864192K), [Metaspace: 59694K->59694K(1105920K)], 0.4134747 secs] [Times: user=1.90 sys=0.00, real=0.41 secs] 
6975.318: [GC (Allocation Failure) [PSYoungGen: 232960K->88544K(465920K)] 405868K->261452K(1864192K), 0.0338422 secs] [Times: user=0.20 sys=0.00, real=0.03 secs] 
6977.595: [GC (Allocation Failure) [PSYoungGen: 321504K->80112K(313344K)] 494412K->341565K(1711616K), 0.0855011 secs] [Times: user=0.50 sys=0.00, real=0.08 secs] 
6977.860: [GC (Allocation Failure) [PSYoungGen: 299485K->108110K(472576K)] 560938K->443980K(1870848K), 0.0443189 secs] [Times: user=0.26 sys=0.00, real=0.05 secs] 
6980.821: [GC (Allocation Failure) [PSYoungGen: 348238K->69968K(465408K)] 684108K->505534K(1863680K), 0.0514758 secs] [Times: user=0.31 sys=0.00, real=0.05 secs] 
6983.506: [GC (Allocation Failure) [PSYoungGen: 310096K->104816K(465408K)] 745662K->608475K(1863680K), 0.0620784 secs] [Times: user=0.36 sys=0.00, real=0.06 secs] 
6983.743: [GC (Allocation Failure) [PSYoungGen: 354160K->127360K(465408K)] 857819K->726007K(1863680K), 0.0555113 secs] [Times: user=0.33 sys=0.00, real=0.05 secs] 
6986.258: [GC (Allocation Failure) [PSYoungGen: 375228K->61392K(476160K)] 973875K->787359K(1874432K), 0.1472387 secs] [Times: user=0.88 sys=0.00, real=0.15 secs] 
6987.094: [GC (Allocation Failure) [PSYoungGen: 327632K->132656K(476672K)] 1053599K->915704K(1874944K), 0.0413570 secs] [Times: user=0.24 sys=0.01, real=0.04 secs] 
6988.971: [GC (Allocation Failure) [PSYoungGen: 398896K->86208K(480768K)] 1181944K->984255K(1879040K), 0.0571865 secs] [Times: user=0.34 sys=0.01, real=0.06 secs] 
6990.528: [GC (Allocation Failure) [PSYoungGen: 366272K->122592K(483840K)] 1264319K->1105272K(1882112K), 0.0642903 secs] [Times: user=0.38 sys=0.00, real=0.06 secs] 
6992.828: [GC (Allocation Failure) [PSYoungGen: 402656K->120128K(484864K)] 1385336K->1215560K(1883136K), 0.0617258 secs] [Times: user=0.37 sys=0.00, real=0.06 secs] 
6994.556: [GC (Allocation Failure) [PSYoungGen: 416576K->99712K(488960K)] 1512008K->1315296K(1887232K), 0.0896015 secs] [Times: user=0.53 sys=0.00, real=0.09 secs] 
6995.892: [GC (Allocation Failure) [PSYoungGen: 396160K->148400K(498688K)] 1611744K->1452826K(1896960K), 0.1490825 secs] [Times: user=0.88 sys=0.00, real=0.15 secs] 
6996.041: [Full GC (Ergonomics) [PSYoungGen: 148400K->0K(498688K)] [ParOldGen: 1304425K->250351K(1398272K)] 1452826K->250351K(1896960K), [Metaspace: 59694K->59694K(1105920K)], 0.6196758 secs] [Times: user=2.94 sys=0.00, real=0.62 secs] 
6999.812: [GC (Allocation Failure) [PSYoungGen: 311808K->86752K(504832K)] 562159K->337103K(1903104K), 0.0360170 secs] [Times: user=0.21 sys=0.00, real=0.04 secs] 
7000.199: [GC (Allocation Failure) [PSYoungGen: 398560K->149664K(497152K)] 648911K->480848K(1895424K), 0.0579647 secs] [Times: user=0.33 sys=0.01, real=0.06 secs] 
7003.335: [GC (Allocation Failure) [PSYoungGen: 456352K->86096K(502784K)] 787536K->567009K(1901056K), 0.1222866 secs] [Times: user=0.73 sys=0.00, real=0.12 secs] 
7003.910: [GC (Allocation Failure) [PSYoungGen: 392784K->147136K(497152K)] 873697K->707747K(1895424K), 0.0805088 secs] [Times: user=0.48 sys=0.00, real=0.08 secs] 
7006.695: [GC (Allocation Failure) [PSYoungGen: 450752K->86736K(501248K)] 1011363K->794128K(1899520K), 0.1286268 secs] [Times: user=0.76 sys=0.00, real=0.13 secs] 
7007.306: [GC (Allocation Failure) [PSYoungGen: 390352K->146320K(496640K)] 1097744K->933779K(1894912K), 0.0917827 secs] [Times: user=0.54 sys=0.02, real=0.09 secs] 
7011.674: [GC (Allocation Failure) [PSYoungGen: 447888K->84544K(500224K)] 1235347K->1017907K(1898496K), 0.1526129 secs] [Times: user=0.90 sys=0.01, real=0.15 secs] 
7013.272: [GC (Allocation Failure) [PSYoungGen: 374270K->138224K(500224K)] 1307633K->1149532K(1898496K), 0.0681377 secs] [Times: user=0.40 sys=0.00, real=0.07 secs] 
7015.640: [GC (Allocation Failure) [PSYoungGen: 442352K->95216K(399360K)] 1453660K->1236092K(1797632K), 0.0628131 secs] [Times: user=0.36 sys=0.00, real=0.06 secs] 
7018.570: [GC (Allocation Failure) [PSYoungGen: 399344K->142688K(495616K)] 1540220K->1374856K(1893888K), 0.0473417 secs] [Times: user=0.28 sys=0.00, real=0.05 secs] 
7018.618: [Full GC (Ergonomics) [PSYoungGen: 142688K->0K(495616K)] [ParOldGen: 1232168K->183356K(1398272K)] 1374856K->183356K(1893888K), [Metaspace: 59694K->59694K(1105920K)], 0.4336213 secs] [Times: user=2.01 sys=0.00, real=0.43 secs] 
7020.231: [GC (Allocation Failure) [PSYoungGen: 303104K->99792K(498176K)] 486460K->283149K(1896448K), 0.0424219 secs] [Times: user=0.25 sys=0.00, real=0.05 secs] 
7021.740: [GC (Allocation Failure) [PSYoungGen: 402896K->136576K(501248K)] 586253K->417298K(1899520K), 0.0502819 secs] [Times: user=0.29 sys=0.01, real=0.05 secs] 
7025.339: [GC (Allocation Failure) [PSYoungGen: 447360K->104064K(501760K)] 728082K->511378K(1900032K), 0.0624756 secs] [Times: user=0.37 sys=0.00, real=0.06 secs] 
7027.500: [GC (Allocation Failure) [PSYoungGen: 414848K->137184K(502272K)] 822162K->646999K(1900544K), 0.0546057 secs] [Times: user=0.33 sys=0.00, real=0.06 secs] 
7029.380: [GC (Allocation Failure) [PSYoungGen: 453600K->108912K(503296K)] 963415K->746247K(1901568K), 0.0674026 secs] [Times: user=0.40 sys=0.01, real=0.07 secs] 
7031.810: [GC (Allocation Failure) [PSYoungGen: 425328K->139200K(505344K)] 1062663K->883659K(1903616K), 0.0600767 secs] [Times: user=0.34 sys=0.01, real=0.06 secs] 
7033.507: [GC (GCLocker Initiated GC) [PSYoungGen: 463296K->111568K(507392K)] 1207755K->985480K(1905664K), 0.0652169 secs] [Times: user=0.39 sys=0.00, real=0.06 secs] 
7035.401: [GC (Allocation Failure) [PSYoungGen: 435664K->144576K(508928K)] 1309628K->1128528K(1907200K), 0.0547632 secs] [Times: user=0.32 sys=0.00, real=0.06 secs] 
7038.591: [GC (Allocation Failure) [PSYoungGen: 475328K->110432K(512512K)] 1459280K->1229188K(1910784K), 0.0769375 secs] [Times: user=0.46 sys=0.00, real=0.08 secs] 
7041.125: [GC (Allocation Failure) [PSYoungGen: 441184K->149856K(510976K)] 1559940K->1376633K(1909248K), 0.0557182 secs] [Times: user=0.33 sys=0.00, real=0.05 secs] 
7041.181: [Full GC (Ergonomics) [PSYoungGen: 149856K->0K(510976K)] [ParOldGen: 1226777K->175344K(1398272K)] 1376633K->175344K(1909248K), [Metaspace: 59694K->59694K(1105920K)], 0.4084241 secs] [Times: user=1.88 sys=0.00, real=0.41 secs] 
7042.812: [GC (Allocation Failure) [PSYoungGen: 333312K->112864K(516096K)] 508656K->288208K(1914368K), 0.0351023 secs] [Times: user=0.20 sys=0.00, real=0.04 secs] 
7044.858: [GC (Allocation Failure) [PSYoungGen: 446176K->153920K(507904K)] 621520K->438444K(1906176K), 0.0556675 secs] [Times: user=0.32 sys=0.01, real=0.06 secs] 
7046.202: [GC (Allocation Failure) [PSYoungGen: 483136K->109296K(514048K)] 767660K->538513K(1912320K), 0.0669329 secs] [Times: user=0.40 sys=0.00, real=0.07 secs] 
7048.307: [GC (Allocation Failure) [PSYoungGen: 434240K->148720K(509952K)] 863457K->683174K(1908224K), 0.0528716 secs] [Times: user=0.31 sys=0.00, real=0.05 secs] 
7050.617: [GC (Allocation Failure) [PSYoungGen: 476912K->109536K(513536K)] 1011366K->783817K(1911808K), 0.1446884 secs] [Times: user=0.86 sys=0.00, real=0.14 secs] 
7051.938: [GC (Allocation Failure) [PSYoungGen: 437728K->152320K(508416K)] 1112009K->931882K(1906688K), 0.0612408 secs] [Times: user=0.36 sys=0.00, real=0.06 secs] 
7054.182: [GC (Allocation Failure) [PSYoungGen: 478464K->100624K(512512K)] 1258026K->1031547K(1910784K), 0.1045413 secs] [Times: user=0.62 sys=0.01, real=0.11 secs] 
7054.957: [GC (Allocation Failure) [PSYoungGen: 426768K->153600K(504320K)] 1357691K->1179179K(1902592K), 0.0657520 secs] [Times: user=0.39 sys=0.00, real=0.06 secs] 
7059.077: [GC (Allocation Failure) [PSYoungGen: 472576K->94624K(508928K)] 1498155K->1272619K(1907200K), 0.1675752 secs] [Times: user=1.00 sys=0.00, real=0.17 secs] 
7059.857: [GC (Allocation Failure) [PSYoungGen: 413600K->151552K(502272K)] 1591595K->1417446K(1900544K), 0.0553686 secs] [Times: user=0.33 sys=0.00, real=0.05 secs] 
7059.912: [Full GC (Ergonomics) [PSYoungGen: 151552K->0K(502272K)] [ParOldGen: 1265894K->214956K(1398272K)] 1417446K->214956K(1900544K), [Metaspace: 59694K->59694K(1105920K)], 0.4984598 secs] [Times: user=2.32 sys=0.00, real=0.50 secs] 
7062.844: [GC (Allocation Failure) [PSYoungGen: 312832K->92528K(505856K)] 527788K->307485K(1904128K), 0.1440807 secs] [Times: user=0.85 sys=0.00, real=0.14 secs] 
7063.420: [GC (Allocation Failure) [PSYoungGen: 405360K->151600K(499712K)] 620317K->452847K(1897984K), 0.0532525 secs] [Times: user=0.31 sys=0.00, real=0.06 secs] 
7066.181: [GC (Allocation Failure) [PSYoungGen: 457114K->87648K(503296K)] 758360K->540170K(1901568K), 0.1737876 secs] [Times: user=1.03 sys=0.00, real=0.18 secs] 
7067.095: [GC (Allocation Failure) [PSYoungGen: 379892K->138432K(500224K)] 832415K->674255K(1898496K), 0.0493831 secs] [Times: user=0.28 sys=0.00, real=0.05 secs] 
7069.227: [GC (Allocation Failure) [PSYoungGen: 446144K->97824K(501760K)] 981967K->763331K(1900032K), 0.0630273 secs] [Times: user=0.37 sys=0.00, real=0.06 secs] 
7070.924: [GC (Allocation Failure) [PSYoungGen: 405536K->139312K(504320K)] 1071043K->899325K(1902592K), 0.0503956 secs] [Times: user=0.29 sys=0.02, real=0.05 secs] 
7073.108: [GC (Allocation Failure) [PSYoungGen: 452144K->103856K(503808K)] 1212157K->993969K(1902080K), 0.0635704 secs] [Times: user=0.37 sys=0.01, real=0.06 secs] 
7074.225: [GC (Allocation Failure) [PSYoungGen: 416688K->143424K(502784K)] 1306801K->1135097K(1901056K), 0.0528650 secs] [Times: user=0.31 sys=0.00, real=0.05 secs] 
7077.566: [GC (Allocation Failure) [PSYoungGen: 458304K->101808K(504320K)] 1449977K->1228073K(1902592K), 0.0644582 secs] [Times: user=0.39 sys=0.00, real=0.06 secs] 
7080.410: [GC (Allocation Failure) [PSYoungGen: 416688K->142304K(506368K)] 1542953K->1368146K(1904640K), 0.0526572 secs] [Times: user=0.30 sys=0.00, real=0.05 secs] 
7080.462: [Full GC (Ergonomics) [PSYoungGen: 142304K->0K(506368K)] [ParOldGen: 1225842K->174250K(1398272K)] 1368146K->174250K(1904640K), [Metaspace: 59694K->59694K(1105920K)], 0.4076005 secs] [Times: user=1.89 sys=0.00, real=0.41 secs] 
7082.062: [GC (Allocation Failure) [PSYoungGen: 320000K->105024K(507904K)] 494250K->279274K(1906176K), 0.0349208 secs] [Times: user=0.20 sys=0.00, real=0.04 secs] 
7085.023: [GC (Allocation Failure) [PSYoungGen: 425024K->146272K(505856K)] 599274K->422696K(1904128K), 0.0531359 secs] [Times: user=0.31 sys=0.01, real=0.05 secs] 
7086.429: [GC (Allocation Failure) [PSYoungGen: 467808K->107712K(508928K)] 744232K->521212K(1907200K), 0.0650416 secs] [Times: user=0.39 sys=0.00, real=0.07 secs] 
7088.478: [GC (Allocation Failure) [PSYoungGen: 429248K->148240K(507392K)] 842748K->666818K(1905664K), 0.0530026 secs] [Times: user=0.31 sys=0.00, real=0.05 secs] 
7089.881: [GC (GCLocker Initiated GC) [PSYoungGen: 471824K->108288K(510976K)] 990402K->765757K(1909248K), 0.0663282 secs] [Times: user=0.39 sys=0.00, real=0.07 secs] 
7091.934: [GC (Allocation Failure) [PSYoungGen: 431872K->148208K(508416K)] 1089344K->910734K(1906688K), 0.0540470 secs] [Times: user=0.32 sys=0.00, real=0.05 secs] 
7094.293: [GC (Allocation Failure) [PSYoungGen: 472816K->105376K(511488K)] 1235342K->1007181K(1909760K), 0.0664717 secs] [Times: user=0.40 sys=0.00, real=0.06 secs] 
7096.741: [GC (Allocation Failure) [PSYoungGen: 429984K->151616K(505344K)] 1331789K->1154938K(1903616K), 0.0534018 secs] [Times: user=0.31 sys=0.00, real=0.06 secs] 
7098.229: [GC (Allocation Failure) [PSYoungGen: 472640K->103264K(509952K)] 1475962K->1249202K(1908224K), 0.0844587 secs] [Times: user=0.50 sys=0.00, real=0.09 secs] 
7100.846: [GC (Allocation Failure) [PSYoungGen: 424288K->147648K(507392K)] 1570226K->1393118K(1905664K), 0.0529202 secs] [Times: user=0.31 sys=0.00, real=0.05 secs] 
7100.899: [Full GC (Ergonomics) [PSYoungGen: 147648K->0K(507392K)] [ParOldGen: 1245470K->190314K(1398272K)] 1393118K->190314K(1905664K), [Metaspace: 59695K->59695K(1105920K)], 0.4464224 secs] [Times: user=2.06 sys=0.00, real=0.45 secs] 
7102.634: [GC (GCLocker Initiated GC) [PSYoungGen: 321024K->104688K(509952K)] 511338K->295003K(1908224K), 0.0320494 secs] [Times: user=0.19 sys=0.00, real=0.03 secs] 
7105.210: [GC (Allocation Failure) [PSYoungGen: 425712K->148768K(506368K)] 616030K->440083K(1904640K), 0.0509325 secs] [Times: user=0.30 sys=0.00, real=0.05 secs] 
7106.639: [GC (Allocation Failure) [PSYoungGen: 468768K->106176K(509440K)] 760083K->537295K(1907712K), 0.0643343 secs] [Times: user=0.38 sys=0.00, real=0.07 secs] 
7108.638: [GC (Allocation Failure) [PSYoungGen: 426176K->147632K(506880K)] 857295K->681412K(1905152K), 0.0520713 secs] [Times: user=0.31 sys=0.00, real=0.05 secs] 
7111.745: [GC (Allocation Failure) [PSYoungGen: 468144K->102992K(509440K)] 1001924K->775852K(1907712K), 0.0774131 secs] [Times: user=0.46 sys=0.00, real=0.07 secs] 
7114.090: [GC (Allocation Failure) [PSYoungGen: 423504K->147888K(506880K)] 1096364K->920025K(1905152K), 0.0502164 secs] [Times: user=0.29 sys=0.00, real=0.05 secs] 
7116.145: [GC (Allocation Failure) [PSYoungGen: 467888K->104064K(509440K)] 1240025K->1015240K(1907712K), 0.0962742 secs] [Times: user=0.57 sys=0.01, real=0.09 secs] 
7118.218: [GC (Allocation Failure) [PSYoungGen: 421264K->146800K(507392K)] 1332441K->1158270K(1905664K), 0.0519313 secs] [Times: user=0.30 sys=0.01, real=0.05 secs] 
7120.778: [GC (Allocation Failure) [PSYoungGen: 467312K->101088K(509440K)] 1478782K->1250749K(1907712K), 0.1538847 secs] [Times: user=0.91 sys=0.00, real=0.15 secs] 
7122.695: [GC (Allocation Failure) [PSYoungGen: 420651K->149920K(504832K)] 1570313K->1396918K(1903104K), 0.0505319 secs] [Times: user=0.29 sys=0.00, real=0.05 secs] 
7122.745: [Full GC (Ergonomics) [PSYoungGen: 149920K->0K(504832K)] [ParOldGen: 1246998K->196411K(1398272K)] 1396918K->196411K(1903104K), [Metaspace: 59695K->59695K(1105920K)], 0.4553929 secs] [Times: user=2.09 sys=0.00, real=0.45 secs] 
7125.063: [GC (GCLocker Initiated GC) [PSYoungGen: 317952K->99568K(508416K)] 514363K->295980K(1906688K), 0.0448804 secs] [Times: user=0.26 sys=0.00, real=0.04 secs] 
7126.821: [GC (Allocation Failure) [PSYoungGen: 417520K->149376K(504320K)] 613983K->441443K(1902592K), 0.0486572 secs] [Times: user=0.29 sys=0.00, real=0.05 secs] 
7128.688: [GC (Allocation Failure) [PSYoungGen: 465280K->101920K(507392K)] 757347K->534699K(1905664K), 0.0685126 secs] [Times: user=0.38 sys=0.00, real=0.07 secs] 
7130.745: [GC (Allocation Failure) [PSYoungGen: 417824K->146480K(506368K)] 850603K->677673K(1904640K), 0.0494882 secs] [Times: user=0.30 sys=0.00, real=0.05 secs] 
7132.364: [GC (Allocation Failure) [PSYoungGen: 463408K->101984K(419328K)] 994601K->770600K(1817600K), 0.1103677 secs] [Times: user=0.65 sys=0.00, real=0.11 secs] 
7134.263: [GC (Allocation Failure) [PSYoungGen: 418912K->149280K(504832K)] 1087528K->916465K(1903104K), 0.0505596 secs] [Times: user=0.30 sys=0.00, real=0.06 secs] 
7136.053: [GC (Allocation Failure) [PSYoungGen: 465184K->101680K(507392K)] 1232369K->1009282K(1905664K), 0.0645653 secs] [Times: user=0.39 sys=0.00, real=0.07 secs] 
7138.774: [GC (Allocation Failure) [PSYoungGen: 417584K->144896K(506880K)] 1325186K->1150662K(1905152K), 0.0505718 secs] [Times: user=0.30 sys=0.00, real=0.05 secs] 
7140.118: [GC (Allocation Failure) [PSYoungGen: 462336K->105024K(422912K)] 1468102K->1246834K(1821184K), 0.0645177 secs] [Times: user=0.38 sys=0.00, real=0.06 secs] 
7142.497: [GC (Allocation Failure) [PSYoungGen: 422464K->153072K(502784K)] 1564274K->1396311K(1901056K), 0.0524200 secs] [Times: user=0.30 sys=0.00, real=0.05 secs] 
7142.550: [Full GC (Ergonomics) [PSYoungGen: 153072K->0K(502784K)] [ParOldGen: 1243239K->186316K(1398272K)] 1396311K->186316K(1901056K), [Metaspace: 59695K->59695K(1105920K)], 0.4260901 secs] [Times: user=1.95 sys=0.00, real=0.43 secs] 
7144.261: [GC (Allocation Failure) [PSYoungGen: 314880K->102560K(506880K)] 501196K->288876K(1905152K), 0.0364345 secs] [Times: user=0.21 sys=0.00, real=0.04 secs] 
7146.680: [GC (Allocation Failure) [PSYoungGen: 417440K->145424K(506880K)] 603756K->430926K(1905152K), 0.0511309 secs] [Times: user=0.30 sys=0.00, real=0.05 secs] 
7148.702: [GC (Allocation Failure) [PSYoungGen: 462352K->102368K(419328K)] 747854K->524081K(1817600K), 0.0636371 secs] [Times: user=0.38 sys=0.00, real=0.07 secs] 
7149.912: [GC (Allocation Failure) [PSYoungGen: 419296K->147552K(504832K)] 841009K->669650K(1903104K), 0.0519736 secs] [Times: user=0.30 sys=0.00, real=0.06 secs] 
7151.322: [GC (Allocation Failure) [PSYoungGen: 463208K->102176K(506880K)] 985306K->763294K(1905152K), 0.0645625 secs] [Times: user=0.38 sys=0.00, real=0.07 secs] 
7153.945: [GC (Allocation Failure) [PSYoungGen: 418080K->144608K(506880K)] 1079198K->905219K(1905152K), 0.0515015 secs] [Times: user=0.30 sys=0.00, real=0.05 secs] 
7155.281: [GC (Allocation Failure) [PSYoungGen: 462560K->106592K(424960K)] 1223171K->1002663K(1823232K), 0.0644700 secs] [Times: user=0.38 sys=0.00, real=0.07 secs] 
7157.420: [GC (Allocation Failure) [PSYoungGen: 424544K->147392K(504832K)] 1320615K->1146631K(1903104K), 0.0526058 secs] [Times: user=0.30 sys=0.00, real=0.05 secs] 
7159.567: [GC (Allocation Failure) [PSYoungGen: 465344K->103888K(506880K)] 1464583K->1241264K(1905152K), 0.0753342 secs] [Times: user=0.40 sys=0.00, real=0.07 secs] 
7160.645: [GC (Allocation Failure) [PSYoungGen: 421840K->146720K(507904K)] 1559216K->1384332K(1906176K), 0.0524376 secs] [Times: user=0.30 sys=0.01, real=0.05 secs] 
7160.697: [Full GC (Ergonomics) [PSYoungGen: 146720K->0K(507904K)] [ParOldGen: 1237612K->182720K(1398272K)] 1384332K->182720K(1906176K), [Metaspace: 59697K->59697K(1105920K)], 0.4221824 secs] [Times: user=1.95 sys=0.00, real=0.42 secs] 
7163.562: [GC (Allocation Failure) [PSYoungGen: 321024K->105600K(427008K)] 503744K->288320K(1825280K), 0.0488506 secs] [Times: user=0.28 sys=0.00, real=0.05 secs] 
7165.475: [GC (Allocation Failure) [PSYoungGen: 426624K->146416K(507392K)] 609344K->430990K(1905664K), 0.0518681 secs] [Times: user=0.31 sys=0.00, real=0.05 secs] 
7168.490: [GC (Allocation Failure) [PSYoungGen: 467440K->107168K(509440K)] 752014K->528394K(1907712K), 0.0642284 secs] [Times: user=0.38 sys=0.00, real=0.07 secs] 
7170.580: [GC (Allocation Failure) [PSYoungGen: 428192K->149152K(506368K)] 849418K->674630K(1904640K), 0.0743403 secs] [Times: user=0.44 sys=0.00, real=0.08 secs] 
7173.280: [GC (Allocation Failure) [PSYoungGen: 470176K->104064K(509440K)] 995654K->769662K(1907712K), 0.0646794 secs] [Times: user=0.39 sys=0.00, real=0.07 secs] 
7176.105: [GC (Allocation Failure) [PSYoungGen: 425088K->146208K(509440K)] 1090686K->912203K(1907712K), 0.0515964 secs] [Times: user=0.30 sys=0.00, real=0.05 secs] 
7177.970: [GC (Allocation Failure) [PSYoungGen: 469280K->107744K(431104K)] 1235275K->1010939K(1829376K), 0.1143929 secs] [Times: user=0.68 sys=0.01, real=0.12 secs] 
7179.574: [GC (Allocation Failure) [PSYoungGen: 430816K->148864K(507392K)] 1334011K->1156444K(1905664K), 0.0532710 secs] [Times: user=0.31 sys=0.00, real=0.05 secs] 
7181.943: [GC (Allocation Failure) [PSYoungGen: 470912K->103104K(509952K)] 1478492K->1250280K(1908224K), 0.1083920 secs] [Times: user=0.64 sys=0.00, real=0.11 secs] 
7183.853: [GC (Allocation Failure) [PSYoungGen: 425152K->149728K(506368K)] 1572328K->1396681K(1904640K), 0.0683389 secs] [Times: user=0.40 sys=0.00, real=0.06 secs] 
7183.922: [Full GC (Ergonomics) [PSYoungGen: 149728K->0K(506368K)] [ParOldGen: 1246953K->195360K(1398272K)] 1396681K->195360K(1904640K), [Metaspace: 59697K->59697K(1105920K)], 0.4635626 secs] [Times: user=2.15 sys=0.00, real=0.47 secs] 
7186.078: [GC (Allocation Failure) [PSYoungGen: 320000K->103264K(509440K)] 515360K->298624K(1907712K), 0.0447127 secs] [Times: user=0.26 sys=0.00, real=0.04 secs] 
7188.869: [GC (Allocation Failure) [PSYoungGen: 423264K->147488K(507392K)] 618624K->442253K(1905664K), 0.0499580 secs] [Times: user=0.29 sys=0.00, real=0.05 secs] 
7190.345: [GC (Allocation Failure) [PSYoungGen: 467488K->101472K(509440K)] 762253K->534673K(1907712K), 0.0638914 secs] [Times: user=0.38 sys=0.00, real=0.06 secs] 
7192.496: [GC (Allocation Failure) [PSYoungGen: 421472K->150144K(505344K)] 854673K->680758K(1903616K), 0.0497471 secs] [Times: user=0.29 sys=0.00, real=0.05 secs] 
7194.117: [GC (Allocation Failure) [PSYoungGen: 468096K->103248K(508416K)] 998710K->775051K(1906688K), 0.0661599 secs] [Times: user=0.39 sys=0.00, real=0.07 secs] 
7196.675: [GC (Allocation Failure) [PSYoungGen: 421200K->146656K(507392K)] 1093003K->917511K(1905664K), 0.0502706 secs] [Times: user=0.30 sys=0.00, real=0.05 secs] 
7198.021: [GC (Allocation Failure) [PSYoungGen: 465632K->105456K(424448K)] 1236487K->1014088K(1822720K), 0.0646848 secs] [Times: user=0.39 sys=0.00, real=0.07 secs] 
7200.072: [GC (Allocation Failure) [PSYoungGen: 424432K->145008K(506368K)] 1333064K->1155333K(1904640K), 0.0513830 secs] [Times: user=0.31 sys=0.00, real=0.05 secs] 
7202.425: [GC (Allocation Failure) [PSYoungGen: 463984K->105184K(507904K)] 1474309K->1251124K(1906176K), 0.0649591 secs] [Times: user=0.39 sys=0.00, real=0.06 secs] 
7204.588: [GC (Allocation Failure) [PSYoungGen: 424160K->146848K(506880K)] 1570100K->1394605K(1905152K), 0.0523508 secs] [Times: user=0.31 sys=0.00, real=0.05 secs] 
7204.640: [Full GC (Ergonomics) [PSYoungGen: 146848K->0K(506880K)] [ParOldGen: 1247757K->194561K(1398272K)] 1394605K->194561K(1905152K), [Metaspace: 59697K->59697K(1105920K)], 0.4584871 secs] [Times: user=2.12 sys=0.00, real=0.46 secs] 
7206.300: [GC (Allocation Failure) [PSYoungGen: 320512K->104768K(508928K)] 515073K->299329K(1907200K), 0.0318290 secs] [Times: user=0.18 sys=0.00, real=0.03 secs] 
7207.930: [GC (Allocation Failure) [PSYoungGen: 425280K->164976K(495616K)] 619841K->460605K(1893888K), 0.0514339 secs] [Times: user=0.30 sys=0.00, real=0.05 secs] 
7210.045: [GC (Allocation Failure) [PSYoungGen: 474736K->101120K(504320K)] 770365K->535833K(1902592K), 0.0640353 secs] [Times: user=0.37 sys=0.00, real=0.06 secs] 
7211.462: [GC (Allocation Failure) [PSYoungGen: 410880K->144288K(502784K)] 845593K->676430K(1901056K), 0.0495545 secs] [Times: user=0.29 sys=0.00, real=0.05 secs] 
7213.210: [GC (Allocation Failure) [PSYoungGen: 455584K->101440K(504320K)] 987726K->768694K(1902592K), 0.0634738 secs] [Times: user=0.38 sys=0.00, real=0.07 secs] 
7214.709: [GC (Allocation Failure) [PSYoungGen: 412736K->145792K(504320K)] 1079990K->911066K(1902592K), 0.0506620 secs] [Times: user=0.30 sys=0.00, real=0.05 secs] 
7216.625: [GC (Allocation Failure) [PSYoungGen: 459136K->102064K(505344K)] 1224410K->1004291K(1903616K), 0.1211112 secs] [Times: user=0.72 sys=0.00, real=0.12 secs] 
7218.838: [GC (Allocation Failure) [PSYoungGen: 415408K->145264K(504832K)] 1317635K->1143952K(1903104K), 0.0503877 secs] [Times: user=0.30 sys=0.00, real=0.05 secs] 
7220.773: [GC (Allocation Failure) [PSYoungGen: 460144K->104560K(505856K)] 1458832K->1239360K(1904128K), 0.0673700 secs] [Times: user=0.40 sys=0.00, real=0.06 secs] 
7223.106: [GC (Allocation Failure) [PSYoungGen: 419440K->139808K(506880K)] 1554240K->1376756K(1905152K), 0.0522874 secs] [Times: user=0.31 sys=0.01, real=0.05 secs] 
7223.158: [Full GC (Ergonomics) [PSYoungGen: 139808K->0K(506880K)] [ParOldGen: 1236948K->175722K(1398272K)] 1376756K->175722K(1905152K), [Metaspace: 59697K->59697K(1105920K)], 0.4146985 secs] [Times: user=1.91 sys=0.00, real=0.42 secs] 
7225.051: [GC (Allocation Failure) [PSYoungGen: 318464K->105536K(506368K)] 494186K->281258K(1904640K), 0.0343488 secs] [Times: user=0.20 sys=0.00, real=0.04 secs] 
7228.076: [GC (Allocation Failure) [PSYoungGen: 424000K->142304K(506368K)] 599722K->420911K(1904640K), 0.0530116 secs] [Times: user=0.31 sys=0.00, real=0.05 secs] 
7231.912: [GC (Allocation Failure) [PSYoungGen: 463840K->105808K(507392K)] 742447K->517215K(1905664K), 0.0734401 secs] [Times: user=0.43 sys=0.01, real=0.08 secs] 
7234.440: [GC (Allocation Failure) [PSYoungGen: 427344K->146208K(509440K)] 838751K->660691K(1907712K), 0.0530194 secs] [Times: user=0.31 sys=0.00, real=0.05 secs] 
7236.466: [GC (Allocation Failure) [PSYoungGen: 472352K->107616K(511488K)] 986835K->758619K(1909760K), 0.0650892 secs] [Times: user=0.39 sys=0.00, real=0.06 secs] 
7238.523: [GC (Allocation Failure) [PSYoungGen: 433760K->149536K(508928K)] 1084763K->905672K(1907200K), 0.0533818 secs] [Times: user=0.31 sys=0.00, real=0.05 secs] 
7241.128: [GC (Allocation Failure) [PSYoungGen: 475680K->107456K(512512K)] 1231816K->1004056K(1910784K), 0.0659135 secs] [Times: user=0.39 sys=0.00, real=0.07 secs] 
7243.738: [GC (Allocation Failure) [PSYoungGen: 433600K->149344K(508928K)] 1330200K->1149973K(1907200K), 0.0537169 secs] [Times: user=0.31 sys=0.00, real=0.05 secs] 
7245.428: [GC (Allocation Failure) [PSYoungGen: 474464K->105888K(512000K)] 1475093K->1246757K(1910272K), 0.0785153 secs] [Times: user=0.46 sys=0.00, real=0.08 secs] 
7247.290: [GC (Allocation Failure) [PSYoungGen: 431008K->150432K(507392K)] 1571877K->1393178K(1905664K), 0.0534185 secs] [Times: user=0.32 sys=0.00, real=0.06 secs] 
7247.343: [Full GC (Ergonomics) [PSYoungGen: 150432K->0K(507392K)] [ParOldGen: 1242746K->191294K(1398272K)] 1393178K->191294K(1905664K), [Metaspace: 59697K->59697K(1105920K)], 0.4554188 secs] [Times: user=2.09 sys=0.00, real=0.45 secs] 
7249.933: [GC (Allocation Failure) [PSYoungGen: 323072K->108096K(510976K)] 514366K->299390K(1909248K), 0.0324182 secs] [Times: user=0.19 sys=0.00, real=0.04 secs] 
7251.739: [GC (Allocation Failure) [PSYoungGen: 429142K->148160K(508416K)] 620436K->443954K(1906688K), 0.0572150 secs] [Times: user=0.28 sys=0.00, real=0.06 secs] 
7254.661: [GC (Allocation Failure) [PSYoungGen: 471232K->103200K(510976K)] 767026K->537951K(1909248K), 0.0769515 secs] [Times: user=0.45 sys=0.00, real=0.08 secs] 
7257.712: [GC (Allocation Failure) [PSYoungGen: 426272K->147648K(508928K)] 861023K->681611K(1907200K), 0.0505208 secs] [Times: user=0.30 sys=0.00, real=0.05 secs] 
7259.363: [GC (Allocation Failure) [PSYoungGen: 470720K->105600K(510976K)] 1004683K->778499K(1909248K), 0.0651501 secs] [Times: user=0.38 sys=0.00, real=0.06 secs] 
7262.216: [GC (Allocation Failure) [PSYoungGen: 427941K->146304K(509440K)] 1100841K->920264K(1907712K), 0.0504143 secs] [Times: user=0.29 sys=0.00, real=0.05 secs] 
7263.788: [GC (Allocation Failure) [PSYoungGen: 469888K->106144K(510976K)] 1243848K->1017148K(1909248K), 0.0656196 secs] [Times: user=0.39 sys=0.01, real=0.07 secs] 
7265.417: [GC (Allocation Failure) [PSYoungGen: 420625K->144688K(509952K)] 1331630K->1158230K(1908224K), 0.0514707 secs] [Times: user=0.31 sys=0.00, real=0.05 secs] 
7268.600: [GC (Allocation Failure) [PSYoungGen: 469296K->105920K(510976K)] 1482838K->1255621K(1909248K), 0.1428844 secs] [Times: user=0.85 sys=0.01, real=0.14 secs] 
7270.279: [GC (Allocation Failure) [PSYoungGen: 426984K->145568K(509952K)] 1576686K->1397418K(1908224K), 0.0521185 secs] [Times: user=0.29 sys=0.01, real=0.05 secs] 
7270.331: [Full GC (Ergonomics) [PSYoungGen: 145568K->0K(509952K)] [ParOldGen: 1251850K->196105K(1398272K)] 1397418K->196105K(1908224K), [Metaspace: 59697K->59697K(1105920K)], 0.4739553 secs] [Times: user=2.19 sys=0.00, real=0.48 secs] 
7272.451: [GC (Allocation Failure) [PSYoungGen: 325632K->109472K(511488K)] 521737K->305577K(1909760K), 0.0527179 secs] [Times: user=0.31 sys=0.01, real=0.06 secs] 
7274.418: [GC (Allocation Failure) [PSYoungGen: 421224K->142400K(510464K)] 617330K->443714K(1908736K), 0.0506298 secs] [Times: user=0.30 sys=0.00, real=0.05 secs] 
7277.820: [GC (GCLocker Initiated GC) [PSYoungGen: 470080K->103168K(511488K)] 771394K->537906K(1909760K), 0.1151321 secs] [Times: user=0.67 sys=0.01, real=0.12 secs] 
7280.327: [GC (Allocation Failure) [PSYoungGen: 430848K->141984K(514048K)] 881973K->692382K(1912320K), 0.2270022 secs] [Times: user=1.36 sys=0.00, real=0.23 secs] 
7283.251: [GC (Allocation Failure) [PSYoungGen: 473760K->98416K(514560K)] 1024158K->790491K(1912832K), 0.4409318 secs] [Times: user=2.64 sys=0.00, real=0.44 secs] 
7284.288: [GC (Allocation Failure) [PSYoungGen: 430192K->157328K(503808K)] 1122267K->940707K(1902080K), 0.0569658 secs] [Times: user=0.33 sys=0.01, real=0.06 secs] 
7288.616: [GC (Allocation Failure) [PSYoungGen: 479376K->93600K(510464K)] 1262755K->1033466K(1908736K), 0.1687639 secs] [Times: user=1.01 sys=0.00, real=0.17 secs] 
7289.437: [GC (Allocation Failure) [PSYoungGen: 415648K->156320K(499712K)] 1355514K->1183601K(1897984K), 0.0550400 secs] [Times: user=0.33 sys=0.00, real=0.05 secs] 
7292.642: [GC (Allocation Failure) [PSYoungGen: 468128K->89392K(505344K)] 1495409K->1272682K(1903616K), 0.1721849 secs] [Times: user=0.97 sys=0.01, real=0.18 secs] 
7293.223: [GC (Allocation Failure) [PSYoungGen: 401200K->150992K(499200K)] 1584490K->1417666K(1897472K), 0.0538939 secs] [Times: user=0.32 sys=0.00, real=0.06 secs] 
7293.277: [Full GC (Ergonomics) [PSYoungGen: 150992K->0K(499200K)] [ParOldGen: 1266673K->214505K(1398272K)] 1417666K->214505K(1897472K), [Metaspace: 59697K->59697K(1105920K)], 0.5013001 secs] [Times: user=2.33 sys=0.00, real=0.50 secs] 
7297.313: [GC (Allocation Failure) [PSYoungGen: 305664K->85280K(502272K)] 520169K->299785K(1900544K), 0.1275330 secs] [Times: user=0.76 sys=0.00, real=0.13 secs] 
7298.277: [GC (Allocation Failure) [PSYoungGen: 380959K->138928K(500224K)] 595464K->434522K(1898496K), 0.0472392 secs] [Times: user=0.27 sys=0.00, real=0.05 secs] 
7299.569: [GC (Allocation Failure) [PSYoungGen: 444592K->98096K(501248K)] 740186K->524047K(1899520K), 0.0623866 secs] [Times: user=0.36 sys=0.00, real=0.06 secs] 
7300.252: [GC (Allocation Failure) [PSYoungGen: 403760K->142544K(500224K)] 829711K->663311K(1898496K), 0.0484181 secs] [Times: user=0.28 sys=0.00, real=0.05 secs] 
7301.603: [GC (GCLocker Initiated GC) [PSYoungGen: 450256K->98064K(501248K)] 971025K->751889K(1899520K), 0.0635954 secs] [Times: user=0.37 sys=0.01, real=0.07 secs] 
7302.334: [GC (Allocation Failure) [PSYoungGen: 405776K->140640K(503808K)] 1059604K->889976K(1902080K), 0.0505165 secs] [Times: user=0.30 sys=0.00, real=0.05 secs] 
Heap
 PSYoungGen      total 503808K, used 399727K [0x00000000d5580000, 0x00000000ffd80000, 0x0000000100000000)
  eden space 312832