5.873: [GC (Allocation Failure) [PSYoungGen: 128000K->12500K(148992K)] 128000K->12588K(488960K), 0.0202173 secs] [Times: user=0.03 sys=0.00, real=0.02 secs] 
6.298: [GC (Metadata GC Threshold) [PSYoungGen: 48895K->6111K(148992K)] 48983K->6207K(488960K), 0.0042659 secs] [Times: user=0.02 sys=0.01, real=0.00 secs] 
6.302: [Full GC (Metadata GC Threshold) [PSYoungGen: 6111K->0K(148992K)] [ParOldGen: 96K->5949K(134144K)] 6207K->5949K(283136K), [Metaspace: 20464K->20464K(1067008K)], 0.0183642 secs] [Times: user=0.05 sys=0.00, real=0.02 secs] 
7.613: [GC (Allocation Failure) [PSYoungGen: 128000K->9827K(148992K)] 133949K->15784K(283136K), 0.0034643 secs] [Times: user=0.00 sys=0.00, real=0.01 secs] 
8.183: [GC (Metadata GC Threshold) [PSYoungGen: 37857K->4674K(148992K)] 43814K->10639K(283136K), 0.0027491 secs] [Times: user=0.01 sys=0.00, real=0.00 secs] 
8.186: [Full GC (Metadata GC Threshold) [PSYoungGen: 4674K->0K(148992K)] [ParOldGen: 5965K->8890K(222720K)] 10639K->8890K(371712K), [Metaspace: 33735K->33735K(1079296K)], 0.0298503 secs] [Times: user=0.07 sys=0.00, real=0.03 secs] 
9.591: [GC (Allocation Failure) [PSYoungGen: 128000K->13220K(148992K)] 136890K->22119K(371712K), 0.0044370 secs] [Times: user=0.02 sys=0.00, real=0.00 secs] 
10.463: [GC (Allocation Failure) [PSYoungGen: 141220K->16371K(163328K)] 150119K->59686K(386048K), 0.0150385 secs] [Times: user=0.05 sys=0.02, real=0.02 secs] 
11.263: [GC (Allocation Failure) [PSYoungGen: 163315K->37264K(185344K)] 206630K->113355K(408064K), 0.0102237 secs] [Times: user=0.05 sys=0.01, real=0.01 secs] 
12.052: [GC (Allocation Failure) [PSYoungGen: 184208K->37232K(260096K)] 260299K->178859K(482816K), 0.0132230 secs] [Times: user=0.06 sys=0.01, real=0.01 secs] 
12.693: [GC (Allocation Failure) [PSYoungGen: 251248K->50678K(264704K)] 392875K->330717K(544768K), 0.0258197 secs] [Times: user=0.08 sys=0.01, real=0.03 secs] 
12.719: [Full GC (Ergonomics) [PSYoungGen: 50678K->0K(264704K)] [ParOldGen: 280038K->262082K(623104K)] 330717K->262082K(887808K), [Metaspace: 52421K->52421K(1097728K)], 0.0638057 secs] [Times: user=0.27 sys=0.00, real=0.06 secs] 
13.036: [GC (Allocation Failure) [PSYoungGen: 214016K->59344K(348672K)] 476098K->431057K(971776K), 0.0205788 secs] [Times: user=0.02 sys=0.01, real=0.02 secs] 
13.408: [GC (Allocation Failure) [PSYoungGen: 348624K->69112K(358400K)] 720337K->601664K(981504K), 0.0276788 secs] [Times: user=0.02 sys=0.01, real=0.02 secs] 
13.436: [Full GC (Ergonomics) [PSYoungGen: 69112K->0K(358400K)] [ParOldGen: 532551K->438551K(917504K)] 601664K->438551K(1275904K), [Metaspace: 52422K->52422K(1097728K)], 0.0422775 secs] [Times: user=0.18 sys=0.00, real=0.05 secs] 
15.383: [GC (Allocation Failure) [PSYoungGen: 289280K->62364K(490496K)] 727831K->500924K(1408000K), 0.0129480 secs] [Times: user=0.03 sys=0.01, real=0.02 secs] 
16.303: [GC (Allocation Failure) [PSYoungGen: 451484K->135598K(524800K)] 890044K->683788K(1442304K), 0.0277343 secs] [Times: user=0.02 sys=0.01, real=0.03 secs] 
17.137: [GC (Allocation Failure) [PSYoungGen: 524718K->159199K(485376K)] 1072908K->802674K(1402880K), 0.0395343 secs] [Times: user=0.05 sys=0.02, real=0.04 secs] 
18.484: [GC (Allocation Failure) [PSYoungGen: 485343K->81028K(512512K)] 1128818K->724819K(1430016K), 0.0096807 secs] [Times: user=0.01 sys=0.00, real=0.01 secs] 
18.865: [GC (Allocation Failure) [PSYoungGen: 407172K->179192K(460288K)] 1050963K->905729K(1377792K), 0.0291464 secs] [Times: user=0.03 sys=0.00, real=0.03 secs] 
19.803: [GC (Allocation Failure) [PSYoungGen: 460280K->157110K(438272K)] 1186817K->883920K(1355776K), 0.0205015 secs] [Times: user=0.03 sys=0.00, real=0.02 secs] 
22.153: [GC (Allocation Failure) [PSYoungGen: 438198K->57476K(482816K)] 1165008K->784473K(1400320K), 0.0099773 secs] [Times: user=0.02 sys=0.00, real=0.01 secs] 
22.490: [GC (Allocation Failure) [PSYoungGen: 315524K->206407K(464896K)] 1042521K->934658K(1382400K), 0.0225932 secs] [Times: user=0.03 sys=0.00, real=0.02 secs] 
22.854: [GC (Allocation Failure) [PSYoungGen: 464455K->205764K(465920K)] 1192706K->934425K(1383424K), 0.0224533 secs] [Times: user=0.03 sys=0.00, real=0.03 secs] 
24.899: [GC (Allocation Failure) [PSYoungGen: 438724K->45926K(465920K)] 1167385K->774723K(1383424K), 0.0070543 secs] [Times: user=0.03 sys=0.00, real=0.00 secs] 
25.865: [GC (Allocation Failure) [PSYoungGen: 278886K->103231K(465920K)] 1007683K->832511K(1383424K), 0.0125186 secs] [Times: user=0.02 sys=0.00, real=0.02 secs] 
26.141: [GC (Allocation Failure) [PSYoungGen: 336191K->184847K(465920K)] 1065471K->915382K(1383424K), 0.0204143 secs] [Times: user=0.03 sys=0.00, real=0.02 secs] 
26.426: [GC (Allocation Failure) [PSYoungGen: 417807K->184590K(465920K)] 1148342K->915406K(1383424K), 0.0202329 secs] [Times: user=0.03 sys=0.00, real=0.02 secs] 
27.889: [GC (Allocation Failure) [PSYoungGen: 417550K->42594K(465920K)] 1148366K->773674K(1383424K), 0.0076012 secs] [Times: user=0.04 sys=0.00, real=0.01 secs] 
29.221: [GC (GCLocker Initiated GC) [PSYoungGen: 275554K->110171K(465920K)] 1006634K->841571K(1383424K), 0.0125784 secs] [Times: user=0.02 sys=0.00, real=0.01 secs] 
29.497: [GC (Allocation Failure) [PSYoungGen: 343131K->183980K(465920K)] 1075657K->917759K(1383424K), 0.0204536 secs] [Times: user=0.03 sys=0.00, real=0.02 secs] 
29.787: [GC (Allocation Failure) [PSYoungGen: 416940K->184879K(465920K)] 1150719K->918803K(1383424K), 0.0204185 secs] [Times: user=0.02 sys=0.00, real=0.02 secs] 
31.661: [GC (Allocation Failure) [PSYoungGen: 417839K->35236K(465920K)] 1151763K->769328K(1383424K), 0.0080773 secs] [Times: user=0.04 sys=0.00, real=0.01 secs] 
33.333: [GC (Allocation Failure) [PSYoungGen: 268196K->119296K(465920K)] 1002288K->853705K(1383424K), 0.0136999 secs] [Times: user=0.03 sys=0.00, real=0.02 secs] 
33.610: [GC (Allocation Failure) [PSYoungGen: 352256K->183819K(465920K)] 1086665K->919481K(1383424K), 0.0205647 secs] [Times: user=0.03 sys=0.00, real=0.02 secs] 
34.372: [GC (Allocation Failure) [PSYoungGen: 416779K->179667K(465920K)] 1152441K->915610K(1383424K), 0.0271790 secs] [Times: user=0.04 sys=0.00, real=0.03 secs] 
35.871: [GC (Allocation Failure) [PSYoungGen: 412627K->32896K(465920K)] 1148570K->770287K(1383424K), 0.0046404 secs] [Times: user=0.02 sys=0.00, real=0.00 secs] 
36.474: [GC (Allocation Failure) [PSYoungGen: 265856K->127650K(465920K)] 1003247K->865073K(1383424K), 0.0144488 secs] [Times: user=0.02 sys=0.00, real=0.02 secs] 
36.752: [GC (Allocation Failure) [PSYoungGen: 360610K->185008K(465920K)] 1098033K->923685K(1383424K), 0.0204544 secs] [Times: user=0.03 sys=0.00, real=0.02 secs] 
37.786: [GC (Allocation Failure) [PSYoungGen: 417968K->171692K(465920K)] 1156645K->910763K(1383424K), 0.0312289 secs] [Times: user=0.05 sys=0.00, real=0.04 secs] 
40.852: [GC (Allocation Failure) [PSYoungGen: 404652K->96K(465920K)] 1143723K->740489K(1383424K), 0.0032875 secs] [Times: user=0.01 sys=0.00, real=0.00 secs] 
41.354: [GC (Allocation Failure) [PSYoungGen: 233056K->136390K(465920K)] 973449K->876807K(1383424K), 0.0154223 secs] [Times: user=0.02 sys=0.00, real=0.02 secs] 
41.679: [GC (Allocation Failure) [PSYoungGen: 369350K->184687K(465920K)] 1109767K->926358K(1383424K), 0.0205737 secs] [Times: user=0.03 sys=0.00, real=0.02 secs] 
42.219: [GC (Allocation Failure) [PSYoungGen: 417647K->163162K(465920K)] 1159318K->905122K(1383424K), 0.0242407 secs] [Times: user=0.04 sys=0.00, real=0.02 secs] 
43.987: [GC (Allocation Failure) [PSYoungGen: 396122K->96K(465920K)] 1138082K->743504K(1383424K), 0.0031561 secs] [Times: user=0.01 sys=0.00, real=0.00 secs] 
44.669: [GC (Allocation Failure) [PSYoungGen: 233056K->145193K(465920K)] 976464K->888626K(1383424K), 0.0162060 secs] [Times: user=0.03 sys=0.00, real=0.01 secs] 
44.948: [GC (Allocation Failure) [PSYoungGen: 378153K->184333K(465920K)] 1121586K->929027K(1383424K), 0.0202565 secs] [Times: user=0.02 sys=0.00, real=0.02 secs] 
45.514: [GC (Allocation Failure) [PSYoungGen: 417293K->161032K(465920K)] 1161987K->905999K(1383424K), 0.0200219 secs] [Times: user=0.03 sys=0.00, real=0.02 secs] 
46.439: [GC (Allocation Failure) [PSYoungGen: 393992K->96K(465920K)] 1138959K->746496K(1383424K), 0.0030907 secs] [Times: user=0.01 sys=0.00, real=0.00 secs] 
46.959: [GC (Allocation Failure) [PSYoungGen: 233056K->154286K(465920K)] 979456K->900703K(1383424K), 0.0170870 secs] [Times: user=0.03 sys=0.00, real=0.01 secs] 
47.238: [GC (Allocation Failure) [PSYoungGen: 387246K->184333K(465920K)] 1133663K->931996K(1383424K), 0.0205686 secs] [Times: user=0.03 sys=0.00, real=0.02 secs] 
47.910: [GC (Allocation Failure) [PSYoungGen: 417293K->151842K(465920K)] 1164956K->899770K(1383424K), 0.0188243 secs] [Times: user=0.03 sys=0.00, real=0.02 secs] 
48.929: [GC (Allocation Failure) [PSYoungGen: 384802K->64K(465920K)] 1132730K->749437K(1383424K), 0.0026411 secs] [Times: user=0.01 sys=0.00, real=0.00 secs] 
49.440: [GC (Allocation Failure) [PSYoungGen: 233009K->165468K(465920K)] 982382K->914857K(1383424K), 0.0184443 secs] [Times: user=0.03 sys=0.00, real=0.02 secs] 
49.783: [GC (Allocation Failure) [PSYoungGen: 398428K->186132K(465920K)] 1147817K->936904K(1383424K), 0.0207046 secs] [Times: user=0.03 sys=0.00, real=0.02 secs] 
50.392: [GC (Allocation Failure) [PSYoungGen: 414797K->138814K(465920K)] 1165569K->889858K(1383424K), 0.0178513 secs] [Times: user=0.03 sys=0.00, real=0.02 secs] 
51.278: [GC (Allocation Failure) [PSYoungGen: 371774K->96K(465920K)] 1122818K->752457K(1383424K), 0.0036956 secs] [Times: user=0.02 sys=0.00, real=0.00 secs] 
51.675: [GC (Allocation Failure) [PSYoungGen: 233056K->172794K(465920K)] 985417K->925179K(1383424K), 0.0190637 secs] [Times: user=0.03 sys=0.00, real=0.02 secs] 
51.962: [GC (Allocation Failure) [PSYoungGen: 405754K->184462K(465920K)] 1158139K->938101K(1383424K), 0.0202164 secs] [Times: user=0.03 sys=0.00, real=0.02 secs] 
52.437: [GC (Allocation Failure) [PSYoungGen: 417422K->141399K(465920K)] 1171061K->895303K(1383424K), 0.0236899 secs] [Times: user=0.04 sys=0.00, real=0.02 secs] 
53.370: [GC (Allocation Failure) [PSYoungGen: 374359K->96K(465920K)] 1128263K->755441K(1383424K), 0.0022384 secs] [Times: user=0.01 sys=0.00, real=0.00 secs] 
53.672: [GC (Allocation Failure) [PSYoungGen: 233056K->182369K(465920K)] 988401K->937739K(1383424K), 0.0199340 secs] [Times: user=0.02 sys=0.00, real=0.02 secs] 
53.955: [GC (Allocation Failure) [PSYoungGen: 415329K->184430K(465920K)] 1170699K->941053K(1383424K), 0.0205580 secs] [Times: user=0.02 sys=0.00, real=0.02 secs] 
55.305: [GC (Allocation Failure) [PSYoungGen: 417390K->131888K(465920K)] 1174013K->888785K(1383424K), 0.0265457 secs] [Times: user=0.04 sys=0.00, real=0.03 secs] 
57.702: [GC (Allocation Failure) [PSYoungGen: 364848K->7253K(465920K)] 1121745K->764466K(1383424K), 0.0037933 secs] [Times: user=0.01 sys=0.00, real=0.01 secs] 
58.017: [GC (Allocation Failure) [PSYoungGen: 240213K->183916K(465920K)] 997426K->942374K(1383424K), 0.0203373 secs] [Times: user=0.03 sys=0.00, real=0.02 secs] 
58.305: [GC (Allocation Failure) [PSYoungGen: 416876K->184462K(465920K)] 1175334K->943329K(1383424K), 0.0203228 secs] [Times: user=0.02 sys=0.00, real=0.02 secs] 
58.866: [GC (Allocation Failure) [PSYoungGen: 417422K->123180K(465920K)] 1176289K->882313K(1383424K), 0.0144017 secs] [Times: user=0.02 sys=0.00, real=0.02 secs] 
59.753: [GC (Allocation Failure) [PSYoungGen: 356140K->16638K(465920K)] 1115273K->775980K(1383424K), 0.0044999 secs] [Times: user=0.02 sys=0.00, real=0.01 secs] 
60.047: [GC (Allocation Failure) [PSYoungGen: 249598K->186325K(465920K)] 1008940K->946921K(1383424K), 0.0208758 secs] [Times: user=0.03 sys=0.00, real=0.02 secs] 
60.334: [GC (Allocation Failure) [PSYoungGen: 419285K->186068K(465920K)] 1179881K->946945K(1383424K), 0.0204954 secs] [Times: user=0.03 sys=0.00, real=0.02 secs] 
61.397: [GC (Allocation Failure) [PSYoungGen: 419028K->109669K(465920K)] 1179905K->870939K(1383424K), 0.0313494 secs] [Times: user=0.06 sys=0.00, real=0.03 secs] 
62.678: [GC (Allocation Failure) [PSYoungGen: 342594K->30615K(465920K)] 1103864K->792079K(1383424K), 0.0071865 secs] [Times: user=0.02 sys=0.00, real=0.00 secs] 
63.029: [GC (Allocation Failure) [PSYoungGen: 263575K->185715K(465920K)] 1025039K->948432K(1383424K), 0.0205097 secs] [Times: user=0.03 sys=0.00, real=0.02 secs] 
63.314: [GC (Allocation Failure) [PSYoungGen: 418675K->184398K(465920K)] 1181392K->947396K(1383424K), 0.0201412 secs] [Times: user=0.03 sys=0.00, real=0.02 secs] 
64.969: [GC (Allocation Failure) [PSYoungGen: 415557K->97958K(465920K)] 1178555K->861221K(1383424K), 0.0171563 secs] [Times: user=0.04 sys=0.00, real=0.02 secs] 
67.199: [GC (Allocation Failure) [PSYoungGen: 330918K->37845K(465920K)] 1094181K->801407K(1383424K), 0.0083807 secs] [Times: user=0.01 sys=0.00, real=0.01 secs] 
67.530: [GC (Allocation Failure) [PSYoungGen: 270805K->184173K(465920K)] 1034367K->948981K(1383424K), 0.0204423 secs] [Times: user=0.03 sys=0.00, real=0.02 secs] 
67.862: [GC (Allocation Failure) [PSYoungGen: 417133K->184044K(465920K)] 1181941K->949125K(1383424K), 0.0202578 secs] [Times: user=0.02 sys=0.00, real=0.02 secs] 
69.017: [GC (Allocation Failure) [PSYoungGen: 408973K->92672K(465920K)] 1174054K->858019K(1383424K), 0.0122519 secs] [Times: user=0.03 sys=0.00, real=0.01 secs] 
70.125: [GC (Allocation Failure) [PSYoungGen: 325632K->37909K(465920K)] 1090979K->803569K(1383424K), 0.0064893 secs] [Times: user=0.01 sys=0.00, real=0.01 secs] 
70.402: [GC (Allocation Failure) [PSYoungGen: 270869K->184558K(465920K)] 1036529K->951472K(1383424K), 0.0205508 secs] [Times: user=0.03 sys=0.01, real=0.02 secs] 
70.687: [GC (Allocation Failure) [PSYoungGen: 417518K->184590K(465920K)] 1184432K->951913K(1383424K), 0.0202389 secs] [Times: user=0.03 sys=0.00, real=0.02 secs] 
72.323: [GC (Allocation Failure) [PSYoungGen: 407082K->91741K(465920K)] 1174405K->859200K(1383424K), 0.0187712 secs] [Times: user=0.04 sys=0.00, real=0.02 secs] 
74.482: [GC (Allocation Failure) [PSYoungGen: 324701K->37812K(465920K)] 1092160K->805586K(1383424K), 0.0075203 secs] [Times: user=0.01 sys=0.00, real=0.01 secs] 
74.792: [GC (Allocation Failure) [PSYoungGen: 270772K->184462K(465920K)] 1038546K->953489K(1383424K), 0.0208695 secs] [Times: user=0.03 sys=0.00, real=0.02 secs] 
75.082: [GC (Allocation Failure) [PSYoungGen: 417422K->184526K(465920K)] 1186449K->953834K(1383424K), 0.0215930 secs] [Times: user=0.03 sys=0.00, real=0.02 secs] 
75.997: [GC (Allocation Failure) [PSYoungGen: 407584K->92030K(465920K)] 1176892K->861603K(1383424K), 0.0122287 secs] [Times: user=0.02 sys=0.00, real=0.01 secs] 
77.458: [GC (Allocation Failure) [PSYoungGen: 324990K->37812K(465920K)] 1094563K->807707K(1383424K), 0.0068442 secs] [Times: user=0.02 sys=0.00, real=0.00 secs] 
77.759: [GC (Allocation Failure) [PSYoungGen: 270772K->184462K(465920K)] 1040667K->955739K(1383424K), 0.0203980 secs] [Times: user=0.02 sys=0.00, real=0.02 secs] 
78.046: [GC (Allocation Failure) [PSYoungGen: 417422K->184494K(465920K)] 1188699K->955924K(1383424K), 0.0203567 secs] [Times: user=0.03 sys=0.00, real=0.02 secs] 
79.553: [GC (Allocation Failure) [PSYoungGen: 407554K->91982K(465920K)] 1178984K->863684K(1383424K), 0.0174814 secs] [Times: user=0.04 sys=0.00, real=0.02 secs] 
81.748: [GC (Allocation Failure) [PSYoungGen: 324942K->37234K(465920K)] 1096644K->809242K(1383424K), 0.0065573 secs] [Times: user=0.01 sys=0.00, real=0.00 secs] 
82.113: [GC (Allocation Failure) [PSYoungGen: 270194K->184430K(465920K)] 1042202K->957812K(1383424K), 0.0204231 secs] [Times: user=0.03 sys=0.00, real=0.02 secs] 
82.447: [GC (Allocation Failure) [PSYoungGen: 417390K->184526K(465920K)] 1190772K->958061K(1383424K), 0.0200957 secs] [Times: user=0.03 sys=0.00, real=0.02 secs] 
83.098: [GC (Allocation Failure) [PSYoungGen: 408096K->92544K(465920K)] 1181631K->866352K(1383424K), 0.0123860 secs] [Times: user=0.03 sys=0.00, real=0.01 secs] 
83.907: [GC (Allocation Failure) [PSYoungGen: 325504K->37877K(465920K)] 1099312K->811994K(1383424K), 0.0054736 secs] [Times: user=0.01 sys=0.00, real=0.00 secs] 
84.178: [GC (Allocation Failure) [PSYoungGen: 270837K->185008K(465920K)] 1044954K->960379K(1383424K), 0.0205433 secs] [Times: user=0.03 sys=0.00, real=0.02 secs] 
84.532: [GC (Allocation Failure) [PSYoungGen: 417968K->184333K(465920K)] 1193339K->960001K(1383424K), 0.0203435 secs] [Times: user=0.03 sys=0.00, real=0.02 secs] 
86.288: [GC (Allocation Failure) [PSYoungGen: 407037K->91644K(465920K)] 1182706K->867585K(1383424K), 0.0172439 secs] [Times: user=0.04 sys=0.00, real=0.01 secs] 
87.783: [GC (Allocation Failure) [PSYoungGen: 324604K->37748K(465920K)] 1100545K->814011K(1383424K), 0.0071538 secs] [Times: user=0.02 sys=0.00, real=0.01 secs] 
88.074: [GC (Allocation Failure) [PSYoungGen: 270708K->184719K(465920K)] 1046971K->962227K(1383424K), 0.0202437 secs] [Times: user=0.03 sys=0.00, real=0.02 secs] 
88.358: [GC (Allocation Failure) [PSYoungGen: 417679K->184719K(465920K)] 1195187K->962637K(1383424K), 0.0204494 secs] [Times: user=0.02 sys=0.00, real=0.02 secs] 
90.459: [GC (Allocation Failure) [PSYoungGen: 407406K->91644K(465920K)] 1185325K->869827K(1383424K), 0.0159539 secs] [Times: user=0.03 sys=0.00, real=0.01 secs] 
92.767: [GC (Allocation Failure) [PSYoungGen: 324604K->37617K(465920K)] 1102787K->815979K(1383424K), 0.0072696 secs] [Times: user=0.02 sys=0.00, real=0.00 secs] 
93.065: [GC (Allocation Failure) [PSYoungGen: 270577K->184976K(465920K)] 1048939K->964592K(1383424K), 0.0203621 secs] [Times: user=0.03 sys=0.00, real=0.02 secs] 
93.404: [GC (Allocation Failure) [PSYoungGen: 417936K->184333K(465920K)] 1197552K->964222K(1383424K), 0.0202680 secs] [Times: user=0.02 sys=0.00, real=0.02 secs] 
94.806: [GC (Allocation Failure) [PSYoungGen: 409562K->91901K(465920K)] 1189451K->872200K(1383424K), 0.0131273 secs] [Times: user=0.03 sys=0.00, real=0.02 secs] 
96.512: [GC (Allocation Failure) [PSYoungGen: 324861K->37523K(465920K)] 1105160K->818017K(1383424K), 0.0063501 secs] [Times: user=0.01 sys=0.00, real=0.01 secs] 
96.788: [GC (Allocation Failure) [PSYoungGen: 270483K->184719K(465920K)] 1050977K->966466K(1383424K), 0.0203208 secs] [Times: user=0.02 sys=0.00, real=0.02 secs] 
97.071: [GC (Allocation Failure) [PSYoungGen: 417679K->184494K(465920K)] 1199426K->966522K(1383424K), 0.0202117 secs] [Times: user=0.03 sys=0.00, real=0.02 secs] 
97.767: [GC (Allocation Failure) [PSYoungGen: 409522K->92142K(465920K)] 1191550K->874444K(1383424K), 0.0115513 secs] [Times: user=0.03 sys=0.00, real=0.01 secs] 
98.706: [GC (Allocation Failure) [PSYoungGen: 325102K->38005K(465920K)] 1107404K->820623K(1383424K), 0.0057049 secs] [Times: user=0.01 sys=0.00, real=0.01 secs] 
98.975: [GC (Allocation Failure) [PSYoungGen: 270965K->184847K(465920K)] 1053583K->968719K(1383424K), 0.0204155 secs] [Times: user=0.02 sys=0.00, real=0.02 secs] 
99.263: [GC (Allocation Failure) [PSYoungGen: 417807K->184655K(465920K)] 1201679K->968807K(1383424K), 0.0202535 secs] [Times: user=0.03 sys=0.00, real=0.02 secs] 
101.532: [GC (Allocation Failure) [PSYoungGen: 406610K->91178K(465920K)] 1190762K->875604K(1383424K), 0.0243777 secs] [Times: user=0.05 sys=0.00, real=0.03 secs] 
103.305: [GC (Allocation Failure) [PSYoungGen: 324138K->37748K(465920K)] 1108564K->822479K(1383424K), 0.0077435 secs] [Times: user=0.02 sys=0.00, real=0.01 secs] 
103.613: [GC (Allocation Failure) [PSYoungGen: 270708K->184590K(465920K)] 1055439K->970575K(1383424K), 0.0203589 secs] [Times: user=0.03 sys=0.00, real=0.02 secs] 
103.902: [GC (Allocation Failure) [PSYoungGen: 417550K->186357K(465920K)] 1203535K->972615K(1383424K), 0.0203614 secs] [Times: user=0.03 sys=0.00, real=0.02 secs] 
104.617: [GC (Allocation Failure) [PSYoungGen: 407551K->90102K(465920K)] 1193809K->876633K(1383424K), 0.0121102 secs] [Times: user=0.02 sys=0.00, real=0.01 secs] 
105.686: [GC (Allocation Failure) [PSYoungGen: 323062K->38198K(465920K)] 1109593K->825044K(1383424K), 0.0067276 secs] [Times: user=0.01 sys=0.00, real=0.01 secs] 
105.988: [GC (Allocation Failure) [PSYoungGen: 271158K->186389K(465920K)] 1058004K->974618K(1383424K), 0.0204893 secs] [Times: user=0.02 sys=0.00, real=0.02 secs] 
106.276: [GC (Allocation Failure) [PSYoungGen: 419349K->186068K(465920K)] 1207578K->974450K(1383424K), 0.0205142 secs] [Times: user=0.02 sys=0.00, real=0.03 secs] 
107.311: [GC (Allocation Failure) [PSYoungGen: 404858K->88142K(465920K)] 1193240K->876917K(1383424K), 0.0129801 secs] [Times: user=0.02 sys=0.00, real=0.01 secs] 
108.854: [GC (Allocation Failure) [PSYoungGen: 321102K->37812K(465920K)] 1109877K->826772K(1383424K), 0.0066942 secs] [Times: user=0.02 sys=0.00, real=0.01 secs] 
109.140: [GC (Allocation Failure) [PSYoungGen: 270772K->184205K(465920K)] 1059732K->974418K(1383424K), 0.0203293 secs] [Times: user=0.02 sys=0.00, real=0.02 secs] 
109.423: [GC (Allocation Failure) [PSYoungGen: 417165K->184398K(465920K)] 1207378K->975013K(1383424K), 0.0203933 secs] [Times: user=0.03 sys=0.00, real=0.02 secs] 
111.515: [GC (Allocation Failure) [PSYoungGen: 408040K->92383K(465920K)] 1198655K->883135K(1383424K), 0.0187800 secs] [Times: user=0.04 sys=0.00, real=0.02 secs] 
113.174: [GC (Allocation Failure) [PSYoungGen: 325343K->37909K(465920K)] 1116095K->828982K(1383424K), 0.0066902 secs] [Times: user=0.02 sys=0.00, real=0.01 secs] 
113.461: [GC (Allocation Failure) [PSYoungGen: 270869K->184462K(465920K)] 1061942K->976917K(1383424K), 0.0204300 secs] [Times: user=0.03 sys=0.00, real=0.02 secs] 
113.745: [GC (Allocation Failure) [PSYoungGen: 417422K->184590K(465920K)] 1209877K->977198K(1383424K), 0.0204402 secs] [Times: user=0.02 sys=0.00, real=0.02 secs] 
116.246: [GC (Allocation Failure) [PSYoungGen: 408661K->91853K(465920K)] 1201270K->884734K(1383424K), 0.0206911 secs] [Times: user=0.04 sys=0.00, real=0.03 secs] 
117.851: [GC (Allocation Failure) [PSYoungGen: 324813K->37556K(465920K)] 1117694K->830744K(1383424K), 0.0075360 secs] [Times: user=0.02 sys=0.00, real=0.01 secs] 
118.156: [GC (Allocation Failure) [PSYoungGen: 270516K->184590K(465920K)] 1063704K->979161K(1383424K), 0.0203082 secs] [Times: user=0.03 sys=0.00, real=0.03 secs] 
118.497: [GC (Allocation Failure) [PSYoungGen: 417550K->184462K(465920K)] 1212121K->979185K(1383424K), 0.0205882 secs] [Times: user=0.03 sys=0.00, real=0.02 secs] 
119.230: [GC (Allocation Failure) [PSYoungGen: 409512K->92110K(465920K)] 1204236K->887107K(1383424K), 0.0120268 secs] [Times: user=0.03 sys=0.00, real=0.01 secs] 
120.887: [GC (Allocation Failure) [PSYoungGen: 325070K->37716K(465920K)] 1120067K->833005K(1383424K), 0.0077126 secs] [Times: user=0.02 sys=0.00, real=0.00 secs] 
121.202: [GC (Allocation Failure) [PSYoungGen: 270676K->184847K(465920K)] 1065965K->981389K(1383424K), 0.0203607 secs] [Times: user=0.03 sys=0.00, real=0.02 secs] 
121.487: [GC (Allocation Failure) [PSYoungGen: 417807K->184687K(465920K)] 1214349K->981638K(1383424K), 0.0205845 secs] [Times: user=0.02 sys=0.00, real=0.02 secs] 
123.178: [GC (Allocation Failure) [PSYoungGen: 407230K->91484K(465920K)] 1204182K->888572K(1383424K), 0.0118025 secs] [Times: user=0.02 sys=0.00, real=0.01 secs] 
124.608: [GC (Allocation Failure) [PSYoungGen: 324444K->37427K(465920K)] 1121532K->834823K(1383424K), 0.0064867 secs] [Times: user=0.02 sys=0.00, real=0.00 secs] 
124.885: [GC (Allocation Failure) [PSYoungGen: 270387K->185008K(465920K)] 1067783K->983657K(1383424K), 0.0203843 secs] [Times: user=0.02 sys=0.00, real=0.02 secs] 
125.169: [GC (Allocation Failure) [PSYoungGen: 417968K->184141K(465920K)] 1216617K->983200K(1383424K), 0.0205361 secs] [Times: user=0.03 sys=0.00, real=0.02 secs] 
127.187: [GC (Allocation Failure) [PSYoungGen: 407457K->92158K(465920K)] 1206517K->891362K(1383424K), 0.0148295 secs] [Times: user=0.03 sys=0.00, real=0.01 secs] 
128.789: [GC (Allocation Failure) [PSYoungGen: 325118K->37041K(465920K)] 1124322K->836553K(1383424K), 0.0076306 secs] [Times: user=0.02 sys=0.00, real=0.01 secs] 
129.104: [GC (Allocation Failure) [PSYoungGen: 270001K->184687K(465920K)] 1069513K->985460K(1383424K), 0.0204819 secs] [Times: user=0.03 sys=0.00, real=0.02 secs] 
129.447: [GC (Allocation Failure) [PSYoungGen: 417647K->184109K(465920K)] 1218420K->985163K(1383424K), 0.0203777 secs] [Times: user=0.03 sys=0.00, real=0.02 secs] 
130.115: [GC (Allocation Failure) [PSYoungGen: 408357K->92929K(465920K)] 1209412K->894265K(1383424K), 0.0125913 secs] [Times: user=0.02 sys=0.00, real=0.02 secs] 
131.193: [GC (Allocation Failure) [PSYoungGen: 325889K->37909K(465920K)] 1127225K->839558K(1383424K), 0.0067902 secs] [Times: user=0.01 sys=0.00, real=0.01 secs] 
131.466: [GC (Allocation Failure) [PSYoungGen: 270869K->183690K(465920K)] 1072518K->986593K(1383424K), 0.0206242 secs] [Times: user=0.02 sys=0.00, real=0.02 secs] 
131.809: [GC (Allocation Failure) [PSYoungGen: 416650K->184430K(465920K)] 1219553K->987606K(1383424K), 0.0202468 secs] [Times: user=0.03 sys=0.00, real=0.02 secs] 
132.953: [GC (Allocation Failure) [PSYoungGen: 408707K->92801K(465920K)] 1211883K->896250K(1383424K), 0.0123489 secs] [Times: user=0.02 sys=0.00, real=0.01 secs] 
134.417: [GC (Allocation Failure) [PSYoungGen: 325761K->37748K(465920K)] 1129210K->841497K(1383424K), 0.0068778 secs] [Times: user=0.02 sys=0.00, real=0.00 secs] 
134.718: [GC (Allocation Failure) [PSYoungGen: 270708K->184944K(465920K)] 1074457K->989954K(1383424K), 0.0206011 secs] [Times: user=0.02 sys=0.00, real=0.02 secs] 
135.005: [GC (Allocation Failure) [PSYoungGen: 417904K->184141K(465920K)] 1222914K->989432K(1383424K), 0.0202677 secs] [Times: user=0.02 sys=0.00, real=0.02 secs] 
135.725: [GC (Allocation Failure) [PSYoungGen: 407488K->91885K(465920K)] 1212780K->897458K(1383424K), 0.0118655 secs] [Times: user=0.02 sys=0.00, real=0.02 secs] 
137.226: [GC (Allocation Failure) [PSYoungGen: 324845K->37748K(465920K)] 1130418K->843635K(1383424K), 0.0073340 secs] [Times: user=0.02 sys=0.00, real=0.00 secs] 
137.533: [GC (Allocation Failure) [PSYoungGen: 270708K->184398K(465920K)] 1076595K->991538K(1383424K), 0.0205038 secs] [Times: user=0.03 sys=0.00, real=0.02 secs] 
137.818: [GC (Allocation Failure) [PSYoungGen: 417358K->184365K(465920K)] 1224498K->991786K(1383424K), 0.0204002 secs] [Times: user=0.02 sys=0.00, real=0.02 secs] 
138.606: [GC (Allocation Failure) [PSYoungGen: 409407K->92255K(465920K)] 1216828K->900077K(1383424K), 0.0125148 secs] [Times: user=0.03 sys=0.00, real=0.01 secs] 
140.509: [GC (Allocation Failure) [PSYoungGen: 325215K->37491K(465920K)] 1133037K->845499K(1383424K), 0.0074799 secs] [Times: user=0.01 sys=0.00, real=0.01 secs] 
140.815: [GC (Allocation Failure) [PSYoungGen: 270451K->184687K(465920K)] 1078459K->993940K(1383424K), 0.0205278 secs] [Times: user=0.02 sys=0.00, real=0.02 secs] 
141.105: [GC (Allocation Failure) [PSYoungGen: 417647K->184687K(465920K)] 1226900K->994221K(1383424K), 0.0205435 secs] [Times: user=0.03 sys=0.00, real=0.02 secs] 
142.156: [GC (Allocation Failure) [PSYoungGen: 409801K->91837K(465920K)] 1219336K->901637K(1383424K), 0.0165106 secs] [Times: user=0.03 sys=0.00, real=0.01 secs] 
143.384: [GC (Allocation Failure) [PSYoungGen: 324797K->38037K(465920K)] 1134597K->848158K(1383424K), 0.0068052 secs] [Times: user=0.01 sys=0.00, real=0.01 secs] 
143.668: [GC (Allocation Failure) [PSYoungGen: 270997K->184815K(465920K)] 1081118K->996190K(1383424K), 0.0207112 secs] [Times: user=0.03 sys=0.00, real=0.02 secs] 
144.006: [GC (Allocation Failure) [PSYoungGen: 417775K->184623K(465920K)] 1229150K->996279K(1383424K), 0.0204148 secs] [Times: user=0.03 sys=0.00, real=0.02 secs] 
145.293: [GC (Allocation Failure) [PSYoungGen: 406598K->91226K(465920K)] 1218254K->903155K(1383424K), 0.0167025 secs] [Times: user=0.04 sys=0.00, real=0.02 secs] 
146.980: [GC (Allocation Failure) [PSYoungGen: 324186K->37845K(465920K)] 1136115K->850079K(1383424K), 0.0091788 secs] [Times: user=0.02 sys=0.00, real=0.01 secs] 
147.331: [GC (Allocation Failure) [PSYoungGen: 270805K->184430K(465920K)] 1083039K->997918K(1383424K), 0.0204744 secs] [Times: user=0.02 sys=0.00, real=0.02 secs] 
147.615: [GC (Allocation Failure) [PSYoungGen: 417390K->184558K(465920K)] 1230878K->998328K(1383424K), 0.0202966 secs] [Times: user=0.03 sys=0.00, real=0.02 secs] 
149.781: [GC (Allocation Failure) [PSYoungGen: 407088K->91869K(465920K)] 1220858K->905904K(1383424K), 0.0160176 secs] [Times: user=0.04 sys=0.00, real=0.02 secs] 
151.434: [GC (Allocation Failure) [PSYoungGen: 324829K->37941K(465920K)] 1138864K->852284K(1383424K), 0.0066449 secs] [Times: user=0.02 sys=0.00, real=0.01 secs] 
151.772: [GC (Allocation Failure) [PSYoungGen: 270901K->184430K(465920K)] 1085244K->1000026K(1383424K), 0.0205298 secs] [Times: user=0.02 sys=0.00, real=0.02 secs] 
152.060: [GC (Allocation Failure) [PSYoungGen: 417390K->184558K(465920K)] 1232986K->1000435K(1383424K), 0.0202392 secs] [Times: user=0.02 sys=0.00, real=0.02 secs] 
153.905: [GC (Allocation Failure) [PSYoungGen: 407087K->91741K(465920K)] 1222964K->907891K(1383424K), 0.0270307 secs] [Times: user=0.05 sys=0.00, real=0.03 secs] 
156.454: [GC (Allocation Failure) [PSYoungGen: 324701K->37620K(465920K)] 1140851K->854078K(1383424K), 0.0077914 secs] [Times: user=0.01 sys=0.00, real=0.01 secs] 
156.778: [GC (Allocation Failure) [PSYoungGen: 270580K->184687K(465920K)] 1087038K->1002399K(1383424K), 0.0205563 secs] [Times: user=0.03 sys=0.00, real=0.02 secs] 
157.073: [GC (Allocation Failure) [PSYoungGen: 417647K->186518K(465920K)] 1235359K->1004639K(1383424K), 0.0207297 secs] [Times: user=0.03 sys=0.00, real=0.02 secs] 
158.258: [GC (Allocation Failure) [PSYoungGen: 408306K->89941K(465920K)] 1226427K->908328K(1383424K), 0.0126075 secs] [Times: user=0.02 sys=0.01, real=0.01 secs] 
160.279: [GC (Allocation Failure) [PSYoungGen: 322901K->37395K(465920K)] 1141288K->855966K(1383424K), 0.0067332 secs] [Times: user=0.02 sys=0.00, real=0.00 secs] 
160.572: [GC (Allocation Failure) [PSYoungGen: 270355K->184462K(465920K)] 1088926K->1004279K(1383424K), 0.0205882 secs] [Times: user=0.03 sys=0.00, real=0.02 secs] 
160.856: [GC (Allocation Failure) [PSYoungGen: 417422K->184269K(465920K)] 1237239K->1004359K(1383424K), 0.0202737 secs] [Times: user=0.03 sys=0.00, real=0.02 secs] 
162.242: [GC (Allocation Failure) [PSYoungGen: 408175K->92624K(465920K)] 1228265K->912996K(1383424K), 0.0122443 secs] [Times: user=0.02 sys=0.00, real=0.01 secs] 
163.802: [GC (Allocation Failure) [PSYoungGen: 325584K->37877K(465920K)] 1145956K->858570K(1383424K), 0.0056955 secs] [Times: user=0.01 sys=0.00, real=0.01 secs] 
164.069: [GC (Allocation Failure) [PSYoungGen: 270837K->183787K(465920K)] 1091530K->1005734K(1383424K), 0.0204748 secs] [Times: user=0.03 sys=0.00, real=0.02 secs] 
164.353: [GC (Allocation Failure) [PSYoungGen: 416747K->184333K(465920K)] 1238694K->1006689K(1383424K), 0.0206271 secs] [Times: user=0.02 sys=0.00, real=0.02 secs] 
165.503: [GC (Allocation Failure) [PSYoungGen: 409597K->92769K(465920K)] 1231953K->915278K(1383424K), 0.0127825 secs] [Times: user=0.03 sys=0.00, real=0.01 secs] 
166.576: [GC (Allocation Failure) [PSYoungGen: 325729K->37780K(465920K)] 1148238K->860603K(1383424K), 0.0078355 secs] [Times: user=0.02 sys=0.00, real=0.01 secs] 
166.933: [GC (Allocation Failure) [PSYoungGen: 270740K->184719K(465920K)] 1093563K->1008787K(1383424K), 0.0206397 secs] [Times: user=0.03 sys=0.00, real=0.02 secs] 
167.275: [GC (Allocation Failure) [PSYoungGen: 417679K->184623K(465920K)] 1241747K->1009092K(1383424K), 0.0247011 secs] [Times: user=0.03 sys=0.00, real=0.03 secs] 
167.891: [GC (Allocation Failure) [PSYoungGen: 407324K->91628K(465920K)] 1231793K->916379K(1383424K), 0.0124519 secs] [Times: user=0.03 sys=0.00, real=0.01 secs] 
168.845: [GC (Allocation Failure) [PSYoungGen: 324588K->38005K(465920K)] 1149339K->862941K(1383424K), 0.0074387 secs] [Times: user=0.02 sys=0.00, real=0.01 secs] 
169.151: [GC (Allocation Failure) [PSYoungGen: 270965K->183916K(465920K)] 1095901K->1010105K(1383424K), 0.0204811 secs] [Times: user=0.03 sys=0.00, real=0.02 secs] 
169.434: [GC (Allocation Failure) [PSYoungGen: 416876K->184398K(465920K)] 1243065K->1010860K(1383424K), 0.0202141 secs] [Times: user=0.03 sys=0.00, real=0.02 secs] 
171.262: [GC (Allocation Failure) [PSYoungGen: 409609K->92383K(465920K)] 1236071K->919127K(1383424K), 0.0206449 secs] [Times: user=0.04 sys=0.00, real=0.02 secs] 
173.139: [GC (Allocation Failure) [PSYoungGen: 325343K->38166K(465920K)] 1152087K->865223K(1383424K), 0.0064588 secs] [Times: user=0.01 sys=0.00, real=0.00 secs] 
173.499: [GC (Allocation Failure) [PSYoungGen: 271126K->184687K(465920K)] 1098183K->1012998K(1383424K), 0.0206399 secs] [Times: user=0.02 sys=0.00, real=0.02 secs] 
173.787: [GC (Allocation Failure) [PSYoungGen: 417647K->184623K(465920K)] 1245958K->1013207K(1383424K), 0.0203274 secs] [Times: user=0.03 sys=0.00, real=0.02 secs] 
176.567: [GC (Allocation Failure) [PSYoungGen: 407226K->91258K(465920K)] 1235810K->920116K(1383424K), 0.0145225 secs] [Times: user=0.04 sys=0.00, real=0.01 secs] 
178.994: [GC (Allocation Failure) [PSYoungGen: 324218K->38294K(465920K)] 1153076K->867457K(1383424K), 0.0076746 secs] [Times: user=0.02 sys=0.00, real=0.01 secs] 
179.306: [GC (Allocation Failure) [PSYoungGen: 271254K->184237K(465920K)] 1100417K->1014653K(1383424K), 0.0206280 secs] [Times: user=0.03 sys=0.00, real=0.02 secs] 
179.590: [GC (Allocation Failure) [PSYoungGen: 417197K->184623K(465920K)] 1247613K->1015312K(1383424K), 0.0203750 secs] [Times: user=0.03 sys=0.01, real=0.02 secs] 
180.600: [GC (Allocation Failure) [PSYoungGen: 407627K->91580K(465920K)] 1238317K->922543K(1383424K), 0.0121663 secs] [Times: user=0.02 sys=0.00, real=0.01 secs] 
181.741: [GC (Allocation Failure) [PSYoungGen: 324540K->38005K(465920K)] 1155503K->869289K(1383424K), 0.0069649 secs] [Times: user=0.02 sys=0.00, real=0.01 secs] 
182.107: [GC (Allocation Failure) [PSYoungGen: 270965K->184558K(465920K)] 1102249K->1017088K(1383424K), 0.0205545 secs] [Times: user=0.03 sys=0.00, real=0.02 secs] 
182.393: [GC (Allocation Failure) [PSYoungGen: 417518K->184719K(465920K)] 1250048K->1017530K(1383424K), 0.0202107 secs] [Times: user=0.03 sys=0.00, real=0.02 secs] 
183.612: [GC (Allocation Failure) [PSYoungGen: 407165K->91467K(465920K)] 1239976K->924680K(1383424K), 0.0169420 secs] [Times: user=0.04 sys=0.00, real=0.02 secs] 
184.505: [GC (Allocation Failure) [PSYoungGen: 324427K->38198K(465920K)] 1157640K->871595K(1383424K), 0.0056313 secs] [Times: user=0.01 sys=0.00, real=0.01 secs] 
184.834: [GC (Allocation Failure) [PSYoungGen: 271158K->184687K(465920K)] 1104555K->1019474K(1383424K), 0.0205107 secs] [Times: user=0.03 sys=0.00, real=0.02 secs] 
185.121: [GC (Allocation Failure) [PSYoungGen: 417647K->184623K(465920K)] 1252434K->1019555K(1383424K), 0.0203320 secs] [Times: user=0.03 sys=0.00, real=0.02 secs] 
187.289: [GC (Allocation Failure) [PSYoungGen: 407057K->91258K(465920K)] 1241990K->926464K(1383424K), 0.0245499 secs] [Times: user=0.05 sys=0.00, real=0.02 secs] 
188.145: [GC (Allocation Failure) [PSYoungGen: 324218K->38037K(465920K)] 1159424K->873556K(1383424K), 0.0057068 secs] [Times: user=0.01 sys=0.00, real=0.01 secs] 
188.414: [GC (Allocation Failure) [PSYoungGen: 270997K->183787K(465920K)] 1106516K->1020560K(1383424K), 0.0204305 secs] [Times: user=0.03 sys=0.00, real=0.02 secs] 
188.698: [GC (Allocation Failure) [PSYoungGen: 416747K->184430K(465920K)] 1253520K->1021483K(1383424K), 0.0204102 secs] [Times: user=0.03 sys=0.00, real=0.02 secs] 
190.485: [GC (Allocation Failure) [PSYoungGen: 409529K->92544K(465920K)] 1246583K->929999K(1383424K), 0.0165268 secs] [Times: user=0.03 sys=0.00, real=0.02 secs] 
192.362: [GC (Allocation Failure) [PSYoungGen: 325504K->38134K(465920K)] 1162959K->875777K(1383424K), 0.0058409 secs] [Times: user=0.01 sys=0.00, real=0.01 secs] 
192.692: [GC (Allocation Failure) [PSYoungGen: 271094K->184558K(465920K)] 1108737K->1023447K(1383424K), 0.0205556 secs] [Times: user=0.03 sys=0.00, real=0.02 secs] 
192.975: [GC (Allocation Failure) [PSYoungGen: 417518K->184623K(465920K)] 1256407K->1023784K(1383424K), 0.0204532 secs] [Times: user=0.03 sys=0.00, real=0.02 secs] 
195.267: [GC (Allocation Failure) [PSYoungGen: 407187K->91387K(465920K)] 1246348K->930822K(1383424K), 0.0200612 secs] [Times: user=0.04 sys=0.00, real=0.02 secs] 
197.535: [GC (Allocation Failure) [PSYoungGen: 324347K->37973K(465920K)] 1163782K->877724K(1383424K), 0.0070636 secs] [Times: user=0.02 sys=0.00, real=0.01 secs] 
197.822: [GC (Allocation Failure) [PSYoungGen: 270933K->184719K(465920K)] 1110684K->1025723K(1383424K), 0.0202868 secs] [Times: user=0.03 sys=0.00, real=0.02 secs] 
198.164: [GC (Allocation Failure) [PSYoungGen: 417679K->184719K(465920K)] 1258683K->1026004K(1383424K), 0.0205123 secs] [Times: user=0.03 sys=0.01, real=0.02 secs] 
200.820: [GC (Allocation Failure) [PSYoungGen: 407261K->91355K(465920K)] 1248546K->932913K(1383424K), 0.0143244 secs] [Times: user=0.03 sys=0.00, real=0.01 secs] 
201.838: [GC (Allocation Failure) [PSYoungGen: 324315K->37716K(465920K)] 1165873K->879596K(1383424K), 0.0061616 secs] [Times: user=0.02 sys=0.00, real=0.00 secs] 
202.106: [GC (Allocation Failure) [PSYoungGen: 270676K->183658K(465920K)] 1112556K->1026792K(1383424K), 0.0203345 secs] [Times: user=0.02 sys=0.00, real=0.02 secs] 
202.393: [GC (Allocation Failure) [PSYoungGen: 416618K->184366K(465920K)] 1259752K->1027772K(1383424K), 0.0203094 secs] [Times: user=0.03 sys=0.00, real=0.02 secs] 
203.894: [GC (Allocation Failure) [PSYoungGen: 408172K->92865K(465920K)] 1251578K->936537K(1383424K), 0.0171702 secs] [Times: user=0.04 sys=0.00, real=0.02 secs] 
205.931: [GC (Allocation Failure) [PSYoungGen: 325825K->38102K(465920K)] 1169497K->882082K(1383424K), 0.0070672 secs] [Times: user=0.02 sys=0.00, real=0.01 secs] 
206.289: [GC (Allocation Failure) [PSYoungGen: 271062K->184462K(465920K)] 1115042K->1029695K(1383424K), 0.0205562 secs] [Times: user=0.03 sys=0.00, real=0.02 secs] 
206.572: [GC (Allocation Failure) [PSYoungGen: 417422K->184333K(465920K)] 1262655K->1029840K(1383424K), 0.0202362 secs] [Times: user=0.03 sys=0.00, real=0.02 secs] 
207.187: [GC (Allocation Failure) [PSYoungGen: 404760K->91869K(465920K)] 1250267K->937777K(1383424K), 0.0122771 secs] [Times: user=0.03 sys=0.00, real=0.01 secs] 
208.613: [GC (Allocation Failure) [PSYoungGen: 324829K->37620K(465920K)] 1170737K->883705K(1383424K), 0.0068792 secs] [Times: user=0.01 sys=0.00, real=0.01 secs] 
208.902: [GC (Allocation Failure) [PSYoungGen: 270580K->184719K(465920K)] 1116665K->1032058K(1383424K), 0.0204447 secs] [Times: user=0.03 sys=0.00, real=0.02 secs] 
209.248: [GC (Allocation Failure) [PSYoungGen: 417679K->186422K(465920K)] 1265018K->1034034K(1383424K), 0.0205700 secs] [Times: user=0.03 sys=0.00, real=0.02 secs] 
209.890: [GC (Allocation Failure) [PSYoungGen: 408318K->89941K(465920K)] 1255930K->937826K(1383424K), 0.0122029 secs] [Times: user=0.02 sys=0.00, real=0.01 secs] 
211.275: [GC (Allocation Failure) [PSYoungGen: 322901K->37620K(465920K)] 1170786K->885826K(1383424K), 0.0068324 secs] [Times: user=0.01 sys=0.00, real=0.01 secs] 
211.557: [GC (Allocation Failure) [PSYoungGen: 270580K->184847K(465920K)] 1118786K->1034308K(1383424K), 0.0204329 secs] [Times: user=0.03 sys=0.00, real=0.02 secs] 
211.901: [GC (Allocation Failure) [PSYoungGen: 417807K->184237K(465920K)] 1267268K->1033970K(1383424K), 0.0204160 secs] [Times: user=0.03 sys=0.00, real=0.02 secs] 
213.952: [GC (Allocation Failure) [PSYoungGen: 404919K->92126K(465920K)] 1254653K->942125K(1383424K), 0.0165952 secs] [Times: user=0.03 sys=0.00, real=0.02 secs] 
216.065: [GC (Allocation Failure) [PSYoungGen: 325086K->38230K(465920K)] 1175085K->888542K(1383424K), 0.0066376 secs] [Times: user=0.01 sys=0.00, real=0.01 secs] 
216.421: [GC (Allocation Failure) [PSYoungGen: 271190K->184719K(465920K)] 1121502K->1036292K(1383424K), 0.0203715 secs] [Times: user=0.02 sys=0.00, real=0.02 secs] 
216.705: [GC (Allocation Failure) [PSYoungGen: 417679K->184687K(465920K)] 1269252K->1036670K(1383424K), 0.0205918 secs] [Times: user=0.03 sys=0.00, real=0.02 secs] 
217.934: [GC (Allocation Failure) [PSYoungGen: 407124K->91210K(465920K)] 1259108K->943467K(1383424K), 0.0137277 secs] [Times: user=0.03 sys=0.00, real=0.02 secs] 
219.035: [GC (Allocation Failure) [PSYoungGen: 324170K->37813K(465920K)] 1176427K->890254K(1383424K), 0.0074853 secs] [Times: user=0.02 sys=0.00, real=0.01 secs] 
219.429: [GC (Allocation Failure) [PSYoungGen: 270773K->184719K(465920K)] 1123214K->1038542K(1383424K), 0.0203898 secs] [Times: user=0.02 sys=0.00, real=0.02 secs] 
219.713: [GC (Allocation Failure) [PSYoungGen: 417679K->184719K(465920K)] 1271502K->1038695K(1383424K), 0.0203901 secs] [Times: user=0.02 sys=0.00, real=0.02 secs] 
221.574: [GC (Allocation Failure) [PSYoungGen: 407280K->91499K(465920K)] 1261257K->945749K(1383424K), 0.0146313 secs] [Times: user=0.03 sys=0.00, real=0.02 secs] 
224.190: [GC (Allocation Failure) [PSYoungGen: 324459K->37877K(465920K)] 1178709K->892432K(1383424K), 0.0086308 secs] [Times: user=0.02 sys=0.01, real=0.01 secs] 
224.581: [GC (Allocation Failure) [PSYoungGen: 270837K->184719K(465920K)] 1125392K->1040535K(1383424K), 0.0207781 secs] [Times: user=0.03 sys=0.00, real=0.02 secs] 
224.865: [GC (Allocation Failure) [PSYoungGen: 417679K->184687K(465920K)] 1273495K->1040784K(1383424K), 0.0205835 secs] [Times: user=0.02 sys=0.00, real=0.02 secs] 
226.361: [GC (Allocation Failure) [PSYoungGen: 407239K->91516K(465920K)] 1263337K->947894K(1383424K), 0.0122117 secs] [Times: user=0.03 sys=0.00, real=0.01 secs] 
227.256: [GC (Allocation Failure) [PSYoungGen: 324476K->38037K(465920K)] 1180854K->894734K(1383424K), 0.0055756 secs] [Times: user=0.01 sys=0.00, real=0.00 secs] 
227.526: [GC (Allocation Failure) [PSYoungGen: 270997K->184719K(465920K)] 1127694K->1042797K(1383424K), 0.0204398 secs] [Times: user=0.03 sys=0.00, real=0.02 secs] 
227.810: [GC (Allocation Failure) [PSYoungGen: 417679K->184687K(465920K)] 1275757K->1042910K(1383424K), 0.0205352 secs] [Times: user=0.03 sys=0.00, real=0.02 secs] 
229.194: [GC (Allocation Failure) [PSYoungGen: 407245K->91355K(465920K)] 1265468K->949851K(1383424K), 0.0191700 secs] [Times: user=0.04 sys=0.00, real=0.02 secs] 
230.470: [GC (Allocation Failure) [PSYoungGen: 324315K->37812K(465920K)] 1182811K->896638K(1383424K), 0.0064420 secs] [Times: user=0.02 sys=0.00, real=0.01 secs] 
230.748: [GC (Allocation Failure) [PSYoungGen: 270772K->183948K(465920K)] 1129598K->1044019K(1383424K), 0.0204307 secs] [Times: user=0.03 sys=0.00, real=0.02 secs] 
231.031: [GC (Allocation Failure) [PSYoungGen: 416908K->184430K(465920K)] 1276979K->1044782K(1383424K), 0.0205480 secs] [Times: user=0.03 sys=0.00, real=0.02 secs] 
232.605: [GC (Allocation Failure) [PSYoungGen: 408249K->92672K(465920K)] 1268602K->953298K(1383424K), 0.0163903 secs] [Times: user=0.04 sys=0.00, real=0.02 secs] 
234.585: [GC (Allocation Failure) [PSYoungGen: 325632K->37491K(465920K)] 1186258K->898422K(1383424K), 0.0077857 secs] [Times: user=0.02 sys=0.00, real=0.01 secs] 
234.893: [GC (Allocation Failure) [PSYoungGen: 270451K->184462K(465920K)] 1131382K->1046647K(1383424K), 0.0203114 secs] [Times: user=0.03 sys=0.00, real=0.02 secs] 
235.230: [GC (Allocation Failure) [PSYoungGen: 417422K->184333K(465920K)] 1279607K->1046799K(1383424K), 0.0205408 secs] [Times: user=0.03 sys=0.00, real=0.02 secs] 
236.622: [GC (Allocation Failure) [PSYoungGen: 409368K->92528K(465920K)] 1271834K->955387K(1383424K), 0.0140296 secs] [Times: user=0.03 sys=0.00, real=0.01 secs] 
238.960: [GC (Allocation Failure) [PSYoungGen: 325488K->37716K(465920K)] 1188347K->900745K(1383424K), 0.0078423 secs] [Times: user=0.02 sys=0.00, real=0.01 secs] 
239.284: [GC (Allocation Failure) [PSYoungGen: 270676K->184719K(465920K)] 1133705K->1048993K(1383424K), 0.0205754 secs] [Times: user=0.03 sys=0.00, real=0.02 secs] 
239.570: [GC (Allocation Failure) [PSYoungGen: 417679K->184687K(465920K)] 1281953K->1049242K(1383424K), 0.0204000 secs] [Times: user=0.02 sys=0.00, real=0.02 secs] 
240.904: [GC (Allocation Failure) [PSYoungGen: 407244K->91644K(465920K)] 1271799K->956480K(1383424K), 0.0125142 secs] [Times: user=0.03 sys=0.00, real=0.02 secs] 
241.840: [GC (Allocation Failure) [PSYoungGen: 324604K->38037K(465920K)] 1189440K->903175K(1383424K), 0.0059341 secs] [Times: user=0.01 sys=0.00, real=0.00 secs] 
242.167: [GC (Allocation Failure) [PSYoungGen: 270997K->183819K(465920K)] 1136135K->1050211K(1383424K), 0.0206078 secs] [Times: user=0.03 sys=0.00, real=0.02 secs] 
242.451: [GC (Allocation Failure) [PSYoungGen: 416779K->184719K(465920K)] 1283171K->1051383K(1383424K), 0.0206028 secs] [Times: user=0.02 sys=0.01, real=0.02 secs] 
243.085: [GC (Allocation Failure) [PSYoungGen: 410137K->92223K(465920K)] 1276802K->959152K(1383424K), 0.0111762 secs] [Times: user=0.03 sys=0.00, real=0.01 secs] 
244.636: [GC (Allocation Failure) [PSYoungGen: 325183K->37684K(465920K)] 1192112K->904935K(1383424K), 0.0069452 secs] [Times: user=0.01 sys=0.00, real=0.01 secs] 
245.001: [GC (Allocation Failure) [PSYoungGen: 270644K->184205K(465920K)] 1137895K->1052718K(1383424K), 0.0207510 secs] [Times: user=0.03 sys=0.00, real=0.02 secs] 
245.345: [GC (Allocation Failure) [PSYoungGen: 417165K->184590K(465920K)] 1285678K->1053384K(1383424K), 0.0203682 secs] [Times: user=0.03 sys=0.00, real=0.02 secs] 
246.622: [GC (Allocation Failure) [PSYoungGen: 408188K->92383K(465920K)] 1276982K->961442K(1383424K), 0.0195082 secs] [Times: user=0.04 sys=0.00, real=0.02 secs] 
248.460: [GC (Allocation Failure) [PSYoungGen: 325343K->37748K(465920K)] 1194402K->907129K(1383424K), 0.0074118 secs] [Times: user=0.02 sys=0.00, real=0.01 secs] 
248.761: [GC (Allocation Failure) [PSYoungGen: 270708K->184462K(465920K)] 1140089K->1055225K(1383424K), 0.0207368 secs] [Times: user=0.03 sys=0.00, real=0.02 secs] 
249.045: [GC (Allocation Failure) [PSYoungGen: 417422K->184494K(465920K)] 1288185K->1055402K(1383424K), 0.0203270 secs] [Times: user=0.03 sys=0.00, real=0.02 secs] 
250.062: [GC (Allocation Failure) [PSYoungGen: 407541K->91982K(465920K)] 1278449K->963162K(1383424K), 0.0125335 secs] [Times: user=0.02 sys=0.00, real=0.01 secs] 
251.263: [GC (Allocation Failure) [PSYoungGen: 324942K->37813K(465920K)] 1196122K->909291K(1383424K), 0.0076420 secs] [Times: user=0.02 sys=0.00, real=0.01 secs] 
251.649: [GC (Allocation Failure) [PSYoungGen: 270773K->184430K(465920K)] 1142251K->1057162K(1383424K), 0.0206263 secs] [Times: user=0.03 sys=0.00, real=0.02 secs] 
251.932: [GC (Allocation Failure) [PSYoungGen: 417390K->184526K(465920K)] 1290122K->1057531K(1383424K), 0.0203885 secs] [Times: user=0.03 sys=0.00, real=0.02 secs] 
252.896: [GC (Allocation Failure) [PSYoungGen: 407064K->91901K(465920K)] 1280069K->965171K(1383424K), 0.0123397 secs] [Times: user=0.03 sys=0.00, real=0.01 secs] 
253.831: [GC (Allocation Failure) [PSYoungGen: 324861K->37909K(465920K)] 1198131K->911494K(1383424K), 0.0056129 secs] [Times: user=0.01 sys=0.00, real=0.01 secs] 
254.100: [GC (Allocation Failure) [PSYoungGen: 270869K->184815K(465920K)] 1144454K->1059655K(1383424K), 0.0206466 secs] [Times: user=0.03 sys=0.00, real=0.02 secs] 
254.387: [GC (Allocation Failure) [PSYoungGen: 417775K->184879K(465920K)] 1292615K->1060000K(1383424K), 0.0204834 secs] [Times: user=0.03 sys=0.00, real=0.02 secs] 
255.120: [GC (Allocation Failure) [PSYoungGen: 407200K->91258K(465920K)] 1282320K->966668K(1383424K), 0.0117800 secs] [Times: user=0.03 sys=0.00, real=0.01 secs] 
256.034: [GC (Allocation Failure) [PSYoungGen: 324218K->38037K(465920K)] 1199628K->913760K(1383424K), 0.0064055 secs] [Times: user=0.01 sys=0.00, real=0.01 secs] 
256.304: [GC (Allocation Failure) [PSYoungGen: 270997K->184173K(465920K)] 1146720K->1061141K(1383424K), 0.0205715 secs] [Times: user=0.03 sys=0.00, real=0.02 secs] 
256.647: [GC (Allocation Failure) [PSYoungGen: 417133K->186518K(465920K)] 1294101K->1063760K(1383424K), 0.0206584 secs] [Times: user=0.03 sys=0.00, real=0.02 secs] 
257.856: [GC (Allocation Failure) [PSYoungGen: 408564K->90070K(465920K)] 1285805K->967577K(1383424K), 0.0143845 secs] [Times: user=0.03 sys=0.00, real=0.02 secs] 
259.449: [GC (Allocation Failure) [PSYoungGen: 323030K->37652K(465920K)] 1200537K->915480K(1383424K), 0.0067948 secs] [Times: user=0.02 sys=0.00, real=0.00 secs] 
259.823: [GC (Allocation Failure) [PSYoungGen: 270612K->184205K(465920K)] 1148440K->1063287K(1383424K), 0.0205970 secs] [Times: user=0.03 sys=0.01, real=0.02 secs] 
260.110: [GC (Allocation Failure) [PSYoungGen: 417165K->184012K(465920K)] 1296247K->1063367K(1383424K), 0.0202147 secs] [Times: user=0.03 sys=0.00, real=0.02 secs] 
260.810: [GC (Allocation Failure) [PSYoungGen: 408925K->92929K(465920K)] 1288281K->972558K(1383424K), 0.0129197 secs] [Times: user=0.03 sys=0.00, real=0.01 secs] 
261.653: [GC (Allocation Failure) [PSYoungGen: 325889K->38005K(465920K)] 1205518K->917939K(1383424K), 0.0056375 secs] [Times: user=0.01 sys=0.00, real=0.01 secs] 
261.922: [GC (Allocation Failure) [PSYoungGen: 270965K->184430K(465920K)] 1150899K->1065746K(1383424K), 0.0206412 secs] [Times: user=0.03 sys=0.00, real=0.02 secs] 
262.205: [GC (Allocation Failure) [PSYoungGen: 417390K->184333K(465920K)] 1298706K->1065802K(1383424K), 0.0203484 secs] [Times: user=0.03 sys=0.00, real=0.02 secs] 
264.987: [GC (Allocation Failure) [PSYoungGen: 410649K->92030K(465920K)] 1292118K->973779K(1383424K), 0.0192734 secs] [Times: user=0.04 sys=0.00, real=0.02 secs] 
265.920: [GC (Allocation Failure) [PSYoungGen: 324990K->37555K(465920K)] 1206739K->919629K(1383424K), 0.0074489 secs] [Times: user=0.02 sys=0.00, real=0.01 secs] 
266.321: [GC (Allocation Failure) [PSYoungGen: 270515K->183690K(465920K)] 1152589K->1067018K(1383424K), 0.0206351 secs] [Times: user=0.03 sys=0.00, real=0.02 secs] 
266.604: [GC (Allocation Failure) [PSYoungGen: 416650K->183723K(465920K)] 1299978K->1067323K(1383424K), 0.0201943 secs] [Times: user=0.03 sys=0.00, real=0.02 secs] 
267.359: [GC (Allocation Failure) [PSYoungGen: 410741K->93797K(465920K)] 1294341K->977670K(1383424K), 0.0128001 secs] [Times: user=0.03 sys=0.00, real=0.01 secs] 
268.300: [GC (Allocation Failure) [PSYoungGen: 326757K->38166K(465920K)] 1210630K->922361K(1383424K), 0.0059581 secs] [Times: user=0.01 sys=0.00, real=0.00 secs] 
268.635: [GC (Allocation Failure) [PSYoungGen: 271126K->183530K(465920K)] 1155321K->1068978K(1383424K), 0.0205727 secs] [Times: user=0.03 sys=0.00, real=0.02 secs] 
268.923: [GC (Allocation Failure) [PSYoungGen: 416490K->183916K(465920K)] 1301938K->1069645K(1383424K), 0.0204988 secs] [Times: user=0.03 sys=0.00, real=0.02 secs] 
270.669: [GC (Allocation Failure) [PSYoungGen: 410311K->93186K(465920K)] 1296041K->979189K(1383424K), 0.0254060 secs] [Times: user=0.06 sys=0.00, real=0.02 secs] 
271.990: [GC (Allocation Failure) [PSYoungGen: 326146K->37877K(465920K)] 1212149K->924193K(1383424K), 0.0067213 secs] [Times: user=0.01 sys=0.00, real=0.01 secs] 
272.333: [GC (Allocation Failure) [PSYoungGen: 270837K->184976K(465920K)] 1157153K->1072674K(1383424K), 0.0206063 secs] [Times: user=0.03 sys=0.00, real=0.02 secs] 
272.617: [GC (Allocation Failure) [PSYoungGen: 417936K->184719K(465920K)] 1305634K->1072690K(1383424K), 0.0204565 secs] [Times: user=0.03 sys=0.00, real=0.02 secs] 
273.606: [GC (Allocation Failure) [PSYoungGen: 407138K->91226K(465920K)] 1295109K->979334K(1383424K), 0.0134318 secs] [Times: user=0.02 sys=0.00, real=0.01 secs] 
275.543: [GC (Allocation Failure) [PSYoungGen: 324186K->37716K(465920K)] 1212294K->926132K(1383424K), 0.0075947 secs] [Times: user=0.02 sys=0.00, real=0.01 secs] 
275.855: [GC (Allocation Failure) [PSYoungGen: 270676K->184687K(465920K)] 1159092K->1074348K(1383424K), 0.0209167 secs] [Times: user=0.03 sys=0.01, real=0.03 secs] 
276.204: [GC (Allocation Failure) [PSYoungGen: 417647K->184687K(465920K)] 1307308K->1074629K(1383424K), 0.0203483 secs] [Times: user=0.03 sys=0.00, real=0.02 secs] 
276.989: [GC (Allocation Failure) [PSYoungGen: 407248K->91612K(465920K)] 1297191K->981820K(1383424K), 0.0124935 secs] [Times: user=0.03 sys=0.00, real=0.01 secs] 
279.555: [GC (Allocation Failure) [PSYoungGen: 324572K->37491K(465920K)] 1214780K->927997K(1383424K), 0.0076143 secs] [Times: user=0.01 sys=0.00, real=0.01 secs] 
279.866: [GC (Allocation Failure) [PSYoungGen: 270451K->183787K(465920K)] 1160957K->1075546K(1383424K), 0.0205983 secs] [Times: user=0.03 sys=0.00, real=0.02 secs] 
280.215: [GC (Allocation Failure) [PSYoungGen: 416747K->184687K(465920K)] 1308506K->1076727K(1383424K), 0.0204363 secs] [Times: user=0.03 sys=0.00, real=0.02 secs] 
281.489: [GC (Allocation Failure) [PSYoungGen: 410114K->92769K(465920K)] 1302154K->985074K(1383424K), 0.0138593 secs] [Times: user=0.03 sys=0.01, real=0.01 secs] 
282.654: [GC (Allocation Failure) [PSYoungGen: 325729K->37780K(465920K)] 1218034K->930407K(1383424K), 0.0061911 secs] [Times: user=0.02 sys=0.00, real=0.01 secs] 
282.982: [GC (Allocation Failure) [PSYoungGen: 270740K->184558K(465920K)] 1163367K->1078439K(1383424K), 0.0207053 secs] [Times: user=0.03 sys=0.00, real=0.02 secs] 
283.265: [GC (Allocation Failure) [PSYoungGen: 417518K->184301K(465920K)] 1311399K->1078463K(1383424K), 0.0205184 secs] [Times: user=0.03 sys=0.00, real=0.02 secs] 
283.877: [GC (Allocation Failure) [PSYoungGen: 409184K->92126K(465920K)] 1303346K->986553K(1383424K), 0.0121950 secs] [Times: user=0.02 sys=0.00, real=0.01 secs] 
284.880: [GC (Allocation Failure) [PSYoungGen: 325086K->37941K(465920K)] 1219513K->932689K(1383424K), 0.0066875 secs] [Times: user=0.01 sys=0.00, real=0.01 secs] 
285.159: [GC (Allocation Failure) [PSYoungGen: 270901K->184558K(465920K)] 1165649K->1080568K(1383424K), 0.0206914 secs] [Times: user=0.03 sys=0.00, real=0.02 secs] 
285.443: [GC (Allocation Failure) [PSYoungGen: 417518K->184655K(465920K)] 1313528K->1080946K(1383424K), 0.0204171 secs] [Times: user=0.03 sys=0.00, real=0.02 secs] 
286.127: [GC (Allocation Failure) [PSYoungGen: 407352K->91596K(465920K)] 1303643K->988297K(1383424K), 0.0114510 secs] [Times: user=0.02 sys=0.00, real=0.01 secs] 
286.983: [GC (Allocation Failure) [PSYoungGen: 324556K->38037K(465920K)] 1221257K->934931K(1383424K), 0.0056786 secs] [Times: user=0.01 sys=0.00, real=0.01 secs] 
287.312: [GC (Allocation Failure) [PSYoungGen: 270997K->184719K(465920K)] 1167891K->1082866K(1383424K), 0.0206377 secs] [Times: user=0.02 sys=0.00, real=0.02 secs] 
287.596: [GC (Allocation Failure) [PSYoungGen: 417679K->184655K(465920K)] 1315826K->1083075K(1383424K), 0.0206657 secs] [Times: user=0.03 sys=0.00, real=0.03 secs] 
288.238: [GC (Allocation Failure) [PSYoungGen: 407203K->91339K(465920K)] 1305623K->990024K(1383424K), 0.0127704 secs] [Times: user=0.03 sys=0.00, real=0.01 secs] 
289.151: [GC (Allocation Failure) [PSYoungGen: 324299K->38005K(465920K)] 1222984K->936991K(1383424K), 0.0068135 secs] [Times: user=0.02 sys=0.00, real=0.01 secs] 
289.426: [GC (Allocation Failure) [PSYoungGen: 270965K->183916K(465920K)] 1169951K->1084155K(1383424K), 0.0207420 secs] [Times: user=0.03 sys=0.00, real=0.02 secs] 
289.770: [GC (Allocation Failure) [PSYoungGen: 416876K->184430K(465920K)] 1317115K->1084942K(1383424K), 0.0205059 secs] [Times: user=0.03 sys=0.00, real=0.02 secs] 
290.895: [GC (Allocation Failure) [PSYoungGen: 408154K->92447K(465920K)] 1308667K->993224K(1383424K), 0.0152105 secs] [Times: user=0.03 sys=0.00, real=0.02 secs] 
292.387: [GC (Allocation Failure) [PSYoungGen: 325407K->37716K(465920K)] 1226184K->938801K(1383424K), 0.0070192 secs] [Times: user=0.01 sys=0.00, real=0.00 secs] 
292.666: [GC (Allocation Failure) [PSYoungGen: 270676K->184430K(465920K)] 1171761K->1086760K(1383424K), 0.0207084 secs] [Times: user=0.03 sys=0.00, real=0.03 secs] 
292.950: [GC (Allocation Failure) [PSYoungGen: 417390K->184590K(465920K)] 1319720K->1087202K(1383424K), 0.0205331 secs] [Times: user=0.03 sys=0.00, real=0.02 secs] 
293.578: [GC (Allocation Failure) [PSYoungGen: 407648K->91982K(465920K)] 1310260K->994866K(1383424K), 0.0111085 secs] [Times: user=0.02 sys=0.00, real=0.01 secs] 
294.881: [GC (Allocation Failure) [PSYoungGen: 324942K->37523K(465920K)] 1227826K->940737K(1383424K), 0.0061013 secs] [Times: user=0.01 sys=0.01, real=0.01 secs] 
295.151: [GC (Allocation Failure) [PSYoungGen: 270483K->184847K(465920K)] 1173697K->1089323K(1383424K), 0.0204979 secs] [Times: user=0.03 sys=0.00, real=0.02 secs] 
295.434: [GC (Allocation Failure) [PSYoungGen: 417807K->184173K(465920K)] 1322283K->1088930K(1383424K), 0.0205298 secs] [Times: user=0.02 sys=0.00, real=0.02 secs] 
296.355: [GC (Allocation Failure) [PSYoungGen: 409499K->92223K(465920K)] 1314256K->997245K(1383424K), 0.0149771 secs] [Times: user=0.03 sys=0.00, real=0.02 secs] 
297.887: [GC (Allocation Failure) [PSYoungGen: 325183K->37777K(465920K)] 1230205K->943121K(1383424K), 0.0058829 secs] [Times: user=0.01 sys=0.00, real=0.00 secs] 
298.157: [GC (Allocation Failure) [PSYoungGen: 270737K->184719K(465920K)] 1176081K->1091308K(1383424K), 0.0205508 secs] [Times: user=0.03 sys=0.00, real=0.02 secs] 
298.447: [GC (Allocation Failure) [PSYoungGen: 417679K->184719K(465920K)] 1324268K->1091589K(1383424K), 0.0205775 secs] [Times: user=0.02 sys=0.00, real=0.02 secs] 
299.511: [GC (Allocation Failure) [PSYoungGen: 407262K->91612K(465920K)] 1314133K->998756K(1383424K), 0.0251222 secs] [Times: user=0.06 sys=0.00, real=0.03 secs] 
301.347: [GC (Allocation Failure) [PSYoungGen: 324572K->37748K(465920K)] 1231716K->945192K(1383424K), 0.0081913 secs] [Times: user=0.02 sys=0.00, real=0.00 secs] 
301.654: [GC (Allocation Failure) [PSYoungGen: 270708K->183819K(465920K)] 1178152K->1092508K(1383424K), 0.0204679 secs] [Times: user=0.03 sys=0.00, real=0.02 secs] 
301.990: [GC (Allocation Failure) [PSYoungGen: 416779K->184687K(465920K)] 1325468K->1093657K(1383424K), 0.0206432 secs] [Times: user=0.03 sys=0.00, real=0.02 secs] 
302.805: [GC (Allocation Failure) [PSYoungGen: 410109K->92512K(465920K)] 1319079K->1001747K(1383424K), 0.0117573 secs] [Times: user=0.02 sys=0.00, real=0.02 secs] 
303.742: [GC (Allocation Failure) [PSYoungGen: 325472K->38034K(465920K)] 1234707K->947583K(1383424K), 0.0073956 secs] [Times: user=0.02 sys=0.00, real=0.01 secs] 
304.042: [GC (Allocation Failure) [PSYoungGen: 270994K->184590K(465920K)] 1180543K->1095393K(1383424K), 0.0207082 secs] [Times: user=0.03 sys=0.00, real=0.02 secs] 
304.387: [GC (Allocation Failure) [PSYoungGen: 417550K->184333K(465920K)] 1328353K->1095409K(1383424K), 0.0205146 secs] [Times: user=0.03 sys=0.00, real=0.02 secs] 
305.655: [GC (Allocation Failure) [PSYoungGen: 409436K->91869K(465920K)] 1320511K->1003234K(1383424K), 0.0165504 secs] [Times: user=0.04 sys=0.00, real=0.02 secs] 
307.122: [GC (Allocation Failure) [PSYoungGen: 324829K->38005K(465920K)] 1236194K->949694K(1383424K), 0.0067319 secs] [Times: user=0.01 sys=0.00, real=0.01 secs] 
307.402: [GC (Allocation Failure) [PSYoungGen: 270965K->184847K(465920K)] 1182654K->1097918K(1383424K), 0.0204799 secs] [Times: user=0.03 sys=0.00, real=0.02 secs] 
307.686: [GC (Allocation Failure) [PSYoungGen: 417807K->184687K(465920K)] 1330878K->1098038K(1383424K), 0.0204540 secs] [Times: user=0.03 sys=0.00, real=0.03 secs] 
308.288: [GC (Allocation Failure) [PSYoungGen: 407096K->91258K(465920K)] 1320447K->1004747K(1383424K), 0.0109063 secs] [Times: user=0.02 sys=0.00, real=0.01 secs] 
309.257: [GC (Allocation Failure) [PSYoungGen: 324218K->37877K(465920K)] 1237707K->951679K(1383424K), 0.0056871 secs] [Times: user=0.01 sys=0.00, real=0.00 secs] 
309.597: [GC (Allocation Failure) [PSYoungGen: 270837K->184719K(465920K)] 1184639K->1099774K(1383424K), 0.0205903 secs] [Times: user=0.03 sys=0.00, real=0.02 secs] 
309.887: [GC (Allocation Failure) [PSYoungGen: 417679K->184623K(465920K)] 1332734K->1099951K(1383424K), 0.0204398 secs] [Times: user=0.03 sys=0.00, real=0.02 secs] 
310.568: [GC (Allocation Failure) [PSYoungGen: 407179K->91435K(465920K)] 1322507K->1007037K(1383424K), 0.0125161 secs] [Times: user=0.02 sys=0.00, real=0.01 secs] 
311.489: [GC (Allocation Failure) [PSYoungGen: 324395K->38037K(465920K)] 1239997K->953954K(1383424K), 0.0057058 secs] [Times: user=0.02 sys=0.00, real=0.00 secs] 
311.816: [GC (Allocation Failure) [PSYoungGen: 270997K->183948K(465920K)] 1186914K->1101110K(1383424K), 0.0203744 secs] [Times: user=0.03 sys=0.00, real=0.03 secs] 
311.836: [Full GC (Ergonomics) [PSYoungGen: 183948K->0K(465920K)] [ParOldGen: 917162K->463190K(825856K)] 1101110K->463190K(1291776K), [Metaspace: 54726K->54718K(1099776K)], 0.0541970 secs] [Times: user=0.22 sys=0.00, real=0.05 secs] 
312.203: [GC (Allocation Failure) [PSYoungGen: 232960K->184430K(465920K)] 696150K->647620K(1291776K), 0.0200523 secs] [Times: user=0.02 sys=0.00, real=0.02 secs] 
312.866: [GC (Allocation Failure) [PSYoungGen: 409664K->92367K(465920K)] 872854K->555726K(1291776K), 0.0116708 secs] [Times: user=0.02 sys=0.00, real=0.02 secs] 
313.790: [GC (Allocation Failure) [PSYoungGen: 325327K->38037K(465920K)] 788686K->501718K(1291776K), 0.0051934 secs] [Times: user=0.01 sys=0.00, real=0.00 secs] 
314.059: [GC (Allocation Failure) [PSYoungGen: 270997K->184719K(465920K)] 734678K->649645K(1291776K), 0.0202268 secs] [Times: user=0.02 sys=0.00, real=0.02 secs] 
314.403: [GC (Allocation Failure) [PSYoungGen: 417679K->184719K(465920K)] 882605K->649918K(1291776K), 0.0200203 secs] [Times: user=0.02 sys=0.00, real=0.02 secs] 
315.477: [GC (Allocation Failure) [PSYoungGen: 407272K->91339K(465920K)] 872471K->556819K(1291776K), 0.0118754 secs] [Times: user=0.02 sys=0.00, real=0.01 secs] 
316.652: [GC (Allocation Failure) [PSYoungGen: 324299K->37941K(465920K)] 789779K->503729K(1291776K), 0.0065483 secs] [Times: user=0.01 sys=0.00, real=0.01 secs] 
316.942: [GC (Allocation Failure) [PSYoungGen: 270901K->184719K(465920K)] 736689K->651881K(1291776K), 0.0202059 secs] [Times: user=0.03 sys=0.00, real=0.02 secs] 
317.228: [GC (Allocation Failure) [PSYoungGen: 417679K->184687K(465920K)] 884841K->652001K(1291776K), 0.0200601 secs] [Times: user=0.02 sys=0.00, real=0.02 secs] 
317.896: [GC (Allocation Failure) [PSYoungGen: 407247K->91467K(465920K)] 874561K->559047K(1291776K), 0.0114380 secs] [Times: user=0.02 sys=0.00, real=0.01 secs] 
319.506: [GC (Allocation Failure) [PSYoungGen: 324427K->37652K(465920K)] 792007K->505545K(1291776K), 0.0065198 secs] [Times: user=0.01 sys=0.00, real=0.01 secs] 
319.803: [GC (Allocation Failure) [PSYoungGen: 270612K->183948K(465920K)] 738505K->653095K(1291776K), 0.0200833 secs] [Times: user=0.02 sys=0.00, real=0.02 secs] 
320.145: [GC (Allocation Failure) [PSYoungGen: 416908K->184430K(465920K)] 886055K->653858K(1291776K), 0.0202725 secs] [Times: user=0.03 sys=0.00, real=0.02 secs] 
320.828: [GC (Allocation Failure) [PSYoungGen: 409640K->92801K(465920K)] 879069K->562494K(1291776K), 0.0124659 secs] [Times: user=0.02 sys=0.00, real=0.01 secs] 
321.628: [GC (Allocation Failure) [PSYoungGen: 325761K->38066K(465920K)] 795454K->508065K(1291776K), 0.0051614 secs] [Times: user=0.01 sys=0.00, real=0.00 secs] 
321.956: [GC (Allocation Failure) [PSYoungGen: 271026K->184719K(465920K)] 741025K->655971K(1291776K), 0.0203440 secs] [Times: user=0.03 sys=0.00, real=0.03 secs] 
322.295: [GC (Allocation Failure) [PSYoungGen: 417679K->184687K(465920K)] 888931K->656212K(1291776K), 0.0200404 secs] [Times: user=0.03 sys=0.00, real=0.02 secs] 
322.966: [GC (Allocation Failure) [PSYoungGen: 407258K->91387K(465920K)] 878783K->563178K(1291776K), 0.0111460 secs] [Times: user=0.02 sys=0.00, real=0.01 secs] 
323.910: [GC (Allocation Failure) [PSYoungGen: 324347K->38005K(465920K)] 796138K->510110K(1291776K), 0.0063816 secs] [Times: user=0.01 sys=0.00, real=0.01 secs] 
324.187: [GC (Allocation Failure) [PSYoungGen: 270965K->184751K(465920K)] 743070K->658229K(1291776K), 0.0201417 secs] [Times: user=0.03 sys=0.00, real=0.02 secs] 
324.471: [GC (Allocation Failure) [PSYoungGen: 417711K->184687K(465920K)] 891189K->658462K(1291776K), 0.0201469 secs] [Times: user=0.03 sys=0.00, real=0.02 secs] 
325.984: [GC (Allocation Failure) [PSYoungGen: 407255K->91371K(465920K)] 881031K->565291K(1291776K), 0.0126320 secs] [Times: user=0.02 sys=0.00, real=0.02 secs] 
328.018: [GC (Allocation Failure) [PSYoungGen: 324331K->37392K(465920K)] 798251K->511627K(1291776K), 0.0066849 secs] [Times: user=0.01 sys=0.00, real=0.00 secs] 
328.319: [GC (Allocation Failure) [PSYoungGen: 270352K->183819K(465920K)] 744587K->659308K(1291776K), 0.0200391 secs] [Times: user=0.02 sys=0.00, real=0.02 secs] 
328.608: [GC (Allocation Failure) [PSYoungGen: 416779K->184655K(465920K)] 892268K->660425K(1291776K), 0.0200949 secs] [Times: user=0.02 sys=0.00, real=0.02 secs] 
329.258: [GC (Allocation Failure) [PSYoungGen: 410065K->92929K(465920K)] 885836K->568965K(1291776K), 0.0112563 secs] [Times: user=0.02 sys=0.00, real=0.01 secs] 
330.155: [GC (Allocation Failure) [PSYoungGen: 325889K->38166K(465920K)] 801925K->514507K(1291776K), 0.0052067 secs] [Times: user=0.01 sys=0.00, real=0.01 secs] 
330.479: [GC (Allocation Failure) [PSYoungGen: 271126K->184622K(465920K)] 747467K->662217K(1291776K), 0.0202579 secs] [Times: user=0.02 sys=0.00, real=0.02 secs] 
330.818: [GC (Allocation Failure) [PSYoungGen: 417582K->184333K(465920K)] 895177K->662209K(1291776K), 0.0212364 secs] [Times: user=0.03 sys=0.00, real=0.02 secs] 
331.999: [GC (Allocation Failure) [PSYoungGen: 406913K->91789K(465920K)] 884789K->569929K(1291776K), 0.0201025 secs] [Times: user=0.04 sys=0.00, real=0.02 secs] 
333.452: [GC (Allocation Failure) [PSYoungGen: 324749K->37909K(465920K)] 802889K->516359K(1291776K), 0.0065926 secs] [Times: user=0.01 sys=0.00, real=0.01 secs] 
333.748: [GC (Allocation Failure) [PSYoungGen: 270869K->184462K(465920K)] 749319K->664166K(1291776K), 0.0202451 secs] [Times: user=0.03 sys=0.00, real=0.02 secs] 
334.031: [GC (Allocation Failure) [PSYoungGen: 417422K->184365K(465920K)] 897126K->664350K(1291776K), 0.0200491 secs] [Times: user=0.03 sys=0.00, real=0.02 secs] 
335.001: [GC (Allocation Failure) [PSYoungGen: 409436K->92158K(465920K)] 889422K->572537K(1291776K), 0.0120038 secs] [Times: user=0.02 sys=0.00, real=0.01 secs] 
336.242: [GC (Allocation Failure) [PSYoungGen: 325118K->37909K(465920K)] 805497K->518465K(1291776K), 0.0052465 secs] [Times: user=0.01 sys=0.00, real=0.01 secs] 
336.511: [GC (Allocation Failure) [PSYoungGen: 270869K->184719K(465920K)] 751425K->666657K(1291776K), 0.0201874 secs] [Times: user=0.02 sys=0.00, real=0.02 secs] 
336.795: [GC (Allocation Failure) [PSYoungGen: 417679K->184655K(465920K)] 899617K->666745K(1291776K), 0.0199921 secs] [Times: user=0.03 sys=0.00, real=0.02 secs] 
337.584: [GC (Allocation Failure) [PSYoungGen: 407199K->91484K(465920K)] 889290K->573839K(1291776K), 0.0127726 secs] [Times: user=0.02 sys=0.00, real=0.02 secs] 
338.495: [GC (Allocation Failure) [PSYoungGen: 324444K->38262K(465920K)] 806799K->520924K(1291776K), 0.0058170 secs] [Times: user=0.02 sys=0.00, real=0.01 secs] 
338.826: [GC (Allocation Failure) [PSYoungGen: 271222K->184719K(465920K)] 753884K->668762K(1291776K), 0.0204367 secs] [Times: user=0.02 sys=0.00, real=0.02 secs] 
339.110: [GC (Allocation Failure) [PSYoungGen: 417679K->184719K(465920K)] 901722K->668907K(1291776K), 0.0203514 secs] [Times: user=0.03 sys=0.00, real=0.02 secs] 
340.173: [GC (Allocation Failure) [PSYoungGen: 407013K->91130K(465920K)] 891201K->575591K(1291776K), 0.0136723 secs] [Times: user=0.02 sys=0.01, real=0.02 secs] 
341.040: [GC (Allocation Failure) [PSYoungGen: 324090K->38066K(465920K)] 808551K->522844K(1291776K), 0.0052896 secs] [Times: user=0.01 sys=0.00, real=0.00 secs] 
341.312: [GC (Allocation Failure) [PSYoungGen: 271026K->184719K(465920K)] 755804K->670750K(1291776K), 0.0202283 secs] [Times: user=0.02 sys=0.00, real=0.02 secs] 
341.645: [GC (Allocation Failure) [PSYoungGen: 417679K->184655K(465920K)] 903710K->670959K(1291776K), 0.0203081 secs] [Times: user=0.02 sys=0.00, real=0.02 secs] 
342.511: [GC (Allocation Failure) [PSYoungGen: 407213K->91339K(465920K)] 893517K->577916K(1291776K), 0.0116307 secs] [Times: user=0.02 sys=0.00, real=0.01 secs] 
343.435: [GC (Allocation Failure) [PSYoungGen: 324299K->38037K(465920K)] 810876K->524916K(1291776K), 0.0052236 secs] [Times: user=0.01 sys=0.00, real=0.01 secs] 
343.704: [GC (Allocation Failure) [PSYoungGen: 270997K->184687K(465920K)] 757876K->672819K(1291776K), 0.0201787 secs] [Times: user=0.02 sys=0.00, real=0.02 secs] 
344.039: [GC (Allocation Failure) [PSYoungGen: 417647K->184687K(465920K)] 905779K->673100K(1291776K), 0.0199931 secs] [Times: user=0.03 sys=0.00, real=0.02 secs] 
345.133: [GC (Allocation Failure) [PSYoungGen: 407273K->91387K(465920K)] 895686K->580081K(1291776K), 0.0121679 secs] [Times: user=0.02 sys=0.00, real=0.01 secs] 
347.346: [GC (Allocation Failure) [PSYoungGen: 324347K->37555K(465920K)] 813041K->526571K(1291776K), 0.0077919 secs] [Times: user=0.02 sys=0.00, real=0.01 secs] 
347.671: [GC (Allocation Failure) [PSYoungGen: 270515K->183948K(465920K)] 759531K->674209K(1291776K), 0.0201048 secs] [Times: user=0.03 sys=0.00, real=0.02 secs] 
348.013: [GC (Allocation Failure) [PSYoungGen: 416908K->184430K(465920K)] 907169K->674972K(1291776K), 0.0200260 secs] [Times: user=0.02 sys=0.00, real=0.02 secs] 
350.183: [GC (Allocation Failure) [PSYoungGen: 409649K->92897K(465920K)] 900192K->583705K(1291776K), 0.0252430 secs] [Times: user=0.05 sys=0.00, real=0.03 secs] 
352.481: [GC (Allocation Failure) [PSYoungGen: 325857K->37780K(465920K)] 816665K->528888K(1291776K), 0.0087168 secs] [Times: user=0.02 sys=0.00, real=0.01 secs] 
352.879: [GC (Allocation Failure) [PSYoungGen: 270740K->184719K(465920K)] 761848K->677080K(1291776K), 0.0201300 secs] [Times: user=0.03 sys=0.00, real=0.02 secs] 
353.171: [GC (Allocation Failure) [PSYoungGen: 417679K->184687K(465920K)] 910040K->677457K(1291776K), 0.0203303 secs] [Times: user=0.02 sys=0.00, real=0.02 secs] 
353.787: [GC (Allocation Failure) [PSYoungGen: 407373K->91660K(465920K)] 900143K->584704K(1291776K), 0.0115641 secs] [Times: user=0.02 sys=0.00, real=0.01 secs] 
354.625: [GC (Allocation Failure) [PSYoungGen: 324620K->38037K(465920K)] 817664K->531266K(1291776K), 0.0052029 secs] [Times: user=0.02 sys=0.00, real=0.01 secs] 
354.895: [GC (Allocation Failure) [PSYoungGen: 270997K->184719K(465920K)] 764226K->679201K(1291776K), 0.0201810 secs] [Times: user=0.03 sys=0.00, real=0.02 secs] 
355.184: [GC (Allocation Failure) [PSYoungGen: 417679K->184751K(465920K)] 912161K->679514K(1291776K), 0.0199597 secs] [Times: user=0.03 sys=0.00, real=0.02 secs] 
356.862: [GC (Allocation Failure) [PSYoungGen: 407307K->91355K(465920K)] 902071K->586384K(1291776K), 0.0150264 secs] [Times: user=0.03 sys=0.00, real=0.02 secs] 
359.282: [GC (Allocation Failure) [PSYoungGen: 324315K->37652K(465920K)] 819344K->532996K(1291776K), 0.0065339 secs] [Times: user=0.02 sys=0.00, real=0.01 secs] 
359.662: [GC (Allocation Failure) [PSYoungGen: 270612K->184687K(465920K)] 765956K->681413K(1291776K), 0.0202988 secs] [Times: user=0.03 sys=0.00, real=0.02 secs] 
359.945: [GC (Allocation Failure) [PSYoungGen: 417647K->184655K(465920K)] 914373K->681526K(1291776K), 0.0200528 secs] [Times: user=0.02 sys=0.00, real=0.02 secs] 
360.972: [GC (Allocation Failure) [PSYoungGen: 407473K->91773K(465920K)] 904344K->588925K(1291776K), 0.0120246 secs] [Times: user=0.03 sys=0.00, real=0.01 secs] 
362.060: [GC (Allocation Failure) [PSYoungGen: 324733K->38005K(465920K)] 821885K->535481K(1291776K), 0.0097503 secs] [Times: user=0.03 sys=0.00, real=0.01 secs] 
362.348: [GC (Allocation Failure) [PSYoungGen: 270965K->184719K(465920K)] 768441K->683577K(1291776K), 0.0203321 secs] [Times: user=0.02 sys=0.00, real=0.02 secs] 
362.632: [GC (Allocation Failure) [PSYoungGen: 417679K->184751K(465920K)] 916537K->683761K(1291776K), 0.0203201 secs] [Times: user=0.03 sys=0.00, real=0.02 secs] 
364.141: [GC (Allocation Failure) [PSYoungGen: 407334K->91387K(465920K)] 906345K->590671K(1291776K), 0.0159933 secs] [Times: user=0.03 sys=0.00, real=0.02 secs] 
365.743: [GC (Allocation Failure) [PSYoungGen: 324347K->37780K(465920K)] 823631K->537386K(1291776K), 0.0062717 secs] [Times: user=0.02 sys=0.00, real=0.01 secs] 
366.087: [GC (Allocation Failure) [PSYoungGen: 270740K->184719K(465920K)] 770346K->685706K(1291776K), 0.0203542 secs] [Times: user=0.03 sys=0.00, real=0.02 secs] 
366.372: [GC (Allocation Failure) [PSYoungGen: 417679K->184623K(465920K)] 918666K->685763K(1291776K), 0.0202369 secs] [Times: user=0.03 sys=0.00, real=0.02 secs] 
367.451: [GC (Allocation Failure) [PSYoungGen: 407182K->91644K(465920K)] 908322K->593057K(1291776K), 0.0133629 secs] [Times: user=0.02 sys=0.00, real=0.01 secs] 
370.291: [GC (Allocation Failure) [PSYoungGen: 324604K->37941K(465920K)] 826017K->539676K(1291776K), 0.0078629 secs] [Times: user=0.02 sys=0.00, real=0.01 secs] 
370.616: [GC (Allocation Failure) [PSYoungGen: 270901K->184719K(465920K)] 772636K->687707K(1291776K), 0.0202124 secs] [Times: user=0.02 sys=0.00, real=0.03 secs] 
370.905: [GC (Allocation Failure) [PSYoungGen: 417679K->184687K(465920K)] 920667K->687948K(1291776K), 0.0199635 secs] [Times: user=0.03 sys=0.00, real=0.02 secs] 
371.530: [GC (Allocation Failure) [PSYoungGen: 407241K->91516K(465920K)] 910502K->595050K(1291776K), 0.0110027 secs] [Times: user=0.02 sys=0.00, real=0.01 secs] 
372.366: [GC (Allocation Failure) [PSYoungGen: 324476K->38037K(465920K)] 828010K->541888K(1291776K), 0.0055795 secs] [Times: user=0.01 sys=0.00, real=0.01 secs] 
372.696: [GC (Allocation Failure) [PSYoungGen: 270997K->184751K(465920K)] 774848K->689855K(1291776K), 0.0200325 secs] [Times: user=0.03 sys=0.01, real=0.02 secs] 
373.037: [GC (Allocation Failure) [PSYoungGen: 417711K->184655K(465920K)] 922815K->690032K(1291776K), 0.0201537 secs] [Times: user=0.03 sys=0.00, real=0.02 secs] 
375.050: [GC (Allocation Failure) [PSYoungGen: 407240K->91355K(465920K)] 912618K->597005K(1291776K), 0.0195849 secs] [Times: user=0.04 sys=0.00, real=0.02 secs] 
376.259: [GC (Allocation Failure) [PSYoungGen: 324315K->38005K(465920K)] 829965K->543977K(1291776K), 0.0071265 secs] [Times: user=0.01 sys=0.00, real=0.01 secs] 
376.571: [GC (Allocation Failure) [PSYoungGen: 270965K->184719K(465920K)] 776937K->692073K(1291776K), 0.0202791 secs] [Times: user=0.03 sys=0.00, real=0.02 secs] 
376.857: [GC (Allocation Failure) [PSYoungGen: 417679K->184655K(465920K)] 925033K->692161K(1291776K), 0.0200646 secs] [Times: user=0.03 sys=0.00, real=0.02 secs] 
378.146: [GC (Allocation Failure) [PSYoungGen: 407205K->91387K(465920K)] 914711K->599167K(1291776K), 0.0122212 secs] [Times: user=0.02 sys=0.00, real=0.01 secs] 
379.784: [GC (Allocation Failure) [PSYoungGen: 324347K->37652K(465920K)] 832127K->545745K(1291776K), 0.0063593 secs] [Times: user=0.01 sys=0.00, real=0.01 secs] 
380.068: [GC (Allocation Failure) [PSYoungGen: 270612K->184719K(465920K)] 778705K->694066K(1291776K), 0.0201796 secs] [Times: user=0.03 sys=0.00, real=0.02 secs] 
380.352: [GC (Allocation Failure) [PSYoungGen: 417679K->184687K(465920K)] 927026K->694315K(1291776K), 0.0202574 secs] [Times: user=0.03 sys=0.00, real=0.02 secs] 
381.956: [GC (Allocation Failure) [PSYoungGen: 407491K->91773K(465920K)] 917120K->601666K(1291776K), 0.0141974 secs] [Times: user=0.03 sys=0.00, real=0.02 secs] 
383.556: [GC (Allocation Failure) [PSYoungGen: 324733K->37909K(465920K)] 834626K->548110K(1291776K), 0.0064375 secs] [Times: user=0.01 sys=0.00, real=0.01 secs] 
383.917: [GC (Allocation Failure) [PSYoungGen: 270869K->183819K(465920K)] 781070K->695274K(1291776K), 0.0201633 secs] [Times: user=0.03 sys=0.00, real=0.02 secs] 
384.258: [GC (Allocation Failure) [PSYoungGen: 416779K->184494K(465920K)] 928234K->696229K(1291776K), 0.0200257 secs] [Times: user=0.02 sys=0.00, real=0.02 secs] 
385.968: [GC (Allocation Failure) [PSYoungGen: 409716K->92624K(465920K)] 921452K->604641K(1291776K), 0.0142172 secs] [Times: user=0.02 sys=0.00, real=0.01 secs] 
387.407: [GC (Allocation Failure) [PSYoungGen: 325584K->37748K(465920K)] 837601K->550071K(1291776K), 0.0061316 secs] [Times: user=0.02 sys=0.00, real=0.00 secs] 
387.683: [GC (Allocation Failure) [PSYoungGen: 270708K->184076K(465920K)] 783031K->697652K(1291776K), 0.0199668 secs] [Times: user=0.03 sys=0.00, real=0.02 secs] 
387.966: [GC (Allocation Failure) [PSYoungGen: 417036K->184590K(465920K)] 930612K->698447K(1291776K), 0.0201507 secs] [Times: user=0.03 sys=0.00, real=0.02 secs] 
389.195: [GC (Allocation Failure) [PSYoungGen: 409765K->92415K(465920K)] 923622K->606545K(1291776K), 0.0121293 secs] [Times: user=0.02 sys=0.00, real=0.02 secs] 
390.691: [GC (Allocation Failure) [PSYoungGen: 325375K->37620K(465920K)] 839505K->552071K(1291776K), 0.0052603 secs] [Times: user=0.02 sys=0.00, real=0.00 secs] 
390.958: [GC (Allocation Failure) [PSYoungGen: 270580K->184205K(465920K)] 785031K->699910K(1291776K), 0.0203594 secs] [Times: user=0.03 sys=0.00, real=0.02 secs] 
391.304: [GC (Allocation Failure) [PSYoungGen: 417165K->184558K(465920K)] 932870K->700673K(1291776K), 0.0202032 secs] [Times: user=0.03 sys=0.00, real=0.02 secs] 
392.666: [GC (Allocation Failure) [PSYoungGen: 409737K->92383K(465920K)] 925852K->608651K(1291776K), 0.0173271 secs] [Times: user=0.03 sys=0.00, real=0.02 secs] 
394.365: [GC (Allocation Failure) [PSYoungGen: 325343K->38101K(465920K)] 841611K->554682K(1291776K), 0.0067694 secs] [Times: user=0.01 sys=0.00, real=0.01 secs] 
394.665: [GC (Allocation Failure) [PSYoungGen: 271061K->184719K(465920K)] 787642K->702562K(1291776K), 0.0201217 secs] [Times: user=0.02 sys=0.00, real=0.02 secs] 
394.948: [GC (Allocation Failure) [PSYoungGen: 417679K->184719K(465920K)] 935522K->702843K(1291776K), 0.0201626 secs] [Times: user=0.03 sys=0.00, real=0.02 secs] 
396.514: [GC (Allocation Failure) [PSYoungGen: 407272K->91355K(465920K)] 925396K->609752K(1291776K), 0.0162503 secs] [Times: user=0.03 sys=0.00, real=0.02 secs] 
398.389: [GC (Allocation Failure) [PSYoungGen: 324315K->37652K(465920K)] 842712K->556354K(1291776K), 0.0068736 secs] [Times: user=0.01 sys=0.00, real=0.00 secs] 
398.686: [GC (Allocation Failure) [PSYoungGen: 270612K->183819K(465920K)] 789314K->703775K(1291776K), 0.0200754 secs] [Times: user=0.02 sys=0.00, real=0.02 secs] 
399.025: [GC (Allocation Failure) [PSYoungGen: 416779K->184430K(465920K)] 936735K->704667K(1291776K), 0.0200497 secs] [Times: user=0.03 sys=0.00, real=0.02 secs] 
400.275: [GC (Allocation Failure) [PSYoungGen: 409640K->92897K(465920K)] 929877K->613416K(1291776K), 0.0149408 secs] [Times: user=0.03 sys=0.00, real=0.02 secs] 
402.386: [GC (Allocation Failure) [PSYoungGen: 325857K->37780K(465920K)] 846376K->558612K(1291776K), 0.0070499 secs] [Times: user=0.01 sys=0.00, real=0.01 secs] 
402.694: [GC (Allocation Failure) [PSYoungGen: 270740K->184719K(465920K)] 791572K->706804K(1291776K), 0.0200641 secs] [Times: user=0.02 sys=0.00, real=0.02 secs] 
402.977: [GC (Allocation Failure) [PSYoungGen: 417679K->184655K(465920K)] 939764K->707142K(1291776K), 0.0200220 secs] [Times: user=0.03 sys=0.00, real=0.02 secs] 
404.481: [GC (Allocation Failure) [PSYoungGen: 407372K->91612K(465920K)] 929859K->614372K(1291776K), 0.0166362 secs] [Times: user=0.04 sys=0.00, real=0.02 secs] 
406.345: [GC (Allocation Failure) [PSYoungGen: 324572K->38069K(465920K)] 847332K->561023K(1291776K), 0.0064952 secs] [Times: user=0.01 sys=0.00, real=0.01 secs] 
406.636: [GC (Allocation Failure) [PSYoungGen: 271029K->183819K(465920K)] 793983K->708026K(1291776K), 0.0201614 secs] [Times: user=0.03 sys=0.00, real=0.02 secs] 
406.981: [GC (Allocation Failure) [PSYoungGen: 416779K->184751K(465920K)] 940986K->709239K(1291776K), 0.0201774 secs] [Times: user=0.03 sys=0.00, real=0.02 secs] 
407.716: [GC (Allocation Failure) [PSYoungGen: 410158K->92287K(465920K)] 934646K->617048K(1291776K), 0.0114298 secs] [Times: user=0.02 sys=0.00, real=0.02 secs] 
409.209: [GC (Allocation Failure) [PSYoungGen: 325247K->37620K(465920K)] 850008K->562681K(1291776K), 0.0072165 secs] [Times: user=0.02 sys=0.00, real=0.01 secs] 
409.595: [GC (Allocation Failure) [PSYoungGen: 270580K->184719K(465920K)] 795641K->711033K(1291776K), 0.0202463 secs] [Times: user=0.03 sys=0.00, real=0.02 secs] 
409.941: [GC (Allocation Failure) [PSYoungGen: 417679K->184655K(465920K)] 943993K->711250K(1291776K), 0.0201379 secs] [Times: user=0.02 sys=0.00, real=0.02 secs] 
410.553: [GC (Allocation Failure) [PSYoungGen: 407458K->91773K(465920K)] 934054K->618641K(1291776K), 0.0119956 secs] [Times: user=0.02 sys=0.00, real=0.01 secs] 
411.360: [GC (Allocation Failure) [PSYoungGen: 324733K->38066K(465920K)] 851601K->565251K(1291776K), 0.0053476 secs] [Times: user=0.02 sys=0.00, real=0.00 secs] 
411.630: [GC (Allocation Failure) [PSYoungGen: 271026K->183980K(465920K)] 798211K->712417K(1291776K), 0.0200355 secs] [Times: user=0.03 sys=0.00, real=0.02 secs] 
411.968: [GC (Allocation Failure) [PSYoungGen: 416940K->184430K(465920K)] 945377K->713277K(1291776K), 0.0201446 secs] [Times: user=0.02 sys=0.00, real=0.02 secs] 
412.589: [GC (Allocation Failure) [PSYoungGen: 409654K->92415K(465920K)] 938502K->621399K(1291776K), 0.0111263 secs] [Times: user=0.02 sys=0.00, real=0.01 secs] 
413.708: [GC (Allocation Failure) [PSYoungGen: 325375K->37716K(465920K)] 854359K->567014K(1291776K), 0.0088918 secs] [Times: user=0.02 sys=0.00, real=0.01 secs] 
414.054: [GC (Allocation Failure) [PSYoungGen: 270676K->184205K(465920K)] 799974K->714756K(1291776K), 0.0200838 secs] [Times: user=0.03 sys=0.00, real=0.02 secs] 
414.338: [GC (Allocation Failure) [PSYoungGen: 417165K->184976K(465920K)] 947716K->715808K(1291776K), 0.0201693 secs] [Times: user=0.02 sys=0.00, real=0.02 secs] 
415.541: [GC (Allocation Failure) [PSYoungGen: 407860K->91901K(465920K)] 938692K->623023K(1291776K), 0.0146823 secs] [Times: user=0.03 sys=0.00, real=0.01 secs] 
417.313: [GC (Allocation Failure) [PSYoungGen: 324861K->37363K(465920K)] 855983K->568798K(1291776K), 0.0067957 secs] [Times: user=0.01 sys=0.00, real=0.01 secs] 
417.610: [GC (Allocation Failure) [PSYoungGen: 270323K->184590K(465920K)] 801758K->717279K(1291776K), 0.0201984 secs] [Times: user=0.02 sys=0.00, real=0.02 secs] 
417.893: [GC (Allocation Failure) [PSYoungGen: 417550K->184301K(465920K)] 950239K->717263K(1291776K), 0.0201296 secs] [Times: user=0.03 sys=0.00, real=0.02 secs] 
418.587: [GC (Allocation Failure) [PSYoungGen: 409183K->92560K(465920K)] 942145K->625795K(1291776K), 0.0106621 secs] [Times: user=0.02 sys=0.00, real=0.01 secs] 
419.560: [GC (Allocation Failure) [PSYoungGen: 325520K->37909K(465920K)] 858755K->571460K(1291776K), 0.0062354 secs] [Times: user=0.02 sys=0.00, real=0.01 secs] 
419.838: [GC (Allocation Failure) [PSYoungGen: 270869K->184076K(465920K)] 804420K->718881K(1291776K), 0.0200613 secs] [Times: user=0.03 sys=0.00, real=0.02 secs] 
420.126: [GC (Allocation Failure) [PSYoungGen: 417036K->184655K(465920K)] 951841K->719732K(1291776K), 0.0200673 secs] [Times: user=0.02 sys=0.00, real=0.02 secs] 
422.017: [GC (Allocation Failure) [PSYoungGen: 408017K->92126K(465920K)] 943095K->627469K(1291776K), 0.0198720 secs] [Times: user=0.03 sys=0.00, real=0.02 secs] 
423.958: [GC (Allocation Failure) [PSYoungGen: 325086K->37620K(465920K)] 860429K->573268K(1291776K), 0.0069629 secs] [Times: user=0.01 sys=0.00, real=0.00 secs] 
424.347: [GC (Allocation Failure) [PSYoungGen: 270580K->184365K(465920K)] 806228K->721267K(1291776K), 0.0200622 secs] [Times: user=0.02 sys=0.00, real=0.02 secs] 
424.630: [GC (Allocation Failure) [PSYoungGen: 417325K->184590K(465920K)] 954227K->721789K(1291776K), 0.0201932 secs] [Times: user=0.03 sys=0.00, real=0.02 secs] 
425.569: [GC (Allocation Failure) [PSYoungGen: 408178K->92287K(465920K)] 945377K->629759K(1291776K), 0.0129698 secs] [Times: user=0.03 sys=0.00, real=0.01 secs] 
427.155: [GC (Allocation Failure) [PSYoungGen: 325247K->37395K(465920K)] 862719K->575174K(1291776K), 0.0061945 secs] [Times: user=0.01 sys=0.00, real=0.01 secs] 
427.436: [GC (Allocation Failure) [PSYoungGen: 270355K->184462K(465920K)] 808134K->723487K(1291776K), 0.0201214 secs] [Times: user=0.02 sys=0.00, real=0.02 secs] 
427.726: [GC (Allocation Failure) [PSYoungGen: 417422K->184558K(465920K)] 956447K->723865K(1291776K), 0.0202802 secs] [Times: user=0.02 sys=0.00, real=0.02 secs] 
430.221: [GC (Allocation Failure) [PSYoungGen: 408159K->92383K(465920K)] 947465K->631955K(1291776K), 0.0251623 secs] [Times: user=0.05 sys=0.00, real=0.03 secs] 
431.709: [GC (Allocation Failure) [PSYoungGen: 325343K->37909K(465920K)] 864915K->577796K(1291776K), 0.0066554 secs] [Times: user=0.02 sys=0.00, real=0.00 secs] 
432.006: [GC (Allocation Failure) [PSYoungGen: 270869K->184462K(465920K)] 810756K->725731K(1291776K), 0.0202027 secs] [Times: user=0.03 sys=0.01, real=0.02 secs] 
432.290: [GC (Allocation Failure) [PSYoungGen: 417422K->184622K(465920K)] 958691K->726036K(1291776K), 0.0202056 secs] [Times: user=0.02 sys=0.00, real=0.02 secs] 
433.034: [GC (Allocation Failure) [PSYoungGen: 407168K->91901K(465920K)] 948582K->633588K(1291776K), 0.0112182 secs] [Times: user=0.02 sys=0.00, real=0.01 secs] 
434.543: [GC (Allocation Failure) [PSYoungGen: 324861K->37748K(465920K)] 866548K->579751K(1291776K), 0.0063630 secs] [Times: user=0.01 sys=0.00, real=0.01 secs] 
434.826: [GC (Allocation Failure) [PSYoungGen: 270708K->183690K(465920K)] 812711K->726939K(1291776K), 0.0200051 secs] [Times: user=0.03 sys=0.00, real=0.02 secs] 
435.109: [GC (Allocation Failure) [PSYoungGen: 416650K->184398K(465920K)] 959899K->727927K(1291776K), 0.0200783 secs] [Times: user=0.03 sys=0.00, real=0.02 secs] 
436.080: [GC (Allocation Failure) [PSYoungGen: 409868K->92913K(465920K)] 953398K->636708K(1291776K), 0.0108041 secs] [Times: user=0.02 sys=0.00, real=0.01 secs] 
436.885: [GC (Allocation Failure) [PSYoungGen: 325873K->37877K(465920K)] 869668K->581987K(1291776K), 0.0053575 secs] [Times: user=0.01 sys=0.00, real=0.01 secs] 
437.152: [GC (Allocation Failure) [PSYoungGen: 270837K->183948K(465920K)] 814947K->729312K(1291776K), 0.0200323 secs] [Times: user=0.03 sys=0.00, real=0.02 secs] 
437.498: [GC (Allocation Failure) [PSYoungGen: 416908K->184462K(465920K)] 962272K->730107K(1291776K), 0.0201700 secs] [Times: user=0.03 sys=0.00, real=0.02 secs] 
438.885: [GC (Allocation Failure) [PSYoungGen: 408129K->92512K(465920K)] 953774K->638430K(1291776K), 0.0158376 secs] [Times: user=0.03 sys=0.00, real=0.02 secs] 
440.511: [GC (Allocation Failure) [PSYoungGen: 325472K->37748K(465920K)] 871390K->583980K(1291776K), 0.0065642 secs] [Times: user=0.02 sys=0.00, real=0.01 secs] 
440.800: [GC (Allocation Failure) [PSYoungGen: 270708K->184462K(465920K)] 816940K->731947K(1291776K), 0.0201162 secs] [Times: user=0.03 sys=0.00, real=0.02 secs] 
441.082: [GC (Allocation Failure) [PSYoungGen: 417422K->184333K(465920K)] 964907K->732100K(1291776K), 0.0202137 secs] [Times: user=0.03 sys=0.00, real=0.02 secs] 
442.436: [GC (Allocation Failure) [PSYoungGen: 409379K->92287K(465920K)] 957146K->640447K(1291776K), 0.0121602 secs] [Times: user=0.02 sys=0.00, real=0.02 secs] 
443.256: [GC (Allocation Failure) [PSYoungGen: 325247K->38037K(465920K)] 873407K->586374K(1291776K), 0.0053474 secs] [Times: user=0.01 sys=0.00, real=0.00 secs] 
443.594: [GC (Allocation Failure) [PSYoungGen: 270997K->184719K(465920K)] 819334K->734310K(1291776K), 0.0202803 secs] [Times: user=0.03 sys=0.00, real=0.02 secs] 
443.935: [GC (Allocation Failure) [PSYoungGen: 417679K->184623K(465920K)] 967270K->734495K(1291776K), 0.0202098 secs] [Times: user=0.02 sys=0.00, real=0.02 secs] 
444.814: [GC (Allocation Failure) [PSYoungGen: 407214K->91339K(465920K)] 957085K->641484K(1291776K), 0.0114372 secs] [Times: user=0.02 sys=0.00, real=0.01 secs] 
445.624: [GC (Allocation Failure) [PSYoungGen: 324299K->38034K(465920K)] 874444K->588497K(1291776K), 0.0054166 secs] [Times: user=0.02 sys=0.00, real=0.01 secs] 
445.955: [GC (Allocation Failure) [PSYoungGen: 270994K->183948K(465920K)] 821457K->735656K(1291776K), 0.0201431 secs] [Times: user=0.03 sys=0.00, real=0.02 secs] 
446.248: [GC (Allocation Failure) [PSYoungGen: 416908K->184462K(465920K)] 968616K->736451K(1291776K), 0.0206296 secs] [Times: user=0.02 sys=0.00, real=0.02 secs] 
448.088: [GC (Allocation Failure) [PSYoungGen: 409669K->92383K(465920K)] 961658K->644638K(1291776K), 0.0264805 secs] [Times: user=0.05 sys=0.00, real=0.02 secs] 
449.948: [GC (Allocation Failure) [PSYoungGen: 325343K->37748K(465920K)] 877598K->590309K(1291776K), 0.0064560 secs] [Times: user=0.02 sys=0.00, real=0.00 secs] 
450.231: [GC (Allocation Failure) [PSYoungGen: 270708K->184719K(465920K)] 823269K->738533K(1291776K), 0.0203005 secs] [Times: user=0.03 sys=0.00, real=0.02 secs] 
450.515: [GC (Allocation Failure) [PSYoungGen: 417679K->184687K(465920K)] 971493K->738774K(1291776K), 0.0200783 secs] [Times: user=0.02 sys=0.00, real=0.02 secs] 
452.189: [GC (Allocation Failure) [PSYoungGen: 407258K->91596K(465920K)] 961345K->645956K(1291776K), 0.0173404 secs] [Times: user=0.03 sys=0.00, real=0.01 secs] 
453.828: [GC (Allocation Failure) [PSYoungGen: 324556K->37748K(465920K)] 878916K->592422K(1291776K), 0.0063667 secs] [Times: user=0.01 sys=0.00, real=0.00 secs] 
454.169: [GC (Allocation Failure) [PSYoungGen: 270708K->183722K(465920K)] 825382K->739642K(1291776K), 0.0200184 secs] [Times: user=0.03 sys=0.00, real=0.02 secs] 
454.515: [GC (Allocation Failure) [PSYoungGen: 416682K->184398K(465920K)] 972602K->740614K(1291776K), 0.0199746 secs] [Times: user=0.03 sys=0.00, real=0.02 secs] 
455.687: [GC (Allocation Failure) [PSYoungGen: 409640K->92897K(465920K)] 965856K->649379K(1291776K), 0.0147121 secs] [Times: user=0.03 sys=0.00, real=0.01 secs] 
457.448: [GC (Allocation Failure) [PSYoungGen: 325857K->37491K(465920K)] 882339K->594280K(1291776K), 0.0065407 secs] [Times: user=0.01 sys=0.00, real=0.00 secs] 
457.810: [GC (Allocation Failure) [PSYoungGen: 270451K->183916K(465920K)] 827240K->741958K(1291776K), 0.0203028 secs] [Times: user=0.03 sys=0.00, real=0.02 secs] 
458.096: [GC (Allocation Failure) [PSYoungGen: 416876K->184847K(465920K)] 974918K->743163K(1291776K), 0.0203654 secs] [Times: user=0.03 sys=0.00, real=0.03 secs] 
459.241: [GC (Allocation Failure) [PSYoungGen: 408575K->92512K(465920K)] 966891K->651101K(1291776K), 0.0192545 secs] [Times: user=0.04 sys=0.00, real=0.02 secs] 
460.895: [GC (Allocation Failure) [PSYoungGen: 325472K->37748K(465920K)] 884061K->596651K(1291776K), 0.0089265 secs] [Times: user=0.01 sys=0.00, real=0.01 secs] 
461.239: [GC (Allocation Failure) [PSYoungGen: 270708K->184847K(465920K)] 829611K->745003K(1291776K), 0.0206308 secs] [Times: user=0.03 sys=0.00, real=0.02 secs] 
461.529: [GC (Allocation Failure) [PSYoungGen: 417807K->184976K(465920K)] 977963K->745413K(1291776K), 0.0203550 secs] [Times: user=0.02 sys=0.00, real=0.02 secs] 
462.628: [GC (Allocation Failure) [PSYoungGen: 407932K->91242K(465920K)] 968369K->651953K(1291776K), 0.0130023 secs] [Times: user=0.02 sys=0.00, real=0.01 secs] 
464.401: [GC (Allocation Failure) [PSYoungGen: 324202K->38037K(465920K)] 884913K->599069K(1291776K), 0.0066697 secs] [Times: user=0.02 sys=0.00, real=0.01 secs] 
464.701: [GC (Allocation Failure) [PSYoungGen: 270997K->184590K(465920K)] 832029K->746884K(1291776K), 0.0202704 secs] [Times: user=0.03 sys=0.00, real=0.02 secs] 
464.988: [GC (Allocation Failure) [PSYoungGen: 417550K->184655K(465920K)] 979844K->747229K(1291776K), 0.0202293 secs] [Times: user=0.03 sys=0.00, real=0.02 secs] 
466.010: [GC (Allocation Failure) [PSYoungGen: 407117K->91484K(465920K)] 969692K->654460K(1291776K), 0.0195101 secs] [Times: user=0.03 sys=0.00, real=0.02 secs] 
467.664: [GC (Allocation Failure) [PSYoungGen: 324444K->37909K(465920K)] 887420K->601062K(1291776K), 0.0073113 secs] [Times: user=0.02 sys=0.00, real=0.01 secs] 
467.972: [GC (Allocation Failure) [PSYoungGen: 270869K->184719K(465920K)] 834022K->749254K(1291776K), 0.0202921 secs] [Times: user=0.03 sys=0.00, real=0.02 secs] 
468.256: [GC (Allocation Failure) [PSYoungGen: 417679K->184719K(465920K)] 982214K->749407K(1291776K), 0.0201517 secs] [Times: user=0.02 sys=0.00, real=0.02 secs] 
469.428: [GC (Allocation Failure) [PSYoungGen: 407276K->91435K(465920K)] 971964K->656397K(1291776K), 0.0165910 secs] [Times: user=0.04 sys=0.00, real=0.01 secs] 
470.806: [GC (Allocation Failure) [PSYoungGen: 324395K->37909K(465920K)] 889357K->603192K(1291776K), 0.0062820 secs] [Times: user=0.01 sys=0.00, real=0.00 secs] 
471.084: [GC (Allocation Failure) [PSYoungGen: 270869K->184719K(465920K)] 836152K->751255K(1291776K), 0.0200709 secs] [Times: user=0.03 sys=0.00, real=0.02 secs] 
471.369: [GC (Allocation Failure) [PSYoungGen: 417679K->184687K(465920K)] 984215K->751496K(1291776K), 0.0205372 secs] [Times: user=0.03 sys=0.00, real=0.02 secs] 
472.701: [GC (Allocation Failure) [PSYoungGen: 407234K->91516K(465920K)] 974044K->658590K(1291776K), 0.0258241 secs] [Times: user=0.05 sys=0.00, real=0.03 secs] 
474.445: [GC (Allocation Failure) [PSYoungGen: 324476K->37909K(465920K)] 891550K->605289K(1291776K), 0.0067775 secs] [Times: user=0.01 sys=0.00, real=0.01 secs] 
474.813: [GC (Allocation Failure) [PSYoungGen: 270869K->184687K(465920K)] 838249K->753313K(1291776K), 0.0238900 secs] [Times: user=0.04 sys=0.00, real=0.03 secs] 
475.105: [GC (Allocation Failure) [PSYoungGen: 417647K->184751K(465920K)] 986273K->753650K(1291776K), 0.0201733 secs] [Times: user=0.02 sys=0.00, real=0.02 secs] 
476.893: [GC (Allocation Failure) [PSYoungGen: 407305K->91484K(465920K)] 976204K->660648K(1291776K), 0.0210458 secs] [Times: user=0.04 sys=0.00, real=0.02 secs] 
479.238: [GC (Allocation Failure) [PSYoungGen: 324444K->37877K(465920K)] 893608K->607354K(1291776K), 0.0072399 secs] [Times: user=0.01 sys=0.00, real=0.00 secs] 
479.538: [GC (Allocation Failure) [PSYoungGen: 270837K->183819K(465920K)] 840314K->754550K(1291776K), 0.0201384 secs] [Times: user=0.02 sys=0.00, real=0.02 secs] 
479.879: [GC (Allocation Failure) [PSYoungGen: 416779K->184655K(465920K)] 987510K->755659K(1291776K), 0.0201606 secs] [Times: user=0.03 sys=0.00, real=0.02 secs] 
480.520: [GC (Allocation Failure) [PSYoungGen: 410074K->92415K(465920K)] 981078K->663685K(1291776K), 0.0121763 secs] [Times: user=0.03 sys=0.00, real=0.01 secs] 
481.322: [GC (Allocation Failure) [PSYoungGen: 325375K->38034K(465920K)] 896645K->609610K(1291776K), 0.0053751 secs] [Times: user=0.01 sys=0.00, real=0.01 secs] 
481.595: [GC (Allocation Failure) [PSYoungGen: 270994K->184719K(465920K)] 842570K->757548K(1291776K), 0.0201355 secs] [Times: user=0.03 sys=0.00, real=0.02 secs] 
481.884: [GC (Allocation Failure) [PSYoungGen: 417679K->184687K(465920K)] 990508K->757789K(1291776K), 0.0200843 secs] [Times: user=0.02 sys=0.00, real=0.02 secs] 
482.509: [GC (Allocation Failure) [PSYoungGen: 407238K->91387K(465920K)] 980339K->664762K(1291776K), 0.0110443 secs] [Times: user=0.02 sys=0.00, real=0.01 secs] 
483.319: [GC (Allocation Failure) [PSYoungGen: 324347K->38037K(465920K)] 897722K->611714K(1291776K), 0.0053995 secs] [Times: user=0.01 sys=0.00, real=0.00 secs] 
483.588: [GC (Allocation Failure) [PSYoungGen: 270997K->183916K(465920K)] 844674K->758846K(1291776K), 0.0201512 secs] [Times: user=0.03 sys=0.00, real=0.02 secs] 
483.925: [GC (Allocation Failure) [PSYoungGen: 416876K->184462K(465920K)] 991806K->759665K(1291776K), 0.0203320 secs] [Times: user=0.03 sys=0.00, real=0.02 secs] 
485.228: [GC (Allocation Failure) [PSYoungGen: 409689K->92415K(465920K)] 984892K->667900K(1291776K), 0.0125527 secs] [Times: user=0.03 sys=0.00, real=0.01 secs] 
486.373: [GC (Allocation Failure) [PSYoungGen: 325375K->37748K(465920K)] 900860K->613548K(1291776K), 0.0061608 secs] [Times: user=0.02 sys=0.00, real=0.01 secs] 
486.699: [GC (Allocation Failure) [PSYoungGen: 270708K->184076K(465920K)] 846508K->761122K(1291776K), 0.0203408 secs] [Times: user=0.02 sys=0.00, real=0.02 secs] 
487.038: [GC (Allocation Failure) [PSYoungGen: 417036K->184558K(465920K)] 994082K->761885K(1291776K), 0.0204032 secs] [Times: user=0.02 sys=0.00, real=0.02 secs] 
487.698: [GC (Allocation Failure) [PSYoungGen: 409740K->92415K(465920K)] 987066K->670015K(1291776K), 0.0112225 secs] [Times: user=0.02 sys=0.01, real=0.01 secs] 
488.803: [GC (Allocation Failure) [PSYoungGen: 325375K->37877K(465920K)] 902975K->615782K(1291776K), 0.0065762 secs] [Times: user=0.02 sys=0.00, real=0.01 secs] 
489.095: [GC (Allocation Failure) [PSYoungGen: 270837K->184719K(465920K)] 848742K->763878K(1291776K), 0.0202468 secs] [Times: user=0.02 sys=0.00, real=0.02 secs] 
489.386: [GC (Allocation Failure) [PSYoungGen: 417679K->184751K(465920K)] 996838K->764191K(1291776K), 0.0202608 secs] [Times: user=0.02 sys=0.00, real=0.02 secs] 
490.826: [GC (Allocation Failure) [PSYoungGen: 407300K->91516K(465920K)] 986740K->671237K(1291776K), 0.0188927 secs] [Times: user=0.03 sys=0.00, real=0.02 secs] 
492.329: [GC (Allocation Failure) [PSYoungGen: 324476K->37877K(465920K)] 904197K->617904K(1291776K), 0.0088362 secs] [Times: user=0.02 sys=0.00, real=0.01 secs] 
492.676: [GC (Allocation Failure) [PSYoungGen: 270837K->184719K(465920K)] 850864K->765991K(1291776K), 0.0204463 secs] [Times: user=0.02 sys=0.00, real=0.02 secs] 
492.964: [GC (Allocation Failure) [PSYoungGen: 417679K->184719K(465920K)] 998951K->766264K(1291776K), 0.0203021 secs] [Times: user=0.02 sys=0.00, real=0.02 secs] 
495.449: [GC (Allocation Failure) [PSYoungGen: 407303K->91484K(465920K)] 988849K->673294K(1291776K), 0.0164004 secs] [Times: user=0.04 sys=0.00, real=0.01 secs] 
497.369: [GC (Allocation Failure) [PSYoungGen: 324444K->37748K(465920K)] 906254K->619876K(1291776K), 0.0068221 secs] [Times: user=0.02 sys=0.00, real=0.00 secs] 
497.665: [GC (Allocation Failure) [PSYoungGen: 270708K->183819K(465920K)] 852836K->767201K(1291776K), 0.0202674 secs] [Times: user=0.02 sys=0.00, real=0.02 secs] 
497.948: [GC (Allocation Failure) [PSYoungGen: 416779K->184398K(465920K)] 1000161K->768061K(1291776K), 0.0201967 secs] [Times: user=0.03 sys=0.00, real=0.02 secs] 
500.009: [GC (Allocation Failure) [PSYoungGen: 409634K->92753K(465920K)] 993297K->676689K(1291776K), 0.0159476 secs] [Times: user=0.03 sys=0.00, real=0.01 secs] 
501.441: [GC (Allocation Failure) [PSYoungGen: 325713K->37845K(465920K)] 909649K->622086K(1291776K), 0.0060825 secs] [Times: user=0.01 sys=0.00, real=0.01 secs] 
501.713: [GC (Allocation Failure) [PSYoungGen: 270805K->184719K(465920K)] 855046K->770198K(1291776K), 0.0204851 secs] [Times: user=0.03 sys=0.00, real=0.02 secs] 
501.998: [GC (Allocation Failure) [PSYoungGen: 417679K->184623K(465920K)] 1003158K->770504K(1291776K), 0.0203785 secs] [Times: user=0.03 sys=0.00, real=0.02 secs] 
503.866: [GC (Allocation Failure) [PSYoungGen: 407063K->91484K(465920K)] 992943K->677629K(1291776K), 0.0158574 secs] [Times: user=0.03 sys=0.00, real=0.02 secs] 
505.549: [GC (Allocation Failure) [PSYoungGen: 324444K->37809K(465920K)] 910589K->624140K(1291776K), 0.0128730 secs] [Times: user=0.04 sys=0.00, real=0.01 secs] 
505.929: [GC (Allocation Failure) [PSYoungGen: 270769K->184719K(465920K)] 857100K->772311K(1291776K), 0.0203224 secs] [Times: user=0.02 sys=0.00, real=0.02 secs] 
506.212: [GC (Allocation Failure) [PSYoungGen: 417679K->184687K(465920K)] 1005271K->772560K(1291776K), 0.0203091 secs] [Times: user=0.03 sys=0.00, real=0.02 secs] 
506.853: [GC (Allocation Failure) [PSYoungGen: 407242K->91612K(465920K)] 995116K->679759K(1291776K), 0.0117433 secs] [Times: user=0.02 sys=0.00, real=0.01 secs] 
508.247: [GC (Allocation Failure) [PSYoungGen: 324572K->37748K(465920K)] 912719K->626209K(1291776K), 0.0073227 secs] [Times: user=0.01 sys=0.00, real=0.00 secs] 
508.555: [GC (Allocation Failure) [PSYoungGen: 270708K->184751K(465920K)] 859169K->774593K(1291776K), 0.0202088 secs] [Times: user=0.03 sys=0.00, real=0.02 secs] 
508.838: [GC (Allocation Failure) [PSYoungGen: 417711K->184623K(465920K)] 1007553K->774610K(1291776K), 0.0201957 secs] [Times: user=0.03 sys=0.00, real=0.02 secs] 
510.052: [GC (Allocation Failure) [PSYoungGen: 407183K->91596K(465920K)] 997170K->681856K(1291776K), 0.0201697 secs] [Times: user=0.05 sys=0.00, real=0.02 secs] 
513.189: [GC (Allocation Failure) [PSYoungGen: 324556K->37363K(465920K)] 914816K->627946K(1291776K), 0.0081827 secs] [Times: user=0.02 sys=0.00, real=0.01 secs] 
513.515: [GC (Allocation Failure) [PSYoungGen: 270323K->184719K(465920K)] 860906K->776556K(1291776K), 0.0201865 secs] [Times: user=0.02 sys=0.00, real=0.02 secs] 
513.804: [GC (Allocation Failure) [PSYoungGen: 417679K->184687K(465920K)] 1009516K->776797K(1291776K), 0.0201922 secs] [Times: user=0.02 sys=0.00, real=0.02 secs] 
514.492: [GC (Allocation Failure) [PSYoungGen: 409836K->92046K(465920K)] 1001946K->684421K(1291776K), 0.0117671 secs] [Times: user=0.02 sys=0.00, real=0.01 secs] 
515.400: [GC (Allocation Failure) [PSYoungGen: 325006K->38134K(465920K)] 917381K->630827K(1291776K), 0.0055927 secs] [Times: user=0.01 sys=0.00, real=0.00 secs] 
515.751: [GC (Allocation Failure) [PSYoungGen: 271094K->184719K(465920K)] 863787K->778650K(1291776K), 0.0217667 secs] [Times: user=0.02 sys=0.00, real=0.02 secs] 
516.124: [GC (Allocation Failure) [PSYoungGen: 417679K->184912K(465920K)] 1011610K->779116K(1291776K), 0.0203991 secs] [Times: user=0.02 sys=0.01, real=0.02 secs] 
516.826: [GC (Allocation Failure) [PSYoungGen: 407723K->90953K(465920K)] 1001927K->685430K(1291776K), 0.0121345 secs] [Times: user=0.02 sys=0.00, real=0.02 secs] 
517.784: [GC (Allocation Failure) [PSYoungGen: 323913K->37973K(465920K)] 918390K->632756K(1291776K), 0.0077196 secs] [Times: user=0.02 sys=0.00, real=0.01 secs] 
518.186: [GC (Allocation Failure) [PSYoungGen: 270933K->184590K(465920K)] 865716K->780610K(1291776K), 0.0204715 secs] [Times: user=0.03 sys=0.00, real=0.03 secs] 
518.473: [GC (Allocation Failure) [PSYoungGen: 417550K->184783K(465920K)] 1013570K->781084K(1291776K), 0.0206029 secs] [Times: user=0.02 sys=0.00, real=0.02 secs] 
521.439: [GC (Allocation Failure) [PSYoungGen: 407242K->91516K(465920K)] 1003543K->688218K(1291776K), 0.0165417 secs] [Times: user=0.04 sys=0.00, real=0.01 secs] 
524.326: [GC (Allocation Failure) [PSYoungGen: 324476K->37427K(465920K)] 921178K->634309K(1291776K), 0.0081926 secs] [Times: user=0.02 sys=0.00, real=0.00 secs] 
524.725: [GC (Allocation Failure) [PSYoungGen: 270387K->184719K(465920K)] 867269K->782862K(1291776K), 0.0204384 secs] [Times: user=0.03 sys=0.00, real=0.02 secs] 
525.013: [GC (Allocation Failure) [PSYoungGen: 417679K->184719K(465920K)] 1015822K->783135K(1291776K), 0.0203048 secs] [Times: user=0.03 sys=0.00, real=0.02 secs] 
525.746: [GC (Allocation Failure) [PSYoungGen: 405230K->92030K(465920K)] 1003647K->690727K(1291776K), 0.0120138 secs] [Times: user=0.03 sys=0.00, real=0.01 secs] 
526.690: [GC (Allocation Failure) [PSYoungGen: 324990K->38037K(465920K)] 923687K->637049K(1291776K), 0.0054761 secs] [Times: user=0.01 sys=0.00, real=0.00 secs] 
526.960: [GC (Allocation Failure) [PSYoungGen: 270997K->184719K(465920K)] 870009K->784984K(1291776K), 0.0202353 secs] [Times: user=0.03 sys=0.00, real=0.02 secs] 
527.304: [GC (Allocation Failure) [PSYoungGen: 417679K->184687K(465920K)] 1017944K->785233K(1291776K), 0.0201665 secs] [Times: user=0.02 sys=0.00, real=0.02 secs] 
529.595: [GC (Allocation Failure) [PSYoungGen: 407236K->91387K(465920K)] 1007782K->692206K(1291776K), 0.0119008 secs] [Times: user=0.02 sys=0.01, real=0.02 secs] 
531.503: [GC (Allocation Failure) [PSYoungGen: 324347K->37938K(465920K)] 925166K->639087K(1291776K), 0.0066297 secs] [Times: user=0.01 sys=0.00, real=0.01 secs] 
531.790: [GC (Allocation Failure) [PSYoungGen: 270898K->183916K(465920K)] 872047K->786318K(1291776K), 0.0204606 secs] [Times: user=0.03 sys=0.00, real=0.02 secs] 
532.074: [GC (Allocation Failure) [PSYoungGen: 416876K->184462K(465920K)] 1019278K->787274K(1291776K), 0.0203457 secs] [Times: user=0.02 sys=0.00, real=0.02 secs] 
532.796: [GC (Allocation Failure) [PSYoungGen: 409682K->92512K(465920K)] 1012495K->695468K(1291776K), 0.0118259 secs] [Times: user=0.02 sys=0.00, real=0.02 secs] 
534.389: [GC (Allocation Failure) [PSYoungGen: 325472K->38037K(465920K)] 928428K->641300K(1291776K), 0.0070324 secs] [Times: user=0.01 sys=0.00, real=0.00 secs] 
534.759: [GC (Allocation Failure) [PSYoungGen: 270997K->184719K(465920K)] 874260K->789235K(1291776K), 0.0204106 secs] [Times: user=0.03 sys=0.00, real=0.02 secs] 
535.047: [GC (Allocation Failure) [PSYoungGen: 417679K->184655K(465920K)] 1022195K->789444K(1291776K), 0.0202631 secs] [Times: user=0.03 sys=0.01, real=0.02 secs] 
535.765: [GC (Allocation Failure) [PSYoungGen: 407221K->91387K(465920K)] 1012010K->696441K(1291776K), 0.0121696 secs] [Times: user=0.03 sys=0.00, real=0.02 secs] 
536.622: [GC (Allocation Failure) [PSYoungGen: 324347K->38066K(465920K)] 929401K->643442K(1291776K), 0.0054192 secs] [Times: user=0.02 sys=0.00, real=0.01 secs] 
536.892: [GC (Allocation Failure) [PSYoungGen: 271026K->183948K(465920K)] 876402K->790577K(1291776K), 0.0201875 secs] [Times: user=0.03 sys=0.00, real=0.02 secs] 
537.231: [GC (Allocation Failure) [PSYoungGen: 416908K->184847K(465920K)] 1023537K->791758K(1291776K), 0.0203021 secs] [Times: user=0.03 sys=0.00, real=0.02 secs] 
539.390: [GC (Allocation Failure) [PSYoungGen: 410163K->91966K(465920K)] 1017073K->699278K(1291776K), 0.0187846 secs] [Times: user=0.04 sys=0.00, real=0.02 secs] 
540.942: [GC (Allocation Failure) [PSYoungGen: 324926K->37748K(465920K)] 932238K->645239K(1291776K), 0.0055479 secs] [Times: user=0.02 sys=0.00, real=0.01 secs] 
541.210: [GC (Allocation Failure) [PSYoungGen: 270708K->184205K(465920K)] 878199K->792949K(1291776K), 0.0201153 secs] [Times: user=0.03 sys=0.00, real=0.02 secs] 
541.494: [GC (Allocation Failure) [PSYoungGen: 417165K->184526K(465920K)] 1025909K->793544K(1291776K), 0.0201461 secs] [Times: user=0.03 sys=0.00, real=0.02 secs] 
543.004: [GC (Allocation Failure) [PSYoungGen: 408118K->92207K(465920K)] 1017136K->701490K(1291776K), 0.0206546 secs] [Times: user=0.04 sys=0.00, real=0.02 secs] 
545.134: [GC (Allocation Failure) [PSYoungGen: 325167K->37620K(465920K)] 934450K->647216K(1291776K), 0.0075858 secs] [Times: user=0.02 sys=0.00, real=0.01 secs] 
545.515: [GC (Allocation Failure) [PSYoungGen: 270580K->184847K(465920K)] 880176K->795689K(1291776K), 0.0203983 secs] [Times: user=0.02 sys=0.00, real=0.02 secs] 
545.797: [GC (Allocation Failure) [PSYoungGen: 417807K->184173K(465920K)] 1028649K->795288K(1291776K), 0.0202305 secs] [Times: user=0.02 sys=0.00, real=0.02 secs] 
547.756: [GC (Allocation Failure) [PSYoungGen: 409513K->92142K(465920K)] 1020628K->703530K(1291776K), 0.0249618 secs] [Times: user=0.06 sys=0.01, real=0.02 secs] 
550.539: [GC (Allocation Failure) [PSYoungGen: 325102K->37909K(465920K)] 936490K->649603K(1291776K), 0.0077531 secs] [Times: user=0.02 sys=0.00, real=0.01 secs] 
550.859: [GC (Allocation Failure) [PSYoungGen: 270869K->184333K(465920K)] 882563K->797281K(1291776K), 0.0202561 secs] [Times: user=0.03 sys=0.00, real=0.02 secs] 
551.147: [GC (Allocation Failure) [PSYoungGen: 417293K->184687K(465920K)] 1030241K->797907K(1291776K), 0.0203276 secs] [Times: user=0.03 sys=0.00, real=0.02 secs] 
551.783: [GC (Allocation Failure) [PSYoungGen: 407258K->91869K(465920K)] 1020479K->705363K(1291776K), 0.0110670 secs] [Times: user=0.02 sys=0.00, real=0.01 secs] 
553.103: [GC (Allocation Failure) [PSYoungGen: 324829K->37716K(465920K)] 938323K->651524K(1291776K), 0.0074394 secs] [Times: user=0.02 sys=0.00, real=0.01 secs] 
553.484: [GC (Allocation Failure) [PSYoungGen: 270676K->183690K(465920K)] 884484K->798744K(1291776K), 0.0206080 secs] [Times: user=0.02 sys=0.00, real=0.02 secs] 
553.767: [GC (Allocation Failure) [PSYoungGen: 416650K->184558K(465920K)] 1031704K->799884K(1291776K), 0.0202026 secs] [Times: user=0.03 sys=0.00, real=0.02 secs] 
554.816: [GC (Allocation Failure) [PSYoungGen: 408529K->92785K(465920K)] 1023855K->708376K(1291776K), 0.0171981 secs] [Times: user=0.04 sys=0.00, real=0.02 secs] 
556.748: [GC (Allocation Failure) [PSYoungGen: 325745K->37620K(465920K)] 941336K->653535K(1291776K), 0.0082843 secs] [Times: user=0.02 sys=0.01, real=0.00 secs] 
557.077: [GC (Allocation Failure) [PSYoungGen: 270580K->184590K(465920K)] 886495K->801751K(1291776K), 0.0202693 secs] [Times: user=0.03 sys=0.00, real=0.02 secs] 
557.418: [GC (Allocation Failure) [PSYoungGen: 417550K->184976K(465920K)] 1034711K->802409K(1291776K), 0.0204019 secs] [Times: user=0.03 sys=0.00, real=0.02 secs] 
558.166: [GC (Allocation Failure) [PSYoungGen: 407261K->91628K(465920K)] 1024695K->709335K(1291776K), 0.0122626 secs] [Times: user=0.02 sys=0.00, real=0.02 secs] 
560.428: [GC (Allocation Failure) [PSYoungGen: 324588K->37491K(465920K)] 942295K->655511K(1291776K), 0.0085538 secs] [Times: user=0.02 sys=0.00, real=0.01 secs] 
560.756: [GC (Allocation Failure) [PSYoungGen: 270451K->186518K(465920K)] 888471K->805792K(1291776K), 0.0206856 secs] [Times: user=0.02 sys=0.00, real=0.02 secs] 
561.047: [GC (Allocation Failure) [PSYoungGen: 419478K->186068K(465920K)] 1038752K->805752K(1291776K), 0.0206145 secs] [Times: user=0.03 sys=0.00, real=0.02 secs] 
561.690: [GC (Allocation Failure) [PSYoungGen: 405411K->88656K(465920K)] 1025094K->708605K(1291776K), 0.0107793 secs] [Times: user=0.02 sys=0.00, real=0.01 secs] 
562.693: [GC (Allocation Failure) [PSYoungGen: 321616K->37877K(465920K)] 941565K->658018K(1291776K), 0.0054368 secs] [Times: user=0.01 sys=0.00, real=0.01 secs] 
563.019: [GC (Allocation Failure) [PSYoungGen: 270837K->184205K(465920K)] 890978K->805592K(1291776K), 0.0202318 secs] [Times: user=0.03 sys=0.00, real=0.02 secs] 
563.364: [GC (Allocation Failure) [PSYoungGen: 417165K->184462K(465920K)] 1038552K->806259K(1291776K), 0.0203755 secs] [Times: user=0.03 sys=0.00, real=0.02 secs] 
565.082: [GC (Allocation Failure) [PSYoungGen: 408105K->92255K(465920K)] 1029902K->714196K(1291776K), 0.0238945 secs] [Times: user=0.05 sys=0.00, real=0.02 secs] 
566.572: [GC (Allocation Failure) [PSYoungGen: 325215K->37877K(465920K)] 947156K->660132K(1291776K), 0.0064105 secs] [Times: user=0.01 sys=0.00, real=0.01 secs] 
566.856: [GC (Allocation Failure) [PSYoungGen: 270837K->184462K(465920K)] 893092K->808099K(1291776K), 0.0204092 secs] [Times: user=0.03 sys=0.00, real=0.03 secs] 
567.152: [GC (Allocation Failure) [PSYoungGen: 417422K->184526K(465920K)] 1041059K->808308K(1291776K), 0.0204018 secs] [Times: user=0.03 sys=0.00, real=0.02 secs] 
567.822: [GC (Allocation Failure) [PSYoungGen: 407078K->91837K(465920K)] 1030860K->715884K(1291776K), 0.0121030 secs] [Times: user=0.02 sys=0.00, real=0.01 secs] 
569.095: [GC (Allocation Failure) [PSYoungGen: 324797K->37877K(465920K)] 948844K->662237K(1291776K), 0.0066332 secs] [Times: user=0.02 sys=0.00, real=0.01 secs] 
569.375: [GC (Allocation Failure) [PSYoungGen: 270837K->184462K(465920K)] 895197K->810076K(1291776K), 0.0203092 secs] [Times: user=0.03 sys=0.00, real=0.02 secs] 
569.708: [GC (Allocation Failure) [PSYoungGen: 417422K->184526K(465920K)] 1043036K->810421K(1291776K), 0.0203983 secs] [Times: user=0.03 sys=0.00, real=0.02 secs] 
570.651: [GC (Allocation Failure) [PSYoungGen: 407066K->91901K(465920K)] 1032962K->718069K(1291776K), 0.0168321 secs] [Times: user=0.04 sys=0.00, real=0.02 secs] 
572.682: [GC (Allocation Failure) [PSYoungGen: 324861K->37138K(465920K)] 951029K->663620K(1291776K), 0.0075712 secs] [Times: user=0.01 sys=0.00, real=0.01 secs] 
573.000: [GC (Allocation Failure) [PSYoungGen: 270098K->184462K(465920K)] 896580K->812326K(1291776K), 0.0202153 secs] [Times: user=0.03 sys=0.00, real=0.02 secs] 
573.283: [GC (Allocation Failure) [PSYoungGen: 417422K->184558K(465920K)] 1045286K->812575K(1291776K), 0.0203295 secs] [Times: user=0.03 sys=0.00, real=0.02 secs] 
574.197: [GC (Allocation Failure) [PSYoungGen: 408286K->92672K(465920K)] 1036303K->720954K(1291776K), 0.0121731 secs] [Times: user=0.03 sys=0.00, real=0.01 secs] 
575.970: [GC (Allocation Failure) [PSYoungGen: 325632K->37780K(465920K)] 953914K->666378K(1291776K), 0.0077152 secs] [Times: user=0.02 sys=0.01, real=0.01 secs] 
576.284: [GC (Allocation Failure) [PSYoungGen: 270740K->184462K(465920K)] 899338K->814313K(1291776K), 0.0201836 secs] [Times: user=0.02 sys=0.00, real=0.02 secs] 
576.631: [GC (Allocation Failure) [PSYoungGen: 417422K->184333K(465920K)] 1047273K->814465K(1291776K), 0.0203392 secs] [Times: user=0.03 sys=0.00, real=0.02 secs] 
578.129: [GC (Allocation Failure) [PSYoungGen: 409373K->92287K(465920K)] 1039505K->722820K(1291776K), 0.0135829 secs] [Times: user=0.03 sys=0.00, real=0.01 secs] 
579.751: [GC (Allocation Failure) [PSYoungGen: 325247K->37620K(465920K)] 955780K->668330K(1291776K), 0.0070512 secs] [Times: user=0.02 sys=0.00, real=0.01 secs] 
580.047: [GC (Allocation Failure) [PSYoungGen: 270580K->184719K(465920K)] 901290K->816675K(1291776K), 0.0203293 secs] [Times: user=0.03 sys=0.00, real=0.02 secs] 
580.331: [GC (Allocation Failure) [PSYoungGen: 417679K->184719K(465920K)] 1049635K->816948K(1291776K), 0.0204651 secs] [Times: user=0.03 sys=0.00, real=0.02 secs] 
580.948: [GC (Allocation Failure) [PSYoungGen: 407528K->91709K(465920K)] 1039758K->724203K(1291776K), 0.0107994 secs] [Times: user=0.03 sys=0.00, real=0.01 secs] 
581.739: [GC (Allocation Failure) [PSYoungGen: 324669K->37909K(465920K)] 957163K->670713K(1291776K), 0.0054857 secs] [Times: user=0.01 sys=0.00, real=0.00 secs] 
582.009: [GC (Allocation Failure) [PSYoungGen: 270869K->183948K(465920K)] 903673K->817989K(1291776K), 0.0201845 secs] [Times: user=0.02 sys=0.00, real=0.02 secs] 
582.292: [GC (Allocation Failure) [PSYoungGen: 416908K->184462K(465920K)] 1050949K->818905K(1291776K), 0.0203392 secs] [Times: user=0.02 sys=0.00, real=0.02 secs] 
584.189: [GC (Allocation Failure) [PSYoungGen: 409709K->92512K(465920K)] 1044152K->727100K(1291776K), 0.0162745 secs] [Times: user=0.03 sys=0.01, real=0.01 secs] 
585.959: [GC (Allocation Failure) [PSYoungGen: 325472K->37877K(465920K)] 960060K->672786K(1291776K), 0.0067342 secs] [Times: user=0.01 sys=0.00, real=0.00 secs] 
586.252: [GC (Allocation Failure) [PSYoungGen: 270837K->184076K(465920K)] 905746K->820231K(1291776K), 0.0201861 secs] [Times: user=0.02 sys=0.00, real=0.02 secs] 
586.536: [GC (Allocation Failure) [PSYoungGen: 417036K->184558K(465920K)] 1053191K->820986K(1291776K), 0.0203352 secs] [Times: user=0.02 sys=0.00, real=0.02 secs] 
587.731: [GC (Allocation Failure) [PSYoungGen: 409608K->92287K(465920K)] 1046036K->729109K(1291776K), 0.0203863 secs] [Times: user=0.04 sys=0.00, real=0.02 secs] 
589.003: [GC (Allocation Failure) [PSYoungGen: 325247K->38134K(465920K)] 962069K->675127K(1291776K), 0.0068066 secs] [Times: user=0.01 sys=0.00, real=0.01 secs] 
589.296: [GC (Allocation Failure) [PSYoungGen: 271094K->184719K(465920K)] 908087K->822965K(1291776K), 0.0202441 secs] [Times: user=0.03 sys=0.00, real=0.02 secs] 
589.585: [GC (Allocation Failure) [PSYoungGen: 417679K->184687K(465920K)] 1055925K->823206K(1291776K), 0.0204589 secs] [Times: user=0.03 sys=0.00, real=0.02 secs] 
590.200: [GC (Allocation Failure) [PSYoungGen: 407118K->91258K(465920K)] 1045637K->730051K(1291776K), 0.0108532 secs] [Times: user=0.02 sys=0.00, real=0.01 secs] 
591.021: [GC (Allocation Failure) [PSYoungGen: 324218K->38134K(465920K)] 963011K->677242K(1291776K), 0.0056198 secs] [Times: user=0.01 sys=0.00, real=0.01 secs] 
591.289: [GC (Allocation Failure) [PSYoungGen: 271094K->184687K(465920K)] 910202K->825169K(1291776K), 0.0203983 secs] [Times: user=0.03 sys=0.00, real=0.02 secs] 
591.632: [GC (Allocation Failure) [PSYoungGen: 417647K->184655K(465920K)] 1058129K->825418K(1291776K), 0.0205030 secs] [Times: user=0.03 sys=0.00, real=0.02 secs] 
593.656: [GC (Allocation Failure) [PSYoungGen: 407086K->91210K(465920K)] 1047850K->732239K(1291776K), 0.0268567 secs] [Times: user=0.05 sys=0.00, real=0.03 secs] 
595.745: [GC (Allocation Failure) [PSYoungGen: 324170K->37812K(465920K)] 965199K->679028K(1291776K), 0.0084873 secs] [Times: user=0.02 sys=0.00, real=0.01 secs] 
596.071: [GC (Allocation Failure) [PSYoungGen: 270772K->183819K(465920K)] 911988K->826296K(1291776K), 0.0203094 secs] [Times: user=0.03 sys=0.00, real=0.02 secs] 
596.354: [GC (Allocation Failure) [PSYoungGen: 416779K->184430K(465920K)] 1059256K->827188K(1291776K), 0.0204372 secs] [Times: user=0.02 sys=0.00, real=0.02 secs] 
596.991: [GC (Allocation Failure) [PSYoungGen: 408245K->92769K(465920K)] 1051004K->735792K(1291776K), 0.0127298 secs] [Times: user=0.02 sys=0.00, real=0.01 secs] 
598.347: [GC (Allocation Failure) [PSYoungGen: 325729K->37877K(465920K)] 968752K->681208K(1291776K), 0.0075258 secs] [Times: user=0.02 sys=0.00, real=0.00 secs] 
598.728: [GC (Allocation Failure) [PSYoungGen: 270837K->184462K(465920K)] 914168K->829039K(1291776K), 0.0203511 secs] [Times: user=0.03 sys=0.00, real=0.02 secs] 
599.069: [GC (Allocation Failure) [PSYoungGen: 417422K->184237K(465920K)] 1061999K->829087K(1291776K), 0.0203310 secs] [Times: user=0.02 sys=0.00, real=0.02 secs] 
600.540: [GC (Allocation Failure) [PSYoungGen: 409273K->92094K(465920K)] 1054123K->737338K(1291776K), 0.0144474 secs] [Times: user=0.03 sys=0.00, real=0.01 secs] 
601.562: [GC (Allocation Failure) [PSYoungGen: 325054K->37973K(465920K)] 970298K->683390K(1291776K), 0.0069825 secs] [Times: user=0.02 sys=0.00, real=0.01 secs] 
601.913: [GC (Allocation Failure) [PSYoungGen: 270933K->184719K(465920K)] 916350K->831389K(1291776K), 0.0202279 secs] [Times: user=0.03 sys=0.00, real=0.02 secs] 
602.197: [GC (Allocation Failure) [PSYoungGen: 417679K->184655K(465920K)] 1064349K->831606K(1291776K), 0.0204481 secs] [Times: user=0.03 sys=0.00, real=0.02 secs] 
604.430: [GC (Allocation Failure) [PSYoungGen: 407237K->91371K(465920K)] 1054189K->738587K(1291776K), 0.0171911 secs] [Times: user=0.03 sys=0.00, real=0.02 secs] 
606.001: [GC (Allocation Failure) [PSYoungGen: 324331K->37877K(465920K)] 971547K->685407K(1291776K), 0.0056511 secs] [Times: user=0.01 sys=0.00, real=0.01 secs] 
606.269: [GC (Allocation Failure) [PSYoungGen: 270837K->183819K(465920K)] 918367K->832595K(1291776K), 0.0201271 secs] [Times: user=0.02 sys=0.00, real=0.02 secs] 
606.614: [GC (Allocation Failure) [PSYoungGen: 416779K->184430K(465920K)] 1065555K->833486K(1291776K), 0.0202568 secs] [Times: user=0.03 sys=0.00, real=0.02 secs] 
608.748: [GC (Allocation Failure) [PSYoungGen: 409655K->92640K(465920K)] 1058712K->741962K(1291776K), 0.0189576 secs] [Times: user=0.04 sys=0.00, real=0.02 secs] 
610.161: [GC (Allocation Failure) [PSYoungGen: 325600K->37748K(465920K)] 974922K->687376K(1291776K), 0.0066614 secs] [Times: user=0.02 sys=0.00, real=0.01 secs] 
610.445: [GC (Allocation Failure) [PSYoungGen: 270708K->184076K(465920K)] 920336K->834949K(1291776K), 0.0201778 secs] [Times: user=0.03 sys=0.00, real=0.02 secs] 
610.788: [GC (Allocation Failure) [PSYoungGen: 417036K->184558K(465920K)] 1067909K->835833K(1291776K), 0.0203885 secs] [Times: user=0.03 sys=0.00, real=0.02 secs] 
611.712: [GC (Allocation Failure) [PSYoungGen: 409609K->92367K(465920K)] 1060884K->743915K(1291776K), 0.0126444 secs] [Times: user=0.03 sys=0.00, real=0.01 secs] 
613.431: [GC (Allocation Failure) [PSYoungGen: 325327K->37520K(465920K)] 976875K->689253K(1291776K), 0.0066895 secs] [Times: user=0.01 sys=0.00, real=0.01 secs] 
613.714: [GC (Allocation Failure) [PSYoungGen: 270480K->184719K(465920K)] 922213K->837697K(1291776K), 0.0204136 secs] [Times: user=0.03 sys=0.00, real=0.02 secs] 
613.997: [GC (Allocation Failure) [PSYoungGen: 417679K->184687K(465920K)] 1070657K->837946K(1291776K), 0.0204562 secs] [Times: user=0.03 sys=0.01, real=0.02 secs] 
615.895: [GC (Allocation Failure) [PSYoungGen: 409843K->91901K(465920K)] 1063102K->745426K(1291776K), 0.0278833 secs] [Times: user=0.06 sys=0.00, real=0.03 secs] 
618.453: [GC (Allocation Failure) [PSYoungGen: 324861K->37748K(465920K)] 978386K->691595K(1291776K), 0.0077033 secs] [Times: user=0.02 sys=0.00, real=0.01 secs] 
618.833: [GC (Allocation Failure) [PSYoungGen: 270708K->184333K(465920K)] 924555K->839433K(1291776K), 0.0203583 secs] [Times: user=0.02 sys=0.00, real=0.02 secs] 
619.120: [GC (Allocation Failure) [PSYoungGen: 417293K->184719K(465920K)] 1072393K->840092K(1291776K), 0.0203284 secs] [Times: user=0.03 sys=0.00, real=0.02 secs] 
619.960: [GC (Allocation Failure) [PSYoungGen: 405245K->91998K(465920K)] 1060618K->747644K(1291776K), 0.0121455 secs] [Times: user=0.03 sys=0.00, real=0.01 secs] 
621.502: [GC (Allocation Failure) [PSYoungGen: 324958K->37906K(465920K)] 980604K->693868K(1291776K), 0.0076901 secs] [Times: user=0.02 sys=0.00, real=0.01 secs] 
621.821: [GC (Allocation Failure) [PSYoungGen: 270866K->184719K(465920K)] 926828K->841926K(1291776K), 0.0203780 secs] [Times: user=0.02 sys=0.00, real=0.02 secs] 
622.164: [GC (Allocation Failure) [PSYoungGen: 417679K->184076K(465920K)] 1074886K->841556K(1291776K), 0.0202489 secs] [Times: user=0.03 sys=0.01, real=0.02 secs] 
622.812: [GC (Allocation Failure) [PSYoungGen: 407542K->92110K(465920K)] 1065023K->749856K(1291776K), 0.0119740 secs] [Times: user=0.03 sys=0.00, real=0.01 secs] 
623.658: [GC (Allocation Failure) [PSYoungGen: 325070K->37877K(465920K)] 982816K->695938K(1291776K), 0.0056248 secs] [Times: user=0.01 sys=0.00, real=0.00 secs] 
623.925: [GC (Allocation Failure) [PSYoungGen: 270837K->183690K(465920K)] 928898K->843005K(1291776K), 0.0201426 secs] [Times: user=0.03 sys=0.00, real=0.02 secs] 
624.208: [GC (Allocation Failure) [PSYoungGen: 416650K->184558K(465920K)] 1075965K->844146K(1291776K), 0.0204269 secs] [Times: user=0.03 sys=0.00, real=0.02 secs] 
625.505: [GC (Allocation Failure) [PSYoungGen: 409859K->92672K(465920K)] 1069447K->752686K(1291776K), 0.0169490 secs] [Times: user=0.04 sys=0.00, real=0.02 secs] 
627.230: [GC (Allocation Failure) [PSYoungGen: 325632K->37748K(465920K)] 985646K->697931K(1291776K), 0.0073197 secs] [Times: user=0.01 sys=0.00, real=0.01 secs] 
627.526: [GC (Allocation Failure) [PSYoungGen: 270708K->184076K(465920K)] 930891K->845504K(1291776K), 0.0204615 secs] [Times: user=0.03 sys=0.00, real=0.03 secs] 
627.809: [GC (Allocation Failure) [PSYoungGen: 417036K->184462K(465920K)] 1078464K->846291K(1291776K), 0.0202033 secs] [Times: user=0.02 sys=0.00, real=0.02 secs] 
628.884: [GC (Allocation Failure) [PSYoungGen: 408063K->92496K(465920K)] 1069893K->754470K(1291776K), 0.0164170 secs] [Times: user=0.03 sys=0.00, real=0.02 secs] 
630.606: [GC (Allocation Failure) [PSYoungGen: 325456K->37748K(465920K)] 987430K->700036K(1291776K), 0.0072800 secs] [Times: user=0.02 sys=0.00, real=0.00 secs] 
630.904: [GC (Allocation Failure) [PSYoungGen: 270708K->184430K(465920K)] 932996K->847963K(1291776K), 0.0202323 secs] [Times: user=0.03 sys=0.00, real=0.02 secs] 
631.188: [GC (Allocation Failure) [PSYoungGen: 417390K->184558K(465920K)] 1080923K->848365K(1291776K), 0.0202785 secs] [Times: user=0.02 sys=0.00, real=0.02 secs] 
632.443: [GC (Allocation Failure) [PSYoungGen: 407608K->91998K(465920K)] 1071415K->756077K(1291776K), 0.0241626 secs] [Times: user=0.05 sys=0.00, real=0.03 secs] 
634.683: [GC (Allocation Failure) [PSYoungGen: 324958K->37877K(465920K)] 989037K->702262K(1291776K), 0.0084357 secs] [Times: user=0.02 sys=0.00, real=0.01 secs] 
635.011: [GC (Allocation Failure) [PSYoungGen: 270837K->184462K(465920K)] 935222K->850101K(1291776K), 0.0203214 secs] [Times: user=0.03 sys=0.00, real=0.02 secs] 
635.294: [GC (Allocation Failure) [PSYoungGen: 417422K->184558K(465920K)] 1083061K->850478K(1291776K), 0.0204497 secs] [Times: user=0.03 sys=0.00, real=0.02 secs] 
635.945: [GC (Allocation Failure) [PSYoungGen: 407099K->91885K(465920K)] 1073019K->758070K(1291776K), 0.0117458 secs] [Times: user=0.02 sys=0.00, real=0.02 secs] 
636.763: [GC (Allocation Failure) [PSYoungGen: 324845K->37877K(465920K)] 991030K->704370K(1291776K), 0.0056605 secs] [Times: user=0.01 sys=0.00, real=0.01 secs] 
637.093: [GC (Allocation Failure) [PSYoungGen: 270837K->184976K(465920K)] 937330K->852714K(1291776K), 0.0204571 secs] [Times: user=0.03 sys=0.00, real=0.02 secs] 
637.381: [GC (Allocation Failure) [PSYoungGen: 417936K->184237K(465920K)] 1085674K->852249K(1291776K), 0.0204636 secs] [Times: user=0.03 sys=0.00, real=0.02 secs] 
638.145: [GC (Allocation Failure) [PSYoungGen: 407100K->91628K(465920K)] 1075112K->760033K(1291776K), 0.0139148 secs] [Times: user=0.02 sys=0.00, real=0.02 secs] 
639.701: [GC (Allocation Failure) [PSYoungGen: 324588K->37748K(465920K)] 992993K->706338K(1291776K), 0.0086147 secs] [Times: user=0.02 sys=0.00, real=0.01 secs] 
640.031: [GC (Allocation Failure) [PSYoungGen: 270708K->184719K(465920K)] 939298K->854563K(1291776K), 0.0204542 secs] [Times: user=0.03 sys=0.00, real=0.02 secs] 
640.374: [GC (Allocation Failure) [PSYoungGen: 417679K->184655K(465920K)] 1087523K->854900K(1291776K), 0.0205229 secs] [Times: user=0.02 sys=0.00, real=0.02 secs] 
642.152: [GC (Allocation Failure) [PSYoungGen: 407355K->91644K(465920K)] 1077600K->762155K(1291776K), 0.0166896 secs] [Times: user=0.03 sys=0.00, real=0.02 secs] 
643.801: [GC (Allocation Failure) [PSYoungGen: 324604K->37748K(465920K)] 995115K->708452K(1291776K), 0.0073565 secs] [Times: user=0.02 sys=0.00, real=0.01 secs] 
644.099: [GC (Allocation Failure) [PSYoungGen: 270708K->183819K(465920K)] 941412K->855776K(1291776K), 0.0205624 secs] [Times: user=0.02 sys=0.00, real=0.02 secs] 
644.444: [GC (Allocation Failure) [PSYoungGen: 416779K->184365K(465920K)] 1088736K->856724K(1291776K), 0.0204075 secs] [Times: user=0.02 sys=0.00, real=0.02 secs] 
645.670: [GC (Allocation Failure) [PSYoungGen: 408196K->92897K(465920K)] 1080555K->765417K(1291776K), 0.0148918 secs] [Times: user=0.03 sys=0.00, real=0.01 secs] 
646.864: [GC (Allocation Failure) [PSYoungGen: 325857K->37748K(465920K)] 998377K->710589K(1291776K), 0.0065925 secs] [Times: user=0.02 sys=0.00, real=0.01 secs] 
647.142: [GC (Allocation Failure) [PSYoungGen: 270708K->184462K(465920K)] 943549K->858548K(1291776K), 0.0202475 secs] [Times: user=0.02 sys=0.00, real=0.02 secs] 
647.424: [GC (Allocation Failure) [PSYoungGen: 417422K->184301K(465920K)] 1091508K->858669K(1291776K), 0.0202129 secs] [Times: user=0.02 sys=0.00, real=0.02 secs] 
649.548: [GC (Allocation Failure) [PSYoungGen: 409349K->92287K(465920K)] 1083717K->767048K(1291776K), 0.0159435 secs] [Times: user=0.03 sys=0.00, real=0.01 secs] 
650.563: [GC (Allocation Failure) [PSYoungGen: 325247K->38034K(465920K)] 1000008K->712983K(1291776K), 0.0057785 secs] [Times: user=0.01 sys=0.00, real=0.01 secs] 
650.889: [GC (Allocation Failure) [PSYoungGen: 270994K->184687K(465920K)] 945943K->860881K(1291776K), 0.0203888 secs] [Times: user=0.03 sys=0.00, real=0.02 secs] 
651.233: [GC (Allocation Failure) [PSYoungGen: 417647K->184623K(465920K)] 1093841K->861098K(1291776K), 0.0205034 secs] [Times: user=0.03 sys=0.00, real=0.02 secs] 
652.347: [GC (Allocation Failure) [PSYoungGen: 407181K->91323K(465920K)] 1083656K->768063K(1291776K), 0.0129145 secs] [Times: user=0.02 sys=0.00, real=0.01 secs] 
653.498: [GC (Allocation Failure) [PSYoungGen: 324283K->37877K(465920K)] 1001023K->714925K(1291776K), 0.0066417 secs] [Times: user=0.01 sys=0.00, real=0.00 secs] 
653.776: [GC (Allocation Failure) [PSYoungGen: 270837K->183916K(465920K)] 947885K->862209K(1291776K), 0.0203485 secs] [Times: user=0.03 sys=0.00, real=0.03 secs] 
654.065: [GC (Allocation Failure) [PSYoungGen: 416876K->184430K(465920K)] 1095169K->863005K(1291776K), 0.0202522 secs] [Times: user=0.03 sys=0.00, real=0.02 secs] 
655.829: [GC (Allocation Failure) [PSYoungGen: 409674K->92512K(465920K)] 1088249K->771360K(1291776K), 0.0207172 secs] [Times: user=0.04 sys=0.00, real=0.02 secs] 
657.122: [GC (Allocation Failure) [PSYoungGen: 325472K->38005K(465920K)] 1004320K->717167K(1291776K), 0.0054991 secs] [Times: user=0.01 sys=0.00, real=0.01 secs] 
657.451: [GC (Allocation Failure) [PSYoungGen: 270965K->184719K(465920K)] 950127K->865126K(1291776K), 0.0203513 secs] [Times: user=0.02 sys=0.00, real=0.02 secs] 
657.788: [GC (Allocation Failure) [PSYoungGen: 417679K->184655K(465920K)] 1098086K->865335K(1291776K), 0.0203059 secs] [Times: user=0.03 sys=0.00, real=0.02 secs] 
658.413: [GC (Allocation Failure) [PSYoungGen: 407224K->91387K(465920K)] 1087904K->772332K(1291776K), 0.0118770 secs] [Times: user=0.02 sys=0.00, real=0.01 secs] 
659.823: [GC (Allocation Failure) [PSYoungGen: 324347K->37588K(465920K)] 1005292K->718839K(1291776K), 0.0070014 secs] [Times: user=0.02 sys=0.00, real=0.01 secs] 
660.115: [GC (Allocation Failure) [PSYoungGen: 270548K->183948K(465920K)] 951799K->866444K(1291776K), 0.0202254 secs] [Times: user=0.03 sys=0.00, real=0.02 secs] 
660.455: [GC (Allocation Failure) [PSYoungGen: 416908K->184783K(465920K)] 1099404K->867561K(1291776K), 0.0204715 secs] [Times: user=0.03 sys=0.00, real=0.02 secs] 
661.502: [GC (Allocation Failure) [PSYoungGen: 410114K->92383K(465920K)] 1092892K->775563K(1291776K), 0.0192257 secs] [Times: user=0.04 sys=0.00, real=0.02 secs] 
662.864: [GC (Allocation Failure) [PSYoungGen: 325343K->38005K(465920K)] 1008523K->721370K(1291776K), 0.0055360 secs] [Times: user=0.01 sys=0.00, real=0.01 secs] 
663.133: [GC (Allocation Failure) [PSYoungGen: 270965K->184462K(465920K)] 954330K->869072K(1291776K), 0.0202808 secs] [Times: user=0.03 sys=0.00, real=0.02 secs] 
663.417: [GC (Allocation Failure) [PSYoungGen: 417422K->184719K(465920K)] 1102032K->869738K(1291776K), 0.0204595 secs] [Times: user=0.03 sys=0.00, real=0.02 secs] 
664.303: [GC (Allocation Failure) [PSYoungGen: 407273K->91644K(465920K)] 1092293K->776808K(1291776K), 0.0202580 secs] [Times: user=0.04 sys=0.00, real=0.02 secs] 
665.838: [GC (Allocation Failure) [PSYoungGen: 324604K->38034K(465920K)] 1009768K->723498K(1291776K), 0.0068315 secs] [Times: user=0.01 sys=0.00, real=0.00 secs] 
666.131: [GC (Allocation Failure) [PSYoungGen: 270994K->184719K(465920K)] 956458K->871557K(1291776K), 0.0203542 secs] [Times: user=0.03 sys=0.00, real=0.02 secs] 
666.474: [GC (Allocation Failure) [PSYoungGen: 417679K->184623K(465920K)] 1104517K->871605K(1291776K), 0.0204559 secs] [Times: user=0.03 sys=0.00, real=0.02 secs] 
667.588: [GC (Allocation Failure) [PSYoungGen: 407179K->91371K(465920K)] 1094162K->778627K(1291776K), 0.0148042 secs] [Times: user=0.03 sys=0.00, real=0.01 secs] 
669.103: [GC (Allocation Failure) [PSYoungGen: 324331K->37748K(465920K)] 1011587K->725310K(1291776K), 0.0077152 secs] [Times: user=0.02 sys=0.00, real=0.01 secs] 
669.413: [GC (Allocation Failure) [PSYoungGen: 270708K->184719K(465920K)] 958270K->873646K(1291776K), 0.0203472 secs] [Times: user=0.03 sys=0.00, real=0.02 secs] 
669.765: [GC (Allocation Failure) [PSYoungGen: 417679K->184719K(465920K)] 1106606K->873799K(1291776K), 0.0204987 secs] [Times: user=0.03 sys=0.00, real=0.02 secs] 
670.482: [GC (Allocation Failure) [PSYoungGen: 407276K->91612K(465920K)] 1096356K->780965K(1291776K), 0.0119441 secs] [Times: user=0.03 sys=0.00, real=0.01 secs] 
671.504: [GC (Allocation Failure) [PSYoungGen: 324572K->38037K(465920K)] 1013925K->727696K(1291776K), 0.0084771 secs] [Times: user=0.02 sys=0.00, real=0.01 secs] 
671.831: [GC (Allocation Failure) [PSYoungGen: 270997K->183819K(465920K)] 960656K->874723K(1291776K), 0.0202943 secs] [Times: user=0.03 sys=0.00, real=0.02 secs] 
672.116: [GC (Allocation Failure) [PSYoungGen: 416779K->184623K(465920K)] 1107683K->875800K(1291776K), 0.0203315 secs] [Times: user=0.03 sys=0.00, real=0.02 secs] 
672.952: [GC (Allocation Failure) [PSYoungGen: 410027K->92287K(465920K)] 1101204K->783729K(1291776K), 0.0108713 secs] [Times: user=0.02 sys=0.00, real=0.01 secs] 
674.892: [GC (Allocation Failure) [PSYoungGen: 325247K->35338K(465920K)] 1016689K->727102K(1291776K), 0.0072765 secs] [Times: user=0.02 sys=0.00, real=0.01 secs] 
675.196: [GC (Allocation Failure) [PSYoungGen: 268298K->183948K(465920K)] 960062K->876973K(1291776K), 0.0202509 secs] [Times: user=0.02 sys=0.00, real=0.02 secs] 
675.483: [GC (Allocation Failure) [PSYoungGen: 416908K->184301K(465920K)] 1109933K->877608K(1291776K), 0.0203477 secs] [Times: user=0.02 sys=0.00, real=0.02 secs] 
676.091: [GC (Allocation Failure) [PSYoungGen: 412224K->95211K(465920K)] 1105531K->788783K(1291776K), 0.0113136 secs] [Times: user=0.02 sys=0.00, real=0.01 secs] 
677.033: [GC (Allocation Failure) [PSYoungGen: 328171K->37906K(465920K)] 1021743K->731778K(1291776K), 0.0055729 secs] [Times: user=0.01 sys=0.00, real=0.01 secs] 
677.360: [GC (Allocation Failure) [PSYoungGen: 270866K->184333K(465920K)] 964738K->879451K(1291776K), 0.0204624 secs] [Times: user=0.03 sys=0.00, real=0.02 secs] 
677.703: [GC (Allocation Failure) [PSYoungGen: 417293K->184719K(465920K)] 1112411K->880109K(1291776K), 0.0203649 secs] [Times: user=0.03 sys=0.00, real=0.02 secs] 
678.429: [GC (Allocation Failure) [PSYoungGen: 407289K->91853K(465920K)] 1102680K->787509K(1291776K), 0.0122337 secs] [Times: user=0.03 sys=0.00, real=0.01 secs] 
679.229: [GC (Allocation Failure) [PSYoungGen: 324813K->38034K(465920K)] 1020469K->734004K(1291776K), 0.0055713 secs] [Times: user=0.01 sys=0.00, real=0.00 secs] 
679.498: [GC (Allocation Failure) [PSYoungGen: 270994K->183819K(465920K)] 966964K->881034K(1291776K), 0.0202160 secs] [Times: user=0.03 sys=0.00, real=0.02 secs] 
679.848: [GC (Allocation Failure) [PSYoungGen: 416779K->184237K(465920K)] 1113994K->881854K(1291776K), 0.0213037 secs] [Times: user=0.03 sys=0.00, real=0.02 secs] 
681.147: [GC (Allocation Failure) [PSYoungGen: 408067K->92656K(465920K)] 1105684K->790409K(1291776K), 0.0120722 secs] [Times: user=0.03 sys=0.00, real=0.01 secs] 
682.464: [GC (Allocation Failure) [PSYoungGen: 325616K->38005K(465920K)] 1023369K->736074K(1291776K), 0.0064037 secs] [Times: user=0.01 sys=0.00, real=0.01 secs] 
682.807: [GC (Allocation Failure) [PSYoungGen: 270965K->184430K(465920K)] 969034K->883744K(1291776K), 0.0203031 secs] [Times: user=0.03 sys=0.00, real=0.02 secs] 
683.144: [GC (Allocation Failure) [PSYoungGen: 417390K->184333K(465920K)] 1116704K->883929K(1291776K), 0.0203365 secs] [Times: user=0.03 sys=0.00, real=0.02 secs] 
684.721: [GC (Allocation Failure) [PSYoungGen: 410577K->92030K(465920K)] 1110173K->792027K(1291776K), 0.0196612 secs] [Times: user=0.04 sys=0.00, real=0.02 secs] 
687.039: [GC (Allocation Failure) [PSYoungGen: 324990K->38005K(465920K)] 1024987K->738195K(1291776K), 0.0076590 secs] [Times: user=0.02 sys=0.00, real=0.01 secs] 
687.350: [GC (Allocation Failure) [PSYoungGen: 270965K->184847K(465920K)] 971155K->886412K(1291776K), 0.0204153 secs] [Times: user=0.03 sys=0.00, real=0.02 secs] 
687.633: [GC (Allocation Failure) [PSYoungGen: 417807K->184590K(465920K)] 1119372K->886299K(1291776K), 0.0204135 secs] [Times: user=0.03 sys=0.00, real=0.02 secs] 
688.331: [GC (Allocation Failure) [PSYoungGen: 406885K->91387K(465920K)] 1108594K->793369K(1291776K), 0.0116625 secs] [Times: user=0.03 sys=0.00, real=0.01 secs] 
689.342: [GC (Allocation Failure) [PSYoungGen: 324347K->38034K(465920K)] 1026329K->740324K(1291776K), 0.0066926 secs] [Times: user=0.02 sys=0.00, real=0.01 secs] 
689.621: [GC (Allocation Failure) [PSYoungGen: 270994K->184462K(465920K)] 973284K->888133K(1291776K), 0.0205471 secs] [Times: user=0.03 sys=0.00, real=0.02 secs] 
689.905: [GC (Allocation Failure) [PSYoungGen: 417422K->184622K(465920K)] 1121093K->888575K(1291776K), 0.0205123 secs] [Times: user=0.03 sys=0.00, real=0.02 secs] 
690.568: [GC (Allocation Failure) [PSYoungGen: 407467K->91741K(465920K)] 1111420K->795830K(1291776K), 0.0124762 secs] [Times: user=0.03 sys=0.00, real=0.01 secs] 
691.439: [GC (Allocation Failure) [PSYoungGen: 324701K->38034K(465920K)] 1028790K->742445K(1291776K), 0.0056159 secs] [Times: user=0.01 sys=0.00, real=0.00 secs] 
691.709: [GC (Allocation Failure) [PSYoungGen: 270994K->184719K(465920K)] 975405K->890383K(1291776K), 0.0203987 secs] [Times: user=0.03 sys=0.00, real=0.02 secs] 
692.048: [GC (Allocation Failure) [PSYoungGen: 417679K->184655K(465920K)] 1123343K->890600K(1291776K), 0.0207389 secs] [Times: user=0.03 sys=0.00, real=0.02 secs] 
693.216: [GC (Allocation Failure) [PSYoungGen: 407214K->91323K(465920K)] 1113160K->797542K(1291776K), 0.0149316 secs] [Times: user=0.04 sys=0.00, real=0.01 secs] 
694.586: [GC (Allocation Failure) [PSYoungGen: 324283K->37266K(465920K)] 1030502K->743791K(1291776K), 0.0054927 secs] [Times: user=0.01 sys=0.00, real=0.01 secs] 
694.855: [GC (Allocation Failure) [PSYoungGen: 270226K->184719K(465920K)] 976751K->892497K(1291776K), 0.0203782 secs] [Times: user=0.03 sys=0.00, real=0.02 secs] 
695.144: [GC (Allocation Failure) [PSYoungGen: 417679K->184687K(465920K)] 1125457K->892738K(1291776K), 0.0203576 secs] [Times: user=0.03 sys=0.00, real=0.02 secs] 
696.272: [GC (Allocation Failure) [PSYoungGen: 409800K->92110K(465920K)] 1117851K->800426K(1291776K), 0.0125310 secs] [Times: user=0.03 sys=0.01, real=0.01 secs] 
697.783: [GC (Allocation Failure) [PSYoungGen: 325070K->37491K(465920K)] 1033386K->746121K(1291776K), 0.0055546 secs] [Times: user=0.01 sys=0.00, real=0.01 secs] 
698.111: [GC (Allocation Failure) [PSYoungGen: 270451K->184333K(465920K)] 979081K->894209K(1291776K), 0.0204451 secs] [Times: user=0.03 sys=0.00, real=0.02 secs] 
698.452: [GC (Allocation Failure) [PSYoungGen: 417293K->184558K(465920K)] 1127169K->894843K(1291776K), 0.0205999 secs] [Times: user=0.03 sys=0.01, real=0.02 secs] 
699.304: [GC (Allocation Failure) [PSYoungGen: 408099K->92351K(465920K)] 1118384K->802773K(1291776K), 0.0134747 secs] [Times: user=0.03 sys=0.00, real=0.02 secs] 
700.863: [GC (Allocation Failure) [PSYoungGen: 325311K->37620K(465920K)] 1035733K->748347K(1291776K), 0.0066175 secs] [Times: user=0.02 sys=0.00, real=0.01 secs] 
701.140: [GC (Allocation Failure) [PSYoungGen: 270580K->184462K(465920K)] 981307K->896563K(1291776K), 0.0203740 secs] [Times: user=0.03 sys=0.00, real=0.02 secs] 
701.424: [GC (Allocation Failure) [PSYoungGen: 417422K->184590K(465920K)] 1129523K->896836K(1291776K), 0.0205467 secs] [Times: user=0.02 sys=0.00, real=0.02 secs] 
702.731: [GC (Allocation Failure) [PSYoungGen: 407656K->92142K(465920K)] 1119902K->804653K(1291776K), 0.0124804 secs] [Times: user=0.02 sys=0.00, real=0.01 secs] 
705.024: [GC (Allocation Failure) [PSYoungGen: 325102K->37395K(465920K)] 1037613K->750211K(1291776K), 0.0079491 secs] [Times: user=0.02 sys=0.00, real=0.01 secs] 
705.341: [GC (Allocation Failure) [PSYoungGen: 270355K->184719K(465920K)] 983171K->898789K(1291776K), 0.0203110 secs] [Times: user=0.03 sys=0.00, real=0.02 secs] 
705.624: [GC (Allocation Failure) [PSYoungGen: 417679K->183819K(465920K)] 1131749K->898162K(1291776K), 0.0203388 secs] [Times: user=0.03 sys=0.00, real=0.02 secs] 
706.409: [GC (Allocation Failure) [PSYoungGen: 409132K->92929K(465920K)] 1123476K->807538K(1291776K), 0.0115217 secs] [Times: user=0.03 sys=0.00, real=0.01 secs] 
707.282: [GC (Allocation Failure) [PSYoungGen: 325889K->37906K(465920K)] 1040498K->752830K(1291776K), 0.0058153 secs] [Times: user=0.01 sys=0.00, real=0.01 secs] 
707.553: [GC (Allocation Failure) [PSYoungGen: 270866K->184044K(465920K)] 985790K->900214K(1291776K), 0.0206369 secs] [Times: user=0.03 sys=0.00, real=0.02 secs] 
707.903: [GC (Allocation Failure) [PSYoungGen: 417004K->184558K(465920K)] 1133174K->901009K(1291776K), 0.0205616 secs] [Times: user=0.03 sys=0.00, real=0.02 secs] 
709.770: [GC (Allocation Failure) [PSYoungGen: 409618K->92207K(465920K)] 1126069K->809051K(1291776K), 0.0145803 secs] [Times: user=0.03 sys=0.01, real=0.01 secs] 
711.304: [GC (Allocation Failure) [PSYoungGen: 325167K->38005K(465920K)] 1042011K->755027K(1291776K), 0.0056372 secs] [Times: user=0.02 sys=0.01, real=0.01 secs] 
711.574: [GC (Allocation Failure) [PSYoungGen: 270965K->184719K(465920K)] 987987K->902986K(1291776K), 0.0203689 secs] [Times: user=0.03 sys=0.00, real=0.02 secs] 
711.858: [GC (Allocation Failure) [PSYoungGen: 417679K->184687K(465920K)] 1135946K->903235K(1291776K), 0.0204807 secs] [Times: user=0.03 sys=0.00, real=0.02 secs] 
712.746: [GC (Allocation Failure) [PSYoungGen: 407253K->91355K(465920K)] 1125802K->810184K(1291776K), 0.0160502 secs] [Times: user=0.04 sys=0.00, real=0.01 secs] 
713.731: [GC (Allocation Failure) [PSYoungGen: 324315K->38005K(465920K)] 1043144K->757148K(1291776K), 0.0056277 secs] [Times: user=0.01 sys=0.00, real=0.01 secs] 
714.058: [GC (Allocation Failure) [PSYoungGen: 270965K->183948K(465920K)] 990108K->904336K(1291776K), 0.0204256 secs] [Times: user=0.02 sys=0.00, real=0.02 secs] 
714.345: [GC (Allocation Failure) [PSYoungGen: 416908K->184173K(465920K)] 1137296K->904834K(1291776K), 0.0204116 secs] [Times: user=0.03 sys=0.00, real=0.02 secs] 
715.634: [GC (Allocation Failure) [PSYoungGen: 409272K->92592K(465920K)] 1129934K->813527K(1291776K), 0.0165124 secs] [Times: user=0.04 sys=0.00, real=0.02 secs] 
717.224: [GC (Allocation Failure) [PSYoungGen: 325552K->37620K(465920K)] 1046487K->758860K(1291776K), 0.0071750 secs] [Times: user=0.01 sys=0.00, real=0.01 secs] 
717.517: [GC (Allocation Failure) [PSYoungGen: 270580K->184076K(465920K)] 991820K->906562K(1291776K), 0.0220213 secs] [Times: user=0.03 sys=0.00, real=0.02 secs] 
717.874: [GC (Allocation Failure) [PSYoungGen: 417036K->184847K(465920K)] 1139522K->907614K(1291776K), 0.0204605 secs] [Times: user=0.03 sys=0.00, real=0.02 secs] 
718.842: [GC (Allocation Failure) [PSYoungGen: 408638K->92255K(465920K)] 1131405K->815287K(1291776K), 0.0134798 secs] [Times: user=0.02 sys=0.00, real=0.01 secs] 
720.641: [GC (Allocation Failure) [PSYoungGen: 325215K->37363K(465920K)] 1048247K->760708K(1291776K), 0.0072270 secs] [Times: user=0.02 sys=0.00, real=0.01 secs] 
720.950: [GC (Allocation Failure) [PSYoungGen: 270323K->184719K(465920K)] 993668K->909318K(1291776K), 0.0205490 secs] [Times: user=0.03 sys=0.00, real=0.02 secs] 
721.236: [GC (Allocation Failure) [PSYoungGen: 417679K->186486K(465920K)] 1142278K->911367K(1291776K), 0.0206636 secs] [Times: user=0.03 sys=0.00, real=0.02 secs] 
722.533: [GC (Allocation Failure) [PSYoungGen: 408391K->90214K(465920K)] 1133271K->815360K(1291776K), 0.0148767 secs] [Times: user=0.04 sys=0.00, real=0.02 secs] 
724.135: [GC (Allocation Failure) [PSYoungGen: 323174K->37909K(465920K)] 1048320K->763370K(1291776K), 0.0055934 secs] [Times: user=0.01 sys=0.00, real=0.01 secs] 
724.404: [GC (Allocation Failure) [PSYoungGen: 270869K->184301K(465920K)] 996330K->911024K(1291776K), 0.0204343 secs] [Times: user=0.03 sys=0.00, real=0.02 secs] 
724.688: [GC (Allocation Failure) [PSYoungGen: 417261K->184590K(465920K)] 1143984K->911594K(1291776K), 0.0206525 secs] [Times: user=0.03 sys=0.00, real=0.02 secs] 
726.526: [GC (Allocation Failure) [PSYoungGen: 409770K->92030K(465920K)] 1136774K->819299K(1291776K), 0.0217047 secs] [Times: user=0.05 sys=0.00, real=0.03 secs] 
728.930: [GC (Allocation Failure) [PSYoungGen: 324990K->38005K(465920K)] 1052259K->765588K(1291776K), 0.0067020 secs] [Times: user=0.01 sys=0.00, real=0.01 secs] 
729.206: [GC (Allocation Failure) [PSYoungGen: 270965K->184847K(465920K)] 998548K->913684K(1291776K), 0.0204410 secs] [Times: user=0.02 sys=0.00, real=0.02 secs] 
729.527: [GC (Allocation Failure) [PSYoungGen: 417807K->184655K(465920K)] 1146644K->913772K(1291776K), 0.0205891 secs] [Times: user=0.03 sys=0.00, real=0.02 secs] 
731.882: [GC (Allocation Failure) [PSYoungGen: 407071K->91178K(465920K)] 1136189K->820577K(1291776K), 0.0148961 secs] [Times: user=0.03 sys=0.00, real=0.02 secs] 
733.560: [GC (Allocation Failure) [PSYoungGen: 324138K->38005K(465920K)] 1053537K->767709K(1291776K), 0.0068875 secs] [Times: user=0.02 sys=0.00, real=0.01 secs] 
733.844: [GC (Allocation Failure) [PSYoungGen: 270965K->183948K(465920K)] 1000669K->914897K(1291776K), 0.0203378 secs] [Times: user=0.03 sys=0.00, real=0.02 secs] 
734.128: [GC (Allocation Failure) [PSYoungGen: 416908K->184333K(465920K)] 1147857K->915564K(1291776K), 0.0206087 secs] [Times: user=0.02 sys=0.00, real=0.02 secs] 
735.717: [GC (Allocation Failure) [PSYoungGen: 409491K->92544K(465920K)] 1140722K->824064K(1291776K), 0.0170305 secs] [Times: user=0.04 sys=0.00, real=0.01 secs] 
738.149: [GC (Allocation Failure) [PSYoungGen: 325504K->38005K(465920K)] 1057024K->769839K(1291776K), 0.0073328 secs] [Times: user=0.02 sys=0.00, real=0.01 secs] 
738.514: [GC (Allocation Failure) [PSYoungGen: 270965K->184719K(465920K)] 1002799K->917926K(1291776K), 0.0205316 secs] [Times: user=0.02 sys=0.00, real=0.02 secs] 
738.807: [GC (Allocation Failure) [PSYoungGen: 417679K->184719K(465920K)] 1150886K->918071K(1291776K), 0.0205959 secs] [Times: user=0.03 sys=0.00, real=0.02 secs] 
740.558: [GC (Allocation Failure) [PSYoungGen: 407281K->91387K(465920K)] 1140633K->825004K(1291776K), 0.0205973 secs] [Times: user=0.04 sys=0.00, real=0.02 secs] 
742.821: [GC (Allocation Failure) [PSYoungGen: 324347K->38262K(465920K)] 1057964K->772187K(1291776K), 0.0063723 secs] [Times: user=0.01 sys=0.00, real=0.01 secs] 
743.100: [GC (Allocation Failure) [PSYoungGen: 271222K->184719K(465920K)] 1005147K->920018K(1291776K), 0.0204488 secs] [Times: user=0.02 sys=0.00, real=0.02 secs] 
743.386: [GC (Allocation Failure) [PSYoungGen: 417679K->184719K(465920K)] 1152978K->920170K(1291776K), 0.0204922 secs] [Times: user=0.03 sys=0.00, real=0.03 secs] 
747.203: [GC (Allocation Failure) [PSYoungGen: 407141K->91098K(465920K)] 1142593K->826823K(1291776K), 0.0161922 secs] [Times: user=0.03 sys=0.00, real=0.02 secs] 
748.080: [GC (Allocation Failure) [PSYoungGen: 324058K->38037K(465920K)] 1059783K->774084K(1291776K), 0.0057533 secs] [Times: user=0.02 sys=0.01, real=0.00 secs] 
748.411: [GC (Allocation Failure) [PSYoungGen: 270997K->184976K(465920K)] 1007044K->922268K(1291776K), 0.0204299 secs] [Times: user=0.03 sys=0.00, real=0.02 secs] 
748.693: [GC (Allocation Failure) [PSYoungGen: 417936K->183819K(465920K)] 1155228K->921384K(1291776K), 0.0204648 secs] [Times: user=0.03 sys=0.00, real=0.02 secs] 
751.023: [GC (Allocation Failure) [PSYoungGen: 404630K->91966K(465920K)] 1142195K->829932K(1291776K), 0.0220076 secs] [Times: user=0.04 sys=0.01, real=0.02 secs] 
752.782: [GC (Allocation Failure) [PSYoungGen: 324926K->38005K(465920K)] 1062892K->776149K(1291776K), 0.0067246 secs] [Times: user=0.01 sys=0.00, real=0.01 secs] 
753.131: [GC (Allocation Failure) [PSYoungGen: 270965K->184719K(465920K)] 1009109K->924108K(1291776K), 0.0205658 secs] [Times: user=0.03 sys=0.00, real=0.02 secs] 
753.422: [GC (Allocation Failure) [PSYoungGen: 417679K->186486K(465920K)] 1157068K->926148K(1291776K), 0.0207215 secs] [Times: user=0.03 sys=0.00, real=0.02 secs] 
754.602: [GC (Allocation Failure) [PSYoungGen: 403841K->89572K(465920K)] 1143503K->829507K(1291776K), 0.0121601 secs] [Times: user=0.03 sys=0.00, real=0.01 secs] 
755.611: [GC (Allocation Failure) [PSYoungGen: 322532K->38134K(465920K)] 1062467K->778383K(1291776K), 0.0057650 secs] [Times: user=0.02 sys=0.00, real=0.01 secs] 
755.880: [GC (Allocation Failure) [PSYoungGen: 271094K->184205K(465920K)] 1011343K->925836K(1291776K), 0.0203843 secs] [Times: user=0.03 sys=0.00, real=0.02 secs] 
756.164: [GC (Allocation Failure) [PSYoungGen: 417165K->184526K(465920K)] 1158796K->926302K(1291776K), 0.0204213 secs] [Times: user=0.02 sys=0.00, real=0.02 secs] 
759.603: [GC (Allocation Failure) [PSYoungGen: 404975K->91885K(465920K)] 1146751K->834055K(1291776K), 0.0139331 secs] [Times: user=0.03 sys=0.00, real=0.02 secs] 
761.596: [GC (Allocation Failure) [PSYoungGen: 324845K->38002K(465920K)] 1067015K->780351K(1291776K), 0.0069795 secs] [Times: user=0.02 sys=0.00, real=0.01 secs] 
761.957: [GC (Allocation Failure) [PSYoungGen: 270962K->184719K(465920K)] 1013311K->928313K(1291776K), 0.0204839 secs] [Times: user=0.03 sys=0.00, real=0.02 secs] 
762.306: [GC (Allocation Failure) [PSYoungGen: 417679K->186486K(465920K)] 1161273K->930361K(1291776K), 0.0206729 secs] [Times: user=0.03 sys=0.00, real=0.02 secs] 
763.993: [GC (Allocation Failure) [PSYoungGen: 403749K->89508K(465920K)] 1147624K->833648K(1291776K), 0.0129882 secs] [Times: user=0.03 sys=0.00, real=0.01 secs] 
766.323: [GC (Allocation Failure) [PSYoungGen: 322468K->37909K(465920K)] 1066608K->782355K(1291776K), 0.0079193 secs] [Times: user=0.02 sys=0.00, real=0.01 secs] 
766.632: [GC (Allocation Failure) [PSYoungGen: 270869K->184173K(465920K)] 1015315K->929880K(1291776K), 0.0204886 secs] [Times: user=0.03 sys=0.00, real=0.02 secs] 
766.915: [GC (Allocation Failure) [PSYoungGen: 417133K->184590K(465920K)] 1162840K->930579K(1291776K), 0.0204391 secs] [Times: user=0.03 sys=0.00, real=0.02 secs] 
768.645: [GC (Allocation Failure) [PSYoungGen: 409653K->92110K(465920K)] 1155642K->838492K(1291776K), 0.0163058 secs] [Times: user=0.03 sys=0.00, real=0.02 secs] 
770.559: [GC (Allocation Failure) [PSYoungGen: 325070K->37973K(465920K)] 1071452K->784527K(1291776K), 0.0068207 secs] [Times: user=0.02 sys=0.00, real=0.01 secs] 
770.911: [GC (Allocation Failure) [PSYoungGen: 270933K->184333K(465920K)] 1017487K->932140K(1291776K), 0.0203647 secs] [Times: user=0.03 sys=0.00, real=0.02 secs] 
771.194: [GC (Allocation Failure) [PSYoungGen: 417293K->184590K(465920K)] 1165100K->932807K(1291776K), 0.0204886 secs] [Times: user=0.03 sys=0.00, real=0.02 secs] 
772.662: [GC (Allocation Failure) [PSYoungGen: 407075K->91853K(465920K)] 1155292K->840206K(1291776K), 0.0174264 secs] [Times: user=0.04 sys=0.00, real=0.02 secs] 
774.614: [GC (Allocation Failure) [PSYoungGen: 324813K->37877K(465920K)] 1073166K->786544K(1291776K), 0.0067737 secs] [Times: user=0.02 sys=0.00, real=0.01 secs] 
774.894: [GC (Allocation Failure) [PSYoungGen: 270837K->184462K(465920K)] 1019504K->934390K(1291776K), 0.0205436 secs] [Times: user=0.03 sys=0.00, real=0.02 secs] 
775.179: [GC (Allocation Failure) [PSYoungGen: 417422K->184494K(465920K)] 1167350K->934696K(1291776K), 0.0203475 secs] [Times: user=0.02 sys=0.00, real=0.02 secs] 
775.884: [GC (Allocation Failure) [PSYoungGen: 407041K->91837K(465920K)] 1157243K->842304K(1291776K), 0.0116773 secs] [Times: user=0.02 sys=0.00, real=0.01 secs] 
776.848: [GC (Allocation Failure) [PSYoungGen: 324797K->37845K(465920K)] 1075264K->788617K(1291776K), 0.0068427 secs] [Times: user=0.02 sys=0.00, real=0.00 secs] 
777.131: [GC (Allocation Failure) [PSYoungGen: 270805K->184976K(465920K)] 1021577K->937002K(1291776K), 0.0205311 secs] [Times: user=0.03 sys=0.00, real=0.02 secs] 
777.414: [GC (Allocation Failure) [PSYoungGen: 417936K->184301K(465920K)] 1169962K->936608K(1291776K), 0.0205202 secs] [Times: user=0.03 sys=0.00, real=0.02 secs] 
779.492: [GC (Allocation Failure) [PSYoungGen: 407166K->91612K(465920K)] 1159473K->844321K(1291776K), 0.0149934 secs] [Times: user=0.03 sys=0.00, real=0.02 secs] 
782.178: [GC (Allocation Failure) [PSYoungGen: 324572K->38262K(465920K)] 1077281K->791164K(1291776K), 0.0069525 secs] [Times: user=0.02 sys=0.00, real=0.00 secs] 
782.474: [GC (Allocation Failure) [PSYoungGen: 271222K->184687K(465920K)] 1024124K->938842K(1291776K), 0.0205673 secs] [Times: user=0.03 sys=0.00, real=0.02 secs] 
782.816: [GC (Allocation Failure) [PSYoungGen: 417647K->184687K(465920K)] 1171802K->939244K(1291776K), 0.0203959 secs] [Times: user=0.02 sys=0.00, real=0.03 secs] 
783.988: [GC (Allocation Failure) [PSYoungGen: 407004K->91098K(465920K)] 1161561K->845920K(1291776K), 0.0135523 secs] [Times: user=0.03 sys=0.00, real=0.01 secs] 
785.721: [GC (Allocation Failure) [PSYoungGen: 324058K->38037K(465920K)] 1078880K->793044K(1291776K), 0.0068396 secs] [Times: user=0.01 sys=0.00, real=0.01 secs] 
786.000: [GC (Allocation Failure) [PSYoungGen: 270997K->184719K(465920K)] 1026004K->940987K(1291776K), 0.0205037 secs] [Times: user=0.03 sys=0.00, real=0.02 secs] 
786.284: [GC (Allocation Failure) [PSYoungGen: 417679K->184687K(465920K)] 1173947K->941229K(1291776K), 0.0205825 secs] [Times: user=0.03 sys=0.00, real=0.02 secs] 
787.701: [GC (Allocation Failure) [PSYoungGen: 407246K->91355K(465920K)] 1163788K->848162K(1291776K), 0.0193829 secs] [Times: user=0.04 sys=0.01, real=0.02 secs] 
789.687: [GC (Allocation Failure) [PSYoungGen: 324315K->37845K(465920K)] 1081122K->794949K(1291776K), 0.0070041 secs] [Times: user=0.02 sys=0.00, real=0.00 secs] 
790.053: [GC (Allocation Failure) [PSYoungGen: 270805K->184687K(465920K)] 1027909K->943173K(1291776K), 0.0204374 secs] [Times: user=0.03 sys=0.00, real=0.02 secs] 
790.336: [GC (Allocation Failure) [PSYoungGen: 417647K->184719K(465920K)] 1176133K->943350K(1291776K), 0.0203801 secs] [Times: user=0.03 sys=0.00, real=0.03 secs] 
792.343: [GC (Allocation Failure) [PSYoungGen: 407280K->91467K(465920K)] 1165911K->850372K(1291776K), 0.0210438 secs] [Times: user=0.04 sys=0.00, real=0.02 secs] 
794.443: [GC (Allocation Failure) [PSYoungGen: 324427K->38134K(465920K)] 1083332K->797344K(1291776K), 0.0066389 secs] [Times: user=0.02 sys=0.00, real=0.01 secs] 
794.728: [GC (Allocation Failure) [PSYoungGen: 271094K->184719K(465920K)] 1030304K->945311K(1291776K), 0.0205815 secs] [Times: user=0.03 sys=0.00, real=0.02 secs] 
795.079: [GC (Allocation Failure) [PSYoungGen: 417679K->184687K(465920K)] 1178271K->945423K(1291776K), 0.0204249 secs] [Times: user=0.03 sys=0.00, real=0.02 secs] 
795.793: [GC (Allocation Failure) [PSYoungGen: 407109K->91226K(465920K)] 1167846K->852236K(1291776K), 0.0121493 secs] [Times: user=0.02 sys=0.00, real=0.01 secs] 
796.720: [GC (Allocation Failure) [PSYoungGen: 324186K->38005K(465920K)] 1085196K->799337K(1291776K), 0.0056880 secs] [Times: user=0.01 sys=0.00, real=0.00 secs] 
796.990: [GC (Allocation Failure) [PSYoungGen: 270965K->184687K(465920K)] 1032297K->947264K(1291776K), 0.0203707 secs] [Times: user=0.03 sys=0.00, real=0.02 secs] 
797.273: [GC (Allocation Failure) [PSYoungGen: 417647K->184751K(465920K)] 1180224K->947601K(1291776K), 0.0203266 secs] [Times: user=0.03 sys=0.00, real=0.02 secs] 
800.180: [GC (Allocation Failure) [PSYoungGen: 407301K->91371K(465920K)] 1170151K->854494K(1291776K), 0.0191403 secs] [Times: user=0.05 sys=0.00, real=0.02 secs] 
802.416: [GC (Allocation Failure) [PSYoungGen: 324331K->37845K(465920K)] 1087454K->801284K(1291776K), 0.0070899 secs] [Times: user=0.01 sys=0.00, real=0.00 secs] 
802.711: [GC (Allocation Failure) [PSYoungGen: 270805K->183819K(465920K)] 1034244K->948511K(1291776K), 0.0207660 secs] [Times: user=0.03 sys=0.00, real=0.02 secs] 
803.003: [GC (Allocation Failure) [PSYoungGen: 416779K->184687K(465920K)] 1181471K->949660K(1291776K), 0.0204580 secs] [Times: user=0.03 sys=0.00, real=0.02 secs] 
804.571: [GC (Allocation Failure) [PSYoungGen: 410134K->92335K(465920K)] 1175108K->857582K(1291776K), 0.0133353 secs] [Times: user=0.03 sys=0.00, real=0.01 secs] 
806.363: [GC (Allocation Failure) [PSYoungGen: 325295K->37877K(465920K)] 1090542K->803439K(1291776K), 0.0067326 secs] [Times: user=0.02 sys=0.00, real=0.01 secs] 
806.648: [GC (Allocation Failure) [PSYoungGen: 270837K->184719K(465920K)] 1036399K->951527K(1291776K), 0.0204813 secs] [Times: user=0.03 sys=0.00, real=0.02 secs] 
806.931: [GC (Allocation Failure) [PSYoungGen: 417679K->184719K(465920K)] 1184487K->951800K(1291776K), 0.0204846 secs] [Times: user=0.03 sys=0.00, real=0.02 secs] 
807.588: [GC (Allocation Failure) [PSYoungGen: 407276K->91467K(465920K)] 1174357K->858813K(1291776K), 0.0101099 secs] [Times: user=0.02 sys=0.00, real=0.01 secs] 
809.274: [GC (Allocation Failure) [PSYoungGen: 324427K->37588K(465920K)] 1091773K->805239K(1291776K), 0.0078891 secs] [Times: user=0.02 sys=0.00, real=0.01 secs] 
809.585: [GC (Allocation Failure) [PSYoungGen: 270548K->183819K(465920K)] 1038199K->952724K(1291776K), 0.0206631 secs] [Times: user=0.02 sys=0.00, real=0.02 secs] 
809.870: [GC (Allocation Failure) [PSYoungGen: 416779K->184687K(465920K)] 1185684K->953865K(1291776K), 0.0204702 secs] [Times: user=0.02 sys=0.00, real=0.02 secs] 
810.516: [GC (Allocation Failure) [PSYoungGen: 410106K->92640K(465920K)] 1179285K->862084K(1291776K), 0.0114381 secs] [Times: user=0.02 sys=0.01, real=0.02 secs] 
811.382: [GC (Allocation Failure) [PSYoungGen: 325600K->38066K(465920K)] 1095044K->807823K(1291776K), 0.0056775 secs] [Times: user=0.01 sys=0.00, real=0.01 secs] 
811.652: [GC (Allocation Failure) [PSYoungGen: 271026K->184590K(465920K)] 1040783K->955593K(1291776K), 0.0205300 secs] [Times: user=0.03 sys=0.00, real=0.02 secs] 
811.935: [GC (Allocation Failure) [PSYoungGen: 417550K->184269K(465920K)] 1188553K->955545K(1291776K), 0.0204055 secs] [Times: user=0.03 sys=0.00, real=0.02 secs] 
812.662: [GC (Allocation Failure) [PSYoungGen: 406591K->91805K(465920K)] 1177867K->863346K(1291776K), 0.0123265 secs] [Times: user=0.03 sys=0.00, real=0.01 secs] 
813.502: [GC (Allocation Failure) [PSYoungGen: 324765K->37845K(465920K)] 1096306K->809699K(1291776K), 0.0057347 secs] [Times: user=0.01 sys=0.00, real=0.01 secs] 
813.772: [GC (Allocation Failure) [PSYoungGen: 270805K->185008K(465920K)] 1042659K->958116K(1291776K), 0.0204527 secs] [Times: user=0.03 sys=0.00, real=0.02 secs] 
814.056: [GC (Allocation Failure) [PSYoungGen: 417968K->184880K(465920K)] 1191076K->958261K(1291776K), 0.0204414 secs] [Times: user=0.03 sys=0.00, real=0.02 secs] 
814.788: [GC (Allocation Failure) [PSYoungGen: 407746K->90985K(465920K)] 1181127K->864648K(1291776K), 0.0122806 secs] [Times: user=0.03 sys=0.00, real=0.01 secs] 
816.595: [GC (Allocation Failure) [PSYoungGen: 323945K->37716K(465920K)] 1097608K->811684K(1291776K), 0.0078447 secs] [Times: user=0.02 sys=0.00, real=0.01 secs] 
816.907: [GC (Allocation Failure) [PSYoungGen: 270676K->183948K(465920K)] 1044644K->959169K(1291776K), 0.0204572 secs] [Times: user=0.02 sys=0.00, real=0.02 secs] 
817.190: [GC (Allocation Failure) [PSYoungGen: 416908K->184430K(465920K)] 1192129K->960053K(1291776K), 0.0205278 secs] [Times: user=0.03 sys=0.00, real=0.02 secs] 
819.188: [GC (Allocation Failure) [PSYoungGen: 408171K->92592K(465920K)] 1183794K->868360K(1291776K), 0.0154264 secs] [Times: user=0.04 sys=0.00, real=0.01 secs] 
821.925: [GC (Allocation Failure) [PSYoungGen: 325552K->37973K(465920K)] 1101320K->814057K(1291776K), 0.0070360 secs] [Times: user=0.02 sys=0.00, real=0.01 secs] 
822.279: [GC (Allocation Failure) [PSYoungGen: 270933K->184462K(465920K)] 1047017K->961799K(1291776K), 0.0204272 secs] [Times: user=0.03 sys=0.00, real=0.02 secs] 
822.562: [GC (GCLocker Initiated GC) [PSYoungGen: 417422K->182887K(465920K)] 1194759K->960497K(1291776K), 0.0203136 secs] [Times: user=0.03 sys=0.00, real=0.02 secs] 
824.761: [GC (Allocation Failure) [PSYoungGen: 415847K->77027K(465920K)] 1209845K->871290K(1291776K), 0.0193836 secs] [Times: user=0.04 sys=0.00, real=0.02 secs] 
826.565: [GC (Allocation Failure) [PSYoungGen: 309987K->58826K(465920K)] 1104250K->853315K(1291776K), 0.0100827 secs] [Times: user=0.02 sys=0.00, real=0.01 secs] 
826.864: [GC (Allocation Failure) [PSYoungGen: 291786K->183787K(465920K)] 1086275K->979522K(1291776K), 0.0205292 secs] [Times: user=0.03 sys=0.00, real=0.02 secs] 
827.148: [GC (Allocation Failure) [PSYoungGen: 416747K->184655K(465920K)] 1212482K->980663K(1291776K), 0.0207233 secs] [Times: user=0.03 sys=0.00, real=0.02 secs] 
828.028: [GC (Allocation Failure) [PSYoungGen: 417615K->55018K(465920K)] 1213623K->851299K(1291776K), 0.0103814 secs] [Times: user=0.02 sys=0.00, real=0.01 secs] 
828.846: [GC (Allocation Failure) [PSYoungGen: 287978K->81350K(465920K)] 1084259K->877944K(1291776K), 0.0100617 secs] [Times: user=0.02 sys=0.01, real=0.01 secs] 
829.119: [GC (Allocation Failure) [PSYoungGen: 314310K->184301K(465920K)] 1110904K->982150K(1291776K), 0.0204110 secs] [Times: user=0.03 sys=0.00, real=0.02 secs] 
829.402: [GC (Allocation Failure) [PSYoungGen: 417261K->183884K(465920K)] 1215110K->982005K(1291776K), 0.0203599 secs] [Times: user=0.03 sys=0.00, real=0.02 secs] 
831.473: [GC (Allocation Failure) [PSYoungGen: 416844K->32831K(465920K)] 1214965K->831218K(1291776K), 0.0106736 secs] [Times: user=0.03 sys=0.00, real=0.01 secs] 
832.520: [GC (Allocation Failure) [PSYoungGen: 265791K->103131K(465920K)] 1064178K->901825K(1291776K), 0.0122728 secs] [Times: user=0.02 sys=0.00, real=0.01 secs] 
832.796: [GC (Allocation Failure) [PSYoungGen: 336091K->183948K(465920K)] 1134785K->983895K(1291776K), 0.0210025 secs] [Times: user=0.03 sys=0.00, real=0.02 secs] 
833.086: [GC (Allocation Failure) [PSYoungGen: 416908K->184398K(465920K)] 1216855K->984619K(1291776K), 0.0205343 secs] [Times: user=0.03 sys=0.00, real=0.03 secs] 
835.013: [GC (Allocation Failure) [PSYoungGen: 417358K->10982K(465920K)] 1217579K->811476K(1291776K), 0.0041330 secs] [Times: user=0.01 sys=0.00, real=0.01 secs] 
835.960: [GC (Allocation Failure) [PSYoungGen: 243942K->124566K(465920K)] 1044436K->925385K(1291776K), 0.0145149 secs] [Times: user=0.03 sys=0.00, real=0.01 secs] 
836.238: [GC (Allocation Failure) [PSYoungGen: 357526K->184173K(465920K)] 1158345K->986246K(1291776K), 0.0206573 secs] [Times: user=0.03 sys=0.00, real=0.02 secs] 
836.709: [GC (Allocation Failure) [PSYoungGen: 417133K->174492K(465920K)] 1219206K->976838K(1291776K), 0.0232626 secs] [Times: user=0.03 sys=0.00, real=0.02 secs] 
837.685: [GC (Allocation Failure) [PSYoungGen: 407452K->128K(465920K)] 1209798K->803915K(1291776K), 0.0029688 secs] [Times: user=0.01 sys=0.00, real=0.01 secs] 
838.255: [GC (Allocation Failure) [PSYoungGen: 233088K->146543K(465920K)] 1036875K->950347K(1291776K), 0.0167679 secs] [Times: user=0.03 sys=0.00, real=0.02 secs] 
838.535: [GC (Allocation Failure) [PSYoungGen: 379503K->184333K(465920K)] 1183307K->989383K(1291776K), 0.0205987 secs] [Times: user=0.02 sys=0.00, real=0.02 secs] 
839.461: [GC (Allocation Failure) [PSYoungGen: 417293K->159586K(465920K)] 1222343K->964909K(1291776K), 0.0241201 secs] [Times: user=0.04 sys=0.00, real=0.02 secs] 
842.373: [GC (Allocation Failure) [PSYoungGen: 392546K->128K(465920K)] 1197869K->806896K(1291776K), 0.0038209 secs] [Times: user=0.02 sys=0.00, real=0.01 secs] 
842.855: [GC (Allocation Failure) [PSYoungGen: 233088K->168392K(465920K)] 1039856K->975192K(1291776K), 0.0189076 secs] [Times: user=0.02 sys=0.00, real=0.02 secs] 
843.144: [GC (Allocation Failure) [PSYoungGen: 401352K->184301K(465920K)] 1208152K->992347K(1291776K), 0.0204290 secs] [Times: user=0.03 sys=0.00, real=0.02 secs] 
844.222: [GC (Allocation Failure) [PSYoungGen: 414012K->137721K(465920K)] 1222058K->946161K(1291776K), 0.0197702 secs] [Times: user=0.03 sys=0.00, real=0.02 secs] 
847.309: [GC (Allocation Failure) [PSYoungGen: 370581K->128K(465920K)] 1179021K->808754K(1291776K), 0.0040832 secs] [Times: user=0.02 sys=0.00, real=0.00 secs] 
847.644: [GC (Allocation Failure) [PSYoungGen: 233088K->184521K(465920K)] 1041714K->993188K(1291776K), 0.0205695 secs] [Times: user=0.03 sys=0.00, real=0.02 secs] 
847.988: [GC (Allocation Failure) [PSYoungGen: 417481K->184719K(465920K)] 1226148K->994639K(1291776K), 0.0210948 secs] [Times: user=0.03 sys=0.00, real=0.02 secs] 
848.917: [GC (Allocation Failure) [PSYoungGen: 417679K->129446K(465920K)] 1227599K->939631K(1291776K), 0.0274977 secs] [Times: user=0.05 sys=0.00, real=0.02 secs] 
850.265: [GC (Allocation Failure) [PSYoungGen: 362406K->23640K(465920K)] 1172591K->834139K(1291776K), 0.0055325 secs] [Times: user=0.01 sys=0.00, real=0.01 secs] 
850.545: [GC (Allocation Failure) [PSYoungGen: 256600K->186357K(465920K)] 1067099K->998110K(1291776K), 0.0209385 secs] [Times: user=0.03 sys=0.00, real=0.03 secs] 
850.895: [GC (Allocation Failure) [PSYoungGen: 419317K->184783K(465920K)] 1231070K->996809K(1291776K), 0.0207231 secs] [Times: user=0.03 sys=0.00, real=0.02 secs] 
852.824: [GC (Allocation Failure) [PSYoungGen: 417743K->103918K(465920K)] 1229769K->916217K(1291776K), 0.0288275 secs] [Times: user=0.06 sys=0.00, real=0.03 secs] 
854.952: [GC (Allocation Failure) [PSYoungGen: 336878K->48351K(465920K)] 1149177K->860950K(1291776K), 0.0096022 secs] [Times: user=0.03 sys=0.00, real=0.01 secs] 
855.266: [GC (Allocation Failure) [PSYoungGen: 281311K->184847K(465920K)] 1093910K->998699K(1291776K), 0.0206813 secs] [Times: user=0.02 sys=0.00, real=0.03 secs] 
855.549: [GC (Allocation Failure) [PSYoungGen: 417807K->184205K(465920K)] 1231659K->998466K(1291776K), 0.0207298 secs] [Times: user=0.03 sys=0.00, real=0.02 secs] 
856.308: [GC (Allocation Failure) [PSYoungGen: 417165K->65091K(465920K)] 1231426K->879633K(1291776K), 0.0108377 secs] [Times: user=0.02 sys=0.00, real=0.01 secs] 
857.397: [GC (Allocation Failure) [PSYoungGen: 298051K->71225K(465920K)] 1112593K->885947K(1291776K), 0.0090988 secs] [Times: user=0.02 sys=0.00, real=0.01 secs] 
857.673: [GC (Allocation Failure) [PSYoungGen: 304185K->186486K(465920K)] 1118907K->1002590K(1291776K), 0.0209102 secs] [Times: user=0.03 sys=0.00, real=0.02 secs] 
858.013: [GC (Allocation Failure) [PSYoungGen: 419446K->186068K(465920K)] 1235550K->1002317K(1291776K), 0.0207348 secs] [Times: user=0.03 sys=0.00, real=0.02 secs] 
860.435: [GC (Allocation Failure) [PSYoungGen: 419028K->38615K(465920K)] 1235277K->855128K(1291776K), 0.0105511 secs] [Times: user=0.03 sys=0.00, real=0.01 secs] 
861.620: [GC (Allocation Failure) [PSYoungGen: 271575K->97704K(465920K)] 1088088K->914541K(1291776K), 0.0117192 secs] [Times: user=0.02 sys=0.00, real=0.01 secs] 
861.896: [GC (Allocation Failure) [PSYoungGen: 330664K->185972K(465920K)] 1147501K->1004055K(1291776K), 0.0208119 secs] [Times: user=0.02 sys=0.00, real=0.02 secs] 
862.187: [GC (Allocation Failure) [PSYoungGen: 418932K->186004K(465920K)] 1237015K->1004368K(1291776K), 0.0207425 secs] [Times: user=0.03 sys=0.00, real=0.02 secs] 
864.250: [GC (Allocation Failure) [PSYoungGen: 418964K->12750K(465920K)] 1237328K->831379K(1291776K), 0.0073030 secs] [Times: user=0.03 sys=0.00, real=0.01 secs] 
865.451: [GC (Allocation Failure) [PSYoungGen: 245710K->123280K(465920K)] 1064339K->942233K(1291776K), 0.0144449 secs] [Times: user=0.02 sys=0.00, real=0.01 secs] 
865.730: [GC (Allocation Failure) [PSYoungGen: 356240K->186132K(465920K)] 1175193K->1006339K(1291776K), 0.0208326 secs] [Times: user=0.03 sys=0.00, real=0.02 secs] 
866.216: [GC (Allocation Failure) [PSYoungGen: 419092K->174921K(465920K)] 1239299K->995537K(1291776K), 0.0231497 secs] [Times: user=0.03 sys=0.00, real=0.02 secs] 
867.233: [GC (Allocation Failure) [PSYoungGen: 407881K->128K(465920K)] 1228497K->822063K(1291776K), 0.0028606 secs] [Times: user=0.02 sys=0.00, real=0.00 secs] 
867.816: [GC (Allocation Failure) [PSYoungGen: 233088K->148567K(465920K)] 1055023K->970518K(1291776K), 0.0172683 secs] [Times: user=0.03 sys=0.00, real=0.01 secs] 
868.156: [GC (Allocation Failure) [PSYoungGen: 381527K->184558K(465920K)] 1203478K->1007755K(1291776K), 0.0205234 secs] [Times: user=0.03 sys=0.00, real=0.03 secs] 
868.838: [GC (Allocation Failure) [PSYoungGen: 417518K->157240K(465920K)] 1240715K->980718K(1291776K), 0.0248947 secs] [Times: user=0.04 sys=0.00, real=0.02 secs] 
870.715: [GC (Allocation Failure) [PSYoungGen: 390200K->128K(465920K)] 1213678K->825045K(1291776K), 0.0041622 secs] [Times: user=0.02 sys=0.00, real=0.01 secs] 
870.719: [Full GC (Ergonomics) [PSYoungGen: 128K->0K(465920K)] [ParOldGen: 824917K->339715K(748032K)] 825045K->339715K(1213952K), [Metaspace: 55378K->55378K(1099776K)], 0.0585020 secs] [Times: user=0.18 sys=0.01, real=0.06 secs] 
871.441: [GC (Allocation Failure) [PSYoungGen: 232960K->170994K(465920K)] 572675K->510710K(1213952K), 0.0186304 secs] [Times: user=0.02 sys=0.00, real=0.02 secs] 
871.722: [GC (Allocation Failure) [PSYoungGen: 403954K->184301K(465920K)] 743670K->525399K(1213952K), 0.0198978 secs] [Times: user=0.03 sys=0.00, real=0.02 secs] 
872.218: [GC (Allocation Failure) [PSYoungGen: 409263K->135150K(465920K)] 750361K->476393K(1213952K), 0.0154684 secs] [Times: user=0.03 sys=0.00, real=0.01 secs] 
873.462: [GC (Allocation Failure) [PSYoungGen: 368110K->64K(465920K)] 709353K->342745K(1213952K), 0.0020916 secs] [Times: user=0.01 sys=0.00, real=0.00 secs] 
873.883: [GC (Allocation Failure) [PSYoungGen: 232939K->172858K(465920K)] 575621K->515556K(1213952K), 0.0186548 secs] [Times: user=0.03 sys=0.00, real=0.02 secs] 
874.227: [GC (Allocation Failure) [PSYoungGen: 405818K->184654K(465920K)] 748516K->528598K(1213952K), 0.0201891 secs] [Times: user=0.02 sys=0.00, real=0.02 secs] 
874.871: [GC (Allocation Failure) [PSYoungGen: 417614K->141142K(465920K)] 761558K->485374K(1213952K), 0.0171854 secs] [Times: user=0.03 sys=0.00, real=0.02 secs] 
876.443: [GC (Allocation Failure) [PSYoungGen: 374102K->64K(465920K)] 718334K->345732K(1213952K), 0.0032010 secs] [Times: user=0.01 sys=0.00, real=0.00 secs] 
876.912: [GC (Allocation Failure) [PSYoungGen: 233024K->182433K(465920K)] 578692K->528126K(1213952K), 0.0196382 secs] [Times: user=0.03 sys=0.00, real=0.02 secs] 
877.256: [GC (Allocation Failure) [PSYoungGen: 415393K->184462K(465920K)] 761086K->531400K(1213952K), 0.0199739 secs] [Times: user=0.02 sys=0.00, real=0.02 secs] 
878.183: [GC (Allocation Failure) [PSYoungGen: 417422K->131727K(465920K)] 764360K->478939K(1213952K), 0.0327119 secs] [Times: user=0.05 sys=0.00, real=0.03 secs] 
879.556: [GC (Allocation Failure) [PSYoungGen: 364687K->7767K(465920K)] 711899K->355304K(1213952K), 0.0025526 secs] [Times: user=0.01 sys=0.00, real=0.01 secs] 
879.834: [GC (Allocation Failure) [PSYoungGen: 240727K->184108K(465920K)] 588264K->533027K(1213952K), 0.0200550 secs] [Times: user=0.03 sys=0.00, real=0.02 secs] 
880.117: [GC (Allocation Failure) [PSYoungGen: 417068K->183980K(465920K)] 765987K->533052K(1213952K), 0.0198932 secs] [Times: user=0.03 sys=0.00, real=0.02 secs] 
881.205: [GC (Allocation Failure) [PSYoungGen: 416940K->122859K(465920K)] 766012K->472204K(1213952K), 0.0302246 secs] [Times: user=0.05 sys=0.00, real=0.03 secs] 
882.239: [GC (Allocation Failure) [PSYoungGen: 355819K->16863K(465920K)] 705164K->366524K(1213952K), 0.0036752 secs] [Times: user=0.01 sys=0.00, real=0.00 secs] 
882.518: [GC (Allocation Failure) [PSYoungGen: 249823K->186357K(465920K)] 599484K->537272K(1213952K), 0.0202798 secs] [Times: user=0.02 sys=0.00, real=0.02 secs] 
882.808: [GC (Allocation Failure) [PSYoungGen: 419317K->186164K(465920K)] 770232K->537352K(1213952K), 0.0201517 secs] [Times: user=0.02 sys=0.00, real=0.02 secs] 
883.994: [GC (Allocation Failure) [PSYoungGen: 419124K->109412K(465920K)] 770312K->461001K(1213952K), 0.0171377 secs] [Times: user=0.03 sys=0.00, real=0.02 secs] 
884.936: [GC (Allocation Failure) [PSYoungGen: 342250K->30840K(465920K)] 693838K->382616K(1213952K), 0.0046080 secs] [Times: user=0.01 sys=0.00, real=0.01 secs] 
885.260: [GC (Allocation Failure) [PSYoungGen: 263800K->185747K(465920K)] 615576K->538784K(1213952K), 0.0203445 secs] [Times: user=0.03 sys=0.00, real=0.02 secs] 
885.545: [GC (Allocation Failure) [PSYoungGen: 418707K->184430K(465920K)] 771744K->537748K(1213952K), 0.0200884 secs] [Times: user=0.03 sys=0.00, real=0.02 secs] 
886.187: [GC (Allocation Failure) [PSYoungGen: 415434K->97813K(465920K)] 768753K->451405K(1213952K), 0.0117177 secs] [Times: user=0.02 sys=0.00, real=0.01 secs] 
887.011: [GC (Allocation Failure) [PSYoungGen: 330773K->38166K(465920K)] 684365K->392073K(1213952K), 0.0068129 secs] [Times: user=0.02 sys=0.00, real=0.01 secs] 
887.365: [GC (Allocation Failure) [PSYoungGen: 271126K->184205K(465920K)] 625033K->539494K(1213952K), 0.0201272 secs] [Times: user=0.02 sys=0.00, real=0.02 secs] 
887.648: [GC (Allocation Failure) [PSYoungGen: 417165K->184590K(465920K)] 772454K->540024K(1213952K), 0.0200509 secs] [Times: user=0.03 sys=0.00, real=0.02 secs] 
889.333: [GC (Allocation Failure) [PSYoungGen: 409645K->91869K(465920K)] 765079K->447705K(1213952K), 0.0140698 secs] [Times: user=0.02 sys=0.00, real=0.02 secs] 
891.220: [GC (Allocation Failure) [PSYoungGen: 324829K->37874K(465920K)] 680665K->393889K(1213952K), 0.0067942 secs] [Times: user=0.02 sys=0.00, real=0.01 secs] 
891.530: [GC (Allocation Failure) [PSYoungGen: 270834K->184815K(465920K)] 626849K->542076K(1213952K), 0.0199405 secs] [Times: user=0.03 sys=0.00, real=0.02 secs] 
891.872: [GC (Allocation Failure) [PSYoungGen: 417775K->184623K(465920K)] 775036K->542164K(1213952K), 0.0198534 secs] [Times: user=0.03 sys=0.00, real=0.02 secs] 
892.911: [GC (Allocation Failure) [PSYoungGen: 406575K->91387K(465920K)] 764116K->449201K(1213952K), 0.0116106 secs] [Times: user=0.02 sys=0.01, real=0.01 secs] 
894.228: [GC (Allocation Failure) [PSYoungGen: 324347K->37649K(465920K)] 682161K->395773K(1213952K), 0.0060130 secs] [Times: user=0.01 sys=0.00, real=0.00 secs] 
894.510: [GC (Allocation Failure) [PSYoungGen: 270609K->184687K(465920K)] 628733K->544072K(1213952K), 0.0201650 secs] [Times: user=0.03 sys=0.00, real=0.02 secs] 
894.797: [GC (Allocation Failure) [PSYoungGen: 417647K->186486K(465920K)] 777032K->546281K(1213952K), 0.0202457 secs] [Times: user=0.03 sys=0.00, real=0.02 secs] 
895.554: [GC (Allocation Failure) [PSYoungGen: 403769K->89973K(465920K)] 763564K->450050K(1213952K), 0.0115758 secs] [Times: user=0.02 sys=0.00, real=0.01 secs] 
896.510: [GC (Allocation Failure) [PSYoungGen: 322933K->37973K(465920K)] 683010K->398229K(1213952K), 0.0052371 secs] [Times: user=0.01 sys=0.00, real=0.00 secs] 
896.778: [GC (Allocation Failure) [PSYoungGen: 270933K->184173K(465920K)] 631189K->545674K(1213952K), 0.0201511 secs] [Times: user=0.02 sys=0.00, real=0.02 secs] 
897.068: [GC (Allocation Failure) [PSYoungGen: 417133K->186325K(465920K)] 778634K->548108K(1213952K), 0.0204791 secs] [Times: user=0.03 sys=0.00, real=0.02 secs] 
898.227: [GC (Allocation Failure) [PSYoungGen: 408255K->90198K(465920K)] 770037K->452246K(1213952K), 0.0187885 secs] [Times: user=0.03 sys=0.00, real=0.01 secs] 
900.293: [GC (Allocation Failure) [PSYoungGen: 323158K->37845K(465920K)] 685206K->400200K(1213952K), 0.0078494 secs] [Times: user=0.01 sys=0.00, real=0.01 secs] 
900.616: [GC (Allocation Failure) [PSYoungGen: 270805K->184076K(465920K)] 633160K->547813K(1213952K), 0.0200005 secs] [Times: user=0.02 sys=0.00, real=0.02 secs] 
900.903: [GC (Allocation Failure) [PSYoungGen: 417036K->184044K(465920K)] 780773K->547934K(1213952K), 0.0198298 secs] [Times: user=0.02 sys=0.00, real=0.02 secs] 
902.940: [GC (Allocation Failure) [PSYoungGen: 408981K->92801K(465920K)] 772871K->456963K(1213952K), 0.0230067 secs] [Times: user=0.04 sys=0.00, real=0.02 secs] 
904.200: [GC (Allocation Failure) [PSYoungGen: 325761K->38069K(465920K)] 689923K->402548K(1213952K), 0.0054353 secs] [Times: user=0.01 sys=0.00, real=0.00 secs] 
904.468: [GC (Allocation Failure) [PSYoungGen: 271029K->184076K(465920K)] 635508K->549808K(1213952K), 0.0200608 secs] [Times: user=0.03 sys=0.00, real=0.02 secs] 
904.752: [GC (Allocation Failure) [PSYoungGen: 417036K->184558K(465920K)] 782768K->550571K(1213952K), 0.0199813 secs] [Times: user=0.03 sys=0.00, real=0.02 secs] 
905.795: [GC (Allocation Failure) [PSYoungGen: 409626K->92174K(465920K)] 775639K->458589K(1213952K), 0.0109672 secs] [Times: user=0.02 sys=0.00, real=0.01 secs] 
906.811: [GC (Allocation Failure) [PSYoungGen: 325134K->38037K(465920K)] 691549K->404639K(1213952K), 0.0060696 secs] [Times: user=0.01 sys=0.00, real=0.01 secs] 
907.086: [GC (Allocation Failure) [PSYoungGen: 270997K->184719K(465920K)] 637599K->552574K(1213952K), 0.0199510 secs] [Times: user=0.03 sys=0.00, real=0.02 secs] 
907.429: [GC (Allocation Failure) [PSYoungGen: 417679K->184398K(465920K)] 785534K->552534K(1213952K), 0.0200872 secs] [Times: user=0.03 sys=0.00, real=0.02 secs] 
908.057: [GC (Allocation Failure) [PSYoungGen: 406879K->91612K(465920K)] 775015K->460030K(1213952K), 0.0116370 secs] [Times: user=0.02 sys=0.00, real=0.01 secs] 
908.856: [GC (Allocation Failure) [PSYoungGen: 324572K->38066K(465920K)] 692990K->406808K(1213952K), 0.0051645 secs] [Times: user=0.01 sys=0.00, real=0.01 secs] 
909.125: [GC (Allocation Failure) [PSYoungGen: 271026K->184719K(465920K)] 639768K->554705K(1213952K), 0.0201451 secs] [Times: user=0.03 sys=0.00, real=0.02 secs] 
909.409: [GC (Allocation Failure) [PSYoungGen: 417679K->184430K(465920K)] 787665K->554697K(1213952K), 0.0201013 secs] [Times: user=0.02 sys=0.00, real=0.02 secs] 
910.005: [GC (Allocation Failure) [PSYoungGen: 406904K->91580K(465920K)] 777172K->462121K(1213952K), 0.0094270 secs] [Times: user=0.02 sys=0.00, real=0.01 secs] 
910.825: [GC (Allocation Failure) [PSYoungGen: 324540K->38166K(465920K)] 695081K->409014K(1213952K), 0.0052842 secs] [Times: user=0.01 sys=0.00, real=0.01 secs] 
911.095: [GC (Allocation Failure) [PSYoungGen: 271126K->184719K(465920K)] 641974K->556813K(1213952K), 0.0200935 secs] [Times: user=0.03 sys=0.00, real=0.02 secs] 
911.378: [GC (Allocation Failure) [PSYoungGen: 417679K->184623K(465920K)] 789773K->556998K(1213952K), 0.0199659 secs] [Times: user=0.02 sys=0.00, real=0.02 secs] 
911.999: [GC (Allocation Failure) [PSYoungGen: 407032K->91210K(465920K)] 779407K->463851K(1213952K), 0.0102898 secs] [Times: user=0.02 sys=0.00, real=0.01 secs] 
912.853: [GC (Allocation Failure) [PSYoungGen: 324170K->38034K(465920K)] 696811K->410982K(1213952K), 0.0058990 secs] [Times: user=0.02 sys=0.00, real=0.01 secs] 
913.130: [GC (Allocation Failure) [PSYoungGen: 270994K->184719K(465920K)] 643942K->558920K(1213952K), 0.0200818 secs] [Times: user=0.03 sys=0.00, real=0.02 secs] 
913.417: [GC (Allocation Failure) [PSYoungGen: 417679K->184719K(465920K)] 791880K->559201K(1213952K), 0.0199663 secs] [Times: user=0.03 sys=0.00, real=0.02 secs] 
914.581: [GC (Allocation Failure) [PSYoungGen: 407302K->91387K(465920K)] 781784K->466135K(1213952K), 0.0123636 secs] [Times: user=0.02 sys=0.00, real=0.01 secs] 
916.103: [GC (Allocation Failure) [PSYoungGen: 324347K->37777K(465920K)] 699095K->412843K(1213952K), 0.0060938 secs] [Times: user=0.02 sys=0.00, real=0.01 secs] 
916.380: [GC (Allocation Failure) [PSYoungGen: 270737K->183948K(465920K)] 645803K->560267K(1213952K), 0.0200246 secs] [Times: user=0.03 sys=0.00, real=0.02 secs] 
916.719: [GC (Allocation Failure) [PSYoungGen: 416908K->184462K(465920K)] 793227K->561062K(1213952K), 0.0201184 secs] [Times: user=0.02 sys=0.00, real=0.02 secs] 
918.112: [GC (Allocation Failure) [PSYoungGen: 409676K->92656K(465920K)] 786276K->469521K(1213952K), 0.0144080 secs] [Times: user=0.03 sys=0.00, real=0.02 secs] 
919.115: [GC (Allocation Failure) [PSYoungGen: 325616K->38005K(465920K)] 702481K->415186K(1213952K), 0.0058030 secs] [Times: user=0.01 sys=0.00, real=0.01 secs] 
919.449: [GC (Allocation Failure) [PSYoungGen: 270965K->184076K(465920K)] 648146K->562502K(1213952K), 0.0200899 secs] [Times: user=0.02 sys=0.00, real=0.02 secs] 
919.732: [GC (Allocation Failure) [PSYoungGen: 417036K->184622K(465920K)] 795462K->563458K(1213952K), 0.0201703 secs] [Times: user=0.02 sys=0.00, real=0.02 secs] 
921.542: [GC (Allocation Failure) [PSYoungGen: 409675K->92142K(465920K)] 788511K->471243K(1213952K), 0.0189673 secs] [Times: user=0.04 sys=0.00, real=0.02 secs] 
922.975: [GC (Allocation Failure) [PSYoungGen: 325102K->37874K(465920K)] 704203K->417156K(1213952K), 0.0068048 secs] [Times: user=0.01 sys=0.01, real=0.01 secs] 
923.354: [GC (Allocation Failure) [PSYoungGen: 270834K->184719K(465920K)] 650116K->565254K(1213952K), 0.0203869 secs] [Times: user=0.03 sys=0.00, real=0.02 secs] 
923.707: [GC (Allocation Failure) [PSYoungGen: 417679K->184655K(465920K)] 798214K->565472K(1213952K), 0.0201110 secs] [Times: user=0.03 sys=0.00, real=0.02 secs] 
925.279: [GC (Allocation Failure) [PSYoungGen: 407253K->91516K(465920K)] 788069K->472597K(1213952K), 0.0154461 secs] [Times: user=0.03 sys=0.00, real=0.01 secs] 
927.104: [GC (Allocation Failure) [PSYoungGen: 324476K->38002K(465920K)] 705557K->419394K(1213952K), 0.0062770 secs] [Times: user=0.01 sys=0.00, real=0.01 secs] 
927.458: [GC (Allocation Failure) [PSYoungGen: 270962K->183819K(465920K)] 652354K->566464K(1213952K), 0.0200488 secs] [Times: user=0.03 sys=0.00, real=0.02 secs] 
927.799: [GC (Allocation Failure) [PSYoungGen: 416779K->184462K(465920K)] 799424K->567380K(1213952K), 0.0199358 secs] [Times: user=0.02 sys=0.00, real=0.02 secs] 
929.603: [GC (Allocation Failure) [PSYoungGen: 409692K->92544K(465920K)] 792610K->475727K(1213952K), 0.0115576 secs] [Times: user=0.03 sys=0.00, real=0.01 secs] 
931.098: [GC (Allocation Failure) [PSYoungGen: 325504K->37617K(465920K)] 708687K->421108K(1213952K), 0.0061981 secs] [Times: user=0.01 sys=0.00, real=0.00 secs] 
931.384: [GC (Allocation Failure) [PSYoungGen: 270577K->184719K(465920K)] 654068K->569463K(1213952K), 0.0200871 secs] [Times: user=0.03 sys=0.00, real=0.02 secs] 
931.668: [GC (Allocation Failure) [PSYoungGen: 417679K->184687K(465920K)] 802423K->569704K(1213952K), 0.0200255 secs] [Times: user=0.03 sys=0.00, real=0.02 secs] 
932.297: [GC (Allocation Failure) [PSYoungGen: 407492K->91741K(465920K)] 792510K->477023K(1213952K), 0.0103358 secs] [Times: user=0.01 sys=0.00, real=0.01 secs] 
933.503: [GC (Allocation Failure) [PSYoungGen: 324701K->37780K(465920K)] 709983K->423377K(1213952K), 0.0052010 secs] [Times: user=0.02 sys=0.00, real=0.01 secs] 
933.772: [GC (Allocation Failure) [PSYoungGen: 270740K->184719K(465920K)] 656337K->571697K(1213952K), 0.0201550 secs] [Times: user=0.03 sys=0.00, real=0.02 secs] 
934.056: [GC (Allocation Failure) [PSYoungGen: 417679K->184719K(465920K)] 804657K->571850K(1213952K), 0.0200853 secs] [Times: user=0.02 sys=0.00, real=0.02 secs] 
935.455: [GC (Allocation Failure) [PSYoungGen: 407304K->91612K(465920K)] 794435K->479016K(1213952K), 0.0156886 secs] [Times: user=0.03 sys=0.00, real=0.02 secs] 
936.318: [GC (Allocation Failure) [PSYoungGen: 324572K->38037K(465920K)] 711976K->425755K(1213952K), 0.0052704 secs] [Times: user=0.01 sys=0.00, real=0.00 secs] 
936.589: [GC (Allocation Failure) [PSYoungGen: 270997K->183819K(465920K)] 658715K->572790K(1213952K), 0.0199305 secs] [Times: user=0.02 sys=0.00, real=0.02 secs] 
936.929: [GC (Allocation Failure) [PSYoungGen: 416779K->184430K(465920K)] 805750K->573682K(1213952K), 0.0200536 secs] [Times: user=0.03 sys=0.00, real=0.02 secs] 
938.574: [GC (Allocation Failure) [PSYoungGen: 409670K->92528K(465920K)] 798923K->482045K(1213952K), 0.0179271 secs] [Times: user=0.04 sys=0.00, real=0.02 secs] 
940.310: [GC (Allocation Failure) [PSYoungGen: 325488K->37845K(465920K)] 715005K->427676K(1213952K), 0.0071241 secs] [Times: user=0.01 sys=0.00, real=0.01 secs] 
940.692: [GC (Allocation Failure) [PSYoungGen: 270805K->184719K(465920K)] 660636K->575804K(1213952K), 0.0201320 secs] [Times: user=0.03 sys=0.00, real=0.02 secs] 
940.976: [GC (Allocation Failure) [PSYoungGen: 417679K->184687K(465920K)] 808764K->576181K(1213952K), 0.0199635 secs] [Times: user=0.02 sys=0.00, real=0.02 secs] 
942.190: [GC (Allocation Failure) [PSYoungGen: 407129K->91516K(465920K)] 798624K->483275K(1213952K), 0.0224622 secs] [Times: user=0.04 sys=0.00, real=0.02 secs] 
943.570: [GC (Allocation Failure) [PSYoungGen: 324476K->38037K(465920K)] 716235K->429968K(1213952K), 0.0079087 secs] [Times: user=0.02 sys=0.00, real=0.01 secs] 
943.895: [GC (Allocation Failure) [PSYoungGen: 270997K->184687K(465920K)] 662928K->578000K(1213952K), 0.0200751 secs] [Times: user=0.02 sys=0.00, real=0.02 secs] 
944.241: [GC (Allocation Failure) [PSYoungGen: 417647K->184687K(465920K)] 810960K->578152K(1213952K), 0.0200521 secs] [Times: user=0.03 sys=0.00, real=0.02 secs] 
944.860: [GC (Allocation Failure) [PSYoungGen: 407242K->91355K(465920K)] 800708K->485118K(1213952K), 0.0110210 secs] [Times: user=0.02 sys=0.00, real=0.01 secs] 
945.680: [GC (Allocation Failure) [PSYoungGen: 324315K->38166K(465920K)] 718078K->432242K(1213952K), 0.0054437 secs] [Times: user=0.01 sys=0.00, real=0.00 secs] 
945.948: [GC (Allocation Failure) [PSYoungGen: 271126K->184205K(465920K)] 665202K->579535K(1213952K), 0.0200452 secs] [Times: user=0.02 sys=0.00, real=0.02 secs] 
946.232: [GC (Allocation Failure) [PSYoungGen: 417165K->184719K(465920K)] 812495K->580330K(1213952K), 0.0201031 secs] [Times: user=0.02 sys=0.00, real=0.02 secs] 
948.061: [GC (Allocation Failure) [PSYoungGen: 408004K->91741K(465920K)] 803615K->487617K(1213952K), 0.0156932 secs] [Times: user=0.03 sys=0.00, real=0.02 secs] 
950.676: [GC (Allocation Failure) [PSYoungGen: 324701K->37845K(465920K)] 720577K->434043K(1213952K), 0.0068471 secs] [Times: user=0.01 sys=0.00, real=0.00 secs] 
950.987: [GC (Allocation Failure) [PSYoungGen: 270805K->184590K(465920K)] 667003K->582042K(1213952K), 0.0200293 secs] [Times: user=0.03 sys=0.00, real=0.02 secs] 
951.331: [GC (Allocation Failure) [PSYoungGen: 417550K->184687K(465920K)] 815002K->582411K(1213952K), 0.0201285 secs] [Times: user=0.02 sys=0.00, real=0.02 secs] 
952.684: [GC (Allocation Failure) [PSYoungGen: 407387K->91612K(465920K)] 805112K->489738K(1213952K), 0.0232248 secs] [Times: user=0.04 sys=0.01, real=0.03 secs] 
954.869: [GC (Allocation Failure) [PSYoungGen: 324572K->37713K(465920K)] 722698K->436019K(1213952K), 0.0078427 secs] [Times: user=0.01 sys=0.00, real=0.01 secs] 
955.195: [GC (Allocation Failure) [PSYoungGen: 270673K->184655K(465920K)] 668979K->584214K(1213952K), 0.0200735 secs] [Times: user=0.03 sys=0.00, real=0.02 secs] 
955.536: [GC (Allocation Failure) [PSYoungGen: 417615K->184687K(465920K)] 817174K->584527K(1213952K), 0.0200248 secs] [Times: user=0.02 sys=0.00, real=0.02 secs] 
956.878: [GC (Allocation Failure) [PSYoungGen: 407246K->91628K(465920K)] 807086K->491741K(1213952K), 0.0155507 secs] [Times: user=0.03 sys=0.00, real=0.01 secs] 
958.594: [GC (Allocation Failure) [PSYoungGen: 324588K->37716K(465920K)] 724701K->438153K(1213952K), 0.0079957 secs] [Times: user=0.02 sys=0.00, real=0.01 secs] 
958.916: [GC (Allocation Failure) [PSYoungGen: 270676K->183755K(465920K)] 671113K->585445K(1213952K), 0.0199390 secs] [Times: user=0.03 sys=0.00, real=0.02 secs] 
959.257: [GC (Allocation Failure) [PSYoungGen: 416715K->184462K(465920K)] 818405K->586433K(1213952K), 0.0201691 secs] [Times: user=0.03 sys=0.00, real=0.02 secs] 
960.282: [GC (Allocation Failure) [PSYoungGen: 409709K->92753K(465920K)] 811680K->494989K(1213952K), 0.0129700 secs] [Times: user=0.02 sys=0.00, real=0.01 secs] 
961.186: [GC (Allocation Failure) [PSYoungGen: 325713K->38037K(465920K)] 727949K->440594K(1213952K), 0.0052329 secs] [Times: user=0.01 sys=0.00, real=0.01 secs] 
961.520: [GC (Allocation Failure) [PSYoungGen: 270997K->184719K(465920K)] 673554K->588521K(1213952K), 0.0201623 secs] [Times: user=0.02 sys=0.00, real=0.02 secs] 
961.808: [GC (Allocation Failure) [PSYoungGen: 417679K->184751K(465920K)] 821481K->588962K(1213952K), 0.0201896 secs] [Times: user=0.02 sys=0.00, real=0.02 secs] 
962.413: [GC (Allocation Failure) [PSYoungGen: 407192K->91387K(465920K)] 811403K->495864K(1213952K), 0.0107810 secs] [Times: user=0.02 sys=0.00, real=0.01 secs] 
963.210: [GC (Allocation Failure) [PSYoungGen: 324347K->38037K(465920K)] 728824K->442703K(1213952K), 0.0052677 secs] [Times: user=0.01 sys=0.00, real=0.00 secs] 
963.480: [GC (Allocation Failure) [PSYoungGen: 270997K->183916K(465920K)] 675663K->589827K(1213952K), 0.0199431 secs] [Times: user=0.03 sys=0.00, real=0.02 secs] 
963.763: [GC (Allocation Failure) [PSYoungGen: 416876K->184430K(465920K)] 822787K->590751K(1213952K), 0.0202002 secs] [Times: user=0.02 sys=0.00, real=0.02 secs] 
965.274: [GC (Allocation Failure) [PSYoungGen: 409688K->92415K(465920K)] 816010K->498881K(1213952K), 0.0237118 secs] [Times: user=0.04 sys=0.00, real=0.03 secs] 
967.836: [GC (Allocation Failure) [PSYoungGen: 325375K->37842K(465920K)] 731841K->444607K(1213952K), 0.0069762 secs] [Times: user=0.02 sys=0.00, real=0.00 secs] 
968.148: [GC (Allocation Failure) [PSYoungGen: 270802K->184687K(465920K)] 677567K->592706K(1213952K), 0.0201180 secs] [Times: user=0.02 sys=0.00, real=0.02 secs] 
968.434: [GC (Allocation Failure) [PSYoungGen: 417647K->184751K(465920K)] 825666K->593051K(1213952K), 0.0202106 secs] [Times: user=0.02 sys=0.00, real=0.02 secs] 
969.908: [GC (Allocation Failure) [PSYoungGen: 407298K->91516K(465920K)] 815598K->500081K(1213952K), 0.0151608 secs] [Times: user=0.03 sys=0.00, real=0.01 secs] 
972.008: [GC (Allocation Failure) [PSYoungGen: 324476K->37745K(465920K)] 733041K->446618K(1213952K), 0.0068768 secs] [Times: user=0.02 sys=0.00, real=0.00 secs] 
972.314: [GC (Allocation Failure) [PSYoungGen: 270705K->183916K(465920K)] 679578K->594042K(1213952K), 0.0199568 secs] [Times: user=0.03 sys=0.00, real=0.02 secs] 
972.597: [GC (Allocation Failure) [PSYoungGen: 416876K->184430K(465920K)] 827002K->594829K(1213952K), 0.0199093 secs] [Times: user=0.03 sys=0.00, real=0.02 secs] 
973.389: [GC (Allocation Failure) [PSYoungGen: 409642K->92624K(465920K)] 820042K->503297K(1213952K), 0.0116430 secs] [Times: user=0.03 sys=0.00, real=0.01 secs] 
974.587: [GC (Allocation Failure) [PSYoungGen: 325584K->37906K(465920K)] 736257K->448894K(1213952K), 0.0087772 secs] [Times: user=0.02 sys=0.00, real=0.00 secs] 
974.935: [GC (Allocation Failure) [PSYoungGen: 270866K->184719K(465920K)] 681854K->597089K(1213952K), 0.0203386 secs] [Times: user=0.02 sys=0.00, real=0.02 secs] 
975.225: [GC (Allocation Failure) [PSYoungGen: 417679K->184687K(465920K)] 830049K->597338K(1213952K), 0.0200330 secs] [Times: user=0.02 sys=0.00, real=0.02 secs] 
976.065: [GC (Allocation Failure) [PSYoungGen: 407129K->91420K(465920K)] 819781K->504336K(1213952K), 0.0119712 secs] [Times: user=0.02 sys=0.00, real=0.02 secs] 
977.376: [GC (Allocation Failure) [PSYoungGen: 324380K->38005K(465920K)] 737296K->451093K(1213952K), 0.0067791 secs] [Times: user=0.01 sys=0.00, real=0.00 secs] 
977.678: [GC (Allocation Failure) [PSYoungGen: 270965K->183916K(465920K)] 684053K->598257K(1213952K), 0.0201566 secs] [Times: user=0.03 sys=0.00, real=0.02 secs] 
978.024: [GC (Allocation Failure) [PSYoungGen: 416876K->184430K(465920K)] 831217K->599045K(1213952K), 0.0201552 secs] [Times: user=0.03 sys=0.00, real=0.02 secs] 
979.300: [GC (Allocation Failure) [PSYoungGen: 409650K->92383K(465920K)] 824265K->507263K(1213952K), 0.0170970 secs] [Times: user=0.03 sys=0.00, real=0.02 secs] 
981.298: [GC (Allocation Failure) [PSYoungGen: 325343K->37745K(465920K)] 740223K->452947K(1213952K), 0.0065248 secs] [Times: user=0.01 sys=0.00, real=0.00 secs] 
981.600: [GC (Allocation Failure) [PSYoungGen: 270705K->184173K(465920K)] 685907K->600628K(1213952K), 0.0202672 secs] [Times: user=0.03 sys=0.00, real=0.02 secs] 
981.889: [GC (Allocation Failure) [PSYoungGen: 417133K->184558K(465920K)] 833588K->601294K(1213952K), 0.0200829 secs] [Times: user=0.02 sys=0.00, real=0.02 secs] 
983.397: [GC (Allocation Failure) [PSYoungGen: 408130K->92271K(465920K)] 824867K->509272K(1213952K), 0.0189670 secs] [Times: user=0.04 sys=0.00, real=0.01 secs] 
984.879: [GC (Allocation Failure) [PSYoungGen: 325231K->37620K(465920K)] 742232K->454943K(1213952K), 0.0062928 secs] [Times: user=0.02 sys=0.00, real=0.00 secs] 
985.236: [GC (Allocation Failure) [PSYoungGen: 270580K->184815K(465920K)] 687903K->603384K(1213952K), 0.0202564 secs] [Times: user=0.02 sys=0.00, real=0.02 secs] 
985.527: [GC (Allocation Failure) [PSYoungGen: 417775K->184141K(465920K)] 836344K->602982K(1213952K), 0.0200236 secs] [Times: user=0.03 sys=0.00, real=0.02 secs] 
986.221: [GC (Allocation Failure) [PSYoungGen: 409478K->92094K(465920K)] 828320K->511201K(1213952K), 0.0116679 secs] [Times: user=0.02 sys=0.00, real=0.01 secs] 
987.035: [GC (Allocation Failure) [PSYoungGen: 325054K->38037K(465920K)] 744161K->457446K(1213952K), 0.0052535 secs] [Times: user=0.01 sys=0.00, real=0.01 secs] 
987.307: [GC (Allocation Failure) [PSYoungGen: 270997K->184815K(465920K)] 690406K->605486K(1213952K), 0.0237948 secs] [Times: user=0.04 sys=0.00, real=0.02 secs] 
987.599: [GC (Allocation Failure) [PSYoungGen: 417775K->184687K(465920K)] 838446K->605767K(1213952K), 0.0201713 secs] [Times: user=0.02 sys=0.00, real=0.02 secs] 
989.926: [GC (Allocation Failure) [PSYoungGen: 407099K->91242K(465920K)] 828179K->512459K(1213952K), 0.0178217 secs] [Times: user=0.04 sys=0.00, real=0.02 secs] 
991.967: [GC (Allocation Failure) [PSYoungGen: 324202K->37809K(465920K)] 745419K->459334K(1213952K), 0.0071346 secs] [Times: user=0.02 sys=0.00, real=0.00 secs] 
992.362: [GC (Allocation Failure) [PSYoungGen: 270769K->184687K(465920K)] 692294K->607457K(1213952K), 0.0202163 secs] [Times: user=0.02 sys=0.00, real=0.02 secs] 
992.646: [GC (Allocation Failure) [PSYoungGen: 417647K->184687K(465920K)] 840417K->607730K(1213952K), 0.0201428 secs] [Times: user=0.03 sys=0.00, real=0.02 secs] 
993.299: [GC (Allocation Failure) [PSYoungGen: 407235K->91660K(465920K)] 830278K->514968K(1213952K), 0.0118510 secs] [Times: user=0.02 sys=0.00, real=0.01 secs] 
994.262: [GC (Allocation Failure) [PSYoungGen: 324620K->38005K(465920K)] 747928K->461613K(1213952K), 0.0054075 secs] [Times: user=0.02 sys=0.00, real=0.01 secs] 
994.531: [GC (Allocation Failure) [PSYoungGen: 270965K->184719K(465920K)] 694573K->609580K(1213952K), 0.0202077 secs] [Times: user=0.02 sys=0.00, real=0.02 secs] 
994.815: [GC (Allocation Failure) [PSYoungGen: 417679K->184719K(465920K)] 842540K->609861K(1213952K), 0.0203000 secs] [Times: user=0.03 sys=0.00, real=0.02 secs] 
996.103: [GC (Allocation Failure) [PSYoungGen: 407275K->91355K(465920K)] 832418K->516763K(1213952K), 0.0235991 secs] [Times: user=0.05 sys=0.00, real=0.03 secs] 
997.619: [GC (Allocation Failure) [PSYoungGen: 324315K->37874K(465920K)] 749723K->463595K(1213952K), 0.0067154 secs] [Times: user=0.02 sys=0.00, real=0.00 secs] 
997.924: [GC (Allocation Failure) [PSYoungGen: 270834K->184655K(465920K)] 696555K->611622K(1213952K), 0.0201500 secs] [Times: user=0.03 sys=0.00, real=0.02 secs] 
998.262: [GC (Allocation Failure) [PSYoungGen: 417615K->184719K(465920K)] 844582K->611967K(1213952K), 0.0200475 secs] [Times: user=0.03 sys=0.00, real=0.02 secs] 
999.485: [GC (Allocation Failure) [PSYoungGen: 407274K->91467K(465920K)] 834522K->518989K(1213952K), 0.0139636 secs] [Times: user=0.02 sys=0.00, real=0.02 secs] 
1000.707: [GC (Allocation Failure) [PSYoungGen: 324427K->38034K(465920K)] 751949K->465864K(1213952K), 0.0053294 secs] [Times: user=0.01 sys=0.00, real=0.00 secs] 
1000.974: [GC (Allocation Failure) [PSYoungGen: 270994K->183755K(465920K)] 698824K->612838K(1213952K), 0.0200923 secs] [Times: user=0.02 sys=0.00, real=0.02 secs] 
1001.258: [GC (Allocation Failure) [PSYoungGen: 416715K->184462K(465920K)] 845798K->613826K(1213952K), 0.0200886 secs] [Times: user=0.03 sys=0.00, real=0.02 secs] 
1002.793: [GC (Allocation Failure) [PSYoungGen: 409692K->92528K(465920K)] 839056K->522157K(1213952K), 0.0130907 secs] [Times: user=0.03 sys=0.00, real=0.02 secs] 
1003.619: [GC (Allocation Failure) [PSYoungGen: 325488K->38037K(465920K)] 755117K->467972K(1213952K), 0.0052842 secs] [Times: user=0.02 sys=0.00, real=0.00 secs] 
1003.890: [GC (Allocation Failure) [PSYoungGen: 270997K->184687K(465920K)] 700932K->615875K(1213952K), 0.0201409 secs] [Times: user=0.02 sys=0.00, real=0.02 secs] 
1004.174: [GC (Allocation Failure) [PSYoungGen: 417647K->184622K(465920K)] 848835K->616220K(1213952K), 0.0201791 secs] [Times: user=0.03 sys=0.00, real=0.02 secs] 
1006.471: [GC (Allocation Failure) [PSYoungGen: 407076K->91484K(465920K)] 838674K->523250K(1213952K), 0.0189507 secs] [Times: user=0.04 sys=0.00, real=0.02 secs] 
1007.834: [GC (Allocation Failure) [PSYoungGen: 324444K->37845K(465920K)] 756210K->469911K(1213952K), 0.0053088 secs] [Times: user=0.01 sys=0.00, real=0.01 secs] 
1008.108: [GC (Allocation Failure) [PSYoungGen: 270805K->184398K(465920K)] 702871K->617717K(1213952K), 0.0200164 secs] [Times: user=0.03 sys=0.00, real=0.02 secs] 
1008.447: [GC (Allocation Failure) [PSYoungGen: 417358K->184622K(465920K)] 850677K->618223K(1213952K), 0.0202515 secs] [Times: user=0.02 sys=0.00, real=0.02 secs] 
1009.743: [GC (Allocation Failure) [PSYoungGen: 407166K->91885K(465920K)] 840767K->525751K(1213952K), 0.0197164 secs] [Times: user=0.04 sys=0.00, real=0.02 secs] 
1012.630: [GC (Allocation Failure) [PSYoungGen: 324845K->37588K(465920K)] 758711K->471775K(1213952K), 0.0078265 secs] [Times: user=0.02 sys=0.00, real=0.01 secs] 
1012.955: [GC (Allocation Failure) [PSYoungGen: 270548K->184430K(465920K)] 704735K->619991K(1213952K), 0.0202460 secs] [Times: user=0.03 sys=0.01, real=0.02 secs] 
1013.246: [GC (Allocation Failure) [PSYoungGen: 417390K->184558K(465920K)] 852951K->620264K(1213952K), 0.0200603 secs] [Times: user=0.02 sys=0.00, real=0.02 secs] 
1014.791: [GC (Allocation Failure) [PSYoungGen: 407649K->92158K(465920K)] 843356K->528129K(1213952K), 0.0208027 secs] [Times: user=0.04 sys=0.00, real=0.02 secs] 
1017.601: [GC (Allocation Failure) [PSYoungGen: 325118K->37459K(465920K)] 761089K->473740K(1213952K), 0.0081407 secs] [Times: user=0.01 sys=0.00, real=0.01 secs] 
1018.007: [GC (Allocation Failure) [PSYoungGen: 270419K->184430K(465920K)] 706700K->621956K(1213952K), 0.0222427 secs] [Times: user=0.03 sys=0.00, real=0.02 secs] 
1018.300: [GC (Allocation Failure) [PSYoungGen: 417390K->184333K(465920K)] 854916K->622141K(1213952K), 0.0200978 secs] [Times: user=0.02 sys=0.00, real=0.02 secs] 
1019.080: [GC (Allocation Failure) [PSYoungGen: 409381K->92480K(465920K)] 847189K->530681K(1213952K), 0.0119923 secs] [Times: user=0.02 sys=0.00, real=0.01 secs] 
1020.389: [GC (Allocation Failure) [PSYoungGen: 325440K->37845K(465920K)] 763641K->476223K(1213952K), 0.0064788 secs] [Times: user=0.01 sys=0.00, real=0.00 secs] 
1020.679: [GC (Allocation Failure) [PSYoungGen: 270805K->184173K(465920K)] 709183K->623797K(1213952K), 0.0200631 secs] [Times: user=0.02 sys=0.00, real=0.02 secs] 
1020.963: [GC (Allocation Failure) [PSYoungGen: 417133K->184526K(465920K)] 856757K->624431K(1213952K), 0.0200172 secs] [Times: user=0.03 sys=0.00, real=0.02 secs] 
1021.659: [GC (Allocation Failure) [PSYoungGen: 407591K->92158K(465920K)] 847496K->532336K(1213952K), 0.0112120 secs] [Times: user=0.02 sys=0.00, real=0.01 secs] 
1022.920: [GC (Allocation Failure) [PSYoungGen: 325118K->37845K(465920K)] 765296K->478330K(1213952K), 0.0061894 secs] [Times: user=0.02 sys=0.00, real=0.00 secs] 
1023.199: [GC (Allocation Failure) [PSYoungGen: 270805K->184430K(465920K)] 711290K->626290K(1213952K), 0.0202636 secs] [Times: user=0.03 sys=0.00, real=0.02 secs] 
1023.543: [GC (Allocation Failure) [PSYoungGen: 417390K->184526K(465920K)] 859250K->626539K(1213952K), 0.0203564 secs] [Times: user=0.02 sys=0.00, real=0.02 secs] 
1024.302: [GC (Allocation Failure) [PSYoungGen: 407109K->91885K(465920K)] 849122K->534163K(1213952K), 0.0118457 secs] [Times: user=0.02 sys=0.00, real=0.01 secs] 
1025.970: [GC (Allocation Failure) [PSYoungGen: 324845K->37588K(465920K)] 767123K->480171K(1213952K), 0.0070922 secs] [Times: user=0.02 sys=0.00, real=0.01 secs] 
1026.339: [GC (Allocation Failure) [PSYoungGen: 270548K->184398K(465920K)] 713131K->628218K(1213952K), 0.0202361 secs] [Times: user=0.03 sys=0.00, real=0.02 secs] 
1026.628: [GC (Allocation Failure) [PSYoungGen: 417358K->184365K(465920K)] 861178K->628467K(1213952K), 0.0202317 secs] [Times: user=0.03 sys=0.00, real=0.02 secs] 
1027.263: [GC (Allocation Failure) [PSYoungGen: 409410K->92399K(465920K)] 853512K->536903K(1213952K), 0.0112803 secs] [Times: user=0.02 sys=0.00, real=0.01 secs] 
1028.169: [GC (Allocation Failure) [PSYoungGen: 325359K->38005K(465920K)] 769863K->482690K(1213952K), 0.0053024 secs] [Times: user=0.01 sys=0.00, real=0.00 secs] 
1028.445: [GC (Allocation Failure) [PSYoungGen: 270965K->184687K(465920K)] 715650K->630625K(1213952K), 0.0202026 secs] [Times: user=0.03 sys=0.00, real=0.02 secs] 
1028.790: [GC (Allocation Failure) [PSYoungGen: 417647K->184687K(465920K)] 863585K->630898K(1213952K), 0.0204679 secs] [Times: user=0.02 sys=0.00, real=0.02 secs] 
1029.497: [GC (Allocation Failure) [PSYoungGen: 407247K->91323K(465920K)] 853459K->537808K(1213952K), 0.0111071 secs] [Times: user=0.02 sys=0.00, real=0.01 secs] 
1030.382: [GC (Allocation Failure) [PSYoungGen: 324283K->38005K(465920K)] 770768K->484806K(1213952K), 0.0052875 secs] [Times: user=0.01 sys=0.00, real=0.01 secs] 
1030.649: [GC (GCLocker Initiated GC) [PSYoungGen: 270965K->183755K(465920K)] 717766K->631801K(1213952K), 0.0200226 secs] [Times: user=0.02 sys=0.00, real=0.02 secs] 
1030.934: [GC (Allocation Failure) [PSYoungGen: 416715K->184591K(465920K)] 866143K->634292K(1213952K), 0.0203166 secs] [Times: user=0.03 sys=0.00, real=0.02 secs] 
1031.578: [GC (Allocation Failure) [PSYoungGen: 407513K->91178K(465920K)] 857214K->540895K(1213952K), 0.0101915 secs] [Times: user=0.02 sys=0.00, real=0.01 secs] 
1032.490: [GC (Allocation Failure) [PSYoungGen: 324138K->37909K(465920K)] 773855K->487974K(1213952K), 0.0054197 secs] [Times: user=0.01 sys=0.00, real=0.00 secs] 
1032.758: [GC (Allocation Failure) [PSYoungGen: 270869K->184044K(465920K)] 720934K->635363K(1213952K), 0.0201314 secs] [Times: user=0.03 sys=0.00, real=0.02 secs] 
1033.047: [GC (Allocation Failure) [PSYoungGen: 417004K->184590K(465920K)] 868323K->636182K(1213952K), 0.0202278 secs] [Times: user=0.03 sys=0.00, real=0.02 secs] 
1034.272: [GC (Allocation Failure) [PSYoungGen: 409691K->92287K(465920K)] 861282K->544272K(1213952K), 0.0196136 secs] [Times: user=0.04 sys=0.00, real=0.02 secs] 
1036.139: [GC (Allocation Failure) [PSYoungGen: 325247K->37938K(465920K)] 777232K->490102K(1213952K), 0.0072063 secs] [Times: user=0.02 sys=0.00, real=0.01 secs] 
1036.459: [GC (Allocation Failure) [PSYoungGen: 270898K->184687K(465920K)] 723062K->638097K(1213952K), 0.0201541 secs] [Times: user=0.03 sys=0.00, real=0.02 secs] 
1036.747: [GC (Allocation Failure) [PSYoungGen: 417647K->184719K(465920K)] 871057K->638410K(1213952K), 0.0202261 secs] [Times: user=0.02 sys=0.00, real=0.02 secs] 
1037.468: [GC (Allocation Failure) [PSYoungGen: 407285K->91467K(465920K)] 860976K->545424K(1213952K), 0.0115791 secs] [Times: user=0.02 sys=0.00, real=0.01 secs] 
1039.940: [GC (Allocation Failure) [PSYoungGen: 324427K->37588K(465920K)] 778384K->491857K(1213952K), 0.0069265 secs] [Times: user=0.02 sys=0.00, real=0.01 secs] 
1040.249: [GC (Allocation Failure) [PSYoungGen: 270548K->183916K(465920K)] 724817K->639439K(1213952K), 0.0201630 secs] [Times: user=0.02 sys=0.00, real=0.02 secs] 
1040.600: [GC (Allocation Failure) [PSYoungGen: 416876K->184462K(465920K)] 872399K->640258K(1213952K), 0.0199740 secs] [Times: user=0.02 sys=0.00, real=0.02 secs] 
1042.070: [GC (Allocation Failure) [PSYoungGen: 409679K->92737K(465920K)] 865475K->548806K(1213952K), 0.0113653 secs] [Times: user=0.02 sys=0.00, real=0.01 secs] 
1043.342: [GC (Allocation Failure) [PSYoungGen: 325697K->37842K(465920K)] 781766K->494225K(1213952K), 0.0077511 secs] [Times: user=0.02 sys=0.00, real=0.01 secs] 
1043.700: [GC (Allocation Failure) [PSYoungGen: 270802K->184687K(465920K)] 727185K->642323K(1213952K), 0.0202375 secs] [Times: user=0.03 sys=0.00, real=0.02 secs] 
1043.986: [GC (Allocation Failure) [PSYoungGen: 417647K->184719K(465920K)] 875283K->642765K(1213952K), 0.0202099 secs] [Times: user=0.02 sys=0.00, real=0.02 secs] 
1046.014: [GC (Allocation Failure) [PSYoungGen: 407190K->91499K(465920K)] 865236K->549811K(1213952K), 0.0155814 secs] [Times: user=0.03 sys=0.00, real=0.02 secs] 
1047.564: [GC (Allocation Failure) [PSYoungGen: 324459K->37874K(465920K)] 782771K->496372K(1213952K), 0.0064683 secs] [Times: user=0.02 sys=0.00, real=0.01 secs] 
1047.847: [GC (Allocation Failure) [PSYoungGen: 270834K->183787K(465920K)] 729332K->643539K(1213952K), 0.0201670 secs] [Times: user=0.03 sys=0.00, real=0.02 secs] 
1048.194: [GC (Allocation Failure) [PSYoungGen: 416747K->184398K(465920K)] 876499K->644423K(1213952K), 0.0200960 secs] [Times: user=0.03 sys=0.00, real=0.02 secs] 
1048.828: [GC (Allocation Failure) [PSYoungGen: 409621K->92624K(465920K)] 869646K->552914K(1213952K), 0.0120914 secs] [Times: user=0.02 sys=0.00, real=0.01 secs] 
1050.120: [GC (Allocation Failure) [PSYoungGen: 325584K->37716K(465920K)] 785874K->498322K(1213952K), 0.0065275 secs] [Times: user=0.02 sys=0.00, real=0.01 secs] 
1050.399: [GC (Allocation Failure) [PSYoungGen: 270676K->184076K(465920K)] 731282K->645936K(1213952K), 0.0201565 secs] [Times: user=0.03 sys=0.00, real=0.02 secs] 
1050.688: [GC (Allocation Failure) [PSYoungGen: 417036K->184880K(465920K)] 878896K->647012K(1213952K), 0.0201536 secs] [Times: user=0.03 sys=0.00, real=0.02 secs] 
1052.551: [GC (Allocation Failure) [PSYoungGen: 410298K->91982K(465920K)] 872431K->554379K(1213952K), 0.0154163 secs] [Times: user=0.03 sys=0.00, real=0.02 secs] 
1054.482: [GC (Allocation Failure) [PSYoungGen: 324942K->37649K(465920K)] 787339K->500362K(1213952K), 0.0067306 secs] [Times: user=0.01 sys=0.00, real=0.01 secs] 
1054.782: [GC (Allocation Failure) [PSYoungGen: 270609K->184655K(465920K)] 733322K->648630K(1213952K), 0.0202950 secs] [Times: user=0.03 sys=0.00, real=0.02 secs] 
1055.065: [GC (Allocation Failure) [PSYoungGen: 417615K->184719K(465920K)] 881590K->648975K(1213952K), 0.0202511 secs] [Times: user=0.02 sys=0.00, real=0.02 secs] 
1056.353: [GC (Allocation Failure) [PSYoungGen: 407526K->91773K(465920K)] 871782K->556294K(1213952K), 0.0129201 secs] [Times: user=0.03 sys=0.00, real=0.01 secs] 
1057.965: [GC (Allocation Failure) [PSYoungGen: 324733K->37459K(465920K)] 789254K->502286K(1213952K), 0.0063824 secs] [Times: user=0.02 sys=0.00, real=0.01 secs] 
1058.248: [GC (Allocation Failure) [PSYoungGen: 270419K->183755K(465920K)] 735246K->649827K(1213952K), 0.0202854 secs] [Times: user=0.02 sys=0.00, real=0.02 secs] 
1058.589: [GC (Allocation Failure) [PSYoungGen: 416715K->184462K(465920K)] 882787K->650815K(1213952K), 0.0203295 secs] [Times: user=0.02 sys=0.00, real=0.02 secs] 
1059.322: [GC (Allocation Failure) [PSYoungGen: 409574K->93026K(465920K)] 875928K->559773K(1213952K), 0.0133039 secs] [Times: user=0.03 sys=0.00, real=0.01 secs] 
1060.131: [GC (Allocation Failure) [PSYoungGen: 325986K->38037K(465920K)] 792733K->504971K(1213952K), 0.0053890 secs] [Times: user=0.01 sys=0.01, real=0.01 secs] 
1060.401: [GC (Allocation Failure) [PSYoungGen: 270997K->184687K(465920K)] 737931K->652874K(1213952K), 0.0201268 secs] [Times: user=0.03 sys=0.00, real=0.02 secs] 
1060.686: [GC (Allocation Failure) [PSYoungGen: 417647K->184719K(465920K)] 885834K->653308K(1213952K), 0.0201411 secs] [Times: user=0.03 sys=0.00, real=0.02 secs] 
1061.327: [GC (Allocation Failure) [PSYoungGen: 407159K->91387K(465920K)] 875748K->560249K(1213952K), 0.0109402 secs] [Times: user=0.02 sys=0.00, real=0.01 secs] 
1062.203: [GC (Allocation Failure) [PSYoungGen: 324347K->38005K(465920K)] 793209K->507049K(1213952K), 0.0055192 secs] [Times: user=0.02 sys=0.00, real=0.01 secs] 
1062.470: [GC (Allocation Failure) [PSYoungGen: 270965K->183948K(465920K)] 740009K->654245K(1213952K), 0.0202435 secs] [Times: user=0.02 sys=0.00, real=0.02 secs] 
1062.756: [GC (Allocation Failure) [PSYoungGen: 416908K->184398K(465920K)] 887205K->655104K(1213952K), 0.0202118 secs] [Times: user=0.03 sys=0.00, real=0.03 secs] 
1064.549: [GC (Allocation Failure) [PSYoungGen: 409649K->92399K(465920K)] 880356K->563242K(1213952K), 0.0188159 secs] [Times: user=0.03 sys=0.00, real=0.02 secs] 
1066.283: [GC (Allocation Failure) [PSYoungGen: 325359K->37617K(465920K)] 796202K->508768K(1213952K), 0.0059535 secs] [Times: user=0.01 sys=0.00, real=0.01 secs] 
1066.562: [GC (Allocation Failure) [PSYoungGen: 270577K->184655K(465920K)] 741728K->657059K(1213952K), 0.0202545 secs] [Times: user=0.02 sys=0.00, real=0.02 secs] 
1066.846: [GC (Allocation Failure) [PSYoungGen: 417615K->184751K(465920K)] 890019K->657428K(1213952K), 0.0202674 secs] [Times: user=0.03 sys=0.00, real=0.03 secs] 
1068.535: [GC (Allocation Failure) [PSYoungGen: 407572K->91773K(465920K)] 880249K->564715K(1213952K), 0.0255349 secs] [Times: user=0.04 sys=0.00, real=0.03 secs] 
1070.325: [GC (Allocation Failure) [PSYoungGen: 324733K->37845K(465920K)] 797675K->511101K(1213952K), 0.0070263 secs] [Times: user=0.01 sys=0.00, real=0.01 secs] 
1070.707: [GC (Allocation Failure) [PSYoungGen: 270805K->183819K(465920K)] 744061K->658321K(1213952K), 0.0199807 secs] [Times: user=0.03 sys=0.00, real=0.02 secs] 
1071.041: [GC (Allocation Failure) [PSYoungGen: 416779K->184430K(465920K)] 891281K->659205K(1213952K), 0.0201583 secs] [Times: user=0.02 sys=0.00, real=0.02 secs] 
1072.180: [GC (Allocation Failure) [PSYoungGen: 409674K->92640K(465920K)] 884449K->567680K(1213952K), 0.0160043 secs] [Times: user=0.03 sys=0.00, real=0.02 secs] 
1073.749: [GC (Allocation Failure) [PSYoungGen: 325600K->37845K(465920K)] 800640K->513198K(1213952K), 0.0070419 secs] [Times: user=0.02 sys=0.00, real=0.00 secs] 
1074.058: [GC (Allocation Failure) [PSYoungGen: 270805K->184719K(465920K)] 746158K->661326K(1213952K), 0.0203511 secs] [Times: user=0.03 sys=0.00, real=0.02 secs] 
1074.348: [GC (Allocation Failure) [PSYoungGen: 417679K->184590K(465920K)] 894286K->661607K(1213952K), 0.0202732 secs] [Times: user=0.03 sys=0.00, real=0.02 secs] 
1075.415: [GC (Allocation Failure) [PSYoungGen: 407051K->91644K(465920K)] 884068K->568822K(1213952K), 0.0120293 secs] [Times: user=0.03 sys=0.00, real=0.02 secs] 
1076.861: [GC (Allocation Failure) [PSYoungGen: 324604K->37588K(465920K)] 801782K->515071K(1213952K), 0.0068077 secs] [Times: user=0.02 sys=0.00, real=0.01 secs] 
1077.229: [GC (Allocation Failure) [PSYoungGen: 270548K->184430K(465920K)] 748031K->663295K(1213952K), 0.0203002 secs] [Times: user=0.03 sys=0.00, real=0.02 secs] 
1077.512: [GC (Allocation Failure) [PSYoungGen: 417390K->184558K(465920K)] 896255K->663568K(1213952K), 0.0204791 secs] [Times: user=0.02 sys=0.00, real=0.02 secs] 
1079.653: [GC (Allocation Failure) [PSYoungGen: 407620K->92158K(465920K)] 886630K->571441K(1213952K), 0.0157004 secs] [Times: user=0.03 sys=0.00, real=0.02 secs] 
1081.473: [GC (Allocation Failure) [PSYoungGen: 325118K->37649K(465920K)] 804401K->517237K(1213952K), 0.0068774 secs] [Times: user=0.02 sys=0.00, real=0.01 secs] 
1081.769: [GC (Allocation Failure) [PSYoungGen: 270609K->184462K(465920K)] 750197K->665432K(1213952K), 0.0201896 secs] [Times: user=0.02 sys=0.00, real=0.02 secs] 
1082.111: [GC (Allocation Failure) [PSYoungGen: 417422K->184622K(465920K)] 898392K->665745K(1213952K), 0.0199763 secs] [Times: user=0.02 sys=0.00, real=0.02 secs] 
1083.679: [GC (Allocation Failure) [PSYoungGen: 407683K->92110K(465920K)] 888806K->573498K(1213952K), 0.0194798 secs] [Times: user=0.04 sys=0.00, real=0.02 secs] 
1085.853: [GC (Allocation Failure) [PSYoungGen: 325070K->37877K(465920K)] 806458K->519587K(1213952K), 0.0074607 secs] [Times: user=0.02 sys=0.00, real=0.01 secs] 
1086.157: [GC (Allocation Failure) [PSYoungGen: 270837K->184462K(465920K)] 752547K->667433K(1213952K), 0.0202993 secs] [Times: user=0.03 sys=0.00, real=0.02 secs] 
1086.447: [GC (Allocation Failure) [PSYoungGen: 417422K->184558K(465920K)] 900393K->667811K(1213952K), 0.0203001 secs] [Times: user=0.03 sys=0.00, real=0.02 secs] 
1087.933: [GC (Allocation Failure) [PSYoungGen: 407102K->91885K(465920K)] 890355K->575411K(1213952K), 0.0171710 secs] [Times: user=0.04 sys=0.00, real=0.02 secs] 
1090.157: [GC (Allocation Failure) [PSYoungGen: 324845K->37617K(465920K)] 808371K->521452K(1213952K), 0.0069863 secs] [Times: user=0.02 sys=0.00, real=0.00 secs] 
1090.535: [GC (Allocation Failure) [PSYoungGen: 270577K->184719K(465920K)] 754412K->669808K(1213952K), 0.0205121 secs] [Times: user=0.03 sys=0.00, real=0.02 secs] 
1090.879: [GC (Allocation Failure) [PSYoungGen: 417679K->186454K(465920K)] 902768K->671953K(1213952K), 0.0204290 secs] [Times: user=0.03 sys=0.00, real=0.02 secs] 
1092.509: [GC (Allocation Failure) [PSYoungGen: 408373K->89941K(465920K)] 893871K->575713K(1213952K), 0.0192777 secs] [Times: user=0.03 sys=0.01, real=0.02 secs] 
1094.747: [GC (Allocation Failure) [PSYoungGen: 322901K->37906K(465920K)] 808673K->523857K(1213952K), 0.0066758 secs] [Times: user=0.02 sys=0.00, real=0.00 secs] 
1095.044: [GC (Allocation Failure) [PSYoungGen: 270866K->184173K(465920K)] 756817K->671385K(1213952K), 0.0201872 secs] [Times: user=0.03 sys=0.00, real=0.02 secs] 
1095.386: [GC (Allocation Failure) [PSYoungGen: 417133K->184108K(465920K)] 904345K->671602K(1213952K), 0.0202069 secs] [Times: user=0.03 sys=0.00, real=0.03 secs] 
1096.218: [GC (Allocation Failure) [PSYoungGen: 409033K->92656K(465920K)] 896527K->580415K(1213952K), 0.0121804 secs] [Times: user=0.02 sys=0.00, real=0.01 secs] 
1097.537: [GC (Allocation Failure) [PSYoungGen: 325616K->37809K(465920K)] 813375K->525876K(1213952K), 0.0057604 secs] [Times: user=0.01 sys=0.00, real=0.00 secs] 
1097.806: [GC (Allocation Failure) [PSYoungGen: 270769K->184590K(465920K)] 758836K->673910K(1213952K), 0.0202274 secs] [Times: user=0.03 sys=0.00, real=0.02 secs] 
1098.090: [GC (Allocation Failure) [PSYoungGen: 417550K->184526K(465920K)] 906870K->674248K(1213952K), 0.0203097 secs] [Times: user=0.02 sys=0.00, real=0.02 secs] 
1098.815: [GC (Allocation Failure) [PSYoungGen: 407019K->91869K(465920K)] 896740K->581735K(1213952K), 0.0114771 secs] [Times: user=0.02 sys=0.00, real=0.02 secs] 
1099.671: [GC (Allocation Failure) [PSYoungGen: 324829K->35207K(465920K)] 814695K->525373K(1213952K), 0.0051000 secs] [Times: user=0.01 sys=0.00, real=0.00 secs] 
1099.939: [GC (Allocation Failure) [PSYoungGen: 268167K->184944K(465920K)] 758333K->676363K(1213952K), 0.0203236 secs] [Times: user=0.03 sys=0.00, real=0.02 secs] 
1100.236: [GC (Allocation Failure) [PSYoungGen: 417904K->184719K(465920K)] 909323K->676291K(1213952K), 0.0201940 secs] [Times: user=0.03 sys=0.00, real=0.02 secs] 
1102.780: [GC (Allocation Failure) [PSYoungGen: 410862K->93925K(465920K)] 902434K->585771K(1213952K), 0.0163372 secs] [Times: user=0.03 sys=0.00, real=0.02 secs] 
1103.698: [GC (Allocation Failure) [PSYoungGen: 326885K->38034K(465920K)] 818731K->530201K(1213952K), 0.0053747 secs] [Times: user=0.01 sys=0.00, real=0.00 secs] 
1103.967: [GC (Allocation Failure) [PSYoungGen: 270994K->184719K(465920K)] 763161K->678139K(1213952K), 0.0203604 secs] [Times: user=0.03 sys=0.00, real=0.02 secs] 
1104.254: [GC (Allocation Failure) [PSYoungGen: 417679K->184783K(465920K)] 911099K->678476K(1213952K), 0.0202617 secs] [Times: user=0.03 sys=0.00, real=0.02 secs] 
1106.523: [GC (Allocation Failure) [PSYoungGen: 407209K->91355K(465920K)] 900903K->585466K(1213952K), 0.0191474 secs] [Times: user=0.03 sys=0.00, real=0.02 secs] 
1108.279: [GC (Allocation Failure) [PSYoungGen: 324315K->37748K(465920K)] 818426K->532033K(1213952K), 0.0066748 secs] [Times: user=0.01 sys=0.00, real=0.00 secs] 
1108.571: [GC (Allocation Failure) [PSYoungGen: 270708K->183819K(465920K)] 764993K->679357K(1213952K), 0.0202372 secs] [Times: user=0.03 sys=0.00, real=0.02 secs] 
1108.855: [GC (Allocation Failure) [PSYoungGen: 416779K->184687K(465920K)] 912317K->680498K(1213952K), 0.0201717 secs] [Times: user=0.03 sys=0.00, real=0.02 secs] 
1109.610: [GC (Allocation Failure) [PSYoungGen: 410115K->92512K(465920K)] 905927K->588596K(1213952K), 0.0118064 secs] [Times: user=0.02 sys=0.00, real=0.01 secs] 
1110.439: [GC (Allocation Failure) [PSYoungGen: 325472K->38195K(465920K)] 821556K->534595K(1213952K), 0.0053904 secs] [Times: user=0.02 sys=0.00, real=0.00 secs] 
1110.709: [GC (Allocation Failure) [PSYoungGen: 271155K->184558K(465920K)] 767555K->682340K(1213952K), 0.0202512 secs] [Times: user=0.02 sys=0.00, real=0.02 secs] 
1110.992: [GC (Allocation Failure) [PSYoungGen: 417518K->184398K(465920K)] 915300K->682324K(1213952K), 0.0202054 secs] [Times: user=0.03 sys=0.00, real=0.02 secs] 
1111.620: [GC (Allocation Failure) [PSYoungGen: 406891K->91596K(465920K)] 904818K->589796K(1213952K), 0.0095546 secs] [Times: user=0.02 sys=0.00, real=0.01 secs] 
1112.515: [GC (Allocation Failure) [PSYoungGen: 324556K->38102K(465920K)] 822756K->536617K(1213952K), 0.0064817 secs] [Times: user=0.02 sys=0.00, real=0.01 secs] 
1112.795: [GC (Allocation Failure) [PSYoungGen: 271062K->184687K(465920K)] 769577K->684456K(1213952K), 0.0202142 secs] [Times: user=0.02 sys=0.00, real=0.02 secs] 
1113.085: [GC (Allocation Failure) [PSYoungGen: 417647K->184687K(465920K)] 917416K->684737K(1213952K), 0.0200570 secs] [Times: user=0.02 sys=0.00, real=0.02 secs] 
1114.595: [GC (Allocation Failure) [PSYoungGen: 407136K->91194K(465920K)] 907186K->591510K(1213952K), 0.0209722 secs] [Times: user=0.04 sys=0.00, real=0.03 secs] 
1115.982: [GC (Allocation Failure) [PSYoungGen: 324154K->37716K(465920K)] 824470K->538347K(1213952K), 0.0065927 secs] [Times: user=0.01 sys=0.00, real=0.01 secs] 
1116.266: [GC (Allocation Failure) [PSYoungGen: 270676K->183884K(465920K)] 771307K->685768K(1213952K), 0.0203981 secs] [Times: user=0.03 sys=0.00, real=0.02 secs] 
1116.610: [GC (Allocation Failure) [PSYoungGen: 416844K->184366K(465920K)] 918728K->686531K(1213952K), 0.0204121 secs] [Times: user=0.02 sys=0.00, real=0.02 secs] 
1117.217: [GC (Allocation Failure) [PSYoungGen: 409572K->92608K(465920K)] 911737K->595039K(1213952K), 0.0120217 secs] [Times: user=0.02 sys=0.00, real=0.01 secs] 
1118.078: [GC (Allocation Failure) [PSYoungGen: 325568K->37973K(465920K)] 827999K->540714K(1213952K), 0.0073550 secs] [Times: user=0.02 sys=0.00, real=0.00 secs] 
1118.398: [GC (Allocation Failure) [PSYoungGen: 270933K->184687K(465920K)] 773674K->688681K(1213952K), 0.0202078 secs] [Times: user=0.03 sys=0.00, real=0.02 secs] 
1118.686: [GC (Allocation Failure) [PSYoungGen: 417647K->184719K(465920K)] 921641K->688994K(1213952K), 0.0203191 secs] [Times: user=0.03 sys=0.00, real=0.02 secs] 
1119.889: [GC (Allocation Failure) [PSYoungGen: 407289K->91355K(465920K)] 911564K->595903K(1213952K), 0.0186047 secs] [Times: user=0.04 sys=0.00, real=0.02 secs] 
1120.744: [GC (Allocation Failure) [PSYoungGen: 324315K->38195K(465920K)] 828863K->543051K(1213952K), 0.0054818 secs] [Times: user=0.01 sys=0.00, real=0.01 secs] 
1121.013: [GC (Allocation Failure) [PSYoungGen: 271155K->184687K(465920K)] 776011K->690925K(1213952K), 0.0202269 secs] [Times: user=0.03 sys=0.00, real=0.02 secs] 
1121.297: [GC (Allocation Failure) [PSYoungGen: 417647K->184655K(465920K)] 923885K->691037K(1213952K), 0.0201036 secs] [Times: user=0.02 sys=0.00, real=0.02 secs] 
1121.996: [GC (Allocation Failure) [PSYoungGen: 407082K->91258K(465920K)] 913465K->597914K(1213952K), 0.0113315 secs] [Times: user=0.02 sys=0.00, real=0.01 secs] 
1122.803: [GC (Allocation Failure) [PSYoungGen: 324218K->38066K(465920K)] 830874K->545032K(1213952K), 0.0054133 secs] [Times: user=0.02 sys=0.00, real=0.01 secs] 
1123.072: [GC (Allocation Failure) [PSYoungGen: 271026K->184687K(465920K)] 777992K->692906K(1213952K), 0.0203844 secs] [Times: user=0.02 sys=0.00, real=0.02 secs] 
1123.356: [GC (Allocation Failure) [PSYoungGen: 417647K->184719K(465920K)] 925866K->693219K(1213952K), 0.0202624 secs] [Times: user=0.02 sys=0.00, real=0.03 secs] 
1125.868: [GC (Allocation Failure) [PSYoungGen: 407304K->91355K(465920K)] 915805K->600121K(1213952K), 0.0165603 secs] [Times: user=0.03 sys=0.00, real=0.01 secs] 
1127.497: [GC (Allocation Failure) [PSYoungGen: 324315K->37877K(465920K)] 833081K->546952K(1213952K), 0.0058685 secs] [Times: user=0.01 sys=0.00, real=0.00 secs] 
1127.768: [GC (Allocation Failure) [PSYoungGen: 270837K->184687K(465920K)] 779912K->695016K(1213952K), 0.0202519 secs] [Times: user=0.02 sys=0.00, real=0.02 secs] 
1128.107: [GC (Allocation Failure) [PSYoungGen: 417647K->184655K(465920K)] 927976K->695265K(1213952K), 0.0203217 secs] [Times: user=0.03 sys=0.00, real=0.02 secs] 
1129.990: [GC (Allocation Failure) [PSYoungGen: 407208K->91467K(465920K)] 917818K->602351K(1213952K), 0.0144817 secs] [Times: user=0.02 sys=0.01, real=0.01 secs] 
1132.161: [GC (Allocation Failure) [PSYoungGen: 324427K->37745K(465920K)] 835311K->548926K(1213952K), 0.0071184 secs] [Times: user=0.01 sys=0.00, real=0.01 secs] 
1132.471: [GC (Allocation Failure) [PSYoungGen: 270705K->184976K(465920K)] 781886K->697410K(1213952K), 0.0203866 secs] [Times: user=0.03 sys=0.00, real=0.02 secs] 
1132.753: [GC (Allocation Failure) [PSYoungGen: 417936K->183851K(465920K)] 930370K->696558K(1213952K), 0.0203251 secs] [Times: user=0.02 sys=0.00, real=0.02 secs] 
1133.354: [GC (Allocation Failure) [PSYoungGen: 409276K->92239K(465920K)] 921983K->605348K(1213952K), 0.0099213 secs] [Times: user=0.02 sys=0.00, real=0.01 secs] 
1134.147: [GC (Allocation Failure) [PSYoungGen: 325199K->37681K(465920K)] 838308K->550969K(1213952K), 0.0054092 secs] [Times: user=0.02 sys=0.00, real=0.00 secs] 
1134.419: [GC (Allocation Failure) [PSYoungGen: 270641K->184076K(465920K)] 783929K->698618K(1213952K), 0.0214457 secs] [Times: user=0.02 sys=0.00, real=0.02 secs] 
1134.764: [GC (Allocation Failure) [PSYoungGen: 417036K->184944K(465920K)] 931578K->699767K(1213952K), 0.0203297 secs] [Times: user=0.03 sys=0.00, real=0.02 secs] 
1137.337: [GC (Allocation Failure) [PSYoungGen: 410380K->92126K(465920K)] 925203K->607222K(1213952K), 0.0131757 secs] [Times: user=0.03 sys=0.00, real=0.01 secs] 
1138.559: [GC (Allocation Failure) [PSYoungGen: 325086K->37780K(465920K)] 840182K->553172K(1213952K), 0.0056244 secs] [Times: user=0.02 sys=0.00, real=0.00 secs] 
1138.827: [GC (Allocation Failure) [PSYoungGen: 270740K->184076K(465920K)] 786132K->700714K(1213952K), 0.0202509 secs] [Times: user=0.03 sys=0.00, real=0.02 secs] 
1139.110: [GC (Allocation Failure) [PSYoungGen: 417036K->184558K(465920K)] 933674K->701477K(1213952K), 0.0207145 secs] [Times: user=0.03 sys=0.00, real=0.02 secs] 
1140.764: [GC (Allocation Failure) [PSYoungGen: 409751K->92383K(465920K)] 926669K->609567K(1213952K), 0.0142116 secs] [Times: user=0.03 sys=0.00, real=0.02 secs] 
1143.064: [GC (Allocation Failure) [PSYoungGen: 325343K->37812K(465920K)] 842527K->555303K(1213952K), 0.0071840 secs] [Times: user=0.02 sys=0.00, real=0.01 secs] 
1143.371: [GC (Allocation Failure) [PSYoungGen: 270772K->184655K(465920K)] 788263K->703400K(1213952K), 0.0203609 secs] [Times: user=0.02 sys=0.00, real=0.02 secs] 
1143.655: [GC (Allocation Failure) [PSYoungGen: 417615K->184719K(465920K)] 936360K->703745K(1213952K), 0.0202509 secs] [Times: user=0.03 sys=0.00, real=0.02 secs] 
1144.790: [GC (Allocation Failure) [PSYoungGen: 407301K->91612K(465920K)] 926327K->610903K(1213952K), 0.0122390 secs] [Times: user=0.03 sys=0.00, real=0.01 secs] 
1145.849: [GC (Allocation Failure) [PSYoungGen: 324572K->38005K(465920K)] 843863K->557598K(1213952K), 0.0054066 secs] [Times: user=0.01 sys=0.00, real=0.00 secs] 
1146.118: [GC (Allocation Failure) [PSYoungGen: 270965K->184655K(465920K)] 790558K->705630K(1213952K), 0.0205002 secs] [Times: user=0.02 sys=0.00, real=0.02 secs] 
1146.407: [GC (Allocation Failure) [PSYoungGen: 417615K->184623K(465920K)] 938590K->705742K(1213952K), 0.0204548 secs] [Times: user=0.03 sys=0.00, real=0.02 secs] 
1147.230: [GC (Allocation Failure) [PSYoungGen: 407173K->91355K(465920K)] 928293K->612740K(1213952K), 0.0197648 secs] [Times: user=0.04 sys=0.00, real=0.02 secs] 
1148.092: [GC (Allocation Failure) [PSYoungGen: 324315K->38066K(465920K)] 845700K->559767K(1213952K), 0.0054261 secs] [Times: user=0.01 sys=0.00, real=0.01 secs] 
1148.416: [GC (Allocation Failure) [PSYoungGen: 271026K->183948K(465920K)] 792727K->706902K(1213952K), 0.0203649 secs] [Times: user=0.03 sys=0.01, real=0.03 secs] 
1148.704: [GC (Allocation Failure) [PSYoungGen: 416908K->184430K(465920K)] 939862K->707665K(1213952K), 0.0201606 secs] [Times: user=0.03 sys=0.00, real=0.02 secs] 
1150.449: [GC (Allocation Failure) [PSYoungGen: 408151K->92447K(465920K)] 931386K->615947K(1213952K), 0.0243150 secs] [Times: user=0.04 sys=0.00, real=0.02 secs] 
1151.821: [GC (Allocation Failure) [PSYoungGen: 325407K->37748K(465920K)] 848907K->561554K(1213952K), 0.0056490 secs] [Times: user=0.01 sys=0.00, real=0.01 secs] 
1152.090: [GC (Allocation Failure) [PSYoungGen: 270708K->184398K(465920K)] 794514K->709457K(1213952K), 0.0201245 secs] [Times: user=0.03 sys=0.00, real=0.02 secs] 
1152.373: [GC (Allocation Failure) [PSYoungGen: 417358K->184494K(465920K)] 942417K->709827K(1213952K), 0.0202518 secs] [Times: user=0.02 sys=0.00, real=0.02 secs] 
1153.821: [GC (Allocation Failure) [PSYoungGen: 407549K->91998K(465920K)] 932881K->617595K(1213952K), 0.0158177 secs] [Times: user=0.03 sys=0.01, real=0.02 secs] 
1155.327: [GC (Allocation Failure) [PSYoungGen: 324958K->37745K(465920K)] 850555K->563649K(1213952K), 0.0089325 secs] [Times: user=0.02 sys=0.00, real=0.00 secs] 
1155.677: [GC (Allocation Failure) [PSYoungGen: 270705K->184944K(465920K)] 796609K->712109K(1213952K), 0.0203090 secs] [Times: user=0.03 sys=0.00, real=0.02 secs] 
1155.965: [GC (Allocation Failure) [PSYoungGen: 417904K->184976K(465920K)] 945069K->712422K(1213952K), 0.0204044 secs] [Times: user=0.03 sys=0.00, real=0.02 secs] 
1157.249: [GC (Allocation Failure) [PSYoungGen: 407834K->91130K(465920K)] 935280K->618970K(1213952K), 0.0162921 secs] [Times: user=0.04 sys=0.00, real=0.01 secs] 
1158.687: [GC (Allocation Failure) [PSYoungGen: 324090K->38034K(465920K)] 851930K->566051K(1213952K), 0.0054100 secs] [Times: user=0.02 sys=0.00, real=0.00 secs] 
1158.956: [GC (Allocation Failure) [PSYoungGen: 270994K->184558K(465920K)] 799011K->713829K(1213952K), 0.0202384 secs] [Times: user=0.03 sys=0.00, real=0.03 secs] 
1159.247: [GC (Allocation Failure) [PSYoungGen: 417518K->184526K(465920K)] 946789K->714198K(1213952K), 0.0203662 secs] [Times: user=0.02 sys=0.00, real=0.02 secs] 
1160.392: [GC (Allocation Failure) [PSYoungGen: 407019K->91644K(465920K)] 936691K->621453K(1213952K), 0.0239873 secs] [Times: user=0.05 sys=0.00, real=0.02 secs] 
1161.994: [GC (Allocation Failure) [PSYoungGen: 324604K->37874K(465920K)] 854413K->567996K(1213952K), 0.0071651 secs] [Times: user=0.02 sys=0.00, real=0.01 secs] 
1162.297: [GC (Allocation Failure) [PSYoungGen: 270834K->184462K(465920K)] 800956K->715958K(1213952K), 0.0204349 secs] [Times: user=0.02 sys=0.00, real=0.02 secs] 
1162.643: [GC (Allocation Failure) [PSYoungGen: 417422K->184526K(465920K)] 948918K->716167K(1213952K), 0.0202673 secs] [Times: user=0.03 sys=0.00, real=0.02 secs] 
1163.752: [GC (Allocation Failure) [PSYoungGen: 407073K->91869K(465920K)] 938714K->623783K(1213952K), 0.0133065 secs] [Times: user=0.03 sys=0.00, real=0.01 secs] 
1165.881: [GC (Allocation Failure) [PSYoungGen: 324829K->37681K(465920K)] 856743K->569896K(1213952K), 0.0067517 secs] [Times: user=0.01 sys=0.00, real=0.01 secs] 
1166.181: [GC (Allocation Failure) [PSYoungGen: 270641K->184558K(465920K)] 802856K->718027K(1213952K), 0.0203730 secs] [Times: user=0.02 sys=0.00, real=0.02 secs] 
1166.465: [GC (Allocation Failure) [PSYoungGen: 417518K->185008K(465920K)] 950987K->718750K(1213952K), 0.0203629 secs] [Times: user=0.03 sys=0.00, real=0.02 secs] 
1167.970: [GC (Allocation Failure) [PSYoungGen: 408097K->91644K(465920K)] 941840K->625651K(1213952K), 0.0132073 secs] [Times: user=0.02 sys=0.00, real=0.01 secs] 
1169.559: [GC (Allocation Failure) [PSYoungGen: 324604K->37649K(465920K)] 858611K->571966K(1213952K), 0.0088500 secs] [Times: user=0.02 sys=0.00, real=0.01 secs] 
1169.900: [GC (Allocation Failure) [PSYoungGen: 270609K->184558K(465920K)] 804926K->720257K(1213952K), 0.0202485 secs] [Times: user=0.03 sys=0.00, real=0.02 secs] 
1170.244: [GC (Allocation Failure) [PSYoungGen: 417518K->184558K(465920K)] 953217K->720538K(1213952K), 0.0202900 secs] [Times: user=0.03 sys=0.00, real=0.02 secs] 
1171.556: [GC (Allocation Failure) [PSYoungGen: 407553K->91966K(465920K)] 943533K->628082K(1213952K), 0.0154338 secs] [Times: user=0.03 sys=0.00, real=0.02 secs] 
1172.549: [GC (Allocation Failure) [PSYoungGen: 324926K->38066K(465920K)] 861042K->574493K(1213952K), 0.0054072 secs] [Times: user=0.01 sys=0.00, real=0.00 secs] 
1172.872: [GC (Allocation Failure) [PSYoungGen: 271026K->184430K(465920K)] 807453K->722102K(1213952K), 0.0201930 secs] [Times: user=0.03 sys=0.00, real=0.02 secs] 
1173.155: [GC (Allocation Failure) [PSYoungGen: 417390K->184590K(465920K)] 955062K->722536K(1213952K), 0.0201579 secs] [Times: user=0.03 sys=0.00, real=0.02 secs] 
1173.776: [GC (Allocation Failure) [PSYoungGen: 407139K->91725K(465920K)] 945084K->629943K(1213952K), 0.0118691 secs] [Times: user=0.02 sys=0.00, real=0.02 secs] 
1174.590: [GC (Allocation Failure) [PSYoungGen: 324685K->37941K(465920K)] 862903K->576475K(1213952K), 0.0054150 secs] [Times: user=0.01 sys=0.00, real=0.00 secs] 
1174.859: [GC (Allocation Failure) [PSYoungGen: 270901K->184944K(465920K)] 809435K->724716K(1213952K), 0.0203061 secs] [Times: user=0.03 sys=0.00, real=0.02 secs] 
1175.143: [GC (Allocation Failure) [PSYoungGen: 417904K->184944K(465920K)] 957676K->724997K(1213952K), 0.0203276 secs] [Times: user=0.03 sys=0.00, real=0.02 secs] 
1176.029: [GC (Allocation Failure) [PSYoungGen: 407747K->90969K(465920K)] 947800K->631287K(1213952K), 0.0118195 secs] [Times: user=0.02 sys=0.00, real=0.01 secs] 
1177.649: [GC (Allocation Failure) [PSYoungGen: 323929K->37745K(465920K)] 864247K->578381K(1213952K), 0.0064563 secs] [Times: user=0.01 sys=0.00, real=0.00 secs] 
1177.932: [GC (Allocation Failure) [PSYoungGen: 270705K->184590K(465920K)] 811341K->726608K(1213952K), 0.0204810 secs] [Times: user=0.02 sys=0.00, real=0.02 secs] 
1178.274: [GC (Allocation Failure) [PSYoungGen: 417550K->184558K(465920K)] 959568K->726849K(1213952K), 0.0205648 secs] [Times: user=0.02 sys=0.00, real=0.02 secs] 
1179.584: [GC (Allocation Failure) [PSYoungGen: 407048K->91901K(465920K)] 949339K->634336K(1213952K), 0.0193824 secs] [Times: user=0.04 sys=0.00, real=0.02 secs] 
1181.241: [GC (Allocation Failure) [PSYoungGen: 324861K->37716K(465920K)] 867296K->580465K(1213952K), 0.0071013 secs] [Times: user=0.02 sys=0.00, real=0.01 secs] 
1181.533: [GC (Allocation Failure) [PSYoungGen: 270676K->184430K(465920K)] 813425K->728424K(1213952K), 0.0201999 secs] [Times: user=0.02 sys=0.00, real=0.02 secs] 
1181.817: [GC (Allocation Failure) [PSYoungGen: 417390K->184558K(465920K)] 961384K->728834K(1213952K), 0.0204031 secs] [Times: user=0.03 sys=0.00, real=0.02 secs] 
1182.665: [GC (Allocation Failure) [PSYoungGen: 407612K->91998K(465920K)] 951888K->636538K(1213952K), 0.0191691 secs] [Times: user=0.04 sys=0.00, real=0.02 secs] 
1184.109: [GC (Allocation Failure) [PSYoungGen: 324958K->38002K(465920K)] 869498K->582849K(1213952K), 0.0078730 secs] [Times: user=0.01 sys=0.00, real=0.01 secs] 
1184.426: [GC (Allocation Failure) [PSYoungGen: 270962K->184494K(465920K)] 815809K->730594K(1213952K), 0.0216778 secs] [Times: user=0.03 sys=0.00, real=0.03 secs] 
1184.773: [GC (Allocation Failure) [PSYoungGen: 417454K->184590K(465920K)] 963554K->730987K(1213952K), 0.0204622 secs] [Times: user=0.02 sys=0.00, real=0.02 secs] 
1185.581: [GC (Allocation Failure) [PSYoungGen: 407118K->91773K(465920K)] 953515K->638443K(1213952K), 0.0117025 secs] [Times: user=0.02 sys=0.00, real=0.01 secs] 
1186.887: [GC (Allocation Failure) [PSYoungGen: 324733K->37845K(465920K)] 871403K->584829K(1213952K), 0.0068588 secs] [Times: user=0.02 sys=0.00, real=0.00 secs] 
1187.185: [GC (Allocation Failure) [PSYoungGen: 270805K->184976K(465920K)] 817789K->733213K(1213952K), 0.0204321 secs] [Times: user=0.03 sys=0.00, real=0.02 secs] 
1187.531: [GC (Allocation Failure) [PSYoungGen: 417936K->183626K(465920K)] 966173K->732145K(1213952K), 0.0201638 secs] [Times: user=0.03 sys=0.00, real=0.02 secs] 
1188.658: [GC (Allocation Failure) [PSYoungGen: 404567K->92239K(465920K)] 953086K->641022K(1213952K), 0.0122258 secs] [Times: user=0.03 sys=0.00, real=0.01 secs] 
1191.119: [GC (Allocation Failure) [PSYoungGen: 325199K->38102K(465920K)] 873982K->587185K(1213952K), 0.0066075 secs] [Times: user=0.02 sys=0.00, real=0.00 secs] 
1191.404: [GC (Allocation Failure) [PSYoungGen: 271062K->184462K(465920K)] 820145K->734799K(1213952K), 0.0204068 secs] [Times: user=0.03 sys=0.00, real=0.02 secs] 
1191.689: [GC (Allocation Failure) [PSYoungGen: 417422K->184622K(465920K)] 967759K->735232K(1213952K), 0.0201802 secs] [Times: user=0.03 sys=0.00, real=0.02 secs] 
1193.648: [GC (Allocation Failure) [PSYoungGen: 407165K->91564K(465920K)] 957775K->642439K(1213952K), 0.0187085 secs] [Times: user=0.04 sys=0.00, real=0.02 secs] 
1195.312: [GC (Allocation Failure) [PSYoungGen: 324524K->37877K(465920K)] 875399K->589058K(1213952K), 0.0069514 secs] [Times: user=0.01 sys=0.00, real=0.01 secs] 
1195.677: [GC (Allocation Failure) [PSYoungGen: 270837K->184494K(465920K)] 822018K->736928K(1213952K), 0.0204569 secs] [Times: user=0.03 sys=0.00, real=0.02 secs] 
1196.022: [GC (Allocation Failure) [PSYoungGen: 417454K->184494K(465920K)] 969888K->737210K(1213952K), 0.0202290 secs] [Times: user=0.03 sys=0.00, real=0.02 secs] 
1196.673: [GC (Allocation Failure) [PSYoungGen: 407036K->91885K(465920K)] 959751K->644866K(1213952K), 0.0126090 secs] [Times: user=0.02 sys=0.00, real=0.01 secs] 
1197.523: [GC (Allocation Failure) [PSYoungGen: 324845K->38037K(465920K)] 877826K->591334K(1213952K), 0.0056353 secs] [Times: user=0.01 sys=0.00, real=0.01 secs] 
1197.796: [GC (Allocation Failure) [PSYoungGen: 270997K->184976K(465920K)] 824294K->739526K(1213952K), 0.0203605 secs] [Times: user=0.02 sys=0.00, real=0.02 secs] 
1198.142: [GC (Allocation Failure) [PSYoungGen: 417936K->184944K(465920K)] 972486K->739775K(1213952K), 0.0205381 secs] [Times: user=0.03 sys=0.00, real=0.02 secs] 
1200.175: [GC (Allocation Failure) [PSYoungGen: 407748K->90841K(465920K)] 962580K->645937K(1213952K), 0.0247297 secs] [Times: user=0.05 sys=0.00, real=0.03 secs] 
1202.696: [GC (Allocation Failure) [PSYoungGen: 323801K->37588K(465920K)] 878897K->592999K(1213952K), 0.0072474 secs] [Times: user=0.02 sys=0.00, real=0.01 secs] 
1203.005: [GC (Allocation Failure) [PSYoungGen: 270548K->183819K(465920K)] 825959K->740484K(1213952K), 0.0202700 secs] [Times: user=0.02 sys=0.00, real=0.02 secs] 
1203.290: [GC (Allocation Failure) [PSYoungGen: 416779K->184430K(465920K)] 973444K->741376K(1213952K), 0.0202159 secs] [Times: user=0.03 sys=0.00, real=0.02 secs] 
1204.150: [GC (Allocation Failure) [PSYoungGen: 408248K->92897K(465920K)] 965195K->650109K(1213952K), 0.0121935 secs] [Times: user=0.02 sys=0.00, real=0.01 secs] 
1205.779: [GC (Allocation Failure) [PSYoungGen: 325857K->37748K(465920K)] 883069K->595283K(1213952K), 0.0069333 secs] [Times: user=0.01 sys=0.00, real=0.00 secs] 
1206.079: [GC (Allocation Failure) [PSYoungGen: 270708K->184462K(465920K)] 828243K->743251K(1213952K), 0.0204529 secs] [Times: user=0.03 sys=0.00, real=0.02 secs] 
1206.366: [GC (Allocation Failure) [PSYoungGen: 417422K->184301K(465920K)] 976211K->743371K(1213952K), 0.0205061 secs] [Times: user=0.03 sys=0.00, real=0.02 secs] 
1207.604: [GC (Allocation Failure) [PSYoungGen: 409341K->92287K(465920K)] 968411K->651750K(1213952K), 0.0279972 secs] [Times: user=0.06 sys=0.00, real=0.03 secs] 
1209.148: [GC (Allocation Failure) [PSYoungGen: 325247K->37909K(465920K)] 884710K->597553K(1213952K), 0.0069503 secs] [Times: user=0.02 sys=0.00, real=0.00 secs] 
1209.514: [GC (Allocation Failure) [PSYoungGen: 270869K->184205K(465920K)] 830513K->745103K(1213952K), 0.0205922 secs] [Times: user=0.03 sys=0.00, real=0.02 secs] 
1209.861: [GC (Allocation Failure) [PSYoungGen: 417165K->184622K(465920K)] 978063K->745809K(1213952K), 0.0204545 secs] [Times: user=0.03 sys=0.00, real=0.02 secs] 
1211.297: [GC (Allocation Failure) [PSYoungGen: 409773K->92142K(465920K)] 970960K->653595K(1213952K), 0.0122951 secs] [Times: user=0.02 sys=0.00, real=0.01 secs] 
1213.127: [GC (Allocation Failure) [PSYoungGen: 325102K->37555K(465920K)] 886555K->599331K(1213952K), 0.0072212 secs] [Times: user=0.02 sys=0.00, real=0.00 secs] 
1213.432: [GC (Allocation Failure) [PSYoungGen: 270515K->184205K(465920K)] 832291K->747234K(1213952K), 0.0202329 secs] [Times: user=0.03 sys=0.00, real=0.02 secs] 
1213.718: [GC (Allocation Failure) [PSYoungGen: 417165K->184526K(465920K)] 980194K->747965K(1213952K), 0.0203890 secs] [Times: user=0.03 sys=0.00, real=0.02 secs] 
1215.759: [GC (Allocation Failure) [PSYoungGen: 409738K->92528K(465920K)] 973178K->656103K(1213952K), 0.0192109 secs] [Times: user=0.04 sys=0.00, real=0.02 secs] 
1216.954: [GC (Allocation Failure) [PSYoungGen: 325488K->38037K(465920K)] 889063K->601927K(1213952K), 0.0068221 secs] [Times: user=0.02 sys=0.00, real=0.01 secs] 
1217.235: [GC (Allocation Failure) [PSYoungGen: 270997K->184719K(465920K)] 834887K->749990K(1213952K), 0.0203567 secs] [Times: user=0.03 sys=0.00, real=0.02 secs] 
1217.524: [GC (Allocation Failure) [PSYoungGen: 417679K->184687K(465920K)] 982950K->750239K(1213952K), 0.0202982 secs] [Times: user=0.03 sys=0.00, real=0.02 secs] 
1218.981: [GC (Allocation Failure) [PSYoungGen: 407124K->91387K(465920K)] 972677K->657205K(1213952K), 0.0160002 secs] [Times: user=0.04 sys=0.00, real=0.02 secs] 
1221.176: [GC (Allocation Failure) [PSYoungGen: 324347K->38005K(465920K)] 890165K->604012K(1213952K), 0.0074051 secs] [Times: user=0.02 sys=0.00, real=0.00 secs] 
1221.566: [GC (Allocation Failure) [PSYoungGen: 270965K->183819K(465920K)] 836972K->751080K(1213952K), 0.0203173 secs] [Times: user=0.03 sys=0.00, real=0.03 secs] 
1221.851: [GC (Allocation Failure) [PSYoungGen: 416779K->184655K(465920K)] 984040K->752196K(1213952K), 0.0202518 secs] [Times: user=0.02 sys=0.00, real=0.02 secs] 
1223.178: [GC (Allocation Failure) [PSYoungGen: 410065K->92287K(465920K)] 977607K->660093K(1213952K), 0.0157396 secs] [Times: user=0.03 sys=0.01, real=0.01 secs] 
1224.699: [GC (Allocation Failure) [PSYoungGen: 325247K->37652K(465920K)] 893053K->605774K(1213952K), 0.0068136 secs] [Times: user=0.01 sys=0.01, real=0.00 secs] 
1225.052: [GC (Allocation Failure) [PSYoungGen: 270612K->184847K(465920K)] 838734K->754223K(1213952K), 0.0204210 secs] [Times: user=0.02 sys=0.00, real=0.02 secs] 
1225.340: [GC (Allocation Failure) [PSYoungGen: 417807K->184687K(465920K)] 987183K->754472K(1213952K), 0.0204088 secs] [Times: user=0.03 sys=0.00, real=0.02 secs] 
1226.008: [GC (Allocation Failure) [PSYoungGen: 407241K->91644K(465920K)] 977026K->661574K(1213952K), 0.0115579 secs] [Times: user=0.02 sys=0.00, real=0.01 secs] 
1226.877: [GC (Allocation Failure) [PSYoungGen: 324604K->38037K(465920K)] 894534K->608283K(1213952K), 0.0054813 secs] [Times: user=0.01 sys=0.00, real=0.00 secs] 
1227.145: [GC (Allocation Failure) [PSYoungGen: 270997K->184719K(465920K)] 841243K->756218K(1213952K), 0.0205244 secs] [Times: user=0.03 sys=0.00, real=0.02 secs] 
1227.429: [GC (Allocation Failure) [PSYoungGen: 417679K->184687K(465920K)] 989178K->756467K(1213952K), 0.0204946 secs] [Times: user=0.03 sys=0.00, real=0.02 secs] 
1228.093: [GC (Allocation Failure) [PSYoungGen: 407233K->91387K(465920K)] 979014K->663432K(1213952K), 0.0120958 secs] [Times: user=0.03 sys=0.00, real=0.01 secs] 
1229.107: [GC (Allocation Failure) [PSYoungGen: 324347K->38002K(465920K)] 896392K->610365K(1213952K), 0.0066831 secs] [Times: user=0.02 sys=0.00, real=0.00 secs] 
1229.466: [GC (Allocation Failure) [PSYoungGen: 270962K->183980K(465920K)] 843325K->757596K(1213952K), 0.0208156 secs] [Times: user=0.03 sys=0.00, real=0.02 secs] 
1229.754: [GC (Allocation Failure) [PSYoungGen: 416940K->184430K(465920K)] 990556K->758327K(1213952K), 0.0206347 secs] [Times: user=0.02 sys=0.00, real=0.02 secs] 
1231.432: [GC (Allocation Failure) [PSYoungGen: 408155K->92383K(465920K)] 982053K->666554K(1213952K), 0.0204652 secs] [Times: user=0.04 sys=0.00, real=0.02 secs] 
1233.675: [GC (Allocation Failure) [PSYoungGen: 325343K->37716K(465920K)] 899514K->612195K(1213952K), 0.0076488 secs] [Times: user=0.02 sys=0.00, real=0.01 secs] 
1233.995: [GC (Allocation Failure) [PSYoungGen: 270676K->184494K(465920K)] 845155K->760226K(1213952K), 0.0203106 secs] [Times: user=0.03 sys=0.00, real=0.02 secs] 
1234.285: [GC (Allocation Failure) [PSYoungGen: 417454K->184590K(465920K)] 993186K->760595K(1213952K), 0.0204847 secs] [Times: user=0.03 sys=0.00, real=0.02 secs] 
1234.905: [GC (Allocation Failure) [PSYoungGen: 407645K->91998K(465920K)] 983650K->668292K(1213952K), 0.0112867 secs] [Times: user=0.02 sys=0.00, real=0.02 secs] 
1235.724: [GC (Allocation Failure) [PSYoungGen: 324958K->38034K(465920K)] 901252K->614646K(1213952K), 0.0065347 secs] [Times: user=0.02 sys=0.00, real=0.01 secs] 
1236.067: [GC (Allocation Failure) [PSYoungGen: 270994K->183851K(465920K)] 847606K->761717K(1213952K), 0.0204407 secs] [Times: user=0.02 sys=0.00, real=0.02 secs] 
1236.410: [GC (Allocation Failure) [PSYoungGen: 416811K->184365K(465920K)] 994677K->762640K(1213952K), 0.0203725 secs] [Times: user=0.03 sys=0.00, real=0.02 secs] 
1237.078: [GC (Allocation Failure) [PSYoungGen: 409744K->92656K(465920K)] 988019K->671068K(1213952K), 0.0120165 secs] [Times: user=0.02 sys=0.00, real=0.01 secs] 
1237.966: [GC (Allocation Failure) [PSYoungGen: 325616K->38166K(465920K)] 904028K->616885K(1213952K), 0.0055214 secs] [Times: user=0.01 sys=0.00, real=0.01 secs] 
1238.234: [GC (Allocation Failure) [PSYoungGen: 271126K->184462K(465920K)] 849845K->764435K(1213952K), 0.0203595 secs] [Times: user=0.02 sys=0.00, real=0.02 secs] 
1238.581: [GC (Allocation Failure) [PSYoungGen: 417422K->184783K(465920K)] 997395K->765030K(1213952K), 0.0202518 secs] [Times: user=0.03 sys=0.00, real=0.02 secs] 
1240.055: [GC (Allocation Failure) [PSYoungGen: 407826K->91371K(465920K)] 988072K->671882K(1213952K), 0.0136865 secs] [Times: user=0.03 sys=0.00, real=0.02 secs] 
1243.281: [GC (Allocation Failure) [PSYoungGen: 324331K->38002K(465920K)] 904842K->618829K(1213952K), 0.0066241 secs] [Times: user=0.01 sys=0.00, real=0.01 secs] 
1243.621: [GC (Allocation Failure) [PSYoungGen: 270962K->184558K(465920K)] 851789K->766639K(1213952K), 0.0202664 secs] [Times: user=0.03 sys=0.00, real=0.02 secs] 
1243.908: [GC (Allocation Failure) [PSYoungGen: 417518K->184751K(465920K)] 999599K->767112K(1213952K), 0.0202675 secs] [Times: user=0.03 sys=0.00, real=0.02 secs] 
1246.695: [GC (Allocation Failure) [PSYoungGen: 407228K->91484K(465920K)] 989590K->674247K(1213952K), 0.0185838 secs] [Times: user=0.04 sys=0.00, real=0.02 secs] 
1248.317: [GC (Allocation Failure) [PSYoungGen: 324444K->37877K(465920K)] 907207K->620825K(1213952K), 0.0067506 secs] [Times: user=0.01 sys=0.00, real=0.00 secs] 
1248.611: [GC (Allocation Failure) [PSYoungGen: 270837K->184687K(465920K)] 853785K->769009K(1213952K), 0.0205281 secs] [Times: user=0.02 sys=0.00, real=0.02 secs] 
1248.895: [GC (Allocation Failure) [PSYoungGen: 417647K->184687K(465920K)] 1001969K->769162K(1213952K), 0.0205105 secs] [Times: user=0.03 sys=0.00, real=0.02 secs] 
1249.517: [GC (Allocation Failure) [PSYoungGen: 407248K->91484K(465920K)] 991723K->676224K(1213952K), 0.0108743 secs] [Times: user=0.02 sys=0.00, real=0.01 secs] 
1250.336: [GC (Allocation Failure) [PSYoungGen: 324444K->37909K(465920K)] 909184K->622967K(1213952K), 0.0055636 secs] [Times: user=0.01 sys=0.01, real=0.01 secs] 
1250.604: [GC (Allocation Failure) [PSYoungGen: 270869K->183916K(465920K)] 855927K->770227K(1213952K), 0.0202867 secs] [Times: user=0.03 sys=0.00, real=0.02 secs] 
1250.888: [GC (Allocation Failure) [PSYoungGen: 416876K->184494K(465920K)] 1003187K->771086K(1213952K), 0.0203583 secs] [Times: user=0.02 sys=0.00, real=0.02 secs] 
1251.555: [GC (Allocation Failure) [PSYoungGen: 409707K->92512K(465920K)] 996300K->679369K(1213952K), 0.0162266 secs] [Times: user=0.03 sys=0.00, real=0.02 secs] 
1252.560: [GC (Allocation Failure) [PSYoungGen: 325472K->38131K(465920K)] 912329K->625298K(1213952K), 0.0063594 secs] [Times: user=0.01 sys=0.00, real=0.00 secs] 
1252.838: [GC (Allocation Failure) [PSYoungGen: 271091K->184462K(465920K)] 858258K->772883K(1213952K), 0.0204223 secs] [Times: user=0.02 sys=0.00, real=0.02 secs] 
1253.126: [GC (Allocation Failure) [PSYoungGen: 417422K->184815K(465920K)] 1005843K->773517K(1213952K), 0.0204285 secs] [Times: user=0.02 sys=0.00, real=0.02 secs] 
1253.729: [GC (Allocation Failure) [PSYoungGen: 407844K->91387K(465920K)] 996546K->680354K(1213952K), 0.0106598 secs] [Times: user=0.02 sys=0.00, real=0.01 secs] 
1254.668: [GC (Allocation Failure) [PSYoungGen: 324347K->37841K(465920K)] 913314K->627132K(1213952K), 0.0055161 secs] [Times: user=0.01 sys=0.00, real=0.00 secs] 
1254.938: [GC (Allocation Failure) [PSYoungGen: 270801K->184558K(465920K)] 860092K->775110K(1213952K), 0.0204074 secs] [Times: user=0.03 sys=0.00, real=0.02 secs] 
1255.226: [GC (Allocation Failure) [PSYoungGen: 417518K->184751K(465920K)] 1008070K->775584K(1213952K), 0.0203266 secs] [Times: user=0.03 sys=0.00, real=0.03 secs] 
1256.259: [GC (Allocation Failure) [PSYoungGen: 407460K->91741K(465920K)] 998294K->682968K(1213952K), 0.0122070 secs] [Times: user=0.02 sys=0.00, real=0.01 secs] 
1258.352: [GC (Allocation Failure) [PSYoungGen: 324701K->37874K(465920K)] 915928K->629288K(1213952K), 0.0079047 secs] [Times: user=0.01 sys=0.00, real=0.01 secs] 
1258.665: [GC (Allocation Failure) [PSYoungGen: 270834K->183819K(465920K)] 862248K->776487K(1213952K), 0.0202843 secs] [Times: user=0.03 sys=0.00, real=0.02 secs] 
1258.950: [GC (Allocation Failure) [PSYoungGen: 416779K->184366K(465920K)] 1009447K->777443K(1213952K), 0.0203884 secs] [Times: user=0.03 sys=0.00, real=0.02 secs] 
1260.785: [GC (Allocation Failure) [PSYoungGen: 409476K->92672K(465920K)] 1002553K->686023K(1213952K), 0.0135602 secs] [Times: user=0.02 sys=0.00, real=0.02 secs] 
1262.900: [GC (Allocation Failure) [PSYoungGen: 325632K->37745K(465920K)] 918983K->631281K(1213952K), 0.0073664 secs] [Times: user=0.02 sys=0.00, real=0.01 secs] 
1263.284: [GC (Allocation Failure) [PSYoungGen: 270705K->184751K(465920K)] 864241K->779540K(1213952K), 0.0204560 secs] [Times: user=0.03 sys=0.00, real=0.02 secs] 
1263.631: [GC (Allocation Failure) [PSYoungGen: 417711K->184687K(465920K)] 1012500K->779885K(1213952K), 0.0204387 secs] [Times: user=0.02 sys=0.00, real=0.02 secs] 
1265.301: [GC (Allocation Failure) [PSYoungGen: 407420K->91612K(465920K)] 1002619K->687092K(1213952K), 0.0203067 secs] [Times: user=0.04 sys=0.00, real=0.02 secs] 
1267.405: [GC (Allocation Failure) [PSYoungGen: 324572K->38005K(465920K)] 920052K->633659K(1213952K), 0.0066103 secs] [Times: user=0.01 sys=0.00, real=0.01 secs] 
1267.682: [GC (Allocation Failure) [PSYoungGen: 270965K->183819K(465920K)] 866619K->780726K(1213952K), 0.0203855 secs] [Times: user=0.03 sys=0.00, real=0.02 secs] 
1267.966: [GC (Allocation Failure) [PSYoungGen: 416779K->184719K(465920K)] 1013686K->781907K(1213952K), 0.0204958 secs] [Times: user=0.03 sys=0.00, real=0.03 secs] 
1269.633: [GC (Allocation Failure) [PSYoungGen: 410130K->92287K(465920K)] 1007318K->689740K(1213952K), 0.0162005 secs] [Times: user=0.04 sys=0.00, real=0.02 secs] 
1271.001: [GC (Allocation Failure) [PSYoungGen: 325247K->37845K(465920K)] 922700K->635611K(1213952K), 0.0067465 secs] [Times: user=0.01 sys=0.00, real=0.01 secs] 
1271.291: [GC (Allocation Failure) [PSYoungGen: 270805K->184076K(465920K)] 868571K->783088K(1213952K), 0.0202008 secs] [Times: user=0.03 sys=0.00, real=0.02 secs] 
1271.576: [GC (Allocation Failure) [PSYoungGen: 417036K->184912K(465920K)] 1016048K->784205K(1213952K), 0.0202577 secs] [Times: user=0.02 sys=0.00, real=0.02 secs] 
1272.205: [GC (Allocation Failure) [PSYoungGen: 407658K->91885K(465920K)] 1006952K->691572K(1213952K), 0.0123343 secs] [Times: user=0.03 sys=0.00, real=0.02 secs] 
1273.126: [GC (Allocation Failure) [PSYoungGen: 324845K->38037K(465920K)] 924532K->637919K(1213952K), 0.0055130 secs] [Times: user=0.01 sys=0.00, real=0.01 secs] 
1273.395: [GC (Allocation Failure) [PSYoungGen: 270997K->184590K(465920K)] 870879K->785854K(1213952K), 0.0203356 secs] [Times: user=0.03 sys=0.00, real=0.02 secs] 
1273.684: [GC (Allocation Failure) [PSYoungGen: 417550K->184719K(465920K)] 1018814K->786135K(1213952K), 0.0203348 secs] [Times: user=0.03 sys=0.00, real=0.02 secs] 
1274.833: [GC (Allocation Failure) [PSYoungGen: 407324K->91516K(465920K)] 1008741K->693205K(1213952K), 0.0134664 secs] [Times: user=0.03 sys=0.00, real=0.02 secs] 
1276.064: [GC (Allocation Failure) [PSYoungGen: 324476K->37777K(465920K)] 926165K->639791K(1213952K), 0.0055013 secs] [Times: user=0.01 sys=0.00, real=0.01 secs] 
1276.392: [GC (Allocation Failure) [PSYoungGen: 270737K->183819K(465920K)] 872751K->787086K(1213952K), 0.0203133 secs] [Times: user=0.03 sys=0.00, real=0.02 secs] 
1276.675: [GC (Allocation Failure) [PSYoungGen: 416779K->184430K(465920K)] 1020046K->787978K(1213952K), 0.0204547 secs] [Times: user=0.02 sys=0.00, real=0.02 secs] 
1278.067: [GC (Allocation Failure) [PSYoungGen: 409658K->92801K(465920K)] 1013206K->696622K(1213952K), 0.0123823 secs] [Times: user=0.02 sys=0.00, real=0.01 secs] 
1278.879: [GC (Allocation Failure) [PSYoungGen: 325761K->38002K(465920K)] 929582K->642131K(1213952K), 0.0070086 secs] [Times: user=0.01 sys=0.00, real=0.01 secs] 
1279.232: [GC (Allocation Failure) [PSYoungGen: 270962K->184719K(465920K)] 875091K->790101K(1213952K), 0.0203837 secs] [Times: user=0.03 sys=0.00, real=0.02 secs] 
1279.515: [GC (Allocation Failure) [PSYoungGen: 417679K->184719K(465920K)] 1023061K->790511K(1213952K), 0.0204973 secs] [Times: user=0.02 sys=0.00, real=0.02 secs] 
1280.444: [GC (Allocation Failure) [PSYoungGen: 407151K->91355K(465920K)] 1012943K->697420K(1213952K), 0.0119601 secs] [Times: user=0.03 sys=0.01, real=0.01 secs] 
1281.262: [GC (Allocation Failure) [PSYoungGen: 324315K->38066K(465920K)] 930380K->644311K(1213952K), 0.0055506 secs] [Times: user=0.01 sys=0.00, real=0.01 secs] 
1281.529: [GC (Allocation Failure) [PSYoungGen: 271026K->183948K(465920K)] 877271K->791438K(1213952K), 0.0204821 secs] [Times: user=0.02 sys=0.00, real=0.02 secs] 
1281.814: [GC (Allocation Failure) [PSYoungGen: 416908K->184398K(465920K)] 1024398K->792297K(1213952K), 0.0204123 secs] [Times: user=0.03 sys=0.00, real=0.02 secs] 
1283.494: [GC (Allocation Failure) [PSYoungGen: 409631K->92415K(465920K)] 1017531K->700459K(1213952K), 0.0258959 secs] [Times: user=0.05 sys=0.00, real=0.03 secs] 
1285.185: [GC (Allocation Failure) [PSYoungGen: 325375K->37938K(465920K)] 933419K->646306K(1213952K), 0.0071600 secs] [Times: user=0.01 sys=0.00, real=0.01 secs] 
1285.478: [GC (Allocation Failure) [PSYoungGen: 270898K->184687K(465920K)] 879266K->794316K(1213952K), 0.0203801 secs] [Times: user=0.02 sys=0.00, real=0.02 secs] 
1285.823: [GC (Allocation Failure) [PSYoungGen: 417647K->184687K(465920K)] 1027276K->794718K(1213952K), 0.0205278 secs] [Times: user=0.02 sys=0.00, real=0.02 secs] 
1287.227: [GC (Allocation Failure) [PSYoungGen: 407128K->91531K(465920K)] 1017159K->701828K(1213952K), 0.0220826 secs] [Times: user=0.05 sys=0.00, real=0.02 secs] 
1288.893: [GC (Allocation Failure) [PSYoungGen: 324491K->37874K(465920K)] 934788K->648355K(1213952K), 0.0077047 secs] [Times: user=0.02 sys=0.00, real=0.01 secs] 
1289.250: [GC (Allocation Failure) [PSYoungGen: 270834K->184687K(465920K)] 881315K->796421K(1213952K), 0.0204163 secs] [Times: user=0.03 sys=0.00, real=0.02 secs] 
1289.594: [GC (Allocation Failure) [PSYoungGen: 417647K->184687K(465920K)] 1029381K->796703K(1213952K), 0.0203764 secs] [Times: user=0.03 sys=0.00, real=0.02 secs] 
1290.331: [GC (Allocation Failure) [PSYoungGen: 407237K->91484K(465920K)] 1019253K->703772K(1213952K), 0.0122833 secs] [Times: user=0.02 sys=0.00, real=0.01 secs] 
1291.963: [GC (Allocation Failure) [PSYoungGen: 324444K->37716K(465920K)] 936732K->650319K(1213952K), 0.0095266 secs] [Times: user=0.02 sys=0.00, real=0.01 secs] 
1292.325: [GC (Allocation Failure) [PSYoungGen: 270676K->184687K(465920K)] 883279K->798671K(1213952K), 0.0203890 secs] [Times: user=0.03 sys=0.00, real=0.02 secs] 
1292.608: [GC (Allocation Failure) [PSYoungGen: 417647K->184687K(465920K)] 1031631K->798816K(1213952K), 0.0203431 secs] [Times: user=0.02 sys=0.00, real=0.02 secs] 
1293.682: [GC (Allocation Failure) [PSYoungGen: 407249K->91612K(465920K)] 1021378K->706006K(1213952K), 0.0158496 secs] [Times: user=0.03 sys=0.00, real=0.02 secs] 
1294.962: [GC (Allocation Failure) [PSYoungGen: 324572K->37812K(465920K)] 938966K->652520K(1213952K), 0.0056953 secs] [Times: user=0.01 sys=0.00, real=0.01 secs] 
1295.288: [GC (Allocation Failure) [PSYoungGen: 270772K->184719K(465920K)] 885480K->800680K(1213952K), 0.0204114 secs] [Times: user=0.03 sys=0.00, real=0.02 secs] 
1295.572: [GC (Allocation Failure) [PSYoungGen: 417679K->184719K(465920K)] 1033640K->800961K(1213952K), 0.0203936 secs] [Times: user=0.02 sys=0.00, real=0.02 secs] 
1296.181: [GC (Allocation Failure) [PSYoungGen: 407277K->91644K(465920K)] 1023520K->708160K(1213952K), 0.0121259 secs] [Times: user=0.02 sys=0.00, real=0.01 secs] 
1296.978: [GC (Allocation Failure) [PSYoungGen: 324604K->38037K(465920K)] 941120K->654855K(1213952K), 0.0055523 secs] [Times: user=0.02 sys=0.00, real=0.00 secs] 
1297.245: [GC (Allocation Failure) [PSYoungGen: 270997K->183787K(465920K)] 887815K->801858K(1213952K), 0.0204663 secs] [Times: user=0.03 sys=0.00, real=0.02 secs] 
1297.569: [GC (Allocation Failure) [PSYoungGen: 416747K->184655K(465920K)] 1034818K->803007K(1213952K), 0.0204734 secs] [Times: user=0.03 sys=0.00, real=0.02 secs] 
1299.104: [GC (Allocation Failure) [PSYoungGen: 410071K->92255K(465920K)] 1028423K->710880K(1213952K), 0.0196584 secs] [Times: user=0.04 sys=0.00, real=0.02 secs] 
1300.100: [GC (Allocation Failure) [PSYoungGen: 325215K->37909K(465920K)] 943840K->656848K(1213952K), 0.0056308 secs] [Times: user=0.01 sys=0.00, real=0.00 secs] 
1300.425: [GC (Allocation Failure) [PSYoungGen: 270869K->184205K(465920K)] 889808K->804389K(1213952K), 0.0205459 secs] [Times: user=0.02 sys=0.00, real=0.02 secs] 
1300.710: [GC (Allocation Failure) [PSYoungGen: 417165K->184558K(465920K)] 1037349K->805024K(1213952K), 0.0206324 secs] [Times: user=0.03 sys=0.00, real=0.02 secs] 
1301.379: [GC (Allocation Failure) [PSYoungGen: 407623K->92126K(465920K)] 1028089K->712865K(1213952K), 0.0122178 secs] [Times: user=0.02 sys=0.00, real=0.01 secs] 
1302.345: [GC (Allocation Failure) [PSYoungGen: 325086K->37845K(465920K)] 945825K->658897K(1213952K), 0.0064550 secs] [Times: user=0.02 sys=0.00, real=0.01 secs] 
1302.623: [GC (Allocation Failure) [PSYoungGen: 270805K->184944K(465920K)] 891857K->807242K(1213952K), 0.0206529 secs] [Times: user=0.03 sys=0.00, real=0.02 secs] 
1302.907: [GC (Allocation Failure) [PSYoungGen: 417904K->184880K(465920K)] 1040202K->807451K(1213952K), 0.0206028 secs] [Times: user=0.02 sys=0.00, real=0.02 secs] 
1304.332: [GC (Allocation Failure) [PSYoungGen: 407702K->90969K(465920K)] 1030273K->713813K(1213952K), 0.0143307 secs] [Times: user=0.03 sys=0.00, real=0.02 secs] 
1306.401: [GC (Allocation Failure) [PSYoungGen: 323929K->37809K(465920K)] 946773K->660969K(1213952K), 0.0069271 secs] [Times: user=0.01 sys=0.00, real=0.01 secs] 
1306.762: [GC (Allocation Failure) [PSYoungGen: 270769K->184590K(465920K)] 893929K->809003K(1213952K), 0.0203582 secs] [Times: user=0.03 sys=0.00, real=0.02 secs] 
1307.102: [GC (Allocation Failure) [PSYoungGen: 417550K->184719K(465920K)] 1041963K->809413K(1213952K), 0.0202842 secs] [Times: user=0.02 sys=0.00, real=0.02 secs] 
1308.612: [GC (Allocation Failure) [PSYoungGen: 407432K->91773K(465920K)] 1032127K->716860K(1213952K), 0.0241618 secs] [Times: user=0.05 sys=0.00, real=0.02 secs] 
1310.661: [GC (Allocation Failure) [PSYoungGen: 324733K->37617K(465920K)] 949820K->662892K(1213952K), 0.0075246 secs] [Times: user=0.01 sys=0.00, real=0.01 secs] 
1310.971: [GC (Allocation Failure) [PSYoungGen: 270577K->184687K(465920K)] 895852K->811207K(1213952K), 0.0206086 secs] [Times: user=0.03 sys=0.00, real=0.02 secs] 
1311.254: [GC (Allocation Failure) [PSYoungGen: 417647K->184655K(465920K)] 1044167K->811456K(1213952K), 0.0204115 secs] [Times: user=0.02 sys=0.00, real=0.02 secs] 
1312.337: [GC (Allocation Failure) [PSYoungGen: 407472K->91741K(465920K)] 1034274K->718815K(1213952K), 0.0258405 secs] [Times: user=0.06 sys=0.00, real=0.02 secs] 
1313.725: [GC (Allocation Failure) [PSYoungGen: 324701K->37909K(465920K)] 951775K->665305K(1213952K), 0.0056031 secs] [Times: user=0.01 sys=0.00, real=0.01 secs] 
1313.995: [GC (Allocation Failure) [PSYoungGen: 270869K->184687K(465920K)] 898265K->813337K(1213952K), 0.0204548 secs] [Times: user=0.03 sys=0.00, real=0.02 secs] 
1314.284: [GC (Allocation Failure) [PSYoungGen: 417647K->184719K(465920K)] 1046297K->813650K(1213952K), 0.0204483 secs] [Times: user=0.03 sys=0.00, real=0.02 secs] 
1315.292: [GC (Allocation Failure) [PSYoungGen: 407267K->91548K(465920K)] 1036198K->720760K(1213952K), 0.0243385 secs] [Times: user=0.05 sys=0.00, real=0.03 secs] 
1317.284: [GC (Allocation Failure) [PSYoungGen: 324508K->37874K(465920K)] 953720K->667408K(1213952K), 0.0076728 secs] [Times: user=0.01 sys=0.00, real=0.01 secs] 
1317.592: [GC (Allocation Failure) [PSYoungGen: 270834K->184687K(465920K)] 900368K->815595K(1213952K), 0.0205803 secs] [Times: user=0.03 sys=0.01, real=0.02 secs] 
1317.879: [GC (Allocation Failure) [PSYoungGen: 417647K->184655K(465920K)] 1048555K->815715K(1213952K), 0.0206197 secs] [Times: user=0.02 sys=0.00, real=0.02 secs] 
1319.231: [GC (Allocation Failure) [PSYoungGen: 407209K->91484K(465920K)] 1038270K->722809K(1213952K), 0.0138689 secs] [Times: user=0.02 sys=0.00, real=0.01 secs] 
1321.070: [GC (Allocation Failure) [PSYoungGen: 324444K->37491K(465920K)] 955769K->669116K(1213952K), 0.0069599 secs] [Times: user=0.02 sys=0.00, real=0.01 secs] 
1321.434: [GC (Allocation Failure) [PSYoungGen: 270451K->183787K(465920K)] 902076K->816666K(1213952K), 0.0203006 secs] [Times: user=0.03 sys=0.00, real=0.02 secs] 
1321.775: [GC (Allocation Failure) [PSYoungGen: 416747K->184494K(465920K)] 1049626K->817782K(1213952K), 0.0204413 secs] [Times: user=0.03 sys=0.00, real=0.02 secs] 
1322.497: [GC (Allocation Failure) [PSYoungGen: 409611K->93058K(465920K)] 1042899K->726627K(1213952K), 0.0121511 secs] [Times: user=0.03 sys=0.00, real=0.01 secs] 
1323.330: [GC (Allocation Failure) [PSYoungGen: 326018K->38066K(465920K)] 959587K->671829K(1213952K), 0.0055435 secs] [Times: user=0.01 sys=0.00, real=0.00 secs] 
1323.598: [GC (Allocation Failure) [PSYoungGen: 271026K->184751K(465920K)] 904789K->819767K(1213952K), 0.0203565 secs] [Times: user=0.03 sys=0.00, real=0.02 secs] 
1323.887: [GC (Allocation Failure) [PSYoungGen: 417711K->184655K(465920K)] 1052727K->820073K(1213952K), 0.0203783 secs] [Times: user=0.03 sys=0.00, real=0.02 secs] 
1325.828: [GC (Allocation Failure) [PSYoungGen: 407130K->91339K(465920K)] 1042548K->727022K(1213952K), 0.0193480 secs] [Times: user=0.04 sys=0.00, real=0.02 secs] 
1327.577: [GC (Allocation Failure) [PSYoungGen: 324299K->37938K(465920K)] 959982K->673798K(1213952K), 0.0067832 secs] [Times: user=0.02 sys=0.00, real=0.00 secs] 
1327.857: [GC (Allocation Failure) [PSYoungGen: 270898K->184687K(465920K)] 906758K->821929K(1213952K), 0.0204981 secs] [Times: user=0.03 sys=0.00, real=0.02 secs] 
1328.145: [GC (Allocation Failure) [PSYoungGen: 417647K->184719K(465920K)] 1054889K->822122K(1213952K), 0.0204305 secs] [Times: user=0.03 sys=0.00, real=0.02 secs] 
1328.807: [GC (Allocation Failure) [PSYoungGen: 407271K->91516K(465920K)] 1044674K->729191K(1213952K), 0.0114156 secs] [Times: user=0.03 sys=0.00, real=0.01 secs] 
1329.682: [GC (Allocation Failure) [PSYoungGen: 324476K->38037K(465920K)] 962151K->676019K(1213952K), 0.0056103 secs] [Times: user=0.01 sys=0.00, real=0.01 secs] 
1329.949: [GC (Allocation Failure) [PSYoungGen: 270997K->183948K(465920K)] 908979K->823183K(1213952K), 0.0204456 secs] [Times: user=0.03 sys=0.00, real=0.02 secs] 
1330.234: [GC (Allocation Failure) [PSYoungGen: 416908K->184430K(465920K)] 1056143K->824066K(1213952K), 0.0206740 secs] [Times: user=0.03 sys=0.00, real=0.02 secs] 
1330.936: [GC (Allocation Failure) [PSYoungGen: 409657K->92367K(465920K)] 1049294K->732148K(1213952K), 0.0118016 secs] [Times: user=0.02 sys=0.00, real=0.02 secs] 
1332.011: [GC (Allocation Failure) [PSYoungGen: 325327K->38005K(465920K)] 965108K->678100K(1213952K), 0.0069671 secs] [Times: user=0.02 sys=0.00, real=0.01 secs] 
1332.293: [GC (Allocation Failure) [PSYoungGen: 270965K->184687K(465920K)] 911060K->826035K(1213952K), 0.0205283 secs] [Times: user=0.03 sys=0.00, real=0.02 secs] 
1332.577: [GC (Allocation Failure) [PSYoungGen: 417647K->184655K(465920K)] 1058995K->826284K(1213952K), 0.0204889 secs] [Times: user=0.02 sys=0.00, real=0.02 secs] 
1333.443: [GC (Allocation Failure) [PSYoungGen: 407202K->91323K(465920K)] 1048831K->733218K(1213952K), 0.0192020 secs] [Times: user=0.04 sys=0.00, real=0.02 secs] 
1334.476: [GC (Allocation Failure) [PSYoungGen: 324283K->37973K(465920K)] 966178K->680168K(1213952K), 0.0066292 secs] [Times: user=0.01 sys=0.00, real=0.01 secs] 
1334.755: [GC (Allocation Failure) [PSYoungGen: 270933K->183948K(465920K)] 913128K->827404K(1213952K), 0.0204418 secs] [Times: user=0.03 sys=0.00, real=0.02 secs] 
1335.094: [GC (Allocation Failure) [PSYoungGen: 416908K->184430K(465920K)] 1060364K->828159K(1213952K), 0.0204491 secs] [Times: user=0.03 sys=0.00, real=0.02 secs] 
1336.736: [GC (Allocation Failure) [PSYoungGen: 408140K->92383K(465920K)] 1051869K->736377K(1213952K), 0.0278317 secs] [Times: user=0.06 sys=0.00, real=0.03 secs] 
1339.424: [GC (Allocation Failure) [PSYoungGen: 325343K->37748K(465920K)] 969337K->682060K(1213952K), 0.0080163 secs] [Times: user=0.02 sys=0.00, real=0.01 secs] 
1339.741: [GC (Allocation Failure) [PSYoungGen: 270708K->184687K(465920K)] 915020K->830244K(1213952K), 0.0206353 secs] [Times: user=0.03 sys=0.00, real=0.02 secs] 
1340.080: [GC (Allocation Failure) [PSYoungGen: 417647K->184076K(465920K)] 1063204K->829915K(1213952K), 0.0204314 secs] [Times: user=0.03 sys=0.00, real=0.02 secs] 
1343.492: [GC (Allocation Failure) [PSYoungGen: 408053K->92223K(465920K)] 1053891K->738326K(1213952K), 0.0148624 secs] [Times: user=0.03 sys=0.00, real=0.02 secs] 
1345.083: [GC (Allocation Failure) [PSYoungGen: 325183K->37684K(465920K)] 971286K->684093K(1213952K), 0.0074920 secs] [Times: user=0.02 sys=0.00, real=0.01 secs] 
1345.393: [GC (Allocation Failure) [PSYoungGen: 270644K->184976K(465920K)] 917053K->832647K(1213952K), 0.0206804 secs] [Times: user=0.03 sys=0.00, real=0.02 secs] 
1345.679: [GC (Allocation Failure) [PSYoungGen: 417936K->183787K(465920K)] 1065607K->831739K(1213952K), 0.0203486 secs] [Times: user=0.03 sys=0.00, real=0.02 secs] 
1346.800: [GC (Allocation Failure) [PSYoungGen: 409190K->92319K(465920K)] 1057142K->740544K(1213952K), 0.0116766 secs] [Times: user=0.03 sys=0.00, real=0.01 secs] 
1348.372: [GC (Allocation Failure) [PSYoungGen: 325279K->37395K(465920K)] 973504K->685933K(1213952K), 0.0055635 secs] [Times: user=0.01 sys=0.00, real=0.01 secs] 
1348.639: [GC (Allocation Failure) [PSYoungGen: 270355K->183819K(465920K)] 918893K->833611K(1213952K), 0.0203864 secs] [Times: user=0.03 sys=0.01, real=0.02 secs] 
1348.985: [GC (Allocation Failure) [PSYoungGen: 416779K->184847K(465920K)] 1066571K->834921K(1213952K), 0.0205906 secs] [Times: user=0.03 sys=0.00, real=0.02 secs] 
1349.621: [GC (Allocation Failure) [PSYoungGen: 410220K->92817K(465920K)] 1060293K->743171K(1213952K), 0.0128684 secs] [Times: user=0.02 sys=0.00, real=0.01 secs] 
1351.002: [GC (Allocation Failure) [PSYoungGen: 325777K->37620K(465920K)] 976131K->688280K(1213952K), 0.0066877 secs] [Times: user=0.01 sys=0.00, real=0.01 secs] 
1351.348: [GC (Allocation Failure) [PSYoungGen: 270580K->184076K(465920K)] 921240K->835990K(1213952K), 0.0207047 secs] [Times: user=0.03 sys=0.00, real=0.02 secs] 
1351.691: [GC (Allocation Failure) [PSYoungGen: 417036K->184944K(465920K)] 1068950K->837138K(1213952K), 0.0205485 secs] [Times: user=0.02 sys=0.00, real=0.02 secs] 
1352.367: [GC (Allocation Failure) [PSYoungGen: 410281K->92158K(465920K)] 1062476K->744754K(1213952K), 0.0121980 secs] [Times: user=0.02 sys=0.00, real=0.01 secs] 
1353.209: [GC (Allocation Failure) [PSYoungGen: 325118K->38037K(465920K)] 977714K->690823K(1213952K), 0.0055841 secs] [Times: user=0.01 sys=0.00, real=0.00 secs] 
1353.479: [GC (Allocation Failure) [PSYoungGen: 270997K->184719K(465920K)] 923783K->838758K(1213952K), 0.0204271 secs] [Times: user=0.03 sys=0.00, real=0.02 secs] 
1353.763: [GC (Allocation Failure) [PSYoungGen: 417679K->184398K(465920K)] 1071718K->838718K(1213952K), 0.0204546 secs] [Times: user=0.03 sys=0.00, real=0.02 secs] 
1355.930: [GC (Allocation Failure) [PSYoungGen: 406893K->91628K(465920K)] 1061213K->746213K(1213952K), 0.0135531 secs] [Times: user=0.02 sys=0.00, real=0.01 secs] 
1357.541: [GC (Allocation Failure) [PSYoungGen: 324588K->37681K(465920K)] 979173K->692580K(1213952K), 0.0065722 secs] [Times: user=0.02 sys=0.00, real=0.01 secs] 
1357.819: [GC (Allocation Failure) [PSYoungGen: 270641K->184687K(465920K)] 925540K->840960K(1213952K), 0.0203504 secs] [Times: user=0.03 sys=0.00, real=0.02 secs] 
1358.103: [GC (Allocation Failure) [PSYoungGen: 417647K->184687K(465920K)] 1073920K->841112K(1213952K), 0.0203620 secs] [Times: user=0.03 sys=0.00, real=0.02 secs] 
1358.719: [GC (Allocation Failure) [PSYoungGen: 407489K->91773K(465920K)] 1063914K->748471K(1213952K), 0.0108242 secs] [Times: user=0.02 sys=0.00, real=0.01 secs] 
1360.120: [GC (Allocation Failure) [PSYoungGen: 324733K->37909K(465920K)] 981431K->694909K(1213952K), 0.0066676 secs] [Times: user=0.02 sys=0.00, real=0.01 secs] 
1360.399: [GC (Allocation Failure) [PSYoungGen: 270869K->183916K(465920K)] 927869K->842169K(1213952K), 0.0205311 secs] [Times: user=0.03 sys=0.00, real=0.02 secs] 
1360.737: [GC (GCLocker Initiated GC) [PSYoungGen: 416876K->183080K(465920K)] 1075129K->841744K(1213952K), 0.0203794 secs] [Times: user=0.03 sys=0.00, real=0.02 secs] 
1361.416: [GC (Allocation Failure) [PSYoungGen: 416040K->77381K(465920K)] 1091091K->752568K(1213952K), 0.0119341 secs] [Times: user=0.02 sys=0.00, real=0.02 secs] 
1362.670: [GC (Allocation Failure) [PSYoungGen: 310341K->58826K(465920K)] 985528K->734238K(1213952K), 0.0118780 secs] [Times: user=0.02 sys=0.00, real=0.01 secs] 
1362.995: [GC (Allocation Failure) [PSYoungGen: 291786K->184365K(465920K)] 967198K->861023K(1213952K), 0.0203897 secs] [Times: user=0.03 sys=0.00, real=0.02 secs] 
1363.284: [GC (Allocation Failure) [PSYoungGen: 417325K->184558K(465920K)] 1093983K->861618K(1213952K), 0.0202904 secs] [Times: user=0.03 sys=0.00, real=0.02 secs] 
1364.105: [GC (Allocation Failure) [PSYoungGen: 417518K->54616K(465920K)] 1094578K->731941K(1213952K), 0.0090713 secs] [Times: user=0.02 sys=0.00, real=0.01 secs] 
1365.005: [GC (Allocation Failure) [PSYoungGen: 287576K->81607K(465920K)] 964901K->759116K(1213952K), 0.0099976 secs] [Times: user=0.01 sys=0.00, real=0.01 secs] 
1365.278: [GC (Allocation Failure) [PSYoungGen: 314567K->184205K(465920K)] 992076K->862976K(1213952K), 0.0208247 secs] [Times: user=0.02 sys=0.00, real=0.02 secs] 
1365.570: [GC (Allocation Failure) [PSYoungGen: 417165K->184366K(465920K)] 1095936K->863539K(1213952K), 0.0206610 secs] [Times: user=0.02 sys=0.00, real=0.02 secs] 
1366.805: [GC (Allocation Failure) [PSYoungGen: 417326K->32125K(465920K)] 1096499K->711434K(1213952K), 0.0065123 secs] [Times: user=0.02 sys=0.00, real=0.01 secs] 
1367.647: [GC (Allocation Failure) [PSYoungGen: 265085K->104098K(465920K)] 944394K->783714K(1213952K), 0.0122442 secs] [Times: user=0.02 sys=0.00, real=0.01 secs] 
1367.922: [GC (Allocation Failure) [PSYoungGen: 337058K->184462K(465920K)] 1016674K->865331K(1213952K), 0.0204175 secs] [Times: user=0.03 sys=0.00, real=0.02 secs] 
1368.210: [GC (Allocation Failure) [PSYoungGen: 417422K->184622K(465920K)] 1098291K->865772K(1213952K), 0.0204448 secs] [Times: user=0.03 sys=0.00, real=0.02 secs] 
1369.131: [GC (Allocation Failure) [PSYoungGen: 417582K->9247K(465920K)] 1098732K->690662K(1213952K), 0.0037549 secs] [Times: user=0.02 sys=0.00, real=0.00 secs] 
1369.915: [GC (Allocation Failure) [PSYoungGen: 242207K->126879K(465920K)] 923622K->808612K(1213952K), 0.0145710 secs] [Times: user=0.02 sys=0.00, real=0.02 secs] 
1370.193: [GC (Allocation Failure) [PSYoungGen: 359839K->184622K(465920K)] 1041572K->867608K(1213952K), 0.0203951 secs] [Times: user=0.03 sys=0.00, real=0.02 secs] 
1370.622: [GC (Allocation Failure) [PSYoungGen: 417408K->172865K(465920K)] 1100394K->856253K(1213952K), 0.0193339 secs] [Times: user=0.03 sys=0.00, real=0.02 secs] 
1371.647: [GC (Allocation Failure) [PSYoungGen: 405825K->128K(465920K)] 1089213K->684844K(1213952K), 0.0034139 secs] [Times: user=0.01 sys=0.00, real=0.00 secs] 
1372.079: [GC (Allocation Failure) [PSYoungGen: 233088K->149371K(465920K)] 917804K->834104K(1213952K), 0.0167162 secs] [Times: user=0.02 sys=0.01, real=0.01 secs] 
1372.359: [GC (Allocation Failure) [PSYoungGen: 382331K->184719K(465920K)] 1067064K->870697K(1213952K), 0.0205722 secs] [Times: user=0.03 sys=0.00, real=0.02 secs] 
1373.542: [GC (Allocation Failure) [PSYoungGen: 417679K->156341K(465920K)] 1103657K->842713K(1213952K), 0.0436894 secs] [Times: user=0.08 sys=0.00, real=0.04 secs] 
1375.201: [GC (Allocation Failure) [PSYoungGen: 389301K->160K(465920K)] 1075673K->687847K(1213952K), 0.0039889 secs] [Times: user=0.02 sys=0.00, real=0.00 secs] 
1375.866: [GC (Allocation Failure) [PSYoungGen: 233120K->171891K(465920K)] 920807K->859611K(1213952K), 0.0190446 secs] [Times: user=0.03 sys=0.00, real=0.01 secs] 
1376.148: [GC (Allocation Failure) [PSYoungGen: 404851K->184430K(465920K)] 1092571K->873395K(1213952K), 0.0203278 secs] [Times: user=0.02 sys=0.00, real=0.02 secs] 
1377.747: [GC (Allocation Failure) [PSYoungGen: 409430K->134122K(465920K)] 1098395K->823360K(1213952K), 0.0381054 secs] [Times: user=0.07 sys=0.00, real=0.03 secs] 
1380.505: [GC (Allocation Failure) [PSYoungGen: 366991K->1312K(465920K)] 1056229K->690860K(1213952K), 0.0046720 secs] [Times: user=0.02 sys=0.00, real=0.01 secs] 
1380.907: [GC (Allocation Failure) [PSYoungGen: 234272K->184205K(465920K)] 923820K->875006K(1213952K), 0.0204996 secs] [Times: user=0.03 sys=0.00, real=0.02 secs] 
1381.190: [GC (Allocation Failure) [PSYoungGen: 417165K->184687K(465920K)] 1107966K->875769K(1213952K), 0.0205070 secs] [Times: user=0.03 sys=0.00, real=0.02 secs] 
1382.354: [GC (Allocation Failure) [PSYoungGen: 417647K->128530K(465920K)] 1108729K->820014K(1213952K), 0.0372273 secs] [Times: user=0.07 sys=0.00, real=0.04 secs] 
1384.573: [GC (Allocation Failure) [PSYoungGen: 361490K->23739K(465920K)] 1052974K->715403K(1213952K), 0.0074289 secs] [Times: user=0.02 sys=0.00, real=0.01 secs] 
1384.920: [GC (Allocation Failure) [PSYoungGen: 256699K->186357K(465920K)] 948363K->879267K(1213952K), 0.0207430 secs] [Times: user=0.03 sys=0.00, real=0.02 secs] 
1385.206: [GC (Allocation Failure) [PSYoungGen: 419317K->186132K(465920K)] 1112227K->879315K(1213952K), 0.0207345 secs] [Times: user=0.03 sys=0.00, real=0.03 secs] 
1385.977: [GC (Allocation Failure) [PSYoungGen: 419092K->102537K(465920K)] 1112275K->796112K(1213952K), 0.0130769 secs] [Times: user=0.03 sys=0.00, real=0.01 secs] 
1386.887: [GC (Allocation Failure) [PSYoungGen: 335497K->51015K(465920K)] 1029072K->744760K(1213952K), 0.0069330 secs] [Times: user=0.01 sys=0.00, real=0.00 secs] 
1387.166: [GC (Allocation Failure) [PSYoungGen: 283975K->185843K(465920K)] 977720K->880834K(1213952K), 0.0206402 secs] [Times: user=0.03 sys=0.00, real=0.03 secs] 
1387.508: [GC (Allocation Failure) [PSYoungGen: 418803K->185843K(465920K)] 1113794K->881107K(1213952K), 0.0205866 secs] [Times: user=0.02 sys=0.00, real=0.02 secs] 
1389.320: [GC (Allocation Failure) [PSYoungGen: 418803K->59677K(465920K)] 1114067K->755213K(1213952K), 0.0117737 secs] [Times: user=0.03 sys=0.00, real=0.01 secs] 
1390.898: [GC (Allocation Failure) [PSYoungGen: 292637K->75949K(465920K)] 988173K->771799K(1213952K), 0.0096445 secs] [Times: user=0.01 sys=0.00, real=0.01 secs] 
1391.173: [GC (Allocation Failure) [PSYoungGen: 308909K->186357K(465920K)] 1004759K->883574K(1213952K), 0.0207397 secs] [Times: user=0.03 sys=0.00, real=0.02 secs] 
1391.459: [GC (Allocation Failure) [PSYoungGen: 419317K->186132K(465920K)] 1116534K->883493K(1213952K), 0.0205787 secs] [Times: user=0.03 sys=0.00, real=0.02 secs] 
1393.194: [GC (Allocation Failure) [PSYoungGen: 419092K->33988K(465920K)] 1116453K->731743K(1213952K), 0.0073928 secs] [Times: user=0.02 sys=0.00, real=0.01 secs] 
1394.234: [GC (Allocation Failure) [PSYoungGen: 266870K->102328K(465920K)] 964624K->800246K(1213952K), 0.0121002 secs] [Times: user=0.02 sys=0.00, real=0.02 secs] 
1394.572: [GC (Allocation Failure) [PSYoungGen: 335288K->184847K(465920K)] 1033206K->884019K(1213952K), 0.0205040 secs] [Times: user=0.03 sys=0.00, real=0.02 secs] 
1394.854: [GC (Allocation Failure) [PSYoungGen: 417807K->184205K(465920K)] 1116979K->883657K(1213952K), 0.0203543 secs] [Times: user=0.03 sys=0.00, real=0.02 secs] 
1395.882: [GC (Allocation Failure) [PSYoungGen: 417165K->11047K(465920K)] 1116617K->710764K(1213952K), 0.0042412 secs] [Times: user=0.01 sys=0.00, real=0.01 secs] 
1396.445: [GC (Allocation Failure) [PSYoungGen: 244007K->125109K(465920K)] 943724K->825136K(1213952K), 0.0144358 secs] [Times: user=0.02 sys=0.00, real=0.02 secs] 
1396.776: [GC (Allocation Failure) [PSYoungGen: 358069K->184173K(465920K)] 1058096K->885446K(1213952K), 0.0207339 secs] [Times: user=0.03 sys=0.00, real=0.03 secs] 
1397.259: [GC (Allocation Failure) [PSYoungGen: 417133K->173994K(465920K)] 1118406K->875540K(1213952K), 0.0254813 secs] [Times: user=0.04 sys=0.00, real=0.02 secs] 
1399.212: [GC (Allocation Failure) [PSYoungGen: 406954K->96K(465920K)] 1108500K->703087K(1213952K), 0.0036616 secs] [Times: user=0.02 sys=0.00, real=0.00 secs] 
1400.063: [GC (Allocation Failure) [PSYoungGen: 233056K->146543K(465920K)] 936047K->849559K(1213952K), 0.0165658 secs] [Times: user=0.03 sys=0.00, real=0.02 secs] 
1400.343: [GC (Allocation Failure) [PSYoungGen: 379503K->184301K(465920K)] 1082519K->888571K(1213952K), 0.0205192 secs] [Times: user=0.03 sys=0.00, real=0.02 secs] 
1400.791: [GC (Allocation Failure) [PSYoungGen: 417261K->159554K(465920K)] 1121531K->864097K(1213952K), 0.0190542 secs] [Times: user=0.03 sys=0.00, real=0.02 secs] 
1402.676: [GC (Allocation Failure) [PSYoungGen: 392514K->96K(465920K)] 1097057K->706074K(1213952K), 0.0057285 secs] [Times: user=0.03 sys=0.00, real=0.01 secs] 
1403.170: [GC (Allocation Failure) [PSYoungGen: 233056K->168649K(465920K)] 939034K->874652K(1213952K), 0.0187060 secs] [Times: user=0.02 sys=0.00, real=0.02 secs] 
1403.506: [GC (Allocation Failure) [PSYoungGen: 401609K->184333K(465920K)] 1107612K->891582K(1213952K), 0.0206371 secs] [Times: user=0.03 sys=0.00, real=0.02 secs] 
1404.111: [GC (Allocation Failure) [PSYoungGen: 411706K->137448K(465920K)] 1118955K->845098K(1213952K), 0.0171766 secs] [Times: user=0.03 sys=0.00, real=0.02 secs] 
1405.998: [GC (Allocation Failure) [PSYoungGen: 370333K->1376K(465920K)] 1077983K->709203K(1213952K), 0.0035237 secs] [Times: user=0.01 sys=0.00, real=0.00 secs] 
1406.317: [GC (Allocation Failure) [PSYoungGen: 234336K->184847K(465920K)] 942163K->893936K(1213952K), 0.0205352 secs] [Times: user=0.03 sys=0.00, real=0.02 secs] 
1406.606: [GC (Allocation Failure) [PSYoungGen: 417807K->184687K(465920K)] 1126896K->894185K(1213952K), 0.0204644 secs] [Times: user=0.03 sys=0.00, real=0.02 secs] 
1407.177: [GC (Allocation Failure) [PSYoungGen: 417647K->127888K(465920K)] 1127145K->837523K(1213952K), 0.0158472 secs] [Times: user=0.03 sys=0.00, real=0.01 secs] 
1408.418: [GC (Allocation Failure) [PSYoungGen: 360848K->24767K(465920K)] 1070483K->734724K(1213952K), 0.0059452 secs] [Times: user=0.02 sys=0.00, real=0.00 secs] 
1408.781: [GC (Allocation Failure) [PSYoungGen: 257727K->186518K(465920K)] 967684K->897712K(1213952K), 0.0207473 secs] [Times: user=0.03 sys=0.00, real=0.02 secs] 
1409.066: [GC (Allocation Failure) [PSYoungGen: 419478K->186100K(465920K)] 1130672K->897576K(1213952K), 0.0207802 secs] [Times: user=0.03 sys=0.00, real=0.02 secs] 
1410.395: [GC (Allocation Failure) [PSYoungGen: 419060K->84980K(465920K)] 1130536K->796728K(1213952K), 0.0144860 secs] [Times: user=0.02 sys=0.00, real=0.02 secs] 
1411.337: [GC (Allocation Failure) [PSYoungGen: 317940K->52043K(465920K)] 1029688K->764114K(1213952K), 0.0070782 secs] [Times: user=0.02 sys=0.00, real=0.00 secs] 
1411.608: [GC (Allocation Failure) [PSYoungGen: 285003K->185843K(465920K)] 997074K->899159K(1213952K), 0.0207554 secs] [Times: user=0.03 sys=0.00, real=0.02 secs] 
1411.894: [GC (Allocation Failure) [PSYoungGen: 418803K->185875K(465920K)] 1132119K->899464K(1213952K), 0.0207500 secs] [Times: user=0.03 sys=0.00, real=0.02 secs] 
1412.661: [GC (Allocation Failure) [PSYoungGen: 418835K->58648K(465920K)] 1132424K->772502K(1213952K), 0.0093660 secs] [Times: user=0.02 sys=0.00, real=0.01 secs] 
1413.420: [GC (Allocation Failure) [PSYoungGen: 291608K->78648K(465920K)] 1005462K->792807K(1213952K), 0.0097660 secs] [Times: user=0.02 sys=0.00, real=0.01 secs] 
1413.696: [GC (Allocation Failure) [PSYoungGen: 311608K->185972K(465920K)] 1025767K->901498K(1213952K), 0.0206892 secs] [Times: user=0.03 sys=0.00, real=0.03 secs] 
1413.987: [GC (Allocation Failure) [PSYoungGen: 418932K->184558K(465920K)] 1134458K->900228K(1213952K), 0.0205256 secs] [Times: user=0.03 sys=0.00, real=0.02 secs] 
1416.001: [GC (Allocation Failure) [PSYoungGen: 417518K->33185K(465920K)] 1133188K->749128K(1213952K), 0.0105304 secs] [Times: user=0.02 sys=0.00, real=0.01 secs] 
1417.339: [GC (Allocation Failure) [PSYoungGen: 266145K->102556K(465920K)] 982088K->818805K(1213952K), 0.0121374 secs] [Times: user=0.02 sys=0.00, real=0.01 secs] 
1417.613: [GC (Allocation Failure) [PSYoungGen: 335516K->183916K(465920K)] 1051765K->901410K(1213952K), 0.0204224 secs] [Times: user=0.03 sys=0.00, real=0.02 secs] 
1417.903: [GC (Allocation Failure) [PSYoungGen: 416876K->184462K(465920K)] 1134370K->902229K(1213952K), 0.0204834 secs] [Times: user=0.03 sys=0.00, real=0.02 secs] 
1419.569: [GC (Allocation Failure) [PSYoungGen: 417422K->11464K(465920K)] 1135189K->729497K(1213952K), 0.0043119 secs] [Times: user=0.02 sys=0.00, real=0.00 secs] 
1420.102: [GC (Allocation Failure) [PSYoungGen: 244424K->124209K(465920K)] 962457K->842563K(1213952K), 0.0143681 secs] [Times: user=0.02 sys=0.00, real=0.01 secs] 
1420.379: [GC (Allocation Failure) [PSYoungGen: 357169K->184173K(465920K)] 1075523K->903765K(1213952K), 0.0204429 secs] [Times: user=0.03 sys=0.00, real=0.02 secs] 
1421.121: [GC (Allocation Failure) [PSYoungGen: 417133K->174877K(465920K)] 1136725K->894735K(1213952K), 0.0366451 secs] [Times: user=0.05 sys=0.00, real=0.04 secs] 
1423.666: [GC (Allocation Failure) [PSYoungGen: 407837K->64K(465920K)] 1127695K->721360K(1213952K), 0.0034565 secs] [Times: user=0.02 sys=0.00, real=0.01 secs] 
1424.324: [GC (Allocation Failure) [PSYoungGen: 233024K->145675K(465920K)] 954320K->866980K(1213952K), 0.0165117 secs] [Times: user=0.02 sys=0.00, real=0.02 secs] 
1424.603: [GC (Allocation Failure) [PSYoungGen: 378635K->184301K(465920K)] 1099940K->906860K(1213952K), 0.0204679 secs] [Times: user=0.03 sys=0.00, real=0.02 secs] 
1427.383: [GC (Allocation Failure) [PSYoungGen: 417261K->160454K(465920K)] 1139820K->883285K(1213952K), 0.0424305 secs] [Times: user=0.07 sys=0.00, real=0.04 secs] 
1428.390: [GC (Allocation Failure) [PSYoungGen: 393414K->96K(465920K)] 1116245K->724359K(1213952K), 0.0027061 secs] [Times: user=0.01 sys=0.00, real=0.00 secs] 
1428.755: [GC (Allocation Failure) [PSYoungGen: 233056K->169774K(465920K)] 957319K->894045K(1213952K), 0.0188637 secs] [Times: user=0.02 sys=0.00, real=0.02 secs] 
1429.045: [GC (Allocation Failure) [PSYoungGen: 402734K->186100K(465920K)] 1127005K->911617K(1213952K), 0.0206058 secs] [Times: user=0.03 sys=0.00, real=0.02 secs] 
1429.548: [GC (Allocation Failure) [PSYoungGen: 419060K->142684K(465920K)] 1144577K->868474K(1213952K), 0.0176020 secs] [Times: user=0.03 sys=0.00, real=0.01 secs] 
1430.560: [GC (Allocation Failure) [PSYoungGen: 375581K->11144K(465920K)] 1101371K->737241K(1213952K), 0.0037917 secs] [Times: user=0.01 sys=0.00, real=0.00 secs] 
1430.836: [GC (Allocation Failure) [PSYoungGen: 244104K->184558K(465920K)] 970201K->911893K(1213952K), 0.0205115 secs] [Times: user=0.03 sys=0.00, real=0.02 secs] 
1431.127: [GC (Allocation Failure) [PSYoungGen: 417518K->186357K(465920K)] 1144853K->913974K(1213952K), 0.0206971 secs] [Times: user=0.03 sys=0.00, real=0.02 secs] 
1431.777: [GC (Allocation Failure) [PSYoungGen: 419317K->116706K(465920K)] 1146934K->844595K(1213952K), 0.0140596 secs] [Times: user=0.03 sys=0.00, real=0.01 secs] 
1433.552: [GC (Allocation Failure) [PSYoungGen: 349666K->35435K(465920K)] 1077555K->763638K(1213952K), 0.0072641 secs] [Times: user=0.02 sys=0.00, real=0.01 secs] 
1433.925: [GC (Allocation Failure) [PSYoungGen: 268395K->184944K(465920K)] 996598K->914392K(1213952K), 0.0206288 secs] [Times: user=0.03 sys=0.00, real=0.02 secs] 
1434.209: [GC (Allocation Failure) [PSYoungGen: 417904K->184173K(465920K)] 1147352K->913894K(1213952K), 0.0205662 secs] [Times: user=0.03 sys=0.00, real=0.02 secs] 
1435.473: [GC (Allocation Failure) [PSYoungGen: 417133K->77750K(465920K)] 1146854K->807761K(1213952K), 0.0168334 secs] [Times: user=0.03 sys=0.00, real=0.02 secs] 
1437.121: [GC (Allocation Failure) [PSYoungGen: 310710K->58055K(465920K)] 1040721K->788357K(1213952K), 0.0092319 secs] [Times: user=0.02 sys=0.00, real=0.01 secs] 
1437.407: [GC (Allocation Failure) [PSYoungGen: 291015K->183658K(465920K)] 1021317K->915206K(1213952K), 0.0204161 secs] [Times: user=0.02 sys=0.00, real=0.02 secs] 
1437.692: [GC (Allocation Failure) [PSYoungGen: 416618K->184719K(465920K)] 1148166K->916548K(1213952K), 0.0206198 secs] [Times: user=0.03 sys=0.00, real=0.02 secs] 
1438.927: [GC (Allocation Failure) [PSYoungGen: 417679K->55933K(465920K)] 1149508K->788028K(1213952K), 0.0113445 secs] [Times: user=0.02 sys=0.00, real=0.01 secs] 
1440.212: [GC (Allocation Failure) [PSYoungGen: 288893K->80190K(465920K)] 1020988K->812600K(1213952K), 0.0099832 secs] [Times: user=0.02 sys=0.00, real=0.01 secs] 
1440.484: [GC (Allocation Failure) [PSYoungGen: 313150K->184301K(465920K)] 1045560K->917965K(1213952K), 0.0203965 secs] [Times: user=0.03 sys=0.00, real=0.02 secs] 
1440.771: [GC (Allocation Failure) [PSYoungGen: 417261K->183948K(465920K)] 1150925K->917892K(1213952K), 0.0208311 secs] [Times: user=0.03 sys=0.00, real=0.02 secs] 
1441.662: [GC (Allocation Failure) [PSYoungGen: 416908K->33924K(465920K)] 1150852K->768142K(1213952K), 0.0067680 secs] [Times: user=0.02 sys=0.00, real=0.01 secs] 
1442.442: [GC (Allocation Failure) [PSYoungGen: 266884K->102328K(465920K)] 1001102K->836860K(1213952K), 0.0121321 secs] [Times: user=0.02 sys=0.00, real=0.01 secs] 
1442.716: [GC (Allocation Failure) [PSYoungGen: 335288K->183916K(465920K)] 1069820K->919701K(1213952K), 0.0205042 secs] [Times: user=0.03 sys=0.00, real=0.02 secs] 
1443.058: [GC (Allocation Failure) [PSYoungGen: 416876K->184494K(465920K)] 1152661K->920560K(1213952K), 0.0204002 secs] [Times: user=0.03 sys=0.00, real=0.02 secs] 
1444.220: [GC (Allocation Failure) [PSYoungGen: 417454K->11657K(465920K)] 1153520K->747989K(1213952K), 0.0044628 secs] [Times: user=0.02 sys=0.00, real=0.00 secs] 
1445.230: [GC (Allocation Failure) [PSYoungGen: 244617K->124148K(465920K)] 980949K->860795K(1213952K), 0.0143940 secs] [Times: user=0.02 sys=0.00, real=0.01 secs] 
1445.567: [GC (Allocation Failure) [PSYoungGen: 357108K->184944K(465920K)] 1093755K->922837K(1213952K), 0.0210133 secs] [Times: user=0.03 sys=0.00, real=0.02 secs] 
1446.192: [GC (Allocation Failure) [PSYoungGen: 417904K->174106K(465920K)] 1155797K->912393K(1213952K), 0.0370846 secs] [Times: user=0.05 sys=0.00, real=0.04 secs] 
1448.061: [GC (Allocation Failure) [PSYoungGen: 407066K->96K(465920K)] 1145353K->739693K(1213952K), 0.0047306 secs] [Times: user=0.02 sys=0.00, real=0.00 secs] 
1449.174: [GC (Allocation Failure) [PSYoungGen: 233056K->146640K(465920K)] 972653K->886253K(1213952K), 0.0166719 secs] [Times: user=0.02 sys=0.00, real=0.02 secs] 
1449.454: [GC (Allocation Failure) [PSYoungGen: 379600K->184301K(465920K)] 1119213K->925289K(1213952K), 0.0206627 secs] [Times: user=0.03 sys=0.00, real=0.02 secs] 
1450.568: [GC (Allocation Failure) [PSYoungGen: 417261K->159457K(465920K)] 1158249K->900718K(1213952K), 0.0331079 secs] [Times: user=0.06 sys=0.00, real=0.03 secs] 
1453.264: [GC (Allocation Failure) [PSYoungGen: 392417K->96K(465920K)] 1133678K->742676K(1213952K), 0.0043992 secs] [Times: user=0.02 sys=0.00, real=0.01 secs] 
1453.776: [GC (Allocation Failure) [PSYoungGen: 233056K->168360K(465920K)] 975636K->910964K(1213952K), 0.0187207 secs] [Times: user=0.02 sys=0.00, real=0.01 secs] 
1454.064: [GC (Allocation Failure) [PSYoungGen: 401320K->184301K(465920K)] 1143924K->928279K(1213952K), 0.0204578 secs] [Times: user=0.03 sys=0.00, real=0.02 secs] 
1454.575: [GC (Allocation Failure) [PSYoungGen: 413502K->137753K(465920K)] 1157480K->881868K(1213952K), 0.0171669 secs] [Times: user=0.03 sys=0.00, real=0.02 secs] 
1455.551: [GC (Allocation Failure) [PSYoungGen: 370713K->1601K(465920K)] 1114828K->746022K(1213952K), 0.0059035 secs] [Times: user=0.03 sys=0.00, real=0.01 secs] 
1455.840: [GC (Allocation Failure) [PSYoungGen: 234561K->183916K(465920K)] 978982K->929590K(1213952K), 0.0205289 secs] [Times: user=0.03 sys=0.00, real=0.02 secs] 
1456.124: [GC (Allocation Failure) [PSYoungGen: 416876K->184430K(465920K)] 1162550K->930385K(1213952K), 0.0206061 secs] [Times: user=0.03 sys=0.00, real=0.02 secs] 
1456.667: [GC (Allocation Failure) [PSYoungGen: 417390K->128835K(465920K)] 1163345K->875056K(1213952K), 0.0159794 secs] [Times: user=0.03 sys=0.00, real=0.01 secs] 
1456.683: [Full GC (Ergonomics) [PSYoungGen: 128835K->0K(465920K)] [ParOldGen: 746220K->339651K(771072K)] 875056K->339651K(1236992K), [Metaspace: 55858K->55858K(1101824K)], 0.0599855 secs] [Times: user=0.23 sys=0.00, real=0.06 secs] 
1457.339: [GC (Allocation Failure) [PSYoungGen: 225156K->98432K(465920K)] 564808K->438083K(1236992K), 0.0078168 secs] [Times: user=0.05 sys=0.00, real=0.01 secs] 
1457.796: [GC (Allocation Failure) [PSYoungGen: 331392K->183027K(465920K)] 671043K->588239K(1236992K), 0.0184384 secs] [Times: user=0.06 sys=0.00, real=0.01 secs] 
1458.077: [GC (Allocation Failure) [PSYoungGen: 415987K->184398K(465920K)] 821199K->689167K(1236992K), 0.0248024 secs] [Times: user=0.06 sys=0.00, real=0.02 secs] 
1458.365: [GC (Allocation Failure) [PSYoungGen: 417358K->184558K(465920K)] 922127K->689737K(1236992K), 0.0202919 secs] [Times: user=0.03 sys=0.00, real=0.02 secs] 
1459.181: [GC (Allocation Failure) [PSYoungGen: 417518K->61471K(465920K)] 922697K->566786K(1236992K), 0.0091195 secs] [Times: user=0.03 sys=0.00, real=0.01 secs] 
1459.812: [GC (Allocation Failure) [PSYoungGen: 294431K->101300K(465920K)] 799746K->606923K(1236992K), 0.0118188 secs] [Times: user=0.02 sys=0.00, real=0.01 secs] 
1460.086: [GC (Allocation Failure) [PSYoungGen: 334260K->184141K(465920K)] 839883K->691017K(1236992K), 0.0202350 secs] [Times: user=0.02 sys=0.00, real=0.02 secs] 
1460.370: [GC (Allocation Failure) [PSYoungGen: 417101K->184590K(465920K)] 923977K->691740K(1236992K), 0.0201839 secs] [Times: user=0.03 sys=0.00, real=0.02 secs] 
1462.388: [GC (Allocation Failure) [PSYoungGen: 417550K->45164K(465920K)] 924700K->552707K(1236992K), 0.0055801 secs] [Times: user=0.03 sys=0.00, real=0.00 secs] 
1463.017: [GC (Allocation Failure) [PSYoungGen: 278124K->117111K(465920K)] 785667K->624841K(1236992K), 0.0133387 secs] [Times: user=0.02 sys=0.00, real=0.01 secs] 
1463.292: [GC (Allocation Failure) [PSYoungGen: 350071K->183755K(465920K)] 857801K->692739K(1236992K), 0.0203957 secs] [Times: user=0.03 sys=0.00, real=0.02 secs] 
1463.637: [GC (Allocation Failure) [PSYoungGen: 416715K->181340K(465920K)] 925699K->690725K(1236992K), 0.0202822 secs] [Times: user=0.03 sys=0.00, real=0.02 secs] 
1466.618: [GC (Allocation Failure) [PSYoungGen: 414300K->32992K(465920K)] 923685K->543647K(1236992K), 0.0043966 secs] [Times: user=0.02 sys=0.00, real=0.00 secs] 
1467.125: [GC (Allocation Failure) [PSYoungGen: 265952K->130092K(465920K)] 776607K->640819K(1236992K), 0.0147787 secs] [Times: user=0.02 sys=0.00, real=0.02 secs] 
1467.402: [GC (Allocation Failure) [PSYoungGen: 363052K->184462K(465920K)] 873779K->696563K(1236992K), 0.0203160 secs] [Times: user=0.02 sys=0.00, real=0.02 secs] 
1469.338: [GC (Allocation Failure) [PSYoungGen: 417422K->171796K(465920K)] 929523K->684042K(1236992K), 0.0452739 secs] [Times: user=0.07 sys=0.00, real=0.04 secs] 
1470.424: [GC (Allocation Failure) [PSYoungGen: 404756K->96K(465920K)] 917002K->513783K(1236992K), 0.0024109 secs] [Times: user=0.01 sys=0.00, real=0.01 secs] 
1470.921: [GC (Allocation Failure) [PSYoungGen: 233056K->146029K(465920K)] 746743K->659732K(1236992K), 0.0163105 secs] [Times: user=0.03 sys=0.00, real=0.02 secs] 
1471.255: [GC (Allocation Failure) [PSYoungGen: 378989K->184655K(465920K)] 892692K->699604K(1236992K), 0.0202384 secs] [Times: user=0.03 sys=0.00, real=0.02 secs] 
1471.679: [GC (Allocation Failure) [PSYoungGen: 417615K->159682K(465920K)] 932564K->675033K(1236992K), 0.0211902 secs] [Times: user=0.03 sys=0.00, real=0.02 secs] 
1472.658: [GC (Allocation Failure) [PSYoungGen: 392642K->64K(465920K)] 907993K->516730K(1236992K), 0.0024411 secs] [Times: user=0.01 sys=0.00, real=0.00 secs] 
1473.338: [GC (Allocation Failure) [PSYoungGen: 233024K->162191K(465920K)] 749690K->678873K(1236992K), 0.0179759 secs] [Times: user=0.02 sys=0.00, real=0.01 secs] 
1473.624: [GC (Allocation Failure) [PSYoungGen: 395151K->184012K(465920K)] 911833K->701940K(1236992K), 0.0203292 secs] [Times: user=0.02 sys=0.00, real=0.02 secs] 
1474.168: [GC (Allocation Failure) [PSYoungGen: 416972K->144163K(465920K)] 934900K->662493K(1236992K), 0.0179651 secs] [Times: user=0.03 sys=0.00, real=0.02 secs] 
1476.427: [GC (Allocation Failure) [PSYoungGen: 377123K->96K(465920K)] 895453K->519740K(1236992K), 0.0033731 secs] [Times: user=0.01 sys=0.00, real=0.00 secs] 
1476.915: [GC (Allocation Failure) [PSYoungGen: 233056K->177132K(465920K)] 752700K->696792K(1236992K), 0.0194520 secs] [Times: user=0.02 sys=0.00, real=0.02 secs] 
1477.204: [GC (Allocation Failure) [PSYoungGen: 410092K->184462K(465920K)] 929752K->705368K(1236992K), 0.0202433 secs] [Times: user=0.03 sys=0.00, real=0.02 secs] 
1478.780: [GC (Allocation Failure) [PSYoungGen: 417422K->120645K(465920K)] 938328K->641816K(1236992K), 0.0351522 secs] [Times: user=0.05 sys=0.00, real=0.03 secs] 
1480.318: [GC (Allocation Failure) [PSYoungGen: 353605K->8956K(465920K)] 874776K->530443K(1236992K), 0.0031269 secs] [Times: user=0.01 sys=0.00, real=0.00 secs] 
1480.593: [GC (Allocation Failure) [PSYoungGen: 241916K->186325K(465920K)] 763403K->709066K(1236992K), 0.0204155 secs] [Times: user=0.02 sys=0.00, real=0.02 secs] 
1480.881: [GC (Allocation Failure) [PSYoungGen: 419285K->186068K(465920K)] 942026K->709082K(1236992K), 0.0203000 secs] [Times: user=0.03 sys=0.01, real=0.02 secs] 
1482.417: [GC (Allocation Failure) [PSYoungGen: 419028K->100997K(465920K)] 942042K->624412K(1236992K), 0.0194564 secs] [Times: user=0.03 sys=0.00, real=0.02 secs] 
1483.368: [GC (Allocation Failure) [PSYoungGen: 333957K->29648K(465920K)] 857372K->553251K(1236992K), 0.0046252 secs] [Times: user=0.01 sys=0.00, real=0.00 secs] 
1483.639: [GC (Allocation Failure) [PSYoungGen: 262608K->185683K(465920K)] 786211K->710531K(1236992K), 0.0202577 secs] [Times: user=0.02 sys=0.00, real=0.02 secs] 
1483.924: [GC (Allocation Failure) [PSYoungGen: 418643K->184462K(465920K)] 943491K->709591K(1236992K), 0.0201680 secs] [Times: user=0.02 sys=0.00, real=0.02 secs] 
1484.543: [GC (Allocation Failure) [PSYoungGen: 408323K->82522K(465920K)] 933452K->607924K(1236992K), 0.0108220 secs] [Times: user=0.02 sys=0.00, real=0.01 secs] 
1485.389: [GC (Allocation Failure) [PSYoungGen: 315482K->38005K(465920K)] 840884K->563723K(1236992K), 0.0053933 secs] [Times: user=0.01 sys=0.00, real=0.00 secs] 
1485.657: [GC (Allocation Failure) [PSYoungGen: 270965K->184173K(465920K)] 796683K->711136K(1236992K), 0.0207489 secs] [Times: user=0.03 sys=0.00, real=0.02 secs] 
1485.949: [GC (Allocation Failure) [PSYoungGen: 417133K->184012K(465920K)] 944096K->711248K(1236992K), 0.0203260 secs] [Times: user=0.03 sys=0.00, real=0.02 secs] 
1486.563: [GC (Allocation Failure) [PSYoungGen: 400736K->76128K(465920K)] 927972K->603629K(1236992K), 0.0102664 secs] [Times: user=0.02 sys=0.00, real=0.01 secs] 
1487.357: [GC (Allocation Failure) [PSYoungGen: 309088K->37877K(465920K)] 836589K->565694K(1236992K), 0.0054231 secs] [Times: user=0.01 sys=0.00, real=0.00 secs] 
1487.626: [GC (Allocation Failure) [PSYoungGen: 270837K->184590K(465920K)] 798654K->713661K(1236992K), 0.0201878 secs] [Times: user=0.02 sys=0.00, real=0.02 secs] 
1487.914: [GC (Allocation Failure) [PSYoungGen: 417550K->184719K(465920K)] 946621K->714071K(1236992K), 0.0202922 secs] [Times: user=0.02 sys=0.00, real=0.02 secs] 
1489.001: [GC (Allocation Failure) [PSYoungGen: 417679K->108012K(465920K)] 947031K->637757K(1236992K), 0.0128639 secs] [Times: user=0.03 sys=0.00, real=0.01 secs] 
1489.865: [GC (Allocation Failure) [PSYoungGen: 340972K->54614K(465920K)] 870717K->584544K(1236992K), 0.0070857 secs] [Times: user=0.01 sys=0.00, real=0.01 secs] 
1490.138: [GC (Allocation Failure) [PSYoungGen: 287574K->186486K(465920K)] 817504K->717662K(1236992K), 0.0203619 secs] [Times: user=0.03 sys=0.00, real=0.02 secs] 
1490.483: [GC (Allocation Failure) [PSYoungGen: 419446K->186132K(465920K)] 950622K->717582K(1236992K), 0.0203829 secs] [Times: user=0.03 sys=0.00, real=0.02 secs] 
1493.090: [GC (Allocation Failure) [PSYoungGen: 419092K->87930K(465920K)] 950542K->619645K(1236992K), 0.0221867 secs] [Times: user=0.06 sys=0.00, real=0.02 secs] 
1495.005: [GC (Allocation Failure) [PSYoungGen: 320890K->74763K(465920K)] 852605K->606785K(1236992K), 0.0106382 secs] [Times: user=0.02 sys=0.00, real=0.01 secs] 
1495.292: [GC (Allocation Failure) [PSYoungGen: 307723K->185875K(465920K)] 839745K->719288K(1236992K), 0.0204445 secs] [Times: user=0.03 sys=0.00, real=0.02 secs] 
1495.576: [GC (Allocation Failure) [PSYoungGen: 418835K->184590K(465920K)] 952248K->718147K(1236992K), 0.0202177 secs] [Times: user=0.03 sys=0.00, real=0.02 secs] 
1496.415: [GC (Allocation Failure) [PSYoungGen: 417550K->69969K(465920K)] 951107K->603791K(1236992K), 0.0081591 secs] [Times: user=0.02 sys=0.00, real=0.01 secs] 
1497.194: [GC (Allocation Failure) [PSYoungGen: 302929K->93460K(465920K)] 836751K->627597K(1236992K), 0.0111054 secs] [Times: user=0.02 sys=0.00, real=0.01 secs] 
1497.470: [GC (Allocation Failure) [PSYoungGen: 326420K->186068K(465920K)] 860557K->721451K(1236992K), 0.0202364 secs] [Times: user=0.02 sys=0.00, real=0.02 secs] 
1497.758: [GC (Allocation Failure) [PSYoungGen: 419028K->186004K(465920K)] 954411K->721660K(1236992K), 0.0203122 secs] [Times: user=0.03 sys=0.00, real=0.02 secs] 
1498.625: [GC (Allocation Failure) [PSYoungGen: 418964K->49630K(465920K)] 954620K->585560K(1236992K), 0.0096900 secs] [Times: user=0.04 sys=0.00, real=0.01 secs] 
1499.238: [GC (Allocation Failure) [PSYoungGen: 282590K->113513K(465920K)] 818520K->649759K(1236992K), 0.0130181 secs] [Times: user=0.02 sys=0.00, real=0.01 secs] 
1499.516: [GC (Allocation Failure) [PSYoungGen: 346473K->185940K(465920K)] 882719K->723432K(1236992K), 0.0204436 secs] [Times: user=0.03 sys=0.00, real=0.02 secs] 
1499.804: [GC (Allocation Failure) [PSYoungGen: 418900K->181442K(465920K)] 956392K->719207K(1236992K), 0.0213985 secs] [Times: user=0.03 sys=0.00, real=0.02 secs] 
1500.941: [GC (Allocation Failure) [PSYoungGen: 414402K->34176K(465920K)] 952167K->572086K(1236992K), 0.0088971 secs] [Times: user=0.05 sys=0.00, real=0.01 secs] 
1501.810: [GC (Allocation Failure) [PSYoungGen: 267136K->128132K(465920K)] 805046K->666219K(1236992K), 0.0145877 secs] [Times: user=0.02 sys=0.00, real=0.01 secs] 
1502.088: [GC (Allocation Failure) [PSYoungGen: 361092K->184976K(465920K)] 899179K->724309K(1236992K), 0.0202824 secs] [Times: user=0.03 sys=0.00, real=0.02 secs] 
1502.454: [GC (Allocation Failure) [PSYoungGen: 417936K->171114K(465920K)] 957269K->710849K(1236992K), 0.0212643 secs] [Times: user=0.03 sys=0.00, real=0.02 secs] 
1503.377: [GC (Allocation Failure) [PSYoungGen: 404074K->96K(465920K)] 943809K->541149K(1236992K), 0.0022921 secs] [Times: user=0.01 sys=0.01, real=0.00 secs] 
1503.954: [GC (Allocation Failure) [PSYoungGen: 233056K->144326K(465920K)] 774109K->685396K(1236992K), 0.0160785 secs] [Times: user=0.03 sys=0.00, real=0.02 secs] 
1504.232: [GC (Allocation Failure) [PSYoungGen: 377286K->184333K(465920K)] 918356K->726648K(1236992K), 0.0202236 secs] [Times: user=0.02 sys=0.00, real=0.02 secs] 
1504.841: [GC (Allocation Failure) [PSYoungGen: 417293K->161739K(465920K)] 959608K->704464K(1236992K), 0.0193766 secs] [Times: user=0.02 sys=0.00, real=0.02 secs] 
1507.049: [GC (Allocation Failure) [PSYoungGen: 394699K->96K(465920K)] 937424K->544145K(1236992K), 0.0034479 secs] [Times: user=0.02 sys=0.00, real=0.00 secs] 
1507.795: [GC (Allocation Failure) [PSYoungGen: 233056K->161677K(465920K)] 777105K->705751K(1236992K), 0.0178467 secs] [Times: user=0.02 sys=0.00, real=0.02 secs] 
1508.082: [GC (Allocation Failure) [PSYoungGen: 394637K->184944K(465920K)] 938711K->730263K(1236992K), 0.0202715 secs] [Times: user=0.03 sys=0.00, real=0.02 secs] 
1508.799: [GC (Allocation Failure) [PSYoungGen: 417904K->143794K(465920K)] 963223K->689507K(1236992K), 0.0208539 secs] [Times: user=0.03 sys=0.00, real=0.02 secs] 
1510.748: [GC (Allocation Failure) [PSYoungGen: 376754K->96K(465920K)] 922467K->547128K(1236992K), 0.0032649 secs] [Times: user=0.01 sys=0.00, real=0.00 secs] 
1511.165: [GC (Allocation Failure) [PSYoungGen: 233056K->177421K(465920K)] 780088K->724469K(1236992K), 0.0195378 secs] [Times: user=0.03 sys=0.00, real=0.02 secs] 
1511.504: [GC (Allocation Failure) [PSYoungGen: 410381K->183690K(465920K)] 957429K->731984K(1236992K), 0.0203301 secs] [Times: user=0.03 sys=0.00, real=0.02 secs] 
1512.446: [GC (Allocation Failure) [PSYoungGen: 416650K->121175K(465920K)] 964944K->669742K(1236992K), 0.0185811 secs] [Times: user=0.02 sys=0.01, real=0.02 secs] 
1514.562: [GC (Allocation Failure) [PSYoungGen: 354135K->8860K(465920K)] 902702K->557742K(1236992K), 0.0034516 secs] [Times: user=0.01 sys=0.00, real=0.00 secs] 
1514.853: [GC (Allocation Failure) [PSYoungGen: 241820K->184783K(465920K)] 790702K->734920K(1236992K), 0.0202454 secs] [Times: user=0.02 sys=0.00, real=0.02 secs] 
1515.137: [GC (Allocation Failure) [PSYoungGen: 417743K->184173K(465920K)] 967880K->734582K(1236992K), 0.0202057 secs] [Times: user=0.02 sys=0.00, real=0.02 secs] 
1516.145: [GC (Allocation Failure) [PSYoungGen: 417133K->104611K(465920K)] 967542K->655286K(1236992K), 0.0136248 secs] [Times: user=0.02 sys=0.00, real=0.02 secs] 
1518.466: [GC (Allocation Failure) [PSYoungGen: 337571K->24507K(465920K)] 888246K->575488K(1236992K), 0.0063209 secs] [Times: user=0.02 sys=0.00, real=0.01 secs] 
1518.795: [GC (Allocation Failure) [PSYoungGen: 257467K->186389K(465920K)] 808448K->738615K(1236992K), 0.0204276 secs] [Times: user=0.03 sys=0.00, real=0.02 secs] 
1519.138: [GC (Allocation Failure) [PSYoungGen: 419349K->186164K(465920K)] 971575K->738671K(1236992K), 0.0203230 secs] [Times: user=0.03 sys=0.01, real=0.02 secs] 
1520.060: [GC (Allocation Failure) [PSYoungGen: 413928K->85413K(465920K)] 966435K->638322K(1236992K), 0.0123313 secs] [Times: user=0.02 sys=0.00, real=0.01 secs] 
1521.906: [GC (Allocation Failure) [PSYoungGen: 318373K->37488K(465920K)] 871282K->590576K(1236992K), 0.0069203 secs] [Times: user=0.01 sys=0.00, real=0.00 secs] 
1522.205: [GC (Allocation Failure) [PSYoungGen: 270448K->184526K(465920K)] 823536K->738867K(1236992K), 0.0203589 secs] [Times: user=0.03 sys=0.00, real=0.02 secs] 
1522.487: [GC (Allocation Failure) [PSYoungGen: 417486K->184076K(465920K)] 971827K->738698K(1236992K), 0.0202578 secs] [Times: user=0.03 sys=0.00, real=0.02 secs] 
1524.075: [GC (Allocation Failure) [PSYoungGen: 417036K->109056K(465920K)] 971658K->663944K(1236992K), 0.0174010 secs] [Times: user=0.04 sys=0.00, real=0.02 secs] 
1526.420: [GC (Allocation Failure) [PSYoungGen: 342016K->52657K(465920K)] 896904K->607866K(1236992K), 0.0081734 secs] [Times: user=0.02 sys=0.00, real=0.01 secs] 
1526.707: [GC (Allocation Failure) [PSYoungGen: 285617K->184141K(465920K)] 840826K->740732K(1236992K), 0.0201310 secs] [Times: user=0.03 sys=0.00, real=0.02 secs] 
1527.049: [GC (Allocation Failure) [PSYoungGen: 417101K->184494K(465920K)] 973692K->741358K(1236992K), 0.0203967 secs] [Times: user=0.02 sys=0.00, real=0.02 secs] 
1528.198: [GC (Allocation Failure) [PSYoungGen: 417454K->93874K(465920K)] 974318K->650883K(1236992K), 0.0109388 secs] [Times: user=0.03 sys=0.00, real=0.01 secs] 
1528.942: [GC (Allocation Failure) [PSYoungGen: 326834K->69009K(465920K)] 883843K->626331K(1236992K), 0.0085532 secs] [Times: user=0.01 sys=0.00, real=0.01 secs] 
1529.213: [GC (Allocation Failure) [PSYoungGen: 301969K->184269K(465920K)] 859291K->742966K(1236992K), 0.0201126 secs] [Times: user=0.03 sys=0.00, real=0.02 secs] 
1529.497: [GC (Allocation Failure) [PSYoungGen: 417229K->184526K(465920K)] 975926K->743375K(1236992K), 0.0202722 secs] [Times: user=0.03 sys=0.00, real=0.02 secs] 
1532.151: [GC (Allocation Failure) [PSYoungGen: 417486K->77279K(465920K)] 976335K->636393K(1236992K), 0.0184612 secs] [Times: user=0.05 sys=0.00, real=0.02 secs] 
1534.059: [GC (Allocation Failure) [PSYoungGen: 310239K->84916K(465920K)] 869353K->644348K(1236992K), 0.0118865 secs] [Times: user=0.02 sys=0.00, real=0.01 secs] 
1534.347: [GC (Allocation Failure) [PSYoungGen: 317876K->184333K(465920K)] 877308K->745011K(1236992K), 0.0203018 secs] [Times: user=0.03 sys=0.00, real=0.02 secs] 
1534.693: [GC (Allocation Failure) [PSYoungGen: 417293K->184462K(465920K)] 977971K->745436K(1236992K), 0.0202417 secs] [Times: user=0.02 sys=0.00, real=0.02 secs] 
1537.031: [GC (Allocation Failure) [PSYoungGen: 417422K->61487K(465920K)] 978396K->622726K(1236992K), 0.0092343 secs] [Times: user=0.03 sys=0.00, real=0.01 secs] 
1538.490: [GC (Allocation Failure) [PSYoungGen: 294447K->100468K(465920K)] 855686K->662015K(1236992K), 0.0117952 secs] [Times: user=0.02 sys=0.00, real=0.01 secs] 
1538.765: [GC (Allocation Failure) [PSYoungGen: 333428K->184173K(465920K)] 894975K->746965K(1236992K), 0.0203462 secs] [Times: user=0.03 sys=0.00, real=0.02 secs] 
1539.049: [GC (Allocation Failure) [PSYoungGen: 417133K->184558K(465920K)] 979925K->747624K(1236992K), 0.0201734 secs] [Times: user=0.02 sys=0.00, real=0.02 secs] 
1541.281: [GC (Allocation Failure) [PSYoungGen: 417518K->45903K(465920K)] 980584K->609363K(1236992K), 0.0069945 secs] [Times: user=0.03 sys=0.01, real=0.01 secs] 
1542.470: [GC (Allocation Failure) [PSYoungGen: 278863K->115537K(465920K)] 842323K->679181K(1236992K), 0.0132459 secs] [Times: user=0.02 sys=0.00, real=0.01 secs] 
1542.748: [GC (Allocation Failure) [PSYoungGen: 348497K->184141K(465920K)] 912141K->749031K(1236992K), 0.0203333 secs] [Times: user=0.03 sys=0.00, real=0.02 secs] 
1543.032: [GC (Allocation Failure) [PSYoungGen: 417101K->182529K(465920K)] 981991K->747692K(1236992K), 0.0199909 secs] [Times: user=0.02 sys=0.00, real=0.02 secs] 
1544.648: [GC (Allocation Failure) [PSYoungGen: 415489K->32960K(465920K)] 980652K->599523K(1236992K), 0.0044482 secs] [Times: user=0.02 sys=0.00, real=0.00 secs] 
1545.288: [GC (Allocation Failure) [PSYoungGen: 265920K->129674K(465920K)] 832483K->696318K(1236992K), 0.0148013 secs] [Times: user=0.02 sys=0.00, real=0.01 secs] 
1545.627: [GC (Allocation Failure) [PSYoungGen: 362634K->184558K(465920K)] 929278K->752447K(1236992K), 0.0203938 secs] [Times: user=0.03 sys=0.00, real=0.02 secs] 
1546.017: [GC (Allocation Failure) [PSYoungGen: 417518K->170005K(465920K)] 985407K->738296K(1236992K), 0.0227882 secs] [Times: user=0.03 sys=0.00, real=0.02 secs] 
1547.621: [GC (Allocation Failure) [PSYoungGen: 402965K->128K(465920K)] 971256K->569739K(1236992K), 0.0033318 secs] [Times: user=0.01 sys=0.00, real=0.00 secs] 
1548.421: [GC (Allocation Failure) [PSYoungGen: 233088K->145740K(465920K)] 802699K->715368K(1236992K), 0.0162905 secs] [Times: user=0.02 sys=0.00, real=0.02 secs] 
1548.701: [GC (Allocation Failure) [PSYoungGen: 378700K->184558K(465920K)] 948328K->755431K(1236992K), 0.0203056 secs] [Times: user=0.03 sys=0.00, real=0.02 secs] 
1549.127: [GC (Allocation Failure) [PSYoungGen: 417518K->160116K(465920K)] 988391K->731262K(1236992K), 0.0257897 secs] [Times: user=0.04 sys=0.00, real=0.02 secs] 
1550.299: [GC (Allocation Failure) [PSYoungGen: 393076K->128K(465920K)] 964222K->572716K(1236992K), 0.0026006 secs] [Times: user=0.01 sys=0.00, real=0.00 secs] 
1550.812: [GC (Allocation Failure) [PSYoungGen: 233088K->161677K(465920K)] 805676K->734281K(1236992K), 0.0179053 secs] [Times: user=0.02 sys=0.00, real=0.02 secs] 
1551.098: [GC (Allocation Failure) [PSYoungGen: 394637K->184269K(465920K)] 967241K->758119K(1236992K), 0.0210623 secs] [Times: user=0.03 sys=0.00, real=0.02 secs] 
1551.933: [GC (Allocation Failure) [PSYoungGen: 417229K->144420K(465920K)] 991079K->718543K(1236992K), 0.0210004 secs] [Times: user=0.03 sys=0.00, real=0.02 secs] 
1553.514: [GC (Allocation Failure) [PSYoungGen: 377380K->64K(465920K)] 951503K->575622K(1236992K), 0.0029439 secs] [Times: user=0.01 sys=0.00, real=0.01 secs] 
1553.895: [GC (Allocation Failure) [PSYoungGen: 233024K->177132K(465920K)] 808582K->752714K(1236992K), 0.0193952 secs] [Times: user=0.03 sys=0.00, real=0.02 secs] 
1554.235: [GC (Allocation Failure) [PSYoungGen: 410092K->184462K(465920K)] 985674K->761418K(1236992K), 0.0203129 secs] [Times: user=0.03 sys=0.00, real=0.02 secs] 
1554.944: [GC (Allocation Failure) [PSYoungGen: 417422K->120613K(465920K)] 994378K->697722K(1236992K), 0.0156004 secs] [Times: user=0.02 sys=0.00, real=0.02 secs] 
1556.440: [GC (Allocation Failure) [PSYoungGen: 353573K->9085K(465920K)] 930682K->586499K(1236992K), 0.0045848 secs] [Times: user=0.02 sys=0.00, real=0.00 secs] 
1556.825: [GC (Allocation Failure) [PSYoungGen: 242045K->184912K(465920K)] 819459K->763580K(1236992K), 0.0203157 secs] [Times: user=0.03 sys=0.00, real=0.02 secs] 
1557.164: [GC (Allocation Failure) [PSYoungGen: 417872K->184301K(465920K)] 996540K->763251K(1236992K), 0.0202772 secs] [Times: user=0.03 sys=0.00, real=0.02 secs] 
1558.397: [GC (Allocation Failure) [PSYoungGen: 417261K->104001K(465920K)] 996211K->683344K(1236992K), 0.0313133 secs] [Times: user=0.05 sys=0.00, real=0.03 secs] 
1559.755: [GC (Allocation Failure) [PSYoungGen: 336961K->25793K(465920K)] 916304K->605331K(1236992K), 0.0050593 secs] [Times: user=0.01 sys=0.01, real=0.01 secs] 
1560.102: [GC (Allocation Failure) [PSYoungGen: 258753K->184333K(465920K)] 838291K->765125K(1236992K), 0.0204101 secs] [Times: user=0.02 sys=0.00, real=0.02 secs] 
1560.445: [GC (Allocation Failure) [PSYoungGen: 417293K->184333K(465920K)] 998085K->765398K(1236992K), 0.0203924 secs] [Times: user=0.03 sys=0.00, real=0.02 secs] 
1561.422: [GC (Allocation Failure) [PSYoungGen: 415940K->87984K(465920K)] 997005K->669442K(1236992K), 0.0161516 secs] [Times: user=0.02 sys=0.00, real=0.02 secs] 
1562.237: [GC (Allocation Failure) [PSYoungGen: 320944K->38134K(465920K)] 902402K->619779K(1236992K), 0.0076648 secs] [Times: user=0.02 sys=0.00, real=0.00 secs] 
1562.635: [GC (Allocation Failure) [PSYoungGen: 271094K->184526K(465920K)] 852739K->767417K(1236992K), 0.0205536 secs] [Times: user=0.03 sys=0.00, real=0.02 secs] 
1562.957: [GC (Allocation Failure) [PSYoungGen: 417486K->184301K(465920K)] 1000377K->767465K(1236992K), 0.0204707 secs] [Times: user=0.03 sys=0.00, real=0.02 secs] 
1564.887: [GC (Allocation Failure) [PSYoungGen: 417261K->108109K(465920K)] 1000425K->691546K(1236992K), 0.0162996 secs] [Times: user=0.04 sys=0.00, real=0.01 secs] 
1567.332: [GC (Allocation Failure) [PSYoungGen: 341069K->53939K(465920K)] 924506K->637694K(1236992K), 0.0098293 secs] [Times: user=0.02 sys=0.00, real=0.01 secs] 
1567.639: [GC (Allocation Failure) [PSYoungGen: 286899K->184655K(465920K)] 870654K->769655K(1236992K), 0.0204817 secs] [Times: user=0.03 sys=0.00, real=0.02 secs] 
1567.975: [GC (Allocation Failure) [PSYoungGen: 417615K->183658K(465920K)] 1002615K->768924K(1236992K), 0.0202060 secs] [Times: user=0.02 sys=0.00, real=0.02 secs] 
1568.741: [GC (Allocation Failure) [PSYoungGen: 416618K->92830K(465920K)] 1001884K->678369K(1236992K), 0.0113843 secs] [Times: user=0.03 sys=0.00, real=0.01 secs] 
1570.163: [GC (Allocation Failure) [PSYoungGen: 325790K->69394K(465920K)] 911329K->655239K(1236992K), 0.0087232 secs] [Times: user=0.02 sys=0.00, real=0.01 secs] 
1570.434: [GC (Allocation Failure) [PSYoungGen: 302354K->184333K(465920K)] 888199K->771423K(1236992K), 0.0203281 secs] [Times: user=0.03 sys=0.00, real=0.02 secs] 
1570.716: [GC (Allocation Failure) [PSYoungGen: 417293K->183819K(465920K)] 1004383K->771190K(1236992K), 0.0202011 secs] [Times: user=0.02 sys=0.00, real=0.02 secs] 
1572.437: [GC (Allocation Failure) [PSYoungGen: 416779K->77665K(465920K)] 1004150K->665309K(1236992K), 0.0119792 secs] [Times: user=0.04 sys=0.00, real=0.01 secs] 
1573.384: [GC (Allocation Failure) [PSYoungGen: 310625K->85687K(465920K)] 898269K->673647K(1236992K), 0.0102910 secs] [Times: user=0.02 sys=0.00, real=0.01 secs] 
1573.660: [GC (Allocation Failure) [PSYoungGen: 318647K->186068K(465920K)] 906607K->775274K(1236992K), 0.0203719 secs] [Times: user=0.02 sys=0.00, real=0.02 secs] 
1573.945: [GC (Allocation Failure) [PSYoungGen: 419028K->185908K(465920K)] 1008234K->775386K(1236992K), 0.0204792 secs] [Times: user=0.03 sys=0.00, real=0.02 secs] 
1577.630: [GC (Allocation Failure) [PSYoungGen: 418868K->57342K(465920K)] 1008346K->647085K(1236992K), 0.0122876 secs] [Times: user=0.04 sys=0.00, real=0.01 secs] 
1579.009: [GC (Allocation Failure) [PSYoungGen: 290302K->105126K(465920K)] 880045K->695186K(1236992K), 0.0123300 secs] [Times: user=0.02 sys=0.00, real=0.01 secs] 
1579.284: [GC (Allocation Failure) [PSYoungGen: 338086K->184301K(465920K)] 928146K->775606K(1236992K), 0.0203790 secs] [Times: user=0.03 sys=0.00, real=0.02 secs] 
1579.570: [GC (Allocation Failure) [PSYoungGen: 417261K->186261K(465920K)] 1008566K->777975K(1236992K), 0.0205663 secs] [Times: user=0.03 sys=0.00, real=0.02 secs] 
1581.584: [GC (Allocation Failure) [PSYoungGen: 419221K->39445K(465920K)] 1010935K->631433K(1236992K), 0.0067672 secs] [Times: user=0.03 sys=0.00, real=0.01 secs] 
1582.876: [GC (Allocation Failure) [PSYoungGen: 272405K->123409K(465920K)] 864393K->715583K(1236992K), 0.0142247 secs] [Times: user=0.02 sys=0.00, real=0.01 secs] 
1583.153: [GC (Allocation Failure) [PSYoungGen: 356369K->184141K(465920K)] 948543K->777561K(1236992K), 0.0203156 secs] [Times: user=0.03 sys=0.00, real=0.02 secs] 
1583.628: [GC (Allocation Failure) [PSYoungGen: 417101K->175681K(465920K)] 1010521K->769374K(1236992K), 0.0249863 secs] [Times: user=0.04 sys=0.00, real=0.02 secs] 
1584.560: [GC (Allocation Failure) [PSYoungGen: 408641K->192K(465920K)] 1002334K->595333K(1236992K), 0.0027670 secs] [Times: user=0.01 sys=0.00, real=0.00 secs] 
1585.167: [GC (Allocation Failure) [PSYoungGen: 233152K->140374K(465920K)] 828293K->735547K(1236992K), 0.0157974 secs] [Times: user=0.03 sys=0.01, real=0.01 secs] 
1585.448: [GC (Allocation Failure) [PSYoungGen: 373334K->186261K(465920K)] 968507K->782816K(1236992K), 0.0205367 secs] [Times: user=0.03 sys=0.00, real=0.02 secs] 
1585.891: [GC (Allocation Failure) [PSYoungGen: 415255K->159683K(465920K)] 1011810K->756511K(1236992K), 0.0200447 secs] [Times: user=0.03 sys=0.00, real=0.02 secs] 
1586.792: [GC (Allocation Failure) [PSYoungGen: 392643K->64K(465920K)] 989471K->598213K(1236992K), 0.0024324 secs] [Times: user=0.01 sys=0.00, real=0.00 secs] 
1587.198: [GC (Allocation Failure) [PSYoungGen: 233024K->154608K(465920K)] 831173K->752781K(1236992K), 0.0171724 secs] [Times: user=0.02 sys=0.00, real=0.01 secs] 
1587.478: [GC (Allocation Failure) [PSYoungGen: 387568K->184430K(465920K)] 985741K->783849K(1236992K), 0.0202546 secs] [Times: user=0.02 sys=0.00, real=0.02 secs] 
1587.956: [GC (Allocation Failure) [PSYoungGen: 417390K->151360K(465920K)] 1016809K->751181K(1236992K), 0.0189250 secs] [Times: user=0.03 sys=0.00, real=0.02 secs] 
1588.876: [GC (Allocation Failure) [PSYoungGen: 384320K->96K(465920K)] 984141K->601229K(1236992K), 0.0023884 secs] [Times: user=0.01 sys=0.00, real=0.01 secs] 
1589.404: [GC (Allocation Failure) [PSYoungGen: 233056K->170673K(465920K)] 834189K->771823K(1236992K), 0.0188702 secs] [Times: user=0.03 sys=0.00, real=0.02 secs] 
1589.744: [GC (Allocation Failure) [PSYoungGen: 403633K->184141K(465920K)] 1004783K->786536K(1236992K), 0.0203704 secs] [Times: user=0.03 sys=0.00, real=0.02 secs] 
1590.494: [GC (Allocation Failure) [PSYoungGen: 417101K->127328K(465920K)] 1019496K->730125K(1236992K), 0.0292267 secs] [Times: user=0.05 sys=0.00, real=0.03 secs] 
1592.641: [GC (Allocation Failure) [PSYoungGen: 360288K->2115K(465920K)] 963085K->605083K(1236992K), 0.0042719 secs] [Times: user=0.02 sys=0.00, real=0.00 secs] 
1592.992: [GC (Allocation Failure) [PSYoungGen: 235075K->184976K(465920K)] 838043K->789198K(1236992K), 0.0204143 secs] [Times: user=0.02 sys=0.00, real=0.02 secs] 
1593.275: [GC (Allocation Failure) [PSYoungGen: 417936K->184976K(465920K)] 1022158K->789479K(1236992K), 0.0203322 secs] [Times: user=0.03 sys=0.00, real=0.02 secs] 
1593.954: [GC (Allocation Failure) [PSYoungGen: 417936K->110363K(465920K)] 1022439K->715267K(1236992K), 0.0154997 secs] [Times: user=0.02 sys=0.00, real=0.02 secs] 
1594.995: [GC (Allocation Failure) [PSYoungGen: 343323K->19369K(465920K)] 948227K->624459K(1236992K), 0.0048124 secs] [Times: user=0.01 sys=0.00, real=0.01 secs] 
1595.283: [GC (Allocation Failure) [PSYoungGen: 252329K->186357K(465920K)] 857419K->792701K(1236992K), 0.0206029 secs] [Times: user=0.03 sys=0.00, real=0.02 secs] 
1595.568: [GC (Allocation Failure) [PSYoungGen: 419317K->185940K(465920K)] 1025661K->792685K(1236992K), 0.0205875 secs] [Times: user=0.03 sys=0.00, real=0.02 secs] 
1596.356: [GC (Allocation Failure) [PSYoungGen: 418900K->90651K(465920K)] 1025645K->697540K(1236992K), 0.0142952 secs] [Times: user=0.02 sys=0.00, real=0.02 secs] 
1597.584: [GC (Allocation Failure) [PSYoungGen: 323611K->38002K(465920K)] 930500K->645197K(1236992K), 0.0089976 secs] [Times: user=0.02 sys=0.00, real=0.01 secs] 
1597.935: [GC (Allocation Failure) [PSYoungGen: 270962K->186197K(465920K)] 878157K->794638K(1236992K), 0.0204031 secs] [Times: user=0.03 sys=0.00, real=0.02 secs] 
1598.219: [GC (Allocation Failure) [PSYoungGen: 419157K->185940K(465920K)] 1027598K->794654K(1236992K), 0.0204701 secs] [Times: user=0.02 sys=0.00, real=0.02 secs] 
1599.081: [GC (Allocation Failure) [PSYoungGen: 418900K->104895K(465920K)] 1027614K->713874K(1236992K), 0.0120105 secs] [Times: user=0.03 sys=0.00, real=0.01 secs] 
1600.270: [GC (Allocation Failure) [PSYoungGen: 337855K->57637K(465920K)] 946834K->666916K(1236992K), 0.0086071 secs] [Times: user=0.01 sys=0.00, real=0.01 secs] 
1600.617: [GC (Allocation Failure) [PSYoungGen: 290597K->186229K(465920K)] 899876K->796890K(1236992K), 0.0205717 secs] [Times: user=0.02 sys=0.00, real=0.02 secs] 
1600.908: [GC (Allocation Failure) [PSYoungGen: 419189K->184815K(465920K)] 1029850K->795620K(1236992K), 0.0204451 secs] [Times: user=0.03 sys=0.00, real=0.02 secs] 
1602.276: [GC (Allocation Failure) [PSYoungGen: 417775K->86420K(465920K)] 1028580K->697619K(1236992K), 0.0172331 secs] [Times: user=0.04 sys=0.00, real=0.01 secs] 
1603.783: [GC (Allocation Failure) [PSYoungGen: 319380K->75663K(465920K)] 930579K->687050K(1236992K), 0.0093345 secs] [Times: user=0.02 sys=0.00, real=0.01 secs] 
1604.057: [GC (Allocation Failure) [PSYoungGen: 308623K->186357K(465920K)] 920010K->798999K(1236992K), 0.0206064 secs] [Times: user=0.03 sys=0.00, real=0.02 secs] 
1604.348: [GC (Allocation Failure) [PSYoungGen: 419317K->186036K(465920K)] 1031959K->798950K(1236992K), 0.0205553 secs] [Times: user=0.03 sys=0.00, real=0.02 secs] 
1605.891: [GC (Allocation Failure) [PSYoungGen: 418996K->67078K(465920K)] 1031910K->680273K(1236992K), 0.0076366 secs] [Times: user=0.02 sys=0.00, real=0.01 secs] 
1607.532: [GC (Allocation Failure) [PSYoungGen: 300038K->93945K(465920K)] 913233K->707454K(1236992K), 0.0113489 secs] [Times: user=0.02 sys=0.00, real=0.01 secs] 
1607.806: [GC (Allocation Failure) [PSYoungGen: 326905K->183916K(465920K)] 940414K->798670K(1236992K), 0.0203992 secs] [Times: user=0.02 sys=0.00, real=0.02 secs] 
1608.089: [GC (Allocation Failure) [PSYoungGen: 416876K->184430K(465920K)] 1031630K->799466K(1236992K), 0.0203093 secs] [Times: user=0.02 sys=0.00, real=0.02 secs] 
1610.082: [GC (Allocation Failure) [PSYoungGen: 417390K->52843K(465920K)] 1032426K->668152K(1236992K), 0.0106932 secs] [Times: user=0.04 sys=0.00, real=0.01 secs] 
1611.426: [GC (Allocation Failure) [PSYoungGen: 285803K->109400K(465920K)] 901112K->725030K(1236992K), 0.0129157 secs] [Times: user=0.02 sys=0.00, real=0.01 secs] 
1611.703: [GC (Allocation Failure) [PSYoungGen: 342360K->184269K(465920K)] 957990K->801274K(1236992K), 0.0204047 secs] [Times: user=0.03 sys=0.00, real=0.02 secs] 
1612.047: [GC (Allocation Failure) [PSYoungGen: 417229K->184558K(465920K)] 1034234K->801708K(1236992K), 0.0203923 secs] [Times: user=0.03 sys=0.00, real=0.02 secs] 
1613.016: [GC (Allocation Failure) [PSYoungGen: 417518K->36939K(465920K)] 1034668K->654353K(1236992K), 0.0048912 secs] [Times: user=0.03 sys=0.00, real=0.00 secs] 
1613.540: [GC (Allocation Failure) [PSYoungGen: 269899K->125562K(465920K)] 887313K->743292K(1236992K), 0.0144017 secs] [Times: user=0.02 sys=0.00, real=0.01 secs] 
1613.817: [GC (Allocation Failure) [PSYoungGen: 358522K->184333K(465920K)] 976252K->803317K(1236992K), 0.0203138 secs] [Times: user=0.03 sys=0.00, real=0.02 secs] 
1614.240: [GC (Allocation Failure) [PSYoungGen: 417293K->174391K(465920K)] 1036277K->793777K(1236992K), 0.0220703 secs] [Times: user=0.03 sys=0.00, real=0.02 secs] 
1615.698: [GC (Allocation Failure) [PSYoungGen: 407351K->96K(465920K)] 1026737K->620804K(1236992K), 0.0026511 secs] [Times: user=0.01 sys=0.00, real=0.00 secs] 
1616.275: [GC (Allocation Failure) [PSYoungGen: 233056K->141531K(465920K)] 853764K->762263K(1236992K), 0.0160852 secs] [Times: user=0.02 sys=0.00, real=0.02 secs] 
1616.557: [GC (Allocation Failure) [PSYoungGen: 374491K->184269K(465920K)] 995223K->806247K(1236992K), 0.0203451 secs] [Times: user=0.03 sys=0.00, real=0.02 secs] 
1617.139: [GC (Allocation Failure) [PSYoungGen: 414181K->160518K(465920K)] 1036159K->782762K(1236992K), 0.0190475 secs] [Times: user=0.02 sys=0.00, real=0.02 secs] 
1618.279: [GC (Allocation Failure) [PSYoungGen: 393478K->96K(465920K)] 1015722K->623784K(1236992K), 0.0026583 secs] [Times: user=0.01 sys=0.00, real=0.00 secs] 
1618.704: [GC (Allocation Failure) [PSYoungGen: 233056K->155186K(465920K)] 856744K->778891K(1236992K), 0.0174385 secs] [Times: user=0.03 sys=0.00, real=0.02 secs] 
1618.986: [GC (Allocation Failure) [PSYoungGen: 388146K->184719K(465920K)] 1011851K->809677K(1236992K), 0.0204136 secs] [Times: user=0.02 sys=0.00, real=0.02 secs] 
1620.307: [GC (Allocation Failure) [PSYoungGen: 417679K->150605K(465920K)] 1042637K->775965K(1236992K), 0.0429591 secs] [Times: user=0.07 sys=0.00, real=0.04 secs] 
1623.199: [GC (Allocation Failure) [PSYoungGen: 383565K->96K(465920K)] 1008925K->626765K(1236992K), 0.0031607 secs] [Times: user=0.01 sys=0.00, real=0.00 secs] 
1623.637: [GC (Allocation Failure) [PSYoungGen: 233056K->170930K(465920K)] 859725K->797624K(1236992K), 0.0189419 secs] [Times: user=0.03 sys=0.00, real=0.02 secs] 
1623.986: [GC (Allocation Failure) [PSYoungGen: 403890K->184398K(465920K)] 1030584K->812337K(1236992K), 0.0204719 secs] [Times: user=0.03 sys=0.00, real=0.03 secs] 
1625.078: [GC (Allocation Failure) [PSYoungGen: 417358K->126782K(465920K)] 1045297K->754994K(1236992K), 0.0363480 secs] [Times: user=0.05 sys=0.00, real=0.03 secs] 
1626.915: [GC (Allocation Failure) [PSYoungGen: 359742K->2597K(465920K)] 987954K->631123K(1236992K), 0.0035212 secs] [Times: user=0.02 sys=0.00, real=0.01 secs] 
1627.233: [GC (Allocation Failure) [PSYoungGen: 235557K->183658K(465920K)] 864083K->813438K(1236992K), 0.0202021 secs] [Times: user=0.03 sys=0.00, real=0.02 secs] 
1627.574: [GC (Allocation Failure) [PSYoungGen: 416618K->184430K(465920K)] 1046398K->814490K(1236992K), 0.0203591 secs] [Times: user=0.03 sys=0.00, real=0.02 secs] 
1628.246: [GC (Allocation Failure) [PSYoungGen: 417390K->111648K(465920K)] 1047450K->741982K(1236992K), 0.0160403 secs] [Times: user=0.03 sys=0.00, real=0.01 secs] 
1629.897: [GC (Allocation Failure) [PSYoungGen: 344608K->17795K(465920K)] 974942K->648450K(1236992K), 0.0047245 secs] [Times: user=0.01 sys=0.00, real=0.00 secs] 
1630.191: [GC (Allocation Failure) [PSYoungGen: 250755K->186357K(465920K)] 881410K->818258K(1236992K), 0.0205181 secs] [Times: user=0.03 sys=0.00, real=0.02 secs] 
1630.476: [GC (Allocation Failure) [PSYoungGen: 419317K->185972K(465920K)] 1051218K->818282K(1236992K), 0.0207046 secs] [Times: user=0.03 sys=0.00, real=0.02 secs] 
1631.332: [GC (Allocation Failure) [PSYoungGen: 418932K->92225K(465920K)] 1051242K->724672K(1236992K), 0.0144022 secs] [Times: user=0.03 sys=0.00, real=0.02 secs] 
1632.955: [GC (Allocation Failure) [PSYoungGen: 325185K->37103K(465920K)] 957632K->669857K(1236992K), 0.0065851 secs] [Times: user=0.02 sys=0.00, real=0.01 secs] 
1633.248: [GC (Allocation Failure) [PSYoungGen: 270063K->184141K(465920K)] 902817K->818141K(1236992K), 0.0202851 secs] [Times: user=0.03 sys=0.00, real=0.02 secs] 
1633.531: [GC (Allocation Failure) [PSYoungGen: 417101K->184173K(465920K)] 1051101K->818583K(1236992K), 0.0204427 secs] [Times: user=0.03 sys=0.00, real=0.02 secs] 
1634.673: [GC (Allocation Failure) [PSYoungGen: 401304K->76899K(465920K)] 1035714K->711453K(1236992K), 0.0121432 secs] [Times: user=0.02 sys=0.00, real=0.01 secs] 
1636.180: [GC (Allocation Failure) [PSYoungGen: 309859K->37491K(465920K)] 944413K->672369K(1236992K), 0.0057562 secs] [Times: user=0.02 sys=0.00, real=0.00 secs] 
1636.507: [GC (Allocation Failure) [PSYoungGen: 270451K->183755K(465920K)] 905329K->819879K(1236992K), 0.0203827 secs] [Times: user=0.02 sys=0.00, real=0.02 secs] 
1636.790: [GC (Allocation Failure) [PSYoungGen: 416715K->184751K(465920K)] 1052839K->821148K(1236992K), 0.0205276 secs] [Times: user=0.03 sys=0.00, real=0.02 secs] 
1637.623: [GC (Allocation Failure) [PSYoungGen: 417711K->109169K(465920K)] 1054108K->745831K(1236992K), 0.0136740 secs] [Times: user=0.03 sys=0.00, real=0.02 secs] 
1639.125: [GC (Allocation Failure) [PSYoungGen: 342129K->53203K(465920K)] 978791K->690173K(1236992K), 0.0083488 secs] [Times: user=0.01 sys=0.00, real=0.01 secs] 
1639.483: [GC (Allocation Failure) [PSYoungGen: 286163K->184141K(465920K)] 923133K->822492K(1236992K), 0.0203066 secs] [Times: user=0.03 sys=0.00, real=0.02 secs] 
1639.766: [GC (Allocation Failure) [PSYoungGen: 417101K->184558K(465920K)] 1055452K->823062K(1236992K), 0.0205683 secs] [Times: user=0.03 sys=0.01, real=0.02 secs] 
1640.996: [GC (Allocation Failure) [PSYoungGen: 417518K->93200K(465920K)] 1056022K->731977K(1236992K), 0.0137529 secs] [Times: user=0.03 sys=0.00, real=0.01 secs] 
1642.322: [GC (Allocation Failure) [PSYoungGen: 326160K->69236K(465920K)] 964937K->708329K(1236992K), 0.0088127 secs] [Times: user=0.02 sys=0.00, real=0.01 secs] 
1642.594: [GC (Allocation Failure) [PSYoungGen: 302196K->184558K(465920K)] 941289K->824905K(1236992K), 0.0203402 secs] [Times: user=0.03 sys=0.00, real=0.02 secs] 
1642.877: [GC (Allocation Failure) [PSYoungGen: 417518K->184205K(465920K)] 1057865K->824832K(1236992K), 0.0203626 secs] [Times: user=0.03 sys=0.00, real=0.02 secs] 
1645.421: [GC (Allocation Failure) [PSYoungGen: 417165K->77166K(465920K)] 1057792K->718059K(1236992K), 0.0152535 secs] [Times: user=0.05 sys=0.00, real=0.01 secs] 
1646.575: [GC (Allocation Failure) [PSYoungGen: 310126K->85045K(465920K)] 951019K->726261K(1236992K), 0.0105569 secs] [Times: user=0.02 sys=0.00, real=0.01 secs] 
1646.906: [GC (Allocation Failure) [PSYoungGen: 318005K->184044K(465920K)] 959221K->826506K(1236992K), 0.0204101 secs] [Times: user=0.03 sys=0.00, real=0.03 secs] 
1647.249: [GC (Allocation Failure) [PSYoungGen: 417004K->184076K(465920K)] 1059466K->826811K(1236992K), 0.0205067 secs] [Times: user=0.03 sys=0.00, real=0.02 secs] 
1648.163: [GC (Allocation Failure) [PSYoungGen: 417036K->62001K(465920K)] 1059771K->705001K(1236992K), 0.0074143 secs] [Times: user=0.02 sys=0.00, real=0.01 secs] 
1648.905: [GC (Allocation Failure) [PSYoungGen: 294961K->100529K(465920K)] 937961K->743845K(1236992K), 0.0120479 secs] [Times: user=0.02 sys=0.00, real=0.02 secs] 
1649.180: [GC (Allocation Failure) [PSYoungGen: 333489K->184976K(465920K)] 976805K->829545K(1236992K), 0.0204222 secs] [Times: user=0.03 sys=0.00, real=0.02 secs] 
1649.523: [GC (Allocation Failure) [PSYoungGen: 417936K->184301K(465920K)] 1062505K->829152K(1236992K), 0.0205935 secs] [Times: user=0.02 sys=0.00, real=0.02 secs] 
1654.811: [GC (Allocation Failure) [PSYoungGen: 417261K->45421K(465920K)] 1062112K->690665K(1236992K), 0.0130993 secs] [Times: user=0.06 sys=0.00, real=0.01 secs] 
1656.429: [GC (Allocation Failure) [PSYoungGen: 278381K->117850K(465920K)] 923625K->763288K(1236992K), 0.0137489 secs] [Times: user=0.02 sys=0.00, real=0.01 secs] 
1656.710: [GC (Allocation Failure) [PSYoungGen: 350810K->186197K(465920K)] 996248K->832880K(1236992K), 0.0207619 secs] [Times: user=0.03 sys=0.00, real=0.02 secs] 
1657.024: [GC (Allocation Failure) [PSYoungGen: 419157K->179119K(465920K)] 1065840K->826075K(1236992K), 0.0199068 secs] [Times: user=0.03 sys=0.01, real=0.02 secs] 
1658.457: [GC (Allocation Failure) [PSYoungGen: 412079K->96K(465920K)] 1059035K->648485K(1236992K), 0.0022993 secs] [Times: user=0.01 sys=0.00, real=0.00 secs] 
1659.195: [GC (Allocation Failure) [PSYoungGen: 233056K->137386K(465920K)] 881445K->785783K(1236992K), 0.0155112 secs] [Times: user=0.02 sys=0.00, real=0.02 secs] 
1659.526: [GC (Allocation Failure) [PSYoungGen: 370346K->184430K(465920K)] 1018743K->834073K(1236992K), 0.0205526 secs] [Times: user=0.02 sys=0.00, real=0.03 secs] 
1659.917: [GC (Allocation Failure) [PSYoungGen: 417390K->164471K(465920K)] 1067033K->814387K(1236992K), 0.0216699 secs] [Times: user=0.03 sys=0.00, real=0.02 secs] 
1661.237: [GC (Allocation Failure) [PSYoungGen: 397431K->96K(465920K)] 1047347K->651451K(1236992K), 0.0027683 secs] [Times: user=0.01 sys=0.00, real=0.00 secs] 
1661.855: [GC (Allocation Failure) [PSYoungGen: 233056K->154254K(465920K)] 884411K->805618K(1236992K), 0.0172512 secs] [Times: user=0.02 sys=0.00, real=0.02 secs] 
1662.135: [GC (Allocation Failure) [PSYoungGen: 387214K->184462K(465920K)] 1038578K->837079K(1236992K), 0.0203016 secs] [Times: user=0.03 sys=0.00, real=0.02 secs] 
1662.629: [GC (Allocation Failure) [PSYoungGen: 417422K->151730K(465920K)] 1070039K->804749K(1236992K), 0.0185894 secs] [Times: user=0.03 sys=0.00, real=0.02 secs] 
1663.604: [GC (Allocation Failure) [PSYoungGen: 384690K->96K(465920K)] 1037709K->654434K(1236992K), 0.0024742 secs] [Times: user=0.01 sys=0.00, real=0.01 secs] 
1663.963: [GC (Allocation Failure) [PSYoungGen: 233056K->170320K(465920K)] 887394K->824674K(1236992K), 0.0189750 secs] [Times: user=0.02 sys=0.00, real=0.02 secs] 
1664.245: [GC (Allocation Failure) [PSYoungGen: 403280K->184237K(465920K)] 1057634K->839845K(1236992K), 0.0205731 secs] [Times: user=0.03 sys=0.00, real=0.02 secs] 
1666.633: [GC (Allocation Failure) [PSYoungGen: 417197K->127714K(465920K)] 1072805K->783603K(1236992K), 0.0344559 secs] [Times: user=0.06 sys=0.00, real=0.04 secs] 
1667.779: [GC (Allocation Failure) [PSYoungGen: 360674K->1730K(465920K)] 1016563K->657934K(1236992K), 0.0024359 secs] [Times: user=0.02 sys=0.00, real=0.00 secs] 
1668.138: [GC (Allocation Failure) [PSYoungGen: 234690K->186389K(465920K)] 890894K->843968K(1236992K), 0.0207491 secs] [Times: user=0.03 sys=0.00, real=0.02 secs] 
1668.487: [GC (Allocation Failure) [PSYoungGen: 419349K->186132K(465920K)] 1076928K->843856K(1236992K), 0.0204445 secs] [Times: user=0.03 sys=0.00, real=0.02 secs] 
1669.539: [GC (Allocation Failure) [PSYoungGen: 419092K->108146K(465920K)] 1076816K->766263K(1236992K), 0.0239807 secs] [Times: user=0.04 sys=0.00, real=0.02 secs] 
1671.164: [GC (Allocation Failure) [PSYoungGen: 341106K->22451K(465920K)] 999223K->680755K(1236992K), 0.0052923 secs] [Times: user=0.01 sys=0.00, real=0.01 secs] 
1671.459: [GC (Allocation Failure) [PSYoungGen: 255411K->185747K(465920K)] 913715K->845305K(1236992K), 0.0205846 secs] [Times: user=0.03 sys=0.00, real=0.02 secs] 
1671.748: [GC (Allocation Failure) [PSYoungGen: 418707K->184398K(465920K)] 1078265K->844236K(1236992K), 0.0205328 secs] [Times: user=0.03 sys=0.00, real=0.02 secs] 
1672.447: [GC (Allocation Failure) [PSYoungGen: 417358K->89783K(465920K)] 1077196K->750024K(1236992K), 0.0119323 secs] [Times: user=0.02 sys=0.00, real=0.01 secs] 
1673.995: [GC (Allocation Failure) [PSYoungGen: 322743K->37748K(465920K)] 982984K->698176K(1236992K), 0.0062733 secs] [Times: user=0.02 sys=0.00, real=0.01 secs] 
1674.351: [GC (Allocation Failure) [PSYoungGen: 270708K->184622K(465920K)] 931136K->846295K(1236992K), 0.0204107 secs] [Times: user=0.03 sys=0.00, real=0.02 secs] 
1674.635: [GC (Allocation Failure) [PSYoungGen: 417582K->183819K(465920K)] 1079255K->845789K(1236992K), 0.0203644 secs] [Times: user=0.03 sys=0.00, real=0.02 secs] 
1675.701: [GC (Allocation Failure) [PSYoungGen: 401020K->76224K(465920K)] 1062990K->738460K(1236992K), 0.0194347 secs] [Times: user=0.04 sys=0.00, real=0.02 secs] 
1677.233: [GC (Allocation Failure) [PSYoungGen: 309184K->37745K(465920K)] 971420K->700288K(1236992K), 0.0072099 secs] [Times: user=0.02 sys=0.00, real=0.01 secs] 
1677.528: [GC (Allocation Failure) [PSYoungGen: 270705K->183916K(465920K)] 933248K->847712K(1236992K), 0.0203934 secs] [Times: user=0.03 sys=0.00, real=0.02 secs] 
1677.813: [GC (Allocation Failure) [PSYoungGen: 416876K->184590K(465920K)] 1080672K->848660K(1236992K), 0.0203795 secs] [Times: user=0.03 sys=0.00, real=0.02 secs] 
1678.625: [GC (Allocation Failure) [PSYoungGen: 401548K->76096K(465920K)] 1065618K->740438K(1236992K), 0.0108365 secs] [Times: user=0.02 sys=0.00, real=0.01 secs] 
1680.727: [GC (Allocation Failure) [PSYoungGen: 309056K->37392K(465920K)] 973398K->702050K(1236992K), 0.0069493 secs] [Times: user=0.01 sys=0.00, real=0.00 secs] 
1681.018: [GC (Allocation Failure) [PSYoungGen: 270352K->184687K(465920K)] 935010K->850591K(1236992K), 0.0204661 secs] [Times: user=0.03 sys=0.00, real=0.02 secs] 
1681.306: [GC (Allocation Failure) [PSYoungGen: 417647K->184719K(465920K)] 1083551K->850896K(1236992K), 0.0204308 secs] [Times: user=0.03 sys=0.00, real=0.02 secs] 
1682.972: [GC (Allocation Failure) [PSYoungGen: 401640K->75614K(465920K)] 1067817K->742056K(1236992K), 0.0154846 secs] [Times: user=0.03 sys=0.00, real=0.02 secs] 
1684.742: [GC (Allocation Failure) [PSYoungGen: 308574K->37780K(465920K)] 975016K->704528K(1236992K), 0.0071528 secs] [Times: user=0.02 sys=0.00, real=0.01 secs] 
1685.042: [GC (Allocation Failure) [PSYoungGen: 270740K->184815K(465920K)] 937488K->852817K(1236992K), 0.0205057 secs] [Times: user=0.03 sys=0.00, real=0.02 secs] 
1685.387: [GC (Allocation Failure) [PSYoungGen: 417775K->184687K(465920K)] 1085777K->852969K(1236992K), 0.0204188 secs] [Times: user=0.03 sys=0.00, real=0.02 secs] 
1687.408: [GC (Allocation Failure) [PSYoungGen: 417647K->107932K(465920K)] 1085929K->776479K(1236992K), 0.0208608 secs] [Times: user=0.05 sys=0.00, real=0.02 secs] 
1688.904: [GC (Allocation Failure) [PSYoungGen: 340892K->54485K(465920K)] 1009439K->723349K(1236992K), 0.0090140 secs] [Times: user=0.02 sys=0.00, real=0.01 secs] 
1689.197: [GC (Allocation Failure) [PSYoungGen: 287445K->184301K(465920K)] 956309K->854410K(1236992K), 0.0203635 secs] [Times: user=0.03 sys=0.00, real=0.02 secs] 
1689.486: [GC (Allocation Failure) [PSYoungGen: 417261K->184558K(465920K)] 1087370K->854948K(1236992K), 0.0203567 secs] [Times: user=0.03 sys=0.00, real=0.02 secs] 
1690.200: [GC (Allocation Failure) [PSYoungGen: 417518K->91786K(465920K)] 1087908K->762449K(1236992K), 0.0101802 secs] [Times: user=0.02 sys=0.00, real=0.01 secs] 
1690.933: [GC (Allocation Failure) [PSYoungGen: 324746K->70936K(465920K)] 995409K->741913K(1236992K), 0.0090325 secs] [Times: user=0.02 sys=0.00, real=0.01 secs] 
1691.204: [GC (Allocation Failure) [PSYoungGen: 303896K->184076K(465920K)] 974873K->856306K(1236992K), 0.0203691 secs] [Times: user=0.02 sys=0.00, real=0.02 secs] 
1691.546: [GC (Allocation Failure) [PSYoungGen: 417036K->184044K(465920K)] 1089266K->856555K(1236992K), 0.0206327 secs] [Times: user=0.03 sys=0.00, real=0.03 secs] 
1694.203: [GC (Allocation Failure) [PSYoungGen: 417004K->76138K(465920K)] 1089515K->749043K(1236992K), 0.0157303 secs] [Times: user=0.05 sys=0.00, real=0.02 secs] 
1695.908: [GC (Allocation Failure) [PSYoungGen: 309098K->85944K(465920K)] 982003K->759028K(1236992K), 0.0106375 secs] [Times: user=0.02 sys=0.00, real=0.01 secs] 
1696.182: [GC (Allocation Failure) [PSYoungGen: 318904K->183916K(465920K)] 991988K->858245K(1236992K), 0.0204795 secs] [Times: user=0.02 sys=0.00, real=0.02 secs] 
1696.467: [GC (Allocation Failure) [PSYoungGen: 416876K->184462K(465920K)] 1091205K->859072K(1236992K), 0.0207925 secs] [Times: user=0.03 sys=0.00, real=0.02 secs] 
1697.301: [GC (Allocation Failure) [PSYoungGen: 417422K->60812K(465920K)] 1092032K->735696K(1236992K), 0.0126507 secs] [Times: user=0.05 sys=0.00, real=0.01 secs] 
1698.000: [GC (Allocation Failure) [PSYoungGen: 293772K->101943K(465920K)] 968656K->777140K(1236992K), 0.0120912 secs] [Times: user=0.02 sys=0.00, real=0.01 secs] 
1698.274: [GC (Allocation Failure) [PSYoungGen: 334903K->184173K(465920K)] 1010100K->860616K(1236992K), 0.0204314 secs] [Times: user=0.03 sys=0.00, real=0.02 secs] 
1698.560: [GC (Allocation Failure) [PSYoungGen: 417133K->184526K(465920K)] 1093576K->861250K(1236992K), 0.0205634 secs] [Times: user=0.02 sys=0.00, real=0.02 secs] 
1699.443: [GC (Allocation Failure) [PSYoungGen: 417486K->44489K(465920K)] 1094210K->721607K(1236992K), 0.0053580 secs] [Times: user=0.02 sys=0.00, real=0.01 secs] 
1699.997: [GC (Allocation Failure) [PSYoungGen: 277449K->117979K(465920K)] 954567K->795274K(1236992K), 0.0136834 secs] [Times: user=0.02 sys=0.00, real=0.01 secs] 
1700.273: [GC (Allocation Failure) [PSYoungGen: 350939K->183819K(465920K)] 1028234K->862360K(1236992K), 0.0203796 secs] [Times: user=0.03 sys=0.00, real=0.02 secs] 
1700.662: [GC (Allocation Failure) [PSYoungGen: 416779K->180952K(465920K)] 1095320K->859894K(1236992K), 0.0223822 secs] [Times: user=0.04 sys=0.00, real=0.02 secs] 
1701.552: [GC (Allocation Failure) [PSYoungGen: 413912K->32896K(465920K)] 1092854K->713155K(1236992K), 0.0040336 secs] [Times: user=0.02 sys=0.00, real=0.01 secs] 
1702.051: [GC (Allocation Failure) [PSYoungGen: 265856K->133402K(465920K)] 946115K->813677K(1236992K), 0.0153186 secs] [Times: user=0.02 sys=0.00, real=0.02 secs] 
1702.329: [GC (Allocation Failure) [PSYoungGen: 366362K->184205K(465920K)] 1046637K->865854K(1236992K), 0.0206475 secs] [Times: user=0.03 sys=0.00, real=0.02 secs] 
1703.249: [GC (Allocation Failure) [PSYoungGen: 417165K->166680K(465920K)] 1098814K->848474K(1236992K), 0.0275598 secs] [Times: user=0.03 sys=0.00, real=0.03 secs] 
1705.900: [GC (Allocation Failure) [PSYoungGen: 399640K->160K(465920K)] 1081434K->683403K(1236992K), 0.0050093 secs] [Times: user=0.02 sys=0.00, real=0.00 secs] 
1706.758: [GC (Allocation Failure) [PSYoungGen: 233120K->148631K(465920K)] 916363K->831899K(1236992K), 0.0167404 secs] [Times: user=0.03 sys=0.00, real=0.01 secs] 
1707.038: [GC (Allocation Failure) [PSYoungGen: 381591K->184590K(465920K)] 1064859K->869103K(1236992K), 0.0205373 secs] [Times: user=0.03 sys=0.00, real=0.02 secs] 
1707.469: [GC (Allocation Failure) [PSYoungGen: 417550K->157272K(465920K)] 1102063K->842067K(1236992K), 0.0191634 secs] [Times: user=0.03 sys=0.00, real=0.02 secs] 
1708.474: [GC (Allocation Failure) [PSYoungGen: 390232K->128K(465920K)] 1075027K->686355K(1236992K), 0.0027503 secs] [Times: user=0.01 sys=0.00, real=0.01 secs] 
1708.859: [GC (Allocation Failure) [PSYoungGen: 233088K->164761K(465920K)] 919315K->851013K(1236992K), 0.0184726 secs] [Times: user=0.02 sys=0.00, real=0.02 secs] 
1709.203: [GC (Allocation Failure) [PSYoungGen: 397721K->184333K(465920K)] 1083973K->871831K(1236992K), 0.0204424 secs] [Times: user=0.03 sys=0.00, real=0.02 secs] 
1710.806: [GC (Allocation Failure) [PSYoungGen: 417293K->133080K(465920K)] 1104791K->820850K(1236992K), 0.0283717 secs] [Times: user=0.04 sys=0.00, real=0.02 secs] 
1713.198: [GC (Allocation Failure) [PSYoungGen: 366040K->64K(465920K)] 1053810K->689276K(1236992K), 0.0048951 secs] [Times: user=0.02 sys=0.00, real=0.00 secs] 
1713.592: [GC (Allocation Failure) [PSYoungGen: 233024K->182401K(465920K)] 922236K->871629K(1236992K), 0.0202165 secs] [Times: user=0.03 sys=0.00, real=0.02 secs] 
1713.877: [GC (Allocation Failure) [PSYoungGen: 415361K->186100K(465920K)] 1104589K->876582K(1236992K), 0.0207102 secs] [Times: user=0.03 sys=0.00, real=0.02 secs] 
1714.917: [GC (Allocation Failure) [PSYoungGen: 419060K->113689K(465920K)] 1109542K->804444K(1236992K), 0.0160785 secs] [Times: user=0.03 sys=0.00, real=0.01 secs] 
1717.274: [GC (Allocation Failure) [PSYoungGen: 346649K->16156K(465920K)] 1037404K->707227K(1236992K), 0.0049366 secs] [Times: user=0.02 sys=0.00, real=0.01 secs] 
1717.569: [GC (Allocation Failure) [PSYoungGen: 249116K->185747K(465920K)] 940187K->878071K(1236992K), 0.0205977 secs] [Times: user=0.02 sys=0.00, real=0.02 secs] 
1717.853: [GC (Allocation Failure) [PSYoungGen: 418707K->184430K(465920K)] 1111031K->877035K(1236992K), 0.0204462 secs] [Times: user=0.03 sys=0.00, real=0.02 secs] 
1718.478: [GC (Allocation Failure) [PSYoungGen: 417390K->96113K(465920K)] 1109995K->789120K(1236992K), 0.0126254 secs] [Times: user=0.03 sys=0.00, real=0.01 secs] 
1719.281: [GC (Allocation Failure) [PSYoungGen: 328977K->34664K(465920K)] 1021984K->727868K(1236992K), 0.0053898 secs] [Times: user=0.01 sys=0.00, real=0.01 secs] 
1719.550: [GC (Allocation Failure) [PSYoungGen: 267624K->184719K(465920K)] 960828K->879176K(1236992K), 0.0205204 secs] [Times: user=0.03 sys=0.00, real=0.02 secs] 
1719.835: [GC (Allocation Failure) [PSYoungGen: 417679K->184622K(465920K)] 1112136K->879353K(1236992K), 0.0205350 secs] [Times: user=0.03 sys=0.00, real=0.02 secs] 
1720.477: [GC (Allocation Failure) [PSYoungGen: 403051K->78489K(465920K)] 1097782K->773613K(1236992K), 0.0108604 secs] [Times: user=0.02 sys=0.00, real=0.01 secs] 
1721.271: [GC (Allocation Failure) [PSYoungGen: 311449K->38005K(465920K)] 1006573K->733317K(1236992K), 0.0057770 secs] [Times: user=0.01 sys=0.00, real=0.01 secs] 
1721.542: [GC (Allocation Failure) [PSYoungGen: 270965K->184687K(465920K)] 966277K->881244K(1236992K), 0.0207532 secs] [Times: user=0.03 sys=0.00, real=0.02 secs] 
1721.832: [GC (Allocation Failure) [PSYoungGen: 417647K->186518K(465920K)] 1114204K->883356K(1236992K), 0.0209126 secs] [Times: user=0.03 sys=0.00, real=0.02 secs] 
1723.674: [GC (Allocation Failure) [PSYoungGen: 419478K->105956K(465920K)] 1116316K->803067K(1236992K), 0.0211845 secs] [Times: user=0.06 sys=0.00, real=0.02 secs] 
1725.724: [GC (Allocation Failure) [PSYoungGen: 338916K->56702K(465920K)] 1036027K->754121K(1236992K), 0.0089956 secs] [Times: user=0.02 sys=0.00, real=0.01 secs] 
1726.085: [GC (Allocation Failure) [PSYoungGen: 289662K->184590K(465920K)] 987081K->883263K(1236992K), 0.0204885 secs] [Times: user=0.03 sys=0.00, real=0.02 secs] 
1726.430: [GC (Allocation Failure) [PSYoungGen: 417550K->186325K(465920K)] 1116223K->885271K(1236992K), 0.0205335 secs] [Times: user=0.03 sys=0.00, real=0.02 secs] 
1727.830: [GC (Allocation Failure) [PSYoungGen: 419285K->87593K(465920K)] 1118231K->786812K(1236992K), 0.0155804 secs] [Times: user=0.04 sys=0.00, real=0.01 secs] 
1729.774: [GC (Allocation Failure) [PSYoungGen: 320553K->74891K(465920K)] 1019772K->774412K(1236992K), 0.0108690 secs] [Times: user=0.02 sys=0.00, real=0.01 secs] 
1730.061: [GC (Allocation Failure) [PSYoungGen: 307851K->186486K(465920K)] 1007372K->887388K(1236992K), 0.0206633 secs] [Times: user=0.03 sys=0.00, real=0.02 secs] 
1730.347: [GC (Allocation Failure) [PSYoungGen: 419446K->186068K(465920K)] 1120348K->887252K(1236992K), 0.0206996 secs] [Times: user=0.03 sys=0.00, real=0.02 secs] 
1732.298: [GC (Allocation Failure) [PSYoungGen: 419028K->67672K(465920K)] 1120212K->769128K(1236992K), 0.0082135 secs] [Times: user=0.03 sys=0.00, real=0.01 secs] 
1733.283: [GC (Allocation Failure) [PSYoungGen: 300632K->95230K(465920K)] 1002088K->796874K(1236992K), 0.0115212 secs] [Times: user=0.02 sys=0.00, real=0.01 secs] 
1733.559: [GC (Allocation Failure) [PSYoungGen: 328190K->186004K(465920K)] 1029834K->888901K(1236992K), 0.0206292 secs] [Times: user=0.02 sys=0.00, real=0.02 secs] 
1733.848: [GC (Allocation Failure) [PSYoungGen: 418964K->185972K(465920K)] 1121861K->889134K(1236992K), 0.0205002 secs] [Times: user=0.03 sys=0.00, real=0.02 secs] 
1735.684: [GC (Allocation Failure) [PSYoungGen: 418932K->47960K(465920K)] 1122094K->751516K(1236992K), 0.0083485 secs] [Times: user=0.03 sys=0.00, real=0.01 secs] 
1736.356: [GC (Allocation Failure) [PSYoungGen: 280920K->114509K(465920K)] 984476K->818252K(1236992K), 0.0133732 secs] [Times: user=0.02 sys=0.00, real=0.02 secs] 
1736.634: [GC (Allocation Failure) [PSYoungGen: 347469K->184719K(465920K)] 1051212K->889707K(1236992K), 0.0205950 secs] [Times: user=0.03 sys=0.00, real=0.02 secs] 
1736.985: [GC (Allocation Failure) [PSYoungGen: 417679K->183491K(465920K)] 1122667K->888873K(1236992K), 0.0218186 secs] [Times: user=0.03 sys=0.00, real=0.03 secs] 
1738.836: [GC (Allocation Failure) [PSYoungGen: 416451K->32896K(465920K)] 1121833K->739585K(1236992K), 0.0062687 secs] [Times: user=0.03 sys=0.00, real=0.01 secs] 
1739.615: [GC (Allocation Failure) [PSYoungGen: 265856K->133819K(465920K)] 972545K->840525K(1236992K), 0.0153964 secs] [Times: user=0.03 sys=0.00, real=0.02 secs] 
1739.947: [GC (Allocation Failure) [PSYoungGen: 366779K->185875K(465920K)] 1073485K->893955K(1236992K), 0.0207395 secs] [Times: user=0.02 sys=0.00, real=0.02 secs] 
1740.360: [GC (Allocation Failure) [PSYoungGen: 418835K->164591K(465920K)] 1126915K->872945K(1236992K), 0.0212419 secs] [Times: user=0.03 sys=0.00, real=0.02 secs] 
1741.412: [GC (Allocation Failure) [PSYoungGen: 397551K->64K(465920K)] 1105905K->709733K(1236992K), 0.0025893 secs] [Times: user=0.01 sys=0.00, real=0.00 secs] 
1741.902: [GC (Allocation Failure) [PSYoungGen: 233002K->152937K(465920K)] 942671K->862630K(1236992K), 0.0174039 secs] [Times: user=0.02 sys=0.00, real=0.02 secs] 
1742.182: [GC (Allocation Failure) [PSYoungGen: 385897K->184944K(465920K)] 1095590K->895883K(1236992K), 0.0205946 secs] [Times: user=0.03 sys=0.00, real=0.02 secs] 
1743.881: [GC (Allocation Failure) [PSYoungGen: 417904K->152517K(465920K)] 1128843K->863721K(1236992K), 0.0360463 secs] [Times: user=0.06 sys=0.00, real=0.04 secs] 
1746.268: [GC (Allocation Failure) [PSYoungGen: 385477K->160K(465920K)] 1096681K->712821K(1236992K), 0.0038171 secs] [Times: user=0.02 sys=0.00, real=0.00 secs] 
1746.632: [GC (Allocation Failure) [PSYoungGen: 233120K->169003K(465920K)] 945781K->881688K(1236992K), 0.0189960 secs] [Times: user=0.02 sys=0.00, real=0.02 secs] 
1746.918: [GC (Allocation Failure) [PSYoungGen: 401963K->184301K(465920K)] 1114648K->898240K(1236992K), 0.0206305 secs] [Times: user=0.03 sys=0.00, real=0.02 secs] 
1747.799: [GC (Allocation Failure) [PSYoungGen: 417261K->128870K(465920K)] 1131200K->843083K(1236992K), 0.0202739 secs] [Times: user=0.03 sys=0.00, real=0.02 secs] 
1750.111: [GC (Allocation Failure) [PSYoungGen: 361830K->96K(465920K)] 1076043K->714613K(1236992K), 0.0032156 secs] [Times: user=0.02 sys=0.00, real=0.00 secs] 
1750.415: [GC (Allocation Failure) [PSYoungGen: 233056K->185164K(465920K)] 947573K->899722K(1236992K), 0.0205191 secs] [Times: user=0.03 sys=0.00, real=0.02 secs] 
1750.759: [GC (Allocation Failure) [PSYoungGen: 418124K->184590K(465920K)] 1132682K->900394K(1236992K), 0.0205406 secs] [Times: user=0.02 sys=0.00, real=0.02 secs] 
1751.331: [GC (Allocation Failure) [PSYoungGen: 417550K->112548K(465920K)] 1133354K->828624K(1236992K), 0.0163589 secs] [Times: user=0.02 sys=0.00, real=0.02 secs] 
1752.765: [GC (Allocation Failure) [PSYoungGen: 345508K->17313K(465920K)] 1061584K->733697K(1236992K), 0.0059543 secs] [Times: user=0.02 sys=0.00, real=0.01 secs] 
1753.094: [GC (Allocation Failure) [PSYoungGen: 250273K->186100K(465920K)] 966657K->903738K(1236992K), 0.0208243 secs] [Times: user=0.03 sys=0.00, real=0.02 secs] 
1753.377: [GC (Allocation Failure) [PSYoungGen: 419060K->184719K(465920K)] 1136698K->902638K(1236992K), 0.0206562 secs] [Times: user=0.03 sys=0.00, real=0.02 secs] 
1754.030: [GC (Allocation Failure) [PSYoungGen: 417679K->94329K(465920K)] 1135598K->812650K(1236992K), 0.0131938 secs] [Times: user=0.03 sys=0.00, real=0.01 secs] 
1754.869: [GC (Allocation Failure) [PSYoungGen: 327289K->36881K(465920K)] 1045610K->755394K(1236992K), 0.0067278 secs] [Times: user=0.01 sys=0.00, real=0.01 secs] 
1755.154: [GC (Allocation Failure) [PSYoungGen: 269841K->186004K(465920K)] 988354K->905771K(1236992K), 0.0207591 secs] [Times: user=0.02 sys=0.00, real=0.02 secs] 
1755.439: [GC (Allocation Failure) [PSYoungGen: 418964K->185940K(465920K)] 1138731K->905980K(1236992K), 0.0206899 secs] [Times: user=0.02 sys=0.00, real=0.02 secs] 
1758.102: [GC (Allocation Failure) [PSYoungGen: 418900K->106341K(465920K)] 1138940K->826775K(1236992K), 0.0156757 secs] [Times: user=0.04 sys=0.01, real=0.02 secs] 
1760.411: [GC (Allocation Failure) [PSYoungGen: 339301K->56416K(465920K)] 1059735K->777037K(1236992K), 0.0103548 secs] [Times: user=0.02 sys=0.00, real=0.01 secs] 
1760.720: [GC (Allocation Failure) [PSYoungGen: 289376K->185843K(465920K)] 1009997K->907710K(1236992K), 0.0207318 secs] [Times: user=0.03 sys=0.00, real=0.02 secs] 
1761.005: [GC (Allocation Failure) [PSYoungGen: 418803K->185907K(465920K)] 1140670K->908055K(1236992K), 0.0206637 secs] [Times: user=0.03 sys=0.00, real=0.02 secs] 
1762.731: [GC (Allocation Failure) [PSYoungGen: 418867K->87063K(465920K)] 1141015K->809484K(1236992K), 0.0107450 secs] [Times: user=0.03 sys=0.01, real=0.01 secs] 
1763.540: [GC (Allocation Failure) [PSYoungGen: 319993K->75178K(465920K)] 1042414K->797901K(1236992K), 0.0095526 secs] [Times: user=0.01 sys=0.00, real=0.01 secs] 
1763.815: [GC (Allocation Failure) [PSYoungGen: 308138K->186357K(465920K)] 1030861K->910326K(1236992K), 0.0208613 secs] [Times: user=0.03 sys=0.00, real=0.02 secs] 
1764.107: [GC (Allocation Failure) [PSYoungGen: 419317K->186036K(465920K)] 1143286K->910278K(1236992K), 0.0208214 secs] [Times: user=0.03 sys=0.00, real=0.02 secs] 
1765.859: [GC (Allocation Failure) [PSYoungGen: 418996K->67527K(465920K)] 1143238K->792162K(1236992K), 0.0092715 secs] [Times: user=0.03 sys=0.00, real=0.01 secs] 
1766.511: [GC (Allocation Failure) [PSYoungGen: 300487K->95359K(465920K)] 1025122K->820179K(1236992K), 0.0115787 secs] [Times: user=0.02 sys=0.00, real=0.01 secs] 
1766.837: [GC (GCLocker Initiated GC) [PSYoungGen: 328319K->183176K(465920K)] 1053139K->909242K(1236992K), 0.0210093 secs] [Times: user=0.03 sys=0.00, real=0.02 secs] 
1767.129: [GC (Allocation Failure) [PSYoungGen: 416136K->184526K(465920K)] 1143328K->911990K(1236992K), 0.0207383 secs] [Times: user=0.03 sys=0.00, real=0.02 secs] 
1768.005: [GC (Allocation Failure) [PSYoungGen: 417486K->51237K(465920K)] 1144950K->778845K(1236992K), 0.0067269 secs] [Times: user=0.03 sys=0.00, real=0.01 secs] 
1768.688: [GC (Allocation Failure) [PSYoungGen: 284197K->111167K(465920K)] 1011805K->838977K(1236992K), 0.0132245 secs] [Times: user=0.02 sys=0.00, real=0.01 secs] 
1768.964: [GC (Allocation Failure) [PSYoungGen: 344127K->184012K(465920K)] 1071937K->913076K(1236992K), 0.0205291 secs] [Times: user=0.03 sys=0.00, real=0.02 secs] 
1769.246: [GC (Allocation Failure) [PSYoungGen: 416972K->184012K(465920K)] 1146036K->913349K(1236992K), 0.0204947 secs] [Times: user=0.03 sys=0.00, real=0.02 secs] 
1770.832: [GC (Allocation Failure) [PSYoungGen: 416972K->35878K(465920K)] 1146309K->765609K(1236992K), 0.0059452 secs] [Times: user=0.03 sys=0.00, real=0.01 secs] 
1772.041: [GC (Allocation Failure) [PSYoungGen: 268838K->125690K(465920K)] 998569K->855606K(1236992K), 0.0148533 secs] [Times: user=0.02 sys=0.00, real=0.02 secs] 
1772.375: [GC (Allocation Failure) [PSYoungGen: 358650K->184590K(465920K)] 1088566K->915751K(1236992K), 0.0207572 secs] [Times: user=0.03 sys=0.00, real=0.03 secs] 
1772.802: [GC (Allocation Failure) [PSYoungGen: 417550K->173974K(465920K)] 1148711K->905400K(1236992K), 0.0261777 secs] [Times: user=0.04 sys=0.00, real=0.03 secs] 
1774.910: [GC (Allocation Failure) [PSYoungGen: 406934K->128K(465920K)] 1138360K->733001K(1236992K), 0.0037769 secs] [Times: user=0.02 sys=0.00, real=0.00 secs] 
1775.781: [GC (Allocation Failure) [PSYoungGen: 233088K->141113K(465920K)] 965961K->874011K(1236992K), 0.0161060 secs] [Times: user=0.02 sys=0.00, real=0.02 secs] 
1776.117: [GC (Allocation Failure) [PSYoungGen: 374073K->184687K(465920K)] 1106971K->918830K(1236992K), 0.0206657 secs] [Times: user=0.03 sys=0.00, real=0.02 secs] 
1776.571: [GC (Allocation Failure) [PSYoungGen: 414769K->160534K(465920K)] 1148913K->895071K(1236992K), 0.0256513 secs] [Times: user=0.05 sys=0.00, real=0.03 secs] 
1778.023: [GC (Allocation Failure) [PSYoungGen: 393494K->128K(465920K)] 1128031K->735970K(1236992K), 0.0028339 secs] [Times: user=0.02 sys=0.00, real=0.00 secs] 
1778.634: [GC (Allocation Failure) [PSYoungGen: 233088K->154640K(465920K)] 968930K->890506K(1236992K), 0.0174243 secs] [Times: user=0.03 sys=0.00, real=0.02 secs] 
1778.967: [GC (Allocation Failure) [PSYoungGen: 387600K->183658K(465920K)] 1123466K->920778K(1236992K), 0.0205141 secs] [Times: user=0.03 sys=0.00, real=0.02 secs] 
1779.688: [GC (Allocation Failure) [PSYoungGen: 416618K->152100K(465920K)] 1153738K->889492K(1236992K), 0.0276781 secs] [Times: user=0.05 sys=0.00, real=0.02 secs] 
1781.964: [GC (Allocation Failure) [PSYoungGen: 385060K->96K(465920K)] 1122452K->738944K(1236992K), 0.0034499 secs] [Times: user=0.02 sys=0.00, real=0.01 secs] 
1782.450: [GC (Allocation Failure) [PSYoungGen: 233056K->168874K(465920K)] 971904K->907739K(1236992K), 0.0188538 secs] [Times: user=0.03 sys=0.00, real=0.02 secs] 
1782.732: [GC (Allocation Failure) [PSYoungGen: 401834K->184462K(465920K)] 1140699K->924564K(1236992K), 0.0205662 secs] [Times: user=0.03 sys=0.00, real=0.02 secs] 
1783.377: [GC (Allocation Failure) [PSYoungGen: 417422K->128902K(465920K)] 1157524K->869270K(1236992K), 0.0171319 secs] [Times: user=0.02 sys=0.00, real=0.01 secs] 
1785.350: [GC (Allocation Failure) [PSYoungGen: 361862K->128K(465920K)] 1102230K->740817K(1236992K), 0.0045068 secs] [Times: user=0.02 sys=0.00, real=0.00 secs] 
1785.694: [GC (Allocation Failure) [PSYoungGen: 233088K->183975K(465920K)] 973777K->924705K(1236992K), 0.0203368 secs] [Times: user=0.03 sys=0.00, real=0.02 secs] 
1785.977: [GC (Allocation Failure) [PSYoungGen: 416935K->184333K(465920K)] 1157665K->926308K(1236992K), 0.0205963 secs] [Times: user=0.03 sys=0.00, real=0.02 secs] 
1787.392: [GC (Allocation Failure) [PSYoungGen: 417293K->113962K(465920K)] 1159268K->856209K(1236992K), 0.0351362 secs] [Times: user=0.06 sys=0.01, real=0.04 secs] 
1789.449: [GC (Allocation Failure) [PSYoungGen: 346922K->15642K(465920K)] 1089169K->758204K(1236992K), 0.0051954 secs] [Times: user=0.02 sys=0.00, real=0.00 secs] 
1789.824: [GC (Allocation Failure) [PSYoungGen: 248602K->186357K(465920K)] 991164K->930165K(1236992K), 0.0209705 secs] [Times: user=0.03 sys=0.00, real=0.02 secs] 
1790.115: [GC (Allocation Failure) [PSYoungGen: 419317K->186132K(465920K)] 1163125K->930221K(1236992K), 0.0206928 secs] [Times: user=0.03 sys=0.00, real=0.02 secs] 
1791.081: [GC (Allocation Failure) [PSYoungGen: 419092K->94297K(465920K)] 1163181K->838779K(1236992K), 0.0143157 secs] [Times: user=0.02 sys=0.00, real=0.01 secs] 
1792.269: [GC (Allocation Failure) [PSYoungGen: 327257K->36077K(465920K)] 1071739K->780746K(1236992K), 0.0067291 secs] [Times: user=0.02 sys=0.00, real=0.00 secs] 
1792.627: [GC (Allocation Failure) [PSYoungGen: 269037K->184173K(465920K)] 1013706K->930087K(1236992K), 0.0206329 secs] [Times: user=0.03 sys=0.00, real=0.02 secs] 
1792.910: [GC (Allocation Failure) [PSYoungGen: 417133K->184558K(465920K)] 1163047K->930738K(1236992K), 0.0203738 secs] [Times: user=0.03 sys=0.00, real=0.02 secs] 
1794.071: [GC (Allocation Failure) [PSYoungGen: 402376K->77573K(465920K)] 1148556K->824026K(1236992K), 0.0160833 secs] [Times: user=0.03 sys=0.00, real=0.02 secs] 
1795.955: [GC (Allocation Failure) [PSYoungGen: 310533K->37620K(465920K)] 1056986K->784388K(1236992K), 0.0081174 secs] [Times: user=0.02 sys=0.01, real=0.01 secs] 
1796.267: [GC (Allocation Failure) [PSYoungGen: 270580K->184301K(465920K)] 1017348K->932323K(1236992K), 0.0204868 secs] [Times: user=0.03 sys=0.00, real=0.02 secs] 
1796.611: [GC (Allocation Failure) [PSYoungGen: 417261K->184944K(465920K)] 1165283K->933247K(1236992K), 0.0205529 secs] [Times: user=0.03 sys=0.00, real=0.02 secs] 
1798.586: [GC (Allocation Failure) [PSYoungGen: 417904K->108205K(465920K)] 1166207K->856781K(1236992K), 0.0269028 secs] [Times: user=0.07 sys=0.00, real=0.03 secs] 
1799.984: [GC (Allocation Failure) [PSYoungGen: 341165K->53557K(465920K)] 1089741K->802446K(1236992K), 0.0073951 secs] [Times: user=0.02 sys=0.00, real=0.01 secs] 
1800.254: [GC (Allocation Failure) [PSYoungGen: 286517K->184558K(465920K)] 1035406K->934694K(1236992K), 0.0206537 secs] [Times: user=0.03 sys=0.00, real=0.02 secs] 
1800.538: [GC (Allocation Failure) [PSYoungGen: 417518K->184109K(465920K)] 1167654K->934509K(1236992K), 0.0206139 secs] [Times: user=0.02 sys=0.00, real=0.02 secs] 
1802.474: [GC (Allocation Failure) [PSYoungGen: 417069K->92846K(465920K)] 1167469K->843520K(1236992K), 0.0154136 secs] [Times: user=0.04 sys=0.00, real=0.02 secs] 
1804.197: [GC (Allocation Failure) [PSYoungGen: 325806K->68883K(465920K)] 1076480K->819862K(1236992K), 0.0088716 secs] [Times: user=0.01 sys=0.00, real=0.01 secs] 
1804.539: [GC (Allocation Failure) [PSYoungGen: 301843K->186486K(465920K)] 1052822K->938839K(1236992K), 0.0210966 secs] [Times: user=0.02 sys=0.00, real=0.02 secs] 
1804.825: [GC (Allocation Failure) [PSYoungGen: 419446K->186132K(465920K)] 1171799K->938630K(1236992K), 0.0208076 secs] [Times: user=0.03 sys=0.00, real=0.03 secs] 
1805.605: [GC (Allocation Failure) [PSYoungGen: 419092K->73728K(465920K)] 1171590K->826491K(1236992K), 0.0087288 secs] [Times: user=0.03 sys=0.00, real=0.01 secs] 
1806.282: [GC (Allocation Failure) [PSYoungGen: 306688K->89476K(465920K)] 1059451K->842552K(1236992K), 0.0110100 secs] [Times: user=0.02 sys=0.00, real=0.01 secs] 
1806.621: [GC (Allocation Failure) [PSYoungGen: 322436K->185972K(465920K)] 1075512K->940302K(1236992K), 0.0210705 secs] [Times: user=0.03 sys=0.00, real=0.02 secs] 
1806.905: [GC (Allocation Failure) [PSYoungGen: 418932K->185940K(465920K)] 1173262K->940551K(1236992K), 0.0207673 secs] [Times: user=0.03 sys=0.00, real=0.03 secs] 
1807.778: [GC (Allocation Failure) [PSYoungGen: 418900K->53743K(465920K)] 1173511K->808756K(1236992K), 0.0065627 secs] [Times: user=0.02 sys=0.00, real=0.00 secs] 
1808.556: [GC (Allocation Failure) [PSYoungGen: 286703K->109011K(465920K)] 1041716K->864195K(1236992K), 0.0128986 secs] [Times: user=0.02 sys=0.00, real=0.01 secs] 
1808.835: [GC (Allocation Failure) [PSYoungGen: 341971K->184687K(465920K)] 1097155K->941116K(1236992K), 0.0209118 secs] [Times: user=0.03 sys=0.00, real=0.02 secs] 
1809.127: [GC (Allocation Failure) [PSYoungGen: 417647K->184558K(465920K)] 1174076K->941261K(1236992K), 0.0206869 secs] [Times: user=0.03 sys=0.00, real=0.02 secs] 
1811.751: [GC (Allocation Failure) [PSYoungGen: 417518K->36939K(465920K)] 1174221K->793906K(1236992K), 0.0054595 secs] [Times: user=0.02 sys=0.00, real=0.00 secs] 
1812.696: [GC (Allocation Failure) [PSYoungGen: 269899K->125048K(465920K)] 1026866K->882317K(1236992K), 0.0147217 secs] [Times: user=0.02 sys=0.00, real=0.01 secs] 
1812.974: [GC (Allocation Failure) [PSYoungGen: 358008K->184205K(465920K)] 1115277K->942728K(1236992K), 0.0209735 secs] [Times: user=0.03 sys=0.00, real=0.02 secs] 
1813.573: [GC (Allocation Failure) [PSYoungGen: 417165K->175002K(465920K)] 1175688K->933790K(1236992K), 0.0243738 secs] [Times: user=0.04 sys=0.00, real=0.03 secs] 
1815.553: [GC (Allocation Failure) [PSYoungGen: 407962K->160K(465920K)] 1166750K->760384K(1236992K), 0.0040592 secs] [Times: user=0.02 sys=0.00, real=0.01 secs] 
1816.267: [GC (Allocation Failure) [PSYoungGen: 233120K->140085K(465920K)] 993344K->900333K(1236992K), 0.0160190 secs] [Times: user=0.02 sys=0.00, real=0.01 secs] 
1816.546: [GC (Allocation Failure) [PSYoungGen: 373045K->184333K(465920K)] 1133293K->945827K(1236992K), 0.0209174 secs] [Times: user=0.03 sys=0.00, real=0.02 secs] 
1816.985: [GC (Allocation Failure) [PSYoungGen: 416578K->161900K(465920K)] 1178072K->923667K(1236992K), 0.0205323 secs] [Times: user=0.03 sys=0.00, real=0.02 secs] 
1818.019: [GC (Allocation Failure) [PSYoungGen: 394860K->96K(465920K)] 1156627K->763300K(1236992K), 0.0028844 secs] [Times: user=0.01 sys=0.00, real=0.00 secs] 
1818.476: [GC (Allocation Failure) [PSYoungGen: 233056K->155122K(465920K)] 996260K->918343K(1236992K), 0.0176628 secs] [Times: user=0.02 sys=0.00, real=0.02 secs] 
1818.762: [GC (Allocation Failure) [PSYoungGen: 388082K->184590K(465920K)] 1151303K->949065K(1236992K), 0.0209692 secs] [Times: user=0.03 sys=0.00, real=0.02 secs] 
1819.623: [GC (Allocation Failure) [PSYoungGen: 417550K->150718K(465920K)] 1182025K->915465K(1236992K), 0.0203433 secs] [Times: user=0.03 sys=0.00, real=0.02 secs] 
1821.468: [GC (Allocation Failure) [PSYoungGen: 383678K->96K(465920K)] 1148425K->766283K(1236992K), 0.0029965 secs] [Times: user=0.01 sys=0.00, real=0.00 secs] 
1821.858: [GC (GCLocker Initiated GC) [PSYoungGen: 233056K->170609K(465920K)] 999243K->936812K(1236992K), 0.0191526 secs] [Times: user=0.03 sys=0.00, real=0.02 secs] 
1822.147: [GC (Allocation Failure) [PSYoungGen: 403569K->184141K(465920K)] 1171026K->952851K(1236992K), 0.0210522 secs] [Times: user=0.03 sys=0.00, real=0.02 secs] 
1822.764: [GC (Allocation Failure) [PSYoungGen: 417101K->126460K(465920K)] 1185811K->895179K(1236992K), 0.0167829 secs] [Times: user=0.03 sys=0.00, real=0.02 secs] 
1824.150: [GC (Allocation Failure) [PSYoungGen: 359420K->3561K(465920K)] 1128139K->772633K(1236992K), 0.0041417 secs] [Times: user=0.02 sys=0.00, real=0.00 secs] 
1824.154: [Full GC (Ergonomics) [PSYoungGen: 3561K->0K(465920K)] [ParOldGen: 769072K->292122K(749056K)] 772633K->292122K(1214976K), [Metaspace: 56290K->56166K(1101824K)], 0.0678237 secs] [Times: user=0.21 sys=0.00, real=0.07 secs] 
1824.536: [GC (Allocation Failure) [PSYoungGen: 232960K->183658K(465920K)] 525082K->475781K(1214976K), 0.0198438 secs] [Times: user=0.03 sys=0.00, real=0.02 secs] 
1824.824: [GC (Allocation Failure) [PSYoungGen: 416618K->184109K(465920K)] 708741K->476536K(1214976K), 0.0199487 secs] [Times: user=0.03 sys=0.00, real=0.02 secs] 
1825.822: [GC (Allocation Failure) [PSYoungGen: 417069K->127422K(465920K)] 709496K->420114K(1214976K), 0.0161684 secs] [Times: user=0.02 sys=0.00, real=0.02 secs] 
1827.245: [GC (Allocation Failure) [PSYoungGen: 360382K->11655K(465920K)] 653074K->304654K(1214976K), 0.0030574 secs] [Times: user=0.01 sys=0.00, real=0.01 secs] 
1827.522: [GC (Allocation Failure) [PSYoungGen: 244615K->184333K(465920K)] 537614K->478585K(1214976K), 0.0198775 secs] [Times: user=0.02 sys=0.00, real=0.02 secs] 
1827.809: [GC (Allocation Failure) [PSYoungGen: 417293K->184526K(465920K)] 711545K->479051K(1214976K), 0.0204128 secs] [Times: user=0.02 sys=0.00, real=0.02 secs] 
1828.389: [GC (Allocation Failure) [PSYoungGen: 417486K->118280K(465920K)] 712011K->413079K(1214976K), 0.0138976 secs] [Times: user=0.02 sys=0.00, real=0.01 secs] 
1829.857: [GC (Allocation Failure) [PSYoungGen: 351240K->21297K(465920K)] 646039K->316393K(1214976K), 0.0041216 secs] [Times: user=0.01 sys=0.00, real=0.00 secs] 
1830.132: [GC (Allocation Failure) [PSYoungGen: 254257K->186389K(465920K)] 549353K->482739K(1214976K), 0.0201091 secs] [Times: user=0.02 sys=0.00, real=0.02 secs] 
1830.417: [GC (Allocation Failure) [PSYoungGen: 419349K->186100K(465920K)] 715699K->482731K(1214976K), 0.0200668 secs] [Times: user=0.03 sys=0.00, real=0.02 secs] 
1831.129: [GC (Allocation Failure) [PSYoungGen: 419060K->104994K(465920K)] 715691K->401890K(1214976K), 0.0119591 secs] [Times: user=0.02 sys=0.00, real=0.01 secs] 
1832.256: [GC (Allocation Failure) [PSYoungGen: 337954K->35403K(465920K)] 634850K->332612K(1214976K), 0.0077964 secs] [Times: user=0.01 sys=0.00, real=0.00 secs] 
1832.675: [GC (Allocation Failure) [PSYoungGen: 268363K->185715K(465920K)] 565572K->484170K(1214976K), 0.0201152 secs] [Times: user=0.02 sys=0.00, real=0.02 secs] 
1832.964: [GC (Allocation Failure) [PSYoungGen: 418675K->184398K(465920K)] 717130K->483134K(1214976K), 0.0198953 secs] [Times: user=0.03 sys=0.00, real=0.02 secs] 
1833.696: [GC (Allocation Failure) [PSYoungGen: 408140K->93186K(465920K)] 706876K->392187K(1214976K), 0.0116116 secs] [Times: user=0.03 sys=0.00, real=0.02 secs] 
1834.528: [GC (Allocation Failure) [PSYoungGen: 326146K->38166K(465920K)] 625147K->337488K(1214976K), 0.0050900 secs] [Times: user=0.01 sys=0.00, real=0.00 secs] 
1834.796: [GC (Allocation Failure) [PSYoungGen: 271126K->184173K(465920K)] 570448K->484885K(1214976K), 0.0198440 secs] [Times: user=0.03 sys=0.00, real=0.02 secs] 
1835.089: [GC (Allocation Failure) [PSYoungGen: 417133K->184526K(465920K)] 717845K->485384K(1214976K), 0.0199167 secs] [Times: user=0.02 sys=0.00, real=0.02 secs] 
1836.845: [GC (Allocation Failure) [PSYoungGen: 409715K->91869K(465920K)] 710572K->392992K(1214976K), 0.0178549 secs] [Times: user=0.04 sys=0.00, real=0.02 secs] 
1838.783: [GC (Allocation Failure) [PSYoungGen: 324829K->37716K(465920K)] 625952K->339138K(1214976K), 0.0077549 secs] [Times: user=0.02 sys=0.00, real=0.01 secs] 
1839.111: [GC (Allocation Failure) [PSYoungGen: 270676K->184301K(465920K)] 572098K->486969K(1214976K), 0.0199427 secs] [Times: user=0.02 sys=0.00, real=0.02 secs] 
1839.394: [GC (Allocation Failure) [PSYoungGen: 417261K->184655K(465920K)] 719929K->487595K(1214976K), 0.0201099 secs] [Times: user=0.03 sys=0.00, real=0.02 secs] 
1841.260: [GC (Allocation Failure) [PSYoungGen: 409793K->92030K(465920K)] 712734K->395235K(1214976K), 0.0262282 secs] [Times: user=0.05 sys=0.00, real=0.02 secs] 
1842.734: [GC (Allocation Failure) [PSYoungGen: 324990K->37845K(465920K)] 628195K->341350K(1214976K), 0.0074954 secs] [Times: user=0.02 sys=0.00, real=0.01 secs] 
1843.056: [GC (Allocation Failure) [PSYoungGen: 270805K->184173K(465920K)] 574310K->488924K(1214976K), 0.0200201 secs] [Times: user=0.03 sys=0.00, real=0.02 secs] 
1843.344: [GC (Allocation Failure) [PSYoungGen: 417133K->184526K(465920K)] 721884K->489558K(1214976K), 0.0200450 secs] [Times: user=0.03 sys=0.00, real=0.02 secs] 
1844.629: [GC (Allocation Failure) [PSYoungGen: 407621K->92110K(465920K)] 712653K->397407K(1214976K), 0.0197331 secs] [Times: user=0.04 sys=0.00, real=0.02 secs] 
1846.236: [GC (Allocation Failure) [PSYoungGen: 325070K->37745K(465920K)] 630367K->343364K(1214976K), 0.0061268 secs] [Times: user=0.01 sys=0.00, real=0.01 secs] 
1846.523: [GC (Allocation Failure) [PSYoungGen: 270705K->184430K(465920K)] 576324K->491431K(1214976K), 0.0198911 secs] [Times: user=0.03 sys=0.00, real=0.02 secs] 
1846.807: [GC (Allocation Failure) [PSYoungGen: 417390K->184526K(465920K)] 724391K->491672K(1214976K), 0.0199403 secs] [Times: user=0.03 sys=0.00, real=0.02 secs] 
1849.636: [GC (Allocation Failure) [PSYoungGen: 407586K->91982K(465920K)] 714732K->399392K(1214976K), 0.0196724 secs] [Times: user=0.03 sys=0.00, real=0.02 secs] 
1850.572: [GC (Allocation Failure) [PSYoungGen: 324942K->38005K(465920K)] 632352K->345718K(1214976K), 0.0061804 secs] [Times: user=0.01 sys=0.00, real=0.01 secs] 
1850.920: [GC (Allocation Failure) [PSYoungGen: 270965K->184815K(465920K)] 578678K->493774K(1214976K), 0.0200667 secs] [Times: user=0.02 sys=0.00, real=0.02 secs] 
1851.267: [GC (Allocation Failure) [PSYoungGen: 417775K->184815K(465920K)] 726734K->494047K(1214976K), 0.0200425 secs] [Times: user=0.03 sys=0.00, real=0.02 secs] 
1851.889: [GC (Allocation Failure) [PSYoungGen: 407716K->91066K(465920K)] 716947K->400562K(1214976K), 0.0114590 secs] [Times: user=0.02 sys=0.00, real=0.01 secs] 
1852.692: [GC (Allocation Failure) [PSYoungGen: 324026K->38037K(465920K)] 633522K->347833K(1214976K), 0.0051153 secs] [Times: user=0.01 sys=0.00, real=0.01 secs] 
1852.961: [GC (Allocation Failure) [PSYoungGen: 270997K->184558K(465920K)] 580793K->495608K(1214976K), 0.0199401 secs] [Times: user=0.03 sys=0.00, real=0.02 secs] 
1853.245: [GC (Allocation Failure) [PSYoungGen: 417518K->184558K(465920K)] 728568K->496010K(1214976K), 0.0200531 secs] [Times: user=0.03 sys=0.00, real=0.02 secs] 
1853.982: [GC (Allocation Failure) [PSYoungGen: 407057K->91612K(465920K)] 718508K->403200K(1214976K), 0.0113909 secs] [Times: user=0.02 sys=0.00, real=0.01 secs] 
1855.446: [GC (Allocation Failure) [PSYoungGen: 324572K->37523K(465920K)] 636160K->349429K(1214976K), 0.0063670 secs] [Times: user=0.01 sys=0.00, real=0.01 secs] 
1855.737: [GC (Allocation Failure) [PSYoungGen: 270483K->184815K(465920K)] 582389K->497975K(1214976K), 0.0200647 secs] [Times: user=0.03 sys=0.00, real=0.02 secs] 
1856.025: [GC (Allocation Failure) [PSYoungGen: 417775K->184141K(465920K)] 730935K->497702K(1214976K), 0.0199467 secs] [Times: user=0.02 sys=0.00, real=0.02 secs] 
1856.657: [GC (Allocation Failure) [PSYoungGen: 409356K->92255K(465920K)] 722917K->406081K(1214976K), 0.0107789 secs] [Times: user=0.02 sys=0.00, real=0.01 secs] 
1857.506: [GC (Allocation Failure) [PSYoungGen: 325215K->38037K(465920K)] 639041K->352045K(1214976K), 0.0050848 secs] [Times: user=0.01 sys=0.00, real=0.01 secs] 
1857.777: [GC (Allocation Failure) [PSYoungGen: 270997K->184687K(465920K)] 585005K->500077K(1214976K), 0.0199899 secs] [Times: user=0.03 sys=0.00, real=0.02 secs] 
1858.136: [GC (Allocation Failure) [PSYoungGen: 417647K->184719K(465920K)] 733037K->500261K(1214976K), 0.0200034 secs] [Times: user=0.02 sys=0.00, real=0.02 secs] 
1859.038: [GC (Allocation Failure) [PSYoungGen: 407280K->91371K(465920K)] 722822K->407178K(1214976K), 0.0118219 secs] [Times: user=0.02 sys=0.00, real=0.01 secs] 
1859.841: [GC (Allocation Failure) [PSYoungGen: 324331K->38005K(465920K)] 640138K->354126K(1214976K), 0.0052638 secs] [Times: user=0.01 sys=0.00, real=0.01 secs] 
1860.169: [GC (Allocation Failure) [PSYoungGen: 270965K->183948K(465920K)] 587086K->501322K(1214976K), 0.0198050 secs] [Times: user=0.02 sys=0.00, real=0.02 secs] 
1860.452: [GC (Allocation Failure) [PSYoungGen: 416908K->184398K(465920K)] 734282K->502045K(1214976K), 0.0197780 secs] [Times: user=0.03 sys=0.00, real=0.02 secs] 
1861.375: [GC (Allocation Failure) [PSYoungGen: 409604K->92367K(465920K)] 727252K->410280K(1214976K), 0.0119899 secs] [Times: user=0.02 sys=0.00, real=0.02 secs] 
1862.194: [GC (Allocation Failure) [PSYoungGen: 325327K->38005K(465920K)] 643240K->356224K(1214976K), 0.0052456 secs] [Times: user=0.01 sys=0.00, real=0.01 secs] 
1862.465: [GC (Allocation Failure) [PSYoungGen: 270965K->184687K(465920K)] 589184K->504159K(1214976K), 0.0200854 secs] [Times: user=0.02 sys=0.00, real=0.02 secs] 
1862.750: [GC (Allocation Failure) [PSYoungGen: 417647K->184687K(465920K)] 737119K->504440K(1214976K), 0.0200520 secs] [Times: user=0.02 sys=0.00, real=0.02 secs] 
1863.425: [GC (Allocation Failure) [PSYoungGen: 407257K->91403K(465920K)] 727010K->411421K(1214976K), 0.0108983 secs] [Times: user=0.02 sys=0.00, real=0.01 secs] 
1864.265: [GC (Allocation Failure) [PSYoungGen: 324363K->38066K(465920K)] 644381K->358381K(1214976K), 0.0052025 secs] [Times: user=0.01 sys=0.00, real=0.01 secs] 
1864.534: [GC (Allocation Failure) [PSYoungGen: 271026K->184719K(465920K)] 591341K->506287K(1214976K), 0.0201036 secs] [Times: user=0.03 sys=0.00, real=0.02 secs] 
1864.866: [GC (GCLocker Initiated GC) [PSYoungGen: 417679K->182245K(465920K)] 739247K->504086K(1214976K), 0.0196824 secs] [Times: user=0.03 sys=0.00, real=0.01 secs] 
1866.226: [GC (Allocation Failure) [PSYoungGen: 415205K->77365K(465920K)] 753433K->415858K(1214976K), 0.0144395 secs] [Times: user=0.02 sys=0.00, real=0.01 secs] 
1867.110: [GC (Allocation Failure) [PSYoungGen: 310325K->58923K(465920K)] 648818K->397653K(1214976K), 0.0073965 secs] [Times: user=0.02 sys=0.00, real=0.01 secs] 
1867.382: [GC (Allocation Failure) [PSYoungGen: 291883K->183787K(465920K)] 630613K->523763K(1214976K), 0.0201054 secs] [Times: user=0.03 sys=0.00, real=0.02 secs] 
1867.668: [GC (Allocation Failure) [PSYoungGen: 416747K->184430K(465920K)] 756723K->524671K(1214976K), 0.0198506 secs] [Times: user=0.02 sys=0.00, real=0.02 secs] 
1870.078: [GC (Allocation Failure) [PSYoungGen: 417390K->55226K(465920K)] 757631K->395733K(1214976K), 0.0135635 secs] [Times: user=0.02 sys=0.00, real=0.01 secs] 
1871.164: [GC (Allocation Failure) [PSYoungGen: 288186K->80865K(465920K)] 628693K->421679K(1214976K), 0.0096007 secs] [Times: user=0.01 sys=0.00, real=0.01 secs] 
1871.436: [GC (Allocation Failure) [PSYoungGen: 313825K->184815K(465920K)] 654639K->526883K(1214976K), 0.0200025 secs] [Times: user=0.02 sys=0.00, real=0.02 secs] 
1871.776: [GC (Allocation Failure) [PSYoungGen: 417775K->184237K(465920K)] 759843K->526707K(1214976K), 0.0199665 secs] [Times: user=0.03 sys=0.00, real=0.02 secs] 
1873.343: [GC (Allocation Failure) [PSYoungGen: 417197K->32446K(465920K)] 759667K->375180K(1214976K), 0.0057555 secs] [Times: user=0.01 sys=0.00, real=0.01 secs] 
1873.949: [GC (Allocation Failure) [PSYoungGen: 265406K->103613K(465920K)] 608140K->446541K(1214976K), 0.0117733 secs] [Times: user=0.02 sys=0.00, real=0.01 secs] 
1874.228: [GC (Allocation Failure) [PSYoungGen: 336573K->184205K(465920K)] 679501K->528378K(1214976K), 0.0200090 secs] [Times: user=0.02 sys=0.00, real=0.02 secs] 
1874.515: [GC (Allocation Failure) [PSYoungGen: 417165K->184430K(465920K)] 761338K->529013K(1214976K), 0.0200845 secs] [Times: user=0.02 sys=0.00, real=0.02 secs] 
1876.699: [GC (Allocation Failure) [PSYoungGen: 417390K->10115K(465920K)] 761973K->354843K(1214976K), 0.0044626 secs] [Times: user=0.01 sys=0.00, real=0.00 secs] 
1877.623: [GC (Allocation Failure) [PSYoungGen: 243075K->125719K(465920K)] 587803K->470753K(1214976K), 0.0140918 secs] [Times: user=0.02 sys=0.00, real=0.02 secs] 
1877.956: [GC (Allocation Failure) [PSYoungGen: 358679K->184430K(465920K)] 703713K->530837K(1214976K), 0.0201308 secs] [Times: user=0.02 sys=0.00, real=0.02 secs] 
1878.548: [GC (Allocation Failure) [PSYoungGen: 417390K->174150K(465920K)] 763797K->520702K(1214976K), 0.0271508 secs] [Times: user=0.03 sys=0.01, real=0.02 secs] 
1880.651: [GC (Allocation Failure) [PSYoungGen: 407110K->128K(465920K)] 753662K->348133K(1214976K), 0.0029961 secs] [Times: user=0.01 sys=0.00, real=0.00 secs] 
1881.346: [GC (Allocation Failure) [PSYoungGen: 233088K->147796K(465920K)] 581093K->495818K(1214976K), 0.0164277 secs] [Times: user=0.02 sys=0.00, real=0.01 secs] 
1881.626: [GC (Allocation Failure) [PSYoungGen: 380756K->184301K(465920K)] 728778K->533568K(1214976K), 0.0202531 secs] [Times: user=0.03 sys=0.00, real=0.02 secs] 
1883.384: [GC (Allocation Failure) [PSYoungGen: 417261K->158285K(465920K)] 766528K->507817K(1214976K), 0.0459733 secs] [Times: user=0.06 sys=0.00, real=0.05 secs] 
1885.752: [GC (Allocation Failure) [PSYoungGen: 391245K->160K(465920K)] 740777K->351120K(1214976K), 0.0040971 secs] [Times: user=0.02 sys=0.00, real=0.01 secs] 
1886.370: [GC (Allocation Failure) [PSYoungGen: 233120K->169452K(465920K)] 584080K->520445K(1214976K), 0.0185651 secs] [Times: user=0.03 sys=0.00, real=0.02 secs] 
1886.656: [GC (Allocation Failure) [PSYoungGen: 402412K->184430K(465920K)] 753405K->536668K(1214976K), 0.0201522 secs] [Times: user=0.03 sys=0.00, real=0.02 secs] 
1887.178: [GC (Allocation Failure) [PSYoungGen: 410973K->136548K(465920K)] 763211K->489051K(1214976K), 0.0166132 secs] [Times: user=0.02 sys=0.00, real=0.01 secs] 
1888.539: [GC (Allocation Failure) [PSYoungGen: 369438K->1633K(465920K)] 721941K->354442K(1214976K), 0.0024290 secs] [Times: user=0.01 sys=0.00, real=0.00 secs] 
1888.859: [GC (Allocation Failure) [PSYoungGen: 234593K->184815K(465920K)] 587402K->538870K(1214976K), 0.0201432 secs] [Times: user=0.02 sys=0.00, real=0.02 secs] 
1889.152: [GC (Allocation Failure) [PSYoungGen: 417775K->184687K(465920K)] 771830K->539143K(1214976K), 0.0201724 secs] [Times: user=0.02 sys=0.00, real=0.02 secs] 
1889.709: [GC (Allocation Failure) [PSYoungGen: 417647K->127647K(465920K)] 772103K->482239K(1214976K), 0.0160395 secs] [Times: user=0.03 sys=0.00, real=0.01 secs] 
1890.630: [GC (Allocation Failure) [PSYoungGen: 360607K->25311K(465920K)] 715199K->380203K(1214976K), 0.0046365 secs] [Times: user=0.01 sys=0.00, real=0.00 secs] 
1890.990: [GC (Allocation Failure) [PSYoungGen: 258271K->184205K(465920K)] 613163K->540334K(1214976K), 0.0203663 secs] [Times: user=0.03 sys=0.00, real=0.02 secs] 
1891.347: [GC (Allocation Failure) [PSYoungGen: 417165K->184462K(465920K)] 773294K->541001K(1214976K), 0.0202787 secs] [Times: user=0.03 sys=0.00, real=0.02 secs] 
1891.965: [GC (Allocation Failure) [PSYoungGen: 417422K->104898K(465920K)] 773961K->461702K(1214976K), 0.0140099 secs] [Times: user=0.03 sys=0.00, real=0.02 secs] 
1892.853: [GC (Allocation Failure) [PSYoungGen: 337858K->48030K(465920K)] 694662K->405020K(1214976K), 0.0065165 secs] [Times: user=0.01 sys=0.00, real=0.01 secs] 
1893.184: [GC (Allocation Failure) [PSYoungGen: 280990K->184944K(465920K)] 637980K->543179K(1214976K), 0.0205991 secs] [Times: user=0.03 sys=0.00, real=0.02 secs] 
1893.471: [GC (Allocation Failure) [PSYoungGen: 417904K->184944K(465920K)] 776139K->543452K(1214976K), 0.0204173 secs] [Times: user=0.03 sys=0.00, real=0.02 secs] 
1894.930: [GC (Allocation Failure) [PSYoungGen: 417904K->64432K(465920K)] 776412K->423213K(1214976K), 0.0116689 secs] [Times: user=0.02 sys=0.00, real=0.01 secs] 
1896.067: [GC (Allocation Failure) [PSYoungGen: 297392K->71421K(465920K)] 656173K->430518K(1214976K), 0.0087060 secs] [Times: user=0.01 sys=0.00, real=0.00 secs] 
1896.409: [GC (Allocation Failure) [PSYoungGen: 304381K->186389K(465920K)] 663478K->546861K(1214976K), 0.0204938 secs] [Times: user=0.02 sys=0.00, real=0.02 secs] 
1896.754: [GC (Allocation Failure) [PSYoungGen: 419349K->184783K(465920K)] 779821K->545399K(1214976K), 0.0202237 secs] [Times: user=0.03 sys=0.00, real=0.02 secs] 
1897.866: [GC (Allocation Failure) [PSYoungGen: 417743K->39708K(465920K)] 778359K->400588K(1214976K), 0.0067418 secs] [Times: user=0.02 sys=0.00, real=0.01 secs] 
1898.861: [GC (Allocation Failure) [PSYoungGen: 272668K->97030K(465920K)] 633548K->458226K(1214976K), 0.0112469 secs] [Times: user=0.02 sys=0.00, real=0.01 secs] 
1899.141: [GC (Allocation Failure) [PSYoungGen: 329990K->186068K(465920K)] 691186K->548511K(1214976K), 0.0202815 secs] [Times: user=0.02 sys=0.00, real=0.02 secs] 
1899.489: [GC (Allocation Failure) [PSYoungGen: 419028K->184526K(465920K)] 781471K->547242K(1214976K), 0.0204590 secs] [Times: user=0.03 sys=0.00, real=0.02 secs] 
1901.060: [GC (Allocation Failure) [PSYoungGen: 417486K->14677K(465920K)] 780202K->377666K(1214976K), 0.0059116 secs] [Times: user=0.02 sys=0.00, real=0.01 secs] 
1902.324: [GC (Allocation Failure) [PSYoungGen: 247637K->121835K(465920K)] 610626K->485131K(1214976K), 0.0136599 secs] [Times: user=0.02 sys=0.00, real=0.02 secs] 
1902.606: [GC (Allocation Failure) [PSYoungGen: 354795K->184719K(465920K)] 718091K->549269K(1214976K), 0.0201762 secs] [Times: user=0.02 sys=0.00, real=0.02 secs] 
1903.060: [GC (Allocation Failure) [PSYoungGen: 417679K->176725K(465920K)] 782229K->541556K(1214976K), 0.0217719 secs] [Times: user=0.02 sys=0.00, real=0.02 secs] 
1904.032: [GC (Allocation Failure) [PSYoungGen: 409685K->128K(465920K)] 774516K->366392K(1214976K), 0.0020794 secs] [Times: user=0.01 sys=0.00, real=0.00 secs] 
1904.482: [GC (Allocation Failure) [PSYoungGen: 233081K->144227K(465920K)] 599346K->510507K(1214976K), 0.0159247 secs] [Times: user=0.02 sys=0.00, real=0.02 secs] 
1904.832: [GC (Allocation Failure) [PSYoungGen: 377187K->184141K(465920K)] 743467K->551675K(1214976K), 0.0201149 secs] [Times: user=0.03 sys=0.00, real=0.02 secs] 
1905.325: [GC (Allocation Failure) [PSYoungGen: 417101K->161996K(465920K)] 784635K->529803K(1214976K), 0.0228396 secs] [Times: user=0.03 sys=0.00, real=0.03 secs] 
1907.171: [GC (Allocation Failure) [PSYoungGen: 394956K->96K(465920K)] 762763K->369333K(1214976K), 0.0027752 secs] [Times: user=0.01 sys=0.00, real=0.00 secs] 
1907.661: [GC (Allocation Failure) [PSYoungGen: 233056K->167299K(465920K)] 602293K->536568K(1214976K), 0.0186664 secs] [Times: user=0.03 sys=0.00, real=0.02 secs] 
1907.949: [GC (Allocation Failure) [PSYoungGen: 400259K->186357K(465920K)] 769528K->556880K(1214976K), 0.0203131 secs] [Times: user=0.03 sys=0.00, real=0.02 secs] 
1908.486: [GC (Allocation Failure) [PSYoungGen: 411929K->136805K(465920K)] 782452K->507593K(1214976K), 0.0166921 secs] [Times: user=0.03 sys=0.00, real=0.01 secs] 
1910.362: [GC (Allocation Failure) [PSYoungGen: 369765K->1505K(465920K)] 740553K->372614K(1214976K), 0.0025726 secs] [Times: user=0.01 sys=0.00, real=0.00 secs] 
1910.681: [GC (Allocation Failure) [PSYoungGen: 234465K->184173K(465920K)] 605574K->556536K(1214976K), 0.0201556 secs] [Times: user=0.03 sys=0.00, real=0.02 secs] 
1910.966: [GC (Allocation Failure) [PSYoungGen: 417133K->184526K(465920K)] 789496K->557162K(1214976K), 0.0202349 secs] [Times: user=0.02 sys=0.00, real=0.02 secs] 
1911.649: [GC (Allocation Failure) [PSYoungGen: 417486K->128546K(465920K)] 790122K->501576K(1214976K), 0.0152730 secs] [Times: user=0.03 sys=0.00, real=0.01 secs] 
1913.263: [GC (Allocation Failure) [PSYoungGen: 361506K->24282K(465920K)] 734536K->397491K(1214976K), 0.0049333 secs] [Times: user=0.01 sys=0.01, real=0.01 secs] 
1913.642: [GC (Allocation Failure) [PSYoungGen: 257242K->186389K(465920K)] 630451K->560973K(1214976K), 0.0206276 secs] [Times: user=0.03 sys=0.00, real=0.02 secs] 
1913.930: [GC (Allocation Failure) [PSYoungGen: 419349K->184783K(465920K)] 793933K->559511K(1214976K), 0.0203965 secs] [Times: user=0.03 sys=0.00, real=0.02 secs] 
1914.628: [GC (Allocation Failure) [PSYoungGen: 417743K->103292K(465920K)] 792471K->478292K(1214976K), 0.0131992 secs] [Times: user=0.02 sys=0.00, real=0.01 secs] 
1916.242: [GC (Allocation Failure) [PSYoungGen: 336252K->48898K(465920K)] 711252K->424206K(1214976K), 0.0086743 secs] [Times: user=0.02 sys=0.00, real=0.01 secs] 
1916.557: [GC (Allocation Failure) [PSYoungGen: 281858K->186325K(465920K)] 657166K->562879K(1214976K), 0.0204155 secs] [Times: user=0.02 sys=0.00, real=0.02 secs] 
1916.896: [GC (Allocation Failure) [PSYoungGen: 419285K->186100K(465920K)] 795839K->562927K(1214976K), 0.0202906 secs] [Times: user=0.02 sys=0.00, real=0.02 secs] 
1918.808: [GC (Allocation Failure) [PSYoungGen: 419060K->60946K(465920K)] 795887K->438166K(1214976K), 0.0111791 secs] [Times: user=0.02 sys=0.00, real=0.01 secs] 
1920.170: [GC (Allocation Failure) [PSYoungGen: 293906K->75406K(465920K)] 671126K->452797K(1214976K), 0.0102606 secs] [Times: user=0.02 sys=0.00, real=0.01 secs] 
1920.454: [GC (Allocation Failure) [PSYoungGen: 308366K->184301K(465920K)] 685757K->562946K(1214976K), 0.0201924 secs] [Times: user=0.03 sys=0.00, real=0.02 secs] 
1920.803: [GC (Allocation Failure) [PSYoungGen: 417261K->186229K(465920K)] 795906K->565147K(1214976K), 0.0203203 secs] [Times: user=0.03 sys=0.00, real=0.02 secs] 
1923.669: [GC (Allocation Failure) [PSYoungGen: 419189K->36366K(465920K)] 798107K->415557K(1214976K), 0.0130914 secs] [Times: user=0.03 sys=0.00, real=0.01 secs] 
1924.926: [GC (Allocation Failure) [PSYoungGen: 269326K->99375K(465920K)] 648517K->478880K(1214976K), 0.0114905 secs] [Times: user=0.02 sys=0.00, real=0.01 secs] 
1925.208: [GC (Allocation Failure) [PSYoungGen: 332335K->186100K(465920K)] 711840K->566859K(1214976K), 0.0205443 secs] [Times: user=0.03 sys=0.00, real=0.02 secs] 
1925.498: [GC (Allocation Failure) [PSYoungGen: 419060K->185972K(465920K)] 799819K->567004K(1214976K), 0.0203365 secs] [Times: user=0.02 sys=0.00, real=0.02 secs] 
1927.260: [GC (Allocation Failure) [PSYoungGen: 418932K->10918K(465920K)] 799964K->392215K(1214976K), 0.0053984 secs] [Times: user=0.02 sys=0.00, real=0.00 secs] 
1928.128: [GC (Allocation Failure) [PSYoungGen: 243878K->125591K(465920K)] 625175K->507187K(1214976K), 0.0140485 secs] [Times: user=0.02 sys=0.00, real=0.01 secs] 
1928.405: [GC (Allocation Failure) [PSYoungGen: 358551K->184301K(465920K)] 740147K->567143K(1214976K), 0.0200590 secs] [Times: user=0.03 sys=0.00, real=0.02 secs] 
1928.960: [GC (Allocation Failure) [PSYoungGen: 417261K->173287K(465920K)] 800103K->556394K(1214976K), 0.0251676 secs] [Times: user=0.03 sys=0.00, real=0.02 secs] 
1930.233: [GC (Allocation Failure) [PSYoungGen: 406247K->128K(465920K)] 789354K->384686K(1214976K), 0.0023604 secs] [Times: user=0.01 sys=0.00, real=0.00 secs] 
1930.978: [GC (Allocation Failure) [PSYoungGen: 233088K->148854K(465920K)] 617646K->533436K(1214976K), 0.0164578 secs] [Times: user=0.02 sys=0.00, real=0.01 secs] 
1931.261: [GC (Allocation Failure) [PSYoungGen: 381814K->186197K(465920K)] 766396K->572025K(1214976K), 0.0202808 secs] [Times: user=0.03 sys=0.00, real=0.02 secs] 
1932.072: [GC (Allocation Failure) [PSYoungGen: 419157K->155361K(465920K)] 804985K->541454K(1214976K), 0.0221070 secs] [Times: user=0.03 sys=0.00, real=0.02 secs] 
1934.520: [GC (Allocation Failure) [PSYoungGen: 388321K->160K(465920K)] 774414K->387701K(1214976K), 0.0034320 secs] [Times: user=0.02 sys=0.00, real=0.00 secs] 
1935.083: [GC (Allocation Failure) [PSYoungGen: 233120K->174719K(465920K)] 620661K->562300K(1214976K), 0.0192103 secs] [Times: user=0.03 sys=0.00, real=0.02 secs] 
1935.427: [GC (Allocation Failure) [PSYoungGen: 407679K->185972K(465920K)] 795260K->574935K(1214976K), 0.0205074 secs] [Times: user=0.03 sys=0.00, real=0.02 secs] 
1935.956: [GC (Allocation Failure) [PSYoungGen: 418932K->137928K(465920K)] 807895K->527036K(1214976K), 0.0174115 secs] [Times: user=0.03 sys=0.00, real=0.02 secs] 
1936.975: [GC (Allocation Failure) [PSYoungGen: 370888K->15996K(465920K)] 759996K->405419K(1214976K), 0.0037799 secs] [Times: user=0.01 sys=0.00, real=0.01 secs] 
1937.251: [GC (Allocation Failure) [PSYoungGen: 248956K->185747K(465920K)] 638379K->576545K(1214976K), 0.0201699 secs] [Times: user=0.02 sys=0.00, real=0.02 secs] 
1937.536: [GC (Allocation Failure) [PSYoungGen: 418707K->185811K(465920K)] 809505K->576882K(1214976K), 0.0203444 secs] [Times: user=0.02 sys=0.00, real=0.02 secs] 
1938.224: [GC (Allocation Failure) [PSYoungGen: 418771K->111196K(465920K)] 809842K->502403K(1214976K), 0.0135103 secs] [Times: user=0.02 sys=0.00, real=0.02 secs] 
1939.886: [GC (Allocation Failure) [PSYoungGen: 344156K->41987K(465920K)] 735363K->433496K(1214976K), 0.0066487 secs] [Times: user=0.01 sys=0.00, real=0.00 secs] 
1940.171: [GC (Allocation Failure) [PSYoungGen: 274947K->185843K(465920K)] 666456K->578598K(1214976K), 0.0201674 secs] [Times: user=0.02 sys=0.00, real=0.02 secs] 
1940.456: [GC (Allocation Failure) [PSYoungGen: 418803K->185779K(465920K)] 811558K->578936K(1214976K), 0.0202646 secs] [Times: user=0.03 sys=0.00, real=0.02 secs] 
1941.655: [GC (Allocation Failure) [PSYoungGen: 418739K->68625K(465920K)] 811896K->461918K(1214976K), 0.0102100 secs] [Times: user=0.01 sys=0.00, real=0.01 secs] 
1943.091: [GC (Allocation Failure) [PSYoungGen: 301585K->67852K(465920K)] 694878K->461461K(1214976K), 0.0082653 secs] [Times: user=0.02 sys=0.00, real=0.01 secs] 
1943.424: [GC (Allocation Failure) [PSYoungGen: 300812K->185843K(465920K)] 694421K->580826K(1214976K), 0.0201780 secs] [Times: user=0.03 sys=0.00, real=0.02 secs] 
1943.708: [GC (Allocation Failure) [PSYoungGen: 418803K->185875K(465920K)] 813786K->581003K(1214976K), 0.0201930 secs] [Times: user=0.03 sys=0.00, real=0.02 secs] 
1944.510: [GC (Allocation Failure) [PSYoungGen: 418835K->42824K(465920K)] 813963K->438225K(1214976K), 0.0064442 secs] [Times: user=0.01 sys=0.00, real=0.01 secs] 
1945.158: [GC (Allocation Failure) [PSYoungGen: 275784K->94488K(465920K)] 671185K->490189K(1214976K), 0.0110138 secs] [Times: user=0.01 sys=0.00, real=0.01 secs] 
1945.493: [GC (Allocation Failure) [PSYoungGen: 327448K->184687K(465920K)] 723149K->581641K(1214976K), 0.0202671 secs] [Times: user=0.03 sys=0.00, real=0.02 secs] 
1945.779: [GC (Allocation Failure) [PSYoungGen: 417647K->184655K(465920K)] 814601K->581882K(1214976K), 0.0201748 secs] [Times: user=0.03 sys=0.00, real=0.02 secs] 
1946.858: [GC (Allocation Failure) [PSYoungGen: 417615K->18501K(465920K)] 814842K->415994K(1214976K), 0.0043449 secs] [Times: user=0.01 sys=0.00, real=0.00 secs] 
1947.448: [GC (Allocation Failure) [PSYoungGen: 251461K->118525K(465920K)] 648954K->516331K(1214976K), 0.0134846 secs] [Times: user=0.02 sys=0.00, real=0.01 secs] 
1947.783: [GC (Allocation Failure) [PSYoungGen: 351485K->184815K(465920K)] 749291K->583867K(1214976K), 0.0202871 secs] [Times: user=0.02 sys=0.00, real=0.02 secs] 
1948.177: [GC (Allocation Failure) [PSYoungGen: 417775K->179410K(465920K)] 816827K->578727K(1214976K), 0.0221300 secs] [Times: user=0.03 sys=0.00, real=0.02 secs] 
1949.153: [GC (Allocation Failure) [PSYoungGen: 412370K->96K(465920K)] 811687K->400842K(1214976K), 0.0021956 secs] [Times: user=0.01 sys=0.00, real=0.00 secs] 
1949.984: [GC (Allocation Failure) [PSYoungGen: 233056K->141239K(465920K)] 633802K->542001K(1214976K), 0.0157151 secs] [Times: user=0.02 sys=0.00, real=0.02 secs] 
1950.322: [GC (Allocation Failure) [PSYoungGen: 374199K->184301K(465920K)] 774961K->586309K(1214976K), 0.0201439 secs] [Times: user=0.03 sys=0.00, real=0.02 secs] 
1950.721: [GC (Allocation Failure) [PSYoungGen: 413967K->160743K(465920K)] 815975K->563016K(1214976K), 0.0214199 secs] [Times: user=0.03 sys=0.00, real=0.02 secs] 
1951.745: [GC (Allocation Failure) [PSYoungGen: 393703K->96K(465920K)] 795976K->403786K(1214976K), 0.0022751 secs] [Times: user=0.01 sys=0.00, real=0.01 secs] 
1952.160: [GC (Allocation Failure) [PSYoungGen: 233056K->161709K(465920K)] 636746K->565416K(1214976K), 0.0176525 secs] [Times: user=0.03 sys=0.00, real=0.02 secs] 
1952.441: [GC (Allocation Failure) [PSYoungGen: 394669K->184687K(465920K)] 798376K->589639K(1214976K), 0.0201734 secs] [Times: user=0.03 sys=0.00, real=0.02 secs] 
1953.796: [GC (Allocation Failure) [PSYoungGen: 417647K->144003K(465920K)] 822599K->549228K(1214976K), 0.0258279 secs] [Times: user=0.03 sys=0.00, real=0.03 secs] 
1956.176: [GC (Allocation Failure) [PSYoungGen: 376963K->192K(465920K)] 782188K->405731K(1214976K), 0.0024566 secs] [Times: user=0.01 sys=0.00, real=0.00 secs] 
1956.485: [GC (Allocation Failure) [PSYoungGen: 233152K->185036K(465920K)] 638691K->590623K(1214976K), 0.0202723 secs] [Times: user=0.03 sys=0.00, real=0.02 secs] 
1956.768: [GC (Allocation Failure) [PSYoungGen: 417996K->184237K(465920K)] 823583K->591069K(1214976K), 0.0203265 secs] [Times: user=0.03 sys=0.00, real=0.02 secs] 
1959.000: [GC (Allocation Failure) [PSYoungGen: 417197K->129462K(465920K)] 824029K->536560K(1214976K), 0.0368309 secs] [Times: user=0.06 sys=0.01, real=0.04 secs] 
1961.184: [GC (Allocation Failure) [PSYoungGen: 362422K->22582K(465920K)] 769520K->429990K(1214976K), 0.0058409 secs] [Times: user=0.01 sys=0.00, real=0.01 secs] 
1961.510: [GC (Allocation Failure) [PSYoungGen: 255542K->184044K(465920K)] 662950K->592689K(1214976K), 0.0200826 secs] [Times: user=0.02 sys=0.00, real=0.02 secs] 
1961.847: [GC (Allocation Failure) [PSYoungGen: 417004K->183884K(465920K)] 825649K->592802K(1214976K), 0.0202121 secs] [Times: user=0.03 sys=0.00, real=0.02 secs] 
1962.764: [GC (Allocation Failure) [PSYoungGen: 416844K->108192K(465920K)] 825762K->517503K(1214976K), 0.0230863 secs] [Times: user=0.04 sys=0.00, real=0.03 secs] 
1964.420: [GC (Allocation Failure) [PSYoungGen: 341152K->44174K(465920K)] 750463K->453663K(1214976K), 0.0073341 secs] [Times: user=0.01 sys=0.01, real=0.01 secs] 
1964.716: [GC (Allocation Failure) [PSYoungGen: 277134K->186325K(465920K)] 686623K->597068K(1214976K), 0.0203209 secs] [Times: user=0.03 sys=0.00, real=0.02 secs] 
1965.005: [GC (Allocation Failure) [PSYoungGen: 419285K->184751K(465920K)] 830028K->595767K(1214976K), 0.0201279 secs] [Times: user=0.03 sys=0.00, real=0.02 secs] 
1967.204: [GC (Allocation Failure) [PSYoungGen: 417711K->66986K(465920K)] 828727K->478275K(1214976K), 0.0158808 secs] [Times: user=0.02 sys=0.00, real=0.02 secs] 
1968.064: [GC (Allocation Failure) [PSYoungGen: 299946K->68591K(465920K)] 711235K->480193K(1214976K), 0.0084643 secs] [Times: user=0.02 sys=0.00, real=0.01 secs] 
1968.399: [GC (Allocation Failure) [PSYoungGen: 301551K->186325K(465920K)] 713153K->599173K(1214976K), 0.0202842 secs] [Times: user=0.03 sys=0.00, real=0.02 secs] 
1968.692: [GC (Allocation Failure) [PSYoungGen: 419285K->186100K(465920K)] 832133K->599221K(1214976K), 0.0204189 secs] [Times: user=0.03 sys=0.00, real=0.02 secs] 
1969.652: [GC (Allocation Failure) [PSYoungGen: 419060K->41298K(465920K)] 832181K->454684K(1214976K), 0.0062284 secs] [Times: user=0.02 sys=0.00, real=0.01 secs] 
1970.940: [GC (Allocation Failure) [PSYoungGen: 274258K->94941K(465920K)] 687644K->508641K(1214976K), 0.0126032 secs] [Times: user=0.02 sys=0.00, real=0.01 secs] 
1971.225: [GC (Allocation Failure) [PSYoungGen: 327901K->186100K(465920K)] 741601K->601046K(1214976K), 0.0203923 secs] [Times: user=0.02 sys=0.00, real=0.02 secs] 
1971.574: [GC (Allocation Failure) [PSYoungGen: 419060K->184462K(465920K)] 834006K->599688K(1214976K), 0.0202026 secs] [Times: user=0.02 sys=0.00, real=0.02 secs] 
1972.508: [GC (Allocation Failure) [PSYoungGen: 417422K->16798K(465920K)] 832648K->432298K(1214976K), 0.0042002 secs] [Times: user=0.02 sys=0.00, real=0.00 secs] 
1973.052: [GC (Allocation Failure) [PSYoungGen: 249758K->119422K(465920K)] 665258K->535227K(1214976K), 0.0136706 secs] [Times: user=0.02 sys=0.00, real=0.01 secs] 
1973.329: [GC (Allocation Failure) [PSYoungGen: 352382K->184205K(465920K)] 768187K->601255K(1214976K), 0.0201646 secs] [Times: user=0.03 sys=0.00, real=0.02 secs] 
1973.858: [GC (Allocation Failure) [PSYoungGen: 417165K->179121K(465920K)] 834215K->596445K(1214976K), 0.0227634 secs] [Times: user=0.03 sys=0.00, real=0.02 secs] 
1976.402: [GC (Allocation Failure) [PSYoungGen: 412081K->96K(465920K)] 829405K->418867K(1214976K), 0.0024813 secs] [Times: user=0.01 sys=0.00, real=0.00 secs] 
1976.916: [GC (Allocation Failure) [PSYoungGen: 233056K->143102K(465920K)] 651827K->561898K(1214976K), 0.0160215 secs] [Times: user=0.02 sys=0.00, real=0.01 secs] 
1977.198: [GC (Allocation Failure) [PSYoungGen: 376062K->186068K(465920K)] 794858K->606238K(1214976K), 0.0203638 secs] [Times: user=0.03 sys=0.00, real=0.02 secs] 
1979.365: [GC (Allocation Failure) [PSYoungGen: 419028K->161241K(465920K)] 839198K->581676K(1214976K), 0.0449229 secs] [Times: user=0.06 sys=0.00, real=0.05 secs] 
1981.564: [GC (Allocation Failure) [PSYoungGen: 394201K->96K(465920K)] 814636K->421847K(1214976K), 0.0041747 secs] [Times: user=0.02 sys=0.00, real=0.01 secs] 
1982.057: [GC (Allocation Failure) [PSYoungGen: 233056K->167972K(465920K)] 654807K->589739K(1214976K), 0.0182506 secs] [Times: user=0.02 sys=0.00, real=0.01 secs] 
1982.346: [GC (Allocation Failure) [PSYoungGen: 400932K->186229K(465920K)] 822699K->609243K(1214976K), 0.0203680 secs] [Times: user=0.02 sys=0.00, real=0.02 secs] 
1983.471: [GC (Allocation Failure) [PSYoungGen: 411704K->136131K(465920K)] 834718K->559538K(1214976K), 0.0189512 secs] [Times: user=0.03 sys=0.00, real=0.02 secs] 
1986.680: [GC (Allocation Failure) [PSYoungGen: 369091K->160K(465920K)] 792498K->423748K(1214976K), 0.0028316 secs] [Times: user=0.02 sys=0.00, real=0.00 secs] 
1987.018: [GC (Allocation Failure) [PSYoungGen: 233120K->184521K(465920K)] 656708K->608150K(1214976K), 0.0201293 secs] [Times: user=0.02 sys=0.00, real=0.02 secs] 
1987.363: [GC (Allocation Failure) [PSYoungGen: 417481K->184590K(465920K)] 841110K->609472K(1214976K), 0.0201961 secs] [Times: user=0.03 sys=0.00, real=0.02 secs] 
1987.967: [GC (Allocation Failure) [PSYoungGen: 417550K->129558K(465920K)] 842432K->554713K(1214976K), 0.0169810 secs] [Times: user=0.02 sys=0.00, real=0.01 secs] 
1989.295: [GC (Allocation Failure) [PSYoungGen: 362518K->24221K(465920K)] 787673K->449690K(1214976K), 0.0051857 secs] [Times: user=0.01 sys=0.00, real=0.01 secs] 
1989.659: [GC (Allocation Failure) [PSYoungGen: 257181K->184430K(465920K)] 682650K->611144K(1214976K), 0.0203877 secs] [Times: user=0.02 sys=0.00, real=0.02 secs] 
1989.949: [GC (Allocation Failure) [PSYoungGen: 417390K->186357K(465920K)] 844104K->613353K(1214976K), 0.0205524 secs] [Times: user=0.02 sys=0.00, real=0.02 secs] 
1991.281: [GC (Allocation Failure) [PSYoungGen: 419317K->103709K(465920K)] 846313K->530978K(1214976K), 0.0189243 secs] [Times: user=0.03 sys=0.00, real=0.02 secs] 
1993.228: [GC (Allocation Failure) [PSYoungGen: 336669K->49540K(465920K)] 763938K->477114K(1214976K), 0.0084984 secs] [Times: user=0.01 sys=0.00, real=0.00 secs] 
1993.653: [GC (Allocation Failure) [PSYoungGen: 282500K->185843K(465920K)] 710074K->614663K(1214976K), 0.0231852 secs] [Times: user=0.03 sys=0.00, real=0.03 secs] 
1993.944: [GC (Allocation Failure) [PSYoungGen: 418803K->185811K(465920K)] 847623K->614904K(1214976K), 0.0204077 secs] [Times: user=0.03 sys=0.00, real=0.02 secs] 
1995.926: [GC (Allocation Failure) [PSYoungGen: 418771K->61074K(465920K)] 847864K->490440K(1214976K), 0.0201612 secs] [Times: user=0.03 sys=0.00, real=0.02 secs] 
1998.278: [GC (Allocation Failure) [PSYoungGen: 293995K->74634K(465920K)] 723360K->504310K(1214976K), 0.0103047 secs] [Times: user=0.02 sys=0.00, real=0.01 secs] 
1998.568: [GC (Allocation Failure) [PSYoungGen: 307594K->186325K(465920K)] 737270K->617247K(1214976K), 0.0204931 secs] [Times: user=0.02 sys=0.00, real=0.02 secs] 
1998.912: [GC (Allocation Failure) [PSYoungGen: 419285K->186068K(465920K)] 850207K->617263K(1214976K), 0.0204037 secs] [Times: user=0.03 sys=0.00, real=0.02 secs] 
2000.763: [GC (Allocation Failure) [PSYoungGen: 419028K->35193K(465920K)] 850223K->466781K(1214976K), 0.0064702 secs] [Times: user=0.02 sys=0.00, real=0.01 secs] 
2002.070: [GC (Allocation Failure) [PSYoungGen: 268153K->101271K(465920K)] 699741K->533036K(1214976K), 0.0120897 secs] [Times: user=0.02 sys=0.00, real=0.01 secs] 
2002.352: [GC (Allocation Failure) [PSYoungGen: 334231K->186100K(465920K)] 765996K->619111K(1214976K), 0.0205057 secs] [Times: user=0.02 sys=0.00, real=0.02 secs] 
2002.638: [GC (Allocation Failure) [PSYoungGen: 419060K->185843K(465920K)] 852071K->619256K(1214976K), 0.0203449 secs] [Times: user=0.03 sys=0.00, real=0.02 secs] 
2004.645: [GC (Allocation Failure) [PSYoungGen: 418803K->9103K(465920K)] 852216K->442660K(1214976K), 0.0044190 secs] [Times: user=0.02 sys=0.00, real=0.01 secs] 
2005.591: [GC (Allocation Failure) [PSYoungGen: 242063K->126622K(465920K)] 675620K->560485K(1214976K), 0.0144571 secs] [Times: user=0.02 sys=0.00, real=0.01 secs] 
2005.926: [GC (Allocation Failure) [PSYoungGen: 359582K->184141K(465920K)] 793445K->619249K(1214976K), 0.0202391 secs] [Times: user=0.03 sys=0.00, real=0.02 secs] 
2006.369: [GC (Allocation Failure) [PSYoungGen: 417101K->173476K(465920K)] 852209K->608857K(1214976K), 0.0228084 secs] [Times: user=0.03 sys=0.00, real=0.02 secs] 
2007.309: [GC (Allocation Failure) [PSYoungGen: 406436K->96K(465920K)] 841817K->436911K(1214976K), 0.0022424 secs] [Times: user=0.01 sys=0.00, real=0.00 secs] 
2007.852: [GC (Allocation Failure) [PSYoungGen: 233056K->148631K(465920K)] 669871K->585454K(1214976K), 0.0164930 secs] [Times: user=0.02 sys=0.00, real=0.02 secs] 
2008.131: [GC (Allocation Failure) [PSYoungGen: 381591K->184333K(465920K)] 818414K->622410K(1214976K), 0.0201850 secs] [Times: user=0.03 sys=0.00, real=0.02 secs] 
2008.615: [GC (Allocation Failure) [PSYoungGen: 417293K->157498K(465920K)] 855370K->595839K(1214976K), 0.0188647 secs] [Times: user=0.03 sys=0.00, real=0.02 secs] 
2009.848: [GC (Allocation Failure) [PSYoungGen: 390458K->96K(465920K)] 828799K->439877K(1214976K), 0.0025326 secs] [Times: user=0.01 sys=0.00, real=0.00 secs] 
2010.438: [GC (Allocation Failure) [PSYoungGen: 233056K->170994K(465920K)] 672837K->610792K(1214976K), 0.0189721 secs] [Times: user=0.02 sys=0.00, real=0.02 secs] 
2010.725: [GC (Allocation Failure) [PSYoungGen: 403954K->184462K(465920K)] 843752K->625513K(1214976K), 0.0203588 secs] [Times: user=0.03 sys=0.00, real=0.02 secs] 
2011.329: [GC (Allocation Failure) [PSYoungGen: 409337K->135038K(465920K)] 850388K->576483K(1214976K), 0.0217498 secs] [Times: user=0.03 sys=0.01, real=0.02 secs] 
2013.306: [GC (Allocation Failure) [PSYoungGen: 367910K->1473K(465920K)] 809354K->443086K(1214976K), 0.0028611 secs] [Times: user=0.01 sys=0.00, real=0.01 secs] 
2013.641: [GC (Allocation Failure) [PSYoungGen: 234433K->184847K(465920K)] 676046K->627715K(1214976K), 0.0203371 secs] [Times: user=0.02 sys=0.00, real=0.02 secs] 
2013.925: [GC (Allocation Failure) [PSYoungGen: 417807K->184687K(465920K)] 860675K->627956K(1214976K), 0.0200965 secs] [Times: user=0.03 sys=0.00, real=0.02 secs] 
2015.081: [GC (Allocation Failure) [PSYoungGen: 417647K->127759K(465920K)] 860916K->571173K(1214976K), 0.0162921 secs] [Times: user=0.02 sys=0.00, real=0.02 secs] 
2016.338: [GC (Allocation Failure) [PSYoungGen: 360719K->24478K(465920K)] 804133K->468206K(1214976K), 0.0054657 secs] [Times: user=0.01 sys=0.00, real=0.00 secs] 
2016.647: [GC (Allocation Failure) [PSYoungGen: 257438K->183787K(465920K)] 701166K->628768K(1214976K), 0.0199611 secs] [Times: user=0.03 sys=0.00, real=0.02 secs] 
2016.930: [GC (Allocation Failure) [PSYoungGen: 416747K->184430K(465920K)] 861728K->629684K(1214976K), 0.0200484 secs] [Times: user=0.02 sys=0.00, real=0.02 secs] 
2018.161: [GC (Allocation Failure) [PSYoungGen: 417390K->106039K(465920K)] 862644K->551558K(1214976K), 0.0153989 secs] [Times: user=0.03 sys=0.00, real=0.02 secs] 
2019.729: [GC (Allocation Failure) [PSYoungGen: 338999K->45685K(465920K)] 784518K->491509K(1214976K), 0.0071493 secs] [Times: user=0.01 sys=0.00, real=0.01 secs] 
2020.014: [GC (Allocation Failure) [PSYoungGen: 278645K->186325K(465920K)] 724469K->633396K(1214976K), 0.0204299 secs] [Times: user=0.03 sys=0.00, real=0.02 secs] 
2020.357: [GC (Allocation Failure) [PSYoungGen: 419285K->184847K(465920K)] 866356K->632191K(1214976K), 0.0203379 secs] [Times: user=0.03 sys=0.00, real=0.02 secs] 
2022.230: [GC (Allocation Failure) [PSYoungGen: 417807K->65476K(465920K)] 865151K->513093K(1214976K), 0.0108301 secs] [Times: user=0.02 sys=0.00, real=0.01 secs] 
2024.584: [GC (Allocation Failure) [PSYoungGen: 298436K->70840K(465920K)] 746053K->518762K(1214976K), 0.0088302 secs] [Times: user=0.01 sys=0.00, real=0.01 secs] 
2024.918: [GC (Allocation Failure) [PSYoungGen: 303800K->186389K(465920K)] 751722K->635557K(1214976K), 0.0203113 secs] [Times: user=0.03 sys=0.00, real=0.02 secs] 
2025.206: [GC (Allocation Failure) [PSYoungGen: 419349K->184815K(465920K)] 868517K->634256K(1214976K), 0.0203639 secs] [Times: user=0.03 sys=0.00, real=0.02 secs] 
2026.018: [GC (Allocation Failure) [PSYoungGen: 417775K->40414K(465920K)] 867216K->490120K(1214976K), 0.0065432 secs] [Times: user=0.02 sys=0.00, real=0.00 secs] 
2026.709: [GC (Allocation Failure) [PSYoungGen: 273374K->95773K(465920K)] 723080K->545785K(1214976K), 0.0112535 secs] [Times: user=0.02 sys=0.00, real=0.01 secs] 
2027.041: [GC (Allocation Failure) [PSYoungGen: 328733K->183916K(465920K)] 778745K->635173K(1214976K), 0.0201520 secs] [Times: user=0.03 sys=0.00, real=0.02 secs] 
2027.330: [GC (Allocation Failure) [PSYoungGen: 416876K->184398K(465920K)] 868133K->635928K(1214976K), 0.0202429 secs] [Times: user=0.03 sys=0.00, real=0.02 secs] 
2030.913: [GC (Allocation Failure) [PSYoungGen: 417358K->18260K(465920K)] 868888K->470055K(1214976K), 0.0047446 secs] [Times: user=0.01 sys=0.00, real=0.01 secs] 
2032.357: [GC (Allocation Failure) [PSYoungGen: 251220K->117494K(465920K)] 703015K->569589K(1214976K), 0.0134604 secs] [Times: user=0.02 sys=0.00, real=0.01 secs] 
2032.633: [GC (Allocation Failure) [PSYoungGen: 350454K->184141K(465920K)] 802549K->637610K(1214976K), 0.0200958 secs] [Times: user=0.02 sys=0.00, real=0.02 secs] 
2032.982: [GC (Allocation Failure) [PSYoungGen: 417101K->181033K(465920K)] 870570K->634646K(1214976K), 0.0200140 secs] [Times: user=0.03 sys=0.00, real=0.02 secs] 
2033.992: [GC (Allocation Failure) [PSYoungGen: 413993K->96K(465920K)] 867606K->455143K(1214976K), 0.0029253 secs] [Times: user=0.01 sys=0.00, real=0.00 secs] 
2034.508: [GC (Allocation Failure) [PSYoungGen: 233056K->141820K(465920K)] 688103K->596875K(1214976K), 0.0159184 secs] [Times: user=0.02 sys=0.00, real=0.01 secs] 
2034.847: [GC (Allocation Failure) [PSYoungGen: 374780K->186100K(465920K)] 829835K->642409K(1214976K), 0.0204597 secs] [Times: user=0.03 sys=0.00, real=0.02 secs] 
2036.037: [GC (Allocation Failure) [PSYoungGen: 419060K->162526K(465920K)] 875369K->619108K(1214976K), 0.0455898 secs] [Times: user=0.07 sys=0.00, real=0.04 secs] 
2037.792: [GC (Allocation Failure) [PSYoungGen: 395486K->128K(465920K)] 852068K->458151K(1214976K), 0.0025418 secs] [Times: user=0.01 sys=0.00, real=0.00 secs] 
2038.280: [GC (Allocation Failure) [PSYoungGen: 233088K->167104K(465920K)] 691111K->625144K(1214976K), 0.0185590 secs] [Times: user=0.02 sys=0.00, real=0.02 secs] 
2038.568: [GC (Allocation Failure) [PSYoungGen: 400064K->186229K(465920K)] 858104K->645522K(1214976K), 0.0206621 secs] [Times: user=0.02 sys=0.00, real=0.02 secs] 
2039.134: [GC (Allocation Failure) [PSYoungGen: 411745K->137110K(465920K)] 871038K->596797K(1214976K), 0.0181027 secs] [Times: user=0.03 sys=0.00, real=0.02 secs] 
2040.586: [GC (Allocation Failure) [PSYoungGen: 370070K->1344K(465920K)] 829757K->461218K(1214976K), 0.0035443 secs] [Times: user=0.01 sys=0.01, real=0.00 secs] 
2040.981: [GC (Allocation Failure) [PSYoungGen: 234304K->184173K(465920K)] 694178K->645292K(1214976K), 0.0202710 secs] [Times: user=0.03 sys=0.00, real=0.02 secs] 
2041.323: [GC (Allocation Failure) [PSYoungGen: 417133K->186100K(465920K)] 878252K->647493K(1214976K), 0.0200421 secs] [Times: user=0.02 sys=0.00, real=0.02 secs] 
2042.653: [GC (Allocation Failure) [PSYoungGen: 419060K->127132K(465920K)] 880453K->588790K(1214976K), 0.0255586 secs] [Times: user=0.05 sys=0.00, real=0.03 secs] 
2044.626: [GC (Allocation Failure) [PSYoungGen: 360092K->25343K(465920K)] 821750K->487308K(1214976K), 0.0048064 secs] [Times: user=0.01 sys=0.00, real=0.00 secs] 
2044.905: [GC (Allocation Failure) [PSYoungGen: 258303K->186100K(465920K)] 720268K->649440K(1214976K), 0.0203806 secs] [Times: user=0.02 sys=0.00, real=0.02 secs] 
2045.190: [GC (Allocation Failure) [PSYoungGen: 419060K->184687K(465920K)] 882400K->648171K(1214976K), 0.0200692 secs] [Times: user=0.03 sys=0.00, real=0.02 secs] 
2046.227: [GC (Allocation Failure) [PSYoungGen: 417647K->102681K(465920K)] 881131K->566430K(1214976K), 0.0124950 secs] [Times: user=0.02 sys=0.00, real=0.01 secs] 
2047.049: [GC (Allocation Failure) [PSYoungGen: 335641K->49572K(465920K)] 799390K->513629K(1214976K), 0.0066226 secs] [Times: user=0.02 sys=0.00, real=0.00 secs] 
2047.321: [GC (Allocation Failure) [PSYoungGen: 282532K->186357K(465920K)] 746589K->651668K(1214976K), 0.0203743 secs] [Times: user=0.03 sys=0.00, real=0.02 secs] 
2047.611: [GC (Allocation Failure) [PSYoungGen: 419317K->186036K(465920K)] 884628K->651748K(1214976K), 0.0203765 secs] [Times: user=0.03 sys=0.00, real=0.02 secs] 
2048.362: [GC (Allocation Failure) [PSYoungGen: 418996K->60400K(465920K)] 884708K->526256K(1214976K), 0.0088226 secs] [Times: user=0.02 sys=0.00, real=0.01 secs] 
2049.079: [GC (Allocation Failure) [PSYoungGen: 293360K->75791K(465920K)] 759216K->541961K(1214976K), 0.0092433 secs] [Times: user=0.01 sys=0.00, real=0.01 secs] 
2049.411: [GC (Allocation Failure) [PSYoungGen: 308751K->186357K(465920K)] 774921K->653773K(1214976K), 0.0204577 secs] [Times: user=0.02 sys=0.00, real=0.02 secs] 
2049.750: [GC (Allocation Failure) [PSYoungGen: 419317K->184815K(465920K)] 886733K->652504K(1214976K), 0.0200696 secs] [Times: user=0.03 sys=0.00, real=0.02 secs] 
2051.608: [GC (Allocation Failure) [PSYoungGen: 417775K->35370K(465920K)] 885464K->503332K(1214976K), 0.0127156 secs] [Times: user=0.03 sys=0.00, real=0.01 secs] 
2053.066: [GC (Allocation Failure) [PSYoungGen: 268330K->101399K(465920K)] 736292K->569667K(1214976K), 0.0118745 secs] [Times: user=0.02 sys=0.00, real=0.01 secs] 
2053.403: [GC (Allocation Failure) [PSYoungGen: 334359K->184687K(465920K)] 802627K->654200K(1214976K), 0.0202744 secs] [Times: user=0.03 sys=0.00, real=0.02 secs] 
2053.693: [GC (Allocation Failure) [PSYoungGen: 417647K->186454K(465920K)] 887160K->656240K(1214976K), 0.0204838 secs] [Times: user=0.03 sys=0.00, real=0.02 secs] 
2056.467: [GC (Allocation Failure) [PSYoungGen: 419414K->9826K(465920K)] 889200K->479877K(1214976K), 0.0070212 secs] [Times: user=0.03 sys=0.00, real=0.00 secs] 
2057.529: [GC (Allocation Failure) [PSYoungGen: 242786K->127390K(465920K)] 712837K->597765K(1214976K), 0.0143519 secs] [Times: user=0.02 sys=0.00, real=0.01 secs] 
2057.862: [GC (Allocation Failure) [PSYoungGen: 360350K->185875K(465920K)] 830725K->657633K(1214976K), 0.0204474 secs] [Times: user=0.02 sys=0.00, real=0.02 secs] 
2058.392: [GC (Allocation Failure) [PSYoungGen: 418835K->173066K(465920K)] 890593K->645096K(1214976K), 0.0276180 secs] [Times: user=0.03 sys=0.00, real=0.03 secs] 
2060.362: [GC (Allocation Failure) [PSYoungGen: 406026K->96K(465920K)] 878056K->473455K(1214976K), 0.0025660 secs] [Times: user=0.01 sys=0.00, real=0.00 secs] 
2060.821: [GC (Allocation Failure) [PSYoungGen: 233024K->152709K(465920K)] 706383K->626085K(1214976K), 0.0169115 secs] [Times: user=0.02 sys=0.00, real=0.02 secs] 
2061.102: [GC (Allocation Failure) [PSYoungGen: 385669K->184912K(465920K)] 859045K->659533K(1214976K), 0.0202757 secs] [Times: user=0.02 sys=0.00, real=0.02 secs] 
2061.611: [GC (Allocation Failure) [PSYoungGen: 417872K->152774K(465920K)] 892493K->627668K(1214976K), 0.0195406 secs] [Times: user=0.03 sys=0.00, real=0.02 secs] 
2062.699: [GC (Allocation Failure) [PSYoungGen: 385734K->96K(465920K)] 860628K->476435K(1214976K), 0.0023757 secs] [Times: user=0.01 sys=0.00, real=0.00 secs] 
2063.084: [GC (Allocation Failure) [PSYoungGen: 233056K->175557K(465920K)] 709395K->651921K(1214976K), 0.0191834 secs] [Times: user=0.02 sys=0.00, real=0.02 secs] 
2063.427: [GC (Allocation Failure) [PSYoungGen: 408517K->184301K(465920K)] 884881K->662039K(1214976K), 0.0207036 secs] [Times: user=0.03 sys=0.00, real=0.02 secs] 
2064.309: [GC (Allocation Failure) [PSYoungGen: 417261K->138700K(465920K)] 894999K->616582K(1214976K), 0.0254510 secs] [Times: user=0.04 sys=0.00, real=0.02 secs] 
2066.255: [GC (Allocation Failure) [PSYoungGen: 371660K->13457K(465920K)] 849542K->491650K(1214976K), 0.0041008 secs] [Times: user=0.01 sys=0.00, real=0.01 secs] 
2066.548: [GC (Allocation Failure) [PSYoungGen: 246417K->184141K(465920K)] 724610K->663579K(1214976K), 0.0203451 secs] [Times: user=0.02 sys=0.00, real=0.02 secs] 
2066.830: [GC (Allocation Failure) [PSYoungGen: 417101K->184012K(465920K)] 896539K->663723K(1214976K), 0.0202970 secs] [Times: user=0.02 sys=0.00, real=0.02 secs] 
2067.814: [GC (Allocation Failure) [PSYoungGen: 416972K->117060K(465920K)] 896683K->597165K(1214976K), 0.0164980 secs] [Times: user=0.03 sys=0.00, real=0.02 secs] 
2069.438: [GC (Allocation Failure) [PSYoungGen: 350020K->35335K(465920K)] 830125K->515620K(1214976K), 0.0053663 secs] [Times: user=0.01 sys=0.00, real=0.00 secs] 
2069.711: [GC (Allocation Failure) [PSYoungGen: 268295K->186357K(465920K)] 748580K->668016K(1214976K), 0.0204065 secs] [Times: user=0.03 sys=0.00, real=0.02 secs] 
2070.051: [GC (Allocation Failure) [PSYoungGen: 419317K->186132K(465920K)] 900976K->667943K(1214976K), 0.0204403 secs] [Times: user=0.03 sys=0.00, real=0.02 secs] 
2070.811: [GC (Allocation Failure) [PSYoungGen: 419092K->74553K(465920K)] 900903K->556758K(1214976K), 0.0109851 secs] [Times: user=0.02 sys=0.00, real=0.01 secs] 
2071.671: [GC (Allocation Failure) [PSYoungGen: 307513K->62425K(465920K)] 789718K->544808K(1214976K), 0.0079655 secs] [Times: user=0.01 sys=0.00, real=0.01 secs] 
2071.942: [GC (Allocation Failure) [PSYoungGen: 295385K->184590K(465920K)] 777768K->668228K(1214976K), 0.0202861 secs] [Times: user=0.03 sys=0.00, real=0.02 secs] 
2072.225: [GC (Allocation Failure) [PSYoungGen: 417550K->184526K(465920K)] 901188K->668437K(1214976K), 0.0203140 secs] [Times: user=0.03 sys=0.00, real=0.02 secs] 
2074.252: [GC (Allocation Failure) [PSYoungGen: 417486K->50793K(465920K)] 901397K->534968K(1214976K), 0.0099044 secs] [Times: user=0.02 sys=0.00, real=0.01 secs] 
2074.950: [GC (Allocation Failure) [PSYoungGen: 283753K->86459K(465920K)] 767928K->570950K(1214976K), 0.0103215 secs] [Times: user=0.02 sys=0.00, real=0.01 secs] 
2075.223: [GC (Allocation Failure) [PSYoungGen: 319419K->184526K(465920K)] 803910K->670263K(1214976K), 0.0202604 secs] [Times: user=0.02 sys=0.00, real=0.02 secs] 
2075.510: [GC (Allocation Failure) [PSYoungGen: 417486K->186389K(465920K)] 903223K->672528K(1214976K), 0.0203339 secs] [Times: user=0.02 sys=0.01, real=0.02 secs] 
2078.620: [GC (Allocation Failure) [PSYoungGen: 419349K->24927K(465920K)] 905488K->511203K(1214976K), 0.0071727 secs] [Times: user=0.02 sys=0.00, real=0.01 secs] 
2079.595: [GC (Allocation Failure) [PSYoungGen: 257887K->111938K(465920K)] 744163K->598513K(1214976K), 0.0127653 secs] [Times: user=0.02 sys=0.00, real=0.02 secs] 
2079.930: [GC (Allocation Failure) [PSYoungGen: 344898K->185843K(465920K)] 831473K->673672K(1214976K), 0.0204254 secs] [Times: user=0.03 sys=0.00, real=0.02 secs] 
2080.212: [GC (Allocation Failure) [PSYoungGen: 418803K->183080K(465920K)] 906632K->671303K(1214976K), 0.0200805 secs] [Times: user=0.02 sys=0.00, real=0.02 secs] 
2081.953: [GC (Allocation Failure) [PSYoungGen: 416040K->1376K(465920K)] 904263K->489622K(1214976K), 0.0024064 secs] [Times: user=0.01 sys=0.00, real=0.00 secs] 
2082.537: [GC (Allocation Failure) [PSYoungGen: 234336K->134333K(465920K)] 722582K->622767K(1214976K), 0.0151991 secs] [Times: user=0.03 sys=0.00, real=0.01 secs] 
2082.816: [GC (Allocation Failure) [PSYoungGen: 367293K->184655K(465920K)] 855727K->674334K(1214976K), 0.0202943 secs] [Times: user=0.02 sys=0.00, real=0.02 secs] 
2083.736: [GC (Allocation Failure) [PSYoungGen: 417615K->167314K(465920K)] 907294K->657258K(1214976K), 0.0362629 secs] [Times: user=0.05 sys=0.00, real=0.04 secs] 
2085.967: [GC (Allocation Failure) [PSYoungGen: 400274K->96K(465920K)] 890218K->491484K(1214976K), 0.0025687 secs] [Times: user=0.01 sys=0.00, real=0.00 secs] 
2086.501: [GC (Allocation Failure) [PSYoungGen: 233056K->158496K(465920K)] 724444K->649916K(1214976K), 0.0174652 secs] [Times: user=0.03 sys=0.00, real=0.02 secs] 
2086.782: [GC (Allocation Failure) [PSYoungGen: 391456K->184815K(465920K)] 882876K->677473K(1214976K), 0.0203593 secs] [Times: user=0.03 sys=0.00, real=0.02 secs] 
2087.636: [GC (Allocation Failure) [PSYoungGen: 417775K->147087K(465920K)] 910433K->640018K(1214976K), 0.0206645 secs] [Times: user=0.03 sys=0.00, real=0.02 secs] 
2090.012: [GC (Allocation Failure) [PSYoungGen: 380047K->96K(465920K)] 872978K->494456K(1214976K), 0.0038925 secs] [Times: user=0.02 sys=0.00, real=0.00 secs] 
2090.428: [GC (Allocation Failure) [PSYoungGen: 233056K->181951K(465920K)] 727416K->676327K(1214976K), 0.0199291 secs] [Times: user=0.03 sys=0.00, real=0.02 secs] 
2090.713: [GC (Allocation Failure) [PSYoungGen: 414911K->186357K(465920K)] 909287K->681980K(1214976K), 0.0205772 secs] [Times: user=0.02 sys=0.00, real=0.02 secs] 
2091.509: [GC (Allocation Failure) [PSYoungGen: 419317K->130330K(465920K)] 914940K->626217K(1214976K), 0.0160267 secs] [Times: user=0.03 sys=0.00, real=0.01 secs] 
2092.436: [GC (Allocation Failure) [PSYoungGen: 363290K->23193K(465920K)] 859177K->519402K(1214976K), 0.0043198 secs] [Times: user=0.01 sys=0.00, real=0.01 secs] 
2092.706: [GC (Allocation Failure) [PSYoungGen: 256153K->185843K(465920K)] 752362K->683290K(1214976K), 0.0202479 secs] [Times: user=0.03 sys=0.00, real=0.02 secs] 
2093.046: [GC (Allocation Failure) [PSYoungGen: 418803K->185811K(465920K)] 916250K->683659K(1214976K), 0.0203475 secs] [Times: user=0.03 sys=0.00, real=0.02 secs] 
2094.202: [GC (Allocation Failure) [PSYoungGen: 418771K->103870K(465920K)] 916619K->601854K(1214976K), 0.0150270 secs] [Times: user=0.03 sys=0.00, real=0.02 secs] 
2095.875: [GC (Allocation Failure) [PSYoungGen: 336830K->49087K(465920K)] 834814K->547378K(1214976K), 0.0077441 secs] [Times: user=0.02 sys=0.00, real=0.01 secs] 
2096.216: [GC (Allocation Failure) [PSYoungGen: 282047K->185843K(465920K)] 780338K->685379K(1214976K), 0.0203271 secs] [Times: user=0.03 sys=0.00, real=0.02 secs] 
2096.506: [GC (Allocation Failure) [PSYoungGen: 418803K->185811K(465920K)] 918339K->685628K(1214976K), 0.0203188 secs] [Times: user=0.02 sys=0.00, real=0.03 secs] 
2098.208: [GC (Allocation Failure) [PSYoungGen: 418771K->61541K(465920K)] 918588K->561631K(1214976K), 0.0157111 secs] [Times: user=0.03 sys=0.00, real=0.01 secs] 
2099.329: [GC (Allocation Failure) [PSYoungGen: 294501K->74217K(465920K)] 794591K->574605K(1214976K), 0.0120286 secs] [Times: user=0.02 sys=0.00, real=0.01 secs] 
2099.640: [GC (Allocation Failure) [PSYoungGen: 307177K->186325K(465920K)] 807565K->687959K(1214976K), 0.0204331 secs] [Times: user=0.03 sys=0.00, real=0.02 secs] 
2099.925: [GC (Allocation Failure) [PSYoungGen: 419285K->186132K(465920K)] 920919K->688031K(1214976K), 0.0203581 secs] [Times: user=0.03 sys=0.00, real=0.02 secs] 
2102.123: [GC (Allocation Failure) [PSYoungGen: 419092K->35627K(465920K)] 920991K->537919K(1214976K), 0.0137675 secs] [Times: user=0.03 sys=0.00, real=0.02 secs] 
2103.330: [GC (Allocation Failure) [PSYoungGen: 268587K->100882K(465920K)] 770879K->603359K(1214976K), 0.0143302 secs] [Times: user=0.02 sys=0.00, real=0.01 secs] 
2103.627: [GC (Allocation Failure) [PSYoungGen: 333842K->185972K(465920K)] 836319K->689695K(1214976K), 0.0206191 secs] [Times: user=0.02 sys=0.00, real=0.02 secs] 
2103.915: [GC (Allocation Failure) [PSYoungGen: 418932K->185972K(465920K)] 922655K->689968K(1214976K), 0.0201991 secs] [Times: user=0.03 sys=0.00, real=0.02 secs] 
2105.054: [GC (Allocation Failure) [PSYoungGen: 418932K->9505K(465920K)] 922928K->513765K(1214976K), 0.0033653 secs] [Times: user=0.01 sys=0.00, real=0.01 secs] 
2105.607: [GC (Allocation Failure) [PSYoungGen: 242465K->127007K(465920K)] 746725K->631582K(1214976K), 0.0144664 secs] [Times: user=0.02 sys=0.00, real=0.01 secs] 
2105.886: [GC (Allocation Failure) [PSYoungGen: 359967K->186132K(465920K)] 864542K->691945K(1214976K), 0.0206543 secs] [Times: user=0.02 sys=0.00, real=0.02 secs] 
2106.571: [GC (Allocation Failure) [PSYoungGen: 419092K->173210K(465920K)] 924905K->679287K(1214976K), 0.0232049 secs] [Times: user=0.03 sys=0.00, real=0.02 secs] 
2109.472: [GC (Allocation Failure) [PSYoungGen: 406170K->96K(465920K)] 912247K->507610K(1214976K), 0.0034477 secs] [Times: user=0.01 sys=0.00, real=0.00 secs] 
2110.114: [GC (Allocation Failure) [PSYoungGen: 233056K->152709K(465920K)] 740570K->660240K(1214976K), 0.0170071 secs] [Times: user=0.02 sys=0.00, real=0.02 secs] 
2110.396: [GC (Allocation Failure) [PSYoungGen: 385669K->185843K(465920K)] 893200K->694620K(1214976K), 0.0204613 secs] [Times: user=0.03 sys=0.00, real=0.02 secs] 
2111.585: [GC (Allocation Failure) [PSYoungGen: 418803K->151842K(465920K)] 927580K->660884K(1214976K), 0.0422301 secs] [Times: user=0.06 sys=0.00, real=0.05 secs] 
2114.464: [GC (Allocation Failure) [PSYoungGen: 384802K->160K(465920K)] 893844K->510641K(1214976K), 0.0051998 secs] [Times: user=0.02 sys=0.00, real=0.01 secs] 
2115.002: [GC (Allocation Failure) [PSYoungGen: 233120K->177517K(465920K)] 743601K->688022K(1214976K), 0.0195002 secs] [Times: user=0.02 sys=0.00, real=0.02 secs] 
2115.347: [GC (Allocation Failure) [PSYoungGen: 410477K->186229K(465920K)] 920982K->698108K(1214976K), 0.0205477 secs] [Times: user=0.03 sys=0.00, real=0.02 secs] 
2116.518: [GC (Allocation Failure) [PSYoungGen: 419189K->134876K(465920K)] 931068K->647020K(1214976K), 0.0228777 secs] [Times: user=0.04 sys=0.00, real=0.02 secs] 
2119.143: [GC (Allocation Failure) [PSYoungGen: 367836K->19080K(465920K)] 879980K->531402K(1214976K), 0.0046943 secs] [Times: user=0.02 sys=0.00, real=0.01 secs] 
2119.436: [GC (Allocation Failure) [PSYoungGen: 252040K->185683K(465920K)] 764362K->699250K(1214976K), 0.0204730 secs] [Times: user=0.03 sys=0.00, real=0.03 secs] 
2119.724: [GC (Allocation Failure) [PSYoungGen: 418643K->184398K(465920K)] 932210K->698238K(1214976K), 0.0203499 secs] [Times: user=0.03 sys=0.00, real=0.02 secs] 
2120.957: [GC (Allocation Failure) [PSYoungGen: 417358K->109493K(465920K)] 931198K->623727K(1214976K), 0.0299444 secs] [Times: user=0.06 sys=0.00, real=0.03 secs] 
2122.640: [GC (Allocation Failure) [PSYoungGen: 342453K->43757K(465920K)] 856687K->558176K(1214976K), 0.0084615 secs] [Times: user=0.01 sys=0.00, real=0.01 secs] 
2123.031: [GC (Allocation Failure) [PSYoungGen: 276717K->186389K(465920K)] 791136K->702054K(1214976K), 0.0204911 secs] [Times: user=0.03 sys=0.00, real=0.02 secs] 
2123.375: [GC (Allocation Failure) [PSYoungGen: 419349K->185972K(465920K)] 935014K->701918K(1214976K), 0.0203966 secs] [Times: user=0.03 sys=0.00, real=0.02 secs] 
2124.136: [GC (Allocation Failure) [PSYoungGen: 418932K->66215K(465920K)] 934878K->582426K(1214976K), 0.0106308 secs] [Times: user=0.02 sys=0.00, real=0.01 secs] 
2124.891: [GC (Allocation Failure) [PSYoungGen: 299175K->70808K(465920K)] 815386K->587332K(1214976K), 0.0087772 secs] [Times: user=0.02 sys=0.00, real=0.01 secs] 
2125.235: [GC (Allocation Failure) [PSYoungGen: 303768K->184076K(465920K)] 820292K->701854K(1214976K), 0.0204055 secs] [Times: user=0.03 sys=0.00, real=0.02 secs] 
2125.524: [GC (Allocation Failure) [PSYoungGen: 417036K->184655K(465920K)] 934814K->702706K(1214976K), 0.0201832 secs] [Times: user=0.03 sys=0.00, real=0.02 secs] 
2126.386: [GC (Allocation Failure) [PSYoungGen: 417615K->42792K(465920K)] 935666K->561108K(1214976K), 0.0073200 secs] [Times: user=0.02 sys=0.00, real=0.01 secs] 
2127.196: [GC (Allocation Failure) [PSYoungGen: 275752K->93589K(465920K)] 794068K->612213K(1214976K), 0.0109730 secs] [Times: user=0.02 sys=0.00, real=0.02 secs] 
2127.468: [GC (Allocation Failure) [PSYoungGen: 326549K->183916K(465920K)] 845173K->703786K(1214976K), 0.0201596 secs] [Times: user=0.03 sys=0.00, real=0.02 secs] 
2127.752: [GC (Allocation Failure) [PSYoungGen: 416876K->184398K(465920K)] 936746K->704541K(1214976K), 0.0202170 secs] [Times: user=0.02 sys=0.00, real=0.02 secs] 
2128.624: [GC (Allocation Failure) [PSYoungGen: 417358K->20477K(465920K)] 937501K->540885K(1214976K), 0.0044099 secs] [Times: user=0.01 sys=0.01, real=0.01 secs] 
2129.183: [GC (Allocation Failure) [PSYoungGen: 253437K->115823K(465920K)] 773845K->636539K(1214976K), 0.0133348 secs] [Times: user=0.02 sys=0.00, real=0.01 secs] 
2129.459: [GC (Allocation Failure) [PSYoungGen: 348783K->184173K(465920K)] 869499K->706263K(1214976K), 0.0203198 secs] [Times: user=0.03 sys=0.00, real=0.02 secs] 
2129.746: [GC (Allocation Failure) [PSYoungGen: 417133K->182208K(465920K)] 939223K->704442K(1214976K), 0.0199891 secs] [Times: user=0.03 sys=0.00, real=0.02 secs] 
2132.554: [GC (Allocation Failure) [PSYoungGen: 415168K->128K(465920K)] 937402K->523756K(1214976K), 0.0029669 secs] [Times: user=0.01 sys=0.00, real=0.01 secs] 
2133.335: [GC (Allocation Failure) [PSYoungGen: 233088K->135873K(465920K)] 756716K->659573K(1214976K), 0.0153351 secs] [Times: user=0.02 sys=0.00, real=0.02 secs] 
2133.614: [GC (Allocation Failure) [PSYoungGen: 368833K->184430K(465920K)] 892533K->709384K(1214976K), 0.0210410 secs] [Times: user=0.03 sys=0.00, real=0.02 secs] 
2134.493: [GC (Allocation Failure) [PSYoungGen: 417390K->165997K(465920K)] 942344K->691224K(1214976K), 0.0239581 secs] [Times: user=0.04 sys=0.00, real=0.03 secs] 
2136.214: [GC (Allocation Failure) [PSYoungGen: 398957K->96K(465920K)] 924184K->526764K(1214976K), 0.0024696 secs] [Times: user=0.01 sys=0.00, real=0.01 secs] 
2136.736: [GC (Allocation Failure) [PSYoungGen: 233056K->157628K(465920K)] 759724K->684313K(1214976K), 0.0175194 secs] [Times: user=0.02 sys=0.00, real=0.01 secs] 
2137.022: [GC (Allocation Failure) [PSYoungGen: 390588K->184430K(465920K)] 917273K->712368K(1214976K), 0.0201509 secs] [Times: user=0.02 sys=0.00, real=0.02 secs] 
2137.471: [GC (Allocation Failure) [PSYoungGen: 417390K->148356K(465920K)] 945328K->676560K(1214976K), 0.0173277 secs] [Times: user=0.02 sys=0.00, real=0.02 secs] 
2138.966: [GC (Allocation Failure) [PSYoungGen: 381316K->96K(465920K)] 909520K->529745K(1214976K), 0.0020442 secs] [Times: user=0.01 sys=0.00, real=0.01 secs] 
2139.285: [GC (Allocation Failure) [PSYoungGen: 233056K->179220K(465920K)] 762705K->708885K(1214976K), 0.0197647 secs] [Times: user=0.03 sys=0.00, real=0.02 secs] 
2139.623: [GC (Allocation Failure) [PSYoungGen: 412180K->184044K(465920K)] 941845K->714963K(1214976K), 0.0204295 secs] [Times: user=0.02 sys=0.00, real=0.02 secs] 
2140.616: [GC (Allocation Failure) [PSYoungGen: 417004K->135390K(465920K)] 947923K->666582K(1214976K), 0.0232701 secs] [Times: user=0.04 sys=0.00, real=0.02 secs] 
2141.837: [GC (Allocation Failure) [PSYoungGen: 368350K->17442K(465920K)] 899542K->548947K(1214976K), 0.0041096 secs] [Times: user=0.01 sys=0.00, real=0.00 secs] 
2142.109: [GC (Allocation Failure) [PSYoungGen: 250402K->184173K(465920K)] 781907K->716924K(1214976K), 0.0203822 secs] [Times: user=0.02 sys=0.00, real=0.02 secs] 
2142.393: [GC (Allocation Failure) [PSYoungGen: 417133K->184269K(465920K)] 949884K->717293K(1214976K), 0.0203109 secs] [Times: user=0.03 sys=0.00, real=0.02 secs] 
2142.998: [GC (Allocation Failure) [PSYoungGen: 417229K->112866K(465920K)] 950253K->646156K(1214976K), 0.0136040 secs] [Times: user=0.02 sys=0.00, real=0.01 secs] 
2144.031: [GC (Allocation Failure) [PSYoungGen: 345826K->39962K(465920K)] 879116K->573565K(1214976K), 0.0067346 secs] [Times: user=0.01 sys=0.00, real=0.01 secs] 
2144.374: [GC (Allocation Failure) [PSYoungGen: 272922K->186421K(465920K)] 806525K->721270K(1214976K), 0.0205402 secs] [Times: user=0.03 sys=0.00, real=0.02 secs] 
2144.657: [GC (Allocation Failure) [PSYoungGen: 419381K->184783K(465920K)] 954230K->719921K(1214976K), 0.0202513 secs] [Times: user=0.02 sys=0.00, real=0.02 secs] 
2145.346: [GC (Allocation Failure) [PSYoungGen: 417743K->71276K(465920K)] 952881K->606687K(1214976K), 0.0099163 secs] [Times: user=0.02 sys=0.00, real=0.01 secs] 
2146.126: [GC (Allocation Failure) [PSYoungGen: 304236K->64867K(465920K)] 839647K->600585K(1214976K), 0.0082904 secs] [Times: user=0.02 sys=0.00, real=0.00 secs] 
2146.457: [GC (Allocation Failure) [PSYoungGen: 297827K->186389K(465920K)] 833545K->723362K(1214976K), 0.0204331 secs] [Times: user=0.03 sys=0.00, real=0.02 secs] 
2146.803: [GC (Allocation Failure) [PSYoungGen: 419349K->184783K(465920K)] 956322K->722029K(1214976K), 0.0202742 secs] [Times: user=0.02 sys=0.00, real=0.02 secs] 
2148.219: [GC (Allocation Failure) [PSYoungGen: 417743K->46326K(465920K)] 954989K->583965K(1214976K), 0.0095595 secs] [Times: user=0.02 sys=0.00, real=0.01 secs] 
2149.117: [GC (Allocation Failure) [PSYoungGen: 279286K->89575K(465920K)] 816925K->627395K(1214976K), 0.0106441 secs] [Times: user=0.02 sys=0.00, real=0.01 secs] 
2149.392: [GC (Allocation Failure) [PSYoungGen: 322535K->186325K(465920K)] 860355K->725391K(1214976K), 0.0204866 secs] [Times: user=0.02 sys=0.00, real=0.02 secs] 
2149.677: [GC (Allocation Failure) [PSYoungGen: 419285K->184751K(465920K)] 958351K->724090K(1214976K), 0.0203402 secs] [Times: user=0.02 sys=0.00, real=0.02 secs] 
2151.503: [GC (Allocation Failure) [PSYoungGen: 417711K->21618K(465920K)] 957050K->561222K(1214976K), 0.0049455 secs] [Times: user=0.01 sys=0.00, real=0.01 secs] 
2152.082: [GC (Allocation Failure) [PSYoungGen: 254578K->114152K(465920K)] 794182K->654062K(1214976K), 0.0133520 secs] [Times: user=0.02 sys=0.00, real=0.01 secs] 
2152.362: [GC (Allocation Failure) [PSYoungGen: 347112K->186486K(465920K)] 887022K->727649K(1214976K), 0.0205968 secs] [Times: user=0.03 sys=0.00, real=0.02 secs] 
2152.700: [GC (Allocation Failure) [PSYoungGen: 419446K->182077K(465920K)] 960609K->723513K(1214976K), 0.0201802 secs] [Times: user=0.03 sys=0.01, real=0.02 secs] 
2153.828: [GC (Allocation Failure) [PSYoungGen: 415037K->64K(465920K)] 956473K->542950K(1214976K), 0.0050974 secs] [Times: user=0.03 sys=0.00, real=0.00 secs] 
2154.627: [GC (Allocation Failure) [PSYoungGen: 232960K->140791K(465920K)] 775846K->683693K(1214976K), 0.0158618 secs] [Times: user=0.02 sys=0.00, real=0.01 secs] 
2154.907: [GC (Allocation Failure) [PSYoungGen: 373751K->184944K(465920K)] 916653K->729091K(1214976K), 0.0204791 secs] [Times: user=0.03 sys=0.00, real=0.02 secs] 
2155.501: [GC (Allocation Failure) [PSYoungGen: 415252K->160567K(465920K)] 959400K->704980K(1214976K), 0.0202217 secs] [Times: user=0.03 sys=0.00, real=0.02 secs] 
2157.136: [GC (Allocation Failure) [PSYoungGen: 393527K->96K(465920K)] 937940K->545950K(1214976K), 0.0024936 secs] [Times: user=0.01 sys=0.00, real=0.00 secs] 
2157.520: [GC (Allocation Failure) [PSYoungGen: 233056K->161452K(465920K)] 778910K->707322K(1214976K), 0.0177979 secs] [Times: user=0.03 sys=0.00, real=0.02 secs] 
2157.864: [GC (Allocation Failure) [PSYoungGen: 394412K->184944K(465920K)] 940282K->732060K(1214976K), 0.0203706 secs] [Times: user=0.02 sys=0.00, real=0.02 secs] 
2159.637: [GC (Allocation Failure) [PSYoungGen: 417904K->144019K(465920K)] 965020K->691536K(1214976K), 0.0319860 secs] [Times: user=0.05 sys=0.00, real=0.03 secs] 
2162.207: [GC (Allocation Failure) [PSYoungGen: 376979K->64K(465920K)] 924496K->548892K(1214976K), 0.0032025 secs] [Times: user=0.01 sys=0.00, real=0.00 secs] 
2162.642: [GC (Allocation Failure) [PSYoungGen: 233024K->184104K(465920K)] 781852K->732949K(1214976K), 0.0202205 secs] [Times: user=0.03 sys=0.00, real=0.02 secs] 
2162.984: [GC (Allocation Failure) [PSYoungGen: 417064K->184430K(465920K)] 965909K->734520K(1214976K), 0.0202984 secs] [Times: user=0.03 sys=0.00, real=0.02 secs] 
2163.840: [GC (Allocation Failure) [PSYoungGen: 417390K->130089K(465920K)] 967480K->680452K(1214976K), 0.0331257 secs] [Times: user=0.06 sys=0.00, real=0.03 secs] 
2165.942: [GC (Allocation Failure) [PSYoungGen: 363049K->22515K(465920K)] 913412K->573204K(1214976K), 0.0050754 secs] [Times: user=0.01 sys=0.00, real=0.01 secs] 
2166.246: [GC (Allocation Failure) [PSYoungGen: 255475K->186325K(465920K)] 806164K->738389K(1214976K), 0.0204739 secs] [Times: user=0.03 sys=0.00, real=0.02 secs] 
2166.530: [GC (Allocation Failure) [PSYoungGen: 419285K->184815K(465920K)] 971349K->737015K(1214976K), 0.0202296 secs] [Times: user=0.02 sys=0.00, real=0.02 secs] 
2167.771: [GC (Allocation Failure) [PSYoungGen: 417775K->105203K(465920K)] 969975K->657668K(1214976K), 0.0151309 secs] [Times: user=0.03 sys=0.00, real=0.02 secs] 
2168.730: [GC (Allocation Failure) [PSYoungGen: 338163K->47256K(465920K)] 890628K->600019K(1214976K), 0.0065763 secs] [Times: user=0.02 sys=0.00, real=0.01 secs] 
2169.056: [GC (Allocation Failure) [PSYoungGen: 280216K->184687K(465920K)] 832979K->738703K(1214976K), 0.0204092 secs] [Times: user=0.03 sys=0.01, real=0.02 secs] 
2169.345: [GC (Allocation Failure) [PSYoungGen: 417647K->184012K(465920K)] 971663K->738301K(1214976K), 0.0201414 secs] [Times: user=0.02 sys=0.00, real=0.02 secs] 
2172.637: [GC (Allocation Failure) [PSYoungGen: 416972K->66312K(465920K)] 971261K->620866K(1214976K), 0.0156633 secs] [Times: user=0.03 sys=0.00, real=0.01 secs] 
2174.048: [GC (Allocation Failure) [PSYoungGen: 299272K->68819K(465920K)] 853826K->623673K(1214976K), 0.0098318 secs] [Times: user=0.02 sys=0.00, real=0.01 secs] 
2174.388: [GC (Allocation Failure) [PSYoungGen: 301779K->184205K(465920K)] 856633K->740304K(1214976K), 0.0205441 secs] [Times: user=0.03 sys=0.00, real=0.02 secs] 
2174.671: [GC (Allocation Failure) [PSYoungGen: 417165K->184526K(465920K)] 973264K->740915K(1214976K), 0.0204010 secs] [Times: user=0.03 sys=0.00, real=0.02 secs] 
2175.611: [GC (Allocation Failure) [PSYoungGen: 417486K->44720K(465920K)] 973875K->601374K(1214976K), 0.0079002 secs] [Times: user=0.02 sys=0.00, real=0.01 secs] 
2176.777: [GC (Allocation Failure) [PSYoungGen: 277680K->91275K(465920K)] 834334K->648242K(1214976K), 0.0108624 secs] [Times: user=0.02 sys=0.00, real=0.01 secs] 
2177.109: [GC (Allocation Failure) [PSYoungGen: 324235K->184141K(465920K)] 881202K->742354K(1214976K), 0.0203523 secs] [Times: user=0.03 sys=0.00, real=0.02 secs] 
2177.450: [GC (Allocation Failure) [PSYoungGen: 417101K->184526K(465920K)] 975314K->743012K(1214976K), 0.0203332 secs] [Times: user=0.02 sys=0.00, real=0.02 secs] 
2179.343: [GC (Allocation Failure) [PSYoungGen: 417486K->22357K(465920K)] 975972K->581237K(1214976K), 0.0068623 secs] [Times: user=0.02 sys=0.00, real=0.01 secs] 
2180.756: [GC (Allocation Failure) [PSYoungGen: 255317K->113384K(465920K)] 814197K->672457K(1214976K), 0.0130006 secs] [Times: user=0.02 sys=0.00, real=0.02 secs] 
2181.031: [GC (Allocation Failure) [PSYoungGen: 346344K->183819K(465920K)] 905417K->744145K(1214976K), 0.0203344 secs] [Times: user=0.03 sys=0.00, real=0.02 secs] 
2181.372: [GC (Allocation Failure) [PSYoungGen: 416779K->183819K(465920K)] 977105K->744411K(1214976K), 0.0202486 secs] [Times: user=0.03 sys=0.00, real=0.02 secs] 
2184.154: [GC (Allocation Failure) [PSYoungGen: 416779K->1376K(465920K)] 977371K->562120K(1214976K), 0.0035309 secs] [Times: user=0.02 sys=0.00, real=0.01 secs] 
2185.388: [GC (Allocation Failure) [PSYoungGen: 234336K->134719K(465920K)] 795080K->695648K(1214976K), 0.0152315 secs] [Times: user=0.02 sys=0.00, real=0.01 secs] 
2185.665: [GC (Allocation Failure) [PSYoungGen: 367679K->183884K(465920K)] 928608K->746066K(1214976K), 0.0202349 secs] [Times: user=0.03 sys=0.00, real=0.02 secs] 
2186.107: [GC (Allocation Failure) [PSYoungGen: 416844K->167700K(465920K)] 979026K->730284K(1214976K), 0.0209428 secs] [Times: user=0.03 sys=0.00, real=0.02 secs] 
2187.255: [GC (Allocation Failure) [PSYoungGen: 400660K->96K(465920K)] 963244K->563997K(1214976K), 0.0026878 secs] [Times: user=0.01 sys=0.00, real=0.01 secs] 
2187.744: [GC (Allocation Failure) [PSYoungGen: 233056K->156536K(465920K)] 796957K->720453K(1214976K), 0.0173683 secs] [Times: user=0.03 sys=0.00, real=0.02 secs] 
2188.024: [GC (Allocation Failure) [PSYoungGen: 389496K->184430K(465920K)] 953413K->749585K(1214976K), 0.0203975 secs] [Times: user=0.03 sys=0.00, real=0.02 secs] 
2188.638: [GC (Allocation Failure) [PSYoungGen: 417390K->149433K(465920K)] 982545K->714853K(1214976K), 0.0214959 secs] [Times: user=0.03 sys=0.00, real=0.02 secs] 
2189.673: [GC (Allocation Failure) [PSYoungGen: 382393K->96K(465920K)] 947813K->566951K(1214976K), 0.0024451 secs] [Times: user=0.01 sys=0.00, real=0.00 secs] 
2190.107: [GC (Allocation Failure) [PSYoungGen: 233056K->178963K(465920K)] 799911K->745835K(1214976K), 0.0196732 secs] [Times: user=0.03 sys=0.00, real=0.02 secs] 
2190.389: [GC (Allocation Failure) [PSYoungGen: 411923K->184462K(465920K)] 978795K->752587K(1214976K), 0.0204149 secs] [Times: user=0.03 sys=0.00, real=0.02 secs] 
2191.285: [GC (Allocation Failure) [PSYoungGen: 417422K->135181K(465920K)] 985547K->703572K(1214976K), 0.0190309 secs] [Times: user=0.03 sys=0.00, real=0.02 secs] 
2192.758: [GC (Allocation Failure) [PSYoungGen: 368141K->17410K(465920K)] 936532K->586106K(1214976K), 0.0049678 secs] [Times: user=0.02 sys=0.00, real=0.00 secs] 
2193.130: [GC (Allocation Failure) [PSYoungGen: 250370K->186325K(465920K)] 819066K->756267K(1214976K), 0.0208806 secs] [Times: user=0.03 sys=0.00, real=0.02 secs] 
2193.414: [GC (Allocation Failure) [PSYoungGen: 419285K->184815K(465920K)] 989227K->755022K(1214976K), 0.0202200 secs] [Times: user=0.03 sys=0.00, real=0.02 secs] 
2195.513: [GC (Allocation Failure) [PSYoungGen: 417775K->110183K(465920K)] 987982K->680663K(1214976K), 0.0290855 secs] [Times: user=0.06 sys=0.00, real=0.03 secs] 
2196.951: [GC (Allocation Failure) [PSYoungGen: 343143K->42244K(465920K)] 913623K->613039K(1214976K), 0.0060779 secs] [Times: user=0.02 sys=0.00, real=0.01 secs] 
2197.225: [GC (Allocation Failure) [PSYoungGen: 275204K->186357K(465920K)] 845999K->758407K(1214976K), 0.0205281 secs] [Times: user=0.03 sys=0.00, real=0.02 secs] 
2197.510: [GC (Allocation Failure) [PSYoungGen: 419317K->185940K(465920K)] 991367K->758262K(1214976K), 0.0204247 secs] [Times: user=0.02 sys=0.00, real=0.02 secs] 
2200.441: [GC (Allocation Failure) [PSYoungGen: 418900K->67758K(465920K)] 991222K->640345K(1214976K), 0.0210166 secs] [Times: user=0.04 sys=0.00, real=0.02 secs] 
2202.380: [GC (Allocation Failure) [PSYoungGen: 300718K->67691K(465920K)] 873305K->640595K(1214976K), 0.0100070 secs] [Times: user=0.02 sys=0.00, real=0.01 secs] 
2202.664: [GC (Allocation Failure) [PSYoungGen: 300651K->186325K(465920K)] 873555K->760475K(1214976K), 0.0206207 secs] [Times: user=0.03 sys=0.00, real=0.02 secs] 
2202.950: [GC (Allocation Failure) [PSYoungGen: 419285K->186068K(465920K)] 993435K->760491K(1214976K), 0.0205419 secs] [Times: user=0.03 sys=0.00, real=0.02 secs] 
2204.427: [GC (Allocation Failure) [PSYoungGen: 419028K->42149K(465920K)] 993451K->616965K(1214976K), 0.0079732 secs] [Times: user=0.02 sys=0.00, real=0.00 secs] 
2205.721: [GC (Allocation Failure) [PSYoungGen: 275109K->94331K(465920K)] 849925K->669325K(1214976K), 0.0113686 secs] [Times: user=0.01 sys=0.00, real=0.01 secs] 
2206.057: [GC (Allocation Failure) [PSYoungGen: 327291K->186004K(465920K)] 902285K->762373K(1214976K), 0.0204539 secs] [Times: user=0.03 sys=0.00, real=0.02 secs] 
2206.347: [GC (Allocation Failure) [PSYoungGen: 418964K->185940K(465920K)] 995333K->762454K(1214976K), 0.0204808 secs] [Times: user=0.03 sys=0.00, real=0.02 secs] 
2208.336: [GC (Allocation Failure) [PSYoungGen: 418900K->16059K(465920K)] 995414K->592966K(1214976K), 0.0043538 secs] [Times: user=0.01 sys=0.00, real=0.01 secs] 
2209.014: [GC (Allocation Failure) [PSYoungGen: 249019K->120292K(465920K)] 825926K->697387K(1214976K), 0.0141812 secs] [Times: user=0.02 sys=0.00, real=0.02 secs] 
2209.295: [GC (Allocation Failure) [PSYoungGen: 353252K->184430K(465920K)] 930347K->762778K(1214976K), 0.0203359 secs] [Times: user=0.03 sys=0.01, real=0.02 secs] 
2209.906: [GC (Allocation Failure) [PSYoungGen: 417390K->178556K(465920K)] 995738K->757169K(1214976K), 0.0371569 secs] [Times: user=0.05 sys=0.00, real=0.03 secs] 
2212.299: [GC (Allocation Failure) [PSYoungGen: 411516K->96K(465920K)] 990129K->580150K(1214976K), 0.0028644 secs] [Times: user=0.01 sys=0.00, real=0.00 secs] 
2213.164: [GC (Allocation Failure) [PSYoungGen: 233056K->141785K(465920K)] 813110K->721863K(1214976K), 0.0159935 secs] [Times: user=0.03 sys=0.00, real=0.02 secs] 
2213.501: [GC (Allocation Failure) [PSYoungGen: 374745K->184687K(465920K)] 954823K->766011K(1214976K), 0.0203074 secs] [Times: user=0.03 sys=0.00, real=0.02 secs] 
2214.126: [GC (Allocation Failure) [PSYoungGen: 415530K->159812K(465920K)] 996854K->741409K(1214976K), 0.0289415 secs] [Times: user=0.04 sys=0.00, real=0.02 secs] 
2216.373: [GC (Allocation Failure) [PSYoungGen: 392772K->128K(465920K)] 974369K->583167K(1214976K), 0.0041379 secs] [Times: user=0.02 sys=0.00, real=0.01 secs] 
2217.061: [GC (Allocation Failure) [PSYoungGen: 233088K->160906K(465920K)] 816127K->743961K(1214976K), 0.0179074 secs] [Times: user=0.03 sys=0.00, real=0.02 secs] 
2217.347: [GC (Allocation Failure) [PSYoungGen: 393866K->184655K(465920K)] 976921K->768955K(1214976K), 0.0202896 secs] [Times: user=0.02 sys=0.00, real=0.02 secs] 
2217.891: [GC (Allocation Failure) [PSYoungGen: 417615K->144806K(465920K)] 1001915K->729372K(1214976K), 0.0197426 secs] [Times: user=0.03 sys=0.00, real=0.02 secs] 
2220.421: [GC (Allocation Failure) [PSYoungGen: 377766K->96K(465920K)] 962332K->586111K(1214976K), 0.0041087 secs] [Times: user=0.02 sys=0.00, real=0.00 secs] 
2220.839: [GC (Allocation Failure) [PSYoungGen: 233056K->185421K(465920K)] 819071K->771453K(1214976K), 0.0203515 secs] [Times: user=0.03 sys=0.00, real=0.02 secs] 
2221.128: [GC (Allocation Failure) [PSYoungGen: 418381K->186132K(465920K)] 1004413K->773418K(1214976K), 0.0206013 secs] [Times: user=0.03 sys=0.00, real=0.02 secs] 
2222.518: [GC (Allocation Failure) [PSYoungGen: 419092K->127117K(465920K)] 1006378K->714667K(1214976K), 0.0254565 secs] [Times: user=0.05 sys=0.00, real=0.02 secs] 
2224.741: [GC (Allocation Failure) [PSYoungGen: 360077K->26053K(465920K)] 947627K->613900K(1214976K), 0.0062635 secs] [Times: user=0.02 sys=0.00, real=0.01 secs] 
2225.061: [GC (Allocation Failure) [PSYoungGen: 259013K->185843K(465920K)] 846860K->774937K(1214976K), 0.0204282 secs] [Times: user=0.03 sys=0.00, real=0.02 secs] 
2225.346: [GC (Allocation Failure) [PSYoungGen: 418803K->185811K(465920K)] 1007897K->775306K(1214976K), 0.0204631 secs] [Times: user=0.03 sys=0.00, real=0.03 secs] 
2226.420: [GC (Allocation Failure) [PSYoungGen: 418771K->84546K(465920K)] 1008266K->674178K(1214976K), 0.0167020 secs] [Times: user=0.03 sys=0.00, real=0.02 secs] 
2227.392: [GC (Allocation Failure) [PSYoungGen: 317506K->52654K(465920K)] 907138K->642583K(1214976K), 0.0071149 secs] [Times: user=0.01 sys=0.00, real=0.01 secs] 
2227.671: [GC (Allocation Failure) [PSYoungGen: 285614K->185715K(465920K)] 875543K->776890K(1214976K), 0.0206194 secs] [Times: user=0.03 sys=0.00, real=0.02 secs] 
2228.015: [GC (Allocation Failure) [PSYoungGen: 418675K->185811K(465920K)] 1009850K->777259K(1214976K), 0.0205289 secs] [Times: user=0.03 sys=0.00, real=0.02 secs] 
2230.129: [GC (Allocation Failure) [PSYoungGen: 418771K->58070K(465920K)] 1010219K->649783K(1214976K), 0.0194005 secs] [Times: user=0.03 sys=0.00, real=0.02 secs] 
2231.406: [GC (Allocation Failure) [PSYoungGen: 291030K->77973K(465920K)] 882743K->670000K(1214976K), 0.0096122 secs] [Times: user=0.01 sys=0.00, real=0.01 secs] 
2231.680: [GC (Allocation Failure) [PSYoungGen: 310933K->185811K(465920K)] 902960K->779084K(1214976K), 0.0205964 secs] [Times: user=0.03 sys=0.00, real=0.02 secs] 
2231.963: [GC (Allocation Failure) [PSYoungGen: 418771K->184462K(465920K)] 1012044K->778007K(1214976K), 0.0204489 secs] [Times: user=0.03 sys=0.00, real=0.02 secs] 
2234.118: [GC (Allocation Failure) [PSYoungGen: 417422K->34069K(465920K)] 1010967K->627879K(1214976K), 0.0133039 secs] [Times: user=0.04 sys=0.00, real=0.01 secs] 
2235.867: [GC (Allocation Failure) [PSYoungGen: 267029K->100818K(465920K)] 860839K->694942K(1214976K), 0.0119519 secs] [Times: user=0.02 sys=0.00, real=0.01 secs] 
2236.144: [GC (Allocation Failure) [PSYoungGen: 333778K->186486K(465920K)] 927902K->781864K(1214976K), 0.0205008 secs] [Times: user=0.02 sys=0.00, real=0.02 secs] 
2236.429: [GC (Allocation Failure) [PSYoungGen: 419446K->186068K(465920K)] 1014824K->781848K(1214976K), 0.0203980 secs] [Times: user=0.03 sys=0.00, real=0.02 secs] 
2237.550: [GC (Allocation Failure) [PSYoungGen: 419028K->9022K(465920K)] 1014808K->605067K(1214976K), 0.0056221 secs] [Times: user=0.02 sys=0.00, real=0.00 secs] 
2238.392: [GC (Allocation Failure) [PSYoungGen: 241982K->127490K(465920K)] 838027K->723705K(1214976K), 0.0145552 secs] [Times: user=0.02 sys=0.01, real=0.02 secs] 
2238.672: [GC (Allocation Failure) [PSYoungGen: 360450K->185940K(465920K)] 956665K->783522K(1214976K), 0.0205624 secs] [Times: user=0.03 sys=0.00, real=0.02 secs] 
2239.095: [GC (Allocation Failure) [PSYoungGen: 418900K->172809K(465920K)] 1016482K->770527K(1214976K), 0.0212769 secs] [Times: user=0.04 sys=0.00, real=0.03 secs] 
2240.914: [GC (Allocation Failure) [PSYoungGen: 405769K->128K(465920K)] 1003487K->599276K(1214976K), 0.0027668 secs] [Times: user=0.01 sys=0.00, real=0.01 secs] 
2241.693: [GC (Allocation Failure) [PSYoungGen: 233088K->149753K(465920K)] 832236K->748918K(1214976K), 0.0167792 secs] [Times: user=0.02 sys=0.00, real=0.02 secs] 
2241.974: [GC (Allocation Failure) [PSYoungGen: 382713K->183755K(465920K)] 981878K->784173K(1214976K), 0.0203229 secs] [Times: user=0.02 sys=0.00, real=0.02 secs] 
2242.578: [GC (Allocation Failure) [PSYoungGen: 416715K->156855K(465920K)] 1017133K->757546K(1214976K), 0.0191946 secs] [Times: user=0.03 sys=0.00, real=0.02 secs] 
2243.739: [GC (Allocation Failure) [PSYoungGen: 389815K->96K(465920K)] 990506K->602102K(1214976K), 0.0026687 secs] [Times: user=0.01 sys=0.00, real=0.00 secs] 
2244.138: [GC (Allocation Failure) [PSYoungGen: 233056K->171637K(465920K)] 835062K->773651K(1214976K), 0.0190155 secs] [Times: user=0.03 sys=0.00, real=0.02 secs] 
2244.426: [GC (Allocation Failure) [PSYoungGen: 404597K->184398K(465920K)] 1006611K->787794K(1214976K), 0.0204471 secs] [Times: user=0.03 sys=0.00, real=0.02 secs] 
2245.141: [GC (Allocation Failure) [PSYoungGen: 409399K->134331K(465920K)] 1012795K->737864K(1214976K), 0.0168994 secs] [Times: user=0.02 sys=0.00, real=0.02 secs] 
2247.043: [GC (Allocation Failure) [PSYoungGen: 367203K->1473K(465920K)] 970736K->605307K(1214976K), 0.0034694 secs] [Times: user=0.02 sys=0.00, real=0.01 secs] 
2247.379: [GC (Allocation Failure) [PSYoungGen: 234433K->184173K(465920K)] 838267K->789253K(1214976K), 0.0202301 secs] [Times: user=0.03 sys=0.00, real=0.02 secs] 
2247.663: [GC (Allocation Failure) [PSYoungGen: 417133K->184494K(465920K)] 1022213K->789848K(1214976K), 0.0204210 secs] [Times: user=0.02 sys=0.00, real=0.02 secs] 
2248.657: [GC (Allocation Failure) [PSYoungGen: 417454K->128546K(465920K)] 1022808K->734165K(1214976K), 0.0198536 secs] [Times: user=0.03 sys=0.00, real=0.02 secs] 
2250.095: [GC (Allocation Failure) [PSYoungGen: 361506K->23608K(465920K)] 967125K->629532K(1214976K), 0.0050089 secs] [Times: user=0.02 sys=0.00, real=0.01 secs] 
2250.372: [GC (Allocation Failure) [PSYoungGen: 256568K->186325K(465920K)] 862492K->793624K(1214976K), 0.0205099 secs] [Times: user=0.02 sys=0.00, real=0.02 secs] 
2250.656: [GC (Allocation Failure) [PSYoungGen: 419285K->184783K(465920K)] 1026584K->792226K(1214976K), 0.0202850 secs] [Times: user=0.03 sys=0.00, real=0.02 secs] 
2251.436: [GC (Allocation Failure) [PSYoungGen: 417743K->103966K(465920K)] 1025186K->711674K(1214976K), 0.0135903 secs] [Times: user=0.03 sys=0.00, real=0.01 secs] 
2253.023: [GC (Allocation Failure) [PSYoungGen: 336926K->48573K(465920K)] 944634K->656591K(1214976K), 0.0077178 secs] [Times: user=0.02 sys=0.00, real=0.01 secs] 
2253.371: [GC (Allocation Failure) [PSYoungGen: 281533K->186229K(465920K)] 889551K->795492K(1214976K), 0.0207956 secs] [Times: user=0.03 sys=0.00, real=0.02 secs] 
2253.655: [GC (Allocation Failure) [PSYoungGen: 419189K->184655K(465920K)] 1028452K->794191K(1214976K), 0.0203237 secs] [Times: user=0.03 sys=0.00, real=0.02 secs] 
2256.400: [GC (Allocation Failure) [PSYoungGen: 417615K->62858K(465920K)] 1027151K->672667K(1214976K), 0.0140847 secs] [Times: user=0.03 sys=0.00, real=0.01 secs] 
2257.766: [GC (Allocation Failure) [PSYoungGen: 295818K->73635K(465920K)] 905627K->683753K(1214976K), 0.0092573 secs] [Times: user=0.02 sys=0.00, real=0.00 secs] 
2258.040: [GC (Allocation Failure) [PSYoungGen: 306595K->186068K(465920K)] 916713K->797432K(1214976K), 0.0205956 secs] [Times: user=0.03 sys=0.00, real=0.02 secs] 
2258.330: [GC (Allocation Failure) [PSYoungGen: 419028K->185940K(465920K)] 1030392K->797576K(1214976K), 0.0211020 secs] [Times: user=0.03 sys=0.00, real=0.02 secs] 
2259.254: [GC (Allocation Failure) [PSYoungGen: 418900K->36655K(465920K)] 1030536K->648556K(1214976K), 0.0065469 secs] [Times: user=0.01 sys=0.00, real=0.01 secs] 
2259.969: [GC (Allocation Failure) [PSYoungGen: 269615K->100243K(465920K)] 881516K->712457K(1214976K), 0.0120329 secs] [Times: user=0.01 sys=0.00, real=0.01 secs] 
2260.302: [GC (Allocation Failure) [PSYoungGen: 333203K->185972K(465920K)] 945417K->799561K(1214976K), 0.0207594 secs] [Times: user=0.03 sys=0.00, real=0.02 secs] 
2260.649: [GC (Allocation Failure) [PSYoungGen: 418932K->185811K(465920K)] 1032521K->799674K(1214976K), 0.0205842 secs] [Times: user=0.03 sys=0.00, real=0.02 secs] 
2262.312: [GC (Allocation Failure) [PSYoungGen: 418771K->10276K(465920K)] 1032634K->624282K(1214976K), 0.0036379 secs] [Times: user=0.01 sys=0.00, real=0.00 secs] 
2263.072: [GC (Allocation Failure) [PSYoungGen: 243236K->125722K(465920K)] 857242K->740035K(1214976K), 0.0144569 secs] [Times: user=0.03 sys=0.00, real=0.02 secs] 
2263.396: [GC (Allocation Failure) [PSYoungGen: 358682K->184173K(465920K)] 972995K->799731K(1214976K), 0.0202942 secs] [Times: user=0.03 sys=0.00, real=0.02 secs] 
2263.904: [GC (Allocation Failure) [PSYoungGen: 417133K->174359K(465920K)] 1032691K->790190K(1214976K), 0.0299830 secs] [Times: user=0.04 sys=0.00, real=0.03 secs] 
2266.124: [GC (Allocation Failure) [PSYoungGen: 407319K->128K(465920K)] 1023150K->617400K(1214976K), 0.0027348 secs] [Times: user=0.01 sys=0.00, real=0.01 secs] 
2266.594: [GC (Allocation Failure) [PSYoungGen: 233054K->147828K(465920K)] 850326K->765125K(1214976K), 0.0166697 secs] [Times: user=0.02 sys=0.00, real=0.02 secs] 
2266.930: [GC (Allocation Failure) [PSYoungGen: 380788K->184301K(465920K)] 998085K->802843K(1214976K), 0.0204121 secs] [Times: user=0.02 sys=0.00, real=0.02 secs] 
2267.699: [GC (Allocation Failure) [PSYoungGen: 417261K->158301K(465920K)] 1035803K->777237K(1214976K), 0.0235577 secs] [Times: user=0.04 sys=0.00, real=0.02 secs] 
2269.188: [GC (Allocation Failure) [PSYoungGen: 391261K->64K(465920K)] 1010197K->620327K(1214976K), 0.0026376 secs] [Times: user=0.02 sys=0.00, real=0.00 secs] 
2269.568: [GC (Allocation Failure) [PSYoungGen: 233024K->169902K(465920K)] 853287K->790189K(1214976K), 0.0189693 secs] [Times: user=0.02 sys=0.00, real=0.02 secs] 
2269.849: [GC (Allocation Failure) [PSYoungGen: 402862K->184430K(465920K)] 1023149K->805962K(1214976K), 0.0206003 secs] [Times: user=0.03 sys=0.00, real=0.02 secs] 
2271.953: [GC (Allocation Failure) [PSYoungGen: 410458K->136082K(465920K)] 1031991K->757888K(1214976K), 0.0365531 secs] [Times: user=0.06 sys=0.00, real=0.04 secs] 
2274.701: [GC (Allocation Failure) [PSYoungGen: 369042K->1376K(465920K)] 990848K->623496K(1214976K), 0.0034932 secs] [Times: user=0.02 sys=0.00, real=0.00 secs] 
2275.103: [GC (Allocation Failure) [PSYoungGen: 234336K->184655K(465920K)] 856456K->808028K(1214976K), 0.0205872 secs] [Times: user=0.03 sys=0.00, real=0.02 secs] 
2275.386: [GC (Allocation Failure) [PSYoungGen: 417615K->184430K(465920K)] 1040988K->808076K(1214976K), 0.0203559 secs] [Times: user=0.03 sys=0.00, real=0.02 secs] 
2277.362: [GC (Allocation Failure) [PSYoungGen: 417390K->128289K(465920K)] 1041036K->752208K(1214976K), 0.0257937 secs] [Times: user=0.05 sys=0.00, real=0.03 secs] 
2279.413: [GC (Allocation Failure) [PSYoungGen: 361139K->24636K(465920K)] 985058K->648865K(1214976K), 0.0056226 secs] [Times: user=0.01 sys=0.00, real=0.01 secs] 
2279.704: [GC (Allocation Failure) [PSYoungGen: 257596K->186229K(465920K)] 881825K->811712K(1214976K), 0.0206206 secs] [Times: user=0.03 sys=0.00, real=0.02 secs] 
2279.989: [GC (Allocation Failure) [PSYoungGen: 419189K->184655K(465920K)] 1044672K->810411K(1214976K), 0.0206554 secs] [Times: user=0.03 sys=0.00, real=0.02 secs] 
2281.634: [GC (Allocation Failure) [PSYoungGen: 417615K->103211K(465920K)] 1043371K->729240K(1214976K), 0.0158252 secs] [Times: user=0.03 sys=0.00, real=0.02 secs] 
2282.979: [GC (Allocation Failure) [PSYoungGen: 336171K->49444K(465920K)] 962200K->675799K(1214976K), 0.0069229 secs] [Times: user=0.01 sys=0.00, real=0.00 secs] 
2283.311: [GC (Allocation Failure) [PSYoungGen: 282404K->186357K(465920K)] 908759K->813966K(1214976K), 0.0207104 secs] [Times: user=0.03 sys=0.00, real=0.02 secs] 
2283.598: [GC (Allocation Failure) [PSYoungGen: 419317K->185940K(465920K)] 1046926K->813942K(1214976K), 0.0206077 secs] [Times: user=0.02 sys=0.00, real=0.02 secs] 
2284.994: [GC (Allocation Failure) [PSYoungGen: 418900K->60560K(465920K)] 1046902K->688699K(1214976K), 0.0130520 secs] [Times: user=0.03 sys=0.00, real=0.02 secs] 
2286.082: [GC (Allocation Failure) [PSYoungGen: 293507K->75277K(465920K)] 921646K->703737K(1214976K), 0.0093996 secs] [Times: user=0.02 sys=0.00, real=0.01 secs] 
2286.357: [GC (Allocation Failure) [PSYoungGen: 308237K->186357K(465920K)] 936697K->816072K(1214976K), 0.0207329 secs] [Times: user=0.03 sys=0.00, real=0.02 secs] 
2286.646: [GC (Allocation Failure) [PSYoungGen: 419317K->184783K(465920K)] 1049032K->814770K(1214976K), 0.0204662 secs] [Times: user=0.02 sys=0.00, real=0.02 secs] 
2290.228: [GC (Allocation Failure) [PSYoungGen: 417743K->35852K(465920K)] 1047730K->666104K(1214976K), 0.0097074 secs] [Times: user=0.02 sys=0.00, real=0.01 secs] 
2290.930: [GC (Allocation Failure) [PSYoungGen: 268812K->99343K(465920K)] 899064K->729903K(1214976K), 0.0117838 secs] [Times: user=0.02 sys=0.00, real=0.01 secs] 
2291.208: [GC (Allocation Failure) [PSYoungGen: 332303K->186486K(465920K)] 962863K->818292K(1214976K), 0.0207005 secs] [Times: user=0.03 sys=0.00, real=0.02 secs] 
2291.496: [GC (Allocation Failure) [PSYoungGen: 419446K->186100K(465920K)] 1051252K->818300K(1214976K), 0.0205075 secs] [Times: user=0.02 sys=0.00, real=0.03 secs] 
2293.397: [GC (Allocation Failure) [PSYoungGen: 419060K->10436K(465920K)] 1051260K->642908K(1214976K), 0.0043276 secs] [Times: user=0.01 sys=0.00, real=0.00 secs] 
2294.279: [GC (Allocation Failure) [PSYoungGen: 243396K->125848K(465920K)] 875868K->758510K(1214976K), 0.0145617 secs] [Times: user=0.02 sys=0.00, real=0.01 secs] 
2294.562: [GC (Allocation Failure) [PSYoungGen: 358808K->186132K(465920K)] 991470K->820040K(1214976K), 0.0206366 secs] [Times: user=0.03 sys=0.00, real=0.02 secs] 
2295.068: [GC (Allocation Failure) [PSYoungGen: 419092K->174351K(465920K)] 1053000K->808531K(1214976K), 0.0230605 secs] [Times: user=0.04 sys=0.00, real=0.02 secs] 
2297.399: [GC (Allocation Failure) [PSYoungGen: 407311K->96K(465920K)] 1041491K->635726K(1214976K), 0.0037650 secs] [Times: user=0.02 sys=0.00, real=0.00 secs] 
2298.123: [GC (Allocation Failure) [PSYoungGen: 233056K->151296K(465920K)] 868686K->786942K(1214976K), 0.0169715 secs] [Times: user=0.03 sys=0.00, real=0.02 secs] 
2298.405: [GC (Allocation Failure) [PSYoungGen: 384256K->186068K(465920K)] 1019902K->822960K(1214976K), 0.0207095 secs] [Times: user=0.03 sys=0.00, real=0.02 secs] 
2299.299: [GC (Allocation Failure) [PSYoungGen: 419028K->153031K(465920K)] 1055920K->790188K(1214976K), 0.0278478 secs] [Times: user=0.05 sys=0.00, real=0.03 secs] 
2300.648: [GC (Allocation Failure) [PSYoungGen: 385991K->96K(465920K)] 1023148K->638688K(1214976K), 0.0026444 secs] [Times: user=0.02 sys=0.00, real=0.00 secs] 
2300.988: [GC (Allocation Failure) [PSYoungGen: 233056K->176907K(465920K)] 871648K->815523K(1214976K), 0.0196808 secs] [Times: user=0.03 sys=0.00, real=0.02 secs] 
2301.271: [GC (Allocation Failure) [PSYoungGen: 409867K->184462K(465920K)] 1048483K->824324K(1214976K), 0.0205321 secs] [Times: user=0.03 sys=0.00, real=0.02 secs] 
2302.400: [GC (Allocation Failure) [PSYoungGen: 417422K->137334K(465920K)] 1057284K->777461K(1214976K), 0.0272325 secs] [Times: user=0.05 sys=0.01, real=0.03 secs] 
2304.473: [GC (Allocation Failure) [PSYoungGen: 370294K->16574K(465920K)] 1010421K->657001K(1214976K), 0.0047336 secs] [Times: user=0.01 sys=0.00, real=0.01 secs] 
2304.769: [GC (Allocation Failure) [PSYoungGen: 249534K->185875K(465920K)] 889961K->827548K(1214976K), 0.0204256 secs] [Times: user=0.03 sys=0.00, real=0.02 secs] 
2305.054: [GC (Allocation Failure) [PSYoungGen: 418835K->185843K(465920K)] 1060508K->827789K(1214976K), 0.0203726 secs] [Times: user=0.03 sys=0.00, real=0.02 secs] 
2305.758: [GC (Allocation Failure) [PSYoungGen: 418803K->110553K(465920K)] 1060749K->752771K(1214976K), 0.0135976 secs] [Times: user=0.03 sys=0.00, real=0.01 secs] 
2307.338: [GC (Allocation Failure) [PSYoungGen: 343513K->41858K(465920K)] 985731K->684392K(1214976K), 0.0083533 secs] [Times: user=0.02 sys=0.00, real=0.01 secs] 
2307.657: [GC (Allocation Failure) [PSYoungGen: 274818K->184430K(465920K)] 917352K->828209K(1214976K), 0.0203544 secs] [Times: user=0.02 sys=0.00, real=0.02 secs] 
2307.947: [GC (Allocation Failure) [PSYoungGen: 417390K->186325K(465920K)] 1061169K->830378K(1214976K), 0.0205579 secs] [Times: user=0.03 sys=0.00, real=0.02 secs] 
2308.700: [GC (Allocation Failure) [PSYoungGen: 419285K->69669K(465920K)] 1063338K->713987K(1214976K), 0.0112861 secs] [Times: user=0.02 sys=0.00, real=0.01 secs] 
2310.063: [GC (Allocation Failure) [PSYoungGen: 302629K->66795K(465920K)] 946947K->711418K(1214976K), 0.0097939 secs] [Times: user=0.02 sys=0.00, real=0.01 secs] 
2310.346: [GC (Allocation Failure) [PSYoungGen: 299755K->186325K(465920K)] 944378K->832323K(1214976K), 0.0206829 secs] [Times: user=0.03 sys=0.00, real=0.03 secs] 
2310.630: [GC (Allocation Failure) [PSYoungGen: 419285K->184847K(465920K)] 1065283K->830989K(1214976K), 0.0206156 secs] [Times: user=0.03 sys=0.00, real=0.02 secs] 
2312.397: [GC (Allocation Failure) [PSYoungGen: 417807K->44334K(465920K)] 1063949K->690742K(1214976K), 0.0107922 secs] [Times: user=0.03 sys=0.00, real=0.01 secs] 
2313.734: [GC (Allocation Failure) [PSYoungGen: 277261K->91500K(465920K)] 923668K->738223K(1214976K), 0.0110668 secs] [Times: user=0.02 sys=0.00, real=0.01 secs] 
2314.010: [GC (Allocation Failure) [PSYoungGen: 324460K->186486K(465920K)] 971183K->834455K(1214976K), 0.0205484 secs] [Times: user=0.02 sys=0.00, real=0.02 secs] 
2314.298: [GC (Allocation Failure) [PSYoungGen: 419446K->185940K(465920K)] 1067415K->834310K(1214976K), 0.0206008 secs] [Times: user=0.03 sys=0.00, real=0.02 secs] 
2316.308: [GC (Allocation Failure) [PSYoungGen: 418900K->18373K(465920K)] 1067270K->666903K(1214976K), 0.0055016 secs] [Times: user=0.02 sys=0.00, real=0.00 secs] 
2317.708: [GC (Allocation Failure) [PSYoungGen: 251333K->117111K(465920K)] 899863K->765959K(1214976K), 0.0135200 secs] [Times: user=0.02 sys=0.00, real=0.01 secs] 
2318.037: [GC (Allocation Failure) [PSYoungGen: 350071K->184205K(465920K)] 998919K->834306K(1214976K), 0.0203959 secs] [Times: user=0.03 sys=0.00, real=0.02 secs] 
2318.393: [GC (Allocation Failure) [PSYoungGen: 417165K->181482K(465920K)] 1067266K->831848K(1214976K), 0.0229868 secs] [Times: user=0.03 sys=0.00, real=0.02 secs] 
2319.330: [GC (Allocation Failure) [PSYoungGen: 414442K->96K(465920K)] 1064808K->651915K(1214976K), 0.0027115 secs] [Times: user=0.01 sys=0.00, real=0.00 secs] 
2319.979: [GC (Allocation Failure) [PSYoungGen: 233056K->139860K(465920K)] 884875K->791696K(1214976K), 0.0158888 secs] [Times: user=0.02 sys=0.00, real=0.01 secs] 
2320.257: [GC (Allocation Failure) [PSYoungGen: 372820K->183916K(465920K)] 1024656K->837005K(1214976K), 0.0204053 secs] [Times: user=0.02 sys=0.00, real=0.02 secs] 
2320.802: [GC (Allocation Failure) [PSYoungGen: 416876K->162527K(465920K)] 1069965K->816018K(1214976K), 0.0207754 secs] [Times: user=0.03 sys=0.00, real=0.02 secs] 
2321.836: [GC (Allocation Failure) [PSYoungGen: 395487K->96K(465920K)] 1048978K->654902K(1214976K), 0.0026902 secs] [Times: user=0.01 sys=0.00, real=0.00 secs] 
2322.231: [GC (Allocation Failure) [PSYoungGen: 233056K->161709K(465920K)] 887862K->816523K(1214976K), 0.0186873 secs] [Times: user=0.03 sys=0.00, real=0.02 secs] 
2322.513: [GC (Allocation Failure) [PSYoungGen: 394669K->184526K(465920K)] 1049483K->840714K(1214976K), 0.0206008 secs] [Times: user=0.03 sys=0.00, real=0.02 secs] 
2322.984: [GC (Allocation Failure) [PSYoungGen: 417486K->144147K(465920K)] 1073674K->800472K(1214976K), 0.0173427 secs] [Times: user=0.03 sys=0.00, real=0.02 secs] 
2323.964: [GC (Allocation Failure) [PSYoungGen: 377107K->128K(465920K)] 1033432K->656758K(1214976K), 0.0022898 secs] [Times: user=0.01 sys=0.00, real=0.01 secs] 
2324.233: [GC (Allocation Failure) [PSYoungGen: 233088K->184393K(465920K)] 889718K->841047K(1214976K), 0.0202473 secs] [Times: user=0.03 sys=0.00, real=0.02 secs] 
2324.519: [GC (Allocation Failure) [PSYoungGen: 417353K->184462K(465920K)] 1074007K->842498K(1214976K), 0.0205947 secs] [Times: user=0.03 sys=0.00, real=0.02 secs] 
2325.354: [GC (Allocation Failure) [PSYoungGen: 417422K->129831K(465920K)] 1075458K->788013K(1214976K), 0.0169103 secs] [Times: user=0.03 sys=0.00, real=0.02 secs] 
2327.623: [GC (Allocation Failure) [PSYoungGen: 362791K->22580K(465920K)] 1020973K->681060K(1214976K), 0.0058689 secs] [Times: user=0.02 sys=0.00, real=0.01 secs] 
2327.930: [GC (Allocation Failure) [PSYoungGen: 255540K->184398K(465920K)] 914020K->844124K(1214976K), 0.0206575 secs] [Times: user=0.03 sys=0.00, real=0.02 secs] 
2328.213: [GC (Allocation Failure) [PSYoungGen: 417358K->184462K(465920K)] 1077084K->844461K(1214976K), 0.0205346 secs] [Times: user=0.03 sys=0.00, real=0.02 secs] 
2329.621: [GC (Allocation Failure) [PSYoungGen: 417422K->107356K(465920K)] 1077421K->767757K(1214976K), 0.0206576 secs] [Times: user=0.04 sys=0.00, real=0.02 secs] 
2331.652: [GC (Allocation Failure) [PSYoungGen: 340316K->45071K(465920K)] 1000717K->705660K(1214976K), 0.0080991 secs] [Times: user=0.01 sys=0.00, real=0.01 secs] 
2332.011: [GC (Allocation Failure) [PSYoungGen: 278031K->186357K(465920K)] 938620K->848320K(1214976K), 0.0209871 secs] [Times: user=0.03 sys=0.00, real=0.02 secs] 
2332.298: [GC (Allocation Failure) [PSYoungGen: 419317K->184783K(465920K)] 1081280K->846891K(1214976K), 0.0205558 secs] [Times: user=0.03 sys=0.00, real=0.02 secs] 
2333.957: [GC (Allocation Failure) [PSYoungGen: 417743K->66071K(465920K)] 1079851K->728451K(1214976K), 0.0171867 secs] [Times: user=0.04 sys=0.00, real=0.01 secs] 
2335.613: [GC (Allocation Failure) [PSYoungGen: 299031K->69940K(465920K)] 961411K->732634K(1214976K), 0.0088484 secs] [Times: user=0.02 sys=0.01, real=0.01 secs] 
2335.885: [GC (Allocation Failure) [PSYoungGen: 302900K->184398K(465920K)] 965594K->848345K(1214976K), 0.0205033 secs] [Times: user=0.03 sys=0.00, real=0.02 secs] 
2336.168: [GC (Allocation Failure) [PSYoungGen: 417358K->184173K(465920K)] 1081305K->848393K(1214976K), 0.0203905 secs] [Times: user=0.03 sys=0.00, real=0.02 secs] 
2336.998: [GC (Allocation Failure) [PSYoungGen: 417133K->43852K(465920K)] 1081353K->708338K(1214976K), 0.0072480 secs] [Times: user=0.02 sys=0.00, real=0.00 secs] 
2338.004: [GC (Allocation Failure) [PSYoungGen: 276812K->92242K(465920K)] 941298K->757026K(1214976K), 0.0111864 secs] [Times: user=0.02 sys=0.00, real=0.01 secs] 
2338.277: [GC (Allocation Failure) [PSYoungGen: 325202K->184205K(465920K)] 989986K->850234K(1214976K), 0.0204056 secs] [Times: user=0.03 sys=0.00, real=0.02 secs] 
2338.565: [GC (Allocation Failure) [PSYoungGen: 417165K->184398K(465920K)] 1083194K->850708K(1214976K), 0.0207031 secs] [Times: user=0.03 sys=0.00, real=0.03 secs] 
2340.581: [GC (Allocation Failure) [PSYoungGen: 417358K->21457K(465920K)] 1083668K->688032K(1214976K), 0.0082699 secs] [Times: user=0.03 sys=0.00, real=0.01 secs] 
2341.608: [GC (Allocation Failure) [PSYoungGen: 254417K->114506K(465920K)] 920992K->781389K(1214976K), 0.0133419 secs] [Times: user=0.02 sys=0.00, real=0.01 secs] 
2341.884: [GC (Allocation Failure) [PSYoungGen: 347466K->184301K(465920K)] 1014349K->852430K(1214976K), 0.0205528 secs] [Times: user=0.03 sys=0.00, real=0.02 secs] 
2342.221: [GC (Allocation Failure) [PSYoungGen: 417261K->182116K(465920K)] 1085390K->850646K(1214976K), 0.0204198 secs] [Times: user=0.03 sys=0.00, real=0.02 secs] 
2343.654: [GC (Allocation Failure) [PSYoungGen: 415076K->1376K(465920K)] 1083606K->669922K(1214976K), 0.0028630 secs] [Times: user=0.01 sys=0.00, real=0.01 secs] 
2344.155: [GC (Allocation Failure) [PSYoungGen: 234336K->135230K(465920K)] 902882K->803947K(1214976K), 0.0153705 secs] [Times: user=0.02 sys=0.00, real=0.02 secs] 
2344.434: [GC (Allocation Failure) [PSYoungGen: 368190K->184012K(465920K)] 1036907K->853975K(1214976K), 0.0204783 secs] [Times: user=0.02 sys=0.00, real=0.02 secs] 
2344.965: [GC (Allocation Failure) [PSYoungGen: 416972K->167041K(465920K)] 1086935K->837398K(1214976K), 0.0221120 secs] [Times: user=0.03 sys=0.00, real=0.03 secs] 
2346.869: [GC (Allocation Failure) [PSYoungGen: 400001K->96K(465920K)] 1070358K->671765K(1214976K), 0.0039332 secs] [Times: user=0.02 sys=0.00, real=0.00 secs] 
2347.412: [GC (Allocation Failure) [PSYoungGen: 233056K->159264K(465920K)] 904725K->830958K(1214976K), 0.0178682 secs] [Times: user=0.03 sys=0.00, real=0.02 secs] 
2347.696: [GC (Allocation Failure) [PSYoungGen: 392224K->186068K(465920K)] 1063918K->859000K(1214976K), 0.0207132 secs] [Times: user=0.03 sys=0.00, real=0.03 secs] 
2349.227: [GC (Allocation Failure) [PSYoungGen: 419028K->145047K(465920K)] 1091960K->818243K(1214976K), 0.0409410 secs] [Times: user=0.07 sys=0.00, real=0.04 secs] 
2351.790: [GC (Allocation Failure) [PSYoungGen: 378007K->128K(465920K)] 1051203K->674781K(1214976K), 0.0035321 secs] [Times: user=0.02 sys=0.00, real=0.00 secs] 
2352.112: [GC (Allocation Failure) [PSYoungGen: 233088K->185483K(465920K)] 907741K->860153K(1214976K), 0.0203766 secs] [Times: user=0.03 sys=0.00, real=0.02 secs] 
2352.397: [GC (Allocation Failure) [PSYoungGen: 418443K->185843K(465920K)] 1093113K->861759K(1214976K), 0.0207474 secs] [Times: user=0.03 sys=0.00, real=0.02 secs] 
2353.912: [GC (Allocation Failure) [PSYoungGen: 418803K->127309K(465920K)] 1094719K->803490K(1214976K), 0.0358269 secs] [Times: user=0.07 sys=0.00, real=0.04 secs] 
2356.304: [GC (Allocation Failure) [PSYoungGen: 360269K->25953K(465920K)] 1036450K->702448K(1214976K), 0.0063544 secs] [Times: user=0.02 sys=0.00, real=0.01 secs] 
2356.620: [GC (Allocation Failure) [PSYoungGen: 258913K->184173K(465920K)] 935408K->861913K(1214976K), 0.0204253 secs] [Times: user=0.03 sys=0.00, real=0.02 secs] 
2356.961: [GC (Allocation Failure) [PSYoungGen: 417133K->184590K(465920K)] 1094873K->862603K(1214976K), 0.0212899 secs] [Times: user=0.02 sys=0.00, real=0.02 secs] 
2358.092: [GC (Allocation Failure) [PSYoungGen: 417550K->104063K(465920K)] 1095563K->782349K(1214976K), 0.0216563 secs] [Times: user=0.04 sys=0.00, real=0.02 secs] 
2360.122: [GC (Allocation Failure) [PSYoungGen: 336963K->49155K(465920K)] 1015250K->727739K(1214976K), 0.0084979 secs] [Times: user=0.01 sys=0.00, real=0.01 secs] 
2360.424: [GC (Allocation Failure) [PSYoungGen: 282115K->184847K(465920K)] 960699K->864677K(1214976K), 0.0204263 secs] [Times: user=0.03 sys=0.00, real=0.02 secs] 
2360.709: [GC (Allocation Failure) [PSYoungGen: 417807K->184141K(465920K)] 1097637K->864243K(1214976K), 0.0204171 secs] [Times: user=0.02 sys=0.01, real=0.02 secs] 
2362.861: [GC (Allocation Failure) [PSYoungGen: 417101K->64127K(465920K)] 1097203K->744495K(1214976K), 0.0160591 secs] [Times: user=0.04 sys=0.00, real=0.02 secs] 
2364.849: [GC (Allocation Failure) [PSYoungGen: 297087K->71290K(465920K)] 977455K->751963K(1214976K), 0.0107308 secs] [Times: user=0.02 sys=0.00, real=0.01 secs] 
2365.212: [GC (Allocation Failure) [PSYoungGen: 304250K->184173K(465920K)] 984923K->866107K(1214976K), 0.0205251 secs] [Times: user=0.03 sys=0.00, real=0.02 secs] 
2365.498: [GC (Allocation Failure) [PSYoungGen: 417133K->183884K(465920K)] 1099067K->866091K(1214976K), 0.0201895 secs] [Times: user=0.03 sys=0.00, real=0.02 secs] 
2369.215: [GC (Allocation Failure) [PSYoungGen: 416844K->42921K(465920K)] 1099051K->725394K(1214976K), 0.0153598 secs] [Times: user=0.03 sys=0.00, real=0.02 secs] 
2370.312: [GC (Allocation Failure) [PSYoungGen: 275881K->92689K(465920K)] 958354K->775469K(1214976K), 0.0111195 secs] [Times: user=0.02 sys=0.00, real=0.01 secs] 
2370.587: [GC (Allocation Failure) [PSYoungGen: 325649K->184173K(465920K)] 1008429K->868207K(1214976K), 0.0204234 secs] [Times: user=0.03 sys=0.00, real=0.02 secs] 
2370.871: [GC (Allocation Failure) [PSYoungGen: 417133K->184430K(465920K)] 1101167K->868737K(1214976K), 0.0202871 secs] [Times: user=0.03 sys=0.00, real=0.02 secs] 
2373.543: [GC (Allocation Failure) [PSYoungGen: 417390K->21104K(465920K)] 1101697K->705676K(1214976K), 0.0067155 secs] [Times: user=0.02 sys=0.00, real=0.01 secs] 
2374.480: [GC (Allocation Failure) [PSYoungGen: 254064K->114958K(465920K)] 938636K->799836K(1214976K), 0.0135982 secs] [Times: user=0.02 sys=0.00, real=0.01 secs] 
2374.824: [GC (Allocation Failure) [PSYoungGen: 347918K->184398K(465920K)] 1032796K->870658K(1214976K), 0.0208113 secs] [Times: user=0.03 sys=0.00, real=0.02 secs] 
2375.122: [GC (Allocation Failure) [PSYoungGen: 417358K->181570K(465920K)] 1103618K->867975K(1214976K), 0.0199996 secs] [Times: user=0.02 sys=0.00, real=0.02 secs] 
2376.559: [GC (Allocation Failure) [PSYoungGen: 414530K->1376K(465920K)] 1100935K->687941K(1214976K), 0.0028820 secs] [Times: user=0.01 sys=0.00, real=0.00 secs] 
2377.320: [GC (Allocation Failure) [PSYoungGen: 234336K->134976K(465920K)] 920901K->821734K(1214976K), 0.0153115 secs] [Times: user=0.02 sys=0.00, real=0.01 secs] 
2377.599: [GC (Allocation Failure) [PSYoungGen: 367936K->184558K(465920K)] 1054694K->872562K(1214976K), 0.0205012 secs] [Times: user=0.03 sys=0.00, real=0.02 secs] 
2377.991: [GC (Allocation Failure) [PSYoungGen: 417518K->166768K(465920K)] 1105522K->855045K(1214976K), 0.0208796 secs] [Times: user=0.03 sys=0.00, real=0.02 secs] 
2379.078: [GC (Allocation Failure) [PSYoungGen: 399728K->96K(465920K)] 1088005K->689809K(1214976K), 0.0027609 secs] [Times: user=0.01 sys=0.01, real=0.00 secs] 
2379.619: [GC (Allocation Failure) [PSYoungGen: 233056K->158142K(465920K)] 922769K->847871K(1214976K), 0.0176760 secs] [Times: user=0.03 sys=0.00, real=0.02 secs] 
2379.902: [GC (Allocation Failure) [PSYoungGen: 391102K->184558K(465920K)] 1080831K->875533K(1214976K), 0.0205640 secs] [Times: user=0.03 sys=0.00, real=0.02 secs] 
2380.673: [GC (Allocation Failure) [PSYoungGen: 417518K->147714K(465920K)] 1108493K->838954K(1214976K), 0.0179274 secs] [Times: user=0.03 sys=0.00, real=0.02 secs] 
2382.131: [GC (Allocation Failure) [PSYoungGen: 380674K->64K(465920K)] 1071914K->692751K(1214976K), 0.0030203 secs] [Times: user=0.01 sys=0.00, real=0.00 secs] 
2382.648: [GC (Allocation Failure) [PSYoungGen: 233024K->180470K(465920K)] 925711K->873174K(1214976K), 0.0201110 secs] [Times: user=0.02 sys=0.00, real=0.02 secs] 
2382.932: [GC (Allocation Failure) [PSYoungGen: 413430K->184430K(465920K)] 1106134K->878507K(1214976K), 0.0206001 secs] [Times: user=0.03 sys=0.00, real=0.02 secs] 
2383.784: [GC (Allocation Failure) [PSYoungGen: 417390K->133719K(465920K)] 1111467K->827941K(1214976K), 0.0239801 secs] [Times: user=0.05 sys=0.00, real=0.03 secs] 
2385.254: [GC (Allocation Failure) [PSYoungGen: 366679K->19013K(465920K)] 1060901K->713551K(1214976K), 0.0046519 secs] [Times: user=0.01 sys=0.00, real=0.01 secs] 
2385.530: [GC (Allocation Failure) [PSYoungGen: 251973K->186325K(465920K)] 946511K->882117K(1214976K), 0.0206339 secs] [Times: user=0.03 sys=0.00, real=0.02 secs] 
2385.873: [GC (Allocation Failure) [PSYoungGen: 419285K->184847K(465920K)] 1115077K->880912K(1214976K), 0.0205070 secs] [Times: user=0.03 sys=0.01, real=0.02 secs] 
2387.789: [GC (Allocation Failure) [PSYoungGen: 417807K->108641K(465920K)] 1113872K->804971K(1214976K), 0.0190723 secs] [Times: user=0.03 sys=0.00, real=0.02 secs] 
2389.963: [GC (Allocation Failure) [PSYoungGen: 341601K->43272K(465920K)] 1037931K->739907K(1214976K), 0.0088394 secs] [Times: user=0.02 sys=0.00, real=0.01 secs] 
2390.282: [GC (Allocation Failure) [PSYoungGen: 276232K->184847K(465920K)] 972867K->882728K(1214976K), 0.0205472 secs] [Times: user=0.03 sys=0.00, real=0.02 secs] 
2390.565: [GC (Allocation Failure) [PSYoungGen: 417807K->184141K(465920K)] 1115688K->882295K(1214976K), 0.0206218 secs] [Times: user=0.03 sys=0.00, real=0.02 secs] 
2391.286: [GC (Allocation Failure) [PSYoungGen: 417101K->70071K(465920K)] 1115255K->768490K(1214976K), 0.0112604 secs] [Times: user=0.02 sys=0.00, real=0.01 secs] 
2392.109: [GC (Allocation Failure) [PSYoungGen: 303031K->66438K(465920K)] 1001450K->765163K(1214976K), 0.0086123 secs] [Times: user=0.02 sys=0.00, real=0.01 secs] 
2392.384: [GC (Allocation Failure) [PSYoungGen: 299398K->186454K(465920K)] 998123K->886561K(1214976K), 0.0207762 secs] [Times: user=0.02 sys=0.00, real=0.02 secs] 
2392.673: [GC (Allocation Failure) [PSYoungGen: 419414K->186068K(465920K)] 1119521K->886448K(1214976K), 0.0206974 secs] [Times: user=0.03 sys=0.01, real=0.02 secs] 
2394.273: [GC (Allocation Failure) [PSYoungGen: 419028K->43338K(465920K)] 1119408K->743983K(1214976K), 0.0126191 secs] [Times: user=0.03 sys=0.00, real=0.01 secs] 
2395.605: [GC (Allocation Failure) [PSYoungGen: 276285K->92946K(465920K)] 976930K->793784K(1214976K), 0.0112672 secs] [Times: user=0.02 sys=0.00, real=0.02 secs] 
2395.881: [GC (Allocation Failure) [PSYoungGen: 325906K->184815K(465920K)] 1026744K->886907K(1214976K), 0.0206362 secs] [Times: user=0.02 sys=0.00, real=0.02 secs] 
2396.165: [GC (Allocation Failure) [PSYoungGen: 417775K->184141K(465920K)] 1119867K->886506K(1214976K), 0.0205392 secs] [Times: user=0.03 sys=0.00, real=0.02 secs] 
2397.506: [GC (Allocation Failure) [PSYoungGen: 417101K->20397K(465920K)] 1119466K->723027K(1214976K), 0.0052153 secs] [Times: user=0.02 sys=0.00, real=0.00 secs] 
2398.084: [GC (Allocation Failure) [PSYoungGen: 253357K->115534K(465920K)] 955987K->818470K(1214976K), 0.0134478 secs] [Times: user=0.02 sys=0.00, real=0.02 secs] 
2398.418: [GC (Allocation Failure) [PSYoungGen: 348494K->184141K(465920K)] 1051430K->888330K(1214976K), 0.0207034 secs] [Times: user=0.02 sys=0.00, real=0.02 secs] 
2398.706: [GC (Allocation Failure) [PSYoungGen: 417101K->182433K(465920K)] 1121290K->886895K(1214976K), 0.0199772 secs] [Times: user=0.03 sys=0.00, real=0.02 secs] 
2399.684: [GC (Allocation Failure) [PSYoungGen: 415393K->128K(465920K)] 1119855K->705987K(1214976K), 0.0028584 secs] [Times: user=0.02 sys=0.00, real=0.01 secs] 
2400.177: [GC (Allocation Failure) [PSYoungGen: 233088K->136644K(465920K)] 938947K->842568K(1214976K), 0.0157099 secs] [Times: user=0.02 sys=0.00, real=0.01 secs] 
2400.517: [GC (Allocation Failure) [PSYoungGen: 369604K->184558K(465920K)] 1075528K->891736K(1214976K), 0.0205012 secs] [Times: user=0.03 sys=0.00, real=0.02 secs] 
2401.380: [GC (Allocation Failure) [PSYoungGen: 417518K->163033K(465920K)] 1124696K->870484K(1214976K), 0.0437871 secs] [Times: user=0.06 sys=0.00, real=0.04 secs] 
2402.891: [GC (Allocation Failure) [PSYoungGen: 395993K->96K(465920K)] 1103444K->708988K(1214976K), 0.0035395 secs] [Times: user=0.02 sys=0.00, real=0.00 secs] 
2403.511: [GC (Allocation Failure) [PSYoungGen: 233056K->159427K(465920K)] 941948K->868336K(1214976K), 0.0178959 secs] [Times: user=0.02 sys=0.00, real=0.02 secs] 
2403.793: [GC (Allocation Failure) [PSYoungGen: 392387K->184333K(465920K)] 1101296K->894616K(1214976K), 0.0204568 secs] [Times: user=0.03 sys=0.00, real=0.02 secs] 
2404.817: [GC (Allocation Failure) [PSYoungGen: 417293K->146734K(465920K)] 1127576K->857161K(1214976K), 0.0254099 secs] [Times: user=0.04 sys=0.00, real=0.02 secs] 
2407.015: [GC (Allocation Failure) [PSYoungGen: 379694K->64K(465920K)] 1090121K->711938K(1214976K), 0.0057683 secs] [Times: user=0.02 sys=0.00, real=0.01 secs] 
2407.484: [GC (Allocation Failure) [PSYoungGen: 233024K->181116K(465920K)] 944898K->893015K(1214976K), 0.0201364 secs] [Times: user=0.03 sys=0.00, real=0.02 secs] 
2407.768: [GC (Allocation Failure) [PSYoungGen: 414076K->184430K(465920K)] 1125975K->897574K(1214976K), 0.0206012 secs] [Times: user=0.03 sys=0.00, real=0.02 secs] 
2408.265: [GC (Allocation Failure) [PSYoungGen: 417390K->133045K(465920K)] 1130534K->846462K(1214976K), 0.0143480 secs] [Times: user=0.03 sys=0.00, real=0.02 secs] 
2409.650: [GC (Allocation Failure) [PSYoungGen: 366005K->19366K(465920K)] 1079422K->733082K(1214976K), 0.0049238 secs] [Times: user=0.01 sys=0.00, real=0.00 secs] 
2409.942: [GC (Allocation Failure) [PSYoungGen: 252326K->184076K(465920K)] 966042K->899165K(1214976K), 0.0207152 secs] [Times: user=0.03 sys=0.00, real=0.02 secs] 
2410.230: [GC (Allocation Failure) [PSYoungGen: 417036K->184076K(465920K)] 1132125K->899318K(1214976K), 0.0204565 secs] [Times: user=0.03 sys=0.00, real=0.02 secs] 
2410.950: [GC (Allocation Failure) [PSYoungGen: 417036K->111308K(465920K)] 1132278K->826823K(1214976K), 0.0140613 secs] [Times: user=0.03 sys=0.00, real=0.01 secs] 
2412.779: [GC (Allocation Failure) [PSYoungGen: 344268K->41058K(465920K)] 1059783K->756888K(1214976K), 0.0078497 secs] [Times: user=0.02 sys=0.00, real=0.01 secs] 
2413.081: [GC (Allocation Failure) [PSYoungGen: 274018K->183819K(465920K)] 989848K->900895K(1214976K), 0.0204811 secs] [Times: user=0.02 sys=0.00, real=0.02 secs] 
2413.367: [GC (Allocation Failure) [PSYoungGen: 416779K->184269K(465920K)] 1133855K->901747K(1214976K), 0.0206127 secs] [Times: user=0.02 sys=0.00, real=0.02 secs] 
2416.195: [GC (Allocation Failure) [PSYoungGen: 417229K->73124K(465920K)] 1134707K->790738K(1214976K), 0.0178644 secs] [Times: user=0.03 sys=0.00, real=0.02 secs] 
2418.312: [GC (Allocation Failure) [PSYoungGen: 306084K->62264K(465920K)] 1023698K->780186K(1214976K), 0.0101164 secs] [Times: user=0.02 sys=0.00, real=0.01 secs] 
2418.676: [GC (Allocation Failure) [PSYoungGen: 295224K->184687K(465920K)] 1013146K->903854K(1214976K), 0.0205345 secs] [Times: user=0.03 sys=0.00, real=0.03 secs] 
2419.021: [GC (Allocation Failure) [PSYoungGen: 417647K->183755K(465920K)] 1136814K->903196K(1214976K), 0.0203580 secs] [Times: user=0.03 sys=0.00, real=0.02 secs] 
2420.095: [GC (Allocation Failure) [PSYoungGen: 416715K->51612K(465920K)] 1136156K->771317K(1214976K), 0.0100476 secs] [Times: user=0.03 sys=0.00, real=0.01 secs] 
2421.230: [GC (Allocation Failure) [PSYoungGen: 284572K->84145K(465920K)] 1004277K->804159K(1214976K), 0.0104323 secs] [Times: user=0.02 sys=0.00, real=0.01 secs] 
2421.507: [GC (Allocation Failure) [PSYoungGen: 317105K->186486K(465920K)] 1037119K->907745K(1214976K), 0.0207449 secs] [Times: user=0.02 sys=0.00, real=0.02 secs] 
2421.793: [GC (Allocation Failure) [PSYoungGen: 419446K->186068K(465920K)] 1140705K->907601K(1214976K), 0.0206101 secs] [Times: user=0.03 sys=0.00, real=0.02 secs] 
2423.437: [GC (Allocation Failure) [PSYoungGen: 419028K->25570K(465920K)] 1140561K->747367K(1214976K), 0.0062578 secs] [Times: user=0.02 sys=0.00, real=0.00 secs] 
2424.666: [GC (Allocation Failure) [PSYoungGen: 258530K->110939K(465920K)] 980327K->833045K(1214976K), 0.0130981 secs] [Times: user=0.02 sys=0.00, real=0.01 secs] 
2424.944: [GC (Allocation Failure) [PSYoungGen: 343899K->184558K(465920K)] 1066005K->907925K(1214976K), 0.0206447 secs] [Times: user=0.03 sys=0.00, real=0.02 secs] 
2425.233: [GC (Allocation Failure) [PSYoungGen: 417518K->185426K(465920K)] 1140885K->909195K(1214976K), 0.0205157 secs] [Times: user=0.03 sys=0.00, real=0.02 secs] 
2426.208: [GC (Allocation Failure) [PSYoungGen: 418386K->1376K(465920K)] 1142155K->725184K(1214976K), 0.0039854 secs] [Times: user=0.02 sys=0.00, real=0.00 secs] 
2427.010: [GC (Allocation Failure) [PSYoungGen: 234336K->134976K(465920K)] 958144K->858978K(1214976K), 0.0155741 secs] [Times: user=0.03 sys=0.00, real=0.01 secs] 
2427.290: [GC (Allocation Failure) [PSYoungGen: 367936K->184269K(465920K)] 1091938K->909517K(1214976K), 0.0206444 secs] [Times: user=0.03 sys=0.00, real=0.02 secs] 
2427.700: [GC (Allocation Failure) [PSYoungGen: 417229K->167025K(465920K)] 1142477K->892546K(1214976K), 0.0210983 secs] [Times: user=0.03 sys=0.00, real=0.02 secs] 
2429.366: [GC (Allocation Failure) [PSYoungGen: 399985K->96K(465920K)] 1125506K->727048K(1214976K), 0.0046609 secs] [Times: user=0.02 sys=0.00, real=0.00 secs] 
2430.003: [GC (Allocation Failure) [PSYoungGen: 232929K->157339K(465920K)] 959881K->884307K(1214976K), 0.0179093 secs] [Times: user=0.03 sys=0.00, real=0.02 secs] 
2430.344: [GC (Allocation Failure) [PSYoungGen: 390299K->184333K(465920K)] 1117267K->912547K(1214976K), 0.0205726 secs] [Times: user=0.03 sys=0.00, real=0.02 secs] 
2431.145: [GC (Allocation Failure) [PSYoungGen: 417293K->148758K(465920K)] 1145507K->877237K(1214976K), 0.0445673 secs] [Times: user=0.07 sys=0.00, real=0.05 secs] 
2433.806: [GC (Allocation Failure) [PSYoungGen: 381718K->96K(465920K)] 1110197K->730014K(1214976K), 0.0050404 secs] [Times: user=0.02 sys=0.00, real=0.00 secs] 
2434.293: [GC (Allocation Failure) [PSYoungGen: 233056K->179217K(465920K)] 962974K->909152K(1214976K), 0.0199281 secs] [Times: user=0.03 sys=0.00, real=0.02 secs] 
2434.576: [GC (Allocation Failure) [PSYoungGen: 412177K->184430K(465920K)] 1142112K->915610K(1214976K), 0.0206417 secs] [Times: user=0.02 sys=0.00, real=0.03 secs] 
2435.232: [GC (Allocation Failure) [PSYoungGen: 417390K->134972K(465920K)] 1148570K->866426K(1214976K), 0.0161701 secs] [Times: user=0.03 sys=0.00, real=0.02 secs] 
2437.024: [GC (Allocation Failure) [PSYoungGen: 367932K->17439K(465920K)] 1099386K->749190K(1214976K), 0.0049178 secs] [Times: user=0.01 sys=0.00, real=0.01 secs] 
2437.316: [GC (Allocation Failure) [PSYoungGen: 250399K->186357K(465920K)] 982150K->919475K(1214976K), 0.0208190 secs] [Times: user=0.03 sys=0.00, real=0.02 secs] 
2437.608: [GC (Allocation Failure) [PSYoungGen: 419317K->186068K(465920K)] 1152435K->919330K(1214976K), 0.0207129 secs] [Times: user=0.03 sys=0.00, real=0.02 secs] 
2439.157: [GC (Allocation Failure) [PSYoungGen: 419028K->108882K(465920K)] 1152290K->842409K(1214976K), 0.0164171 secs] [Times: user=0.04 sys=0.00, real=0.01 secs] 
2440.420: [GC (Allocation Failure) [PSYoungGen: 341842K->44589K(465920K)] 1075369K->778438K(1214976K), 0.0066554 secs] [Times: user=0.02 sys=0.00, real=0.01 secs] 
2440.692: [GC (Allocation Failure) [PSYoungGen: 277549K->185811K(465920K)] 1011398K->920906K(1214976K), 0.0209250 secs] [Times: user=0.03 sys=0.00, real=0.02 secs] 
2440.978: [GC (Allocation Failure) [PSYoungGen: 418771K->185843K(465920K)] 1153866K->921203K(1214976K), 0.0206598 secs] [Times: user=0.03 sys=0.00, real=0.02 secs] 
2443.520: [GC (Allocation Failure) [PSYoungGen: 418803K->66055K(465920K)] 1154163K->801679K(1214976K), 0.0127074 secs] [Times: user=0.03 sys=0.00, real=0.01 secs] 
2444.901: [GC (Allocation Failure) [PSYoungGen: 299015K->69266K(465920K)] 1034639K->805198K(1214976K), 0.0089195 secs] [Times: user=0.01 sys=0.00, real=0.01 secs] 
2445.175: [GC (Allocation Failure) [PSYoungGen: 302226K->184301K(465920K)] 1038158K->921495K(1214976K), 0.0206745 secs] [Times: user=0.03 sys=0.00, real=0.02 secs] 
2445.516: [GC (Allocation Failure) [PSYoungGen: 417261K->184173K(465920K)] 1154455K->921639K(1214976K), 0.0205422 secs] [Times: user=0.02 sys=0.00, real=0.02 secs] 
2446.931: [GC (Allocation Failure) [PSYoungGen: 417133K->44639K(465920K)] 1154599K->782379K(1214976K), 0.0100608 secs] [Times: user=0.02 sys=0.00, real=0.01 secs] 
2448.076: [GC (Allocation Failure) [PSYoungGen: 277599K->90989K(465920K)] 1015339K->829034K(1214976K), 0.0112265 secs] [Times: user=0.01 sys=0.00, real=0.02 secs] 
2448.351: [GC (Allocation Failure) [PSYoungGen: 323949K->184558K(465920K)] 1061994K->923849K(1214976K), 0.0206762 secs] [Times: user=0.02 sys=0.00, real=0.02 secs] 
2448.635: [GC (Allocation Failure) [PSYoungGen: 417518K->184430K(465920K)] 1156809K->924122K(1214976K), 0.0205575 secs] [Times: user=0.03 sys=0.00, real=0.02 secs] 
2450.001: [GC (Allocation Failure) [PSYoungGen: 417390K->22357K(465920K)] 1157082K->762186K(1214976K), 0.0056925 secs] [Times: user=0.02 sys=0.00, real=0.01 secs] 
2450.623: [GC (Allocation Failure) [PSYoungGen: 255317K->113767K(465920K)] 995146K->853909K(1214976K), 0.0134233 secs] [Times: user=0.02 sys=0.00, real=0.02 secs] 
2450.958: [GC (Allocation Failure) [PSYoungGen: 346727K->184173K(465920K)] 1086869K->925569K(1214976K), 0.0206003 secs] [Times: user=0.03 sys=0.00, real=0.02 secs] 
2451.243: [GC (Allocation Failure) [PSYoungGen: 417133K->182952K(465920K)] 1158529K->924621K(1214976K), 0.0204673 secs] [Times: user=0.03 sys=0.00, real=0.02 secs] 
2453.383: [GC (Allocation Failure) [PSYoungGen: 415912K->1312K(465920K)] 1157581K->743134K(1214976K), 0.0050370 secs] [Times: user=0.02 sys=0.00, real=0.01 secs] 
2454.181: [GC (Allocation Failure) [PSYoungGen: 234272K->135008K(465920K)] 976094K->877015K(1214976K), 0.0156403 secs] [Times: user=0.02 sys=0.00, real=0.02 secs] 
2454.527: [GC (Allocation Failure) [PSYoungGen: 367968K->184558K(465920K)] 1109975K->927947K(1214976K), 0.0207775 secs] [Times: user=0.03 sys=0.00, real=0.02 secs] 
2455.004: [GC (Allocation Failure) [PSYoungGen: 417518K->166736K(465920K)] 1160907K->910390K(1214976K), 0.0241439 secs] [Times: user=0.04 sys=0.00, real=0.03 secs] 
2455.943: [GC (Allocation Failure) [PSYoungGen: 399696K->96K(465920K)] 1143350K->745077K(1214976K), 0.0029064 secs] [Times: user=0.01 sys=0.00, real=0.00 secs] 
2456.412: [GC (Allocation Failure) [PSYoungGen: 233056K->157853K(465920K)] 978037K->902851K(1214976K), 0.0177028 secs] [Times: user=0.03 sys=0.00, real=0.02 secs] 
2456.693: [GC (Allocation Failure) [PSYoungGen: 390813K->184462K(465920K)] 1135811K->930705K(1214976K), 0.0207386 secs] [Times: user=0.03 sys=0.00, real=0.02 secs] 
2457.509: [GC (Allocation Failure) [PSYoungGen: 417422K->148131K(465920K)] 1163665K->894648K(1214976K), 0.0201951 secs] [Times: user=0.03 sys=0.00, real=0.02 secs] 
2460.529: [GC (Allocation Failure) [PSYoungGen: 381091K->96K(465920K)] 1127608K->748043K(1214976K), 0.0047157 secs] [Times: user=0.02 sys=0.00, real=0.00 secs] 
2460.534: [Full GC (Ergonomics) [PSYoungGen: 96K->0K(465920K)] [ParOldGen: 747947K->343731K(819200K)] 748043K->343731K(1285120K), [Metaspace: 56219K->56219K(1101824K)], 0.0736463 secs] [Times: user=0.23 sys=0.00, real=0.08 secs] 
2461.073: [GC (Allocation Failure) [PSYoungGen: 232960K->179445K(465920K)] 576691K->523177K(1285120K), 0.0195163 secs] [Times: user=0.02 sys=0.00, real=0.02 secs] 
2461.358: [GC (Allocation Failure) [PSYoungGen: 412405K->184430K(465920K)] 756137K->529407K(1285120K), 0.0201072 secs] [Times: user=0.03 sys=0.00, real=0.02 secs] 
2462.174: [GC (Allocation Failure) [PSYoungGen: 417390K->134747K(465920K)] 762367K->479990K(1285120K), 0.0170808 secs] [Times: user=0.03 sys=0.00, real=0.02 secs] 
2463.112: [GC (Allocation Failure) [PSYoungGen: 367707K->5232K(465920K)] 712950K->350784K(1285120K), 0.0023816 secs] [Times: user=0.01 sys=0.01, real=0.00 secs] 
2463.469: [GC (Allocation Failure) [PSYoungGen: 238192K->184944K(465920K)] 583744K->531741K(1285120K), 0.0202080 secs] [Times: user=0.02 sys=0.00, real=0.02 secs] 
2463.752: [GC (Allocation Failure) [PSYoungGen: 417904K->184783K(465920K)] 764701K->531862K(1285120K), 0.0201357 secs] [Times: user=0.02 sys=0.00, real=0.02 secs] 
2464.772: [GC (Allocation Failure) [PSYoungGen: 417743K->123807K(465920K)] 764822K->471159K(1285120K), 0.0213401 secs] [Times: user=0.04 sys=0.00, real=0.02 secs] 
2466.934: [GC (Allocation Failure) [PSYoungGen: 356767K->15385K(465920K)] 704119K->363047K(1285120K), 0.0050973 secs] [Times: user=0.02 sys=0.00, real=0.01 secs] 
2467.268: [GC (Allocation Failure) [PSYoungGen: 248345K->186261K(465920K)] 596007K->535176K(1285120K), 0.0201608 secs] [Times: user=0.03 sys=0.00, real=0.02 secs] 
2467.554: [GC (Allocation Failure) [PSYoungGen: 419221K->185972K(465920K)] 768136K->535297K(1285120K), 0.0201580 secs] [Times: user=0.03 sys=0.00, real=0.02 secs] 
2468.749: [GC (Allocation Failure) [PSYoungGen: 418932K->111228K(465920K)] 768257K->460689K(1285120K), 0.0216081 secs] [Times: user=0.03 sys=0.01, real=0.02 secs] 
2470.368: [GC (Allocation Failure) [PSYoungGen: 344188K->29266K(465920K)] 693649K->379031K(1285120K), 0.0057326 secs] [Times: user=0.01 sys=0.00, real=0.00 secs] 
2470.675: [GC (Allocation Failure) [PSYoungGen: 262226K->185715K(465920K)] 611991K->536855K(1285120K), 0.0202260 secs] [Times: user=0.02 sys=0.00, real=0.02 secs] 
2470.966: [GC (Allocation Failure) [PSYoungGen: 418675K->185843K(465920K)] 769815K->537264K(1285120K), 0.0200186 secs] [Times: user=0.03 sys=0.00, real=0.02 secs] 
2472.264: [GC (Allocation Failure) [PSYoungGen: 417339K->97910K(465920K)] 768760K->449467K(1285120K), 0.0135550 secs] [Times: user=0.03 sys=0.00, real=0.02 secs] 
2473.838: [GC (Allocation Failure) [PSYoungGen: 330870K->37520K(465920K)] 682427K->389391K(1285120K), 0.0062623 secs] [Times: user=0.01 sys=0.00, real=0.00 secs] 
2474.132: [GC (Allocation Failure) [PSYoungGen: 270480K->184462K(465920K)] 622351K->537578K(1285120K), 0.0200713 secs] [Times: user=0.03 sys=0.00, real=0.02 secs] 
2474.414: [GC (Allocation Failure) [PSYoungGen: 417422K->183819K(465920K)] 770538K->537225K(1285120K), 0.0198788 secs] [Times: user=0.02 sys=0.00, real=0.02 secs] 
2475.710: [GC (Allocation Failure) [PSYoungGen: 409400K->92994K(465920K)] 762805K->446665K(1285120K), 0.0118880 secs] [Times: user=0.02 sys=0.00, real=0.01 secs] 
2476.627: [GC (Allocation Failure) [PSYoungGen: 325954K->38034K(465920K)] 679625K->392013K(1285120K), 0.0060441 secs] [Times: user=0.01 sys=0.00, real=0.00 secs] 
2476.905: [GC (Allocation Failure) [PSYoungGen: 270994K->184558K(465920K)] 624973K->539919K(1285120K), 0.0201462 secs] [Times: user=0.02 sys=0.00, real=0.02 secs] 
2477.188: [GC (Allocation Failure) [PSYoungGen: 417518K->184687K(465920K)] 772879K->540200K(1285120K), 0.0199603 secs] [Times: user=0.03 sys=0.00, real=0.02 secs] 
2478.872: [GC (Allocation Failure) [PSYoungGen: 407132K->91484K(465920K)] 762645K->447390K(1285120K), 0.0253013 secs] [Times: user=0.05 sys=0.00, real=0.03 secs] 
2480.972: [GC (Allocation Failure) [PSYoungGen: 324444K->37906K(465920K)] 680350K->394006K(1285120K), 0.0069554 secs] [Times: user=0.02 sys=0.00, real=0.01 secs] 
2481.277: [GC (Allocation Failure) [PSYoungGen: 270866K->184687K(465920K)] 626966K->542032K(1285120K), 0.0200576 secs] [Times: user=0.02 sys=0.00, real=0.02 secs] 
2481.566: [GC (Allocation Failure) [PSYoungGen: 417647K->184655K(465920K)] 774992K->542281K(1285120K), 0.0201318 secs] [Times: user=0.03 sys=0.00, real=0.02 secs] 
2483.007: [GC (Allocation Failure) [PSYoungGen: 407204K->91467K(465920K)] 764830K->449359K(1285120K), 0.0203666 secs] [Times: user=0.03 sys=0.00, real=0.02 secs] 
2485.157: [GC (Allocation Failure) [PSYoungGen: 324427K->37906K(465920K)] 682319K->396103K(1285120K), 0.0064742 secs] [Times: user=0.01 sys=0.00, real=0.00 secs] 
2485.460: [GC (Allocation Failure) [PSYoungGen: 270866K->183787K(465920K)] 629063K->543238K(1285120K), 0.0199942 secs] [Times: user=0.03 sys=0.00, real=0.02 secs] 
2485.744: [GC (Allocation Failure) [PSYoungGen: 416747K->184398K(465920K)] 776198K->544130K(1285120K), 0.0200278 secs] [Times: user=0.02 sys=0.00, real=0.02 secs] 
2487.493: [GC (Allocation Failure) [PSYoungGen: 409747K->92608K(465920K)] 769479K->452605K(1285120K), 0.0127245 secs] [Times: user=0.02 sys=0.00, real=0.01 secs] 
2488.603: [GC (Allocation Failure) [PSYoungGen: 325568K->37877K(465920K)] 685565K->398181K(1285120K), 0.0053233 secs] [Times: user=0.01 sys=0.00, real=0.01 secs] 
2488.874: [GC (Allocation Failure) [PSYoungGen: 270837K->184687K(465920K)] 631141K->546237K(1285120K), 0.0200654 secs] [Times: user=0.03 sys=0.00, real=0.02 secs] 
2489.161: [GC (Allocation Failure) [PSYoungGen: 417647K->184655K(465920K)] 779197K->546615K(1285120K), 0.0199149 secs] [Times: user=0.02 sys=0.00, real=0.02 secs] 
2490.339: [GC (Allocation Failure) [PSYoungGen: 407094K->91499K(465920K)] 769054K->453724K(1285120K), 0.0190375 secs] [Times: user=0.03 sys=0.00, real=0.02 secs] 
2491.441: [GC (Allocation Failure) [PSYoungGen: 324459K->38005K(465920K)] 686684K->400407K(1285120K), 0.0053680 secs] [Times: user=0.01 sys=0.00, real=0.01 secs] 
2491.710: [GC (Allocation Failure) [PSYoungGen: 270965K->183819K(465920K)] 633367K->547467K(1285120K), 0.0200577 secs] [Times: user=0.03 sys=0.00, real=0.02 secs] 
2492.048: [GC (Allocation Failure) [PSYoungGen: 416779K->181988K(465920K)] 780427K->545917K(1285120K), 0.0197296 secs] [Times: user=0.02 sys=0.00, real=0.02 secs] 
2493.065: [GC (Allocation Failure) [PSYoungGen: 408749K->94938K(465920K)] 772677K->459132K(1285120K), 0.0165781 secs] [Times: user=0.03 sys=0.00, real=0.02 secs] 
2494.599: [GC (Allocation Failure) [PSYoungGen: 327898K->38391K(465920K)] 692092K->402762K(1285120K), 0.0053821 secs] [Times: user=0.01 sys=0.00, real=0.00 secs] 
2494.869: [GC (Allocation Failure) [PSYoungGen: 271351K->184976K(465920K)] 635722K->550737K(1285120K), 0.0201374 secs] [Times: user=0.02 sys=0.00, real=0.02 secs] 
2495.212: [GC (Allocation Failure) [PSYoungGen: 417936K->184847K(465920K)] 783697K->550753K(1285120K), 0.0203867 secs] [Times: user=0.03 sys=0.00, real=0.02 secs] 
2497.227: [GC (Allocation Failure) [PSYoungGen: 406476K->90568K(465920K)] 772382K->456867K(1285120K), 0.0130099 secs] [Times: user=0.02 sys=0.00, real=0.01 secs] 
2498.042: [GC (Allocation Failure) [PSYoungGen: 323528K->38034K(465920K)] 689827K->404513K(1285120K), 0.0061098 secs] [Times: user=0.01 sys=0.00, real=0.01 secs] 
2498.403: [GC (Allocation Failure) [PSYoungGen: 270994K->183916K(465920K)] 637473K->551640K(1285120K), 0.0201538 secs] [Times: user=0.03 sys=0.00, real=0.02 secs] 
2498.687: [GC (Allocation Failure) [PSYoungGen: 416876K->184430K(465920K)] 784600K->552427K(1285120K), 0.0199878 secs] [Times: user=0.02 sys=0.00, real=0.02 secs] 
2499.707: [GC (Allocation Failure) [PSYoungGen: 409648K->92351K(465920K)] 777645K->460613K(1285120K), 0.0118033 secs] [Times: user=0.02 sys=0.00, real=0.01 secs] 
2500.560: [GC (Allocation Failure) [PSYoungGen: 325311K->38037K(465920K)] 693573K->406625K(1285120K), 0.0053520 secs] [Times: user=0.01 sys=0.00, real=0.00 secs] 
2500.890: [GC (Allocation Failure) [PSYoungGen: 270997K->184687K(465920K)] 639585K->554529K(1285120K), 0.0201536 secs] [Times: user=0.02 sys=0.00, real=0.02 secs] 
2501.178: [GC (Allocation Failure) [PSYoungGen: 417647K->184719K(465920K)] 787489K->554842K(1285120K), 0.0200358 secs] [Times: user=0.03 sys=0.00, real=0.02 secs] 
2502.057: [GC (Allocation Failure) [PSYoungGen: 407283K->91403K(465920K)] 777406K->461791K(1285120K), 0.0151324 secs] [Times: user=0.03 sys=0.00, real=0.01 secs] 
2502.869: [GC (Allocation Failure) [PSYoungGen: 324363K->38294K(465920K)] 694751K->409000K(1285120K), 0.0053986 secs] [Times: user=0.01 sys=0.00, real=0.00 secs] 
2503.197: [GC (Allocation Failure) [PSYoungGen: 271254K->184719K(465920K)] 641960K->556798K(1285120K), 0.0202668 secs] [Times: user=0.02 sys=0.00, real=0.02 secs] 
2503.486: [GC (Allocation Failure) [PSYoungGen: 417679K->184687K(465920K)] 789758K->556919K(1285120K), 0.0200828 secs] [Times: user=0.02 sys=0.00, real=0.02 secs] 
2504.769: [GC (Allocation Failure) [PSYoungGen: 407025K->91066K(465920K)] 779257K->463563K(1285120K), 0.0149557 secs] [Times: user=0.03 sys=0.00, real=0.01 secs] 
2505.623: [GC (Allocation Failure) [PSYoungGen: 324026K->38005K(465920K)] 696523K->410810K(1285120K), 0.0052734 secs] [Times: user=0.01 sys=0.00, real=0.01 secs] 
2505.892: [GC (Allocation Failure) [PSYoungGen: 270965K->183916K(465920K)] 643770K->557966K(1285120K), 0.0200255 secs] [Times: user=0.03 sys=0.00, real=0.02 secs] 
2506.234: [GC (Allocation Failure) [PSYoungGen: 416876K->184430K(465920K)] 790926K->558753K(1285120K), 0.0201829 secs] [Times: user=0.02 sys=0.00, real=0.02 secs] 
2506.929: [GC (Allocation Failure) [PSYoungGen: 409637K->92367K(465920K)] 783961K->466956K(1285120K), 0.0116486 secs] [Times: user=0.02 sys=0.00, real=0.01 secs] 
2507.726: [GC (Allocation Failure) [PSYoungGen: 325327K->38005K(465920K)] 699916K->412910K(1285120K), 0.0053541 secs] [Times: user=0.02 sys=0.00, real=0.00 secs] 
2507.996: [GC (Allocation Failure) [PSYoungGen: 270965K->184719K(465920K)] 645870K->560861K(1285120K), 0.0202060 secs] [Times: user=0.02 sys=0.00, real=0.03 secs] 
2508.285: [GC (Allocation Failure) [PSYoungGen: 417679K->184655K(465920K)] 793821K->561070K(1285120K), 0.0199687 secs] [Times: user=0.03 sys=0.00, real=0.02 secs] 
2508.919: [GC (Allocation Failure) [PSYoungGen: 407197K->91355K(465920K)] 783612K->468035K(1285120K), 0.0109466 secs] [Times: user=0.03 sys=0.00, real=0.01 secs] 
2509.729: [GC (Allocation Failure) [PSYoungGen: 324315K->38034K(465920K)] 700995K->415033K(1285120K), 0.0053252 secs] [Times: user=0.01 sys=0.00, real=0.00 secs] 
2509.999: [GC (Allocation Failure) [PSYoungGen: 270994K->184719K(465920K)] 647993K->562971K(1285120K), 0.0201637 secs] [Times: user=0.03 sys=0.00, real=0.02 secs] 
2510.284: [GC (Allocation Failure) [PSYoungGen: 417679K->184687K(465920K)] 795931K->563220K(1285120K), 0.0203690 secs] [Times: user=0.02 sys=0.00, real=0.02 secs] 
2511.582: [GC (Allocation Failure) [PSYoungGen: 407232K->91339K(465920K)] 785765K->470137K(1285120K), 0.0234575 secs] [Times: user=0.04 sys=0.00, real=0.02 secs] 
2513.883: [GC (Allocation Failure) [PSYoungGen: 324299K->37491K(465920K)] 703097K->416607K(1285120K), 0.0078238 secs] [Times: user=0.02 sys=0.00, real=0.01 secs] 
2514.211: [GC (Allocation Failure) [PSYoungGen: 270451K->183851K(465920K)] 649567K->564212K(1285120K), 0.0200813 secs] [Times: user=0.02 sys=0.00, real=0.02 secs] 
2514.494: [GC (Allocation Failure) [PSYoungGen: 416811K->184398K(465920K)] 797172K->565048K(1285120K), 0.0199807 secs] [Times: user=0.03 sys=0.00, real=0.02 secs] 
2515.104: [GC (Allocation Failure) [PSYoungGen: 409699K->93042K(465920K)] 790349K->473957K(1285120K), 0.0104906 secs] [Times: user=0.02 sys=0.00, real=0.01 secs] 
2516.412: [GC (Allocation Failure) [PSYoungGen: 326002K->37620K(465920K)] 706917K->418843K(1285120K), 0.0085058 secs] [Times: user=0.02 sys=0.00, real=0.01 secs] 
2516.758: [GC (Allocation Failure) [PSYoungGen: 270580K->184655K(465920K)] 651803K->567123K(1285120K), 0.0201479 secs] [Times: user=0.02 sys=0.00, real=0.02 secs] 
2517.048: [GC (Allocation Failure) [PSYoungGen: 417615K->184719K(465920K)] 800083K->567468K(1285120K), 0.0200204 secs] [Times: user=0.02 sys=0.00, real=0.02 secs] 
2517.669: [GC (Allocation Failure) [PSYoungGen: 407546K->91757K(465920K)] 790296K->474771K(1285120K), 0.0117659 secs] [Times: user=0.02 sys=0.00, real=0.01 secs] 
2518.466: [GC (Allocation Failure) [PSYoungGen: 324717K->38005K(465920K)] 707731K->421328K(1285120K), 0.0053387 secs] [Times: user=0.01 sys=0.00, real=0.00 secs] 
2518.734: [GC (Allocation Failure) [PSYoungGen: 270965K->183948K(465920K)] 654288K->568524K(1285120K), 0.0200619 secs] [Times: user=0.03 sys=0.00, real=0.02 secs] 
2519.072: [GC (Allocation Failure) [PSYoungGen: 416908K->184398K(465920K)] 801484K->569255K(1285120K), 0.0200893 secs] [Times: user=0.03 sys=0.00, real=0.02 secs] 
2521.802: [GC (Allocation Failure) [PSYoungGen: 409605K->92399K(465920K)] 794462K->477522K(1285120K), 0.0164972 secs] [Times: user=0.03 sys=0.00, real=0.02 secs] 
2523.535: [GC (Allocation Failure) [PSYoungGen: 325359K->37649K(465920K)] 710482K->423079K(1285120K), 0.0072433 secs] [Times: user=0.01 sys=0.00, real=0.01 secs] 
2523.854: [GC (Allocation Failure) [PSYoungGen: 270609K->184076K(465920K)] 656039K->570752K(1285120K), 0.0200686 secs] [Times: user=0.02 sys=0.00, real=0.02 secs] 
2524.138: [GC (Allocation Failure) [PSYoungGen: 417036K->184976K(465920K)] 803712K->571933K(1285120K), 0.0201584 secs] [Times: user=0.03 sys=0.00, real=0.02 secs] 
2525.396: [GC (Allocation Failure) [PSYoungGen: 410315K->92094K(465920K)] 797272K->479461K(1285120K), 0.0110247 secs] [Times: user=0.02 sys=0.00, real=0.01 secs] 
2526.209: [GC (Allocation Failure) [PSYoungGen: 325054K->38262K(465920K)] 712421K->425808K(1285120K), 0.0053457 secs] [Times: user=0.01 sys=0.00, real=0.00 secs] 
2526.478: [GC (Allocation Failure) [PSYoungGen: 271222K->184076K(465920K)] 658768K->573004K(1285120K), 0.0199411 secs] [Times: user=0.03 sys=0.00, real=0.02 secs] 
2526.765: [GC (Allocation Failure) [PSYoungGen: 417036K->184366K(465920K)] 805964K->573446K(1285120K), 0.0199761 secs] [Times: user=0.02 sys=0.00, real=0.02 secs] 
2529.547: [GC (Allocation Failure) [PSYoungGen: 408112K->91966K(465920K)] 797193K->481311K(1285120K), 0.0255039 secs] [Times: user=0.05 sys=0.00, real=0.02 secs] 
2531.301: [GC (Allocation Failure) [PSYoungGen: 324926K->37877K(465920K)] 714271K->427538K(1285120K), 0.0053882 secs] [Times: user=0.02 sys=0.00, real=0.01 secs] 
2531.605: [GC (Allocation Failure) [PSYoungGen: 270837K->184076K(465920K)] 660498K->574983K(1285120K), 0.0200499 secs] [Times: user=0.02 sys=0.00, real=0.02 secs] 
2531.893: [GC (Allocation Failure) [PSYoungGen: 417036K->184558K(465920K)] 807943K->575746K(1285120K), 0.0200642 secs] [Times: user=0.02 sys=0.00, real=0.02 secs] 
2532.606: [GC (Allocation Failure) [PSYoungGen: 409746K->92223K(465920K)] 800934K->483676K(1285120K), 0.0116918 secs] [Times: user=0.02 sys=0.00, real=0.02 secs] 
2534.100: [GC (Allocation Failure) [PSYoungGen: 325183K->37620K(465920K)] 716636K->429385K(1285120K), 0.0066085 secs] [Times: user=0.01 sys=0.00, real=0.01 secs] 
2534.471: [GC (Allocation Failure) [PSYoungGen: 270580K->184751K(465920K)] 662345K->577761K(1285120K), 0.0201609 secs] [Times: user=0.02 sys=0.00, real=0.02 secs] 
2534.754: [GC (Allocation Failure) [PSYoungGen: 417711K->184398K(465920K)] 810721K->577697K(1285120K), 0.0199532 secs] [Times: user=0.03 sys=0.00, real=0.02 secs] 
2536.595: [GC (Allocation Failure) [PSYoungGen: 409252K->91950K(465920K)] 802551K->485515K(1285120K), 0.0257192 secs] [Times: user=0.05 sys=0.00, real=0.03 secs] 
2539.012: [GC (Allocation Failure) [PSYoungGen: 324910K->37588K(465920K)] 718475K->431466K(1285120K), 0.0080449 secs] [Times: user=0.02 sys=0.00, real=0.01 secs] 
2539.334: [GC (Allocation Failure) [PSYoungGen: 270548K->183948K(465920K)] 664426K->579080K(1285120K), 0.0202755 secs] [Times: user=0.02 sys=0.00, real=0.02 secs] 
2539.619: [GC (Allocation Failure) [PSYoungGen: 416908K->184558K(465920K)] 812040K->580100K(1285120K), 0.0201647 secs] [Times: user=0.03 sys=0.00, real=0.02 secs] 
2541.783: [GC (Allocation Failure) [PSYoungGen: 409870K->92656K(465920K)] 805412K->488335K(1285120K), 0.0244743 secs] [Times: user=0.05 sys=0.00, real=0.03 secs] 
2543.080: [GC (Allocation Failure) [PSYoungGen: 325616K->38163K(465920K)] 721295K->434151K(1285120K), 0.0063058 secs] [Times: user=0.02 sys=0.00, real=0.01 secs] 
2543.365: [GC (Allocation Failure) [PSYoungGen: 271123K->184687K(465920K)] 667111K->582057K(1285120K), 0.0201536 secs] [Times: user=0.03 sys=0.00, real=0.02 secs] 
2543.649: [GC (Allocation Failure) [PSYoungGen: 417647K->184655K(465920K)] 815017K->582298K(1285120K), 0.0200514 secs] [Times: user=0.03 sys=0.00, real=0.02 secs] 
2544.927: [GC (Allocation Failure) [PSYoungGen: 407126K->91210K(465920K)] 804770K->489119K(1285120K), 0.0257098 secs] [Times: user=0.05 sys=0.00, real=0.02 secs] 
2546.436: [GC (Allocation Failure) [PSYoungGen: 324170K->37777K(465920K)] 722079K->435875K(1285120K), 0.0066095 secs] [Times: user=0.02 sys=0.00, real=0.00 secs] 
2546.791: [GC (Allocation Failure) [PSYoungGen: 270737K->183819K(465920K)] 668835K->583171K(1285120K), 0.0201681 secs] [Times: user=0.03 sys=0.00, real=0.02 secs] 
2547.074: [GC (Allocation Failure) [PSYoungGen: 416779K->184430K(465920K)] 816131K->584054K(1285120K), 0.0200025 secs] [Times: user=0.02 sys=0.00, real=0.02 secs] 
2547.805: [GC (Allocation Failure) [PSYoungGen: 409661K->92737K(465920K)] 809286K->492627K(1285120K), 0.0119457 secs] [Times: user=0.02 sys=0.01, real=0.02 secs] 
2548.836: [GC (Allocation Failure) [PSYoungGen: 325697K->38034K(465920K)] 725587K->438232K(1285120K), 0.0090666 secs] [Times: user=0.02 sys=0.00, real=0.01 secs] 
2549.179: [GC (Allocation Failure) [PSYoungGen: 270994K->184751K(465920K)] 671192K->586194K(1285120K), 0.0203283 secs] [Times: user=0.02 sys=0.00, real=0.02 secs] 
2549.467: [GC (Allocation Failure) [PSYoungGen: 417711K->184655K(465920K)] 819154K->586507K(1285120K), 0.0203637 secs] [Times: user=0.02 sys=0.00, real=0.02 secs] 
2550.077: [GC (Allocation Failure) [PSYoungGen: 407087K->91371K(465920K)] 808940K->493497K(1285120K), 0.0119401 secs] [Times: user=0.02 sys=0.00, real=0.01 secs] 
2550.880: [GC (Allocation Failure) [PSYoungGen: 324331K->38005K(465920K)] 726457K->440329K(1285120K), 0.0053797 secs] [Times: user=0.01 sys=0.00, real=0.00 secs] 
2551.148: [GC (Allocation Failure) [PSYoungGen: 270965K->183948K(465920K)] 673289K->587525K(1285120K), 0.0201656 secs] [Times: user=0.03 sys=0.00, real=0.02 secs] 
2551.431: [GC (Allocation Failure) [PSYoungGen: 416908K->184430K(465920K)] 820485K->588280K(1285120K), 0.0200740 secs] [Times: user=0.02 sys=0.00, real=0.02 secs] 
2552.521: [GC (Allocation Failure) [PSYoungGen: 409631K->92367K(465920K)] 813481K->496490K(1285120K), 0.0129634 secs] [Times: user=0.02 sys=0.00, real=0.01 secs] 
2553.582: [GC (Allocation Failure) [PSYoungGen: 325327K->37906K(465920K)] 729450K->442335K(1285120K), 0.0059831 secs] [Times: user=0.01 sys=0.00, real=0.01 secs] 
2553.860: [GC (Allocation Failure) [PSYoungGen: 270866K->184751K(465920K)] 675295K->590417K(1285120K), 0.0201107 secs] [Times: user=0.02 sys=0.00, real=0.02 secs] 
2554.145: [GC (Allocation Failure) [PSYoungGen: 417711K->184590K(465920K)] 823377K->590658K(1285120K), 0.0201822 secs] [Times: user=0.02 sys=0.00, real=0.02 secs] 
2554.777: [GC (Allocation Failure) [PSYoungGen: 407047K->91628K(465920K)] 813115K->497865K(1285120K), 0.0105280 secs] [Times: user=0.02 sys=0.00, real=0.01 secs] 
2555.838: [GC (Allocation Failure) [PSYoungGen: 324588K->37877K(465920K)] 730825K->444423K(1285120K), 0.0054120 secs] [Times: user=0.01 sys=0.00, real=0.00 secs] 
2556.164: [GC (Allocation Failure) [PSYoungGen: 270837K->184976K(465920K)] 677383K->592776K(1285120K), 0.0202595 secs] [Times: user=0.02 sys=0.00, real=0.02 secs] 
2556.503: [GC (Allocation Failure) [PSYoungGen: 417936K->184944K(465920K)] 825736K->593017K(1285120K), 0.0201687 secs] [Times: user=0.02 sys=0.00, real=0.02 secs] 
2557.237: [GC (Allocation Failure) [PSYoungGen: 407736K->90937K(465920K)] 815809K->499276K(1285120K), 0.0118383 secs] [Times: user=0.02 sys=0.00, real=0.01 secs] 
2558.642: [GC (Allocation Failure) [PSYoungGen: 323897K->37491K(465920K)] 732236K->446135K(1285120K), 0.0052993 secs] [Times: user=0.01 sys=0.00, real=0.01 secs] 
2558.912: [GC (Allocation Failure) [PSYoungGen: 270451K->184590K(465920K)] 679095K->594488K(1285120K), 0.0201986 secs] [Times: user=0.03 sys=0.00, real=0.02 secs] 
2559.198: [GC (Allocation Failure) [PSYoungGen: 417550K->184687K(465920K)] 827448K->594865K(1285120K), 0.0201637 secs] [Times: user=0.03 sys=0.00, real=0.02 secs] 
2560.818: [GC (Allocation Failure) [PSYoungGen: 409704K->92030K(465920K)] 819883K->502602K(1285120K), 0.0161256 secs] [Times: user=0.03 sys=0.00, real=0.01 secs] 
2561.682: [GC (Allocation Failure) [PSYoungGen: 324990K->38002K(465920K)] 735562K->448756K(1285120K), 0.0054158 secs] [Times: user=0.02 sys=0.00, real=0.01 secs] 
2561.950: [GC (Allocation Failure) [PSYoungGen: 270962K->184205K(465920K)] 681716K->596212K(1285120K), 0.0206696 secs] [Times: user=0.03 sys=0.00, real=0.02 secs] 
2562.293: [GC (Allocation Failure) [PSYoungGen: 417165K->184558K(465920K)] 829172K->596975K(1285120K), 0.0200026 secs] [Times: user=0.03 sys=0.00, real=0.02 secs] 
2563.326: [GC (Allocation Failure) [PSYoungGen: 409732K->92014K(465920K)] 822149K->504567K(1285120K), 0.0119362 secs] [Times: user=0.02 sys=0.00, real=0.02 secs] 
2564.162: [GC (Allocation Failure) [PSYoungGen: 324974K->38037K(465920K)] 737527K->450901K(1285120K), 0.0054368 secs] [Times: user=0.01 sys=0.00, real=0.01 secs] 
2564.432: [GC (Allocation Failure) [PSYoungGen: 270997K->184719K(465920K)] 683861K->598844K(1285120K), 0.0201724 secs] [Times: user=0.03 sys=0.00, real=0.02 secs] 
2564.715: [GC (Allocation Failure) [PSYoungGen: 417679K->184398K(465920K)] 831804K->598796K(1285120K), 0.0201345 secs] [Times: user=0.02 sys=0.00, real=0.02 secs] 
2565.332: [GC (Allocation Failure) [PSYoungGen: 406873K->91628K(465920K)] 821271K->506299K(1285120K), 0.0103560 secs] [Times: user=0.02 sys=0.00, real=0.01 secs] 
2566.406: [GC (Allocation Failure) [PSYoungGen: 324588K->38166K(465920K)] 739259K->453147K(1285120K), 0.0061336 secs] [Times: user=0.02 sys=0.00, real=0.01 secs] 
2566.690: [GC (Allocation Failure) [PSYoungGen: 271126K->184719K(465920K)] 686107K->601082K(1285120K), 0.0202078 secs] [Times: user=0.02 sys=0.00, real=0.02 secs] 
2566.973: [GC (Allocation Failure) [PSYoungGen: 417679K->184462K(465920K)] 834042K->600978K(1285120K), 0.0200964 secs] [Times: user=0.02 sys=0.00, real=0.02 secs] 
2567.609: [GC (Allocation Failure) [PSYoungGen: 406787K->91452K(465920K)] 823303K->508233K(1285120K), 0.0119147 secs] [Times: user=0.02 sys=0.00, real=0.01 secs] 
2568.460: [GC (Allocation Failure) [PSYoungGen: 324412K->38163K(465920K)] 741193K->455250K(1285120K), 0.0055305 secs] [Times: user=0.01 sys=0.00, real=0.00 secs] 
2568.726: [GC (GCLocker Initiated GC) [PSYoungGen: 271123K->182502K(465920K)] 688210K->600842K(1285120K), 0.0199235 secs] [Times: user=0.02 sys=0.00, real=0.02 secs] 
2569.012: [GC (Allocation Failure) [PSYoungGen: 415462K->184109K(465920K)] 835184K->604104K(1285120K), 0.0200992 secs] [Times: user=0.02 sys=0.00, real=0.02 secs] 
2570.078: [GC (Allocation Failure) [PSYoungGen: 409007K->92753K(465920K)] 829003K->512764K(1285120K), 0.0156151 secs] [Times: user=0.03 sys=0.01, real=0.01 secs] 
2570.942: [GC (Allocation Failure) [PSYoungGen: 325713K->38131K(465920K)] 745724K->458328K(1285120K), 0.0054782 secs] [Times: user=0.01 sys=0.00, real=0.01 secs] 
2571.271: [GC (Allocation Failure) [PSYoungGen: 271091K->184044K(465920K)] 691288K->605494K(1285120K), 0.0200999 secs] [Times: user=0.03 sys=0.00, real=0.02 secs] 
2571.611: [GC (Allocation Failure) [PSYoungGen: 417004K->184526K(465920K)] 838454K->606258K(1285120K), 0.0199513 secs] [Times: user=0.03 sys=0.00, real=0.02 secs] 
2572.938: [GC (Allocation Failure) [PSYoungGen: 409597K->91982K(465920K)] 831328K->514107K(1285120K), 0.0132647 secs] [Times: user=0.02 sys=0.00, real=0.01 secs] 
2574.888: [GC (Allocation Failure) [PSYoungGen: 324942K->37652K(465920K)] 747067K->459956K(1285120K), 0.0066944 secs] [Times: user=0.02 sys=0.00, real=0.00 secs] 
2575.186: [GC (Allocation Failure) [PSYoungGen: 270612K->184719K(465920K)] 692916K->608277K(1285120K), 0.0201031 secs] [Times: user=0.03 sys=0.00, real=0.02 secs] 
2575.470: [GC (Allocation Failure) [PSYoungGen: 417679K->184655K(465920K)] 841237K->608486K(1285120K), 0.0201933 secs] [Times: user=0.03 sys=0.00, real=0.02 secs] 
2576.814: [GC (Allocation Failure) [PSYoungGen: 407467K->91725K(465920K)] 831298K->515821K(1285120K), 0.0111913 secs] [Times: user=0.02 sys=0.00, real=0.01 secs] 
2577.639: [GC (Allocation Failure) [PSYoungGen: 324685K->38034K(465920K)] 748781K->462455K(1285120K), 0.0053273 secs] [Times: user=0.01 sys=0.00, real=0.00 secs] 
2577.907: [GC (Allocation Failure) [PSYoungGen: 270994K->183916K(465920K)] 695415K->609589K(1285120K), 0.0205808 secs] [Times: user=0.03 sys=0.00, real=0.02 secs] 
2578.194: [GC (Allocation Failure) [PSYoungGen: 416876K->184398K(465920K)] 842549K->610345K(1285120K), 0.0200020 secs] [Times: user=0.03 sys=0.00, real=0.02 secs] 
2579.034: [GC (Allocation Failure) [PSYoungGen: 409593K->92367K(465920K)] 835540K->518579K(1285120K), 0.0128497 secs] [Times: user=0.03 sys=0.00, real=0.02 secs] 
2580.370: [GC (Allocation Failure) [PSYoungGen: 325327K->37877K(465920K)] 751539K->464402K(1285120K), 0.0063729 secs] [Times: user=0.01 sys=0.00, real=0.01 secs] 
2580.660: [GC (Allocation Failure) [PSYoungGen: 270837K->184141K(465920K)] 697362K->611920K(1285120K), 0.0202054 secs] [Times: user=0.02 sys=0.00, real=0.02 secs] 
2580.949: [GC (Allocation Failure) [PSYoungGen: 417101K->184976K(465920K)] 844880K->613028K(1285120K), 0.0201488 secs] [Times: user=0.02 sys=0.00, real=0.02 secs] 
2581.584: [GC (Allocation Failure) [PSYoungGen: 407699K->91757K(465920K)] 835751K->520074K(1285120K), 0.0110482 secs] [Times: user=0.02 sys=0.00, real=0.01 secs] 
2582.557: [GC (Allocation Failure) [PSYoungGen: 324717K->38034K(465920K)] 753034K->466658K(1285120K), 0.0065979 secs] [Times: user=0.02 sys=0.00, real=0.00 secs] 
2582.852: [GC (Allocation Failure) [PSYoungGen: 270994K->184847K(465920K)] 699618K->614724K(1285120K), 0.0200902 secs] [Times: user=0.02 sys=0.00, real=0.02 secs] 
2583.135: [GC (Allocation Failure) [PSYoungGen: 417807K->184912K(465920K)] 847684K->615062K(1285120K), 0.0202064 secs] [Times: user=0.03 sys=0.00, real=0.02 secs] 
2583.927: [GC (Allocation Failure) [PSYoungGen: 407632K->90985K(465920K)] 837782K->521529K(1285120K), 0.0186398 secs] [Times: user=0.03 sys=0.00, real=0.01 secs] 
2584.803: [GC (Allocation Failure) [PSYoungGen: 323945K->38166K(465920K)] 754489K->468891K(1285120K), 0.0060818 secs] [Times: user=0.02 sys=0.00, real=0.01 secs] 
2585.146: [GC (Allocation Failure) [PSYoungGen: 271126K->184462K(465920K)] 701851K->616577K(1285120K), 0.0202492 secs] [Times: user=0.03 sys=0.00, real=0.02 secs] 
2585.428: [GC (Allocation Failure) [PSYoungGen: 417422K->184269K(465920K)] 849537K->616529K(1285120K), 0.0201707 secs] [Times: user=0.02 sys=0.00, real=0.02 secs] 
2586.662: [GC (Allocation Failure) [PSYoungGen: 406605K->91837K(465920K)] 838865K->524362K(1285120K), 0.0145588 secs] [Times: user=0.03 sys=0.00, real=0.02 secs] 
2587.550: [GC (Allocation Failure) [PSYoungGen: 324797K->38002K(465920K)] 757322K->470829K(1285120K), 0.0054736 secs] [Times: user=0.02 sys=0.00, real=0.00 secs] 
2587.889: [GC (Allocation Failure) [PSYoungGen: 270962K->184462K(465920K)] 703789K->618671K(1285120K), 0.0201550 secs] [Times: user=0.03 sys=0.00, real=0.02 secs] 
2588.172: [GC (Allocation Failure) [PSYoungGen: 417422K->184526K(465920K)] 851631K->618880K(1285120K), 0.0201597 secs] [Times: user=0.03 sys=0.01, real=0.02 secs] 
2590.440: [GC (Allocation Failure) [PSYoungGen: 407058K->91757K(465920K)] 841411K->526375K(1285120K), 0.0120532 secs] [Times: user=0.02 sys=0.00, real=0.01 secs] 
2591.703: [GC (Allocation Failure) [PSYoungGen: 324717K->37652K(465920K)] 759335K->472592K(1285120K), 0.0051974 secs] [Times: user=0.01 sys=0.00, real=0.01 secs] 
2591.972: [GC (Allocation Failure) [PSYoungGen: 270612K->184430K(465920K)] 705552K->620752K(1285120K), 0.0201338 secs] [Times: user=0.03 sys=0.00, real=0.02 secs] 
2592.314: [GC (Allocation Failure) [PSYoungGen: 417390K->184590K(465920K)] 853712K->621057K(1285120K), 0.0200721 secs] [Times: user=0.02 sys=0.00, real=0.02 secs] 
2592.922: [GC (Allocation Failure) [PSYoungGen: 407639K->92142K(465920K)] 844106K->528882K(1285120K), 0.0115171 secs] [Times: user=0.02 sys=0.00, real=0.01 secs] 
2594.266: [GC (Allocation Failure) [PSYoungGen: 325102K->37520K(465920K)] 761842K->474576K(1285120K), 0.0080199 secs] [Times: user=0.02 sys=0.00, real=0.01 secs] 
2594.592: [GC (Allocation Failure) [PSYoungGen: 270480K->184815K(465920K)] 707536K->623125K(1285120K), 0.0203142 secs] [Times: user=0.03 sys=0.00, real=0.02 secs] 
2594.875: [GC (Allocation Failure) [PSYoungGen: 417775K->184173K(465920K)] 856085K->622884K(1285120K), 0.0200440 secs] [Times: user=0.02 sys=0.00, real=0.02 secs] 
2595.485: [GC (Allocation Failure) [PSYoungGen: 409390K->92223K(465920K)] 848101K->531199K(1285120K), 0.0121522 secs] [Times: user=0.03 sys=0.00, real=0.02 secs] 
2596.630: [GC (Allocation Failure) [PSYoungGen: 325183K->37777K(465920K)] 764159K->476935K(1285120K), 0.0052647 secs] [Times: user=0.01 sys=0.00, real=0.00 secs] 
2596.903: [GC (Allocation Failure) [PSYoungGen: 270737K->184655K(465920K)] 709895K->625066K(1285120K), 0.0202159 secs] [Times: user=0.03 sys=0.00, real=0.02 secs] 
2597.187: [GC (Allocation Failure) [PSYoungGen: 417615K->184366K(465920K)] 858026K->625050K(1285120K), 0.0200572 secs] [Times: user=0.03 sys=0.00, real=0.02 secs] 
2598.558: [GC (Allocation Failure) [PSYoungGen: 406846K->91901K(465920K)] 847531K->532851K(1285120K), 0.0238049 secs] [Times: user=0.05 sys=0.00, real=0.02 secs] 
2600.423: [GC (Allocation Failure) [PSYoungGen: 324861K->37906K(465920K)] 765811K->479157K(1285120K), 0.0069702 secs] [Times: user=0.01 sys=0.00, real=0.01 secs] 
2600.732: [GC (Allocation Failure) [PSYoungGen: 270866K->184719K(465920K)] 712117K->627215K(1285120K), 0.0205748 secs] [Times: user=0.02 sys=0.00, real=0.02 secs] 
2601.020: [GC (Allocation Failure) [PSYoungGen: 417679K->184494K(465920K)] 860175K->627271K(1285120K), 0.0202203 secs] [Times: user=0.02 sys=0.00, real=0.02 secs] 
2603.331: [GC (Allocation Failure) [PSYoungGen: 407221K->91709K(465920K)] 849999K->534751K(1285120K), 0.0240552 secs] [Times: user=0.05 sys=0.00, real=0.02 secs] 
2605.762: [GC (Allocation Failure) [PSYoungGen: 324669K->37780K(465920K)] 767711K->481139K(1285120K), 0.0073444 secs] [Times: user=0.02 sys=0.00, real=0.01 secs] 
2606.157: [GC (Allocation Failure) [PSYoungGen: 270740K->183787K(465920K)] 714099K->628400K(1285120K), 0.0199418 secs] [Times: user=0.03 sys=0.00, real=0.02 secs] 
2606.504: [GC (Allocation Failure) [PSYoungGen: 416747K->184301K(465920K)] 861360K->629315K(1285120K), 0.0201159 secs] [Times: user=0.03 sys=0.00, real=0.02 secs] 
2608.048: [GC (Allocation Failure) [PSYoungGen: 408129K->92913K(465920K)] 853143K->538064K(1285120K), 0.0155327 secs] [Times: user=0.03 sys=0.00, real=0.01 secs] 
2609.597: [GC (Allocation Failure) [PSYoungGen: 325873K->37874K(465920K)] 771024K->483330K(1285120K), 0.0067241 secs] [Times: user=0.01 sys=0.00, real=0.00 secs] 
2609.899: [GC (Allocation Failure) [PSYoungGen: 270834K->184430K(465920K)] 716290K->631260K(1285120K), 0.0201642 secs] [Times: user=0.02 sys=0.00, real=0.02 secs] 
2610.187: [GC (Allocation Failure) [PSYoungGen: 417390K->184590K(465920K)] 864220K->631565K(1285120K), 0.0201471 secs] [Times: user=0.03 sys=0.00, real=0.02 secs] 
2611.200: [GC (Allocation Failure) [PSYoungGen: 407139K->91885K(465920K)] 854114K->539125K(1285120K), 0.0151685 secs] [Times: user=0.03 sys=0.00, real=0.01 secs] 
2613.448: [GC (Allocation Failure) [PSYoungGen: 324845K->37617K(465920K)] 772085K->485175K(1285120K), 0.0078441 secs] [Times: user=0.02 sys=0.00, real=0.01 secs] 
2613.840: [GC (Allocation Failure) [PSYoungGen: 270577K->184430K(465920K)] 718135K->633241K(1285120K), 0.0202457 secs] [Times: user=0.03 sys=0.00, real=0.02 secs] 
2614.125: [GC (Allocation Failure) [PSYoungGen: 417390K->184205K(465920K)] 866201K->633289K(1285120K), 0.0201365 secs] [Times: user=0.03 sys=0.00, real=0.02 secs] 
2615.676: [GC (Allocation Failure) [PSYoungGen: 409110K->92528K(465920K)] 858195K->541910K(1285120K), 0.0145051 secs] [Times: user=0.03 sys=0.00, real=0.01 secs] 
2617.321: [GC (Allocation Failure) [PSYoungGen: 325488K->37520K(465920K)] 774870K->487218K(1285120K), 0.0061628 secs] [Times: user=0.01 sys=0.00, real=0.01 secs] 
2617.605: [GC (Allocation Failure) [PSYoungGen: 270480K->183787K(465920K)] 720178K->634739K(1285120K), 0.0199982 secs] [Times: user=0.03 sys=0.00, real=0.02 secs] 
2617.945: [GC (Allocation Failure) [PSYoungGen: 416747K->184751K(465920K)] 867699K->635976K(1285120K), 0.0201926 secs] [Times: user=0.02 sys=0.00, real=0.02 secs] 
2619.487: [GC (Allocation Failure) [PSYoungGen: 410257K->92656K(465920K)] 861481K->544146K(1285120K), 0.0201555 secs] [Times: user=0.05 sys=0.00, real=0.02 secs] 
2621.086: [GC (Allocation Failure) [PSYoungGen: 325616K->37617K(465920K)] 777106K->489420K(1285120K), 0.0067684 secs] [Times: user=0.01 sys=0.00, real=0.00 secs] 
2621.460: [GC (Allocation Failure) [PSYoungGen: 270577K->184076K(465920K)] 722380K->637133K(1285120K), 0.0201478 secs] [Times: user=0.03 sys=0.00, real=0.02 secs] 
2621.746: [GC (Allocation Failure) [PSYoungGen: 417036K->184558K(465920K)] 870093K->637888K(1285120K), 0.0200330 secs] [Times: user=0.03 sys=0.00, real=0.02 secs] 
2623.149: [GC (Allocation Failure) [PSYoungGen: 409752K->92480K(465920K)] 863082K->546075K(1285120K), 0.0187839 secs] [Times: user=0.04 sys=0.00, real=0.02 secs] 
2624.722: [GC (Allocation Failure) [PSYoungGen: 325440K->37780K(465920K)] 779035K->491681K(1285120K), 0.0066538 secs] [Times: user=0.01 sys=0.00, real=0.01 secs] 
2625.014: [GC (Allocation Failure) [PSYoungGen: 270740K->184719K(465920K)] 724641K->639994K(1285120K), 0.0203119 secs] [Times: user=0.03 sys=0.00, real=0.02 secs] 
2625.355: [GC (Allocation Failure) [PSYoungGen: 417679K->184719K(465920K)] 872954K->640275K(1285120K), 0.0202667 secs] [Times: user=0.03 sys=0.00, real=0.02 secs] 
2626.760: [GC (Allocation Failure) [PSYoungGen: 407417K->91644K(465920K)] 862973K->547465K(1285120K), 0.0165979 secs] [Times: user=0.03 sys=0.00, real=0.02 secs] 
2628.409: [GC (Allocation Failure) [PSYoungGen: 324604K->37777K(465920K)] 780425K->493788K(1285120K), 0.0065678 secs] [Times: user=0.01 sys=0.00, real=0.00 secs] 
2628.698: [GC (Allocation Failure) [PSYoungGen: 270737K->183658K(465920K)] 726748K->640915K(1285120K), 0.0202269 secs] [Times: user=0.03 sys=0.00, real=0.02 secs] 
2629.043: [GC (Allocation Failure) [PSYoungGen: 416618K->184655K(465920K)] 873875K->642184K(1285120K), 0.0202129 secs] [Times: user=0.03 sys=0.00, real=0.02 secs] 
2630.242: [GC (Allocation Failure) [PSYoungGen: 409930K->92688K(465920K)] 867459K->550611K(1285120K), 0.0137689 secs] [Times: user=0.03 sys=0.00, real=0.01 secs] 
2631.344: [GC (Allocation Failure) [PSYoungGen: 325648K->38034K(465920K)] 783571K->496150K(1285120K), 0.0067223 secs] [Times: user=0.01 sys=0.00, real=0.01 secs] 
2631.704: [GC (Allocation Failure) [PSYoungGen: 270994K->184526K(465920K)] 729110K->644016K(1285120K), 0.0203183 secs] [Times: user=0.03 sys=0.00, real=0.02 secs] 
2632.048: [GC (Allocation Failure) [PSYoungGen: 417486K->184719K(465920K)] 876976K->644353K(1285120K), 0.0200373 secs] [Times: user=0.02 sys=0.00, real=0.02 secs] 
2632.702: [GC (Allocation Failure) [PSYoungGen: 407294K->91435K(465920K)] 866929K->551335K(1285120K), 0.0115181 secs] [Times: user=0.02 sys=0.00, real=0.01 secs] 
2633.587: [GC (Allocation Failure) [PSYoungGen: 324395K->38005K(465920K)] 784295K->498221K(1285120K), 0.0056134 secs] [Times: user=0.01 sys=0.00, real=0.00 secs] 
2633.856: [GC (Allocation Failure) [PSYoungGen: 270965K->183916K(465920K)] 731181K->645377K(1285120K), 0.0200646 secs] [Times: user=0.03 sys=0.00, real=0.02 secs] 
2634.144: [GC (Allocation Failure) [PSYoungGen: 416876K->184430K(465920K)] 878337K->646300K(1285120K), 0.0200648 secs] [Times: user=0.02 sys=0.00, real=0.02 secs] 
2636.339: [GC (Allocation Failure) [PSYoungGen: 409517K->92367K(465920K)] 871388K->554519K(1285120K), 0.0252968 secs] [Times: user=0.06 sys=0.00, real=0.02 secs] 
2637.909: [GC (Allocation Failure) [PSYoungGen: 325327K->37649K(465920K)] 787479K->499994K(1285120K), 0.0072041 secs] [Times: user=0.02 sys=0.00, real=0.01 secs] 
2638.215: [GC (Allocation Failure) [PSYoungGen: 270609K->183916K(465920K)] 732954K->647506K(1285120K), 0.0202784 secs] [Times: user=0.02 sys=0.00, real=0.02 secs] 
2638.565: [GC (Allocation Failure) [PSYoungGen: 416876K->184847K(465920K)] 880466K->648719K(1285120K), 0.0203076 secs] [Times: user=0.02 sys=0.00, real=0.02 secs] 
2639.903: [GC (Allocation Failure) [PSYoungGen: 408579K->92399K(465920K)] 872450K->556536K(1285120K), 0.0196113 secs] [Times: user=0.03 sys=0.00, real=0.02 secs] 
2641.861: [GC (Allocation Failure) [PSYoungGen: 325359K->37906K(465920K)] 789496K->502356K(1285120K), 0.0068147 secs] [Times: user=0.02 sys=0.01, real=0.01 secs] 
2642.155: [GC (Allocation Failure) [PSYoungGen: 270866K->184333K(465920K)] 735316K->650165K(1285120K), 0.0202185 secs] [Times: user=0.02 sys=0.00, real=0.02 secs] 
2642.446: [GC (Allocation Failure) [PSYoungGen: 417293K->184526K(465920K)] 883125K->650503K(1285120K), 0.0201339 secs] [Times: user=0.03 sys=0.00, real=0.03 secs] 
2643.221: [GC (Allocation Failure) [PSYoungGen: 407598K->91950K(465920K)] 873575K->558192K(1285120K), 0.0132273 secs] [Times: user=0.03 sys=0.00, real=0.01 secs] 
2644.797: [GC (Allocation Failure) [PSYoungGen: 324910K->37877K(465920K)] 791152K->504427K(1285120K), 0.0062653 secs] [Times: user=0.02 sys=0.00, real=0.00 secs] 
2645.142: [GC (Allocation Failure) [PSYoungGen: 270837K->184430K(465920K)] 737387K->652225K(1285120K), 0.0202070 secs] [Times: user=0.03 sys=0.00, real=0.02 secs] 
2645.427: [GC (Allocation Failure) [PSYoungGen: 417390K->184558K(465920K)] 885185K->652635K(1285120K), 0.0200681 secs] [Times: user=0.03 sys=0.00, real=0.02 secs] 
2647.948: [GC (Allocation Failure) [PSYoungGen: 407617K->91853K(465920K)] 875694K->560195K(1285120K), 0.0153393 secs] [Times: user=0.03 sys=0.00, real=0.01 secs] 
2649.300: [GC (Allocation Failure) [PSYoungGen: 324813K->37617K(465920K)] 793155K->506269K(1285120K), 0.0062702 secs] [Times: user=0.01 sys=0.00, real=0.01 secs] 
2649.579: [GC (Allocation Failure) [PSYoungGen: 270577K->184430K(465920K)] 739229K->654456K(1285120K), 0.0203336 secs] [Times: user=0.02 sys=0.00, real=0.02 secs] 
2649.923: [GC (Allocation Failure) [PSYoungGen: 417390K->184558K(465920K)] 887416K->654729K(1285120K), 0.0204507 secs] [Times: user=0.03 sys=0.00, real=0.02 secs] 
2650.666: [GC (Allocation Failure) [PSYoungGen: 407618K->92094K(465920K)] 877788K->562538K(1285120K), 0.0119380 secs] [Times: user=0.02 sys=0.00, real=0.02 secs] 
2651.778: [GC (Allocation Failure) [PSYoungGen: 325054K->38002K(465920K)] 795498K->508752K(1285120K), 0.0075070 secs] [Times: user=0.02 sys=0.00, real=0.00 secs] 
2652.166: [GC (Allocation Failure) [PSYoungGen: 270962K->184430K(465920K)] 741712K->656424K(1285120K), 0.0203596 secs] [Times: user=0.03 sys=0.00, real=0.02 secs] 
2652.514: [GC (Allocation Failure) [PSYoungGen: 417390K->184526K(465920K)] 889384K->656794K(1285120K), 0.0202318 secs] [Times: user=0.02 sys=0.00, real=0.02 secs] 
2653.378: [GC (Allocation Failure) [PSYoungGen: 407068K->91677K(465920K)] 879336K->564210K(1285120K), 0.0138388 secs] [Times: user=0.02 sys=0.00, real=0.01 secs] 
2655.338: [GC (Allocation Failure) [PSYoungGen: 324637K->37523K(465920K)] 797170K->510366K(1285120K), 0.0071747 secs] [Times: user=0.02 sys=0.00, real=0.00 secs] 
2655.648: [GC (Allocation Failure) [PSYoungGen: 270483K->184655K(465920K)] 743326K->658743K(1285120K), 0.0201528 secs] [Times: user=0.03 sys=0.00, real=0.02 secs] 
2655.985: [GC (Allocation Failure) [PSYoungGen: 417615K->183626K(465920K)] 891703K->657988K(1285120K), 0.0203512 secs] [Times: user=0.02 sys=0.00, real=0.02 secs] 
2656.610: [GC (Allocation Failure) [PSYoungGen: 409045K->92865K(465920K)] 883407K->567492K(1285120K), 0.0110575 secs] [Times: user=0.03 sys=0.00, real=0.01 secs] 
2657.822: [GC (Allocation Failure) [PSYoungGen: 325825K->37748K(465920K)] 800452K->512677K(1285120K), 0.0054536 secs] [Times: user=0.01 sys=0.00, real=0.01 secs] 
2658.097: [GC (Allocation Failure) [PSYoungGen: 270708K->184430K(465920K)] 745637K->660732K(1285120K), 0.0202729 secs] [Times: user=0.02 sys=0.00, real=0.02 secs] 
2658.389: [GC (Allocation Failure) [PSYoungGen: 417390K->184526K(465920K)] 893692K->660973K(1285120K), 0.0201308 secs] [Times: user=0.02 sys=0.00, real=0.02 secs] 
2659.152: [GC (Allocation Failure) [PSYoungGen: 407578K->92014K(465920K)] 884025K->568726K(1285120K), 0.0108759 secs] [Times: user=0.02 sys=0.00, real=0.01 secs] 
2659.975: [GC (Allocation Failure) [PSYoungGen: 324974K->37874K(465920K)] 801686K->514894K(1285120K), 0.0056089 secs] [Times: user=0.02 sys=0.00, real=0.01 secs] 
2660.242: [GC (Allocation Failure) [PSYoungGen: 270834K->183690K(465920K)] 747854K->661964K(1285120K), 0.0200889 secs] [Times: user=0.03 sys=0.00, real=0.02 secs] 
2660.527: [GC (Allocation Failure) [PSYoungGen: 416650K->184526K(465920K)] 894924K->663073K(1285120K), 0.0201126 secs] [Times: user=0.02 sys=0.00, real=0.02 secs] 
2661.734: [GC (Allocation Failure) [PSYoungGen: 410104K->92624K(465920K)] 888651K->571436K(1285120K), 0.0242007 secs] [Times: user=0.05 sys=0.00, real=0.03 secs] 
2663.317: [GC (Allocation Failure) [PSYoungGen: 325584K->37877K(465920K)] 804396K->516990K(1285120K), 0.0068563 secs] [Times: user=0.01 sys=0.00, real=0.00 secs] 
2663.693: [GC (Allocation Failure) [PSYoungGen: 270837K->184044K(465920K)] 749950K->664403K(1285120K), 0.0202955 secs] [Times: user=0.03 sys=0.00, real=0.02 secs] 
2663.977: [GC (Allocation Failure) [PSYoungGen: 417004K->184590K(465920K)] 897363K->665230K(1285120K), 0.0204176 secs] [Times: user=0.03 sys=0.00, real=0.02 secs] 
2664.597: [GC (Allocation Failure) [PSYoungGen: 409820K->92271K(465920K)] 890460K->573176K(1285120K), 0.0120876 secs] [Times: user=0.02 sys=0.00, real=0.01 secs] 
2665.403: [GC (Allocation Failure) [PSYoungGen: 325231K->38034K(465920K)] 806136K->519255K(1285120K), 0.0054033 secs] [Times: user=0.01 sys=0.00, real=0.01 secs] 
2665.672: [GC (Allocation Failure) [PSYoungGen: 270994K->184847K(465920K)] 752215K->667322K(1285120K), 0.0201212 secs] [Times: user=0.02 sys=0.00, real=0.02 secs] 
2665.957: [GC (Allocation Failure) [PSYoungGen: 417807K->184655K(465920K)] 900282K->667531K(1285120K), 0.0205602 secs] [Times: user=0.02 sys=0.00, real=0.02 secs] 
2666.956: [GC (Allocation Failure) [PSYoungGen: 407070K->91226K(465920K)] 889947K->574239K(1285120K), 0.0119008 secs] [Times: user=0.03 sys=0.00, real=0.02 secs] 
2667.880: [GC (Allocation Failure) [PSYoungGen: 324186K->38005K(465920K)] 807199K->521320K(1285120K), 0.0062532 secs] [Times: user=0.01 sys=0.00, real=0.01 secs] 
2668.232: [GC (Allocation Failure) [PSYoungGen: 270965K->184687K(465920K)] 754280K->669247K(1285120K), 0.0201197 secs] [Times: user=0.02 sys=0.00, real=0.02 secs] 
2668.525: [GC (Allocation Failure) [PSYoungGen: 417647K->184687K(465920K)] 902207K->669520K(1285120K), 0.0201717 secs] [Times: user=0.03 sys=0.00, real=0.02 secs] 
2669.180: [GC (Allocation Failure) [PSYoungGen: 407246K->91387K(465920K)] 892080K->576486K(1285120K), 0.0115898 secs] [Times: user=0.02 sys=0.00, real=0.01 secs] 
2670.671: [GC (Allocation Failure) [PSYoungGen: 324347K->37620K(465920K)] 809446K->523024K(1285120K), 0.0068512 secs] [Times: user=0.02 sys=0.00, real=0.01 secs] 
2671.044: [GC (Allocation Failure) [PSYoungGen: 270580K->184719K(465920K)] 755984K->671376K(1285120K), 0.0204727 secs] [Times: user=0.03 sys=0.00, real=0.02 secs] 
2671.390: [GC (Allocation Failure) [PSYoungGen: 417679K->184655K(465920K)] 904336K->671594K(1285120K), 0.0201961 secs] [Times: user=0.02 sys=0.00, real=0.02 secs] 
2672.473: [GC (Allocation Failure) [PSYoungGen: 407466K->91725K(465920K)] 894405K->578928K(1285120K), 0.0163133 secs] [Times: user=0.03 sys=0.00, real=0.02 secs] 
2673.433: [GC (Allocation Failure) [PSYoungGen: 324685K->38034K(465920K)] 811888K->525552K(1285120K), 0.0054988 secs] [Times: user=0.01 sys=0.00, real=0.01 secs] 
2673.701: [GC (Allocation Failure) [PSYoungGen: 270994K->183819K(465920K)] 758512K->672590K(1285120K), 0.0202634 secs] [Times: user=0.03 sys=0.00, real=0.02 secs] 
2673.985: [GC (Allocation Failure) [PSYoungGen: 416779K->184462K(465920K)] 905550K->673506K(1285120K), 0.0201877 secs] [Times: user=0.02 sys=0.00, real=0.02 secs] 
2675.170: [GC (Allocation Failure) [PSYoungGen: 409739K->92544K(465920K)] 898784K->581853K(1285120K), 0.0123073 secs] [Times: user=0.02 sys=0.00, real=0.01 secs] 
2676.352: [GC (Allocation Failure) [PSYoungGen: 325504K->37777K(465920K)] 814813K->527396K(1285120K), 0.0055163 secs] [Times: user=0.01 sys=0.00, real=0.01 secs] 
2676.621: [GC (Allocation Failure) [PSYoungGen: 270737K->184044K(465920K)] 760356K->674909K(1285120K), 0.0202225 secs] [Times: user=0.02 sys=0.00, real=0.02 secs] 
2676.905: [GC (Allocation Failure) [PSYoungGen: 417004K->184590K(465920K)] 907869K->675736K(1285120K), 0.0202613 secs] [Times: user=0.03 sys=0.00, real=0.02 secs] 
2678.149: [GC (Allocation Failure) [PSYoungGen: 409788K->92351K(465920K)] 900934K->583762K(1285120K), 0.0187712 secs] [Times: user=0.04 sys=0.00, real=0.02 secs] 
2678.994: [GC (Allocation Failure) [PSYoungGen: 325311K->38034K(465920K)] 816722K->529761K(1285120K), 0.0054905 secs] [Times: user=0.01 sys=0.00, real=0.01 secs] 
2679.262: [GC (Allocation Failure) [PSYoungGen: 270994K->184719K(465920K)] 762721K->677699K(1285120K), 0.0201915 secs] [Times: user=0.02 sys=0.00, real=0.02 secs] 
2679.571: [GC (Allocation Failure) [PSYoungGen: 417679K->184719K(465920K)] 910659K->677980K(1285120K), 0.0203314 secs] [Times: user=0.03 sys=0.00, real=0.02 secs] 
2681.330: [GC (Allocation Failure) [PSYoungGen: 407290K->91371K(465920K)] 900551K->584898K(1285120K), 0.0211122 secs] [Times: user=0.04 sys=0.00, real=0.02 secs] 
2683.546: [GC (Allocation Failure) [PSYoungGen: 324331K->37748K(465920K)] 817858K->531588K(1285120K), 0.0074708 secs] [Times: user=0.02 sys=0.00, real=0.00 secs] 
2683.852: [GC (Allocation Failure) [PSYoungGen: 270708K->183787K(465920K)] 764548K->678873K(1285120K), 0.0203162 secs] [Times: user=0.03 sys=0.00, real=0.02 secs] 
2684.190: [GC (Allocation Failure) [PSYoungGen: 416747K->184719K(465920K)] 911833K->680086K(1285120K), 0.0202206 secs] [Times: user=0.03 sys=0.00, real=0.02 secs] 
2685.570: [GC (Allocation Failure) [PSYoungGen: 410138K->92512K(465920K)] 905505K->588176K(1285120K), 0.0167660 secs] [Times: user=0.04 sys=0.00, real=0.02 secs] 
2687.240: [GC (Allocation Failure) [PSYoungGen: 325472K->37748K(465920K)] 821136K->533714K(1285120K), 0.0068409 secs] [Times: user=0.01 sys=0.00, real=0.01 secs] 
2687.532: [GC (Allocation Failure) [PSYoungGen: 270708K->184076K(465920K)] 766674K->681296K(1285120K), 0.0203048 secs] [Times: user=0.03 sys=0.00, real=0.02 secs] 
2687.816: [GC (Allocation Failure) [PSYoungGen: 417036K->184558K(465920K)] 914256K->682051K(1285120K), 0.0204487 secs] [Times: user=0.02 sys=0.01, real=0.02 secs] 
2688.469: [GC (Allocation Failure) [PSYoungGen: 409623K->92367K(465920K)] 907116K->590261K(1285120K), 0.0112647 secs] [Times: user=0.02 sys=0.00, real=0.01 secs] 
2690.044: [GC (Allocation Failure) [PSYoungGen: 325327K->37748K(465920K)] 823221K->535814K(1285120K), 0.0073919 secs] [Times: user=0.02 sys=0.00, real=0.01 secs] 
2690.352: [GC (Allocation Failure) [PSYoungGen: 270708K->184719K(465920K)] 768774K->684038K(1285120K), 0.0204759 secs] [Times: user=0.03 sys=0.00, real=0.02 secs] 
2690.699: [GC (Allocation Failure) [PSYoungGen: 417679K->184687K(465920K)] 916998K->684279K(1285120K), 0.0201170 secs] [Times: user=0.03 sys=0.00, real=0.02 secs] 
2691.880: [GC (Allocation Failure) [PSYoungGen: 407257K->91628K(465920K)] 906850K->591486K(1285120K), 0.0271793 secs] [Times: user=0.05 sys=0.00, real=0.03 secs] 
2693.018: [GC (Allocation Failure) [PSYoungGen: 324588K->38005K(465920K)] 824446K->538176K(1285120K), 0.0055880 secs] [Times: user=0.01 sys=0.00, real=0.00 secs] 
2693.286: [GC (Allocation Failure) [PSYoungGen: 270965K->183819K(465920K)] 771136K->685244K(1285120K), 0.0201763 secs] [Times: user=0.02 sys=0.00, real=0.03 secs] 
2693.570: [GC (Allocation Failure) [PSYoungGen: 416779K->184719K(465920K)] 918204K->686425K(1285120K), 0.0202855 secs] [Times: user=0.03 sys=0.00, real=0.02 secs] 
2694.782: [GC (Allocation Failure) [PSYoungGen: 410169K->92255K(465920K)] 911875K->594226K(1285120K), 0.0123211 secs] [Times: user=0.03 sys=0.00, real=0.01 secs] 
2695.641: [GC (Allocation Failure) [PSYoungGen: 325215K->37877K(465920K)] 827186K->540169K(1285120K), 0.0054584 secs] [Times: user=0.01 sys=0.00, real=0.01 secs] 
2695.969: [GC (Allocation Failure) [PSYoungGen: 270837K->184173K(465920K)] 773129K->687711K(1285120K), 0.0201197 secs] [Times: user=0.02 sys=0.00, real=0.02 secs] 
2696.314: [GC (Allocation Failure) [PSYoungGen: 417133K->184558K(465920K)] 920671K->688498K(1285120K), 0.0206765 secs] [Times: user=0.03 sys=0.00, real=0.02 secs] 
2698.724: [GC (Allocation Failure) [PSYoungGen: 409729K->92110K(465920K)] 913669K->596187K(1285120K), 0.0205713 secs] [Times: user=0.04 sys=0.00, real=0.02 secs] 
2700.256: [GC (Allocation Failure) [PSYoungGen: 325070K->37877K(465920K)] 829147K->542253K(1285120K), 0.0067845 secs] [Times: user=0.01 sys=0.00, real=0.00 secs] 
2700.551: [GC (Allocation Failure) [PSYoungGen: 270837K->184687K(465920K)] 775213K->690316K(1285120K), 0.0202066 secs] [Times: user=0.03 sys=0.00, real=0.02 secs] 
2700.884: [GC (Allocation Failure) [PSYoungGen: 417647K->184687K(465920K)] 923276K->690589K(1285120K), 0.0204196 secs] [Times: user=0.02 sys=0.00, real=0.02 secs] 
2702.122: [GC (Allocation Failure) [PSYoungGen: 407246K->91452K(465920K)] 913149K->597619K(1285120K), 0.0127053 secs] [Times: user=0.02 sys=0.00, real=0.01 secs] 
2703.723: [GC (Allocation Failure) [PSYoungGen: 324412K->37745K(465920K)] 830579K->544227K(1285120K), 0.0068076 secs] [Times: user=0.01 sys=0.00, real=0.01 secs] 
2704.015: [GC (Allocation Failure) [PSYoungGen: 270705K->184687K(465920K)] 777187K->692406K(1285120K), 0.0203412 secs] [Times: user=0.03 sys=0.00, real=0.02 secs] 
2704.304: [GC (Allocation Failure) [PSYoungGen: 417647K->184687K(465920K)] 925366K->692679K(1285120K), 0.0203710 secs] [Times: user=0.03 sys=0.00, real=0.02 secs] 
2705.728: [GC (Allocation Failure) [PSYoungGen: 407244K->91596K(465920K)] 915236K->599877K(1285120K), 0.0136226 secs] [Times: user=0.02 sys=0.00, real=0.01 secs] 
2707.545: [GC (Allocation Failure) [PSYoungGen: 324556K->37777K(465920K)] 832837K->546374K(1285120K), 0.0068597 secs] [Times: user=0.01 sys=0.00, real=0.01 secs] 
2707.837: [GC (Allocation Failure) [PSYoungGen: 270737K->184687K(465920K)] 779334K->694529K(1285120K), 0.0203647 secs] [Times: user=0.03 sys=0.00, real=0.02 secs] 
2708.177: [GC (Allocation Failure) [PSYoungGen: 417647K->184655K(465920K)] 927489K->694770K(1285120K), 0.0203350 secs] [Times: user=0.03 sys=0.00, real=0.02 secs] 
2708.815: [GC (Allocation Failure) [PSYoungGen: 407206K->91580K(465920K)] 917322K->601961K(1285120K), 0.0116408 secs] [Times: user=0.03 sys=0.00, real=0.02 secs] 
2710.540: [GC (Allocation Failure) [PSYoungGen: 324540K->37520K(465920K)] 834921K->548215K(1285120K), 0.0072879 secs] [Times: user=0.02 sys=0.00, real=0.01 secs] 
2710.848: [GC (Allocation Failure) [PSYoungGen: 270480K->183787K(465920K)] 781175K->695727K(1285120K), 0.0202533 secs] [Times: user=0.03 sys=0.00, real=0.02 secs] 
2711.192: [GC (Allocation Failure) [PSYoungGen: 416747K->184655K(465920K)] 928687K->696868K(1285120K), 0.0204721 secs] [Times: user=0.02 sys=0.00, real=0.02 secs] 
2711.872: [GC (Allocation Failure) [PSYoungGen: 410061K->92753K(465920K)] 922274K->605231K(1285120K), 0.0120434 secs] [Times: user=0.02 sys=0.00, real=0.01 secs] 
2712.707: [GC (Allocation Failure) [PSYoungGen: 325713K->38005K(465920K)] 838191K->550791K(1285120K), 0.0056879 secs] [Times: user=0.01 sys=0.00, real=0.00 secs] 
2712.976: [GC (Allocation Failure) [PSYoungGen: 270965K->184558K(465920K)] 783751K->698589K(1285120K), 0.0203820 secs] [Times: user=0.02 sys=0.00, real=0.02 secs] 
2713.265: [GC (Allocation Failure) [PSYoungGen: 417518K->184269K(465920K)] 931549K->698573K(1285120K), 0.0201843 secs] [Times: user=0.02 sys=0.00, real=0.02 secs] 
2715.476: [GC (Allocation Failure) [PSYoungGen: 406866K->91837K(465920K)] 921171K->606407K(1285120K), 0.0190776 secs] [Times: user=0.04 sys=0.00, real=0.01 secs] 
2717.221: [GC (Allocation Failure) [PSYoungGen: 324797K->37748K(465920K)] 839367K->552623K(1285120K), 0.0056169 secs] [Times: user=0.02 sys=0.00, real=0.01 secs] 
2717.491: [GC (Allocation Failure) [PSYoungGen: 270708K->184815K(465920K)] 785583K->700936K(1285120K), 0.0203212 secs] [Times: user=0.03 sys=0.00, real=0.02 secs] 
2717.774: [GC (Allocation Failure) [PSYoungGen: 417775K->184012K(465920K)] 933896K->700542K(1285120K), 0.0204237 secs] [Times: user=0.02 sys=0.00, real=0.02 secs] 
2718.401: [GC (Allocation Failure) [PSYoungGen: 407396K->92126K(465920K)] 923926K->608793K(1285120K), 0.0098597 secs] [Times: user=0.02 sys=0.00, real=0.01 secs] 
2719.205: [GC (Allocation Failure) [PSYoungGen: 325086K->37777K(465920K)] 841753K->554746K(1285120K), 0.0054469 secs] [Times: user=0.01 sys=0.00, real=0.01 secs] 
2719.475: [GC (Allocation Failure) [PSYoungGen: 270737K->184462K(465920K)] 787706K->702676K(1285120K), 0.0201929 secs] [Times: user=0.02 sys=0.00, real=0.02 secs] 
2719.839: [GC (Allocation Failure) [PSYoungGen: 417422K->184494K(465920K)] 935636K->702990K(1285120K), 0.0202233 secs] [Times: user=0.02 sys=0.00, real=0.02 secs] 
2722.062: [GC (Allocation Failure) [PSYoungGen: 407542K->92014K(465920K)] 926037K->610774K(1285120K), 0.0253403 secs] [Times: user=0.05 sys=0.00, real=0.03 secs] 
2724.296: [GC (Allocation Failure) [PSYoungGen: 324974K->37523K(465920K)] 843734K->556599K(1285120K), 0.0076429 secs] [Times: user=0.02 sys=0.00, real=0.00 secs] 
2724.617: [GC (Allocation Failure) [PSYoungGen: 270483K->184687K(465920K)] 789559K->705009K(1285120K), 0.0203048 secs] [Times: user=0.03 sys=0.00, real=0.02 secs] 
2724.962: [GC (Allocation Failure) [PSYoungGen: 417647K->183690K(465920K)] 937969K->704293K(1285120K), 0.0203160 secs] [Times: user=0.02 sys=0.00, real=0.02 secs] 
2726.219: [GC (Allocation Failure) [PSYoungGen: 409111K->92865K(465920K)] 929714K->613733K(1285120K), 0.0191877 secs] [Times: user=0.04 sys=0.00, real=0.02 secs] 
2728.740: [GC (Allocation Failure) [PSYoungGen: 325825K->37617K(465920K)] 846693K->558791K(1285120K), 0.0068969 secs] [Times: user=0.01 sys=0.00, real=0.01 secs] 
2729.039: [GC (Allocation Failure) [PSYoungGen: 270577K->183690K(465920K)] 791751K->706110K(1285120K), 0.0200376 secs] [Times: user=0.03 sys=0.00, real=0.02 secs] 
2729.386: [GC (Allocation Failure) [PSYoungGen: 416650K->184687K(465920K)] 939070K->707387K(1285120K), 0.0201486 secs] [Times: user=0.03 sys=0.00, real=0.02 secs] 
2730.048: [GC (Allocation Failure) [PSYoungGen: 408535K->92737K(465920K)] 931235K->615702K(1285120K), 0.0154391 secs] [Times: user=0.03 sys=0.00, real=0.01 secs] 
2731.275: [GC (Allocation Failure) [PSYoungGen: 325697K->37748K(465920K)] 848662K->561027K(1285120K), 0.0081859 secs] [Times: user=0.02 sys=0.00, real=0.01 secs] 
2731.681: [GC (Allocation Failure) [PSYoungGen: 270708K->184944K(465920K)] 793987K->709469K(1285120K), 0.0204343 secs] [Times: user=0.03 sys=0.00, real=0.02 secs] 
2731.964: [GC (Allocation Failure) [PSYoungGen: 417904K->184333K(465920K)] 942429K->709139K(1285120K), 0.0201197 secs] [Times: user=0.02 sys=0.00, real=0.02 secs] 
2734.141: [GC (Allocation Failure) [PSYoungGen: 406976K->91773K(465920K)] 931782K->616972K(1285120K), 0.0245832 secs] [Times: user=0.04 sys=0.00, real=0.02 secs] 
2736.348: [GC (Allocation Failure) [PSYoungGen: 324733K->37748K(465920K)] 849932K->563127K(1285120K), 0.0076291 secs] [Times: user=0.02 sys=0.00, real=0.00 secs] 
2736.662: [GC (Allocation Failure) [PSYoungGen: 270708K->184719K(465920K)] 796087K->711343K(1285120K), 0.0202670 secs] [Times: user=0.03 sys=0.00, real=0.02 secs] 
2737.019: [GC (Allocation Failure) [PSYoungGen: 417679K->184655K(465920K)] 944303K->711689K(1285120K), 0.0203764 secs] [Times: user=0.03 sys=0.00, real=0.02 secs] 
2738.339: [GC (Allocation Failure) [PSYoungGen: 407349K->91628K(465920K)] 934383K->618927K(1285120K), 0.0169972 secs] [Times: user=0.04 sys=0.00, real=0.01 secs] 
2740.519: [GC (Allocation Failure) [PSYoungGen: 324588K->37620K(465920K)] 851887K->565112K(1285120K), 0.0069534 secs] [Times: user=0.02 sys=0.00, real=0.00 secs] 
2740.819: [GC (Allocation Failure) [PSYoungGen: 270580K->183787K(465920K)] 798072K->712525K(1285120K), 0.0203627 secs] [Times: user=0.02 sys=0.00, real=0.02 secs] 
2741.107: [GC (Allocation Failure) [PSYoungGen: 416747K->184719K(465920K)] 945485K->713738K(1285120K), 0.0205215 secs] [Times: user=0.03 sys=0.00, real=0.02 secs] 
2742.457: [GC (Allocation Failure) [PSYoungGen: 410258K->92608K(465920K)] 939277K->621892K(1285120K), 0.0150557 secs] [Times: user=0.03 sys=0.00, real=0.01 secs] 
2744.343: [GC (Allocation Failure) [PSYoungGen: 325568K->37552K(465920K)] 854852K->567138K(1285120K), 0.0075701 secs] [Times: user=0.02 sys=0.00, real=0.01 secs] 
2744.659: [GC (Allocation Failure) [PSYoungGen: 270512K->184044K(465920K)] 800098K->714876K(1285120K), 0.0202044 secs] [Times: user=0.02 sys=0.00, real=0.02 secs] 
2744.943: [GC (Allocation Failure) [PSYoungGen: 417004K->184590K(465920K)] 947836K->715832K(1285120K), 0.0201870 secs] [Times: user=0.03 sys=0.00, real=0.02 secs] 
2746.195: [GC (Allocation Failure) [PSYoungGen: 409641K->92624K(465920K)] 940882K->624131K(1285120K), 0.0129112 secs] [Times: user=0.03 sys=0.00, real=0.02 secs] 
2747.888: [GC (Allocation Failure) [PSYoungGen: 325584K->37363K(465920K)] 857091K->569054K(1285120K), 0.0067846 secs] [Times: user=0.02 sys=0.00, real=0.00 secs] 
2748.178: [GC (Allocation Failure) [PSYoungGen: 270323K->184044K(465920K)] 802014K->716973K(1285120K), 0.0204066 secs] [Times: user=0.03 sys=0.00, real=0.02 secs] 
2748.519: [GC (Allocation Failure) [PSYoungGen: 417004K->184398K(465920K)] 949933K->717736K(1285120K), 0.0204803 secs] [Times: user=0.03 sys=0.00, real=0.02 secs] 
2750.957: [GC (Allocation Failure) [PSYoungGen: 408617K->92897K(465920K)] 941955K->626373K(1285120K), 0.0165693 secs] [Times: user=0.04 sys=0.00, real=0.01 secs] 
2752.565: [GC (Allocation Failure) [PSYoungGen: 325857K->37716K(465920K)] 859333K->571497K(1285120K), 0.0078485 secs] [Times: user=0.02 sys=0.00, real=0.01 secs] 
2752.882: [GC (Allocation Failure) [PSYoungGen: 270676K->184430K(465920K)] 804457K->719585K(1285120K), 0.0203868 secs] [Times: user=0.03 sys=0.00, real=0.02 secs] 
2753.171: [GC (Allocation Failure) [PSYoungGen: 417390K->184590K(465920K)] 952545K->719890K(1285120K), 0.0203757 secs] [Times: user=0.03 sys=0.00, real=0.02 secs] 
2754.392: [GC (Allocation Failure) [PSYoungGen: 407680K->91982K(465920K)] 942979K->627546K(1285120K), 0.0206368 secs] [Times: user=0.04 sys=0.00, real=0.02 secs] 
2756.614: [GC (Allocation Failure) [PSYoungGen: 324942K->37745K(465920K)] 860506K->573628K(1285120K), 0.0075630 secs] [Times: user=0.02 sys=0.00, real=0.01 secs] 
2757.003: [GC (Allocation Failure) [PSYoungGen: 270705K->184430K(465920K)] 806588K->721566K(1285120K), 0.0204311 secs] [Times: user=0.02 sys=0.00, real=0.02 secs] 
2757.285: [GC (Allocation Failure) [PSYoungGen: 417390K->184269K(465920K)] 954526K->721687K(1285120K), 0.0204262 secs] [Times: user=0.03 sys=0.00, real=0.02 secs] 
2758.651: [GC (Allocation Failure) [PSYoungGen: 409315K->92271K(465920K)] 946732K->630082K(1285120K), 0.0117568 secs] [Times: user=0.02 sys=0.00, real=0.01 secs] 
2759.635: [GC (Allocation Failure) [PSYoungGen: 325231K->38034K(465920K)] 863042K->576033K(1285120K), 0.0064620 secs] [Times: user=0.01 sys=0.00, real=0.01 secs] 
2759.915: [GC (Allocation Failure) [PSYoungGen: 270994K->184301K(465920K)] 808993K->723545K(1285120K), 0.0202710 secs] [Times: user=0.03 sys=0.00, real=0.02 secs] 
2760.205: [GC (Allocation Failure) [PSYoungGen: 417261K->184719K(465920K)] 956505K->724236K(1285120K), 0.0202282 secs] [Times: user=0.02 sys=0.00, real=0.02 secs] 
2760.985: [GC (Allocation Failure) [PSYoungGen: 407552K->91725K(465920K)] 947069K->631506K(1285120K), 0.0112776 secs] [Times: user=0.02 sys=0.00, real=0.02 secs] 
2762.514: [GC (Allocation Failure) [PSYoungGen: 324685K->37906K(465920K)] 864466K->577997K(1285120K), 0.0069734 secs] [Times: user=0.02 sys=0.00, real=0.01 secs] 
2762.868: [GC (Allocation Failure) [PSYoungGen: 270866K->183916K(465920K)] 810957K->725253K(1285120K), 0.0204423 secs] [Times: user=0.02 sys=0.00, real=0.02 secs] 
2763.151: [GC (Allocation Failure) [PSYoungGen: 416876K->184398K(465920K)] 958213K->726144K(1285120K), 0.0203265 secs] [Times: user=0.03 sys=0.00, real=0.02 secs] 
2764.891: [GC (Allocation Failure) [PSYoungGen: 409657K->92560K(465920K)] 951404K->634443K(1285120K), 0.0198270 secs] [Times: user=0.04 sys=0.00, real=0.02 secs] 
2766.618: [GC (Allocation Failure) [PSYoungGen: 325520K->37716K(465920K)] 867403K->579913K(1285120K), 0.0090559 secs] [Times: user=0.02 sys=0.00, real=0.01 secs] 
2766.949: [GC (Allocation Failure) [PSYoungGen: 270676K->184687K(465920K)] 812873K->728129K(1285120K), 0.0204390 secs] [Times: user=0.03 sys=0.00, real=0.02 secs] 
2767.233: [GC (Allocation Failure) [PSYoungGen: 417647K->184719K(465920K)] 961089K->728434K(1285120K), 0.0200870 secs] [Times: user=0.02 sys=0.00, real=0.02 secs] 
2767.862: [GC (Allocation Failure) [PSYoungGen: 407273K->91596K(465920K)] 950989K->635577K(1285120K), 0.0107081 secs] [Times: user=0.02 sys=0.00, real=0.01 secs] 
2768.874: [GC (Allocation Failure) [PSYoungGen: 324556K->38034K(465920K)] 868537K->582329K(1285120K), 0.0066545 secs] [Times: user=0.01 sys=0.00, real=0.01 secs] 
2769.228: [GC (Allocation Failure) [PSYoungGen: 270994K->184687K(465920K)] 815289K->730355K(1285120K), 0.0204249 secs] [Times: user=0.03 sys=0.00, real=0.02 secs] 
2769.512: [GC (Allocation Failure) [PSYoungGen: 417647K->184655K(465920K)] 963315K->730476K(1285120K), 0.0201881 secs] [Times: user=0.03 sys=0.00, real=0.02 secs] 
2770.304: [GC (Allocation Failure) [PSYoungGen: 407208K->91355K(465920K)] 953030K->637441K(1285120K), 0.0119690 secs] [Times: user=0.02 sys=0.00, real=0.02 secs] 
2771.709: [GC (Allocation Failure) [PSYoungGen: 324315K->37649K(465920K)] 870401K->584041K(1285120K), 0.0081952 secs] [Times: user=0.02 sys=0.00, real=0.01 secs] 
2772.033: [GC (Allocation Failure) [PSYoungGen: 270609K->183916K(465920K)] 817001K->731561K(1285120K), 0.0202879 secs] [Times: user=0.03 sys=0.00, real=0.02 secs] 
2772.317: [GC (Allocation Failure) [PSYoungGen: 416876K->184430K(465920K)] 964521K->732356K(1285120K), 0.0202204 secs] [Times: user=0.03 sys=0.00, real=0.02 secs] 
2773.760: [GC (Allocation Failure) [PSYoungGen: 409635K->92785K(465920K)] 957562K->640976K(1285120K), 0.0202782 secs] [Times: user=0.04 sys=0.00, real=0.02 secs] 
2775.997: [GC (Allocation Failure) [PSYoungGen: 325745K->37777K(465920K)] 873936K->586269K(1285120K), 0.0070393 secs] [Times: user=0.01 sys=0.00, real=0.00 secs] 
2776.372: [GC (Allocation Failure) [PSYoungGen: 270737K->184687K(465920K)] 819229K->734424K(1285120K), 0.0207884 secs] [Times: user=0.03 sys=0.00, real=0.02 secs] 
2776.711: [GC (Allocation Failure) [PSYoungGen: 417647K->184655K(465920K)] 967384K->734793K(1285120K), 0.0204429 secs] [Times: user=0.02 sys=0.00, real=0.02 secs] 
2777.432: [GC (Allocation Failure) [PSYoungGen: 407341K->91628K(465920K)] 957480K->642032K(1285120K), 0.0132659 secs] [Times: user=0.02 sys=0.00, real=0.01 secs] 
2778.906: [GC (Allocation Failure) [PSYoungGen: 324588K->37777K(465920K)] 874992K->588352K(1285120K), 0.0075808 secs] [Times: user=0.02 sys=0.00, real=0.01 secs] 
2779.214: [GC (Allocation Failure) [PSYoungGen: 270737K->184719K(465920K)] 821312K->736659K(1285120K), 0.0205723 secs] [Times: user=0.03 sys=0.00, real=0.02 secs] 
2779.556: [GC (Allocation Failure) [PSYoungGen: 417679K->184719K(465920K)] 969619K->736812K(1285120K), 0.0202700 secs] [Times: user=0.03 sys=0.00, real=0.02 secs] 
2780.312: [GC (Allocation Failure) [PSYoungGen: 407283K->91596K(465920K)] 959376K->643954K(1285120K), 0.0120349 secs] [Times: user=0.02 sys=0.00, real=0.01 secs] 
2781.103: [GC (Allocation Failure) [PSYoungGen: 324556K->38034K(465920K)] 876914K->590708K(1285120K), 0.0054077 secs] [Times: user=0.01 sys=0.00, real=0.01 secs] 
2781.376: [GC (Allocation Failure) [PSYoungGen: 270994K->183819K(465920K)] 823668K->737739K(1285120K), 0.0204300 secs] [Times: user=0.03 sys=0.00, real=0.03 secs] 
2781.663: [GC (Allocation Failure) [PSYoungGen: 416779K->184687K(465920K)] 970699K->738879K(1285120K), 0.0204575 secs] [Times: user=0.03 sys=0.00, real=0.02 secs] 
2783.367: [GC (Allocation Failure) [PSYoungGen: 410102K->92239K(465920K)] 964295K->646696K(1285120K), 0.0123290 secs] [Times: user=0.03 sys=0.00, real=0.01 secs] 
2784.441: [GC (Allocation Failure) [PSYoungGen: 325199K->37748K(465920K)] 879656K->592514K(1285120K), 0.0055825 secs] [Times: user=0.02 sys=0.00, real=0.01 secs] 
2784.711: [GC (Allocation Failure) [PSYoungGen: 270708K->184719K(465920K)] 825474K->740738K(1285120K), 0.0203327 secs] [Times: user=0.02 sys=0.00, real=0.02 secs] 
2784.995: [GC (Allocation Failure) [PSYoungGen: 417679K->184719K(465920K)] 973698K->741139K(1285120K), 0.0203622 secs] [Times: user=0.03 sys=0.00, real=0.02 secs] 
2786.964: [GC (Allocation Failure) [PSYoungGen: 407414K->91580K(465920K)] 963834K->648266K(1285120K), 0.0197908 secs] [Times: user=0.04 sys=0.00, real=0.02 secs] 
2788.929: [GC (Allocation Failure) [PSYoungGen: 324540K->37748K(465920K)] 881226K->594615K(1285120K), 0.0085172 secs] [Times: user=0.02 sys=0.00, real=0.01 secs] 
2789.255: [GC (Allocation Failure) [PSYoungGen: 270708K->184687K(465920K)] 827575K->742936K(1285120K), 0.0204964 secs] [Times: user=0.03 sys=0.00, real=0.02 secs] 
2789.544: [GC (Allocation Failure) [PSYoungGen: 417647K->184655K(465920K)] 975896K->743049K(1285120K), 0.0204043 secs] [Times: user=0.03 sys=0.00, real=0.02 secs] 
2790.958: [GC (Allocation Failure) [PSYoungGen: 407218K->91580K(465920K)] 965612K->650239K(1285120K), 0.0132495 secs] [Times: user=0.03 sys=0.00, real=0.01 secs] 
2792.623: [GC (Allocation Failure) [PSYoungGen: 324540K->37620K(465920K)] 883199K->596587K(1285120K), 0.0070140 secs] [Times: user=0.01 sys=0.01, real=0.01 secs] 
2792.992: [GC (Allocation Failure) [PSYoungGen: 270580K->184944K(465920K)] 829547K->745148K(1285120K), 0.0205703 secs] [Times: user=0.02 sys=0.00, real=0.02 secs] 
2793.274: [GC (Allocation Failure) [PSYoungGen: 417904K->184269K(465920K)] 978108K->744747K(1285120K), 0.0204899 secs] [Times: user=0.03 sys=0.00, real=0.02 secs] 
2794.749: [GC (Allocation Failure) [PSYoungGen: 409466K->91901K(465920K)] 969944K->652772K(1285120K), 0.0264621 secs] [Times: user=0.06 sys=0.00, real=0.02 secs] 
2796.599: [GC (Allocation Failure) [PSYoungGen: 324861K->37777K(465920K)] 885732K->598836K(1285120K), 0.0070531 secs] [Times: user=0.02 sys=0.00, real=0.00 secs] 
2796.886: [GC (Allocation Failure) [PSYoungGen: 270737K->184687K(465920K)] 831796K->746999K(1285120K), 0.0204487 secs] [Times: user=0.03 sys=0.00, real=0.03 secs] 
2797.169: [GC (Allocation Failure) [PSYoungGen: 417647K->184462K(465920K)] 979959K->747055K(1285120K), 0.0203490 secs] [Times: user=0.02 sys=0.00, real=0.02 secs] 
2798.687: [GC (Allocation Failure) [PSYoungGen: 409504K->91885K(465920K)] 972098K->654743K(1285120K), 0.0168047 secs] [Times: user=0.03 sys=0.00, real=0.01 secs] 
2800.271: [GC (Allocation Failure) [PSYoungGen: 324845K->37906K(465920K)] 887703K->601072K(1285120K), 0.0065775 secs] [Times: user=0.02 sys=0.00, real=0.01 secs] 
2800.553: [GC (Allocation Failure) [PSYoungGen: 270866K->184815K(465920K)] 834032K->749235K(1285120K), 0.0206083 secs] [Times: user=0.03 sys=0.00, real=0.02 secs] 
2800.838: [GC (Allocation Failure) [PSYoungGen: 417775K->184655K(465920K)] 982195K->749476K(1285120K), 0.0205719 secs] [Times: user=0.03 sys=0.00, real=0.02 secs] 
2802.162: [GC (Allocation Failure) [PSYoungGen: 407202K->91355K(465920K)] 972023K->656313K(1285120K), 0.0254098 secs] [Times: user=0.05 sys=0.01, real=0.03 secs] 
2804.350: [GC (Allocation Failure) [PSYoungGen: 324315K->37909K(465920K)] 889273K->603180K(1285120K), 0.0079964 secs] [Times: user=0.02 sys=0.00, real=0.01 secs] 
2804.665: [GC (Allocation Failure) [PSYoungGen: 270869K->184687K(465920K)] 836140K->751332K(1285120K), 0.0204872 secs] [Times: user=0.03 sys=0.00, real=0.02 secs] 
2805.000: [GC (Allocation Failure) [PSYoungGen: 417647K->184719K(465920K)] 984292K->751509K(1285120K), 0.0204741 secs] [Times: user=0.02 sys=0.00, real=0.02 secs] 
2806.181: [GC (Allocation Failure) [PSYoungGen: 407279K->91452K(465920K)] 974069K->658507K(1285120K), 0.0145492 secs] [Times: user=0.04 sys=0.00, real=0.01 secs] 
2807.807: [GC (Allocation Failure) [PSYoungGen: 324412K->37874K(465920K)] 891467K->605235K(1285120K), 0.0091200 secs] [Times: user=0.03 sys=0.00, real=0.00 secs] 
2808.154: [GC (Allocation Failure) [PSYoungGen: 270834K->184687K(465920K)] 838195K->753301K(1285120K), 0.0202648 secs] [Times: user=0.02 sys=0.00, real=0.02 secs] 
2808.438: [GC (Allocation Failure) [PSYoungGen: 417647K->184655K(465920K)] 986261K->753542K(1285120K), 0.0203320 secs] [Times: user=0.02 sys=0.00, real=0.02 secs] 
2810.588: [GC (Allocation Failure) [PSYoungGen: 407202K->91467K(465920K)] 976090K->660620K(1285120K), 0.0149936 secs] [Times: user=0.03 sys=0.00, real=0.01 secs] 
2812.222: [GC (Allocation Failure) [PSYoungGen: 324427K->37617K(465920K)] 893580K->607081K(1285120K), 0.0084883 secs] [Times: user=0.02 sys=0.00, real=0.01 secs] 
2812.549: [GC (Allocation Failure) [PSYoungGen: 270577K->183787K(465920K)] 840041K->754497K(1285120K), 0.0204041 secs] [Times: user=0.03 sys=0.00, real=0.02 secs] 
2812.832: [GC (Allocation Failure) [PSYoungGen: 416747K->184462K(465920K)] 987457K->755445K(1285120K), 0.0203067 secs] [Times: user=0.03 sys=0.00, real=0.02 secs] 
2813.502: [GC (Allocation Failure) [PSYoungGen: 409705K->92881K(465920K)] 980689K->664129K(1285120K), 0.0123011 secs] [Times: user=0.03 sys=0.00, real=0.01 secs] 
2814.861: [GC (Allocation Failure) [PSYoungGen: 325841K->37620K(465920K)] 897089K->609170K(1285120K), 0.0064283 secs] [Times: user=0.02 sys=0.00, real=0.01 secs] 
2815.140: [GC (Allocation Failure) [PSYoungGen: 270580K->184687K(465920K)] 842130K->757499K(1285120K), 0.0203894 secs] [Times: user=0.03 sys=0.00, real=0.02 secs] 
2815.424: [GC (Allocation Failure) [PSYoungGen: 417647K->184687K(465920K)] 990459K->757908K(1285120K), 0.0203666 secs] [Times: user=0.03 sys=0.00, real=0.02 secs] 
2816.173: [GC (Allocation Failure) [PSYoungGen: 407385K->91725K(465920K)] 980607K->665211K(1285120K), 0.0107953 secs] [Times: user=0.02 sys=0.00, real=0.01 secs] 
2817.994: [GC (Allocation Failure) [PSYoungGen: 324685K->37392K(465920K)] 898171K->611065K(1285120K), 0.0065076 secs] [Times: user=0.01 sys=0.00, real=0.01 secs] 
2818.345: [GC (Allocation Failure) [PSYoungGen: 270352K->183819K(465920K)] 844025K->758738K(1285120K), 0.0205827 secs] [Times: user=0.03 sys=0.00, real=0.02 secs] 
2818.628: [GC (Allocation Failure) [PSYoungGen: 416779K->184301K(465920K)] 991698K->759493K(1285120K), 0.0205286 secs] [Times: user=0.03 sys=0.00, real=0.02 secs] 
2819.309: [GC (Allocation Failure) [PSYoungGen: 410742K->93267K(465920K)] 985935K->668724K(1285120K), 0.0130524 secs] [Times: user=0.03 sys=0.00, real=0.01 secs] 
2820.221: [GC (Allocation Failure) [PSYoungGen: 326227K->37877K(465920K)] 901684K->613650K(1285120K), 0.0056660 secs] [Times: user=0.01 sys=0.00, real=0.01 secs] 
2820.553: [GC (Allocation Failure) [PSYoungGen: 270837K->184173K(465920K)] 846610K->761191K(1285120K), 0.0205256 secs] [Times: user=0.03 sys=0.00, real=0.02 secs] 
2820.839: [GC (Allocation Failure) [PSYoungGen: 417133K->184783K(465920K)] 994151K->762075K(1285120K), 0.0204160 secs] [Times: user=0.03 sys=0.00, real=0.02 secs] 
2822.042: [GC (Allocation Failure) [PSYoungGen: 407996K->91853K(465920K)] 985288K->669410K(1285120K), 0.0132634 secs] [Times: user=0.02 sys=0.01, real=0.01 secs] 
2824.655: [GC (Allocation Failure) [PSYoungGen: 324813K->37652K(465920K)] 902370K->615530K(1285120K), 0.0068118 secs] [Times: user=0.02 sys=0.00, real=0.01 secs] 
2824.950: [GC (Allocation Failure) [PSYoungGen: 270612K->184558K(465920K)] 848490K->763690K(1285120K), 0.0203776 secs] [Times: user=0.03 sys=0.00, real=0.02 secs] 
2825.234: [GC (Allocation Failure) [PSYoungGen: 417518K->184655K(465920K)] 996650K->764060K(1285120K), 0.0203040 secs] [Times: user=0.03 sys=0.00, real=0.02 secs] 
2827.007: [GC (Allocation Failure) [PSYoungGen: 407233K->91885K(465920K)] 986638K->671555K(1285120K), 0.0145919 secs] [Times: user=0.03 sys=0.00, real=0.01 secs] 
2828.688: [GC (Allocation Failure) [PSYoungGen: 324845K->37877K(465920K)] 904515K->617853K(1285120K), 0.0068310 secs] [Times: user=0.01 sys=0.00, real=0.00 secs] 
2828.978: [GC (Allocation Failure) [PSYoungGen: 270837K->184687K(465920K)] 850813K->765908K(1285120K), 0.0203737 secs] [Times: user=0.03 sys=0.00, real=0.02 secs] 
2829.323: [GC (Allocation Failure) [PSYoungGen: 417647K->184655K(465920K)] 998868K->766157K(1285120K), 0.0202779 secs] [Times: user=0.02 sys=0.00, real=0.02 secs] 
2830.011: [GC (Allocation Failure) [PSYoungGen: 407203K->91499K(465920K)] 988706K->673267K(1285120K), 0.0120147 secs] [Times: user=0.02 sys=0.00, real=0.01 secs] 
2830.823: [GC (Allocation Failure) [PSYoungGen: 324459K->38134K(465920K)] 906227K->620207K(1285120K), 0.0056388 secs] [Times: user=0.01 sys=0.00, real=0.01 secs] 
2831.154: [GC (Allocation Failure) [PSYoungGen: 271094K->184173K(465920K)] 853167K->767500K(1285120K), 0.0203979 secs] [Times: user=0.03 sys=0.00, real=0.02 secs] 
2831.437: [GC (Allocation Failure) [PSYoungGen: 417133K->184526K(465920K)] 1000460K->768126K(1285120K), 0.0202983 secs] [Times: user=0.03 sys=0.00, real=0.02 secs] 
2833.546: [GC (Allocation Failure) [PSYoungGen: 407597K->91869K(465920K)] 991197K->675734K(1285120K), 0.0169077 secs] [Times: user=0.03 sys=0.00, real=0.02 secs] 
2836.172: [GC (Allocation Failure) [PSYoungGen: 324829K->37809K(465920K)] 908694K->621984K(1285120K), 0.0085094 secs] [Times: user=0.02 sys=0.00, real=0.01 secs] 
2836.496: [GC (Allocation Failure) [PSYoungGen: 270769K->184430K(465920K)] 854944K->769995K(1285120K), 0.0205452 secs] [Times: user=0.03 sys=0.00, real=0.02 secs] 
2836.836: [GC (Allocation Failure) [PSYoungGen: 417390K->184526K(465920K)] 1002955K->770236K(1285120K), 0.0204376 secs] [Times: user=0.03 sys=0.00, real=0.02 secs] 
2838.305: [GC (Allocation Failure) [PSYoungGen: 407587K->91998K(465920K)] 993297K->677972K(1285120K), 0.0144898 secs] [Times: user=0.03 sys=0.00, real=0.02 secs] 
2840.002: [GC (Allocation Failure) [PSYoungGen: 324958K->37748K(465920K)] 910932K->624037K(1285120K), 0.0070038 secs] [Times: user=0.01 sys=0.00, real=0.01 secs] 
2840.295: [GC (Allocation Failure) [PSYoungGen: 270708K->184430K(465920K)] 856997K->772100K(1285120K), 0.0203081 secs] [Times: user=0.02 sys=0.00, real=0.02 secs] 
2840.585: [GC (Allocation Failure) [PSYoungGen: 417390K->184526K(465920K)] 1005060K->772341K(1285120K), 0.0204036 secs] [Times: user=0.03 sys=0.00, real=0.02 secs] 
2842.131: [GC (Allocation Failure) [PSYoungGen: 407588K->91982K(465920K)] 995403K->680062K(1285120K), 0.0189844 secs] [Times: user=0.04 sys=0.00, real=0.02 secs] 
2843.483: [GC (Allocation Failure) [PSYoungGen: 324942K->37748K(465920K)] 913022K->626142K(1285120K), 0.0086634 secs] [Times: user=0.02 sys=0.00, real=0.01 secs] 
2843.832: [GC (Allocation Failure) [PSYoungGen: 270708K->184430K(465920K)] 859102K->774198K(1285120K), 0.0206455 secs] [Times: user=0.02 sys=0.00, real=0.02 secs] 
2844.117: [GC (Allocation Failure) [PSYoungGen: 417390K->184558K(465920K)] 1007158K->774479K(1285120K), 0.0204699 secs] [Times: user=0.03 sys=0.00, real=0.02 secs] 
2845.451: [GC (Allocation Failure) [PSYoungGen: 407649K->91934K(465920K)] 997570K->682119K(1285120K), 0.0188746 secs] [Times: user=0.04 sys=0.00, real=0.02 secs] 
2846.932: [GC (Allocation Failure) [PSYoungGen: 324894K->37748K(465920K)] 915079K->628250K(1285120K), 0.0070194 secs] [Times: user=0.02 sys=0.00, real=0.01 secs] 
2847.230: [GC (Allocation Failure) [PSYoungGen: 270708K->184430K(465920K)] 861210K->776185K(1285120K), 0.0204193 secs] [Times: user=0.03 sys=0.00, real=0.02 secs] 
2847.549: [GC (Allocation Failure) [PSYoungGen: 417390K->184301K(465920K)] 1009145K->776337K(1285120K), 0.0204042 secs] [Times: user=0.03 sys=0.00, real=0.02 secs] 
2848.830: [GC (Allocation Failure) [PSYoungGen: 409347K->92271K(465920K)] 1001383K->684700K(1285120K), 0.0160907 secs] [Times: user=0.04 sys=0.00, real=0.01 secs] 
2850.724: [GC (Allocation Failure) [PSYoungGen: 325231K->37748K(465920K)] 917660K->630367K(1285120K), 0.0070921 secs] [Times: user=0.02 sys=0.00, real=0.01 secs] 
2851.023: [GC (Allocation Failure) [PSYoungGen: 270708K->184719K(465920K)] 863327K->778591K(1285120K), 0.0203954 secs] [Times: user=0.03 sys=0.00, real=0.02 secs] 
2851.308: [GC (Allocation Failure) [PSYoungGen: 417679K->184655K(465920K)] 1011551K->778808K(1285120K), 0.0204698 secs] [Times: user=0.03 sys=0.00, real=0.02 secs] 
2852.033: [GC (Allocation Failure) [PSYoungGen: 407210K->91644K(465920K)] 1001364K->686063K(1285120K), 0.0123910 secs] [Times: user=0.02 sys=0.00, real=0.01 secs] 
2852.894: [GC (Allocation Failure) [PSYoungGen: 324604K->38005K(465920K)] 919023K->632750K(1285120K), 0.0060747 secs] [Times: user=0.01 sys=0.00, real=0.01 secs] 
2853.238: [GC (Allocation Failure) [PSYoungGen: 270965K->183787K(465920K)] 865710K->779777K(1285120K), 0.0202816 secs] [Times: user=0.03 sys=0.00, real=0.02 secs] 
2853.583: [GC (Allocation Failure) [PSYoungGen: 416747K->184655K(465920K)] 1012737K->780918K(1285120K), 0.0204061 secs] [Times: user=0.02 sys=0.00, real=0.02 secs] 
2855.041: [GC (Allocation Failure) [PSYoungGen: 410106K->92207K(465920K)] 1006369K->688735K(1285120K), 0.0189207 secs] [Times: user=0.04 sys=0.00, real=0.02 secs] 
2856.003: [GC (Allocation Failure) [PSYoungGen: 325167K->38034K(465920K)] 921695K->634864K(1285120K), 0.0056604 secs] [Times: user=0.01 sys=0.00, real=0.01 secs] 
2856.272: [GC (Allocation Failure) [PSYoungGen: 270994K->184590K(465920K)] 867824K->782666K(1285120K), 0.0202382 secs] [Times: user=0.03 sys=0.00, real=0.02 secs] 
2856.556: [GC (Allocation Failure) [PSYoungGen: 417550K->184783K(465920K)] 1015626K->783268K(1285120K), 0.0203675 secs] [Times: user=0.03 sys=0.00, real=0.02 secs] 
2857.554: [GC (Allocation Failure) [PSYoungGen: 407167K->91355K(465920K)] 1005653K->690105K(1285120K), 0.0133170 secs] [Times: user=0.03 sys=0.00, real=0.02 secs] 
2858.366: [GC (Allocation Failure) [PSYoungGen: 324315K->38163K(465920K)] 923065K->637095K(1285120K), 0.0056460 secs] [Times: user=0.01 sys=0.00, real=0.01 secs] 
2858.634: [GC (Allocation Failure) [PSYoungGen: 271123K->183787K(465920K)] 870055K->783956K(1285120K), 0.0204372 secs] [Times: user=0.03 sys=0.00, real=0.02 secs] 
2858.918: [GC (Allocation Failure) [PSYoungGen: 416747K->184462K(465920K)] 1016916K->784904K(1285120K), 0.0204389 secs] [Times: user=0.03 sys=0.00, real=0.02 secs] 
2860.008: [GC (Allocation Failure) [PSYoungGen: 409700K->92319K(465920K)] 1010142K->693027K(1285120K), 0.0135896 secs] [Times: user=0.03 sys=0.00, real=0.01 secs] 
2861.005: [GC (Allocation Failure) [PSYoungGen: 325279K->38005K(465920K)] 925987K->639026K(1285120K), 0.0065356 secs] [Times: user=0.02 sys=0.00, real=0.01 secs] 
2861.282: [GC (Allocation Failure) [PSYoungGen: 270965K->184044K(465920K)] 871986K->786311K(1285120K), 0.0204974 secs] [Times: user=0.03 sys=0.00, real=0.02 secs] 
2861.634: [GC (Allocation Failure) [PSYoungGen: 417004K->184912K(465920K)] 1019271K->787460K(1285120K), 0.0203444 secs] [Times: user=0.03 sys=0.00, real=0.02 secs] 
2862.920: [GC (Allocation Failure) [PSYoungGen: 408023K->91757K(465920K)] 1010571K->694577K(1285120K), 0.0134421 secs] [Times: user=0.03 sys=0.00, real=0.01 secs] 
2863.772: [GC (Allocation Failure) [PSYoungGen: 324717K->37877K(465920K)] 927537K->641011K(1285120K), 0.0056317 secs] [Times: user=0.01 sys=0.00, real=0.01 secs] 
2864.039: [GC (Allocation Failure) [PSYoungGen: 270837K->183819K(465920K)] 873971K->788199K(1285120K), 0.0203253 secs] [Times: user=0.02 sys=0.00, real=0.02 secs] 
2864.323: [GC (Allocation Failure) [PSYoungGen: 416779K->184462K(465920K)] 1021159K->789251K(1285120K), 0.0204045 secs] [Times: user=0.03 sys=0.00, real=0.02 secs] 
2865.507: [GC (Allocation Failure) [PSYoungGen: 409551K->92672K(465920K)] 1014341K->697743K(1285120K), 0.0132796 secs] [Times: user=0.03 sys=0.00, real=0.01 secs] 
2867.403: [GC (Allocation Failure) [PSYoungGen: 325632K->37777K(465920K)] 930703K->643033K(1285120K), 0.0068864 secs] [Times: user=0.02 sys=0.00, real=0.01 secs] 
2867.773: [GC (Allocation Failure) [PSYoungGen: 270737K->184719K(465920K)] 875993K->791220K(1285120K), 0.0203287 secs] [Times: user=0.03 sys=0.00, real=0.02 secs] 
2868.056: [GC (Allocation Failure) [PSYoungGen: 417679K->184655K(465920K)] 1024180K->791558K(1285120K), 0.0202982 secs] [Times: user=0.02 sys=0.00, real=0.02 secs] 
2868.747: [GC (Allocation Failure) [PSYoungGen: 407350K->91612K(465920K)] 1014253K->698780K(1285120K), 0.0121499 secs] [Times: user=0.03 sys=0.00, real=0.01 secs] 
2869.596: [GC (Allocation Failure) [PSYoungGen: 324572K->38005K(465920K)] 931740K->645359K(1285120K), 0.0056731 secs] [Times: user=0.01 sys=0.00, real=0.00 secs] 
2869.926: [GC (Allocation Failure) [PSYoungGen: 270965K->183916K(465920K)] 878319K->792515K(1285120K), 0.0204235 secs] [Times: user=0.03 sys=0.00, real=0.02 secs] 
2870.209: [GC (Allocation Failure) [PSYoungGen: 416876K->184430K(465920K)] 1025475K->793310K(1285120K), 0.0203168 secs] [Times: user=0.03 sys=0.00, real=0.02 secs] 
2870.851: [GC (Allocation Failure) [PSYoungGen: 409649K->92351K(465920K)] 1018529K->701496K(1285120K), 0.0123166 secs] [Times: user=0.02 sys=0.00, real=0.01 secs] 
2871.766: [GC (Allocation Failure) [PSYoungGen: 325311K->38034K(465920K)] 934456K->647490K(1285120K), 0.0092274 secs] [Times: user=0.02 sys=0.00, real=0.01 secs] 
2872.114: [GC (Allocation Failure) [PSYoungGen: 270994K->184719K(465920K)] 880450K->795427K(1285120K), 0.0204434 secs] [Times: user=0.03 sys=0.00, real=0.02 secs] 
2872.454: [GC (Allocation Failure) [PSYoungGen: 417679K->184398K(465920K)] 1028387K->795387K(1285120K), 0.0203821 secs] [Times: user=0.02 sys=0.00, real=0.02 secs] 
2874.901: [GC (Allocation Failure) [PSYoungGen: 406911K->91596K(465920K)] 1017901K->702851K(1285120K), 0.0274550 secs] [Times: user=0.05 sys=0.01, real=0.03 secs] 
2876.637: [GC (Allocation Failure) [PSYoungGen: 324556K->37906K(465920K)] 935811K->649485K(1285120K), 0.0076670 secs] [Times: user=0.02 sys=0.00, real=0.00 secs] 
2876.951: [GC (Allocation Failure) [PSYoungGen: 270866K->184687K(465920K)] 882445K->797511K(1285120K), 0.0204909 secs] [Times: user=0.03 sys=0.00, real=0.02 secs] 
2877.235: [GC (Allocation Failure) [PSYoungGen: 417647K->184462K(465920K)] 1030471K->797567K(1285120K), 0.0204861 secs] [Times: user=0.02 sys=0.00, real=0.02 secs] 
2878.378: [GC (Allocation Failure) [PSYoungGen: 407198K->91757K(465920K)] 1020304K->705127K(1285120K), 0.0164062 secs] [Times: user=0.03 sys=0.00, real=0.01 secs] 
2879.902: [GC (Allocation Failure) [PSYoungGen: 324717K->37777K(465920K)] 938087K->651462K(1285120K), 0.0093607 secs] [Times: user=0.02 sys=0.00, real=0.01 secs] 
2880.242: [GC (Allocation Failure) [PSYoungGen: 270737K->184687K(465920K)] 884422K->799625K(1285120K), 0.0206004 secs] [Times: user=0.03 sys=0.00, real=0.02 secs] 
2880.526: [GC (Allocation Failure) [PSYoungGen: 417647K->184623K(465920K)] 1032585K->799834K(1285120K), 0.0203763 secs] [Times: user=0.03 sys=0.00, real=0.02 secs] 
2881.248: [GC (Allocation Failure) [PSYoungGen: 407161K->91596K(465920K)] 1022372K->707080K(1285120K), 0.0122924 secs] [Times: user=0.02 sys=0.00, real=0.01 secs] 
2882.429: [GC (Allocation Failure) [PSYoungGen: 324556K->37877K(465920K)] 940040K->653669K(1285120K), 0.0067802 secs] [Times: user=0.01 sys=0.00, real=0.00 secs] 
2882.779: [GC (Allocation Failure) [PSYoungGen: 270837K->184687K(465920K)] 886629K->801724K(1285120K), 0.0203973 secs] [Times: user=0.02 sys=0.00, real=0.02 secs] 
2883.063: [GC (Allocation Failure) [PSYoungGen: 417647K->184655K(465920K)] 1034684K->801966K(1285120K), 0.0203515 secs] [Times: user=0.03 sys=0.00, real=0.02 secs] 
2884.418: [GC (Allocation Failure) [PSYoungGen: 407234K->91452K(465920K)] 1024545K->709027K(1285120K), 0.0146374 secs] [Times: user=0.02 sys=0.01, real=0.01 secs] 
2886.096: [GC (Allocation Failure) [PSYoungGen: 324412K->37777K(465920K)] 941987K->655677K(1285120K), 0.0068000 secs] [Times: user=0.02 sys=0.00, real=0.01 secs] 
2886.384: [GC (Allocation Failure) [PSYoungGen: 270737K->184687K(465920K)] 888637K->803832K(1285120K), 0.0203330 secs] [Times: user=0.03 sys=0.00, real=0.02 secs] 
2886.668: [GC (Allocation Failure) [PSYoungGen: 417647K->184655K(465920K)] 1036792K->804073K(1285120K), 0.0203085 secs] [Times: user=0.02 sys=0.00, real=0.02 secs] 
2888.300: [GC (Allocation Failure) [PSYoungGen: 407210K->91628K(465920K)] 1026628K->711311K(1285120K), 0.0169625 secs] [Times: user=0.03 sys=0.00, real=0.02 secs] 
2890.334: [GC (Allocation Failure) [PSYoungGen: 324588K->37491K(465920K)] 944271K->657490K(1285120K), 0.0071180 secs] [Times: user=0.02 sys=0.00, real=0.01 secs] 
2890.628: [GC (Allocation Failure) [PSYoungGen: 270451K->183787K(465920K)] 890450K->805032K(1285120K), 0.0203823 secs] [Times: user=0.02 sys=0.00, real=0.02 secs] 
2890.911: [GC (Allocation Failure) [PSYoungGen: 416747K->184398K(465920K)] 1037992K->805923K(1285120K), 0.0204702 secs] [Times: user=0.03 sys=0.00, real=0.02 secs] 
2892.227: [GC (Allocation Failure) [PSYoungGen: 409697K->93010K(465920K)] 1031222K->714801K(1285120K), 0.0196941 secs] [Times: user=0.04 sys=0.00, real=0.02 secs] 
2894.020: [GC (Allocation Failure) [PSYoungGen: 325970K->37973K(465920K)] 947761K->660064K(1285120K), 0.0069038 secs] [Times: user=0.01 sys=0.00, real=0.01 secs] 
2894.382: [GC (Allocation Failure) [PSYoungGen: 270933K->184687K(465920K)] 893024K->808023K(1285120K), 0.0204211 secs] [Times: user=0.03 sys=0.00, real=0.02 secs] 
2894.666: [GC (Allocation Failure) [PSYoungGen: 417647K->184719K(465920K)] 1040983K->808456K(1285120K), 0.0212473 secs] [Times: user=0.03 sys=0.00, real=0.02 secs] 
2896.341: [GC (Allocation Failure) [PSYoungGen: 407158K->91371K(465920K)] 1030895K->715374K(1285120K), 0.0130000 secs] [Times: user=0.02 sys=0.00, real=0.01 secs] 
2897.212: [GC (Allocation Failure) [PSYoungGen: 324331K->38005K(465920K)] 948334K->662185K(1285120K), 0.0084538 secs] [Times: user=0.03 sys=0.00, real=0.01 secs] 
2897.535: [GC (Allocation Failure) [PSYoungGen: 270965K->183787K(465920K)] 895145K->809212K(1285120K), 0.0203923 secs] [Times: user=0.03 sys=0.00, real=0.02 secs] 
2897.823: [GC (Allocation Failure) [PSYoungGen: 416747K->184655K(465920K)] 1042172K->810353K(1285120K), 0.0204076 secs] [Times: user=0.02 sys=0.00, real=0.02 secs] 
2898.447: [GC (Allocation Failure) [PSYoungGen: 405464K->92223K(465920K)] 1031162K->718186K(1285120K), 0.0125547 secs] [Times: user=0.03 sys=0.00, real=0.01 secs] 
2899.342: [GC (Allocation Failure) [PSYoungGen: 325183K->38002K(465920K)] 951146K->664264K(1285120K), 0.0079249 secs] [Times: user=0.01 sys=0.00, real=0.01 secs] 
2899.726: [GC (Allocation Failure) [PSYoungGen: 270962K->184301K(465920K)] 897224K->811808K(1285120K), 0.0206476 secs] [Times: user=0.03 sys=0.00, real=0.03 secs] 
2900.008: [GC (Allocation Failure) [PSYoungGen: 417261K->184141K(465920K)] 1044768K->811929K(1285120K), 0.0204007 secs] [Times: user=0.03 sys=0.00, real=0.02 secs] 
2900.637: [GC (Allocation Failure) [PSYoungGen: 408016K->92223K(465920K)] 1035804K->720276K(1285120K), 0.0124744 secs] [Times: user=0.03 sys=0.00, real=0.01 secs] 
2901.450: [GC (Allocation Failure) [PSYoungGen: 325183K->38034K(465920K)] 953236K->666403K(1285120K), 0.0057542 secs] [Times: user=0.01 sys=0.00, real=0.00 secs] 
2901.776: [GC (Allocation Failure) [PSYoungGen: 270994K->183787K(465920K)] 899363K->813401K(1285120K), 0.0204278 secs] [Times: user=0.03 sys=0.00, real=0.02 secs] 
2902.123: [GC (Allocation Failure) [PSYoungGen: 416747K->184526K(465920K)] 1046361K->814421K(1285120K), 0.0210454 secs] [Times: user=0.03 sys=0.00, real=0.02 secs] 
2903.210: [GC (Allocation Failure) [PSYoungGen: 408404K->92399K(465920K)] 1038299K->722560K(1285120K), 0.0149202 secs] [Times: user=0.03 sys=0.00, real=0.01 secs] 
2904.430: [GC (Allocation Failure) [PSYoungGen: 325359K->37748K(465920K)] 955520K->668222K(1285120K), 0.0069116 secs] [Times: user=0.01 sys=0.00, real=0.01 secs] 
2904.802: [GC (Allocation Failure) [PSYoungGen: 270708K->184944K(465920K)] 901182K->816671K(1285120K), 0.0206783 secs] [Times: user=0.03 sys=0.00, real=0.02 secs] 
2905.085: [GC (Allocation Failure) [PSYoungGen: 417904K->184173K(465920K)] 1049631K->816302K(1285120K), 0.0205862 secs] [Times: user=0.03 sys=0.00, real=0.02 secs] 
2907.445: [GC (Allocation Failure) [PSYoungGen: 409471K->91869K(465920K)] 1041601K->724135K(1285120K), 0.0202407 secs] [Times: user=0.04 sys=0.00, real=0.02 secs] 
2909.346: [GC (Allocation Failure) [PSYoungGen: 324829K->37877K(465920K)] 957095K->670445K(1285120K), 0.0072481 secs] [Times: user=0.01 sys=0.00, real=0.00 secs] 
2909.721: [GC (Allocation Failure) [PSYoungGen: 270837K->184687K(465920K)] 903405K->818500K(1285120K), 0.0207600 secs] [Times: user=0.03 sys=0.00, real=0.02 secs] 
2910.005: [GC (Allocation Failure) [PSYoungGen: 417647K->184655K(465920K)] 1051460K->818741K(1285120K), 0.0204510 secs] [Times: user=0.02 sys=0.00, real=0.02 secs] 
2911.279: [GC (Allocation Failure) [PSYoungGen: 407215K->91499K(465920K)] 1041302K->725851K(1285120K), 0.0200372 secs] [Times: user=0.04 sys=0.00, real=0.02 secs] 
2912.997: [GC (Allocation Failure) [PSYoungGen: 324459K->37620K(465920K)] 958811K->672289K(1285120K), 0.0066979 secs] [Times: user=0.02 sys=0.00, real=0.00 secs] 
2913.282: [GC (Allocation Failure) [PSYoungGen: 270580K->183787K(465920K)] 905249K->819702K(1285120K), 0.0204590 secs] [Times: user=0.03 sys=0.00, real=0.02 secs] 
2913.566: [GC (Allocation Failure) [PSYoungGen: 416747K->184719K(465920K)] 1052662K->820915K(1285120K), 0.0205012 secs] [Times: user=0.03 sys=0.00, real=0.03 secs] 
2915.072: [GC (Allocation Failure) [PSYoungGen: 410294K->92656K(465920K)] 1046490K->729117K(1285120K), 0.0177300 secs] [Times: user=0.04 sys=0.00, real=0.02 secs] 
2916.391: [GC (Allocation Failure) [PSYoungGen: 325616K->37748K(465920K)] 962077K->674511K(1285120K), 0.0087051 secs] [Times: user=0.02 sys=0.00, real=0.01 secs] 
2916.715: [GC (Allocation Failure) [PSYoungGen: 270708K->184205K(465920K)] 907471K->822221K(1285120K), 0.0205649 secs] [Times: user=0.03 sys=0.00, real=0.02 secs] 
2917.004: [GC (Allocation Failure) [PSYoungGen: 417165K->184558K(465920K)] 1055181K->822976K(1285120K), 0.0204025 secs] [Times: user=0.03 sys=0.00, real=0.02 secs] 
2917.664: [GC (Allocation Failure) [PSYoungGen: 409734K->92255K(465920K)] 1048152K->730809K(1285120K), 0.0121904 secs] [Times: user=0.02 sys=0.00, real=0.02 secs] 
2919.036: [GC (Allocation Failure) [PSYoungGen: 325215K->37748K(465920K)] 963769K->676605K(1285120K), 0.0066705 secs] [Times: user=0.02 sys=0.00, real=0.01 secs] 
2919.318: [GC (Allocation Failure) [PSYoungGen: 270708K->184815K(465920K)] 909565K->824918K(1285120K), 0.0205884 secs] [Times: user=0.03 sys=0.00, real=0.02 secs] 
2919.607: [GC (Allocation Failure) [PSYoungGen: 417775K->184687K(465920K)] 1057878K->825191K(1285120K), 0.0220726 secs] [Times: user=0.04 sys=0.00, real=0.02 secs] 
2920.579: [GC (Allocation Failure) [PSYoungGen: 407225K->91467K(465920K)] 1047729K->732108K(1285120K), 0.0136948 secs] [Times: user=0.03 sys=0.00, real=0.01 secs] 
2921.471: [GC (Allocation Failure) [PSYoungGen: 324427K->38034K(465920K)] 965068K->678981K(1285120K), 0.0058119 secs] [Times: user=0.01 sys=0.00, real=0.01 secs] 
2921.797: [GC (Allocation Failure) [PSYoungGen: 270994K->183819K(465920K)] 911941K->826019K(1285120K), 0.0205282 secs] [Times: user=0.03 sys=0.00, real=0.02 secs] 
2922.087: [GC (Allocation Failure) [PSYoungGen: 416779K->184655K(465920K)] 1058979K->827128K(1285120K), 0.0207131 secs] [Times: user=0.03 sys=0.00, real=0.02 secs] 
2922.913: [GC (Allocation Failure) [PSYoungGen: 410082K->92255K(465920K)] 1052555K->734993K(1285120K), 0.0125058 secs] [Times: user=0.03 sys=0.00, real=0.01 secs] 
2923.833: [GC (Allocation Failure) [PSYoungGen: 325215K->37874K(465920K)] 967953K->680925K(1285120K), 0.0066215 secs] [Times: user=0.02 sys=0.00, real=0.01 secs] 
2924.108: [GC (Allocation Failure) [PSYoungGen: 270834K->184173K(465920K)] 913885K->828478K(1285120K), 0.0203023 secs] [Times: user=0.03 sys=0.00, real=0.02 secs] 
2924.450: [GC (Allocation Failure) [PSYoungGen: 417133K->184944K(465920K)] 1061438K->829530K(1285120K), 0.0203850 secs] [Times: user=0.03 sys=0.00, real=0.02 secs] 
2925.482: [GC (Allocation Failure) [PSYoungGen: 408086K->91741K(465920K)] 1052672K->736600K(1285120K), 0.0133231 secs] [Times: user=0.03 sys=0.00, real=0.01 secs] 
2927.696: [GC (Allocation Failure) [PSYoungGen: 324701K->37363K(465920K)] 969560K->682538K(1285120K), 0.0076172 secs] [Times: user=0.01 sys=0.00, real=0.00 secs] 
2928.009: [GC (Allocation Failure) [PSYoungGen: 270323K->184590K(465920K)] 915498K->831019K(1285120K), 0.0204335 secs] [Times: user=0.03 sys=0.00, real=0.02 secs] 
2928.292: [GC (Allocation Failure) [PSYoungGen: 417550K->184301K(465920K)] 1063979K->831011K(1285120K), 0.0203312 secs] [Times: user=0.03 sys=0.00, real=0.02 secs] 
2929.104: [GC (Allocation Failure) [PSYoungGen: 409178K->92464K(465920K)] 1055887K->739438K(1285120K), 0.0109721 secs] [Times: user=0.02 sys=0.00, real=0.01 secs] 
2930.682: [GC (Allocation Failure) [PSYoungGen: 325424K->37748K(465920K)] 972398K->685029K(1285120K), 0.0071482 secs] [Times: user=0.02 sys=0.00, real=0.01 secs] 
2930.983: [GC (Allocation Failure) [PSYoungGen: 270708K->184430K(465920K)] 917989K->833084K(1285120K), 0.0204360 secs] [Times: user=0.03 sys=0.00, real=0.02 secs] 
2931.266: [GC (Allocation Failure) [PSYoungGen: 417390K->184558K(465920K)] 1066044K->833357K(1285120K), 0.0204699 secs] [Times: user=0.03 sys=0.00, real=0.02 secs] 
2932.778: [GC (Allocation Failure) [PSYoungGen: 407615K->92014K(465920K)] 1056414K->741078K(1285120K), 0.0252448 secs] [Times: user=0.06 sys=0.00, real=0.02 secs] 
2934.358: [GC (Allocation Failure) [PSYoungGen: 324974K->37906K(465920K)] 974038K->687284K(1285120K), 0.0078579 secs] [Times: user=0.02 sys=0.00, real=0.00 secs] 
2934.714: [GC (Allocation Failure) [PSYoungGen: 270866K->184462K(465920K)] 920244K->835093K(1285120K), 0.0204606 secs] [Times: user=0.02 sys=0.00, real=0.02 secs] 
2934.996: [GC (Allocation Failure) [PSYoungGen: 417422K->184301K(465920K)] 1068053K->835206K(1285120K), 0.0206497 secs] [Times: user=0.02 sys=0.00, real=0.03 secs] 
2937.097: [GC (Allocation Failure) [PSYoungGen: 409349K->92094K(465920K)] 1060254K->743392K(1285120K), 0.0191844 secs] [Times: user=0.04 sys=0.00, real=0.02 secs] 
2938.637: [GC (Allocation Failure) [PSYoungGen: 325054K->37745K(465920K)] 976352K->689239K(1285120K), 0.0078492 secs] [Times: user=0.02 sys=0.00, real=0.00 secs] 
2938.957: [GC (Allocation Failure) [PSYoungGen: 270705K->184173K(465920K)] 922199K->836912K(1285120K), 0.0203742 secs] [Times: user=0.03 sys=0.00, real=0.02 secs] 
2939.245: [GC (Allocation Failure) [PSYoungGen: 417133K->184526K(465920K)] 1069872K->837675K(1285120K), 0.0204429 secs] [Times: user=0.03 sys=0.00, real=0.02 secs] 
2940.059: [GC (Allocation Failure) [PSYoungGen: 409706K->92255K(465920K)] 1062855K->745540K(1285120K), 0.0123647 secs] [Times: user=0.02 sys=0.00, real=0.01 secs] 
2940.866: [GC (Allocation Failure) [PSYoungGen: 325215K->38163K(465920K)] 978500K->691766K(1285120K), 0.0057537 secs] [Times: user=0.01 sys=0.00, real=0.01 secs] 
2941.134: [GC (Allocation Failure) [PSYoungGen: 271123K->184558K(465920K)] 924726K->839406K(1285120K), 0.0203826 secs] [Times: user=0.03 sys=0.00, real=0.02 secs] 
2941.471: [GC (Allocation Failure) [PSYoungGen: 417518K->184847K(465920K)] 1072366K->839969K(1285120K), 0.0205263 secs] [Times: user=0.03 sys=0.00, real=0.02 secs] 
2942.573: [GC (Allocation Failure) [PSYoungGen: 407270K->91194K(465920K)] 1062391K->746581K(1285120K), 0.0195416 secs] [Times: user=0.04 sys=0.00, real=0.02 secs] 
2944.632: [GC (Allocation Failure) [PSYoungGen: 324154K->37491K(465920K)] 979541K->693185K(1285120K), 0.0086559 secs] [Times: user=0.02 sys=0.00, real=0.01 secs] 
2944.955: [GC (Allocation Failure) [PSYoungGen: 270451K->184333K(465920K)] 926145K->841281K(1285120K), 0.0204010 secs] [Times: user=0.03 sys=0.00, real=0.02 secs] 
2945.245: [GC (Allocation Failure) [PSYoungGen: 417293K->184558K(465920K)] 1074241K->841787K(1285120K), 0.0207845 secs] [Times: user=0.02 sys=0.00, real=0.02 secs] 
2945.917: [GC (Allocation Failure) [PSYoungGen: 409731K->92367K(465920K)] 1066960K->749861K(1285120K), 0.0128557 secs] [Times: user=0.03 sys=0.00, real=0.01 secs] 
2946.804: [GC (Allocation Failure) [PSYoungGen: 325327K->38034K(465920K)] 982821K->695834K(1285120K), 0.0058319 secs] [Times: user=0.01 sys=0.00, real=0.01 secs] 
2947.073: [GC (Allocation Failure) [PSYoungGen: 270994K->184815K(465920K)] 928794K->843868K(1285120K), 0.0206146 secs] [Times: user=0.03 sys=0.00, real=0.02 secs] 
2947.411: [GC (Allocation Failure) [PSYoungGen: 417775K->184687K(465920K)] 1076828K->844141K(1285120K), 0.0208754 secs] [Times: user=0.03 sys=0.00, real=0.02 secs] 
2948.438: [GC (Allocation Failure) [PSYoungGen: 407114K->91258K(465920K)] 1066569K->750850K(1285120K), 0.0123418 secs] [Times: user=0.03 sys=0.00, real=0.01 secs] 
2950.008: [GC (Allocation Failure) [PSYoungGen: 324218K->37520K(465920K)] 983810K->697411K(1285120K), 0.0066112 secs] [Times: user=0.02 sys=0.00, real=0.00 secs] 
2950.287: [GC (Allocation Failure) [PSYoungGen: 270480K->184719K(465920K)] 930371K->845863K(1285120K), 0.0204326 secs] [Times: user=0.02 sys=0.00, real=0.02 secs] 
2950.572: [GC (Allocation Failure) [PSYoungGen: 417679K->184719K(465920K)] 1078823K->846144K(1285120K), 0.0204740 secs] [Times: user=0.02 sys=0.00, real=0.02 secs] 
2952.483: [GC (Allocation Failure) [PSYoungGen: 407277K->91853K(465920K)] 1068703K->753544K(1285120K), 0.0206858 secs] [Times: user=0.04 sys=0.00, real=0.02 secs] 
2954.506: [GC (Allocation Failure) [PSYoungGen: 324813K->37748K(465920K)] 986504K->699740K(1285120K), 0.0081327 secs] [Times: user=0.02 sys=0.00, real=0.01 secs] 
2954.822: [GC (Allocation Failure) [PSYoungGen: 270708K->183658K(465920K)] 932700K->846896K(1285120K), 0.0205564 secs] [Times: user=0.03 sys=0.00, real=0.02 secs] 
2955.163: [GC (Allocation Failure) [PSYoungGen: 416618K->184558K(465920K)] 1079856K->848069K(1285120K), 0.0203266 secs] [Times: user=0.02 sys=0.00, real=0.02 secs] 
2955.868: [GC (Allocation Failure) [PSYoungGen: 408514K->92753K(465920K)] 1072025K->756529K(1285120K), 0.0124281 secs] [Times: user=0.02 sys=0.00, real=0.01 secs] 
2956.666: [GC (Allocation Failure) [PSYoungGen: 325713K->37906K(465920K)] 989489K->701990K(1285120K), 0.0057233 secs] [Times: user=0.02 sys=0.00, real=0.01 secs] 
2956.937: [GC (Allocation Failure) [PSYoungGen: 270866K->184944K(465920K)] 934950K->850273K(1285120K), 0.0206642 secs] [Times: user=0.02 sys=0.00, real=0.02 secs] 
2957.225: [GC (Allocation Failure) [PSYoungGen: 417904K->184301K(465920K)] 1083233K->849912K(1285120K), 0.0204681 secs] [Times: user=0.03 sys=0.00, real=0.02 secs] 
2957.906: [GC (Allocation Failure) [PSYoungGen: 407152K->91532K(465920K)] 1072762K->757536K(1285120K), 0.0116425 secs] [Times: user=0.03 sys=0.00, real=0.02 secs] 
2958.874: [GC (Allocation Failure) [PSYoungGen: 324492K->38034K(465920K)] 990496K->704220K(1285120K), 0.0067650 secs] [Times: user=0.02 sys=0.00, real=0.01 secs] 
2959.156: [GC (Allocation Failure) [PSYoungGen: 270994K->184719K(465920K)] 937180K->852150K(1285120K), 0.0206117 secs] [Times: user=0.03 sys=0.00, real=0.03 secs] 
2959.445: [GC (Allocation Failure) [PSYoungGen: 417679K->184687K(465920K)] 1085110K->852527K(1285120K), 0.0206721 secs] [Times: user=0.03 sys=0.00, real=0.02 secs] 
2960.673: [GC (Allocation Failure) [PSYoungGen: 407133K->91371K(465920K)] 1074973K->759477K(1285120K), 0.0269115 secs] [Times: user=0.05 sys=0.01, real=0.03 secs] 
2963.150: [GC (Allocation Failure) [PSYoungGen: 324331K->37777K(465920K)] 992437K->706056K(1285120K), 0.0086705 secs] [Times: user=0.03 sys=0.00, real=0.01 secs] 
2963.476: [GC (Allocation Failure) [PSYoungGen: 270737K->184687K(465920K)] 939016K->854340K(1285120K), 0.0206162 secs] [Times: user=0.03 sys=0.00, real=0.03 secs] 
2963.822: [GC (Allocation Failure) [PSYoungGen: 417647K->184655K(465920K)] 1087300K->854460K(1285120K), 0.0206253 secs] [Times: user=0.03 sys=0.00, real=0.02 secs] 
2965.331: [GC (Allocation Failure) [PSYoungGen: 407242K->91612K(465920K)] 1077047K->761683K(1285120K), 0.0147287 secs] [Times: user=0.03 sys=0.00, real=0.02 secs] 
2966.879: [GC (Allocation Failure) [PSYoungGen: 324572K->37906K(465920K)] 994643K->708286K(1285120K), 0.0076956 secs] [Times: user=0.02 sys=0.00, real=0.01 secs] 
2967.190: [GC (Allocation Failure) [PSYoungGen: 270866K->184719K(465920K)] 941246K->856473K(1285120K), 0.0205353 secs] [Times: user=0.03 sys=0.00, real=0.02 secs] 
2967.535: [GC (Allocation Failure) [PSYoungGen: 417679K->184687K(465920K)] 1089433K->856586K(1285120K), 0.0206388 secs] [Times: user=0.03 sys=0.00, real=0.02 secs] 
2968.287: [GC (Allocation Failure) [PSYoungGen: 407247K->91499K(465920K)] 1079146K->763664K(1285120K), 0.0123160 secs] [Times: user=0.02 sys=0.00, real=0.01 secs] 
2969.195: [GC (Allocation Failure) [PSYoungGen: 324459K->38034K(465920K)] 996624K->710506K(1285120K), 0.0063422 secs] [Times: user=0.02 sys=0.00, real=0.01 secs] 
2969.464: [GC (Allocation Failure) [PSYoungGen: 270994K->183948K(465920K)] 943466K->857665K(1285120K), 0.0205688 secs] [Times: user=0.02 sys=0.00, real=0.02 secs] 
2969.748: [GC (Allocation Failure) [PSYoungGen: 416908K->184398K(465920K)] 1090625K->858396K(1285120K), 0.0204650 secs] [Times: user=0.03 sys=0.00, real=0.02 secs] 
2971.884: [GC (Allocation Failure) [PSYoungGen: 408095K->92335K(465920K)] 1082093K->766599K(1285120K), 0.0211576 secs] [Times: user=0.05 sys=0.00, real=0.02 secs] 
2973.858: [GC (Allocation Failure) [PSYoungGen: 325295K->37906K(465920K)] 999559K->712475K(1285120K), 0.0072930 secs] [Times: user=0.02 sys=0.00, real=0.00 secs] 
2974.160: [GC (Allocation Failure) [PSYoungGen: 270866K->184462K(465920K)] 945435K->860276K(1285120K), 0.0205715 secs] [Times: user=0.03 sys=0.01, real=0.02 secs] 
2974.510: [GC (Allocation Failure) [PSYoungGen: 417422K->184590K(465920K)] 1093236K->860694K(1285120K), 0.0205674 secs] [Times: user=0.03 sys=0.00, real=0.02 secs] 
2975.909: [GC (Allocation Failure) [PSYoungGen: 407133K->91837K(465920K)] 1083237K->768206K(1285120K), 0.0260765 secs] [Times: user=0.05 sys=0.00, real=0.02 secs] 
2977.833: [GC (Allocation Failure) [PSYoungGen: 324797K->37777K(465920K)] 1001166K->714452K(1285120K), 0.0078443 secs] [Times: user=0.02 sys=0.00, real=0.01 secs] 
2978.139: [GC (Allocation Failure) [PSYoungGen: 270737K->184462K(465920K)] 947412K->862510K(1285120K), 0.0206550 secs] [Times: user=0.03 sys=0.00, real=0.02 secs] 
2978.427: [GC (Allocation Failure) [PSYoungGen: 417422K->184526K(465920K)] 1095470K->862719K(1285120K), 0.0207235 secs] [Times: user=0.03 sys=0.00, real=0.02 secs] 
2979.132: [GC (Allocation Failure) [PSYoungGen: 407583K->92030K(465920K)] 1085776K->770488K(1285120K), 0.0119733 secs] [Times: user=0.02 sys=0.00, real=0.01 secs] 
2980.611: [GC (Allocation Failure) [PSYoungGen: 324990K->37491K(465920K)] 1003448K->716249K(1285120K), 0.0056815 secs] [Times: user=0.02 sys=0.00, real=0.01 secs] 
2980.881: [GC (Allocation Failure) [PSYoungGen: 270451K->184430K(465920K)] 949209K->864570K(1285120K), 0.0204984 secs] [Times: user=0.02 sys=0.00, real=0.02 secs] 
2981.165: [GC (Allocation Failure) [PSYoungGen: 417390K->184590K(465920K)] 1097530K->864875K(1285120K), 0.0205058 secs] [Times: user=0.03 sys=0.00, real=0.02 secs] 
2981.814: [GC (Allocation Failure) [PSYoungGen: 408162K->92255K(465920K)] 1088447K->772813K(1285120K), 0.0113544 secs] [Times: user=0.03 sys=0.00, real=0.01 secs] 
2983.060: [GC (Allocation Failure) [PSYoungGen: 325215K->37620K(465920K)] 1005773K->718496K(1285120K), 0.0058112 secs] [Times: user=0.01 sys=0.00, real=0.01 secs] 
2983.333: [GC (Allocation Failure) [PSYoungGen: 270580K->184815K(465920K)] 951456K->866945K(1285120K), 0.0204320 secs] [Times: user=0.03 sys=0.00, real=0.02 secs] 
2983.616: [GC (Allocation Failure) [PSYoungGen: 417775K->183755K(465920K)] 1099905K->866158K(1285120K), 0.0203606 secs] [Times: user=0.03 sys=0.00, real=0.02 secs] 
2984.261: [GC (Allocation Failure) [PSYoungGen: 409317K->92512K(465920K)] 1091720K->775180K(1285120K), 0.0116633 secs] [Times: user=0.02 sys=0.00, real=0.01 secs] 
2985.070: [GC (Allocation Failure) [PSYoungGen: 325472K->38005K(465920K)] 1008140K->720997K(1285120K), 0.0058082 secs] [Times: user=0.01 sys=0.00, real=0.00 secs] 
2985.397: [GC (Allocation Failure) [PSYoungGen: 270965K->184462K(465920K)] 953957K->868699K(1285120K), 0.0206228 secs] [Times: user=0.03 sys=0.00, real=0.02 secs] 
2985.687: [GC (Allocation Failure) [PSYoungGen: 417422K->184783K(465920K)] 1101659K->869293K(1285120K), 0.0205292 secs] [Times: user=0.03 sys=0.00, real=0.02 secs] 
2987.391: [GC (Allocation Failure) [PSYoungGen: 407199K->91467K(465920K)] 1091710K->776371K(1285120K), 0.0274453 secs] [Times: user=0.05 sys=0.00, real=0.03 secs] 
2989.705: [GC (Allocation Failure) [PSYoungGen: 324427K->37906K(465920K)] 1009331K->723003K(1285120K), 0.0077266 secs] [Times: user=0.02 sys=0.00, real=0.01 secs] 
2990.014: [GC (Allocation Failure) [PSYoungGen: 270866K->184687K(465920K)] 955963K->871037K(1285120K), 0.0205478 secs] [Times: user=0.03 sys=0.00, real=0.02 secs] 
2990.298: [GC (Allocation Failure) [PSYoungGen: 417647K->184719K(465920K)] 1103997K->871342K(1285120K), 0.0204271 secs] [Times: user=0.03 sys=0.00, real=0.02 secs] 
2991.302: [GC (Allocation Failure) [PSYoungGen: 407271K->91467K(465920K)] 1093895K->778356K(1285120K), 0.0123278 secs] [Times: user=0.02 sys=0.00, real=0.01 secs] 
2992.745: [GC (Allocation Failure) [PSYoungGen: 324427K->37649K(465920K)] 1011316K->724848K(1285120K), 0.0065856 secs] [Times: user=0.01 sys=0.00, real=0.01 secs] 
2993.024: [GC (Allocation Failure) [PSYoungGen: 270609K->184719K(465920K)] 957808K->873171K(1285120K), 0.0205341 secs] [Times: user=0.03 sys=0.00, real=0.02 secs] 
2993.308: [GC (Allocation Failure) [PSYoungGen: 417679K->184687K(465920K)] 1106131K->873420K(1285120K), 0.0205152 secs] [Times: user=0.03 sys=0.00, real=0.02 secs] 
2994.909: [GC (Allocation Failure) [PSYoungGen: 407529K->91757K(465920K)] 1096263K->780755K(1285120K), 0.0244794 secs] [Times: user=0.05 sys=0.00, real=0.02 secs] 
2996.717: [GC (Allocation Failure) [PSYoungGen: 324717K->37906K(465920K)] 1013715K->727220K(1285120K), 0.0072365 secs] [Times: user=0.01 sys=0.00, real=0.00 secs] 
2997.021: [GC (Allocation Failure) [PSYoungGen: 270866K->184687K(465920K)] 960180K->875375K(1285120K), 0.0207309 secs] [Times: user=0.03 sys=0.00, real=0.02 secs] 
2997.306: [GC (Allocation Failure) [PSYoungGen: 417647K->184719K(465920K)] 1108335K->875560K(1285120K), 0.0205838 secs] [Times: user=0.03 sys=0.00, real=0.03 secs] 
2999.155: [GC (Allocation Failure) [PSYoungGen: 407278K->91452K(465920K)] 1098119K->782558K(1285120K), 0.0279268 secs] [Times: user=0.07 sys=0.00, real=0.03 secs] 
3001.345: [GC (Allocation Failure) [PSYoungGen: 324412K->37877K(465920K)] 1015518K->729293K(1285120K), 0.0072965 secs] [Times: user=0.02 sys=0.00, real=0.01 secs] 
3001.644: [GC (Allocation Failure) [PSYoungGen: 270837K->183851K(465920K)] 962253K->876521K(1285120K), 0.0206629 secs] [Times: user=0.03 sys=0.00, real=0.02 secs] 
3001.928: [GC (Allocation Failure) [PSYoungGen: 416811K->184462K(465920K)] 1109481K->877405K(1285120K), 0.0205254 secs] [Times: user=0.03 sys=0.00, real=0.02 secs] 
3002.921: [GC (Allocation Failure) [PSYoungGen: 409821K->92640K(465920K)] 1102764K->785848K(1285120K), 0.0175227 secs] [Times: user=0.04 sys=0.00, real=0.02 secs] 
3004.675: [GC (Allocation Failure) [PSYoungGen: 325600K->37906K(465920K)] 1018808K->731428K(1285120K), 0.0072755 secs] [Times: user=0.02 sys=0.00, real=0.01 secs] 
3005.044: [GC (Allocation Failure) [PSYoungGen: 270866K->184687K(465920K)] 964388K->879454K(1285120K), 0.0205227 secs] [Times: user=0.02 sys=0.00, real=0.02 secs] 
3005.328: [GC (Allocation Failure) [PSYoungGen: 417647K->184719K(465920K)] 1112414K->879888K(1285120K), 0.0202849 secs] [Times: user=0.03 sys=0.00, real=0.02 secs] 
3006.028: [GC (Allocation Failure) [PSYoungGen: 407155K->91420K(465920K)] 1102324K->786854K(1285120K), 0.0120195 secs] [Times: user=0.03 sys=0.00, real=0.01 secs] 
3007.877: [GC (Allocation Failure) [PSYoungGen: 324380K->37777K(465920K)] 1019814K->733382K(1285120K), 0.0070543 secs] [Times: user=0.02 sys=0.00, real=0.00 secs] 
3008.170: [GC (Allocation Failure) [PSYoungGen: 270737K->183916K(465920K)] 966342K->880766K(1285120K), 0.0206062 secs] [Times: user=0.03 sys=0.00, real=0.02 secs] 
3008.454: [GC (Allocation Failure) [PSYoungGen: 416876K->184430K(465920K)] 1113726K->881690K(1285120K), 0.0204702 secs] [Times: user=0.03 sys=0.00, real=0.02 secs] 
3009.510: [GC (Allocation Failure) [PSYoungGen: 409520K->92592K(465920K)] 1106780K->790118K(1285120K), 0.0125484 secs] [Times: user=0.03 sys=0.00, real=0.01 secs] 
3010.635: [GC (Allocation Failure) [PSYoungGen: 325552K->37877K(465920K)] 1023078K->735583K(1285120K), 0.0057799 secs] [Times: user=0.01 sys=0.00, real=0.01 secs] 
3010.966: [GC (Allocation Failure) [PSYoungGen: 270837K->184687K(465920K)] 968543K->883639K(1285120K), 0.0207251 secs] [Times: user=0.03 sys=0.00, real=0.03 secs] 
3011.250: [GC (Allocation Failure) [PSYoungGen: 417647K->184687K(465920K)] 1116599K->884048K(1285120K), 0.0207504 secs] [Times: user=0.03 sys=0.00, real=0.02 secs] 
3012.898: [GC (Allocation Failure) [PSYoungGen: 407128K->91484K(465920K)] 1106489K->791110K(1285120K), 0.0178925 secs] [Times: user=0.04 sys=0.00, real=0.01 secs] 
3014.191: [GC (Allocation Failure) [PSYoungGen: 324444K->37909K(465920K)] 1024070K->737721K(1285120K), 0.0070404 secs] [Times: user=0.02 sys=0.00, real=0.01 secs] 
3014.479: [GC (Allocation Failure) [PSYoungGen: 270869K->183787K(465920K)] 970681K->884845K(1285120K), 0.0204719 secs] [Times: user=0.03 sys=0.00, real=0.02 secs] 
3014.764: [GC (Allocation Failure) [PSYoungGen: 416747K->184430K(465920K)] 1117805K->885760K(1285120K), 0.0203807 secs] [Times: user=0.03 sys=0.00, real=0.02 secs] 
3016.805: [GC (Allocation Failure) [PSYoungGen: 409791K->92656K(465920K)] 1111122K->794252K(1285120K), 0.0194704 secs] [Times: user=0.05 sys=0.00, real=0.02 secs] 
3018.912: [GC (Allocation Failure) [PSYoungGen: 325616K->37491K(465920K)] 1027212K->739395K(1285120K), 0.0079825 secs] [Times: user=0.02 sys=0.00, real=0.01 secs] 
3019.226: [GC (Allocation Failure) [PSYoungGen: 270451K->184687K(465920K)] 972355K->887844K(1285120K), 0.0205154 secs] [Times: user=0.03 sys=0.00, real=0.02 secs] 
3019.511: [GC (Allocation Failure) [PSYoungGen: 417647K->184687K(465920K)] 1120804K->888254K(1285120K), 0.0204746 secs] [Times: user=0.03 sys=0.00, real=0.02 secs] 
3020.309: [GC (Allocation Failure) [PSYoungGen: 409685K->91853K(465920K)] 1113252K->795685K(1285120K), 0.0116780 secs] [Times: user=0.03 sys=0.00, real=0.01 secs] 
3021.661: [GC (Allocation Failure) [PSYoungGen: 324813K->37620K(465920K)] 1028645K->741639K(1285120K), 0.0067902 secs] [Times: user=0.01 sys=0.00, real=0.01 secs] 
3021.942: [GC (Allocation Failure) [PSYoungGen: 270580K->184815K(465920K)] 974599K->890080K(1285120K), 0.0206081 secs] [Times: user=0.03 sys=0.00, real=0.02 secs] 
3022.283: [GC (Allocation Failure) [PSYoungGen: 417775K->184719K(465920K)] 1123040K->890265K(1285120K), 0.0205547 secs] [Times: user=0.03 sys=0.00, real=0.02 secs] 
3024.224: [GC (Allocation Failure) [PSYoungGen: 407208K->91596K(465920K)] 1112754K->797407K(1285120K), 0.0150573 secs] [Times: user=0.03 sys=0.00, real=0.02 secs] 
3025.931: [GC (Allocation Failure) [PSYoungGen: 324556K->37620K(465920K)] 1030367K->743746K(1285120K), 0.0072729 secs] [Times: user=0.02 sys=0.00, real=0.01 secs] 
3026.228: [GC (Allocation Failure) [PSYoungGen: 270580K->184430K(465920K)] 976706K->891802K(1285120K), 0.0205299 secs] [Times: user=0.02 sys=0.00, real=0.02 secs] 
3026.512: [GC (Allocation Failure) [PSYoungGen: 417390K->184301K(465920K)] 1124762K->891954K(1285120K), 0.0204249 secs] [Times: user=0.02 sys=0.00, real=0.02 secs] 
3027.733: [GC (Allocation Failure) [PSYoungGen: 409348K->92351K(465920K)] 1117001K->800398K(1285120K), 0.0136973 secs] [Times: user=0.03 sys=0.00, real=0.02 secs] 
3029.404: [GC (Allocation Failure) [PSYoungGen: 325311K->37745K(465920K)] 1033358K->745971K(1285120K), 0.0066242 secs] [Times: user=0.02 sys=0.00, real=0.01 secs] 
3029.689: [GC (Allocation Failure) [PSYoungGen: 270705K->184687K(465920K)] 978931K->894158K(1285120K), 0.0205295 secs] [Times: user=0.03 sys=0.00, real=0.02 secs] 
3029.973: [GC (Allocation Failure) [PSYoungGen: 417647K->184687K(465920K)] 1127118K->894439K(1285120K), 0.0204854 secs] [Times: user=0.02 sys=0.00, real=0.02 secs] 
3031.771: [GC (Allocation Failure) [PSYoungGen: 407246K->91580K(465920K)] 1116999K->801598K(1285120K), 0.0173027 secs] [Times: user=0.03 sys=0.00, real=0.02 secs] 
3033.415: [GC (Allocation Failure) [PSYoungGen: 324540K->37748K(465920K)] 1034558K->748082K(1285120K), 0.0073848 secs] [Times: user=0.01 sys=0.00, real=0.01 secs] 
3033.718: [GC (Allocation Failure) [PSYoungGen: 270708K->183787K(465920K)] 981042K->895374K(1285120K), 0.0206929 secs] [Times: user=0.03 sys=0.00, real=0.02 secs] 
3034.007: [GC (Allocation Failure) [PSYoungGen: 416747K->184398K(465920K)] 1128334K->896266K(1285120K), 0.0206810 secs] [Times: user=0.03 sys=0.00, real=0.02 secs] 
3035.473: [GC (Allocation Failure) [PSYoungGen: 409531K->92753K(465920K)] 1121399K->805022K(1285120K), 0.0203992 secs] [Times: user=0.04 sys=0.00, real=0.02 secs] 
3036.849: [GC (Allocation Failure) [PSYoungGen: 325713K->38005K(465920K)] 1037982K->750468K(1285120K), 0.0067046 secs] [Times: user=0.02 sys=0.00, real=0.00 secs] 
3037.128: [GC (Allocation Failure) [PSYoungGen: 270965K->184687K(465920K)] 983428K->898395K(1285120K), 0.0208422 secs] [Times: user=0.03 sys=0.00, real=0.02 secs] 
3037.412: [GC (Allocation Failure) [PSYoungGen: 417647K->184655K(465920K)] 1131355K->898773K(1285120K), 0.0206210 secs] [Times: user=0.03 sys=0.00, real=0.02 secs] 
3039.583: [GC (Allocation Failure) [PSYoungGen: 407094K->91339K(465920K)] 1121212K->805722K(1285120K), 0.0283198 secs] [Times: user=0.07 sys=0.00, real=0.03 secs] 
3042.293: [GC (Allocation Failure) [PSYoungGen: 324299K->37748K(465920K)] 1038682K->752308K(1285120K), 0.0080985 secs] [Times: user=0.02 sys=0.00, real=0.01 secs] 
3042.680: [GC (Allocation Failure) [PSYoungGen: 270708K->183690K(465920K)] 985268K->899496K(1285120K), 0.0211015 secs] [Times: user=0.03 sys=0.00, real=0.02 secs] 
3043.018: [GC (Allocation Failure) [PSYoungGen: 416650K->184526K(465920K)] 1132456K->900613K(1285120K), 0.0204733 secs] [Times: user=0.03 sys=0.00, real=0.02 secs] 
3044.168: [GC (Allocation Failure) [PSYoungGen: 408501K->92801K(465920K)] 1124588K->809153K(1285120K), 0.0163528 secs] [Times: user=0.03 sys=0.00, real=0.01 secs] 
3045.726: [GC (Allocation Failure) [PSYoungGen: 325761K->37777K(465920K)] 1042113K->754445K(1285120K), 0.0068924 secs] [Times: user=0.02 sys=0.00, real=0.00 secs] 
3046.010: [GC (Allocation Failure) [PSYoungGen: 270737K->184430K(465920K)] 987405K->902351K(1285120K), 0.0205796 secs] [Times: user=0.03 sys=0.00, real=0.02 secs] 
3046.294: [GC (Allocation Failure) [PSYoungGen: 417390K->184558K(465920K)] 1135311K->902752K(1285120K), 0.0204464 secs] [Times: user=0.03 sys=0.00, real=0.02 secs] 
3047.274: [GC (Allocation Failure) [PSYoungGen: 407631K->92030K(465920K)] 1125826K->810489K(1285120K), 0.0124747 secs] [Times: user=0.03 sys=0.01, real=0.02 secs] 
3048.173: [GC (Allocation Failure) [PSYoungGen: 324990K->37877K(465920K)] 1043449K->756660K(1285120K), 0.0070882 secs] [Times: user=0.01 sys=0.00, real=0.01 secs] 
3048.518: [GC (Allocation Failure) [PSYoungGen: 270837K->184430K(465920K)] 989620K->904466K(1285120K), 0.0206339 secs] [Times: user=0.03 sys=0.00, real=0.02 secs] 
3048.804: [GC (Allocation Failure) [PSYoungGen: 417390K->184558K(465920K)] 1137426K->904876K(1285120K), 0.0206500 secs] [Times: user=0.02 sys=0.00, real=0.02 secs] 
3050.091: [GC (Allocation Failure) [PSYoungGen: 407103K->91869K(465920K)] 1127421K->812452K(1285120K), 0.0205548 secs] [Times: user=0.05 sys=0.00, real=0.02 secs] 
3051.318: [GC (Allocation Failure) [PSYoungGen: 324829K->38005K(465920K)] 1045412K->758904K(1285120K), 0.0059756 secs] [Times: user=0.02 sys=0.00, real=0.00 secs] 
3051.650: [GC (Allocation Failure) [PSYoungGen: 270965K->184430K(465920K)] 991864K->906574K(1285120K), 0.0207677 secs] [Times: user=0.03 sys=0.00, real=0.02 secs] 
3051.932: [GC (Allocation Failure) [PSYoungGen: 417390K->184269K(465920K)] 1139534K->906694K(1285120K), 0.0205660 secs] [Times: user=0.02 sys=0.00, real=0.02 secs] 
3052.561: [GC (Allocation Failure) [PSYoungGen: 409317K->91998K(465920K)] 1131742K->814816K(1285120K), 0.0123472 secs] [Times: user=0.02 sys=0.00, real=0.01 secs] 
3053.420: [GC (Allocation Failure) [PSYoungGen: 324958K->38034K(465920K)] 1047776K->761032K(1285120K), 0.0060369 secs] [Times: user=0.01 sys=0.00, real=0.00 secs] 
3053.690: [GC (Allocation Failure) [PSYoungGen: 270994K->184847K(465920K)] 993992K->909099K(1285120K), 0.0205950 secs] [Times: user=0.03 sys=0.00, real=0.02 secs] 
3053.974: [GC (Allocation Failure) [PSYoungGen: 417807K->184655K(465920K)] 1142059K->909179K(1285120K), 0.0207007 secs] [Times: user=0.03 sys=0.00, real=0.02 secs] 
3054.608: [GC (Allocation Failure) [PSYoungGen: 406639K->91226K(465920K)] 1131163K->816016K(1285120K), 0.0110937 secs] [Times: user=0.03 sys=0.00, real=0.01 secs] 
3055.425: [GC (Allocation Failure) [PSYoungGen: 324186K->37877K(465920K)] 1048976K->762964K(1285120K), 0.0058278 secs] [Times: user=0.01 sys=0.00, real=0.01 secs] 
3055.694: [GC (Allocation Failure) [PSYoungGen: 270837K->183690K(465920K)] 995924K->910023K(1285120K), 0.0205345 secs] [Times: user=0.03 sys=0.00, real=0.02 secs] 
3055.978: [GC (Allocation Failure) [PSYoungGen: 416650K->184398K(465920K)] 1142983K->911004K(1285120K), 0.0205057 secs] [Times: user=0.03 sys=0.00, real=0.02 secs] 
3057.498: [GC (Allocation Failure) [PSYoungGen: 408440K->92737K(465920K)] 1135046K->819608K(1285120K), 0.0117125 secs] [Times: user=0.03 sys=0.00, real=0.01 secs] 
3059.471: [GC (Allocation Failure) [PSYoungGen: 325697K->37135K(465920K)] 1052568K->764329K(1285120K), 0.0068454 secs] [Times: user=0.01 sys=0.00, real=0.01 secs] 
3059.753: [GC (Allocation Failure) [PSYoungGen: 270095K->184430K(465920K)] 997289K->912870K(1285120K), 0.0206740 secs] [Times: user=0.03 sys=0.00, real=0.02 secs] 
3060.037: [GC (Allocation Failure) [PSYoungGen: 417390K->184558K(465920K)] 1145830K->913408K(1285120K), 0.0207645 secs] [Times: user=0.03 sys=0.00, real=0.02 secs] 
3061.849: [GC (Allocation Failure) [PSYoungGen: 409836K->92608K(465920K)] 1138685K->821595K(1285120K), 0.0119025 secs] [Times: user=0.02 sys=0.00, real=0.01 secs] 
3063.439: [GC (Allocation Failure) [PSYoungGen: 325568K->37363K(465920K)] 1054555K->766665K(1285120K), 0.0058400 secs] [Times: user=0.01 sys=0.00, real=0.00 secs] 
3063.769: [GC (Allocation Failure) [PSYoungGen: 270323K->184719K(465920K)] 999625K->915274K(1285120K), 0.0205776 secs] [Times: user=0.03 sys=0.00, real=0.02 secs] 
3064.107: [GC (Allocation Failure) [PSYoungGen: 417679K->184655K(465920K)] 1148234K->915483K(1285120K), 0.0207359 secs] [Times: user=0.03 sys=0.00, real=0.02 secs] 
3064.870: [GC (Allocation Failure) [PSYoungGen: 405203K->91966K(465920K)] 1136032K->823067K(1285120K), 0.0121862 secs] [Times: user=0.02 sys=0.00, real=0.01 secs] 
3066.353: [GC (Allocation Failure) [PSYoungGen: 324926K->37649K(465920K)] 1056027K->769064K(1285120K), 0.0099203 secs] [Times: user=0.03 sys=0.00, real=0.01 secs] 
3066.710: [GC (Allocation Failure) [PSYoungGen: 270609K->184687K(465920K)] 1002024K->917348K(1285120K), 0.0206844 secs] [Times: user=0.03 sys=0.00, real=0.02 secs] 
3066.993: [GC (Allocation Failure) [PSYoungGen: 417647K->184044K(465920K)] 1150308K->916986K(1285120K), 0.0206820 secs] [Times: user=0.03 sys=0.00, real=0.02 secs] 
3067.617: [GC (Allocation Failure) [PSYoungGen: 408021K->92351K(465920K)] 1140963K->825558K(1285120K), 0.0129176 secs] [Times: user=0.02 sys=0.01, real=0.01 secs] 
3068.418: [GC (Allocation Failure) [PSYoungGen: 325311K->37877K(465920K)] 1058518K->771392K(1285120K), 0.0058036 secs] [Times: user=0.01 sys=0.00, real=0.00 secs] 
3068.688: [GC (Allocation Failure) [PSYoungGen: 270837K->183819K(465920K)] 1004352K->918588K(1285120K), 0.0207000 secs] [Times: user=0.02 sys=0.00, real=0.02 secs] 
3068.972: [GC (Allocation Failure) [PSYoungGen: 416779K->184269K(465920K)] 1151548K->919319K(1285120K), 0.0204483 secs] [Times: user=0.03 sys=0.00, real=0.02 secs] 
3070.429: [GC (Allocation Failure) [PSYoungGen: 408156K->92753K(465920K)] 1143205K->828067K(1285120K), 0.0137559 secs] [Times: user=0.03 sys=0.00, real=0.01 secs] 
3071.822: [GC (Allocation Failure) [PSYoungGen: 325713K->37620K(465920K)] 1061027K->773256K(1285120K), 0.0060202 secs] [Times: user=0.01 sys=0.00, real=0.01 secs] 
3072.091: [GC (Allocation Failure) [PSYoungGen: 270580K->184558K(465920K)] 1006216K->921440K(1285120K), 0.0207419 secs] [Times: user=0.03 sys=0.00, real=0.02 secs] 
3072.436: [GC (Allocation Failure) [PSYoungGen: 417518K->186357K(465920K)] 1154400K->923649K(1285120K), 0.0209202 secs] [Times: user=0.03 sys=0.00, real=0.03 secs] 
3074.629: [GC (Allocation Failure) [PSYoungGen: 408323K->90198K(465920K)] 1145615K->827626K(1285120K), 0.0245690 secs] [Times: user=0.06 sys=0.00, real=0.02 secs] 
3076.927: [GC (Allocation Failure) [PSYoungGen: 323158K->37877K(465920K)] 1060586K->775618K(1285120K), 0.0078239 secs] [Times: user=0.02 sys=0.00, real=0.00 secs] 
3077.235: [GC (Allocation Failure) [PSYoungGen: 270837K->184719K(465920K)] 1008578K->923714K(1285120K), 0.0205993 secs] [Times: user=0.02 sys=0.00, real=0.02 secs] 
3077.523: [GC (Allocation Failure) [PSYoungGen: 417679K->184173K(465920K)] 1156674K->923449K(1285120K), 0.0205452 secs] [Times: user=0.02 sys=0.00, real=0.02 secs] 
3079.112: [GC (Allocation Failure) [PSYoungGen: 409388K->91982K(465920K)] 1148664K->831652K(1285120K), 0.0165353 secs] [Times: user=0.03 sys=0.00, real=0.02 secs] 
3080.668: [GC (Allocation Failure) [PSYoungGen: 324942K->37877K(465920K)] 1064612K->777716K(1285120K), 0.0071408 secs] [Times: user=0.02 sys=0.00, real=0.00 secs] 
3080.959: [GC (Allocation Failure) [PSYoungGen: 270837K->184687K(465920K)] 1010676K->925771K(1285120K), 0.0206181 secs] [Times: user=0.03 sys=0.00, real=0.02 secs] 
3081.243: [GC (Allocation Failure) [PSYoungGen: 417647K->184719K(465920K)] 1158731K->926213K(1285120K), 0.0205689 secs] [Times: user=0.03 sys=0.00, real=0.02 secs] 
3082.179: [GC (Allocation Failure) [PSYoungGen: 407165K->91484K(465920K)] 1148659K->833243K(1285120K), 0.0115296 secs] [Times: user=0.03 sys=0.00, real=0.01 secs] 
3084.155: [GC (Allocation Failure) [PSYoungGen: 324444K->37652K(465920K)] 1066203K->779582K(1285120K), 0.0077897 secs] [Times: user=0.02 sys=0.00, real=0.01 secs] 
3084.468: [GC (Allocation Failure) [PSYoungGen: 270612K->184719K(465920K)] 1012542K->928031K(1285120K), 0.0205341 secs] [Times: user=0.03 sys=0.00, real=0.02 secs] 
3084.749: [GC (GCLocker Initiated GC) [PSYoungGen: 417679K->182598K(465920K)] 1160991K->926056K(1285120K), 0.0203895 secs] [Times: user=0.03 sys=0.00, real=0.02 secs] 
3086.074: [GC (Allocation Failure) [PSYoungGen: 415558K->77333K(465920K)] 1175403K->837442K(1285120K), 0.0169801 secs] [Times: user=0.03 sys=0.00, real=0.02 secs] 
3087.490: [GC (Allocation Failure) [PSYoungGen: 310293K->58698K(465920K)] 1070402K->819029K(1285120K), 0.0089911 secs] [Times: user=0.01 sys=0.00, real=0.01 secs] 
3087.769: [GC (Allocation Failure) [PSYoungGen: 291658K->184301K(465920K)] 1051989K->945878K(1285120K), 0.0212435 secs] [Times: user=0.03 sys=0.00, real=0.02 secs] 
3088.057: [GC (Allocation Failure) [PSYoungGen: 417261K->184558K(465920K)] 1178838K->946408K(1285120K), 0.0207784 secs] [Times: user=0.03 sys=0.00, real=0.02 secs] 
3089.552: [GC (Allocation Failure) [PSYoungGen: 417518K->54745K(465920K)] 1179368K->816868K(1285120K), 0.0103739 secs] [Times: user=0.02 sys=0.00, real=0.01 secs] 
3090.812: [GC (Allocation Failure) [PSYoungGen: 287705K->80804K(465920K)] 1049828K->843234K(1285120K), 0.0101645 secs] [Times: user=0.01 sys=0.00, real=0.01 secs] 
3091.143: [GC (Allocation Failure) [PSYoungGen: 313764K->184173K(465920K)] 1076194K->947857K(1285120K), 0.0208668 secs] [Times: user=0.03 sys=0.00, real=0.02 secs] 
3091.429: [GC (Allocation Failure) [PSYoungGen: 417133K->184430K(465920K)] 1180817K->948523K(1285120K), 0.0207155 secs] [Times: user=0.02 sys=0.00, real=0.02 secs] 
3092.894: [GC (Allocation Failure) [PSYoungGen: 417390K->32928K(465920K)] 1181483K->797158K(1285120K), 0.0075332 secs] [Times: user=0.02 sys=0.00, real=0.01 secs] 
3094.082: [GC (Allocation Failure) [PSYoungGen: 265888K->103070K(465920K)] 1030118K->867618K(1285120K), 0.0125152 secs] [Times: user=0.02 sys=0.00, real=0.01 secs] 
3094.359: [GC (Allocation Failure) [PSYoungGen: 336030K->184430K(465920K)] 1100578K->950224K(1285120K), 0.0208577 secs] [Times: user=0.02 sys=0.00, real=0.02 secs] 
3094.652: [GC (Allocation Failure) [PSYoungGen: 417390K->184558K(465920K)] 1183184K->950770K(1285120K), 0.0206308 secs] [Times: user=0.03 sys=0.00, real=0.02 secs] 
3095.941: [GC (Allocation Failure) [PSYoungGen: 417518K->10244K(465920K)] 1183730K->776592K(1285120K), 0.0037458 secs] [Times: user=0.02 sys=0.00, real=0.00 secs] 
3096.863: [GC (Allocation Failure) [PSYoungGen: 243204K->125334K(465920K)] 1009552K->891995K(1285120K), 0.0144964 secs] [Times: user=0.03 sys=0.00, real=0.02 secs] 
3097.199: [GC (Allocation Failure) [PSYoungGen: 358294K->184976K(465920K)] 1124955K->952891K(1285120K), 0.0208200 secs] [Times: user=0.03 sys=0.00, real=0.02 secs] 
3097.628: [GC (Allocation Failure) [PSYoungGen: 417936K->173990K(465920K)] 1185851K->942178K(1285120K), 0.0239694 secs] [Times: user=0.04 sys=0.00, real=0.02 secs] 
3099.168: [GC (Allocation Failure) [PSYoungGen: 406950K->37748K(465920K)] 1175138K->806261K(1285120K), 0.0056858 secs] [Times: user=0.01 sys=0.00, real=0.00 secs] 
3099.360: [GC (Allocation Failure) [PSYoungGen: 270708K->184430K(465920K)] 1039221K->954188K(1285120K), 0.0206156 secs] [Times: user=0.03 sys=0.00, real=0.02 secs] 
3099.566: [GC (Allocation Failure) [PSYoungGen: 417390K->184269K(465920K)] 1187148K->954437K(1285120K), 0.0206879 secs] [Times: user=0.03 sys=0.00, real=0.03 secs] 
3102.367: [GC (Allocation Failure) [PSYoungGen: 417229K->94693K(465920K)] 1187397K->864997K(1285120K), 0.0167171 secs] [Times: user=0.06 sys=0.00, real=0.01 secs] 
3106.023: [GC (Allocation Failure) [PSYoungGen: 327653K->169428K(465920K)] 1097957K->951128K(1285120K), 0.0363129 secs] [Times: user=0.14 sys=0.01, real=0.04 secs] 
3109.034: [GC (Allocation Failure) [PSYoungGen: 402388K->180149K(465920K)] 1184088K->1014377K(1302016K), 0.0711951 secs] [Times: user=0.35 sys=0.02, real=0.07 secs] 
3109.106: [Full GC (Ergonomics) [PSYoungGen: 180149K->0K(465920K)] [ParOldGen: 834227K->409677K(920064K)] 1014377K->409677K(1385984K), [Metaspace: 59650K->59650K(1105920K)], 0.3411831 secs] [Times: user=1.52 sys=0.00, real=0.35 secs] 
3109.585: [GC (Allocation Failure) [PSYoungGen: 232898K->184599K(465920K)] 642575K->594276K(1385984K), 0.0826154 secs] [Times: user=0.41 sys=0.01, real=0.09 secs] 
3111.512: [GC (Allocation Failure) [PSYoungGen: 417559K->218037K(465920K)] 827236K->686098K(1385984K), 0.0679459 secs] [Times: user=0.34 sys=0.00, real=0.07 secs] 
3112.738: [GC (Allocation Failure) [PSYoungGen: 450997K->90162K(465920K)] 919058K->628064K(1385984K), 0.0399669 secs] [Times: user=0.21 sys=0.00, real=0.04 secs] 
3112.904: [GC (Allocation Failure) [PSYoungGen: 323122K->182934K(465920K)] 861024K->750244K(1385984K), 0.0419530 secs] [Times: user=0.19 sys=0.00, real=0.05 secs] 
3113.061: [GC (Allocation Failure) [PSYoungGen: 415894K->184566K(465920K)] 983204K->808620K(1385984K), 0.0439064 secs] [Times: user=0.20 sys=0.00, real=0.04 secs] 
3114.631: [GC (Allocation Failure) [PSYoungGen: 417526K->177107K(465920K)] 1041580K->856877K(1385984K), 0.0709216 secs] [Times: user=0.35 sys=0.01, real=0.07 secs] 
3115.694: [GC (Allocation Failure) [PSYoungGen: 410067K->104908K(465920K)] 1089837K->851854K(1385984K), 0.0453640 secs] [Times: user=0.23 sys=0.00, real=0.05 secs] 
3115.874: [GC (Allocation Failure) [PSYoungGen: 337868K->159251K(465920K)] 1084814K->940906K(1385984K), 0.0485898 secs] [Times: user=0.23 sys=0.00, real=0.05 secs] 
3116.036: [GC (GCLocker Initiated GC) [PSYoungGen: 392211K->180597K(465920K)] 1173868K->1012451K(1385984K), 0.0423024 secs] [Times: user=0.19 sys=0.00, real=0.05 secs] 
3116.192: [GC (Allocation Failure) [PSYoungGen: 413557K->186039K(465920K)] 1245450K->1089156K(1385984K), 0.0629851 secs] [Times: user=0.20 sys=0.08, real=0.06 secs] 
3116.256: [Full GC (Ergonomics) [PSYoungGen: 186039K->0K(465920K)] [ParOldGen: 903116K->316482K(906752K)] 1089156K->316482K(1372672K), [Metaspace: 59882K->59882K(1105920K)], 0.4620902 secs] [Times: user=2.18 sys=0.00, real=0.47 secs] 
3118.212: [GC (Allocation Failure) [PSYoungGen: 232960K->180980K(465920K)] 549442K->497462K(1372672K), 0.0450727 secs] [Times: user=0.19 sys=0.00, real=0.05 secs] 
3119.295: [GC (Allocation Failure) [PSYoungGen: 413940K->92267K(465920K)] 730422K->477381K(1372672K), 0.0400249 secs] [Times: user=0.21 sys=0.00, real=0.04 secs] 
3119.475: [GC (Allocation Failure) [PSYoungGen: 325227K->178517K(465920K)] 710341K->593700K(1372672K), 0.0332200 secs] [Times: user=0.14 sys=0.00, real=0.04 secs] 
3119.630: [GC (Allocation Failure) [PSYoungGen: 411477K->184438K(465920K)] 826660K->655185K(1372672K), 0.0432839 secs] [Times: user=0.19 sys=0.00, real=0.04 secs] 
3119.802: [GC (Allocation Failure) [PSYoungGen: 417398K->183092K(465920K)] 888145K->709872K(1372672K), 0.0479248 secs] [Times: user=0.22 sys=0.01, real=0.05 secs] 
3121.133: [GC (Allocation Failure) [PSYoungGen: 416052K->116398K(465920K)] 942832K->712205K(1372672K), 0.0462799 secs] [Times: user=0.22 sys=0.00, real=0.05 secs] 
3121.369: [GC (Allocation Failure) [PSYoungGen: 349358K->152130K(465920K)] 945165K->785226K(1372672K), 0.0873532 secs] [Times: user=0.46 sys=0.01, real=0.09 secs] 
3121.630: [GC (Allocation Failure) [PSYoungGen: 385090K->179413K(465920K)] 1018186K->859544K(1372672K), 0.0533253 secs] [Times: user=0.24 sys=0.00, real=0.05 secs] 
3121.800: [GC (Allocation Failure) [PSYoungGen: 412373K->185911K(465920K)] 1092504K->928818K(1372672K), 0.0495637 secs] [Times: user=0.23 sys=0.00, real=0.05 secs] 
3122.019: [GC (Allocation Failure) [PSYoungGen: 418871K->185973K(465920K)] 1161778K->987872K(1372672K), 0.0575874 secs] [Times: user=0.28 sys=0.00, real=0.06 secs] 
3123.044: [GC (GCLocker Initiated GC) [PSYoungGen: 418933K->86730K(465920K)] 1220832K->958846K(1372672K), 0.0425197 secs] [Times: user=0.22 sys=0.01, real=0.05 secs] 
3123.087: [Full GC (Ergonomics) [PSYoungGen: 86730K->0K(465920K)] [ParOldGen: 872115K->95226K(701440K)] 958846K->95226K(1167360K), [Metaspace: 59893K->59893K(1105920K)], 0.0856162 secs] [Times: user=0.28 sys=0.01, real=0.08 secs] 
3123.330: [GC (Allocation Failure) [PSYoungGen: 232960K->177173K(465920K)] 328353K->272566K(1167360K), 0.0309945 secs] [Times: user=0.11 sys=0.00, real=0.03 secs] 
3123.557: [GC (Allocation Failure) [PSYoungGen: 410133K->184246K(465920K)] 505526K->335035K(1167360K), 0.0651933 secs] [Times: user=0.30 sys=0.01, real=0.06 secs] 
3125.566: [GC (Allocation Failure) [PSYoungGen: 417206K->183220K(465920K)] 567995K->389645K(1167360K), 0.1203064 secs] [Times: user=0.62 sys=0.00, real=0.12 secs] 
3126.695: [GC (Allocation Failure) [PSYoungGen: 416180K->129264K(465920K)] 622605K->405349K(1167360K), 0.0474998 secs] [Times: user=0.24 sys=0.00, real=0.05 secs] 
3126.975: [GC (Allocation Failure) [PSYoungGen: 360100K->141777K(465920K)] 636185K->458798K(1167360K), 0.0721142 secs] [Times: user=0.38 sys=0.00, real=0.08 secs] 
3127.183: [GC (GCLocker Initiated GC) [PSYoungGen: 374737K->175924K(465920K)] 691758K->538014K(1167360K), 0.0386324 secs] [Times: user=0.16 sys=0.00, real=0.04 secs] 
3127.343: [GC (Allocation Failure) [PSYoungGen: 408884K->185495K(465920K)] 771013K->617240K(1167360K), 0.0487115 secs] [Times: user=0.22 sys=0.00, real=0.05 secs] 
3127.950: [GC (Allocation Failure) [PSYoungGen: 418455K->183092K(465920K)] 850200K->673637K(1167360K), 0.0966531 secs] [Times: user=0.51 sys=0.01, real=0.10 secs] 
3129.024: [GC (Allocation Failure) [PSYoungGen: 416052K->92139K(465920K)] 906597K->651915K(1167360K), 0.0419366 secs] [Times: user=0.21 sys=0.00, real=0.04 secs] 
3129.274: [GC (Allocation Failure) [PSYoungGen: 325099K->177141K(465920K)] 884875K->766418K(1167360K), 0.0472031 secs] [Times: user=0.21 sys=0.00, real=0.05 secs] 
3129.456: [GC (Allocation Failure) [PSYoungGen: 410101K->179637K(465920K)] 999378K->824234K(1167360K), 0.0433000 secs] [Times: user=0.19 sys=0.00, real=0.04 secs] 
3129.500: [Full GC (Ergonomics) [PSYoungGen: 179637K->0K(465920K)] [ParOldGen: 644597K->266924K(881664K)] 824234K->266924K(1347584K), [Metaspace: 59899K->59899K(1105920K)], 0.3598014 secs] [Times: user=1.66 sys=0.00, real=0.36 secs] 
3131.107: [GC (GCLocker Initiated GC) [PSYoungGen: 232960K->185589K(465920K)] 499885K->452514K(1347584K), 0.0480765 secs] [Times: user=0.21 sys=0.00, real=0.04 secs] 
3132.107: [GC (Allocation Failure) [PSYoungGen: 418549K->142161K(465920K)] 685475K->479160K(1347584K), 0.0527713 secs] [Times: user=0.26 sys=0.01, real=0.05 secs] 
3132.337: [GC (Allocation Failure) [PSYoungGen: 375121K->127631K(465920K)] 712120K->509517K(1347584K), 0.0655382 secs] [Times: user=0.35 sys=0.00, real=0.06 secs] 
3132.542: [GC (Allocation Failure) [PSYoungGen: 360591K->178325K(465920K)] 742477K->600916K(1347584K), 0.0524863 secs] [Times: user=0.24 sys=0.00, real=0.05 secs] 
3132.727: [GC (Allocation Failure) [PSYoungGen: 411285K->183542K(465920K)] 833876K->668149K(1347584K), 0.0491000 secs] [Times: user=0.22 sys=0.00, real=0.04 secs] 
3132.959: [GC (Allocation Failure) [PSYoungGen: 416502K->182420K(465920K)] 901109K->725283K(1347584K), 0.0733332 secs] [Times: user=0.37 sys=0.00, real=0.07 secs] 
3134.791: [GC (Allocation Failure) [PSYoungGen: 415380K->95947K(465920K)] 958243K->707882K(1347584K), 0.1251934 secs] [Times: user=0.69 sys=0.01, real=0.12 secs] 
3136.102: [GC (Allocation Failure) [PSYoungGen: 328907K->171604K(465920K)] 940842K->814584K(1347584K), 0.0442300 secs] [Times: user=0.19 sys=0.00, real=0.05 secs] 
3136.314: [GC (Allocation Failure) [PSYoungGen: 404564K->184598K(465920K)] 1047544K->881122K(1347584K), 0.0501679 secs] [Times: user=0.24 sys=0.00, real=0.05 secs] 
3136.483: [GC (Allocation Failure) [PSYoungGen: 417558K->187829K(465920K)] 1114082K->940409K(1347584K), 0.0564208 secs] [Times: user=0.28 sys=0.00, real=0.06 secs] 
3137.441: [GC (Allocation Failure) [PSYoungGen: 420789K->150930K(465920K)] 1173369K->974222K(1347584K), 0.0617085 secs] [Times: user=0.25 sys=0.06, real=0.06 secs] 
3137.503: [Full GC (Ergonomics) [PSYoungGen: 150930K->0K(465920K)] [ParOldGen: 823292K->357604K(990208K)] 974222K->357604K(1456128K), [Metaspace: 59903K->59903K(1105920K)], 0.5659075 secs] [Times: user=2.47 sys=0.00, real=0.57 secs] 
3138.291: [GC (GCLocker Initiated GC) [PSYoungGen: 232960K->114749K(465920K)] 590565K->472355K(1456128K), 0.0168901 secs] [Times: user=0.06 sys=0.00, real=0.02 secs] 
3138.446: [GC (Allocation Failure) [PSYoungGen: 347709K->178517K(465920K)] 705609K->573078K(1456128K), 0.0396709 secs] [Times: user=0.17 sys=0.00, real=0.04 secs] 
3138.604: [GC (Allocation Failure) [PSYoungGen: 411477K->185463K(465920K)] 806038K->642468K(1456128K), 0.0492136 secs] [Times: user=0.23 sys=0.00, real=0.05 secs] 
3138.988: [GC (Allocation Failure) [PSYoungGen: 418407K->182228K(465920K)] 875412K->697973K(1456128K), 0.0805694 secs] [Times: user=0.41 sys=0.00, real=0.08 secs] 
3140.023: [GC (GCLocker Initiated GC) [PSYoungGen: 415188K->97003K(465920K)] 930933K->681816K(1456128K), 0.0456125 secs] [Times: user=0.21 sys=0.00, real=0.05 secs] 
3140.237: [GC (GCLocker Initiated GC) [PSYoungGen: 329963K->173172K(465920K)] 914779K->790097K(1456128K), 0.0546858 secs] [Times: user=0.26 sys=0.01, real=0.05 secs] 
3140.458: [GC (Allocation Failure) [PSYoungGen: 406132K->184566K(465920K)] 1023187K->856169K(1456128K), 0.0537172 secs] [Times: user=0.25 sys=0.00, real=0.05 secs] 
3140.624: [GC (Allocation Failure) [PSYoungGen: 413825K->176886K(465920K)] 1085428K->912729K(1456128K), 0.0488971 secs] [Times: user=0.23 sys=0.01, real=0.05 secs] 
3141.467: [GC (Allocation Failure) [PSYoungGen: 407728K->206419K(465920K)] 1143571K->998182K(1456128K), 0.0526008 secs] [Times: user=0.26 sys=0.01, real=0.05 secs] 
3142.948: [GC (Allocation Failure) [PSYoungGen: 439379K->96123K(465920K)] 1231142K->952630K(1456128K), 0.0990662 secs] [Times: user=0.48 sys=0.06, real=0.10 secs] 
3143.227: [GC (Allocation Failure) [PSYoungGen: 329083K->183318K(465920K)] 1185590K->1070957K(1456128K), 0.0363145 secs] [Times: user=0.14 sys=0.01, real=0.03 secs] 
3143.374: [GC (Allocation Failure) [PSYoungGen: 416278K->184470K(465920K)] 1303917K->1128941K(1456128K), 0.0552777 secs] [Times: user=0.18 sys=0.09, real=0.06 secs] 
3143.429: [Full GC (Ergonomics) [PSYoungGen: 184470K->0K(465920K)] [ParOldGen: 944471K->288562K(938496K)] 1128941K->288562K(1404416K), [Metaspace: 59908K->59908K(1105920K)], 0.4101132 secs] [Times: user=1.92 sys=0.00, real=0.41 secs] 
3143.947: [GC (Allocation Failure) [PSYoungGen: 232960K->186293K(465920K)] 521522K->474855K(1404416K), 0.0362293 secs] [Times: user=0.16 sys=0.00, real=0.03 secs] 
3144.940: [GC (Allocation Failure) [PSYoungGen: 419253K->93995K(465920K)] 707815K->452901K(1404416K), 0.0466291 secs] [Times: user=0.25 sys=0.00, real=0.05 secs] 
3145.238: [GC (Allocation Failure) [PSYoungGen: 326955K->168596K(465920K)] 685861K->557915K(1404416K), 0.0401184 secs] [Times: user=0.18 sys=0.00, real=0.04 secs] 
3145.390: [GC (Allocation Failure) [PSYoungGen: 401556K->184694K(465920K)] 790875K->626469K(1404416K), 0.0419034 secs] [Times: user=0.19 sys=0.00, real=0.04 secs] 
3145.904: [GC (Allocation Failure) [PSYoungGen: 417654K->185751K(465920K)] 859429K->691646K(1404416K), 0.0668484 secs] [Times: user=0.32 sys=0.00, real=0.07 secs] 
3146.770: [GC (Allocation Failure) [PSYoungGen: 418711K->178324K(465920K)] 924606K->743083K(1404416K), 0.0940376 secs] [Times: user=0.48 sys=0.00, real=0.09 secs] 
3147.869: [GC (Allocation Failure) [PSYoungGen: 411284K->93035K(465920K)] 976043K->725346K(1404416K), 0.0395553 secs] [Times: user=0.21 sys=0.00, real=0.04 secs] 
3148.061: [GC (GCLocker Initiated GC) [PSYoungGen: 325995K->178101K(465920K)] 958306K->840269K(1404416K), 0.0543391 secs] [Times: user=0.24 sys=0.00, real=0.05 secs] 
3148.273: [GC (Allocation Failure) [PSYoungGen: 411061K->184213K(465920K)] 1073524K->902024K(1404416K), 0.0436549 secs] [Times: user=0.20 sys=0.00, real=0.05 secs] 
3148.421: [GC (Allocation Failure) [PSYoungGen: 417173K->180500K(465920K)] 1134984K->954231K(1404416K), 0.0452222 secs] [Times: user=0.20 sys=0.01, real=0.05 secs] 
3149.527: [GC (Allocation Failure) [PSYoungGen: 413460K->105932K(465920K)] 1187191K->947891K(1404416K), 0.0527975 secs] [Times: user=0.28 sys=0.00, real=0.05 secs] 
3151.865: [GC (Allocation Failure) [PSYoungGen: 338892K->157267K(465920K)] 1180851K->1033438K(1404416K), 0.0722017 secs] [Times: user=0.37 sys=0.00, real=0.08 secs] 
3151.938: [Full GC (Ergonomics) [PSYoungGen: 157267K->0K(465920K)] [ParOldGen: 876171K->176919K(855040K)] 1033438K->176919K(1320960K), [Metaspace: 59925K->59925K(1105920K)], 0.1857823 secs] [Times: user=0.85 sys=0.00, real=0.18 secs] 
3152.236: [GC (Allocation Failure) [PSYoungGen: 232960K->180821K(465920K)] 409879K->357740K(1320960K), 0.0336923 secs] [Times: user=0.14 sys=0.00, real=0.04 secs] 
3152.404: [GC (Allocation Failure) [PSYoungGen: 413781K->186167K(465920K)] 590700K->426078K(1320960K), 0.0478429 secs] [Times: user=0.22 sys=0.00, real=0.05 secs] 
3152.558: [GC (Allocation Failure) [PSYoungGen: 419127K->186997K(465920K)] 659038K->486020K(1320960K), 0.0551784 secs] [Times: user=0.27 sys=0.01, real=0.05 secs] 
3153.528: [GC (Allocation Failure) [PSYoungGen: 419957K->88458K(465920K)] 718980K->458002K(1320960K), 0.0409406 secs] [Times: user=0.21 sys=0.00, real=0.04 secs] 
3153.732: [GC (Allocation Failure) [PSYoungGen: 321418K->181270K(465920K)] 690962K->579121K(1320960K), 0.0524339 secs] [Times: user=0.22 sys=0.00, real=0.05 secs] 
3153.971: [GC (Allocation Failure) [PSYoungGen: 414230K->193110K(465920K)] 812081K->647361K(1320960K), 0.0581289 secs] [Times: user=0.28 sys=0.00, real=0.06 secs] 
3155.267: [GC (GCLocker Initiated GC) [PSYoungGen: 426070K->179028K(465920K)] 880322K->689376K(1320960K), 0.0725622 secs] [Times: user=0.36 sys=0.00, real=0.07 secs] 
3156.302: [GC (Allocation Failure) [PSYoungGen: 411988K->117006K(465920K)] 922337K->695339K(1320960K), 0.0464398 secs] [Times: user=0.23 sys=0.00, real=0.05 secs] 
3156.526: [GC (Allocation Failure) [PSYoungGen: 349966K->150866K(465920K)] 928299K->767335K(1320960K), 0.0986566 secs] [Times: user=0.52 sys=0.01, real=0.09 secs] 
3156.814: [GC (Allocation Failure) [PSYoungGen: 383826K->183797K(465920K)] 1000295K->847355K(1320960K), 0.0412341 secs] [Times: user=0.18 sys=0.00, real=0.04 secs] 
3156.980: [GC (Allocation Failure) [PSYoungGen: 416757K->182710K(465920K)] 1080315K->910404K(1320960K), 0.0501190 secs] [Times: user=0.23 sys=0.00, real=0.05 secs] 
3157.173: [GC (Allocation Failure) [PSYoungGen: 415670K->186133K(465920K)] 1143364K->971675K(1320960K), 0.0621172 secs] [Times: user=0.32 sys=0.00, real=0.06 secs] 
3157.235: [Full GC (Ergonomics) [PSYoungGen: 186133K->0K(465920K)] [ParOldGen: 785541K->362679K(1061376K)] 971675K->362679K(1527296K), [Metaspace: 59931K->59931K(1105920K)], 0.5929664 secs] [Times: user=2.79 sys=0.00, real=0.60 secs] 
3159.802: [GC (Allocation Failure) [PSYoungGen: 232960K->89770K(465920K)] 595639K->452450K(1527296K), 0.0656381 secs] [Times: user=0.32 sys=0.00, real=0.07 secs] 
3160.143: [GC (Allocation Failure) [PSYoungGen: 322730K->174069K(465920K)] 685410K->566093K(1527296K), 0.0403002 secs] [Times: user=0.16 sys=0.01, real=0.04 secs] 
3160.344: [GC (Allocation Failure) [PSYoungGen: 407029K->184246K(465920K)] 799053K->630498K(1527296K), 0.0594612 secs] [Times: user=0.28 sys=0.00, real=0.06 secs] 
3160.530: [GC (Allocation Failure) [PSYoungGen: 417206K->187317K(465920K)] 863458K->689345K(1527296K), 0.0479856 secs] [Times: user=0.21 sys=0.00, real=0.05 secs] 
3161.561: [GC (Allocation Failure) [PSYoungGen: 420277K->123695K(465920K)] 922305K->696475K(1527296K), 0.0475299 secs] [Times: user=0.24 sys=0.00, real=0.05 secs] 
3161.742: [GC (Allocation Failure) [PSYoungGen: 356655K->144097K(465920K)] 929435K->756173K(1527296K), 0.0603460 secs] [Times: user=0.31 sys=0.00, real=0.06 secs] 
3161.916: [GC (Allocation Failure) [PSYoungGen: 377057K->182901K(465920K)] 989133K->840483K(1527296K), 0.0400143 secs] [Times: user=0.17 sys=0.00, real=0.04 secs] 
3162.068: [GC (Allocation Failure) [PSYoungGen: 415861K->181590K(465920K)] 1073443K->902795K(1527296K), 0.0494252 secs] [Times: user=0.21 sys=0.01, real=0.05 secs] 
3162.950: [GC (Allocation Failure) [PSYoungGen: 414550K->185845K(465920K)] 1135755K->964546K(1527296K), 0.0997060 secs] [Times: user=0.52 sys=0.00, real=0.10 secs] 
3164.405: [GC (GCLocker Initiated GC) [PSYoungGen: 418805K->96363K(465920K)] 1197508K->945242K(1527296K), 0.0434728 secs] [Times: user=0.23 sys=0.00, real=0.05 secs] 
3164.619: [GC (Allocation Failure) [PSYoungGen: 329323K->175444K(465920K)] 1178367K->1055521K(1527296K), 0.0534191 secs] [Times: user=0.21 sys=0.03, real=0.05 secs] 
3164.869: [GC (GCLocker Initiated GC) [PSYoungGen: 408404K->182165K(465920K)] 1288482K->1115547K(1527296K), 0.0677913 secs] [Times: user=0.27 sys=0.06, real=0.07 secs] 
3165.052: [GC (Allocation Failure) [PSYoungGen: 415125K->203381K(465920K)] 1348546K->1192129K(1527296K), 0.0530481 secs] [Times: user=0.22 sys=0.03, real=0.05 secs] 
3165.105: [Full GC (Ergonomics) [PSYoungGen: 203381K->0K(465920K)] [ParOldGen: 988748K->330404K(1050624K)] 1192129K->330404K(1516544K), [Metaspace: 59934K->59934K(1105920K)], 0.5102328 secs] [Times: user=2.42 sys=0.00, real=0.51 secs] 
3166.535: [GC (Allocation Failure) [PSYoungGen: 232960K->134032K(465920K)] 563364K->464437K(1516544K), 0.0657516 secs] [Times: user=0.34 sys=0.00, real=0.07 secs] 
3168.074: [GC (GCLocker Initiated GC) [PSYoungGen: 366992K->131855K(465920K)] 697397K->504744K(1516544K), 0.0979413 secs] [Times: user=0.53 sys=0.00, real=0.10 secs] 
3168.300: [GC (Allocation Failure) [PSYoungGen: 364815K->179093K(465920K)] 737707K->594406K(1516544K), 0.0379214 secs] [Times: user=0.16 sys=0.00, real=0.04 secs] 
3168.477: [GC (Allocation Failure) [PSYoungGen: 412053K->185655K(465920K)] 827366K->663367K(1516544K), 0.0605944 secs] [Times: user=0.30 sys=0.00, real=0.06 secs] 
3168.680: [GC (Allocation Failure) [PSYoungGen: 418615K->182388K(465920K)] 896327K->718949K(1516544K), 0.0592106 secs] [Times: user=0.29 sys=0.01, real=0.06 secs] 
3169.789: [GC (Allocation Failure) [PSYoungGen: 415348K->93147K(465920K)] 951909K->698827K(1516544K), 0.0434361 secs] [Times: user=0.23 sys=0.00, real=0.04 secs] 
3169.948: [GC (Allocation Failure) [PSYoungGen: 326107K->174581K(465920K)] 931787K->810870K(1516544K), 0.0341224 secs] [Times: user=0.13 sys=0.01, real=0.03 secs] 
3170.093: [GC (Allocation Failure) [PSYoungGen: 407541K->184374K(465920K)] 1043830K->874975K(1516544K), 0.0434356 secs] [Times: user=0.19 sys=0.00, real=0.05 secs] 
3170.245: [GC (Allocation Failure) [PSYoungGen: 417334K->187029K(465920K)] 1107935K->933643K(1516544K), 0.0464948 secs] [Times: user=0.22 sys=0.00, real=0.05 secs] 
3172.016: [GC (Allocation Failure) [PSYoungGen: 419989K->142929K(465920K)] 1166603K->960023K(1516544K), 0.0509343 secs] [Times: user=0.26 sys=0.00, real=0.05 secs] 
3172.318: [GC (Allocation Failure) [PSYoungGen: 375889K->124878K(465920K)] 1192983K->987420K(1516544K), 0.1104635 secs] [Times: user=0.61 sys=0.01, real=0.11 secs] 
3172.584: [GC (Allocation Failure) [PSYoungGen: 357838K->177749K(465920K)] 1220380K->1079979K(1516544K), 0.0386040 secs] [Times: user=0.16 sys=0.01, real=0.04 secs] 
3172.763: [GC (Allocation Failure) [PSYoungGen: 410709K->185751K(465920K)] 1312939K->1150345K(1516544K), 0.0553386 secs] [Times: user=0.27 sys=0.00, real=0.06 secs] 
3172.819: [Full GC (Ergonomics) [PSYoungGen: 185751K->0K(465920K)] [ParOldGen: 964594K->304042K(1050624K)] 1150345K->304042K(1516544K), [Metaspace: 59951K->59951K(1105920K)], 0.4289121 secs] [Times: user=2.02 sys=0.00, real=0.43 secs] 
3173.361: [GC (Allocation Failure) [PSYoungGen: 232960K->180852K(465920K)] 537002K->484894K(1516544K), 0.0300909 secs] [Times: user=0.12 sys=0.00, real=0.03 secs] 
3174.731: [GC (Allocation Failure) [PSYoungGen: 413812K->96843K(465920K)] 717854K->469146K(1516544K), 0.1146041 secs] [Times: user=0.63 sys=0.00, real=0.11 secs] 
3175.801: [GC (Allocation Failure) [PSYoungGen: 329803K->169652K(465920K)] 702106K->573287K(1516544K), 0.0487945 secs] [Times: user=0.22 sys=0.00, real=0.05 secs] 
3175.971: [GC (Allocation Failure) [PSYoungGen: 402612K->184438K(465920K)] 806247K->640745K(1516544K), 0.0428080 secs] [Times: user=0.19 sys=0.00, real=0.04 secs] 
3176.139: [GC (Allocation Failure) [PSYoungGen: 408795K->174357K(465920K)] 865102K->694761K(1516544K), 0.0540603 secs] [Times: user=0.25 sys=0.01, real=0.05 secs] 
3176.985: [GC (Allocation Failure) [PSYoungGen: 402212K->205651K(465920K)] 922615K->781494K(1516544K), 0.0567062 secs] [Times: user=0.27 sys=0.01, real=0.06 secs] 
3177.388: [GC (Allocation Failure) [PSYoungGen: 438611K->97227K(465920K)] 1014454K->737302K(1516544K), 0.0671467 secs] [Times: user=0.36 sys=0.00, real=0.06 secs] 
3177.665: [GC (Allocation Failure) [PSYoungGen: 330181K->183350K(465920K)] 970256K->854638K(1516544K), 0.0463881 secs] [Times: user=0.20 sys=0.00, real=0.05 secs] 
3177.830: [GC (Allocation Failure) [PSYoungGen: 416310K->184694K(465920K)] 1087598K->912830K(1516544K), 0.0437206 secs] [Times: user=0.20 sys=0.00, real=0.04 secs] 
3178.429: [GC (Allocation Failure) [PSYoungGen: 417654K->182164K(465920K)] 1145790K->966349K(1516544K), 0.0829016 secs] [Times: user=0.41 sys=0.01, real=0.08 secs] 
3179.543: [GC (Allocation Failure) [PSYoungGen: 415124K->100652K(465920K)] 1199309K->953768K(1516544K), 0.0459718 secs] [Times: user=0.24 sys=0.00, real=0.05 secs] 
3179.756: [GC (Allocation Failure) [PSYoungGen: 333612K->171732K(465920K)] 1186728K->1057405K(1516544K), 0.0607368 secs] [Times: user=0.29 sys=0.00, real=0.07 secs] 
3179.948: [GC (Allocation Failure) [PSYoungGen: 404692K->184726K(465920K)] 1290365K->1124054K(1516544K), 0.0441892 secs] [Times: user=0.20 sys=0.00, real=0.04 secs] 
3180.170: [GC (Allocation Failure) [PSYoungGen: 417686K->185399K(465920K)] 1357014K->1188799K(1516544K), 0.0532377 secs] [Times: user=0.25 sys=0.00, real=0.05 secs] 
3180.223: [Full GC (Ergonomics) [PSYoungGen: 185399K->0K(465920K)] [ParOldGen: 1003400K->324792K(1103872K)] 1188799K->324792K(1569792K), [Metaspace: 59954K->59954K(1105920K)], 0.4882496 secs] [Times: user=2.29 sys=0.00, real=0.49 secs] 
3181.885: [GC (Allocation Failure) [PSYoungGen: 232960K->208531K(465920K)] 557752K->533324K(1569792K), 0.0421885 secs] [Times: user=0.17 sys=0.00, real=0.05 secs] 
3183.700: [GC (Allocation Failure) [PSYoungGen: 441491K->92187K(465920K)] 766284K->483459K(1569792K), 0.0864312 secs] [Times: user=0.47 sys=0.00, real=0.09 secs] 
3183.964: [GC (Allocation Failure) [PSYoungGen: 325147K->180566K(465920K)] 716419K->601587K(1569792K), 0.0339163 secs] [Times: user=0.13 sys=0.00, real=0.04 secs] 
3184.150: [GC (Allocation Failure) [PSYoungGen: 413526K->183893K(465920K)] 834547K->660939K(1569792K), 0.0652415 secs] [Times: user=0.31 sys=0.01, real=0.06 secs] 
3184.402: [GC (Allocation Failure) [PSYoungGen: 416853K->182868K(465920K)] 893899K->715626K(1569792K), 0.0642751 secs] [Times: user=0.31 sys=0.00, real=0.07 secs] 
3185.405: [GC (Allocation Failure) [PSYoungGen: 415828K->101868K(465920K)] 948586K->703753K(1569792K), 0.0447599 secs] [Times: user=0.22 sys=0.01, real=0.05 secs] 
3185.571: [GC (Allocation Failure) [PSYoungGen: 334828K->169012K(465920K)] 936713K->804701K(1569792K), 0.0439459 secs] [Times: user=0.21 sys=0.00, real=0.04 secs] 
3185.750: [GC (Allocation Failure) [PSYoungGen: 401972K->181173K(465920K)] 1037661K->869618K(1569792K), 0.0545341 secs] [Times: user=0.25 sys=0.01, real=0.05 secs] 
3186.005: [GC (Allocation Failure) [PSYoungGen: 414133K->182486K(465920K)] 1102578K->933843K(1569792K), 0.0653596 secs] [Times: user=0.32 sys=0.00, real=0.07 secs] 
3188.057: [GC (Allocation Failure) [PSYoungGen: 415446K->177972K(465920K)] 1166803K->987225K(1569792K), 0.0888916 secs] [Times: user=0.46 sys=0.00, real=0.09 secs] 
3189.144: [GC (Allocation Failure) [PSYoungGen: 410932K->86874K(465920K)] 1220185K->963487K(1569792K), 0.0560428 secs] [Times: user=0.29 sys=0.00, real=0.06 secs] 
3189.398: [GC (Allocation Failure) [PSYoungGen: 319834K->178805K(465920K)] 1196447K->1083342K(1569792K), 0.0441437 secs] [Times: user=0.19 sys=0.00, real=0.04 secs] 
3189.619: [GC (Allocation Failure) [PSYoungGen: 411765K->184822K(465920K)] 1316302K->1145239K(1569792K), 0.0650683 secs] [Times: user=0.31 sys=0.00, real=0.06 secs] 
3190.481: [GC (Allocation Failure) [PSYoungGen: 417782K->185749K(465920K)] 1378199K->1202150K(1569792K), 0.1059613 secs] [Times: user=0.53 sys=0.00, real=0.11 secs] 
3190.587: [Full GC (Ergonomics) [PSYoungGen: 185749K->0K(465920K)] [ParOldGen: 1016401K->336385K(1150464K)] 1202150K->336385K(1616384K), [Metaspace: 59965K->59965K(1105920K)], 0.5865070 secs] [Times: user=2.84 sys=0.00, real=0.58 secs] 
3192.120: [GC (Allocation Failure) [PSYoungGen: 232960K->113197K(465920K)] 569345K->449583K(1616384K), 0.0551953 secs] [Times: user=0.29 sys=0.00, real=0.05 secs] 
3193.148: [GC (Allocation Failure) [PSYoungGen: 346157K->150802K(465920K)] 682543K->523840K(1616384K), 0.0777548 secs] [Times: user=0.39 sys=0.01, real=0.07 secs] 
3193.350: [GC (Allocation Failure) [PSYoungGen: 383762K->183445K(465920K)] 756800K->603760K(1616384K), 0.0405960 secs] [Times: user=0.17 sys=0.00, real=0.04 secs] 
3193.557: [GC (Allocation Failure) [PSYoungGen: 416405K->185623K(465920K)] 836720K->669721K(1616384K), 0.0712555 secs] [Times: user=0.35 sys=0.00, real=0.07 secs] 
3193.752: [GC (Allocation Failure) [PSYoungGen: 418583K->186805K(465920K)] 902681K->729719K(1616384K), 0.0562902 secs] [Times: user=0.28 sys=0.00, real=0.06 secs] 
3194.787: [GC (Allocation Failure) [PSYoungGen: 419765K->89994K(465920K)] 962679K->703621K(1616384K), 0.0416711 secs] [Times: user=0.21 sys=0.00, real=0.04 secs] 
3194.944: [GC (Allocation Failure) [PSYoungGen: 322954K->174837K(465920K)] 936581K->817827K(1616384K), 0.0332019 secs] [Times: user=0.13 sys=0.01, real=0.04 secs] 
3195.116: [GC (Allocation Failure) [PSYoungGen: 407797K->184630K(465920K)] 1050787K->882116K(1616384K), 0.0484939 secs] [Times: user=0.23 sys=0.00, real=0.05 secs] 
3195.474: [GC (Allocation Failure) [PSYoungGen: 417590K->186709K(465920K)] 1115076K->940059K(1616384K), 0.0470598 secs] [Times: user=0.22 sys=0.00, real=0.05 secs] 
3196.695: [GC (Allocation Failure) [PSYoungGen: 419669K->121454K(465920K)] 1173019K->945309K(1616384K), 0.0478818 secs] [Times: user=0.24 sys=0.00, real=0.05 secs] 
3196.930: [GC (Allocation Failure) [PSYoungGen: 354414K->145713K(465920K)] 1178269K->1008708K(1616384K), 0.0753886 secs] [Times: user=0.38 sys=0.01, real=0.07 secs] 
3197.192: [GC (Allocation Failure) [PSYoungGen: 378673K->180501K(465920K)] 1241668K->1089351K(1616384K), 0.0476172 secs] [Times: user=0.22 sys=0.00, real=0.05 secs] 
3197.367: [GC (Allocation Failure) [PSYoungGen: 413461K->184951K(465920K)] 1322311K->1156785K(1616384K), 0.0513263 secs] [Times: user=0.23 sys=0.01, real=0.05 secs] 
3198.816: [GC (Allocation Failure) [PSYoungGen: 417911K->181908K(465920K)] 1389745K->1212483K(1616384K), 0.1173513 secs] [Times: user=0.57 sys=0.05, real=0.11 secs] 
3200.308: [GC (Allocation Failure) [PSYoungGen: 414868K->89530K(465920K)] 1445443K->1189209K(1616384K), 0.1046348 secs] [Times: user=0.49 sys=0.09, real=0.10 secs] 
3200.413: [Full GC (Ergonomics) [PSYoungGen: 89530K->0K(465920K)] [ParOldGen: 1099678K->96011K(946176K)] 1189209K->96011K(1412096K), [Metaspace: 59968K->59968K(1105920K)], 0.1150134 secs] [Times: user=0.44 sys=0.01, real=0.12 secs] 
3201.032: [GC (Allocation Failure) [PSYoungGen: 232960K->175573K(465920K)] 328971K->271585K(1412096K), 0.0256378 secs] [Times: user=0.09 sys=0.00, real=0.03 secs] 
3201.200: [GC (Allocation Failure) [PSYoungGen: 408533K->184950K(465920K)] 504545K->336098K(1412096K), 0.0558364 secs] [Times: user=0.26 sys=0.01, real=0.05 secs] 
3201.394: [GC (Allocation Failure) [PSYoungGen: 417910K->187061K(465920K)] 569058K->394209K(1412096K), 0.0450854 secs] [Times: user=0.21 sys=0.00, real=0.05 secs] 
3202.401: [GC (Allocation Failure) [PSYoungGen: 420021K->135024K(465920K)] 627169K->412680K(1412096K), 0.0480724 secs] [Times: user=0.24 sys=0.00, real=0.05 secs] 
3202.612: [GC (GCLocker Initiated GC) [PSYoungGen: 367984K->135328K(465920K)] 645641K->455924K(1412096K), 0.0640720 secs] [Times: user=0.34 sys=0.00, real=0.07 secs] 
3202.817: [GC (Allocation Failure) [PSYoungGen: 368288K->174740K(465920K)] 688887K->538348K(1412096K), 0.0537974 secs] [Times: user=0.24 sys=0.01, real=0.05 secs] 
3203.045: [GC (Allocation Failure) [PSYoungGen: 407700K->185463K(465920K)] 771308K->610166K(1412096K), 0.0716693 secs] [Times: user=0.35 sys=0.00, real=0.08 secs] 
3203.553: [GC (Allocation Failure) [PSYoungGen: 418423K->186357K(465920K)] 843126K->669900K(1412096K), 0.0770342 secs] [Times: user=0.39 sys=0.00, real=0.08 secs] 
3204.580: [GC (Allocation Failure) [PSYoungGen: 419317K->94395K(465920K)] 902860K->648082K(1412096K), 0.0442693 secs] [Times: user=0.23 sys=0.00, real=0.04 secs] 
3204.738: [GC (Allocation Failure) [PSYoungGen: 327355K->171540K(465920K)] 881042K->756144K(1412096K), 0.0323005 secs] [Times: user=0.13 sys=0.01, real=0.03 secs] 
3204.884: [GC (Allocation Failure) [PSYoungGen: 404500K->183637K(465920K)] 989104K->821517K(1412096K), 0.0430119 secs] [Times: user=0.19 sys=0.00, real=0.05 secs] 
3205.045: [GC (Allocation Failure) [PSYoungGen: 416597K->187189K(465920K)] 1054477K->880893K(1412096K), 0.0449276 secs] [Times: user=0.21 sys=0.00, real=0.05 secs] 
3206.495: [GC (Allocation Failure) [PSYoungGen: 420149K->143697K(465920K)] 1113853K->907993K(1412096K), 0.0501890 secs] [Times: user=0.24 sys=0.00, real=0.05 secs] 
3207.994: [GC (Allocation Failure) [PSYoungGen: 376530K->122542K(465920K)] 1140826K->932246K(1412096K), 0.1089576 secs] [Times: user=0.59 sys=0.01, real=0.11 secs] 
3208.234: [GC (Allocation Failure) [PSYoungGen: 355502K->178709K(465920K)] 1165206K->1027578K(1412096K), 0.0375995 secs] [Times: user=0.16 sys=0.00, real=0.04 secs] 
3208.409: [GC (Allocation Failure) [PSYoungGen: 411669K->185751K(465920K)] 1260538K->1097060K(1412096K), 0.0588011 secs] [Times: user=0.28 sys=0.00, real=0.06 secs] 
3208.468: [Full GC (Ergonomics) [PSYoungGen: 185751K->0K(465920K)] [ParOldGen: 911308K->304251K(1181184K)] 1097060K->304251K(1647104K), [Metaspace: 59974K->59974K(1105920K)], 0.4307319 secs] [Times: user=2.02 sys=0.01, real=0.43 secs] 
3209.007: [GC (Allocation Failure) [PSYoungGen: 232960K->186133K(465920K)] 537211K->490385K(1647104K), 0.0306788 secs] [Times: user=0.12 sys=0.00, real=0.03 secs] 
3209.995: [GC (GCLocker Initiated GC) [PSYoungGen: 419093K->90747K(465920K)] 723345K->465231K(1647104K), 0.0621925 secs] [Times: user=0.33 sys=0.00, real=0.07 secs] 
3210.252: [GC (Allocation Failure) [PSYoungGen: 323707K->171892K(465920K)] 698229K->575915K(1647104K), 0.0398618 secs] [Times: user=0.16 sys=0.00, real=0.04 secs] 
3210.473: [GC (Allocation Failure) [PSYoungGen: 404852K->184502K(465920K)] 808875K->642029K(1647104K), 0.0609334 secs] [Times: user=0.29 sys=0.00, real=0.06 secs] 
3210.776: [GC (Allocation Failure) [PSYoungGen: 417462K->187829K(465920K)] 874989K->701300K(1647104K), 0.0495532 secs] [Times: user=0.23 sys=0.00, real=0.05 secs] 
3212.238: [GC (Allocation Failure) [PSYoungGen: 420789K->152563K(465920K)] 934260K->736938K(1647104K), 0.0513283 secs] [Times: user=0.25 sys=0.00, real=0.05 secs] 
3212.639: [GC (Allocation Failure) [PSYoungGen: 385523K->113517K(465920K)] 969898K->746116K(1647104K), 0.1240601 secs] [Times: user=0.68 sys=0.01, real=0.12 secs] 
3212.928: [GC (Allocation Failure) [PSYoungGen: 346477K->203093K(465920K)] 979076K->872329K(1647104K), 0.0379705 secs] [Times: user=0.16 sys=0.00, real=0.04 secs] 
3213.105: [GC (Allocation Failure) [PSYoungGen: 436053K->185239K(465920K)] 1105289K->916823K(1647104K), 0.0551708 secs] [Times: user=0.27 sys=0.00, real=0.06 secs] 
3213.266: [GC (Allocation Failure) [PSYoungGen: 418199K->186773K(465920K)] 1149783K->977249K(1647104K), 0.0576591 secs] [Times: user=0.29 sys=0.00, real=0.05 secs] 
3214.691: [GC (Allocation Failure) [PSYoungGen: 419733K->94507K(465920K)] 1210209K->955459K(1647104K), 0.1260470 secs] [Times: user=0.70 sys=0.00, real=0.13 secs] 
3215.880: [GC (Allocation Failure) [PSYoungGen: 327467K->169236K(465920K)] 1188419K->1060801K(1647104K), 0.0450258 secs] [Times: user=0.20 sys=0.00, real=0.04 secs] 
3216.046: [GC (Allocation Failure) [PSYoungGen: 402196K->184918K(465920K)] 1293761K->1128979K(1647104K), 0.0429955 secs] [Times: user=0.20 sys=0.00, real=0.04 secs] 
3216.603: [GC (Allocation Failure) [PSYoungGen: 414038K->180054K(465920K)] 1358099K->1188315K(1647104K), 0.0842404 secs] [Times: user=0.36 sys=0.08, real=0.09 secs] 
3217.970: [GC (Allocation Failure) [PSYoungGen: 413014K->169107K(465920K)] 1421275K->1234696K(1647104K), 0.0639523 secs] [Times: user=0.28 sys=0.05, real=0.06 secs] 
3218.291: [GC (Allocation Failure) [PSYoungGen: 402067K->102716K(465920K)] 1467656K->1232969K(1647104K), 0.0442372 secs] [Times: user=0.20 sys=0.02, real=0.04 secs] 
3218.335: [Full GC (Ergonomics) [PSYoungGen: 102716K->0K(465920K)] [ParOldGen: 1130253K->119031K(1031680K)] 1232969K->119031K(1497600K), [Metaspace: 59983K->59983K(1105920K)], 0.1367551 secs] [Times: user=0.57 sys=0.01, real=0.14 secs] 
3218.626: [GC (Allocation Failure) [PSYoungGen: 232960K->178805K(465920K)] 351991K->297837K(1497600K), 0.0280965 secs] [Times: user=0.10 sys=0.00, real=0.03 secs] 
3218.790: [GC (Allocation Failure) [PSYoungGen: 411765K->193142K(465920K)] 530797K->368041K(1497600K), 0.0536800 secs] [Times: user=0.25 sys=0.00, real=0.05 secs] 
3219.153: [GC (Allocation Failure) [PSYoungGen: 426102K->186389K(465920K)] 601001K->417360K(1497600K), 0.0461468 secs] [Times: user=0.21 sys=0.00, real=0.05 secs] 
3220.464: [GC (Allocation Failure) [PSYoungGen: 419349K->99980K(465920K)] 650320K->401087K(1497600K), 0.0461266 secs] [Times: user=0.24 sys=0.00, real=0.05 secs] 
3220.677: [GC (GCLocker Initiated GC) [PSYoungGen: 332940K->163571K(465920K)] 634050K->497682K(1497600K), 0.0609886 secs] [Times: user=0.29 sys=0.01, real=0.06 secs] 
3220.901: [GC (Allocation Failure) [PSYoungGen: 396531K->183477K(465920K)] 730645K->568763K(1497600K), 0.0414977 secs] [Times: user=0.18 sys=0.00, real=0.04 secs] 
3221.083: [GC (Allocation Failure) [PSYoungGen: 416437K->186007K(465920K)] 801723K->635320K(1497600K), 0.0550462 secs] [Times: user=0.26 sys=0.00, real=0.06 secs] 
3221.541: [GC (Allocation Failure) [PSYoungGen: 417399K->214132K(465920K)] 866713K->722454K(1497600K), 0.0541723 secs] [Times: user=0.27 sys=0.00, real=0.05 secs] 
3223.836: [GC (GCLocker Initiated GC) [PSYoungGen: 447092K->86010K(465920K)] 955414K->662556K(1497600K), 0.0898477 secs] [Times: user=0.49 sys=0.00, real=0.08 secs] 
3224.146: [GC (Allocation Failure) [PSYoungGen: 318970K->183158K(465920K)] 895519K->787228K(1497600K), 0.0368707 secs] [Times: user=0.16 sys=0.00, real=0.03 secs] 
3224.317: [GC (Allocation Failure) [PSYoungGen: 416118K->184886K(465920K)] 1020188K->845936K(1497600K), 0.0490727 secs] [Times: user=0.23 sys=0.00, real=0.05 secs] 
3224.493: [GC (Allocation Failure) [PSYoungGen: 417846K->183604K(465920K)] 1078896K->900559K(1497600K), 0.0453935 secs] [Times: user=0.21 sys=0.00, real=0.05 secs] 
3225.547: [GC (Allocation Failure) [PSYoungGen: 416564K->103020K(465920K)] 1133519K->889479K(1497600K), 0.0453573 secs] [Times: user=0.23 sys=0.00, real=0.04 secs] 
3225.759: [GC (Allocation Failure) [PSYoungGen: 335980K->168308K(465920K)] 1122439K->988463K(1497600K), 0.0618403 secs] [Times: user=0.30 sys=0.00, real=0.06 secs] 
3225.952: [GC (Allocation Failure) [PSYoungGen: 401268K->184342K(465920K)] 1221423K->1056825K(1497600K), 0.0424125 secs] [Times: user=0.19 sys=0.00, real=0.04 secs] 
3226.168: [GC (Allocation Failure) [PSYoungGen: 417302K->181078K(465920K)] 1289785K->1117834K(1497600K), 0.0697990 secs] [Times: user=0.34 sys=0.00, real=0.07 secs] 
3226.468: [GC (Allocation Failure) [PSYoungGen: 414038K->186741K(465920K)] 1350794K->1180992K(1497600K), 0.0550002 secs] [Times: user=0.27 sys=0.00, real=0.05 secs] 
3226.523: [Full GC (Ergonomics) [PSYoungGen: 186741K->0K(465920K)] [ParOldGen: 994251K->369266K(1309184K)] 1180992K->369266K(1775104K), [Metaspace: 59991K->59991K(1105920K)], 0.6111417 secs] [Times: user=2.86 sys=0.00, real=0.61 secs] 
3228.064: [GC (Allocation Failure) [PSYoungGen: 232960K->79593K(465920K)] 602226K->448860K(1775104K), 0.0141187 secs] [Times: user=0.05 sys=0.00, real=0.02 secs] 
3228.226: [GC (Allocation Failure) [PSYoungGen: 312553K->182230K(465920K)] 681820K->576862K(1775104K), 0.0418581 secs] [Times: user=0.17 sys=0.00, real=0.05 secs] 
3228.426: [GC (Allocation Failure) [PSYoungGen: 415190K->181749K(465920K)] 809822K->633305K(1775104K), 0.0429743 secs] [Times: user=0.19 sys=0.00, real=0.05 secs] 
3228.576: [GC (GCLocker Initiated GC) [PSYoungGen: 414709K->184789K(465920K)] 866267K->691691K(1775104K), 0.0451382 secs] [Times: user=0.21 sys=0.01, real=0.05 secs] 
3229.560: [GC (Allocation Failure) [PSYoungGen: 417749K->111661K(465920K)] 924784K->688605K(1775104K), 0.0453747 secs] [Times: user=0.23 sys=0.00, real=0.04 secs] 
3230.731: [GC (Allocation Failure) [PSYoungGen: 344621K->156306K(465920K)] 921565K->769546K(1775104K), 0.0801013 secs] [Times: user=0.42 sys=0.00, real=0.08 secs] 
3230.981: [GC (Allocation Failure) [PSYoungGen: 389266K->183861K(465920K)] 1002506K->845773K(1775104K), 0.0570829 secs] [Times: user=0.27 sys=0.00, real=0.06 secs] 
3231.206: [GC (Allocation Failure) [PSYoungGen: 416821K->185975K(465920K)] 1078733K->911999K(1775104K), 0.0582231 secs] [Times: user=0.28 sys=0.00, real=0.06 secs] 
3231.376: [GC (Allocation Failure) [PSYoungGen: 418935K->186741K(465920K)] 1144959K->971749K(1775104K), 0.0559933 secs] [Times: user=0.28 sys=0.00, real=0.05 secs] 
3232.357: [GC (Allocation Failure) [PSYoungGen: 419701K->88986K(465920K)] 1204709K->944450K(1775104K), 0.0407590 secs] [Times: user=0.20 sys=0.01, real=0.04 secs] 
3232.517: [GC (Allocation Failure) [PSYoungGen: 321946K->180437K(465920K)] 1177410K->1064970K(1775104K), 0.0341545 secs] [Times: user=0.14 sys=0.00, real=0.03 secs] 
3232.695: [GC (Allocation Failure) [PSYoungGen: 413397K->180917K(465920K)] 1297930K->1121673K(1775104K), 0.0626127 secs] [Times: user=0.30 sys=0.00, real=0.07 secs] 
3233.252: [GC (Allocation Failure) [PSYoungGen: 413877K->186805K(465920K)] 1354633K->1182265K(1775104K), 0.0585309 secs] [Times: user=0.29 sys=0.00, real=0.06 secs] 
3234.316: [GC (Allocation Failure) [PSYoungGen: 419765K->114366K(465920K)] 1415225K->1180130K(1775104K), 0.0565940 secs] [Times: user=0.23 sys=0.06, real=0.05 secs] 
3234.584: [GC (Allocation Failure) [PSYoungGen: 347326K->153394K(465920K)] 1413090K->1255991K(1775104K), 0.1000351 secs] [Times: user=0.36 sys=0.11, real=0.10 secs] 
3234.888: [GC (Allocation Failure) [PSYoungGen: 386354K->183637K(465920K)] 1488951K->1334047K(1775104K), 0.0566329 secs] [Times: user=0.22 sys=0.06, real=0.05 secs] 
3235.082: [GC (Allocation Failure) [PSYoungGen: 416597K->185815K(465920K)] 1567007K->1400652K(1775104K), 0.0645603 secs] [Times: user=0.27 sys=0.06, real=0.07 secs] 
3235.253: [GC (Allocation Failure) [PSYoungGen: 418775K->183604K(465920K)] 1633612K->1457322K(1775104K), 0.0588916 secs] [Times: user=0.27 sys=0.03, real=0.06 secs] 
3235.312: [Full GC (Ergonomics) [PSYoungGen: 183604K->0K(465920K)] [ParOldGen: 1273717K->361774K(1331200K)] 1457322K->361774K(1797120K), [Metaspace: 59991K->59991K(1105920K)], 0.5927820 secs] [Times: user=2.77 sys=0.00, real=0.59 secs] 
3237.738: [GC (Allocation Failure) [PSYoungGen: 232960K->85722K(465920K)] 594734K->447496K(1797120K), 0.0587723 secs] [Times: user=0.28 sys=0.00, real=0.06 secs] 
3238.378: [GC (Allocation Failure) [PSYoungGen: 318682K->173557K(465920K)] 680456K->563284K(1797120K), 0.0401795 secs] [Times: user=0.16 sys=0.01, real=0.04 secs] 
3238.535: [GC (Allocation Failure) [PSYoungGen: 406517K->184854K(465920K)] 796244K->628737K(1797120K), 0.0441413 secs] [Times: user=0.20 sys=0.00, real=0.05 secs] 
3238.687: [GC (Allocation Failure) [PSYoungGen: 417814K->187253K(465920K)] 861697K->687104K(1797120K), 0.0465999 secs] [Times: user=0.22 sys=0.00, real=0.04 secs] 
3239.668: [GC (Allocation Failure) [PSYoungGen: 420213K->124687K(465920K)] 920064K->695099K(1797120K), 0.0484044 secs] [Times: user=0.24 sys=0.00, real=0.05 secs] 
3239.839: [GC (Allocation Failure) [PSYoungGen: 357647K->148465K(465920K)] 928059K->758532K(1797120K), 0.0611331 secs] [Times: user=0.31 sys=0.00, real=0.06 secs] 
3240.069: [GC (Allocation Failure) [PSYoungGen: 381425K->181909K(465920K)] 991492K->837442K(1797120K), 0.0522698 secs] [Times: user=0.24 sys=0.00, real=0.05 secs] 
3240.253: [GC (Allocation Failure) [PSYoungGen: 414869K->185431K(465920K)] 1070402K->904719K(1797120K), 0.0499171 secs] [Times: user=0.23 sys=0.00, real=0.05 secs] 
3241.716: [GC (GCLocker Initiated GC) [PSYoungGen: 418391K->180852K(465920K)] 1137680K->959005K(1797120K), 0.1011971 secs] [Times: user=0.53 sys=0.00, real=0.11 secs] 
3242.844: [GC (Allocation Failure) [PSYoungGen: 413812K->90698K(465920K)] 1192260K->937826K(1797120K), 0.0425415 secs] [Times: user=0.22 sys=0.00, real=0.05 secs] 
3243.118: [GC (Allocation Failure) [PSYoungGen: 323658K->177557K(465920K)] 1170786K->1053754K(1797120K), 0.0472096 secs] [Times: user=0.20 sys=0.00, real=0.04 secs] 
3243.300: [GC (Allocation Failure) [PSYoungGen: 410517K->180469K(465920K)] 1286714K->1112410K(1797120K), 0.0437197 secs] [Times: user=0.19 sys=0.01, real=0.04 secs] 
3243.452: [GC (Allocation Failure) [PSYoungGen: 413429K->186901K(465920K)] 1345370K->1173798K(1797120K), 0.0449384 secs] [Times: user=0.21 sys=0.00, real=0.05 secs] 
3244.471: [GC (Allocation Failure) [PSYoungGen: 419861K->137553K(465920K)] 1406758K->1194798K(1797120K), 0.0496886 secs] [Times: user=0.25 sys=0.00, real=0.05 secs] 
3245.977: [GC (Allocation Failure) [PSYoungGen: 370513K->133472K(465920K)] 1427758K->1234380K(1797120K), 0.1175065 secs] [Times: user=0.64 sys=0.00, real=0.11 secs] 
3246.219: [GC (Allocation Failure) [PSYoungGen: 366432K->175540K(465920K)] 1467340K->1319066K(1797120K), 0.0384824 secs] [Times: user=0.17 sys=0.00, real=0.04 secs] 
3246.374: [GC (GCLocker Initiated GC) [PSYoungGen: 408500K->185303K(465920K)] 1552030K->1390548K(1797120K), 0.0499782 secs] [Times: user=0.23 sys=0.00, real=0.05 secs] 
3246.581: [GC (Allocation Failure) [PSYoungGen: 418263K->186037K(465920K)] 1623636K->1450266K(1797120K), 0.0738084 secs] [Times: user=0.39 sys=0.00, real=0.07 secs] 
3246.655: [Full GC (Ergonomics) [PSYoungGen: 186037K->0K(465920K)] [ParOldGen: 1264229K->355276K(1356800K)] 1450266K->355276K(1822720K), [Metaspace: 59994K->59994K(1105920K)], 0.5823487 secs] [Times: user=2.73 sys=0.00, real=0.59 secs] 
3248.163: [GC (GCLocker Initiated GC) [PSYoungGen: 232960K->89914K(465920K)] 588238K->445193K(1822720K), 0.0283484 secs] [Times: user=0.13 sys=0.00, real=0.03 secs] 
3248.435: [GC (Allocation Failure) [PSYoungGen: 322874K->181461K(465920K)] 678445K->565961K(1822720K), 0.0496488 secs] [Times: user=0.21 sys=0.00, real=0.05 secs] 
3248.637: [GC (Allocation Failure) [PSYoungGen: 414421K->180533K(465920K)] 798921K->620473K(1822720K), 0.0427292 secs] [Times: user=0.19 sys=0.00, real=0.04 secs] 
3248.788: [GC (Allocation Failure) [PSYoungGen: 413493K->187637K(465920K)] 853433K->682129K(1822720K), 0.0449190 secs] [Times: user=0.21 sys=0.00, real=0.04 secs] 
3250.005: [GC (Allocation Failure) [PSYoungGen: 420597K->144946K(465920K)] 915089K->710102K(1822720K), 0.0502315 secs] [Times: user=0.25 sys=0.00, real=0.05 secs] 
3250.249: [GC (GCLocker Initiated GC) [PSYoungGen: 377906K->123278K(465920K)] 943062K->734322K(1822720K), 0.0660012 secs] [Times: user=0.36 sys=0.00, real=0.06 secs] 
3250.468: [GC (Allocation Failure) [PSYoungGen: 356238K->182836K(465920K)] 967321K->833032K(1822720K), 0.0568267 secs] [Times: user=0.26 sys=0.00, real=0.05 secs] 
3250.714: [GC (Allocation Failure) [PSYoungGen: 415796K->185015K(465920K)] 1065992K->904838K(1822720K), 0.0670967 secs] [Times: user=0.33 sys=0.00, real=0.07 secs] 
3250.888: [GC (Allocation Failure) [PSYoungGen: 417975K->186965K(465920K)] 1137798K->965637K(1822720K), 0.0565433 secs] [Times: user=0.28 sys=0.00, real=0.05 secs] 
3252.078: [GC (Allocation Failure) [PSYoungGen: 419925K->91947K(465920K)] 1198597K->941027K(1822720K), 0.0745943 secs] [Times: user=0.41 sys=0.00, real=0.07 secs] 
3252.854: [GC (Allocation Failure) [PSYoungGen: 324907K->171924K(465920K)] 1173987K->1051229K(1822720K), 0.0483115 secs] [Times: user=0.21 sys=0.01, real=0.05 secs] 
3253.034: [GC (Allocation Failure) [PSYoungGen: 404884K->184534K(465920K)] 1284189K->1117550K(1822720K), 0.0423716 secs] [Times: user=0.19 sys=0.00, real=0.05 secs] 
3253.185: [GC (Allocation Failure) [PSYoungGen: 405379K->174101K(465920K)] 1338395K->1171197K(1822720K), 0.0481605 secs] [Times: user=0.23 sys=0.00, real=0.05 secs] 
3254.623: [GC (Allocation Failure) [PSYoungGen: 407061K->168915K(465920K)] 1404157K->1221363K(1822720K), 0.0560597 secs] [Times: user=0.28 sys=0.00, real=0.06 secs] 
3255.138: [GC (Allocation Failure) [PSYoungGen: 401875K->105708K(465920K)] 1454323K->1222812K(1822720K), 0.0543291 secs] [Times: user=0.29 sys=0.00, real=0.05 secs] 
3255.365: [GC (Allocation Failure) [PSYoungGen: 336772K->176597K(465920K)] 1453876K->1328114K(1822720K), 0.0519257 secs] [Times: user=0.23 sys=0.00, real=0.06 secs] 
3255.547: [GC (Allocation Failure) [PSYoungGen: 409557K->184662K(465920K)] 1561074K->1390947K(1822720K), 0.0444610 secs] [Times: user=0.20 sys=0.00, real=0.04 secs] 
3255.709: [GC (Allocation Failure) [PSYoungGen: 417622K->186677K(465920K)] 1623907K->1448894K(1822720K), 0.0459357 secs] [Times: user=0.21 sys=0.00, real=0.04 secs] 
3256.718: [GC (Allocation Failure) [PSYoungGen: 419637K->99292K(465920K)] 1681854K->1432025K(1822720K), 0.0537203 secs] [Times: user=0.22 sys=0.06, real=0.05 secs] 
3256.772: [Full GC (Ergonomics) [PSYoungGen: 99292K->0K(465920K)] [ParOldGen: 1332733K->91392K(1128960K)] 1432025K->91392K(1594880K), [Metaspace: 59998K->59998K(1105920K)], 0.0513833 secs] [Times: user=0.13 sys=0.01, real=0.05 secs] 
3257.019: [GC (Allocation Failure) [PSYoungGen: 232960K->169652K(465920K)] 324352K->261045K(1594880K), 0.0235902 secs] [Times: user=0.08 sys=0.01, real=0.02 secs] 
3257.183: [GC (Allocation Failure) [PSYoungGen: 402612K->184534K(465920K)] 494005K->329422K(1594880K), 0.0461090 secs] [Times: user=0.21 sys=0.00, real=0.05 secs] 
3257.363: [GC (Allocation Failure) [PSYoungGen: 417494K->185815K(465920K)] 562382K->394823K(1594880K), 0.0488451 secs] [Times: user=0.22 sys=0.00, real=0.05 secs] 
3257.827: [GC (Allocation Failure) [PSYoungGen: 418775K->209523K(465920K)] 627783K->477408K(1594880K), 0.0512573 secs] [Times: user=0.25 sys=0.00, real=0.05 secs] 
3258.584: [GC (Allocation Failure) [PSYoungGen: 442483K->93499K(465920K)] 710368K->427163K(1594880K), 0.0548884 secs] [Times: user=0.29 sys=0.00, real=0.06 secs] 
3258.835: [GC (Allocation Failure) [PSYoungGen: 326459K->183318K(465920K)] 660123K->546916K(1594880K), 0.0443136 secs] [Times: user=0.19 sys=0.00, real=0.05 secs] 
3258.997: [GC (Allocation Failure) [PSYoungGen: 416278K->192662K(465920K)] 779876K->613259K(1594880K), 0.0437401 secs] [Times: user=0.20 sys=0.00, real=0.04 secs] 
3259.146: [GC (Allocation Failure) [PSYoungGen: 425622K->203189K(465920K)] 846219K->679803K(1594880K), 0.0457579 secs] [Times: user=0.21 sys=0.00, real=0.04 secs] 
3260.328: [GC (Allocation Failure) [PSYoungGen: 436149K->96075K(465920K)] 912763K->643033K(1594880K), 0.0616565 secs] [Times: user=0.33 sys=0.00, real=0.06 secs] 
3261.330: [GC (Allocation Failure) [PSYoungGen: 329035K->167444K(465920K)] 875993K->745398K(1594880K), 0.0554267 secs] [Times: user=0.26 sys=0.00, real=0.05 secs] 
3261.566: [GC (Allocation Failure) [PSYoungGen: 400404K->184182K(465920K)] 978358K->814564K(1594880K), 0.0646924 secs] [Times: user=0.32 sys=0.00, real=0.06 secs] 
3261.810: [GC (Allocation Failure) [PSYoungGen: 417142K->186167K(465920K)] 1047524K->880629K(1594880K), 0.0641343 secs] [Times: user=0.32 sys=0.00, real=0.06 secs] 
3262.240: [GC (Allocation Failure) [PSYoungGen: 419127K->217812K(465920K)] 1113589K->971235K(1594880K), 0.0554936 secs] [Times: user=0.28 sys=0.00, real=0.05 secs] 
3263.101: [GC (Allocation Failure) [PSYoungGen: 450772K->89434K(465920K)] 1204195K->912209K(1594880K), 0.0430916 secs] [Times: user=0.23 sys=0.00, real=0.04 secs] 
3263.311: [GC (Allocation Failure) [PSYoungGen: 322394K->180117K(465920K)] 1145169K->1031684K(1594880K), 0.0467352 secs] [Times: user=0.21 sys=0.01, real=0.05 secs] 
3263.495: [GC (Allocation Failure) [PSYoungGen: 413077K->183637K(465920K)] 1264644K->1090764K(1594880K), 0.0440042 secs] [Times: user=0.20 sys=0.00, real=0.05 secs] 
3263.659: [GC (Allocation Failure) [PSYoungGen: 416597K->186261K(465920K)] 1323724K->1149140K(1594880K), 0.0462212 secs] [Times: user=0.21 sys=0.00, real=0.04 secs] 
3265.129: [GC (Allocation Failure) [PSYoungGen: 419221K->99148K(465920K)] 1382100K->1132331K(1594880K), 0.0458659 secs] [Times: user=0.24 sys=0.00, real=0.04 secs] 
3265.459: [GC (Allocation Failure) [PSYoungGen: 332108K->164307K(465920K)] 1365291K->1229439K(1594880K), 0.0756275 secs] [Times: user=0.38 sys=0.00, real=0.07 secs] 
3265.534: [Full GC (Ergonomics) [PSYoungGen: 164307K->0K(465920K)] [ParOldGen: 1065131K->183673K(1255424K)] 1229439K->183673K(1721344K), [Metaspace: 60001K->60001K(1105920K)], 0.2040580 secs] [Times: user=0.96 sys=0.00, real=0.21 secs] 
3265.851: [GC (Allocation Failure) [PSYoungGen: 232960K->184310K(465920K)] 416633K->367983K(1721344K), 0.0339193 secs] [Times: user=0.14 sys=0.00, real=0.03 secs] 
3266.010: [GC (Allocation Failure) [PSYoungGen: 417270K->186039K(465920K)] 600943K->433920K(1721344K), 0.0440907 secs] [Times: user=0.20 sys=0.00, real=0.04 secs] 
3266.159: [GC (Allocation Failure) [PSYoungGen: 418999K->186869K(465920K)] 666880K->493630K(1721344K), 0.0558054 secs] [Times: user=0.27 sys=0.00, real=0.05 secs] 
3268.290: [GC (Allocation Failure) [PSYoungGen: 419829K->82217K(465920K)] 726590K->459570K(1721344K), 0.0919268 secs] [Times: user=0.50 sys=0.00, real=0.09 secs] 
3268.566: [GC (Allocation Failure) [PSYoungGen: 315177K->182870K(465920K)] 692530K->587083K(1721344K), 0.0336055 secs] [Times: user=0.13 sys=0.00, real=0.04 secs] 
3268.711: [GC (GCLocker Initiated GC) [PSYoungGen: 415830K->184053K(465920K)] 820043K->644995K(1721344K), 0.0438974 secs] [Times: user=0.20 sys=0.00, real=0.04 secs] 
3268.864: [GC (Allocation Failure) [PSYoungGen: 417013K->186901K(465920K)] 878086K->704077K(1721344K), 0.0450134 secs] [Times: user=0.21 sys=0.00, real=0.05 secs] 
3269.848: [GC (Allocation Failure) [PSYoungGen: 419861K->105692K(465920K)] 937037K->693365K(1721344K), 0.0456230 secs] [Times: user=0.23 sys=0.00, real=0.04 secs] 
3270.044: [GC (GCLocker Initiated GC) [PSYoungGen: 338652K->160275K(465920K)] 926325K->783048K(1721344K), 0.0617064 secs] [Times: user=0.30 sys=0.00, real=0.06 secs] 
3270.268: [GC (Allocation Failure) [PSYoungGen: 393235K->180693K(465920K)] 1016175K->853717K(1721344K), 0.0496358 secs] [Times: user=0.23 sys=0.01, real=0.05 secs] 
3270.462: [GC (Allocation Failure) [PSYoungGen: 413653K->185367K(465920K)] 1086677K->921311K(1721344K), 0.0661139 secs] [Times: user=0.33 sys=0.00, real=0.07 secs] 
3270.663: [GC (Allocation Failure) [PSYoungGen: 418327K->186453K(465920K)] 1154271K->981197K(1721344K), 0.0552996 secs] [Times: user=0.27 sys=0.00, real=0.06 secs] 
3272.189: [GC (Allocation Failure) [PSYoungGen: 418766K->88026K(465920K)] 1213510K->953058K(1721344K), 0.0415301 secs] [Times: user=0.22 sys=0.00, real=0.04 secs] 
3272.391: [GC (Allocation Failure) [PSYoungGen: 320986K->178837K(465920K)] 1186018K->1072870K(1721344K), 0.0498130 secs] [Times: user=0.22 sys=0.00, real=0.05 secs] 
3272.587: [GC (Allocation Failure) [PSYoungGen: 411797K->184181K(465920K)] 1305830K->1133706K(1721344K), 0.0462116 secs] [Times: user=0.22 sys=0.00, real=0.04 secs] 
3272.764: [GC (Allocation Failure) [PSYoungGen: 417141K->186869K(465920K)] 1366666K->1192509K(1721344K), 0.0524305 secs] [Times: user=0.25 sys=0.00, real=0.05 secs] 
3273.799: [GC (Allocation Failure) [PSYoungGen: 419829K->111757K(465920K)] 1425469K->1187710K(1721344K), 0.0483185 secs] [Times: user=0.25 sys=0.00, real=0.05 secs] 
3274.912: [GC (Allocation Failure) [PSYoungGen: 344717K->149249K(465920K)] 1420670K->1261238K(1721344K), 0.0857570 secs] [Times: user=0.45 sys=0.00, real=0.09 secs] 
3275.134: [GC (Allocation Failure) [PSYoungGen: 382201K->183926K(465920K)] 1494190K->1342578K(1721344K), 0.0471066 secs] [Times: user=0.18 sys=0.03, real=0.05 secs] 
3275.617: [GC (GCLocker Initiated GC) [PSYoungGen: 416886K->184759K(465920K)] 1575539K->1407420K(1721344K), 0.1222192 secs] [Times: user=0.56 sys=0.08, real=0.12 secs] 
3275.739: [Full GC (Ergonomics) [PSYoungGen: 184759K->0K(465920K)] [ParOldGen: 1222661K->312077K(1398272K)] 1407420K->312077K(1864192K), [Metaspace: 60008K->60008K(1105920K)], 0.5008847 secs] [Times: user=2.40 sys=0.00, real=0.50 secs] 
3276.348: [GC (Allocation Failure) [PSYoungGen: 232960K->186517K(465920K)] 545040K->498597K(1864192K), 0.0300022 secs] [Times: user=0.12 sys=0.00, real=0.03 secs] 
3277.297: [GC (Allocation Failure) [PSYoungGen: 419477K->88058K(465920K)] 731557K->470546K(1864192K), 0.0410497 secs] [Times: user=0.21 sys=0.00, real=0.04 secs] 
3277.613: [GC (Allocation Failure) [PSYoungGen: 321018K->178197K(465920K)] 703506K->588970K(1864192K), 0.0478832 secs] [Times: user=0.21 sys=0.00, real=0.05 secs] 
3277.844: [GC (Allocation Failure) [PSYoungGen: 411157K->180469K(465920K)] 821930K->646798K(1864192K), 0.0599251 secs] [Times: user=0.28 sys=0.01, real=0.06 secs] 
3278.023: [GC (Allocation Failure) [PSYoungGen: 413429K->186933K(465920K)] 879758K->708038K(1864192K), 0.0445993 secs] [Times: user=0.21 sys=0.00, real=0.05 secs] 
3279.211: [GC (Allocation Failure) [PSYoungGen: 419893K->124143K(465920K)] 940998K->715980K(1864192K), 0.0474183 secs] [Times: user=0.24 sys=0.00, real=0.05 secs] 
3279.514: [GC (Allocation Failure) [PSYoungGen: 357103K->142417K(465920K)] 948940K->773518K(1864192K), 0.0838945 secs] [Times: user=0.45 sys=0.00, real=0.09 secs] 
3279.766: [GC (Allocation Failure) [PSYoungGen: 375377K->178197K(465920K)] 1006478K->854971K(1864192K), 0.0393712 secs] [Times: user=0.17 sys=0.00, real=0.03 secs] 
3279.918: [GC (Allocation Failure) [PSYoungGen: 411157K->185815K(465920K)] 1087931K->924781K(1864192K), 0.0494795 secs] [Times: user=0.23 sys=0.00, real=0.05 secs] 
3280.077: [GC (Allocation Failure) [PSYoungGen: 418775K->186741K(465920K)] 1157741K->984583K(1864192K), 0.0573198 secs] [Times: user=0.28 sys=0.00, real=0.05 secs] 
3281.348: [GC (Allocation Failure) [PSYoungGen: 419701K->87578K(465920K)] 1217543K->955848K(1864192K), 0.1051863 secs] [Times: user=0.58 sys=0.00, real=0.10 secs] 
3281.698: [GC (Allocation Failure) [PSYoungGen: 320538K->178613K(465920K)] 1188808K->1076136K(1864192K), 0.0333257 secs] [Times: user=0.13 sys=0.00, real=0.03 secs] 
3281.845: [GC (Allocation Failure) [PSYoungGen: 411573K->184470K(465920K)] 1309096K->1137468K(1864192K), 0.0440096 secs] [Times: user=0.20 sys=0.00, real=0.05 secs] 
3282.351: [GC (Allocation Failure) [PSYoungGen: 417329K->182996K(465920K)] 1370328K->1191843K(1864192K), 0.0886320 secs] [Times: user=0.45 sys=0.00, real=0.09 secs] 
3284.475: [GC (Allocation Failure) [PSYoungGen: 415956K->135664K(465920K)] 1424803K->1213623K(1864192K), 0.0497463 secs] [Times: user=0.25 sys=0.00, real=0.05 secs] 
3285.055: [GC (Allocation Failure) [PSYoungGen: 368624K->129263K(465920K)] 1446583K->1250094K(1864192K), 0.1323716 secs] [Times: user=0.74 sys=0.00, real=0.14 secs] 
3285.340: [GC (Allocation Failure) [PSYoungGen: 362223K->175508K(465920K)] 1483054K->1338100K(1864192K), 0.0381587 secs] [Times: user=0.17 sys=0.00, real=0.04 secs] 
3285.524: [GC (Allocation Failure) [PSYoungGen: 408468K->185431K(465920K)] 1571060K->1409206K(1864192K), 0.0603922 secs] [Times: user=0.30 sys=0.00, real=0.06 secs] 
3285.692: [GC (Allocation Failure) [PSYoungGen: 418391K->186869K(465920K)] 1642166K->1469565K(1864192K), 0.0705440 secs] [Times: user=0.28 sys=0.08, real=0.07 secs] 
3286.687: [GC (Allocation Failure) [PSYoungGen: 419829K->98699K(465920K)] 1702525K->1451795K(1864192K), 0.0572004 secs] [Times: user=0.24 sys=0.06, real=0.05 secs] 
3286.744: [Full GC (Ergonomics) [PSYoungGen: 98699K->0K(465920K)] [ParOldGen: 1353095K->99941K(1231872K)] 1451795K->99941K(1697792K), [Metaspace: 60008K->60008K(1105920K)], 0.0675185 secs] [Times: user=0.24 sys=0.01, real=0.07 secs] 
3287.047: [GC (Allocation Failure) [PSYoungGen: 232960K->173364K(465920K)] 332901K->273306K(1697792K), 0.0240277 secs] [Times: user=0.08 sys=0.00, real=0.02 secs] 
3287.180: [GC (Allocation Failure) [PSYoungGen: 406324K->177173K(465920K)] 506266K->331914K(1697792K), 0.0409474 secs] [Times: user=0.17 sys=0.01, real=0.04 secs] 
3287.403: [GC (Allocation Failure) [PSYoungGen: 410133K->186709K(465920K)] 564874K->394802K(1697792K), 0.0484006 secs] [Times: user=0.23 sys=0.00, real=0.05 secs] 
3288.381: [GC (Allocation Failure) [PSYoungGen: 419669K->149586K(465920K)] 627762K->427940K(1697792K), 0.0499997 secs] [Times: user=0.24 sys=0.00, real=0.05 secs] 
3289.056: [GC (Allocation Failure) [PSYoungGen: 382546K->125839K(465920K)] 660900K->451772K(1697792K), 0.1214723 secs] [Times: user=0.68 sys=0.01, real=0.12 secs] 
3289.372: [GC (Allocation Failure) [PSYoungGen: 358799K->176116K(465920K)] 684732K->542238K(1697792K), 0.0395827 secs] [Times: user=0.17 sys=0.01, real=0.04 secs] 
3289.529: [GC (Allocation Failure) [PSYoungGen: 409076K->180150K(465920K)] 775198K->607932K(1697792K), 0.0478446 secs] [Times: user=0.22 sys=0.00, real=0.05 secs] 
3289.709: [GC (Allocation Failure) [PSYoungGen: 413110K->186965K(465920K)] 840892K->672315K(1697792K), 0.0689711 secs] [Times: user=0.35 sys=0.00, real=0.07 secs] 
3290.871: [GC (Allocation Failure) [PSYoungGen: 419925K->98571K(465920K)] 905275K->654705K(1697792K), 0.0677026 secs] [Times: user=0.37 sys=0.00, real=0.07 secs] 
3291.194: [GC (GCLocker Initiated GC) [PSYoungGen: 331531K->175477K(465920K)] 887667K->763592K(1697792K), 0.0417898 secs] [Times: user=0.19 sys=0.00, real=0.05 secs] 
3291.348: [GC (Allocation Failure) [PSYoungGen: 408437K->184726K(465920K)] 996555K->827348K(1697792K), 0.0433654 secs] [Times: user=0.19 sys=0.00, real=0.04 secs] 
3291.930: [GC (Allocation Failure) [PSYoungGen: 417686K->185973K(465920K)] 1060308K->884523K(1697792K), 0.0470753 secs] [Times: user=0.22 sys=0.00, real=0.05 secs] 
3292.906: [GC (Allocation Failure) [PSYoungGen: 418933K->148434K(465920K)] 1117483K->917009K(1697792K), 0.0516279 secs] [Times: user=0.25 sys=0.01, real=0.06 secs] 
3293.157: [GC (Allocation Failure) [PSYoungGen: 381394K->116141K(465920K)] 1149969K->931484K(1697792K), 0.0743011 secs] [Times: user=0.39 sys=0.00, real=0.07 secs] 
3293.382: [GC (Allocation Failure) [PSYoungGen: 349101K->177493K(465920K)] 1164444K->1029452K(1697792K), 0.0509079 secs] [Times: user=0.23 sys=0.00, real=0.05 secs] 
3293.601: [GC (Allocation Failure) [PSYoungGen: 410453K->185335K(465920K)] 1262412K->1099466K(1697792K), 0.0598831 secs] [Times: user=0.29 sys=0.00, real=0.06 secs] 
3294.075: [GC (GCLocker Initiated GC) [PSYoungGen: 418295K->186453K(465920K)] 1332427K->1159385K(1697792K), 0.0761273 secs] [Times: user=0.40 sys=0.00, real=0.08 secs] 
3295.119: [GC (Allocation Failure) [PSYoungGen: 419413K->93979K(465920K)] 1392476K->1137346K(1697792K), 0.0448331 secs] [Times: user=0.22 sys=0.01, real=0.04 secs] 
3295.288: [GC (Allocation Failure) [PSYoungGen: 326939K->174421K(465920K)] 1370306K->1248272K(1697792K), 0.0397925 secs] [Times: user=0.17 sys=0.01, real=0.04 secs] 
3295.440: [GC (Allocation Failure) [PSYoungGen: 407381K->184566K(465920K)] 1481232K->1312565K(1697792K), 0.0454777 secs] [Times: user=0.21 sys=0.00, real=0.04 secs] 
3295.593: [GC (Allocation Failure) [PSYoungGen: 410525K->174549K(465920K)] 1538524K->1366837K(1697792K), 0.0506342 secs] [Times: user=0.24 sys=0.01, real=0.05 secs] 
3295.644: [Full GC (Ergonomics) [PSYoungGen: 174549K->0K(465920K)] [ParOldGen: 1192287K->318046K(1398272K)] 1366837K->318046K(1864192K), [Metaspace: 60012K->60012K(1105920K)], 0.4901584 secs] [Times: user=2.31 sys=0.00, real=0.49 secs] 
3296.905: [GC (Allocation Failure) [PSYoungGen: 228736K->205683K(465920K)] 546782K->523729K(1864192K), 0.0302334 secs] [Times: user=0.13 sys=0.00, real=0.03 secs] 
3298.483: [GC (Allocation Failure) [PSYoungGen: 438534K->93947K(465920K)] 756580K->476489K(1864192K), 0.0861236 secs] [Times: user=0.47 sys=0.00, real=0.09 secs] 
3298.747: [GC (Allocation Failure) [PSYoungGen: 326907K->182646K(465920K)] 709454K->595346K(1864192K), 0.0340948 secs] [Times: user=0.14 sys=0.00, real=0.03 secs] 
3298.914: [GC (Allocation Failure) [PSYoungGen: 415606K->190357K(465920K)] 828306K->659825K(1864192K), 0.0498942 secs] [Times: user=0.23 sys=0.00, real=0.05 secs] 
3299.096: [GC (Allocation Failure) [PSYoungGen: 423317K->186357K(465920K)] 892785K->710913K(1864192K), 0.0563802 secs] [Times: user=0.27 sys=0.01, real=0.06 secs] 
3300.086: [GC (Allocation Failure) [PSYoungGen: 419317K->98636K(465920K)] 943873K->693512K(1864192K), 0.0440435 secs] [Times: user=0.22 sys=0.00, real=0.04 secs] 
3300.249: [GC (Allocation Failure) [PSYoungGen: 331596K->169300K(465920K)] 926472K->796940K(1864192K), 0.0415255 secs] [Times: user=0.19 sys=0.00, real=0.04 secs] 
3300.423: [GC (Allocation Failure) [PSYoungGen: 402260K->181269K(465920K)] 1029900K->861757K(1864192K), 0.0510097 secs] [Times: user=0.25 sys=0.00, real=0.05 secs] 
3300.608: [GC (Allocation Failure) [PSYoungGen: 414229K->185303K(465920K)] 1094717K->928594K(1864192K), 0.0495941 secs] [Times: user=0.23 sys=0.00, real=0.05 secs] 
3301.223: [GC (Allocation Failure) [PSYoungGen: 418263K->218773K(465920K)] 1161554K->1021209K(1864192K), 0.0638480 secs] [Times: user=0.32 sys=0.00, real=0.07 secs] 
3302.253: [GC (Allocation Failure) [PSYoungGen: 451733K->87930K(465920K)] 1254169K->960518K(1864192K), 0.0517382 secs] [Times: user=0.27 sys=0.00, real=0.05 secs] 
3302.470: [GC (Allocation Failure) [PSYoungGen: 320890K->179509K(465920K)] 1193478K->1080961K(1864192K), 0.0484792 secs] [Times: user=0.21 sys=0.00, real=0.05 secs] 
3302.708: [GC (Allocation Failure) [PSYoungGen: 412469K->183765K(465920K)] 1313921K->1140937K(1864192K), 0.0637607 secs] [Times: user=0.31 sys=0.00, real=0.06 secs] 
3303.013: [GC (Allocation Failure) [PSYoungGen: 416725K->185973K(465920K)] 1373897K->1198916K(1864192K), 0.0510349 secs] [Times: user=0.24 sys=0.01, real=0.05 secs] 
3304.156: [GC (Allocation Failure) [PSYoungGen: 418933K->102732K(465920K)] 1431876K->1185800K(1864192K), 0.0453806 secs] [Times: user=0.23 sys=0.00, real=0.04 secs] 
3305.328: [GC (Allocation Failure) [PSYoungGen: 335692K->158643K(465920K)] 1418760K->1274994K(1864192K), 0.0608571 secs] [Times: user=0.30 sys=0.01, real=0.06 secs] 
3305.532: [GC (Allocation Failure) [PSYoungGen: 391603K->184022K(465920K)] 1507954K->1349769K(1864192K), 0.0418742 secs] [Times: user=0.19 sys=0.00, real=0.04 secs] 
3305.686: [GC (Allocation Failure) [PSYoungGen: 416982K->186199K(465920K)] 1582729K->1415946K(1864192K), 0.0510799 secs] [Times: user=0.24 sys=0.00, real=0.06 secs] 
3305.847: [GC (Allocation Failure) [PSYoungGen: 419159K->186453K(465920K)] 1648906K->1475320K(1864192K), 0.0681242 secs] [Times: user=0.30 sys=0.06, real=0.06 secs] 
3306.891: [GC (Allocation Failure) [PSYoungGen: 419409K->87626K(465920K)] 1708276K->1446853K(1864192K), 0.0516960 secs] [Times: user=0.21 sys=0.08, real=0.05 secs] 
3306.943: [Full GC (Ergonomics) [PSYoungGen: 87626K->0K(465920K)] [ParOldGen: 1359227K->101658K(1290752K)] 1446853K->101658K(1756672K), [Metaspace: 60014K->60014K(1105920K)], 0.0896133 secs] [Times: user=0.36 sys=0.00, real=0.09 secs] 
3307.234: [GC (Allocation Failure) [PSYoungGen: 232960K->181717K(465920K)] 334618K->283376K(1756672K), 0.0297133 secs] [Times: user=0.11 sys=0.00, real=0.03 secs] 
3307.384: [GC (Allocation Failure) [PSYoungGen: 414677K->184566K(465920K)] 516336K->341628K(1756672K), 0.0405768 secs] [Times: user=0.18 sys=0.00, real=0.04 secs] 
3307.555: [GC (Allocation Failure) [PSYoungGen: 417526K->187125K(465920K)] 574588K->400107K(1756672K), 0.0511177 secs] [Times: user=0.25 sys=0.00, real=0.05 secs] 
3308.556: [GC (Allocation Failure) [PSYoungGen: 419977K->110445K(465920K)] 632959K->394084K(1756672K), 0.0457873 secs] [Times: user=0.23 sys=0.00, real=0.05 secs] 
3308.766: [GC (Allocation Failure) [PSYoungGen: 343405K->160979K(465920K)] 627044K->480914K(1756672K), 0.0674825 secs] [Times: user=0.34 sys=0.00, real=0.06 secs] 
3309.019: [GC (Allocation Failure) [PSYoungGen: 393939K->180309K(465920K)] 713874K->550984K(1756672K), 0.0585412 secs] [Times: user=0.27 sys=0.00, real=0.06 secs] 
3309.204: [GC (Allocation Failure) [PSYoungGen: 413269K->185719K(465920K)] 783944K->619466K(1756672K), 0.0492879 secs] [Times: user=0.23 sys=0.00, real=0.05 secs] 
3309.385: [GC (Allocation Failure) [PSYoungGen: 418679K->186773K(465920K)] 852426K->679432K(1756672K), 0.0635070 secs] [Times: user=0.32 sys=0.00, real=0.07 secs] 
3311.576: [GC (Allocation Failure) [PSYoungGen: 419733K->85514K(465920K)] 912392K->648653K(1756672K), 0.1165502 secs] [Times: user=0.64 sys=0.00, real=0.11 secs] 
3311.910: [GC (Allocation Failure) [PSYoungGen: 318474K->178229K(465920K)] 881613K->769572K(1756672K), 0.0333072 secs] [Times: user=0.14 sys=0.00, real=0.03 secs] 
3312.083: [GC (Allocation Failure) [PSYoungGen: 411189K->184790K(465920K)] 1002532K->831289K(1756672K), 0.0485447 secs] [Times: user=0.22 sys=0.01, real=0.05 secs] 
3312.263: [GC (Allocation Failure) [PSYoungGen: 417750K->203093K(465920K)] 1064249K->905632K(1756672K), 0.0464572 secs] [Times: user=0.21 sys=0.00, real=0.05 secs] 
3313.272: [GC (Allocation Failure) [PSYoungGen: 436053K->114350K(465920K)] 1138592K->887449K(1756672K), 0.0466090 secs] [Times: user=0.23 sys=0.00, real=0.05 secs] 
3313.596: [GC (Allocation Failure) [PSYoungGen: 347183K->152690K(465920K)] 1120282K->962366K(1756672K), 0.1025040 secs] [Times: user=0.54 sys=0.00, real=0.11 secs] 
3313.846: [GC (Allocation Failure) [PSYoungGen: 385650K->181365K(465920K)] 1195326K->1038673K(1756672K), 0.0412437 secs] [Times: user=0.18 sys=0.01, real=0.04 secs] 
3314.002: [GC (Allocation Failure) [PSYoungGen: 414325K->185367K(465920K)] 1271633K->1105675K(1756672K), 0.0505200 secs] [Times: user=0.24 sys=0.00, real=0.05 secs] 
3315.048: [GC (Allocation Failure) [PSYoungGen: 418327K->181940K(465920K)] 1338635K->1161037K(1756672K), 0.0993067 secs] [Times: user=0.50 sys=0.01, real=0.10 secs] 
3316.195: [GC (GCLocker Initiated GC) [PSYoungGen: 414900K->90346K(465920K)] 1393997K->1138243K(1756672K), 0.0610810 secs] [Times: user=0.31 sys=0.01, real=0.07 secs] 
3316.479: [GC (Allocation Failure) [PSYoungGen: 323306K->177397K(465920K)] 1371338K->1254628K(1756672K), 0.0443546 secs] [Times: user=0.19 sys=0.00, real=0.04 secs] 
3316.646: [GC (GCLocker Initiated GC) [PSYoungGen: 410357K->184694K(465920K)] 1487589K->1317401K(1756672K), 0.0456636 secs] [Times: user=0.21 sys=0.00, real=0.05 secs] 
3316.800: [GC (Allocation Failure) [PSYoungGen: 417654K->186997K(465920K)] 1550528K->1375879K(1756672K), 0.0462246 secs] [Times: user=0.22 sys=0.00, real=0.05 secs] 
3317.814: [GC (Allocation Failure) [PSYoungGen: 419957K->122383K(465920K)] 1608839K->1381857K(1756672K), 0.0496100 secs] [Times: user=0.25 sys=0.00, real=0.05 secs] 
3317.864: [Full GC (Ergonomics) [PSYoungGen: 122383K->0K(465920K)] [ParOldGen: 1259474K->338317K(1398272K)] 1381857K->338317K(1864192K), [Metaspace: 60026K->60026K(1105920K)], 0.5800145 secs] [Times: user=2.51 sys=0.00, real=0.58 secs] 
3320.249: [GC (Allocation Failure) [PSYoungGen: 232960K->138960K(465920K)] 571277K->477278K(1864192K), 0.0356742 secs] [Times: user=0.14 sys=0.00, real=0.03 secs] 
3320.461: [GC (Allocation Failure) [PSYoungGen: 371920K->178933K(465920K)] 710238K->561715K(1864192K), 0.0386769 secs] [Times: user=0.16 sys=0.00, real=0.04 secs] 
3320.611: [GC (Allocation Failure) [PSYoungGen: 411893K->183222K(465920K)] 794675K->628341K(1864192K), 0.0485862 secs] [Times: user=0.22 sys=0.00, real=0.05 secs] 
3320.769: [GC (Allocation Failure) [PSYoungGen: 416182K->186453K(465920K)] 861301K->690011K(1864192K), 0.0562778 secs] [Times: user=0.28 sys=0.00, real=0.05 secs] 
3321.770: [GC (Allocation Failure) [PSYoungGen: 419413K->89642K(465920K)] 922971K->663521K(1864192K), 0.0447764 secs] [Times: user=0.24 sys=0.00, real=0.04 secs] 
3321.932: [GC (Allocation Failure) [PSYoungGen: 322602K->177621K(465920K)] 896481K->781104K(1864192K), 0.0322966 secs] [Times: user=0.13 sys=0.00, real=0.03 secs] 
3322.076: [GC (Allocation Failure) [PSYoungGen: 410581K->184662K(465920K)] 1014064K->843868K(1864192K), 0.0436921 secs] [Times: user=0.19 sys=0.00, real=0.04 secs] 
3322.252: [GC (Allocation Failure) [PSYoungGen: 417622K->187125K(465920K)] 1076828K->902227K(1864192K), 0.0504612 secs] [Times: user=0.23 sys=0.00, real=0.05 secs] 
3323.242: [GC (Allocation Failure) [PSYoungGen: 420085K->134256K(465920K)] 1135187K->919891K(1864192K), 0.0490535 secs] [Times: user=0.24 sys=0.00, real=0.05 secs] 
3323.599: [GC (Allocation Failure) [PSYoungGen: 367216K->134096K(465920K)] 1152851K->962234K(1864192K), 0.1236829 secs] [Times: user=0.68 sys=0.00, real=0.12 secs] 
3323.876: [GC (GCLocker Initiated GC) [PSYoungGen: 367056K->173908K(465920K)] 1195197K->1045129K(1864192K), 0.0382722 secs] [Times: user=0.17 sys=0.01, real=0.04 secs] 
3324.028: [GC (Allocation Failure) [PSYoungGen: 406868K->185399K(465920K)] 1278092K->1117567K(1864192K), 0.0485238 secs] [Times: user=0.22 sys=0.00, real=0.05 secs] 
3324.185: [GC (Allocation Failure) [PSYoungGen: 418359K->186709K(465920K)] 1350527K->1177797K(1864192K), 0.0577480 secs] [Times: user=0.29 sys=0.00, real=0.06 secs] 
3325.539: [GC (Allocation Failure) [PSYoungGen: 419669K->89498K(465920K)] 1410757K->1150882K(1864192K), 0.1037249 secs] [Times: user=0.56 sys=0.01, real=0.10 secs] 
3326.191: [GC (Allocation Failure) [PSYoungGen: 322458K->177973K(465920K)] 1383842K->1269377K(1864192K), 0.0452844 secs] [Times: user=0.20 sys=0.00, real=0.05 secs] 
3326.357: [GC (Allocation Failure) [PSYoungGen: 410933K->184790K(465920K)] 1502337K->1331430K(1864192K), 0.0432750 secs] [Times: user=0.20 sys=0.00, real=0.04 secs] 
3326.540: [GC (Allocation Failure) [PSYoungGen: 417750K->183828K(465920K)] 1564390K->1386493K(1864192K), 0.0482410 secs] [Times: user=0.23 sys=0.00, real=0.05 secs] 
3327.862: [GC (Allocation Failure) [PSYoungGen: 416788K->145298K(465920K)] 1619453K->1417226K(1864192K), 0.0504502 secs] [Times: user=0.25 sys=0.00, real=0.05 secs] 
3328.168: [GC (Allocation Failure) [PSYoungGen: 378258K->127199K(465920K)] 1650186K->1445223K(1864192K), 0.1079468 secs] [Times: user=0.57 sys=0.02, real=0.10 secs] 
3328.276: [Full GC (Ergonomics) [PSYoungGen: 127199K->0K(465920K)] [ParOldGen: 1318024K->143936K(1388544K)] 1445223K->143936K(1854464K), [Metaspace: 60047K->60047K(1105920K)], 0.1476603 secs] [Times: user=0.66 sys=0.00, real=0.15 secs] 
3328.551: [GC (Allocation Failure) [PSYoungGen: 232960K->172276K(465920K)] 376896K->316213K(1854464K), 0.0253632 secs] [Times: user=0.09 sys=0.00, real=0.02 secs] 
3328.722: [GC (Allocation Failure) [PSYoungGen: 405236K->184823K(465920K)] 549173K->389163K(1854464K), 0.0592648 secs] [Times: user=0.28 sys=0.01, real=0.06 secs] 
3328.913: [GC (Allocation Failure) [PSYoungGen: 417783K->186517K(465920K)] 622123K->449382K(1854464K), 0.0610778 secs] [Times: user=0.31 sys=0.00, real=0.06 secs] 
3329.888: [GC (GCLocker Initiated GC) [PSYoungGen: 419477K->96075K(465920K)] 682342K->429420K(1854464K), 0.0449923 secs] [Times: user=0.24 sys=0.00, real=0.04 secs] 
3330.113: [GC (Allocation Failure) [PSYoungGen: 329035K->174357K(465920K)] 662511K->539505K(1854464K), 0.0473015 secs] [Times: user=0.20 sys=0.01, real=0.05 secs] 
3330.336: [GC (Allocation Failure) [PSYoungGen: 407317K->184438K(465920K)] 772465K->604462K(1854464K), 0.0559160 secs] [Times: user=0.26 sys=0.00, real=0.06 secs] 
3330.520: [GC (Allocation Failure) [PSYoungGen: 417398K->232852K(465920K)] 837422K->709541K(1854464K), 0.0455932 secs] [Times: user=0.21 sys=0.00, real=0.04 secs] 
3331.463: [GC (Allocation Failure) [PSYoungGen: 465812K->152531K(465920K)] 942501K->698875K(1854464K), 0.0504030 secs] [Times: user=0.24 sys=0.00, real=0.05 secs] 
3332.092: [GC (Allocation Failure) [PSYoungGen: 385491K->115501K(465920K)] 931835K->710222K(1854464K), 0.1331717 secs] [Times: user=0.75 sys=0.00, real=0.13 secs] 
3332.363: [GC (Allocation Failure) [PSYoungGen: 348461K->178805K(465920K)] 943182K->810428K(1854464K), 0.0366785 secs] [Times: user=0.16 sys=0.00, real=0.04 secs] 
3332.511: [GC (Allocation Failure) [PSYoungGen: 411765K->182806K(465920K)] 1043388K->876818K(1854464K), 0.0497053 secs] [Times: user=0.23 sys=0.00, real=0.05 secs] 
3333.577: [GC (Allocation Failure) [PSYoungGen: 415766K->182388K(465920K)] 1109778K->934256K(1854464K), 0.1228145 secs] [Times: user=0.65 sys=0.00, real=0.12 secs] 
3335.250: [GC (Allocation Failure) [PSYoungGen: 415328K->96459K(465920K)] 1167196K->917199K(1854464K), 0.0534039 secs] [Times: user=0.28 sys=0.00, real=0.05 secs] 
3335.522: [GC (Allocation Failure) [PSYoungGen: 329419K->174261K(465920K)] 1150159K->1026045K(1854464K), 0.0621468 secs] [Times: user=0.29 sys=0.00, real=0.06 secs] 
3335.738: [GC (Allocation Failure) [PSYoungGen: 407221K->180917K(465920K)] 1259005K->1087858K(1854464K), 0.0435008 secs] [Times: user=0.19 sys=0.00, real=0.04 secs] 
3335.893: [GC (Allocation Failure) [PSYoungGen: 413444K->181814K(465920K)] 1320385K->1151747K(1854464K), 0.0501542 secs] [Times: user=0.23 sys=0.00, real=0.05 secs] 
3336.835: [GC (Allocation Failure) [PSYoungGen: 414774K->169715K(465920K)] 1384707K->1197251K(1854464K), 0.0554228 secs] [Times: user=0.28 sys=0.00, real=0.06 secs] 
3337.183: [GC (GCLocker Initiated GC) [PSYoungGen: 402675K->110605K(465920K)] 1430212K->1203210K(1854464K), 0.0643006 secs] [Times: user=0.34 sys=0.00, real=0.07 secs] 
3337.428: [GC (Allocation Failure) [PSYoungGen: 343565K->176308K(465920K)] 1436171K->1304448K(1854464K), 0.0386996 secs] [Times: user=0.17 sys=0.01, real=0.04 secs] 
3337.606: [GC (Allocation Failure) [PSYoungGen: 409268K->183254K(465920K)] 1537408K->1381582K(1854464K), 0.0548215 secs] [Times: user=0.26 sys=0.00, real=0.05 secs] 
3337.791: [GC (Allocation Failure) [PSYoungGen: 416214K->186805K(465920K)] 1614542K->1443385K(1854464K), 0.0583585 secs] [Times: user=0.28 sys=0.00, real=0.06 secs] 
3338.777: [GC (Allocation Failure) [PSYoungGen: 419765K->93867K(465920K)] 1676345K->1420947K(1854464K), 0.0494289 secs] [Times: user=0.25 sys=0.01, real=0.05 secs] 
3338.826: [Full GC (Ergonomics) [PSYoungGen: 93867K->0K(465920K)] [ParOldGen: 1327079K->88676K(1352704K)] 1420947K->88676K(1818624K), [Metaspace: 60049K->60049K(1105920K)], 0.0453494 secs] [Times: user=0.15 sys=0.01, real=0.04 secs] 
3339.163: [GC (Allocation Failure) [PSYoungGen: 232960K->173621K(465920K)] 321636K->262297K(1818624K), 0.0353750 secs] [Times: user=0.14 sys=0.00, real=0.04 secs] 
3339.345: [GC (Allocation Failure) [PSYoungGen: 406581K->181749K(465920K)] 495257K->324925K(1818624K), 0.0412974 secs] [Times: user=0.18 sys=0.00, real=0.05 secs] 
3339.503: [GC (Allocation Failure) [PSYoungGen: 414709K->185879K(465920K)] 557885K->392647K(1818624K), 0.0487829 secs] [Times: user=0.23 sys=0.00, real=0.05 secs] 
3340.411: [GC (Allocation Failure) [PSYoungGen: 416238K->206899K(465920K)] 623006K->472667K(1818624K), 0.0540698 secs] [Times: user=0.27 sys=0.00, real=0.05 secs] 
3341.741: [GC (Allocation Failure) [PSYoungGen: 439859K->94795K(465920K)] 705627K->425527K(1818624K), 0.0963175 secs] [Times: user=0.51 sys=0.01, real=0.10 secs] 
3342.052: [GC (Allocation Failure) [PSYoungGen: 327755K->183254K(465920K)] 658487K->544539K(1818624K), 0.0359113 secs] [Times: user=0.15 sys=0.00, real=0.04 secs] 
3342.199: [GC (Allocation Failure) [PSYoungGen: 416214K->184630K(465920K)] 777499K->602767K(1818624K), 0.0436957 secs] [Times: user=0.20 sys=0.00, real=0.04 secs] 
3342.351: [GC (Allocation Failure) [PSYoungGen: 417590K->186581K(465920K)] 835727K->660782K(1818624K), 0.0454684 secs] [Times: user=0.21 sys=0.00, real=0.05 secs] 
3343.368: [GC (Allocation Failure) [PSYoungGen: 419541K->96635K(465920K)] 893742K->641245K(1818624K), 0.0440893 secs] [Times: user=0.23 sys=0.00, real=0.04 secs] 
3343.584: [GC (Allocation Failure) [PSYoungGen: 329595K->166868K(465920K)] 874205K->743453K(1818624K), 0.0648507 secs] [Times: user=0.31 sys=0.00, real=0.07 secs] 
3343.807: [GC (Allocation Failure) [PSYoungGen: 399828K->184085K(465920K)] 976413K->812723K(1818624K), 0.0427757 secs] [Times: user=0.19 sys=0.00, real=0.04 secs] 
3343.962: [GC (Allocation Failure) [PSYoungGen: 417045K->185943K(465920K)] 1045683K->878724K(1818624K), 0.0510544 secs] [Times: user=0.24 sys=0.00, real=0.05 secs] 
3344.408: [GC (Allocation Failure) [PSYoungGen: 418903K->214644K(465920K)] 1111684K->966230K(1818624K), 0.0669923 secs] [Times: user=0.33 sys=0.01, real=0.06 secs] 
3345.406: [GC (GCLocker Initiated GC) [PSYoungGen: 447604K->90218K(465920K)] 1199191K->910285K(1818624K), 0.0464667 secs] [Times: user=0.24 sys=0.00, real=0.05 secs] 
3345.605: [GC (Allocation Failure) [PSYoungGen: 323178K->182614K(465920K)] 1143540K->1031968K(1818624K), 0.0448564 secs] [Times: user=0.19 sys=0.00, real=0.05 secs] 
3345.777: [GC (Allocation Failure) [PSYoungGen: 415574K->184534K(465920K)] 1264928K->1091015K(1818624K), 0.0444470 secs] [Times: user=0.20 sys=0.00, real=0.04 secs] 
3345.929: [GC (Allocation Failure) [PSYoungGen: 417494K->186485K(465920K)] 1323975K->1148911K(1818624K), 0.0460511 secs] [Times: user=0.21 sys=0.00, real=0.04 secs] 
3347.000: [GC (Allocation Failure) [PSYoungGen: 419445K->98588K(465920K)] 1381871K->1131293K(1818624K), 0.0480609 secs] [Times: user=0.25 sys=0.00, real=0.05 secs] 
3348.140: [GC (Allocation Failure) [PSYoungGen: 331548K->165780K(465920K)] 1364253K->1230914K(1818624K), 0.0632076 secs] [Times: user=0.31 sys=0.00, real=0.06 secs] 
3348.326: [GC (Allocation Failure) [PSYoungGen: 398740K->183669K(465920K)] 1463874K->1300320K(1818624K), 0.0429937 secs] [Times: user=0.19 sys=0.00, real=0.04 secs] 
3348.482: [GC (Allocation Failure) [PSYoungGen: 416629K->184759K(465920K)] 1533280K->1365385K(1818624K), 0.0507925 secs] [Times: user=0.24 sys=0.00, real=0.05 secs] 
3348.691: [GC (Allocation Failure) [PSYoungGen: 417719K->184052K(465920K)] 1598345K->1423359K(1818624K), 0.0808685 secs] [Times: user=0.41 sys=0.00, real=0.08 secs] 
3349.766: [GC (Allocation Failure) [PSYoungGen: 417012K->88250K(465920K)] 1656319K->1396948K(1818624K), 0.0433402 secs] [Times: user=0.23 sys=0.00, real=0.04 secs] 
3349.810: [Full GC (Ergonomics) [PSYoungGen: 88250K->0K(465920K)] [ParOldGen: 1308698K->104214K(1377280K)] 1396948K->104214K(1843200K), [Metaspace: 60052K->60052K(1105920K)], 0.1006341 secs] [Times: user=0.39 sys=0.00, real=0.10 secs] 
3350.031: [GC (Allocation Failure) [PSYoungGen: 232960K->182678K(465920K)] 337174K->286892K(1843200K), 0.0259072 secs] [Times: user=0.09 sys=0.00, real=0.03 secs] 
3350.166: [GC (Allocation Failure) [PSYoungGen: 415638K->181205K(465920K)] 519852K->342452K(1843200K), 0.0409900 secs] [Times: user=0.18 sys=0.00, real=0.05 secs] 
3350.339: [GC (Allocation Failure) [PSYoungGen: 414165K->186741K(465920K)] 575412K->402820K(1843200K), 0.0498971 secs] [Times: user=0.24 sys=0.00, real=0.05 secs] 
3351.541: [GC (Allocation Failure) [PSYoungGen: 419701K->103036K(465920K)] 635780K->389635K(1843200K), 0.0450546 secs] [Times: user=0.23 sys=0.00, real=0.04 secs] 
3351.835: [GC (Allocation Failure) [PSYoungGen: 335996K->163827K(465920K)] 622595K->483415K(1843200K), 0.0824672 secs] [Times: user=0.42 sys=0.00, real=0.09 secs] 
3352.107: [GC (Allocation Failure) [PSYoungGen: 396787K->180661K(465920K)] 716375K->552025K(1843200K), 0.0441933 secs] [Times: user=0.20 sys=0.01, real=0.04 secs] 
3352.299: [GC (Allocation Failure) [PSYoungGen: 413621K->186103K(465920K)] 784985K->628611K(1843200K), 0.0603910 secs] [Times: user=0.29 sys=0.00, real=0.06 secs] 
3352.476: [GC (GCLocker Initiated GC) [PSYoungGen: 419063K->182740K(465920K)] 861571K->684364K(1843200K), 0.0542587 secs] [Times: user=0.27 sys=0.00, real=0.05 secs] 
3354.030: [GC (Allocation Failure) [PSYoungGen: 415700K->89882K(465920K)] 917491K->660765K(1843200K), 0.0936542 secs] [Times: user=0.51 sys=0.00, real=0.09 secs] 
3354.306: [GC (Allocation Failure) [PSYoungGen: 322842K->179573K(465920K)] 893725K->779224K(1843200K), 0.0340651 secs] [Times: user=0.14 sys=0.00, real=0.04 secs] 
3354.492: [GC (Allocation Failure) [PSYoungGen: 412533K->184694K(465920K)] 1012184K->840281K(1843200K), 0.0642158 secs] [Times: user=0.31 sys=0.00, real=0.07 secs] 
3355.172: [GC (Allocation Failure) [PSYoungGen: 417654K->182516K(465920K)] 1073241K->893927K(1843200K), 0.1182017 secs] [Times: user=0.61 sys=0.00, real=0.12 secs] 
3356.654: [GC (Allocation Failure) [PSYoungGen: 415476K->114029K(465920K)] 1126887K->894433K(1843200K), 0.0463781 secs] [Times: user=0.23 sys=0.00, real=0.05 secs] 
3356.921: [GC (Allocation Failure) [PSYoungGen: 346989K->151346K(465920K)] 1127393K->968918K(1843200K), 0.0860059 secs] [Times: user=0.44 sys=0.01, real=0.09 secs] 
3357.230: [GC (Allocation Failure) [PSYoungGen: 384306K->179637K(465920K)] 1201878K->1044777K(1843200K), 0.0424355 secs] [Times: user=0.19 sys=0.00, real=0.04 secs] 
3357.386: [GC (Allocation Failure) [PSYoungGen: 412597K->186103K(465920K)] 1277737K->1114011K(1843200K), 0.0499228 secs] [Times: user=0.23 sys=0.00, real=0.05 secs] 
3357.576: [GC (Allocation Failure) [PSYoungGen: 419063K->183028K(465920K)] 1346971K->1169997K(1843200K), 0.0645538 secs] [Times: user=0.32 sys=0.01, real=0.07 secs] 
3358.609: [GC (Allocation Failure) [PSYoungGen: 415988K->97963K(465920K)] 1402957K->1154328K(1843200K), 0.0450050 secs] [Times: user=0.23 sys=0.01, real=0.04 secs] 
3358.769: [GC (GCLocker Initiated GC) [PSYoungGen: 330923K->177141K(465920K)] 1387288K->1265534K(1843200K), 0.0345494 secs] [Times: user=0.14 sys=0.00, real=0.03 secs] 
3358.912: [GC (Allocation Failure) [PSYoungGen: 410101K->179861K(465920K)] 1498498K->1323362K(1843200K), 0.0449076 secs] [Times: user=0.20 sys=0.00, real=0.05 secs] 
3359.065: [GC (Allocation Failure) [PSYoungGen: 412821K->186805K(465920K)] 1556322K->1385046K(1843200K), 0.0471094 secs] [Times: user=0.21 sys=0.00, real=0.05 secs] 
3360.037: [GC (Allocation Failure) [PSYoungGen: 419765K->120687K(465920K)] 1618006K->1389272K(1843200K), 0.0486081 secs] [Times: user=0.24 sys=0.00, real=0.04 secs] 
3360.707: [GC (Allocation Failure) [PSYoungGen: 350138K->141745K(465920K)] 1618723K->1448642K(1843200K), 0.0956556 secs] [Times: user=0.51 sys=0.01, real=0.09 secs] 
3360.803: [Full GC (Ergonomics) [PSYoungGen: 141745K->0K(465920K)] [ParOldGen: 1306897K->159197K(1398272K)] 1448642K->159197K(1864192K), [Metaspace: 60057K->60057K(1105920K)], 0.1704651 secs] [Times: user=0.78 sys=0.00, real=0.17 secs] 
3361.089: [GC (Allocation Failure) [PSYoungGen: 232960K->178485K(465920K)] 392157K->337682K(1864192K), 0.0252860 secs] [Times: user=0.09 sys=0.00, real=0.02 secs] 
3361.255: [GC (Allocation Failure) [PSYoungGen: 411445K->185847K(465920K)] 570642K->407292K(1864192K), 0.0621874 secs] [Times: user=0.31 sys=0.00, real=0.07 secs] 
3361.638: [GC (GCLocker Initiated GC) [PSYoungGen: 418807K->184341K(465920K)] 640252K->464738K(1864192K), 0.0868655 secs] [Times: user=0.45 sys=0.00, real=0.08 secs] 
3363.143: [GC (Allocation Failure) [PSYoungGen: 417301K->88410K(465920K)] 697700K->438482K(1864192K), 0.1153997 secs] [Times: user=0.63 sys=0.00, real=0.12 secs] 
3363.548: [GC (Allocation Failure) [PSYoungGen: 321370K->174037K(465920K)] 671442K->553004K(1864192K), 0.0416122 secs] [Times: user=0.16 sys=0.00, real=0.04 secs] 
3363.745: [GC (Allocation Failure) [PSYoungGen: 406997K->184470K(465920K)] 785964K->617221K(1864192K), 0.0563125 secs] [Times: user=0.27 sys=0.00, real=0.06 secs] 
3363.957: [GC (Allocation Failure) [PSYoungGen: 417430K->187125K(465920K)] 850181K->675716K(1864192K), 0.0555624 secs] [Times: user=0.27 sys=0.00, real=0.05 secs] 
3364.898: [GC (Allocation Failure) [PSYoungGen: 420085K->137169K(465920K)] 908676K->696560K(1864192K), 0.0492290 secs] [Times: user=0.24 sys=0.01, real=0.05 secs] 
3365.135: [GC (Allocation Failure) [PSYoungGen: 370129K->131519K(465920K)] 929520K->734287K(1864192K), 0.0813180 secs] [Times: user=0.44 sys=0.00, real=0.09 secs] 
3365.390: [GC (Allocation Failure) [PSYoungGen: 364479K->176981K(465920K)] 967247K->821876K(1864192K), 0.0517111 secs] [Times: user=0.23 sys=0.01, real=0.05 secs] 
3365.578: [GC (Allocation Failure) [PSYoungGen: 409941K->185239K(465920K)] 1054836K->891986K(1864192K), 0.0501659 secs] [Times: user=0.22 sys=0.00, real=0.05 secs] 
3365.737: [GC (Allocation Failure) [PSYoungGen: 418199K->186293K(465920K)] 1124946K->951840K(1864192K), 0.0584861 secs] [Times: user=0.29 sys=0.00, real=0.05 secs] 
3366.701: [GC (Allocation Failure) [PSYoungGen: 419253K->93131K(465920K)] 1184800K->929110K(1864192K), 0.0454406 secs] [Times: user=0.23 sys=0.01, real=0.05 secs] 
3367.061: [GC (Allocation Failure) [PSYoungGen: 326091K->169396K(465920K)] 1162070K->1035918K(1864192K), 0.0512105 secs] [Times: user=0.22 sys=0.00, real=0.05 secs] 
3367.319: [GC (Allocation Failure) [PSYoungGen: 402356K->184502K(465920K)] 1268878K->1104656K(1864192K), 0.0580514 secs] [Times: user=0.28 sys=0.00, real=0.06 secs] 
3367.536: [GC (Allocation Failure) [PSYoungGen: 417462K->187541K(465920K)] 1337616K->1163575K(1864192K), 0.0696310 secs] [Times: user=0.34 sys=0.00, real=0.07 secs] 
3369.363: [GC (Allocation Failure) [PSYoungGen: 420501K->148242K(465920K)] 1396535K->1195068K(1864192K), 0.0515570 secs] [Times: user=0.26 sys=0.00, real=0.05 secs] 
3370.538: [GC (Allocation Failure) [PSYoungGen: 381202K->116877K(465920K)] 1428028K->1210680K(1864192K), 0.1275355 secs] [Times: user=0.71 sys=0.00, real=0.12 secs] 
3370.804: [GC (GCLocker Initiated GC) [PSYoungGen: 349837K->176949K(465920K)] 1443641K->1308620K(1864192K), 0.0377521 secs] [Times: user=0.16 sys=0.01, real=0.04 secs] 
3370.957: [GC (Allocation Failure) [PSYoungGen: 409909K->184118K(465920K)] 1541618K->1377572K(1864192K), 0.0497247 secs] [Times: user=0.23 sys=0.01, real=0.05 secs] 
3371.115: [GC (Allocation Failure) [PSYoungGen: 417078K->186901K(465920K)] 1610532K->1438954K(1864192K), 0.0578531 secs] [Times: user=0.29 sys=0.00, real=0.06 secs] 
3372.113: [GC (Allocation Failure) [PSYoungGen: 419861K->97563K(465920K)] 1671914K->1420136K(1864192K), 0.0473702 secs] [Times: user=0.24 sys=0.00, real=0.05 secs] 
3372.161: [Full GC (Ergonomics) [PSYoungGen: 97563K->0K(465920K)] [ParOldGen: 1322573K->95083K(1384960K)] 1420136K->95083K(1850880K), [Metaspace: 60061K->60061K(1105920K)], 0.0559129 secs] [Times: user=0.21 sys=0.00, real=0.06 secs] 
3372.360: [GC (Allocation Failure) [PSYoungGen: 232960K->166932K(465920K)] 328043K->262015K(1850880K), 0.0236953 secs] [Times: user=0.08 sys=0.00, real=0.02 secs] 
3372.495: [GC (Allocation Failure) [PSYoungGen: 399892K->183829K(465920K)] 494975K->330657K(1850880K), 0.0413452 secs] [Times: user=0.19 sys=0.00, real=0.04 secs] 
3372.646: [GC (Allocation Failure) [PSYoungGen: 410473K->178742K(465920K)] 557300K->389545K(1850880K), 0.0487299 secs] [Times: user=0.23 sys=0.00, real=0.05 secs] 
3373.642: [GC (Allocation Failure) [PSYoungGen: 411702K->169395K(465920K)] 622505K->437214K(1850880K), 0.0558367 secs] [Times: user=0.28 sys=0.00, real=0.06 secs] 
3373.997: [GC (GCLocker Initiated GC) [PSYoungGen: 402355K->104524K(465920K)] 670174K->436880K(1850880K), 0.0394491 secs] [Times: user=0.19 sys=0.00, real=0.04 secs] 
3374.154: [GC (Allocation Failure) [PSYoungGen: 337484K->174901K(465920K)] 678070K->549151K(1850880K), 0.1235988 secs] [Times: user=0.67 sys=0.01, real=0.13 secs] 
3374.439: [GC (Allocation Failure) [PSYoungGen: 407861K->183702K(465920K)] 782111K->614020K(1850880K), 0.1657816 secs] [Times: user=0.92 sys=0.00, real=0.16 secs] 
3374.726: [GC (Allocation Failure) [PSYoungGen: 416662K->183156K(465920K)] 846980K->672002K(1850880K), 0.1412419 secs] [Times: user=0.78 sys=0.00, real=0.14 secs] 
3375.989: [GC (Allocation Failure) [PSYoungGen: 416116K->96923K(465920K)] 904962K->654985K(1850880K), 0.0713665 secs] [Times: user=0.39 sys=0.00, real=0.07 secs] 
3377.283: [GC (Allocation Failure) [PSYoungGen: 329809K->164051K(465920K)] 887871K->753334K(1850880K), 0.0553176 secs] [Times: user=0.26 sys=0.01, real=0.06 secs] 
3377.503: [GC (Allocation Failure) [PSYoungGen: 397011K->184950K(465920K)] 986294K->825376K(1850880K), 0.0582287 secs] [Times: user=0.28 sys=0.00, real=0.06 secs] 
3377.726: [GC (Allocation Failure) [PSYoungGen: 417910K->186167K(465920K)] 1058336K->890986K(1850880K), 0.0655966 secs] [Times: user=0.33 sys=0.00, real=0.07 secs] 
3378.174: [GC (Allocation Failure) [PSYoungGen: 415401K->209875K(465920K)] 1120219K->973686K(1850880K), 0.0533452 secs] [Times: user=0.26 sys=0.00, real=0.06 secs] 
3378.883: [GC (GCLocker Initiated GC) [PSYoungGen: 442835K->92843K(465920K)] 1206647K->923502K(1850880K), 0.0406291 secs] [Times: user=0.21 sys=0.00, real=0.04 secs] 
3379.089: [GC (Allocation Failure) [PSYoungGen: 325803K->179477K(465920K)] 1156592K->1039836K(1850880K), 0.0491364 secs] [Times: user=0.21 sys=0.00, real=0.05 secs] 
3379.269: [GC (Allocation Failure) [PSYoungGen: 412437K->184310K(465920K)] 1272796K->1100656K(1850880K), 0.0440431 secs] [Times: user=0.20 sys=0.00, real=0.04 secs] 
3379.465: [GC (Allocation Failure) [PSYoungGen: 417270K->186549K(465920K)] 1333616K->1158707K(1850880K), 0.0597663 secs] [Times: user=0.29 sys=0.00, real=0.06 secs] 
3380.466: [GC (Allocation Failure) [PSYoungGen: 419509K->101932K(465920K)] 1391667K->1144511K(1850880K), 0.0455750 secs] [Times: user=0.23 sys=0.00, real=0.04 secs] 
3380.683: [GC (Allocation Failure) [PSYoungGen: 334892K->168212K(465920K)] 1377471K->1244427K(1850880K), 0.0622541 secs] [Times: user=0.30 sys=0.00, real=0.06 secs] 
3380.861: [GC (Allocation Failure) [PSYoungGen: 401172K->184214K(465920K)] 1477387K->1313009K(1850880K), 0.0438398 secs] [Times: user=0.20 sys=0.00, real=0.04 secs] 
3381.019: [GC (Allocation Failure) [PSYoungGen: 417174K->182966K(465920K)] 1545969K->1375945K(1850880K), 0.0506622 secs] [Times: user=0.23 sys=0.00, real=0.05 secs] 
3381.178: [GC (Allocation Failure) [PSYoungGen: 415926K->183444K(465920K)] 1608905K->1434383K(1850880K), 0.0550658 secs] [Times: user=0.27 sys=0.00, real=0.05 secs] 
3383.032: [GC (Allocation Failure) [PSYoungGen: 416404K->86314K(465920K)] 1667343K->1406669K(1850880K), 0.0929916 secs] [Times: user=0.51 sys=0.00, real=0.09 secs] 
3383.125: [Full GC (Ergonomics) [PSYoungGen: 86314K->0K(465920K)] [ParOldGen: 1320355K->103319K(1398272K)] 1406669K->103319K(1864192K), [Metaspace: 60063K->60063K(1105920K)], 0.1552900 secs] [Times: user=0.67 sys=0.00, real=0.16 secs] 
3383.415: [GC (Allocation Failure) [PSYoungGen: 232960K->179765K(465920K)] 336279K->283085K(1864192K), 0.0256420 secs] [Times: user=0.08 sys=0.01, real=0.03 secs] 
3383.553: [GC (Allocation Failure) [PSYoungGen: 412725K->184822K(465920K)] 516045K->344586K(1864192K), 0.0409659 secs] [Times: user=0.18 sys=0.00, real=0.04 secs] 
3383.704: [GC (Allocation Failure) [PSYoungGen: 417782K->186261K(465920K)] 577546K->402065K(1864192K), 0.0446011 secs] [Times: user=0.21 sys=0.00, real=0.05 secs] 
3384.739: [GC (Allocation Failure) [PSYoungGen: 419221K->105116K(465920K)] 635025K->391245K(1864192K), 0.0443221 secs] [Times: user=0.22 sys=0.00, real=0.04 secs] 
3384.946: [GC (Allocation Failure) [PSYoungGen: 338076K->162579K(465920K)] 624205K->483060K(1864192K), 0.0509177 secs] [Times: user=0.24 sys=0.00, real=0.05 secs] 
3385.146: [GC (Allocation Failure) [PSYoungGen: 395539K->184118K(465920K)] 716020K->555739K(1864192K), 0.0550812 secs] [Times: user=0.26 sys=0.00, real=0.05 secs] 
3385.334: [GC (Allocation Failure) [PSYoungGen: 417078K->181750K(465920K)] 788699K->617283K(1864192K), 0.0548107 secs] [Times: user=0.27 sys=0.00, real=0.06 secs] 
3385.516: [GC (Allocation Failure) [PSYoungGen: 414710K->186517K(465920K)] 850243K->679818K(1864192K), 0.0550465 secs] [Times: user=0.27 sys=0.00, real=0.06 secs] 
3386.559: [GC (Allocation Failure) [PSYoungGen: 419477K->90794K(465920K)] 912778K->654260K(1864192K), 0.0404966 secs] [Times: user=0.21 sys=0.00, real=0.04 secs] 
3386.723: [GC (Allocation Failure) [PSYoungGen: 323754K->182326K(465920K)] 887220K->775599K(1864192K), 0.0343191 secs] [Times: user=0.14 sys=0.00, real=0.04 secs] 
3386.893: [GC (Allocation Failure) [PSYoungGen: 415286K->184566K(465920K)] 1008559K->834923K(1864192K), 0.0483833 secs] [Times: user=0.23 sys=0.00, real=0.05 secs] 
3387.063: [GC (Allocation Failure) [PSYoungGen: 417526K->183636K(465920K)] 1067883K->890202K(1864192K), 0.0459644 secs] [Times: user=0.21 sys=0.00, real=0.05 secs] 
3388.055: [GC (Allocation Failure) [PSYoungGen: 416596K->106941K(465920K)] 1123162K->882834K(1864192K), 0.0452968 secs] [Times: user=0.23 sys=0.00, real=0.05 secs] 
3388.923: [GC (Allocation Failure) [PSYoungGen: 339901K->160467K(465920K)] 1115794K->971365K(1864192K), 0.0746984 secs] [Times: user=0.38 sys=0.00, real=0.08 secs] 
3389.129: [GC (Allocation Failure) [PSYoungGen: 393427K->181301K(465920K)] 1204325K->1042007K(1864192K), 0.0426047 secs] [Times: user=0.20 sys=0.00, real=0.04 secs] 
3389.286: [GC (Allocation Failure) [PSYoungGen: 414261K->185751K(465920K)] 1274967K->1110001K(1864192K), 0.0511150 secs] [Times: user=0.24 sys=0.00, real=0.06 secs] 
3389.447: [GC (Allocation Failure) [PSYoungGen: 418711K->186773K(465920K)] 1342961K->1170055K(1864192K), 0.0582995 secs] [Times: user=0.29 sys=0.00, real=0.05 secs] 
3390.623: [GC (Allocation Failure) [PSYoungGen: 419733K->87146K(465920K)] 1403015K->1141028K(1864192K), 0.0629956 secs] [Times: user=0.33 sys=0.01, real=0.07 secs] 
3390.866: [GC (Allocation Failure) [PSYoungGen: 320106K->180533K(465920K)] 1373988K->1262400K(1864192K), 0.0346325 secs] [Times: user=0.14 sys=0.00, real=0.03 secs] 
3391.011: [GC (Allocation Failure) [PSYoungGen: 413493K->184854K(465920K)] 1495360K->1323157K(1864192K), 0.0456716 secs] [Times: user=0.21 sys=0.00, real=0.05 secs] 
3391.163: [GC (Allocation Failure) [PSYoungGen: 417814K->186677K(465920K)] 1556117K->1380844K(1864192K), 0.0476109 secs] [Times: user=0.22 sys=0.00, real=0.05 secs] 
3392.148: [GC (Allocation Failure) [PSYoungGen: 419637K->109581K(465920K)] 1613804K->1374076K(1864192K), 0.0482731 secs] [Times: user=0.24 sys=0.01, real=0.04 secs] 
3392.419: [GC (GCLocker Initiated GC) [PSYoungGen: 342541K->150562K(465920K)] 1607038K->1450462K(1864192K), 0.0603946 secs] [Times: user=0.31 sys=0.00, real=0.06 secs] 
3392.593: [GC (Allocation Failure) [PSYoungGen: 383522K->192181K(465920K)] 1683425K->1538453K(1864192K), 0.0448460 secs] [Times: user=0.20 sys=0.00, real=0.05 secs] 
3392.637: [Full GC (Ergonomics) [PSYoungGen: 192181K->0K(465920K)] [ParOldGen: 1346271K->248717K(1398272K)] 1538453K->248717K(1864192K), [Metaspace: 60063K->60063K(1105920K)], 0.3022808 secs] [Times: user=1.40 sys=0.00, real=0.30 secs] 
3393.058: [GC (Allocation Failure) [PSYoungGen: 232960K->185783K(465920K)] 481677K->434500K(1864192K), 0.0836426 secs] [Times: user=0.43 sys=0.00, real=0.08 secs] 
3393.550: [GC (Allocation Failure) [PSYoungGen: 418743K->186645K(465920K)] 667460K->494378K(1864192K), 0.0599415 secs] [Times: user=0.30 sys=0.00, real=0.06 secs] 
3394.827: [GC (GCLocker Initiated GC) [PSYoungGen: 419605K->85258K(465920K)] 727338K->463303K(1864192K), 0.0833162 secs] [Times: user=0.45 sys=0.00, real=0.08 secs] 
3395.317: [GC (Allocation Failure) [PSYoungGen: 318218K->178069K(465920K)] 696430K->584398K(1864192K), 0.0410772 secs] [Times: user=0.17 sys=0.00, real=0.04 secs] 
3395.476: [GC (Allocation Failure) [PSYoungGen: 411029K->184534K(465920K)] 817358K->646142K(1864192K), 0.0424574 secs] [Times: user=0.19 sys=0.01, real=0.04 secs] 
3395.624: [GC (Allocation Failure) [PSYoungGen: 417494K->186805K(465920K)] 879102K->704397K(1864192K), 0.0446491 secs] [Times: user=0.20 sys=0.00, real=0.05 secs] 
3396.774: [GC (Allocation Failure) [PSYoungGen: 419765K->120591K(465920K)] 937357K->708599K(1864192K), 0.0468312 secs] [Times: user=0.24 sys=0.00, real=0.05 secs] 
3397.405: [GC (Allocation Failure) [PSYoungGen: 353551K->145777K(465920K)] 941559K->771826K(1864192K), 0.0797229 secs] [Times: user=0.42 sys=0.00, real=0.08 secs] 
3397.608: [GC (Allocation Failure) [PSYoungGen: 378737K->184118K(465920K)] 1004786K->856339K(1864192K), 0.0406075 secs] [Times: user=0.18 sys=0.00, real=0.04 secs] 
3397.761: [GC (Allocation Failure) [PSYoungGen: 417078K->185431K(465920K)] 1089299K->921588K(1864192K), 0.0497042 secs] [Times: user=0.24 sys=0.00, real=0.05 secs] 
3397.919: [GC (Allocation Failure) [PSYoungGen: 418391K->183284K(465920K)] 1154548K->978230K(1864192K), 0.0569160 secs] [Times: user=0.28 sys=0.00, real=0.05 secs] 
3398.939: [GC (Allocation Failure) [PSYoungGen: 416244K->89850K(465920K)] 1211190K->954100K(1864192K), 0.0413290 secs] [Times: user=0.21 sys=0.00, real=0.04 secs] 
3399.165: [GC (GCLocker Initiated GC) [PSYoungGen: 322810K->176149K(465920K)] 1187060K->1069892K(1864192K), 0.0466702 secs] [Times: user=0.20 sys=0.00, real=0.05 secs] 
3399.354: [GC (Allocation Failure) [PSYoungGen: 409109K->184886K(465920K)] 1302890K->1133747K(1864192K), 0.0450869 secs] [Times: user=0.21 sys=0.00, real=0.05 secs] 
3399.576: [GC (Allocation Failure) [PSYoungGen: 417846K->186517K(465920K)] 1366707K->1191466K(1864192K), 0.0476208 secs] [Times: user=0.23 sys=0.00, real=0.04 secs] 
3400.705: [GC (Allocation Failure) [PSYoungGen: 419477K->126671K(465920K)] 1424426K->1201885K(1864192K), 0.0493575 secs] [Times: user=0.25 sys=0.00, real=0.05 secs] 
3401.175: [GC (Allocation Failure) [PSYoungGen: 359631K->138464K(465920K)] 1434845K->1253998K(1864192K), 0.1045729 secs] [Times: user=0.57 sys=0.00, real=0.11 secs] 
3401.412: [GC (Allocation Failure) [PSYoungGen: 371424K->178741K(465920K)] 1486958K->1338507K(1864192K), 0.0393481 secs] [Times: user=0.18 sys=0.00, real=0.04 secs] 
3401.589: [GC (Allocation Failure) [PSYoungGen: 411701K->182550K(465920K)] 1571467K->1404661K(1864192K), 0.0583727 secs] [Times: user=0.28 sys=0.00, real=0.06 secs] 
3401.771: [GC (Allocation Failure) [PSYoungGen: 415510K->186869K(465920K)] 1637621K->1467499K(1864192K), 0.0579668 secs] [Times: user=0.29 sys=0.00, real=0.06 secs] 
3403.591: [GC (Allocation Failure) [PSYoungGen: 419829K->87194K(465920K)] 1700459K->1438105K(1864192K), 0.1171404 secs] [Times: user=0.64 sys=0.00, real=0.12 secs] 
3403.708: [Full GC (Ergonomics) [PSYoungGen: 87194K->0K(465920K)] [ParOldGen: 1350910K->91177K(1395200K)] 1438105K->91177K(1861120K), [Metaspace: 60063K->60063K(1105920K)], 0.1103721 secs] [Times: user=0.45 sys=0.00, real=0.11 secs] 
3404.386: [GC (Allocation Failure) [PSYoungGen: 232960K->174709K(465920K)] 324137K->265887K(1861120K), 0.0312139 secs] [Times: user=0.11 sys=0.01, real=0.04 secs] 
3404.542: [GC (Allocation Failure) [PSYoungGen: 407669K->184118K(465920K)] 498847K->329427K(1861120K), 0.0419891 secs] [Times: user=0.18 sys=0.01, real=0.04 secs] 
3404.716: [GC (Allocation Failure) [PSYoungGen: 417078K->187477K(465920K)] 562387K->388299K(1861120K), 0.0502217 secs] [Times: user=0.24 sys=0.00, real=0.05 secs] 
3405.691: [GC (Allocation Failure) [PSYoungGen: 420437K->141361K(465920K)] 621259K->412703K(1861120K), 0.0495109 secs] [Times: user=0.23 sys=0.01, real=0.05 secs] 
3405.975: [GC (Allocation Failure) [PSYoungGen: 374321K->126303K(465920K)] 645663K->442493K(1861120K), 0.0911151 secs] [Times: user=0.50 sys=0.00, real=0.10 secs] 
3406.204: [GC (Allocation Failure) [PSYoungGen: 359263K->186581K(465920K)] 675453K->542836K(1861120K), 0.0466941 secs] [Times: user=0.22 sys=0.00, real=0.05 secs] 
3406.363: [GC (Allocation Failure) [PSYoungGen: 419541K->185975K(465920K)] 775796K->604870K(1861120K), 0.0490989 secs] [Times: user=0.23 sys=0.01, real=0.05 secs] 
3407.034: [GC (Allocation Failure) [PSYoungGen: 418935K->183188K(465920K)] 837830K->660995K(1861120K), 0.0621770 secs] [Times: user=0.31 sys=0.00, real=0.06 secs] 
3408.032: [GC (Allocation Failure) [PSYoungGen: 416073K->92555K(465920K)] 893880K->639778K(1861120K), 0.0434574 secs] [Times: user=0.22 sys=0.00, real=0.04 secs] 
3408.399: [GC (Allocation Failure) [PSYoungGen: 325515K->174517K(465920K)] 872738K->751693K(1861120K), 0.0329116 secs] [Times: user=0.14 sys=0.00, real=0.03 secs] 
3408.544: [GC (Allocation Failure) [PSYoungGen: 407477K->181493K(465920K)] 984653K->813053K(1861120K), 0.0422357 secs] [Times: user=0.19 sys=0.00, real=0.04 secs] 
3408.696: [GC (Allocation Failure) [PSYoungGen: 414453K->187925K(465920K)] 1046013K->874965K(1861120K), 0.0451885 secs] [Times: user=0.21 sys=0.00, real=0.05 secs] 
3409.624: [GC (Allocation Failure) [PSYoungGen: 420885K->151122K(465920K)] 1107925K->908722K(1861120K), 0.0510542 secs] [Times: user=0.25 sys=0.00, real=0.05 secs] 
3410.891: [GC (GCLocker Initiated GC) [PSYoungGen: 384082K->114685K(465920K)] 1141682K->920209K(1861120K), 0.1300150 secs] [Times: user=0.73 sys=0.00, real=0.13 secs] 
3411.154: [GC (Allocation Failure) [PSYoungGen: 347645K->178293K(465920K)] 1153336K->1020716K(1861120K), 0.0367454 secs] [Times: user=0.15 sys=0.00, real=0.04 secs] 
3411.303: [GC (Allocation Failure) [PSYoungGen: 411253K->185495K(465920K)] 1253676K->1089974K(1861120K), 0.0504280 secs] [Times: user=0.23 sys=0.00, real=0.05 secs] 
3411.460: [GC (Allocation Failure) [PSYoungGen: 418455K->186741K(465920K)] 1322934K->1150021K(1861120K), 0.0580070 secs] [Times: user=0.29 sys=0.00, real=0.06 secs] 
3412.454: [GC (GCLocker Initiated GC) [PSYoungGen: 419701K->91595K(465920K)] 1382981K->1125227K(1861120K), 0.0464831 secs] [Times: user=0.24 sys=0.00, real=0.05 secs] 
3412.762: [GC (Allocation Failure) [PSYoungGen: 324555K->168468K(465920K)] 1358189K->1232095K(1861120K), 0.0614068 secs] [Times: user=0.30 sys=0.00, real=0.06 secs] 
3413.001: [GC (Allocation Failure) [PSYoungGen: 401428K->184886K(465920K)] 1465055K->1301213K(1861120K), 0.0576771 secs] [Times: user=0.27 sys=0.00, real=0.06 secs] 
3413.177: [GC (Allocation Failure) [PSYoungGen: 412771K->181494K(465920K)] 1529099K->1361950K(1861120K), 0.0501762 secs] [Times: user=0.24 sys=0.00, real=0.05 secs] 
3414.052: [GC (Allocation Failure) [PSYoungGen: 414454K->168467K(465920K)] 1594910K->1406658K(1861120K), 0.0561022 secs] [Times: user=0.28 sys=0.00, real=0.06 secs] 
3414.455: [GC (GCLocker Initiated GC) [PSYoungGen: 401427K->101756K(465920K)] 1639619K->1404400K(1861120K), 0.0702258 secs] [Times: user=0.38 sys=0.00, real=0.07 secs] 
3414.688: [GC (Allocation Failure) [PSYoungGen: 334716K->178453K(465920K)] 1637362K->1513981K(1861120K), 0.0362954 secs] [Times: user=0.15 sys=0.00, real=0.03 secs] 
3414.724: [Full GC (Ergonomics) [PSYoungGen: 178453K->0K(465920K)] [ParOldGen: 1335527K->228987K(1398272K)] 1513981K->228987K(1864192K), [Metaspace: 60081K->60081K(1105920K)], 0.2567731 secs] [Times: user=1.18 sys=0.00, real=0.26 secs] 
3415.090: [GC (Allocation Failure) [PSYoungGen: 232960K->181973K(465920K)] 461947K->410960K(1864192K), 0.0261618 secs] [Times: user=0.10 sys=0.00, real=0.03 secs] 
3415.225: [GC (Allocation Failure) [PSYoungGen: 414933K->186197K(465920K)] 643920K->470064K(1864192K), 0.0444980 secs] [Times: user=0.21 sys=0.01, real=0.05 secs] 
3416.326: [GC (GCLocker Initiated GC) [PSYoungGen: 419157K->102300K(465920K)] 703024K->456415K(1864192K), 0.0682171 secs] [Times: user=0.36 sys=0.00, real=0.06 secs] 
3418.381: [GC (Allocation Failure) [PSYoungGen: 335260K->162771K(465920K)] 689670K->550050K(1864192K), 0.0609722 secs] [Times: user=0.30 sys=0.00, real=0.06 secs] 
3418.632: [GC (Allocation Failure) [PSYoungGen: 395731K->183669K(465920K)] 783010K->621824K(1864192K), 0.0569281 secs] [Times: user=0.27 sys=0.00, real=0.06 secs] 
3418.852: [GC (Allocation Failure) [PSYoungGen: 416629K->185943K(465920K)] 854784K->687698K(1864192K), 0.0635287 secs] [Times: user=0.31 sys=0.00, real=0.06 secs] 
3419.298: [GC (Allocation Failure) [PSYoungGen: 418183K->217140K(465920K)] 919938K->777951K(1864192K), 0.0550170 secs] [Times: user=0.28 sys=0.00, real=0.05 secs] 
3420.441: [GC (Allocation Failure) [PSYoungGen: 450100K->86602K(465920K)] 1010911K->716509K(1864192K), 0.0971083 secs] [Times: user=0.50 sys=0.01, real=0.10 secs] 
3420.723: [GC (Allocation Failure) [PSYoungGen: 319562K->182198K(465920K)] 949469K->840081K(1864192K), 0.0334776 secs] [Times: user=0.13 sys=0.00, real=0.04 secs] 
3420.891: [GC (Allocation Failure) [PSYoungGen: 415158K->184438K(465920K)] 1073041K->898961K(1864192K), 0.0487393 secs] [Times: user=0.23 sys=0.00, real=0.05 secs] 
3421.531: [GC (Allocation Failure) [PSYoungGen: 417398K->185717K(465920K)] 1131921K->956320K(1864192K), 0.0691771 secs] [Times: user=0.34 sys=0.00, real=0.07 secs] 
3422.815: [GC (Allocation Failure) [PSYoungGen: 418677K->100604K(465920K)] 1189280K->941223K(1864192K), 0.0448379 secs] [Times: user=0.23 sys=0.00, real=0.05 secs] 
3423.089: [GC (Allocation Failure) [PSYoungGen: 333564K->164787K(465920K)] 1174183K->1037863K(1864192K), 0.0686148 secs] [Times: user=0.34 sys=0.00, real=0.07 secs] 
3423.338: [GC (Allocation Failure) [PSYoungGen: 397747K->179157K(465920K)] 1270823K->1104036K(1864192K), 0.0581726 secs] [Times: user=0.28 sys=0.00, real=0.06 secs] 
3423.571: [GC (Allocation Failure) [PSYoungGen: 412117K->186007K(465920K)] 1336996K->1181934K(1864192K), 0.0640475 secs] [Times: user=0.32 sys=0.00, real=0.06 secs] 
3423.743: [GC (Allocation Failure) [PSYoungGen: 418967K->186901K(465920K)] 1414894K->1241845K(1864192K), 0.0563639 secs] [Times: user=0.27 sys=0.00, real=0.06 secs] 
3425.132: [GC (Allocation Failure) [PSYoungGen: 419861K->88778K(465920K)] 1474805K->1214226K(1864192K), 0.0861411 secs] [Times: user=0.47 sys=0.00, real=0.09 secs] 
3425.410: [GC (Allocation Failure) [PSYoungGen: 321738K->182806K(465920K)] 1447186K->1336958K(1864192K), 0.0341812 secs] [Times: user=0.14 sys=0.00, real=0.03 secs] 
3425.579: [GC (Allocation Failure) [PSYoungGen: 415766K->184598K(465920K)] 1569918K->1395398K(1864192K), 0.0493071 secs] [Times: user=0.22 sys=0.00, real=0.05 secs] 
3425.764: [GC (Allocation Failure) [PSYoungGen: 417558K->184372K(465920K)] 1628358K->1451108K(1864192K), 0.0458038 secs] [Times: user=0.21 sys=0.00, real=0.05 secs] 
3426.791: [GC (Allocation Failure) [PSYoungGen: 417332K->104924K(465920K)] 1684068K->1441396K(1864192K), 0.0460159 secs] [Times: user=0.24 sys=0.00, real=0.05 secs] 
3426.837: [Full GC (Ergonomics) [PSYoungGen: 104924K->0K(465920K)] [ParOldGen: 1336472K->91052K(1398272K)] 1441396K->91052K(1864192K), [Metaspace: 60096K->60096K(1105920K)], 0.0331165 secs] [Times: user=0.10 sys=0.00, real=0.03 secs] 
3427.277: [GC (Allocation Failure) [PSYoungGen: 232960K->158611K(465920K)] 324012K->249663K(1864192K), 0.0356100 secs] [Times: user=0.14 sys=0.00, real=0.03 secs] 
3427.525: [GC (Allocation Failure) [PSYoungGen: 391571K->184566K(465920K)] 482623K->325210K(1864192K), 0.0571356 secs] [Times: user=0.27 sys=0.00, real=0.06 secs] 
3427.750: [GC (Allocation Failure) [PSYoungGen: 417526K->185911K(465920K)] 558170K->390740K(1864192K), 0.0671403 secs] [Times: user=0.32 sys=0.00, real=0.07 secs] 
3428.545: [GC (Allocation Failure) [PSYoungGen: 418871K->182228K(465920K)] 623700K->445897K(1864192K), 0.0695087 secs] [Times: user=0.34 sys=0.01, real=0.07 secs] 
3429.634: [GC (Allocation Failure) [PSYoungGen: 415188K->89962K(465920K)] 678857K->422727K(1864192K), 0.0513441 secs] [Times: user=0.27 sys=0.01, real=0.05 secs] 
3429.879: [GC (GCLocker Initiated GC) [PSYoungGen: 322922K->179413K(465920K)] 655687K->541183K(1864192K), 0.0441027 secs] [Times: user=0.19 sys=0.00, real=0.04 secs] 
3430.052: [GC (Allocation Failure) [PSYoungGen: 412373K->183893K(465920K)] 774145K->601265K(1864192K), 0.0434288 secs] [Times: user=0.19 sys=0.00, real=0.04 secs] 
3430.233: [GC (Allocation Failure) [PSYoungGen: 416853K->186549K(465920K)] 834225K->659760K(1864192K), 0.0496362 secs] [Times: user=0.23 sys=0.00, real=0.05 secs] 
3431.234: [GC (Allocation Failure) [PSYoungGen: 419509K->113069K(465920K)] 892720K->656593K(1864192K), 0.0458943 secs] [Times: user=0.23 sys=0.00, real=0.05 secs] 
3432.309: [GC (GCLocker Initiated GC) [PSYoungGen: 346029K->151570K(465920K)] 889553K->731322K(1864192K), 0.0833010 secs] [Times: user=0.43 sys=0.01, real=0.08 secs] 
3432.534: [GC (Allocation Failure) [PSYoungGen: 384530K->178805K(465920K)] 964321K->806148K(1864192K), 0.0403594 secs] [Times: user=0.18 sys=0.00, real=0.04 secs] 
3432.690: [GC (Allocation Failure) [PSYoungGen: 411765K->186071K(465920K)] 1039108K->876358K(1864192K), 0.0495505 secs] [Times: user=0.22 sys=0.01, real=0.05 secs] 
3432.886: [GC (Allocation Failure) [PSYoungGen: 419031K->186805K(465920K)] 1109318K->936052K(1864192K), 0.0811995 secs] [Times: user=0.41 sys=0.00, real=0.09 secs] 
3434.115: [GC (Allocation Failure) [PSYoungGen: 419765K->94731K(465920K)] 1169012K->914358K(1864192K), 0.0465888 secs] [Times: user=0.25 sys=0.00, real=0.05 secs] 
3434.477: [GC (Allocation Failure) [PSYoungGen: 327691K->178869K(465920K)] 1147318K->1029445K(1864192K), 0.0469963 secs] [Times: user=0.21 sys=0.00, real=0.04 secs] 
3434.653: [GC (Allocation Failure) [PSYoungGen: 411757K->184534K(465920K)] 1262333K->1090674K(1864192K), 0.0436654 secs] [Times: user=0.19 sys=0.00, real=0.05 secs] 
3434.834: [GC (Allocation Failure) [PSYoungGen: 417494K->180340K(465920K)] 1323634K->1142256K(1864192K), 0.0677946 secs] [Times: user=0.34 sys=0.01, real=0.07 secs] 
3435.916: [GC (Allocation Failure) [PSYoungGen: 413300K->120975K(465920K)] 1375216K->1151023K(1864192K), 0.0466849 secs] [Times: user=0.23 sys=0.00, real=0.04 secs] 
3436.134: [GC (Allocation Failure) [PSYoungGen: 353935K->150049K(465920K)] 1383983K->1218474K(1864192K), 0.0849127 secs] [Times: user=0.45 sys=0.00, real=0.09 secs] 
3436.344: [GC (Allocation Failure) [PSYoungGen: 383009K->183797K(465920K)] 1451434K->1299495K(1864192K), 0.0407129 secs] [Times: user=0.17 sys=0.00, real=0.04 secs] 
3436.499: [GC (Allocation Failure) [PSYoungGen: 416757K->185495K(465920K)] 1532455K->1365000K(1864192K), 0.0511417 secs] [Times: user=0.24 sys=0.00, real=0.05 secs] 
3436.658: [GC (Allocation Failure) [PSYoungGen: 418455K->186549K(465920K)] 1597960K->1424990K(1864192K), 0.0589418 secs] [Times: user=0.30 sys=0.00, real=0.06 secs] 
3437.744: [GC (Allocation Failure) [PSYoungGen: 419509K->86538K(465920K)] 1657950K->1395363K(1864192K), 0.0556146 secs] [Times: user=0.30 sys=0.00, real=0.06 secs] 
3438.058: [GC (Allocation Failure) [PSYoungGen: 319498K->178325K(465920K)] 1628323K->1515519K(1864192K), 0.0449618 secs] [Times: user=0.19 sys=0.00, real=0.04 secs] 
3438.103: [Full GC (Ergonomics) [PSYoungGen: 178325K->0K(465920K)] [ParOldGen: 1337193K->216020K(1398272K)] 1515519K->216020K(1864192K), [Metaspace: 60097K->60097K(1105920K)], 0.2432969 secs] [Times: user=1.11 sys=0.00, real=0.24 secs] 
3438.462: [GC (Allocation Failure) [PSYoungGen: 232960K->181749K(465920K)] 448980K->397770K(1864192K), 0.0265366 secs] [Times: user=0.09 sys=0.00, real=0.03 secs] 
3438.596: [GC (Allocation Failure) [PSYoungGen: 414709K->186837K(465920K)] 630730K->457866K(1864192K), 0.0451229 secs] [Times: user=0.21 sys=0.00, real=0.04 secs] 
3439.566: [GC (Allocation Failure) [PSYoungGen: 419797K->123599K(465920K)] 690826K->465132K(1864192K), 0.0471188 secs] [Times: user=0.23 sys=0.00, real=0.05 secs] 
3441.097: [GC (Allocation Failure) [PSYoungGen: 356559K->141473K(465920K)] 698092K->522190K(1864192K), 0.0967189 secs] [Times: user=0.52 sys=0.00, real=0.09 secs] 
3441.330: [GC (Allocation Failure) [PSYoungGen: 374433K->178453K(465920K)] 755150K->604803K(1864192K), 0.0389302 secs] [Times: user=0.17 sys=0.00, real=0.04 secs] 
3441.484: [GC (Allocation Failure) [PSYoungGen: 411413K->185815K(465920K)] 837763K->674417K(1864192K), 0.0487561 secs] [Times: user=0.22 sys=0.00, real=0.05 secs] 
3441.676: [GC (Allocation Failure) [PSYoungGen: 418775K->185749K(465920K)] 907377K->733215K(1864192K), 0.0821790 secs] [Times: user=0.42 sys=0.00, real=0.09 secs] 
3442.738: [GC (Allocation Failure) [PSYoungGen: 418709K->91371K(465920K)] 966175K->709085K(1864192K), 0.0432628 secs] [Times: user=0.22 sys=0.01, real=0.04 secs] 
3443.024: [GC (Allocation Failure) [PSYoungGen: 324331K->173397K(465920K)] 942045K->820708K(1864192K), 0.0415688 secs] [Times: user=0.17 sys=0.00, real=0.04 secs] 
3443.188: [GC (Allocation Failure) [PSYoungGen: 406357K->184630K(465920K)] 1053668K->886069K(1864192K), 0.0429758 secs] [Times: user=0.19 sys=0.00, real=0.04 secs] 
3443.339: [GC (Allocation Failure) [PSYoungGen: 417590K->186709K(465920K)] 1119029K->944108K(1864192K), 0.0454367 secs] [Times: user=0.21 sys=0.00, real=0.04 secs] 
3444.939: [GC (Allocation Failure) [PSYoungGen: 419669K->133936K(465920K)] 1177068K->961775K(1864192K), 0.0488122 secs] [Times: user=0.24 sys=0.00, real=0.05 secs] 
3445.291: [GC (Allocation Failure) [PSYoungGen: 366896K->131823K(465920K)] 1194735K->1002090K(1864192K), 0.0882538 secs] [Times: user=0.46 sys=0.01, real=0.09 secs] 
3445.500: [GC (Allocation Failure) [PSYoungGen: 364783K->177813K(465920K)] 1235050K->1090880K(1864192K), 0.0384392 secs] [Times: user=0.17 sys=0.00, real=0.04 secs] 
3445.692: [GC (Allocation Failure) [PSYoungGen: 410773K->185111K(465920K)] 1323840K->1160350K(1864192K), 0.0498260 secs] [Times: user=0.23 sys=0.00, real=0.05 secs] 
3445.857: [GC (Allocation Failure) [PSYoungGen: 418071K->186421K(465920K)] 1393310K->1220588K(1864192K), 0.0578280 secs] [Times: user=0.28 sys=0.00, real=0.05 secs] 
3446.977: [GC (Allocation Failure) [PSYoungGen: 419381K->93739K(465920K)] 1453548K->1198130K(1864192K), 0.0714859 secs] [Times: user=0.39 sys=0.00, real=0.07 secs] 
3447.796: [GC (Allocation Failure) [PSYoungGen: 326699K->177461K(465920K)] 1431090K->1312849K(1864192K), 0.0434463 secs] [Times: user=0.18 sys=0.00, real=0.04 secs] 
3448.018: [GC (Allocation Failure) [PSYoungGen: 410421K->178613K(465920K)] 1545809K->1369176K(1864192K), 0.0644602 secs] [Times: user=0.31 sys=0.00, real=0.06 secs] 
3448.209: [GC (Allocation Failure) [PSYoungGen: 411573K->187093K(465920K)] 1602136K->1432561K(1864192K), 0.0455773 secs] [Times: user=0.21 sys=0.01, real=0.04 secs] 
3450.075: [GC (Allocation Failure) [PSYoungGen: 420053K->145362K(465920K)] 1665521K->1461422K(1864192K), 0.0511579 secs] [Times: user=0.26 sys=0.00, real=0.06 secs] 
3450.126: [Full GC (Ergonomics) [PSYoungGen: 145362K->0K(465920K)] [ParOldGen: 1316059K->353262K(1398272K)] 1461422K->353262K(1864192K), [Metaspace: 60102K->60102K(1105920K)], 0.5811464 secs] [Times: user=2.52 sys=0.00, real=0.58 secs] 
3451.247: [GC (Allocation Failure) [PSYoungGen: 232960K->115373K(465920K)] 586222K->468636K(1864192K), 0.0224942 secs] [Times: user=0.08 sys=0.00, real=0.02 secs] 
3451.410: [GC (Allocation Failure) [PSYoungGen: 348333K->179125K(465920K)] 701596K->569484K(1864192K), 0.0363037 secs] [Times: user=0.16 sys=0.00, real=0.04 secs] 
3451.559: [GC (Allocation Failure) [PSYoungGen: 412085K->185655K(465920K)] 802444K->638326K(1864192K), 0.0487165 secs] [Times: user=0.23 sys=0.00, real=0.05 secs] 
3452.108: [GC (GCLocker Initiated GC) [PSYoungGen: 418615K->185557K(465920K)] 871286K->697124K(1864192K), 0.1032739 secs] [Times: user=0.54 sys=0.00, real=0.10 secs] 
3453.192: [GC (Allocation Failure) [PSYoungGen: 418517K->91258K(465920K)] 930379K->673121K(1864192K), 0.0441140 secs] [Times: user=0.23 sys=0.00, real=0.05 secs] 
3453.639: [GC (Allocation Failure) [PSYoungGen: 324218K->173173K(465920K)] 906081K->784532K(1864192K), 0.0532662 secs] [Times: user=0.25 sys=0.00, real=0.05 secs] 
3453.833: [GC (GCLocker Initiated GC) [PSYoungGen: 406133K->181685K(465920K)] 1017492K->846908K(1864192K), 0.0424516 secs] [Times: user=0.19 sys=0.00, real=0.04 secs] 
3454.021: [GC (Allocation Failure) [PSYoungGen: 414645K->184183K(465920K)] 1096383K->921265K(1864192K), 0.1730669 secs] [Times: user=0.98 sys=0.00, real=0.17 secs] 
3455.156: [GC (Allocation Failure) [PSYoungGen: 417143K->147826K(465920K)] 1154225K->943356K(1864192K), 0.1645125 secs] [Times: user=0.93 sys=0.00, real=0.17 secs] 
3456.816: [GC (Allocation Failure) [PSYoungGen: 380786K->115613K(465920K)] 1176316K->957920K(1864192K), 0.1283202 secs] [Times: user=0.71 sys=0.01, real=0.13 secs] 
3457.085: [GC (Allocation Failure) [PSYoungGen: 348573K->178357K(465920K)] 1190880K->1057936K(1864192K), 0.0374864 secs] [Times: user=0.16 sys=0.00, real=0.04 secs] 
3457.261: [GC (Allocation Failure) [PSYoungGen: 411317K->185015K(465920K)] 1290896K->1126810K(1864192K), 0.0563606 secs] [Times: user=0.27 sys=0.00, real=0.06 secs] 
3457.444: [GC (Allocation Failure) [PSYoungGen: 417975K->186997K(465920K)] 1359770K->1187376K(1864192K), 0.0600171 secs] [Times: user=0.30 sys=0.00, real=0.06 secs] 
3458.441: [GC (Allocation Failure) [PSYoungGen: 419957K->89290K(465920K)] 1420336K->1160150K(1864192K), 0.0471973 secs] [Times: user=0.25 sys=0.00, real=0.05 secs] 
3458.712: [GC (Allocation Failure) [PSYoungGen: 322250K->174965K(465920K)] 1393110K->1275128K(1864192K), 0.0581720 secs] [Times: user=0.26 sys=0.00, real=0.06 secs] 
3458.923: [GC (Allocation Failure) [PSYoungGen: 407925K->183957K(465920K)] 1508088K->1338369K(1864192K), 0.0448337 secs] [Times: user=0.20 sys=0.00, real=0.05 secs] 
3459.077: [GC (Allocation Failure) [PSYoungGen: 409809K->176950K(465920K)] 1564221K->1395561K(1864192K), 0.0503916 secs] [Times: user=0.24 sys=0.00, real=0.05 secs] 
3459.974: [GC (Allocation Failure) [PSYoungGen: 409910K->168659K(465920K)] 1628521K->1443502K(1864192K), 0.0574233 secs] [Times: user=0.29 sys=0.00, real=0.06 secs] 
3460.396: [GC (Allocation Failure) [PSYoungGen: 401619K->104188K(465920K)] 1676462K->1443576K(1864192K), 0.0469280 secs] [Times: user=0.24 sys=0.00, real=0.04 secs] 
3460.443: [Full GC (Ergonomics) [PSYoungGen: 104188K->0K(465920K)] [ParOldGen: 1339387K->120945K(1398272K)] 1443576K->120945K(1864192K), [Metaspace: 60102K->60102K(1105920K)], 0.1118383 secs] [Times: user=0.47 sys=0.00, real=0.11 secs] 
3460.669: [GC (Allocation Failure) [PSYoungGen: 232960K->179541K(465920K)] 353905K->300487K(1864192K), 0.0249491 secs] [Times: user=0.08 sys=0.00, real=0.02 secs] 
3460.875: [GC (Allocation Failure) [PSYoungGen: 412501K->183765K(465920K)] 533447K->360623K(1864192K), 0.0560751 secs] [Times: user=0.26 sys=0.00, real=0.06 secs] 
3461.081: [GC (Allocation Failure) [PSYoungGen: 416725K->186933K(465920K)] 593583K->419510K(1864192K), 0.0523353 secs] [Times: user=0.26 sys=0.00, real=0.05 secs] 
3462.102: [GC (Allocation Failure) [PSYoungGen: 419893K->99244K(465920K)] 652470K->402313K(1864192K), 0.0590205 secs] [Times: user=0.31 sys=0.00, real=0.06 secs] 
3463.201: [GC (Allocation Failure) [PSYoungGen: 332204K->165716K(465920K)] 635273K->501309K(1864192K), 0.0594511 secs] [Times: user=0.28 sys=0.00, real=0.06 secs] 
3463.394: [GC (Allocation Failure) [PSYoungGen: 398676K->184342K(465920K)] 734269K->571899K(1864192K), 0.0418294 secs] [Times: user=0.19 sys=0.00, real=0.04 secs] 
3463.584: [GC (Allocation Failure) [PSYoungGen: 417302K->185463K(465920K)] 804859K->637149K(1864192K), 0.0605001 secs] [Times: user=0.29 sys=0.00, real=0.06 secs] 
3464.334: [GC (Allocation Failure) [PSYoungGen: 418423K->217684K(465920K)] 870109K->728137K(1864192K), 0.0574914 secs] [Times: user=0.28 sys=0.00, real=0.06 secs] 
3464.764: [GC (GCLocker Initiated GC) [PSYoungGen: 450644K->97323K(465920K)] 961097K->674737K(1864192K), 0.0597821 secs] [Times: user=0.32 sys=0.00, real=0.06 secs] 
3464.998: [GC (Allocation Failure) [PSYoungGen: 330283K->179733K(465920K)] 907864K->788341K(1864192K), 0.0341230 secs] [Times: user=0.14 sys=0.00, real=0.03 secs] 
3465.143: [GC (Allocation Failure) [PSYoungGen: 412693K->181493K(465920K)] 1021301K->846117K(1864192K), 0.0427643 secs] [Times: user=0.19 sys=0.00, real=0.04 secs] 
3465.295: [GC (Allocation Failure) [PSYoungGen: 414453K->186325K(465920K)] 1079077K->905981K(1864192K), 0.0444329 secs] [Times: user=0.20 sys=0.00, real=0.05 secs] 
3467.016: [GC (Allocation Failure) [PSYoungGen: 419285K->99164K(465920K)] 1138941K->889084K(1864192K), 0.0440746 secs] [Times: user=0.23 sys=0.00, real=0.04 secs] 
3467.238: [GC (Allocation Failure) [PSYoungGen: 332124K->164659K(465920K)] 1122044K->987528K(1864192K), 0.0667315 secs] [Times: user=0.33 sys=0.00, real=0.06 secs] 
3467.457: [GC (Allocation Failure) [PSYoungGen: 397619K->183797K(465920K)] 1220488K->1058286K(1864192K), 0.0416545 secs] [Times: user=0.19 sys=0.00, real=0.04 secs] 
3467.613: [GC (Allocation Failure) [PSYoungGen: 416757K->186135K(465920K)] 1291246K->1124851K(1864192K), 0.0504427 secs] [Times: user=0.24 sys=0.00, real=0.05 secs] 
3467.807: [GC (Allocation Failure) [PSYoungGen: 419095K->183508K(465920K)] 1357811K->1181193K(1864192K), 0.0759750 secs] [Times: user=0.39 sys=0.00, real=0.07 secs] 
3469.750: [GC (Allocation Failure) [PSYoungGen: 416468K->85466K(465920K)] 1414153K->1152530K(1864192K), 0.1081065 secs] [Times: user=0.59 sys=0.00, real=0.11 secs] 
3470.471: [GC (Allocation Failure) [PSYoungGen: 318426K->179605K(465920K)] 1385490K->1274324K(1864192K), 0.0412341 secs] [Times: user=0.18 sys=0.00, real=0.04 secs] 
3470.625: [GC (Allocation Failure) [PSYoungGen: 412565K->184598K(465920K)] 1507284K->1335184K(1864192K), 0.0440730 secs] [Times: user=0.20 sys=0.00, real=0.05 secs] 
3470.807: [GC (Allocation Failure) [PSYoungGen: 417558K->183316K(465920K)] 1568144K->1389775K(1864192K), 0.0504326 secs] [Times: user=0.25 sys=0.00, real=0.05 secs] 
3471.862: [GC (Allocation Failure) [PSYoungGen: 416276K->110253K(465920K)] 1622735K->1386035K(1864192K), 0.0473944 secs] [Times: user=0.25 sys=0.00, real=0.05 secs] 
3472.110: [GC (Allocation Failure) [PSYoungGen: 343213K->156594K(465920K)] 1618995K->1468610K(1864192K), 0.0802147 secs] [Times: user=0.40 sys=0.01, real=0.08 secs] 
3472.190: [Full GC (Ergonomics) [PSYoungGen: 156594K->0K(465920K)] [ParOldGen: 1312015K->176491K(1398272K)] 1468610K->176491K(1864192K), [Metaspace: 60103K->60103K(1105920K)], 0.2029425 secs] [Times: user=0.97 sys=0.00, real=0.20 secs] 
3472.507: [GC (Allocation Failure) [PSYoungGen: 232960K->183733K(465920K)] 409451K->360225K(1864192K), 0.0329724 secs] [Times: user=0.13 sys=0.00, real=0.03 secs] 
3472.664: [GC (Allocation Failure) [PSYoungGen: 416693K->186231K(465920K)] 593185K->426706K(1864192K), 0.0441650 secs] [Times: user=0.20 sys=0.00, real=0.05 secs] 
3473.200: [GC (Allocation Failure) [PSYoungGen: 419191K->182388K(465920K)] 659666K->482044K(1864192K), 0.0748671 secs] [Times: user=0.38 sys=0.01, real=0.07 secs] 
3474.321: [GC (Allocation Failure) [PSYoungGen: 415348K->90698K(465920K)] 715004K->459290K(1864192K), 0.0591413 secs] [Times: user=0.31 sys=0.00, real=0.06 secs] 
3474.605: [GC (Allocation Failure) [PSYoungGen: 323658K->178453K(465920K)] 692250K->576213K(1864192K), 0.0368170 secs] [Times: user=0.15 sys=0.00, real=0.04 secs] 
3474.753: [GC (Allocation Failure) [PSYoungGen: 411413K->184566K(465920K)] 809173K->638046K(1864192K), 0.0431740 secs] [Times: user=0.19 sys=0.00, real=0.05 secs] 
3474.904: [GC (Allocation Failure) [PSYoungGen: 417526K->186933K(465920K)] 871006K->696421K(1864192K), 0.0452083 secs] [Times: user=0.21 sys=0.00, real=0.05 secs] 
3475.970: [GC (Allocation Failure) [PSYoungGen: 419893K->111789K(465920K)] 929381K->691758K(1864192K), 0.0460252 secs] [Times: user=0.24 sys=0.00, real=0.04 secs] 
3477.652: [GC (Allocation Failure) [PSYoungGen: 344749K->144081K(465920K)] 924718K->760106K(1864192K), 0.0938008 secs] [Times: user=0.50 sys=0.00, real=0.09 secs] 
3477.959: [GC (Allocation Failure) [PSYoungGen: 377041K->183125K(465920K)] 993066K->844147K(1864192K), 0.0453894 secs] [Times: user=0.21 sys=0.00, real=0.04 secs] 
3478.115: [GC (Allocation Failure) [PSYoungGen: 416085K->185975K(465920K)] 1077107K->910532K(1864192K), 0.0512882 secs] [Times: user=0.23 sys=0.00, real=0.06 secs] 
3478.293: [GC (Allocation Failure) [PSYoungGen: 418935K->186837K(465920K)] 1143492K->970426K(1864192K), 0.0612268 secs] [Times: user=0.25 sys=0.00, real=0.06 secs] 
3479.278: [GC (GCLocker Initiated GC) [PSYoungGen: 419797K->89578K(465920K)] 1203387K->943440K(1864192K), 0.0429757 secs] [Times: user=0.22 sys=0.01, real=0.04 secs] 
3479.666: [GC (Allocation Failure) [PSYoungGen: 322538K->177365K(465920K)] 1176695K->1060107K(1864192K), 0.0477071 secs] [Times: user=0.21 sys=0.00, real=0.05 secs] 
3479.846: [GC (Allocation Failure) [PSYoungGen: 410325K->181301K(465920K)] 1293067K->1119359K(1864192K), 0.0442084 secs] [Times: user=0.19 sys=0.01, real=0.05 secs] 
3479.999: [GC (Allocation Failure) [PSYoungGen: 414261K->186581K(465920K)] 1352319K->1179334K(1864192K), 0.0459949 secs] [Times: user=0.21 sys=0.00, real=0.04 secs] 
3481.568: [GC (Allocation Failure) [PSYoungGen: 419541K->127343K(465920K)] 1412294K->1190409K(1864192K), 0.0491205 secs] [Times: user=0.24 sys=0.01, real=0.05 secs] 
3482.033: [GC (Allocation Failure) [PSYoungGen: 360303K->138304K(465920K)] 1423369K->1241698K(1864192K), 0.0863585 secs] [Times: user=0.47 sys=0.00, real=0.09 secs] 
3482.268: [GC (Allocation Failure) [PSYoungGen: 371264K->178261K(465920K)] 1474658K->1326055K(1864192K), 0.0537800 secs] [Times: user=0.25 sys=0.00, real=0.05 secs] 
3482.491: [GC (Allocation Failure) [PSYoungGen: 411221K->185335K(465920K)] 1559015K->1395217K(1864192K), 0.0688814 secs] [Times: user=0.34 sys=0.00, real=0.07 secs] 
3482.672: [GC (Allocation Failure) [PSYoungGen: 418295K->186773K(465920K)] 1628177K->1455527K(1864192K), 0.0574936 secs] [Times: user=0.28 sys=0.00, real=0.06 secs] 
3484.734: [GC (Allocation Failure) [PSYoungGen: 419733K->88714K(465920K)] 1688487K->1427933K(1864192K), 0.1318907 secs] [Times: user=0.74 sys=0.00, real=0.14 secs] 
3484.866: [Full GC (Ergonomics) [PSYoungGen: 88714K->0K(465920K)] [ParOldGen: 1339218K->93345K(1398272K)] 1427933K->93345K(1864192K), [Metaspace: 60106K->60106K(1105920K)], 0.1233879 secs] [Times: user=0.50 sys=0.00, real=0.12 secs] 
3486.008: [GC (Allocation Failure) [PSYoungGen: 232960K->175509K(465920K)] 326305K->268854K(1864192K), 0.0327187 secs] [Times: user=0.12 sys=0.00, real=0.03 secs] 
3486.172: [GC (Allocation Failure) [PSYoungGen: 408469K->184950K(465920K)] 501814K->333363K(1864192K), 0.0421795 secs] [Times: user=0.19 sys=0.00, real=0.04 secs] 
3486.323: [GC (Allocation Failure) [PSYoungGen: 417910K->187125K(465920K)] 566323K->391570K(1864192K), 0.0449940 secs] [Times: user=0.21 sys=0.00, real=0.05 secs] 
3487.279: [GC (Allocation Failure) [PSYoungGen: 420085K->136593K(465920K)] 624530K->411462K(1864192K), 0.0486230 secs] [Times: user=0.24 sys=0.00, real=0.05 secs] 
3487.565: [GC (Allocation Failure) [PSYoungGen: 369553K->131135K(465920K)] 644422K->449525K(1864192K), 0.0766088 secs] [Times: user=0.41 sys=0.00, real=0.08 secs] 
3487.809: [GC (Allocation Failure) [PSYoungGen: 364095K->177973K(465920K)] 682485K->537711K(1864192K), 0.0548988 secs] [Times: user=0.25 sys=0.00, real=0.05 secs] 
3487.996: [GC (Allocation Failure) [PSYoungGen: 410933K->185783K(465920K)] 770671K->607733K(1864192K), 0.0492112 secs] [Times: user=0.22 sys=0.00, real=0.05 secs] 
3488.544: [GC (Allocation Failure) [PSYoungGen: 418743K->180340K(465920K)] 840693K->661130K(1864192K), 0.1115212 secs] [Times: user=0.47 sys=0.00, real=0.11 secs] 
3489.613: [GC (Allocation Failure) [PSYoungGen: 413300K->91787K(465920K)] 894090K->641113K(1864192K), 0.0491258 secs] [Times: user=0.26 sys=0.00, real=0.05 secs] 
3489.998: [GC (Allocation Failure) [PSYoungGen: 324747K->173877K(465920K)] 874073K->752536K(1864192K), 0.0485693 secs] [Times: user=0.20 sys=0.00, real=0.05 secs] 
3490.249: [GC (Allocation Failure) [PSYoungGen: 406837K->184310K(465920K)] 985496K->817629K(1864192K), 0.0557172 secs] [Times: user=0.26 sys=0.01, real=0.05 secs] 
3490.437: [GC (Allocation Failure) [PSYoungGen: 417270K->186933K(465920K)] 1050589K->876196K(1864192K), 0.0636527 secs] [Times: user=0.32 sys=0.00, real=0.06 secs] 
3491.452: [GC (Allocation Failure) [PSYoungGen: 419893K->149554K(465920K)] 1109156K->909297K(1864192K), 0.0505693 secs] [Times: user=0.25 sys=0.00, real=0.05 secs] 
3493.217: [GC (Allocation Failure) [PSYoungGen: 382514K->116398K(465920K)] 1142257K->923573K(1864192K), 0.1476632 secs] [Times: user=0.83 sys=0.00, real=0.14 secs] 
3493.511: [GC (Allocation Failure) [PSYoungGen: 349358K->178805K(465920K)] 1156533K->1023321K(1864192K), 0.0374357 secs] [Times: user=0.16 sys=0.00, real=0.04 secs] 
3493.661: [GC (Allocation Failure) [PSYoungGen: 411765K->185559K(465920K)] 1256281K->1092371K(1864192K), 0.0503842 secs] [Times: user=0.24 sys=0.00, real=0.05 secs] 
3493.841: [GC (Allocation Failure) [PSYoungGen: 418519K->186837K(465920K)] 1325331K->1152513K(1864192K), 0.0586203 secs] [Times: user=0.29 sys=0.01, real=0.06 secs] 
3494.862: [GC (Allocation Failure) [PSYoungGen: 419797K->97115K(465920K)] 1385473K->1133276K(1864192K), 0.0460520 secs] [Times: user=0.25 sys=0.00, real=0.05 secs] 
3495.033: [GC (Allocation Failure) [PSYoungGen: 330075K->168340K(465920K)] 1366236K->1236757K(1864192K), 0.0410626 secs] [Times: user=0.18 sys=0.00, real=0.04 secs] 
3495.192: [GC (Allocation Failure) [PSYoungGen: 401300K->183413K(465920K)] 1469717K->1303766K(1864192K), 0.0492768 secs] [Times: user=0.23 sys=0.00, real=0.05 secs] 
3495.367: [GC (Allocation Failure) [PSYoungGen: 403024K->174645K(465920K)] 1523377K->1358934K(1864192K), 0.0505079 secs] [Times: user=0.23 sys=0.00, real=0.05 secs] 
3497.219: [GC (Allocation Failure) [PSYoungGen: 404636K->189555K(465920K)] 1588924K->1429579K(1864192K), 0.0542395 secs] [Times: user=0.27 sys=0.00, real=0.05 secs] 
3497.927: [GC (Allocation Failure) [PSYoungGen: 422515K->94459K(465920K)] 1662539K->1399147K(1864192K), 0.0830010 secs] [Times: user=0.45 sys=0.00, real=0.08 secs] 
3498.235: [GC (Allocation Failure) [PSYoungGen: 327419K->183126K(465920K)] 1632107K->1517907K(1864192K), 0.0362362 secs] [Times: user=0.15 sys=0.00, real=0.04 secs] 
3498.271: [Full GC (Ergonomics) [PSYoungGen: 183126K->0K(465920K)] [ParOldGen: 1334781K->230773K(1398272K)] 1517907K->230773K(1864192K), [Metaspace: 60110K->60110K(1105920K)], 0.2583678 secs] [Times: user=1.16 sys=0.00, real=0.26 secs] 
3498.657: [GC (Allocation Failure) [PSYoungGen: 232960K->181813K(465920K)] 463733K->412586K(1864192K), 0.0261267 secs] [Times: user=0.10 sys=0.00, real=0.02 secs] 
3498.815: [GC (Allocation Failure) [PSYoungGen: 414773K->186837K(465920K)] 645546K->473010K(1864192K), 0.0503287 secs] [Times: user=0.20 sys=0.00, real=0.05 secs] 
3499.936: [GC (Allocation Failure) [PSYoungGen: 419797K->99100K(465920K)] 705970K->455693K(1864192K), 0.0444158 secs] [Times: user=0.23 sys=0.01, real=0.05 secs] 
3500.696: [GC (Allocation Failure) [PSYoungGen: 332060K->163315K(465920K)] 688653K->551833K(1864192K), 0.0584908 secs] [Times: user=0.28 sys=0.00, real=0.06 secs] 
3500.960: [GC (Allocation Failure) [PSYoungGen: 396275K->184150K(465920K)] 784793K->623808K(1864192K), 0.0558940 secs] [Times: user=0.25 sys=0.01, real=0.05 secs] 
3501.178: [GC (Allocation Failure) [PSYoungGen: 417110K->185911K(465920K)] 856768K->689409K(1864192K), 0.0612256 secs] [Times: user=0.30 sys=0.00, real=0.06 secs] 
3501.352: [GC (Allocation Failure) [PSYoungGen: 418871K->186613K(465920K)] 922369K->749095K(1864192K), 0.0539802 secs] [Times: user=0.26 sys=0.00, real=0.05 secs] 
3502.341: [GC (Allocation Failure) [PSYoungGen: 419573K->87338K(465920K)] 982055K->720188K(1864192K), 0.0469921 secs] [Times: user=0.25 sys=0.00, real=0.05 secs] 
3502.541: [GC (Allocation Failure) [PSYoungGen: 320253K->178325K(465920K)] 953103K->839352K(1864192K), 0.0514936 secs] [Times: user=0.22 sys=0.00, real=0.05 secs] 
3502.741: [GC (Allocation Failure) [PSYoungGen: 411285K->183957K(465920K)] 1072312K->900337K(1864192K), 0.0431758 secs] [Times: user=0.20 sys=0.00, real=0.04 secs] 
3502.893: [GC (Allocation Failure) [PSYoungGen: 416917K->187029K(465920K)] 1133297K->959320K(1864192K), 0.0457161 secs] [Times: user=0.21 sys=0.00, real=0.05 secs] 
3504.207: [GC (Allocation Failure) [PSYoungGen: 419989K->104988K(465920K)] 1192280K->947784K(1864192K), 0.0454499 secs] [Times: user=0.24 sys=0.00, real=0.04 secs] 
3504.672: [GC (Allocation Failure) [PSYoungGen: 337948K->162803K(465920K)] 1180744K->1039527K(1864192K), 0.0671248 secs] [Times: user=0.34 sys=0.01, real=0.07 secs] 
3504.925: [GC (Allocation Failure) [PSYoungGen: 395763K->184054K(465920K)] 1272487K->1111906K(1864192K), 0.0586402 secs] [Times: user=0.28 sys=0.00, real=0.06 secs] 
3505.148: [GC (Allocation Failure) [PSYoungGen: 417014K->185815K(465920K)] 1344866K->1177675K(1864192K), 0.0647697 secs] [Times: user=0.32 sys=0.00, real=0.06 secs] 
3505.318: [GC (Allocation Failure) [PSYoungGen: 418775K->184052K(465920K)] 1410635K->1234945K(1864192K), 0.0557616 secs] [Times: user=0.28 sys=0.00, real=0.05 secs] 
3507.263: [GC (Allocation Failure) [PSYoungGen: 417012K->85514K(465920K)] 1467905K->1206026K(1864192K), 0.1038926 secs] [Times: user=0.58 sys=0.01, real=0.11 secs] 
3507.652: [GC (Allocation Failure) [PSYoungGen: 318474K->182006K(465920K)] 1438986K->1329991K(1864192K), 0.0408764 secs] [Times: user=0.18 sys=0.00, real=0.04 secs] 
3507.805: [GC (Allocation Failure) [PSYoungGen: 414966K->184918K(465920K)] 1562951K->1389391K(1864192K), 0.0441484 secs] [Times: user=0.20 sys=0.00, real=0.05 secs] 
3507.956: [GC (Allocation Failure) [PSYoungGen: 417878K->186517K(465920K)] 1622351K->1447118K(1864192K), 0.0461583 secs] [Times: user=0.21 sys=0.00, real=0.05 secs] 
3508.968: [GC (Allocation Failure) [PSYoungGen: 419477K->106397K(465920K)] 1680078K->1437326K(1864192K), 0.0470149 secs] [Times: user=0.24 sys=0.01, real=0.04 secs] 
3509.015: [Full GC (Ergonomics) [PSYoungGen: 106397K->0K(465920K)] [ParOldGen: 1330929K->91710K(1398272K)] 1437326K->91710K(1864192K), [Metaspace: 60114K->60114K(1105920K)], 0.0380036 secs] [Times: user=0.10 sys=0.00, real=0.04 secs] 
3509.268: [GC (Allocation Failure) [PSYoungGen: 232941K->157491K(465920K)] 324652K->249201K(1864192K), 0.0270266 secs] [Times: user=0.10 sys=0.00, real=0.02 secs] 
3509.474: [GC (Allocation Failure) [PSYoungGen: 390451K->184149K(465920K)] 482161K->324684K(1864192K), 0.0532682 secs] [Times: user=0.25 sys=0.00, real=0.06 secs] 
3509.646: [GC (Allocation Failure) [PSYoungGen: 417109K->185975K(465920K)] 557644K->391094K(1864192K), 0.0495331 secs] [Times: user=0.23 sys=0.00, real=0.05 secs] 
3509.821: [GC (Allocation Failure) [PSYoungGen: 418935K->186389K(465920K)] 624054K->450508K(1864192K), 0.0549732 secs] [Times: user=0.27 sys=0.00, real=0.06 secs] 
3510.826: [GC (Allocation Failure) [PSYoungGen: 419349K->88074K(465920K)] 683468K->422473K(1864192K), 0.0401332 secs] [Times: user=0.20 sys=0.01, real=0.04 secs] 
3511.040: [GC (Allocation Failure) [PSYoungGen: 321034K->181718K(465920K)] 655433K->544425K(1864192K), 0.0431529 secs] [Times: user=0.18 sys=0.00, real=0.04 secs] 
3511.227: [GC (Allocation Failure) [PSYoungGen: 414678K->181301K(465920K)] 777385K->600512K(1864192K), 0.0443474 secs] [Times: user=0.20 sys=0.00, real=0.04 secs] 
3511.414: [GC (Allocation Failure) [PSYoungGen: 414261K->186133K(465920K)] 833472K->660312K(1864192K), 0.0653281 secs] [Times: user=0.31 sys=0.01, real=0.07 secs] 
3512.492: [GC (Allocation Failure) [PSYoungGen: 419093K->114030K(465920K)] 893272K->658481K(1864192K), 0.0481182 secs] [Times: user=0.25 sys=0.00, real=0.05 secs] 
3513.312: [GC (Allocation Failure) [PSYoungGen: 346990K->152146K(465920K)] 891441K->733186K(1864192K), 0.0740639 secs] [Times: user=0.37 sys=0.01, real=0.07 secs] 
3513.510: [GC (Allocation Failure) [PSYoungGen: 385106K->184470K(465920K)] 966146K->813938K(1864192K), 0.0426625 secs] [Times: user=0.19 sys=0.00, real=0.04 secs] 
3513.668: [GC (Allocation Failure) [PSYoungGen: 417430K->185975K(465920K)] 1046898K->879411K(1864192K), 0.0513760 secs] [Times: user=0.24 sys=0.00, real=0.05 secs] 
3513.830: [GC (Allocation Failure) [PSYoungGen: 418935K->186709K(465920K)] 1112371K->939041K(1864192K), 0.0584015 secs] [Times: user=0.29 sys=0.00, real=0.06 secs] 
3515.109: [GC (Allocation Failure) [PSYoungGen: 419669K->93083K(465920K)] 1172001K->915927K(1864192K), 0.0760027 secs] [Times: user=0.41 sys=0.00, real=0.07 secs] 
3515.437: [GC (Allocation Failure) [PSYoungGen: 326043K->181334K(465920K)] 1148887K->1033879K(1864192K), 0.0400183 secs] [Times: user=0.17 sys=0.00, real=0.04 secs] 
3515.586: [GC (Allocation Failure) [PSYoungGen: 414294K->184438K(465920K)] 1266839K->1093235K(1864192K), 0.0456777 secs] [Times: user=0.21 sys=0.00, real=0.05 secs] 
3515.763: [GC (Allocation Failure) [PSYoungGen: 417398K->187189K(465920K)] 1326195K->1151818K(1864192K), 0.0519999 secs] [Times: user=0.25 sys=0.00, real=0.05 secs] 
3516.834: [GC (Allocation Failure) [PSYoungGen: 420149K->108125K(465920K)] 1384778K->1143450K(1864192K), 0.0475628 secs] [Times: user=0.24 sys=0.01, real=0.05 secs] 
3517.109: [GC (Allocation Failure) [PSYoungGen: 341085K->155026K(465920K)] 1376410K->1225124K(1864192K), 0.0742622 secs] [Times: user=0.38 sys=0.00, real=0.07 secs] 
3517.345: [GC (Allocation Failure) [PSYoungGen: 387986K->184310K(465920K)] 1458084K->1302824K(1864192K), 0.0429824 secs] [Times: user=0.20 sys=0.00, real=0.05 secs] 
3517.502: [GC (Allocation Failure) [PSYoungGen: 417270K->185943K(465920K)] 1535784K->1368545K(1864192K), 0.0522866 secs] [Times: user=0.25 sys=0.00, real=0.05 secs] 
3517.663: [GC (Allocation Failure) [PSYoungGen: 418903K->186133K(465920K)] 1601505K->1427759K(1864192K), 0.0579199 secs] [Times: user=0.29 sys=0.00, real=0.06 secs] 
3518.806: [GC (Allocation Failure) [PSYoungGen: 419093K->85434K(465920K)] 1660719K->1397316K(1864192K), 0.0568486 secs] [Times: user=0.31 sys=0.00, real=0.05 secs] 
3518.863: [Full GC (Ergonomics) [PSYoungGen: 85434K->0K(465920K)] [ParOldGen: 1311882K->97848K(1398272K)] 1397316K->97848K(1864192K), [Metaspace: 60119K->60119K(1105920K)], 0.0865297 secs] [Times: user=0.35 sys=0.00, real=0.09 secs] 
3519.214: [GC (Allocation Failure) [PSYoungGen: 232960K->178357K(465920K)] 330808K->276206K(1864192K), 0.0246148 secs] [Times: user=0.09 sys=0.00, real=0.03 secs] 
3519.385: [GC (Allocation Failure) [PSYoungGen: 411317K->184406K(465920K)] 509166K->337606K(1864192K), 0.0584148 secs] [Times: user=0.27 sys=0.00, real=0.06 secs] 
3519.587: [GC (Allocation Failure) [PSYoungGen: 417366K->186549K(465920K)] 570566K->395606K(1864192K), 0.0445060 secs] [Times: user=0.21 sys=0.00, real=0.04 secs] 
3520.601: [GC (Allocation Failure) [PSYoungGen: 419509K->117486K(465920K)] 628566K->396927K(1864192K), 0.0458765 secs] [Times: user=0.23 sys=0.00, real=0.05 secs] 
3522.228: [GC (Allocation Failure) [PSYoungGen: 350446K->144433K(465920K)] 629887K->461854K(1864192K), 0.0988601 secs] [Times: user=0.52 sys=0.00, real=0.10 secs] 
3522.473: [GC (Allocation Failure) [PSYoungGen: 377393K->183990K(465920K)] 694814K->546527K(1864192K), 0.0394640 secs] [Times: user=0.17 sys=0.00, real=0.04 secs] 
3522.625: [GC (Allocation Failure) [PSYoungGen: 416950K->185879K(465920K)] 779487K->612256K(1864192K), 0.0491649 secs] [Times: user=0.23 sys=0.00, real=0.05 secs] 
3522.781: [GC (Allocation Failure) [PSYoungGen: 418839K->186933K(465920K)] 845216K->672374K(1864192K), 0.0558900 secs] [Times: user=0.28 sys=0.00, real=0.06 secs] 
3523.805: [GC (Allocation Failure) [PSYoungGen: 419893K->89962K(465920K)] 905334K->645924K(1864192K), 0.0619088 secs] [Times: user=0.32 sys=0.01, real=0.07 secs] 
3524.076: [GC (Allocation Failure) [PSYoungGen: 322922K->174997K(465920K)] 878884K->759827K(1864192K), 0.0330355 secs] [Times: user=0.13 sys=0.00, real=0.03 secs] 
3524.250: [GC (Allocation Failure) [PSYoungGen: 407957K->184054K(465920K)] 992787K->823156K(1864192K), 0.0643458 secs] [Times: user=0.31 sys=0.01, real=0.06 secs] 
3524.456: [GC (Allocation Failure) [PSYoungGen: 417014K->186901K(465920K)] 1056116K->881811K(1864192K), 0.0471620 secs] [Times: user=0.22 sys=0.00, real=0.05 secs] 
3525.532: [GC (Allocation Failure) [PSYoungGen: 419861K->124879K(465920K)] 1114771K->890365K(1864192K), 0.0496868 secs] [Times: user=0.24 sys=0.00, real=0.05 secs] 
3525.777: [GC (Allocation Failure) [PSYoungGen: 355869K->142113K(465920K)] 1121356K->947151K(1864192K), 0.0751010 secs] [Times: user=0.40 sys=0.01, real=0.07 secs] 
3526.032: [GC (Allocation Failure) [PSYoungGen: 375073K->185557K(465920K)] 1180111K->1035440K(1864192K), 0.0397085 secs] [Times: user=0.18 sys=0.00, real=0.04 secs] 
3526.187: [GC (Allocation Failure) [PSYoungGen: 418517K->183158K(465920K)] 1268400K->1095302K(1864192K), 0.0499687 secs] [Times: user=0.22 sys=0.00, real=0.05 secs] 
3526.373: [GC (Allocation Failure) [PSYoungGen: 416118K->186485K(465920K)] 1328262K->1157084K(1864192K), 0.0565731 secs] [Times: user=0.28 sys=0.00, real=0.06 secs] 
3527.818: [GC (Allocation Failure) [PSYoungGen: 419445K->95755K(465920K)] 1390044K->1136582K(1864192K), 0.0982818 secs] [Times: user=0.53 sys=0.01, real=0.10 secs] 
3528.330: [GC (Allocation Failure) [PSYoungGen: 328715K->172884K(465920K)] 1369542K->1245180K(1864192K), 0.0350317 secs] [Times: user=0.14 sys=0.00, real=0.03 secs] 
3528.478: [GC (Allocation Failure) [PSYoungGen: 405844K->184726K(465920K)] 1478140K->1311329K(1864192K), 0.0441812 secs] [Times: user=0.20 sys=0.00, real=0.04 secs] 
3528.632: [GC (Allocation Failure) [PSYoungGen: 417686K->187061K(465920K)] 1544289K->1369656K(1864192K), 0.0471047 secs] [Times: user=0.22 sys=0.00, real=0.05 secs] 
3529.867: [GC (Allocation Failure) [PSYoungGen: 420021K->133296K(465920K)] 1602616K->1386352K(1864192K), 0.0499241 secs] [Times: user=0.25 sys=0.00, real=0.05 secs] 
3530.410: [GC (Allocation Failure) [PSYoungGen: 366256K->138416K(465920K)] 1619312K->1433840K(1864192K), 0.0896629 secs] [Times: user=0.49 sys=0.00, real=0.09 secs] 
3530.617: [GC (Allocation Failure) [PSYoungGen: 371376K->178837K(465920K)] 1666800K->1518765K(1864192K), 0.0400305 secs] [Times: user=0.18 sys=0.00, real=0.04 secs] 
3530.657: [Full GC (Ergonomics) [PSYoungGen: 178837K->0K(465920K)] [ParOldGen: 1339928K->240422K(1398272K)] 1518765K->240422K(1864192K), [Metaspace: 60123K->60123K(1105920K)], 0.2899583 secs] [Times: user=1.34 sys=0.00, real=0.29 secs] 
3531.059: [GC (Allocation Failure) [PSYoungGen: 232960K->182134K(465920K)] 473382K->422557K(1864192K), 0.0860612 secs] [Times: user=0.46 sys=0.00, real=0.08 secs] 
3531.266: [GC (Allocation Failure) [PSYoungGen: 415094K->199508K(465920K)] 655517K->497507K(1864192K), 0.0570376 secs] [Times: user=0.29 sys=0.00, real=0.05 secs] 
3532.243: [GC (Allocation Failure) [PSYoungGen: 432468K->93931K(465920K)] 730467K->461266K(1864192K), 0.0419788 secs] [Times: user=0.22 sys=0.00, real=0.04 secs] 
3532.471: [GC (Allocation Failure) [PSYoungGen: 326891K->177813K(465920K)] 694226K->575277K(1864192K), 0.0448100 secs] [Times: user=0.19 sys=0.00, real=0.04 secs] 
3532.648: [GC (Allocation Failure) [PSYoungGen: 410773K->184374K(465920K)] 808237K->637457K(1864192K), 0.0431535 secs] [Times: user=0.19 sys=0.00, real=0.04 secs] 
3532.844: [GC (Allocation Failure) [PSYoungGen: 417334K->183284K(465920K)] 870417K->692272K(1864192K), 0.0632175 secs] [Times: user=0.30 sys=0.00, real=0.07 secs] 
3533.808: [GC (Allocation Failure) [PSYoungGen: 416244K->139345K(465920K)] 925232K->717773K(1864192K), 0.0490601 secs] [Times: user=0.24 sys=0.01, real=0.05 secs] 
3534.312: [GC (Allocation Failure) [PSYoungGen: 372305K->129567K(465920K)] 950733K->752191K(1864192K), 0.1130486 secs] [Times: user=0.62 sys=0.00, real=0.11 secs] 
3534.564: [GC (Allocation Failure) [PSYoungGen: 362527K->178581K(465920K)] 985151K->842570K(1864192K), 0.0380902 secs] [Times: user=0.16 sys=0.00, real=0.04 secs] 
3534.745: [GC (Allocation Failure) [PSYoungGen: 411541K->185687K(465920K)] 1075530K->912104K(1864192K), 0.0550185 secs] [Times: user=0.26 sys=0.00, real=0.06 secs] 
3534.919: [GC (Allocation Failure) [PSYoungGen: 418647K->186773K(465920K)] 1145064K->972166K(1864192K), 0.0578545 secs] [Times: user=0.29 sys=0.00, real=0.06 secs] 
3536.429: [GC (Allocation Failure) [PSYoungGen: 419733K->87402K(465920K)] 1205126K->943131K(1864192K), 0.1263530 secs] [Times: user=0.70 sys=0.00, real=0.12 secs] 
3537.174: [GC (Allocation Failure) [PSYoungGen: 320358K->175189K(465920K)] 1176087K->1058874K(1864192K), 0.0421809 secs] [Times: user=0.18 sys=0.00, real=0.05 secs] 
3537.343: [GC (Allocation Failure) [PSYoungGen: 408149K->183125K(465920K)] 1291834K->1121763K(1864192K), 0.0436187 secs] [Times: user=0.19 sys=0.00, real=0.05 secs] 
3537.521: [GC (Allocation Failure) [PSYoungGen: 416085K->186933K(465920K)] 1354723K->1181099K(1864192K), 0.0646284 secs] [Times: user=0.30 sys=0.01, real=0.06 secs] 
3538.484: [GC (Allocation Failure) [PSYoungGen: 419893K->148786K(465920K)] 1414059K->1213496K(1864192K), 0.0513485 secs] [Times: user=0.26 sys=0.00, real=0.05 secs] 
3538.799: [GC (Allocation Failure) [PSYoungGen: 381746K->120398K(465920K)] 1446456K->1232372K(1864192K), 0.0851681 secs] [Times: user=0.46 sys=0.01, real=0.08 secs] 
3539.042: [GC (Allocation Failure) [PSYoungGen: 353358K->178709K(465920K)] 1465332K->1329460K(1864192K), 0.0472292 secs] [Times: user=0.22 sys=0.00, real=0.05 secs] 
3539.202: [GC (Allocation Failure) [PSYoungGen: 411669K->181718K(465920K)] 1562420K->1394797K(1864192K), 0.0491451 secs] [Times: user=0.23 sys=0.01, real=0.05 secs] 
3539.360: [GC (Allocation Failure) [PSYoungGen: 414678K->186741K(465920K)] 1627757K->1457468K(1864192K), 0.0579901 secs] [Times: user=0.29 sys=0.00, real=0.06 secs] 
3540.373: [GC (Allocation Failure) [PSYoungGen: 419701K->97643K(465920K)] 1690428K->1438862K(1864192K), 0.0456475 secs] [Times: user=0.24 sys=0.01, real=0.05 secs] 
3540.419: [Full GC (Ergonomics) [PSYoungGen: 97643K->0K(465920K)] [ParOldGen: 1341218K->96114K(1398272K)] 1438862K->96114K(1864192K), [Metaspace: 60123K->60123K(1105920K)], 0.0543691 secs] [Times: user=0.19 sys=0.00, real=0.05 secs] 
3540.700: [GC (Allocation Failure) [PSYoungGen: 232960K->172660K(465920K)] 329074K->268775K(1864192K), 0.0238549 secs] [Times: user=0.08 sys=0.00, real=0.02 secs] 
3540.837: [GC (Allocation Failure) [PSYoungGen: 405620K->184502K(465920K)] 501735K->333404K(1864192K), 0.0417842 secs] [Times: user=0.18 sys=0.00, real=0.04 secs] 
3541.040: [GC (Allocation Failure) [PSYoungGen: 405200K->174517K(465920K)] 554103K->387596K(1864192K), 0.0761314 secs] [Times: user=0.37 sys=0.00, real=0.07 secs] 
3542.015: [GC (Allocation Failure) [PSYoungGen: 407477K->169011K(465920K)] 620556K->437713K(1864192K), 0.0535582 secs] [Times: user=0.26 sys=0.00, real=0.06 secs] 
3543.387: [GC (GCLocker Initiated GC) [PSYoungGen: 401971K->93755K(465920K)] 670674K->427050K(1864192K), 0.0923546 secs] [Times: user=0.50 sys=0.00, real=0.09 secs] 
3543.665: [GC (Allocation Failure) [PSYoungGen: 326715K->180406K(465920K)] 660048K->544000K(1864192K), 0.0340530 secs] [Times: user=0.13 sys=0.00, real=0.04 secs] 
3543.811: [GC (Allocation Failure) [PSYoungGen: 413366K->184374K(465920K)] 776960K->603880K(1864192K), 0.0431778 secs] [Times: user=0.19 sys=0.01, real=0.04 secs] 
3543.963: [GC (Allocation Failure) [PSYoungGen: 417334K->186485K(465920K)] 836840K->661799K(1864192K), 0.0450832 secs] [Times: user=0.21 sys=0.00, real=0.05 secs] 
3544.945: [GC (Allocation Failure) [PSYoungGen: 419445K->102636K(465920K)] 894759K->648287K(1864192K), 0.0470627 secs] [Times: user=0.24 sys=0.00, real=0.05 secs] 
3545.277: [GC (Allocation Failure) [PSYoungGen: 335596K->166868K(465920K)] 881247K->746031K(1864192K), 0.0404725 secs] [Times: user=0.18 sys=0.00, real=0.04 secs] 
3545.429: [GC (Allocation Failure) [PSYoungGen: 399828K->192982K(465920K)] 978991K->824585K(1864192K), 0.0428799 secs] [Times: user=0.19 sys=0.00, real=0.04 secs] 
3545.583: [GC (Allocation Failure) [PSYoungGen: 425942K->186039K(465920K)] 1057545K->881866K(1864192K), 0.0501405 secs] [Times: user=0.24 sys=0.00, real=0.05 secs] 
3545.862: [GC (Allocation Failure) [PSYoungGen: 418738K->213044K(465920K)] 1114565K->967751K(1864192K), 0.0558508 secs] [Times: user=0.27 sys=0.00, real=0.06 secs] 
3546.884: [GC (Allocation Failure) [PSYoungGen: 446004K->91402K(465920K)] 1200711K->914217K(1864192K), 0.0533857 secs] [Times: user=0.28 sys=0.00, real=0.06 secs] 
3547.085: [GC (Allocation Failure) [PSYoungGen: 324362K->179381K(465920K)] 1147177K->1031305K(1864192K), 0.0471748 secs] [Times: user=0.21 sys=0.00, real=0.05 secs] 
3547.272: [GC (Allocation Failure) [PSYoungGen: 412341K->184246K(465920K)] 1264265K->1091877K(1864192K), 0.0439414 secs] [Times: user=0.20 sys=0.00, real=0.05 secs] 
3547.424: [GC (Allocation Failure) [PSYoungGen: 417206K->186997K(465920K)] 1324837K->1150533K(1864192K), 0.0457421 secs] [Times: user=0.21 sys=0.00, real=0.05 secs] 
3548.434: [GC (Allocation Failure) [PSYoungGen: 419957K->99116K(465920K)] 1383493K->1133228K(1864192K), 0.0447512 secs] [Times: user=0.24 sys=0.00, real=0.05 secs] 
3548.959: [GC (Allocation Failure) [PSYoungGen: 332076K->165588K(465920K)] 1366188K->1231900K(1864192K), 0.0473191 secs] [Times: user=0.22 sys=0.00, real=0.05 secs] 
3549.163: [GC (Allocation Failure) [PSYoungGen: 398548K->184470K(465920K)] 1464860K->1302559K(1864192K), 0.0630891 secs] [Times: user=0.30 sys=0.00, real=0.07 secs] 
3549.402: [GC (Allocation Failure) [PSYoungGen: 417430K->185815K(465920K)] 1535519K->1368072K(1864192K), 0.0731061 secs] [Times: user=0.37 sys=0.01, real=0.07 secs] 
3549.647: [GC (Allocation Failure) [PSYoungGen: 418775K->185589K(465920K)] 1601032K->1426854K(1864192K), 0.0767155 secs] [Times: user=0.39 sys=0.00, real=0.07 secs] 
3550.940: [GC (GCLocker Initiated GC) [PSYoungGen: 418549K->85130K(465920K)] 1659814K->1396587K(1864192K), 0.0776928 secs] [Times: user=0.42 sys=0.00, real=0.08 secs] 
3551.018: [Full GC (Ergonomics) [PSYoungGen: 85130K->0K(465920K)] [ParOldGen: 1311457K->102328K(1398272K)] 1396587K->102328K(1864192K), [Metaspace: 60123K->60123K(1105920K)], 0.1436276 secs] [Times: user=0.61 sys=0.01, real=0.14 secs] 
3551.370: [GC (Allocation Failure) [PSYoungGen: 232960K->182518K(465920K)] 335455K->285013K(1864192K), 0.0257520 secs] [Times: user=0.09 sys=0.00, real=0.02 secs] 
3551.504: [GC (Allocation Failure) [PSYoungGen: 415478K->184854K(465920K)] 517973K->344481K(1864192K), 0.0416180 secs] [Times: user=0.18 sys=0.00, real=0.04 secs] 
3551.652: [GC (Allocation Failure) [PSYoungGen: 417814K->186741K(465920K)] 577441K->402512K(1864192K), 0.0451425 secs] [Times: user=0.21 sys=0.00, real=0.05 secs] 
3552.657: [GC (Allocation Failure) [PSYoungGen: 419701K->100092K(465920K)] 635472K->386143K(1864192K), 0.0441575 secs] [Times: user=0.23 sys=0.00, real=0.04 secs] 
3552.988: [GC (Allocation Failure) [PSYoungGen: 333052K->160051K(465920K)] 619103K->479079K(1864192K), 0.0692769 secs] [Times: user=0.34 sys=0.00, real=0.07 secs] 
3553.198: [GC (Allocation Failure) [PSYoungGen: 393011K->184438K(465920K)] 712039K->553550K(1864192K), 0.0408031 secs] [Times: user=0.18 sys=0.00, real=0.04 secs] 
3553.380: [GC (Allocation Failure) [PSYoungGen: 417398K->185751K(465920K)] 786510K->619087K(1864192K), 0.0599639 secs] [Times: user=0.29 sys=0.00, real=0.06 secs] 
3553.546: [GC (Allocation Failure) [PSYoungGen: 418711K->186709K(465920K)] 852047K->679177K(1864192K), 0.0564828 secs] [Times: user=0.28 sys=0.00, real=0.06 secs] 
3554.902: [GC (Allocation Failure) [PSYoungGen: 419669K->86698K(465920K)] 912137K->649606K(1864192K), 0.0626943 secs] [Times: user=0.34 sys=0.00, real=0.06 secs] 
3555.161: [GC (GCLocker Initiated GC) [PSYoungGen: 319658K->180854K(465920K)] 882567K->771971K(1864192K), 0.0336756 secs] [Times: user=0.14 sys=0.00, real=0.03 secs] 
3555.326: [GC (GCLocker Initiated GC) [PSYoungGen: 413814K->180501K(465920K)] 1004935K->827735K(1864192K), 0.0473411 secs] [Times: user=0.22 sys=0.00, real=0.05 secs] 
3555.504: [GC (Allocation Failure) [PSYoungGen: 413461K->184597K(465920K)] 1060698K->886937K(1864192K), 0.0464076 secs] [Times: user=0.21 sys=0.00, real=0.05 secs] 
3556.510: [GC (Allocation Failure) [PSYoungGen: 417557K->114190K(465920K)] 1119897K->886330K(1864192K), 0.0470908 secs] [Times: user=0.24 sys=0.00, real=0.05 secs] 
3557.708: [GC (Allocation Failure) [PSYoungGen: 347150K->149009K(465920K)] 1119290K->957603K(1864192K), 0.0898378 secs] [Times: user=0.48 sys=0.00, real=0.09 secs] 
3557.990: [GC (Allocation Failure) [PSYoungGen: 381969K->184182K(465920K)] 1190563K->1039627K(1864192K), 0.0490861 secs] [Times: user=0.23 sys=0.00, real=0.05 secs] 
3558.152: [GC (Allocation Failure) [PSYoungGen: 417142K->185431K(465920K)] 1272587K->1105068K(1864192K), 0.0504087 secs] [Times: user=0.23 sys=0.00, real=0.05 secs] 
3558.310: [GC (Allocation Failure) [PSYoungGen: 418391K->186837K(465920K)] 1338028K->1165179K(1864192K), 0.0564557 secs] [Times: user=0.28 sys=0.00, real=0.06 secs] 
3559.289: [GC (Allocation Failure) [PSYoungGen: 419797K->93899K(465920K)] 1398139K->1142793K(1864192K), 0.0434088 secs] [Times: user=0.23 sys=0.00, real=0.04 secs] 
3559.529: [GC (Allocation Failure) [PSYoungGen: 326859K->171476K(465920K)] 1375753K->1250479K(1864192K), 0.0557640 secs] [Times: user=0.22 sys=0.01, real=0.05 secs] 
3559.731: [GC (Allocation Failure) [PSYoungGen: 404436K->184086K(465920K)] 1483439K->1316456K(1864192K), 0.0446211 secs] [Times: user=0.20 sys=0.01, real=0.04 secs] 
3559.908: [GC (Allocation Failure) [PSYoungGen: 417046K->187221K(465920K)] 1549416K->1375456K(1864192K), 0.0515383 secs] [Times: user=0.24 sys=0.00, real=0.05 secs] 
3560.937: [GC (Allocation Failure) [PSYoungGen: 420181K->119758K(465920K)] 1608416K->1378489K(1864192K), 0.0488339 secs] [Times: user=0.25 sys=0.00, real=0.05 secs] 
3561.272: [GC (Allocation Failure) [PSYoungGen: 352718K->148577K(465920K)] 1611449K->1445268K(1864192K), 0.0957194 secs] [Times: user=0.51 sys=0.00, real=0.10 secs] 
3561.529: [GC (Allocation Failure) [PSYoungGen: 381537K->184117K(465920K)] 1678228K->1527461K(1864192K), 0.0420558 secs] [Times: user=0.19 sys=0.00, real=0.04 secs] 
3561.572: [Full GC (Ergonomics) [PSYoungGen: 184117K->0K(465920K)] [ParOldGen: 1343343K->248541K(1398272K)] 1527461K->248541K(1864192K), [Metaspace: 60132K->60132K(1105920K)], 0.3050177 secs] [Times: user=1.42 sys=0.00, real=0.31 secs] 
3561.993: [GC (Allocation Failure) [PSYoungGen: 232960K->182870K(465920K)] 481501K->431412K(1864192K), 0.0846874 secs] [Times: user=0.44 sys=0.00, real=0.09 secs] 
3562.185: [GC (Allocation Failure) [PSYoungGen: 415830K->186741K(465920K)] 664372K->493634K(1864192K), 0.0565061 secs] [Times: user=0.27 sys=0.01, real=0.06 secs] 
3563.842: [GC (Allocation Failure) [PSYoungGen: 419701K->89114K(465920K)] 726594K->466463K(1864192K), 0.1249067 secs] [Times: user=0.69 sys=0.01, real=0.13 secs] 
3564.238: [GC (Allocation Failure) [PSYoungGen: 322074K->175637K(465920K)] 699423K->582450K(1864192K), 0.0369976 secs] [Times: user=0.15 sys=0.00, real=0.03 secs] 
3564.418: [GC (Allocation Failure) [PSYoungGen: 408597K->182357K(465920K)] 815410K->643883K(1864192K), 0.0668902 secs] [Times: user=0.32 sys=0.00, real=0.06 secs] 
3564.623: [GC (Allocation Failure) [PSYoungGen: 415317K->183796K(465920K)] 876843K->700602K(1864192K), 0.0450784 secs] [Times: user=0.20 sys=0.00, real=0.05 secs] 
3565.719: [GC (Allocation Failure) [PSYoungGen: 416756K->130960K(465920K)] 933562K->717206K(1864192K), 0.0484149 secs] [Times: user=0.24 sys=0.00, real=0.05 secs] 
3566.095: [GC (Allocation Failure) [PSYoungGen: 361056K->142497K(465920K)] 947301K->770278K(1864192K), 0.1204012 secs] [Times: user=0.65 sys=0.00, real=0.12 secs] 
3566.364: [GC (Allocation Failure) [PSYoungGen: 375457K->175092K(465920K)] 1003238K->847955K(1864192K), 0.0393137 secs] [Times: user=0.17 sys=0.00, real=0.04 secs] 
3566.518: [GC (Allocation Failure) [PSYoungGen: 408052K->185527K(465920K)] 1080915K->919385K(1864192K), 0.0498190 secs] [Times: user=0.23 sys=0.01, real=0.05 secs] 
3566.698: [GC (Allocation Failure) [PSYoungGen: 418487K->179860K(465920K)] 1152345K->972678K(1864192K), 0.0784120 secs] [Times: user=0.40 sys=0.01, real=0.07 secs] 
3567.749: [GC (Allocation Failure) [PSYoungGen: 412820K->97627K(465920K)] 1205638K->958530K(1864192K), 0.0563627 secs] [Times: user=0.30 sys=0.00, real=0.05 secs] 
3568.058: [GC (Allocation Failure) [PSYoungGen: 330587K->178229K(465920K)] 1191490K->1070693K(1864192K), 0.0507999 secs] [Times: user=0.22 sys=0.00, real=0.05 secs] 
3568.253: [GC (Allocation Failure) [PSYoungGen: 411189K->184630K(465920K)] 1303653K->1132593K(1864192K), 0.0447430 secs] [Times: user=0.20 sys=0.00, real=0.05 secs] 
3568.429: [GC (Allocation Failure) [PSYoungGen: 417590K->186677K(465920K)] 1365553K->1190840K(1864192K), 0.0488162 secs] [Times: user=0.23 sys=0.00, real=0.05 secs] 
3569.410: [GC (Allocation Failure) [PSYoungGen: 419637K->132464K(465920K)] 1423800K->1207100K(1864192K), 0.0498147 secs] [Times: user=0.25 sys=0.01, real=0.05 secs] 
3571.281: [GC (Allocation Failure) [PSYoungGen: 365424K->128719K(465920K)] 1440060K->1245239K(1864192K), 0.1265449 secs] [Times: user=0.69 sys=0.01, real=0.13 secs] 
3571.587: [GC (Allocation Failure) [PSYoungGen: 361679K->178901K(465920K)] 1478199K->1336677K(1864192K), 0.0390591 secs] [Times: user=0.17 sys=0.00, real=0.04 secs] 
3571.738: [GC (Allocation Failure) [PSYoungGen: 411861K->185751K(465920K)] 1569637K->1405903K(1864192K), 0.0496504 secs] [Times: user=0.24 sys=0.00, real=0.05 secs] 
3571.893: [GC (Allocation Failure) [PSYoungGen: 418711K->187221K(465920K)] 1638863K->1466222K(1864192K), 0.0581119 secs] [Times: user=0.29 sys=0.00, real=0.06 secs] 
3573.100: [GC (Allocation Failure) [PSYoungGen: 420181K->88266K(465920K)] 1699182K->1437947K(1864192K), 0.0769759 secs] [Times: user=0.42 sys=0.00, real=0.08 secs] 
3573.178: [Full GC (Ergonomics) [PSYoungGen: 88266K->0K(465920K)] [ParOldGen: 1349680K->91104K(1398272K)] 1437947K->91104K(1864192K), [Metaspace: 60134K->60134K(1105920K)], 0.0873982 secs] [Times: user=0.32 sys=0.00, real=0.08 secs] 
3573.652: [GC (Allocation Failure) [PSYoungGen: 232960K->175029K(465920K)] 324064K->266133K(1864192K), 0.0324938 secs] [Times: user=0.12 sys=0.00, real=0.03 secs] 
3573.814: [GC (Allocation Failure) [PSYoungGen: 407989K->184502K(465920K)] 499093K->330474K(1864192K), 0.0418828 secs] [Times: user=0.19 sys=0.00, real=0.04 secs] 
3573.988: [GC (Allocation Failure) [PSYoungGen: 417462K->187637K(465920K)] 563434K->389377K(1864192K), 0.0499985 secs] [Times: user=0.24 sys=0.00, real=0.05 secs] 
3574.924: [GC (Allocation Failure) [PSYoungGen: 420597K->143954K(465920K)] 622337K->416470K(1864192K), 0.0492931 secs] [Times: user=0.24 sys=0.00, real=0.05 secs] 
3575.239: [GC (Allocation Failure) [PSYoungGen: 376914K->124174K(465920K)] 649430K->442227K(1864192K), 0.0904399 secs] [Times: user=0.50 sys=0.00, real=0.09 secs] 
3575.506: [GC (Allocation Failure) [PSYoungGen: 357134K->177717K(465920K)] 675187K->535226K(1864192K), 0.0405568 secs] [Times: user=0.18 sys=0.00, real=0.05 secs] 
3575.660: [GC (Allocation Failure) [PSYoungGen: 410677K->185943K(465920K)] 768186K->605888K(1864192K), 0.0485366 secs] [Times: user=0.23 sys=0.00, real=0.05 secs] 
3575.962: [GC (Allocation Failure) [PSYoungGen: 418903K->186645K(465920K)] 838848K->665682K(1864192K), 0.0613298 secs] [Times: user=0.31 sys=0.00, real=0.06 secs] 
3577.365: [GC (Allocation Failure) [PSYoungGen: 419605K->92635K(465920K)] 898642K->641952K(1864192K), 0.0856359 secs] [Times: user=0.46 sys=0.00, real=0.09 secs] 
3578.074: [GC (Allocation Failure) [PSYoungGen: 325595K->171444K(465920K)] 874912K->751114K(1864192K), 0.0395127 secs] [Times: user=0.17 sys=0.00, real=0.04 secs] 
3578.274: [GC (Allocation Failure) [PSYoungGen: 404404K->183029K(465920K)] 984074K->816411K(1864192K), 0.0604012 secs] [Times: user=0.29 sys=0.01, real=0.06 secs] 
3578.467: [GC (Allocation Failure) [PSYoungGen: 405753K->172341K(465920K)] 1039134K->869587K(1864192K), 0.0483000 secs] [Times: user=0.22 sys=0.00, real=0.04 secs] 
3579.665: [GC (Allocation Failure) [PSYoungGen: 405301K->168787K(465920K)] 1102547K->920508K(1864192K), 0.0557438 secs] [Times: user=0.27 sys=0.00, real=0.06 secs] 
3580.303: [GC (Allocation Failure) [PSYoungGen: 401747K->106460K(465920K)] 1153468K->922830K(1864192K), 0.0835637 secs] [Times: user=0.45 sys=0.00, real=0.09 secs] 
3580.552: [GC (Allocation Failure) [PSYoungGen: 337796K->176821K(465920K)] 1154166K->1027140K(1864192K), 0.0348366 secs] [Times: user=0.15 sys=0.00, real=0.04 secs] 
3580.699: [GC (Allocation Failure) [PSYoungGen: 409781K->184374K(465920K)] 1260100K->1089816K(1864192K), 0.0436029 secs] [Times: user=0.20 sys=0.00, real=0.04 secs] 
3580.885: [GC (Allocation Failure) [PSYoungGen: 417334K->183476K(465920K)] 1322776K->1144715K(1864192K), 0.0693319 secs] [Times: user=0.34 sys=0.01, real=0.07 secs] 
3581.926: [GC (Allocation Failure) [PSYoungGen: 416436K->97883K(465920K)] 1377675K->1128298K(1864192K), 0.0437267 secs] [Times: user=0.22 sys=0.01, real=0.05 secs] 
3582.231: [GC (Allocation Failure) [PSYoungGen: 330843K->171476K(465920K)] 1361258K->1233640K(1864192K), 0.0703375 secs] [Times: user=0.34 sys=0.00, real=0.07 secs] 
3582.448: [GC (Allocation Failure) [PSYoungGen: 404436K->180693K(465920K)] 1466600K->1296489K(1864192K), 0.0431703 secs] [Times: user=0.19 sys=0.00, real=0.04 secs] 
3582.605: [GC (Allocation Failure) [PSYoungGen: 413644K->186039K(465920K)] 1529440K->1364827K(1864192K), 0.0502763 secs] [Times: user=0.24 sys=0.00, real=0.05 secs] 
3583.009: [GC (Allocation Failure) [PSYoungGen: 417135K->212244K(465920K)] 1595923K->1450280K(1864192K), 0.0749851 secs] [Times: user=0.38 sys=0.00, real=0.07 secs] 
3584.128: [GC (Allocation Failure) [PSYoungGen: 445204K->94827K(465920K)] 1683240K->1400655K(1864192K), 0.0565402 secs] [Times: user=0.30 sys=0.00, real=0.05 secs] 
3584.311: [GC (Allocation Failure) [PSYoungGen: 327787K->183190K(465920K)] 1633615K->1519467K(1864192K), 0.0359396 secs] [Times: user=0.15 sys=0.00, real=0.04 secs] 
3584.347: [Full GC (Ergonomics) [PSYoungGen: 183190K->0K(465920K)] [ParOldGen: 1336276K->230696K(1398272K)] 1519467K->230696K(1864192K), [Metaspace: 60134K->60134K(1105920K)], 0.2595018 secs] [Times: user=1.19 sys=0.00, real=0.26 secs] 
3584.722: [GC (Allocation Failure) [PSYoungGen: 232960K->176628K(465920K)] 463656K->407325K(1864192K), 0.0256194 secs] [Times: user=0.09 sys=0.01, real=0.03 secs] 
3584.880: [GC (Allocation Failure) [PSYoungGen: 409588K->186965K(465920K)] 640285K->472046K(1864192K), 0.0540633 secs] [Times: user=0.26 sys=0.00, real=0.05 secs] 
3585.938: [GC (Allocation Failure) [PSYoungGen: 419925K->104348K(465920K)] 705006K->459909K(1864192K), 0.0491866 secs] [Times: user=0.25 sys=0.00, real=0.05 secs] 
3586.873: [GC (Allocation Failure) [PSYoungGen: 337308K->168084K(465920K)] 692869K->557177K(1864192K), 0.0633961 secs] [Times: user=0.30 sys=0.00, real=0.07 secs] 
3587.068: [GC (Allocation Failure) [PSYoungGen: 401044K->184598K(465920K)] 790137K->626451K(1864192K), 0.0419166 secs] [Times: user=0.18 sys=0.00, real=0.04 secs] 
3587.223: [GC (Allocation Failure) [PSYoungGen: 417558K->185751K(465920K)] 859411K->691652K(1864192K), 0.0495314 secs] [Times: user=0.23 sys=0.00, real=0.05 secs] 
3587.498: [GC (Allocation Failure) [PSYoungGen: 418626K->215764K(465920K)] 924528K->780646K(1864192K), 0.0542239 secs] [Times: user=0.26 sys=0.00, real=0.05 secs] 
3588.390: [GC (Allocation Failure) [PSYoungGen: 448724K->86634K(465920K)] 1013606K->720380K(1864192K), 0.0390513 secs] [Times: user=0.21 sys=0.00, real=0.04 secs] 
3588.610: [GC (GCLocker Initiated GC) [PSYoungGen: 319594K->181654K(465920K)] 953341K->843124K(1864192K), 0.0478955 secs] [Times: user=0.20 sys=0.00, real=0.05 secs] 
3588.790: [GC (Allocation Failure) [PSYoungGen: 414614K->184630K(465920K)] 1076379K->903139K(1864192K), 0.0440325 secs] [Times: user=0.20 sys=0.00, real=0.04 secs] 
3589.048: [GC (Allocation Failure) [PSYoungGen: 417590K->186453K(465920K)] 1136099K->960898K(1864192K), 0.0613512 secs] [Times: user=0.29 sys=0.00, real=0.06 secs] 
3590.121: [GC (Allocation Failure) [PSYoungGen: 419413K->100412K(465920K)] 1193858K->945041K(1864192K), 0.0444709 secs] [Times: user=0.23 sys=0.00, real=0.04 secs] 
3590.692: [GC (Allocation Failure) [PSYoungGen: 333372K->163187K(465920K)] 1178001K->1040794K(1864192K), 0.0695844 secs] [Times: user=0.34 sys=0.00, real=0.07 secs] 
3590.909: [GC (Allocation Failure) [PSYoungGen: 396147K->183669K(465920K)] 1273754K->1111912K(1864192K), 0.0416573 secs] [Times: user=0.18 sys=0.00, real=0.04 secs] 
3591.093: [GC (Allocation Failure) [PSYoungGen: 416629K->185943K(465920K)] 1344872K->1178277K(1864192K), 0.0632174 secs] [Times: user=0.31 sys=0.00, real=0.07 secs] 
3591.281: [GC (Allocation Failure) [PSYoungGen: 418903K->186453K(465920K)] 1411237K->1237923K(1864192K), 0.0549760 secs] [Times: user=0.26 sys=0.00, real=0.06 secs] 
3592.975: [GC (Allocation Failure) [PSYoungGen: 419413K->83513K(465920K)] 1470883K->1205292K(1864192K), 0.0773419 secs] [Times: user=0.42 sys=0.00, real=0.08 secs] 
3593.616: [GC (Allocation Failure) [PSYoungGen: 316473K->181334K(465920K)] 1438252K->1329913K(1864192K), 0.0429518 secs] [Times: user=0.18 sys=0.00, real=0.04 secs] 
3593.818: [GC (Allocation Failure) [PSYoungGen: 414294K->184854K(465920K)] 1562873K->1389989K(1864192K), 0.0485796 secs] [Times: user=0.23 sys=0.00, real=0.05 secs] 
3594.000: [GC (Allocation Failure) [PSYoungGen: 417814K->186869K(465920K)] 1622949K->1447965K(1864192K), 0.0462250 secs] [Times: user=0.22 sys=0.00, real=0.05 secs] 
3595.044: [GC (Allocation Failure) [PSYoungGen: 419829K->105644K(465920K)] 1680925K->1437124K(1864192K), 0.0456623 secs] [Times: user=0.23 sys=0.00, real=0.05 secs] 
3595.090: [Full GC (Ergonomics) [PSYoungGen: 105644K->0K(465920K)] [ParOldGen: 1331479K->91308K(1398272K)] 1437124K->91308K(1864192K), [Metaspace: 60136K->60136K(1105920K)], 0.0334593 secs] [Times: user=0.10 sys=0.00, real=0.03 secs] 
3595.542: [GC (Allocation Failure) [PSYoungGen: 232960K->157363K(465920K)] 324268K->248671K(1864192K), 0.0327949 secs] [Times: user=0.13 sys=0.00, real=0.03 secs] 
3595.799: [GC (Allocation Failure) [PSYoungGen: 390323K->192566K(465920K)] 481631K->333046K(1864192K), 0.0543837 secs] [Times: user=0.25 sys=0.00, real=0.05 secs] 
3595.973: [GC (Allocation Failure) [PSYoungGen: 425526K->185943K(465920K)] 566006K->390643K(1864192K), 0.0493633 secs] [Times: user=0.23 sys=0.00, real=0.05 secs] 
3596.148: [GC (Allocation Failure) [PSYoungGen: 418903K->186709K(465920K)] 623603K->450273K(1864192K), 0.0602569 secs] [Times: user=0.30 sys=0.00, real=0.06 secs] 
3597.183: [GC (Allocation Failure) [PSYoungGen: 419669K->87674K(465920K)] 683233K->421694K(1864192K), 0.0565767 secs] [Times: user=0.30 sys=0.00, real=0.06 secs] 
3597.579: [GC (Allocation Failure) [PSYoungGen: 320634K->176021K(465920K)] 654654K->537954K(1864192K), 0.0457674 secs] [Times: user=0.19 sys=0.01, real=0.04 secs] 
3597.754: [GC (Allocation Failure) [PSYoungGen: 408981K->184694K(465920K)] 770914K->601567K(1864192K), 0.0424476 secs] [Times: user=0.19 sys=0.00, real=0.05 secs] 
3597.929: [GC (Allocation Failure) [PSYoungGen: 417654K->187157K(465920K)] 834527K->660094K(1864192K), 0.0527464 secs] [Times: user=0.26 sys=0.00, real=0.05 secs] 
3598.949: [GC (Allocation Failure) [PSYoungGen: 420117K->114654K(465920K)] 893054K->658375K(1864192K), 0.0464937 secs] [Times: user=0.23 sys=0.01, real=0.04 secs] 
3600.263: [GC (Allocation Failure) [PSYoungGen: 347614K->149746K(465920K)] 891335K->730779K(1864192K), 0.0855691 secs] [Times: user=0.45 sys=0.00, real=0.09 secs] 
3600.487: [GC (Allocation Failure) [PSYoungGen: 382706K->183957K(465920K)] 963739K->812059K(1864192K), 0.0407249 secs] [Times: user=0.18 sys=0.00, real=0.04 secs] 
3600.700: [GC (Allocation Failure) [PSYoungGen: 416917K->182390K(465920K)] 1045019K->874560K(1864192K), 0.0830239 secs] [Times: user=0.41 sys=0.00, real=0.08 secs] 
3600.975: [GC (Allocation Failure) [PSYoungGen: 415350K->184949K(465920K)] 1107520K->935126K(1864192K), 0.0670766 secs] [Times: user=0.34 sys=0.01, real=0.07 secs] 
3602.134: [GC (Allocation Failure) [PSYoungGen: 417909K->90330K(465920K)] 1168086K->910372K(1864192K), 0.0874658 secs] [Times: user=0.47 sys=0.01, real=0.09 secs] 
3602.481: [GC (Allocation Failure) [PSYoungGen: 323290K->171892K(465920K)] 1143332K->1021287K(1864192K), 0.0368244 secs] [Times: user=0.16 sys=0.00, real=0.04 secs] 
3602.659: [GC (Allocation Failure) [PSYoungGen: 404852K->183637K(465920K)] 1254247K->1086404K(1864192K), 0.0632982 secs] [Times: user=0.30 sys=0.00, real=0.06 secs] 
3602.857: [GC (Allocation Failure) [PSYoungGen: 416597K->183956K(465920K)] 1319364K->1142339K(1864192K), 0.0479203 secs] [Times: user=0.23 sys=0.00, real=0.04 secs] 
3603.824: [GC (Allocation Failure) [PSYoungGen: 416916K->131888K(465920K)] 1375299K->1159487K(1864192K), 0.0511338 secs] [Times: user=0.26 sys=0.00, real=0.05 secs] 
3604.070: [GC (Allocation Failure) [PSYoungGen: 364848K->144065K(465920K)] 1392447K->1213591K(1864192K), 0.0850673 secs] [Times: user=0.45 sys=0.01, real=0.08 secs] 
3604.291: [GC (Allocation Failure) [PSYoungGen: 377025K->182517K(465920K)] 1446551K->1297457K(1864192K), 0.0449289 secs] [Times: user=0.20 sys=0.00, real=0.04 secs] 
3604.479: [GC (Allocation Failure) [PSYoungGen: 415477K->182038K(465920K)] 1530417K->1360698K(1864192K), 0.0710890 secs] [Times: user=0.36 sys=0.00, real=0.07 secs] 
3604.656: [GC (Allocation Failure) [PSYoungGen: 414998K->183636K(465920K)] 1593658K->1420136K(1864192K), 0.0585411 secs] [Times: user=0.30 sys=0.00, real=0.05 secs] 
3605.809: [GC (Allocation Failure) [PSYoungGen: 416596K->91355K(465920K)] 1653096K->1397098K(1864192K), 0.0723969 secs] [Times: user=0.39 sys=0.00, real=0.07 secs] 
3606.280: [GC (Allocation Failure) [PSYoungGen: 324315K->178133K(465920K)] 1630058K->1513374K(1864192K), 0.0429557 secs] [Times: user=0.19 sys=0.00, real=0.04 secs] 
3606.323: [Full GC (Ergonomics) [PSYoungGen: 178133K->0K(465920K)] [ParOldGen: 1335240K->212314K(1398272K)] 1513374K->212314K(1864192K), [Metaspace: 60259K->60259K(1105920K)], 0.2308423 secs] [Times: user=1.05 sys=0.00, real=0.23 secs] 
3606.671: [GC (Allocation Failure) [PSYoungGen: 232960K->181781K(465920K)] 445274K->394096K(1864192K), 0.0265760 secs] [Times: user=0.10 sys=0.00, real=0.03 secs] 
3606.830: [GC (Allocation Failure) [PSYoungGen: 414741K->187285K(465920K)] 627056K->455088K(1864192K), 0.0445074 secs] [Times: user=0.21 sys=0.00, real=0.04 secs] 
3607.808: [GC (Allocation Failure) [PSYoungGen: 420245K->134416K(465920K)] 688048K->473035K(1864192K), 0.0482271 secs] [Times: user=0.24 sys=0.00, real=0.05 secs] 
3608.563: [GC (Allocation Failure) [PSYoungGen: 367376K->136144K(465920K)] 705995K->517235K(1864192K), 0.0983651 secs] [Times: user=0.53 sys=0.00, real=0.10 secs] 
3608.862: [GC (Allocation Failure) [PSYoungGen: 369104K->178517K(465920K)] 750195K->602901K(1864192K), 0.0477470 secs] [Times: user=0.22 sys=0.00, real=0.05 secs] 
3609.046: [GC (Allocation Failure) [PSYoungGen: 411477K->185335K(465920K)] 835861K->672075K(1864192K), 0.0585957 secs] [Times: user=0.29 sys=0.00, real=0.06 secs] 
3609.227: [GC (Allocation Failure) [PSYoungGen: 418295K->186645K(465920K)] 905035K->732201K(1864192K), 0.0578262 secs] [Times: user=0.29 sys=0.00, real=0.05 secs] 
3610.233: [GC (Allocation Failure) [PSYoungGen: 419605K->86522K(465920K)] 965161K->702570K(1864192K), 0.0529632 secs] [Times: user=0.29 sys=0.00, real=0.05 secs] 
3610.511: [GC (Allocation Failure) [PSYoungGen: 319482K->177461K(465920K)] 935530K->821426K(1864192K), 0.0468020 secs] [Times: user=0.20 sys=0.00, real=0.05 secs] 
3610.698: [GC (Allocation Failure) [PSYoungGen: 410421K->184694K(465920K)] 1054386K->884063K(1864192K), 0.0433538 secs] [Times: user=0.20 sys=0.00, real=0.04 secs] 
3610.849: [GC (Allocation Failure) [PSYoungGen: 417654K->187349K(465920K)] 1117023K->942670K(1864192K), 0.0454870 secs] [Times: user=0.21 sys=0.00, real=0.04 secs] 
3612.993: [GC (Allocation Failure) [PSYoungGen: 420309K->138001K(465920K)] 1175630K->964122K(1864192K), 0.0500929 secs] [Times: user=0.25 sys=0.00, real=0.05 secs] 
3613.638: [GC (GCLocker Initiated GC) [PSYoungGen: 370961K->123038K(465920K)] 1197082K->992919K(1864192K), 0.1147462 secs] [Times: user=0.64 sys=0.00, real=0.11 secs] 
3613.882: [GC (Allocation Failure) [PSYoungGen: 355998K->178645K(465920K)] 1226046K->1088482K(1864192K), 0.0378753 secs] [Times: user=0.16 sys=0.00, real=0.04 secs] 
3614.036: [GC (Allocation Failure) [PSYoungGen: 411605K->185431K(465920K)] 1321442K->1157648K(1864192K), 0.0504285 secs] [Times: user=0.24 sys=0.00, real=0.05 secs] 
3614.198: [GC (Allocation Failure) [PSYoungGen: 418391K->186805K(465920K)] 1390608K->1217926K(1864192K), 0.0581113 secs] [Times: user=0.29 sys=0.00, real=0.05 secs] 
3615.379: [GC (Allocation Failure) [PSYoungGen: 419765K->90698K(465920K)] 1450886K->1192431K(1864192K), 0.0667209 secs] [Times: user=0.37 sys=0.00, real=0.06 secs] 
3616.168: [GC (Allocation Failure) [PSYoungGen: 323658K->170548K(465920K)] 1425391K->1301905K(1864192K), 0.0408504 secs] [Times: user=0.17 sys=0.00, real=0.04 secs] 
3616.330: [GC (Allocation Failure) [PSYoungGen: 403508K->183829K(465920K)] 1534865K->1368131K(1864192K), 0.0435188 secs] [Times: user=0.20 sys=0.00, real=0.04 secs] 
3616.502: [GC (Allocation Failure) [PSYoungGen: 403519K->173109K(465920K)] 1587820K->1421550K(1864192K), 0.0539853 secs] [Times: user=0.26 sys=0.00, real=0.05 secs] 
3617.446: [GC (Allocation Failure) [PSYoungGen: 406069K->170291K(465920K)] 1654510K->1473860K(1864192K), 0.0539747 secs] [Times: user=0.27 sys=0.00, real=0.06 secs] 
3617.802: [GC (Allocation Failure) [PSYoungGen: 403251K->105004K(465920K)] 1706820K->1473493K(1864192K), 0.0440326 secs] [Times: user=0.22 sys=0.01, real=0.04 secs] 
3617.846: [Full GC (Ergonomics) [PSYoungGen: 105004K->0K(465920K)] [ParOldGen: 1368489K->122685K(1398272K)] 1473493K->122685K(1864192K), [Metaspace: 60259K->60259K(1105920K)], 0.1168558 secs] [Times: user=0.49 sys=0.00, real=0.12 secs] 
3618.114: [GC (Allocation Failure) [PSYoungGen: 232960K->177781K(465920K)] 355645K->300467K(1864192K), 0.0258694 secs] [Times: user=0.08 sys=0.00, real=0.03 secs] 
3618.271: [GC (Allocation Failure) [PSYoungGen: 410741K->179061K(465920K)] 533427K->357011K(1864192K), 0.0465534 secs] [Times: user=0.21 sys=0.01, real=0.05 secs] 
3618.449: [GC (GCLocker Initiated GC) [PSYoungGen: 412021K->186261K(465920K)] 589971K->418403K(1864192K), 0.0445200 secs] [Times: user=0.20 sys=0.00, real=0.04 secs] 
3619.600: [GC (GCLocker Initiated GC) [PSYoungGen: 419221K->103708K(465920K)] 651367K->406102K(1864192K), 0.0443102 secs] [Times: user=0.23 sys=0.00, real=0.04 secs] 
3620.068: [GC (Allocation Failure) [PSYoungGen: 336668K->166804K(465920K)] 639064K->502733K(1864192K), 0.0605949 secs] [Times: user=0.29 sys=0.00, real=0.06 secs] 
3620.321: [GC (Allocation Failure) [PSYoungGen: 399764K->184310K(465920K)] 735693K->572439K(1864192K), 0.0534934 secs] [Times: user=0.26 sys=0.00, real=0.05 secs] 
3620.486: [GC (Allocation Failure) [PSYoungGen: 417270K->185847K(465920K)] 805399K->638100K(1864192K), 0.0513392 secs] [Times: user=0.24 sys=0.00, real=0.06 secs] 
3620.791: [GC (Allocation Failure) [PSYoungGen: 416798K->210964K(465920K)] 869051K->722153K(1864192K), 0.0539726 secs] [Times: user=0.27 sys=0.00, real=0.05 secs] 
3622.511: [GC (Allocation Failure) [PSYoungGen: 443924K->90042K(465920K)] 955113K->668459K(1864192K), 0.0923448 secs] [Times: user=0.50 sys=0.00, real=0.09 secs] 
3622.889: [GC (Allocation Failure) [PSYoungGen: 323002K->179765K(465920K)] 901419K->787019K(1864192K), 0.0360575 secs] [Times: user=0.15 sys=0.00, real=0.03 secs] 
3623.040: [GC (Allocation Failure) [PSYoungGen: 412725K->184374K(465920K)] 1019979K->847384K(1864192K), 0.0445139 secs] [Times: user=0.20 sys=0.00, real=0.04 secs] 
3623.193: [GC (Allocation Failure) [PSYoungGen: 417334K->186709K(465920K)] 1080344K->905691K(1864192K), 0.0467607 secs] [Times: user=0.22 sys=0.00, real=0.05 secs] 
3624.214: [GC (Allocation Failure) [PSYoungGen: 419669K->100444K(465920K)] 1138651K->889810K(1864192K), 0.0460142 secs] [Times: user=0.24 sys=0.00, real=0.05 secs] 
3624.559: [GC (Allocation Failure) [PSYoungGen: 333404K->166068K(465920K)] 1122770K->988622K(1864192K), 0.0778868 secs] [Times: user=0.39 sys=0.00, real=0.08 secs] 
3624.786: [GC (Allocation Failure) [PSYoungGen: 399028K->192598K(465920K)] 1221582K->1067140K(1864192K), 0.0425611 secs] [Times: user=0.19 sys=0.00, real=0.05 secs] 
3624.941: [GC (Allocation Failure) [PSYoungGen: 425558K->182422K(465920K)] 1300100K->1121013K(1864192K), 0.0499674 secs] [Times: user=0.23 sys=0.00, real=0.05 secs] 
3625.100: [GC (Allocation Failure) [PSYoungGen: 415382K->186421K(465920K)] 1353973K->1182659K(1864192K), 0.0552399 secs] [Times: user=0.27 sys=0.00, real=0.05 secs] 
3626.136: [GC (Allocation Failure) [PSYoungGen: 419381K->86938K(465920K)] 1415619K->1153668K(1864192K), 0.0417228 secs] [Times: user=0.22 sys=0.00, real=0.05 secs] 
3626.337: [GC (Allocation Failure) [PSYoungGen: 319898K->182934K(465920K)] 1386628K->1277317K(1864192K), 0.0348263 secs] [Times: user=0.14 sys=0.00, real=0.03 secs] 
3626.484: [GC (Allocation Failure) [PSYoungGen: 415894K->184758K(465920K)] 1510277K->1336200K(1864192K), 0.0458758 secs] [Times: user=0.21 sys=0.00, real=0.05 secs] 
3626.736: [GC (Allocation Failure) [PSYoungGen: 417718K->186645K(465920K)] 1569160K->1393928K(1864192K), 0.0579790 secs] [Times: user=0.29 sys=0.00, real=0.05 secs] 
3627.779: [GC (Allocation Failure) [PSYoungGen: 419605K->101324K(465920K)] 1626888K->1378943K(1864192K), 0.0502562 secs] [Times: user=0.27 sys=0.00, real=0.05 secs] 
3629.096: [GC (Allocation Failure) [PSYoungGen: 334284K->158803K(465920K)] 1611903K->1469034K(1864192K), 0.0776017 secs] [Times: user=0.39 sys=0.00, real=0.08 secs] 
3629.173: [Full GC (Ergonomics) [PSYoungGen: 158803K->0K(465920K)] [ParOldGen: 1310231K->179178K(1398272K)] 1469034K->179178K(1864192K), [Metaspace: 60259K->60259K(1105920K)], 0.1880998 secs] [Times: user=0.88 sys=0.00, real=0.19 secs] 
3629.512: [GC (Allocation Failure) [PSYoungGen: 232960K->184598K(465920K)] 412138K->363776K(1864192K), 0.0328077 secs] [Times: user=0.14 sys=0.00, real=0.03 secs] 
3629.690: [GC (Allocation Failure) [PSYoungGen: 417558K->185751K(465920K)] 596736K->429049K(1864192K), 0.0581881 secs] [Times: user=0.28 sys=0.00, real=0.06 secs] 
3629.857: [GC (Allocation Failure) [PSYoungGen: 418711K->182228K(465920K)] 662009K->484495K(1864192K), 0.0545846 secs] [Times: user=0.26 sys=0.00, real=0.05 secs] 
3631.132: [GC (Allocation Failure) [PSYoungGen: 415188K->92122K(465920K)] 717455K->463417K(1864192K), 0.0924813 secs] [Times: user=0.50 sys=0.00, real=0.09 secs] 
3631.552: [GC (Allocation Failure) [PSYoungGen: 325082K->176917K(465920K)] 696377K->577436K(1864192K), 0.0348450 secs] [Times: user=0.14 sys=0.00, real=0.04 secs] 
3631.727: [GC (Allocation Failure) [PSYoungGen: 409877K->185014K(465920K)] 810396K->640472K(1864192K), 0.0516014 secs] [Times: user=0.24 sys=0.00, real=0.05 secs] 
3631.904: [GC (Allocation Failure) [PSYoungGen: 417974K->186933K(465920K)] 873432K->698488K(1864192K), 0.0453276 secs] [Times: user=0.21 sys=0.00, real=0.05 secs] 
3632.911: [GC (Allocation Failure) [PSYoungGen: 419893K->113453K(465920K)] 931448K->695612K(1864192K), 0.0464217 secs] [Times: user=0.23 sys=0.00, real=0.05 secs] 
3633.139: [GC (GCLocker Initiated GC) [PSYoungGen: 346413K->157267K(465920K)] 928578K->776576K(1864192K), 0.0543208 secs] [Times: user=0.27 sys=0.00, real=0.05 secs] 
3633.325: [GC (Allocation Failure) [PSYoungGen: 390227K->180277K(465920K)] 1009539K->848809K(1864192K), 0.0506785 secs] [Times: user=0.24 sys=0.00, real=0.05 secs] 
3633.491: [GC (Allocation Failure) [PSYoungGen: 413237K->185719K(465920K)] 1081769K->917107K(1864192K), 0.0501073 secs] [Times: user=0.24 sys=0.00, real=0.05 secs] 
3633.679: [GC (Allocation Failure) [PSYoungGen: 418679K->183348K(465920K)] 1150067K->973492K(1864192K), 0.0587838 secs] [Times: user=0.29 sys=0.00, real=0.06 secs] 
3635.114: [GC (GCLocker Initiated GC) [PSYoungGen: 416308K->92107K(465920K)] 1206452K->951475K(1864192K), 0.0650860 secs] [Times: user=0.35 sys=0.00, real=0.07 secs] 
3635.402: [GC (Allocation Failure) [PSYoungGen: 325067K->178805K(465920K)] 1184438K->1067801K(1864192K), 0.0423842 secs] [Times: user=0.18 sys=0.00, real=0.04 secs] 
3635.559: [GC (Allocation Failure) [PSYoungGen: 411765K->184758K(465920K)] 1300761K->1129461K(1864192K), 0.0435023 secs] [Times: user=0.19 sys=0.00, real=0.04 secs] 
3635.708: [GC (Allocation Failure) [PSYoungGen: 417718K->200308K(465920K)] 1362421K->1200884K(1864192K), 0.0455376 secs] [Times: user=0.21 sys=0.00, real=0.04 secs] 
3636.750: [GC (Allocation Failure) [PSYoungGen: 433268K->116014K(465920K)] 1433844K->1186062K(1864192K), 0.0463788 secs] [Times: user=0.23 sys=0.00, real=0.05 secs] 
3637.516: [GC (Allocation Failure) [PSYoungGen: 348974K->150370K(465920K)] 1419022K->1257029K(1864192K), 0.0834578 secs] [Times: user=0.43 sys=0.01, real=0.09 secs] 
3637.732: [GC (Allocation Failure) [PSYoungGen: 383330K->183989K(465920K)] 1489989K->1338014K(1864192K), 0.0408090 secs] [Times: user=0.18 sys=0.00, real=0.04 secs] 
3637.887: [GC (Allocation Failure) [PSYoungGen: 416949K->185623K(465920K)] 1570974K->1403720K(1864192K), 0.0514935 secs] [Times: user=0.24 sys=0.01, real=0.05 secs] 
3638.258: [GC (Allocation Failure) [PSYoungGen: 418583K->186485K(465920K)] 1636680K->1463558K(1864192K), 0.0689524 secs] [Times: user=0.35 sys=0.00, real=0.07 secs] 
3639.304: [GC (Allocation Failure) [PSYoungGen: 419445K->86186K(465920K)] 1696518K->1433779K(1864192K), 0.0615954 secs] [Times: user=0.34 sys=0.00, real=0.06 secs] 
3639.366: [Full GC (Ergonomics) [PSYoungGen: 86186K->0K(465920K)] [ParOldGen: 1347593K->97386K(1398272K)] 1433779K->97386K(1864192K), [Metaspace: 60261K->60261K(1105920K)], 0.0988889 secs] [Times: user=0.41 sys=0.00, real=0.10 secs] 
3639.641: [GC (Allocation Failure) [PSYoungGen: 232960K->186581K(465920K)] 330346K->283967K(1864192K), 0.0245272 secs] [Times: user=0.08 sys=0.00, real=0.02 secs] 
3639.805: [GC (Allocation Failure) [PSYoungGen: 419541K->184726K(465920K)] 516927K->337776K(1864192K), 0.0472330 secs] [Times: user=0.22 sys=0.00, real=0.05 secs] 
3640.191: [GC (Allocation Failure) [PSYoungGen: 417686K->186357K(465920K)] 570736K->395487K(1864192K), 0.0457489 secs] [Times: user=0.21 sys=0.00, real=0.05 secs] 
3641.419: [GC (Allocation Failure) [PSYoungGen: 419317K->120687K(465920K)] 628447K->399865K(1864192K), 0.0463299 secs] [Times: user=0.23 sys=0.00, real=0.04 secs] 
3642.283: [GC (Allocation Failure) [PSYoungGen: 353647K->143185K(465920K)] 632825K->460531K(1864192K), 0.0916997 secs] [Times: user=0.41 sys=0.00, real=0.09 secs] 
3642.518: [GC (Allocation Failure) [PSYoungGen: 376145K->179797K(465920K)] 693491K->542192K(1864192K), 0.0391653 secs] [Times: user=0.17 sys=0.00, real=0.04 secs] 
3642.705: [GC (Allocation Failure) [PSYoungGen: 412757K->185559K(465920K)] 775152K->611030K(1864192K), 0.0660210 secs] [Times: user=0.32 sys=0.00, real=0.07 secs] 
3642.943: [GC (GCLocker Initiated GC) [PSYoungGen: 418519K->185141K(465920K)] 843990K->669460K(1864192K), 0.0715284 secs] [Times: user=0.37 sys=0.01, real=0.07 secs] 
3644.906: [GC (Allocation Failure) [PSYoungGen: 418101K->86410K(465920K)] 902422K->640707K(1864192K), 0.0910265 secs] [Times: user=0.50 sys=0.00, real=0.09 secs] 
3645.661: [GC (Allocation Failure) [PSYoungGen: 319370K->176789K(465920K)] 873667K->759535K(1864192K), 0.0458496 secs] [Times: user=0.19 sys=0.00, real=0.05 secs] 
3645.843: [GC (Allocation Failure) [PSYoungGen: 409749K->184214K(465920K)] 992495K->821968K(1864192K), 0.0433345 secs] [Times: user=0.20 sys=0.00, real=0.05 secs] 
3645.994: [GC (Allocation Failure) [PSYoungGen: 417174K->187221K(465920K)] 1054928K->880783K(1864192K), 0.0456649 secs] [Times: user=0.21 sys=0.00, real=0.05 secs] 
3647.011: [GC (Allocation Failure) [PSYoungGen: 420181K->134896K(465920K)] 1113743K->898963K(1864192K), 0.0493605 secs] [Times: user=0.24 sys=0.00, real=0.05 secs] 
3647.306: [GC (Allocation Failure) [PSYoungGen: 367856K->134288K(465920K)] 1131923K->941146K(1864192K), 0.0699827 secs] [Times: user=0.37 sys=0.00, real=0.07 secs] 
3647.488: [GC (Allocation Failure) [PSYoungGen: 367248K->178357K(465920K)] 1174106K->1027908K(1864192K), 0.0384124 secs] [Times: user=0.16 sys=0.00, real=0.04 secs] 
3647.641: [GC (Allocation Failure) [PSYoungGen: 411317K->185815K(465920K)] 1260868K->1097786K(1864192K), 0.0507121 secs] [Times: user=0.24 sys=0.00, real=0.05 secs] 
3648.261: [GC (Allocation Failure) [PSYoungGen: 418775K->182132K(465920K)] 1330746K->1152976K(1864192K), 0.1061249 secs] [Times: user=0.55 sys=0.00, real=0.11 secs] 
3649.371: [GC (Allocation Failure) [PSYoungGen: 415075K->95755K(465920K)] 1385919K->1135655K(1864192K), 0.0464634 secs] [Times: user=0.24 sys=0.01, real=0.05 secs] 
3649.631: [GC (Allocation Failure) [PSYoungGen: 328715K->176885K(465920K)] 1368615K->1247309K(1864192K), 0.0479018 secs] [Times: user=0.21 sys=0.00, real=0.05 secs] 
3649.834: [GC (Allocation Failure) [PSYoungGen: 409845K->184502K(465920K)] 1480269K->1310238K(1864192K), 0.0448088 secs] [Times: user=0.21 sys=0.00, real=0.05 secs] 
3649.983: [GC (Allocation Failure) [PSYoungGen: 417462K->184148K(465920K)] 1543198K->1366101K(1864192K), 0.0465740 secs] [Times: user=0.21 sys=0.00, real=0.05 secs] 
3650.950: [GC (Allocation Failure) [PSYoungGen: 417108K->140369K(465920K)] 1599061K->1391798K(1864192K), 0.0509425 secs] [Times: user=0.26 sys=0.00, real=0.05 secs] 
3651.512: [GC (Allocation Failure) [PSYoungGen: 373329K->130879K(465920K)] 1624758K->1426892K(1864192K), 0.0936129 secs] [Times: user=0.51 sys=0.00, real=0.09 secs] 
3651.721: [GC (Allocation Failure) [PSYoungGen: 363839K->178261K(465920K)] 1659852K->1516622K(1864192K), 0.0384029 secs] [Times: user=0.17 sys=0.00, real=0.04 secs] 
3651.759: [Full GC (Ergonomics) [PSYoungGen: 178261K->0K(465920K)] [ParOldGen: 1338360K->237753K(1398272K)] 1516622K->237753K(1864192K), [Metaspace: 60265K->60265K(1105920K)], 0.2788502 secs] [Times: user=1.26 sys=0.00, real=0.28 secs] 
3652.153: [GC (Allocation Failure) [PSYoungGen: 232960K->185207K(465920K)] 470713K->422960K(1864192K), 0.0871884 secs] [Times: user=0.45 sys=0.00, real=0.09 secs] 
3652.379: [GC (GCLocker Initiated GC) [PSYoungGen: 418167K->180756K(465920K)] 655920K->477190K(1864192K), 0.0568239 secs] [Times: user=0.28 sys=0.00, real=0.05 secs] 
3654.313: [GC (Allocation Failure) [PSYoungGen: 413716K->91451K(465920K)] 711176K->457358K(1864192K), 0.0921780 secs] [Times: user=0.50 sys=0.00, real=0.09 secs] 
3654.733: [GC (Allocation Failure) [PSYoungGen: 324411K->175572K(465920K)] 690318K->571489K(1864192K), 0.0501300 secs] [Times: user=0.24 sys=0.00, real=0.05 secs] 
3654.894: [GC (Allocation Failure) [PSYoungGen: 408532K->184918K(465920K)] 804449K->634594K(1864192K), 0.0418199 secs] [Times: user=0.18 sys=0.00, real=0.04 secs] 
3655.068: [GC (Allocation Failure) [PSYoungGen: 404186K->168885K(465920K)] 853863K->682785K(1864192K), 0.0689937 secs] [Times: user=0.34 sys=0.00, real=0.07 secs] 
3656.340: [GC (Allocation Failure) [PSYoungGen: 401845K->169395K(462848K)] 915745K->736863K(1861120K), 0.0545377 secs] [Times: user=0.28 sys=0.00, real=0.05 secs] 
3656.772: [GC (Allocation Failure) [PSYoungGen: 402355K->104316K(464384K)] 969823K->736653K(1862656K), 0.0843028 secs] [Times: user=0.45 sys=0.00, real=0.09 secs] 
3657.073: [GC (Allocation Failure) [PSYoungGen: 332956K->177909K(465920K)] 965292K->843767K(1864192K), 0.0417167 secs] [Times: user=0.18 sys=0.00, real=0.04 secs] 
3657.249: [GC (Allocation Failure) [PSYoungGen: 410869K->181653K(465920K)] 1076727K->902867K(1864192K), 0.0514370 secs] [Times: user=0.25 sys=0.00, real=0.05 secs] 
3657.409: [GC (Allocation Failure) [PSYoungGen: 414613K->186805K(465920K)] 1135827K->963347K(1864192K), 0.0461727 secs] [Times: user=0.21 sys=0.00, real=0.04 secs] 
3658.776: [GC (Allocation Failure) [PSYoungGen: 419765K->98059K(465920K)] 1196307K->944973K(1864192K), 0.0566505 secs] [Times: user=0.30 sys=0.00, real=0.06 secs] 
3659.285: [GC (Allocation Failure) [PSYoungGen: 331019K->168852K(465920K)] 1177933K->1047970K(1864192K), 0.0652181 secs] [Times: user=0.31 sys=0.00, real=0.07 secs] 
3659.544: [GC (Allocation Failure) [PSYoungGen: 401812K->183605K(465920K)] 1280930K->1115568K(1864192K), 0.0613700 secs] [Times: user=0.29 sys=0.00, real=0.06 secs] 
3659.785: [GC (Allocation Failure) [PSYoungGen: 416565K->185879K(465920K)] 1348528K->1181857K(1864192K), 0.0726219 secs] [Times: user=0.36 sys=0.00, real=0.08 secs] 
3660.530: [GC (Allocation Failure) [PSYoungGen: 418578K->195252K(465920K)] 1414556K->1250198K(1864192K), 0.0727484 secs] [Times: user=0.37 sys=0.00, real=0.07 secs] 
3661.719: [GC (Allocation Failure) [PSYoungGen: 428212K->90282K(465920K)] 1483158K->1212788K(1864192K), 0.0918498 secs] [Times: user=0.49 sys=0.00, real=0.09 secs] 
3662.031: [GC (Allocation Failure) [PSYoungGen: 323242K->183222K(465920K)] 1445748K->1334865K(1864192K), 0.0366844 secs] [Times: user=0.16 sys=0.00, real=0.04 secs] 
3662.177: [GC (Allocation Failure) [PSYoungGen: 416182K->185110K(465920K)] 1567825K->1393537K(1864192K), 0.0446037 secs] [Times: user=0.20 sys=0.00, real=0.04 secs] 
3662.356: [GC (Allocation Failure) [PSYoungGen: 418070K->183892K(465920K)] 1626497K->1448520K(1864192K), 0.0569814 secs] [Times: user=0.28 sys=0.00, real=0.06 secs] 
3663.414: [GC (Allocation Failure) [PSYoungGen: 416852K->97307K(465920K)] 1681480K->1431075K(1864192K), 0.0444129 secs] [Times: user=0.23 sys=0.00, real=0.05 secs] 
3663.458: [Full GC (Ergonomics) [PSYoungGen: 97307K->0K(465920K)] [ParOldGen: 1333767K->86556K(1398272K)] 1431075K->86556K(1864192K), [Metaspace: 60268K->60268K(1105920K)], 0.0334562 secs] [Times: user=0.10 sys=0.00, real=0.03 secs] 
3663.696: [GC (Allocation Failure) [PSYoungGen: 232960K->167860K(465920K)] 319516K->254416K(1864192K), 0.0306887 secs] [Times: user=0.11 sys=0.00, real=0.04 secs] 
3663.863: [GC (Allocation Failure) [PSYoungGen: 400820K->184790K(465920K)] 487376K->323706K(1864192K), 0.0419732 secs] [Times: user=0.19 sys=0.00, real=0.04 secs] 
3664.042: [GC (Allocation Failure) [PSYoungGen: 417750K->185623K(465920K)] 556666K->396939K(1864192K), 0.0552893 secs] [Times: user=0.26 sys=0.00, real=0.06 secs] 
3664.421: [GC (Allocation Failure) [PSYoungGen: 418583K->218773K(465920K)] 629899K->489081K(1864192K), 0.0642873 secs] [Times: user=0.33 sys=0.00, real=0.06 secs] 
3666.000: [GC (GCLocker Initiated GC) [PSYoungGen: 451733K->79481K(465920K)] 722041K->419757K(1864192K), 0.1024186 secs] [Times: user=0.57 sys=0.00, real=0.10 secs] 
3666.409: [GC (Allocation Failure) [PSYoungGen: 312441K->182774K(465920K)] 652720K->548378K(1864192K), 0.0349338 secs] [Times: user=0.14 sys=0.00, real=0.03 secs] 
3666.554: [GC (Allocation Failure) [PSYoungGen: 415734K->181973K(465920K)] 781338K->604561K(1864192K), 0.0434151 secs] [Times: user=0.19 sys=0.00, real=0.05 secs] 
3666.707: [GC (Allocation Failure) [PSYoungGen: 414933K->186965K(465920K)] 837521K->664865K(1864192K), 0.0450967 secs] [Times: user=0.21 sys=0.00, real=0.04 secs] 
3667.709: [GC (Allocation Failure) [PSYoungGen: 419925K->105548K(465920K)] 897825K->654177K(1864192K), 0.0454034 secs] [Times: user=0.23 sys=0.00, real=0.04 secs] 
3668.499: [GC (Allocation Failure) [PSYoungGen: 338508K->160371K(465920K)] 887137K->743503K(1864192K), 0.0711981 secs] [Times: user=0.35 sys=0.00, real=0.07 secs] 
3668.696: [GC (Allocation Failure) [PSYoungGen: 393331K->181429K(465920K)] 976463K->814298K(1864192K), 0.0427823 secs] [Times: user=0.19 sys=0.00, real=0.05 secs] 
3668.854: [GC (Allocation Failure) [PSYoungGen: 414389K->185559K(465920K)] 1047258K->882171K(1864192K), 0.0510601 secs] [Times: user=0.24 sys=0.00, real=0.05 secs] 
3669.015: [GC (Allocation Failure) [PSYoungGen: 418519K->186037K(465920K)] 1115131K->941481K(1864192K), 0.0576294 secs] [Times: user=0.28 sys=0.00, real=0.06 secs] 
3670.084: [GC (Allocation Failure) [PSYoungGen: 418997K->90906K(465920K)] 1174441K->916583K(1864192K), 0.0538681 secs] [Times: user=0.29 sys=0.00, real=0.06 secs] 
3670.366: [GC (Allocation Failure) [PSYoungGen: 323866K->182198K(465920K)] 1149543K->1036779K(1864192K), 0.0468883 secs] [Times: user=0.21 sys=0.00, real=0.05 secs] 
3670.540: [GC (GCLocker Initiated GC) [PSYoungGen: 415158K->181205K(465920K)] 1269745K->1092664K(1864192K), 0.0440012 secs] [Times: user=0.20 sys=0.00, real=0.04 secs] 
3670.704: [GC (Allocation Failure) [PSYoungGen: 414165K->182260K(465920K)] 1325627K->1148689K(1864192K), 0.0457540 secs] [Times: user=0.22 sys=0.00, real=0.05 secs] 
3672.417: [GC (Allocation Failure) [PSYoungGen: 415220K->114910K(465920K)] 1381649K->1150139K(1864192K), 0.0469656 secs] [Times: user=0.24 sys=0.00, real=0.04 secs] 
3673.328: [GC (GCLocker Initiated GC) [PSYoungGen: 347870K->147825K(465920K)] 1383099K->1220008K(1864192K), 0.0951788 secs] [Times: user=0.51 sys=0.00, real=0.09 secs] 
3673.572: [GC (Allocation Failure) [PSYoungGen: 380785K->182645K(465920K)] 1453134K->1301426K(1864192K), 0.0414968 secs] [Times: user=0.18 sys=0.00, real=0.04 secs] 
3673.729: [GC (Allocation Failure) [PSYoungGen: 415605K->185687K(465920K)] 1534386K->1368188K(1864192K), 0.0511030 secs] [Times: user=0.24 sys=0.00, real=0.05 secs] 
3673.889: [GC (Allocation Failure) [PSYoungGen: 418647K->186293K(465920K)] 1601148K->1427666K(1864192K), 0.0586289 secs] [Times: user=0.29 sys=0.00, real=0.06 secs] 
3675.592: [GC (Allocation Failure) [PSYoungGen: 419253K->89226K(465920K)] 1660626K->1400975K(1864192K), 0.1148983 secs] [Times: user=0.64 sys=0.00, real=0.12 secs] 
3675.707: [Full GC (Ergonomics) [PSYoungGen: 89226K->0K(465920K)] [ParOldGen: 1311749K->98153K(1398272K)] 1400975K->98153K(1864192K), [Metaspace: 60275K->60275K(1105920K)], 0.1601067 secs] [Times: user=0.71 sys=0.00, real=0.16 secs] 
3676.030: [GC (Allocation Failure) [PSYoungGen: 232960K->175989K(465920K)] 331113K->274143K(1864192K), 0.0242683 secs] [Times: user=0.08 sys=0.00, real=0.02 secs] 
3676.199: [GC (Allocation Failure) [PSYoungGen: 408949K->183701K(465920K)] 507103K->336247K(1864192K), 0.0555360 secs] [Times: user=0.26 sys=0.00, real=0.05 secs] 
3676.499: [GC (Allocation Failure) [PSYoungGen: 416661K->185237K(465920K)] 569207K->393542K(1864192K), 0.0476509 secs] [Times: user=0.22 sys=0.00, real=0.05 secs] 
3677.462: [GC (Allocation Failure) [PSYoungGen: 418197K->125327K(465920K)] 626502K->403601K(1864192K), 0.0468831 secs] [Times: user=0.24 sys=0.00, real=0.05 secs] 
3677.834: [GC (Allocation Failure) [PSYoungGen: 358287K->141281K(465920K)] 636561K->459162K(1864192K), 0.0788300 secs] [Times: user=0.40 sys=0.02, real=0.08 secs] 
3678.032: [GC (Allocation Failure) [PSYoungGen: 374241K->178165K(465920K)] 692122K->541451K(1864192K), 0.0389669 secs] [Times: user=0.17 sys=0.01, real=0.04 secs] 
3678.185: [GC (Allocation Failure) [PSYoungGen: 411125K->185655K(465920K)] 774411K->611245K(1864192K), 0.0487777 secs] [Times: user=0.23 sys=0.00, real=0.05 secs] 
3679.915: [GC (Allocation Failure) [PSYoungGen: 418615K->181972K(465920K)] 844205K->666259K(1864192K), 0.1197899 secs] [Times: user=0.64 sys=0.00, real=0.12 secs] 
3681.562: [GC (Allocation Failure) [PSYoungGen: 414932K->89450K(465920K)] 899219K->642561K(1864192K), 0.0785345 secs] [Times: user=0.43 sys=0.00, real=0.08 secs] 
3682.562: [GC (Allocation Failure) [PSYoungGen: 322410K->171188K(465920K)] 875521K->753427K(1864192K), 0.0429791 secs] [Times: user=0.19 sys=0.00, real=0.04 secs] 
3682.736: [GC (Allocation Failure) [PSYoungGen: 404148K->184918K(465920K)] 986387K->820737K(1864192K), 0.0424876 secs] [Times: user=0.19 sys=0.00, real=0.05 secs] 
3682.899: [GC (Allocation Failure) [PSYoungGen: 417878K->186709K(465920K)] 1053697K->878640K(1864192K), 0.0450122 secs] [Times: user=0.21 sys=0.00, real=0.04 secs] 
3684.235: [GC (Allocation Failure) [PSYoungGen: 419669K->141617K(465920K)] 1111600K->903948K(1864192K), 0.0497817 secs] [Times: user=0.24 sys=0.01, real=0.05 secs] 
3684.949: [GC (Allocation Failure) [PSYoungGen: 374577K->126543K(465920K)] 1136908K->933858K(1864192K), 0.1342336 secs] [Times: user=0.74 sys=0.00, real=0.13 secs] 
3685.230: [GC (Allocation Failure) [PSYoungGen: 359503K->174804K(465920K)] 1166818K->1022640K(1864192K), 0.0376868 secs] [Times: user=0.16 sys=0.00, real=0.04 secs] 
3685.382: [GC (Allocation Failure) [PSYoungGen: 407764K->185655K(465920K)] 1255600K->1094691K(1864192K), 0.0499165 secs] [Times: user=0.23 sys=0.00, real=0.05 secs] 
3685.540: [GC (Allocation Failure) [PSYoungGen: 418615K->186549K(465920K)] 1327651K->1154465K(1864192K), 0.0587932 secs] [Times: user=0.29 sys=0.00, real=0.06 secs] 
3686.585: [GC (GCLocker Initiated GC) [PSYoungGen: 419509K->94651K(465920K)] 1387425K->1133079K(1864192K), 0.0460328 secs] [Times: user=0.24 sys=0.00, real=0.05 secs] 
3686.826: [GC (Allocation Failure) [PSYoungGen: 327611K->177557K(465920K)] 1366042K->1246517K(1864192K), 0.0450386 secs] [Times: user=0.19 sys=0.00, real=0.05 secs] 
3687.012: [GC (Allocation Failure) [PSYoungGen: 410447K->181013K(465920K)] 1479407K->1305637K(1864192K), 0.0436589 secs] [Times: user=0.20 sys=0.00, real=0.04 secs] 
3687.163: [GC (Allocation Failure) [PSYoungGen: 413973K->184212K(465920K)] 1538597K->1363628K(1864192K), 0.0455181 secs] [Times: user=0.21 sys=0.01, real=0.05 secs] 
3688.321: [GC (Allocation Failure) [PSYoungGen: 417172K->151122K(465920K)] 1596588K->1400170K(1864192K), 0.0519335 secs] [Times: user=0.25 sys=0.00, real=0.05 secs] 
3689.271: [GC (Allocation Failure) [PSYoungGen: 384082K->115933K(465920K)] 1633130K->1412573K(1864192K), 0.1285651 secs] [Times: user=0.71 sys=0.00, real=0.13 secs] 
3689.541: [GC (Allocation Failure) [PSYoungGen: 348893K->176532K(465920K)] 1645533K->1510801K(1864192K), 0.0374017 secs] [Times: user=0.17 sys=0.00, real=0.04 secs] 
3689.579: [Full GC (Ergonomics) [PSYoungGen: 176532K->0K(465920K)] [ParOldGen: 1334268K->231148K(1398272K)] 1510801K->231148K(1864192K), [Metaspace: 60278K->60278K(1105920K)], 0.2655692 secs] [Times: user=1.21 sys=0.00, real=0.26 secs] 
3689.959: [GC (Allocation Failure) [PSYoungGen: 232960K->183895K(465920K)] 464108K->415043K(1864192K), 0.0868940 secs] [Times: user=0.46 sys=0.00, real=0.08 secs] 
3690.161: [GC (Allocation Failure) [PSYoungGen: 416855K->186869K(465920K)] 648003K->476521K(1864192K), 0.0581907 secs] [Times: user=0.28 sys=0.00, real=0.06 secs] 
3691.162: [GC (Allocation Failure) [PSYoungGen: 419829K->96651K(465920K)] 709481K->456800K(1864192K), 0.0485642 secs] [Times: user=0.25 sys=0.00, real=0.05 secs] 
3691.516: [GC (Allocation Failure) [PSYoungGen: 329611K->174005K(465920K)] 689760K->565814K(1864192K), 0.0480418 secs] [Times: user=0.21 sys=0.00, real=0.04 secs] 
3691.749: [GC (Allocation Failure) [PSYoungGen: 406965K->181685K(465920K)] 798774K->627907K(1864192K), 0.0617740 secs] [Times: user=0.30 sys=0.00, real=0.06 secs] 
3691.986: [GC (Allocation Failure) [PSYoungGen: 407444K->176950K(465920K)] 853665K->686639K(1864192K), 0.0674670 secs] [Times: user=0.33 sys=0.01, real=0.06 secs] 
3692.809: [GC (Allocation Failure) [PSYoungGen: 406488K->205619K(465920K)] 916178K->771380K(1864192K), 0.0540298 secs] [Times: user=0.26 sys=0.00, real=0.05 secs] 
3693.185: [GC (Allocation Failure) [PSYoungGen: 438579K->101052K(465920K)] 1004340K->731453K(1864192K), 0.0531097 secs] [Times: user=0.28 sys=0.00, real=0.06 secs] 
3693.423: [GC (Allocation Failure) [PSYoungGen: 332371K->181206K(465920K)] 962773K->843855K(1864192K), 0.0487830 secs] [Times: user=0.22 sys=0.00, real=0.05 secs] 
3693.621: [GC (Allocation Failure) [PSYoungGen: 414166K->182037K(465920K)] 1076815K->901043K(1864192K), 0.0439070 secs] [Times: user=0.20 sys=0.00, real=0.04 secs] 
3693.972: [GC (Allocation Failure) [PSYoungGen: 414994K->185525K(465920K)] 1134000K->959395K(1864192K), 0.0772394 secs] [Times: user=0.39 sys=0.00, real=0.08 secs] 
3695.090: [GC (Allocation Failure) [PSYoungGen: 418485K->97163K(465920K)] 1192355K->941025K(1864192K), 0.0442571 secs] [Times: user=0.23 sys=0.00, real=0.04 secs] 
3695.557: [GC (GCLocker Initiated GC) [PSYoungGen: 330123K->168724K(465920K)] 1173985K->1043975K(1864192K), 0.0658938 secs] [Times: user=0.32 sys=0.00, real=0.06 secs] 
3695.762: [GC (Allocation Failure) [PSYoungGen: 401684K->182997K(465920K)] 1276974K->1111283K(1864192K), 0.0427994 secs] [Times: user=0.19 sys=0.00, real=0.04 secs] 
3695.922: [GC (Allocation Failure) [PSYoungGen: 415957K->185815K(465920K)] 1344243K->1177973K(1864192K), 0.0509192 secs] [Times: user=0.24 sys=0.00, real=0.05 secs] 
3696.361: [GC (Allocation Failure) [PSYoungGen: 417274K->216052K(465920K)] 1409432K->1267210K(1864192K), 0.0556687 secs] [Times: user=0.27 sys=0.00, real=0.06 secs] 
3697.609: [GC (Allocation Failure) [PSYoungGen: 449012K->90346K(465920K)] 1500170K->1210168K(1864192K), 0.0665007 secs] [Times: user=0.35 sys=0.00, real=0.06 secs] 
3697.823: [GC (Allocation Failure) [PSYoungGen: 323306K->182326K(465920K)] 1443128K->1331427K(1864192K), 0.0351037 secs] [Times: user=0.14 sys=0.00, real=0.04 secs] 
3697.969: [GC (Allocation Failure) [PSYoungGen: 415286K->181909K(465920K)] 1564387K->1387446K(1864192K), 0.0444226 secs] [Times: user=0.20 sys=0.00, real=0.04 secs] 
3698.124: [GC (Allocation Failure) [PSYoungGen: 414869K->186101K(465920K)] 1620406K->1447070K(1864192K), 0.0461620 secs] [Times: user=0.21 sys=0.00, real=0.05 secs] 
3699.528: [GC (GCLocker Initiated GC) [PSYoungGen: 419061K->103180K(465920K)] 1680030K->1434157K(1864192K), 0.0461467 secs] [Times: user=0.24 sys=0.01, real=0.04 secs] 
3699.574: [Full GC (Ergonomics) [PSYoungGen: 103180K->0K(465920K)] [ParOldGen: 1330977K->90889K(1398272K)] 1434157K->90889K(1864192K), [Metaspace: 60291K->60291K(1105920K)], 0.0370360 secs] [Times: user=0.11 sys=0.00, real=0.04 secs] 
3700.011: [GC (Allocation Failure) [PSYoungGen: 232960K->163987K(465920K)] 323980K->255007K(1864192K), 0.0289766 secs] [Times: user=0.11 sys=0.01, real=0.03 secs] 
3700.164: [GC (Allocation Failure) [PSYoungGen: 396947K->184406K(465920K)] 487967K->326654K(1864192K), 0.0408416 secs] [Times: user=0.18 sys=0.00, real=0.04 secs] 
3700.349: [GC (Allocation Failure) [PSYoungGen: 417366K->185815K(465920K)] 559614K->392023K(1864192K), 0.0545634 secs] [Times: user=0.26 sys=0.00, real=0.05 secs] 
3701.228: [GC (Allocation Failure) [PSYoungGen: 418775K->181940K(465920K)] 624983K->447120K(1864192K), 0.0980091 secs] [Times: user=0.51 sys=0.00, real=0.09 secs] 
3702.383: [GC (Allocation Failure) [PSYoungGen: 414900K->90442K(465920K)] 680080K->424502K(1864192K), 0.0490423 secs] [Times: user=0.25 sys=0.00, real=0.05 secs] 
3702.615: [GC (Allocation Failure) [PSYoungGen: 323402K->182614K(465920K)] 657462K->545207K(1864192K), 0.0336404 secs] [Times: user=0.14 sys=0.00, real=0.04 secs] 
3702.784: [GC (Allocation Failure) [PSYoungGen: 415574K->184982K(465920K)] 778167K->604851K(1864192K), 0.0490920 secs] [Times: user=0.23 sys=0.00, real=0.05 secs] 
3702.962: [GC (Allocation Failure) [PSYoungGen: 417942K->183732K(465920K)] 837811K->659682K(1864192K), 0.0458617 secs] [Times: user=0.21 sys=0.00, real=0.05 secs] 
3704.050: [GC (Allocation Failure) [PSYoungGen: 416692K->102540K(465920K)] 892642K->647793K(1864192K), 0.0579319 secs] [Times: user=0.31 sys=0.00, real=0.06 secs] 
3704.962: [GC (Allocation Failure) [PSYoungGen: 335500K->161139K(465920K)] 880753K->740069K(1864192K), 0.0732937 secs] [Times: user=0.37 sys=0.00, real=0.07 secs] 
3705.171: [GC (Allocation Failure) [PSYoungGen: 394099K->182901K(465920K)] 973029K->812183K(1864192K), 0.0426818 secs] [Times: user=0.19 sys=0.00, real=0.04 secs] 
3705.329: [GC (Allocation Failure) [PSYoungGen: 415861K->185815K(465920K)] 1045143K->878921K(1864192K), 0.0510422 secs] [Times: user=0.23 sys=0.00, real=0.05 secs] 
3705.490: [GC (Allocation Failure) [PSYoungGen: 418775K->186005K(465920K)] 1111881K->937903K(1864192K), 0.0569134 secs] [Times: user=0.28 sys=0.00, real=0.06 secs] 
3706.593: [GC (GCLocker Initiated GC) [PSYoungGen: 418965K->88154K(465920K)] 1170863K->910132K(1864192K), 0.0471351 secs] [Times: user=0.25 sys=0.00, real=0.05 secs] 
3706.788: [GC (Allocation Failure) [PSYoungGen: 321114K->182934K(465920K)] 1143387K->1033892K(1864192K), 0.0348211 secs] [Times: user=0.15 sys=0.00, real=0.03 secs] 
3706.935: [GC (Allocation Failure) [PSYoungGen: 415894K->181461K(465920K)] 1266852K->1089227K(1864192K), 0.0442677 secs] [Times: user=0.21 sys=0.01, real=0.05 secs] 
3707.088: [GC (Allocation Failure) [PSYoungGen: 414421K->185973K(465920K)] 1322187K->1148627K(1864192K), 0.0459402 secs] [Times: user=0.22 sys=0.00, real=0.04 secs] 
3708.170: [GC (Allocation Failure) [PSYoungGen: 418933K->108797K(465920K)] 1381587K->1141683K(1864192K), 0.0471525 secs] [Times: user=0.24 sys=0.00, real=0.05 secs] 
3708.434: [GC (Allocation Failure) [PSYoungGen: 341757K->161619K(465920K)] 1374643K->1229862K(1864192K), 0.0488032 secs] [Times: user=0.23 sys=0.00, real=0.05 secs] 
3708.596: [GC (Allocation Failure) [PSYoungGen: 394579K->184374K(465920K)] 1462822K->1303212K(1864192K), 0.0453567 secs] [Times: user=0.20 sys=0.00, real=0.05 secs] 
3708.774: [GC (Allocation Failure) [PSYoungGen: 417334K->182166K(465920K)] 1536172K->1365149K(1864192K), 0.0660642 secs] [Times: user=0.33 sys=0.00, real=0.07 secs] 
3708.987: [GC (Allocation Failure) [PSYoungGen: 415126K->183092K(465920K)] 1598109K->1424019K(1864192K), 0.0783057 secs] [Times: user=0.40 sys=0.00, real=0.07 secs] 
3710.147: [GC (Allocation Failure) [PSYoungGen: 416052K->91482K(465920K)] 1656979K->1401565K(1864192K), 0.0658811 secs] [Times: user=0.35 sys=0.01, real=0.06 secs] 
3710.537: [GC (Allocation Failure) [PSYoungGen: 324442K->181110K(465920K)] 1634525K->1520233K(1864192K), 0.0466860 secs] [Times: user=0.20 sys=0.01, real=0.04 secs] 
3710.584: [Full GC (Ergonomics) [PSYoungGen: 181110K->0K(465920K)] [ParOldGen: 1339123K->221816K(1398272K)] 1520233K->221816K(1864192K), [Metaspace: 60311K->60311K(1105920K)], 0.2544817 secs] [Times: user=1.17 sys=0.00, real=0.26 secs] 
3710.963: [GC (Allocation Failure) [PSYoungGen: 232960K->181717K(465920K)] 454776K->403534K(1864192K), 0.0276573 secs] [Times: user=0.09 sys=0.01, real=0.03 secs] 
3711.118: [GC (Allocation Failure) [PSYoungGen: 414677K->186901K(465920K)] 636494K->464022K(1864192K), 0.0445077 secs] [Times: user=0.21 sys=0.00, real=0.04 secs] 
3712.099: [GC (Allocation Failure) [PSYoungGen: 419861K->112877K(465920K)] 696982K->460414K(1864192K), 0.0453123 secs] [Times: user=0.23 sys=0.00, real=0.04 secs] 
3712.688: [GC (GCLocker Initiated GC) [PSYoungGen: 345837K->154194K(465920K)] 693374K->538308K(1864192K), 0.0847403 secs] [Times: user=0.44 sys=0.00, real=0.08 secs] 
3712.975: [GC (Allocation Failure) [PSYoungGen: 387154K->183829K(465920K)] 771271K->615834K(1864192K), 0.0471451 secs] [Times: user=0.22 sys=0.00, real=0.05 secs] 
3713.157: [GC (Allocation Failure) [PSYoungGen: 416789K->185687K(465920K)] 848794K->681848K(1864192K), 0.0617785 secs] [Times: user=0.31 sys=0.00, real=0.06 secs] 
3713.331: [GC (Allocation Failure) [PSYoungGen: 418647K->183604K(465920K)] 914808K->738621K(1864192K), 0.0561424 secs] [Times: user=0.28 sys=0.00, real=0.06 secs] 
3714.366: [GC (Allocation Failure) [PSYoungGen: 416564K->88602K(465920K)] 971581K->712951K(1864192K), 0.0407028 secs] [Times: user=0.21 sys=0.01, real=0.05 secs] 
3714.733: [GC (Allocation Failure) [PSYoungGen: 321562K->177909K(465920K)] 945911K->830947K(1864192K), 0.0328474 secs] [Times: user=0.14 sys=0.00, real=0.03 secs] 
3714.904: [GC (Allocation Failure) [PSYoungGen: 410869K->184726K(465920K)] 1063907K->893216K(1864192K), 0.0505562 secs] [Times: user=0.23 sys=0.00, real=0.05 secs] 
3715.093: [GC (Allocation Failure) [PSYoungGen: 417686K->186549K(465920K)] 1126176K->951047K(1864192K), 0.0528042 secs] [Times: user=0.26 sys=0.00, real=0.05 secs] 
3716.467: [GC (Allocation Failure) [PSYoungGen: 419509K->118590K(465920K)] 1184007K->953384K(1864192K), 0.0488342 secs] [Times: user=0.25 sys=0.00, real=0.05 secs] 
3716.847: [GC (GCLocker Initiated GC) [PSYoungGen: 351550K->148145K(465920K)] 1186344K->1021496K(1864192K), 0.0821726 secs] [Times: user=0.43 sys=0.01, real=0.08 secs] 
3717.055: [GC (Allocation Failure) [PSYoungGen: 381105K->183957K(465920K)] 1254459K->1104071K(1864192K), 0.0406514 secs] [Times: user=0.18 sys=0.00, real=0.04 secs] 
3717.235: [GC (Allocation Failure) [PSYoungGen: 416917K->180022K(465920K)] 1337031K->1164120K(1864192K), 0.0618956 secs] [Times: user=0.30 sys=0.02, real=0.07 secs] 
3717.443: [GC (Allocation Failure) [PSYoungGen: 412982K->185973K(465920K)] 1397080K->1227647K(1864192K), 0.0563215 secs] [Times: user=0.28 sys=0.00, real=0.06 secs] 
3718.777: [GC (Allocation Failure) [PSYoungGen: 418933K->95803K(465920K)] 1460607K->1207685K(1864192K), 0.1208339 secs] [Times: user=0.66 sys=0.01, real=0.12 secs] 
3719.215: [GC (Allocation Failure) [PSYoungGen: 328763K->175413K(465920K)] 1440645K->1318400K(1864192K), 0.0347488 secs] [Times: user=0.15 sys=0.00, real=0.04 secs] 
3719.364: [GC (Allocation Failure) [PSYoungGen: 408373K->184758K(465920K)] 1551360K->1382669K(1864192K), 0.0436189 secs] [Times: user=0.20 sys=0.00, real=0.05 secs] 
3719.518: [GC (Allocation Failure) [PSYoungGen: 417718K->186677K(465920K)] 1615629K->1440340K(1864192K), 0.0460828 secs] [Times: user=0.21 sys=0.00, real=0.04 secs] 
3720.783: [GC (Allocation Failure) [PSYoungGen: 419637K->122479K(465920K)] 1673300K->1446630K(1864192K), 0.0479161 secs] [Times: user=0.24 sys=0.00, real=0.05 secs] 
3720.831: [Full GC (Ergonomics) [PSYoungGen: 122479K->0K(465920K)] [ParOldGen: 1324151K->337552K(1398272K)] 1446630K->337552K(1864192K), [Metaspace: 60311K->60311K(1105920K)], 0.5938390 secs] [Times: user=2.60 sys=0.00, real=0.59 secs] 
3721.744: [GC (Allocation Failure) [PSYoungGen: 232960K->156657K(465920K)] 570512K->494209K(1864192K), 0.0257271 secs] [Times: user=0.09 sys=0.00, real=0.03 secs] 
3721.980: [GC (Allocation Failure) [PSYoungGen: 389617K->179829K(465920K)] 727169K->562542K(1864192K), 0.0552981 secs] [Times: user=0.26 sys=0.00, real=0.05 secs] 
3722.210: [GC (Allocation Failure) [PSYoungGen: 412789K->185591K(465920K)] 795502K->630876K(1864192K), 0.0689090 secs] [Times: user=0.34 sys=0.00, real=0.07 secs] 
3722.398: [GC (Allocation Failure) [PSYoungGen: 418551K->183508K(465920K)] 863836K->687706K(1864192K), 0.0573421 secs] [Times: user=0.28 sys=0.01, real=0.05 secs] 
3723.432: [GC (Allocation Failure) [PSYoungGen: 416468K->92827K(465920K)] 920666K->666288K(1864192K), 0.0468921 secs] [Times: user=0.24 sys=0.00, real=0.05 secs] 
3723.728: [GC (Allocation Failure) [PSYoungGen: 325787K->178069K(465920K)] 899248K->781460K(1864192K), 0.0480154 secs] [Times: user=0.21 sys=0.00, real=0.05 secs] 
3723.972: [GC (Allocation Failure) [PSYoungGen: 411029K->182613K(465920K)] 1014420K->841528K(1864192K), 0.0594168 secs] [Times: user=0.28 sys=0.00, real=0.06 secs] 
3724.149: [GC (Allocation Failure) [PSYoungGen: 415573K->187221K(465920K)] 1074488K->901639K(1864192K), 0.0456906 secs] [Times: user=0.21 sys=0.00, real=0.04 secs] 
3725.127: [GC (Allocation Failure) [PSYoungGen: 420181K->130448K(465920K)] 1134599K->915370K(1864192K), 0.0487668 secs] [Times: user=0.24 sys=0.00, real=0.04 secs] 
3726.288: [GC (Allocation Failure) [PSYoungGen: 363408K->137056K(465920K)] 1148330K->963131K(1864192K), 0.1113936 secs] [Times: user=0.60 sys=0.00, real=0.11 secs] 
3726.608: [GC (Allocation Failure) [PSYoungGen: 370016K->175284K(465920K)] 1196091K->1044792K(1864192K), 0.0412967 secs] [Times: user=0.18 sys=0.00, real=0.04 secs] 
3726.767: [GC (Allocation Failure) [PSYoungGen: 408244K->185815K(465920K)] 1277752K->1117150K(1864192K), 0.0488785 secs] [Times: user=0.22 sys=0.00, real=0.04 secs] 
3726.953: [GC (GCLocker Initiated GC) [PSYoungGen: 418775K->183348K(465920K)] 1350111K->1173701K(1864192K), 0.0682998 secs] [Times: user=0.35 sys=0.00, real=0.07 secs] 
3727.990: [GC (GCLocker Initiated GC) [PSYoungGen: 416308K->95099K(465920K)] 1406828K->1154950K(1864192K), 0.0451909 secs] [Times: user=0.23 sys=0.01, real=0.04 secs] 
3728.472: [GC (Allocation Failure) [PSYoungGen: 328059K->174709K(465920K)] 1388077K->1265556K(1864192K), 0.0474765 secs] [Times: user=0.21 sys=0.00, real=0.05 secs] 
3728.661: [GC (Allocation Failure) [PSYoungGen: 407669K->183733K(465920K)] 1498516K->1329073K(1864192K), 0.0436059 secs] [Times: user=0.20 sys=0.00, real=0.04 secs] 
3728.812: [GC (GCLocker Initiated GC) [PSYoungGen: 416693K->186261K(465920K)] 1562033K->1387256K(1864192K), 0.0462224 secs] [Times: user=0.22 sys=0.00, real=0.05 secs] 
3729.843: [GC (Allocation Failure) [PSYoungGen: 419221K->140465K(465920K)] 1620218K->1411654K(1864192K), 0.0508890 secs] [Times: user=0.26 sys=0.00, real=0.05 secs] 
3730.159: [GC (Allocation Failure) [PSYoungGen: 373425K->130911K(465920K)] 1644614K->1446660K(1864192K), 0.0906695 secs] [Times: user=0.50 sys=0.00, real=0.09 secs] 
3730.249: [Full GC (Ergonomics) [PSYoungGen: 130911K->0K(465920K)] [ParOldGen: 1315749K->147674K(1398272K)] 1446660K->147674K(1864192K), [Metaspace: 60311K->60311K(1105920K)], 0.1372818 secs] [Times: user=0.58 sys=0.00, real=0.14 secs] 
3730.533: [GC (Allocation Failure) [PSYoungGen: 232960K->174676K(465920K)] 380634K->322351K(1864192K), 0.0256589 secs] [Times: user=0.09 sys=0.00, real=0.03 secs] 
3730.702: [GC (Allocation Failure) [PSYoungGen: 407636K->185367K(465920K)] 555311K->394001K(1864192K), 0.0646443 secs] [Times: user=0.31 sys=0.01, real=0.07 secs] 
3730.893: [GC (Allocation Failure) [PSYoungGen: 418327K->186453K(465920K)] 626961K->453895K(1864192K), 0.0570340 secs] [Times: user=0.28 sys=0.00, real=0.06 secs] 
3732.468: [GC (Allocation Failure) [PSYoungGen: 419413K->89258K(465920K)] 686855K->426917K(1864192K), 0.0550932 secs] [Times: user=0.29 sys=0.00, real=0.05 secs] 
3733.241: [GC (Allocation Failure) [PSYoungGen: 322218K->174645K(465920K)] 659877K->541012K(1864192K), 0.0425567 secs] [Times: user=0.18 sys=0.00, real=0.04 secs] 
3733.413: [GC (Allocation Failure) [PSYoungGen: 407605K->181973K(465920K)] 773972K->602981K(1864192K), 0.0426197 secs] [Times: user=0.19 sys=0.00, real=0.04 secs] 
3733.611: [GC (Allocation Failure) [PSYoungGen: 414933K->187669K(465920K)] 835941K->664117K(1864192K), 0.0687040 secs] [Times: user=0.33 sys=0.00, real=0.07 secs] 
3734.651: [GC (Allocation Failure) [PSYoungGen: 420629K->150354K(465920K)] 897077K->697398K(1864192K), 0.0508666 secs] [Times: user=0.25 sys=0.00, real=0.05 secs] 
3735.760: [GC (Allocation Failure) [PSYoungGen: 383314K->116365K(465920K)] 930358K->711217K(1864192K), 0.1271018 secs] [Times: user=0.71 sys=0.00, real=0.13 secs] 
3736.020: [GC (Allocation Failure) [PSYoungGen: 349325K->178773K(465920K)] 944177K->811474K(1864192K), 0.0372419 secs] [Times: user=0.16 sys=0.00, real=0.04 secs] 
3736.195: [GC (Allocation Failure) [PSYoungGen: 411733K->181878K(465920K)] 1044434K->876947K(1864192K), 0.0619520 secs] [Times: user=0.30 sys=0.00, real=0.07 secs] 
3736.386: [GC (GCLocker Initiated GC) [PSYoungGen: 414838K->186197K(465920K)] 1109908K->938722K(1864192K), 0.0569665 secs] [Times: user=0.27 sys=0.01, real=0.06 secs] 
3737.362: [GC (GCLocker Initiated GC) [PSYoungGen: 419157K->101420K(465920K)] 1171684K->924339K(1864192K), 0.0469772 secs] [Times: user=0.24 sys=0.00, real=0.05 secs] 
3737.735: [GC (Allocation Failure) [PSYoungGen: 334380K->170356K(465920K)] 1157466K->1026211K(1864192K), 0.0509899 secs] [Times: user=0.24 sys=0.00, real=0.05 secs] 
3737.927: [GC (Allocation Failure) [PSYoungGen: 403316K->184566K(465920K)] 1259171K->1093785K(1864192K), 0.0437654 secs] [Times: user=0.20 sys=0.00, real=0.04 secs] 
3738.076: [GC (Allocation Failure) [PSYoungGen: 405502K->172629K(465920K)] 1314722K->1146025K(1864192K), 0.0490138 secs] [Times: user=0.23 sys=0.00, real=0.05 secs] 
3739.090: [GC (Allocation Failure) [PSYoungGen: 402849K->205939K(465920K)] 1376245K->1234254K(1864192K), 0.0535404 secs] [Times: user=0.26 sys=0.00, real=0.05 secs] 
3739.869: [GC (Allocation Failure) [PSYoungGen: 438899K->96043K(465920K)] 1467214K->1189270K(1864192K), 0.0957205 secs] [Times: user=0.52 sys=0.00, real=0.09 secs] 
3740.214: [GC (Allocation Failure) [PSYoungGen: 329003K->180182K(465920K)] 1422230K->1304182K(1864192K), 0.0358914 secs] [Times: user=0.15 sys=0.00, real=0.04 secs] 
3740.398: [GC (Allocation Failure) [PSYoungGen: 413142K->184758K(465920K)] 1537142K->1364846K(1864192K), 0.0678234 secs] [Times: user=0.32 sys=0.00, real=0.06 secs] 
3740.600: [GC (Allocation Failure) [PSYoungGen: 417718K->186229K(465920K)] 1597806K->1422413K(1864192K), 0.0458507 secs] [Times: user=0.21 sys=0.00, real=0.04 secs] 
3741.587: [GC (Allocation Failure) [PSYoungGen: 419189K->97931K(465920K)] 1655373K->1404264K(1864192K), 0.0518773 secs] [Times: user=0.27 sys=0.00, real=0.05 secs] 
3742.535: [GC (Allocation Failure) [PSYoungGen: 330891K->163571K(465920K)] 1637224K->1502145K(1864192K), 0.0723955 secs] [Times: user=0.36 sys=0.00, real=0.08 secs] 
3742.607: [Full GC (Ergonomics) [PSYoungGen: 163571K->0K(465920K)] [ParOldGen: 1338573K->185699K(1398272K)] 1502145K->185699K(1864192K), [Metaspace: 60313K->60313K(1105920K)], 0.2160719 secs] [Times: user=1.00 sys=0.01, real=0.21 secs] 
3742.955: [GC (Allocation Failure) [PSYoungGen: 232960K->184502K(465920K)] 418659K->370201K(1864192K), 0.0329355 secs] [Times: user=0.13 sys=0.00, real=0.04 secs] 
3743.102: [GC (Allocation Failure) [PSYoungGen: 417462K->185591K(465920K)] 603161K->435642K(1864192K), 0.0437631 secs] [Times: user=0.19 sys=0.00, real=0.04 secs] 
3743.278: [GC (Allocation Failure) [PSYoungGen: 418551K->219413K(465920K)] 668602K->528280K(1864192K), 0.0545726 secs] [Times: user=0.27 sys=0.00, real=0.05 secs] 
3744.369: [GC (GCLocker Initiated GC) [PSYoungGen: 452373K->89962K(465920K)] 761240K->469317K(1864192K), 0.0594082 secs] [Times: user=0.31 sys=0.00, real=0.06 secs] 
3744.631: [GC (Allocation Failure) [PSYoungGen: 322922K->178869K(465920K)] 702444K->587404K(1864192K), 0.0435505 secs] [Times: user=0.19 sys=0.00, real=0.04 secs] 
3744.833: [GC (Allocation Failure) [PSYoungGen: 411829K->184694K(465920K)] 820364K->648612K(1864192K), 0.0582612 secs] [Times: user=0.26 sys=0.00, real=0.06 secs] 
3745.025: [GC (Allocation Failure) [PSYoungGen: 417654K->219637K(465920K)] 881572K->739596K(1864192K), 0.0460840 secs] [Times: user=0.21 sys=0.00, real=0.05 secs] 
3746.044: [GC (Allocation Failure) [PSYoungGen: 452597K->99500K(465920K)] 972556K->689867K(1864192K), 0.0509511 secs] [Times: user=0.27 sys=0.00, real=0.05 secs] 
3746.431: [GC (Allocation Failure) [PSYoungGen: 332460K->165011K(465920K)] 922827K->787547K(1864192K), 0.0795706 secs] [Times: user=0.39 sys=0.01, real=0.08 secs] 
3746.667: [GC (Allocation Failure) [PSYoungGen: 397971K->184374K(465920K)] 1020507K->858609K(1864192K), 0.0423256 secs] [Times: user=0.19 sys=0.00, real=0.04 secs] 
3746.825: [GC (Allocation Failure) [PSYoungGen: 417334K->185111K(465920K)] 1091569K->923523K(1864192K), 0.0501579 secs] [Times: user=0.23 sys=0.00, real=0.05 secs] 
3746.983: [GC (Allocation Failure) [PSYoungGen: 418071K->186741K(465920K)] 1156483K->983905K(1864192K), 0.0564684 secs] [Times: user=0.28 sys=0.00, real=0.06 secs] 
3748.326: [GC (Allocation Failure) [PSYoungGen: 419701K->89930K(465920K)] 1216865K->957574K(1864192K), 0.1111006 secs] [Times: user=0.61 sys=0.00, real=0.12 secs] 
3748.780: [GC (Allocation Failure) [PSYoungGen: 322807K->179861K(465920K)] 1190451K->1076394K(1864192K), 0.0393797 secs] [Times: user=0.17 sys=0.00, real=0.04 secs] 
3748.934: [GC (Allocation Failure) [PSYoungGen: 412821K->184726K(465920K)] 1309354K->1137686K(1864192K), 0.0456896 secs] [Times: user=0.21 sys=0.00, real=0.05 secs] 
3749.089: [GC (Allocation Failure) [PSYoungGen: 417686K->183732K(465920K)] 1370646K->1192805K(1864192K), 0.0472562 secs] [Times: user=0.22 sys=0.00, real=0.04 secs] 
3750.331: [GC (Allocation Failure) [PSYoungGen: 416692K->103852K(465920K)] 1425765K->1182221K(1864192K), 0.0482500 secs] [Times: user=0.25 sys=0.00, real=0.05 secs] 
3750.691: [GC (Allocation Failure) [PSYoungGen: 336812K->166420K(465920K)] 1415181K->1278666K(1864192K), 0.0507463 secs] [Times: user=0.24 sys=0.00, real=0.05 secs] 
3750.855: [GC (Allocation Failure) [PSYoungGen: 399380K->184117K(465920K)] 1511626K->1348423K(1864192K), 0.0448111 secs] [Times: user=0.20 sys=0.00, real=0.05 secs] 
3751.015: [GC (Allocation Failure) [PSYoungGen: 417077K->185783K(465920K)] 1581383K->1414129K(1864192K), 0.0522732 secs] [Times: user=0.24 sys=0.00, real=0.06 secs] 
3751.174: [GC (Allocation Failure) [PSYoungGen: 418743K->186741K(465920K)] 1647089K->1474183K(1864192K), 0.0568368 secs] [Times: user=0.28 sys=0.00, real=0.06 secs] 
3752.284: [GC (Allocation Failure) [PSYoungGen: 419701K->82969K(465920K)] 1707143K->1440855K(1864192K), 0.0513117 secs] [Times: user=0.28 sys=0.00, real=0.05 secs] 
3752.335: [Full GC (Ergonomics) [PSYoungGen: 82969K->0K(465920K)] [ParOldGen: 1357886K->100543K(1398272K)] 1440855K->100543K(1864192K), [Metaspace: 60315K->60315K(1105920K)], 0.0909183 secs] [Times: user=0.37 sys=0.00, real=0.09 secs] 
3752.631: [GC (Allocation Failure) [PSYoungGen: 232960K->182390K(465920K)] 333503K->282933K(1864192K), 0.0257058 secs] [Times: user=0.09 sys=0.00, real=0.03 secs] 
3752.769: [GC (Allocation Failure) [PSYoungGen: 415350K->184790K(465920K)] 515893K->341909K(1864192K), 0.0408613 secs] [Times: user=0.19 sys=0.00, real=0.04 secs] 
3753.675: [GC (Allocation Failure) [PSYoungGen: 417750K->182772K(465920K)] 574869K->395900K(1864192K), 0.0595268 secs] [Times: user=0.28 sys=0.00, real=0.06 secs] 
3754.737: [GC (Allocation Failure) [PSYoungGen: 415732K->106989K(465920K)] 628860K->389276K(1864192K), 0.0445879 secs] [Times: user=0.23 sys=0.00, real=0.04 secs] 
3755.355: [GC (Allocation Failure) [PSYoungGen: 339949K->160595K(465920K)] 622236K->477847K(1864192K), 0.0872040 secs] [Times: user=0.45 sys=0.01, real=0.09 secs] 
3755.590: [GC (Allocation Failure) [PSYoungGen: 393555K->184022K(465920K)] 710807K->551662K(1864192K), 0.0408348 secs] [Times: user=0.18 sys=0.00, real=0.04 secs] 
3755.743: [GC (Allocation Failure) [PSYoungGen: 416982K->185911K(465920K)] 784622K->617455K(1864192K), 0.0489792 secs] [Times: user=0.23 sys=0.00, real=0.05 secs] 
3755.900: [GC (Allocation Failure) [PSYoungGen: 418871K->202677K(465920K)] 850415K->693165K(1864192K), 0.0558921 secs] [Times: user=0.27 sys=0.00, real=0.05 secs] 
3757.118: [GC (Allocation Failure) [PSYoungGen: 435637K->86858K(465920K)] 926125K->647658K(1864192K), 0.1078811 secs] [Times: user=0.60 sys=0.00, real=0.11 secs] 
3757.433: [GC (Allocation Failure) [PSYoungGen: 319818K->179509K(465920K)] 880618K->768495K(1864192K), 0.0333538 secs] [Times: user=0.13 sys=0.00, real=0.03 secs] 
3757.580: [GC (Allocation Failure) [PSYoungGen: 412469K->184246K(465920K)] 1001455K->829031K(1864192K), 0.0432313 secs] [Times: user=0.20 sys=0.00, real=0.04 secs] 
3757.805: [GC (Allocation Failure) [PSYoungGen: 417206K->186197K(465920K)] 1061991K->887030K(1864192K), 0.0538233 secs] [Times: user=0.26 sys=0.00, real=0.06 secs] 
3758.880: [GC (Allocation Failure) [PSYoungGen: 419157K->110557K(465920K)] 1119990K->881575K(1864192K), 0.0461548 secs] [Times: user=0.24 sys=0.00, real=0.05 secs] 
3759.271: [GC (Allocation Failure) [PSYoungGen: 343517K->164755K(465920K)] 1114535K->971669K(1864192K), 0.0768904 secs] [Times: user=0.39 sys=0.00, real=0.08 secs] 
3759.477: [GC (Allocation Failure) [PSYoungGen: 397715K->181205K(465920K)] 1204629K->1038632K(1864192K), 0.0416883 secs] [Times: user=0.18 sys=0.01, real=0.04 secs] 
3759.634: [GC (Allocation Failure) [PSYoungGen: 414165K->185655K(465920K)] 1271592K->1106017K(1864192K), 0.0494724 secs] [Times: user=0.23 sys=0.00, real=0.05 secs] 
3759.958: [GC (Allocation Failure) [PSYoungGen: 418615K->186357K(465920K)] 1338977K->1165775K(1864192K), 0.0608192 secs] [Times: user=0.31 sys=0.00, real=0.06 secs] 
3760.979: [GC (Allocation Failure) [PSYoungGen: 419317K->88234K(465920K)] 1398735K->1137993K(1864192K), 0.0413985 secs] [Times: user=0.21 sys=0.00, real=0.04 secs] 
3761.223: [GC (Allocation Failure) [PSYoungGen: 321194K->181142K(465920K)] 1370953K->1259397K(1864192K), 0.0339636 secs] [Times: user=0.14 sys=0.00, real=0.04 secs] 
3761.392: [GC (Allocation Failure) [PSYoungGen: 414102K->181429K(465920K)] 1492357K->1316013K(1864192K), 0.0564681 secs] [Times: user=0.26 sys=0.00, real=0.06 secs] 
3761.592: [GC (Allocation Failure) [PSYoungGen: 414389K->186709K(465920K)] 1548973K->1376788K(1864192K), 0.0458852 secs] [Times: user=0.21 sys=0.00, real=0.05 secs] 
3762.656: [GC (Allocation Failure) [PSYoungGen: 419669K->113517K(465920K)] 1609748K->1374013K(1864192K), 0.0471315 secs] [Times: user=0.24 sys=0.00, real=0.04 secs] 
3763.476: [GC (Allocation Failure) [PSYoungGen: 346477K->153458K(465920K)] 1606973K->1451023K(1864192K), 0.0973235 secs] [Times: user=0.52 sys=0.00, real=0.10 secs] 
3763.720: [GC (Allocation Failure) [PSYoungGen: 386418K->184278K(465920K)] 1683983K->1530174K(1864192K), 0.0415063 secs] [Times: user=0.19 sys=0.00, real=0.04 secs] 
3763.762: [Full GC (Ergonomics) [PSYoungGen: 184278K->0K(465920K)] [ParOldGen: 1345896K->251172K(1398272K)] 1530174K->251172K(1864192K), [Metaspace: 60315K->60315K(1105920K)], 0.3150987 secs] [Times: user=1.42 sys=0.00, real=0.32 secs] 
3764.204: [GC (Allocation Failure) [PSYoungGen: 232960K->179862K(465920K)] 484132K->431034K(1864192K), 0.0846614 secs] [Times: user=0.44 sys=0.01, real=0.09 secs] 
3764.419: [GC (Allocation Failure) [PSYoungGen: 412822K->186933K(465920K)] 663994K->495785K(1864192K), 0.0558354 secs] [Times: user=0.27 sys=0.00, real=0.05 secs] 
3765.522: [GC (Allocation Failure) [PSYoungGen: 419893K->94667K(465920K)] 728745K->474159K(1864192K), 0.0608404 secs] [Times: user=0.31 sys=0.00, real=0.06 secs] 
3765.832: [GC (Allocation Failure) [PSYoungGen: 327627K->178261K(465920K)] 707119K->587998K(1864192K), 0.0425132 secs] [Times: user=0.18 sys=0.00, real=0.04 secs] 
3766.035: [GC (Allocation Failure) [PSYoungGen: 411221K->184790K(465920K)] 820958K->650295K(1864192K), 0.0482347 secs] [Times: user=0.23 sys=0.00, real=0.05 secs] 
3766.190: [GC (Allocation Failure) [PSYoungGen: 417750K->186933K(465920K)] 883255K->708350K(1864192K), 0.0448419 secs] [Times: user=0.20 sys=0.00, real=0.04 secs] 
3767.192: [GC (Allocation Failure) [PSYoungGen: 419893K->113326K(465920K)] 941310K->705171K(1864192K), 0.0458214 secs] [Times: user=0.24 sys=0.00, real=0.05 secs] 
3767.597: [GC (Allocation Failure) [PSYoungGen: 346286K->150354K(465920K)] 938131K->778327K(1864192K), 0.0950751 secs] [Times: user=0.50 sys=0.00, real=0.09 secs] 
3767.855: [GC (Allocation Failure) [PSYoungGen: 383314K->184053K(465920K)] 1011287K->859324K(1864192K), 0.0408821 secs] [Times: user=0.18 sys=0.00, real=0.04 secs] 
3768.035: [GC (Allocation Failure) [PSYoungGen: 417013K->185847K(465920K)] 1092284K->925101K(1864192K), 0.0548470 secs] [Times: user=0.26 sys=0.00, real=0.06 secs] 
3769.026: [GC (Allocation Failure) [PSYoungGen: 418807K->181492K(465920K)] 1158061K->979858K(1864192K), 0.0942388 secs] [Times: user=0.49 sys=0.00, real=0.10 secs] 
3770.303: [GC (Allocation Failure) [PSYoungGen: 414452K->93083K(465920K)] 1212818K->960025K(1864192K), 0.0613923 secs] [Times: user=0.33 sys=0.00, real=0.06 secs] 
3770.584: [GC (Allocation Failure) [PSYoungGen: 326043K->177173K(465920K)] 1192985K->1074440K(1864192K), 0.0417956 secs] [Times: user=0.18 sys=0.00, real=0.04 secs] 
3770.768: [GC (Allocation Failure) [PSYoungGen: 410133K->181877K(465920K)] 1307400K->1134340K(1864192K), 0.0591689 secs] [Times: user=0.28 sys=0.00, real=0.06 secs] 
3770.959: [GC (Allocation Failure) [PSYoungGen: 414837K->186965K(465920K)] 1367300K->1194836K(1864192K), 0.0465965 secs] [Times: user=0.22 sys=0.00, real=0.04 secs] 
3772.353: [GC (Allocation Failure) [PSYoungGen: 419925K->122127K(465920K)] 1427796K->1200598K(1864192K), 0.0485569 secs] [Times: user=0.25 sys=0.00, real=0.05 secs] 
3772.907: [GC (GCLocker Initiated GC) [PSYoungGen: 355087K->144353K(465920K)] 1433558K->1261592K(1864192K), 0.1020705 secs] [Times: user=0.55 sys=0.00, real=0.10 secs] 
3773.219: [GC (Allocation Failure) [PSYoungGen: 377313K->183061K(465920K)] 1494719K->1345344K(1864192K), 0.0453760 secs] [Times: user=0.20 sys=0.00, real=0.04 secs] 
3773.377: [GC (Allocation Failure) [PSYoungGen: 416021K->185815K(465920K)] 1578304K->1411954K(1864192K), 0.0528891 secs] [Times: user=0.25 sys=0.00, real=0.05 secs] 
3773.561: [GC (Allocation Failure) [PSYoungGen: 418775K->186357K(465920K)] 1644914K->1471496K(1864192K), 0.0652030 secs] [Times: user=0.33 sys=0.00, real=0.07 secs] 
3774.561: [GC (Allocation Failure) [PSYoungGen: 419317K->85418K(465920K)] 1704456K->1440773K(1864192K), 0.0642847 secs] [Times: user=0.35 sys=0.01, real=0.06 secs] 
3774.626: [Full GC (Ergonomics) [PSYoungGen: 85418K->0K(465920K)] [ParOldGen: 1355354K->93303K(1398272K)] 1440773K->93303K(1864192K), [Metaspace: 60315K->60315K(1105920K)], 0.0705417 secs] [Times: user=0.27 sys=0.00, real=0.08 secs] 
3775.030: [GC (Allocation Failure) [PSYoungGen: 232960K->177845K(465920K)] 326263K->271149K(1864192K), 0.0343480 secs] [Times: user=0.13 sys=0.00, real=0.03 secs] 
3775.245: [GC (Allocation Failure) [PSYoungGen: 410805K->184630K(465920K)] 504109K->333505K(1864192K), 0.0516507 secs] [Times: user=0.25 sys=0.00, real=0.06 secs] 
3775.815: [GC (Allocation Failure) [PSYoungGen: 417590K->187061K(465920K)] 566465K->391688K(1864192K), 0.0795869 secs] [Times: user=0.40 sys=0.00, real=0.08 secs] 
3777.216: [GC (Allocation Failure) [PSYoungGen: 420021K->128720K(465920K)] 624648K->404091K(1864192K), 0.0477430 secs] [Times: user=0.24 sys=0.00, real=0.04 secs] 
3778.056: [GC (Allocation Failure) [PSYoungGen: 361680K->136432K(465920K)] 637051K->452532K(1864192K), 0.1086330 secs] [Times: user=0.59 sys=0.00, real=0.11 secs] 
3778.303: [GC (Allocation Failure) [PSYoungGen: 369392K->178517K(465920K)] 685492K->538205K(1864192K), 0.0380109 secs] [Times: user=0.16 sys=0.00, real=0.04 secs] 
3778.454: [GC (Allocation Failure) [PSYoungGen: 411477K->182902K(465920K)] 771165K->604883K(1864192K), 0.0489341 secs] [Times: user=0.23 sys=0.00, real=0.05 secs] 
3778.645: [GC (Allocation Failure) [PSYoungGen: 415862K->186709K(465920K)] 837843K->667105K(1864192K), 0.0645920 secs] [Times: user=0.33 sys=0.00, real=0.07 secs] 
3780.302: [GC (Allocation Failure) [PSYoungGen: 419669K->88922K(465920K)] 900065K->639727K(1864192K), 0.1103569 secs] [Times: user=0.61 sys=0.00, real=0.11 secs] 
3780.773: [GC (Allocation Failure) [PSYoungGen: 321882K->175861K(465920K)] 872687K->756066K(1864192K), 0.0374369 secs] [Times: user=0.16 sys=0.00, real=0.04 secs] 
3780.925: [GC (Allocation Failure) [PSYoungGen: 408821K->184630K(465920K)] 989026K->819651K(1864192K), 0.0431916 secs] [Times: user=0.19 sys=0.00, real=0.05 secs] 
3781.088: [GC (Allocation Failure) [PSYoungGen: 417590K->186869K(465920K)] 1052611K->877714K(1864192K), 0.0461453 secs] [Times: user=0.21 sys=0.01, real=0.04 secs] 
3782.188: [GC (Allocation Failure) [PSYoungGen: 419829K->139953K(465920K)] 1110674K->901287K(1864192K), 0.0500407 secs] [Times: user=0.25 sys=0.00, real=0.05 secs] 
3782.490: [GC (Allocation Failure) [PSYoungGen: 372913K->130975K(465920K)] 1134247K->936789K(1864192K), 0.1034782 secs] [Times: user=0.57 sys=0.00, real=0.10 secs] 
3782.721: [GC (Allocation Failure) [PSYoungGen: 363935K->177813K(465920K)] 1169749K->1025315K(1864192K), 0.0386643 secs] [Times: user=0.17 sys=0.00, real=0.04 secs] 
3782.875: [GC (Allocation Failure) [PSYoungGen: 410773K->185463K(465920K)] 1258275K->1095221K(1864192K), 0.0504568 secs] [Times: user=0.23 sys=0.00, real=0.05 secs] 
3783.032: [GC (Allocation Failure) [PSYoungGen: 418423K->186933K(465920K)] 1328181K->1155483K(1864192K), 0.0592586 secs] [Times: user=0.29 sys=0.00, real=0.06 secs] 
3784.104: [GC (Allocation Failure) [PSYoungGen: 419893K->89226K(465920K)] 1388443K->1128385K(1864192K), 0.0580707 secs] [Times: user=0.31 sys=0.00, real=0.06 secs] 
3784.411: [GC (Allocation Failure) [PSYoungGen: 322186K->177973K(465920K)] 1361345K->1245808K(1864192K), 0.0438824 secs] [Times: user=0.19 sys=0.00, real=0.04 secs] 
3784.580: [GC (Allocation Failure) [PSYoungGen: 410933K->184470K(465920K)] 1478768K->1307760K(1864192K), 0.0450389 secs] [Times: user=0.21 sys=0.00, real=0.04 secs] 
3784.734: [GC (Allocation Failure) [PSYoungGen: 417430K->186709K(465920K)] 1540720K->1365912K(1864192K), 0.0472255 secs] [Times: user=0.22 sys=0.00, real=0.05 secs] 
3785.719: [GC (Allocation Failure) [PSYoungGen: 419669K->142033K(465920K)] 1598872K->1391876K(1864192K), 0.0526398 secs] [Times: user=0.26 sys=0.00, real=0.05 secs] 
3786.446: [GC (Allocation Failure) [PSYoungGen: 374993K->123662K(465920K)] 1624836K->1418305K(1864192K), 0.1282451 secs] [Times: user=0.71 sys=0.00, real=0.13 secs] 
3786.729: [GC (Allocation Failure) [PSYoungGen: 356622K->178037K(465920K)] 1651265K->1512384K(1864192K), 0.0387781 secs] [Times: user=0.17 sys=0.00, real=0.04 secs] 
3786.767: [Full GC (Ergonomics) [PSYoungGen: 178037K->0K(465920K)] [ParOldGen: 1334347K->234914K(1398272K)] 1512384K->234914K(1864192K), [Metaspace: 60315K->60315K(1105920K)], 0.2823707 secs] [Times: user=1.28 sys=0.00, real=0.28 secs] 
3787.178: [GC (Allocation Failure) [PSYoungGen: 232960K->185463K(465920K)] 467874K->420377K(1864192K), 0.0905122 secs] [Times: user=0.48 sys=0.00, real=0.09 secs] 
3787.382: [GC (Allocation Failure) [PSYoungGen: 418423K->186325K(465920K)] 653337K->480367K(1864192K), 0.0579974 secs] [Times: user=0.29 sys=0.00, real=0.06 secs] 
3788.887: [GC (Allocation Failure) [PSYoungGen: 419285K->91179K(465920K)] 713327K->455493K(1864192K), 0.0504834 secs] [Times: user=0.27 sys=0.00, real=0.05 secs] 
3789.556: [GC (Allocation Failure) [PSYoungGen: 324139K->170484K(465920K)] 688453K->564067K(1864192K), 0.0492905 secs] [Times: user=0.22 sys=0.00, real=0.05 secs] 
3789.742: [GC (Allocation Failure) [PSYoungGen: 403444K->184982K(465920K)] 797027K->631813K(1864192K), 0.0441804 secs] [Times: user=0.20 sys=0.00, real=0.05 secs] 
3789.915: [GC (Allocation Failure) [PSYoungGen: 408981K->172693K(465920K)] 855812K->683660K(1864192K), 0.0546229 secs] [Times: user=0.27 sys=0.00, real=0.06 secs] 
3790.800: [GC (Allocation Failure) [PSYoungGen: 405653K->168115K(465920K)] 916620K->733810K(1864192K), 0.0555051 secs] [Times: user=0.28 sys=0.00, real=0.05 secs] 
3791.201: [GC (Allocation Failure) [PSYoungGen: 401075K->107276K(465920K)] 966770K->737339K(1864192K), 0.0659345 secs] [Times: user=0.34 sys=0.00, real=0.07 secs] 
3791.469: [GC (Allocation Failure) [PSYoungGen: 338070K->175349K(465920K)] 968133K->840193K(1864192K), 0.0431460 secs] [Times: user=0.19 sys=0.01, real=0.04 secs] 
3791.626: [GC (Allocation Failure) [PSYoungGen: 408309K->183797K(465920K)] 1073153K->902833K(1864192K), 0.0437488 secs] [Times: user=0.19 sys=0.01, real=0.05 secs] 
3791.802: [GC (Allocation Failure) [PSYoungGen: 416757K->186933K(465920K)] 1135793K->961689K(1864192K), 0.0504627 secs] [Times: user=0.24 sys=0.00, real=0.05 secs] 
3792.843: [GC (Allocation Failure) [PSYoungGen: 419893K->96299K(465920K)] 1194649K->941647K(1864192K), 0.0445188 secs] [Times: user=0.23 sys=0.00, real=0.05 secs] 
3793.499: [GC (Allocation Failure) [PSYoungGen: 329259K->171380K(465920K)] 1174607K->1047945K(1864192K), 0.0586080 secs] [Times: user=0.27 sys=0.00, real=0.06 secs] 
3793.741: [GC (Allocation Failure) [PSYoungGen: 404340K->180085K(465920K)] 1280905K->1110194K(1864192K), 0.0631430 secs] [Times: user=0.31 sys=0.00, real=0.06 secs] 
3793.929: [GC (Allocation Failure) [PSYoungGen: 413045K->186071K(465920K)] 1343154K->1179404K(1864192K), 0.0522183 secs] [Times: user=0.25 sys=0.00, real=0.05 secs] 
3794.365: [GC (Allocation Failure) [PSYoungGen: 416827K->196596K(465920K)] 1410160K->1248905K(1864192K), 0.0542431 secs] [Times: user=0.27 sys=0.00, real=0.06 secs] 
3795.451: [GC (Allocation Failure) [PSYoungGen: 429556K->92395K(465920K)] 1481865K->1212248K(1864192K), 0.1033901 secs] [Times: user=0.56 sys=0.00, real=0.10 secs] 
3795.776: [GC (Allocation Failure) [PSYoungGen: 325355K->179989K(465920K)] 1445208K->1329455K(1864192K), 0.0352895 secs] [Times: user=0.14 sys=0.00, real=0.04 secs] 
3795.925: [GC (Allocation Failure) [PSYoungGen: 412949K->184022K(465920K)] 1562415K->1389359K(1864192K), 0.0451913 secs] [Times: user=0.21 sys=0.00, real=0.05 secs] 
3796.108: [GC (Allocation Failure) [PSYoungGen: 416982K->186421K(465920K)] 1622319K->1447527K(1864192K), 0.0662101 secs] [Times: user=0.32 sys=0.00, real=0.06 secs] 
3797.172: [GC (Allocation Failure) [PSYoungGen: 419381K->101212K(465920K)] 1680487K->1432606K(1864192K), 0.0471592 secs] [Times: user=0.25 sys=0.00, real=0.05 secs] 
3797.219: [Full GC (Ergonomics) [PSYoungGen: 101212K->0K(465920K)] [ParOldGen: 1331393K->90445K(1398272K)] 1432606K->90445K(1864192K), [Metaspace: 60315K->60315K(1105920K)], 0.0375504 secs] [Times: user=0.11 sys=0.00, real=0.04 secs] 
3797.456: [GC (Allocation Failure) [PSYoungGen: 232960K->164147K(465920K)] 323405K->254593K(1864192K), 0.0360126 secs] [Times: user=0.13 sys=0.00, real=0.04 secs] 
3797.636: [GC (Allocation Failure) [PSYoungGen: 397107K->184021K(465920K)] 487553K->325499K(1864192K), 0.0412664 secs] [Times: user=0.18 sys=0.00, real=0.05 secs] 
3797.792: [GC (Allocation Failure) [PSYoungGen: 416981K->185975K(465920K)] 558459K->391516K(1864192K), 0.0497397 secs] [Times: user=0.23 sys=0.00, real=0.05 secs] 
3798.188: [GC (Allocation Failure) [PSYoungGen: 418935K->181908K(465920K)] 624476K->446354K(1864192K), 0.0822173 secs] [Times: user=0.42 sys=0.00, real=0.08 secs] 
3799.354: [GC (Allocation Failure) [PSYoungGen: 414868K->94571K(465920K)] 679314K->427968K(1864192K), 0.0591301 secs] [Times: user=0.31 sys=0.00, real=0.06 secs] 
3799.612: [GC (Allocation Failure) [PSYoungGen: 327531K->182550K(465920K)] 660928K->545808K(1864192K), 0.0358232 secs] [Times: user=0.15 sys=0.00, real=0.04 secs] 
3799.759: [GC (Allocation Failure) [PSYoungGen: 415510K->182133K(465920K)] 778768K->602356K(1864192K), 0.0436270 secs] [Times: user=0.20 sys=0.00, real=0.04 secs] 
3799.935: [GC (Allocation Failure) [PSYoungGen: 415093K->202773K(465920K)] 835316K->678419K(1864192K), 0.0604103 secs] [Times: user=0.29 sys=0.00, real=0.06 secs] 
3801.096: [GC (Allocation Failure) [PSYoungGen: 435733K->98748K(465920K)] 911379K->644834K(1864192K), 0.0553814 secs] [Times: user=0.29 sys=0.01, real=0.06 secs] 
3801.753: [GC (Allocation Failure) [PSYoungGen: 331708K->166676K(465920K)] 877794K->745279K(1864192K), 0.0630689 secs] [Times: user=0.31 sys=0.00, real=0.06 secs] 
3802.029: [GC (Allocation Failure) [PSYoungGen: 399636K->181173K(465920K)] 978239K->811585K(1864192K), 0.0553881 secs] [Times: user=0.26 sys=0.00, real=0.05 secs] 
3802.257: [GC (GCLocker Initiated GC) [PSYoungGen: 414133K->182742K(465920K)] 1044545K->876362K(1864192K), 0.0754385 secs] [Times: user=0.37 sys=0.00, real=0.07 secs] 
3802.511: [GC (Allocation Failure) [PSYoungGen: 415702K->184693K(465920K)] 1109361K->936327K(1864192K), 0.0683148 secs] [Times: user=0.35 sys=0.00, real=0.07 secs] 
3803.653: [GC (GCLocker Initiated GC) [PSYoungGen: 417653K->88730K(465920K)] 1169287K->910085K(1864192K), 0.0754424 secs] [Times: user=0.41 sys=0.00, real=0.08 secs] 
3803.959: [GC (Allocation Failure) [PSYoungGen: 321690K->187158K(465920K)] 1143176K->1037296K(1864192K), 0.0354997 secs] [Times: user=0.14 sys=0.00, real=0.03 secs] 
3804.133: [GC (Allocation Failure) [PSYoungGen: 420118K->184822K(465920K)] 1270256K->1095912K(1864192K), 0.0449174 secs] [Times: user=0.20 sys=0.00, real=0.05 secs] 
3804.307: [GC (GCLocker Initiated GC) [PSYoungGen: 417782K->179956K(465920K)] 1328873K->1146975K(1864192K), 0.0462458 secs] [Times: user=0.21 sys=0.00, real=0.04 secs] 
3805.361: [GC (Allocation Failure) [PSYoungGen: 412916K->109885K(465920K)] 1379937K->1145098K(1864192K), 0.0470699 secs] [Times: user=0.24 sys=0.00, real=0.05 secs] 
3805.733: [GC (Allocation Failure) [PSYoungGen: 342845K->161907K(465920K)] 1378058K->1232701K(1864192K), 0.1047940 secs] [Times: user=0.55 sys=0.00, real=0.11 secs] 
3805.987: [GC (Allocation Failure) [PSYoungGen: 394867K->181365K(465920K)] 1465661K->1302875K(1864192K), 0.0452750 secs] [Times: user=0.21 sys=0.01, real=0.04 secs] 
3806.201: [GC (Allocation Failure) [PSYoungGen: 414325K->185591K(465920K)] 1535835K->1370253K(1864192K), 0.0704465 secs] [Times: user=0.34 sys=0.00, real=0.07 secs] 
3806.389: [GC (Allocation Failure) [PSYoungGen: 418551K->183252K(465920K)] 1603213K->1426850K(1864192K), 0.0718609 secs] [Times: user=0.37 sys=0.01, real=0.07 secs] 
3807.659: [GC (Allocation Failure) [PSYoungGen: 416212K->90442K(465920K)] 1659810K->1403144K(1864192K), 0.0943097 secs] [Times: user=0.52 sys=0.00, real=0.09 secs] 
3807.754: [Full GC (Ergonomics) [PSYoungGen: 90442K->0K(465920K)] [ParOldGen: 1312702K->103271K(1398272K)] 1403144K->103271K(1864192K), [Metaspace: 60316K->60316K(1105920K)], 0.1426754 secs] [Times: user=0.60 sys=0.00, real=0.15 secs] 
3808.499: [GC (Allocation Failure) [PSYoungGen: 232960K->177493K(465920K)] 336231K->280764K(1864192K), 0.0323941 secs] [Times: user=0.12 sys=0.00, real=0.03 secs] 
3808.657: [GC (Allocation Failure) [PSYoungGen: 410453K->184982K(465920K)] 513724K->343641K(1864192K), 0.0405327 secs] [Times: user=0.18 sys=0.00, real=0.04 secs] 
3808.806: [GC (Allocation Failure) [PSYoungGen: 417942K->186805K(465920K)] 576601K->401632K(1864192K), 0.0449723 secs] [Times: user=0.21 sys=0.00, real=0.05 secs] 
3809.821: [GC (Allocation Failure) [PSYoungGen: 419765K->112013K(465920K)] 634592K->397160K(1864192K), 0.0454777 secs] [Times: user=0.23 sys=0.00, real=0.05 secs] 
3810.172: [GC (GCLocker Initiated GC) [PSYoungGen: 344973K->153042K(465920K)] 630121K->475098K(1864192K), 0.0506591 secs] [Times: user=0.25 sys=0.00, real=0.05 secs] 
3810.336: [GC (Allocation Failure) [PSYoungGen: 386002K->192117K(465920K)] 708097K->561741K(1864192K), 0.0403801 secs] [Times: user=0.18 sys=0.00, real=0.05 secs] 
3810.492: [GC (Allocation Failure) [PSYoungGen: 425077K->185591K(465920K)] 794701K->619542K(1864192K), 0.0491630 secs] [Times: user=0.23 sys=0.00, real=0.05 secs] 
3810.674: [GC (Allocation Failure) [PSYoungGen: 418551K->183412K(465920K)] 852502K->676188K(1864192K), 0.0736251 secs] [Times: user=0.37 sys=0.00, real=0.08 secs] 
3811.736: [GC (Allocation Failure) [PSYoungGen: 416372K->89418K(465920K)] 909148K->651482K(1864192K), 0.0453369 secs] [Times: user=0.24 sys=0.00, real=0.05 secs] 
3811.973: [GC (Allocation Failure) [PSYoungGen: 322378K->178517K(465920K)] 884442K->769753K(1864192K), 0.0462771 secs] [Times: user=0.20 sys=0.00, real=0.05 secs] 
3812.151: [GC (Allocation Failure) [PSYoungGen: 411477K->184502K(465920K)] 1002713K->831122K(1864192K), 0.0437914 secs] [Times: user=0.20 sys=0.00, real=0.04 secs] 
3812.676: [GC (Allocation Failure) [PSYoungGen: 417462K->185461K(465920K)] 1064082K->888001K(1864192K), 0.0642224 secs] [Times: user=0.32 sys=0.00, real=0.07 secs] 
3813.768: [GC (Allocation Failure) [PSYoungGen: 418421K->117710K(465920K)] 1120961K->890194K(1864192K), 0.0470807 secs] [Times: user=0.24 sys=0.00, real=0.04 secs] 
3814.668: [GC (Allocation Failure) [PSYoungGen: 350670K->144593K(465920K)] 1123154K->954309K(1864192K), 0.0975318 secs] [Times: user=0.52 sys=0.00, real=0.09 secs] 
3814.912: [GC (Allocation Failure) [PSYoungGen: 377553K->192086K(465920K)] 1187269K->1047485K(1864192K), 0.0406789 secs] [Times: user=0.18 sys=0.00, real=0.04 secs] 
3815.066: [GC (Allocation Failure) [PSYoungGen: 425046K->186135K(465920K)] 1280445K->1105430K(1864192K), 0.0500187 secs] [Times: user=0.23 sys=0.00, real=0.05 secs] 
3815.223: [GC (Allocation Failure) [PSYoungGen: 419095K->186677K(465920K)] 1338390K->1164940K(1864192K), 0.0579760 secs] [Times: user=0.29 sys=0.00, real=0.06 secs] 
3816.664: [GC (Allocation Failure) [PSYoungGen: 419637K->87002K(465920K)] 1397900K->1135538K(1864192K), 0.0973503 secs] [Times: user=0.53 sys=0.00, real=0.10 secs] 
3817.406: [GC (Allocation Failure) [PSYoungGen: 319950K->177109K(465920K)] 1368486K->1253290K(1864192K), 0.0433847 secs] [Times: user=0.19 sys=0.00, real=0.05 secs] 
3817.569: [GC (Allocation Failure) [PSYoungGen: 410069K->184822K(465920K)] 1486250K->1316454K(1864192K), 0.0456498 secs] [Times: user=0.21 sys=0.00, real=0.04 secs] 
3817.746: [GC (Allocation Failure) [PSYoungGen: 417782K->186741K(465920K)] 1549414K->1374301K(1864192K), 0.0523566 secs] [Times: user=0.25 sys=0.00, real=0.06 secs] 
3818.751: [GC (Allocation Failure) [PSYoungGen: 419701K->124751K(465920K)] 1607261K->1382632K(1864192K), 0.0501449 secs] [Times: user=0.26 sys=0.00, real=0.05 secs] 
3819.157: [GC (Allocation Failure) [PSYoungGen: 355086K->140801K(465920K)] 1612967K->1438305K(1864192K), 0.1029936 secs] [Times: user=0.56 sys=0.00, real=0.10 secs] 
3819.409: [GC (Allocation Failure) [PSYoungGen: 373761K->175508K(465920K)] 1671265K->1518282K(1864192K), 0.0404293 secs] [Times: user=0.18 sys=0.00, real=0.04 secs] 
3819.450: [Full GC (Ergonomics) [PSYoungGen: 175508K->0K(465920K)] [ParOldGen: 1342773K->238137K(1398272K)] 1518282K->238137K(1864192K), [Metaspace: 60316K->60316K(1105920K)], 0.2891230 secs] [Times: user=1.33 sys=0.00, real=0.29 secs] 
3819.867: [GC (Allocation Failure) [PSYoungGen: 232960K->185303K(465920K)] 471097K->423440K(1864192K), 0.0867635 secs] [Times: user=0.46 sys=0.00, real=0.08 secs] 
3820.266: [GC (Allocation Failure) [PSYoungGen: 418263K->182516K(465920K)] 656400K->479470K(1864192K), 0.0643766 secs] [Times: user=0.33 sys=0.00, real=0.07 secs] 
3821.339: [GC (Allocation Failure) [PSYoungGen: 415476K->90314K(465920K)] 712430K->456196K(1864192K), 0.0561887 secs] [Times: user=0.30 sys=0.00, real=0.05 secs] 
3821.961: [GC (Allocation Failure) [PSYoungGen: 323274K->176917K(465920K)] 689156K->571823K(1864192K), 0.0452299 secs] [Times: user=0.20 sys=0.00, real=0.05 secs] 
3822.143: [GC (Allocation Failure) [PSYoungGen: 409877K->184726K(465920K)] 804783K->634884K(1864192K), 0.0431308 secs] [Times: user=0.20 sys=0.00, real=0.05 secs] 
3822.294: [GC (Allocation Failure) [PSYoungGen: 417686K->187125K(465920K)] 867844K->693227K(1864192K), 0.0452207 secs] [Times: user=0.21 sys=0.00, real=0.05 secs] 
3823.281: [GC (Allocation Failure) [PSYoungGen: 420085K->138705K(465920K)] 926187K->715403K(1864192K), 0.0492948 secs] [Times: user=0.25 sys=0.00, real=0.05 secs] 
3823.859: [GC (Allocation Failure) [PSYoungGen: 371665K->132432K(465920K)] 948363K->753186K(1864192K), 0.1089554 secs] [Times: user=0.60 sys=0.00, real=0.11 secs] 
3824.160: [GC (GCLocker Initiated GC) [PSYoungGen: 365392K->174548K(465920K)] 986147K->837905K(1864192K), 0.0422593 secs] [Times: user=0.19 sys=0.00, real=0.04 secs] 
3824.331: [GC (GCLocker Initiated GC) [PSYoungGen: 407508K->181910K(465920K)] 1070867K->906581K(1864192K), 0.0484244 secs] [Times: user=0.23 sys=0.00, real=0.05 secs] 
3824.501: [GC (Allocation Failure) [PSYoungGen: 414870K->202773K(465920K)] 1139579K->985322K(1864192K), 0.0571614 secs] [Times: user=0.28 sys=0.00, real=0.06 secs] 
3825.561: [GC (Allocation Failure) [PSYoungGen: 435733K->94523K(465920K)] 1218282K->947440K(1864192K), 0.0584580 secs] [Times: user=0.31 sys=0.01, real=0.06 secs] 
3825.912: [GC (Allocation Failure) [PSYoungGen: 327483K->177685K(465920K)] 1180400K->1061067K(1864192K), 0.0500856 secs] [Times: user=0.22 sys=0.00, real=0.05 secs] 
3826.132: [GC (Allocation Failure) [PSYoungGen: 410645K->184502K(465920K)] 1294027K->1123492K(1864192K), 0.0571614 secs] [Times: user=0.27 sys=0.00, real=0.06 secs] 
3826.309: [GC (Allocation Failure) [PSYoungGen: 417462K->183636K(465920K)] 1356452K->1178571K(1864192K), 0.0455173 secs] [Times: user=0.21 sys=0.00, real=0.04 secs] 
3827.321: [GC (Allocation Failure) [PSYoungGen: 416596K->145842K(465920K)] 1411531K->1210216K(1864192K), 0.0506619 secs] [Times: user=0.25 sys=0.00, real=0.05 secs] 
3827.718: [GC (Allocation Failure) [PSYoungGen: 378802K->125071K(465920K)] 1443176K->1235725K(1864192K), 0.1139699 secs] [Times: user=0.63 sys=0.00, real=0.11 secs] 
3827.998: [GC (Allocation Failure) [PSYoungGen: 358031K->178197K(465920K)] 1468685K->1328780K(1864192K), 0.0379442 secs] [Times: user=0.17 sys=0.00, real=0.04 secs] 
3828.152: [GC (Allocation Failure) [PSYoungGen: 411157K->185687K(465920K)] 1561740K->1398710K(1864192K), 0.0498785 secs] [Times: user=0.23 sys=0.00, real=0.05 secs] 
3828.311: [GC (Allocation Failure) [PSYoungGen: 418647K->186421K(465920K)] 1631670K->1458532K(1864192K), 0.0588496 secs] [Times: user=0.29 sys=0.00, real=0.06 secs] 
3829.393: [GC (Allocation Failure) [PSYoungGen: 419381K->89882K(465920K)] 1691492K->1432458K(1864192K), 0.0475658 secs] [Times: user=0.25 sys=0.00, real=0.05 secs] 
3829.441: [Full GC (Ergonomics) [PSYoungGen: 89882K->0K(465920K)] [ParOldGen: 1342575K->90702K(1398272K)] 1432458K->90702K(1864192K), [Metaspace: 60316K->60316K(1105920K)], 0.0577642 secs] [Times: user=0.20 sys=0.00, real=0.06 secs] 
3830.494: [GC (Allocation Failure) [PSYoungGen: 232960K->170228K(465920K)] 323662K->260930K(1864192K), 0.0343640 secs] [Times: user=0.13 sys=0.00, real=0.04 secs] 
3830.672: [GC (Allocation Failure) [PSYoungGen: 403188K->185046K(465920K)] 493890K->329008K(1864192K), 0.0414609 secs] [Times: user=0.19 sys=0.00, real=0.04 secs] 
3830.837: [GC (Allocation Failure) [PSYoungGen: 403323K->171733K(465920K)] 547285K->379791K(1864192K), 0.0523024 secs] [Times: user=0.25 sys=0.00, real=0.05 secs] 
3831.769: [GC (Allocation Failure) [PSYoungGen: 404693K->168338K(465920K)] 612751K->430917K(1864192K), 0.0525891 secs] [Times: user=0.26 sys=0.00, real=0.05 secs] 
3833.112: [GC (Allocation Failure) [PSYoungGen: 401298K->98987K(465920K)] 663877K->426262K(1864192K), 0.1160642 secs] [Times: user=0.62 sys=0.01, real=0.12 secs] 
3833.459: [GC (Allocation Failure) [PSYoungGen: 331211K->182902K(465920K)] 658485K->542137K(1864192K), 0.0347931 secs] [Times: user=0.14 sys=0.00, real=0.03 secs] 
3833.604: [GC (Allocation Failure) [PSYoungGen: 415862K->184854K(465920K)] 775097K->600761K(1864192K), 0.0436689 secs] [Times: user=0.20 sys=0.00, real=0.05 secs] 
3833.780: [GC (Allocation Failure) [PSYoungGen: 417814K->186709K(465920K)] 833721K->658604K(1864192K), 0.0500772 secs] [Times: user=0.24 sys=0.00, real=0.05 secs] 
3834.773: [GC (Allocation Failure) [PSYoungGen: 419669K->97467K(465920K)] 891564K->639747K(1864192K), 0.0547344 secs] [Times: user=0.29 sys=0.00, real=0.06 secs] 
3835.452: [GC (Allocation Failure) [PSYoungGen: 330427K->166292K(465920K)] 872707K->740075K(1864192K), 0.0641621 secs] [Times: user=0.32 sys=0.00, real=0.07 secs] 
3835.648: [GC (Allocation Failure) [PSYoungGen: 399252K->184726K(465920K)] 973035K->810301K(1864192K), 0.0419692 secs] [Times: user=0.19 sys=0.00, real=0.04 secs] 
3835.806: [GC (Allocation Failure) [PSYoungGen: 417686K->185815K(465920K)] 1043261K->883894K(1864192K), 0.0499295 secs] [Times: user=0.23 sys=0.00, real=0.05 secs] 
3836.397: [GC (Allocation Failure) [PSYoungGen: 417133K->211124K(465920K)] 1115213K->968187K(1864192K), 0.0529571 secs] [Times: user=0.26 sys=0.00, real=0.05 secs] 
3838.017: [GC (Allocation Failure) [PSYoungGen: 444084K->88970K(465920K)] 1201147K->912985K(1864192K), 0.1131829 secs] [Times: user=0.62 sys=0.00, real=0.11 secs] 
3838.445: [GC (Allocation Failure) [PSYoungGen: 321930K->180053K(465920K)] 1145945K->1033022K(1864192K), 0.0367875 secs] [Times: user=0.16 sys=0.00, real=0.04 secs] 
3838.596: [GC (Allocation Failure) [PSYoungGen: 413013K->184918K(465920K)] 1265982K->1093822K(1864192K), 0.0436466 secs] [Times: user=0.20 sys=0.00, real=0.05 secs] 
3838.782: [GC (Allocation Failure) [PSYoungGen: 417878K->186517K(465920K)] 1326782K->1151621K(1864192K), 0.0656177 secs] [Times: user=0.32 sys=0.00, real=0.07 secs] 
3839.886: [GC (Allocation Failure) [PSYoungGen: 419477K->103740K(465920K)] 1384581K->1139093K(1864192K), 0.0464741 secs] [Times: user=0.25 sys=0.00, real=0.05 secs] 
3840.783: [GC (Allocation Failure) [PSYoungGen: 336700K->161363K(465920K)] 1372053K->1230572K(1864192K), 0.0734881 secs] [Times: user=0.36 sys=0.00, real=0.08 secs] 
3840.997: [GC (Allocation Failure) [PSYoungGen: 394323K->181109K(465920K)] 1463532K->1300938K(1864192K), 0.0419546 secs] [Times: user=0.19 sys=0.00, real=0.04 secs] 
3841.155: [GC (Allocation Failure) [PSYoungGen: 414069K->185527K(465920K)] 1533898K->1368656K(1864192K), 0.0498854 secs] [Times: user=0.23 sys=0.00, real=0.05 secs] 
3841.312: [GC (Allocation Failure) [PSYoungGen: 418487K->186965K(465920K)] 1601616K->1428958K(1864192K), 0.0559103 secs] [Times: user=0.28 sys=0.00, real=0.06 secs] 
3842.300: [GC (Allocation Failure) [PSYoungGen: 419925K->93803K(465920K)] 1661918K->1406324K(1864192K), 0.0421086 secs] [Times: user=0.22 sys=0.00, real=0.04 secs] 
3842.342: [Full GC (Ergonomics) [PSYoungGen: 93803K->0K(465920K)] [ParOldGen: 1312521K->109456K(1398272K)] 1406324K->109456K(1864192K), [Metaspace: 60318K->60318K(1105920K)], 0.0969818 secs] [Times: user=0.39 sys=0.01, real=0.10 secs] 
3842.694: [GC (Allocation Failure) [PSYoungGen: 232960K->175189K(465920K)] 342416K->284646K(1864192K), 0.0252434 secs] [Times: user=0.09 sys=0.01, real=0.03 secs] 
3842.833: [GC (Allocation Failure) [PSYoungGen: 408149K->184566K(465920K)] 517606K->348879K(1864192K), 0.0403585 secs] [Times: user=0.18 sys=0.00, real=0.04 secs] 
3843.026: [GC (Allocation Failure) [PSYoungGen: 417526K->186421K(465920K)] 581839K->406526K(1864192K), 0.0525114 secs] [Times: user=0.25 sys=0.00, real=0.05 secs] 
3844.069: [GC (Allocation Failure) [PSYoungGen: 419381K->105420K(465920K)] 639486K->395909K(1864192K), 0.0447310 secs] [Times: user=0.23 sys=0.00, real=0.04 secs] 
3844.603: [GC (Allocation Failure) [PSYoungGen: 338380K->165844K(465920K)] 628869K->490169K(1864192K), 0.0786765 secs] [Times: user=0.39 sys=0.00, real=0.08 secs] 
3844.829: [GC (Allocation Failure) [PSYoungGen: 398804K->181813K(465920K)] 723129K->558199K(1864192K), 0.0415148 secs] [Times: user=0.19 sys=0.00, real=0.04 secs] 
3844.987: [GC (Allocation Failure) [PSYoungGen: 414773K->185655K(465920K)] 791159K->625689K(1864192K), 0.0493396 secs] [Times: user=0.23 sys=0.00, real=0.05 secs] 
3845.184: [GC (Allocation Failure) [PSYoungGen: 418615K->202293K(465920K)] 858649K->701103K(1864192K), 0.0804329 secs] [Times: user=0.41 sys=0.00, real=0.08 secs] 
3846.608: [GC (Allocation Failure) [PSYoungGen: 435253K->86618K(465920K)] 934063K->655780K(1864192K), 0.0636438 secs] [Times: user=0.34 sys=0.00, real=0.06 secs] 
3846.885: [GC (Allocation Failure) [PSYoungGen: 319578K->182902K(465920K)] 888740K->780112K(1864192K), 0.0343452 secs] [Times: user=0.13 sys=0.00, real=0.04 secs] 
3847.112: [GC (Allocation Failure) [PSYoungGen: 415862K->184438K(465920K)] 1013072K->838280K(1864192K), 0.0552875 secs] [Times: user=0.26 sys=0.00, real=0.06 secs] 
3847.427: [GC (GCLocker Initiated GC) [PSYoungGen: 417398K->182004K(465920K)] 1071240K->891830K(1864192K), 0.0727339 secs] [Times: user=0.34 sys=0.00, real=0.07 secs] 
3848.780: [GC (Allocation Failure) [PSYoungGen: 414964K->107693K(465920K)] 1124792K->886273K(1864192K), 0.0457677 secs] [Times: user=0.23 sys=0.00, real=0.04 secs] 
3849.253: [GC (Allocation Failure) [PSYoungGen: 340653K->160403K(465920K)] 1119233K->974187K(1864192K), 0.0715622 secs] [Times: user=0.36 sys=0.00, real=0.07 secs] 
3849.462: [GC (Allocation Failure) [PSYoungGen: 393363K->183253K(465920K)] 1207147K->1046670K(1864192K), 0.0417204 secs] [Times: user=0.18 sys=0.00, real=0.04 secs] 
3849.618: [GC (Allocation Failure) [PSYoungGen: 416213K->185751K(465920K)] 1279630K->1112999K(1864192K), 0.0501881 secs] [Times: user=0.23 sys=0.00, real=0.05 secs] 
3850.376: [GC (Allocation Failure) [PSYoungGen: 418711K->181492K(465920K)] 1345959K->1167589K(1864192K), 0.1080341 secs] [Times: user=0.57 sys=0.00, real=0.11 secs] 
3851.594: [GC (Allocation Failure) [PSYoungGen: 414452K->90282K(465920K)] 1400549K->1145171K(1864192K), 0.0546324 secs] [Times: user=0.28 sys=0.00, real=0.06 secs] 
3851.937: [GC (Allocation Failure) [PSYoungGen: 323242K->174357K(465920K)] 1378131K->1258170K(1864192K), 0.0451757 secs] [Times: user=0.19 sys=0.01, real=0.04 secs] 
3852.108: [GC (Allocation Failure) [PSYoungGen: 407317K->184470K(465920K)] 1491130K->1323039K(1864192K), 0.0444056 secs] [Times: user=0.20 sys=0.00, real=0.04 secs] 
3852.262: [GC (Allocation Failure) [PSYoungGen: 417430K->186645K(465920K)] 1555999K->1381166K(1864192K), 0.0466215 secs] [Times: user=0.22 sys=0.00, real=0.05 secs] 
3853.247: [GC (Allocation Failure) [PSYoungGen: 419605K->117438K(465920K)] 1614126K->1382359K(1864192K), 0.0479189 secs] [Times: user=0.25 sys=0.00, real=0.04 secs] 
3854.839: [GC (Allocation Failure) [PSYoungGen: 350398K->144433K(465920K)] 1615319K->1447319K(1864192K), 0.0974954 secs] [Times: user=0.52 sys=0.01, real=0.10 secs] 
3855.081: [GC (Allocation Failure) [PSYoungGen: 377393K->182069K(465920K)] 1680279K->1530268K(1864192K), 0.0430113 secs] [Times: user=0.19 sys=0.00, real=0.04 secs] 
3855.124: [Full GC (Ergonomics) [PSYoungGen: 182069K->0K(465920K)] [ParOldGen: 1348198K->246328K(1398272K)] 1530268K->246328K(1864192K), [Metaspace: 60328K->60328K(1105920K)], 0.2996168 secs] [Times: user=1.38 sys=0.00, real=0.30 secs] 
3855.552: [GC (Allocation Failure) [PSYoungGen: 232960K->185207K(465920K)] 479288K->431536K(1864192K), 0.0870259 secs] [Times: user=0.45 sys=0.01, real=0.09 secs] 
3855.756: [GC (Allocation Failure) [PSYoungGen: 418167K->186709K(465920K)] 664496K->491534K(1864192K), 0.0566201 secs] [Times: user=0.28 sys=0.00, real=0.06 secs] 
3856.908: [GC (Allocation Failure) [PSYoungGen: 419669K->93371K(465920K)] 724494K->468708K(1864192K), 0.0601948 secs] [Times: user=0.32 sys=0.00, real=0.06 secs] 
3857.390: [GC (Allocation Failure) [PSYoungGen: 326331K->174837K(465920K)] 701668K->580459K(1864192K), 0.0436731 secs] [Times: user=0.19 sys=0.00, real=0.04 secs] 
3857.641: [GC (Allocation Failure) [PSYoungGen: 407797K->184534K(465920K)] 813419K->644655K(1864192K), 0.0598960 secs] [Times: user=0.28 sys=0.00, real=0.06 secs] 
3857.821: [GC (Allocation Failure) [PSYoungGen: 417494K->186837K(465920K)] 877615K->702935K(1864192K), 0.0452783 secs] [Times: user=0.21 sys=0.00, real=0.05 secs] 
3858.807: [GC (Allocation Failure) [PSYoungGen: 419797K->122767K(465920K)] 935895K->709289K(1864192K), 0.0474630 secs] [Times: user=0.24 sys=0.00, real=0.04 secs] 
3859.333: [GC (Allocation Failure) [PSYoungGen: 355727K->149041K(465920K)] 942249K->774603K(1864192K), 0.0852292 secs] [Times: user=0.45 sys=0.00, real=0.09 secs] 
3859.600: [GC (GCLocker Initiated GC) [PSYoungGen: 382001K->182837K(465920K)] 1007564K->854173K(1864192K), 0.0531768 secs] [Times: user=0.25 sys=0.00, real=0.05 secs] 
3859.780: [GC (Allocation Failure) [PSYoungGen: 415797K->182870K(465920K)] 1087136K->926149K(1864192K), 0.0496682 secs] [Times: user=0.23 sys=0.00, real=0.05 secs] 
3859.998: [GC (Allocation Failure) [PSYoungGen: 415830K->186357K(465920K)] 1159109K->987512K(1864192K), 0.0818962 secs] [Times: user=0.42 sys=0.01, real=0.08 secs] 
3861.161: [GC (Allocation Failure) [PSYoungGen: 419317K->90490K(465920K)] 1220472K->961817K(1864192K), 0.0721972 secs] [Times: user=0.39 sys=0.00, real=0.07 secs] 
3862.036: [GC (Allocation Failure) [PSYoungGen: 323450K->174677K(465920K)] 1194777K->1075296K(1864192K), 0.0452068 secs] [Times: user=0.19 sys=0.00, real=0.05 secs] 
3862.214: [GC (Allocation Failure) [PSYoungGen: 407637K->192950K(465920K)] 1308256K->1148257K(1864192K), 0.0440699 secs] [Times: user=0.20 sys=0.00, real=0.05 secs] 
3862.370: [GC (Allocation Failure) [PSYoungGen: 425910K->186709K(465920K)] 1381217K->1197961K(1864192K), 0.0461824 secs] [Times: user=0.22 sys=0.00, real=0.04 secs] 
3863.341: [GC (Allocation Failure) [PSYoungGen: 419669K->129488K(465920K)] 1430921K->1211003K(1864192K), 0.0494139 secs] [Times: user=0.25 sys=0.00, real=0.05 secs] 
3863.886: [GC (Allocation Failure) [PSYoungGen: 358833K->141217K(465920K)] 1440349K->1263892K(1864192K), 0.0781443 secs] [Times: user=0.41 sys=0.00, real=0.08 secs] 
3864.077: [GC (Allocation Failure) [PSYoungGen: 374177K->178133K(465920K)] 1496852K->1345405K(1864192K), 0.0400620 secs] [Times: user=0.18 sys=0.00, real=0.04 secs] 
3864.231: [GC (Allocation Failure) [PSYoungGen: 411093K->185495K(465920K)] 1578365K->1415175K(1864192K), 0.0498235 secs] [Times: user=0.23 sys=0.00, real=0.05 secs] 
3864.388: [GC (Allocation Failure) [PSYoungGen: 418455K->186645K(465920K)] 1648135K->1475253K(1864192K), 0.0600920 secs] [Times: user=0.30 sys=0.00, real=0.06 secs] 
3865.401: [GC (Allocation Failure) [PSYoungGen: 419605K->87514K(465920K)] 1708213K->1446459K(1864192K), 0.0464370 secs] [Times: user=0.24 sys=0.01, real=0.05 secs] 
3865.447: [Full GC (Ergonomics) [PSYoungGen: 87514K->0K(465920K)] [ParOldGen: 1358944K->93562K(1398272K)] 1446459K->93562K(1864192K), [Metaspace: 60328K->60328K(1105920K)], 0.0685579 secs] [Times: user=0.26 sys=0.00, real=0.06 secs] 
3865.796: [GC (Allocation Failure) [PSYoungGen: 232960K->177461K(465920K)] 326522K->271024K(1864192K), 0.0246465 secs] [Times: user=0.08 sys=0.00, real=0.02 secs] 
3865.934: [GC (Allocation Failure) [PSYoungGen: 410421K->184822K(465920K)] 503984K->333873K(1864192K), 0.0423135 secs] [Times: user=0.19 sys=0.00, real=0.04 secs] 
3866.325: [GC (Allocation Failure) [PSYoungGen: 417782K->187061K(465920K)] 566833K->392056K(1864192K), 0.0457554 secs] [Times: user=0.21 sys=0.00, real=0.05 secs] 
3867.505: [GC (Allocation Failure) [PSYoungGen: 420021K->132816K(465920K)] 625016K->408467K(1864192K), 0.0481725 secs] [Times: user=0.24 sys=0.00, real=0.05 secs] 
3868.208: [GC (Allocation Failure) [PSYoungGen: 365776K->132239K(465920K)] 641427K->450003K(1864192K), 0.1259481 secs] [Times: user=0.70 sys=0.00, real=0.12 secs] 
3868.486: [GC (Allocation Failure) [PSYoungGen: 365199K->178805K(465920K)] 682963K->539085K(1864192K), 0.0376153 secs] [Times: user=0.16 sys=0.00, real=0.04 secs] 
3868.636: [GC (Allocation Failure) [PSYoungGen: 411697K->185783K(465920K)] 771977K->608351K(1864192K), 0.0483337 secs] [Times: user=0.22 sys=0.00, real=0.05 secs] 
3868.792: [GC (Allocation Failure) [PSYoungGen: 418743K->203157K(465920K)] 841311K->684581K(1864192K), 0.0569145 secs] [Times: user=0.28 sys=0.00, real=0.06 secs] 
3870.040: [GC (Allocation Failure) [PSYoungGen: 436117K->90410K(465920K)] 917541K->642523K(1864192K), 0.0625586 secs] [Times: user=0.33 sys=0.00, real=0.06 secs] 
3870.851: [GC (Allocation Failure) [PSYoungGen: 323370K->173365K(465920K)] 875483K->754137K(1864192K), 0.0437205 secs] [Times: user=0.18 sys=0.00, real=0.04 secs] 
3871.028: [GC (Allocation Failure) [PSYoungGen: 406325K->185078K(465920K)] 987097K->820423K(1864192K), 0.0435282 secs] [Times: user=0.20 sys=0.00, real=0.04 secs] 
3871.211: [GC (Allocation Failure) [PSYoungGen: 418038K->184436K(465920K)] 1053383K->875966K(1864192K), 0.0619403 secs] [Times: user=0.30 sys=0.00, real=0.06 secs] 
3872.200: [GC (Allocation Failure) [PSYoungGen: 417396K->144978K(465920K)] 1108926K->906067K(1864192K), 0.0504737 secs] [Times: user=0.25 sys=0.00, real=0.05 secs] 
3873.062: [GC (Allocation Failure) [PSYoungGen: 377938K->123534K(465920K)] 1139027K->930744K(1864192K), 0.1413562 secs] [Times: user=0.79 sys=0.00, real=0.14 secs] 
3873.358: [GC (Allocation Failure) [PSYoungGen: 356494K->175796K(465920K)] 1163704K->1022815K(1864192K), 0.0377493 secs] [Times: user=0.17 sys=0.00, real=0.03 secs] 
3873.537: [GC (Allocation Failure) [PSYoungGen: 408756K->185047K(465920K)] 1255775K->1093257K(1864192K), 0.0545266 secs] [Times: user=0.26 sys=0.00, real=0.05 secs] 
3873.713: [GC (Allocation Failure) [PSYoungGen: 418007K->186869K(465920K)] 1326217K->1153847K(1864192K), 0.0579668 secs] [Times: user=0.28 sys=0.00, real=0.06 secs] 
3874.699: [GC (Allocation Failure) [PSYoungGen: 419829K->99003K(465920K)] 1386807K->1136694K(1864192K), 0.0453838 secs] [Times: user=0.24 sys=0.00, real=0.04 secs] 
3875.017: [GC (Allocation Failure) [PSYoungGen: 331963K->177141K(465920K)] 1369654K->1246567K(1864192K), 0.0512337 secs] [Times: user=0.23 sys=0.00, real=0.05 secs] 
3875.214: [GC (Allocation Failure) [PSYoungGen: 410101K->184438K(465920K)] 1479527K->1309568K(1864192K), 0.0444755 secs] [Times: user=0.20 sys=0.00, real=0.05 secs] 
3875.393: [GC (Allocation Failure) [PSYoungGen: 417398K->187253K(465920K)] 1542528K->1368271K(1864192K), 0.0473591 secs] [Times: user=0.23 sys=0.00, real=0.05 secs] 
3876.356: [GC (Allocation Failure) [PSYoungGen: 420213K->142225K(465920K)] 1601231K->1393660K(1864192K), 0.0513432 secs] [Times: user=0.26 sys=0.00, real=0.06 secs] 
3877.457: [GC (Allocation Failure) [PSYoungGen: 375185K->121870K(465920K)] 1626620K->1418345K(1864192K), 0.1381679 secs] [Times: user=0.76 sys=0.00, real=0.13 secs] 
3877.748: [GC (Allocation Failure) [PSYoungGen: 354830K->178549K(465920K)] 1651305K->1513535K(1864192K), 0.0384972 secs] [Times: user=0.16 sys=0.00, real=0.03 secs] 
3877.786: [Full GC (Ergonomics) [PSYoungGen: 178549K->0K(465920K)] [ParOldGen: 1334985K->234629K(1398272K)] 1513535K->234629K(1864192K), [Metaspace: 60328K->60328K(1105920K)], 0.2749959 secs] [Times: user=1.25 sys=0.00, real=0.28 secs] 
3878.177: [GC (Allocation Failure) [PSYoungGen: 232960K->180246K(465920K)] 467589K->414876K(1864192K), 0.0873482 secs] [Times: user=0.46 sys=0.00, real=0.08 secs] 
3878.376: [GC (Allocation Failure) [PSYoungGen: 413206K->186741K(465920K)] 647836K->479035K(1864192K), 0.0579294 secs] [Times: user=0.28 sys=0.00, real=0.06 secs] 
3879.495: [GC (Allocation Failure) [PSYoungGen: 419701K->93851K(465920K)] 711995K->456589K(1864192K), 0.0599109 secs] [Times: user=0.32 sys=0.00, real=0.06 secs] 
3879.899: [GC (Allocation Failure) [PSYoungGen: 326811K->174613K(465920K)] 689549K->567727K(1864192K), 0.0500333 secs] [Times: user=0.23 sys=0.00, real=0.05 secs] 
3880.133: [GC (Allocation Failure) [PSYoungGen: 407573K->184566K(465920K)] 800687K->632432K(1864192K), 0.0486309 secs] [Times: user=0.23 sys=0.00, real=0.05 secs] 
3880.291: [GC (Allocation Failure) [PSYoungGen: 417526K->187829K(465920K)] 865392K->691864K(1864192K), 0.0452675 secs] [Times: user=0.21 sys=0.00, real=0.04 secs] 
3881.253: [GC (Allocation Failure) [PSYoungGen: 420789K->152851K(465920K)] 924824K->727622K(1864192K), 0.0509483 secs] [Times: user=0.25 sys=0.00, real=0.05 secs] 
3881.718: [GC (Allocation Failure) [PSYoungGen: 385811K->112685K(465920K)] 960582K->735952K(1864192K), 0.1265337 secs] [Times: user=0.71 sys=0.00, real=0.12 secs] 
3882.010: [GC (Allocation Failure) [PSYoungGen: 345645K->179189K(465920K)] 968912K->838637K(1864192K), 0.0360876 secs] [Times: user=0.16 sys=0.00, real=0.04 secs] 
3882.161: [GC (Allocation Failure) [PSYoungGen: 412149K->185239K(465920K)] 1071597K->907071K(1864192K), 0.0486180 secs] [Times: user=0.23 sys=0.00, real=0.05 secs] 
3882.421: [GC (Allocation Failure) [PSYoungGen: 418199K->202709K(465920K)] 1140031K->983397K(1864192K), 0.0672750 secs] [Times: user=0.34 sys=0.00, real=0.07 secs] 
3883.810: [GC (Allocation Failure) [PSYoungGen: 435669K->89882K(465920K)] 1216357K->940914K(1864192K), 0.0613542 secs] [Times: user=0.32 sys=0.01, real=0.06 secs] 
3885.083: [GC (Allocation Failure) [PSYoungGen: 322842K->169300K(465920K)] 1173874K->1049189K(1864192K), 0.0515465 secs] [Times: user=0.24 sys=0.00, real=0.05 secs] 
3885.276: [GC (Allocation Failure) [PSYoungGen: 402260K->184790K(465920K)] 1282149K->1117471K(1864192K), 0.0427815 secs] [Times: user=0.19 sys=0.00, real=0.04 secs] 
3885.430: [GC (Allocation Failure) [PSYoungGen: 416491K->183959K(465920K)] 1349172K->1180863K(1864192K), 0.0503370 secs] [Times: user=0.23 sys=0.00, real=0.05 secs] 
3886.777: [GC (Allocation Failure) [PSYoungGen: 412944K->205267K(465920K)] 1409849K->1260588K(1864192K), 0.0559416 secs] [Times: user=0.28 sys=0.00, real=0.05 secs] 
3887.590: [GC (Allocation Failure) [PSYoungGen: 438227K->94379K(465920K)] 1493548K->1214172K(1864192K), 0.0620531 secs] [Times: user=0.33 sys=0.00, real=0.06 secs] 
3887.802: [GC (Allocation Failure) [PSYoungGen: 327339K->183542K(465920K)] 1447132K->1333856K(1864192K), 0.0349963 secs] [Times: user=0.14 sys=0.00, real=0.04 secs] 
3887.950: [GC (Allocation Failure) [PSYoungGen: 416502K->184886K(465920K)] 1566816K->1392116K(1864192K), 0.0453088 secs] [Times: user=0.20 sys=0.00, real=0.04 secs] 
3888.104: [GC (Allocation Failure) [PSYoungGen: 417846K->184020K(465920K)] 1625076K->1447354K(1864192K), 0.0462779 secs] [Times: user=0.22 sys=0.00, real=0.05 secs] 
3889.190: [GC (Allocation Failure) [PSYoungGen: 416980K->95611K(465920K)] 1680314K->1428641K(1864192K), 0.0450162 secs] [Times: user=0.23 sys=0.00, real=0.04 secs] 
3889.235: [Full GC (Ergonomics) [PSYoungGen: 95611K->0K(465920K)] [ParOldGen: 1333030K->86369K(1398272K)] 1428641K->86369K(1864192K), [Metaspace: 60328K->60328K(1105920K)], 0.0353202 secs] [Times: user=0.11 sys=0.00, real=0.04 secs] 
3889.644: [GC (Allocation Failure) [PSYoungGen: 232960K->166228K(465920K)] 319329K->252597K(1864192K), 0.0394112 secs] [Times: user=0.15 sys=0.00, real=0.04 secs] 
3889.850: [GC (Allocation Failure) [PSYoungGen: 399188K->184214K(465920K)] 485557K->322143K(1864192K), 0.0410271 secs] [Times: user=0.19 sys=0.00, real=0.04 secs] 
3890.007: [GC (GCLocker Initiated GC) [PSYoungGen: 417174K->185847K(465920K)] 555103K->387848K(1864192K), 0.0489407 secs] [Times: user=0.22 sys=0.00, real=0.04 secs] 
3890.375: [GC (Allocation Failure) [PSYoungGen: 418807K->217877K(465920K)] 622883K->481033K(1864192K), 0.0548918 secs] [Times: user=0.27 sys=0.00, real=0.06 secs] 
3891.960: [GC (Allocation Failure) [PSYoungGen: 450837K->83529K(465920K)] 713993K->416454K(1864192K), 0.1112902 secs] [Times: user=0.62 sys=0.00, real=0.11 secs] 
3892.516: [GC (GCLocker Initiated GC) [PSYoungGen: 316489K->181686K(465920K)] 649414K->541335K(1864192K), 0.0422779 secs] [Times: user=0.18 sys=0.00, real=0.05 secs] 
3892.676: [GC (Allocation Failure) [PSYoungGen: 414646K->182453K(465920K)] 774461K->598925K(1864192K), 0.0426854 secs] [Times: user=0.19 sys=0.00, real=0.05 secs] 
3892.830: [GC (Allocation Failure) [PSYoungGen: 415413K->186709K(465920K)] 831885K->658637K(1864192K), 0.0444701 secs] [Times: user=0.20 sys=0.00, real=0.04 secs] 
3893.920: [GC (Allocation Failure) [PSYoungGen: 419669K->104716K(465920K)] 891597K->647080K(1864192K), 0.0451969 secs] [Times: user=0.23 sys=0.00, real=0.04 secs] 
3894.813: [GC (Allocation Failure) [PSYoungGen: 337676K->161523K(465920K)] 880040K->737915K(1864192K), 0.0786577 secs] [Times: user=0.39 sys=0.00, real=0.08 secs] 
3895.043: [GC (Allocation Failure) [PSYoungGen: 394483K->181269K(465920K)] 970875K->808409K(1864192K), 0.0421389 secs] [Times: user=0.18 sys=0.01, real=0.04 secs] 
3895.260: [GC (Allocation Failure) [PSYoungGen: 414229K->185559K(465920K)] 1041369K->875715K(1864192K), 0.0610792 secs] [Times: user=0.30 sys=0.00, real=0.06 secs] 
3895.438: [GC (Allocation Failure) [PSYoungGen: 418519K->186709K(465920K)] 1108675K->935593K(1864192K), 0.0570016 secs] [Times: user=0.29 sys=0.00, real=0.05 secs] 
3896.671: [GC (Allocation Failure) [PSYoungGen: 419669K->88170K(465920K)] 1168553K->907538K(1864192K), 0.0613281 secs] [Times: user=0.33 sys=0.00, real=0.06 secs] 
3897.099: [GC (Allocation Failure) [PSYoungGen: 321130K->178261K(465920K)] 1140498K->1025266K(1864192K), 0.0384516 secs] [Times: user=0.17 sys=0.00, real=0.04 secs] 
3897.276: [GC (Allocation Failure) [PSYoungGen: 411221K->184342K(465920K)] 1258226K->1087211K(1864192K), 0.0640149 secs] [Times: user=0.31 sys=0.00, real=0.07 secs] 
3897.516: [GC (Allocation Failure) [PSYoungGen: 417302K->187061K(465920K)] 1320171K->1145730K(1864192K), 0.0657073 secs] [Times: user=0.33 sys=0.00, real=0.07 secs] 
3898.531: [GC (Allocation Failure) [PSYoungGen: 420021K->110461K(465920K)] 1378690K->1139594K(1864192K), 0.0515313 secs] [Times: user=0.23 sys=0.00, real=0.05 secs] 
3899.913: [GC (GCLocker Initiated GC) [PSYoungGen: 343421K->149746K(465920K)] 1372555K->1214132K(1864192K), 0.0833712 secs] [Times: user=0.42 sys=0.00, real=0.09 secs] 
3900.150: [GC (Allocation Failure) [PSYoungGen: 382706K->183093K(465920K)] 1447259K->1294691K(1864192K), 0.0432515 secs] [Times: user=0.19 sys=0.00, real=0.04 secs] 
3900.366: [GC (Allocation Failure) [PSYoungGen: 416053K->185623K(465920K)] 1527651K->1360892K(1864192K), 0.0778432 secs] [Times: user=0.39 sys=0.00, real=0.08 secs] 
3900.563: [GC (Allocation Failure) [PSYoungGen: 418583K->186261K(465920K)] 1593852K->1420330K(1864192K), 0.0594663 secs] [Times: user=0.30 sys=0.00, real=0.06 secs] 
3901.691: [GC (Allocation Failure) [PSYoungGen: 419221K->94171K(465920K)] 1653290K->1398480K(1864192K), 0.0677737 secs] [Times: user=0.36 sys=0.00, real=0.07 secs] 
3901.989: [GC (Allocation Failure) [PSYoungGen: 327131K->175509K(465920K)] 1631440K->1510543K(1864192K), 0.0411975 secs] [Times: user=0.18 sys=0.00, real=0.04 secs] 
3902.030: [Full GC (Ergonomics) [PSYoungGen: 175509K->0K(465920K)] [ParOldGen: 1335034K->216347K(1398272K)] 1510543K->216347K(1864192K), [Metaspace: 60328K->60328K(1105920K)], 0.2358691 secs] [Times: user=1.06 sys=0.00, real=0.23 secs] 
3902.388: [GC (Allocation Failure) [PSYoungGen: 232960K->184470K(465920K)] 449307K->400817K(1864192K), 0.0267642 secs] [Times: user=0.10 sys=0.00, real=0.02 secs] 
3902.523: [GC (Allocation Failure) [PSYoungGen: 417430K->183316K(465920K)] 633777K->455632K(1864192K), 0.0449305 secs] [Times: user=0.21 sys=0.00, real=0.05 secs] 
3903.515: [GC (Allocation Failure) [PSYoungGen: 416276K->121167K(465920K)] 688592K->462642K(1864192K), 0.0465771 secs] [Times: user=0.23 sys=0.00, real=0.05 secs] 
3904.159: [GC (Allocation Failure) [PSYoungGen: 354127K->149425K(465920K)] 695602K->529646K(1864192K), 0.0995022 secs] [Times: user=0.52 sys=0.01, real=0.10 secs] 
3904.407: [GC (GCLocker Initiated GC) [PSYoungGen: 382385K->179381K(465920K)] 762607K->606298K(1864192K), 0.0400523 secs] [Times: user=0.18 sys=0.00, real=0.04 secs] 
3904.563: [GC (Allocation Failure) [PSYoungGen: 412341K->185079K(465920K)] 839424K->683017K(1864192K), 0.0490709 secs] [Times: user=0.23 sys=0.00, real=0.05 secs] 
3904.722: [GC (Allocation Failure) [PSYoungGen: 418039K->186421K(465920K)] 915977K->742879K(1864192K), 0.0562534 secs] [Times: user=0.28 sys=0.00, real=0.06 secs] 
3906.125: [GC (Allocation Failure) [PSYoungGen: 419381K->88010K(465920K)] 975839K->714789K(1864192K), 0.0916537 secs] [Times: user=0.51 sys=0.00, real=0.10 secs] 
3906.599: [GC (Allocation Failure) [PSYoungGen: 320970K->175733K(465920K)] 947749K->831272K(1864192K), 0.0372298 secs] [Times: user=0.16 sys=0.00, real=0.03 secs] 
3906.785: [GC (Allocation Failure) [PSYoungGen: 408693K->184534K(465920K)] 1064232K->895025K(1864192K), 0.0627182 secs] [Times: user=0.30 sys=0.00, real=0.07 secs] 
3906.981: [GC (Allocation Failure) [PSYoungGen: 417494K->186965K(465920K)] 1127985K->953248K(1864192K), 0.0456976 secs] [Times: user=0.22 sys=0.00, real=0.05 secs] 
3909.021: [GC (Allocation Failure) [PSYoungGen: 419925K->126703K(465920K)] 1186208K->963627K(1864192K), 0.0481232 secs] [Times: user=0.25 sys=0.00, real=0.05 secs] 
3910.030: [GC (Allocation Failure) [PSYoungGen: 359663K->137808K(465920K)] 1196587K->1014740K(1864192K), 0.1024759 secs] [Times: user=0.56 sys=0.00, real=0.10 secs] 
3910.267: [GC (Allocation Failure) [PSYoungGen: 370768K->174932K(465920K)] 1247700K->1096313K(1864192K), 0.0389268 secs] [Times: user=0.18 sys=0.00, real=0.03 secs] 
3910.464: [GC (Allocation Failure) [PSYoungGen: 407892K->184919K(465920K)] 1329273K->1167355K(1864192K), 0.0724925 secs] [Times: user=0.36 sys=0.00, real=0.08 secs] 
3910.658: [GC (Allocation Failure) [PSYoungGen: 417769K->186869K(465920K)] 1400205K->1227937K(1864192K), 0.0586697 secs] [Times: user=0.29 sys=0.00, real=0.06 secs] 
3911.642: [GC (Allocation Failure) [PSYoungGen: 419829K->91739K(465920K)] 1460897K->1203287K(1864192K), 0.0461503 secs] [Times: user=0.24 sys=0.00, real=0.05 secs] 
3911.912: [GC (Allocation Failure) [PSYoungGen: 324699K->177813K(465920K)] 1436247K->1319247K(1864192K), 0.0334221 secs] [Times: user=0.13 sys=0.00, real=0.03 secs] 
3912.056: [GC (Allocation Failure) [PSYoungGen: 410773K->181333K(465920K)] 1552207K->1378323K(1864192K), 0.0447217 secs] [Times: user=0.20 sys=0.01, real=0.04 secs] 
3912.212: [GC (Allocation Failure) [PSYoungGen: 414293K->186709K(465920K)] 1611283K->1438523K(1864192K), 0.0469694 secs] [Times: user=0.21 sys=0.00, real=0.05 secs] 
3913.160: [GC (Allocation Failure) [PSYoungGen: 419669K->139601K(465920K)] 1671483K->1461935K(1864192K), 0.0508716 secs] [Times: user=0.25 sys=0.00, real=0.05 secs] 
3913.211: [Full GC (Ergonomics) [PSYoungGen: 139601K->0K(465920K)] [ParOldGen: 1322333K->349483K(1398272K)] 1461935K->349483K(1864192K), [Metaspace: 60328K->60328K(1105920K)], 0.5916779 secs] [Times: user=2.58 sys=0.00, real=0.59 secs] 
3915.392: [GC (Allocation Failure) [PSYoungGen: 232960K->119022K(465920K)] 582443K->468513K(1864192K), 0.0380694 secs] [Times: user=0.14 sys=0.01, real=0.04 secs] 
3915.661: [GC (Allocation Failure) [PSYoungGen: 351982K->194773K(465920K)] 701473K->582729K(1864192K), 0.0375292 secs] [Times: user=0.16 sys=0.00, real=0.04 secs] 
3915.816: [GC (Allocation Failure) [PSYoungGen: 427733K->185719K(465920K)] 815689K->635763K(1864192K), 0.0489602 secs] [Times: user=0.22 sys=0.00, real=0.05 secs] 
3915.995: [GC (Allocation Failure) [PSYoungGen: 418679K->186261K(465920K)] 868723K->695113K(1864192K), 0.0615298 secs] [Times: user=0.31 sys=0.00, real=0.07 secs] 
3917.056: [GC (Allocation Failure) [PSYoungGen: 418771K->96635K(465920K)] 927624K->675928K(1864192K), 0.0498673 secs] [Times: user=0.26 sys=0.00, real=0.05 secs] 
3917.338: [GC (Allocation Failure) [PSYoungGen: 329595K->171028K(465920K)] 908888K->781966K(1864192K), 0.0534124 secs] [Times: user=0.24 sys=0.00, real=0.05 secs] 
3917.547: [GC (Allocation Failure) [PSYoungGen: 403988K->183573K(465920K)] 1014926K->847595K(1864192K), 0.0426868 secs] [Times: user=0.19 sys=0.01, real=0.04 secs] 
3917.698: [GC (Allocation Failure) [PSYoungGen: 416533K->220469K(465920K)] 1080555K->940211K(1864192K), 0.0461124 secs] [Times: user=0.22 sys=0.00, real=0.04 secs] 
3918.673: [GC (Allocation Failure) [PSYoungGen: 453429K->152499K(465920K)] 1173171K->943144K(1864192K), 0.0511613 secs] [Times: user=0.25 sys=0.00, real=0.05 secs] 
3919.147: [GC (Allocation Failure) [PSYoungGen: 385459K->117262K(465920K)] 1176104K->956291K(1864192K), 0.0752042 secs] [Times: user=0.40 sys=0.00, real=0.07 secs] 
3919.336: [GC (Allocation Failure) [PSYoungGen: 350222K->178741K(465920K)] 1189251K->1055263K(1864192K), 0.0367159 secs] [Times: user=0.15 sys=0.00, real=0.03 secs] 
3919.512: [GC (Allocation Failure) [PSYoungGen: 411701K->185143K(465920K)] 1288223K->1132337K(1864192K), 0.0543952 secs] [Times: user=0.26 sys=0.00, real=0.06 secs] 
3919.699: [GC (Allocation Failure) [PSYoungGen: 418103K->186549K(465920K)] 1365297K->1192639K(1864192K), 0.0664272 secs] [Times: user=0.34 sys=0.00, real=0.06 secs] 
3920.723: [GC (GCLocker Initiated GC) [PSYoungGen: 419509K->91979K(465920K)] 1425600K->1168333K(1864192K), 0.0531218 secs] [Times: user=0.28 sys=0.00, real=0.06 secs] 
3921.203: [GC (GCLocker Initiated GC) [PSYoungGen: 324939K->172725K(465920K)] 1401300K->1278947K(1864192K), 0.0543108 secs] [Times: user=0.25 sys=0.00, real=0.06 secs] 
3921.392: [GC (Allocation Failure) [PSYoungGen: 405685K->182517K(465920K)] 1511910K->1342578K(1864192K), 0.0432229 secs] [Times: user=0.20 sys=0.00, real=0.04 secs] 
3921.548: [GC (Allocation Failure) [PSYoungGen: 407207K->177238K(465920K)] 1567267K->1401010K(1864192K), 0.0494999 secs] [Times: user=0.24 sys=0.00, real=0.05 secs] 
3922.767: [GC (Allocation Failure) [PSYoungGen: 405910K->205651K(465920K)] 1629683K->1485703K(1864192K), 0.0531495 secs] [Times: user=0.27 sys=0.00, real=0.05 secs] 
3924.095: [GC (GCLocker Initiated GC) [PSYoungGen: 438611K->93675K(465920K)] 1718663K->1438232K(1864192K), 0.0908704 secs] [Times: user=0.49 sys=0.00, real=0.10 secs] 
3924.186: [Full GC (Ergonomics) [PSYoungGen: 93675K->0K(465920K)] [ParOldGen: 1344556K->110378K(1398272K)] 1438232K->110378K(1864192K), [Metaspace: 60328K->60328K(1105920K)], 0.1664465 secs] [Times: user=0.73 sys=0.00, real=0.16 secs] 
3924.503: [GC (Allocation Failure) [PSYoungGen: 232960K->183542K(465920K)] 343376K->293959K(1864192K), 0.0255911 secs] [Times: user=0.08 sys=0.00, real=0.03 secs] 
3924.659: [GC (Allocation Failure) [PSYoungGen: 416502K->184950K(465920K)] 526919K->352266K(1864192K), 0.0417976 secs] [Times: user=0.19 sys=0.00, real=0.04 secs] 
3924.808: [GC (Allocation Failure) [PSYoungGen: 417910K->183988K(465920K)] 585226K->407361K(1864192K), 0.0447543 secs] [Times: user=0.21 sys=0.00, real=0.04 secs] 
3925.779: [GC (Allocation Failure) [PSYoungGen: 416948K->99836K(465920K)] 640321K->392725K(1864192K), 0.0432487 secs] [Times: user=0.22 sys=0.00, real=0.04 secs] 
3926.150: [GC (Allocation Failure) [PSYoungGen: 332796K->171220K(465920K)] 625685K->496281K(1864192K), 0.0688582 secs] [Times: user=0.33 sys=0.00, real=0.07 secs] 
3926.367: [GC (Allocation Failure) [PSYoungGen: 404180K->181621K(465920K)] 729241K->560218K(1864192K), 0.0424066 secs] [Times: user=0.19 sys=0.00, real=0.04 secs] 
3926.571: [GC (Allocation Failure) [PSYoungGen: 414581K->184983K(465920K)] 793178K->626468K(1864192K), 0.0637045 secs] [Times: user=0.31 sys=0.00, real=0.06 secs] 
3927.153: [GC (Allocation Failure) [PSYoungGen: 417943K->213972K(465920K)] 859428K->714241K(1864192K), 0.0723281 secs] [Times: user=0.37 sys=0.00, real=0.07 secs] 
3928.202: [GC (Allocation Failure) [PSYoungGen: 446932K->90970K(465920K)] 947201K->659559K(1864192K), 0.0495301 secs] [Times: user=0.27 sys=0.00, real=0.05 secs] 
3928.506: [GC (Allocation Failure) [PSYoungGen: 323930K->182358K(465920K)] 892519K->780372K(1864192K), 0.0436245 secs] [Times: user=0.19 sys=0.00, real=0.04 secs] 
3928.670: [GC (Allocation Failure) [PSYoungGen: 415318K->180885K(465920K)] 1013332K->835779K(1864192K), 0.0433988 secs] [Times: user=0.20 sys=0.00, real=0.04 secs] 
3928.824: [GC (Allocation Failure) [PSYoungGen: 413845K->186453K(465920K)] 1068739K->896443K(1864192K), 0.0453497 secs] [Times: user=0.21 sys=0.00, real=0.05 secs] 
3929.908: [GC (Allocation Failure) [PSYoungGen: 419413K->102252K(465920K)] 1129403K->882406K(1864192K), 0.0593899 secs] [Times: user=0.32 sys=0.00, real=0.06 secs] 
3930.424: [GC (Allocation Failure) [PSYoungGen: 335212K->169012K(465920K)] 1115366K->982603K(1864192K), 0.0494772 secs] [Times: user=0.23 sys=0.00, real=0.05 secs] 
3930.586: [GC (Allocation Failure) [PSYoungGen: 401972K->184438K(465920K)] 1215563K->1050669K(1864192K), 0.0426092 secs] [Times: user=0.18 sys=0.00, real=0.04 secs] 
3930.821: [GC (GCLocker Initiated GC) [PSYoungGen: 417398K->185207K(465920K)] 1283630K->1115463K(1864192K), 0.0666954 secs] [Times: user=0.32 sys=0.00, real=0.07 secs] 
3931.486: [GC (Allocation Failure) [PSYoungGen: 418167K->198196K(465920K)] 1348430K->1187179K(1864192K), 0.0696578 secs] [Times: user=0.35 sys=0.00, real=0.07 secs] 
3932.644: [GC (Allocation Failure) [PSYoungGen: 431156K->84634K(465920K)] 1420139K->1142401K(1864192K), 0.0422681 secs] [Times: user=0.23 sys=0.00, real=0.05 secs] 
3932.854: [GC (Allocation Failure) [PSYoungGen: 317594K->183094K(465920K)] 1375361K->1268314K(1864192K), 0.0348547 secs] [Times: user=0.14 sys=0.00, real=0.04 secs] 
3933.000: [GC (Allocation Failure) [PSYoungGen: 416054K->182005K(465920K)] 1501276K->1324084K(1864192K), 0.0441010 secs] [Times: user=0.20 sys=0.00, real=0.04 secs] 
3933.206: [GC (Allocation Failure) [PSYoungGen: 414965K->186037K(465920K)] 1557044K->1383163K(1864192K), 0.0605669 secs] [Times: user=0.30 sys=0.00, real=0.06 secs] 
3934.217: [GC (Allocation Failure) [PSYoungGen: 418997K->105308K(465920K)] 1616123K->1372627K(1864192K), 0.0461560 secs] [Times: user=0.24 sys=0.00, real=0.04 secs] 
3934.573: [GC (GCLocker Initiated GC) [PSYoungGen: 338268K->165075K(465920K)] 1605587K->1466815K(1864192K), 0.0606379 secs] [Times: user=0.30 sys=0.00, real=0.06 secs] 
3934.760: [GC (Allocation Failure) [PSYoungGen: 398035K->181269K(465920K)] 1699942K->1534999K(1864192K), 0.0437547 secs] [Times: user=0.20 sys=0.00, real=0.04 secs] 
3934.804: [Full GC (Ergonomics) [PSYoungGen: 181269K->0K(465920K)] [ParOldGen: 1353730K->252293K(1398272K)] 1534999K->252293K(1864192K), [Metaspace: 60328K->60328K(1105920K)], 0.3138673 secs] [Times: user=1.45 sys=0.00, real=0.32 secs] 
3935.236: [GC (Allocation Failure) [PSYoungGen: 232960K->185815K(465920K)] 485253K->438108K(1864192K), 0.0888937 secs] [Times: user=0.46 sys=0.00, real=0.08 secs] 
3935.435: [GC (Allocation Failure) [PSYoungGen: 418775K->186293K(465920K)] 671068K->497546K(1864192K), 0.0559364 secs] [Times: user=0.28 sys=0.01, real=0.06 secs] 
3936.757: [GC (Allocation Failure) [PSYoungGen: 419253K->83001K(465920K)] 730506K->464767K(1864192K), 0.0762065 secs] [Times: user=0.41 sys=0.00, real=0.07 secs] 
3937.503: [GC (Allocation Failure) [PSYoungGen: 315961K->181110K(465920K)] 697727K->589048K(1864192K), 0.0432855 secs] [Times: user=0.18 sys=0.00, real=0.05 secs] 
3937.711: [GC (Allocation Failure) [PSYoungGen: 414070K->184758K(465920K)] 822008K->649076K(1864192K), 0.0510449 secs] [Times: user=0.24 sys=0.00, real=0.05 secs] 
3937.881: [GC (Allocation Failure) [PSYoungGen: 417718K->186837K(465920K)] 882036K->707155K(1864192K), 0.0455358 secs] [Times: user=0.21 sys=0.00, real=0.05 secs] 
3938.888: [GC (Allocation Failure) [PSYoungGen: 419797K->107997K(465920K)] 940115K->698835K(1864192K), 0.0451674 secs] [Times: user=0.23 sys=0.00, real=0.04 secs] 
3939.890: [GC (Allocation Failure) [PSYoungGen: 340957K->155826K(465920K)] 931795K->781638K(1864192K), 0.0785295 secs] [Times: user=0.40 sys=0.00, real=0.08 secs] 
3940.107: [GC (Allocation Failure) [PSYoungGen: 388786K->184630K(465920K)] 1014598K->859077K(1864192K), 0.0409939 secs] [Times: user=0.18 sys=0.00, real=0.04 secs] 
3940.289: [GC (Allocation Failure) [PSYoungGen: 417565K->186263K(465920K)] 1092012K->924878K(1864192K), 0.0556265 secs] [Times: user=0.27 sys=0.01, real=0.05 secs] 
3940.474: [GC (Allocation Failure) [PSYoungGen: 419223K->186549K(465920K)] 1157838K->984340K(1864192K), 0.0567253 secs] [Times: user=0.28 sys=0.00, real=0.06 secs] 
3941.556: [GC (Allocation Failure) [PSYoungGen: 419509K->88170K(465920K)] 1217300K->956353K(1864192K), 0.0576244 secs] [Times: user=0.31 sys=0.00, real=0.06 secs] 
3941.943: [GC (Allocation Failure) [PSYoungGen: 321130K->181110K(465920K)] 1189313K->1077286K(1864192K), 0.0482493 secs] [Times: user=0.21 sys=0.00, real=0.05 secs] 
3942.169: [GC (Allocation Failure) [PSYoungGen: 414070K->181621K(465920K)] 1310246K->1134186K(1864192K), 0.0634542 secs] [Times: user=0.31 sys=0.00, real=0.06 secs] 
3942.356: [GC (Allocation Failure) [PSYoungGen: 414581K->186229K(465920K)] 1367146K->1193849K(1864192K), 0.0455627 secs] [Times: user=0.21 sys=0.00, real=0.04 secs] 
3943.320: [GC (Allocation Failure) [PSYoungGen: 419189K->114413K(465920K)] 1426809K->1192394K(1864192K), 0.0469694 secs] [Times: user=0.24 sys=0.00, real=0.05 secs] 
3944.827: [GC (Allocation Failure) [PSYoungGen: 347373K->149714K(465920K)] 1425354K->1264615K(1864192K), 0.1025864 secs] [Times: user=0.54 sys=0.00, real=0.10 secs] 
3945.075: [GC (Allocation Failure) [PSYoungGen: 382674K->184053K(465920K)] 1497575K->1345703K(1864192K), 0.0406713 secs] [Times: user=0.18 sys=0.00, real=0.05 secs] 
3945.229: [GC (Allocation Failure) [PSYoungGen: 417013K->186039K(465920K)] 1578663K->1411652K(1864192K), 0.0504993 secs] [Times: user=0.23 sys=0.00, real=0.05 secs] 
3945.389: [GC (Allocation Failure) [PSYoungGen: 418999K->186581K(465920K)] 1644612K->1471282K(1864192K), 0.0574094 secs] [Times: user=0.29 sys=0.00, real=0.05 secs] 
3946.572: [GC (Allocation Failure) [PSYoungGen: 419541K->90682K(465920K)] 1704242K->1445928K(1864192K), 0.0550055 secs] [Times: user=0.30 sys=0.00, real=0.06 secs] 
3946.627: [Full GC (Ergonomics) [PSYoungGen: 90682K->0K(465920K)] [ParOldGen: 1355245K->100732K(1398272K)] 1445928K->100732K(1864192K), [Metaspace: 60328K->60328K(1105920K)], 0.0813006 secs] [Times: user=0.32 sys=0.00, real=0.08 secs] 
3947.058: [GC (Allocation Failure) [PSYoungGen: 232960K->177141K(465920K)] 333692K->277873K(1864192K), 0.0362528 secs] [Times: user=0.14 sys=0.01, real=0.03 secs] 
3947.252: [GC (Allocation Failure) [PSYoungGen: 410101K->181269K(465920K)] 510833K->337433K(1864192K), 0.0424435 secs] [Times: user=0.19 sys=0.00, real=0.04 secs] 
3947.404: [GC (Allocation Failure) [PSYoungGen: 414229K->186741K(465920K)] 570393K->398209K(1864192K), 0.0445324 secs] [Times: user=0.21 sys=0.00, real=0.05 secs] 
3948.424: [GC (Allocation Failure) [PSYoungGen: 419701K->120623K(465920K)] 631169K->402379K(1864192K), 0.0464041 secs] [Times: user=0.24 sys=0.00, real=0.05 secs] 
3948.823: [GC (Allocation Failure) [PSYoungGen: 353583K->147601K(465920K)] 635339K->467654K(1864192K), 0.0814234 secs] [Times: user=0.43 sys=0.00, real=0.08 secs] 
3949.070: [GC (Allocation Failure) [PSYoungGen: 380561K->179253K(465920K)] 700614K->545738K(1864192K), 0.0474331 secs] [Times: user=0.21 sys=0.00, real=0.05 secs] 
3949.234: [GC (Allocation Failure) [PSYoungGen: 412213K->185303K(465920K)] 778698K->614100K(1864192K), 0.0489579 secs] [Times: user=0.22 sys=0.00, real=0.05 secs] 
3949.696: [GC (GCLocker Initiated GC) [PSYoungGen: 418263K->182036K(465920K)] 847060K->669482K(1864192K), 0.0777588 secs] [Times: user=0.39 sys=0.01, real=0.07 secs] 
3950.838: [GC (Allocation Failure) [PSYoungGen: 414996K->94075K(465920K)] 902481K->650527K(1864192K), 0.0619199 secs] [Times: user=0.33 sys=0.00, real=0.06 secs] 
3951.268: [GC (Allocation Failure) [PSYoungGen: 327035K->175093K(465920K)] 883487K->762006K(1864192K), 0.0324115 secs] [Times: user=0.13 sys=0.00, real=0.03 secs] 
3951.454: [GC (Allocation Failure) [PSYoungGen: 408053K->184086K(465920K)] 994966K->825787K(1864192K), 0.0586455 secs] [Times: user=0.28 sys=0.00, real=0.06 secs] 
3951.647: [GC (Allocation Failure) [PSYoungGen: 417046K->186837K(465920K)] 1058747K->884154K(1864192K), 0.0453052 secs] [Times: user=0.21 sys=0.00, real=0.04 secs] 
3952.674: [GC (Allocation Failure) [PSYoungGen: 419797K->129488K(465920K)] 1117114K->897309K(1864192K), 0.0478350 secs] [Times: user=0.24 sys=0.00, real=0.05 secs] 
3953.328: [GC (Allocation Failure) [PSYoungGen: 361187K->140833K(465920K)] 1129008K->949670K(1864192K), 0.1047883 secs] [Times: user=0.56 sys=0.00, real=0.10 secs] 
3953.568: [GC (Allocation Failure) [PSYoungGen: 373793K->175604K(465920K)] 1182630K->1029759K(1864192K), 0.0387744 secs] [Times: user=0.17 sys=0.00, real=0.04 secs] 
3953.793: [GC (Allocation Failure) [PSYoungGen: 408564K->185495K(465920K)] 1262719K->1109521K(1864192K), 0.0714957 secs] [Times: user=0.36 sys=0.00, real=0.07 secs] 
3954.032: [GC (Allocation Failure) [PSYoungGen: 418455K->183124K(465920K)] 1342481K->1166287K(1864192K), 0.0756422 secs] [Times: user=0.38 sys=0.01, real=0.08 secs] 
3955.429: [GC (GCLocker Initiated GC) [PSYoungGen: 416084K->95483K(465920K)] 1399247K->1147773K(1864192K), 0.0606961 secs] [Times: user=0.32 sys=0.00, real=0.06 secs] 
3955.788: [GC (Allocation Failure) [PSYoungGen: 328443K->175061K(465920K)] 1381028K->1258755K(1864192K), 0.0440694 secs] [Times: user=0.20 sys=0.00, real=0.04 secs] 
3955.960: [GC (Allocation Failure) [PSYoungGen: 408021K->181141K(465920K)] 1491715K->1319271K(1864192K), 0.0436256 secs] [Times: user=0.20 sys=0.00, real=0.04 secs] 
3956.161: [GC (Allocation Failure) [PSYoungGen: 414101K->186453K(465920K)] 1552231K->1379383K(1864192K), 0.0559808 secs] [Times: user=0.28 sys=0.00, real=0.06 secs] 
3957.266: [GC (Allocation Failure) [PSYoungGen: 419413K->139537K(465920K)] 1612343K->1402939K(1864192K), 0.0505770 secs] [Times: user=0.26 sys=0.01, real=0.06 secs] 
3957.693: [GC (GCLocker Initiated GC) [PSYoungGen: 372497K->132896K(465920K)] 1635899K->1440582K(1864192K), 0.1204538 secs] [Times: user=0.66 sys=0.00, real=0.12 secs] 
3957.980: [GC (Allocation Failure) [PSYoungGen: 365856K->186357K(465920K)] 1673581K->1536173K(1864192K), 0.0389606 secs] [Times: user=0.17 sys=0.00, real=0.04 secs] 
3958.019: [Full GC (Ergonomics) [PSYoungGen: 186357K->0K(465920K)] [ParOldGen: 1349816K->237321K(1398272K)] 1536173K->237321K(1864192K), [Metaspace: 60328K->60328K(1105920K)], 0.2848481 secs] [Times: user=1.29 sys=0.00, real=0.28 secs] 
3958.436: [GC (Allocation Failure) [PSYoungGen: 232960K->180214K(465920K)] 470281K->417535K(1864192K), 0.0874203 secs] [Times: user=0.47 sys=0.00, real=0.09 secs] 
3958.637: [GC (Allocation Failure) [PSYoungGen: 413174K->186869K(465920K)] 650495K->481950K(1864192K), 0.0570624 secs] [Times: user=0.28 sys=0.00, real=0.05 secs] 
3959.707: [GC (Allocation Failure) [PSYoungGen: 419829K->93179K(465920K)] 714910K->458788K(1864192K), 0.0505199 secs] [Times: user=0.26 sys=0.00, real=0.05 secs] 
3960.241: [GC (Allocation Failure) [PSYoungGen: 326139K->177909K(465920K)] 691748K->573759K(1864192K), 0.0485117 secs] [Times: user=0.21 sys=0.00, real=0.05 secs] 
3960.485: [GC (Allocation Failure) [PSYoungGen: 410869K->184053K(465920K)] 806719K->635436K(1864192K), 0.0627145 secs] [Times: user=0.30 sys=0.00, real=0.07 secs] 
3960.666: [GC (Allocation Failure) [PSYoungGen: 417013K->184500K(465920K)] 868396K->691819K(1864192K), 0.0447958 secs] [Times: user=0.21 sys=0.00, real=0.05 secs] 
3961.619: [GC (Allocation Failure) [PSYoungGen: 417460K->144562K(465920K)] 924779K->721472K(1864192K), 0.0496060 secs] [Times: user=0.24 sys=0.00, real=0.05 secs] 
3962.543: [GC (Allocation Failure) [PSYoungGen: 377522K->123518K(465920K)] 954432K->746269K(1864192K), 0.1031467 secs] [Times: user=0.57 sys=0.00, real=0.11 secs] 
3962.832: [GC (Allocation Failure) [PSYoungGen: 356478K->178677K(465920K)] 979229K->840984K(1864192K), 0.0449256 secs] [Times: user=0.21 sys=0.00, real=0.05 secs] 
3963.015: [GC (Allocation Failure) [PSYoungGen: 411637K->182294K(465920K)] 1073944K->915286K(1864192K), 0.0657501 secs] [Times: user=0.32 sys=0.00, real=0.07 secs] 
3963.248: [GC (Allocation Failure) [PSYoungGen: 415254K->186453K(465920K)] 1148246K->977124K(1864192K), 0.0621716 secs] [Times: user=0.30 sys=0.00, real=0.06 secs] 
3964.835: [GC (Allocation Failure) [PSYoungGen: 419413K->92827K(465920K)] 1210084K->953970K(1864192K), 0.0459313 secs] [Times: user=0.24 sys=0.00, real=0.05 secs] 
3965.337: [GC (Allocation Failure) [PSYoungGen: 325787K->170004K(465920K)] 1186930K->1060884K(1864192K), 0.0396036 secs] [Times: user=0.17 sys=0.00, real=0.04 secs] 
3965.537: [GC (Allocation Failure) [PSYoungGen: 402964K->184950K(465920K)] 1293844K->1129210K(1864192K), 0.0537332 secs] [Times: user=0.26 sys=0.00, real=0.05 secs] 
3965.713: [GC (Allocation Failure) [PSYoungGen: 404146K->172437K(465920K)] 1348406K->1181081K(1864192K), 0.0484735 secs] [Times: user=0.23 sys=0.01, real=0.05 secs] 
3966.544: [GC (Allocation Failure) [PSYoungGen: 401508K->206803K(465920K)] 1410152K->1270287K(1864192K), 0.0539272 secs] [Times: user=0.26 sys=0.00, real=0.06 secs] 
3967.806: [GC (Allocation Failure) [PSYoungGen: 439763K->95275K(465920K)] 1503247K->1223535K(1864192K), 0.1120069 secs] [Times: user=0.61 sys=0.00, real=0.12 secs] 
3968.314: [GC (Allocation Failure) [PSYoungGen: 328235K->180278K(465920K)] 1456495K->1339343K(1864192K), 0.0406999 secs] [Times: user=0.18 sys=0.00, real=0.04 secs] 
3968.493: [GC (Allocation Failure) [PSYoungGen: 413238K->184374K(465920K)] 1572303K->1399663K(1864192K), 0.0564592 secs] [Times: user=0.28 sys=0.00, real=0.06 secs] 
3968.674: [GC (Allocation Failure) [PSYoungGen: 417334K->186261K(465920K)] 1632623K->1457310K(1864192K), 0.0464576 secs] [Times: user=0.22 sys=0.00, real=0.05 secs] 
3969.661: [GC (Allocation Failure) [PSYoungGen: 419221K->99836K(465920K)] 1690270K->1441101K(1864192K), 0.0452803 secs] [Times: user=0.24 sys=0.00, real=0.05 secs] 
3969.707: [Full GC (Ergonomics) [PSYoungGen: 99836K->0K(465920K)] [ParOldGen: 1341265K->89809K(1398272K)] 1441101K->89809K(1864192K), [Metaspace: 60328K->60328K(1105920K)], 0.0359516 secs] [Times: user=0.11 sys=0.00, real=0.03 secs] 
3970.381: [GC (Allocation Failure) [PSYoungGen: 232960K->166452K(465920K)] 322769K->256261K(1864192K), 0.0385191 secs] [Times: user=0.13 sys=0.00, real=0.04 secs] 
3970.607: [GC (Allocation Failure) [PSYoungGen: 399412K->184630K(465920K)] 489221K->326659K(1864192K), 0.0420281 secs] [Times: user=0.19 sys=0.00, real=0.04 secs] 
3970.760: [GC (GCLocker Initiated GC) [PSYoungGen: 417590K->182614K(465920K)] 559620K->388613K(1864192K), 0.0486099 secs] [Times: user=0.23 sys=0.00, real=0.05 secs] 
3970.982: [GC (Allocation Failure) [PSYoungGen: 415574K->217749K(465920K)] 622601K->482799K(1864192K), 0.0535096 secs] [Times: user=0.26 sys=0.00, real=0.05 secs] 
3972.084: [GC (GCLocker Initiated GC) [PSYoungGen: 450709K->88506K(465920K)] 715759K->423260K(1864192K), 0.0722914 secs] [Times: user=0.39 sys=0.00, real=0.08 secs] 
3972.431: [GC (Allocation Failure) [PSYoungGen: 321466K->182262K(465920K)] 656387K->545664K(1864192K), 0.0441830 secs] [Times: user=0.19 sys=0.00, real=0.04 secs] 
3972.636: [GC (Allocation Failure) [PSYoungGen: 415222K->184758K(465920K)] 778624K->604896K(1864192K), 0.0484258 secs] [Times: user=0.23 sys=0.00, real=0.05 secs] 
3972.818: [GC (Allocation Failure) [PSYoungGen: 417718K->183668K(465920K)] 837856K->659903K(1864192K), 0.0627755 secs] [Times: user=0.30 sys=0.00, real=0.06 secs] 
3973.859: [GC (Allocation Failure) [PSYoungGen: 416628K->102540K(465920K)] 892863K->648214K(1864192K), 0.0448245 secs] [Times: user=0.23 sys=0.00, real=0.04 secs] 
3974.679: [GC (Allocation Failure) [PSYoungGen: 335500K->164915K(465920K)] 881174K->743803K(1864192K), 0.0702431 secs] [Times: user=0.35 sys=0.00, real=0.07 secs] 
3974.889: [GC (Allocation Failure) [PSYoungGen: 397875K->184534K(465920K)] 976763K->815481K(1864192K), 0.0421015 secs] [Times: user=0.18 sys=0.00, real=0.04 secs] 
3975.045: [GC (Allocation Failure) [PSYoungGen: 417494K->182454K(465920K)] 1048441K->877506K(1864192K), 0.0494049 secs] [Times: user=0.23 sys=0.00, real=0.05 secs] 
3975.210: [GC (Allocation Failure) [PSYoungGen: 415414K->186613K(465920K)] 1110466K->939992K(1864192K), 0.0549976 secs] [Times: user=0.26 sys=0.01, real=0.05 secs] 
3976.423: [GC (Allocation Failure) [PSYoungGen: 419573K->89818K(465920K)] 1172952K->913694K(1864192K), 0.0680039 secs] [Times: user=0.36 sys=0.00, real=0.07 secs] 
3976.779: [GC (Allocation Failure) [PSYoungGen: 322778K->182422K(465920K)] 1146654K->1034946K(1864192K), 0.0393050 secs] [Times: user=0.17 sys=0.00, real=0.04 secs] 
3976.931: [GC (Allocation Failure) [PSYoungGen: 415382K->184694K(465920K)] 1267906K->1094110K(1864192K), 0.0433327 secs] [Times: user=0.20 sys=0.00, real=0.04 secs] 
3977.104: [GC (Allocation Failure) [PSYoungGen: 417654K->183892K(465920K)] 1327070K->1149301K(1864192K), 0.0541454 secs] [Times: user=0.26 sys=0.00, real=0.06 secs] 
3978.118: [GC (Allocation Failure) [PSYoungGen: 416852K->102684K(465920K)] 1382261K->1137460K(1864192K), 0.0447192 secs] [Times: user=0.23 sys=0.00, real=0.04 secs] 
3978.501: [GC (Allocation Failure) [PSYoungGen: 335644K->164371K(465920K)] 1370420K->1233213K(1864192K), 0.0864794 secs] [Times: user=0.44 sys=0.00, real=0.09 secs] 
3978.742: [GC (Allocation Failure) [PSYoungGen: 397331K->183829K(465920K)] 1466173K->1303671K(1864192K), 0.0427461 secs] [Times: user=0.19 sys=0.01, real=0.04 secs] 
3978.926: [GC (Allocation Failure) [PSYoungGen: 416789K->185687K(465920K)] 1536631K->1369704K(1864192K), 0.0566062 secs] [Times: user=0.27 sys=0.00, real=0.05 secs] 
3979.101: [GC (Allocation Failure) [PSYoungGen: 418647K->186453K(465920K)] 1602664K->1429462K(1864192K), 0.0563312 secs] [Times: user=0.28 sys=0.00, real=0.06 secs] 
3980.234: [GC (Allocation Failure) [PSYoungGen: 419413K->86682K(465920K)] 1662422K->1399979K(1864192K), 0.0696448 secs] [Times: user=0.37 sys=0.00, real=0.07 secs] 
3980.304: [Full GC (Ergonomics) [PSYoungGen: 86682K->0K(465920K)] [ParOldGen: 1313297K->102011K(1398272K)] 1399979K->102011K(1864192K), [Metaspace: 60328K->60328K(1105920K)], 0.1289428 secs] [Times: user=0.54 sys=0.00, real=0.13 secs] 
3980.740: [GC (Allocation Failure) [PSYoungGen: 232960K->179477K(465920K)] 334971K->281488K(1864192K), 0.0257144 secs] [Times: user=0.09 sys=0.00, real=0.02 secs] 
3980.914: [GC (Allocation Failure) [PSYoungGen: 412437K->184438K(465920K)] 514448K->342601K(1864192K), 0.0593571 secs] [Times: user=0.29 sys=0.00, real=0.06 secs] 
3981.145: [GC (Allocation Failure) [PSYoungGen: 417398K->183668K(465920K)] 575561K->397808K(1864192K), 0.0650894 secs] [Times: user=0.32 sys=0.00, real=0.07 secs] 
3982.676: [GC (Allocation Failure) [PSYoungGen: 416628K->109853K(465920K)] 630768K->393224K(1864192K), 0.0446517 secs] [Times: user=0.23 sys=0.00, real=0.05 secs] 
3983.779: [GC (Allocation Failure) [PSYoungGen: 342813K->154162K(465920K)] 626184K->472634K(1864192K), 0.0849022 secs] [Times: user=0.43 sys=0.00, real=0.08 secs] 
3984.023: [GC (Allocation Failure) [PSYoungGen: 387122K->184086K(465920K)] 705594K->551126K(1864192K), 0.0401970 secs] [Times: user=0.17 sys=0.00, real=0.04 secs] 
3984.241: [GC (Allocation Failure) [PSYoungGen: 417046K->185399K(465920K)] 784086K->616215K(1864192K), 0.0739827 secs] [Times: user=0.36 sys=0.00, real=0.07 secs] 
3984.475: [GC (Allocation Failure) [PSYoungGen: 418359K->186677K(465920K)] 849175K->676133K(1864192K), 0.0745134 secs] [Times: user=0.38 sys=0.00, real=0.08 secs] 
3985.566: [GC (Allocation Failure) [PSYoungGen: 419637K->91642K(465920K)] 909093K->651563K(1864192K), 0.0546780 secs] [Times: user=0.29 sys=0.00, real=0.06 secs] 
3985.862: [GC (GCLocker Initiated GC) [PSYoungGen: 324602K->177845K(465920K)] 884523K->766938K(1864192K), 0.0443186 secs] [Times: user=0.19 sys=0.01, real=0.04 secs] 
3986.096: [GC (Allocation Failure) [PSYoungGen: 410805K->181205K(465920K)] 1000065K->825905K(1864192K), 0.0602917 secs] [Times: user=0.29 sys=0.00, real=0.06 secs] 
3986.272: [GC (Allocation Failure) [PSYoungGen: 414165K->186485K(465920K)] 1058865K->886033K(1864192K), 0.0467135 secs] [Times: user=0.21 sys=0.01, real=0.05 secs] 
3987.299: [GC (Allocation Failure) [PSYoungGen: 419445K->116366K(465920K)] 1118993K->886082K(1864192K), 0.0479240 secs] [Times: user=0.24 sys=0.00, real=0.05 secs] 
3987.840: [GC (GCLocker Initiated GC) [PSYoungGen: 349326K->151538K(465920K)] 1119042K->958931K(1864192K), 0.0939015 secs] [Times: user=0.49 sys=0.00, real=0.09 secs] 
3988.076: [GC (GCLocker Initiated GC) [PSYoungGen: 384498K->181493K(465920K)] 1191898K->1036145K(1864192K), 0.0411792 secs] [Times: user=0.18 sys=0.00, real=0.05 secs] 
3988.234: [GC (Allocation Failure) [PSYoungGen: 414453K->185559K(465920K)] 1269110K->1103712K(1864192K), 0.0507214 secs] [Times: user=0.24 sys=0.00, real=0.05 secs] 
3988.394: [GC (Allocation Failure) [PSYoungGen: 418519K->186933K(465920K)] 1336672K->1163934K(1864192K), 0.0583863 secs] [Times: user=0.29 sys=0.00, real=0.06 secs] 
3989.756: [GC (Allocation Failure) [PSYoungGen: 419893K->89178K(465920K)] 1396894K->1136843K(1864192K), 0.1185928 secs] [Times: user=0.65 sys=0.01, real=0.11 secs] 
3990.482: [GC (Allocation Failure) [PSYoungGen: 322138K->177493K(465920K)] 1369803K->1253826K(1864192K), 0.0444232 secs] [Times: user=0.19 sys=0.00, real=0.05 secs] 
3990.707: [GC (Allocation Failure) [PSYoungGen: 410453K->182037K(465920K)] 1486786K->1313743K(1864192K), 0.0641056 secs] [Times: user=0.31 sys=0.00, real=0.06 secs] 
3990.901: [GC (Allocation Failure) [PSYoungGen: 414997K->186741K(465920K)] 1546703K->1373918K(1864192K), 0.0494904 secs] [Times: user=0.19 sys=0.00, real=0.05 secs] 
3991.956: [GC (Allocation Failure) [PSYoungGen: 419701K->122287K(465920K)] 1606878K->1380008K(1864192K), 0.0489459 secs] [Times: user=0.25 sys=0.00, real=0.04 secs] 
3992.501: [GC (Allocation Failure) [PSYoungGen: 355247K->148513K(465920K)] 1612968K->1444903K(1864192K), 0.1096055 secs] [Times: user=0.59 sys=0.00, real=0.11 secs] 
3992.747: [GC (Allocation Failure) [PSYoungGen: 381473K->180629K(465920K)] 1677863K->1523875K(1864192K), 0.0411096 secs] [Times: user=0.18 sys=0.00, real=0.04 secs] 
3992.788: [Full GC (Ergonomics) [PSYoungGen: 180629K->0K(465920K)] [ParOldGen: 1343246K->244613K(1398272K)] 1523875K->244613K(1864192K), [Metaspace: 60328K->60328K(1105920K)], 0.3054359 secs] [Times: user=1.41 sys=0.00, real=0.30 secs] 
3993.208: [GC (Allocation Failure) [PSYoungGen: 232960K->182262K(465920K)] 477573K->426875K(1864192K), 0.0852191 secs] [Times: user=0.44 sys=0.00, real=0.08 secs] 
3993.402: [GC (Allocation Failure) [PSYoungGen: 415222K->186293K(465920K)] 659835K->488466K(1864192K), 0.0568267 secs] [Times: user=0.28 sys=0.00, real=0.06 secs] 
3994.572: [GC (GCLocker Initiated GC) [PSYoungGen: 419253K->92475K(465920K)] 721430K->465012K(1864192K), 0.0529205 secs] [Times: user=0.28 sys=0.00, real=0.05 secs] 
3994.964: [GC (Allocation Failure) [PSYoungGen: 325435K->173396K(465920K)] 697975K->575381K(1864192K), 0.0479286 secs] [Times: user=0.21 sys=0.01, real=0.05 secs] 
3995.154: [GC (Allocation Failure) [PSYoungGen: 406242K->184278K(465920K)] 808227K->640595K(1864192K), 0.0430295 secs] [Times: user=0.19 sys=0.00, real=0.05 secs] 
3995.304: [GC (Allocation Failure) [PSYoungGen: 417238K->186933K(465920K)] 873555K->698914K(1864192K), 0.0452802 secs] [Times: user=0.21 sys=0.00, real=0.05 secs] 
3996.274: [GC (Allocation Failure) [PSYoungGen: 419893K->129072K(465920K)] 931874K->711537K(1864192K), 0.0477505 secs] [Times: user=0.24 sys=0.00, real=0.05 secs] 
3997.059: [GC (Allocation Failure) [PSYoungGen: 362032K->140801K(465920K)] 944497K->764242K(1864192K), 0.0899563 secs] [Times: user=0.48 sys=0.00, real=0.09 secs] 
3997.317: [GC (Allocation Failure) [PSYoungGen: 373761K->178293K(465920K)] 997202K->846563K(1864192K), 0.0513310 secs] [Times: user=0.24 sys=0.00, real=0.05 secs] 
3997.523: [GC (Allocation Failure) [PSYoungGen: 411253K->183190K(465920K)] 1079523K->913612K(1864192K), 0.0595959 secs] [Times: user=0.29 sys=0.00, real=0.06 secs] 
3997.836: [GC (GCLocker Initiated GC) [PSYoungGen: 416150K->182580K(465920K)] 1146574K->971444K(1864192K), 0.0818071 secs] [Times: user=0.42 sys=0.00, real=0.09 secs] 
3999.131: [GC (Allocation Failure) [PSYoungGen: 415540K->89962K(465920K)] 1204570K->948256K(1864192K), 0.0882879 secs] [Times: user=0.48 sys=0.00, real=0.09 secs] 
3999.576: [GC (Allocation Failure) [PSYoungGen: 322922K->177941K(465920K)] 1181216K->1065487K(1864192K), 0.0426022 secs] [Times: user=0.18 sys=0.00, real=0.05 secs] 
3999.745: [GC (Allocation Failure) [PSYoungGen: 410901K->184598K(465920K)] 1298447K->1127523K(1864192K), 0.0437818 secs] [Times: user=0.20 sys=0.00, real=0.05 secs] 
3999.899: [GC (Allocation Failure) [PSYoungGen: 417558K->186869K(465920K)] 1360483K->1185666K(1864192K), 0.0460595 secs] [Times: user=0.22 sys=0.00, real=0.04 secs] 
4000.852: [GC (Allocation Failure) [PSYoungGen: 419829K->137265K(465920K)] 1418626K->1206678K(1864192K), 0.0498089 secs] [Times: user=0.24 sys=0.00, real=0.05 secs] 
4001.212: [GC (Allocation Failure) [PSYoungGen: 370225K->134096K(465920K)] 1439638K->1246989K(1864192K), 0.0632743 secs] [Times: user=0.33 sys=0.01, real=0.06 secs] 
4001.440: [GC (Allocation Failure) [PSYoungGen: 367056K->177077K(465920K)] 1479949K->1332767K(1864192K), 0.0556793 secs] [Times: user=0.26 sys=0.01, real=0.05 secs] 
4001.638: [GC (Allocation Failure) [PSYoungGen: 410037K->185591K(465920K)] 1565727K->1403441K(1864192K), 0.0501963 secs] [Times: user=0.23 sys=0.00, real=0.05 secs] 
4001.805: [GC (Allocation Failure) [PSYoungGen: 418551K->183636K(465920K)] 1636401K->1460415K(1864192K), 0.0575224 secs] [Times: user=0.28 sys=0.00, real=0.06 secs] 
4002.885: [GC (Allocation Failure) [PSYoungGen: 416596K->93611K(465920K)] 1693375K->1439725K(1864192K), 0.0598794 secs] [Times: user=0.31 sys=0.00, real=0.06 secs] 
4002.945: [Full GC (Ergonomics) [PSYoungGen: 93611K->0K(465920K)] [ParOldGen: 1346114K->95269K(1398272K)] 1439725K->95269K(1864192K), [Metaspace: 60344K->60344K(1105920K)], 0.0747058 secs] [Times: user=0.29 sys=0.00, real=0.08 secs] 
4003.577: [GC (Allocation Failure) [PSYoungGen: 232960K->174485K(465920K)] 328229K->269754K(1864192K), 0.0328142 secs] [Times: user=0.12 sys=0.00, real=0.03 secs] 
4003.745: [GC (Allocation Failure) [PSYoungGen: 407445K->181685K(465920K)] 502714K->331355K(1864192K), 0.0414630 secs] [Times: user=0.18 sys=0.00, real=0.05 secs] 
4003.898: [GC (Allocation Failure) [PSYoungGen: 414645K->187381K(465920K)] 564315K->392274K(1864192K), 0.0449559 secs] [Times: user=0.21 sys=0.00, real=0.04 secs] 
4004.911: [GC (Allocation Failure) [PSYoungGen: 420341K->145074K(465920K)] 625234K->420607K(1864192K), 0.0497632 secs] [Times: user=0.25 sys=0.00, real=0.05 secs] 
4006.198: [GC (GCLocker Initiated GC) [PSYoungGen: 378034K->120734K(465920K)] 653567K->442100K(1864192K), 0.1797842 secs] [Times: user=1.01 sys=0.01, real=0.18 secs] 
4006.539: [GC (Allocation Failure) [PSYoungGen: 353694K->200853K(465920K)] 675191K->561034K(1864192K), 0.0374943 secs] [Times: user=0.16 sys=0.00, real=0.04 secs] 
4006.694: [GC (Allocation Failure) [PSYoungGen: 433813K->185463K(465920K)] 793994K->623844K(1864192K), 0.0493345 secs] [Times: user=0.23 sys=0.00, real=0.05 secs] 
4006.853: [GC (Allocation Failure) [PSYoungGen: 418423K->186421K(465920K)] 856804K->683614K(1864192K), 0.0577848 secs] [Times: user=0.29 sys=0.00, real=0.06 secs] 
4007.876: [GC (GCLocker Initiated GC) [PSYoungGen: 419381K->97003K(465920K)] 916574K->664821K(1864192K), 0.0448531 secs] [Times: user=0.23 sys=0.00, real=0.05 secs] 
4008.373: [GC (Allocation Failure) [PSYoungGen: 329963K->167060K(465920K)] 897820K->766285K(1864192K), 0.0520511 secs] [Times: user=0.23 sys=0.01, real=0.05 secs] 
4008.572: [GC (Allocation Failure) [PSYoungGen: 400020K->184246K(465920K)] 999245K->835603K(1864192K), 0.0423964 secs] [Times: user=0.19 sys=0.00, real=0.04 secs] 
4008.748: [GC (Allocation Failure) [PSYoungGen: 408086K->175413K(465920K)] 1059443K->890811K(1864192K), 0.0575370 secs] [Times: user=0.28 sys=0.00, real=0.05 secs] 
4009.670: [GC (Allocation Failure) [PSYoungGen: 408373K->168627K(465920K)] 1123771K->939784K(1864192K), 0.0537228 secs] [Times: user=0.26 sys=0.00, real=0.05 secs] 
4010.196: [GC (Allocation Failure) [PSYoungGen: 401587K->106092K(465920K)] 1172744K->941857K(1864192K), 0.0840424 secs] [Times: user=0.45 sys=0.00, real=0.08 secs] 
4010.465: [GC (Allocation Failure) [PSYoungGen: 335677K->175989K(465920K)] 1171442K->1046003K(1864192K), 0.0359153 secs] [Times: user=0.15 sys=0.00, real=0.04 secs] 
4010.622: [GC (Allocation Failure) [PSYoungGen: 408949K->184118K(465920K)] 1278963K->1109120K(1864192K), 0.0436614 secs] [Times: user=0.20 sys=0.00, real=0.04 secs] 
4010.781: [GC (Allocation Failure) [PSYoungGen: 417078K->185109K(465920K)] 1342080K->1165839K(1864192K), 0.0459784 secs] [Times: user=0.21 sys=0.00, real=0.05 secs] 
4012.059: [GC (Allocation Failure) [PSYoungGen: 418069K->97371K(465920K)] 1398799K->1148038K(1864192K), 0.0633204 secs] [Times: user=0.34 sys=0.00, real=0.06 secs] 
4012.615: [GC (Allocation Failure) [PSYoungGen: 330331K->171412K(465920K)] 1380998K->1253863K(1864192K), 0.0642020 secs] [Times: user=0.31 sys=0.00, real=0.07 secs] 
4012.797: [GC (Allocation Failure) [PSYoungGen: 404372K->181653K(465920K)] 1486823K->1317536K(1864192K), 0.0466611 secs] [Times: user=0.21 sys=0.00, real=0.04 secs] 
4012.961: [GC (Allocation Failure) [PSYoungGen: 414613K->185367K(465920K)] 1550496K->1384610K(1864192K), 0.0540869 secs] [Times: user=0.26 sys=0.00, real=0.05 secs] 
4013.483: [GC (Allocation Failure) [PSYoungGen: 417022K->195796K(465920K)] 1616265K->1453911K(1864192K), 0.0537305 secs] [Times: user=0.26 sys=0.00, real=0.06 secs] 
4014.396: [GC (Allocation Failure) [PSYoungGen: 428756K->95243K(465920K)] 1686871K->1420854K(1864192K), 0.0755095 secs] [Times: user=0.41 sys=0.00, real=0.08 secs] 
4014.471: [Full GC (Ergonomics) [PSYoungGen: 95243K->0K(465920K)] [ParOldGen: 1325611K->112532K(1398272K)] 1420854K->112532K(1864192K), [Metaspace: 60344K->60344K(1105920K)], 0.1516913 secs] [Times: user=0.65 sys=0.00, real=0.15 secs] 
4014.799: [GC (Allocation Failure) [PSYoungGen: 232960K->180213K(465920K)] 345492K->292746K(1864192K), 0.0250636 secs] [Times: user=0.09 sys=0.00, real=0.02 secs] 
4014.971: [GC (Allocation Failure) [PSYoungGen: 413173K->184342K(465920K)] 525706K->352878K(1864192K), 0.0590856 secs] [Times: user=0.27 sys=0.00, real=0.06 secs] 
4015.162: [GC (Allocation Failure) [PSYoungGen: 417302K->186613K(465920K)] 585838K->410997K(1864192K), 0.0443331 secs] [Times: user=0.21 sys=0.00, real=0.05 secs] 
4016.171: [GC (Allocation Failure) [PSYoungGen: 419573K->98043K(465920K)] 643957K->392876K(1864192K), 0.0435168 secs] [Times: user=0.22 sys=0.00, real=0.04 secs] 
4016.554: [GC (Allocation Failure) [PSYoungGen: 331003K->165556K(465920K)] 625836K->492197K(1864192K), 0.0676909 secs] [Times: user=0.33 sys=0.00, real=0.07 secs] 
4016.827: [GC (Allocation Failure) [PSYoungGen: 398516K->183637K(465920K)] 725157K->562007K(1864192K), 0.0498943 secs] [Times: user=0.23 sys=0.00, real=0.05 secs] 
4017.017: [GC (Allocation Failure) [PSYoungGen: 416597K->186007K(465920K)] 794967K->628188K(1864192K), 0.0550942 secs] [Times: user=0.27 sys=0.00, real=0.05 secs] 
4017.243: [GC (Allocation Failure) [PSYoungGen: 418967K->218549K(465920K)] 861148K->719834K(1864192K), 0.0564053 secs] [Times: user=0.28 sys=0.00, real=0.06 secs] 
4018.679: [GC (Allocation Failure) [PSYoungGen: 451509K->82505K(465920K)] 952794K->653651K(1864192K), 0.0955840 secs] [Times: user=0.52 sys=0.00, real=0.09 secs] 
4019.653: [GC (Allocation Failure) [PSYoungGen: 315465K->180341K(465920K)] 886611K->777492K(1864192K), 0.0427223 secs] [Times: user=0.18 sys=0.00, real=0.05 secs] 
4019.849: [GC (Allocation Failure) [PSYoungGen: 413301K->182101K(465920K)] 1010452K->835580K(1864192K), 0.0558227 secs] [Times: user=0.26 sys=0.01, real=0.05 secs] 
4020.036: [GC (Allocation Failure) [PSYoungGen: 415061K->203157K(465920K)] 1068540K->911915K(1864192K), 0.0462763 secs] [Times: user=0.21 sys=0.00, real=0.05 secs] 
4021.016: [GC (Allocation Failure) [PSYoungGen: 436117K->105981K(465920K)] 1144875K->885235K(1864192K), 0.0458022 secs] [Times: user=0.23 sys=0.00, real=0.04 secs] 
4021.614: [GC (Allocation Failure) [PSYoungGen: 338941K->161075K(465920K)] 1118195K->974670K(1864192K), 0.0956051 secs] [Times: user=0.41 sys=0.00, real=0.10 secs] 
4021.911: [GC (Allocation Failure) [PSYoungGen: 394035K->181365K(465920K)] 1207630K->1045597K(1864192K), 0.0443825 secs] [Times: user=0.20 sys=0.00, real=0.04 secs] 
4022.070: [GC (Allocation Failure) [PSYoungGen: 414325K->185463K(465920K)] 1278557K->1112630K(1864192K), 0.0509201 secs] [Times: user=0.24 sys=0.00, real=0.05 secs] 
4022.227: [GC (Allocation Failure) [PSYoungGen: 418423K->183572K(465920K)] 1345590K->1169632K(1864192K), 0.0583669 secs] [Times: user=0.28 sys=0.01, real=0.05 secs] 
4023.257: [GC (Allocation Failure) [PSYoungGen: 416532K->90954K(465920K)] 1402592K->1146198K(1864192K), 0.0606842 secs] [Times: user=0.33 sys=0.00, real=0.06 secs] 
4023.542: [GC (Allocation Failure) [PSYoungGen: 323914K->181814K(465920K)] 1379158K->1266062K(1864192K), 0.0438882 secs] [Times: user=0.19 sys=0.00, real=0.04 secs] 
4023.740: [GC (Allocation Failure) [PSYoungGen: 414774K->181461K(465920K)] 1499022K->1322602K(1864192K), 0.0627874 secs] [Times: user=0.30 sys=0.00, real=0.06 secs] 
4023.978: [GC (Allocation Failure) [PSYoungGen: 414421K->186325K(465920K)] 1555562K->1382458K(1864192K), 0.0651971 secs] [Times: user=0.32 sys=0.00, real=0.06 secs] 
4024.987: [GC (Allocation Failure) [PSYoungGen: 419285K->112813K(465920K)] 1615418K->1379230K(1864192K), 0.0478599 secs] [Times: user=0.25 sys=0.00, real=0.04 secs] 
4026.380: [GC (Allocation Failure) [PSYoungGen: 345773K->151474K(465920K)] 1612190K->1453863K(1864192K), 0.0971543 secs] [Times: user=0.52 sys=0.00, real=0.10 secs] 
4026.683: [GC (Allocation Failure) [PSYoungGen: 384434K->181205K(465920K)] 1686823K->1530887K(1864192K), 0.0455069 secs] [Times: user=0.21 sys=0.00, real=0.05 secs] 
4026.728: [Full GC (Ergonomics) [PSYoungGen: 181205K->0K(465920K)] [ParOldGen: 1349681K->246207K(1398272K)] 1530887K->246207K(1864192K), [Metaspace: 60344K->60344K(1105920K)], 0.3054688 secs] [Times: user=1.42 sys=0.00, real=0.30 secs] 
4027.148: [GC (Allocation Failure) [PSYoungGen: 232960K->185687K(465920K)] 479167K->431894K(1864192K), 0.0891828 secs] [Times: user=0.47 sys=0.00, real=0.09 secs] 
4027.346: [GC (Allocation Failure) [PSYoungGen: 418647K->186645K(465920K)] 664854K->491788K(1864192K), 0.0561559 secs] [Times: user=0.28 sys=0.00, real=0.05 secs] 
4028.440: [GC (GCLocker Initiated GC) [PSYoungGen: 419605K->92475K(465920K)] 724749K->468198K(1864192K), 0.0552381 secs] [Times: user=0.29 sys=0.00, real=0.05 secs] 
4029.099: [GC (Allocation Failure) [PSYoungGen: 325435K->170932K(465920K)] 701165K->576252K(1864192K), 0.0443749 secs] [Times: user=0.19 sys=0.00, real=0.04 secs] 
4029.337: [GC (Allocation Failure) [PSYoungGen: 403892K->184534K(465920K)] 809212K->643117K(1864192K), 0.0599247 secs] [Times: user=0.28 sys=0.00, real=0.06 secs] 
4029.566: [GC (Allocation Failure) [PSYoungGen: 417494K->187125K(465920K)] 876077K->701636K(1864192K), 0.0595235 secs] [Times: user=0.28 sys=0.00, real=0.05 secs] 
4030.595: [GC (Allocation Failure) [PSYoungGen: 420085K->122543K(465920K)] 934596K->707526K(1864192K), 0.0473212 secs] [Times: user=0.24 sys=0.00, real=0.05 secs] 
4031.030: [GC (Allocation Failure) [PSYoungGen: 355503K->145793K(465920K)] 940486K->769593K(1864192K), 0.1175578 secs] [Times: user=0.64 sys=0.00, real=0.12 secs] 
4031.292: [GC (Allocation Failure) [PSYoungGen: 378753K->180885K(465920K)] 1002553K->850385K(1864192K), 0.0397380 secs] [Times: user=0.17 sys=0.00, real=0.04 secs] 
4031.449: [GC (Allocation Failure) [PSYoungGen: 413845K->185463K(465920K)] 1083345K->918495K(1864192K), 0.0505586 secs] [Times: user=0.23 sys=0.00, real=0.05 secs] 
4031.611: [GC (Allocation Failure) [PSYoungGen: 418423K->186485K(465920K)] 1151455K->978413K(1864192K), 0.0583821 secs] [Times: user=0.29 sys=0.00, real=0.06 secs] 
4033.667: [GC (Allocation Failure) [PSYoungGen: 419445K->87594K(465920K)] 1211373K->949939K(1864192K), 0.1071304 secs] [Times: user=0.59 sys=0.00, real=0.10 secs] 
4034.629: [GC (Allocation Failure) [PSYoungGen: 320554K->173141K(465920K)] 1182899K->1063594K(1864192K), 0.0455430 secs] [Times: user=0.19 sys=0.00, real=0.04 secs] 
4034.809: [GC (Allocation Failure) [PSYoungGen: 406101K->184406K(465920K)] 1296554K->1129035K(1864192K), 0.0435030 secs] [Times: user=0.19 sys=0.00, real=0.04 secs] 
4035.005: [GC (Allocation Failure) [PSYoungGen: 417366K->187189K(465920K)] 1361995K->1187714K(1864192K), 0.0666962 secs] [Times: user=0.33 sys=0.00, real=0.07 secs] 
4036.282: [GC (Allocation Failure) [PSYoungGen: 420149K->132304K(465920K)] 1420674K->1203406K(1864192K), 0.0492716 secs] [Times: user=0.24 sys=0.00, real=0.05 secs] 
4037.017: [GC (Allocation Failure) [PSYoungGen: 365264K->135488K(465920K)] 1436366K->1248342K(1864192K), 0.1298048 secs] [Times: user=0.71 sys=0.00, real=0.13 secs] 
4037.303: [GC (Allocation Failure) [PSYoungGen: 368448K->178901K(465920K)] 1481302K->1335131K(1864192K), 0.0403882 secs] [Times: user=0.18 sys=0.00, real=0.04 secs] 
4037.483: [GC (Allocation Failure) [PSYoungGen: 411861K->186071K(465920K)] 1568091K->1404661K(1864192K), 0.0562859 secs] [Times: user=0.27 sys=0.00, real=0.06 secs] 
4037.646: [GC (Allocation Failure) [PSYoungGen: 419031K->182484K(465920K)] 1637621K->1460099K(1864192K), 0.0583677 secs] [Times: user=0.28 sys=0.00, real=0.05 secs] 
4038.701: [GC (Allocation Failure) [PSYoungGen: 415444K->93899K(465920K)] 1693059K->1440505K(1864192K), 0.0456157 secs] [Times: user=0.23 sys=0.00, real=0.05 secs] 
4038.747: [Full GC (Ergonomics) [PSYoungGen: 93899K->0K(465920K)] [ParOldGen: 1346606K->97163K(1398272K)] 1440505K->97163K(1864192K), [Metaspace: 60344K->60344K(1105920K)], 0.0674885 secs] [Times: user=0.26 sys=0.00, real=0.06 secs] 
4039.117: [GC (Allocation Failure) [PSYoungGen: 232960K->174485K(465920K)] 330123K->271649K(1864192K), 0.0304645 secs] [Times: user=0.11 sys=0.00, real=0.03 secs] 
4039.322: [GC (Allocation Failure) [PSYoungGen: 407445K->184118K(465920K)] 504609K->335766K(1864192K), 0.0642234 secs] [Times: user=0.31 sys=0.00, real=0.07 secs] 
4039.563: [GC (Allocation Failure) [PSYoungGen: 417078K->184661K(465920K)] 568726K->392165K(1864192K), 0.0616767 secs] [Times: user=0.30 sys=0.00, real=0.06 secs] 
4040.524: [GC (Allocation Failure) [PSYoungGen: 417621K->141841K(465920K)] 625125K->418953K(1864192K), 0.0487957 secs] [Times: user=0.25 sys=0.00, real=0.05 secs] 
4041.681: [GC (Allocation Failure) [PSYoungGen: 374801K->124847K(465920K)] 651913K->446871K(1864192K), 0.1548356 secs] [Times: user=0.87 sys=0.00, real=0.15 secs] 
4042.010: [GC (Allocation Failure) [PSYoungGen: 357807K->178709K(465920K)] 679831K->541389K(1864192K), 0.0405386 secs] [Times: user=0.15 sys=0.00, real=0.04 secs] 
4042.172: [GC (Allocation Failure) [PSYoungGen: 411669K->185399K(465920K)] 774349K->610263K(1864192K), 0.0486209 secs] [Times: user=0.23 sys=0.00, real=0.05 secs] 
4042.343: [GC (Allocation Failure) [PSYoungGen: 418359K->186389K(465920K)] 843223K->670101K(1864192K), 0.0573238 secs] [Times: user=0.28 sys=0.00, real=0.06 secs] 
4043.523: [GC (Allocation Failure) [PSYoungGen: 419349K->96235K(465920K)] 903061K->650396K(1864192K), 0.0650855 secs] [Times: user=0.34 sys=0.00, real=0.07 secs] 
4044.189: [GC (Allocation Failure) [PSYoungGen: 329195K->172372K(465920K)] 883356K->757314K(1864192K), 0.0466136 secs] [Times: user=0.20 sys=0.00, real=0.04 secs] 
4044.377: [GC (Allocation Failure) [PSYoungGen: 405332K->181813K(465920K)] 990274K->820715K(1864192K), 0.0440753 secs] [Times: user=0.20 sys=0.00, real=0.04 secs] 
4044.594: [GC (GCLocker Initiated GC) [PSYoungGen: 414773K->186453K(465920K)] 1053675K->880859K(1864192K), 0.0705919 secs] [Times: user=0.34 sys=0.00, real=0.07 secs] 
4045.561: [GC (Allocation Failure) [PSYoungGen: 419413K->150258K(465920K)] 1113820K->915174K(1864192K), 0.0522338 secs] [Times: user=0.26 sys=0.01, real=0.05 secs] 
4045.986: [GC (Allocation Failure) [PSYoungGen: 383218K->124879K(465920K)] 1148134K->937354K(1864192K), 0.1251066 secs] [Times: user=0.70 sys=0.00, real=0.13 secs] 
4046.246: [GC (Allocation Failure) [PSYoungGen: 357839K->178293K(465920K)] 1170314K->1030569K(1864192K), 0.0377296 secs] [Times: user=0.17 sys=0.00, real=0.03 secs] 
4046.409: [GC (Allocation Failure) [PSYoungGen: 411253K->179062K(465920K)] 1263529K->1093726K(1864192K), 0.0482558 secs] [Times: user=0.23 sys=0.00, real=0.05 secs] 
4046.581: [GC (Allocation Failure) [PSYoungGen: 412022K->186421K(465920K)] 1326686K->1158165K(1864192K), 0.0562235 secs] [Times: user=0.28 sys=0.00, real=0.06 secs] 
4047.644: [GC (Allocation Failure) [PSYoungGen: 419381K->99083K(465920K)] 1391125K->1141228K(1864192K), 0.0544751 secs] [Times: user=0.29 sys=0.00, real=0.06 secs] 
4048.167: [GC (Allocation Failure) [PSYoungGen: 332043K->171924K(465920K)] 1374188K->1246394K(1864192K), 0.0614672 secs] [Times: user=0.29 sys=0.00, real=0.06 secs] 
4048.375: [GC (Allocation Failure) [PSYoungGen: 404884K->183573K(465920K)] 1479354K->1312067K(1864192K), 0.0437198 secs] [Times: user=0.20 sys=0.00, real=0.05 secs] 
4048.530: [GC (Allocation Failure) [PSYoungGen: 416533K->187605K(465920K)] 1545027K->1371626K(1864192K), 0.0463436 secs] [Times: user=0.22 sys=0.00, real=0.05 secs] 
4049.535: [GC (Allocation Failure) [PSYoungGen: 420565K->151890K(465920K)] 1604586K->1406504K(1864192K), 0.0519914 secs] [Times: user=0.26 sys=0.00, real=0.06 secs] 
4050.187: [GC (Allocation Failure) [PSYoungGen: 384850K->115373K(465920K)] 1639464K->1418067K(1864192K), 0.1214285 secs] [Times: user=0.68 sys=0.00, real=0.12 secs] 
4050.437: [GC (Allocation Failure) [PSYoungGen: 348333K->175828K(465920K)] 1651027K->1515087K(1864192K), 0.0371737 secs] [Times: user=0.16 sys=0.00, real=0.03 secs] 
4050.474: [Full GC (Ergonomics) [PSYoungGen: 175828K->0K(465920K)] [ParOldGen: 1339258K->229511K(1398272K)] 1515087K->229511K(1864192K), [Metaspace: 60344K->60344K(1105920K)], 0.2747526 secs] [Times: user=1.23 sys=0.00, real=0.28 secs] 
4050.877: [GC (Allocation Failure) [PSYoungGen: 232960K->185207K(465920K)] 462471K->414718K(1864192K), 0.0791116 secs] [Times: user=0.41 sys=0.00, real=0.08 secs] 
4051.065: [GC (Allocation Failure) [PSYoungGen: 418167K->186549K(465920K)] 647678K->474628K(1864192K), 0.0568318 secs] [Times: user=0.28 sys=0.00, real=0.06 secs] 
4052.059: [GC (Allocation Failure) [PSYoungGen: 419509K->93323K(465920K)] 707588K->451707K(1864192K), 0.0457434 secs] [Times: user=0.24 sys=0.00, real=0.04 secs] 
4052.416: [GC (Allocation Failure) [PSYoungGen: 326283K->174389K(465920K)] 684667K->563229K(1864192K), 0.0646352 secs] [Times: user=0.30 sys=0.00, real=0.07 secs] 
4052.677: [GC (Allocation Failure) [PSYoungGen: 407349K->180853K(465920K)] 796189K->623885K(1864192K), 0.0534263 secs] [Times: user=0.25 sys=0.01, real=0.05 secs] 
4052.884: [GC (Allocation Failure) [PSYoungGen: 409585K->179926K(465920K)] 852617K->686110K(1864192K), 0.0657963 secs] [Times: user=0.32 sys=0.00, real=0.07 secs] 
4053.800: [GC (Allocation Failure) [PSYoungGen: 412886K->168755K(465920K)] 919070K->732162K(1864192K), 0.0542873 secs] [Times: user=0.27 sys=0.00, real=0.05 secs] 
4054.266: [GC (Allocation Failure) [PSYoungGen: 401715K->104460K(465920K)] 965122K->732500K(1864192K), 0.0787968 secs] [Times: user=0.42 sys=0.01, real=0.07 secs] 
4054.741: [GC (Allocation Failure) [PSYoungGen: 335667K->178549K(465920K)] 963707K->840434K(1864192K), 0.0396747 secs] [Times: user=0.17 sys=0.00, real=0.04 secs] 
4054.936: [GC (Allocation Failure) [PSYoungGen: 411509K->181461K(465920K)] 1073394K->898950K(1864192K), 0.0627904 secs] [Times: user=0.30 sys=0.00, real=0.06 secs] 
4055.139: [GC (Allocation Failure) [PSYoungGen: 414421K->186837K(465920K)] 1131910K->959574K(1864192K), 0.0450474 secs] [Times: user=0.21 sys=0.00, real=0.04 secs] 
4056.250: [GC (Allocation Failure) [PSYoungGen: 419797K->99580K(465920K)] 1192534K->942605K(1864192K), 0.0444761 secs] [Times: user=0.23 sys=0.00, real=0.04 secs] 
4057.220: [GC (Allocation Failure) [PSYoungGen: 332540K->166740K(465920K)] 1175565K->1042113K(1864192K), 0.0618009 secs] [Times: user=0.29 sys=0.00, real=0.06 secs] 
4057.421: [GC (Allocation Failure) [PSYoungGen: 399700K->184726K(465920K)] 1275073K->1112263K(1864192K), 0.0428927 secs] [Times: user=0.20 sys=0.00, real=0.04 secs] 
4057.575: [GC (Allocation Failure) [PSYoungGen: 417686K->183382K(465920K)] 1345223K->1175112K(1864192K), 0.0502993 secs] [Times: user=0.24 sys=0.00, real=0.05 secs] 
4057.958: [GC (Allocation Failure) [PSYoungGen: 416342K->214388K(465920K)] 1408072K->1264165K(1864192K), 0.0552024 secs] [Times: user=0.27 sys=0.00, real=0.05 secs] 
4058.850: [GC (Allocation Failure) [PSYoungGen: 447348K->95499K(465920K)] 1497125K->1213284K(1864192K), 0.0533966 secs] [Times: user=0.29 sys=0.01, real=0.05 secs] 
4059.087: [GC (Allocation Failure) [PSYoungGen: 328459K->182934K(465920K)] 1446244K->1331176K(1864192K), 0.0506105 secs] [Times: user=0.22 sys=0.00, real=0.05 secs] 
4059.314: [GC (Allocation Failure) [PSYoungGen: 415894K->180373K(465920K)] 1564136K->1385683K(1864192K), 0.0634535 secs] [Times: user=0.31 sys=0.00, real=0.07 secs] 
4059.499: [GC (Allocation Failure) [PSYoungGen: 413333K->186517K(465920K)] 1618643K->1446595K(1864192K), 0.0464218 secs] [Times: user=0.21 sys=0.00, real=0.04 secs] 
4060.477: [GC (Allocation Failure) [PSYoungGen: 419477K->100588K(465920K)] 1679555K->1430898K(1864192K), 0.0459128 secs] [Times: user=0.24 sys=0.00, real=0.04 secs] 
4060.523: [Full GC (Ergonomics) [PSYoungGen: 100588K->0K(465920K)] [ParOldGen: 1330310K->90568K(1398272K)] 1430898K->90568K(1864192K), [Metaspace: 60344K->60344K(1105920K)], 0.0368435 secs] [Times: user=0.11 sys=0.00, real=0.04 secs] 
4060.864: [GC (Allocation Failure) [PSYoungGen: 232960K->174644K(465920K)] 323528K->265213K(1864192K), 0.0348066 secs] [Times: user=0.13 sys=0.00, real=0.04 secs] 
4061.047: [GC (Allocation Failure) [PSYoungGen: 407604K->181653K(465920K)] 498173K->325550K(1864192K), 0.0416376 secs] [Times: user=0.18 sys=0.00, real=0.04 secs] 
4061.205: [GC (Allocation Failure) [PSYoungGen: 414613K->185527K(465920K)] 558510K->392952K(1864192K), 0.0485788 secs] [Times: user=0.22 sys=0.00, real=0.05 secs] 
4061.492: [GC (Allocation Failure) [PSYoungGen: 418487K->215860K(465920K)] 625912K->482237K(1864192K), 0.0540179 secs] [Times: user=0.26 sys=0.00, real=0.06 secs] 
4062.812: [GC (Allocation Failure) [PSYoungGen: 448820K->89146K(465920K)] 715197K->424579K(1864192K), 0.0568649 secs] [Times: user=0.30 sys=0.00, real=0.06 secs] 
4063.140: [GC (Allocation Failure) [PSYoungGen: 322106K->182742K(465920K)] 657539K->546428K(1864192K), 0.0336494 secs] [Times: user=0.13 sys=0.00, real=0.03 secs] 
4063.310: [GC (Allocation Failure) [PSYoungGen: 415702K->184694K(465920K)] 779388K->605391K(1864192K), 0.0477360 secs] [Times: user=0.22 sys=0.00, real=0.05 secs] 
4063.493: [GC (Allocation Failure) [PSYoungGen: 417654K->183604K(465920K)] 838351K->660118K(1864192K), 0.0445978 secs] [Times: user=0.20 sys=0.00, real=0.05 secs] 
4064.523: [GC (Allocation Failure) [PSYoungGen: 416564K->100412K(465920K)] 893078K->646318K(1864192K), 0.0437316 secs] [Times: user=0.23 sys=0.00, real=0.05 secs] 
4065.341: [GC (Allocation Failure) [PSYoungGen: 333363K->166708K(465920K)] 879269K->745294K(1864192K), 0.0698935 secs] [Times: user=0.34 sys=0.00, real=0.07 secs] 
4065.547: [GC (Allocation Failure) [PSYoungGen: 399668K->192502K(465920K)] 978254K->823148K(1864192K), 0.0426262 secs] [Times: user=0.19 sys=0.00, real=0.04 secs] 
4065.702: [GC (Allocation Failure) [PSYoungGen: 425462K->185911K(465920K)] 1056108K->880890K(1864192K), 0.0501918 secs] [Times: user=0.23 sys=0.00, real=0.05 secs] 
4065.861: [GC (Allocation Failure) [PSYoungGen: 418871K->186933K(465920K)] 1113850K->940760K(1864192K), 0.0551756 secs] [Times: user=0.27 sys=0.00, real=0.05 secs] 
4067.152: [GC (Allocation Failure) [PSYoungGen: 419893K->83913K(465920K)] 1173720K->908236K(1864192K), 0.0581364 secs] [Times: user=0.32 sys=0.00, real=0.06 secs] 
4067.476: [GC (Allocation Failure) [PSYoungGen: 316873K->182678K(465920K)] 1141196K->1034206K(1864192K), 0.0340477 secs] [Times: user=0.14 sys=0.00, real=0.03 secs] 
4067.703: [GC (Allocation Failure) [PSYoungGen: 415638K->182709K(465920K)] 1267166K->1090765K(1864192K), 0.0463216 secs] [Times: user=0.21 sys=0.00, real=0.05 secs] 
4067.859: [GC (Allocation Failure) [PSYoungGen: 415669K->186261K(465920K)] 1323725K->1149621K(1864192K), 0.0457421 secs] [Times: user=0.21 sys=0.00, real=0.04 secs] 
4068.851: [GC (Allocation Failure) [PSYoungGen: 419221K->103420K(465920K)] 1382581K->1137020K(1864192K), 0.0455141 secs] [Times: user=0.23 sys=0.00, real=0.05 secs] 
4069.621: [GC (Allocation Failure) [PSYoungGen: 336380K->161907K(465920K)] 1369980K->1228840K(1864192K), 0.0747333 secs] [Times: user=0.37 sys=0.00, real=0.07 secs] 
4069.912: [GC (Allocation Failure) [PSYoungGen: 394867K->180821K(465920K)] 1461800K->1298234K(1864192K), 0.0491390 secs] [Times: user=0.23 sys=0.00, real=0.05 secs] 
4070.079: [GC (Allocation Failure) [PSYoungGen: 413781K->185847K(465920K)] 1531194K->1366612K(1864192K), 0.0512300 secs] [Times: user=0.24 sys=0.00, real=0.05 secs] 
4070.292: [GC (Allocation Failure) [PSYoungGen: 418807K->186741K(465920K)] 1599572K->1426394K(1864192K), 0.0819607 secs] [Times: user=0.42 sys=0.00, real=0.08 secs] 
4071.568: [GC (Allocation Failure) [PSYoungGen: 419701K->94251K(465920K)] 1659354K->1404384K(1864192K), 0.1062427 secs] [Times: user=0.58 sys=0.00, real=0.10 secs] 
4071.674: [Full GC (Ergonomics) [PSYoungGen: 94251K->0K(465920K)] [ParOldGen: 1310133K->108581K(1398272K)] 1404384K->108581K(1864192K), [Metaspace: 60344K->60344K(1105920K)], 0.1630672 secs] [Times: user=0.71 sys=0.00, real=0.17 secs] 
4072.424: [GC (Allocation Failure) [PSYoungGen: 232960K->179349K(465920K)] 341541K->287930K(1864192K), 0.0319104 secs] [Times: user=0.11 sys=0.00, real=0.04 secs] 
4072.575: [GC (Allocation Failure) [PSYoungGen: 412309K->181365K(465920K)] 520890K->345566K(1864192K), 0.0426579 secs] [Times: user=0.18 sys=0.01, real=0.05 secs] 
4072.729: [GC (Allocation Failure) [PSYoungGen: 414325K->186453K(465920K)] 578526K->406046K(1864192K), 0.0454878 secs] [Times: user=0.21 sys=0.00, real=0.04 secs] 
4073.788: [GC (Allocation Failure) [PSYoungGen: 419413K->106685K(465920K)] 639006K->396678K(1864192K), 0.0451156 secs] [Times: user=0.23 sys=0.00, real=0.04 secs] 
4074.253: [GC (Allocation Failure) [PSYoungGen: 339645K->161779K(465920K)] 629638K->486465K(1864192K), 0.0731262 secs] [Times: user=0.36 sys=0.01, real=0.08 secs] 
4074.506: [GC (Allocation Failure) [PSYoungGen: 394739K->181173K(465920K)] 719425K->556599K(1864192K), 0.0570063 secs] [Times: user=0.27 sys=0.00, real=0.06 secs] 
4074.689: [GC (Allocation Failure) [PSYoungGen: 414133K->185623K(465920K)] 789559K->624025K(1864192K), 0.0490778 secs] [Times: user=0.23 sys=0.00, real=0.05 secs] 
4074.846: [GC (Allocation Failure) [PSYoungGen: 418583K->186805K(465920K)] 856985K->683907K(1864192K), 0.0554133 secs] [Times: user=0.27 sys=0.00, real=0.06 secs] 
4075.842: [GC (Allocation Failure) [PSYoungGen: 419765K->87946K(465920K)] 916867K->655528K(1864192K), 0.0398350 secs] [Times: user=0.20 sys=0.00, real=0.04 secs] 
4076.093: [GC (Allocation Failure) [PSYoungGen: 320906K->181398K(465920K)] 888488K->777492K(1864192K), 0.0492894 secs] [Times: user=0.21 sys=0.00, real=0.05 secs] 
4076.288: [GC (Allocation Failure) [PSYoungGen: 414358K->184149K(465920K)] 1010452K->836636K(1864192K), 0.0450120 secs] [Times: user=0.21 sys=0.01, real=0.04 secs] 
4076.442: [GC (Allocation Failure) [PSYoungGen: 417109K->186325K(465920K)] 1069596K->894603K(1864192K), 0.0471147 secs] [Times: user=0.22 sys=0.00, real=0.05 secs] 
4077.902: [GC (Allocation Failure) [PSYoungGen: 419285K->108685K(465920K)] 1127563K->887211K(1864192K), 0.0468366 secs] [Times: user=0.24 sys=0.00, real=0.05 secs] 
4079.218: [GC (Allocation Failure) [PSYoungGen: 341645K->150546K(465920K)] 1120171K->964036K(1864192K), 0.0989809 secs] [Times: user=0.53 sys=0.00, real=0.10 secs] 
4079.469: [GC (Allocation Failure) [PSYoungGen: 383506K->184694K(465920K)] 1196996K->1045392K(1864192K), 0.0408757 secs] [Times: user=0.18 sys=0.00, real=0.04 secs] 
4079.623: [GC (Allocation Failure) [PSYoungGen: 417654K->186071K(465920K)] 1278352K->1110834K(1864192K), 0.0507077 secs] [Times: user=0.24 sys=0.00, real=0.05 secs] 
4079.781: [GC (Allocation Failure) [PSYoungGen: 419031K->186741K(465920K)] 1343794K->1170256K(1864192K), 0.0567357 secs] [Times: user=0.28 sys=0.00, real=0.06 secs] 
4081.500: [GC (Allocation Failure) [PSYoungGen: 419701K->87002K(465920K)] 1403216K->1141077K(1864192K), 0.1160889 secs] [Times: user=0.64 sys=0.00, real=0.11 secs] 
4082.059: [GC (Allocation Failure) [PSYoungGen: 319962K->177461K(465920K)] 1374037K->1259249K(1864192K), 0.0463737 secs] [Times: user=0.20 sys=0.00, real=0.04 secs] 
4082.236: [GC (Allocation Failure) [PSYoungGen: 410421K->184598K(465920K)] 1492209K->1321918K(1864192K), 0.0449997 secs] [Times: user=0.20 sys=0.00, real=0.04 secs] 
4082.390: [GC (Allocation Failure) [PSYoungGen: 417558K->186901K(465920K)] 1554878K->1380037K(1864192K), 0.0468160 secs] [Times: user=0.22 sys=0.00, real=0.05 secs] 
4083.385: [GC (Allocation Failure) [PSYoungGen: 419861K->117230K(465920K)] 1612997K->1380886K(1864192K), 0.0482692 secs] [Times: user=0.24 sys=0.00, real=0.05 secs] 
4083.747: [GC (GCLocker Initiated GC) [PSYoungGen: 350190K->145249K(465920K)] 1613846K->1446121K(1864192K), 0.0600461 secs] [Times: user=0.30 sys=0.01, real=0.06 secs] 
4083.923: [GC (Allocation Failure) [PSYoungGen: 378209K->182997K(465920K)] 1679084K->1530001K(1864192K), 0.0406006 secs] [Times: user=0.18 sys=0.00, real=0.04 secs] 
4083.964: [Full GC (Ergonomics) [PSYoungGen: 182997K->0K(465920K)] [ParOldGen: 1347003K->246233K(1398272K)] 1530001K->246233K(1864192K), [Metaspace: 60344K->60344K(1105920K)], 0.2898524 secs] [Times: user=1.32 sys=0.00, real=0.29 secs] 
4084.370: [GC (Allocation Failure) [PSYoungGen: 232960K->185079K(465920K)] 479193K->431312K(1864192K), 0.0777902 secs] [Times: user=0.40 sys=0.01, real=0.08 secs] 
4084.556: [GC (Allocation Failure) [PSYoungGen: 418039K->186901K(465920K)] 664272K->491790K(1864192K), 0.0570932 secs] [Times: user=0.29 sys=0.00, real=0.06 secs] 
4086.043: [GC (Allocation Failure) [PSYoungGen: 419861K->86746K(465920K)] 724750K->462279K(1864192K), 0.1154416 secs] [Times: user=0.63 sys=0.02, real=0.12 secs] 
4086.897: [GC (Allocation Failure) [PSYoungGen: 319706K->174325K(465920K)] 695239K->577803K(1864192K), 0.0443058 secs] [Times: user=0.19 sys=0.00, real=0.04 secs] 
4087.073: [GC (Allocation Failure) [PSYoungGen: 407285K->184982K(465920K)] 810763K->643096K(1864192K), 0.0425491 secs] [Times: user=0.20 sys=0.00, real=0.04 secs] 
4087.248: [GC (Allocation Failure) [PSYoungGen: 417942K->187253K(465920K)] 876056K->701335K(1864192K), 0.0504839 secs] [Times: user=0.24 sys=0.00, real=0.05 secs] 
4088.290: [GC (Allocation Failure) [PSYoungGen: 420213K->130800K(465920K)] 934295K->715406K(1864192K), 0.0480543 secs] [Times: user=0.24 sys=0.00, real=0.05 secs] 
4089.218: [GC (Allocation Failure) [PSYoungGen: 363760K->135280K(465920K)] 948366K->761446K(1864192K), 0.1135636 secs] [Times: user=0.62 sys=0.00, real=0.11 secs] 
4089.486: [GC (Allocation Failure) [PSYoungGen: 368240K->178709K(465920K)] 994406K->848252K(1864192K), 0.0382379 secs] [Times: user=0.17 sys=0.00, real=0.04 secs] 
4089.639: [GC (Allocation Failure) [PSYoungGen: 411669K->185975K(465920K)] 1081212K->917974K(1864192K), 0.0492372 secs] [Times: user=0.22 sys=0.00, real=0.05 secs] 
4089.800: [GC (Allocation Failure) [PSYoungGen: 418935K->186837K(465920K)] 1150934K->977836K(1864192K), 0.0565520 secs] [Times: user=0.28 sys=0.00, real=0.05 secs] 
4090.881: [GC (Allocation Failure) [PSYoungGen: 419797K->90938K(465920K)] 1210796K->952482K(1864192K), 0.0425621 secs] [Times: user=0.22 sys=0.00, real=0.04 secs] 
4091.220: [GC (Allocation Failure) [PSYoungGen: 323898K->177941K(465920K)] 1185442K->1069237K(1864192K), 0.0501741 secs] [Times: user=0.22 sys=0.00, real=0.05 secs] 
4091.415: [GC (Allocation Failure) [PSYoungGen: 410901K->184438K(465920K)] 1302197K->1131158K(1864192K), 0.0447517 secs] [Times: user=0.20 sys=0.00, real=0.05 secs] 
4091.586: [GC (Allocation Failure) [PSYoungGen: 417398K->186837K(465920K)] 1364118K->1189545K(1864192K), 0.0521842 secs] [Times: user=0.25 sys=0.00, real=0.05 secs] 
4092.569: [GC (Allocation Failure) [PSYoungGen: 419797K->133456K(465920K)] 1422505K->1206837K(1864192K), 0.0504718 secs] [Times: user=0.25 sys=0.00, real=0.05 secs] 
4093.519: [GC (Allocation Failure) [PSYoungGen: 366416K->132464K(465920K)] 1439797K->1248276K(1864192K), 0.1493452 secs] [Times: user=0.82 sys=0.01, real=0.15 secs] 
4093.833: [GC (Allocation Failure) [PSYoungGen: 365424K->175700K(465920K)] 1481236K->1333974K(1864192K), 0.0384864 secs] [Times: user=0.16 sys=0.01, real=0.04 secs] 
4093.989: [GC (Allocation Failure) [PSYoungGen: 408660K->185687K(465920K)] 1566934K->1405624K(1864192K), 0.0508348 secs] [Times: user=0.24 sys=0.00, real=0.05 secs] 
4094.152: [GC (Allocation Failure) [PSYoungGen: 418647K->186421K(465920K)] 1638584K->1465174K(1864192K), 0.0598505 secs] [Times: user=0.30 sys=0.00, real=0.06 secs] 
4095.526: [GC (Allocation Failure) [PSYoungGen: 419381K->93707K(465920K)] 1698134K->1442764K(1864192K), 0.0723652 secs] [Times: user=0.39 sys=0.00, real=0.08 secs] 
4095.598: [Full GC (Ergonomics) [PSYoungGen: 93707K->0K(465920K)] [ParOldGen: 1349057K->95771K(1398272K)] 1442764K->95771K(1864192K), [Metaspace: 60344K->60344K(1105920K)], 0.0912902 secs] [Times: user=0.35 sys=0.00, real=0.09 secs] 
4096.152: [GC (Allocation Failure) [PSYoungGen: 232960K->174997K(465920K)] 328731K->270769K(1864192K), 0.0333176 secs] [Times: user=0.12 sys=0.00, real=0.03 secs] 
4096.324: [GC (GCLocker Initiated GC) [PSYoungGen: 407957K->182325K(465920K)] 503729K->333270K(1864192K), 0.0409462 secs] [Times: user=0.18 sys=0.00, real=0.04 secs] 
4096.475: [GC (Allocation Failure) [PSYoungGen: 415285K->184276K(465920K)] 566525K->390836K(1864192K), 0.0442544 secs] [Times: user=0.21 sys=0.01, real=0.05 secs] 
4097.528: [GC (Allocation Failure) [PSYoungGen: 417236K->145778K(465920K)] 623796K->421769K(1864192K), 0.0493250 secs] [Times: user=0.24 sys=0.00, real=0.05 secs] 
4097.907: [GC (Allocation Failure) [PSYoungGen: 378738K->127439K(465920K)] 654729K->449714K(1864192K), 0.1063432 secs] [Times: user=0.58 sys=0.01, real=0.10 secs] 
4098.151: [GC (Allocation Failure) [PSYoungGen: 360399K->178261K(465920K)] 682674K->540929K(1864192K), 0.0376233 secs] [Times: user=0.17 sys=0.00, real=0.04 secs] 
4098.329: [GC (Allocation Failure) [PSYoungGen: 411221K->185751K(465920K)] 773889K->611083K(1864192K), 0.0543325 secs] [Times: user=0.26 sys=0.00, real=0.05 secs] 
4098.491: [GC (Allocation Failure) [PSYoungGen: 418699K->183380K(465920K)] 844031K->667617K(1864192K), 0.0568855 secs] [Times: user=0.28 sys=0.00, real=0.06 secs] 
4099.507: [GC (Allocation Failure) [PSYoungGen: 416340K->91419K(465920K)] 900577K->644867K(1864192K), 0.0465039 secs] [Times: user=0.25 sys=0.00, real=0.04 secs] 
4100.042: [GC (Allocation Failure) [PSYoungGen: 324379K->174549K(465920K)] 877827K->757706K(1864192K), 0.0492459 secs] [Times: user=0.22 sys=0.00, real=0.05 secs] 
4100.227: [GC (Allocation Failure) [PSYoungGen: 407509K->184310K(465920K)] 990666K->821923K(1864192K), 0.0436930 secs] [Times: user=0.20 sys=0.00, real=0.04 secs] 
4100.380: [GC (Allocation Failure) [PSYoungGen: 417270K->187509K(465920K)] 1054883K->881058K(1864192K), 0.0463406 secs] [Times: user=0.21 sys=0.00, real=0.04 secs] 
4101.373: [GC (Allocation Failure) [PSYoungGen: 420469K->149490K(465920K)] 1114018K->913808K(1864192K), 0.0513788 secs] [Times: user=0.26 sys=0.00, real=0.05 secs] 
4102.983: [GC (Allocation Failure) [PSYoungGen: 382450K->113165K(465920K)] 1146768K->924826K(1864192K), 0.1458494 secs] [Times: user=0.82 sys=0.00, real=0.15 secs] 
4103.339: [GC (Allocation Failure) [PSYoungGen: 346125K->178901K(465920K)] 1157786K->1027427K(1864192K), 0.0369618 secs] [Times: user=0.16 sys=0.00, real=0.03 secs] 
4103.492: [GC (Allocation Failure) [PSYoungGen: 411861K->184695K(465920K)] 1260387K->1095633K(1864192K), 0.0535363 secs] [Times: user=0.23 sys=0.00, real=0.05 secs] 
4103.690: [GC (Allocation Failure) [PSYoungGen: 417655K->186869K(465920K)] 1328593K->1156327K(1864192K), 0.0645329 secs] [Times: user=0.32 sys=0.00, real=0.06 secs] 
4104.736: [GC (Allocation Failure) [PSYoungGen: 419829K->93755K(465920K)] 1389287K->1133797K(1864192K), 0.0494690 secs] [Times: user=0.25 sys=0.00, real=0.04 secs] 
4105.465: [GC (Allocation Failure) [PSYoungGen: 326715K->168980K(465920K)] 1366757K->1239051K(1864192K), 0.0544479 secs] [Times: user=0.25 sys=0.00, real=0.06 secs] 
4105.670: [GC (Allocation Failure) [PSYoungGen: 401940K->184726K(465920K)] 1472011K->1307969K(1864192K), 0.0444186 secs] [Times: user=0.20 sys=0.00, real=0.04 secs] 
4105.827: [GC (Allocation Failure) [PSYoungGen: 413310K->181398K(465920K)] 1536553K->1368690K(1864192K), 0.0515077 secs] [Times: user=0.24 sys=0.00, real=0.05 secs] 
4106.765: [GC (Allocation Failure) [PSYoungGen: 414358K->168979K(465920K)] 1601650K->1413958K(1864192K), 0.0562203 secs] [Times: user=0.28 sys=0.00, real=0.06 secs] 
4107.129: [GC (Allocation Failure) [PSYoungGen: 401939K->105884K(465920K)] 1646918K->1415440K(1864192K), 0.0559739 secs] [Times: user=0.29 sys=0.00, real=0.05 secs] 
4107.423: [GC (Allocation Failure) [PSYoungGen: 333258K->177237K(465920K)] 1642814K->1521138K(1864192K), 0.0366809 secs] [Times: user=0.16 sys=0.00, real=0.04 secs] 
4107.459: [Full GC (Ergonomics) [PSYoungGen: 177237K->0K(465920K)] [ParOldGen: 1343900K->228729K(1398272K)] 1521138K->228729K(1864192K), [Metaspace: 60344K->60344K(1105920K)], 0.2677375 secs] [Times: user=1.21 sys=0.00, real=0.27 secs] 
4107.845: [GC (Allocation Failure) [PSYoungGen: 232960K->181397K(465920K)] 461689K->410126K(1864192K), 0.0260553 secs] [Times: user=0.09 sys=0.01, real=0.03 secs] 
4108.001: [GC (Allocation Failure) [PSYoungGen: 414357K->186837K(465920K)] 643086K->470806K(1864192K), 0.0491552 secs] [Times: user=0.23 sys=0.00, real=0.05 secs] 
4109.960: [GC (Allocation Failure) [PSYoungGen: 419797K->96315K(465920K)] 703766K->450696K(1864192K), 0.1150179 secs] [Times: user=0.63 sys=0.00, real=0.11 secs] 
4111.414: [GC (Allocation Failure) [PSYoungGen: 329275K->162995K(465920K)] 683656K->548221K(1864192K), 0.0704828 secs] [Times: user=0.35 sys=0.00, real=0.07 secs] 
4111.706: [GC (Allocation Failure) [PSYoungGen: 395955K->184118K(465920K)] 781181K->620324K(1864192K), 0.0570069 secs] [Times: user=0.27 sys=0.00, real=0.06 secs] 
4111.881: [GC (Allocation Failure) [PSYoungGen: 417078K->186231K(465920K)] 853284K->686477K(1864192K), 0.0510693 secs] [Times: user=0.24 sys=0.00, real=0.05 secs] 
4112.083: [GC (Allocation Failure) [PSYoungGen: 419191K->202421K(465920K)] 919437K->761803K(1864192K), 0.0542212 secs] [Times: user=0.26 sys=0.00, real=0.06 secs] 
4113.057: [GC (Allocation Failure) [PSYoungGen: 435381K->88154K(465920K)] 994763K->717504K(1864192K), 0.0443516 secs] [Times: user=0.24 sys=0.00, real=0.04 secs] 
4113.406: [GC (Allocation Failure) [PSYoungGen: 321114K->178421K(465920K)] 950464K->836573K(1864192K), 0.0462790 secs] [Times: user=0.21 sys=0.00, real=0.04 secs] 
4113.580: [GC (Allocation Failure) [PSYoungGen: 411381K->184598K(465920K)] 1069533K->898053K(1864192K), 0.0433092 secs] [Times: user=0.20 sys=0.00, real=0.04 secs] 
4113.732: [GC (Allocation Failure) [PSYoungGen: 417558K->186581K(465920K)] 1131013K->956088K(1864192K), 0.0474093 secs] [Times: user=0.21 sys=0.00, real=0.05 secs] 
4114.795: [GC (Allocation Failure) [PSYoungGen: 419541K->102924K(465920K)] 1189048K->942759K(1864192K), 0.0453911 secs] [Times: user=0.24 sys=0.00, real=0.05 secs] 
4115.261: [GC (Allocation Failure) [PSYoungGen: 335884K->165011K(465920K)] 1175719K->1038664K(1864192K), 0.0800704 secs] [Times: user=0.40 sys=0.00, real=0.08 secs] 
4115.492: [GC (Allocation Failure) [PSYoungGen: 397971K->184085K(465920K)] 1271624K->1109670K(1864192K), 0.0419305 secs] [Times: user=0.18 sys=0.00, real=0.04 secs] 
4115.716: [GC (Allocation Failure) [PSYoungGen: 417045K->182806K(465920K)] 1342630K->1172439K(1864192K), 0.0679994 secs] [Times: user=0.33 sys=0.00, real=0.06 secs] 
4116.003: [GC (Allocation Failure) [PSYoungGen: 415766K->186165K(465920K)] 1405399K->1233989K(1864192K), 0.0730020 secs] [Times: user=0.37 sys=0.00, real=0.08 secs] 
4117.955: [GC (Allocation Failure) [PSYoungGen: 419125K->85994K(465920K)] 1466949K->1203998K(1864192K), 0.1260221 secs] [Times: user=0.70 sys=0.01, real=0.13 secs] 
4118.620: [GC (Allocation Failure) [PSYoungGen: 318954K->179477K(465920K)] 1436958K->1325023K(1864192K), 0.0448451 secs] [Times: user=0.20 sys=0.01, real=0.04 secs] 
4118.846: [GC (Allocation Failure) [PSYoungGen: 412437K->184630K(465920K)] 1557983K->1386195K(1864192K), 0.0651606 secs] [Times: user=0.31 sys=0.00, real=0.07 secs] 
4119.034: [GC (Allocation Failure) [PSYoungGen: 417590K->183572K(465920K)] 1619155K->1441106K(1864192K), 0.0461367 secs] [Times: user=0.21 sys=0.00, real=0.05 secs] 
4120.014: [GC (Allocation Failure) [PSYoungGen: 416532K->110589K(465920K)] 1674066K->1437187K(1864192K), 0.0469007 secs] [Times: user=0.24 sys=0.00, real=0.05 secs] 
4120.061: [Full GC (Ergonomics) [PSYoungGen: 110589K->0K(465920K)] [ParOldGen: 1326597K->94436K(1398272K)] 1437187K->94436K(1864192K), [Metaspace: 60344K->60344K(1105920K)], 0.0340586 secs] [Times: user=0.10 sys=0.00, real=0.03 secs] 
4120.477: [GC (GCLocker Initiated GC) [PSYoungGen: 232960K->159187K(465920K)] 327397K->253624K(1864192K), 0.0406989 secs] [Times: user=0.15 sys=0.00, real=0.04 secs] 
4120.776: [GC (Allocation Failure) [PSYoungGen: 392147K->180981K(465920K)] 486587K->325037K(1864192K), 0.0462860 secs] [Times: user=0.22 sys=0.00, real=0.04 secs] 
4120.936: [GC (Allocation Failure) [PSYoungGen: 413941K->186199K(465920K)] 557997K->393571K(1864192K), 0.0492905 secs] [Times: user=0.23 sys=0.00, real=0.04 secs] 
4121.118: [GC (Allocation Failure) [PSYoungGen: 419159K->186709K(465920K)] 626531K->453049K(1864192K), 0.0659178 secs] [Times: user=0.34 sys=0.00, real=0.06 secs] 
4122.192: [GC (Allocation Failure) [PSYoungGen: 419669K->93002K(465920K)] 686009K->429763K(1864192K), 0.0616526 secs] [Times: user=0.32 sys=0.01, real=0.06 secs] 
4122.569: [GC (Allocation Failure) [PSYoungGen: 325962K->182166K(465920K)] 662723K->547755K(1864192K), 0.0437969 secs] [Times: user=0.19 sys=0.00, real=0.04 secs] 
4122.730: [GC (Allocation Failure) [PSYoungGen: 415126K->178709K(465920K)] 780715K->601230K(1864192K), 0.0427217 secs] [Times: user=0.18 sys=0.00, real=0.04 secs] 
4122.884: [GC (Allocation Failure) [PSYoungGen: 411669K->187061K(465920K)] 834190K->664390K(1864192K), 0.0445481 secs] [Times: user=0.20 sys=0.00, real=0.05 secs] 
4123.895: [GC (Allocation Failure) [PSYoungGen: 420021K->112285K(465920K)] 897350K->660046K(1864192K), 0.0457678 secs] [Times: user=0.23 sys=0.00, real=0.05 secs] 
4124.736: [GC (Allocation Failure) [PSYoungGen: 345245K->158259K(465920K)] 893006K->742269K(1864192K), 0.0720348 secs] [Times: user=0.36 sys=0.00, real=0.07 secs] 
4124.932: [GC (Allocation Failure) [PSYoungGen: 391219K->184534K(465920K)] 975229K->817964K(1864192K), 0.0426733 secs] [Times: user=0.19 sys=0.00, real=0.04 secs] 
4125.090: [GC (Allocation Failure) [PSYoungGen: 417494K->185207K(465920K)] 1050924K->882965K(1864192K), 0.0511055 secs] [Times: user=0.24 sys=0.00, real=0.05 secs] 
4125.248: [GC (Allocation Failure) [PSYoungGen: 418167K->186485K(465920K)] 1115925K->943107K(1864192K), 0.0572092 secs] [Times: user=0.28 sys=0.00, real=0.05 secs] 
4126.707: [GC (GCLocker Initiated GC) [PSYoungGen: 419445K->84266K(465920K)] 1176067K->911224K(1864192K), 0.0721576 secs] [Times: user=0.39 sys=0.01, real=0.07 secs] 
4127.046: [GC (Allocation Failure) [PSYoungGen: 317226K->178485K(465920K)] 1144351K->1032999K(1864192K), 0.0333348 secs] [Times: user=0.14 sys=0.00, real=0.03 secs] 
4127.217: [GC (Allocation Failure) [PSYoungGen: 411445K->184822K(465920K)] 1265959K->1095084K(1864192K), 0.0487782 secs] [Times: user=0.23 sys=0.00, real=0.04 secs] 
4127.395: [GC (Allocation Failure) [PSYoungGen: 417782K->186997K(465920K)] 1328044K->1153419K(1864192K), 0.0465982 secs] [Times: user=0.21 sys=0.00, real=0.05 secs] 
4128.419: [GC (Allocation Failure) [PSYoungGen: 419957K->113630K(465920K)] 1386379K->1150516K(1864192K), 0.0471613 secs] [Times: user=0.25 sys=0.01, real=0.05 secs] 
4129.045: [GC (Allocation Failure) [PSYoungGen: 346590K->149025K(465920K)] 1383476K->1222632K(1864192K), 0.0977519 secs] [Times: user=0.52 sys=0.00, real=0.10 secs] 
4129.292: [GC (Allocation Failure) [PSYoungGen: 381985K->183669K(465920K)] 1455592K->1303644K(1864192K), 0.0414454 secs] [Times: user=0.18 sys=0.01, real=0.04 secs] 
4129.448: [GC (Allocation Failure) [PSYoungGen: 416629K->185751K(465920K)] 1536604K->1369862K(1864192K), 0.0508755 secs] [Times: user=0.23 sys=0.00, real=0.05 secs] 
4129.609: [GC (Allocation Failure) [PSYoungGen: 418711K->186293K(465920K)] 1602822K->1429292K(1864192K), 0.0555223 secs] [Times: user=0.27 sys=0.00, real=0.05 secs] 
4130.736: [GC (GCLocker Initiated GC) [PSYoungGen: 419253K->87658K(465920K)] 1662253K->1401098K(1864192K), 0.0574080 secs] [Times: user=0.31 sys=0.00, real=0.06 secs] 
4130.793: [Full GC (Ergonomics) [PSYoungGen: 87658K->0K(465920K)] [ParOldGen: 1313440K->97254K(1398272K)] 1401098K->97254K(1864192K), [Metaspace: 60344K->60344K(1105920K)], 0.0824183 secs] [Times: user=0.34 sys=0.00, real=0.08 secs] 
4131.422: [GC (Allocation Failure) [PSYoungGen: 232960K->181877K(465920K)] 330217K->279135K(1864192K), 0.0283356 secs] [Times: user=0.11 sys=0.01, real=0.03 secs] 
4131.564: [GC (Allocation Failure) [PSYoungGen: 414837K->184758K(465920K)] 512095K->337603K(1864192K), 0.0427519 secs] [Times: user=0.19 sys=0.00, real=0.05 secs] 
4131.718: [GC (Allocation Failure) [PSYoungGen: 417718K->186837K(465920K)] 570563K->395635K(1864192K), 0.0449354 secs] [Times: user=0.21 sys=0.00, real=0.04 secs] 
4133.459: [GC (Allocation Failure) [PSYoungGen: 419797K->121167K(465920K)] 628595K->400312K(1864192K), 0.0464840 secs] [Times: user=0.23 sys=0.00, real=0.04 secs] 
4134.403: [GC (Allocation Failure) [PSYoungGen: 354127K->142113K(465920K)] 633272K->459706K(1864192K), 0.1096149 secs] [Times: user=0.51 sys=0.00, real=0.11 secs] 
4134.695: [GC (Allocation Failure) [PSYoungGen: 375073K->178645K(465920K)] 692666K->542256K(1864192K), 0.0389840 secs] [Times: user=0.17 sys=0.00, real=0.04 secs] 
4134.902: [GC (Allocation Failure) [PSYoungGen: 411605K->181814K(465920K)] 775216K->615969K(1864192K), 0.0774113 secs] [Times: user=0.38 sys=0.01, real=0.08 secs] 
4135.108: [GC (Allocation Failure) [PSYoungGen: 414774K->186357K(465920K)] 848929K->678120K(1864192K), 0.0560663 secs] [Times: user=0.27 sys=0.00, real=0.05 secs] 
4136.131: [GC (Allocation Failure) [PSYoungGen: 419317K->98555K(465920K)] 911080K->660522K(1864192K), 0.0434449 secs] [Times: user=0.23 sys=0.00, real=0.04 secs] 
4136.524: [GC (Allocation Failure) [PSYoungGen: 331515K->173973K(465920K)] 893482K->768324K(1864192K), 0.0331464 secs] [Times: user=0.13 sys=0.00, real=0.04 secs] 
4136.668: [GC (Allocation Failure) [PSYoungGen: 406933K->189973K(465920K)] 1001284K->838693K(1864192K), 0.0426488 secs] [Times: user=0.20 sys=0.00, real=0.04 secs] 
4136.822: [GC (Allocation Failure) [PSYoungGen: 422933K->186485K(465920K)] 1071653K->890865K(1864192K), 0.0454821 secs] [Times: user=0.21 sys=0.00, real=0.05 secs] 
4137.785: [GC (Allocation Failure) [PSYoungGen: 419445K->132368K(465920K)] 1123825K->906908K(1864192K), 0.0489149 secs] [Times: user=0.24 sys=0.00, real=0.05 secs] 
4138.357: [GC (Allocation Failure) [PSYoungGen: 365328K->140977K(465920K)] 1139868K->957588K(1864192K), 0.0971162 secs] [Times: user=0.52 sys=0.00, real=0.09 secs] 
4138.580: [GC (Allocation Failure) [PSYoungGen: 373937K->178709K(465920K)] 1190548K->1040482K(1864192K), 0.0401359 secs] [Times: user=0.18 sys=0.00, real=0.04 secs] 
4138.735: [GC (Allocation Failure) [PSYoungGen: 411669K->182550K(465920K)] 1273442K->1106647K(1864192K), 0.0495272 secs] [Times: user=0.23 sys=0.00, real=0.05 secs] 
4138.896: [GC (Allocation Failure) [PSYoungGen: 415510K->186517K(465920K)] 1339607K->1168798K(1864192K), 0.0568577 secs] [Times: user=0.28 sys=0.00, real=0.06 secs] 
4140.302: [GC (Allocation Failure) [PSYoungGen: 419477K->91066K(465920K)] 1401758K->1143671K(1864192K), 0.0970376 secs] [Times: user=0.53 sys=0.00, real=0.10 secs] 
4140.871: [GC (Allocation Failure) [PSYoungGen: 324026K->177109K(465920K)] 1376631K->1259175K(1864192K), 0.0418073 secs] [Times: user=0.18 sys=0.00, real=0.04 secs] 
4141.078: [GC (Allocation Failure) [PSYoungGen: 410069K->184310K(465920K)] 1492135K->1321671K(1864192K), 0.0491266 secs] [Times: user=0.23 sys=0.00, real=0.05 secs] 
4141.248: [GC (Allocation Failure) [PSYoungGen: 417270K->186933K(465920K)] 1554631K->1380191K(1864192K), 0.0468608 secs] [Times: user=0.21 sys=0.00, real=0.04 secs] 
4142.238: [GC (Allocation Failure) [PSYoungGen: 419893K->133872K(465920K)] 1613151K->1397754K(1864192K), 0.0499062 secs] [Times: user=0.25 sys=0.00, real=0.05 secs] 
4143.005: [GC (GCLocker Initiated GC) [PSYoungGen: 366832K->133616K(465920K)] 1630714K->1439802K(1864192K), 0.1050057 secs] [Times: user=0.58 sys=0.00, real=0.11 secs] 
4143.292: [GC (Allocation Failure) [PSYoungGen: 366576K->178357K(465920K)] 1672928K->1527362K(1864192K), 0.0508109 secs] [Times: user=0.24 sys=0.00, real=0.05 secs] 
4143.343: [Full GC (Ergonomics) [PSYoungGen: 178357K->0K(465920K)] [ParOldGen: 1349005K->238180K(1398272K)] 1527362K->238180K(1864192K), [Metaspace: 60344K->60344K(1105920K)], 0.2887922 secs] [Times: user=1.32 sys=0.00, real=0.29 secs] 
4143.747: [GC (Allocation Failure) [PSYoungGen: 232960K->185431K(465920K)] 471140K->423612K(1864192K), 0.0906749 secs] [Times: user=0.48 sys=0.00, real=0.09 secs] 
4143.946: [GC (Allocation Failure) [PSYoungGen: 418391K->186773K(465920K)] 656572K->484130K(1864192K), 0.0567463 secs] [Times: user=0.28 sys=0.00, real=0.06 secs] 
4145.008: [GC (Allocation Failure) [PSYoungGen: 419733K->88554K(465920K)] 717090K->456315K(1864192K), 0.0446529 secs] [Times: user=0.23 sys=0.01, real=0.04 secs] 
4145.539: [GC (Allocation Failure) [PSYoungGen: 321514K->171508K(465920K)] 689275K->567766K(1864192K), 0.0495026 secs] [Times: user=0.21 sys=0.00, real=0.05 secs] 
4145.801: [GC (Allocation Failure) [PSYoungGen: 404468K->184406K(465920K)] 800726K->634320K(1864192K), 0.0524232 secs] [Times: user=0.25 sys=0.00, real=0.05 secs] 
4145.960: [GC (Allocation Failure) [PSYoungGen: 417366K->187381K(465920K)] 867280K->693275K(1864192K), 0.0456954 secs] [Times: user=0.21 sys=0.00, real=0.04 secs] 
4146.888: [GC (Allocation Failure) [PSYoungGen: 420341K->145906K(465920K)] 926235K->722304K(1864192K), 0.0501376 secs] [Times: user=0.25 sys=0.00, real=0.05 secs] 
4148.052: [GC (Allocation Failure) [PSYoungGen: 378866K->123502K(465920K)] 955264K->746289K(1864192K), 0.1619166 secs] [Times: user=0.92 sys=0.00, real=0.16 secs] 
4148.375: [GC (Allocation Failure) [PSYoungGen: 356462K->175700K(465920K)] 979249K->838188K(1864192K), 0.0371249 secs] [Times: user=0.16 sys=0.00, real=0.04 secs] 
4148.530: [GC (Allocation Failure) [PSYoungGen: 408660K->185463K(465920K)] 1071148K->909342K(1864192K), 0.0487673 secs] [Times: user=0.23 sys=0.00, real=0.05 secs] 
4148.729: [GC (Allocation Failure) [PSYoungGen: 418423K->186613K(465920K)] 1142302K->969364K(1864192K), 0.0861790 secs] [Times: user=0.44 sys=0.00, real=0.08 secs] 
4149.889: [GC (Allocation Failure) [PSYoungGen: 419573K->94443K(465920K)] 1202324K->947530K(1864192K), 0.0518562 secs] [Times: user=0.28 sys=0.00, real=0.05 secs] 
4150.471: [GC (Allocation Failure) [PSYoungGen: 327403K->171604K(465920K)] 1180490K->1055416K(1864192K), 0.0560778 secs] [Times: user=0.25 sys=0.00, real=0.06 secs] 
4150.671: [GC (Allocation Failure) [PSYoungGen: 404564K->180693K(465920K)] 1288376K->1117745K(1864192K), 0.0429983 secs] [Times: user=0.20 sys=0.00, real=0.04 secs] 
4150.824: [GC (Allocation Failure) [PSYoungGen: 403842K->174517K(465920K)] 1340894K->1174377K(1864192K), 0.0490613 secs] [Times: user=0.22 sys=0.00, real=0.05 secs] 
4151.752: [GC (Allocation Failure) [PSYoungGen: 407477K->168339K(401408K)] 1407337K->1223715K(1799680K), 0.0540043 secs] [Times: user=0.26 sys=0.00, real=0.06 secs] 
4152.138: [GC (Allocation Failure) [PSYoungGen: 401299K->108653K(463872K)] 1456675K->1228597K(1862144K), 0.0643340 secs] [Times: user=0.33 sys=0.01, real=0.06 secs] 
4152.402: [GC (Allocation Failure) [PSYoungGen: 336171K->174709K(464896K)] 1456115K->1329070K(1863168K), 0.0454669 secs] [Times: user=0.20 sys=0.00, real=0.05 secs] 
4152.563: [GC (GCLocker Initiated GC) [PSYoungGen: 406645K->181141K(465920K)] 1561007K->1390395K(1864192K), 0.0434700 secs] [Times: user=0.19 sys=0.00, real=0.05 secs] 
4152.758: [GC (Allocation Failure) [PSYoungGen: 414101K->186389K(465920K)] 1623358K->1450549K(1864192K), 0.0599994 secs] [Times: user=0.29 sys=0.00, real=0.06 secs] 
4153.840: [GC (Allocation Failure) [PSYoungGen: 419349K->96379K(465920K)] 1683509K->1430852K(1864192K), 0.0448273 secs] [Times: user=0.23 sys=0.00, real=0.04 secs] 
4153.885: [Full GC (Ergonomics) [PSYoungGen: 96379K->0K(465920K)] [ParOldGen: 1334472K->87594K(1398272K)] 1430852K->87594K(1864192K), [Metaspace: 60344K->60344K(1105920K)], 0.0345977 secs] [Times: user=0.10 sys=0.00, real=0.04 secs] 
4154.515: [GC (Allocation Failure) [PSYoungGen: 232960K->168276K(465920K)] 320554K->255870K(1864192K), 0.0373677 secs] [Times: user=0.14 sys=0.00, real=0.04 secs] 
4154.716: [GC (Allocation Failure) [PSYoungGen: 401236K->184278K(465920K)] 488830K->324652K(1864192K), 0.0417904 secs] [Times: user=0.19 sys=0.00, real=0.05 secs] 
4154.878: [GC (Allocation Failure) [PSYoungGen: 417238K->185751K(465920K)] 557612K->390085K(1864192K), 0.0492434 secs] [Times: user=0.23 sys=0.00, real=0.05 secs] 
4155.403: [GC (Allocation Failure) [PSYoungGen: 417851K->213588K(465920K)] 622185K->476858K(1864192K), 0.0541996 secs] [Times: user=0.26 sys=0.00, real=0.06 secs] 
4156.750: [GC (Allocation Failure) [PSYoungGen: 446548K->90666K(465920K)] 709818K->422140K(1864192K), 0.0789063 secs] [Times: user=0.42 sys=0.00, real=0.08 secs] 
4157.064: [GC (Allocation Failure) [PSYoungGen: 323626K->180309K(465920K)] 655100K->540945K(1864192K), 0.0336465 secs] [Times: user=0.13 sys=0.01, real=0.04 secs] 
4157.240: [GC (Allocation Failure) [PSYoungGen: 413269K->183509K(465920K)] 773905K->600693K(1864192K), 0.0636711 secs] [Times: user=0.31 sys=0.01, real=0.06 secs] 
4157.466: [GC (Allocation Failure) [PSYoungGen: 416469K->186549K(465920K)] 833653K->659436K(1864192K), 0.0632312 secs] [Times: user=0.31 sys=0.00, real=0.07 secs] 
4158.533: [GC (Allocation Failure) [PSYoungGen: 419509K->99532K(465920K)] 892396K->642643K(1864192K), 0.0443097 secs] [Times: user=0.23 sys=0.00, real=0.05 secs] 
4158.938: [GC (GCLocker Initiated GC) [PSYoungGen: 332492K->166292K(465920K)] 875603K->742404K(1864192K), 0.0802812 secs] [Times: user=0.40 sys=0.00, real=0.08 secs] 
4159.216: [GC (Allocation Failure) [PSYoungGen: 399252K->192341K(465920K)] 975403K->820505K(1864192K), 0.0479139 secs] [Times: user=0.23 sys=0.00, real=0.05 secs] 
4159.402: [GC (Allocation Failure) [PSYoungGen: 425301K->185975K(465920K)] 1053465K->886814K(1864192K), 0.0605481 secs] [Times: user=0.29 sys=0.00, real=0.06 secs] 
4159.569: [GC (Allocation Failure) [PSYoungGen: 418935K->183540K(465920K)] 1119774K->943552K(1864192K), 0.0546158 secs] [Times: user=0.27 sys=0.00, real=0.05 secs] 
4161.203: [GC (Allocation Failure) [PSYoungGen: 416500K->84858K(465920K)] 1176512K->914149K(1864192K), 0.1033701 secs] [Times: user=0.57 sys=0.00, real=0.10 secs] 
4161.618: [GC (Allocation Failure) [PSYoungGen: 317818K->179445K(465920K)] 1147109K->1035670K(1864192K), 0.0335125 secs] [Times: user=0.14 sys=0.01, real=0.03 secs] 
4161.767: [GC (Allocation Failure) [PSYoungGen: 412405K->185014K(465920K)] 1268630K->1097498K(1864192K), 0.0439152 secs] [Times: user=0.20 sys=0.00, real=0.04 secs] 
4161.922: [GC (Allocation Failure) [PSYoungGen: 417974K->186677K(465920K)] 1330458K->1155409K(1864192K), 0.0460598 secs] [Times: user=0.21 sys=0.00, real=0.05 secs] 
4163.024: [GC (Allocation Failure) [PSYoungGen: 419637K->107101K(465920K)] 1388369K->1146045K(1864192K), 0.0456616 secs] [Times: user=0.23 sys=0.00, real=0.05 secs] 
4164.214: [GC (Allocation Failure) [PSYoungGen: 340061K->156530K(465920K)] 1379005K->1229864K(1864192K), 0.0894189 secs] [Times: user=0.46 sys=0.00, real=0.09 secs] 
4164.463: [GC (Allocation Failure) [PSYoungGen: 389490K->184438K(465920K)] 1462824K->1307271K(1864192K), 0.0429105 secs] [Times: user=0.19 sys=0.00, real=0.05 secs] 
4164.619: [GC (GCLocker Initiated GC) [PSYoungGen: 417398K->179638K(465920K)] 1540231K->1366576K(1864192K), 0.0504582 secs] [Times: user=0.23 sys=0.00, real=0.05 secs] 
4164.781: [GC (Allocation Failure) [PSYoungGen: 412598K->186581K(465920K)] 1599703K->1430773K(1864192K), 0.0563022 secs] [Times: user=0.27 sys=0.01, real=0.06 secs] 
4165.780: [GC (Allocation Failure) [PSYoungGen: 419541K->93227K(465920K)] 1663733K->1407819K(1864192K), 0.0425421 secs] [Times: user=0.22 sys=0.00, real=0.04 secs] 
4165.822: [Full GC (Ergonomics) [PSYoungGen: 93227K->0K(465920K)] [ParOldGen: 1314592K->104397K(1398272K)] 1407819K->104397K(1864192K), [Metaspace: 60344K->60344K(1105920K)], 0.0855137 secs] [Times: user=0.34 sys=0.00, real=0.09 secs] 
4166.147: [GC (Allocation Failure) [PSYoungGen: 232960K->180021K(465920K)] 337357K->284419K(1864192K), 0.0308711 secs] [Times: user=0.12 sys=0.00, real=0.03 secs] 
4166.288: [GC (Allocation Failure) [PSYoungGen: 412981K->179317K(465920K)] 517379K->339882K(1864192K), 0.0414949 secs] [Times: user=0.19 sys=0.00, real=0.04 secs] 
4166.516: [GC (Allocation Failure) [PSYoungGen: 412277K->183348K(465920K)] 572842K->398322K(1864192K), 0.0633667 secs] [Times: user=0.31 sys=0.01, real=0.07 secs] 
4167.845: [GC (Allocation Failure) [PSYoungGen: 416308K->120302K(465920K)] 631282K->404664K(1864192K), 0.0463408 secs] [Times: user=0.24 sys=0.00, real=0.05 secs] 
4168.528: [GC (Allocation Failure) [PSYoungGen: 353262K->148497K(465920K)] 637624K->471167K(1864192K), 0.0988841 secs] [Times: user=0.53 sys=0.00, real=0.10 secs] 
4168.782: [GC (Allocation Failure) [PSYoungGen: 381457K->178709K(465920K)] 704127K->547979K(1864192K), 0.0396736 secs] [Times: user=0.17 sys=0.00, real=0.04 secs] 
4168.964: [GC (Allocation Failure) [PSYoungGen: 411669K->185591K(465920K)] 780939K->617829K(1864192K), 0.0543131 secs] [Times: user=0.26 sys=0.01, real=0.06 secs] 
4169.171: [GC (Allocation Failure) [PSYoungGen: 418551K->186677K(465920K)] 850789K->677755K(1864192K), 0.0901444 secs] [Times: user=0.47 sys=0.00, real=0.09 secs] 
4170.541: [GC (Allocation Failure) [PSYoungGen: 419637K->94715K(465920K)] 910715K->656189K(1864192K), 0.0947334 secs] [Times: user=0.52 sys=0.00, real=0.09 secs] 
4171.043: [GC (Allocation Failure) [PSYoungGen: 327675K->177973K(465920K)] 889149K->769732K(1864192K), 0.0434608 secs] [Times: user=0.18 sys=0.00, real=0.04 secs] 
4171.208: [GC (Allocation Failure) [PSYoungGen: 410933K->181749K(465920K)] 1002692K->829128K(1864192K), 0.0431105 secs] [Times: user=0.19 sys=0.00, real=0.04 secs] 
4171.406: [GC (Allocation Failure) [PSYoungGen: 414709K->186869K(465920K)] 1062088K->889464K(1864192K), 0.0670802 secs] [Times: user=0.33 sys=0.00, real=0.06 secs] 
4172.409: [GC (Allocation Failure) [PSYoungGen: 419829K->122383K(465920K)] 1122424K->895426K(1864192K), 0.0481429 secs] [Times: user=0.24 sys=0.01, real=0.05 secs] 
4172.841: [GC (Allocation Failure) [PSYoungGen: 355343K->147537K(465920K)] 1128386K->959468K(1864192K), 0.1044452 secs] [Times: user=0.55 sys=0.00, real=0.10 secs] 
4173.156: [GC (Allocation Failure) [PSYoungGen: 380497K->182293K(465920K)] 1192428K->1039373K(1864192K), 0.0459046 secs] [Times: user=0.21 sys=0.00, real=0.04 secs] 
4173.315: [GC (Allocation Failure) [PSYoungGen: 415253K->185879K(465920K)] 1272333K->1106415K(1864192K), 0.0499549 secs] [Times: user=0.23 sys=0.00, real=0.05 secs] 
4173.473: [GC (Allocation Failure) [PSYoungGen: 418839K->183572K(465920K)] 1339375K->1163149K(1864192K), 0.0572175 secs] [Times: user=0.28 sys=0.00, real=0.06 secs] 
4174.743: [GC (Allocation Failure) [PSYoungGen: 416532K->89738K(465920K)] 1396109K->1138611K(1864192K), 0.0852124 secs] [Times: user=0.47 sys=0.00, real=0.09 secs] 
4175.258: [GC (Allocation Failure) [PSYoungGen: 322698K->177749K(465920K)] 1371571K->1255302K(1864192K), 0.0450876 secs] [Times: user=0.19 sys=0.00, real=0.04 secs] 
4175.464: [GC (Allocation Failure) [PSYoungGen: 410709K->184726K(465920K)] 1488262K->1317963K(1864192K), 0.0631250 secs] [Times: user=0.31 sys=0.00, real=0.07 secs] 
4175.660: [GC (Allocation Failure) [PSYoungGen: 417686K->184212K(465920K)] 1550923K->1373386K(1864192K), 0.0478688 secs] [Times: user=0.23 sys=0.00, real=0.05 secs] 
4176.684: [GC (Allocation Failure) [PSYoungGen: 417172K->132400K(465920K)] 1606346K->1391249K(1864192K), 0.0507908 secs] [Times: user=0.26 sys=0.00, real=0.05 secs] 
4177.978: [GC (Allocation Failure) [PSYoungGen: 365360K->134944K(465920K)] 1624209K->1435745K(1864192K), 0.1000714 secs] [Times: user=0.54 sys=0.01, real=0.10 secs] 
4178.213: [GC (Allocation Failure) [PSYoungGen: 367904K->178453K(465920K)] 1668705K->1522523K(1864192K), 0.0397351 secs] [Times: user=0.18 sys=0.00, real=0.04 secs] 
4178.252: [Full GC (Ergonomics) [PSYoungGen: 178453K->0K(465920K)] [ParOldGen: 1344070K->238767K(1398272K)] 1522523K->238767K(1864192K), [Metaspace: 60344K->60344K(1105920K)], 0.2821728 secs] [Times: user=1.29 sys=0.00, real=0.28 secs] 
4178.652: [GC (Allocation Failure) [PSYoungGen: 232960K->185623K(465920K)] 471727K->424391K(1864192K), 0.0861985 secs] [Times: user=0.45 sys=0.00, real=0.09 secs] 
4178.867: [GC (Allocation Failure) [PSYoungGen: 418583K->186357K(465920K)] 657351K->484181K(1864192K), 0.0558588 secs] [Times: user=0.28 sys=0.00, real=0.05 secs] 
4180.103: [GC (Allocation Failure) [PSYoungGen: 419317K->90506K(465920K)] 717141K->458566K(1864192K), 0.0806912 secs] [Times: user=0.44 sys=0.00, real=0.08 secs] 
4180.611: [GC (Allocation Failure) [PSYoungGen: 323466K->174133K(465920K)] 691526K->571118K(1864192K), 0.0397267 secs] [Times: user=0.17 sys=0.00, real=0.04 secs] 
4180.773: [GC (Allocation Failure) [PSYoungGen: 407093K->184406K(465920K)] 804078K->635623K(1864192K), 0.0422110 secs] [Times: user=0.19 sys=0.00, real=0.04 secs] 
4180.923: [GC (Allocation Failure) [PSYoungGen: 417366K->187285K(465920K)] 868583K->694446K(1864192K), 0.0447464 secs] [Times: user=0.21 sys=0.00, real=0.05 secs] 
4181.907: [GC (Allocation Failure) [PSYoungGen: 420245K->140401K(465920K)] 927406K->718146K(1864192K), 0.0491424 secs] [Times: user=0.24 sys=0.00, real=0.05 secs] 
4182.456: [GC (Allocation Failure) [PSYoungGen: 373361K->131263K(465920K)] 951106K->753529K(1864192K), 0.1424017 secs] [Times: user=0.79 sys=0.00, real=0.14 secs] 
4182.777: [GC (Allocation Failure) [PSYoungGen: 364223K->178325K(465920K)] 986489K->842711K(1864192K), 0.0380694 secs] [Times: user=0.16 sys=0.00, real=0.03 secs] 
4182.930: [GC (Allocation Failure) [PSYoungGen: 411285K->185463K(465920K)] 1075671K->911929K(1864192K), 0.0492107 secs] [Times: user=0.23 sys=0.00, real=0.05 secs] 
4183.118: [GC (Allocation Failure) [PSYoungGen: 418423K->185141K(465920K)] 1144889K->970455K(1864192K), 0.0580246 secs] [Times: user=0.28 sys=0.00, real=0.05 secs] 
4184.125: [GC (Allocation Failure) [PSYoungGen: 418101K->92219K(465920K)] 1203415K->947517K(1864192K), 0.0437986 secs] [Times: user=0.22 sys=0.00, real=0.05 secs] 
4184.872: [GC (Allocation Failure) [PSYoungGen: 325179K->174293K(465920K)] 1180477K->1059135K(1864192K), 0.0469632 secs] [Times: user=0.20 sys=0.01, real=0.05 secs] 
4185.061: [GC (Allocation Failure) [PSYoungGen: 407253K->184598K(465920K)] 1292095K->1124256K(1864192K), 0.0435441 secs] [Times: user=0.20 sys=0.00, real=0.04 secs] 
4185.213: [GC (Allocation Failure) [PSYoungGen: 417558K->184116K(465920K)] 1357216K->1179591K(1864192K), 0.0457607 secs] [Times: user=0.21 sys=0.00, real=0.05 secs] 
4186.664: [GC (Allocation Failure) [PSYoungGen: 417076K->145746K(465920K)] 1412551K->1210612K(1864192K), 0.0506478 secs] [Times: user=0.25 sys=0.00, real=0.05 secs] 
4187.688: [GC (Allocation Failure) [PSYoungGen: 378706K->122702K(465920K)] 1443572K->1233713K(1864192K), 0.1446432 secs] [Times: user=0.81 sys=0.00, real=0.14 secs] 
4188.020: [GC (Allocation Failure) [PSYoungGen: 355662K->175252K(465920K)] 1466673K->1325632K(1864192K), 0.0380737 secs] [Times: user=0.17 sys=0.00, real=0.04 secs] 
4188.173: [GC (Allocation Failure) [PSYoungGen: 408212K->185367K(465920K)] 1558592K->1396738K(1864192K), 0.0509642 secs] [Times: user=0.24 sys=0.00, real=0.05 secs] 
4188.372: [GC (GCLocker Initiated GC) [PSYoungGen: 418327K->182036K(465920K)] 1629699K->1452332K(1864192K), 0.0862459 secs] [Times: user=0.45 sys=0.00, real=0.09 secs] 
4189.389: [GC (Allocation Failure) [PSYoungGen: 414996K->98379K(465920K)] 1685295K->1437510K(1864192K), 0.0486671 secs] [Times: user=0.26 sys=0.00, real=0.05 secs] 
4189.438: [Full GC (Ergonomics) [PSYoungGen: 98379K->0K(465920K)] [ParOldGen: 1339130K->95371K(1398272K)] 1437510K->95371K(1864192K), [Metaspace: 60344K->60344K(1105920K)], 0.0550324 secs] [Times: user=0.20 sys=0.00, real=0.05 secs] 
4189.801: [GC (Allocation Failure) [PSYoungGen: 232960K->173461K(465920K)] 328331K->268832K(1864192K), 0.0439570 secs] [Times: user=0.16 sys=0.00, real=0.04 secs] 
4190.020: [GC (Allocation Failure) [PSYoungGen: 406421K->181589K(465920K)] 501792K->331349K(1864192K), 0.0417628 secs] [Times: user=0.18 sys=0.00, real=0.04 secs] 
4190.172: [GC (Allocation Failure) [PSYoungGen: 401265K->174549K(465920K)] 551025K->387669K(1864192K), 0.0467037 secs] [Times: user=0.21 sys=0.00, real=0.05 secs] 
4190.974: [GC (Allocation Failure) [PSYoungGen: 404060K->205107K(465920K)] 617180K->473678K(1864192K), 0.0516850 secs] [Times: user=0.26 sys=0.00, real=0.06 secs] 
4191.648: [GC (GCLocker Initiated GC) [PSYoungGen: 438067K->99403K(465920K)] 706639K->432439K(1864192K), 0.0668202 secs] [Times: user=0.35 sys=0.00, real=0.06 secs] 
4191.961: [GC (Allocation Failure) [PSYoungGen: 332363K->179126K(465920K)] 673593K->552190K(1864192K), 0.1115921 secs] [Times: user=0.61 sys=0.00, real=0.11 secs] 
4192.189: [GC (Allocation Failure) [PSYoungGen: 412086K->182742K(465920K)] 785150K->613062K(1864192K), 0.1747686 secs] [Times: user=0.98 sys=0.00, real=0.17 secs] 
4192.471: [GC (Allocation Failure) [PSYoungGen: 415702K->186549K(465920K)] 846022K->674897K(1864192K), 0.0587800 secs] [Times: user=0.29 sys=0.00, real=0.06 secs] 
4193.600: [GC (Allocation Failure) [PSYoungGen: 419509K->95323K(465920K)] 907857K->654163K(1864192K), 0.0491177 secs] [Times: user=0.26 sys=0.00, real=0.05 secs] 
4194.691: [GC (Allocation Failure) [PSYoungGen: 328283K->164851K(465920K)] 887123K->754268K(1864192K), 0.0523519 secs] [Times: user=0.24 sys=0.01, real=0.05 secs] 
4194.875: [GC (Allocation Failure) [PSYoungGen: 397811K->183925K(465920K)] 987228K->825186K(1864192K), 0.0422336 secs] [Times: user=0.19 sys=0.00, real=0.05 secs] 
4195.082: [GC (Allocation Failure) [PSYoungGen: 416885K->186007K(465920K)] 1058146K->891252K(1864192K), 0.0750861 secs] [Times: user=0.38 sys=0.00, real=0.08 secs] 
4195.924: [GC (Allocation Failure) [PSYoungGen: 418883K->212851K(465920K)] 1124128K->977248K(1864192K), 0.0569382 secs] [Times: user=0.29 sys=0.00, real=0.06 secs] 
4196.513: [GC (Allocation Failure) [PSYoungGen: 445811K->97611K(465920K)] 1210208K->928944K(1864192K), 0.0750231 secs] [Times: user=0.40 sys=0.00, real=0.08 secs] 
4196.837: [GC (Allocation Failure) [PSYoungGen: 330571K->177205K(465920K)] 1161904K->1039975K(1864192K), 0.0402773 secs] [Times: user=0.17 sys=0.01, real=0.04 secs] 
4197.017: [GC (Allocation Failure) [PSYoungGen: 410165K->184214K(465920K)] 1272935K->1102007K(1864192K), 0.0608884 secs] [Times: user=0.29 sys=0.00, real=0.06 secs] 
4197.506: [GC (Allocation Failure) [PSYoungGen: 417174K->184629K(465920K)] 1334967K->1158167K(1864192K), 0.0649243 secs] [Times: user=0.32 sys=0.00, real=0.07 secs] 
4198.577: [GC (Allocation Failure) [PSYoungGen: 417589K->100092K(465920K)] 1391127K->1143286K(1864192K), 0.0446547 secs] [Times: user=0.23 sys=0.00, real=0.04 secs] 
4199.370: [GC (GCLocker Initiated GC) [PSYoungGen: 333052K->164211K(465920K)] 1376247K->1240404K(1864192K), 0.0614451 secs] [Times: user=0.30 sys=0.00, real=0.06 secs] 
4199.630: [GC (Allocation Failure) [PSYoungGen: 397171K->181621K(465920K)] 1473367K->1309176K(1864192K), 0.0585203 secs] [Times: user=0.27 sys=0.00, real=0.06 secs] 
4199.820: [GC (Allocation Failure) [PSYoungGen: 414581K->185527K(465920K)] 1542136K->1376694K(1864192K), 0.0499669 secs] [Times: user=0.23 sys=0.00, real=0.05 secs] 
4199.981: [GC (Allocation Failure) [PSYoungGen: 418487K->203189K(465920K)] 1609654K->1453180K(1864192K), 0.0565657 secs] [Times: user=0.28 sys=0.00, real=0.06 secs] 
4201.522: [GC (GCLocker Initiated GC) [PSYoungGen: 436149K->86794K(465920K)] 1686140K->1407281K(1864192K), 0.1044590 secs] [Times: user=0.57 sys=0.00, real=0.11 secs] 
4201.626: [Full GC (Ergonomics) [PSYoungGen: 86794K->0K(465920K)] [ParOldGen: 1320487K->103000K(1398272K)] 1407281K->103000K(1864192K), [Metaspace: 60344K->60344K(1105920K)], 0.1593706 secs] [Times: user=0.70 sys=0.00, real=0.15 secs] 
4202.106: [GC (Allocation Failure) [PSYoungGen: 232960K->177397K(465920K)] 336127K->280564K(1864192K), 0.0254735 secs] [Times: user=0.09 sys=0.00, real=0.03 secs] 
4202.246: [GC (Allocation Failure) [PSYoungGen: 410357K->184854K(465920K)] 513524K->343525K(1864192K), 0.0405620 secs] [Times: user=0.18 sys=0.00, real=0.05 secs] 
4202.397: [GC (Allocation Failure) [PSYoungGen: 417814K->186549K(465920K)] 576485K->401268K(1864192K), 0.0447236 secs] [Times: user=0.20 sys=0.00, real=0.04 secs] 
4204.014: [GC (Allocation Failure) [PSYoungGen: 419509K->104892K(465920K)] 634228K->389799K(1864192K), 0.0448323 secs] [Times: user=0.23 sys=0.00, real=0.05 secs] 
4204.560: [GC (Allocation Failure) [PSYoungGen: 337852K->158259K(465920K)] 622759K->477779K(1864192K), 0.0742460 secs] [Times: user=0.37 sys=0.01, real=0.07 secs] 
4204.829: [GC (Allocation Failure) [PSYoungGen: 391219K->184245K(465920K)] 710739K->552738K(1864192K), 0.0507347 secs] [Times: user=0.24 sys=0.00, real=0.05 secs] 
4205.006: [GC (Allocation Failure) [PSYoungGen: 417205K->185399K(465920K)] 785698K->618087K(1864192K), 0.0506950 secs] [Times: user=0.23 sys=0.00, real=0.06 secs] 
4205.165: [GC (Allocation Failure) [PSYoungGen: 418359K->183956K(465920K)] 851047K->675581K(1864192K), 0.0554640 secs] [Times: user=0.27 sys=0.00, real=0.06 secs] 
4206.207: [GC (Allocation Failure) [PSYoungGen: 416916K->94747K(465920K)] 908541K->656039K(1864192K), 0.0607134 secs] [Times: user=0.32 sys=0.00, real=0.06 secs] 
4206.569: [GC (Allocation Failure) [PSYoungGen: 327707K->182038K(465920K)] 888999K->773375K(1864192K), 0.0343127 secs] [Times: user=0.14 sys=0.00, real=0.03 secs] 
4206.716: [GC (Allocation Failure) [PSYoungGen: 414998K->184438K(465920K)] 1006335K->832699K(1864192K), 0.0452715 secs] [Times: user=0.21 sys=0.00, real=0.04 secs] 
4206.896: [GC (Allocation Failure) [PSYoungGen: 417398K->183924K(465920K)] 1065659K->888138K(1864192K), 0.0474722 secs] [Times: user=0.23 sys=0.00, real=0.05 secs] 
4207.941: [GC (Allocation Failure) [PSYoungGen: 416884K->108285K(465920K)] 1121098K->882090K(1864192K), 0.0468494 secs] [Times: user=0.24 sys=0.00, real=0.05 secs] 
4208.816: [GC (GCLocker Initiated GC) [PSYoungGen: 341245K->157363K(465920K)] 1115050K->966493K(1864192K), 0.0806571 secs] [Times: user=0.42 sys=0.00, real=0.09 secs] 
4209.039: [GC (Allocation Failure) [PSYoungGen: 390323K->184085K(465920K)] 1199620K->1042475K(1864192K), 0.0422909 secs] [Times: user=0.18 sys=0.00, real=0.04 secs] 
4209.194: [GC (Allocation Failure) [PSYoungGen: 417045K->185815K(465920K)] 1275435K->1108272K(1864192K), 0.0503260 secs] [Times: user=0.23 sys=0.00, real=0.05 secs] 
4209.377: [GC (Allocation Failure) [PSYoungGen: 418775K->183604K(465920K)] 1341232K->1164974K(1864192K), 0.0730067 secs] [Times: user=0.38 sys=0.00, real=0.07 secs] 
4210.711: [GC (Allocation Failure) [PSYoungGen: 416564K->87834K(465920K)] 1397934K->1138567K(1864192K), 0.0823959 secs] [Times: user=0.44 sys=0.00, real=0.08 secs] 
4211.366: [GC (Allocation Failure) [PSYoungGen: 320794K->178133K(465920K)] 1371527K->1257067K(1864192K), 0.0468914 secs] [Times: user=0.21 sys=0.00, real=0.04 secs] 
4211.579: [GC (Allocation Failure) [PSYoungGen: 411093K->184854K(465920K)] 1490027K->1319224K(1864192K), 0.0553375 secs] [Times: user=0.26 sys=0.00, real=0.05 secs] 
4211.750: [GC (Allocation Failure) [PSYoungGen: 417814K->186773K(465920K)] 1552184K->1377087K(1864192K), 0.0478202 secs] [Times: user=0.23 sys=0.00, real=0.05 secs] 
4212.801: [GC (Allocation Failure) [PSYoungGen: 419733K->113070K(465920K)] 1610047K->1373812K(1864192K), 0.0484186 secs] [Times: user=0.25 sys=0.01, real=0.05 secs] 
4213.264: [GC (Allocation Failure) [PSYoungGen: 346030K->150626K(465920K)] 1606772K->1447136K(1864192K), 0.1121741 secs] [Times: user=0.60 sys=0.01, real=0.12 secs] 
4213.529: [GC (Allocation Failure) [PSYoungGen: 383586K->183637K(465920K)] 1680096K->1527209K(1864192K), 0.0422321 secs] [Times: user=0.19 sys=0.01, real=0.04 secs] 
4213.571: [Full GC (Ergonomics) [PSYoungGen: 183637K->0K(465920K)] [ParOldGen: 1343571K->247981K(1398272K)] 1527209K->247981K(1864192K), [Metaspace: 60344K->60344K(1105920K)], 0.3034527 secs] [Times: user=1.40 sys=0.00, real=0.30 secs] 
4213.989: [GC (Allocation Failure) [PSYoungGen: 232960K->182870K(465920K)] 480941K->430852K(1864192K), 0.0855241 secs] [Times: user=0.45 sys=0.00, real=0.08 secs] 
4214.185: [GC (Allocation Failure) [PSYoungGen: 415830K->186613K(465920K)] 663812K->493082K(1864192K), 0.0560716 secs] [Times: user=0.27 sys=0.00, real=0.06 secs] 
4215.615: [GC (Allocation Failure) [PSYoungGen: 419573K->90122K(465920K)] 726042K->466920K(1864192K), 0.1110148 secs] [Times: user=0.60 sys=0.01, real=0.12 secs] 
4216.431: [GC (Allocation Failure) [PSYoungGen: 323082K->172244K(465920K)] 699880K->578115K(1864192K), 0.0428972 secs] [Times: user=0.18 sys=0.00, real=0.04 secs] 
4216.603: [GC (Allocation Failure) [PSYoungGen: 405204K->184854K(465920K)] 811075K->645152K(1864192K), 0.0423760 secs] [Times: user=0.19 sys=0.00, real=0.04 secs] 
4216.795: [GC (Allocation Failure) [PSYoungGen: 417814K->186165K(465920K)] 878112K->702471K(1864192K), 0.0709394 secs] [Times: user=0.35 sys=0.00, real=0.08 secs] 
4217.816: [GC (Allocation Failure) [PSYoungGen: 419125K->127759K(465920K)] 935431K->714382K(1864192K), 0.0476539 secs] [Times: user=0.24 sys=0.00, real=0.05 secs] 
4218.572: [GC (Allocation Failure) [PSYoungGen: 360719K->144945K(465920K)] 947342K->772015K(1864192K), 0.1135482 secs] [Times: user=0.62 sys=0.00, real=0.11 secs] 
4218.834: [GC (Allocation Failure) [PSYoungGen: 377905K->180885K(465920K)] 1004975K->853648K(1864192K), 0.0397254 secs] [Times: user=0.17 sys=0.00, real=0.04 secs] 
4219.048: [GC (Allocation Failure) [PSYoungGen: 413845K->182262K(465920K)] 1086608K->917854K(1864192K), 0.0770180 secs] [Times: user=0.39 sys=0.00, real=0.07 secs] 
4219.252: [GC (Allocation Failure) [PSYoungGen: 415222K->186389K(465920K)] 1150814K->980140K(1864192K), 0.0569485 secs] [Times: user=0.28 sys=0.00, real=0.06 secs] 
4220.274: [GC (Allocation Failure) [PSYoungGen: 419349K->93851K(465920K)] 1213100K->957978K(1864192K), 0.0428127 secs] [Times: user=0.22 sys=0.00, real=0.05 secs] 
4220.609: [GC (Allocation Failure) [PSYoungGen: 326811K->177621K(465920K)] 1190938K->1071865K(1864192K), 0.0327503 secs] [Times: user=0.13 sys=0.00, real=0.03 secs] 
4220.784: [GC (Allocation Failure) [PSYoungGen: 410581K->184662K(465920K)] 1304825K->1134246K(1864192K), 0.0483019 secs] [Times: user=0.22 sys=0.00, real=0.05 secs] 
4220.967: [GC (Allocation Failure) [PSYoungGen: 417622K->186613K(465920K)] 1367206K->1192229K(1864192K), 0.0465212 secs] [Times: user=0.22 sys=0.00, real=0.04 secs] 
4221.968: [GC (Allocation Failure) [PSYoungGen: 419573K->125359K(465920K)] 1425189K->1201424K(1864192K), 0.0478001 secs] [Times: user=0.24 sys=0.00, real=0.04 secs] 
4222.671: [GC (Allocation Failure) [PSYoungGen: 358319K->139456K(465920K)] 1434384K->1255145K(1864192K), 0.1269456 secs] [Times: user=0.69 sys=0.00, real=0.13 secs] 
4222.956: [GC (GCLocker Initiated GC) [PSYoungGen: 372416K->176373K(465920K)] 1488105K->1336550K(1864192K), 0.0387303 secs] [Times: user=0.17 sys=0.00, real=0.03 secs] 
4223.111: [GC (Allocation Failure) [PSYoungGen: 409333K->185751K(465920K)] 1569549K->1407619K(1864192K), 0.0498632 secs] [Times: user=0.23 sys=0.00, real=0.05 secs] 
4223.270: [GC (Allocation Failure) [PSYoungGen: 418711K->186645K(465920K)] 1640579K->1467441K(1864192K), 0.0582322 secs] [Times: user=0.29 sys=0.00, real=0.06 secs] 
4225.134: [GC (Allocation Failure) [PSYoungGen: 419605K->85994K(465920K)] 1700401K->1437278K(1864192K), 0.1140367 secs] [Times: user=0.62 sys=0.01, real=0.12 secs] 
4225.248: [Full GC (Ergonomics) [PSYoungGen: 85994K->0K(465920K)] [ParOldGen: 1351284K->90531K(1398272K)] 1437278K->90531K(1864192K), [Metaspace: 60344K->60344K(1105920K)], 0.1101311 secs] [Times: user=0.44 sys=0.00, real=0.11 secs] 
4225.875: [GC (Allocation Failure) [PSYoungGen: 232960K->177109K(465920K)] 323491K->267640K(1864192K), 0.0307106 secs] [Times: user=0.11 sys=0.00, real=0.03 secs] 
4226.066: [GC (Allocation Failure) [PSYoungGen: 410059K->184886K(465920K)] 500590K->330877K(1864192K), 0.0465360 secs] [Times: user=0.21 sys=0.00, real=0.05 secs] 
4226.231: [GC (Allocation Failure) [PSYoungGen: 417846K->184116K(465920K)] 563837K->385996K(1864192K), 0.0445681 secs] [Times: user=0.20 sys=0.00, real=0.04 secs] 
4227.233: [GC (Allocation Failure) [PSYoungGen: 417076K->141617K(465920K)] 618956K->413033K(1864192K), 0.0488671 secs] [Times: user=0.24 sys=0.00, real=0.05 secs] 
4227.688: [GC (Allocation Failure) [PSYoungGen: 374577K->129807K(465920K)] 645993K->446347K(1864192K), 0.1247841 secs] [Times: user=0.69 sys=0.00, real=0.12 secs] 
4227.955: [GC (Allocation Failure) [PSYoungGen: 362767K->177269K(465920K)] 679307K->535221K(1864192K), 0.0372889 secs] [Times: user=0.17 sys=0.00, real=0.04 secs] 
4228.138: [GC (Allocation Failure) [PSYoungGen: 410229K->185591K(465920K)] 768181K->605415K(1864192K), 0.0536070 secs] [Times: user=0.26 sys=0.00, real=0.05 secs] 
4228.322: [GC (GCLocker Initiated GC) [PSYoungGen: 418551K->186261K(465920K)] 838375K->665141K(1864192K), 0.0579511 secs] [Times: user=0.29 sys=0.00, real=0.06 secs] 
4229.444: [GC (Allocation Failure) [PSYoungGen: 419221K->88426K(465920K)] 898231K->637628K(1864192K), 0.0657173 secs] [Times: user=0.35 sys=0.01, real=0.07 secs] 
4230.179: [GC (Allocation Failure) [PSYoungGen: 321386K->176277K(465920K)] 870588K->754616K(1864192K), 0.0444178 secs] [Times: user=0.19 sys=0.00, real=0.04 secs] 
4230.362: [GC (Allocation Failure) [PSYoungGen: 409237K->184118K(465920K)] 987576K->817409K(1864192K), 0.0432337 secs] [Times: user=0.20 sys=0.00, real=0.04 secs] 
4230.543: [GC (Allocation Failure) [PSYoungGen: 417078K->187349K(465920K)] 1050369K->876536K(1864192K), 0.0502796 secs] [Times: user=0.24 sys=0.00, real=0.05 secs] 
4231.502: [GC (Allocation Failure) [PSYoungGen: 420309K->146258K(465920K)] 1109496K->906189K(1864192K), 0.0513869 secs] [Times: user=0.25 sys=0.00, real=0.05 secs] 
4232.744: [GC (Allocation Failure) [PSYoungGen: 379218K->120014K(465920K)] 1139149K->926161K(1864192K), 0.1420963 secs] [Times: user=0.79 sys=0.00, real=0.15 secs] 
4233.167: [GC (Allocation Failure) [PSYoungGen: 352940K->177973K(465920K)] 1159088K->1022326K(1864192K), 0.0372348 secs] [Times: user=0.16 sys=0.00, real=0.03 secs] 
4233.319: [GC (Allocation Failure) [PSYoungGen: 410933K->182806K(465920K)] 1255286K->1089371K(1864192K), 0.0498049 secs] [Times: user=0.23 sys=0.00, real=0.05 secs] 
4233.480: [GC (Allocation Failure) [PSYoungGen: 415766K->186773K(465920K)] 1322331K->1151642K(1864192K), 0.0589186 secs] [Times: user=0.29 sys=0.00, real=0.06 secs] 
4234.548: [GC (Allocation Failure) [PSYoungGen: 419733K->97707K(465920K)] 1384602K->1133169K(1864192K), 0.0460604 secs] [Times: user=0.24 sys=0.00, real=0.04 secs] 
4235.097: [GC (Allocation Failure) [PSYoungGen: 330667K->173749K(465920K)] 1366129K->1241283K(1864192K), 0.0594396 secs] [Times: user=0.28 sys=0.00, real=0.06 secs] 
4235.289: [GC (Allocation Failure) [PSYoungGen: 406709K->184053K(465920K)] 1474243K->1305612K(1864192K), 0.0448629 secs] [Times: user=0.21 sys=0.01, real=0.04 secs] 
4235.442: [GC (Allocation Failure) [PSYoungGen: 417013K->187157K(465920K)] 1538572K->1364963K(1864192K), 0.0475233 secs] [Times: user=0.22 sys=0.00, real=0.05 secs] 
4236.376: [GC (Allocation Failure) [PSYoungGen: 420117K->152147K(465920K)] 1597923K->1400633K(1864192K), 0.0528610 secs] [Times: user=0.26 sys=0.00, real=0.06 secs] 
4237.121: [GC (Allocation Failure) [PSYoungGen: 385107K->112653K(465920K)] 1633593K->1409615K(1864192K), 0.1147099 secs] [Times: user=0.64 sys=0.00, real=0.12 secs] 
4237.378: [GC (Allocation Failure) [PSYoungGen: 345613K->179189K(465920K)] 1642575K->1512572K(1864192K), 0.0381824 secs] [Times: user=0.16 sys=0.00, real=0.04 secs] 
4237.417: [Full GC (Ergonomics) [PSYoungGen: 179189K->0K(465920K)] [ParOldGen: 1333383K->232493K(1398272K)] 1512572K->232493K(1864192K), [Metaspace: 60344K->60344K(1105920K)], 0.2679436 secs] [Times: user=1.23 sys=0.00, real=0.26 secs] 
4237.798: [GC (Allocation Failure) [PSYoungGen: 232960K->185687K(465920K)] 465453K->418180K(1864192K), 0.0866177 secs] [Times: user=0.45 sys=0.00, real=0.08 secs] 
4237.991: [GC (Allocation Failure) [PSYoungGen: 418647K->186741K(465920K)] 651140K->478214K(1864192K), 0.0588419 secs] [Times: user=0.29 sys=0.00, real=0.06 secs] 
4239.460: [GC (Allocation Failure) [PSYoungGen: 419701K->94171K(465920K)] 711174K->456056K(1864192K), 0.1324749 secs] [Times: user=0.74 sys=0.00, real=0.13 secs] 
4240.624: [GC (Allocation Failure) [PSYoungGen: 327131K->164307K(465920K)] 689016K->556413K(1864192K), 0.0509321 secs] [Times: user=0.23 sys=0.01, real=0.05 secs] 
4240.819: [GC (Allocation Failure) [PSYoungGen: 397267K->184694K(465920K)] 789373K->628731K(1864192K), 0.0416632 secs] [Times: user=0.19 sys=0.00, real=0.04 secs] 
4240.978: [GC (Allocation Failure) [PSYoungGen: 417654K->185175K(465920K)] 861691K->693076K(1864192K), 0.0496788 secs] [Times: user=0.23 sys=0.00, real=0.05 secs] 
4241.939: [GC (Allocation Failure) [PSYoungGen: 418135K->168691K(465920K)] 926036K->735464K(1864192K), 0.0566664 secs] [Times: user=0.29 sys=0.00, real=0.05 secs] 
4242.529: [GC (Allocation Failure) [PSYoungGen: 401651K->104556K(465920K)] 968424K->735882K(1864192K), 0.1035749 secs] [Times: user=0.56 sys=0.01, real=0.10 secs] 
4242.878: [GC (Allocation Failure) [PSYoungGen: 337516K->178645K(465920K)] 968842K->843148K(1864192K), 0.0351186 secs] [Times: user=0.14 sys=0.00, real=0.03 secs] 
4243.076: [GC (Allocation Failure) [PSYoungGen: 411605K->184118K(465920K)] 1076108K->904304K(1864192K), 0.0688896 secs] [Times: user=0.34 sys=0.00, real=0.07 secs] 
4243.325: [GC (Allocation Failure) [PSYoungGen: 417078K->186965K(465920K)] 1137264K->962703K(1864192K), 0.0608895 secs] [Times: user=0.30 sys=0.00, real=0.07 secs] 
4244.348: [GC (Allocation Failure) [PSYoungGen: 419925K->102156K(465920K)] 1195663K->948511K(1864192K), 0.0454419 secs] [Times: user=0.23 sys=0.00, real=0.04 secs] 
4244.962: [GC (GCLocker Initiated GC) [PSYoungGen: 335116K->162995K(465920K)] 1181471K->1042151K(1864192K), 0.0631178 secs] [Times: user=0.29 sys=0.00, real=0.06 secs] 
4245.174: [GC (Allocation Failure) [PSYoungGen: 395955K->184502K(465920K)] 1275406K->1115577K(1864192K), 0.0428204 secs] [Times: user=0.19 sys=0.00, real=0.05 secs] 
4245.370: [GC (Allocation Failure) [PSYoungGen: 417462K->184951K(465920K)] 1348537K->1180194K(1864192K), 0.0741007 secs] [Times: user=0.37 sys=0.00, real=0.07 secs] 
4246.197: [GC (Allocation Failure) [PSYoungGen: 415095K->213972K(465920K)] 1410338K->1267815K(1864192K), 0.0570433 secs] [Times: user=0.28 sys=0.00, real=0.05 secs] 
4246.898: [GC (Allocation Failure) [PSYoungGen: 446932K->97259K(465920K)] 1500775K->1218430K(1864192K), 0.0579262 secs] [Times: user=0.30 sys=0.00, real=0.05 secs] 
4247.359: [GC (Allocation Failure) [PSYoungGen: 330219K->181782K(465920K)] 1451390K->1334677K(1864192K), 0.0354434 secs] [Times: user=0.15 sys=0.00, real=0.03 secs] 
4247.508: [GC (Allocation Failure) [PSYoungGen: 414742K->184342K(465920K)] 1567637K->1393929K(1864192K), 0.0446712 secs] [Times: user=0.20 sys=0.00, real=0.04 secs] 
4247.713: [GC (Allocation Failure) [PSYoungGen: 417302K->183412K(465920K)] 1626889K->1448624K(1864192K), 0.0657200 secs] [Times: user=0.33 sys=0.00, real=0.07 secs] 
4248.852: [GC (Allocation Failure) [PSYoungGen: 416372K->98908K(465920K)] 1681584K->1433355K(1864192K), 0.0565714 secs] [Times: user=0.30 sys=0.01, real=0.06 secs] 
4248.909: [Full GC (Ergonomics) [PSYoungGen: 98908K->0K(465920K)] [ParOldGen: 1334447K->88912K(1398272K)] 1433355K->88912K(1864192K), [Metaspace: 60344K->60344K(1105920K)], 0.0336716 secs] [Times: user=0.10 sys=0.00, real=0.03 secs] 
4249.434: [GC (Allocation Failure) [PSYoungGen: 232960K->170804K(465920K)] 321872K->259717K(1864192K), 0.0358242 secs] [Times: user=0.14 sys=0.00, real=0.04 secs] 
4249.686: [GC (Allocation Failure) [PSYoungGen: 403764K->184214K(465920K)] 492677K->326538K(1864192K), 0.0589736 secs] [Times: user=0.28 sys=0.00, real=0.06 secs] 
4249.913: [GC (Allocation Failure) [PSYoungGen: 417174K->182742K(465920K)] 559498K->389239K(1864192K), 0.0696962 secs] [Times: user=0.34 sys=0.00, real=0.07 secs] 
4250.227: [GC (Allocation Failure) [PSYoungGen: 415702K->215508K(465920K)] 622199K->479861K(1864192K), 0.0528910 secs] [Times: user=0.25 sys=0.00, real=0.05 secs] 
4251.255: [GC (Allocation Failure) [PSYoungGen: 448468K->88714K(465920K)] 712821K->421803K(1864192K), 0.0392969 secs] [Times: user=0.20 sys=0.00, real=0.04 secs] 
4251.534: [GC (GCLocker Initiated GC) [PSYoungGen: 321674K->183126K(465920K)] 654763K->545183K(1864192K), 0.0335395 secs] [Times: user=0.13 sys=0.00, real=0.04 secs] 
4251.680: [GC (Allocation Failure) [PSYoungGen: 416086K->184406K(465920K)] 778310K->603406K(1864192K), 0.0435703 secs] [Times: user=0.20 sys=0.00, real=0.04 secs] 
4251.915: [GC (Allocation Failure) [PSYoungGen: 417366K->186485K(465920K)] 836366K->661453K(1864192K), 0.0511915 secs] [Times: user=0.25 sys=0.00, real=0.06 secs] 
4253.039: [GC (Allocation Failure) [PSYoungGen: 419445K->97499K(465920K)] 894413K->642860K(1864192K), 0.0543848 secs] [Times: user=0.29 sys=0.00, real=0.05 secs] 
4254.002: [GC (GCLocker Initiated GC) [PSYoungGen: 330459K->165172K(465920K)] 875836K->742485K(1864192K), 0.0812381 secs] [Times: user=0.40 sys=0.00, real=0.08 secs] 
4254.307: [GC (Allocation Failure) [PSYoungGen: 398132K->184117K(465920K)] 975447K->813037K(1864192K), 0.0500668 secs] [Times: user=0.23 sys=0.00, real=0.05 secs] 
4254.469: [GC (Allocation Failure) [PSYoungGen: 417077K->186231K(465920K)] 1045997K->879695K(1864192K), 0.0495766 secs] [Times: user=0.23 sys=0.00, real=0.05 secs] 
4254.626: [GC (Allocation Failure) [PSYoungGen: 419191K->186709K(465920K)] 1112655K->939101K(1864192K), 0.0557337 secs] [Times: user=0.28 sys=0.00, real=0.06 secs] 
4256.466: [GC (Allocation Failure) [PSYoungGen: 419669K->83705K(465920K)] 1172061K->906489K(1864192K), 0.1093193 secs] [Times: user=0.61 sys=0.00, real=0.11 secs] 
4257.058: [GC (Allocation Failure) [PSYoungGen: 316603K->182230K(465920K)] 1139388K->1032766K(1864192K), 0.0432155 secs] [Times: user=0.19 sys=0.00, real=0.04 secs] 
4257.221: [GC (Allocation Failure) [PSYoungGen: 415190K->184598K(465920K)] 1265726K->1091494K(1864192K), 0.0446005 secs] [Times: user=0.20 sys=0.00, real=0.04 secs] 
4257.407: [GC (Allocation Failure) [PSYoungGen: 417558K->186485K(465920K)] 1324454K->1149349K(1864192K), 0.0630282 secs] [Times: user=0.30 sys=0.00, real=0.06 secs] 
4258.436: [GC (Allocation Failure) [PSYoungGen: 419445K->103596K(465920K)] 1382309K->1136917K(1864192K), 0.0464528 secs] [Times: user=0.24 sys=0.00, real=0.05 secs] 
4259.052: [GC (Allocation Failure) [PSYoungGen: 336556K->160563K(465920K)] 1369877K->1227479K(1864192K), 0.0925088 secs] [Times: user=0.48 sys=0.00, real=0.09 secs] 
4259.302: [GC (Allocation Failure) [PSYoungGen: 393523K->181269K(465920K)] 1460439K->1298418K(1864192K), 0.0443574 secs] [Times: user=0.20 sys=0.01, real=0.04 secs] 
4259.509: [GC (Allocation Failure) [PSYoungGen: 414229K->185527K(465920K)] 1531378K->1365731K(1864192K), 0.0735921 secs] [Times: user=0.37 sys=0.00, real=0.07 secs] 
4259.737: [GC (Allocation Failure) [PSYoungGen: 418487K->184180K(465920K)] 1598691K->1423297K(1864192K), 0.0753536 secs] [Times: user=0.39 sys=0.00, real=0.07 secs] 
4260.828: [GC (Allocation Failure) [PSYoungGen: 417140K->93995K(465920K)] 1656257K->1402532K(1864192K), 0.0694488 secs] [Times: user=0.37 sys=0.01, real=0.07 secs] 
4261.214: [GC (Allocation Failure) [PSYoungGen: 326955K->178837K(465920K)] 1635492K->1516967K(1864192K), 0.0452786 secs] [Times: user=0.20 sys=0.00, real=0.05 secs] 
4261.260: [Full GC (Ergonomics) [PSYoungGen: 178837K->0K(465920K)] [ParOldGen: 1338129K->220326K(1398272K)] 1516967K->220326K(1864192K), [Metaspace: 60344K->60344K(1105920K)], 0.2492565 secs] [Times: user=1.13 sys=0.00, real=0.25 secs] 
4261.628: [GC (Allocation Failure) [PSYoungGen: 232960K->183413K(465920K)] 453286K->403740K(1864192K), 0.0265471 secs] [Times: user=0.10 sys=0.00, real=0.02 secs] 
4261.761: [GC (Allocation Failure) [PSYoungGen: 416373K->181268K(465920K)] 636700K->457331K(1864192K), 0.0444371 secs] [Times: user=0.21 sys=0.00, real=0.04 secs] 
4262.782: [GC (Allocation Failure) [PSYoungGen: 414228K->116494K(465920K)] 690291K->460985K(1864192K), 0.0459580 secs] [Times: user=0.23 sys=0.00, real=0.05 secs] 
4263.396: [GC (Allocation Failure) [PSYoungGen: 349454K->157171K(465920K)] 693945K->539751K(1864192K), 0.0718969 secs] [Times: user=0.37 sys=0.00, real=0.07 secs] 
4263.637: [GC (Allocation Failure) [PSYoungGen: 390131K->184085K(465920K)] 772711K->615602K(1864192K), 0.0457396 secs] [Times: user=0.20 sys=0.00, real=0.04 secs] 
4263.804: [GC (Allocation Failure) [PSYoungGen: 417045K->182838K(465920K)] 848562K->678614K(1864192K), 0.0485051 secs] [Times: user=0.23 sys=0.00, real=0.05 secs] 
4263.965: [GC (Allocation Failure) [PSYoungGen: 415798K->186517K(465920K)] 911574K->740361K(1864192K), 0.0567944 secs] [Times: user=0.27 sys=0.00, real=0.06 secs] 
4265.247: [GC (Allocation Failure) [PSYoungGen: 419477K->89466K(465920K)] 973321K->713663K(1864192K), 0.0810820 secs] [Times: user=0.44 sys=0.01, real=0.08 secs] 
4265.647: [GC (Allocation Failure) [PSYoungGen: 322426K->178613K(465920K)] 946623K->832010K(1864192K), 0.0425175 secs] [Times: user=0.18 sys=0.00, real=0.04 secs] 
4265.849: [GC (Allocation Failure) [PSYoungGen: 411573K->184374K(465920K)] 1064970K->893218K(1864192K), 0.0490764 secs] [Times: user=0.23 sys=0.00, real=0.05 secs] 
4266.063: [GC (Allocation Failure) [PSYoungGen: 417334K->186741K(465920K)] 1126178K->951601K(1864192K), 0.0462846 secs] [Times: user=0.22 sys=0.00, real=0.05 secs] 
4267.222: [GC (Allocation Failure) [PSYoungGen: 419701K->111565K(465920K)] 1184561K->946874K(1864192K), 0.0462717 secs] [Times: user=0.23 sys=0.00, real=0.05 secs] 
4267.698: [GC (Allocation Failure) [PSYoungGen: 344525K->151218K(465920K)] 1179834K->1021742K(1864192K), 0.1060605 secs] [Times: user=0.57 sys=0.00, real=0.10 secs] 
4267.952: [GC (Allocation Failure) [PSYoungGen: 384178K->184085K(465920K)] 1254702K->1102115K(1864192K), 0.0411770 secs] [Times: user=0.18 sys=0.00, real=0.04 secs] 
4268.135: [GC (Allocation Failure) [PSYoungGen: 417045K->185815K(465920K)] 1335075K->1167864K(1864192K), 0.0560027 secs] [Times: user=0.26 sys=0.00, real=0.06 secs] 
4268.558: [GC (Allocation Failure) [PSYoungGen: 418775K->184469K(465920K)] 1400824K->1225738K(1864192K), 0.0665688 secs] [Times: user=0.34 sys=0.01, real=0.06 secs] 
4269.719: [GC (Allocation Failure) [PSYoungGen: 417429K->91274K(465920K)] 1458698K->1202112K(1864192K), 0.0699233 secs] [Times: user=0.37 sys=0.01, real=0.07 secs] 
4270.439: [GC (Allocation Failure) [PSYoungGen: 324234K->174901K(465920K)] 1435072K->1314979K(1864192K), 0.0482781 secs] [Times: user=0.20 sys=0.01, real=0.05 secs] 
4270.666: [GC (Allocation Failure) [PSYoungGen: 407861K->184854K(465920K)] 1547939K->1379652K(1864192K), 0.0642709 secs] [Times: user=0.31 sys=0.00, real=0.07 secs] 
4271.247: [GC (Allocation Failure) [PSYoungGen: 417814K->183124K(465920K)] 1612612K->1434106K(1864192K), 0.0850773 secs] [Times: user=0.43 sys=0.00, real=0.08 secs] 
4272.329: [GC (Allocation Failure) [PSYoungGen: 416084K->124783K(465920K)] 1667066K->1444853K(1864192K), 0.0482178 secs] [Times: user=0.24 sys=0.00, real=0.05 secs] 
4272.378: [Full GC (Ergonomics) [PSYoungGen: 124783K->0K(465920K)] [ParOldGen: 1320069K->339329K(1398272K)] 1444853K->339329K(1864192K), [Metaspace: 60344K->60344K(1105920K)], 0.5843822 secs] [Times: user=2.54 sys=0.00, real=0.58 secs] 
4274.298: [GC (Allocation Failure) [PSYoungGen: 232960K->141041K(465920K)] 572289K->480370K(1864192K), 0.0560812 secs] [Times: user=0.21 sys=0.00, real=0.05 secs] 
4274.578: [GC (Allocation Failure) [PSYoungGen: 374001K->178613K(465920K)] 713330K->563415K(1864192K), 0.0394931 secs] [Times: user=0.17 sys=0.00, real=0.04 secs] 
4274.732: [GC (Allocation Failure) [PSYoungGen: 411573K->182518K(465920K)] 796375K->629433K(1864192K), 0.0481571 secs] [Times: user=0.22 sys=0.00, real=0.05 secs] 
4274.914: [GC (Allocation Failure) [PSYoungGen: 415478K->185877K(465920K)] 862393K->690631K(1864192K), 0.0764319 secs] [Times: user=0.39 sys=0.00, real=0.08 secs] 
4275.944: [GC (Allocation Failure) [PSYoungGen: 418837K->92219K(465920K)] 923591K->667301K(1864192K), 0.0567473 secs] [Times: user=0.30 sys=0.00, real=0.06 secs] 
4276.417: [GC (Allocation Failure) [PSYoungGen: 325179K->171508K(465920K)] 900261K->776179K(1864192K), 0.0415169 secs] [Times: user=0.18 sys=0.00, real=0.04 secs] 
4276.586: [GC (Allocation Failure) [PSYoungGen: 404468K->184598K(465920K)] 1009139K->843237K(1864192K), 0.0426749 secs] [Times: user=0.19 sys=0.00, real=0.05 secs] 
4276.735: [GC (GCLocker Initiated GC) [PSYoungGen: 417558K->181876K(465920K)] 1076197K->896360K(1864192K), 0.0457182 secs] [Times: user=0.20 sys=0.00, real=0.05 secs] 
4277.948: [GC (Allocation Failure) [PSYoungGen: 414836K->144242K(465920K)] 1129321K->927634K(1864192K), 0.0499348 secs] [Times: user=0.25 sys=0.00, real=0.05 secs] 
4278.856: [GC (Allocation Failure) [PSYoungGen: 377202K->129455K(465920K)] 1160594K->958536K(1864192K), 0.1204367 secs] [Times: user=0.67 sys=0.00, real=0.12 secs] 
4279.174: [GC (Allocation Failure) [PSYoungGen: 362415K->178549K(465920K)] 1191496K->1049623K(1864192K), 0.0395845 secs] [Times: user=0.18 sys=0.00, real=0.04 secs] 
4279.335: [GC (Allocation Failure) [PSYoungGen: 411387K->179926K(465920K)] 1282461K->1113144K(1864192K), 0.0494244 secs] [Times: user=0.22 sys=0.00, real=0.05 secs] 
4279.516: [GC (Allocation Failure) [PSYoungGen: 412886K->186805K(465920K)] 1346104K->1177519K(1864192K), 0.0748889 secs] [Times: user=0.39 sys=0.01, real=0.08 secs] 
4280.787: [GC (Allocation Failure) [PSYoungGen: 419765K->92651K(465920K)] 1410479K->1153965K(1864192K), 0.0741802 secs] [Times: user=0.40 sys=0.00, real=0.07 secs] 
4281.629: [GC (Allocation Failure) [PSYoungGen: 325611K->175477K(465920K)] 1386925K->1266076K(1864192K), 0.0451078 secs] [Times: user=0.19 sys=0.00, real=0.04 secs] 
4281.807: [GC (Allocation Failure) [PSYoungGen: 408437K->184694K(465920K)] 1499036K->1330533K(1864192K), 0.0441618 secs] [Times: user=0.20 sys=0.00, real=0.04 secs] 
4281.959: [GC (Allocation Failure) [PSYoungGen: 417654K->184468K(465920K)] 1563493K->1386243K(1864192K), 0.0466478 secs] [Times: user=0.22 sys=0.00, real=0.04 secs] 
4282.898: [GC (Allocation Failure) [PSYoungGen: 417428K->150610K(465920K)] 1619203K->1421889K(1864192K), 0.0520069 secs] [Times: user=0.26 sys=0.00, real=0.05 secs] 
4283.239: [GC (Allocation Failure) [PSYoungGen: 383570K->123534K(465920K)] 1654849K->1442737K(1864192K), 0.0691199 secs] [Times: user=0.36 sys=0.00, real=0.07 secs] 
4283.308: [Full GC (Ergonomics) [PSYoungGen: 123534K->0K(465920K)] [ParOldGen: 1319203K->140365K(1398272K)] 1442737K->140365K(1864192K), [Metaspace: 60344K->60344K(1105920K)], 0.1400078 secs] [Times: user=0.58 sys=0.00, real=0.14 secs] 
4283.577: [GC (Allocation Failure) [PSYoungGen: 232960K->178709K(465920K)] 373325K->319074K(1864192K), 0.0260844 secs] [Times: user=0.09 sys=0.00, real=0.02 secs] 
4283.746: [GC (Allocation Failure) [PSYoungGen: 411669K->182326K(465920K)] 552034K->385132K(1864192K), 0.0672256 secs] [Times: user=0.33 sys=0.00, real=0.06 secs] 
4283.980: [GC (Allocation Failure) [PSYoungGen: 415286K->185685K(465920K)] 618092K->446146K(1864192K), 0.0793548 secs] [Times: user=0.41 sys=0.00, real=0.08 secs] 
4285.158: [GC (Allocation Failure) [PSYoungGen: 418645K->93147K(465920K)] 679106K->423520K(1864192K), 0.0609847 secs] [Times: user=0.32 sys=0.01, real=0.06 secs] 
4285.635: [GC (Allocation Failure) [PSYoungGen: 326107K->171380K(465920K)] 656480K->532547K(1864192K), 0.0473470 secs] [Times: user=0.20 sys=0.00, real=0.05 secs] 
4285.886: [GC (Allocation Failure) [PSYoungGen: 404340K->183765K(465920K)] 765507K->598676K(1864192K), 0.0625314 secs] [Times: user=0.30 sys=0.00, real=0.07 secs] 
4286.078: [GC (Allocation Failure) [PSYoungGen: 403736K->173909K(465920K)] 818646K->652744K(1864192K), 0.0480050 secs] [Times: user=0.22 sys=0.00, real=0.05 secs] 
4286.971: [GC (Allocation Failure) [PSYoungGen: 406869K->168883K(401920K)] 885704K->703117K(1800192K), 0.0565836 secs] [Times: user=0.29 sys=0.00, real=0.06 secs] 
4288.197: [GC (Allocation Failure) [PSYoungGen: 401843K->100668K(461824K)] 936077K->699382K(1860096K), 0.0896887 secs] [Times: user=0.48 sys=0.00, real=0.09 secs] 
4288.820: [GC (Allocation Failure) [PSYoungGen: 331580K->178389K(463872K)] 930294K->809637K(1862144K), 0.0448206 secs] [Times: user=0.19 sys=0.00, real=0.04 secs] 
4288.982: [GC (Allocation Failure) [PSYoungGen: 409301K->183189K(465920K)] 1040549K->870021K(1864192K), 0.0442325 secs] [Times: user=0.20 sys=0.00, real=0.05 secs] 
4289.136: [GC (Allocation Failure) [PSYoungGen: 416149K->186549K(465920K)] 1102981K->928692K(1864192K), 0.0463547 secs] [Times: user=0.21 sys=0.00, real=0.05 secs] 
4290.177: [GC (Allocation Failure) [PSYoungGen: 419509K->98235K(465920K)] 1161652K->910731K(1864192K), 0.0448813 secs] [Times: user=0.23 sys=0.00, real=0.04 secs] 
4290.728: [GC (Allocation Failure) [PSYoungGen: 331195K->169812K(465920K)] 1143691K->1014421K(1864192K), 0.0563559 secs] [Times: user=0.26 sys=0.00, real=0.05 secs] 
4290.914: [GC (Allocation Failure) [PSYoungGen: 402772K->181237K(465920K)] 1247381K->1078990K(1864192K), 0.0428686 secs] [Times: user=0.19 sys=0.00, real=0.05 secs] 
4291.101: [GC (Allocation Failure) [PSYoungGen: 414197K->185463K(465920K)] 1311950K->1146319K(1864192K), 0.0711081 secs] [Times: user=0.35 sys=0.00, real=0.07 secs] 
4291.577: [GC (Allocation Failure) [PSYoungGen: 417509K->216948K(465920K)] 1378366K->1236829K(1864192K), 0.0550074 secs] [Times: user=0.27 sys=0.00, real=0.05 secs] 
4292.385: [GC (Allocation Failure) [PSYoungGen: 449908K->91738K(465920K)] 1469789K->1180603K(1864192K), 0.0598684 secs] [Times: user=0.32 sys=0.00, real=0.06 secs] 
4292.707: [GC (Allocation Failure) [PSYoungGen: 324698K->182038K(465920K)] 1413563K->1300183K(1864192K), 0.0461673 secs] [Times: user=0.20 sys=0.00, real=0.04 secs] 
4292.932: [GC (GCLocker Initiated GC) [PSYoungGen: 414998K->179765K(465920K)] 1533144K->1354871K(1864192K), 0.0631467 secs] [Times: user=0.31 sys=0.00, real=0.06 secs] 
4293.123: [GC (Allocation Failure) [PSYoungGen: 412725K->186773K(465920K)] 1587962K->1416858K(1864192K), 0.0465418 secs] [Times: user=0.22 sys=0.00, real=0.05 secs] 
4294.258: [GC (Allocation Failure) [PSYoungGen: 419733K->100892K(465920K)] 1649818K->1401309K(1864192K), 0.0502698 secs] [Times: user=0.26 sys=0.00, real=0.05 secs] 
4295.526: [GC (Allocation Failure) [PSYoungGen: 333852K->163347K(465920K)] 1634269K->1495977K(1864192K), 0.0783518 secs] [Times: user=0.39 sys=0.00, real=0.07 secs] 
4295.605: [Full GC (Ergonomics) [PSYoungGen: 163347K->0K(465920K)] [ParOldGen: 1332630K->183218K(1398272K)] 1495977K->183218K(1864192K), [Metaspace: 60344K->60344K(1105920K)], 0.2003400 secs] [Times: user=0.94 sys=0.00, real=0.20 secs] 
4295.926: [GC (Allocation Failure) [PSYoungGen: 232960K->184534K(465920K)] 416178K->367753K(1864192K), 0.0337519 secs] [Times: user=0.13 sys=0.00, real=0.03 secs] 
4296.100: [GC (Allocation Failure) [PSYoungGen: 417494K->182934K(465920K)] 600713K->430289K(1864192K), 0.0432045 secs] [Times: user=0.20 sys=0.00, real=0.04 secs] 
4296.253: [GC (Allocation Failure) [PSYoungGen: 415894K->186709K(465920K)] 663249K->492296K(1864192K), 0.0552764 secs] [Times: user=0.27 sys=0.00, real=0.06 secs] 
4297.704: [GC (Allocation Failure) [PSYoungGen: 419669K->87482K(465920K)] 725256K->463493K(1864192K), 0.1112996 secs] [Times: user=0.61 sys=0.01, real=0.11 secs] 
4298.302: [GC (Allocation Failure) [PSYoungGen: 320394K->181045K(465920K)] 696405K->584669K(1864192K), 0.0471846 secs] [Times: user=0.17 sys=0.00, real=0.05 secs] 
4298.471: [GC (Allocation Failure) [PSYoungGen: 414005K->181653K(465920K)] 817629K->642117K(1864192K), 0.0429222 secs] [Times: user=0.20 sys=0.00, real=0.04 secs] 
4298.625: [GC (Allocation Failure) [PSYoungGen: 414613K->186741K(465920K)] 875077K->702565K(1864192K), 0.0445179 secs] [Times: user=0.21 sys=0.00, real=0.05 secs] 
4299.665: [GC (Allocation Failure) [PSYoungGen: 419701K->109485K(465920K)] 935525K->695745K(1864192K), 0.0459310 secs] [Times: user=0.23 sys=0.00, real=0.05 secs] 
4300.369: [GC (Allocation Failure) [PSYoungGen: 342445K->157746K(465920K)] 928705K->779131K(1864192K), 0.0899216 secs] [Times: user=0.46 sys=0.00, real=0.09 secs] 
4300.620: [GC (Allocation Failure) [PSYoungGen: 390706K->183894K(465920K)] 1012091K->855071K(1864192K), 0.0412600 secs] [Times: user=0.19 sys=0.00, real=0.04 secs] 
4300.807: [GC (Allocation Failure) [PSYoungGen: 416854K->182582K(465920K)] 1088031K->917527K(1864192K), 0.0578293 secs] [Times: user=0.28 sys=0.00, real=0.05 secs] 
4300.994: [GC (Allocation Failure) [PSYoungGen: 415542K->186837K(465920K)] 1150487K->980134K(1864192K), 0.0561306 secs] [Times: user=0.28 sys=0.00, real=0.06 secs] 
4302.445: [GC (Allocation Failure) [PSYoungGen: 419797K->90618K(465920K)] 1213094K->954411K(1864192K), 0.1133722 secs] [Times: user=0.63 sys=0.00, real=0.12 secs] 
4303.331: [GC (Allocation Failure) [PSYoungGen: 323578K->178549K(465920K)] 1187371K->1071479K(1864192K), 0.0456191 secs] [Times: user=0.20 sys=0.00, real=0.05 secs] 
4303.552: [GC (Allocation Failure) [PSYoungGen: 411509K->184598K(465920K)] 1304439K->1133144K(1864192K), 0.0660319 secs] [Times: user=0.32 sys=0.00, real=0.07 secs] 
4303.779: [GC (Allocation Failure) [PSYoungGen: 417558K->183060K(465920K)] 1366104K->1187438K(1864192K), 0.0604023 secs] [Times: user=0.30 sys=0.00, real=0.06 secs] 
4304.814: [GC (Allocation Failure) [PSYoungGen: 416020K->115582K(465920K)] 1420398K->1189080K(1864192K), 0.0471699 secs] [Times: user=0.24 sys=0.00, real=0.05 secs] 
4305.261: [GC (Allocation Failure) [PSYoungGen: 348542K->157939K(465920K)] 1422040K->1269146K(1864192K), 0.0895713 secs] [Times: user=0.45 sys=0.00, real=0.09 secs] 
4305.493: [GC (Allocation Failure) [PSYoungGen: 390899K->181141K(465920K)] 1502106K->1341672K(1864192K), 0.0428588 secs] [Times: user=0.19 sys=0.00, real=0.04 secs] 
4305.652: [GC (Allocation Failure) [PSYoungGen: 414101K->185783K(465920K)] 1574632K->1409826K(1864192K), 0.0516207 secs] [Times: user=0.24 sys=0.00, real=0.05 secs] 
4305.842: [GC (Allocation Failure) [PSYoungGen: 418743K->183316K(465920K)] 1642786K->1466215K(1864192K), 0.0762179 secs] [Times: user=0.39 sys=0.00, real=0.08 secs] 
4306.897: [GC (Allocation Failure) [PSYoungGen: 416276K->93227K(465920K)] 1699175K->1445414K(1864192K), 0.0457042 secs] [Times: user=0.23 sys=0.00, real=0.04 secs] 
4306.943: [Full GC (Ergonomics) [PSYoungGen: 93227K->0K(465920K)] [ParOldGen: 1352187K->104037K(1398272K)] 1445414K->104037K(1864192K), [Metaspace: 60409K->60409K(1105920K)], 0.0889930 secs] [Times: user=0.35 sys=0.00, real=0.09 secs] 
4307.350: [GC (Allocation Failure) [PSYoungGen: 232960K->178261K(465920K)] 336997K->282299K(1864192K), 0.0356170 secs] [Times: user=0.13 sys=0.00, real=0.03 secs] 
4307.530: [GC (Allocation Failure) [PSYoungGen: 411221K->184758K(465920K)] 515259K->344391K(1864192K), 0.0424848 secs] [Times: user=0.19 sys=0.00, real=0.04 secs] 
4307.708: [GC (Allocation Failure) [PSYoungGen: 417718K->186421K(465920K)] 577351K->402207K(1864192K), 0.0488761 secs] [Times: user=0.24 sys=0.00, real=0.05 secs] 
4308.745: [GC (Allocation Failure) [PSYoungGen: 419381K->112333K(465920K)] 635167K->398583K(1864192K), 0.0453470 secs] [Times: user=0.23 sys=0.00, real=0.05 secs] 
4309.684: [GC (Allocation Failure) [PSYoungGen: 345293K->148577K(465920K)] 631543K->470940K(1864192K), 0.1059323 secs] [Times: user=0.56 sys=0.00, real=0.11 secs] 
4309.953: [GC (Allocation Failure) [PSYoungGen: 381537K->183957K(465920K)] 703900K->552248K(1864192K), 0.0398266 secs] [Times: user=0.18 sys=0.00, real=0.04 secs] 
4310.104: [GC (Allocation Failure) [PSYoungGen: 416917K->186071K(465920K)] 785208K->618662K(1864192K), 0.0496697 secs] [Times: user=0.23 sys=0.00, real=0.05 secs] 
4310.282: [GC (Allocation Failure) [PSYoungGen: 419031K->184020K(465920K)] 851622K->675475K(1864192K), 0.0596668 secs] [Times: user=0.30 sys=0.00, real=0.06 secs] 
4311.907: [GC (Allocation Failure) [PSYoungGen: 416980K->89242K(465920K)] 908435K->650097K(1864192K), 0.1034451 secs] [Times: user=0.57 sys=0.00, real=0.10 secs] 
4312.758: [GC (Allocation Failure) [PSYoungGen: 322202K->177845K(465920K)] 883057K->767493K(1864192K), 0.0468861 secs] [Times: user=0.21 sys=0.00, real=0.04 secs] 
4312.949: [GC (Allocation Failure) [PSYoungGen: 410805K->184950K(465920K)] 1000453K->830033K(1864192K), 0.0433555 secs] [Times: user=0.20 sys=0.00, real=0.04 secs] 
4313.098: [GC (Allocation Failure) [PSYoungGen: 417910K->186837K(465920K)] 1062993K->887969K(1864192K), 0.0458306 secs] [Times: user=0.21 sys=0.00, real=0.04 secs] 
4314.090: [GC (Allocation Failure) [PSYoungGen: 419797K->121583K(465920K)] 1120929K->893211K(1864192K), 0.0473114 secs] [Times: user=0.24 sys=0.00, real=0.05 secs] 
4314.652: [GC (Allocation Failure) [PSYoungGen: 354543K->141137K(465920K)] 1126171K->951388K(1864192K), 0.1320978 secs] [Times: user=0.72 sys=0.00, real=0.13 secs] 
4314.939: [GC (Allocation Failure) [PSYoungGen: 374097K->178485K(465920K)] 1184348K->1033717K(1864192K), 0.0390930 secs] [Times: user=0.17 sys=0.00, real=0.04 secs] 
4315.118: [GC (Allocation Failure) [PSYoungGen: 411445K->185463K(465920K)] 1266677K->1103271K(1864192K), 0.0548266 secs] [Times: user=0.26 sys=0.00, real=0.05 secs] 
4315.323: [GC (Allocation Failure) [PSYoungGen: 418423K->183508K(465920K)] 1336231K->1160049K(1864192K), 0.0597482 secs] [Times: user=0.30 sys=0.00, real=0.06 secs] 
4316.547: [GC (Allocation Failure) [PSYoungGen: 416468K->92059K(465920K)] 1393011K->1137985K(1864192K), 0.0499229 secs] [Times: user=0.26 sys=0.00, real=0.05 secs] 
4317.010: [GC (Allocation Failure) [PSYoungGen: 325019K->177717K(465920K)] 1370945K->1253065K(1864192K), 0.0460755 secs] [Times: user=0.20 sys=0.00, real=0.04 secs] 
4317.245: [GC (Allocation Failure) [PSYoungGen: 410677K->181749K(465920K)] 1486025K->1312765K(1864192K), 0.0574860 secs] [Times: user=0.27 sys=0.00, real=0.06 secs] 
4317.472: [GC (Allocation Failure) [PSYoungGen: 414709K->186901K(465920K)] 1545725K->1373197K(1864192K), 0.0617656 secs] [Times: user=0.30 sys=0.00, real=0.06 secs] 
4318.523: [GC (Allocation Failure) [PSYoungGen: 419861K->135536K(465920K)] 1606157K->1392320K(1864192K), 0.0495593 secs] [Times: user=0.25 sys=0.00, real=0.05 secs] 
4319.366: [GC (Allocation Failure) [PSYoungGen: 368496K->130783K(465920K)] 1625280K->1430523K(1864192K), 0.1207734 secs] [Times: user=0.66 sys=0.01, real=0.12 secs] 
4319.672: [GC (Allocation Failure) [PSYoungGen: 363743K->177941K(465920K)] 1663483K->1519962K(1864192K), 0.0399368 secs] [Times: user=0.18 sys=0.01, real=0.04 secs] 
4319.712: [Full GC (Ergonomics) [PSYoungGen: 177941K->0K(465920K)] [ParOldGen: 1342020K->237154K(1398272K)] 1519962K->237154K(1864192K), [Metaspace: 60409K->60409K(1105920K)], 0.2855209 secs] [Times: user=1.30 sys=0.00, real=0.29 secs] 
4320.120: [GC (Allocation Failure) [PSYoungGen: 232960K->185207K(465920K)] 470114K->422361K(1864192K), 0.0889999 secs] [Times: user=0.47 sys=0.00, real=0.09 secs] 
4320.722: [GC (GCLocker Initiated GC) [PSYoungGen: 418167K->182708K(465920K)] 655322K->478704K(1864192K), 0.1118666 secs] [Times: user=0.59 sys=0.01, real=0.11 secs] 
4321.811: [GC (Allocation Failure) [PSYoungGen: 415668K->91963K(465920K)] 711667K->457129K(1864192K), 0.0456502 secs] [Times: user=0.24 sys=0.00, real=0.05 secs] 
4322.234: [GC (Allocation Failure) [PSYoungGen: 324923K->176245K(465920K)] 690089K->571116K(1864192K), 0.0457899 secs] [Times: user=0.19 sys=0.00, real=0.05 secs] 
4322.419: [GC (Allocation Failure) [PSYoungGen: 409205K->184726K(465920K)] 804076K->634517K(1864192K), 0.0426615 secs] [Times: user=0.19 sys=0.01, real=0.04 secs] 
4322.570: [GC (Allocation Failure) [PSYoungGen: 417686K->187093K(465920K)] 867477K->693028K(1864192K), 0.0450035 secs] [Times: user=0.21 sys=0.00, real=0.04 secs] 
4323.614: [GC (Allocation Failure) [PSYoungGen: 420053K->145362K(465920K)] 925988K->721929K(1864192K), 0.0501874 secs] [Times: user=0.24 sys=0.00, real=0.05 secs] 
4324.488: [GC (Allocation Failure) [PSYoungGen: 378322K->119230K(465920K)] 954889K->741901K(1864192K), 0.1453053 secs] [Times: user=0.82 sys=0.00, real=0.14 secs] 
4324.862: [GC (Allocation Failure) [PSYoungGen: 352190K->178453K(465920K)] 974861K->839165K(1864192K), 0.0368321 secs] [Times: user=0.16 sys=0.00, real=0.04 secs] 
4325.012: [GC (Allocation Failure) [PSYoungGen: 411413K->182614K(465920K)] 1072125K->905527K(1864192K), 0.0481646 secs] [Times: user=0.22 sys=0.00, real=0.05 secs] 
4325.169: [GC (Allocation Failure) [PSYoungGen: 415574K->186869K(465920K)] 1138487K->967957K(1864192K), 0.0563574 secs] [Times: user=0.28 sys=0.00, real=0.05 secs] 
4326.304: [GC (Allocation Failure) [PSYoungGen: 419829K->99676K(465920K)] 1200917K->951212K(1864192K), 0.0534163 secs] [Times: user=0.29 sys=0.00, real=0.06 secs] 
4327.525: [GC (Allocation Failure) [PSYoungGen: 332636K->166196K(465920K)] 1184172K->1049617K(1864192K), 0.0564414 secs] [Times: user=0.25 sys=0.00, real=0.06 secs] 
4327.800: [GC (Allocation Failure) [PSYoungGen: 399156K->184534K(465920K)] 1282577K->1120475K(1864192K), 0.0583390 secs] [Times: user=0.28 sys=0.00, real=0.06 secs] 
4328.017: [GC (Allocation Failure) [PSYoungGen: 408537K->176182K(465920K)] 1344479K->1176171K(1864192K), 0.0743217 secs] [Times: user=0.37 sys=0.00, real=0.07 secs] 
4329.022: [GC (Allocation Failure) [PSYoungGen: 409142K->167794K(463872K)] 1409131K->1223560K(1862144K), 0.0656999 secs] [Times: user=0.28 sys=0.00, real=0.07 secs] 
4329.736: [GC (GCLocker Initiated GC) [PSYoungGen: 400754K->106188K(464896K)] 1456521K->1226435K(1863168K), 0.0906885 secs] [Times: user=0.48 sys=0.01, real=0.09 secs] 
4330.091: [GC (Allocation Failure) [PSYoungGen: 339148K->176982K(465920K)] 1467625K->1339934K(1864192K), 0.1363286 secs] [Times: user=0.76 sys=0.00, real=0.14 secs] 
4330.340: [GC (Allocation Failure) [PSYoungGen: 409942K->179926K(465920K)] 1572894K->1399298K(1864192K), 0.1645478 secs] [Times: user=0.92 sys=0.00, real=0.16 secs] 
4330.634: [GC (Allocation Failure) [PSYoungGen: 412886K->186773K(465920K)] 1632258K->1463657K(1864192K), 0.0597579 secs] [Times: user=0.29 sys=0.00, real=0.06 secs] 
4331.682: [GC (Allocation Failure) [PSYoungGen: 419733K->95963K(465920K)] 1696617K->1443216K(1864192K), 0.0488049 secs] [Times: user=0.26 sys=0.00, real=0.05 secs] 
4331.731: [Full GC (Ergonomics) [PSYoungGen: 95963K->0K(465920K)] [ParOldGen: 1347252K->90770K(1398272K)] 1443216K->90770K(1864192K), [Metaspace: 60409K->60409K(1105920K)], 0.0462952 secs] [Times: user=0.15 sys=0.01, real=0.05 secs] 
4332.166: [GC (Allocation Failure) [PSYoungGen: 232960K->170836K(465920K)] 323730K->261607K(1864192K), 0.0370811 secs] [Times: user=0.14 sys=0.00, real=0.04 secs] 
4332.426: [GC (Allocation Failure) [PSYoungGen: 403796K->181589K(465920K)] 494567K->325844K(1864192K), 0.0580614 secs] [Times: user=0.28 sys=0.00, real=0.06 secs] 
4332.609: [GC (Allocation Failure) [PSYoungGen: 414549K->185815K(465920K)] 558804K->393646K(1864192K), 0.0488709 secs] [Times: user=0.23 sys=0.00, real=0.05 secs] 
4333.565: [GC (Allocation Failure) [PSYoungGen: 418775K->170035K(465920K)] 626606K->437018K(1864192K), 0.0563043 secs] [Times: user=0.29 sys=0.00, real=0.06 secs] 
4334.182: [GC (GCLocker Initiated GC) [PSYoungGen: 402995K->105164K(465920K)] 669978K->437192K(1864192K), 0.0912387 secs] [Times: user=0.48 sys=0.00, real=0.09 secs] 
4334.580: [GC (Allocation Failure) [PSYoungGen: 338124K->174389K(465920K)] 678346K->547888K(1864192K), 0.1250176 secs] [Times: user=0.68 sys=0.00, real=0.12 secs] 
4334.822: [GC (Allocation Failure) [PSYoungGen: 407349K->184151K(465920K)] 780848K->613741K(1864192K), 0.1719878 secs] [Times: user=0.96 sys=0.00, real=0.17 secs] 
4335.101: [GC (Allocation Failure) [PSYoungGen: 417111K->183572K(465920K)] 846701K->671587K(1864192K), 0.0575365 secs] [Times: user=0.28 sys=0.01, real=0.06 secs] 
4336.188: [GC (Allocation Failure) [PSYoungGen: 416532K->97259K(465920K)] 904547K->654706K(1864192K), 0.0458348 secs] [Times: user=0.24 sys=0.00, real=0.04 secs] 
4336.642: [GC (Allocation Failure) [PSYoungGen: 330219K->173429K(465920K)] 887666K->762460K(1864192K), 0.0525955 secs] [Times: user=0.24 sys=0.00, real=0.05 secs] 
4336.895: [GC (Allocation Failure) [PSYoungGen: 406389K->180949K(465920K)] 995420K->824013K(1864192K), 0.0546522 secs] [Times: user=0.26 sys=0.00, real=0.06 secs] 
4337.066: [GC (Allocation Failure) [PSYoungGen: 413909K->185687K(465920K)] 1056973K->891750K(1864192K), 0.0497594 secs] [Times: user=0.23 sys=0.00, real=0.05 secs] 
4337.980: [GC (Allocation Failure) [PSYoungGen: 418647K->168755K(465920K)] 1124710K->933946K(1864192K), 0.0582658 secs] [Times: user=0.30 sys=0.00, real=0.06 secs] 
4338.391: [GC (Allocation Failure) [PSYoungGen: 401715K->104396K(465920K)] 1166906K->934204K(1864192K), 0.0594108 secs] [Times: user=0.31 sys=0.00, real=0.06 secs] 
4338.644: [GC (Allocation Failure) [PSYoungGen: 332369K->178069K(465920K)] 1162176K->1041278K(1864192K), 0.0465738 secs] [Times: user=0.20 sys=0.00, real=0.05 secs] 
4338.807: [GC (Allocation Failure) [PSYoungGen: 411029K->179797K(465920K)] 1274238K->1098309K(1864192K), 0.0437300 secs] [Times: user=0.19 sys=0.00, real=0.04 secs] 
4338.960: [GC (Allocation Failure) [PSYoungGen: 412757K->186165K(465920K)] 1331269K->1159581K(1864192K), 0.0462379 secs] [Times: user=0.21 sys=0.00, real=0.05 secs] 
4340.152: [GC (Allocation Failure) [PSYoungGen: 419125K->97387K(465920K)] 1392541K->1140948K(1864192K), 0.0462599 secs] [Times: user=0.24 sys=0.00, real=0.05 secs] 
4340.984: [GC (Allocation Failure) [PSYoungGen: 330347K->169940K(465920K)] 1373908K->1245218K(1864192K), 0.0621411 secs] [Times: user=0.30 sys=0.01, real=0.06 secs] 
4341.188: [GC (Allocation Failure) [PSYoungGen: 402900K->181461K(465920K)] 1478178K->1309751K(1864192K), 0.0432389 secs] [Times: user=0.19 sys=0.00, real=0.04 secs] 
4341.348: [GC (Allocation Failure) [PSYoungGen: 414421K->186039K(465920K)] 1542711K->1377920K(1864192K), 0.0507671 secs] [Times: user=0.24 sys=0.00, real=0.05 secs] 
4341.740: [GC (Allocation Failure) [PSYoungGen: 418999K->184276K(465920K)] 1610880K->1435314K(1864192K), 0.0556860 secs] [Times: user=0.27 sys=0.01, real=0.06 secs] 
4342.914: [GC (Allocation Failure) [PSYoungGen: 417236K->90890K(465920K)] 1668274K->1410772K(1864192K), 0.0874123 secs] [Times: user=0.48 sys=0.00, real=0.09 secs] 
4343.001: [Full GC (Ergonomics) [PSYoungGen: 90890K->0K(465920K)] [ParOldGen: 1319881K->108183K(1398272K)] 1410772K->108183K(1864192K), [Metaspace: 60409K->60409K(1105920K)], 0.1567076 secs] [Times: user=0.66 sys=0.01, real=0.16 secs] 
4343.598: [GC (Allocation Failure) [PSYoungGen: 232960K->182198K(465920K)] 341143K->290381K(1864192K), 0.0256335 secs] [Times: user=0.09 sys=0.00, real=0.02 secs] 
4343.771: [GC (Allocation Failure) [PSYoungGen: 415158K->184470K(465920K)] 523341K->349461K(1864192K), 0.0458699 secs] [Times: user=0.21 sys=0.00, real=0.05 secs] 
4343.947: [GC (Allocation Failure) [PSYoungGen: 417430K->187061K(465920K)] 582421K->408020K(1864192K), 0.0444958 secs] [Times: user=0.21 sys=0.00, real=0.04 secs] 
4344.947: [GC (Allocation Failure) [PSYoungGen: 420021K->99708K(465920K)] 640980K->391147K(1864192K), 0.0433737 secs] [Times: user=0.23 sys=0.00, real=0.04 secs] 
4345.469: [GC (GCLocker Initiated GC) [PSYoungGen: 332668K->167732K(465920K)] 624107K->491573K(1864192K), 0.0629817 secs] [Times: user=0.30 sys=0.00, real=0.06 secs] 
4345.674: [GC (Allocation Failure) [PSYoungGen: 400692K->184502K(465920K)] 724535K->560797K(1864192K), 0.0431337 secs] [Times: user=0.20 sys=0.00, real=0.05 secs] 
4345.888: [GC (Allocation Failure) [PSYoungGen: 417462K->182390K(465920K)] 793757K->622870K(1864192K), 0.0746131 secs] [Times: user=0.37 sys=0.00, real=0.07 secs] 
4346.090: [GC (Allocation Failure) [PSYoungGen: 415350K->186293K(465920K)] 855830K->684484K(1864192K), 0.0551636 secs] [Times: user=0.27 sys=0.00, real=0.05 secs] 
4347.252: [GC (Allocation Failure) [PSYoungGen: 419253K->90490K(465920K)] 917444K->659154K(1864192K), 0.0649519 secs] [Times: user=0.35 sys=0.00, real=0.07 secs] 
4347.647: [GC (Allocation Failure) [PSYoungGen: 323450K->180021K(465920K)] 892114K->778022K(1864192K), 0.0449088 secs] [Times: user=0.19 sys=0.00, real=0.04 secs] 
4347.813: [GC (Allocation Failure) [PSYoungGen: 412981K->184182K(465920K)] 1010982K->838570K(1864192K), 0.0441983 secs] [Times: user=0.20 sys=0.00, real=0.05 secs] 
4347.968: [GC (Allocation Failure) [PSYoungGen: 417142K->186773K(465920K)] 1071530K->897002K(1864192K), 0.0464851 secs] [Times: user=0.22 sys=0.00, real=0.04 secs] 
4349.125: [GC (Allocation Failure) [PSYoungGen: 419733K->100252K(465920K)] 1129962K->881077K(1864192K), 0.0477491 secs] [Times: user=0.25 sys=0.00, real=0.05 secs] 
4350.546: [GC (Allocation Failure) [PSYoungGen: 333212K->162643K(465920K)] 1114037K->975449K(1864192K), 0.0788491 secs] [Times: user=0.39 sys=0.00, real=0.07 secs] 
4350.780: [GC (Allocation Failure) [PSYoungGen: 395603K->184694K(465920K)] 1208409K->1048471K(1864192K), 0.0438464 secs] [Times: user=0.19 sys=0.00, real=0.04 secs] 
4350.935: [GC (Allocation Failure) [PSYoungGen: 417654K->186199K(465920K)] 1281431K->1114001K(1864192K), 0.0518834 secs] [Times: user=0.24 sys=0.00, real=0.06 secs] 
4351.129: [GC (Allocation Failure) [PSYoungGen: 419159K->183924K(465920K)] 1346961K->1170750K(1864192K), 0.0695810 secs] [Times: user=0.36 sys=0.00, real=0.07 secs] 
4352.501: [GC (Allocation Failure) [PSYoungGen: 416884K->90458K(465920K)] 1403710K->1146712K(1864192K), 0.0920012 secs] [Times: user=0.49 sys=0.01, real=0.09 secs] 
4352.977: [GC (Allocation Failure) [PSYoungGen: 323418K->180789K(465920K)] 1379672K->1266140K(1864192K), 0.0403039 secs] [Times: user=0.17 sys=0.00, real=0.04 secs] 
4353.130: [GC (Allocation Failure) [PSYoungGen: 413749K->184822K(465920K)] 1499100K->1326828K(1864192K), 0.0449260 secs] [Times: user=0.21 sys=0.00, real=0.04 secs] 
4353.320: [GC (Allocation Failure) [PSYoungGen: 417782K->181812K(465920K)] 1559788K->1379754K(1864192K), 0.0669748 secs] [Times: user=0.33 sys=0.00, real=0.07 secs] 
4354.379: [GC (Allocation Failure) [PSYoungGen: 414772K->108397K(465920K)] 1612714K->1375243K(1864192K), 0.0469706 secs] [Times: user=0.24 sys=0.00, real=0.04 secs] 
4354.693: [GC (GCLocker Initiated GC) [PSYoungGen: 341357K->163507K(465920K)] 1608203K->1465835K(1864192K), 0.0850544 secs] [Times: user=0.43 sys=0.00, real=0.09 secs] 
4354.923: [GC (Allocation Failure) [PSYoungGen: 396467K->184310K(465920K)] 1698833K->1537720K(1864192K), 0.0431157 secs] [Times: user=0.19 sys=0.00, real=0.04 secs] 
4354.966: [Full GC (Ergonomics) [PSYoungGen: 184310K->0K(465920K)] [ParOldGen: 1353410K->254609K(1398272K)] 1537720K->254609K(1864192K), [Metaspace: 60409K->60409K(1105920K)], 0.3163052 secs] [Times: user=1.45 sys=0.00, real=0.32 secs] 
4355.394: [GC (Allocation Failure) [PSYoungGen: 232960K->182326K(465920K)] 487569K->436936K(1864192K), 0.0771230 secs] [Times: user=0.40 sys=0.00, real=0.08 secs] 
4355.649: [GC (Allocation Failure) [PSYoungGen: 415217K->186165K(465920K)] 669827K->498887K(1864192K), 0.0629198 secs] [Times: user=0.31 sys=0.01, real=0.06 secs] 
4356.858: [GC (Allocation Failure) [PSYoungGen: 419125K->87898K(465920K)] 731847K->470980K(1864192K), 0.0708902 secs] [Times: user=0.38 sys=0.00, real=0.07 secs] 
4357.410: [GC (Allocation Failure) [PSYoungGen: 320858K->181558K(465920K)] 703940K->592868K(1864192K), 0.0452223 secs] [Times: user=0.20 sys=0.00, real=0.04 secs] 
4357.580: [GC (Allocation Failure) [PSYoungGen: 414518K->181749K(465920K)] 825828K->649728K(1864192K), 0.0427938 secs] [Times: user=0.20 sys=0.00, real=0.04 secs] 
4357.771: [GC (Allocation Failure) [PSYoungGen: 414709K->186677K(465920K)] 882688K->710080K(1864192K), 0.0663937 secs] [Times: user=0.32 sys=0.01, real=0.07 secs] 
4358.861: [GC (Allocation Failure) [PSYoungGen: 419637K->110413K(465920K)] 943040K->704168K(1864192K), 0.0458213 secs] [Times: user=0.23 sys=0.00, real=0.05 secs] 
4360.026: [GC (Allocation Failure) [PSYoungGen: 343373K->156370K(465920K)] 937128K->785790K(1864192K), 0.1086814 secs] [Times: user=0.57 sys=0.00, real=0.10 secs] 
4360.316: [GC (Allocation Failure) [PSYoungGen: 389330K->181205K(465920K)] 1018750K->859461K(1864192K), 0.0409152 secs] [Times: user=0.18 sys=0.00, real=0.04 secs] 
4360.473: [GC (Allocation Failure) [PSYoungGen: 414165K->185751K(465920K)] 1092421K->927223K(1864192K), 0.0497597 secs] [Times: user=0.23 sys=0.01, real=0.05 secs] 
4360.650: [GC (Allocation Failure) [PSYoungGen: 418711K->186613K(465920K)] 1160183K->986933K(1864192K), 0.0608745 secs] [Times: user=0.31 sys=0.00, real=0.06 secs] 
4361.686: [GC (Allocation Failure) [PSYoungGen: 419573K->91754K(465920K)] 1219893K->962490K(1864192K), 0.0554299 secs] [Times: user=0.29 sys=0.00, real=0.06 secs] 
4362.227: [GC (Allocation Failure) [PSYoungGen: 324714K->176853K(465920K)] 1195450K->1076806K(1864192K), 0.0357213 secs] [Times: user=0.15 sys=0.00, real=0.03 secs] 
4362.416: [GC (Allocation Failure) [PSYoungGen: 409813K->184278K(465920K)] 1309766K->1139327K(1864192K), 0.0643106 secs] [Times: user=0.31 sys=0.00, real=0.06 secs] 
4362.606: [GC (Allocation Failure) [PSYoungGen: 417238K->183764K(465920K)] 1372287K->1194573K(1864192K), 0.0450550 secs] [Times: user=0.21 sys=0.00, real=0.05 secs] 
4363.639: [GC (Allocation Failure) [PSYoungGen: 416724K->118254K(465920K)] 1427533K->1198383K(1864192K), 0.0473088 secs] [Times: user=0.24 sys=0.00, real=0.05 secs] 
4364.127: [GC (GCLocker Initiated GC) [PSYoungGen: 351214K->154034K(465920K)] 1431343K->1272712K(1864192K), 0.1017445 secs] [Times: user=0.54 sys=0.00, real=0.10 secs] 
4364.382: [GC (Allocation Failure) [PSYoungGen: 386994K->184182K(465920K)] 1505839K->1351226K(1864192K), 0.0415448 secs] [Times: user=0.18 sys=0.00, real=0.04 secs] 
4364.537: [GC (Allocation Failure) [PSYoungGen: 417142K->182614K(465920K)] 1584186K->1413655K(1864192K), 0.0495739 secs] [Times: user=0.23 sys=0.00, real=0.05 secs] 
4364.697: [GC (Allocation Failure) [PSYoungGen: 415574K->186485K(465920K)] 1646615K->1475790K(1864192K), 0.0566429 secs] [Times: user=0.28 sys=0.00, real=0.05 secs] 
4366.295: [GC (Allocation Failure) [PSYoungGen: 419445K->88890K(465920K)] 1708750K->1448503K(1864192K), 0.1219557 secs] [Times: user=0.67 sys=0.01, real=0.13 secs] 
4366.417: [Full GC (Ergonomics) [PSYoungGen: 88890K->0K(465920K)] [ParOldGen: 1359612K->99450K(1398272K)] 1448503K->99450K(1864192K), [Metaspace: 60409K->60409K(1105920K)], 0.1432182 secs] [Times: user=0.61 sys=0.00, real=0.14 secs] 
4367.042: [GC (Allocation Failure) [PSYoungGen: 232960K->177589K(465920K)] 332410K->277040K(1864192K), 0.0301662 secs] [Times: user=0.11 sys=0.00, real=0.03 secs] 
4367.190: [GC (Allocation Failure) [PSYoungGen: 410549K->184790K(465920K)] 510000K->339480K(1864192K), 0.0432711 secs] [Times: user=0.19 sys=0.00, real=0.04 secs] 
4367.360: [GC (Allocation Failure) [PSYoungGen: 417750K->200340K(465920K)] 572440K->410967K(1864192K), 0.0496144 secs] [Times: user=0.24 sys=0.01, real=0.05 secs] 
4368.398: [GC (Allocation Failure) [PSYoungGen: 433300K->119566K(465920K)] 643927K->399649K(1864192K), 0.0460179 secs] [Times: user=0.23 sys=0.00, real=0.04 secs] 
4369.191: [GC (Allocation Failure) [PSYoungGen: 352526K->147665K(465920K)] 632609K->465628K(1864192K), 0.1108778 secs] [Times: user=0.59 sys=0.00, real=0.11 secs] 
4369.515: [GC (Allocation Failure) [PSYoungGen: 380625K->182005K(465920K)] 698590K->546355K(1864192K), 0.0404105 secs] [Times: user=0.17 sys=0.00, real=0.04 secs] 
4369.671: [GC (Allocation Failure) [PSYoungGen: 414965K->185687K(465920K)] 779315K->613672K(1864192K), 0.0490541 secs] [Times: user=0.23 sys=0.00, real=0.05 secs] 
4369.850: [GC (Allocation Failure) [PSYoungGen: 418647K->186773K(465920K)] 846632K->673519K(1864192K), 0.0601931 secs] [Times: user=0.30 sys=0.00, real=0.06 secs] 
4370.856: [GC (Allocation Failure) [PSYoungGen: 419733K->91082K(465920K)] 906479K->648332K(1864192K), 0.0454977 secs] [Times: user=0.24 sys=0.00, real=0.05 secs] 
4371.428: [GC (GCLocker Initiated GC) [PSYoungGen: 324042K->173717K(465920K)] 881293K->760516K(1864192K), 0.0433490 secs] [Times: user=0.19 sys=0.00, real=0.04 secs] 
4371.599: [GC (Allocation Failure) [PSYoungGen: 406677K->183861K(465920K)] 993771K->824999K(1864192K), 0.0426320 secs] [Times: user=0.19 sys=0.00, real=0.04 secs] 
4371.749: [GC (Allocation Failure) [PSYoungGen: 416821K->186901K(465920K)] 1057959K->883919K(1864192K), 0.0452960 secs] [Times: user=0.21 sys=0.00, real=0.04 secs] 
4372.726: [GC (Allocation Failure) [PSYoungGen: 419861K->125487K(465920K)] 1116879K->892913K(1864192K), 0.0477666 secs] [Times: user=0.24 sys=0.00, real=0.05 secs] 
4373.653: [GC (Allocation Failure) [PSYoungGen: 358447K->143505K(465920K)] 1125873K->950803K(1864192K), 0.1351890 secs] [Times: user=0.73 sys=0.00, real=0.14 secs] 
4373.971: [GC (Allocation Failure) [PSYoungGen: 376465K->178901K(465920K)] 1183763K->1031568K(1864192K), 0.0397793 secs] [Times: user=0.18 sys=0.00, real=0.04 secs] 
4374.127: [GC (Allocation Failure) [PSYoungGen: 411861K->185687K(465920K)] 1264528K->1100866K(1864192K), 0.0497695 secs] [Times: user=0.23 sys=0.00, real=0.05 secs] 
4374.308: [GC (Allocation Failure) [PSYoungGen: 418647K->186613K(465920K)] 1333826K->1160728K(1864192K), 0.0635146 secs] [Times: user=0.32 sys=0.00, real=0.06 secs] 
4375.475: [GC (Allocation Failure) [PSYoungGen: 419573K->92779K(465920K)] 1393688K->1137430K(1864192K), 0.0611879 secs] [Times: user=0.32 sys=0.01, real=0.06 secs] 
4376.344: [GC (GCLocker Initiated GC) [PSYoungGen: 325739K->169556K(465920K)] 1370390K->1243976K(1864192K), 0.0458184 secs] [Times: user=0.20 sys=0.00, real=0.05 secs] 
4376.589: [GC (Allocation Failure) [PSYoungGen: 402516K->184534K(465920K)] 1476939K->1311945K(1864192K), 0.0620749 secs] [Times: user=0.29 sys=0.00, real=0.06 secs] 
4376.772: [GC (Allocation Failure) [PSYoungGen: 417494K->187221K(465920K)] 1544905K->1370512K(1864192K), 0.0476629 secs] [Times: user=0.22 sys=0.00, real=0.05 secs] 
4377.721: [GC (Allocation Failure) [PSYoungGen: 420181K->134480K(465920K)] 1603472K->1388171K(1864192K), 0.0508936 secs] [Times: user=0.26 sys=0.00, real=0.05 secs] 
4378.171: [GC (Allocation Failure) [PSYoungGen: 367356K->137488K(465920K)] 1621047K->1433867K(1864192K), 0.1229532 secs] [Times: user=0.67 sys=0.00, real=0.12 secs] 
4378.494: [GC (Allocation Failure) [PSYoungGen: 370448K->177589K(465920K)] 1666827K->1518072K(1864192K), 0.0399948 secs] [Times: user=0.17 sys=0.01, real=0.04 secs] 
4378.534: [Full GC (Ergonomics) [PSYoungGen: 177589K->0K(465920K)] [ParOldGen: 1340483K->238763K(1398272K)] 1518072K->238763K(1864192K), [Metaspace: 60409K->60409K(1105920K)], 0.2880543 secs] [Times: user=1.32 sys=0.00, real=0.29 secs] 
4378.938: [GC (Allocation Failure) [PSYoungGen: 232960K->180054K(465920K)] 471723K->418818K(1864192K), 0.0769211 secs] [Times: user=0.40 sys=0.00, real=0.07 secs] 
4379.142: [GC (Allocation Failure) [PSYoungGen: 413014K->186581K(465920K)] 651778K->482888K(1864192K), 0.0569982 secs] [Times: user=0.28 sys=0.00, real=0.06 secs] 
4380.217: [GC (GCLocker Initiated GC) [PSYoungGen: 419541K->93867K(465920K)] 715848K->460606K(1864192K), 0.0647202 secs] [Times: user=0.34 sys=0.00, real=0.06 secs] 
4381.189: [GC (Allocation Failure) [PSYoungGen: 326827K->170708K(465920K)] 693733K->568007K(1864192K), 0.0487320 secs] [Times: user=0.22 sys=0.00, real=0.05 secs] 
4381.389: [GC (Allocation Failure) [PSYoungGen: 403668K->192886K(465920K)] 800967K->643820K(1864192K), 0.0427058 secs] [Times: user=0.19 sys=0.00, real=0.04 secs] 
4381.542: [GC (Allocation Failure) [PSYoungGen: 425846K->187061K(465920K)] 876780K->693940K(1864192K), 0.0451872 secs] [Times: user=0.21 sys=0.00, real=0.05 secs] 
4382.560: [GC (Allocation Failure) [PSYoungGen: 420021K->143921K(465920K)] 926900K->721260K(1864192K), 0.0497176 secs] [Times: user=0.25 sys=0.00, real=0.05 secs] 
4383.526: [GC (Allocation Failure) [PSYoungGen: 376804K->126415K(465920K)] 954143K->749554K(1864192K), 0.1452580 secs] [Times: user=0.81 sys=0.00, real=0.14 secs] 
4383.863: [GC (Allocation Failure) [PSYoungGen: 359375K->175220K(465920K)] 982514K->838488K(1864192K), 0.0373002 secs] [Times: user=0.17 sys=0.00, real=0.04 secs] 
4384.016: [GC (Allocation Failure) [PSYoungGen: 408180K->185463K(465920K)] 1071448K->910290K(1864192K), 0.0488286 secs] [Times: user=0.23 sys=0.00, real=0.05 secs] 
4384.225: [GC (Allocation Failure) [PSYoungGen: 418423K->186453K(465920K)] 1143250K->970193K(1864192K), 0.0815998 secs] [Times: user=0.42 sys=0.00, real=0.09 secs] 
4385.258: [GC (Allocation Failure) [PSYoungGen: 419413K->93787K(465920K)] 1203153K->948023K(1864192K), 0.0603551 secs] [Times: user=0.32 sys=0.00, real=0.06 secs] 
4385.723: [GC (Allocation Failure) [PSYoungGen: 326747K->176629K(465920K)] 1180983K->1061102K(1864192K), 0.0459066 secs] [Times: user=0.19 sys=0.00, real=0.05 secs] 
4385.958: [GC (Allocation Failure) [PSYoungGen: 409589K->178901K(465920K)] 1294062K->1118593K(1864192K), 0.0605925 secs] [Times: user=0.29 sys=0.00, real=0.06 secs] 
4386.144: [GC (Allocation Failure) [PSYoungGen: 411861K->187637K(465920K)] 1351553K->1182218K(1864192K), 0.0459737 secs] [Times: user=0.22 sys=0.00, real=0.05 secs] 
4387.122: [GC (Allocation Failure) [PSYoungGen: 420597K->152050K(465920K)] 1415178K->1217419K(1864192K), 0.0516018 secs] [Times: user=0.26 sys=0.00, real=0.05 secs] 
4387.765: [GC (Allocation Failure) [PSYoungGen: 385010K->121758K(465920K)] 1450379K->1235199K(1864192K), 0.1407035 secs] [Times: user=0.78 sys=0.00, real=0.14 secs] 
4388.130: [GC (Allocation Failure) [PSYoungGen: 354718K->178229K(465920K)] 1468159K->1330102K(1864192K), 0.0382980 secs] [Times: user=0.17 sys=0.00, real=0.04 secs] 
4388.307: [GC (Allocation Failure) [PSYoungGen: 411189K->182358K(465920K)] 1563062K->1396724K(1864192K), 0.0597065 secs] [Times: user=0.29 sys=0.00, real=0.06 secs] 
4388.496: [GC (Allocation Failure) [PSYoungGen: 415318K->186933K(465920K)] 1629684K->1459283K(1864192K), 0.0770538 secs] [Times: user=0.40 sys=0.00, real=0.08 secs] 
4389.833: [GC (Allocation Failure) [PSYoungGen: 419893K->97803K(465920K)] 1692243K->1440773K(1864192K), 0.1015212 secs] [Times: user=0.55 sys=0.00, real=0.10 secs] 
4389.934: [Full GC (Ergonomics) [PSYoungGen: 97803K->0K(465920K)] [ParOldGen: 1342969K->96269K(1398272K)] 1440773K->96269K(1864192K), [Metaspace: 60409K->60409K(1105920K)], 0.0933100 secs] [Times: user=0.34 sys=0.00, real=0.10 secs] 
4391.445: [GC (Allocation Failure) [PSYoungGen: 232960K->164979K(465920K)] 329229K->261249K(1864192K), 0.0340943 secs] [Times: user=0.13 sys=0.00, real=0.04 secs] 
4391.630: [GC (Allocation Failure) [PSYoungGen: 397939K->184470K(465920K)] 494209K->332731K(1864192K), 0.0408606 secs] [Times: user=0.18 sys=0.00, real=0.04 secs] 
4391.781: [GC (Allocation Failure) [PSYoungGen: 407157K->176950K(465920K)] 555419K->389231K(1864192K), 0.0480423 secs] [Times: user=0.23 sys=0.00, real=0.05 secs] 
4392.720: [GC (Allocation Failure) [PSYoungGen: 409910K->169299K(460800K)] 622191K->437852K(1859072K), 0.0532772 secs] [Times: user=0.26 sys=0.00, real=0.05 secs] 
4393.295: [GC (Allocation Failure) [PSYoungGen: 402259K->104428K(463360K)] 670812K->437778K(1861632K), 0.0766618 secs] [Times: user=0.41 sys=0.00, real=0.08 secs] 
4393.607: [GC (Allocation Failure) [PSYoungGen: 337388K->179477K(465920K)] 670738K->545995K(1864192K), 0.0428113 secs] [Times: user=0.19 sys=0.00, real=0.04 secs] 
4393.763: [GC (Allocation Failure) [PSYoungGen: 412437K->184374K(465920K)] 778955K->606980K(1864192K), 0.0435803 secs] [Times: user=0.20 sys=0.00, real=0.05 secs] 
4394.031: [GC (Allocation Failure) [PSYoungGen: 417334K->186133K(465920K)] 839940K->664531K(1864192K), 0.0517333 secs] [Times: user=0.25 sys=0.00, real=0.05 secs] 
4395.180: [GC (Allocation Failure) [PSYoungGen: 419093K->97131K(465920K)] 897491K->645825K(1864192K), 0.0472902 secs] [Times: user=0.24 sys=0.00, real=0.05 secs] 
4395.944: [GC (GCLocker Initiated GC) [PSYoungGen: 330091K->164019K(465920K)] 878787K->743980K(1864192K), 0.0662850 secs] [Times: user=0.32 sys=0.00, real=0.07 secs] 
4396.164: [GC (Allocation Failure) [PSYoungGen: 396979K->184118K(465920K)] 976942K->815631K(1864192K), 0.0422337 secs] [Times: user=0.19 sys=0.00, real=0.05 secs] 
4396.322: [GC (Allocation Failure) [PSYoungGen: 417078K->186071K(465920K)] 1048591K->881628K(1864192K), 0.0507037 secs] [Times: user=0.24 sys=0.00, real=0.05 secs] 
4396.606: [GC (Allocation Failure) [PSYoungGen: 417864K->216084K(465920K)] 1113421K->970762K(1864192K), 0.0569459 secs] [Times: user=0.28 sys=0.00, real=0.06 secs] 
4397.947: [GC (Allocation Failure) [PSYoungGen: 449044K->92362K(465920K)] 1203722K->916032K(1864192K), 0.0760881 secs] [Times: user=0.41 sys=0.01, real=0.07 secs] 
4398.477: [GC (Allocation Failure) [PSYoungGen: 325322K->179413K(465920K)] 1148992K->1032136K(1864192K), 0.0396284 secs] [Times: user=0.17 sys=0.00, real=0.04 secs] 
4398.653: [GC (Allocation Failure) [PSYoungGen: 412373K->183509K(465920K)] 1265096K->1092472K(1864192K), 0.0570165 secs] [Times: user=0.27 sys=0.00, real=0.06 secs] 
4398.850: [GC (Allocation Failure) [PSYoungGen: 416469K->183892K(465920K)] 1325432K->1148479K(1864192K), 0.0454206 secs] [Times: user=0.21 sys=0.00, real=0.04 secs] 
4399.928: [GC (Allocation Failure) [PSYoungGen: 416852K->103868K(465920K)] 1381439K->1138015K(1864192K), 0.0510895 secs] [Times: user=0.26 sys=0.00, real=0.05 secs] 
4400.696: [GC (GCLocker Initiated GC) [PSYoungGen: 336828K->166836K(465920K)] 1370975K->1234879K(1864192K), 0.0775163 secs] [Times: user=0.38 sys=0.00, real=0.08 secs] 
4400.982: [GC (Allocation Failure) [PSYoungGen: 399796K->184470K(465920K)] 1468005K->1304875K(1864192K), 0.0532402 secs] [Times: user=0.26 sys=0.00, real=0.05 secs] 
4401.149: [GC (Allocation Failure) [PSYoungGen: 417430K->182966K(465920K)] 1537835K->1367548K(1864192K), 0.0509239 secs] [Times: user=0.24 sys=0.00, real=0.05 secs] 
4401.342: [GC (Allocation Failure) [PSYoungGen: 415926K->186421K(465920K)] 1600508K->1429243K(1864192K), 0.0788258 secs] [Times: user=0.40 sys=0.00, real=0.08 secs] 
4402.453: [GC (Allocation Failure) [PSYoungGen: 419381K->90250K(465920K)] 1662203K->1403552K(1864192K), 0.0619455 secs] [Times: user=0.33 sys=0.00, real=0.06 secs] 
4402.515: [Full GC (Ergonomics) [PSYoungGen: 90250K->0K(465920K)] [ParOldGen: 1313301K->106667K(1398272K)] 1403552K->106667K(1864192K), [Metaspace: 60409K->60409K(1105920K)], 0.1200161 secs] [Times: user=0.53 sys=0.00, real=0.12 secs] 
4402.894: [GC (Allocation Failure) [PSYoungGen: 232960K->179221K(465920K)] 339627K->285889K(1864192K), 0.0252443 secs] [Times: user=0.09 sys=0.00, real=0.03 secs] 
4403.032: [GC (Allocation Failure) [PSYoungGen: 412181K->184470K(465920K)] 518849K->347333K(1864192K), 0.0402671 secs] [Times: user=0.17 sys=0.00, real=0.04 secs] 
4403.343: [GC (Allocation Failure) [PSYoungGen: 417430K->186197K(465920K)] 580293K->404957K(1864192K), 0.0648659 secs] [Times: user=0.32 sys=0.00, real=0.07 secs] 
4404.704: [GC (Allocation Failure) [PSYoungGen: 419157K->101132K(465920K)] 637917K->390216K(1864192K), 0.0460359 secs] [Times: user=0.24 sys=0.00, real=0.05 secs] 
4405.372: [GC (GCLocker Initiated GC) [PSYoungGen: 334092K->163219K(465920K)] 623176K->485705K(1864192K), 0.0772576 secs] [Times: user=0.38 sys=0.00, real=0.08 secs] 
4405.656: [GC (Allocation Failure) [PSYoungGen: 396179K->192630K(465920K)] 718796K->566466K(1864192K), 0.0533240 secs] [Times: user=0.25 sys=0.01, real=0.06 secs] 
4405.847: [GC (Allocation Failure) [PSYoungGen: 425590K->182902K(465920K)] 799426K->620975K(1864192K), 0.0682695 secs] [Times: user=0.34 sys=0.00, real=0.06 secs] 
4406.045: [GC (Allocation Failure) [PSYoungGen: 415862K->186613K(465920K)] 853935K->682741K(1864192K), 0.0552881 secs] [Times: user=0.27 sys=0.00, real=0.06 secs] 
4407.866: [GC (Allocation Failure) [PSYoungGen: 419573K->83289K(465920K)] 915701K->649794K(1864192K), 0.1011838 secs] [Times: user=0.56 sys=0.00, real=0.11 secs] 
4408.548: [GC (Allocation Failure) [PSYoungGen: 316249K->181366K(465920K)] 882754K->774499K(1864192K), 0.0454196 secs] [Times: user=0.19 sys=0.00, real=0.04 secs] 
4408.719: [GC (Allocation Failure) [PSYoungGen: 414326K->184950K(465920K)] 1007459K->834351K(1864192K), 0.0430842 secs] [Times: user=0.20 sys=0.00, real=0.04 secs] 
4408.871: [GC (Allocation Failure) [PSYoungGen: 417910K->186677K(465920K)] 1067311K->892302K(1864192K), 0.0452405 secs] [Times: user=0.21 sys=0.00, real=0.05 secs] 
4409.852: [GC (Allocation Failure) [PSYoungGen: 419637K->109053K(465920K)] 1125262K->885110K(1864192K), 0.0458981 secs] [Times: user=0.23 sys=0.00, real=0.05 secs] 
4410.375: [GC (Allocation Failure) [PSYoungGen: 342013K->157875K(465920K)] 1118070K->969617K(1864192K), 0.0628094 secs] [Times: user=0.32 sys=0.00, real=0.07 secs] 
4410.613: [GC (Allocation Failure) [PSYoungGen: 390835K->180405K(465920K)] 1202577K->1041407K(1864192K), 0.0561259 secs] [Times: user=0.26 sys=0.00, real=0.06 secs] 
4410.812: [GC (Allocation Failure) [PSYoungGen: 413365K->185623K(465920K)] 1274367K->1109585K(1864192K), 0.0492597 secs] [Times: user=0.23 sys=0.00, real=0.05 secs] 
4410.985: [GC (Allocation Failure) [PSYoungGen: 418583K->186677K(465920K)] 1342545K->1169551K(1864192K), 0.0639605 secs] [Times: user=0.30 sys=0.00, real=0.07 secs] 
4412.136: [GC (Allocation Failure) [PSYoungGen: 419637K->93131K(465920K)] 1402511K->1146581K(1864192K), 0.0652751 secs] [Times: user=0.35 sys=0.00, real=0.07 secs] 
4412.787: [GC (Allocation Failure) [PSYoungGen: 326091K->177141K(465920K)] 1379541K->1260281K(1864192K), 0.0438284 secs] [Times: user=0.19 sys=0.00, real=0.04 secs] 
4412.996: [GC (Allocation Failure) [PSYoungGen: 410101K->184246K(465920K)] 1493241K->1323113K(1864192K), 0.0685494 secs] [Times: user=0.33 sys=0.00, real=0.06 secs] 
4413.198: [GC (Allocation Failure) [PSYoungGen: 417206K->186549K(465920K)] 1556073K->1381168K(1864192K), 0.0462784 secs] [Times: user=0.22 sys=0.00, real=0.04 secs] 
4414.263: [GC (Allocation Failure) [PSYoungGen: 419509K->114318K(465920K)] 1614128K->1379329K(1864192K), 0.0484595 secs] [Times: user=0.25 sys=0.00, real=0.05 secs] 
4415.677: [GC (GCLocker Initiated GC) [PSYoungGen: 347278K->147025K(465920K)] 1612289K->1448978K(1864192K), 0.1068454 secs] [Times: user=0.57 sys=0.00, real=0.10 secs] 
4415.983: [GC (Allocation Failure) [PSYoungGen: 379985K->183605K(465920K)] 1682069K->1531449K(1864192K), 0.0452287 secs] [Times: user=0.21 sys=0.00, real=0.05 secs] 
4416.028: [Full GC (Ergonomics) [PSYoungGen: 183605K->0K(465920K)] [ParOldGen: 1347843K->247634K(1398272K)] 1531449K->247634K(1864192K), [Metaspace: 60411K->60411K(1105920K)], 0.2995531 secs] [Times: user=1.38 sys=0.00, real=0.30 secs] 
4416.439: [GC (Allocation Failure) [PSYoungGen: 232960K->182998K(465920K)] 480594K->430633K(1864192K), 0.0775749 secs] [Times: user=0.40 sys=0.00, real=0.08 secs] 
4416.625: [GC (Allocation Failure) [PSYoungGen: 415958K->186421K(465920K)] 663593K->492367K(1864192K), 0.0563616 secs] [Times: user=0.28 sys=0.01, real=0.06 secs] 
4417.696: [GC (Allocation Failure) [PSYoungGen: 419381K->93547K(465920K)] 725327K->469629K(1864192K), 0.0585818 secs] [Times: user=0.32 sys=0.00, real=0.05 secs] 
4418.243: [GC (Allocation Failure) [PSYoungGen: 326507K->175029K(465920K)] 702589K->581424K(1864192K), 0.0466371 secs] [Times: user=0.21 sys=0.00, real=0.05 secs] 
4418.508: [GC (Allocation Failure) [PSYoungGen: 407989K->180981K(465920K)] 814384K->642044K(1864192K), 0.0616596 secs] [Times: user=0.30 sys=0.00, real=0.06 secs] 
4418.742: [GC (Allocation Failure) [PSYoungGen: 413941K->186293K(465920K)] 875004K->701868K(1864192K), 0.0598141 secs] [Times: user=0.29 sys=0.00, real=0.06 secs] 
4419.721: [GC (Allocation Failure) [PSYoungGen: 419253K->126799K(465920K)] 934828K->712695K(1864192K), 0.0473774 secs] [Times: user=0.24 sys=0.00, real=0.05 secs] 
4420.330: [GC (Allocation Failure) [PSYoungGen: 359759K->149185K(465920K)] 945655K->775168K(1864192K), 0.1317013 secs] [Times: user=0.71 sys=0.01, real=0.13 secs] 
4420.619: [GC (Allocation Failure) [PSYoungGen: 382145K->180661K(465920K)] 1008128K->852305K(1864192K), 0.0397831 secs] [Times: user=0.17 sys=0.00, real=0.04 secs] 
4420.811: [GC (Allocation Failure) [PSYoungGen: 413621K->185463K(465920K)] 1085265K->920359K(1864192K), 0.0714046 secs] [Times: user=0.35 sys=0.00, real=0.07 secs] 
4421.033: [GC (Allocation Failure) [PSYoungGen: 418423K->186357K(465920K)] 1153319K->980181K(1864192K), 0.0795191 secs] [Times: user=0.41 sys=0.01, real=0.08 secs] 
4422.694: [GC (Allocation Failure) [PSYoungGen: 419317K->89418K(465920K)] 1213141K->953803K(1864192K), 0.1208604 secs] [Times: user=0.67 sys=0.01, real=0.12 secs] 
4423.752: [GC (Allocation Failure) [PSYoungGen: 322378K->173845K(465920K)] 1186763K->1066646K(1864192K), 0.0475824 secs] [Times: user=0.21 sys=0.00, real=0.05 secs] 
4423.938: [GC (Allocation Failure) [PSYoungGen: 406805K->182005K(465920K)] 1299606K->1128995K(1864192K), 0.0430453 secs] [Times: user=0.20 sys=0.00, real=0.04 secs] 
4424.091: [GC (Allocation Failure) [PSYoungGen: 414965K->187029K(465920K)] 1361955K->1189450K(1864192K), 0.0457896 secs] [Times: user=0.21 sys=0.00, real=0.05 secs] 
4425.062: [GC (Allocation Failure) [PSYoungGen: 419989K->133584K(465920K)] 1422410K->1206318K(1864192K), 0.0491283 secs] [Times: user=0.24 sys=0.01, real=0.05 secs] 
4425.346: [GC (Allocation Failure) [PSYoungGen: 366544K->141489K(465920K)] 1439278K->1256814K(1864192K), 0.0608907 secs] [Times: user=0.31 sys=0.00, real=0.07 secs] 
4425.519: [GC (Allocation Failure) [PSYoungGen: 374449K->178357K(465920K)] 1489774K->1338911K(1864192K), 0.0395629 secs] [Times: user=0.17 sys=0.00, real=0.04 secs] 
4425.677: [GC (Allocation Failure) [PSYoungGen: 411317K->185015K(465920K)] 1571871K->1407753K(1864192K), 0.0501953 secs] [Times: user=0.23 sys=0.00, real=0.05 secs] 
4425.838: [GC (Allocation Failure) [PSYoungGen: 417975K->183380K(465920K)] 1640713K->1464895K(1864192K), 0.0571739 secs] [Times: user=0.28 sys=0.00, real=0.05 secs] 
4427.020: [GC (Allocation Failure) [PSYoungGen: 416340K->88234K(465920K)] 1697855K->1438973K(1864192K), 0.0516392 secs] [Times: user=0.27 sys=0.00, real=0.05 secs] 
4427.072: [Full GC (Ergonomics) [PSYoungGen: 88234K->0K(465920K)] [ParOldGen: 1350738K->92915K(1398272K)] 1438973K->92915K(1864192K), [Metaspace: 60411K->60411K(1105920K)], 0.0629717 secs] [Times: user=0.24 sys=0.00, real=0.06 secs] 
4427.477: [GC (Allocation Failure) [PSYoungGen: 232960K->178261K(465920K)] 325875K->271177K(1864192K), 0.0353167 secs] [Times: user=0.14 sys=0.00, real=0.03 secs] 
4427.653: [GC (Allocation Failure) [PSYoungGen: 411221K->184182K(465920K)] 504137K->332521K(1864192K), 0.0427915 secs] [Times: user=0.19 sys=0.00, real=0.04 secs] 
4427.803: [GC (Allocation Failure) [PSYoungGen: 417142K->186933K(465920K)] 565481K->391033K(1864192K), 0.0451332 secs] [Times: user=0.21 sys=0.00, real=0.05 secs] 
4429.119: [GC (Allocation Failure) [PSYoungGen: 419893K->135472K(465920K)] 623993K->410020K(1864192K), 0.0485446 secs] [Times: user=0.24 sys=0.00, real=0.05 secs] 
4430.368: [GC (Allocation Failure) [PSYoungGen: 368432K->130079K(465920K)] 642980K->447483K(1864192K), 0.1424135 secs] [Times: user=0.77 sys=0.00, real=0.14 secs] 
4430.758: [GC (Allocation Failure) [PSYoungGen: 363039K->178613K(465920K)] 680443K->537926K(1864192K), 0.0373540 secs] [Times: user=0.16 sys=0.00, real=0.03 secs] 
4430.909: [GC (Allocation Failure) [PSYoungGen: 411573K->185687K(465920K)] 770886K->607356K(1864192K), 0.0490023 secs] [Times: user=0.23 sys=0.00, real=0.05 secs] 
4431.065: [GC (Allocation Failure) [PSYoungGen: 418647K->183444K(465920K)] 840316K->664009K(1864192K), 0.0579284 secs] [Times: user=0.29 sys=0.00, real=0.06 secs] 
4432.133: [GC (Allocation Failure) [PSYoungGen: 416404K->94507K(465920K)] 896969K->644360K(1864192K), 0.0452150 secs] [Times: user=0.24 sys=0.00, real=0.05 secs] 
4432.566: [GC (Allocation Failure) [PSYoungGen: 327467K->176053K(465920K)] 877320K->757062K(1864192K), 0.0321972 secs] [Times: user=0.12 sys=0.00, real=0.03 secs] 
4432.734: [GC (Allocation Failure) [PSYoungGen: 409013K->184053K(465920K)] 990022K->819775K(1864192K), 0.0482122 secs] [Times: user=0.22 sys=0.00, real=0.05 secs] 
4433.015: [GC (GCLocker Initiated GC) [PSYoungGen: 417013K->184149K(465920K)] 1052736K->875503K(1864192K), 0.0488840 secs] [Times: user=0.23 sys=0.00, real=0.05 secs] 
4433.972: [GC (Allocation Failure) [PSYoungGen: 417109K->144081K(465920K)] 1108464K->904981K(1864192K), 0.0497873 secs] [Times: user=0.24 sys=0.00, real=0.05 secs] 
4434.556: [GC (Allocation Failure) [PSYoungGen: 377041K->126959K(465920K)] 1137941K->933450K(1864192K), 0.1526794 secs] [Times: user=0.85 sys=0.01, real=0.16 secs] 
4434.916: [GC (Allocation Failure) [PSYoungGen: 359919K->175316K(465920K)] 1166410K->1021945K(1864192K), 0.0378878 secs] [Times: user=0.17 sys=0.00, real=0.04 secs] 
4435.069: [GC (Allocation Failure) [PSYoungGen: 408276K->185175K(465920K)] 1254905K->1093395K(1864192K), 0.0492840 secs] [Times: user=0.23 sys=0.00, real=0.05 secs] 
4435.229: [GC (Allocation Failure) [PSYoungGen: 418135K->186421K(465920K)] 1326355K->1153409K(1864192K), 0.0582386 secs] [Times: user=0.29 sys=0.00, real=0.06 secs] 
4436.412: [GC (Allocation Failure) [PSYoungGen: 419381K->93627K(465920K)] 1386369K->1131027K(1864192K), 0.0652424 secs] [Times: user=0.35 sys=0.00, real=0.07 secs] 
4437.332: [GC (GCLocker Initiated GC) [PSYoungGen: 326587K->166388K(465920K)] 1363990K->1233692K(1864192K), 0.0480040 secs] [Times: user=0.21 sys=0.00, real=0.05 secs] 
4437.530: [GC (Allocation Failure) [PSYoungGen: 399348K->184694K(465920K)] 1466689K->1304375K(1864192K), 0.0431441 secs] [Times: user=0.19 sys=0.00, real=0.04 secs] 
4437.681: [GC (Allocation Failure) [PSYoungGen: 406406K->174901K(465920K)] 1526088K->1358855K(1864192K), 0.0492889 secs] [Times: user=0.23 sys=0.00, real=0.05 secs] 
4438.582: [GC (Allocation Failure) [PSYoungGen: 407861K->169427K(462848K)] 1591815K->1408888K(1861120K), 0.0561607 secs] [Times: user=0.28 sys=0.00, real=0.06 secs] 
4439.490: [GC (Allocation Failure) [PSYoungGen: 402387K->103884K(464384K)] 1641848K->1407930K(1862656K), 0.0767550 secs] [Times: user=0.40 sys=0.00, real=0.08 secs] 
4440.076: [GC (Allocation Failure) [PSYoungGen: 336026K->178645K(465920K)] 1640072K->1515792K(1864192K), 0.0416439 secs] [Times: user=0.19 sys=0.00, real=0.05 secs] 
4440.118: [Full GC (Ergonomics) [PSYoungGen: 178645K->0K(465920K)] [ParOldGen: 1337146K->228826K(1398272K)] 1515792K->228826K(1864192K), [Metaspace: 60411K->60411K(1105920K)], 0.2657895 secs] [Times: user=1.21 sys=0.00, real=0.26 secs] 
4440.495: [GC (Allocation Failure) [PSYoungGen: 232960K->181717K(465920K)] 461786K->410543K(1864192K), 0.0258182 secs] [Times: user=0.09 sys=0.00, real=0.03 secs] 
4440.630: [GC (Allocation Failure) [PSYoungGen: 414677K->186709K(465920K)] 643503K->470751K(1864192K), 0.0443083 secs] [Times: user=0.21 sys=0.00, real=0.04 secs] 
4441.622: [GC (Allocation Failure) [PSYoungGen: 419669K->100124K(465920K)] 703711K->454542K(1864192K), 0.0438660 secs] [Times: user=0.22 sys=0.00, real=0.04 secs] 
4441.939: [GC (Allocation Failure) [PSYoungGen: 333084K->171028K(465920K)] 687502K->558724K(1864192K), 0.0395700 secs] [Times: user=0.18 sys=0.00, real=0.04 secs] 
4442.091: [GC (Allocation Failure) [PSYoungGen: 403988K->184342K(465920K)] 791684K->625261K(1864192K), 0.0419906 secs] [Times: user=0.19 sys=0.00, real=0.04 secs] 
4442.246: [GC (Allocation Failure) [PSYoungGen: 417302K->186007K(465920K)] 858221K->691086K(1864192K), 0.0492697 secs] [Times: user=0.23 sys=0.00, real=0.05 secs] 
4442.720: [GC (Allocation Failure) [PSYoungGen: 415087K->207859K(465920K)] 920166K->772079K(1864192K), 0.0519784 secs] [Times: user=0.26 sys=0.01, real=0.05 secs] 
4443.560: [GC (Allocation Failure) [PSYoungGen: 440819K->97611K(465920K)] 1005039K->727703K(1864192K), 0.0444020 secs] [Times: user=0.23 sys=0.00, real=0.04 secs] 
4444.239: [GC (Allocation Failure) [PSYoungGen: 330571K->178293K(465920K)] 960663K->839258K(1864192K), 0.0434582 secs] [Times: user=0.19 sys=0.00, real=0.04 secs] 
4444.415: [GC (Allocation Failure) [PSYoungGen: 411253K->185142K(465920K)] 1072218K->901890K(1864192K), 0.0495274 secs] [Times: user=0.23 sys=0.00, real=0.05 secs] 
4444.583: [GC (Allocation Failure) [PSYoungGen: 418102K->186645K(465920K)] 1134850K->959409K(1864192K), 0.0454468 secs] [Times: user=0.21 sys=0.00, real=0.05 secs] 
4445.626: [GC (Allocation Failure) [PSYoungGen: 419605K->98252K(465920K)] 1192369K->941492K(1864192K), 0.0520620 secs] [Times: user=0.27 sys=0.00, real=0.06 secs] 
4446.542: [GC (Allocation Failure) [PSYoungGen: 331212K->166932K(465920K)] 1174452K->1042285K(1864192K), 0.0736607 secs] [Times: user=0.36 sys=0.00, real=0.07 secs] 
4446.823: [GC (Allocation Failure) [PSYoungGen: 399892K->183765K(465920K)] 1275245K->1111307K(1864192K), 0.0520980 secs] [Times: user=0.24 sys=0.00, real=0.05 secs] 
4447.030: [GC (Allocation Failure) [PSYoungGen: 416725K->185911K(465920K)] 1344267K->1177428K(1864192K), 0.0731000 secs] [Times: user=0.36 sys=0.00, real=0.07 secs] 
4447.558: [GC (Allocation Failure) [PSYoungGen: 418443K->217236K(465920K)] 1409960K->1267722K(1864192K), 0.0548329 secs] [Times: user=0.27 sys=0.00, real=0.05 secs] 
4448.672: [GC (Allocation Failure) [PSYoungGen: 450196K->90154K(465920K)] 1500682K->1209728K(1864192K), 0.1003469 secs] [Times: user=0.55 sys=0.00, real=0.10 secs] 
4449.148: [GC (Allocation Failure) [PSYoungGen: 323114K->180149K(465920K)] 1442688K->1328580K(1864192K), 0.0420212 secs] [Times: user=0.18 sys=0.00, real=0.04 secs] 
4449.303: [GC (Allocation Failure) [PSYoungGen: 413109K->184598K(465920K)] 1561540K->1389344K(1864192K), 0.0437033 secs] [Times: user=0.20 sys=0.00, real=0.05 secs] 
4450.239: [GC (GCLocker Initiated GC) [PSYoungGen: 417558K->182772K(465920K)] 1622305K->1443464K(1864192K), 0.0663449 secs] [Times: user=0.33 sys=0.00, real=0.06 secs] 
4451.315: [GC (Allocation Failure) [PSYoungGen: 415732K->100540K(465920K)] 1676428K->1430444K(1864192K), 0.0485835 secs] [Times: user=0.25 sys=0.00, real=0.05 secs] 
4451.364: [Full GC (Ergonomics) [PSYoungGen: 100540K->0K(465920K)] [ParOldGen: 1329903K->87542K(1398272K)] 1430444K->87542K(1864192K), [Metaspace: 60411K->60411K(1105920K)], 0.0335131 secs] [Times: user=0.10 sys=0.00, real=0.04 secs] 
4452.174: [GC (GCLocker Initiated GC) [PSYoungGen: 232960K->161427K(465920K)] 320502K->248970K(1864192K), 0.0341927 secs] [Times: user=0.13 sys=0.00, real=0.04 secs] 
4452.435: [GC (Allocation Failure) [PSYoungGen: 394387K->184341K(465920K)] 482061K->322471K(1864192K), 0.0535166 secs] [Times: user=0.24 sys=0.00, real=0.06 secs] 
4452.644: [GC (GCLocker Initiated GC) [PSYoungGen: 417301K->182774K(465920K)] 555431K->385200K(1864192K), 0.0689099 secs] [Times: user=0.33 sys=0.00, real=0.07 secs] 
4452.835: [GC (Allocation Failure) [PSYoungGen: 415734K->186741K(465920K)] 618163K->447498K(1864192K), 0.0548882 secs] [Times: user=0.27 sys=0.00, real=0.06 secs] 
4454.194: [GC (Allocation Failure) [PSYoungGen: 419701K->89050K(465920K)] 680458K->420335K(1864192K), 0.0845685 secs] [Times: user=0.46 sys=0.00, real=0.09 secs] 
4455.079: [GC (Allocation Failure) [PSYoungGen: 322010K->173653K(465920K)] 653295K->533058K(1864192K), 0.0452292 secs] [Times: user=0.20 sys=0.00, real=0.04 secs] 
4455.255: [GC (Allocation Failure) [PSYoungGen: 406613K->183765K(465920K)] 766018K->597423K(1864192K), 0.0421615 secs] [Times: user=0.19 sys=0.00, real=0.05 secs] 
4455.452: [GC (GCLocker Initiated GC) [PSYoungGen: 416725K->186037K(465920K)] 830384K->655367K(1864192K), 0.0680162 secs] [Times: user=0.33 sys=0.00, real=0.07 secs] 
4456.489: [GC (Allocation Failure) [PSYoungGen: 418997K->115406K(465920K)] 888331K->655052K(1864192K), 0.0462011 secs] [Times: user=0.24 sys=0.00, real=0.04 secs] 
4457.228: [GC (Allocation Failure) [PSYoungGen: 348366K->151666K(465920K)] 888012K->728781K(1864192K), 0.0923684 secs] [Times: user=0.48 sys=0.00, real=0.09 secs] 
4457.461: [GC (Allocation Failure) [PSYoungGen: 384626K->184181K(465920K)] 961741K->808513K(1864192K), 0.0411048 secs] [Times: user=0.18 sys=0.00, real=0.04 secs] 
4457.653: [GC (Allocation Failure) [PSYoungGen: 417141K->185687K(465920K)] 1041473K->874270K(1864192K), 0.0581499 secs] [Times: user=0.28 sys=0.00, real=0.06 secs] 
4457.821: [GC (Allocation Failure) [PSYoungGen: 418647K->186261K(465920K)] 1107230K->933812K(1864192K), 0.0568687 secs] [Times: user=0.28 sys=0.00, real=0.06 secs] 
4458.890: [GC (Allocation Failure) [PSYoungGen: 419221K->87370K(465920K)] 1166772K->905178K(1864192K), 0.0470604 secs] [Times: user=0.25 sys=0.00, real=0.05 secs] 
4459.354: [GC (Allocation Failure) [PSYoungGen: 320330K->178037K(465920K)] 1138138K->1024330K(1864192K), 0.0490540 secs] [Times: user=0.21 sys=0.00, real=0.05 secs] 
4459.590: [GC (Allocation Failure) [PSYoungGen: 410997K->181685K(465920K)] 1257290K->1083462K(1864192K), 0.0517898 secs] [Times: user=0.25 sys=0.00, real=0.05 secs] 
4459.762: [GC (Allocation Failure) [PSYoungGen: 414645K->186453K(465920K)] 1316422K->1143605K(1864192K), 0.0465812 secs] [Times: user=0.22 sys=0.00, real=0.05 secs] 
4461.139: [GC (Allocation Failure) [PSYoungGen: 419413K->120463K(465920K)] 1376565K->1147959K(1864192K), 0.0484621 secs] [Times: user=0.25 sys=0.00, real=0.05 secs] 
4461.904: [GC (Allocation Failure) [PSYoungGen: 353423K->145953K(465920K)] 1380919K->1211666K(1864192K), 0.1220248 secs] [Times: user=0.66 sys=0.00, real=0.13 secs] 
4462.217: [GC (Allocation Failure) [PSYoungGen: 378913K->183637K(465920K)] 1444626K->1295119K(1864192K), 0.0408611 secs] [Times: user=0.18 sys=0.00, real=0.04 secs] 
4462.373: [GC (Allocation Failure) [PSYoungGen: 416597K->183030K(465920K)] 1528079K->1358464K(1864192K), 0.0500211 secs] [Times: user=0.24 sys=0.00, real=0.05 secs] 
4462.532: [GC (Allocation Failure) [PSYoungGen: 415990K->186645K(465920K)] 1591424K->1420494K(1864192K), 0.0580651 secs] [Times: user=0.28 sys=0.00, real=0.06 secs] 
4463.811: [GC (Allocation Failure) [PSYoungGen: 419605K->91018K(465920K)] 1653454K->1395468K(1864192K), 0.0985777 secs] [Times: user=0.53 sys=0.01, real=0.10 secs] 
4464.550: [GC (Allocation Failure) [PSYoungGen: 323978K->177173K(465920K)] 1628428K->1510904K(1864192K), 0.0446494 secs] [Times: user=0.20 sys=0.00, real=0.04 secs] 
4464.595: [Full GC (Ergonomics) [PSYoungGen: 177173K->0K(465920K)] [ParOldGen: 1333730K->213699K(1398272K)] 1510904K->213699K(1864192K), [Metaspace: 60412K->60412K(1105920K)], 0.2407066 secs] [Times: user=1.09 sys=0.00, real=0.24 secs] 
4464.952: [GC (Allocation Failure) [PSYoungGen: 232960K->181525K(465920K)] 446659K->395225K(1864192K), 0.0265200 secs] [Times: user=0.09 sys=0.01, real=0.03 secs] 
4465.122: [GC (Allocation Failure) [PSYoungGen: 414485K->186517K(465920K)] 628185K->455660K(1864192K), 0.0442469 secs] [Times: user=0.20 sys=0.00, real=0.05 secs] 
4466.101: [GC (Allocation Failure) [PSYoungGen: 419477K->128496K(465920K)] 688620K->468063K(1864192K), 0.0474497 secs] [Times: user=0.24 sys=0.00, real=0.05 secs] 
4466.529: [GC (Allocation Failure) [PSYoungGen: 361456K->140176K(465920K)] 701023K->520480K(1864192K), 0.1029671 secs] [Times: user=0.56 sys=0.00, real=0.10 secs] 
4466.818: [GC (Allocation Failure) [PSYoungGen: 373136K->178613K(465920K)] 753440K->603433K(1864192K), 0.0398024 secs] [Times: user=0.18 sys=0.00, real=0.04 secs] 
4466.974: [GC (Allocation Failure) [PSYoungGen: 411573K->185687K(465920K)] 836393K->672799K(1864192K), 0.0490455 secs] [Times: user=0.23 sys=0.00, real=0.05 secs] 
4467.201: [GC (Allocation Failure) [PSYoungGen: 418647K->186325K(465920K)] 905759K->732289K(1864192K), 0.0679881 secs] [Times: user=0.35 sys=0.00, real=0.07 secs] 
4468.685: [GC (Allocation Failure) [PSYoungGen: 419285K->87210K(465920K)] 965249K->703575K(1864192K), 0.1150415 secs] [Times: user=0.63 sys=0.00, real=0.12 secs] 
4469.393: [GC (GCLocker Initiated GC) [PSYoungGen: 320170K->176885K(465920K)] 936535K->821351K(1864192K), 0.0442350 secs] [Times: user=0.18 sys=0.00, real=0.05 secs] 
4469.609: [GC (Allocation Failure) [PSYoungGen: 409845K->184694K(465920K)] 1054477K->884862K(1864192K), 0.0582017 secs] [Times: user=0.27 sys=0.00, real=0.06 secs] 
4469.796: [GC (Allocation Failure) [PSYoungGen: 417654K->186997K(465920K)] 1117822K->943117K(1864192K), 0.0463734 secs] [Times: user=0.22 sys=0.00, real=0.05 secs] 
4470.739: [GC (Allocation Failure) [PSYoungGen: 419957K->135184K(465920K)] 1176077K->961753K(1864192K), 0.0502533 secs] [Times: user=0.26 sys=0.00, real=0.05 secs] 
4471.982: [GC (Allocation Failure) [PSYoungGen: 368144K->130127K(465920K)] 1194713K->999552K(1864192K), 0.1675079 secs] [Times: user=0.94 sys=0.00, real=0.17 secs] 
4472.383: [GC (Allocation Failure) [PSYoungGen: 363087K->177941K(465920K)] 1232512K->1089158K(1864192K), 0.0380231 secs] [Times: user=0.17 sys=0.01, real=0.04 secs] 
4472.536: [GC (Allocation Failure) [PSYoungGen: 410901K->182646K(465920K)] 1322118K->1155808K(1864192K), 0.0537129 secs] [Times: user=0.21 sys=0.01, real=0.05 secs] 
4472.739: [GC (Allocation Failure) [PSYoungGen: 415606K->186677K(465920K)] 1388768K->1218110K(1864192K), 0.0750680 secs] [Times: user=0.39 sys=0.00, real=0.07 secs] 
4473.824: [GC (Allocation Failure) [PSYoungGen: 419637K->95451K(465920K)] 1451070K->1197509K(1864192K), 0.0618180 secs] [Times: user=0.33 sys=0.01, real=0.06 secs] 
4474.376: [GC (Allocation Failure) [PSYoungGen: 328411K->176725K(465920K)] 1430469K->1309192K(1864192K), 0.0481764 secs] [Times: user=0.21 sys=0.00, real=0.05 secs] 
4474.561: [GC (Allocation Failure) [PSYoungGen: 409685K->184982K(465920K)] 1542152K->1372532K(1864192K), 0.0471517 secs] [Times: user=0.21 sys=0.00, real=0.05 secs] 
4474.717: [GC (Allocation Failure) [PSYoungGen: 417942K->186645K(465920K)] 1605492K->1430355K(1864192K), 0.0494038 secs] [Times: user=0.24 sys=0.00, real=0.05 secs] 
4475.765: [GC (Allocation Failure) [PSYoungGen: 419605K->140145K(465920K)] 1663315K->1454160K(1864192K), 0.0530429 secs] [Times: user=0.27 sys=0.00, real=0.06 secs] 
4475.818: [Full GC (Ergonomics) [PSYoungGen: 140145K->0K(465920K)] [ParOldGen: 1314014K->349534K(1398272K)] 1454160K->349534K(1864192K), [Metaspace: 60412K->60412K(1105920K)], 0.5786825 secs] [Times: user=2.50 sys=0.00, real=0.58 secs] 
4477.106: [GC (GCLocker Initiated GC) [PSYoungGen: 232960K->123726K(465920K)] 582494K->473261K(1864192K), 0.0388406 secs] [Times: user=0.14 sys=0.00, real=0.04 secs] 
4477.420: [GC (Allocation Failure) [PSYoungGen: 356686K->175828K(465920K)] 706388K->564939K(1864192K), 0.0429764 secs] [Times: user=0.19 sys=0.00, real=0.04 secs] 
4477.627: [GC (GCLocker Initiated GC) [PSYoungGen: 408788K->185431K(465920K)] 797899K->636129K(1864192K), 0.0763566 secs] [Times: user=0.37 sys=0.00, real=0.07 secs] 
4477.830: [GC (Allocation Failure) [PSYoungGen: 418391K->186357K(465920K)] 869384K->696206K(1864192K), 0.0566380 secs] [Times: user=0.28 sys=0.00, real=0.06 secs] 
4479.184: [GC (Allocation Failure) [PSYoungGen: 419317K->94107K(465920K)] 929166K->674185K(1864192K), 0.0823221 secs] [Times: user=0.44 sys=0.01, real=0.09 secs] 
4479.879: [GC (Allocation Failure) [PSYoungGen: 327067K->171764K(465920K)] 907145K->782515K(1864192K), 0.0524692 secs] [Times: user=0.23 sys=0.00, real=0.05 secs] 
4480.077: [GC (Allocation Failure) [PSYoungGen: 404724K->184214K(465920K)] 1015475K->848700K(1864192K), 0.0431372 secs] [Times: user=0.19 sys=0.00, real=0.04 secs] 
4480.232: [GC (Allocation Failure) [PSYoungGen: 417174K->187317K(465920K)] 1081660K->907707K(1864192K), 0.0461648 secs] [Times: user=0.22 sys=0.00, real=0.05 secs] 
4481.278: [GC (Allocation Failure) [PSYoungGen: 420277K->152530K(465920K)] 1140667K->943513K(1864192K), 0.0516430 secs] [Times: user=0.25 sys=0.00, real=0.05 secs] 
4481.766: [GC (Allocation Failure) [PSYoungGen: 385490K->117214K(465920K)] 1176473K->956500K(1864192K), 0.1356135 secs] [Times: user=0.75 sys=0.00, real=0.13 secs] 
4482.119: [GC (Allocation Failure) [PSYoungGen: 350174K->178037K(465920K)] 1189460K->1054416K(1864192K), 0.0368916 secs] [Times: user=0.16 sys=0.00, real=0.03 secs] 
4482.270: [GC (Allocation Failure) [PSYoungGen: 410997K->185687K(465920K)] 1287376K->1124674K(1864192K), 0.0498313 secs] [Times: user=0.23 sys=0.00, real=0.05 secs] 
4482.428: [GC (Allocation Failure) [PSYoungGen: 418576K->186421K(465920K)] 1357563K->1184424K(1864192K), 0.0579092 secs] [Times: user=0.28 sys=0.00, real=0.06 secs] 
4483.625: [GC (Allocation Failure) [PSYoungGen: 419381K->93115K(465920K)] 1417384K->1161562K(1864192K), 0.0647571 secs] [Times: user=0.35 sys=0.00, real=0.07 secs] 
4484.050: [GC (Allocation Failure) [PSYoungGen: 326075K->175061K(465920K)] 1394522K->1274357K(1864192K), 0.0451773 secs] [Times: user=0.21 sys=0.00, real=0.04 secs] 
4484.208: [GC (Allocation Failure) [PSYoungGen: 408021K->184662K(465920K)] 1507317K->1338262K(1864192K), 0.0432361 secs] [Times: user=0.20 sys=0.00, real=0.04 secs] 
4484.584: [GC (Allocation Failure) [PSYoungGen: 406586K->171509K(465920K)] 1560187K->1389422K(1864192K), 0.0640129 secs] [Times: user=0.32 sys=0.00, real=0.07 secs] 
4485.905: [GC (Allocation Failure) [PSYoungGen: 404469K->169811K(465920K)] 1622382K->1442091K(1864192K), 0.0562065 secs] [Times: user=0.28 sys=0.00, real=0.06 secs] 
4486.974: [GC (Allocation Failure) [PSYoungGen: 402771K->100924K(465920K)] 1675051K->1438020K(1864192K), 0.0863410 secs] [Times: user=0.45 sys=0.01, real=0.09 secs] 
4487.060: [Full GC (Ergonomics) [PSYoungGen: 100924K->0K(465920K)] [ParOldGen: 1337096K->117699K(1398272K)] 1438020K->117699K(1864192K), [Metaspace: 60412K->60412K(1105920K)], 0.1700149 secs] [Times: user=0.75 sys=0.00, real=0.17 secs] 
4488.098: [GC (Allocation Failure) [PSYoungGen: 232960K->176085K(465920K)] 350659K->293785K(1864192K), 0.0332083 secs] [Times: user=0.12 sys=0.00, real=0.03 secs] 
4488.346: [GC (Allocation Failure) [PSYoungGen: 409045K->184694K(465920K)] 526745K->357338K(1864192K), 0.0574150 secs] [Times: user=0.27 sys=0.00, real=0.06 secs] 
4488.529: [GC (Allocation Failure) [PSYoungGen: 417654K->186453K(465920K)] 590298K->414977K(1864192K), 0.0447914 secs] [Times: user=0.21 sys=0.00, real=0.04 secs] 
4489.589: [GC (Allocation Failure) [PSYoungGen: 419413K->97179K(465920K)] 647937K->395959K(1864192K), 0.0434608 secs] [Times: user=0.23 sys=0.00, real=0.04 secs] 
4490.100: [GC (Allocation Failure) [PSYoungGen: 330139K->167636K(465920K)] 628919K->498249K(1864192K), 0.0869191 secs] [Times: user=0.43 sys=0.00, real=0.09 secs] 
4490.404: [GC (Allocation Failure) [PSYoungGen: 400596K->183957K(465920K)] 731209K->566958K(1864192K), 0.0416127 secs] [Times: user=0.19 sys=0.00, real=0.04 secs] 
4490.561: [GC (Allocation Failure) [PSYoungGen: 416917K->186263K(465920K)] 799918K->633376K(1864192K), 0.0492324 secs] [Times: user=0.23 sys=0.00, real=0.05 secs] 
4491.037: [GC (Allocation Failure) [PSYoungGen: 418154K->217076K(465920K)] 865267K->723365K(1864192K), 0.0530483 secs] [Times: user=0.26 sys=0.00, real=0.05 secs] 
4491.882: [GC (Allocation Failure) [PSYoungGen: 450036K->91530K(465920K)] 956325K->666708K(1864192K), 0.0670338 secs] [Times: user=0.36 sys=0.00, real=0.07 secs] 
4492.568: [GC (Allocation Failure) [PSYoungGen: 324368K->175413K(465920K)] 899545K->779315K(1864192K), 0.0479148 secs] [Times: user=0.21 sys=0.00, real=0.04 secs] 
4492.750: [GC (Allocation Failure) [PSYoungGen: 408373K->184598K(465920K)] 1012275K->843572K(1864192K), 0.0436725 secs] [Times: user=0.20 sys=0.00, real=0.04 secs] 
4492.950: [GC (Allocation Failure) [PSYoungGen: 417558K->186421K(465920K)] 1076532K->901507K(1864192K), 0.0668057 secs] [Times: user=0.33 sys=0.01, real=0.07 secs] 
4494.049: [GC (Allocation Failure) [PSYoungGen: 419381K->104044K(465920K)] 1134467K->889378K(1864192K), 0.0491882 secs] [Times: user=0.26 sys=0.00, real=0.05 secs] 
4495.475: [GC (Allocation Failure) [PSYoungGen: 337004K->160179K(465920K)] 1122338K->978718K(1864192K), 0.0981757 secs] [Times: user=0.50 sys=0.00, real=0.10 secs] 
4495.789: [GC (Allocation Failure) [PSYoungGen: 393139K->192534K(465920K)] 1211678K->1061681K(1864192K), 0.0503510 secs] [Times: user=0.24 sys=0.00, real=0.05 secs] 
4495.990: [GC (Allocation Failure) [PSYoungGen: 425494K->185943K(465920K)] 1294641K->1119250K(1864192K), 0.0731959 secs] [Times: user=0.36 sys=0.00, real=0.07 secs] 
4496.195: [GC (Allocation Failure) [PSYoungGen: 418903K->186549K(465920K)] 1352210K->1178640K(1864192K), 0.0571664 secs] [Times: user=0.27 sys=0.00, real=0.06 secs] 
4497.626: [GC (Allocation Failure) [PSYoungGen: 419509K->88026K(465920K)] 1411600K->1150613K(1864192K), 0.1032721 secs] [Times: user=0.56 sys=0.01, real=0.10 secs] 
4498.224: [GC (Allocation Failure) [PSYoungGen: 320986K->178549K(465920K)] 1383573K->1268925K(1864192K), 0.0507164 secs] [Times: user=0.22 sys=0.00, real=0.05 secs] 
4498.481: [GC (Allocation Failure) [PSYoungGen: 411509K->184022K(465920K)] 1501885K->1330490K(1864192K), 0.0592812 secs] [Times: user=0.28 sys=0.00, real=0.06 secs] 
4498.680: [GC (Allocation Failure) [PSYoungGen: 416982K->186549K(465920K)] 1563450K->1388649K(1864192K), 0.0613375 secs] [Times: user=0.30 sys=0.00, real=0.06 secs] 
4499.688: [GC (Allocation Failure) [PSYoungGen: 419509K->107373K(465920K)] 1621609K->1379685K(1864192K), 0.0461922 secs] [Times: user=0.24 sys=0.00, real=0.04 secs] 
4500.151: [GC (Allocation Failure) [PSYoungGen: 340333K->159123K(465920K)] 1612645K->1466644K(1864192K), 0.1109999 secs] [Times: user=0.58 sys=0.01, real=0.11 secs] 
4500.440: [GC (Allocation Failure) [PSYoungGen: 392083K->183381K(465920K)] 1699604K->1540542K(1864192K), 0.0416487 secs] [Times: user=0.19 sys=0.00, real=0.04 secs] 
4500.481: [Full GC (Ergonomics) [PSYoungGen: 183381K->0K(465920K)] [ParOldGen: 1357161K->251642K(1398272K)] 1540542K->251642K(1864192K), [Metaspace: 60418K->60418K(1105920K)], 0.3097741 secs] [Times: user=1.42 sys=0.00, real=0.31 secs] 
4500.905: [GC (Allocation Failure) [PSYoungGen: 232917K->185879K(465920K)] 484560K->437521K(1864192K), 0.0782405 secs] [Times: user=0.40 sys=0.00, real=0.08 secs] 
4501.092: [GC (Allocation Failure) [PSYoungGen: 418839K->186549K(465920K)] 670481K->497079K(1864192K), 0.0553531 secs] [Times: user=0.27 sys=0.00, real=0.06 secs] 
4502.592: [GC (Allocation Failure) [PSYoungGen: 419509K->84762K(465920K)] 730039K->465516K(1864192K), 0.1169762 secs] [Times: user=0.64 sys=0.00, real=0.12 secs] 
4503.351: [GC (Allocation Failure) [PSYoungGen: 317722K->173557K(465920K)] 698476K->581948K(1864192K), 0.0488083 secs] [Times: user=0.18 sys=0.00, real=0.05 secs] 
4503.534: [GC (Allocation Failure) [PSYoungGen: 406517K->184822K(465920K)] 814908K->647393K(1864192K), 0.0428623 secs] [Times: user=0.19 sys=0.01, real=0.05 secs] 
4503.687: [GC (Allocation Failure) [PSYoungGen: 417782K->186869K(465920K)] 880353K->705500K(1864192K), 0.0454046 secs] [Times: user=0.21 sys=0.00, real=0.04 secs] 
4504.732: [GC (Allocation Failure) [PSYoungGen: 419829K->116302K(465920K)] 938460K->705321K(1864192K), 0.0467881 secs] [Times: user=0.24 sys=0.00, real=0.05 secs] 
4505.530: [GC (Allocation Failure) [PSYoungGen: 349262K->150386K(465920K)] 938281K->776798K(1864192K), 0.1124053 secs] [Times: user=0.59 sys=0.01, real=0.11 secs] 
4505.800: [GC (Allocation Failure) [PSYoungGen: 383346K->184246K(465920K)] 1009758K->857742K(1864192K), 0.0401831 secs] [Times: user=0.17 sys=0.00, real=0.04 secs] 
4505.952: [GC (Allocation Failure) [PSYoungGen: 417206K->186103K(465920K)] 1090702K->923667K(1864192K), 0.0499732 secs] [Times: user=0.24 sys=0.00, real=0.05 secs] 
4506.109: [GC (Allocation Failure) [PSYoungGen: 419063K->186645K(465920K)] 1156627K->983273K(1864192K), 0.0570144 secs] [Times: user=0.29 sys=0.00, real=0.05 secs] 
4507.180: [GC (Allocation Failure) [PSYoungGen: 419605K->89962K(465920K)] 1216233K->957071K(1864192K), 0.0450819 secs] [Times: user=0.24 sys=0.00, real=0.04 secs] 
4507.934: [GC (Allocation Failure) [PSYoungGen: 322922K->174101K(465920K)] 1190031K->1070250K(1864192K), 0.0464646 secs] [Times: user=0.20 sys=0.00, real=0.05 secs] 
4508.161: [GC (Allocation Failure) [PSYoungGen: 407061K->184822K(465920K)] 1303210K->1135355K(1864192K), 0.0611152 secs] [Times: user=0.29 sys=0.01, real=0.06 secs] 
4508.343: [GC (Allocation Failure) [PSYoungGen: 417782K->187093K(465920K)] 1368315K->1193570K(1864192K), 0.0467755 secs] [Times: user=0.22 sys=0.00, real=0.05 secs] 
4509.821: [GC (Allocation Failure) [PSYoungGen: 420053K->118286K(465920K)] 1426530K->1195276K(1864192K), 0.0480213 secs] [Times: user=0.24 sys=0.00, real=0.05 secs] 
4510.848: [GC (Allocation Failure) [PSYoungGen: 351246K->143857K(465920K)] 1428236K->1258222K(1864192K), 0.1068854 secs] [Times: user=0.57 sys=0.00, real=0.10 secs] 
4511.154: [GC (Allocation Failure) [PSYoungGen: 376817K->183477K(465920K)] 1491182K->1342948K(1864192K), 0.0478419 secs] [Times: user=0.22 sys=0.00, real=0.05 secs] 
4511.311: [GC (Allocation Failure) [PSYoungGen: 416437K->182742K(465920K)] 1575908K->1406105K(1864192K), 0.0506981 secs] [Times: user=0.24 sys=0.00, real=0.05 secs] 
4511.484: [GC (Allocation Failure) [PSYoungGen: 415702K->184725K(465920K)] 1639065K->1466255K(1864192K), 0.0632929 secs] [Times: user=0.32 sys=0.00, real=0.07 secs] 
4512.993: [GC (Allocation Failure) [PSYoungGen: 417685K->91114K(465920K)] 1699215K->1442205K(1864192K), 0.1159803 secs] [Times: user=0.64 sys=0.00, real=0.12 secs] 
4513.109: [Full GC (Ergonomics) [PSYoungGen: 91114K->0K(465920K)] [ParOldGen: 1351090K->96770K(1398272K)] 1442205K->96770K(1864192K), [Metaspace: 60418K->60418K(1105920K)], 0.1286483 secs] [Times: user=0.53 sys=0.00, real=0.13 secs] 
4513.878: [GC (Allocation Failure) [PSYoungGen: 232960K->176501K(465920K)] 329730K->273271K(1864192K), 0.0366823 secs] [Times: user=0.13 sys=0.00, real=0.03 secs] 
4514.072: [GC (Allocation Failure) [PSYoungGen: 409461K->181781K(465920K)] 506231K->333932K(1864192K), 0.0426308 secs] [Times: user=0.19 sys=0.01, real=0.04 secs] 
4514.225: [GC (Allocation Failure) [PSYoungGen: 414741K->186837K(465920K)] 566892K->394315K(1864192K), 0.0444145 secs] [Times: user=0.20 sys=0.00, real=0.05 secs] 
4515.267: [GC (Allocation Failure) [PSYoungGen: 419797K->133072K(465920K)] 627275K->410895K(1864192K), 0.0477422 secs] [Times: user=0.24 sys=0.00, real=0.04 secs] 
4515.814: [GC (Allocation Failure) [PSYoungGen: 366032K->135920K(465920K)] 643855K->456182K(1864192K), 0.1456176 secs] [Times: user=0.81 sys=0.01, real=0.15 secs] 
4516.121: [GC (Allocation Failure) [PSYoungGen: 368880K->178325K(465920K)] 689142K->542140K(1864192K), 0.0385081 secs] [Times: user=0.16 sys=0.00, real=0.04 secs] 
4516.306: [GC (Allocation Failure) [PSYoungGen: 411285K->182646K(465920K)] 775100K->608786K(1864192K), 0.0665915 secs] [Times: user=0.33 sys=0.00, real=0.06 secs] 
4516.545: [GC (Allocation Failure) [PSYoungGen: 415606K->186453K(465920K)] 841746K->670760K(1864192K), 0.0795224 secs] [Times: user=0.41 sys=0.00, real=0.08 secs] 
4517.705: [GC (Allocation Failure) [PSYoungGen: 419413K->91146K(465920K)] 903720K->645874K(1864192K), 0.0509341 secs] [Times: user=0.27 sys=0.00, real=0.05 secs] 
4518.609: [GC (Allocation Failure) [PSYoungGen: 324106K->174901K(465920K)] 878834K->758585K(1864192K), 0.0501771 secs] [Times: user=0.22 sys=0.00, real=0.05 secs] 
4518.807: [GC (Allocation Failure) [PSYoungGen: 407861K->181589K(465920K)] 991545K->819998K(1864192K), 0.0422849 secs] [Times: user=0.19 sys=0.00, real=0.04 secs] 
4518.960: [GC (Allocation Failure) [PSYoungGen: 414549K->187253K(465920K)] 1052958K->880805K(1864192K), 0.0448275 secs] [Times: user=0.21 sys=0.00, real=0.04 secs] 
4519.899: [GC (Allocation Failure) [PSYoungGen: 420213K->144498K(465920K)] 1113765K->908582K(1864192K), 0.0505339 secs] [Times: user=0.25 sys=0.00, real=0.05 secs] 
4520.687: [GC (Allocation Failure) [PSYoungGen: 377458K->128047K(465920K)] 1141542K->937772K(1864192K), 0.1082885 secs] [Times: user=0.59 sys=0.00, real=0.10 secs] 
4520.948: [GC (Allocation Failure) [PSYoungGen: 361007K->178325K(465920K)] 1170732K->1029206K(1864192K), 0.0381442 secs] [Times: user=0.17 sys=0.00, real=0.04 secs] 
4521.122: [GC (Allocation Failure) [PSYoungGen: 411285K->182518K(465920K)] 1262166K->1095871K(1864192K), 0.0607955 secs] [Times: user=0.30 sys=0.00, real=0.06 secs] 
4521.308: [GC (Allocation Failure) [PSYoungGen: 415478K->186549K(465920K)] 1328831K->1158126K(1864192K), 0.0579169 secs] [Times: user=0.28 sys=0.00, real=0.05 secs] 
4522.383: [GC (Allocation Failure) [PSYoungGen: 419509K->91403K(465920K)] 1391086K->1133479K(1864192K), 0.0464390 secs] [Times: user=0.25 sys=0.00, real=0.05 secs] 
4522.849: [GC (Allocation Failure) [PSYoungGen: 324363K->176661K(465920K)] 1366439K->1248411K(1864192K), 0.0547560 secs] [Times: user=0.24 sys=0.00, real=0.05 secs] 
4523.111: [GC (Allocation Failure) [PSYoungGen: 409621K->184502K(465920K)] 1481371K->1311447K(1864192K), 0.0578344 secs] [Times: user=0.28 sys=0.00, real=0.06 secs] 
4523.294: [GC (Allocation Failure) [PSYoungGen: 417462K->187093K(465920K)] 1544407K->1369759K(1864192K), 0.0517477 secs] [Times: user=0.24 sys=0.00, real=0.05 secs] 
4524.983: [GC (Allocation Failure) [PSYoungGen: 420053K->145906K(465920K)] 1602719K->1399300K(1864192K), 0.0522379 secs] [Times: user=0.25 sys=0.00, real=0.05 secs] 
4525.377: [GC (Allocation Failure) [PSYoungGen: 378866K->120350K(465920K)] 1632260K->1419944K(1864192K), 0.1027112 secs] [Times: user=0.56 sys=0.00, real=0.10 secs] 
4525.867: [GC (Allocation Failure) [PSYoungGen: 353310K->177845K(465920K)] 1652904K->1515748K(1864192K), 0.0411885 secs] [Times: user=0.18 sys=0.00, real=0.04 secs] 
4525.908: [Full GC (Ergonomics) [PSYoungGen: 177845K->0K(465920K)] [ParOldGen: 1337902K->233003K(1398272K)] 1515748K->233003K(1864192K), [Metaspace: 60418K->60418K(1105920K)], 0.2751743 secs] [Times: user=1.25 sys=0.00, real=0.27 secs] 
4526.306: [GC (Allocation Failure) [PSYoungGen: 232960K->185207K(465920K)] 465963K->418210K(1864192K), 0.0833893 secs] [Times: user=0.43 sys=0.01, real=0.09 secs] 
4526.497: [GC (Allocation Failure) [PSYoungGen: 418167K->183540K(465920K)] 651170K->475268K(1864192K), 0.0567139 secs] [Times: user=0.28 sys=0.00, real=0.05 secs] 
4527.568: [GC (Allocation Failure) [PSYoungGen: 416500K->96411K(465920K)] 708228K->457471K(1864192K), 0.0596407 secs] [Times: user=0.32 sys=0.00, real=0.06 secs] 
4528.727: [GC (Allocation Failure) [PSYoungGen: 329371K->167348K(465920K)] 690431K->559252K(1864192K), 0.0584490 secs] [Times: user=0.27 sys=0.00, real=0.05 secs] 
4528.993: [GC (Allocation Failure) [PSYoungGen: 400308K->184342K(465920K)] 792212K->629154K(1864192K), 0.0558352 secs] [Times: user=0.26 sys=0.00, real=0.06 secs] 
4529.162: [GC (Allocation Failure) [PSYoungGen: 416124K->178326K(465920K)] 860937K->687162K(1864192K), 0.0487675 secs] [Times: user=0.23 sys=0.00, real=0.05 secs] 
4530.047: [GC (Allocation Failure) [PSYoungGen: 411286K->169491K(465920K)] 920122K->734851K(1864192K), 0.0540274 secs] [Times: user=0.27 sys=0.00, real=0.05 secs] 
4530.582: [GC (Allocation Failure) [PSYoungGen: 402451K->107164K(465920K)] 967811K->737345K(1864192K), 0.0991418 secs] [Times: user=0.53 sys=0.00, real=0.10 secs] 
4530.943: [GC (Allocation Failure) [PSYoungGen: 332319K->176341K(465920K)] 962500K->840639K(1864192K), 0.0393709 secs] [Times: user=0.17 sys=0.00, real=0.04 secs] 
4531.094: [GC (Allocation Failure) [PSYoungGen: 409301K->184758K(465920K)] 1073599K->904091K(1864192K), 0.0444358 secs] [Times: user=0.20 sys=0.00, real=0.05 secs] 
4531.246: [GC (Allocation Failure) [PSYoungGen: 417718K->186709K(465920K)] 1137051K->962043K(1864192K), 0.0468004 secs] [Times: user=0.22 sys=0.00, real=0.04 secs] 
4532.270: [GC (GCLocker Initiated GC) [PSYoungGen: 419669K->94731K(465920K)] 1195003K->940697K(1864192K), 0.0449631 secs] [Times: user=0.24 sys=0.00, real=0.04 secs] 
4532.650: [GC (Allocation Failure) [PSYoungGen: 327691K->171764K(465920K)] 1173660K->1049146K(1864192K), 0.0443098 secs] [Times: user=0.20 sys=0.00, real=0.04 secs] 
4532.841: [GC (Allocation Failure) [PSYoungGen: 404724K->184117K(465920K)] 1282106K->1114919K(1864192K), 0.0473920 secs] [Times: user=0.22 sys=0.00, real=0.05 secs] 
4533.028: [GC (Allocation Failure) [PSYoungGen: 417077K->182582K(465920K)] 1347879K->1177556K(1864192K), 0.0509828 secs] [Times: user=0.24 sys=0.00, real=0.05 secs] 
4533.500: [GC (Allocation Failure) [PSYoungGen: 415542K->214420K(465920K)] 1410516K->1267473K(1864192K), 0.0553955 secs] [Times: user=0.27 sys=0.00, real=0.05 secs] 
4534.680: [GC (Allocation Failure) [PSYoungGen: 447380K->94891K(465920K)] 1500433K->1215425K(1864192K), 0.1155227 secs] [Times: user=0.64 sys=0.00, real=0.11 secs] 
4535.460: [GC (Allocation Failure) [PSYoungGen: 327851K->179189K(465920K)] 1448385K->1329624K(1864192K), 0.0473613 secs] [Times: user=0.21 sys=0.00, real=0.05 secs] 
4535.631: [GC (Allocation Failure) [PSYoungGen: 412149K->184694K(465920K)] 1562584K->1391204K(1864192K), 0.0451663 secs] [Times: user=0.21 sys=0.00, real=0.04 secs] 
4535.806: [GC (Allocation Failure) [PSYoungGen: 417654K->186741K(465920K)] 1624164K->1449284K(1864192K), 0.0557929 secs] [Times: user=0.28 sys=0.00, real=0.06 secs] 
4536.821: [GC (Allocation Failure) [PSYoungGen: 419701K->100332K(465920K)] 1682244K->1433251K(1864192K), 0.0461019 secs] [Times: user=0.24 sys=0.00, real=0.05 secs] 
4536.867: [Full GC (Ergonomics) [PSYoungGen: 100332K->0K(465920K)] [ParOldGen: 1332918K->89663K(1398272K)] 1433251K->89663K(1864192K), [Metaspace: 60418K->60418K(1105920K)], 0.0372419 secs] [Times: user=0.12 sys=0.00, real=0.03 secs] 
4537.405: [GC (Allocation Failure) [PSYoungGen: 232960K->170900K(465920K)] 322623K->260563K(1864192K), 0.0401325 secs] [Times: user=0.15 sys=0.00, real=0.04 secs] 
4537.611: [GC (Allocation Failure) [PSYoungGen: 403860K->184181K(465920K)] 493523K->327373K(1864192K), 0.0420552 secs] [Times: user=0.19 sys=0.00, real=0.04 secs] 
4537.801: [GC (Allocation Failure) [PSYoungGen: 417141K->185303K(465920K)] 560333K->392622K(1864192K), 0.0664504 secs] [Times: user=0.32 sys=0.00, real=0.07 secs] 
4538.329: [GC (Allocation Failure) [PSYoungGen: 417738K->213972K(465920K)] 625057K->480011K(1864192K), 0.0530219 secs] [Times: user=0.26 sys=0.00, real=0.05 secs] 
4539.155: [GC (Allocation Failure) [PSYoungGen: 446932K->93243K(465920K)] 712971K->427234K(1864192K), 0.0435574 secs] [Times: user=0.23 sys=0.00, real=0.05 secs] 
4539.808: [GC (Allocation Failure) [PSYoungGen: 326203K->178293K(465920K)] 660194K->541972K(1864192K), 0.0464135 secs] [Times: user=0.21 sys=0.00, real=0.04 secs] 
4539.980: [GC (Allocation Failure) [PSYoungGen: 411253K->184726K(465920K)] 774932K->603968K(1864192K), 0.0434968 secs] [Times: user=0.19 sys=0.00, real=0.04 secs] 
4540.132: [GC (Allocation Failure) [PSYoungGen: 417686K->186709K(465920K)] 836928K->662176K(1864192K), 0.0453018 secs] [Times: user=0.21 sys=0.00, real=0.05 secs] 
4541.120: [GC (Allocation Failure) [PSYoungGen: 419669K->100140K(465920K)] 895136K->645983K(1864192K), 0.0447237 secs] [Times: user=0.23 sys=0.00, real=0.04 secs] 
4542.261: [GC (Allocation Failure) [PSYoungGen: 333100K->163155K(465920K)] 878943K->740971K(1864192K), 0.0879478 secs] [Times: user=0.45 sys=0.00, real=0.09 secs] 
4542.512: [GC (Allocation Failure) [PSYoungGen: 396115K->184662K(465920K)] 973931K->813857K(1864192K), 0.0421155 secs] [Times: user=0.19 sys=0.00, real=0.04 secs] 
4542.693: [GC (Allocation Failure) [PSYoungGen: 417622K->186071K(465920K)] 1046817K->879347K(1864192K), 0.0560364 secs] [Times: user=0.27 sys=0.00, real=0.06 secs] 
4542.865: [GC (Allocation Failure) [PSYoungGen: 419031K->186421K(465920K)] 1112307K->938717K(1864192K), 0.0541345 secs] [Times: user=0.27 sys=0.00, real=0.06 secs] 
4544.113: [GC (Allocation Failure) [PSYoungGen: 419381K->90618K(465920K)] 1171677K->913330K(1864192K), 0.0847436 secs] [Times: user=0.46 sys=0.00, real=0.09 secs] 
4544.896: [GC (Allocation Failure) [PSYoungGen: 323578K->178997K(465920K)] 1146290K->1030538K(1864192K), 0.0467114 secs] [Times: user=0.20 sys=0.01, real=0.05 secs] 
4545.114: [GC (Allocation Failure) [PSYoungGen: 411957K->181141K(465920K)] 1263498K->1088494K(1864192K), 0.0652779 secs] [Times: user=0.31 sys=0.00, real=0.07 secs] 
4545.307: [GC (Allocation Failure) [PSYoungGen: 414101K->186709K(465920K)] 1321454K->1149270K(1864192K), 0.0454179 secs] [Times: user=0.21 sys=0.00, real=0.04 secs] 
4546.373: [GC (Allocation Failure) [PSYoungGen: 419669K->104716K(465920K)] 1382230K->1137653K(1864192K), 0.0458316 secs] [Times: user=0.23 sys=0.00, real=0.05 secs] 
4546.766: [GC (Allocation Failure) [PSYoungGen: 337676K->166612K(465920K)] 1370613K->1234146K(1864192K), 0.0944419 secs] [Times: user=0.48 sys=0.01, real=0.10 secs] 
4547.073: [GC (Allocation Failure) [PSYoungGen: 399459K->180853K(465920K)] 1466993K->1300335K(1864192K), 0.0450511 secs] [Times: user=0.21 sys=0.00, real=0.05 secs] 
4547.240: [GC (Allocation Failure) [PSYoungGen: 413813K->185719K(465920K)] 1533295K->1368265K(1864192K), 0.0517167 secs] [Times: user=0.24 sys=0.00, real=0.05 secs] 
4547.634: [GC (Allocation Failure) [PSYoungGen: 418679K->183668K(465920K)] 1601225K->1425262K(1864192K), 0.0784687 secs] [Times: user=0.40 sys=0.00, real=0.08 secs] 
4549.086: [GC (Allocation Failure) [PSYoungGen: 416628K->89690K(465920K)] 1658222K->1400592K(1864192K), 0.0967052 secs] [Times: user=0.52 sys=0.01, real=0.09 secs] 
4549.589: [GC (Allocation Failure) [PSYoungGen: 322650K->182166K(465920K)] 1633552K->1521693K(1864192K), 0.0454561 secs] [Times: user=0.20 sys=0.00, real=0.04 secs] 
4549.635: [Full GC (Ergonomics) [PSYoungGen: 182166K->0K(465920K)] [ParOldGen: 1339527K->225166K(1398272K)] 1521693K->225166K(1864192K), [Metaspace: 60418K->60418K(1105920K)], 0.2532520 secs] [Times: user=1.16 sys=0.00, real=0.26 secs] 
4550.019: [GC (Allocation Failure) [PSYoungGen: 232960K->181717K(465920K)] 458126K->406884K(1864192K), 0.0262436 secs] [Times: user=0.09 sys=0.00, real=0.02 secs] 
4550.177: [GC (Allocation Failure) [PSYoungGen: 414677K->186805K(465920K)] 639844K->467347K(1864192K), 0.0451391 secs] [Times: user=0.21 sys=0.00, real=0.04 secs] 
4551.219: [GC (Allocation Failure) [PSYoungGen: 419765K->106413K(465920K)] 700307K->457487K(1864192K), 0.0453353 secs] [Times: user=0.24 sys=0.00, real=0.04 secs] 
4552.273: [GC (Allocation Failure) [PSYoungGen: 339373K->160467K(465920K)] 690447K->545642K(1864192K), 0.0917309 secs] [Times: user=0.47 sys=0.00, real=0.09 secs] 
4552.562: [GC (Allocation Failure) [PSYoungGen: 393427K->181365K(465920K)] 778602K->616749K(1864192K), 0.0510986 secs] [Times: user=0.24 sys=0.00, real=0.05 secs] 
4552.775: [GC (Allocation Failure) [PSYoungGen: 414325K->185367K(465920K)] 849709K->684294K(1864192K), 0.0761909 secs] [Times: user=0.38 sys=0.00, real=0.08 secs] 
4553.023: [GC (Allocation Failure) [PSYoungGen: 418327K->183796K(465920K)] 917254K->741396K(1864192K), 0.0707886 secs] [Times: user=0.37 sys=0.00, real=0.07 secs] 
4554.275: [GC (Allocation Failure) [PSYoungGen: 416756K->91914K(465920K)] 974356K->719106K(1864192K), 0.0652968 secs] [Times: user=0.35 sys=0.00, real=0.07 secs] 
4554.858: [GC (GCLocker Initiated GC) [PSYoungGen: 324874K->175605K(465920K)] 952068K->831707K(1864192K), 0.0548012 secs] [Times: user=0.24 sys=0.00, real=0.05 secs] 
4555.074: [GC (Allocation Failure) [PSYoungGen: 408565K->184214K(465920K)] 1064706K->895534K(1864192K), 0.0427272 secs] [Times: user=0.20 sys=0.00, real=0.05 secs] 
4555.228: [GC (Allocation Failure) [PSYoungGen: 417174K->186901K(465920K)] 1128494K->954094K(1864192K), 0.0452961 secs] [Times: user=0.21 sys=0.00, real=0.04 secs] 
4556.267: [GC (Allocation Failure) [PSYoungGen: 419861K->115070K(465920K)] 1187054K->952719K(1864192K), 0.0463360 secs] [Times: user=0.24 sys=0.00, real=0.04 secs] 
4557.075: [GC (Allocation Failure) [PSYoungGen: 348030K->155538K(465920K)] 1185679K->1029887K(1864192K), 0.1344838 secs] [Times: user=0.72 sys=0.01, real=0.14 secs] 
4557.384: [GC (Allocation Failure) [PSYoungGen: 388498K->181461K(465920K)] 1262847K->1103311K(1864192K), 0.0405910 secs] [Times: user=0.18 sys=0.00, real=0.04 secs] 
4557.541: [GC (Allocation Failure) [PSYoungGen: 414421K->185719K(465920K)] 1336271K->1171089K(1864192K), 0.0497121 secs] [Times: user=0.23 sys=0.01, real=0.05 secs] 
4557.700: [GC (Allocation Failure) [PSYoungGen: 418679K->186389K(465920K)] 1404049K->1230711K(1864192K), 0.0545944 secs] [Times: user=0.27 sys=0.00, real=0.05 secs] 
4558.846: [GC (Allocation Failure) [PSYoungGen: 419349K->93899K(465920K)] 1463671K->1208445K(1864192K), 0.0511647 secs] [Times: user=0.27 sys=0.00, real=0.05 secs] 
4559.190: [GC (Allocation Failure) [PSYoungGen: 326859K->178453K(465920K)] 1441405K->1323502K(1864192K), 0.0340020 secs] [Times: user=0.14 sys=0.00, real=0.03 secs] 
4559.359: [GC (Allocation Failure) [PSYoungGen: 411413K->184021K(465920K)] 1556462K->1384523K(1864192K), 0.0488903 secs] [Times: user=0.23 sys=0.00, real=0.05 secs] 
4559.541: [GC (Allocation Failure) [PSYoungGen: 416981K->186869K(465920K)] 1617483K->1443274K(1864192K), 0.0471756 secs] [Times: user=0.22 sys=0.00, real=0.05 secs] 
4560.533: [GC (Allocation Failure) [PSYoungGen: 419829K->115246K(465920K)] 1676234K->1442403K(1864192K), 0.0471715 secs] [Times: user=0.23 sys=0.00, real=0.05 secs] 
4560.580: [Full GC (Ergonomics) [PSYoungGen: 115246K->0K(465920K)] [ParOldGen: 1327157K->96905K(1398272K)] 1442403K->96905K(1864192K), [Metaspace: 60418K->60418K(1105920K)], 0.0346018 secs] [Times: user=0.11 sys=0.00, real=0.03 secs] 
4561.646: [GC (Allocation Failure) [PSYoungGen: 232960K->149041K(465920K)] 329865K->245947K(1864192K), 0.0538070 secs] [Times: user=0.22 sys=0.00, real=0.05 secs] 
4561.946: [GC (Allocation Failure) [PSYoungGen: 382001K->183989K(465920K)] 478907K->327015K(1864192K), 0.0487957 secs] [Times: user=0.22 sys=0.00, real=0.04 secs] 
4562.109: [GC (Allocation Failure) [PSYoungGen: 416949K->185463K(465920K)] 559975K->392457K(1864192K), 0.0494187 secs] [Times: user=0.23 sys=0.01, real=0.05 secs] 
4562.308: [GC (Allocation Failure) [PSYoungGen: 418423K->186293K(465920K)] 625417K->452223K(1864192K), 0.0610091 secs] [Times: user=0.30 sys=0.00, real=0.06 secs] 
4563.479: [GC (Allocation Failure) [PSYoungGen: 419253K->91066K(465920K)] 685183K->427196K(1864192K), 0.0550660 secs] [Times: user=0.29 sys=0.00, real=0.05 secs] 
4564.098: [GC (Allocation Failure) [PSYoungGen: 324026K->174741K(465920K)] 660156K->540196K(1864192K), 0.0410835 secs] [Times: user=0.18 sys=0.00, real=0.04 secs] 
4564.258: [GC (Allocation Failure) [PSYoungGen: 407701K->183926K(465920K)] 773156K->604176K(1864192K), 0.0424604 secs] [Times: user=0.19 sys=0.00, real=0.04 secs] 
4564.445: [GC (Allocation Failure) [PSYoungGen: 416886K->186709K(465920K)] 837136K->662560K(1864192K), 0.0594378 secs] [Times: user=0.29 sys=0.01, real=0.06 secs] 
4565.609: [GC (Allocation Failure) [PSYoungGen: 419669K->121359K(465920K)] 895520K->667698K(1864192K), 0.0468726 secs] [Times: user=0.24 sys=0.00, real=0.04 secs] 
4566.178: [GC (Allocation Failure) [PSYoungGen: 354319K->147889K(465920K)] 900658K->732860K(1864192K), 0.1114349 secs] [Times: user=0.60 sys=0.00, real=0.11 secs] 
4566.435: [GC (Allocation Failure) [PSYoungGen: 380849K->184021K(465920K)] 965820K->815373K(1864192K), 0.0397770 secs] [Times: user=0.17 sys=0.00, real=0.04 secs] 
4566.587: [GC (Allocation Failure) [PSYoungGen: 416981K->185623K(465920K)] 1048333K->880991K(1864192K), 0.0495476 secs] [Times: user=0.23 sys=0.00, real=0.05 secs] 
4566.934: [GC (Allocation Failure) [PSYoungGen: 418583K->181012K(465920K)] 1113951K->935100K(1864192K), 0.0759755 secs] [Times: user=0.38 sys=0.00, real=0.08 secs] 
4568.889: [GC (Allocation Failure) [PSYoungGen: 413972K->88810K(465920K)] 1168060K->911434K(1864192K), 0.1039843 secs] [Times: user=0.57 sys=0.00, real=0.10 secs] 
4569.893: [GC (Allocation Failure) [PSYoungGen: 321770K->174165K(465920K)] 1144394K->1025017K(1864192K), 0.0506534 secs] [Times: user=0.23 sys=0.00, real=0.05 secs] 
4570.090: [GC (Allocation Failure) [PSYoungGen: 407125K->181973K(465920K)] 1257977K->1087386K(1864192K), 0.0433861 secs] [Times: user=0.20 sys=0.00, real=0.04 secs] 
4570.243: [GC (Allocation Failure) [PSYoungGen: 414933K->186997K(465920K)] 1320346K->1147826K(1864192K), 0.0462562 secs] [Times: user=0.21 sys=0.00, real=0.05 secs] 
4571.270: [GC (Allocation Failure) [PSYoungGen: 419957K->132816K(465920K)] 1380786K->1164213K(1864192K), 0.0496300 secs] [Times: user=0.24 sys=0.00, real=0.05 secs] 
4572.244: [GC (Allocation Failure) [PSYoungGen: 365776K->137728K(465920K)] 1397173K->1211285K(1864192K), 0.1452895 secs] [Times: user=0.80 sys=0.00, real=0.15 secs] 
4572.581: [GC (Allocation Failure) [PSYoungGen: 370688K->175220K(465920K)] 1444245K->1293018K(1864192K), 0.0395218 secs] [Times: user=0.17 sys=0.00, real=0.04 secs] 
4572.735: [GC (Allocation Failure) [PSYoungGen: 408180K->185431K(465920K)] 1525978K->1364725K(1864192K), 0.0501609 secs] [Times: user=0.23 sys=0.00, real=0.05 secs] 
4572.893: [GC (Allocation Failure) [PSYoungGen: 418391K->186549K(465920K)] 1597685K->1424643K(1864192K), 0.0562453 secs] [Times: user=0.28 sys=0.00, real=0.06 secs] 
4574.007: [GC (Allocation Failure) [PSYoungGen: 419509K->95947K(465920K)] 1657603K->1404289K(1864192K), 0.0471721 secs] [Times: user=0.25 sys=0.01, real=0.04 secs] 
4574.882: [GC (Allocation Failure) [PSYoungGen: 328907K->173397K(465920K)] 1637249K->1512239K(1864192K), 0.0496424 secs] [Times: user=0.22 sys=0.00, real=0.05 secs] 
4574.932: [Full GC (Ergonomics) [PSYoungGen: 173397K->0K(465920K)] [ParOldGen: 1338842K->206893K(1398272K)] 1512239K->206893K(1864192K), [Metaspace: 60419K->60419K(1105920K)], 0.2441318 secs] [Times: user=1.07 sys=0.00, real=0.25 secs] 
4575.290: [GC (Allocation Failure) [PSYoungGen: 232960K->181813K(465920K)] 439853K->388707K(1864192K), 0.0269368 secs] [Times: user=0.10 sys=0.00, real=0.03 secs] 
4575.456: [GC (Allocation Failure) [PSYoungGen: 414773K->186869K(465920K)] 621667K->448930K(1864192K), 0.0556534 secs] [Times: user=0.27 sys=0.00, real=0.06 secs] 
4576.498: [GC (Allocation Failure) [PSYoungGen: 419829K->138577K(465920K)] 681890K->471307K(1864192K), 0.0487308 secs] [Times: user=0.24 sys=0.00, real=0.05 secs] 
4577.445: [GC (Allocation Failure) [PSYoungGen: 371537K->132383K(465920K)] 704267K->509049K(1864192K), 0.1413024 secs] [Times: user=0.77 sys=0.01, real=0.15 secs] 
4577.883: [GC (Allocation Failure) [PSYoungGen: 365343K->175316K(465920K)] 742009K->594199K(1864192K), 0.0411213 secs] [Times: user=0.18 sys=0.01, real=0.04 secs] 
4578.041: [GC (Allocation Failure) [PSYoungGen: 408276K->185591K(465920K)] 827159K->666101K(1864192K), 0.0487405 secs] [Times: user=0.22 sys=0.00, real=0.05 secs] 
4578.200: [GC (Allocation Failure) [PSYoungGen: 418551K->186549K(465920K)] 899061K->725995K(1864192K), 0.0576995 secs] [Times: user=0.29 sys=0.00, real=0.06 secs] 
4579.399: [GC (Allocation Failure) [PSYoungGen: 419509K->94091K(465920K)] 958955K->704042K(1864192K), 0.0434919 secs] [Times: user=0.23 sys=0.01, real=0.04 secs] 
4579.855: [GC (Allocation Failure) [PSYoungGen: 327051K->177717K(465920K)] 937002K->818185K(1864192K), 0.0329431 secs] [Times: user=0.13 sys=0.00, real=0.04 secs] 
4580.000: [GC (Allocation Failure) [PSYoungGen: 410677K->184534K(465920K)] 1051145K->880365K(1864192K), 0.0439404 secs] [Times: user=0.20 sys=0.00, real=0.04 secs] 
4580.173: [GC (Allocation Failure) [PSYoungGen: 417494K->184084K(465920K)] 1113325K->936156K(1864192K), 0.0502850 secs] [Times: user=0.24 sys=0.00, real=0.05 secs] 
4581.128: [GC (Allocation Failure) [PSYoungGen: 417044K->141777K(465920K)] 1169116K->963249K(1864192K), 0.0501899 secs] [Times: user=0.25 sys=0.00, real=0.05 secs] 
4581.863: [GC (Allocation Failure) [PSYoungGen: 374737K->128591K(465920K)] 1196209K->994967K(1864192K), 0.1450467 secs] [Times: user=0.81 sys=0.01, real=0.15 secs] 
4582.235: [GC (Allocation Failure) [PSYoungGen: 361551K->178357K(465920K)] 1227927K->1085401K(1864192K), 0.0383487 secs] [Times: user=0.17 sys=0.00, real=0.04 secs] 
4582.386: [GC (Allocation Failure) [PSYoungGen: 411317K->185751K(465920K)] 1318361K->1155127K(1864192K), 0.0500686 secs] [Times: user=0.23 sys=0.00, real=0.05 secs] 
4582.567: [GC (Allocation Failure) [PSYoungGen: 418711K->186677K(465920K)] 1388087K->1215125K(1864192K), 0.0626024 secs] [Times: user=0.31 sys=0.00, real=0.06 secs] 
4583.715: [GC (Allocation Failure) [PSYoungGen: 419637K->90090K(465920K)] 1448085K->1189091K(1864192K), 0.0617703 secs] [Times: user=0.33 sys=0.00, real=0.07 secs] 
4584.809: [GC (Allocation Failure) [PSYoungGen: 323050K->173653K(465920K)] 1422051K->1301234K(1864192K), 0.0544128 secs] [Times: user=0.24 sys=0.00, real=0.05 secs] 
4585.021: [GC (Allocation Failure) [PSYoungGen: 406613K->184086K(465920K)] 1534194K->1366219K(1864192K), 0.0438594 secs] [Times: user=0.20 sys=0.00, real=0.04 secs] 
4585.175: [GC (Allocation Failure) [PSYoungGen: 417046K->187349K(465920K)] 1599179K->1425163K(1864192K), 0.0467154 secs] [Times: user=0.21 sys=0.00, real=0.05 secs] 
4586.136: [GC (Allocation Failure) [PSYoungGen: 420309K->147122K(465920K)] 1658123K->1455528K(1864192K), 0.0516046 secs] [Times: user=0.26 sys=0.00, real=0.05 secs] 
4586.711: [GC (Allocation Failure) [PSYoungGen: 380082K->127247K(465920K)] 1688488K->1482365K(1864192K), 0.1015979 secs] [Times: user=0.56 sys=0.00, real=0.10 secs] 
4586.813: [Full GC (Ergonomics) [PSYoungGen: 127247K->0K(465920K)] [ParOldGen: 1355117K->145290K(1398272K)] 1482365K->145290K(1864192K), [Metaspace: 60419K->60419K(1105920K)], 0.1432293 secs] [Times: user=0.63 sys=0.00, real=0.14 secs] 
4587.281: [GC (Allocation Failure) [PSYoungGen: 232960K->174868K(465920K)] 378250K->320159K(1864192K), 0.0257831 secs] [Times: user=0.10 sys=0.00, real=0.03 secs] 
4587.422: [GC (Allocation Failure) [PSYoungGen: 407828K->185399K(465920K)] 553119K->392405K(1864192K), 0.0479050 secs] [Times: user=0.22 sys=0.00, real=0.05 secs] 
4587.581: [GC (Allocation Failure) [PSYoungGen: 418359K->186421K(465920K)] 625365K->452139K(1864192K), 0.0565623 secs] [Times: user=0.28 sys=0.00, real=0.06 secs] 
4588.760: [GC (Allocation Failure) [PSYoungGen: 419381K->94187K(465920K)] 685099K->430297K(1864192K), 0.0537268 secs] [Times: user=0.29 sys=0.00, real=0.05 secs] 
4589.138: [GC (Allocation Failure) [PSYoungGen: 327147K->172789K(465920K)] 663257K->539032K(1864192K), 0.0325709 secs] [Times: user=0.13 sys=0.00, real=0.03 secs] 
4589.327: [GC (Allocation Failure) [PSYoungGen: 405749K->184406K(465920K)] 771992K->604581K(1864192K), 0.0555600 secs] [Times: user=0.26 sys=0.00, real=0.05 secs] 
4589.527: [GC (Allocation Failure) [PSYoungGen: 417366K->186421K(465920K)] 837543K->662614K(1864192K), 0.0449362 secs] [Times: user=0.20 sys=0.00, real=0.04 secs] 
4590.471: [GC (Allocation Failure) [PSYoungGen: 419381K->151090K(465920K)] 895574K->697699K(1864192K), 0.0504542 secs] [Times: user=0.24 sys=0.00, real=0.05 secs] 
4590.940: [GC (Allocation Failure) [PSYoungGen: 384050K->115341K(465920K)] 930659K->709558K(1864192K), 0.1604531 secs] [Times: user=0.90 sys=0.00, real=0.16 secs] 
4591.538: [GC (Allocation Failure) [PSYoungGen: 348301K->177653K(465920K)] 942518K->808359K(1864192K), 0.0413009 secs] [Times: user=0.19 sys=0.00, real=0.04 secs] 
4591.717: [GC (Allocation Failure) [PSYoungGen: 410613K->185367K(465920K)] 1041319K->878157K(1864192K), 0.0545418 secs] [Times: user=0.26 sys=0.00, real=0.05 secs] 
4592.013: [GC (Allocation Failure) [PSYoungGen: 418327K->186261K(465920K)] 1111117K->937867K(1864192K), 0.0578520 secs] [Times: user=0.28 sys=0.00, real=0.06 secs] 
4593.121: [GC (Allocation Failure) [PSYoungGen: 419221K->94379K(465920K)] 1170827K->916153K(1864192K), 0.0538321 secs] [Times: user=0.29 sys=0.00, real=0.05 secs] 
4594.012: [GC (Allocation Failure) [PSYoungGen: 327339K->170068K(465920K)] 1149113K->1022279K(1864192K), 0.0655652 secs] [Times: user=0.32 sys=0.00, real=0.07 secs] 
4594.238: [GC (Allocation Failure) [PSYoungGen: 403028K->184406K(465920K)] 1255239K->1089505K(1864192K), 0.0431302 secs] [Times: user=0.19 sys=0.01, real=0.04 secs] 
4594.391: [GC (Allocation Failure) [PSYoungGen: 412316K->179734K(465920K)] 1317415K->1149049K(1864192K), 0.0498142 secs] [Times: user=0.24 sys=0.00, real=0.05 secs] 
4595.289: [GC (Allocation Failure) [PSYoungGen: 412694K->168562K(465920K)] 1382009K->1194926K(1864192K), 0.0546312 secs] [Times: user=0.28 sys=0.00, real=0.05 secs] 
4596.141: [GC (Allocation Failure) [PSYoungGen: 401522K->104604K(465920K)] 1427886K->1195471K(1864192K), 0.1009296 secs] [Times: user=0.53 sys=0.01, real=0.10 secs] 
4596.548: [GC (Allocation Failure) [PSYoungGen: 337564K->178677K(465920K)] 1428431K->1303237K(1864192K), 0.0375078 secs] [Times: user=0.15 sys=0.00, real=0.03 secs] 
4596.699: [GC (Allocation Failure) [PSYoungGen: 411550K->184502K(465920K)] 1536110K->1364978K(1864192K), 0.0447140 secs] [Times: user=0.20 sys=0.00, real=0.04 secs] 
4596.875: [GC (Allocation Failure) [PSYoungGen: 417462K->186261K(465920K)] 1597938K->1422601K(1864192K), 0.0621698 secs] [Times: user=0.30 sys=0.00, real=0.07 secs] 
4597.893: [GC (Allocation Failure) [PSYoungGen: 419221K->100332K(465920K)] 1655561K->1406920K(1864192K), 0.0456862 secs] [Times: user=0.23 sys=0.00, real=0.05 secs] 
4598.638: [GC (Allocation Failure) [PSYoungGen: 333292K->168084K(465920K)] 1639880K->1507041K(1864192K), 0.0673420 secs] [Times: user=0.32 sys=0.01, real=0.06 secs] 
4598.705: [Full GC (Ergonomics) [PSYoungGen: 168084K->0K(465920K)] [ParOldGen: 1338957K->192363K(1398272K)] 1507041K->192363K(1864192K), [Metaspace: 60419K->60419K(1105920K)], 0.2257421 secs] [Times: user=1.07 sys=0.00, real=0.23 secs] 
4599.089: [GC (Allocation Failure) [PSYoungGen: 232960K->183861K(465920K)] 425323K->376225K(1864192K), 0.0320008 secs] [Times: user=0.13 sys=0.00, real=0.03 secs] 
4599.237: [GC (Allocation Failure) [PSYoungGen: 416821K->179478K(465920K)] 609185K->435834K(1864192K), 0.0429627 secs] [Times: user=0.19 sys=0.00, real=0.04 secs] 
4599.708: [GC (Allocation Failure) [PSYoungGen: 410937K->215540K(465920K)] 667293K->528680K(1864192K), 0.0525867 secs] [Times: user=0.25 sys=0.00, real=0.05 secs] 
4600.593: [GC (Allocation Failure) [PSYoungGen: 448500K->96331K(465920K)] 761640K->477871K(1864192K), 0.0841654 secs] [Times: user=0.45 sys=0.00, real=0.09 secs] 
4600.964: [GC (Allocation Failure) [PSYoungGen: 329291K->179957K(465920K)] 710831K->591962K(1864192K), 0.0375172 secs] [Times: user=0.16 sys=0.01, real=0.04 secs] 
4601.115: [GC (Allocation Failure) [PSYoungGen: 412917K->184534K(465920K)] 824922K->652966K(1864192K), 0.0427627 secs] [Times: user=0.20 sys=0.00, real=0.05 secs] 
4601.268: [GC (Allocation Failure) [PSYoungGen: 417494K->186389K(465920K)] 885926K->710713K(1864192K), 0.0455505 secs] [Times: user=0.21 sys=0.00, real=0.04 secs] 
4602.268: [GC (Allocation Failure) [PSYoungGen: 419349K->98171K(465920K)] 943673K->692856K(1864192K), 0.0445647 secs] [Times: user=0.23 sys=0.00, real=0.04 secs] 
4603.159: [GC (Allocation Failure) [PSYoungGen: 331131K->168820K(465920K)] 925816K->795618K(1864192K), 0.0588710 secs] [Times: user=0.28 sys=0.00, real=0.06 secs] 
4603.381: [GC (Allocation Failure) [PSYoungGen: 401780K->184342K(465920K)] 1028578K->863655K(1864192K), 0.0531534 secs] [Times: user=0.25 sys=0.00, real=0.05 secs] 
4603.552: [GC (Allocation Failure) [PSYoungGen: 417302K->185719K(465920K)] 1096615K->929144K(1864192K), 0.0512993 secs] [Times: user=0.23 sys=0.00, real=0.05 secs] 
4603.799: [GC (Allocation Failure) [PSYoungGen: 418679K->198900K(465920K)] 1162104K->1001354K(1864192K), 0.0540097 secs] [Times: user=0.26 sys=0.00, real=0.05 secs] 
4605.143: [GC (Allocation Failure) [PSYoungGen: 431860K->91034K(465920K)] 1234314K->962008K(1864192K), 0.0892544 secs] [Times: user=0.49 sys=0.00, real=0.09 secs] 
4605.668: [GC (Allocation Failure) [PSYoungGen: 323994K->179253K(465920K)] 1194968K->1079160K(1864192K), 0.0447298 secs] [Times: user=0.19 sys=0.00, real=0.04 secs] 
4605.837: [GC (Allocation Failure) [PSYoungGen: 412213K->184374K(465920K)] 1312120K->1140600K(1864192K), 0.0449443 secs] [Times: user=0.20 sys=0.00, real=0.04 secs] 
4605.992: [GC (Allocation Failure) [PSYoungGen: 417334K->186645K(465920K)] 1373560K->1198860K(1864192K), 0.0462888 secs] [Times: user=0.22 sys=0.00, real=0.05 secs] 
4606.970: [GC (Allocation Failure) [PSYoungGen: 419605K->102972K(465920K)] 1431820K->1185515K(1864192K), 0.0458146 secs] [Times: user=0.24 sys=0.00, real=0.05 secs] 
4607.393: [GC (GCLocker Initiated GC) [PSYoungGen: 335932K->169044K(465920K)] 1418475K->1285503K(1864192K), 0.0541722 secs] [Times: user=0.26 sys=0.01, real=0.06 secs] 
4607.584: [GC (Allocation Failure) [PSYoungGen: 402004K->181397K(465920K)] 1518594K->1350707K(1864192K), 0.0527202 secs] [Times: user=0.25 sys=0.00, real=0.06 secs] 
4607.800: [GC (Allocation Failure) [PSYoungGen: 414357K->185239K(465920K)] 1583667K->1417765K(1864192K), 0.0513594 secs] [Times: user=0.24 sys=0.00, real=0.05 secs] 
4608.675: [GC (Allocation Failure) [PSYoungGen: 418199K->179636K(465920K)] 1650725K->1470882K(1864192K), 0.1085680 secs] [Times: user=0.57 sys=0.00, real=0.11 secs] 
4610.068: [GC (Allocation Failure) [PSYoungGen: 412596K->88522K(465920K)] 1703842K->1447736K(1864192K), 0.0941442 secs] [Times: user=0.51 sys=0.00, real=0.09 secs] 
4610.163: [Full GC (Ergonomics) [PSYoungGen: 88522K->0K(465920K)] [ParOldGen: 1359214K->104027K(1398272K)] 1447736K->104027K(1864192K), [Metaspace: 60419K->60419K(1105920K)], 0.1609917 secs] [Times: user=0.70 sys=0.00, real=0.16 secs] 
4610.850: [GC (Allocation Failure) [PSYoungGen: 232960K->179157K(465920K)] 336987K->283185K(1864192K), 0.0336597 secs] [Times: user=0.13 sys=0.01, real=0.03 secs] 
4611.012: [GC (Allocation Failure) [PSYoungGen: 412117K->181941K(465920K)] 516145K->341825K(1864192K), 0.0406240 secs] [Times: user=0.18 sys=0.00, real=0.04 secs] 
4611.162: [GC (GCLocker Initiated GC) [PSYoungGen: 414901K->185397K(465920K)] 574785K->400761K(1864192K), 0.0444621 secs] [Times: user=0.20 sys=0.00, real=0.05 secs] 
4612.237: [GC (Allocation Failure) [PSYoungGen: 418357K->107869K(465920K)] 633722K->393174K(1864192K), 0.0449198 secs] [Times: user=0.23 sys=0.00, real=0.04 secs] 
4612.811: [GC (GCLocker Initiated GC) [PSYoungGen: 340829K->161427K(465920K)] 626134K->482069K(1864192K), 0.0895841 secs] [Times: user=0.46 sys=0.00, real=0.09 secs] 
4613.048: [GC (Allocation Failure) [PSYoungGen: 394387K->183445K(465920K)] 715031K->554193K(1864192K), 0.0416191 secs] [Times: user=0.18 sys=0.00, real=0.04 secs] 
4613.236: [GC (Allocation Failure) [PSYoungGen: 416405K->182870K(465920K)] 787153K->617650K(1864192K), 0.0687138 secs] [Times: user=0.34 sys=0.00, real=0.07 secs] 
4613.487: [GC (Allocation Failure) [PSYoungGen: 415830K->186261K(465920K)] 850610K->679233K(1864192K), 0.0640493 secs] [Times: user=0.32 sys=0.00, real=0.06 secs] 
4614.576: [GC (Allocation Failure) [PSYoungGen: 419221K->88026K(465920K)] 912193K->651358K(1864192K), 0.0577617 secs] [Times: user=0.31 sys=0.00, real=0.05 secs] 
4615.430: [GC (Allocation Failure) [PSYoungGen: 320986K->177429K(465920K)] 884318K->768422K(1864192K), 0.0470875 secs] [Times: user=0.20 sys=0.00, real=0.05 secs] 
4615.611: [GC (Allocation Failure) [PSYoungGen: 410389K->184694K(465920K)] 1001382K->831487K(1864192K), 0.0429122 secs] [Times: user=0.19 sys=0.00, real=0.04 secs] 
4615.764: [GC (Allocation Failure) [PSYoungGen: 417654K->186677K(465920K)] 1064447K->889686K(1864192K), 0.0455544 secs] [Times: user=0.21 sys=0.00, real=0.05 secs] 
4616.756: [GC (Allocation Failure) [PSYoungGen: 419637K->114702K(465920K)] 1122646K->888031K(1864192K), 0.0466909 secs] [Times: user=0.24 sys=0.00, real=0.04 secs] 
4617.611: [GC (GCLocker Initiated GC) [PSYoungGen: 347662K->155346K(465920K)] 1120991K->965536K(1864192K), 0.1120587 secs] [Times: user=0.59 sys=0.00, real=0.11 secs] 
4617.878: [GC (Allocation Failure) [PSYoungGen: 388306K->178773K(465920K)] 1198663K->1037914K(1864192K), 0.0411519 secs] [Times: user=0.19 sys=0.00, real=0.04 secs] 
4618.035: [GC (Allocation Failure) [PSYoungGen: 411733K->185847K(465920K)] 1270874K->1107652K(1864192K), 0.0501607 secs] [Times: user=0.23 sys=0.00, real=0.05 secs] 
4618.235: [GC (Allocation Failure) [PSYoungGen: 418807K->186613K(465920K)] 1340612K->1167434K(1864192K), 0.0806551 secs] [Times: user=0.41 sys=0.00, real=0.08 secs] 
4619.627: [GC (Allocation Failure) [PSYoungGen: 419573K->94011K(465920K)] 1400394K->1145252K(1864192K), 0.1223728 secs] [Times: user=0.67 sys=0.00, real=0.12 secs] 
4620.444: [GC (Allocation Failure) [PSYoungGen: 326971K->175029K(465920K)] 1378212K->1256258K(1864192K), 0.0472999 secs] [Times: user=0.21 sys=0.00, real=0.05 secs] 
4620.619: [GC (Allocation Failure) [PSYoungGen: 407989K->184854K(465920K)] 1489218K->1320979K(1864192K), 0.0446455 secs] [Times: user=0.20 sys=0.00, real=0.04 secs] 
4620.794: [GC (Allocation Failure) [PSYoungGen: 417814K->186805K(465920K)] 1553939K->1378971K(1864192K), 0.0518303 secs] [Times: user=0.25 sys=0.00, real=0.06 secs] 
4621.810: [GC (Allocation Failure) [PSYoungGen: 419765K->116398K(465920K)] 1611931K->1378892K(1864192K), 0.0482530 secs] [Times: user=0.25 sys=0.00, real=0.05 secs] 
4622.792: [GC (Allocation Failure) [PSYoungGen: 349358K->146977K(465920K)] 1611852K->1446664K(1864192K), 0.1447073 secs] [Times: user=0.79 sys=0.00, real=0.15 secs] 
4623.111: [GC (Allocation Failure) [PSYoungGen: 379937K->184085K(465920K)] 1679624K->1529628K(1864192K), 0.0423292 secs] [Times: user=0.19 sys=0.00, real=0.04 secs] 
4623.153: [Full GC (Ergonomics) [PSYoungGen: 184085K->0K(465920K)] [ParOldGen: 1345542K->247782K(1398272K)] 1529628K->247782K(1864192K), [Metaspace: 60425K->60425K(1105920K)], 0.2981225 secs] [Times: user=1.37 sys=0.00, real=0.30 secs] 
4623.563: [GC (Allocation Failure) [PSYoungGen: 232960K->183094K(465920K)] 480742K->430877K(1864192K), 0.0874265 secs] [Times: user=0.46 sys=0.00, real=0.09 secs] 
4623.758: [GC (Allocation Failure) [PSYoungGen: 416054K->186549K(465920K)] 663837K->492700K(1864192K), 0.0556787 secs] [Times: user=0.27 sys=0.00, real=0.05 secs] 
4624.791: [GC (Allocation Failure) [PSYoungGen: 419509K->93147K(465920K)] 725660K->469825K(1864192K), 0.0469850 secs] [Times: user=0.24 sys=0.00, real=0.05 secs] 
4625.660: [GC (Allocation Failure) [PSYoungGen: 326107K->170900K(465920K)] 702785K->577256K(1864192K), 0.0499113 secs] [Times: user=0.21 sys=0.00, real=0.05 secs] 
4625.913: [GC (Allocation Failure) [PSYoungGen: 403860K->184790K(465920K)] 810216K->644857K(1864192K), 0.0582289 secs] [Times: user=0.27 sys=0.00, real=0.06 secs] 
4626.087: [GC (Allocation Failure) [PSYoungGen: 417750K->187125K(465920K)] 877817K->703241K(1864192K), 0.0455814 secs] [Times: user=0.21 sys=0.00, real=0.04 secs] 
4627.058: [GC (Allocation Failure) [PSYoungGen: 420085K->125839K(465920K)] 936201K->712395K(1864192K), 0.0477111 secs] [Times: user=0.24 sys=0.00, real=0.05 secs] 
4627.668: [GC (Allocation Failure) [PSYoungGen: 357864K->141809K(465920K)] 944420K->768396K(1864192K), 0.1481707 secs] [Times: user=0.82 sys=0.00, real=0.15 secs] 
4628.451: [GC (Allocation Failure) [PSYoungGen: 374769K->174580K(465920K)] 1001356K->846396K(1864192K), 0.0533228 secs] [Times: user=0.25 sys=0.00, real=0.05 secs] 
4628.632: [GC (Allocation Failure) [PSYoungGen: 407540K->185399K(465920K)] 1079356K->918371K(1864192K), 0.0493644 secs] [Times: user=0.23 sys=0.00, real=0.05 secs] 
4628.845: [GC (Allocation Failure) [PSYoungGen: 418359K->186773K(465920K)] 1151331K->978745K(1864192K), 0.0828000 secs] [Times: user=0.43 sys=0.00, real=0.09 secs] 
4629.973: [GC (Allocation Failure) [PSYoungGen: 419733K->93867K(465920K)] 1211705K->956287K(1864192K), 0.0550450 secs] [Times: user=0.29 sys=0.01, real=0.06 secs] 
4630.899: [GC (Allocation Failure) [PSYoungGen: 326827K->170708K(465920K)] 1189247K->1063037K(1864192K), 0.0559589 secs] [Times: user=0.25 sys=0.00, real=0.05 secs] 
4631.176: [GC (Allocation Failure) [PSYoungGen: 403668K->184406K(465920K)] 1295997K->1129859K(1864192K), 0.0505613 secs] [Times: user=0.24 sys=0.00, real=0.06 secs] 
4631.359: [GC (Allocation Failure) [PSYoungGen: 417366K->187445K(465920K)] 1362819K->1188650K(1864192K), 0.0524895 secs] [Times: user=0.25 sys=0.01, real=0.05 secs] 
4632.330: [GC (Allocation Failure) [PSYoungGen: 420405K->136369K(465920K)] 1421610K->1208422K(1864192K), 0.0515271 secs] [Times: user=0.25 sys=0.00, real=0.05 secs] 
4632.851: [GC (Allocation Failure) [PSYoungGen: 369329K->138304K(465920K)] 1441382K->1253493K(1864192K), 0.1364288 secs] [Times: user=0.74 sys=0.01, real=0.14 secs] 
4633.250: [GC (Allocation Failure) [PSYoungGen: 371264K->175604K(465920K)] 1486453K->1334722K(1864192K), 0.0547916 secs] [Times: user=0.25 sys=0.00, real=0.05 secs] 
4633.470: [GC (Allocation Failure) [PSYoungGen: 408564K->185399K(465920K)] 1567682K->1405893K(1864192K), 0.0582808 secs] [Times: user=0.28 sys=0.01, real=0.06 secs] 
4633.653: [GC (Allocation Failure) [PSYoungGen: 418359K->186389K(465920K)] 1638853K->1465723K(1864192K), 0.0615623 secs] [Times: user=0.31 sys=0.00, real=0.06 secs] 
4634.780: [GC (Allocation Failure) [PSYoungGen: 419349K->91498K(465920K)] 1698683K->1441093K(1864192K), 0.0737916 secs] [Times: user=0.40 sys=0.01, real=0.07 secs] 
4634.854: [Full GC (Ergonomics) [PSYoungGen: 91498K->0K(465920K)] [ParOldGen: 1349594K->94954K(1398272K)] 1441093K->94954K(1864192K), [Metaspace: 60429K->60429K(1105920K)], 0.0977546 secs] [Times: user=0.39 sys=0.00, real=0.10 secs] 
4635.958: [GC (Allocation Failure) [PSYoungGen: 232960K->174165K(465920K)] 327914K->269120K(1864192K), 0.0417089 secs] [Times: user=0.16 sys=0.00, real=0.04 secs] 
4636.229: [GC (Allocation Failure) [PSYoungGen: 407125K->184310K(465920K)] 502080K->333893K(1864192K), 0.0547302 secs] [Times: user=0.26 sys=0.00, real=0.05 secs] 
4636.396: [GC (Allocation Failure) [PSYoungGen: 417270K->187029K(465920K)] 566853K->392564K(1864192K), 0.0444726 secs] [Times: user=0.21 sys=0.00, real=0.04 secs] 
4637.431: [GC (Allocation Failure) [PSYoungGen: 419989K->138897K(465920K)] 625524K->414888K(1864192K), 0.0486577 secs] [Times: user=0.24 sys=0.00, real=0.05 secs] 
4638.218: [GC (Allocation Failure) [PSYoungGen: 371857K->135120K(465920K)] 647848K->455159K(1864192K), 0.1161753 secs] [Times: user=0.63 sys=0.00, real=0.11 secs] 
4638.568: [GC (Allocation Failure) [PSYoungGen: 368080K->178453K(465920K)] 688119K->541857K(1864192K), 0.0386335 secs] [Times: user=0.16 sys=0.00, real=0.04 secs] 
4638.719: [GC (Allocation Failure) [PSYoungGen: 411413K->182134K(465920K)] 774817K->607738K(1864192K), 0.0485836 secs] [Times: user=0.23 sys=0.00, real=0.05 secs] 
4638.878: [GC (Allocation Failure) [PSYoungGen: 415094K->186261K(465920K)] 840698K->669769K(1864192K), 0.0575746 secs] [Times: user=0.28 sys=0.00, real=0.05 secs] 
4639.998: [GC (Allocation Failure) [PSYoungGen: 419221K->90922K(465920K)] 902729K->644767K(1864192K), 0.0468534 secs] [Times: user=0.25 sys=0.00, real=0.04 secs] 
4640.632: [GC (Allocation Failure) [PSYoungGen: 323882K->181301K(465920K)] 877727K->764845K(1864192K), 0.0469372 secs] [Times: user=0.20 sys=0.00, real=0.05 secs] 
4640.818: [GC (Allocation Failure) [PSYoungGen: 414261K->184630K(465920K)] 997805K->823109K(1864192K), 0.0425453 secs] [Times: user=0.19 sys=0.00, real=0.04 secs] 
4640.968: [GC (Allocation Failure) [PSYoungGen: 417590K->186741K(465920K)] 1056069K->881084K(1864192K), 0.0465159 secs] [Times: user=0.22 sys=0.00, real=0.04 secs] 
4642.305: [GC (Allocation Failure) [PSYoungGen: 419701K->138993K(465920K)] 1114044K->903896K(1864192K), 0.0504017 secs] [Times: user=0.26 sys=0.00, real=0.05 secs] 
4642.805: [GC (Allocation Failure) [PSYoungGen: 371953K->129599K(465920K)] 1136856K->938631K(1864192K), 0.1443199 secs] [Times: user=0.80 sys=0.00, real=0.15 secs] 
4643.294: [GC (Allocation Failure) [PSYoungGen: 362559K->177749K(465920K)] 1171591K->1028065K(1864192K), 0.0381897 secs] [Times: user=0.17 sys=0.00, real=0.04 secs] 
4643.474: [GC (Allocation Failure) [PSYoungGen: 410709K->185623K(465920K)] 1261025K->1106527K(1864192K), 0.0704921 secs] [Times: user=0.34 sys=0.00, real=0.07 secs] 
4643.726: [GC (Allocation Failure) [PSYoungGen: 418583K->186325K(465920K)] 1339487K->1166165K(1864192K), 0.0774261 secs] [Times: user=0.40 sys=0.00, real=0.07 secs] 
4644.985: [GC (Allocation Failure) [PSYoungGen: 419285K->91595K(465920K)] 1399125K->1141851K(1864192K), 0.0584480 secs] [Times: user=0.31 sys=0.00, real=0.06 secs] 
4645.716: [GC (GCLocker Initiated GC) [PSYoungGen: 324555K->173237K(465920K)] 1374813K->1253132K(1864192K), 0.0492928 secs] [Times: user=0.21 sys=0.00, real=0.04 secs] 
4645.913: [GC (Allocation Failure) [PSYoungGen: 406197K->184630K(465920K)] 1486223K->1318804K(1864192K), 0.0437272 secs] [Times: user=0.20 sys=0.00, real=0.05 secs] 
4646.108: [GC (Allocation Failure) [PSYoungGen: 417590K->232916K(465920K)] 1551764K->1426619K(1864192K), 0.0713665 secs] [Times: user=0.35 sys=0.00, real=0.07 secs] 
4647.349: [GC (Allocation Failure) [PSYoungGen: 465876K->146482K(465920K)] 1659579K->1410857K(1864192K), 0.0512986 secs] [Times: user=0.25 sys=0.00, real=0.05 secs] 
4648.000: [GC (Allocation Failure) [PSYoungGen: 379442K->121726K(465920K)] 1643817K->1432269K(1864192K), 0.1712429 secs] [Times: user=0.97 sys=0.00, real=0.17 secs] 
4648.371: [GC (Allocation Failure) [PSYoungGen: 354686K->175316K(465920K)] 1665229K->1524516K(1864192K), 0.0370430 secs] [Times: user=0.16 sys=0.00, real=0.04 secs] 
4648.408: [Full GC (Ergonomics) [PSYoungGen: 175316K->0K(465920K)] [ParOldGen: 1349199K->231047K(1398272K)] 1524516K->231047K(1864192K), [Metaspace: 60429K->60429K(1105920K)], 0.2705489 secs] [Times: user=1.23 sys=0.00, real=0.27 secs] 
4648.795: [GC (Allocation Failure) [PSYoungGen: 232960K->184983K(465920K)] 464007K->416030K(1864192K), 0.0869073 secs] [Times: user=0.45 sys=0.00, real=0.09 secs] 
4649.504: [GC (Allocation Failure) [PSYoungGen: 417943K->186421K(465920K)] 648990K->476116K(1864192K), 0.0716405 secs] [Times: user=0.37 sys=0.00, real=0.07 secs] 
4650.642: [GC (Allocation Failure) [PSYoungGen: 419381K->90458K(465920K)] 709076K->450634K(1864192K), 0.0619669 secs] [Times: user=0.33 sys=0.00, real=0.06 secs] 
4651.555: [GC (Allocation Failure) [PSYoungGen: 323418K->172180K(465920K)] 683594K->561821K(1864192K), 0.0577902 secs] [Times: user=0.26 sys=0.00, real=0.06 secs] 
4651.773: [GC (Allocation Failure) [PSYoungGen: 405140K->184598K(465920K)] 794781K->628074K(1864192K), 0.0432540 secs] [Times: user=0.19 sys=0.00, real=0.05 secs] 
4651.926: [GC (Allocation Failure) [PSYoungGen: 409155K->176918K(465920K)] 852631K->684754K(1864192K), 0.0487891 secs] [Times: user=0.23 sys=0.00, real=0.05 secs] 
4652.752: [GC (Allocation Failure) [PSYoungGen: 405306K->206227K(465920K)] 913142K->770175K(1864192K), 0.0536589 secs] [Times: user=0.27 sys=0.00, real=0.06 secs] 
4654.011: [GC (GCLocker Initiated GC) [PSYoungGen: 439187K->95867K(465920K)] 1003135K->724519K(1864192K), 0.1001200 secs] [Times: user=0.55 sys=0.00, real=0.10 secs] 
4654.682: [GC (Allocation Failure) [PSYoungGen: 328827K->176789K(465920K)] 957774K->835961K(1864192K), 0.0453592 secs] [Times: user=0.19 sys=0.00, real=0.05 secs] 
4654.857: [GC (Allocation Failure) [PSYoungGen: 409749K->184950K(465920K)] 1068921K->899810K(1864192K), 0.0435108 secs] [Times: user=0.19 sys=0.00, real=0.04 secs] 
4655.010: [GC (Allocation Failure) [PSYoungGen: 417910K->186997K(465920K)] 1132770K->957689K(1864192K), 0.0459766 secs] [Times: user=0.22 sys=0.00, real=0.04 secs] 
4656.017: [GC (Allocation Failure) [PSYoungGen: 419957K->102860K(465920K)] 1190649K->944208K(1864192K), 0.0457435 secs] [Times: user=0.24 sys=0.00, real=0.04 secs] 
4656.457: [GC (Allocation Failure) [PSYoungGen: 335820K->171284K(465920K)] 1177168K->1046526K(1864192K), 0.0430223 secs] [Times: user=0.19 sys=0.00, real=0.04 secs] 
4656.632: [GC (Allocation Failure) [PSYoungGen: 404244K->183893K(465920K)] 1279486K->1112527K(1864192K), 0.0476882 secs] [Times: user=0.22 sys=0.00, real=0.05 secs] 
4656.811: [GC (Allocation Failure) [PSYoungGen: 416853K->185655K(465920K)] 1345487K->1178384K(1864192K), 0.0506429 secs] [Times: user=0.24 sys=0.00, real=0.05 secs] 
4657.313: [GC (Allocation Failure) [PSYoungGen: 418615K->213524K(465920K)] 1411344K->1265141K(1864192K), 0.0544107 secs] [Times: user=0.27 sys=0.00, real=0.06 secs] 
4658.644: [GC (Allocation Failure) [PSYoungGen: 446484K->92667K(465920K)] 1498101K->1211364K(1864192K), 0.1143605 secs] [Times: user=0.63 sys=0.00, real=0.12 secs] 
4659.018: [GC (Allocation Failure) [PSYoungGen: 325627K->182166K(465920K)] 1444324K->1330748K(1864192K), 0.0411838 secs] [Times: user=0.18 sys=0.00, real=0.04 secs] 
4659.170: [GC (Allocation Failure) [PSYoungGen: 415126K->184534K(465920K)] 1563708K->1389596K(1864192K), 0.0452027 secs] [Times: user=0.21 sys=0.00, real=0.04 secs] 
4659.342: [GC (Allocation Failure) [PSYoungGen: 417494K->185813K(465920K)] 1622556K->1446699K(1864192K), 0.0511439 secs] [Times: user=0.25 sys=0.00, real=0.05 secs] 
4660.530: [GC (Allocation Failure) [PSYoungGen: 418773K->99052K(465920K)] 1679659K->1430106K(1864192K), 0.0722360 secs] [Times: user=0.39 sys=0.00, real=0.07 secs] 
4660.603: [Full GC (Ergonomics) [PSYoungGen: 99052K->0K(465920K)] [ParOldGen: 1331054K->88679K(1398272K)] 1430106K->88679K(1864192K), [Metaspace: 60429K->60429K(1105920K)], 0.0481196 secs] [Times: user=0.12 sys=0.00, real=0.05 secs] 
4662.103: [GC (Allocation Failure) [PSYoungGen: 232960K->164755K(465920K)] 321639K->253435K(1864192K), 0.0530556 secs] [Times: user=0.21 sys=0.00, real=0.06 secs] 
4662.417: [GC (Allocation Failure) [PSYoungGen: 397715K->184662K(465920K)] 486395K->325098K(1864192K), 0.0531839 secs] [Times: user=0.26 sys=0.00, real=0.05 secs] 
4662.584: [GC (Allocation Failure) [PSYoungGen: 417622K->183350K(465920K)] 558058K->388090K(1864192K), 0.0490537 secs] [Times: user=0.23 sys=0.00, real=0.05 secs] 
4662.763: [GC (Allocation Failure) [PSYoungGen: 416310K->186581K(465920K)] 621050K->449897K(1864192K), 0.0578360 secs] [Times: user=0.28 sys=0.00, real=0.06 secs] 
4663.982: [GC (Allocation Failure) [PSYoungGen: 419541K->89914K(465920K)] 682857K->423506K(1864192K), 0.0889541 secs] [Times: user=0.48 sys=0.00, real=0.09 secs] 
4664.433: [GC (Allocation Failure) [PSYoungGen: 322874K->179509K(465920K)] 656466K->542098K(1864192K), 0.0405286 secs] [Times: user=0.18 sys=0.00, real=0.04 secs] 
4664.587: [GC (Allocation Failure) [PSYoungGen: 412469K->184534K(465920K)] 775058K->603531K(1864192K), 0.0433931 secs] [Times: user=0.20 sys=0.00, real=0.04 secs] 
4664.767: [GC (Allocation Failure) [PSYoungGen: 417494K->186133K(465920K)] 836491K->661170K(1864192K), 0.0642960 secs] [Times: user=0.31 sys=0.01, real=0.06 secs] 
4665.829: [GC (GCLocker Initiated GC) [PSYoungGen: 419093K->102684K(465920K)] 894131K->647995K(1864192K), 0.0448250 secs] [Times: user=0.23 sys=0.00, real=0.04 secs] 
4666.307: [GC (Allocation Failure) [PSYoungGen: 335644K->172276K(465920K)] 880958K->750826K(1864192K), 0.0777701 secs] [Times: user=0.38 sys=0.00, real=0.07 secs] 
4666.599: [GC (Allocation Failure) [PSYoungGen: 405236K->180789K(465920K)] 983786K->812096K(1864192K), 0.0523365 secs] [Times: user=0.25 sys=0.00, real=0.05 secs] 
4666.769: [GC (Allocation Failure) [PSYoungGen: 413749K->182902K(465920K)] 1045056K->877041K(1864192K), 0.0490954 secs] [Times: user=0.22 sys=0.00, real=0.05 secs] 
4666.930: [GC (Allocation Failure) [PSYoungGen: 415862K->186869K(465920K)] 1110001K->939271K(1864192K), 0.0556068 secs] [Times: user=0.28 sys=0.00, real=0.05 secs] 
4668.125: [GC (Allocation Failure) [PSYoungGen: 419829K->92379K(465920K)] 1172231K->915321K(1864192K), 0.0685978 secs] [Times: user=0.36 sys=0.00, real=0.07 secs] 
4668.924: [GC (Allocation Failure) [PSYoungGen: 325339K->178965K(465920K)] 1148281K->1030985K(1864192K), 0.0496244 secs] [Times: user=0.22 sys=0.00, real=0.05 secs] 
4669.105: [GC (Allocation Failure) [PSYoungGen: 411925K->179285K(465920K)] 1263945K->1087012K(1864192K), 0.0434071 secs] [Times: user=0.19 sys=0.00, real=0.05 secs] 
4669.284: [GC (Allocation Failure) [PSYoungGen: 412245K->186773K(465920K)] 1319972K->1149164K(1864192K), 0.0601098 secs] [Times: user=0.29 sys=0.00, real=0.06 secs] 
4670.347: [GC (Allocation Failure) [PSYoungGen: 419733K->106541K(465920K)] 1382124K->1139356K(1864192K), 0.0460539 secs] [Times: user=0.24 sys=0.00, real=0.04 secs] 
4671.776: [GC (Allocation Failure) [PSYoungGen: 339501K->162387K(465920K)] 1372316K->1229784K(1864192K), 0.0867990 secs] [Times: user=0.44 sys=0.00, real=0.09 secs] 
4672.020: [GC (Allocation Failure) [PSYoungGen: 395347K->184630K(465920K)] 1462744K->1302738K(1864192K), 0.0428790 secs] [Times: user=0.19 sys=0.01, real=0.04 secs] 
4672.202: [GC (Allocation Failure) [PSYoungGen: 417590K->185495K(465920K)] 1535698K->1367603K(1864192K), 0.0564067 secs] [Times: user=0.27 sys=0.00, real=0.06 secs] 
4672.507: [GC (Allocation Failure) [PSYoungGen: 418455K->186165K(465920K)] 1600563K->1426993K(1864192K), 0.0635690 secs] [Times: user=0.32 sys=0.00, real=0.06 secs] 
4673.974: [GC (Allocation Failure) [PSYoungGen: 419125K->84393K(465920K)] 1659953K->1395566K(1864192K), 0.0949261 secs] [Times: user=0.51 sys=0.00, real=0.10 secs] 
4674.069: [Full GC (Ergonomics) [PSYoungGen: 84393K->0K(465920K)] [ParOldGen: 1311172K->99213K(1398272K)] 1395566K->99213K(1864192K), [Metaspace: 60429K->60429K(1105920K)], 0.1348227 secs] [Times: user=0.57 sys=0.01, real=0.13 secs] 
4674.647: [GC (Allocation Failure) [PSYoungGen: 232960K->180982K(465920K)] 332173K->280195K(1864192K), 0.0293229 secs] [Times: user=0.11 sys=0.00, real=0.03 secs] 
4674.787: [GC (Allocation Failure) [PSYoungGen: 413942K->184822K(465920K)] 513155K->340583K(1864192K), 0.0414519 secs] [Times: user=0.18 sys=0.00, real=0.04 secs] 
4675.054: [GC (Allocation Failure) [PSYoungGen: 417782K->185877K(465920K)] 573543K->397590K(1864192K), 0.0455703 secs] [Times: user=0.21 sys=0.00, real=0.05 secs] 
4676.336: [GC (Allocation Failure) [PSYoungGen: 418837K->108701K(465920K)] 630550K->390711K(1864192K), 0.0451338 secs] [Times: user=0.23 sys=0.00, real=0.05 secs] 
4676.819: [GC (Allocation Failure) [PSYoungGen: 341661K->157715K(465920K)] 623671K->475213K(1864192K), 0.0971667 secs] [Times: user=0.50 sys=0.00, real=0.10 secs] 
4677.110: [GC (Allocation Failure) [PSYoungGen: 390675K->181205K(465920K)] 708173K->547932K(1864192K), 0.0488669 secs] [Times: user=0.23 sys=0.00, real=0.05 secs] 
4677.317: [GC (Allocation Failure) [PSYoungGen: 414165K->185623K(465920K)] 780892K->615881K(1864192K), 0.0734724 secs] [Times: user=0.36 sys=0.00, real=0.07 secs] 
4677.566: [GC (Allocation Failure) [PSYoungGen: 418583K->186229K(465920K)] 848841K->675376K(1864192K), 0.0714858 secs] [Times: user=0.33 sys=0.00, real=0.08 secs] 
4679.146: [GC (Allocation Failure) [PSYoungGen: 419189K->88730K(465920K)] 908336K->648061K(1864192K), 0.1086357 secs] [Times: user=0.60 sys=0.00, real=0.11 secs] 
4680.467: [GC (Allocation Failure) [PSYoungGen: 321690K->173365K(465920K)] 881021K->760828K(1864192K), 0.0519330 secs] [Times: user=0.23 sys=0.00, real=0.05 secs] 
4680.668: [GC (Allocation Failure) [PSYoungGen: 406325K->185142K(465920K)] 993788K->826673K(1864192K), 0.0431437 secs] [Times: user=0.19 sys=0.00, real=0.04 secs] 
4680.817: [GC (Allocation Failure) [PSYoungGen: 418102K->187253K(465920K)] 1059633K->884921K(1864192K), 0.0458975 secs] [Times: user=0.21 sys=0.00, real=0.04 secs] 
4681.852: [GC (Allocation Failure) [PSYoungGen: 420213K->116718K(465920K)] 1117881K->885102K(1864192K), 0.0465680 secs] [Times: user=0.24 sys=0.00, real=0.05 secs] 
4683.010: [GC (Allocation Failure) [PSYoungGen: 349678K->146481K(465920K)] 1118062K->951801K(1864192K), 0.1185572 secs] [Times: user=0.63 sys=0.00, real=0.12 secs] 
4683.293: [GC (Allocation Failure) [PSYoungGen: 379441K->181557K(465920K)] 1184761K->1032918K(1864192K), 0.0401221 secs] [Times: user=0.17 sys=0.01, real=0.04 secs] 
4683.448: [GC (Allocation Failure) [PSYoungGen: 414517K->185879K(465920K)] 1265878K->1100440K(1864192K), 0.0512305 secs] [Times: user=0.24 sys=0.00, real=0.05 secs] 
4683.631: [GC (Allocation Failure) [PSYoungGen: 418839K->186805K(465920K)] 1333400K->1160534K(1864192K), 0.0622739 secs] [Times: user=0.31 sys=0.00, real=0.06 secs] 
4684.715: [GC (Allocation Failure) [PSYoungGen: 419765K->90458K(465920K)] 1393494K->1134651K(1864192K), 0.0631221 secs] [Times: user=0.34 sys=0.00, real=0.07 secs] 
4685.186: [GC (Allocation Failure) [PSYoungGen: 323418K->178261K(465920K)] 1367611K->1252067K(1864192K), 0.0459010 secs] [Times: user=0.20 sys=0.00, real=0.05 secs] 
4685.359: [GC (Allocation Failure) [PSYoungGen: 411221K->184854K(465920K)] 1485027K->1314211K(1864192K), 0.0448841 secs] [Times: user=0.21 sys=0.00, real=0.04 secs] 
4685.512: [GC (Allocation Failure) [PSYoungGen: 417814K->186389K(465920K)] 1547171K->1371803K(1864192K), 0.0471248 secs] [Times: user=0.22 sys=0.00, real=0.05 secs] 
4686.839: [GC (Allocation Failure) [PSYoungGen: 419349K->122319K(465920K)] 1604763K->1378029K(1864192K), 0.0484464 secs] [Times: user=0.25 sys=0.01, real=0.05 secs] 
4687.970: [GC (Allocation Failure) [PSYoungGen: 355279K->142097K(465920K)] 1610989K->1436526K(1864192K), 0.1620425 secs] [Times: user=0.89 sys=0.00, real=0.16 secs] 
4688.501: [GC (Allocation Failure) [PSYoungGen: 375057K->177941K(465920K)] 1669486K->1517756K(1864192K), 0.0502886 secs] [Times: user=0.24 sys=0.00, real=0.05 secs] 
4688.551: [Full GC (Ergonomics) [PSYoungGen: 177941K->0K(465920K)] [ParOldGen: 1339814K->240488K(1398272K)] 1517756K->240488K(1864192K), [Metaspace: 60429K->60429K(1105920K)], 0.2898534 secs] [Times: user=1.34 sys=0.00, real=0.29 secs] 
4688.955: [GC (Allocation Failure) [PSYoungGen: 232960K->185719K(465920K)] 473448K->426207K(1864192K), 0.0788520 secs] [Times: user=0.41 sys=0.00, real=0.08 secs] 
4689.142: [GC (Allocation Failure) [PSYoungGen: 418679K->186421K(465920K)] 659167K->485697K(1864192K), 0.0572051 secs] [Times: user=0.27 sys=0.00, real=0.06 secs] 
4690.436: [GC (Allocation Failure) [PSYoungGen: 419381K->93771K(465920K)] 718657K->463471K(1864192K), 0.0960623 secs] [Times: user=0.52 sys=0.00, real=0.10 secs] 
4691.279: [GC (Allocation Failure) [PSYoungGen: 326731K->171924K(465920K)] 696431K->571413K(1864192K), 0.0489156 secs] [Times: user=0.21 sys=0.00, real=0.05 secs] 
4691.475: [GC (Allocation Failure) [PSYoungGen: 404884K->184054K(465920K)] 804373K->637619K(1864192K), 0.0430530 secs] [Times: user=0.19 sys=0.00, real=0.05 secs] 
4691.659: [GC (Allocation Failure) [PSYoungGen: 417014K->186997K(465920K)] 870579K->696274K(1864192K), 0.0644598 secs] [Times: user=0.32 sys=0.00, real=0.06 secs] 
4692.676: [GC (Allocation Failure) [PSYoungGen: 419957K->133840K(465920K)] 929234K->713678K(1864192K), 0.0488832 secs] [Times: user=0.24 sys=0.00, real=0.04 secs] 
4693.348: [GC (Allocation Failure) [PSYoungGen: 366800K->135872K(465920K)] 946638K->758157K(1864192K), 0.1288812 secs] [Times: user=0.71 sys=0.00, real=0.13 secs] 
4693.741: [GC (Allocation Failure) [PSYoungGen: 368832K->177717K(465920K)] 991117K->843518K(1864192K), 0.0389219 secs] [Times: user=0.17 sys=0.00, real=0.04 secs] 
4693.897: [GC (Allocation Failure) [PSYoungGen: 410677K->185623K(465920K)] 1076478K->913652K(1864192K), 0.0495096 secs] [Times: user=0.23 sys=0.00, real=0.04 secs] 
4694.054: [GC (Allocation Failure) [PSYoungGen: 418583K->184501K(465920K)] 1146612K->971466K(1864192K), 0.0570221 secs] [Times: user=0.28 sys=0.00, real=0.06 secs] 
4695.267: [GC (Allocation Failure) [PSYoungGen: 417461K->94683K(465920K)] 1204426K->951401K(1864192K), 0.0619623 secs] [Times: user=0.33 sys=0.00, real=0.06 secs] 
4696.662: [GC (Allocation Failure) [PSYoungGen: 327643K->172212K(465920K)] 1184361K->1058943K(1864192K), 0.0551289 secs] [Times: user=0.24 sys=0.00, real=0.06 secs] 
4696.928: [GC (Allocation Failure) [PSYoungGen: 405172K->181525K(465920K)] 1291903K->1122100K(1864192K), 0.0572294 secs] [Times: user=0.27 sys=0.00, real=0.05 secs] 
4697.097: [GC (Allocation Failure) [PSYoungGen: 414485K->187029K(465920K)] 1355060K->1182948K(1864192K), 0.0459015 secs] [Times: user=0.21 sys=0.00, real=0.04 secs] 
4698.038: [GC (Allocation Failure) [PSYoungGen: 419989K->143857K(465920K)] 1415908K->1210376K(1864192K), 0.0540868 secs] [Times: user=0.24 sys=0.00, real=0.05 secs] 
4699.181: [GC (GCLocker Initiated GC) [PSYoungGen: 376817K->130031K(465920K)] 1443337K->1242206K(1864192K), 0.1817368 secs] [Times: user=1.03 sys=0.00, real=0.18 secs] 
4699.689: [GC (Allocation Failure) [PSYoungGen: 362991K->172916K(465920K)] 1475333K->1326899K(1864192K), 0.0467409 secs] [Times: user=0.22 sys=0.00, real=0.05 secs] 
4699.852: [GC (Allocation Failure) [PSYoungGen: 405876K->185463K(465920K)] 1559859K->1400222K(1864192K), 0.0507658 secs] [Times: user=0.24 sys=0.00, real=0.05 secs] 
4700.037: [GC (Allocation Failure) [PSYoungGen: 418423K->185269K(465920K)] 1633182K->1458804K(1864192K), 0.0768268 secs] [Times: user=0.39 sys=0.00, real=0.07 secs] 
4701.146: [GC (Allocation Failure) [PSYoungGen: 418229K->97707K(465920K)] 1691764K->1441322K(1864192K), 0.0633194 secs] [Times: user=0.33 sys=0.01, real=0.07 secs] 
4701.209: [Full GC (Ergonomics) [PSYoungGen: 97707K->0K(465920K)] [ParOldGen: 1343614K->97941K(1398272K)] 1441322K->97941K(1864192K), [Metaspace: 60429K->60429K(1105920K)], 0.0727783 secs] [Times: user=0.28 sys=0.00, real=0.07 secs] 
4702.142: [GC (Allocation Failure) [PSYoungGen: 232960K->173365K(465920K)] 330901K->271306K(1864192K), 0.0415481 secs] [Times: user=0.16 sys=0.00, real=0.04 secs] 
4702.397: [GC (Allocation Failure) [PSYoungGen: 406325K->184790K(465920K)] 504266K->336983K(1864192K), 0.0525588 secs] [Times: user=0.25 sys=0.00, real=0.05 secs] 
4702.555: [GC (Allocation Failure) [PSYoungGen: 417750K->186645K(465920K)] 569943K->394878K(1864192K), 0.0444385 secs] [Times: user=0.21 sys=0.00, real=0.05 secs] 
4703.515: [GC (Allocation Failure) [PSYoungGen: 419605K->145074K(465920K)] 627838K->423635K(1864192K), 0.0492956 secs] [Times: user=0.25 sys=0.00, real=0.05 secs] 
4704.044: [GC (Allocation Failure) [PSYoungGen: 378034K->123070K(465920K)] 656595K->447704K(1864192K), 0.1367764 secs] [Times: user=0.76 sys=0.01, real=0.14 secs] 
4704.538: [GC (Allocation Failure) [PSYoungGen: 356030K->177749K(465920K)] 680664K->541735K(1864192K), 0.0366506 secs] [Times: user=0.16 sys=0.00, real=0.03 secs] 
4704.690: [GC (Allocation Failure) [PSYoungGen: 410709K->185399K(465920K)] 774695K->611609K(1864192K), 0.0487462 secs] [Times: user=0.22 sys=0.00, real=0.05 secs] 
4704.848: [GC (Allocation Failure) [PSYoungGen: 418359K->186421K(465920K)] 844569K->671383K(1864192K), 0.0575047 secs] [Times: user=0.29 sys=0.00, real=0.05 secs] 
4706.055: [GC (Allocation Failure) [PSYoungGen: 419381K->92475K(465920K)] 904343K->647949K(1864192K), 0.0552251 secs] [Times: user=0.29 sys=0.00, real=0.06 secs] 
4707.175: [GC (Allocation Failure) [PSYoungGen: 325381K->170836K(465920K)] 880855K->756296K(1864192K), 0.0523547 secs] [Times: user=0.23 sys=0.00, real=0.06 secs] 
4707.383: [GC (Allocation Failure) [PSYoungGen: 403796K->184278K(465920K)] 989256K->823185K(1864192K), 0.0428721 secs] [Times: user=0.19 sys=0.00, real=0.04 secs] 
4707.595: [GC (Allocation Failure) [PSYoungGen: 404230K->172469K(465920K)] 1043137K->875585K(1864192K), 0.0737790 secs] [Times: user=0.37 sys=0.00, real=0.08 secs] 
4708.655: [GC (Allocation Failure) [PSYoungGen: 405429K->212517K(465920K)] 1108545K->970432K(1864192K), 0.0466887 secs] [Times: user=0.23 sys=0.00, real=0.05 secs] 
4709.398: [GC (Allocation Failure) [PSYoungGen: 445477K->103436K(465920K)] 1203392K->926087K(1864192K), 0.1096265 secs] [Times: user=0.58 sys=0.01, real=0.11 secs] 
4709.880: [GC (Allocation Failure) [PSYoungGen: 335889K->179829K(465920K)] 1158540K->1035294K(1864192K), 0.0465102 secs] [Times: user=0.21 sys=0.00, real=0.05 secs] 
4710.048: [GC (Allocation Failure) [PSYoungGen: 412789K->184662K(465920K)] 1268254K->1096482K(1864192K), 0.0440498 secs] [Times: user=0.20 sys=0.00, real=0.04 secs] 
4710.224: [GC (Allocation Failure) [PSYoungGen: 417622K->186901K(465920K)] 1329442K->1154641K(1864192K), 0.0500746 secs] [Times: user=0.24 sys=0.00, real=0.05 secs] 
4711.588: [GC (GCLocker Initiated GC) [PSYoungGen: 419861K->95083K(465920K)] 1387602K->1133384K(1864192K), 0.0441356 secs] [Times: user=0.23 sys=0.00, real=0.04 secs] 
4712.037: [GC (Allocation Failure) [PSYoungGen: 328043K->171092K(465920K)] 1366347K->1240277K(1864192K), 0.0576887 secs] [Times: user=0.27 sys=0.00, real=0.05 secs] 
4712.227: [GC (Allocation Failure) [PSYoungGen: 404052K->181301K(465920K)] 1473237K->1304130K(1864192K), 0.0433515 secs] [Times: user=0.20 sys=0.00, real=0.04 secs] 
4712.450: [GC (Allocation Failure) [PSYoungGen: 414261K->185527K(465920K)] 1537090K->1371780K(1864192K), 0.0787821 secs] [Times: user=0.39 sys=0.00, real=0.08 secs] 
4712.928: [GC (Allocation Failure) [PSYoungGen: 417335K->212788K(465920K)] 1603588K->1457801K(1864192K), 0.0548792 secs] [Times: user=0.27 sys=0.00, real=0.05 secs] 
4714.203: [GC (GCLocker Initiated GC) [PSYoungGen: 445748K->90682K(465920K)] 1690761K->1403343K(1864192K), 0.0965276 secs] [Times: user=0.52 sys=0.00, real=0.10 secs] 
4714.300: [Full GC (Ergonomics) [PSYoungGen: 90682K->0K(465920K)] [ParOldGen: 1312661K->107969K(1398272K)] 1403343K->107969K(1864192K), [Metaspace: 60429K->60429K(1105920K)], 0.1658878 secs] [Times: user=0.72 sys=0.00, real=0.16 secs] 
4714.833: [GC (Allocation Failure) [PSYoungGen: 232960K->180149K(465920K)] 341096K->288286K(1864192K), 0.0251051 secs] [Times: user=0.09 sys=0.00, real=0.03 secs] 
4715.002: [GC (Allocation Failure) [PSYoungGen: 413109K->184406K(465920K)] 521246K->348710K(1864192K), 0.0586676 secs] [Times: user=0.27 sys=0.00, real=0.06 secs] 
4715.211: [GC (Allocation Failure) [PSYoungGen: 417366K->186581K(465920K)] 581670K->406701K(1864192K), 0.0443106 secs] [Times: user=0.20 sys=0.00, real=0.04 secs] 
4716.445: [GC (Allocation Failure) [PSYoungGen: 419541K->103196K(465920K)] 639661K->393844K(1864192K), 0.0806065 secs] [Times: user=0.43 sys=0.00, real=0.08 secs] 
4717.688: [GC (GCLocker Initiated GC) [PSYoungGen: 336156K->160531K(465920K)] 626805K->484040K(1864192K), 0.0843289 secs] [Times: user=0.43 sys=0.00, real=0.08 secs] 
4717.936: [GC (Allocation Failure) [PSYoungGen: 393491K->184534K(465920K)] 717167K->558794K(1864192K), 0.0415183 secs] [Times: user=0.19 sys=0.00, real=0.04 secs] 
4718.094: [GC (Allocation Failure) [PSYoungGen: 417494K->186135K(465920K)] 791754K->624475K(1864192K), 0.0501694 secs] [Times: user=0.23 sys=0.01, real=0.05 secs] 
4718.254: [GC (Allocation Failure) [PSYoungGen: 419095K->186133K(465920K)] 857435K->683437K(1864192K), 0.0541331 secs] [Times: user=0.26 sys=0.01, real=0.06 secs] 
4719.551: [GC (Allocation Failure) [PSYoungGen: 419093K->90954K(465920K)] 916397K->658487K(1864192K), 0.0733095 secs] [Times: user=0.40 sys=0.00, real=0.07 secs] 
4719.973: [GC (Allocation Failure) [PSYoungGen: 323914K->182454K(465920K)] 891447K->779343K(1864192K), 0.0444716 secs] [Times: user=0.19 sys=0.00, real=0.05 secs] 
4720.154: [GC (Allocation Failure) [PSYoungGen: 415414K->181685K(465920K)] 1012303K->835290K(1864192K), 0.0488164 secs] [Times: user=0.23 sys=0.00, real=0.05 secs] 
4720.337: [GC (Allocation Failure) [PSYoungGen: 414645K->185877K(465920K)] 1068250K->894938K(1864192K), 0.0454443 secs] [Times: user=0.21 sys=0.00, real=0.04 secs] 
4721.377: [GC (Allocation Failure) [PSYoungGen: 418837K->106429K(465920K)] 1127898K->885502K(1864192K), 0.0495705 secs] [Times: user=0.26 sys=0.00, real=0.05 secs] 
4722.384: [GC (Allocation Failure) [PSYoungGen: 339389K->161139K(465920K)] 1118462K->974297K(1864192K), 0.1068993 secs] [Times: user=0.56 sys=0.01, real=0.11 secs] 
4722.654: [GC (Allocation Failure) [PSYoungGen: 394099K->181557K(465920K)] 1207257K->1045720K(1864192K), 0.0413445 secs] [Times: user=0.19 sys=0.00, real=0.04 secs] 
4722.811: [GC (Allocation Failure) [PSYoungGen: 414517K->185687K(465920K)] 1278680K->1113249K(1864192K), 0.0497258 secs] [Times: user=0.24 sys=0.00, real=0.05 secs] 
4722.992: [GC (Allocation Failure) [PSYoungGen: 418647K->186485K(465920K)] 1346209K->1172831K(1864192K), 0.0681598 secs] [Times: user=0.35 sys=0.00, real=0.07 secs] 
4724.421: [GC (Allocation Failure) [PSYoungGen: 419445K->90426K(465920K)] 1405791K->1147241K(1864192K), 0.0901213 secs] [Times: user=0.49 sys=0.00, real=0.09 secs] 
4725.234: [GC (Allocation Failure) [PSYoungGen: 323386K->181750K(465920K)] 1380201K->1267093K(1864192K), 0.0509836 secs] [Times: user=0.23 sys=0.00, real=0.05 secs] 
4725.421: [GC (Allocation Failure) [PSYoungGen: 414710K->184470K(465920K)] 1500053K->1326665K(1864192K), 0.0446953 secs] [Times: user=0.21 sys=0.00, real=0.04 secs] 
4725.621: [GC (Allocation Failure) [PSYoungGen: 417430K->184596K(465920K)] 1559625K->1382608K(1864192K), 0.0686120 secs] [Times: user=0.34 sys=0.00, real=0.07 secs] 
4726.697: [GC (Allocation Failure) [PSYoungGen: 417556K->105580K(465920K)] 1615568K->1373312K(1864192K), 0.0462172 secs] [Times: user=0.23 sys=0.00, real=0.04 secs] 
4727.884: [GC (Allocation Failure) [PSYoungGen: 338540K->158995K(465920K)] 1606272K->1460739K(1864192K), 0.1099798 secs] [Times: user=0.58 sys=0.00, real=0.11 secs] 
4728.176: [GC (Allocation Failure) [PSYoungGen: 391955K->181333K(465920K)] 1693699K->1532906K(1864192K), 0.0421395 secs] [Times: user=0.19 sys=0.00, real=0.05 secs] 
4728.218: [Full GC (Ergonomics) [PSYoungGen: 181333K->0K(465920K)] [ParOldGen: 1351572K->250101K(1398272K)] 1532906K->250101K(1864192K), [Metaspace: 60429K->60429K(1105920K)], 0.3168886 secs] [Times: user=1.47 sys=0.00, real=0.31 secs] 
4728.666: [GC (Allocation Failure) [PSYoungGen: 232960K->185399K(465920K)] 483061K->435500K(1864192K), 0.0883308 secs] [Times: user=0.46 sys=0.01, real=0.09 secs] 
4728.866: [GC (Allocation Failure) [PSYoungGen: 418359K->183732K(465920K)] 668460K->492650K(1864192K), 0.0552237 secs] [Times: user=0.27 sys=0.00, real=0.06 secs] 
4729.969: [GC (GCLocker Initiated GC) [PSYoungGen: 416692K->94267K(465920K)] 725610K->472492K(1864192K), 0.0642931 secs] [Times: user=0.34 sys=0.00, real=0.06 secs] 
4730.579: [GC (Allocation Failure) [PSYoungGen: 327227K->182677K(465920K)] 705491K->591133K(1864192K), 0.0468177 secs] [Times: user=0.20 sys=0.00, real=0.04 secs] 
4730.830: [GC (Allocation Failure) [PSYoungGen: 415637K->181589K(465920K)] 824093K->645669K(1864192K), 0.0599867 secs] [Times: user=0.29 sys=0.00, real=0.06 secs] 
4731.009: [GC (Allocation Failure) [PSYoungGen: 414549K->186901K(465920K)] 878629K->706196K(1864192K), 0.0458444 secs] [Times: user=0.22 sys=0.00, real=0.04 secs] 
4732.047: [GC (Allocation Failure) [PSYoungGen: 419861K->112765K(465920K)] 939156K->702629K(1864192K), 0.0466989 secs] [Times: user=0.24 sys=0.00, real=0.04 secs] 
4732.797: [GC (Allocation Failure) [PSYoungGen: 345725K->158131K(465920K)] 935589K->784559K(1864192K), 0.1255602 secs] [Times: user=0.67 sys=0.00, real=0.12 secs] 
4733.089: [GC (Allocation Failure) [PSYoungGen: 391091K->184278K(465920K)] 1017519K->859950K(1864192K), 0.0412626 secs] [Times: user=0.19 sys=0.01, real=0.04 secs] 
4733.267: [GC (Allocation Failure) [PSYoungGen: 417238K->184054K(465920K)] 1092910K->923923K(1864192K), 0.0558048 secs] [Times: user=0.27 sys=0.00, real=0.05 secs] 
4733.431: [GC (Allocation Failure) [PSYoungGen: 417014K->185365K(465920K)] 1156883K->983817K(1864192K), 0.0571145 secs] [Times: user=0.28 sys=0.00, real=0.06 secs] 
4735.251: [GC (Allocation Failure) [PSYoungGen: 418325K->87194K(465920K)] 1216777K->955567K(1864192K), 0.1101168 secs] [Times: user=0.60 sys=0.01, real=0.11 secs] 
4735.799: [GC (Allocation Failure) [PSYoungGen: 320154K->178229K(465920K)] 1188527K->1074651K(1864192K), 0.0435564 secs] [Times: user=0.18 sys=0.00, real=0.04 secs] 
4735.959: [GC (Allocation Failure) [PSYoungGen: 411189K->184694K(465920K)] 1307611K->1136655K(1864192K), 0.0440725 secs] [Times: user=0.20 sys=0.00, real=0.04 secs] 
4736.110: [GC (Allocation Failure) [PSYoungGen: 417654K->186741K(465920K)] 1369615K->1194815K(1864192K), 0.0462019 secs] [Times: user=0.22 sys=0.00, real=0.05 secs] 
4737.099: [GC (Allocation Failure) [PSYoungGen: 419701K->113262K(465920K)] 1427775K->1191723K(1864192K), 0.0472248 secs] [Times: user=0.24 sys=0.01, real=0.05 secs] 
4737.771: [GC (Allocation Failure) [PSYoungGen: 346222K->150690K(465920K)] 1424683K->1264959K(1864192K), 0.0753434 secs] [Times: user=0.39 sys=0.00, real=0.08 secs] 
4738.070: [GC (Allocation Failure) [PSYoungGen: 383650K->183701K(465920K)] 1497919K->1345688K(1864192K), 0.0591345 secs] [Times: user=0.28 sys=0.00, real=0.06 secs] 
4738.297: [GC (GCLocker Initiated GC) [PSYoungGen: 416661K->183766K(465920K)] 1578649K->1409522K(1864192K), 0.0692768 secs] [Times: user=0.33 sys=0.00, real=0.07 secs] 
4738.483: [GC (Allocation Failure) [PSYoungGen: 416726K->203093K(465920K)] 1642520K->1487342K(1864192K), 0.0571744 secs] [Times: user=0.28 sys=0.00, real=0.06 secs] 
4739.597: [GC (GCLocker Initiated GC) [PSYoungGen: 436053K->93547K(465920K)] 1720302K->1448284K(1864192K), 0.0651500 secs] [Times: user=0.34 sys=0.01, real=0.06 secs] 
4739.662: [Full GC (Ergonomics) [PSYoungGen: 93547K->0K(465920K)] [ParOldGen: 1354737K->103623K(1398272K)] 1448284K->103623K(1864192K), [Metaspace: 60429K->60429K(1105920K)], 0.1032220 secs] [Times: user=0.43 sys=0.00, real=0.10 secs] 
4741.074: [GC (Allocation Failure) [PSYoungGen: 232960K->170676K(465920K)] 336749K->274466K(1864192K), 0.0396610 secs] [Times: user=0.15 sys=0.00, real=0.04 secs] 
4741.343: [GC (Allocation Failure) [PSYoungGen: 403636K->181589K(465920K)] 507426K->338683K(1864192K), 0.0564130 secs] [Times: user=0.27 sys=0.00, real=0.06 secs] 
4741.513: [GC (Allocation Failure) [PSYoungGen: 414549K->186837K(465920K)] 571643K->399099K(1864192K), 0.0447922 secs] [Times: user=0.21 sys=0.00, real=0.05 secs] 
4742.487: [GC (Allocation Failure) [PSYoungGen: 419797K->126543K(465920K)] 632059K->409425K(1864192K), 0.0472768 secs] [Times: user=0.24 sys=0.00, real=0.04 secs] 
4743.451: [GC (Allocation Failure) [PSYoungGen: 359503K->147537K(465920K)] 642385K->470699K(1864192K), 0.1350541 secs] [Times: user=0.74 sys=0.00, real=0.13 secs] 
4743.812: [GC (Allocation Failure) [PSYoungGen: 380497K->179573K(465920K)] 703659K->548016K(1864192K), 0.0390105 secs] [Times: user=0.17 sys=0.00, real=0.04 secs] 
4743.968: [GC (Allocation Failure) [PSYoungGen: 412533K->185527K(465920K)] 780976K->616866K(1864192K), 0.0489707 secs] [Times: user=0.22 sys=0.00, real=0.05 secs] 
4744.128: [GC (Allocation Failure) [PSYoungGen: 418487K->186677K(465920K)] 849826K->676752K(1864192K), 0.0566550 secs] [Times: user=0.28 sys=0.00, real=0.05 secs] 
4745.175: [GC (Allocation Failure) [PSYoungGen: 419637K->93547K(465920K)] 909712K->654022K(1864192K), 0.0420521 secs] [Times: user=0.22 sys=0.00, real=0.05 secs] 
4745.557: [GC (Allocation Failure) [PSYoungGen: 326507K->177845K(465920K)] 886982K->768853K(1864192K), 0.0324558 secs] [Times: user=0.13 sys=0.00, real=0.03 secs] 
4745.732: [GC (Allocation Failure) [PSYoungGen: 410805K->184630K(465920K)] 1001813K->831342K(1864192K), 0.0498021 secs] [Times: user=0.23 sys=0.00, real=0.05 secs] 
4745.921: [GC (Allocation Failure) [PSYoungGen: 417590K->183732K(465920K)] 1064302K->886421K(1864192K), 0.0539383 secs] [Times: user=0.26 sys=0.00, real=0.05 secs] 
4746.943: [GC (Allocation Failure) [PSYoungGen: 416692K->128464K(465920K)] 1119381K->900360K(1864192K), 0.0477887 secs] [Times: user=0.23 sys=0.00, real=0.05 secs] 
4747.462: [GC (Allocation Failure) [PSYoungGen: 359507K->141217K(465920K)] 1131403K->953961K(1864192K), 0.1313606 secs] [Times: user=0.72 sys=0.00, real=0.13 secs] 
4747.810: [GC (Allocation Failure) [PSYoungGen: 374177K->186197K(465920K)] 1186921K->1044210K(1864192K), 0.0398534 secs] [Times: user=0.18 sys=0.00, real=0.04 secs] 
4747.989: [GC (Allocation Failure) [PSYoungGen: 419157K->185463K(465920K)] 1277170K->1105760K(1864192K), 0.0550260 secs] [Times: user=0.26 sys=0.00, real=0.05 secs] 
4748.166: [GC (Allocation Failure) [PSYoungGen: 418423K->186197K(465920K)] 1338720K->1165390K(1864192K), 0.0562076 secs] [Times: user=0.27 sys=0.00, real=0.06 secs] 
4749.756: [GC (Allocation Failure) [PSYoungGen: 419157K->88746K(465920K)] 1398350K->1138292K(1864192K), 0.0937132 secs] [Times: user=0.51 sys=0.00, real=0.09 secs] 
4750.851: [GC (Allocation Failure) [PSYoungGen: 321706K->173685K(465920K)] 1371252K->1251863K(1864192K), 0.0618481 secs] [Times: user=0.27 sys=0.01, real=0.06 secs] 
4751.083: [GC (Allocation Failure) [PSYoungGen: 406645K->181877K(465920K)] 1484823K->1314300K(1864192K), 0.0438376 secs] [Times: user=0.20 sys=0.00, real=0.05 secs] 
4751.237: [GC (Allocation Failure) [PSYoungGen: 414837K->186997K(465920K)] 1547260K->1374731K(1864192K), 0.0463316 secs] [Times: user=0.22 sys=0.00, real=0.04 secs] 
4752.208: [GC (Allocation Failure) [PSYoungGen: 419957K->139441K(465920K)] 1607691K->1397735K(1864192K), 0.0505681 secs] [Times: user=0.25 sys=0.00, real=0.05 secs] 
4752.882: [GC (Allocation Failure) [PSYoungGen: 372401K->134928K(465920K)] 1630695K->1437366K(1864192K), 0.1121970 secs] [Times: user=0.62 sys=0.00, real=0.11 secs] 
4753.149: [GC (Allocation Failure) [PSYoungGen: 367888K->178421K(465920K)] 1670326K->1523944K(1864192K), 0.0399657 secs] [Times: user=0.18 sys=0.00, real=0.04 secs] 
4753.189: [Full GC (Ergonomics) [PSYoungGen: 178421K->0K(465920K)] [ParOldGen: 1345523K->238539K(1398272K)] 1523944K->238539K(1864192K), [Metaspace: 60429K->60429K(1105920K)], 0.2834547 secs] [Times: user=1.30 sys=0.00, real=0.28 secs] 
4753.584: [GC (Allocation Failure) [PSYoungGen: 232960K->179638K(465920K)] 471499K->418177K(1864192K), 0.0883508 secs] [Times: user=0.46 sys=0.00, real=0.09 secs] 
4753.783: [GC (Allocation Failure) [PSYoungGen: 412598K->186677K(465920K)] 651137K->482772K(1864192K), 0.0559721 secs] [Times: user=0.27 sys=0.00, real=0.06 secs] 
4754.847: [GC (Allocation Failure) [PSYoungGen: 419637K->93355K(465920K)] 715732K->460058K(1864192K), 0.0582174 secs] [Times: user=0.31 sys=0.00, real=0.05 secs] 
4755.348: [GC (Allocation Failure) [PSYoungGen: 326315K->177557K(465920K)] 693018K->574878K(1864192K), 0.0535370 secs] [Times: user=0.24 sys=0.00, real=0.05 secs] 
4755.556: [GC (Allocation Failure) [PSYoungGen: 410517K->184630K(465920K)] 807838K->637290K(1864192K), 0.0431493 secs] [Times: user=0.19 sys=0.00, real=0.04 secs] 
4755.725: [GC (Allocation Failure) [PSYoungGen: 417590K->186741K(465920K)] 870250K->695553K(1864192K), 0.0538900 secs] [Times: user=0.26 sys=0.00, real=0.06 secs] 
4756.690: [GC (Allocation Failure) [PSYoungGen: 419701K->139921K(465920K)] 928513K->719149K(1864192K), 0.0493393 secs] [Times: user=0.24 sys=0.00, real=0.05 secs] 
4758.000: [GC (Allocation Failure) [PSYoungGen: 372881K->127775K(465920K)] 952109K->751396K(1864192K), 0.1277324 secs] [Times: user=0.70 sys=0.00, real=0.13 secs] 
4758.432: [GC (Allocation Failure) [PSYoungGen: 360735K->176693K(465920K)] 984356K->841398K(1864192K), 0.0386190 secs] [Times: user=0.17 sys=0.00, real=0.04 secs] 
4758.618: [GC (Allocation Failure) [PSYoungGen: 409653K->185527K(465920K)] 1074358K->911856K(1864192K), 0.0540437 secs] [Times: user=0.26 sys=0.00, real=0.05 secs] 
4758.803: [GC (Allocation Failure) [PSYoungGen: 418487K->186325K(465920K)] 1144816K->971534K(1864192K), 0.0575948 secs] [Times: user=0.28 sys=0.00, real=0.06 secs] 
4760.456: [GC (Allocation Failure) [PSYoungGen: 419285K->90090K(465920K)] 1204494K->945580K(1864192K), 0.1245204 secs] [Times: user=0.69 sys=0.00, real=0.13 secs] 
4761.396: [GC (Allocation Failure) [PSYoungGen: 323050K->171284K(465920K)] 1178540K->1055563K(1864192K), 0.0500518 secs] [Times: user=0.21 sys=0.00, real=0.05 secs] 
4761.663: [GC (Allocation Failure) [PSYoungGen: 404244K->184246K(465920K)] 1288523K->1122356K(1864192K), 0.0582669 secs] [Times: user=0.27 sys=0.00, real=0.06 secs] 
4761.887: [GC (Allocation Failure) [PSYoungGen: 417206K->204085K(465920K)] 1355316K->1198283K(1864192K), 0.0638826 secs] [Times: user=0.31 sys=0.00, real=0.06 secs] 
4762.840: [GC (Allocation Failure) [PSYoungGen: 437045K->152242K(465920K)] 1431243K->1217121K(1864192K), 0.0522127 secs] [Times: user=0.26 sys=0.00, real=0.05 secs] 
4763.424: [GC (Allocation Failure) [PSYoungGen: 385202K->116333K(465920K)] 1450081K->1229348K(1864192K), 0.1279141 secs] [Times: user=0.71 sys=0.00, real=0.13 secs] 
4763.998: [GC (Allocation Failure) [PSYoungGen: 349293K->177813K(465920K)] 1462308K->1328540K(1864192K), 0.0377161 secs] [Times: user=0.17 sys=0.00, real=0.03 secs] 
4764.174: [GC (Allocation Failure) [PSYoungGen: 410773K->183862K(465920K)] 1561500K->1396874K(1864192K), 0.0553172 secs] [Times: user=0.26 sys=0.00, real=0.06 secs] 
4764.382: [GC (GCLocker Initiated GC) [PSYoungGen: 416822K->185333K(465920K)] 1629834K->1456760K(1864192K), 0.0603683 secs] [Times: user=0.30 sys=0.00, real=0.06 secs] 
4765.456: [GC (Allocation Failure) [PSYoungGen: 418293K->94747K(465920K)] 1689887K->1436349K(1864192K), 0.0575105 secs] [Times: user=0.31 sys=0.00, real=0.05 secs] 
4765.514: [Full GC (Ergonomics) [PSYoungGen: 94747K->0K(465920K)] [ParOldGen: 1341602K->91281K(1398272K)] 1436349K->91281K(1864192K), [Metaspace: 60429K->60429K(1105920K)], 0.0480010 secs] [Times: user=0.16 sys=0.00, real=0.05 secs] 
4766.770: [GC (Allocation Failure) [PSYoungGen: 232960K->169940K(465920K)] 324241K->261222K(1864192K), 0.0343578 secs] [Times: user=0.12 sys=0.00, real=0.03 secs] 
4767.005: [GC (Allocation Failure) [PSYoungGen: 402900K->184438K(465920K)] 494182K->329375K(1864192K), 0.0618968 secs] [Times: user=0.29 sys=0.00, real=0.07 secs] 
4767.194: [GC (Allocation Failure) [PSYoungGen: 413174K->180438K(465920K)] 558112K->389288K(1864192K), 0.0482077 secs] [Times: user=0.23 sys=0.00, real=0.05 secs] 
4768.081: [GC (Allocation Failure) [PSYoungGen: 413398K->168563K(465920K)] 622248K->434772K(1864192K), 0.0538444 secs] [Times: user=0.27 sys=0.00, real=0.05 secs] 
4768.781: [GC (Allocation Failure) [PSYoungGen: 401523K->104396K(465920K)] 667732K->435142K(1864192K), 0.1140261 secs] [Times: user=0.62 sys=0.00, real=0.11 secs] 
4769.516: [GC (Allocation Failure) [PSYoungGen: 337356K->179061K(465920K)] 668102K->542576K(1864192K), 0.0491255 secs] [Times: user=0.22 sys=0.00, real=0.05 secs] 
4769.696: [GC (Allocation Failure) [PSYoungGen: 412021K->184726K(465920K)] 775536K->604368K(1864192K), 0.0431373 secs] [Times: user=0.19 sys=0.00, real=0.05 secs] 
4769.852: [GC (Allocation Failure) [PSYoungGen: 417686K->186549K(465920K)] 837328K->662008K(1864192K), 0.0501085 secs] [Times: user=0.19 sys=0.00, real=0.05 secs] 
4770.908: [GC (Allocation Failure) [PSYoungGen: 419509K->99228K(465920K)] 894968K->645078K(1864192K), 0.0441387 secs] [Times: user=0.22 sys=0.01, real=0.04 secs] 
4771.396: [GC (Allocation Failure) [PSYoungGen: 332188K->169780K(465920K)] 878038K->748140K(1864192K), 0.0899250 secs] [Times: user=0.44 sys=0.00, real=0.09 secs] 
4771.710: [GC (Allocation Failure) [PSYoungGen: 402740K->183221K(465920K)] 981100K->814765K(1864192K), 0.0417184 secs] [Times: user=0.19 sys=0.00, real=0.04 secs] 
4771.868: [GC (Allocation Failure) [PSYoungGen: 416181K->185975K(465920K)] 1047725K->881431K(1864192K), 0.0493827 secs] [Times: user=0.23 sys=0.01, real=0.05 secs] 
4772.681: [GC (Allocation Failure) [PSYoungGen: 418935K->214451K(465920K)] 1114391K->969059K(1864192K), 0.0567815 secs] [Times: user=0.29 sys=0.00, real=0.06 secs] 
4773.637: [GC (Allocation Failure) [PSYoungGen: 447411K->98187K(465920K)] 1202019K->918827K(1864192K), 0.0990708 secs] [Times: user=0.53 sys=0.00, real=0.09 secs] 
4774.690: [GC (Allocation Failure) [PSYoungGen: 331147K->176021K(465920K)] 1151787K->1027702K(1864192K), 0.0467510 secs] [Times: user=0.20 sys=0.00, real=0.05 secs] 
4774.937: [GC (Allocation Failure) [PSYoungGen: 408981K->184694K(465920K)] 1260662K->1091394K(1864192K), 0.0625147 secs] [Times: user=0.30 sys=0.00, real=0.06 secs] 
4775.174: [GC (Allocation Failure) [PSYoungGen: 417654K->186293K(465920K)] 1324354K->1149066K(1864192K), 0.0640091 secs] [Times: user=0.30 sys=0.00, real=0.07 secs] 
4776.226: [GC (Allocation Failure) [PSYoungGen: 419253K->101948K(465920K)] 1382026K->1134921K(1864192K), 0.0533950 secs] [Times: user=0.28 sys=0.00, real=0.06 secs] 
4777.627: [GC (Allocation Failure) [PSYoungGen: 334908K->163827K(465920K)] 1367881K->1229625K(1864192K), 0.1036298 secs] [Times: user=0.53 sys=0.00, real=0.10 secs] 
4777.917: [GC (Allocation Failure) [PSYoungGen: 396787K->183925K(465920K)] 1462585K->1301363K(1864192K), 0.0426400 secs] [Times: user=0.19 sys=0.00, real=0.04 secs] 
4778.075: [GC (Allocation Failure) [PSYoungGen: 416885K->185911K(465920K)] 1534323K->1367349K(1864192K), 0.0504985 secs] [Times: user=0.23 sys=0.00, real=0.05 secs] 
4778.317: [GC (Allocation Failure) [PSYoungGen: 418871K->202005K(465920K)] 1600309K->1442307K(1864192K), 0.0549332 secs] [Times: user=0.27 sys=0.00, real=0.05 secs] 
4779.469: [GC (Allocation Failure) [PSYoungGen: 434965K->93019K(465920K)] 1675267K->1403065K(1864192K), 0.0545095 secs] [Times: user=0.29 sys=0.00, real=0.05 secs] 
4780.020: [GC (Allocation Failure) [PSYoungGen: 325979K->178101K(465920K)] 1636025K->1517567K(1864192K), 0.0393025 secs] [Times: user=0.13 sys=0.00, real=0.04 secs] 
4780.060: [Full GC (Ergonomics) [PSYoungGen: 178101K->0K(465920K)] [ParOldGen: 1339466K->224490K(1398272K)] 1517567K->224490K(1864192K), [Metaspace: 60429K->60429K(1105920K)], 0.2497353 secs] [Times: user=1.06 sys=0.00, real=0.25 secs] 
4780.425: [GC (GCLocker Initiated GC) [PSYoungGen: 232960K->180917K(465920K)] 457452K->405409K(1864192K), 0.0264214 secs] [Times: user=0.10 sys=0.00, real=0.03 secs] 
4780.609: [GC (Allocation Failure) [PSYoungGen: 413877K->186613K(465920K)] 638536K->466344K(1864192K), 0.0452816 secs] [Times: user=0.21 sys=0.00, real=0.04 secs] 
4781.630: [GC (Allocation Failure) [PSYoungGen: 419573K->103692K(465920K)] 699304K->453747K(1864192K), 0.0499998 secs] [Times: user=0.26 sys=0.00, real=0.05 secs] 
4782.532: [GC (Allocation Failure) [PSYoungGen: 336652K->164851K(465920K)] 686707K->548527K(1864192K), 0.0885984 secs] [Times: user=0.44 sys=0.01, real=0.09 secs] 
4782.836: [GC (Allocation Failure) [PSYoungGen: 397811K->184214K(465920K)] 781487K->619830K(1864192K), 0.0488456 secs] [Times: user=0.23 sys=0.00, real=0.05 secs] 
4783.051: [GC (GCLocker Initiated GC) [PSYoungGen: 417174K->184887K(465920K)] 852790K->684823K(1864192K), 0.0783046 secs] [Times: user=0.39 sys=0.00, real=0.08 secs] 
4783.254: [GC (Allocation Failure) [PSYoungGen: 417847K->186613K(465920K)] 917949K->745428K(1864192K), 0.0553808 secs] [Times: user=0.27 sys=0.00, real=0.06 secs] 
4784.808: [GC (GCLocker Initiated GC) [PSYoungGen: 419573K->85738K(465920K)] 978388K->715013K(1864192K), 0.0949856 secs] [Times: user=0.52 sys=0.00, real=0.09 secs] 
4785.612: [GC (Allocation Failure) [PSYoungGen: 318698K->179253K(465920K)] 948140K->835980K(1864192K), 0.0566904 secs] [Times: user=0.26 sys=0.00, real=0.06 secs] 
4785.825: [GC (Allocation Failure) [PSYoungGen: 412213K->184598K(465920K)] 1068940K->897297K(1864192K), 0.0437957 secs] [Times: user=0.20 sys=0.00, real=0.05 secs] 
4785.981: [GC (Allocation Failure) [PSYoungGen: 417558K->186901K(465920K)] 1130257K->955424K(1864192K), 0.0462586 secs] [Times: user=0.22 sys=0.00, real=0.05 secs] 
4787.021: [GC (Allocation Failure) [PSYoungGen: 419861K->104780K(465920K)] 1188384K->943844K(1864192K), 0.0459408 secs] [Times: user=0.23 sys=0.00, real=0.05 secs] 
4787.661: [GC (Allocation Failure) [PSYoungGen: 337740K->164435K(465920K)] 1176804K->1037431K(1864192K), 0.1213008 secs] [Times: user=0.64 sys=0.00, real=0.12 secs] 
4787.972: [GC (Allocation Failure) [PSYoungGen: 397395K->181237K(465920K)] 1270391K->1105785K(1864192K), 0.0432319 secs] [Times: user=0.20 sys=0.00, real=0.04 secs] 
4788.131: [GC (Allocation Failure) [PSYoungGen: 414197K->185847K(465920K)] 1338745K->1173867K(1864192K), 0.0510096 secs] [Times: user=0.24 sys=0.00, real=0.05 secs] 
4788.313: [GC (Allocation Failure) [PSYoungGen: 418807K->183476K(465920K)] 1406827K->1230529K(1864192K), 0.0602802 secs] [Times: user=0.30 sys=0.00, real=0.06 secs] 
4789.434: [GC (Allocation Failure) [PSYoungGen: 416436K->88682K(465920K)] 1463489K->1204902K(1864192K), 0.0588421 secs] [Times: user=0.31 sys=0.00, real=0.06 secs] 
4789.955: [GC (Allocation Failure) [PSYoungGen: 321642K->181462K(465920K)] 1437862K->1326075K(1864192K), 0.0543935 secs] [Times: user=0.24 sys=0.00, real=0.06 secs] 
4790.212: [GC (Allocation Failure) [PSYoungGen: 414422K->184790K(465920K)] 1559035K->1386071K(1864192K), 0.0620309 secs] [Times: user=0.30 sys=0.00, real=0.06 secs] 
4790.436: [GC (Allocation Failure) [PSYoungGen: 417750K->186837K(465920K)] 1619031K->1444358K(1864192K), 0.0530225 secs] [Times: user=0.25 sys=0.00, real=0.06 secs] 
4791.427: [GC (Allocation Failure) [PSYoungGen: 419797K->107581K(465920K)] 1677318K->1435354K(1864192K), 0.0477316 secs] [Times: user=0.24 sys=0.00, real=0.04 secs] 
4791.475: [Full GC (Ergonomics) [PSYoungGen: 107581K->0K(465920K)] [ParOldGen: 1327773K->92005K(1398272K)] 1435354K->92005K(1864192K), [Metaspace: 60429K->60429K(1105920K)], 0.0353356 secs] [Times: user=0.11 sys=0.00, real=0.04 secs] 
4793.153: [GC (Allocation Failure) [PSYoungGen: 232960K->153426K(465920K)] 324965K->245432K(1864192K), 0.0483804 secs] [Times: user=0.19 sys=0.00, real=0.05 secs] 
4793.492: [GC (Allocation Failure) [PSYoungGen: 386386K->183989K(465920K)] 478392K->324387K(1864192K), 0.0403659 secs] [Times: user=0.17 sys=0.00, real=0.04 secs] 
4793.703: [GC (Allocation Failure) [PSYoungGen: 416949K->185591K(465920K)] 557347K->389889K(1864192K), 0.0737293 secs] [Times: user=0.37 sys=0.00, real=0.08 secs] 
4793.939: [GC (Allocation Failure) [PSYoungGen: 418551K->184052K(465920K)] 622849K->447343K(1864192K), 0.0774250 secs] [Times: user=0.39 sys=0.01, real=0.08 secs] 
4795.159: [GC (Allocation Failure) [PSYoungGen: 417012K->91466K(465920K)] 680303K->424245K(1864192K), 0.0715445 secs] [Times: user=0.39 sys=0.00, real=0.07 secs] 
4796.127: [GC (Allocation Failure) [PSYoungGen: 324426K->174421K(465920K)] 657205K->536100K(1864192K), 0.0552718 secs] [Times: user=0.25 sys=0.00, real=0.05 secs] 
4796.340: [GC (Allocation Failure) [PSYoungGen: 407381K->184246K(465920K)] 769060K->600693K(1864192K), 0.0426354 secs] [Times: user=0.19 sys=0.00, real=0.04 secs] 
4796.494: [GC (Allocation Failure) [PSYoungGen: 417206K->186645K(465920K)] 833653K->658836K(1864192K), 0.0448026 secs] [Times: user=0.20 sys=0.00, real=0.05 secs] 
4797.481: [GC (Allocation Failure) [PSYoungGen: 419605K->119614K(465920K)] 891796K->662217K(1864192K), 0.0467833 secs] [Times: user=0.23 sys=0.00, real=0.05 secs] 
4798.135: [GC (Allocation Failure) [PSYoungGen: 352574K->145793K(465920K)] 895177K->726733K(1864192K), 0.1119531 secs] [Times: user=0.61 sys=0.00, real=0.12 secs] 
4798.465: [GC (Allocation Failure) [PSYoungGen: 378753K->180981K(465920K)] 959693K->807121K(1864192K), 0.0398103 secs] [Times: user=0.17 sys=0.00, real=0.04 secs] 
4798.646: [GC (Allocation Failure) [PSYoungGen: 413941K->185591K(465920K)] 1040081K->875091K(1864192K), 0.0700912 secs] [Times: user=0.34 sys=0.00, real=0.07 secs] 
4798.844: [GC (Allocation Failure) [PSYoungGen: 418551K->186645K(465920K)] 1108051K->935073K(1864192K), 0.0576831 secs] [Times: user=0.29 sys=0.00, real=0.06 secs] 
4800.036: [GC (Allocation Failure) [PSYoungGen: 419605K->93355K(465920K)] 1168033K->912271K(1864192K), 0.0821611 secs] [Times: user=0.44 sys=0.00, real=0.08 secs] 
4800.951: [GC (Allocation Failure) [PSYoungGen: 326315K->174261K(465920K)] 1145231K->1022926K(1864192K), 0.0596488 secs] [Times: user=0.26 sys=0.00, real=0.06 secs] 
4801.173: [GC (Allocation Failure) [PSYoungGen: 407221K->184278K(465920K)] 1255886K->1087371K(1864192K), 0.0449973 secs] [Times: user=0.21 sys=0.00, real=0.05 secs] 
4801.326: [GC (Allocation Failure) [PSYoungGen: 417238K->184308K(465920K)] 1320331K->1143018K(1864192K), 0.0471878 secs] [Times: user=0.22 sys=0.00, real=0.05 secs] 
4802.386: [GC (Allocation Failure) [PSYoungGen: 417268K->128592K(465920K)] 1375978K->1156909K(1864192K), 0.0497094 secs] [Times: user=0.25 sys=0.00, real=0.05 secs] 
4803.555: [GC (Allocation Failure) [PSYoungGen: 361552K->143441K(465920K)] 1389869K->1212630K(1864192K), 0.1467696 secs] [Times: user=0.81 sys=0.00, real=0.15 secs] 
4803.925: [GC (Allocation Failure) [PSYoungGen: 376401K->179349K(465920K)] 1445590K->1293763K(1864192K), 0.0410698 secs] [Times: user=0.18 sys=0.00, real=0.04 secs] 
4804.110: [GC (Allocation Failure) [PSYoungGen: 412309K->185463K(465920K)] 1526723K->1362589K(1864192K), 0.0722541 secs] [Times: user=0.36 sys=0.00, real=0.07 secs] 
4804.303: [GC (Allocation Failure) [PSYoungGen: 418423K->186421K(465920K)] 1595549K->1422331K(1864192K), 0.0574545 secs] [Times: user=0.29 sys=0.00, real=0.06 secs] 
4805.335: [GC (Allocation Failure) [PSYoungGen: 419320K->93755K(465920K)] 1655230K->1399945K(1864192K), 0.0445461 secs] [Times: user=0.23 sys=0.00, real=0.05 secs] 
4805.847: [GC (Allocation Failure) [PSYoungGen: 326715K->174581K(465920K)] 1632905K->1510776K(1864192K), 0.0455964 secs] [Times: user=0.20 sys=0.00, real=0.04 secs] 
4805.893: [Full GC (Ergonomics) [PSYoungGen: 174581K->0K(465920K)] [ParOldGen: 1336195K->210281K(1398272K)] 1510776K->210281K(1864192K), [Metaspace: 60429K->60429K(1105920K)], 0.2442341 secs] [Times: user=1.09 sys=0.00, real=0.25 secs] 
4806.257: [GC (Allocation Failure) [PSYoungGen: 232960K->184470K(465920K)] 443241K->394752K(1864192K), 0.0269161 secs] [Times: user=0.09 sys=0.00, real=0.02 secs] 
4806.417: [GC (Allocation Failure) [PSYoungGen: 417430K->186997K(465920K)] 627712K->453159K(1864192K), 0.0490065 secs] [Times: user=0.23 sys=0.00, real=0.05 secs] 
4807.415: [GC (Allocation Failure) [PSYoungGen: 419957K->128784K(465920K)] 686119K->465354K(1864192K), 0.0473459 secs] [Times: user=0.23 sys=0.00, real=0.05 secs] 
4808.451: [GC (Allocation Failure) [PSYoungGen: 361744K->137040K(465920K)] 698314K->514538K(1864192K), 0.1690095 secs] [Times: user=0.94 sys=0.00, real=0.17 secs] 
4809.183: [GC (Allocation Failure) [PSYoungGen: 370000K->175252K(465920K)] 747498K->596287K(1864192K), 0.0510882 secs] [Times: user=0.24 sys=0.00, real=0.05 secs] 
4809.420: [GC (Allocation Failure) [PSYoungGen: 408212K->185399K(465920K)] 829247K->667978K(1864192K), 0.0701299 secs] [Times: user=0.34 sys=0.00, real=0.07 secs] 
4809.607: [GC (Allocation Failure) [PSYoungGen: 418359K->186677K(465920K)] 900938K->727880K(1864192K), 0.0573519 secs] [Times: user=0.29 sys=0.00, real=0.05 secs] 
4810.739: [GC (Allocation Failure) [PSYoungGen: 419637K->93371K(465920K)] 960840K->705230K(1864192K), 0.0680837 secs] [Times: user=0.35 sys=0.00, real=0.07 secs] 
4811.288: [GC (Allocation Failure) [PSYoungGen: 326331K->178005K(465920K)] 938190K->819972K(1864192K), 0.0480526 secs] [Times: user=0.21 sys=0.00, real=0.05 secs] 
4811.511: [GC (Allocation Failure) [PSYoungGen: 410965K->181013K(465920K)] 1052932K->878652K(1864192K), 0.0589545 secs] [Times: user=0.28 sys=0.00, real=0.06 secs] 
4811.720: [GC (Allocation Failure) [PSYoungGen: 413973K->185813K(465920K)] 1111612K->938388K(1864192K), 0.0592897 secs] [Times: user=0.29 sys=0.00, real=0.06 secs] 
4812.757: [GC (Allocation Failure) [PSYoungGen: 418773K->139345K(465920K)] 1171348K->961880K(1864192K), 0.0497075 secs] [Times: user=0.24 sys=0.00, real=0.05 secs] 
4813.529: [GC (Allocation Failure) [PSYoungGen: 372305K->130719K(465920K)] 1194840K->997483K(1864192K), 0.1223058 secs] [Times: user=0.68 sys=0.00, real=0.12 secs] 
4813.830: [GC (Allocation Failure) [PSYoungGen: 363679K->178677K(465920K)] 1230443K->1087211K(1864192K), 0.0387573 secs] [Times: user=0.17 sys=0.00, real=0.04 secs] 
4813.984: [GC (Allocation Failure) [PSYoungGen: 411637K->185751K(465920K)] 1320171K->1156569K(1864192K), 0.0495794 secs] [Times: user=0.24 sys=0.00, real=0.05 secs] 
4814.166: [GC (Allocation Failure) [PSYoungGen: 418711K->186677K(465920K)] 1389529K->1216479K(1864192K), 0.0618216 secs] [Times: user=0.31 sys=0.00, real=0.07 secs] 
4815.452: [GC (Allocation Failure) [PSYoungGen: 419637K->89002K(465920K)] 1449439K->1189309K(1864192K), 0.0993894 secs] [Times: user=0.55 sys=0.01, real=0.10 secs] 
4816.637: [GC (Allocation Failure) [PSYoungGen: 321962K->175829K(465920K)] 1422269K->1304776K(1864192K), 0.0520374 secs] [Times: user=0.23 sys=0.00, real=0.05 secs] 
4816.842: [GC (Allocation Failure) [PSYoungGen: 408789K->181621K(465920K)] 1537736K->1365789K(1864192K), 0.0440585 secs] [Times: user=0.20 sys=0.00, real=0.04 secs] 
4816.996: [GC (Allocation Failure) [PSYoungGen: 414581K->187253K(465920K)] 1598749K->1426605K(1864192K), 0.0465373 secs] [Times: user=0.21 sys=0.00, real=0.05 secs] 
4817.983: [GC (Allocation Failure) [PSYoungGen: 420213K->146706K(465920K)] 1659565K->1456802K(1864192K), 0.0520751 secs] [Times: user=0.26 sys=0.00, real=0.05 secs] 
4818.036: [Full GC (Ergonomics) [PSYoungGen: 146706K->0K(465920K)] [ParOldGen: 1310095K->354576K(1398272K)] 1456802K->354576K(1864192K), [Metaspace: 60429K->60429K(1105920K)], 0.5886760 secs] [Times: user=2.55 sys=0.00, real=0.59 secs] 
4820.603: [GC (Allocation Failure) [PSYoungGen: 232960K->119022K(465920K)] 587536K->473598K(1864192K), 0.0407854 secs] [Times: user=0.16 sys=0.00, real=0.04 secs] 
4821.264: [GC (Allocation Failure) [PSYoungGen: 351982K->184213K(465920K)] 706558K->577026K(1864192K), 0.0538062 secs] [Times: user=0.25 sys=0.00, real=0.06 secs] 
4821.455: [GC (Allocation Failure) [PSYoungGen: 417173K->185623K(465920K)] 809986K->640124K(1864192K), 0.0487314 secs] [Times: user=0.23 sys=0.00, real=0.05 secs] 
4821.635: [GC (Allocation Failure) [PSYoungGen: 418583K->186677K(465920K)] 873084K->700090K(1864192K), 0.0742418 secs] [Times: user=0.39 sys=0.00, real=0.08 secs] 
4822.725: [GC (Allocation Failure) [PSYoungGen: 419637K->96363K(465920K)] 933050K->680185K(1864192K), 0.0480947 secs] [Times: user=0.25 sys=0.00, real=0.05 secs] 
4823.456: [GC (Allocation Failure) [PSYoungGen: 329323K->167892K(465920K)] 913145K->783126K(1864192K), 0.0680824 secs] [Times: user=0.31 sys=0.00, real=0.06 secs] 
4823.703: [GC (Allocation Failure) [PSYoungGen: 400852K->184342K(465920K)] 1016086K->852296K(1864192K), 0.0421164 secs] [Times: user=0.19 sys=0.00, real=0.04 secs] 
4823.893: [GC (Allocation Failure) [PSYoungGen: 408375K->175862K(465920K)] 1076330K->907952K(1864192K), 0.0731203 secs] [Times: user=0.36 sys=0.01, real=0.08 secs] 
4824.824: [GC (Allocation Failure) [PSYoungGen: 408822K->169299K(465920K)] 1140912K->957301K(1864192K), 0.0534054 secs] [Times: user=0.27 sys=0.00, real=0.06 secs] 
4825.233: [GC (Allocation Failure) [PSYoungGen: 402259K->107676K(465920K)] 1190261K->960559K(1864192K), 0.0724207 secs] [Times: user=0.38 sys=0.00, real=0.07 secs] 
4825.586: [GC (Allocation Failure) [PSYoungGen: 340636K->179189K(465920K)] 1193519K->1066600K(1864192K), 0.0394550 secs] [Times: user=0.17 sys=0.01, real=0.04 secs] 
4825.764: [GC (Allocation Failure) [PSYoungGen: 412149K->184567K(465920K)] 1299560K->1134790K(1864192K), 0.0590965 secs] [Times: user=0.29 sys=0.00, real=0.06 secs] 
4825.951: [GC (Allocation Failure) [PSYoungGen: 417527K->183476K(465920K)] 1367750K->1192332K(1864192K), 0.0582835 secs] [Times: user=0.29 sys=0.00, real=0.06 secs] 
4827.080: [GC (Allocation Failure) [PSYoungGen: 416436K->96059K(465920K)] 1425292K->1174155K(1864192K), 0.0661025 secs] [Times: user=0.35 sys=0.00, real=0.07 secs] 
4829.027: [GC (Allocation Failure) [PSYoungGen: 329019K->166964K(465920K)] 1407115K->1275520K(1864192K), 0.0847594 secs] [Times: user=0.41 sys=0.00, real=0.08 secs] 
4829.282: [GC (Allocation Failure) [PSYoungGen: 399924K->190293K(465920K)] 1508480K->1351206K(1864192K), 0.0424996 secs] [Times: user=0.19 sys=0.00, real=0.04 secs] 
4829.441: [GC (Allocation Failure) [PSYoungGen: 423253K->185783K(465920K)] 1584166K->1410383K(1864192K), 0.0500447 secs] [Times: user=0.23 sys=0.00, real=0.05 secs] 
4830.213: [GC (Allocation Failure) [PSYoungGen: 418743K->213428K(465920K)] 1643343K->1496940K(1864192K), 0.0554776 secs] [Times: user=0.27 sys=0.00, real=0.06 secs] 
4831.218: [GC (Allocation Failure) [PSYoungGen: 446388K->94667K(465920K)] 1729900K->1445251K(1864192K), 0.0920605 secs] [Times: user=0.47 sys=0.00, real=0.09 secs] 
4831.310: [Full GC (Ergonomics) [PSYoungGen: 94667K->0K(465920K)] [ParOldGen: 1350584K->111434K(1398272K)] 1445251K->111434K(1864192K), [Metaspace: 60429K->59519K(1105920K)], 0.1783752 secs] [Times: user=0.66 sys=0.00, real=0.18 secs] 
4831.773: [GC (Allocation Failure) [PSYoungGen: 232960K->182326K(465920K)] 344394K->293760K(1864192K), 0.0252567 secs] [Times: user=0.08 sys=0.00, real=0.03 secs] 
4831.910: [GC (Allocation Failure) [PSYoungGen: 415286K->184662K(465920K)] 526720K->353020K(1864192K), 0.0417635 secs] [Times: user=0.18 sys=0.00, real=0.04 secs] 
4832.057: [GC (Allocation Failure) [PSYoungGen: 417622K->184020K(465920K)] 585980K->408411K(1864192K), 0.0446842 secs] [Times: user=0.21 sys=0.00, real=0.04 secs] 
4833.054: [GC (Allocation Failure) [PSYoungGen: 416980K->100604K(465920K)] 641371K->394462K(1864192K), 0.0483010 secs] [Times: user=0.26 sys=0.00, real=0.05 secs] 
4833.545: [GC (Allocation Failure) [PSYoungGen: 333564K->170164K(465920K)] 627422K->497379K(1864192K), 0.0593314 secs] [Times: user=0.28 sys=0.01, real=0.06 secs] 
4833.793: [GC (Allocation Failure) [PSYoungGen: 403124K->181237K(465920K)] 730339K->561392K(1864192K), 0.0576638 secs] [Times: user=0.28 sys=0.00, real=0.06 secs] 
4834.028: [GC (Allocation Failure) [PSYoungGen: 414197K->185687K(465920K)] 794352K->629330K(1864192K), 0.0694262 secs] [Times: user=0.34 sys=0.00, real=0.07 secs] 
4834.322: [GC (Allocation Failure) [PSYoungGen: 418029K->215252K(465920K)] 861672K->717856K(1864192K), 0.0632367 secs] [Times: user=0.32 sys=0.00, real=0.06 secs] 
4835.580: [GC (Allocation Failure) [PSYoungGen: 448212K->90554K(465920K)] 950816K->661918K(1864192K), 0.0897394 secs] [Times: user=0.49 sys=0.00, real=0.09 secs] 
4836.553: [GC (Allocation Failure) [PSYoungGen: 323514K->179061K(465920K)] 894878K->778837K(1864192K), 0.0495809 secs] [Times: user=0.22 sys=0.00, real=0.05 secs] 
4836.742: [GC (Allocation Failure) [PSYoungGen: 412021K->184502K(465920K)] 1011797K->840498K(1864192K), 0.0436197 secs] [Times: user=0.19 sys=0.00, real=0.04 secs] 
4836.944: [GC (Allocation Failure) [PSYoungGen: 417462K->186453K(465920K)] 1073458K->898297K(1864192K), 0.0705668 secs] [Times: user=0.34 sys=0.00, real=0.07 secs] 
4837.983: [GC (Allocation Failure) [PSYoungGen: 419413K->102796K(465920K)] 1131257K->885004K(1864192K), 0.0445017 secs] [Times: user=0.23 sys=0.00, real=0.05 secs] 
4838.772: [GC (Allocation Failure) [PSYoungGen: 335756K->163987K(465920K)] 1117964K->979609K(1864192K), 0.0751720 secs] [Times: user=0.37 sys=0.00, real=0.08 secs] 
4838.994: [GC (Allocation Failure) [PSYoungGen: 396947K->192502K(465920K)] 1212569K->1059711K(1864192K), 0.0422892 secs] [Times: user=0.18 sys=0.00, real=0.05 secs] 
4839.151: [GC (GCLocker Initiated GC) [PSYoungGen: 425462K->184343K(465920K)] 1292671K->1115520K(1864192K), 0.0497765 secs] [Times: user=0.23 sys=0.00, real=0.05 secs] 
4839.309: [GC (GCLocker Initiated GC) [PSYoungGen: 417303K->183316K(465920K)] 1348484K->1172978K(1864192K), 0.0561206 secs] [Times: user=0.27 sys=0.00, real=0.05 secs] 
4840.400: [GC (Allocation Failure) [PSYoungGen: 416276K->90058K(465920K)] 1405940K->1149110K(1864192K), 0.0450701 secs] [Times: user=0.24 sys=0.01, real=0.04 secs] 
4840.736: [GC (Allocation Failure) [PSYoungGen: 323018K->182550K(465920K)] 1382070K->1270675K(1864192K), 0.0481277 secs] [Times: user=0.21 sys=0.00, real=0.05 secs] 
4840.971: [GC (Allocation Failure) [PSYoungGen: 415510K->181717K(465920K)] 1503635K->1326738K(1864192K), 0.0528542 secs] [Times: user=0.25 sys=0.00, real=0.05 secs] 
4841.138: [GC (Allocation Failure) [PSYoungGen: 414677K->186389K(465920K)] 1559698K->1386810K(1864192K), 0.0472679 secs] [Times: user=0.22 sys=0.00, real=0.04 secs] 
4842.209: [GC (Allocation Failure) [PSYoungGen: 419349K->104076K(465920K)] 1619770K->1374917K(1864192K), 0.0468308 secs] [Times: user=0.24 sys=0.00, real=0.04 secs] 
4843.324: [GC (Allocation Failure) [PSYoungGen: 337036K->163219K(465920K)] 1607877K->1468393K(1864192K), 0.1020306 secs] [Times: user=0.53 sys=0.00, real=0.10 secs] 
4843.652: [GC (Allocation Failure) [PSYoungGen: 396179K->184182K(465920K)] 1701353K->1540375K(1864192K), 0.0428796 secs] [Times: user=0.20 sys=0.00, real=0.04 secs] 
4843.695: [Full GC (Ergonomics) [PSYoungGen: 184182K->0K(465920K)] [ParOldGen: 1356193K->253327K(1398272K)] 1540375K->253327K(1864192K), [Metaspace: 59519K->59519K(1105920K)], 0.3156353 secs] [Times: user=1.45 sys=0.00, real=0.32 secs] 
4844.122: [GC (Allocation Failure) [PSYoungGen: 232960K->182678K(465920K)] 486287K->436006K(1864192K), 0.0898415 secs] [Times: user=0.47 sys=0.00, real=0.09 secs] 
4844.320: [GC (Allocation Failure) [PSYoungGen: 415638K->186613K(465920K)] 668966K->498116K(1864192K), 0.0558776 secs] [Times: user=0.27 sys=0.00, real=0.05 secs] 
4846.476: [GC (Allocation Failure) [PSYoungGen: 418668K->83657K(465920K)] 730172K->465625K(1864192K), 0.1139761 secs] [Times: user=0.63 sys=0.01, real=0.12 secs] 
4847.271: [GC (Allocation Failure) [PSYoungGen: 316617K->174869K(465920K)] 698585K->583997K(1864192K), 0.0476240 secs] [Times: user=0.21 sys=0.00, real=0.05 secs] 
4847.460: [GC (Allocation Failure) [PSYoungGen: 407829K->184630K(465920K)] 816957K->648038K(1864192K), 0.0425308 secs] [Times: user=0.19 sys=0.00, real=0.04 secs] 
4847.632: [GC (Allocation Failure) [PSYoungGen: 417590K->186901K(465920K)] 880998K->706165K(1864192K), 0.0500865 secs] [Times: user=0.24 sys=0.00, real=0.05 secs] 
4848.659: [GC (Allocation Failure) [PSYoungGen: 419861K->116142K(465920K)] 939125K->705966K(1864192K), 0.0463215 secs] [Times: user=0.24 sys=0.00, real=0.04 secs] 
4849.146: [GC (Allocation Failure) [PSYoungGen: 349102K->154226K(465920K)] 938926K->782056K(1864192K), 0.0787365 secs] [Times: user=0.41 sys=0.00, real=0.08 secs] 
4849.455: [GC (Allocation Failure) [PSYoungGen: 387186K->181173K(465920K)] 1015016K->856975K(1864192K), 0.0549552 secs] [Times: user=0.26 sys=0.00, real=0.06 secs] 
4849.641: [GC (Allocation Failure) [PSYoungGen: 414133K->185591K(465920K)] 1089935K->924920K(1864192K), 0.0493990 secs] [Times: user=0.23 sys=0.00, real=0.05 secs] 
4849.808: [GC (Allocation Failure) [PSYoungGen: 418551K->186197K(465920K)] 1157880K->984502K(1864192K), 0.0553485 secs] [Times: user=0.27 sys=0.00, real=0.05 secs] 
4850.910: [GC (Allocation Failure) [PSYoungGen: 419157K->91435K(465920K)] 1217462K->960116K(1864192K), 0.0622440 secs] [Times: user=0.33 sys=0.01, real=0.06 secs] 
4851.846: [GC (Allocation Failure) [PSYoungGen: 324395K->174805K(465920K)] 1193076K->1072507K(1864192K), 0.0519949 secs] [Times: user=0.20 sys=0.00, real=0.05 secs] 
4852.101: [GC (Allocation Failure) [PSYoungGen: 407765K->184662K(465920K)] 1305467K->1137412K(1864192K), 0.0579460 secs] [Times: user=0.28 sys=0.00, real=0.06 secs] 
4852.274: [GC (Allocation Failure) [PSYoungGen: 417622K->181268K(465920K)] 1370372K->1189931K(1864192K), 0.0448620 secs] [Times: user=0.20 sys=0.00, real=0.05 secs] 
4853.337: [GC (Allocation Failure) [PSYoungGen: 414228K->123599K(465920K)] 1422891K->1201030K(1864192K), 0.0469811 secs] [Times: user=0.24 sys=0.00, real=0.04 secs] 
4854.017: [GC (Allocation Failure) [PSYoungGen: 356559K->149889K(465920K)] 1433990K->1266552K(1864192K), 0.1061745 secs] [Times: user=0.57 sys=0.00, real=0.10 secs] 
4854.301: [GC (Allocation Failure) [PSYoungGen: 382849K->181109K(465920K)] 1499512K->1344969K(1864192K), 0.0406967 secs] [Times: user=0.18 sys=0.00, real=0.04 secs] 
4854.495: [GC (Allocation Failure) [PSYoungGen: 414069K->185495K(465920K)] 1577929K->1412898K(1864192K), 0.0724143 secs] [Times: user=0.36 sys=0.00, real=0.08 secs] 
4854.691: [GC (Allocation Failure) [PSYoungGen: 418455K->186069K(465920K)] 1645858K->1472520K(1864192K), 0.0581231 secs] [Times: user=0.29 sys=0.00, real=0.06 secs] 
4855.878: [GC (Allocation Failure) [PSYoungGen: 419029K->93259K(465920K)] 1705480K->1449870K(1864192K), 0.0624538 secs] [Times: user=0.33 sys=0.00, real=0.06 secs] 
4855.941: [Full GC (Ergonomics) [PSYoungGen: 93259K->0K(465920K)] [ParOldGen: 1356611K->101315K(1398272K)] 1449870K->101315K(1864192K), [Metaspace: 59522K->59522K(1105920K)], 0.1064871 secs] [Times: user=0.45 sys=0.00, real=0.11 secs] 
4856.581: [GC (Allocation Failure) [PSYoungGen: 232960K->174965K(465920K)] 334275K->276280K(1864192K), 0.0362954 secs] [Times: user=0.14 sys=0.00, real=0.04 secs] 
4856.823: [GC (Allocation Failure) [PSYoungGen: 407925K->184406K(465920K)] 509240K->340269K(1864192K), 0.0588449 secs] [Times: user=0.28 sys=0.01, real=0.06 secs] 
4857.000: [GC (Allocation Failure) [PSYoungGen: 417366K->184404K(465920K)] 573229K->396132K(1864192K), 0.0443207 secs] [Times: user=0.20 sys=0.00, real=0.04 secs] 
4857.968: [GC (Allocation Failure) [PSYoungGen: 417364K->124911K(465920K)] 629092K->406335K(1864192K), 0.0465586 secs] [Times: user=0.24 sys=0.00, real=0.04 secs] 
4858.411: [GC (Allocation Failure) [PSYoungGen: 357871K->146337K(465920K)] 639295K->467409K(1864192K), 0.1190074 secs] [Times: user=0.64 sys=0.01, real=0.12 secs] 
4859.023: [GC (Allocation Failure) [PSYoungGen: 379297K->179701K(465920K)] 700369K->546254K(1864192K), 0.0488555 secs] [Times: user=0.23 sys=0.00, real=0.05 secs] 
4859.186: [GC (Allocation Failure) [PSYoungGen: 412661K->185687K(465920K)] 779214K->615032K(1864192K), 0.0486333 secs] [Times: user=0.23 sys=0.00, real=0.04 secs] 
4859.368: [GC (Allocation Failure) [PSYoungGen: 418647K->186933K(465920K)] 847992K->675442K(1864192K), 0.0617362 secs] [Times: user=0.31 sys=0.00, real=0.06 secs] 
4861.000: [GC (Allocation Failure) [PSYoungGen: 419893K->88986K(465920K)] 908402K->648011K(1864192K), 0.1084324 secs] [Times: user=0.60 sys=0.00, real=0.11 secs] 
4862.221: [GC (Allocation Failure) [PSYoungGen: 321946K->171604K(465920K)] 880971K->759598K(1864192K), 0.0621157 secs] [Times: user=0.27 sys=0.00, real=0.06 secs] 
4862.505: [GC (Allocation Failure) [PSYoungGen: 404564K->184630K(465920K)] 992558K->826388K(1864192K), 0.0519918 secs] [Times: user=0.25 sys=0.01, real=0.06 secs] 
4862.665: [GC (Allocation Failure) [PSYoungGen: 417590K->186837K(465920K)] 1059348K->884467K(1864192K), 0.0455716 secs] [Times: user=0.21 sys=0.00, real=0.05 secs] 
4863.625: [GC (Allocation Failure) [PSYoungGen: 419797K->133264K(465920K)] 1117427K->901454K(1864192K), 0.0486350 secs] [Times: user=0.24 sys=0.00, real=0.05 secs] 
4864.234: [GC (Allocation Failure) [PSYoungGen: 366224K->141713K(465920K)] 1134414K->952111K(1864192K), 0.1525438 secs] [Times: user=0.84 sys=0.00, real=0.15 secs] 
4864.876: [GC (Allocation Failure) [PSYoungGen: 374673K->171252K(404480K)] 1185071K->1026563K(1802752K), 0.0527436 secs] [Times: user=0.25 sys=0.00, real=0.06 secs] 
4865.054: [GC (Allocation Failure) [PSYoungGen: 404212K->185463K(464896K)] 1259523K->1101018K(1863168K), 0.0486670 secs] [Times: user=0.22 sys=0.00, real=0.05 secs] 
4865.213: [GC (Allocation Failure) [PSYoungGen: 417911K->186165K(465408K)] 1333466K->1160660K(1863680K), 0.0563411 secs] [Times: user=0.28 sys=0.00, real=0.06 secs] 
4866.268: [GC (Allocation Failure) [PSYoungGen: 418613K->91995K(465920K)] 1393108K->1136706K(1864192K), 0.0434149 secs] [Times: user=0.23 sys=0.00, real=0.04 secs] 
4866.619: [GC (Allocation Failure) [PSYoungGen: 324955K->177877K(465920K)] 1369666K->1252729K(1864192K), 0.0330494 secs] [Times: user=0.13 sys=0.00, real=0.03 secs] 
4866.786: [GC (Allocation Failure) [PSYoungGen: 410837K->184310K(465920K)] 1485689K->1314538K(1864192K), 0.0493441 secs] [Times: user=0.23 sys=0.00, real=0.04 secs] 
4866.966: [GC (Allocation Failure) [PSYoungGen: 417270K->186453K(465920K)] 1547498K->1372593K(1864192K), 0.0463164 secs] [Times: user=0.22 sys=0.00, real=0.05 secs] 
4867.954: [GC (Allocation Failure) [PSYoungGen: 419413K->136272K(465920K)] 1605553K->1392861K(1864192K), 0.0499701 secs] [Times: user=0.25 sys=0.00, real=0.05 secs] 
4868.789: [GC (GCLocker Initiated GC) [PSYoungGen: 369232K->129967K(465920K)] 1625821K->1429699K(1864192K), 0.1730739 secs] [Times: user=0.97 sys=0.00, real=0.17 secs] 
4869.595: [GC (GCLocker Initiated GC) [PSYoungGen: 362927K->175220K(465920K)] 1662663K->1516321K(1864192K), 0.0558322 secs] [Times: user=0.26 sys=0.00, real=0.06 secs] 
4869.651: [Full GC (Ergonomics) [PSYoungGen: 175220K->0K(465920K)] [ParOldGen: 1341100K->233645K(1398272K)] 1516321K->233645K(1864192K), [Metaspace: 59522K->59522K(1105920K)], 0.2939101 secs] [Times: user=1.35 sys=0.00, real=0.29 secs] 
4870.070: [GC (Allocation Failure) [PSYoungGen: 232960K->185719K(465920K)] 466772K->419531K(1864192K), 0.0788363 secs] [Times: user=0.41 sys=0.00, real=0.08 secs] 
4870.260: [GC (Allocation Failure) [PSYoungGen: 418679K->184052K(465920K)] 652491K->476681K(1864192K), 0.0575563 secs] [Times: user=0.29 sys=0.00, real=0.06 secs] 
4871.556: [GC (Allocation Failure) [PSYoungGen: 417012K->95547K(465920K)] 709641K->457583K(1864192K), 0.0893355 secs] [Times: user=0.49 sys=0.00, real=0.08 secs] 
4872.639: [GC (Allocation Failure) [PSYoungGen: 328391K->172500K(465920K)] 690428K->564741K(1864192K), 0.0547334 secs] [Times: user=0.24 sys=0.00, real=0.05 secs] 
4872.863: [GC (Allocation Failure) [PSYoungGen: 405460K->181493K(465920K)] 797701K->627766K(1864192K), 0.0417820 secs] [Times: user=0.18 sys=0.00, real=0.04 secs] 
4873.014: [GC (Allocation Failure) [PSYoungGen: 414453K->203893K(465920K)] 860726K->705382K(1864192K), 0.0451049 secs] [Times: user=0.20 sys=0.00, real=0.05 secs] 
4873.948: [GC (Allocation Failure) [PSYoungGen: 436853K->150674K(465920K)] 938342K->722792K(1864192K), 0.0504426 secs] [Times: user=0.25 sys=0.00, real=0.05 secs] 
4874.663: [GC (Allocation Failure) [PSYoungGen: 383634K->124318K(465920K)] 955752K->744188K(1864192K), 0.1199824 secs] [Times: user=0.66 sys=0.01, real=0.12 secs] 
4874.994: [GC (Allocation Failure) [PSYoungGen: 357278K->178293K(465920K)] 977148K->837719K(1864192K), 0.0374783 secs] [Times: user=0.16 sys=0.00, real=0.04 secs] 
4875.146: [GC (Allocation Failure) [PSYoungGen: 411253K->182006K(465920K)] 1070679K->903845K(1864192K), 0.0486939 secs] [Times: user=0.22 sys=0.00, real=0.05 secs] 
4875.305: [GC (Allocation Failure) [PSYoungGen: 414966K->186581K(465920K)] 1136805K->966563K(1864192K), 0.0567130 secs] [Times: user=0.28 sys=0.00, real=0.06 secs] 
4876.339: [GC (Allocation Failure) [PSYoungGen: 418916K->95739K(465920K)] 1198898K->946149K(1864192K), 0.0543178 secs] [Times: user=0.28 sys=0.00, real=0.05 secs] 
4876.910: [GC (Allocation Failure) [PSYoungGen: 328699K->171220K(465920K)] 1179109K->1052728K(1864192K), 0.0475146 secs] [Times: user=0.21 sys=0.00, real=0.05 secs] 
4877.089: [GC (Allocation Failure) [PSYoungGen: 404180K->181813K(465920K)] 1285688K->1116901K(1864192K), 0.0423105 secs] [Times: user=0.19 sys=0.00, real=0.04 secs] 
4877.239: [GC (Allocation Failure) [PSYoungGen: 401032K->172853K(465920K)] 1336119K->1171412K(1864192K), 0.0477656 secs] [Times: user=0.23 sys=0.00, real=0.05 secs] 
4878.102: [GC (Allocation Failure) [PSYoungGen: 400811K->206451K(465920K)] 1399370K->1260042K(1864192K), 0.0528759 secs] [Times: user=0.26 sys=0.00, real=0.05 secs] 
4879.097: [GC (Allocation Failure) [PSYoungGen: 439411K->100684K(465920K)] 1493002K->1219307K(1864192K), 0.0910417 secs] [Times: user=0.49 sys=0.00, real=0.09 secs] 
4880.052: [GC (Allocation Failure) [PSYoungGen: 333644K->181238K(465920K)] 1452267K->1331754K(1864192K), 0.0532438 secs] [Times: user=0.24 sys=0.00, real=0.05 secs] 
4880.241: [GC (Allocation Failure) [PSYoungGen: 414198K->184566K(465920K)] 1564714K->1391618K(1864192K), 0.0445613 secs] [Times: user=0.20 sys=0.00, real=0.04 secs] 
4880.392: [GC (Allocation Failure) [PSYoungGen: 417526K->183828K(465920K)] 1624578K->1446841K(1864192K), 0.0461161 secs] [Times: user=0.21 sys=0.00, real=0.05 secs] 
4881.460: [GC (Allocation Failure) [PSYoungGen: 416788K->101116K(465920K)] 1679801K->1433572K(1864192K), 0.0446219 secs] [Times: user=0.23 sys=0.00, real=0.04 secs] 
4881.505: [Full GC (Ergonomics) [PSYoungGen: 101116K->0K(465920K)] [ParOldGen: 1332456K->92252K(1398272K)] 1433572K->92252K(1864192K), [Metaspace: 59522K->59522K(1105920K)], 0.0376168 secs] [Times: user=0.12 sys=0.00, real=0.04 secs] 
4883.489: [GC (Allocation Failure) [PSYoungGen: 232960K->161523K(465920K)] 325212K->253776K(1864192K), 0.0561540 secs] [Times: user=0.22 sys=0.00, real=0.05 secs] 
4883.798: [GC (Allocation Failure) [PSYoungGen: 394483K->184950K(465920K)] 486736K->327903K(1864192K), 0.0521891 secs] [Times: user=0.24 sys=0.00, real=0.05 secs] 
4883.961: [GC (Allocation Failure) [PSYoungGen: 417910K->186039K(465920K)] 560863K->393136K(1864192K), 0.0490411 secs] [Times: user=0.22 sys=0.00, real=0.05 secs] 
4884.251: [GC (Allocation Failure) [PSYoungGen: 418983K->215252K(465920K)] 626080K->481357K(1864192K), 0.0544144 secs] [Times: user=0.27 sys=0.00, real=0.05 secs] 
4885.807: [GC (Allocation Failure) [PSYoungGen: 448212K->86986K(465920K)] 714317K->421731K(1864192K), 0.0920760 secs] [Times: user=0.50 sys=0.00, real=0.09 secs] 
4886.642: [GC (Allocation Failure) [PSYoungGen: 319946K->182390K(465920K)] 654691K->544772K(1864192K), 0.0467974 secs] [Times: user=0.20 sys=0.00, real=0.05 secs] 
4886.816: [GC (Allocation Failure) [PSYoungGen: 415350K->185078K(465920K)] 777732K->604032K(1864192K), 0.0433009 secs] [Times: user=0.19 sys=0.00, real=0.04 secs] 
4887.421: [GC (Allocation Failure) [PSYoungGen: 418038K->183380K(465920K)] 836992K->658606K(1864192K), 0.1144887 secs] [Times: user=0.59 sys=0.00, real=0.11 secs] 
4888.693: [GC (Allocation Failure) [PSYoungGen: 416340K->103628K(465920K)] 891566K->648022K(1864192K), 0.0719514 secs] [Times: user=0.38 sys=0.00, real=0.07 secs] 
4889.989: [GC (Allocation Failure) [PSYoungGen: 336588K->163507K(465920K)] 880982K->741478K(1864192K), 0.0891013 secs] [Times: user=0.46 sys=0.00, real=0.09 secs] 
4890.272: [GC (Allocation Failure) [PSYoungGen: 396467K->184502K(465920K)] 974438K->813433K(1864192K), 0.0480864 secs] [Times: user=0.23 sys=0.00, real=0.05 secs] 
4890.458: [GC (Allocation Failure) [PSYoungGen: 417462K->183126K(465920K)] 1046393K->876218K(1864192K), 0.0617486 secs] [Times: user=0.31 sys=0.00, real=0.06 secs] 
4890.656: [GC (Allocation Failure) [PSYoungGen: 416086K->186453K(465920K)] 1109178K->937896K(1864192K), 0.0726073 secs] [Times: user=0.37 sys=0.00, real=0.07 secs] 
4891.831: [GC (Allocation Failure) [PSYoungGen: 419413K->87850K(465920K)] 1170856K->909485K(1864192K), 0.0578054 secs] [Times: user=0.31 sys=0.00, real=0.06 secs] 
4892.537: [GC (Allocation Failure) [PSYoungGen: 320810K->180949K(465920K)] 1142445K->1030000K(1864192K), 0.0472103 secs] [Times: user=0.21 sys=0.00, real=0.04 secs] 
4892.712: [GC (Allocation Failure) [PSYoungGen: 413909K->184918K(465920K)] 1262960K->1090780K(1864192K), 0.0440999 secs] [Times: user=0.20 sys=0.00, real=0.04 secs] 
4892.868: [GC (Allocation Failure) [PSYoungGen: 417878K->186581K(465920K)] 1323740K->1148351K(1864192K), 0.0455342 secs] [Times: user=0.21 sys=0.00, real=0.04 secs] 
4893.954: [GC (Allocation Failure) [PSYoungGen: 419541K->103532K(465920K)] 1381311K->1135731K(1864192K), 0.0455079 secs] [Times: user=0.23 sys=0.00, real=0.05 secs] 
4894.824: [GC (GCLocker Initiated GC) [PSYoungGen: 336492K->157202K(465920K)] 1368691K->1223421K(1864192K), 0.1126164 secs] [Times: user=0.59 sys=0.00, real=0.12 secs] 
4895.168: [GC (Allocation Failure) [PSYoungGen: 390162K->184470K(465920K)] 1456384K->1299983K(1864192K), 0.0413711 secs] [Times: user=0.19 sys=0.00, real=0.04 secs] 
4895.347: [GC (Allocation Failure) [PSYoungGen: 417430K->186039K(465920K)] 1532943K->1365665K(1864192K), 0.0551950 secs] [Times: user=0.26 sys=0.00, real=0.05 secs] 
4895.526: [GC (Allocation Failure) [PSYoungGen: 418999K->186869K(465920K)] 1598625K->1425631K(1864192K), 0.0562931 secs] [Times: user=0.28 sys=0.00, real=0.06 secs] 
4896.927: [GC (Allocation Failure) [PSYoungGen: 419829K->87114K(465920K)] 1658591K->1396196K(1864192K), 0.1074371 secs] [Times: user=0.59 sys=0.00, real=0.10 secs] 
4897.979: [GC (Allocation Failure) [PSYoungGen: 320074K->177909K(465920K)] 1629156K->1514412K(1864192K), 0.0549408 secs] [Times: user=0.25 sys=0.00, real=0.05 secs] 
4898.034: [Full GC (Ergonomics) [PSYoungGen: 177909K->0K(465920K)] [ParOldGen: 1336502K->218477K(1398272K)] 1514412K->218477K(1864192K), [Metaspace: 59522K->59522K(1105920K)], 0.2850505 secs] [Times: user=1.37 sys=0.00, real=0.29 secs] 
4898.438: [GC (Allocation Failure) [PSYoungGen: 232960K->184790K(465920K)] 451437K->403267K(1864192K), 0.0267713 secs] [Times: user=0.09 sys=0.00, real=0.02 secs] 
4898.592: [GC (Allocation Failure) [PSYoungGen: 417750K->186613K(465920K)] 636227K->461218K(1864192K), 0.0454930 secs] [Times: user=0.21 sys=0.00, real=0.05 secs] 
4899.570: [GC (Allocation Failure) [PSYoungGen: 419573K->112781K(465920K)] 694178K->457675K(1864192K), 0.0456403 secs] [Times: user=0.23 sys=0.00, real=0.04 secs] 
4900.511: [GC (Allocation Failure) [PSYoungGen: 345741K->154002K(465920K)] 690635K->535400K(1864192K), 0.1232525 secs] [Times: user=0.65 sys=0.01, real=0.12 secs] 
4900.878: [GC (Allocation Failure) [PSYoungGen: 386962K->180597K(465920K)] 768360K->610103K(1864192K), 0.0404642 secs] [Times: user=0.18 sys=0.00, real=0.04 secs] 
4901.034: [GC (Allocation Failure) [PSYoungGen: 413557K->185463K(465920K)] 843063K->677885K(1864192K), 0.0495482 secs] [Times: user=0.23 sys=0.00, real=0.05 secs] 
4901.191: [GC (Allocation Failure) [PSYoungGen: 418423K->186965K(465920K)] 910845K->738051K(1864192K), 0.0575011 secs] [Times: user=0.29 sys=0.00, real=0.06 secs] 
4902.238: [GC (Allocation Failure) [PSYoungGen: 419925K->93659K(465920K)] 971011K->715289K(1864192K), 0.0426939 secs] [Times: user=0.23 sys=0.00, real=0.04 secs] 
4902.681: [GC (Allocation Failure) [PSYoungGen: 326619K->174837K(465920K)] 948249K->827000K(1864192K), 0.0616486 secs] [Times: user=0.27 sys=0.00, real=0.06 secs] 
4902.911: [GC (Allocation Failure) [PSYoungGen: 407797K->184117K(465920K)] 1059960K->891165K(1864192K), 0.0435936 secs] [Times: user=0.19 sys=0.00, real=0.04 secs] 
4903.066: [GC (Allocation Failure) [PSYoungGen: 417077K->183860K(465920K)] 1124125K->946908K(1864192K), 0.0479727 secs] [Times: user=0.20 sys=0.00, real=0.05 secs] 
4904.135: [GC (Allocation Failure) [PSYoungGen: 416820K->119406K(465920K)] 1179868K->951770K(1864192K), 0.0474655 secs] [Times: user=0.24 sys=0.00, real=0.05 secs] 
4904.968: [GC (Allocation Failure) [PSYoungGen: 352366K->150674K(465920K)] 1184730K->1020877K(1864192K), 0.1056830 secs] [Times: user=0.56 sys=0.00, real=0.10 secs] 
4905.359: [GC (Allocation Failure) [PSYoungGen: 383634K->182965K(465920K)] 1253837K->1100753K(1864192K), 0.0409874 secs] [Times: user=0.18 sys=0.00, real=0.04 secs] 
4905.514: [GC (Allocation Failure) [PSYoungGen: 415925K->182582K(465920K)] 1333713K->1163982K(1864192K), 0.0499253 secs] [Times: user=0.23 sys=0.00, real=0.05 secs] 
4905.674: [GC (Allocation Failure) [PSYoungGen: 415542K->186325K(465920K)] 1396942K->1225876K(1864192K), 0.0571621 secs] [Times: user=0.28 sys=0.00, real=0.06 secs] 
4907.288: [GC (Allocation Failure) [PSYoungGen: 419285K->93371K(465920K)] 1458836K->1203322K(1864192K), 0.1064119 secs] [Times: user=0.58 sys=0.00, real=0.10 secs] 
4908.381: [GC (Allocation Failure) [PSYoungGen: 326331K->170580K(465920K)] 1436282K->1310353K(1864192K), 0.0670104 secs] [Times: user=0.31 sys=0.01, real=0.07 secs] 
4908.625: [GC (Allocation Failure) [PSYoungGen: 403540K->184534K(465920K)] 1543313K->1377830K(1864192K), 0.0431621 secs] [Times: user=0.19 sys=0.00, real=0.05 secs] 
4908.776: [GC (Allocation Failure) [PSYoungGen: 417494K->184084K(465920K)] 1610790K->1433293K(1864192K), 0.0456904 secs] [Times: user=0.22 sys=0.00, real=0.04 secs] 
4909.765: [GC (Allocation Failure) [PSYoungGen: 417044K->128176K(465920K)] 1666253K->1446784K(1864192K), 0.0484463 secs] [Times: user=0.25 sys=0.00, real=0.05 secs] 
4909.814: [Full GC (Ergonomics) [PSYoungGen: 128176K->0K(465920K)] [ParOldGen: 1318608K->341704K(1398272K)] 1446784K->341704K(1864192K), [Metaspace: 59522K->59522K(1105920K)], 0.5870823 secs] [Times: user=2.53 sys=0.00, real=0.59 secs] 
4911.055: [GC (Allocation Failure) [PSYoungGen: 232960K->148161K(465920K)] 574664K->489865K(1864192K), 0.0433018 secs] [Times: user=0.17 sys=0.00, real=0.05 secs] 
4911.477: [GC (Allocation Failure) [PSYoungGen: 381121K->176244K(465920K)] 722825K->563198K(1864192K), 0.0501642 secs] [Times: user=0.23 sys=0.00, real=0.05 secs] 
4911.709: [GC (Allocation Failure) [PSYoungGen: 409204K->185687K(465920K)] 796158K->642764K(1864192K), 0.0684664 secs] [Times: user=0.34 sys=0.00, real=0.07 secs] 
4911.931: [GC (Allocation Failure) [PSYoungGen: 418647K->186357K(465920K)] 875724K->702354K(1864192K), 0.0639376 secs] [Times: user=0.33 sys=0.00, real=0.06 secs] 
4913.023: [GC (Allocation Failure) [PSYoungGen: 419317K->97659K(465920K)] 935314K->684093K(1864192K), 0.0590322 secs] [Times: user=0.31 sys=0.00, real=0.06 secs] 
4913.560: [GC (Allocation Failure) [PSYoungGen: 330619K->177813K(465920K)] 917053K->796011K(1864192K), 0.0532639 secs] [Times: user=0.23 sys=0.00, real=0.05 secs] 
4913.772: [GC (Allocation Failure) [PSYoungGen: 410773K->184470K(465920K)] 1028971K->858184K(1864192K), 0.0431746 secs] [Times: user=0.19 sys=0.00, real=0.04 secs] 
4913.923: [GC (Allocation Failure) [PSYoungGen: 417430K->184308K(465920K)] 1091144K->913983K(1864192K), 0.0450200 secs] [Times: user=0.21 sys=0.00, real=0.05 secs] 
4915.023: [GC (Allocation Failure) [PSYoungGen: 417268K->128367K(465920K)] 1146943K->927594K(1864192K), 0.0478238 secs] [Times: user=0.24 sys=0.00, real=0.05 secs] 
4916.630: [GC (Allocation Failure) [PSYoungGen: 361327K->136720K(465920K)] 1160554K->976466K(1864192K), 0.1137821 secs] [Times: user=0.62 sys=0.00, real=0.11 secs] 
4917.173: [GC (Allocation Failure) [PSYoungGen: 369680K->177877K(465920K)] 1209426K->1061248K(1864192K), 0.0509581 secs] [Times: user=0.23 sys=0.00, real=0.05 secs] 
4917.344: [GC (Allocation Failure) [PSYoungGen: 410837K->185463K(465920K)] 1294208K->1131110K(1864192K), 0.0490246 secs] [Times: user=0.22 sys=0.00, real=0.05 secs] 
4917.501: [GC (Allocation Failure) [PSYoungGen: 418423K->186773K(465920K)] 1364070K->1191156K(1864192K), 0.0561476 secs] [Times: user=0.27 sys=0.00, real=0.06 secs] 
4918.517: [GC (Allocation Failure) [PSYoungGen: 419733K->91483K(465920K)] 1424116K->1166482K(1864192K), 0.0573055 secs] [Times: user=0.30 sys=0.01, real=0.05 secs] 
4919.352: [GC (Allocation Failure) [PSYoungGen: 324443K->173236K(465920K)] 1399442K->1277281K(1864192K), 0.0493771 secs] [Times: user=0.22 sys=0.01, real=0.05 secs] 
4919.588: [GC (Allocation Failure) [PSYoungGen: 406196K->184598K(465920K)] 1510241K->1342986K(1864192K), 0.0602932 secs] [Times: user=0.28 sys=0.00, real=0.06 secs] 
4919.764: [GC (Allocation Failure) [PSYoungGen: 417558K->187509K(465920K)] 1575946K->1401825K(1864192K), 0.0463272 secs] [Times: user=0.22 sys=0.00, real=0.05 secs] 
4920.709: [GC (Allocation Failure) [PSYoungGen: 420469K->138769K(465920K)] 1634785K->1423997K(1864192K), 0.0499119 secs] [Times: user=0.25 sys=0.00, real=0.05 secs] 
4921.719: [GC (Allocation Failure) [PSYoungGen: 371729K->128735K(465920K)] 1656957K->1457940K(1864192K), 0.1371307 secs] [Times: user=0.76 sys=0.00, real=0.13 secs] 
4921.856: [Full GC (Ergonomics) [PSYoungGen: 128735K->0K(465920K)] [ParOldGen: 1329204K->145524K(1398272K)] 1457940K->145524K(1864192K), [Metaspace: 59522K->59522K(1105920K)], 0.1717609 secs] [Times: user=0.81 sys=0.00, real=0.18 secs] 
4922.586: [GC (Allocation Failure) [PSYoungGen: 232960K->178037K(465920K)] 378484K->323561K(1864192K), 0.0261085 secs] [Times: user=0.09 sys=0.00, real=0.03 secs] 
4922.728: [GC (Allocation Failure) [PSYoungGen: 410997K->185239K(465920K)] 556521K->392911K(1864192K), 0.0475815 secs] [Times: user=0.22 sys=0.00, real=0.04 secs] 
4923.539: [GC (Allocation Failure) [PSYoungGen: 418199K->182836K(465920K)] 625871K->449093K(1864192K), 0.1511512 secs] [Times: user=0.66 sys=0.00, real=0.15 secs] 
4925.134: [GC (Allocation Failure) [PSYoungGen: 415796K->92411K(465920K)] 682053K->427763K(1864192K), 0.0643974 secs] [Times: user=0.35 sys=0.00, real=0.07 secs] 
4925.853: [GC (Allocation Failure) [PSYoungGen: 325371K->176181K(465920K)] 660723K->541178K(1864192K), 0.0456525 secs] [Times: user=0.20 sys=0.00, real=0.05 secs] 
4926.068: [GC (Allocation Failure) [PSYoungGen: 409141K->184726K(465920K)] 774138K->604671K(1864192K), 0.0490257 secs] [Times: user=0.23 sys=0.00, real=0.05 secs] 
4926.235: [GC (GCLocker Initiated GC) [PSYoungGen: 417686K->186741K(465920K)] 837631K->662647K(1864192K), 0.0465513 secs] [Times: user=0.21 sys=0.00, real=0.05 secs] 
4927.192: [GC (Allocation Failure) [PSYoungGen: 419701K->147122K(465920K)] 895608K->693629K(1864192K), 0.0518154 secs] [Times: user=0.26 sys=0.00, real=0.05 secs] 
4927.939: [GC (Allocation Failure) [PSYoungGen: 380082K->120158K(465920K)] 926589K->713249K(1864192K), 0.1606165 secs] [Times: user=0.90 sys=0.01, real=0.16 secs] 
4928.302: [GC (Allocation Failure) [PSYoungGen: 353118K->178229K(465920K)] 946209K->809895K(1864192K), 0.0371142 secs] [Times: user=0.16 sys=0.00, real=0.04 secs] 
4928.453: [GC (Allocation Failure) [PSYoungGen: 411189K->185399K(465920K)] 1042855K->879457K(1864192K), 0.0512295 secs] [Times: user=0.24 sys=0.00, real=0.05 secs] 
4928.613: [GC (Allocation Failure) [PSYoungGen: 418359K->186485K(465920K)] 1112417K->939551K(1864192K), 0.0559555 secs] [Times: user=0.27 sys=0.00, real=0.06 secs] 
4929.662: [GC (Allocation Failure) [PSYoungGen: 419445K->93243K(465920K)] 1172511K->916750K(1864192K), 0.0488470 secs] [Times: user=0.26 sys=0.00, real=0.05 secs] 
4930.623: [GC (Allocation Failure) [PSYoungGen: 326203K->169972K(465920K)] 1149710K->1023544K(1864192K), 0.0479003 secs] [Times: user=0.21 sys=0.00, real=0.05 secs] 
4930.815: [GC (Allocation Failure) [PSYoungGen: 402882K->184566K(465920K)] 1256454K->1091225K(1864192K), 0.0459429 secs] [Times: user=0.21 sys=0.00, real=0.05 secs] 
4930.990: [GC (Allocation Failure) [PSYoungGen: 403981K->173877K(465920K)] 1310640K->1144633K(1864192K), 0.0571011 secs] [Times: user=0.28 sys=0.00, real=0.06 secs] 
4931.923: [GC (Allocation Failure) [PSYoungGen: 406837K->169619K(465920K)] 1377593K->1195798K(1864192K), 0.0566897 secs] [Times: user=0.29 sys=0.01, real=0.06 secs] 
4932.956: [GC (Allocation Failure) [PSYoungGen: 402579K->100587K(465920K)] 1428758K->1191615K(1864192K), 0.1224975 secs] [Times: user=0.67 sys=0.01, real=0.13 secs] 
4933.780: [GC (Allocation Failure) [PSYoungGen: 333547K->179765K(465920K)] 1424575K->1302810K(1864192K), 0.0550114 secs] [Times: user=0.23 sys=0.00, real=0.05 secs] 
4934.033: [GC (Allocation Failure) [PSYoungGen: 412725K->184630K(465920K)] 1535770K->1363658K(1864192K), 0.0610048 secs] [Times: user=0.29 sys=0.00, real=0.06 secs] 
4934.212: [GC (Allocation Failure) [PSYoungGen: 417590K->186741K(465920K)] 1596618K->1421786K(1864192K), 0.0468133 secs] [Times: user=0.22 sys=0.00, real=0.05 secs] 
4935.259: [GC (Allocation Failure) [PSYoungGen: 419701K->97851K(465920K)] 1654746K->1403408K(1864192K), 0.0488284 secs] [Times: user=0.26 sys=0.00, real=0.05 secs] 
4936.101: [GC (Allocation Failure) [PSYoungGen: 330811K->163315K(465920K)] 1636368K->1500277K(1864192K), 0.0867550 secs] [Times: user=0.42 sys=0.00, real=0.09 secs] 
4936.188: [Full GC (Ergonomics) [PSYoungGen: 163315K->0K(465920K)] [ParOldGen: 1336961K->184731K(1398272K)] 1500277K->184731K(1864192K), [Metaspace: 59525K->59525K(1105920K)], 0.2555447 secs] [Times: user=1.25 sys=0.00, real=0.25 secs] 
4936.628: [GC (Allocation Failure) [PSYoungGen: 232960K->184406K(465920K)] 417691K->369137K(1864192K), 0.0335435 secs] [Times: user=0.14 sys=0.00, real=0.03 secs] 
4936.777: [GC (Allocation Failure) [PSYoungGen: 417366K->186039K(465920K)] 602097K->434666K(1864192K), 0.0441802 secs] [Times: user=0.19 sys=0.00, real=0.04 secs] 
4936.968: [GC (Allocation Failure) [PSYoungGen: 418999K->215508K(465920K)] 667626K->523239K(1864192K), 0.0535615 secs] [Times: user=0.26 sys=0.00, real=0.05 secs] 
4938.021: [GC (Allocation Failure) [PSYoungGen: 448468K->90618K(465920K)] 756199K->467318K(1864192K), 0.0493049 secs] [Times: user=0.26 sys=0.00, real=0.05 secs] 
4938.366: [GC (Allocation Failure) [PSYoungGen: 323578K->182742K(465920K)] 700278K->588626K(1864192K), 0.0340234 secs] [Times: user=0.14 sys=0.00, real=0.04 secs] 
4938.511: [GC (Allocation Failure) [PSYoungGen: 415702K->184726K(465920K)] 821586K->647566K(1864192K), 0.0429172 secs] [Times: user=0.19 sys=0.00, real=0.04 secs] 
4938.662: [GC (Allocation Failure) [PSYoungGen: 417686K->183508K(465920K)] 880526K->702453K(1864192K), 0.0443301 secs] [Times: user=0.20 sys=0.00, real=0.05 secs] 
4939.706: [GC (Allocation Failure) [PSYoungGen: 416468K->100060K(465920K)] 935413K->688092K(1864192K), 0.0459492 secs] [Times: user=0.24 sys=0.00, real=0.05 secs] 
4941.075: [GC (GCLocker Initiated GC) [PSYoungGen: 333020K->166452K(465920K)] 921052K->787245K(1864192K), 0.1316598 secs] [Times: user=0.68 sys=0.01, real=0.14 secs] 
4941.410: [GC (Allocation Failure) [PSYoungGen: 399412K->181429K(465920K)] 1020372K->854289K(1864192K), 0.0427333 secs] [Times: user=0.19 sys=0.00, real=0.04 secs] 
4941.570: [GC (Allocation Failure) [PSYoungGen: 414389K->185847K(465920K)] 1087249K->922147K(1864192K), 0.0511132 secs] [Times: user=0.23 sys=0.00, real=0.05 secs] 
4941.749: [GC (Allocation Failure) [PSYoungGen: 418807K->186485K(465920K)] 1155107K->981553K(1864192K), 0.0636925 secs] [Times: user=0.33 sys=0.00, real=0.06 secs] 
4943.093: [GC (GCLocker Initiated GC) [PSYoungGen: 419445K->87130K(465920K)] 1214513K->952646K(1864192K), 0.1014287 secs] [Times: user=0.56 sys=0.01, real=0.10 secs] 
4944.046: [GC (Allocation Failure) [PSYoungGen: 320090K->178421K(465920K)] 1185736K->1071448K(1864192K), 0.0597001 secs] [Times: user=0.23 sys=0.00, real=0.05 secs] 
4944.255: [GC (Allocation Failure) [PSYoungGen: 411381K->184534K(465920K)] 1304408K->1133648K(1864192K), 0.0438242 secs] [Times: user=0.20 sys=0.00, real=0.05 secs] 
4944.429: [GC (Allocation Failure) [PSYoungGen: 417494K->186709K(465920K)] 1366608K->1191704K(1864192K), 0.0592794 secs] [Times: user=0.28 sys=0.00, real=0.06 secs] 
4945.491: [GC (Allocation Failure) [PSYoungGen: 419669K->105068K(465920K)] 1424664K->1180527K(1864192K), 0.0458255 secs] [Times: user=0.23 sys=0.00, real=0.05 secs] 
4945.949: [GC (GCLocker Initiated GC) [PSYoungGen: 338028K->163891K(465920K)] 1413487K->1274099K(1864192K), 0.1050313 secs] [Times: user=0.54 sys=0.00, real=0.10 secs] 
4946.371: [GC (Allocation Failure) [PSYoungGen: 396851K->180693K(465920K)] 1507062K->1342456K(1864192K), 0.0494881 secs] [Times: user=0.24 sys=0.01, real=0.05 secs] 
4946.597: [GC (Allocation Failure) [PSYoungGen: 413653K->182742K(465920K)] 1575416K->1407273K(1864192K), 0.0748878 secs] [Times: user=0.37 sys=0.00, real=0.07 secs] 
4946.850: [GC (Allocation Failure) [PSYoungGen: 415702K->183508K(465920K)] 1640233K->1465735K(1864192K), 0.0744358 secs] [Times: user=0.38 sys=0.00, real=0.07 secs] 
4948.125: [GC (Allocation Failure) [PSYoungGen: 416468K->94299K(465920K)] 1698695K->1445809K(1864192K), 0.0626886 secs] [Times: user=0.33 sys=0.00, real=0.07 secs] 
4948.188: [Full GC (Ergonomics) [PSYoungGen: 94299K->0K(465920K)] [ParOldGen: 1351510K->105264K(1398272K)] 1445809K->105264K(1864192K), [Metaspace: 59539K->59539K(1105920K)], 0.1171300 secs] [Times: user=0.50 sys=0.01, real=0.11 secs] 
4948.913: [GC (Allocation Failure) [PSYoungGen: 232960K->181910K(465920K)] 338224K->287174K(1864192K), 0.0389027 secs] [Times: user=0.15 sys=0.01, real=0.04 secs] 
4949.103: [GC (Allocation Failure) [PSYoungGen: 414870K->181941K(465920K)] 520134K->344182K(1864192K), 0.0401510 secs] [Times: user=0.18 sys=0.00, real=0.04 secs] 
4949.286: [GC (Allocation Failure) [PSYoungGen: 414901K->186613K(465920K)] 577142K->404086K(1864192K), 0.0649994 secs] [Times: user=0.32 sys=0.00, real=0.07 secs] 
4950.393: [GC (Allocation Failure) [PSYoungGen: 419573K->109341K(465920K)] 637046K->397318K(1864192K), 0.0602043 secs] [Times: user=0.32 sys=0.00, real=0.06 secs] 
4952.548: [GC (Allocation Failure) [PSYoungGen: 342301K->153650K(465920K)] 630278K->476380K(1864192K), 0.0868425 secs] [Times: user=0.45 sys=0.00, real=0.08 secs] 
4953.178: [GC (Allocation Failure) [PSYoungGen: 386610K->189429K(465920K)] 709340K->560275K(1864192K), 0.0547717 secs] [Times: user=0.26 sys=0.00, real=0.05 secs] 
4953.354: [GC (Allocation Failure) [PSYoungGen: 422389K->182934K(465920K)] 793235K->616660K(1864192K), 0.0491040 secs] [Times: user=0.22 sys=0.00, real=0.05 secs] 
4953.529: [GC (Allocation Failure) [PSYoungGen: 415894K->186421K(465920K)] 849620K->678323K(1864192K), 0.0681908 secs] [Times: user=0.35 sys=0.00, real=0.07 secs] 
4954.631: [GC (GCLocker Initiated GC) [PSYoungGen: 419381K->90890K(465920K)] 911283K->653033K(1864192K), 0.0546531 secs] [Times: user=0.30 sys=0.00, real=0.05 secs] 
4955.391: [GC (Allocation Failure) [PSYoungGen: 323850K->174677K(465920K)] 886159K->766206K(1864192K), 0.0593679 secs] [Times: user=0.27 sys=0.00, real=0.06 secs] 
4955.613: [GC (Allocation Failure) [PSYoungGen: 407637K->184566K(465920K)] 999166K->830431K(1864192K), 0.0429416 secs] [Times: user=0.19 sys=0.00, real=0.05 secs] 
4955.797: [GC (Allocation Failure) [PSYoungGen: 417526K->181588K(465920K)] 1063391K->883278K(1864192K), 0.0629954 secs] [Times: user=0.31 sys=0.01, real=0.06 secs] 
4956.904: [GC (Allocation Failure) [PSYoungGen: 414548K->126415K(465920K)] 1116238K->897161K(1864192K), 0.0472998 secs] [Times: user=0.24 sys=0.00, real=0.05 secs] 
4957.900: [GC (Allocation Failure) [PSYoungGen: 359375K->148289K(465920K)] 1130121K->959187K(1864192K), 0.1267399 secs] [Times: user=0.69 sys=0.01, real=0.13 secs] 
4958.989: [GC (Allocation Failure) [PSYoungGen: 381249K->179765K(465920K)] 1192147K->1035936K(1864192K), 0.0548676 secs] [Times: user=0.25 sys=0.00, real=0.05 secs] 
4959.171: [GC (Allocation Failure) [PSYoungGen: 412725K->185655K(465920K)] 1268896K->1104594K(1864192K), 0.0494445 secs] [Times: user=0.23 sys=0.00, real=0.05 secs] 
4959.331: [GC (Allocation Failure) [PSYoungGen: 418615K->186581K(465920K)] 1337554K->1164400K(1864192K), 0.0574185 secs] [Times: user=0.28 sys=0.00, real=0.06 secs] 
4960.627: [GC (Allocation Failure) [PSYoungGen: 419541K->93483K(465920K)] 1397360K->1141706K(1864192K), 0.0835333 secs] [Times: user=0.45 sys=0.00, real=0.08 secs] 
4962.167: [GC (Allocation Failure) [PSYoungGen: 326443K->166292K(465920K)] 1374666K->1244391K(1864192K), 0.0584503 secs] [Times: user=0.26 sys=0.00, real=0.05 secs] 
4962.392: [GC (Allocation Failure) [PSYoungGen: 399252K->184694K(465920K)] 1477351K->1315085K(1864192K), 0.0424048 secs] [Times: user=0.19 sys=0.00, real=0.04 secs] 
4962.570: [GC (Allocation Failure) [PSYoungGen: 417654K->187061K(465920K)] 1548045K->1373349K(1864192K), 0.0529500 secs] [Times: user=0.26 sys=0.00, real=0.05 secs] 
4963.543: [GC (Allocation Failure) [PSYoungGen: 420021K->135664K(465920K)] 1606309K->1392464K(1864192K), 0.0495792 secs] [Times: user=0.25 sys=0.00, real=0.05 secs] 
4963.925: [GC (Allocation Failure) [PSYoungGen: 368624K->139328K(465920K)] 1625424K->1439240K(1864192K), 0.0780475 secs] [Times: user=0.42 sys=0.00, real=0.08 secs] 
4964.449: [GC (Allocation Failure) [PSYoungGen: 372288K->177173K(465920K)] 1672200K->1521989K(1864192K), 0.0400735 secs] [Times: user=0.17 sys=0.00, real=0.04 secs] 
4964.490: [Full GC (Ergonomics) [PSYoungGen: 177173K->0K(465920K)] [ParOldGen: 1344816K->238220K(1398272K)] 1521989K->238220K(1864192K), [Metaspace: 59539K->59539K(1105920K)], 0.2864772 secs] [Times: user=1.22 sys=0.00, real=0.29 secs] 
4964.894: [GC (Allocation Failure) [PSYoungGen: 232960K->180214K(465920K)] 471180K->418434K(1864192K), 0.0876748 secs] [Times: user=0.46 sys=0.00, real=0.09 secs] 
4965.103: [GC (Allocation Failure) [PSYoungGen: 413174K->186549K(465920K)] 651394K->482537K(1864192K), 0.0572684 secs] [Times: user=0.29 sys=0.00, real=0.06 secs] 
4966.142: [GC (Allocation Failure) [PSYoungGen: 419509K->97211K(465920K)] 715497K->463824K(1864192K), 0.0521110 secs] [Times: user=0.28 sys=0.00, real=0.05 secs] 
4967.426: [GC (Allocation Failure) [PSYoungGen: 330171K->173941K(465920K)] 696784K->571334K(1864192K), 0.0631065 secs] [Times: user=0.27 sys=0.00, real=0.07 secs] 
4967.661: [GC (Allocation Failure) [PSYoungGen: 406901K->181973K(465920K)] 804294K->633803K(1864192K), 0.0440541 secs] [Times: user=0.20 sys=0.00, real=0.04 secs] 
4967.863: [GC (Allocation Failure) [PSYoungGen: 414933K->187061K(465920K)] 866763K->694250K(1864192K), 0.0682755 secs] [Times: user=0.34 sys=0.00, real=0.07 secs] 
4968.851: [GC (Allocation Failure) [PSYoungGen: 420021K->140817K(465920K)] 927210K->718358K(1864192K), 0.0502542 secs] [Times: user=0.25 sys=0.00, real=0.05 secs] 
4969.893: [GC (Allocation Failure) [PSYoungGen: 373777K->129423K(465920K)] 951318K->751692K(1864192K), 0.1403411 secs] [Times: user=0.78 sys=0.01, real=0.14 secs] 
4970.376: [GC (Allocation Failure) [PSYoungGen: 362383K->186581K(465920K)] 984652K->850086K(1864192K), 0.0388746 secs] [Times: user=0.17 sys=0.00, real=0.04 secs] 
4970.553: [GC (Allocation Failure) [PSYoungGen: 419541K->186007K(465920K)] 1083046K->911752K(1864192K), 0.0550635 secs] [Times: user=0.26 sys=0.00, real=0.06 secs] 
4970.736: [GC (Allocation Failure) [PSYoungGen: 418967K->186549K(465920K)] 1144712K->971346K(1864192K), 0.0581093 secs] [Times: user=0.29 sys=0.00, real=0.06 secs] 
4971.837: [GC (Allocation Failure) [PSYoungGen: 419509K->88682K(465920K)] 1204306K->943735K(1864192K), 0.0577352 secs] [Times: user=0.32 sys=0.00, real=0.05 secs] 
4972.671: [GC (Allocation Failure) [PSYoungGen: 321642K->175957K(465920K)] 1176695K->1059670K(1864192K), 0.0610511 secs] [Times: user=0.26 sys=0.00, real=0.06 secs] 
4972.904: [GC (Allocation Failure) [PSYoungGen: 408917K->184534K(465920K)] 1292630K->1123299K(1864192K), 0.0440590 secs] [Times: user=0.20 sys=0.00, real=0.05 secs] 
4973.053: [GC (Allocation Failure) [PSYoungGen: 417494K->187221K(465920K)] 1356259K->1181762K(1864192K), 0.0467871 secs] [Times: user=0.22 sys=0.00, real=0.05 secs] 
4974.047: [GC (Allocation Failure) [PSYoungGen: 420181K->144209K(465920K)] 1414722K->1209395K(1864192K), 0.0514408 secs] [Times: user=0.25 sys=0.01, real=0.05 secs] 
4974.972: [GC (Allocation Failure) [PSYoungGen: 377169K->124767K(465920K)] 1442355K->1235528K(1864192K), 0.1479810 secs] [Times: user=0.83 sys=0.00, real=0.15 secs] 
4976.213: [GC (Allocation Failure) [PSYoungGen: 357727K->177045K(465920K)] 1468488K->1326865K(1864192K), 0.0545336 secs] [Times: user=0.25 sys=0.00, real=0.06 secs] 
4976.399: [GC (Allocation Failure) [PSYoungGen: 410005K->185783K(465920K)] 1559825K->1397787K(1864192K), 0.0504034 secs] [Times: user=0.23 sys=0.00, real=0.05 secs] 
4976.578: [GC (Allocation Failure) [PSYoungGen: 418743K->184148K(465920K)] 1630747K->1454993K(1864192K), 0.0707503 secs] [Times: user=0.36 sys=0.00, real=0.07 secs] 
4978.029: [GC (Allocation Failure) [PSYoungGen: 417108K->93371K(465920K)] 1687953K->1433703K(1864192K), 0.1002268 secs] [Times: user=0.54 sys=0.00, real=0.10 secs] 
4978.130: [Full GC (Ergonomics) [PSYoungGen: 93371K->0K(465920K)] [ParOldGen: 1340332K->91234K(1398272K)] 1433703K->91234K(1864192K), [Metaspace: 59540K->59540K(1105920K)], 0.0921331 secs] [Times: user=0.34 sys=0.01, real=0.09 secs] 
4979.394: [GC (Allocation Failure) [PSYoungGen: 232960K->170356K(465920K)] 324194K->261591K(1864192K), 0.0418096 secs] [Times: user=0.16 sys=0.00, real=0.05 secs] 
4979.616: [GC (Allocation Failure) [PSYoungGen: 403316K->181493K(465920K)] 494551K->325868K(1864192K), 0.0415910 secs] [Times: user=0.19 sys=0.00, real=0.04 secs] 
4979.798: [GC (Allocation Failure) [PSYoungGen: 402586K->176246K(465920K)] 546961K->383956K(1864192K), 0.0685291 secs] [Times: user=0.33 sys=0.00, real=0.07 secs] 
4980.647: [GC (Allocation Failure) [PSYoungGen: 407117K->205843K(465920K)] 614828K->469505K(1864192K), 0.0533890 secs] [Times: user=0.26 sys=0.00, real=0.05 secs] 
4981.110: [GC (Allocation Failure) [PSYoungGen: 438803K->100876K(465920K)] 702465K->429162K(1864192K), 0.0666071 secs] [Times: user=0.35 sys=0.00, real=0.07 secs] 
4981.598: [GC (Allocation Failure) [PSYoungGen: 333836K->181782K(465920K)] 662122K->542201K(1864192K), 0.0465664 secs] [Times: user=0.20 sys=0.00, real=0.04 secs] 
4981.767: [GC (Allocation Failure) [PSYoungGen: 414742K->181621K(465920K)] 775161K->598789K(1864192K), 0.0430515 secs] [Times: user=0.19 sys=0.01, real=0.04 secs] 
4981.972: [GC (Allocation Failure) [PSYoungGen: 414581K->202837K(465920K)] 831749K->675196K(1864192K), 0.0675619 secs] [Times: user=0.33 sys=0.00, real=0.07 secs] 
4983.052: [GC (Allocation Failure) [PSYoungGen: 435797K->96907K(465920K)] 908156K->639623K(1864192K), 0.0559288 secs] [Times: user=0.30 sys=0.00, real=0.06 secs] 
4983.935: [GC (GCLocker Initiated GC) [PSYoungGen: 329867K->170708K(465920K)] 872583K->745005K(1864192K), 0.0793942 secs] [Times: user=0.38 sys=0.00, real=0.08 secs] 
4984.196: [GC (Allocation Failure) [PSYoungGen: 403668K->184214K(465920K)] 978004K->811669K(1864192K), 0.0422117 secs] [Times: user=0.18 sys=0.00, real=0.05 secs] 
4984.382: [GC (GCLocker Initiated GC) [PSYoungGen: 417174K->184439K(465920K)] 1044630K->876011K(1864192K), 0.0608701 secs] [Times: user=0.30 sys=0.01, real=0.06 secs] 
4985.379: [GC (Allocation Failure) [PSYoungGen: 417399K->178548K(465920K)] 1118304K->938037K(1864192K), 0.0735275 secs] [Times: user=0.38 sys=0.00, real=0.07 secs] 
4987.276: [GC (GCLocker Initiated GC) [PSYoungGen: 411508K->94971K(465920K)] 1170997K->922137K(1864192K), 0.1285504 secs] [Times: user=0.72 sys=0.00, real=0.12 secs] 
4987.809: [GC (Allocation Failure) [PSYoungGen: 327931K->180053K(465920K)] 1155263K->1037467K(1864192K), 0.0421997 secs] [Times: user=0.19 sys=0.00, real=0.04 secs] 
4987.963: [GC (GCLocker Initiated GC) [PSYoungGen: 413013K->182389K(465920K)] 1270428K->1096076K(1864192K), 0.0439120 secs] [Times: user=0.20 sys=0.00, real=0.05 secs] 
4988.117: [GC (Allocation Failure) [PSYoungGen: 415349K->203221K(465920K)] 1329202K->1172313K(1864192K), 0.0464106 secs] [Times: user=0.22 sys=0.00, real=0.04 secs] 
4989.206: [GC (Allocation Failure) [PSYoungGen: 436181K->98988K(465920K)] 1405273K->1138468K(1864192K), 0.0448082 secs] [Times: user=0.24 sys=0.00, real=0.05 secs] 
4989.776: [GC (Allocation Failure) [PSYoungGen: 331948K->167604K(465920K)] 1371428K->1239773K(1864192K), 0.0826644 secs] [Times: user=0.41 sys=0.01, real=0.09 secs] 
4990.030: [GC (Allocation Failure) [PSYoungGen: 400564K->184374K(465920K)] 1472733K->1308958K(1864192K), 0.0430401 secs] [Times: user=0.19 sys=0.00, real=0.04 secs] 
4990.214: [GC (Allocation Failure) [PSYoungGen: 417334K->185495K(465920K)] 1541918K->1374296K(1864192K), 0.0564237 secs] [Times: user=0.27 sys=0.00, real=0.06 secs] 
4990.404: [GC (Allocation Failure) [PSYoungGen: 418455K->183444K(465920K)] 1607256K->1431013K(1864192K), 0.0682100 secs] [Times: user=0.34 sys=0.00, real=0.07 secs] 
4991.610: [GC (Allocation Failure) [PSYoungGen: 416404K->84265K(465920K)] 1663973K->1401134K(1864192K), 0.0850690 secs] [Times: user=0.47 sys=0.00, real=0.08 secs] 
4991.695: [Full GC (Ergonomics) [PSYoungGen: 84265K->0K(465920K)] [ParOldGen: 1316868K->100264K(1398272K)] 1401134K->100264K(1864192K), [Metaspace: 59540K->59540K(1105920K)], 0.1522513 secs] [Times: user=0.64 sys=0.00, real=0.16 secs] 
4992.961: [GC (Allocation Failure) [PSYoungGen: 232960K->181398K(465920K)] 333224K->281662K(1864192K), 0.0381137 secs] [Times: user=0.14 sys=0.00, real=0.04 secs] 
4993.146: [GC (Allocation Failure) [PSYoungGen: 414358K->182069K(465920K)] 514622K->339170K(1864192K), 0.0407568 secs] [Times: user=0.18 sys=0.00, real=0.05 secs] 
4993.297: [GC (Allocation Failure) [PSYoungGen: 415029K->187029K(465920K)] 572130K->399482K(1864192K), 0.0448585 secs] [Times: user=0.20 sys=0.01, real=0.04 secs] 
4994.468: [GC (Allocation Failure) [PSYoungGen: 419989K->105708K(465920K)] 632442K->388717K(1864192K), 0.0578424 secs] [Times: user=0.31 sys=0.00, real=0.05 secs] 
4996.177: [GC (Allocation Failure) [PSYoungGen: 338668K->157939K(465920K)] 621677K->475060K(1864192K), 0.0976583 secs] [Times: user=0.51 sys=0.00, real=0.09 secs] 
4996.437: [GC (Allocation Failure) [PSYoungGen: 390899K->184342K(465920K)] 708020K->551195K(1864192K), 0.0413713 secs] [Times: user=0.18 sys=0.00, real=0.04 secs] 
4996.592: [GC (Allocation Failure) [PSYoungGen: 417302K->182870K(465920K)] 784155K->613820K(1864192K), 0.0493122 secs] [Times: user=0.23 sys=0.00, real=0.05 secs] 
4996.752: [GC (Allocation Failure) [PSYoungGen: 415830K->186741K(465920K)] 846780K->675923K(1864192K), 0.0548490 secs] [Times: user=0.27 sys=0.00, real=0.06 secs] 
4997.805: [GC (Allocation Failure) [PSYoungGen: 419701K->92747K(465920K)] 908883K->652272K(1864192K), 0.0471525 secs] [Times: user=0.24 sys=0.00, real=0.05 secs] 
4998.404: [GC (Allocation Failure) [PSYoungGen: 325707K->176405K(465920K)] 885232K->765392K(1864192K), 0.0362850 secs] [Times: user=0.15 sys=0.00, real=0.04 secs] 
4998.554: [GC (Allocation Failure) [PSYoungGen: 409365K->184694K(465920K)] 998352K->829329K(1864192K), 0.0429976 secs] [Times: user=0.19 sys=0.00, real=0.05 secs] 
4998.747: [GC (Allocation Failure) [PSYoungGen: 417654K->186773K(465920K)] 1062289K->887456K(1864192K), 0.0718114 secs] [Times: user=0.36 sys=0.01, real=0.07 secs] 
4999.865: [GC (Allocation Failure) [PSYoungGen: 419733K->111645K(465920K)] 1120416K->883028K(1864192K), 0.0459875 secs] [Times: user=0.24 sys=0.00, real=0.05 secs] 
5000.316: [GC (Allocation Failure) [PSYoungGen: 344605K->159091K(465920K)] 1115988K->967426K(1864192K), 0.0879468 secs] [Times: user=0.45 sys=0.00, real=0.09 secs] 
5000.594: [GC (Allocation Failure) [PSYoungGen: 392051K->184021K(465920K)] 1200386K->1041917K(1864192K), 0.0417897 secs] [Times: user=0.19 sys=0.00, real=0.04 secs] 
5000.749: [GC (Allocation Failure) [PSYoungGen: 416981K->185303K(465920K)] 1274877K->1107346K(1864192K), 0.0501259 secs] [Times: user=0.24 sys=0.00, real=0.05 secs] 
5000.903: [GC (Allocation Failure) [PSYoungGen: 418263K->183668K(465920K)] 1340306K->1164440K(1864192K), 0.0561877 secs] [Times: user=0.27 sys=0.00, real=0.06 secs] 
5002.888: [GC (Allocation Failure) [PSYoungGen: 416062K->89178K(465920K)] 1396833K->1139446K(1864192K), 0.0975110 secs] [Times: user=0.52 sys=0.01, real=0.09 secs] 
5004.345: [GC (Allocation Failure) [PSYoungGen: 322138K->173685K(465920K)] 1372406K->1252117K(1864192K), 0.0562697 secs] [Times: user=0.25 sys=0.00, real=0.06 secs] 
5004.614: [GC (Allocation Failure) [PSYoungGen: 406645K->184438K(465920K)] 1485077K->1317406K(1864192K), 0.0562865 secs] [Times: user=0.27 sys=0.00, real=0.06 secs] 
5004.779: [GC (Allocation Failure) [PSYoungGen: 417398K->184500K(465920K)] 1550366K->1373269K(1864192K), 0.0450627 secs] [Times: user=0.21 sys=0.00, real=0.04 secs] 
5005.852: [GC (Allocation Failure) [PSYoungGen: 417460K->119118K(465920K)] 1606229K->1377571K(1864192K), 0.0473862 secs] [Times: user=0.24 sys=0.00, real=0.05 secs] 
5006.298: [GC (Allocation Failure) [PSYoungGen: 352078K->152162K(465920K)] 1610531K->1448959K(1864192K), 0.1143486 secs] [Times: user=0.62 sys=0.00, real=0.11 secs] 
5006.670: [GC (Allocation Failure) [PSYoungGen: 385122K->184085K(465920K)] 1681919K->1528207K(1864192K), 0.0413670 secs] [Times: user=0.18 sys=0.00, real=0.04 secs] 
5006.711: [Full GC (Ergonomics) [PSYoungGen: 184085K->0K(465920K)] [ParOldGen: 1344121K->248233K(1398272K)] 1528207K->248233K(1864192K), [Metaspace: 59541K->59541K(1105920K)], 0.3092780 secs] [Times: user=1.42 sys=0.00, real=0.31 secs] 
5007.148: [GC (Allocation Failure) [PSYoungGen: 232960K->185111K(465920K)] 481193K->433344K(1864192K), 0.0877688 secs] [Times: user=0.46 sys=0.00, real=0.09 secs] 
5007.359: [GC (Allocation Failure) [PSYoungGen: 418071K->182804K(465920K)] 666304K->489781K(1864192K), 0.0551373 secs] [Times: user=0.27 sys=0.00, real=0.05 secs] 
5008.472: [GC (Allocation Failure) [PSYoungGen: 415764K->88826K(465920K)] 722741K->465019K(1864192K), 0.0794944 secs] [Times: user=0.43 sys=0.00, real=0.08 secs] 
5009.055: [GC (Allocation Failure) [PSYoungGen: 321786K->177749K(465920K)] 697979K->583138K(1864192K), 0.0480580 secs] [Times: user=0.21 sys=0.00, real=0.05 secs] 
5009.241: [GC (Allocation Failure) [PSYoungGen: 410709K->184278K(465920K)] 816098K->644866K(1864192K), 0.0438030 secs] [Times: user=0.20 sys=0.00, real=0.04 secs] 
5009.449: [GC (Allocation Failure) [PSYoungGen: 417238K->186325K(465920K)] 877826K->702689K(1864192K), 0.0477281 secs] [Times: user=0.22 sys=0.01, real=0.05 secs] 
5010.646: [GC (Allocation Failure) [PSYoungGen: 419285K->121423K(465920K)] 935649K->708019K(1864192K), 0.0474799 secs] [Times: user=0.24 sys=0.00, real=0.04 secs] 
5011.987: [GC (Allocation Failure) [PSYoungGen: 354383K->144129K(465920K)] 940979K->769085K(1864192K), 0.1467300 secs] [Times: user=0.81 sys=0.00, real=0.14 secs] 
5012.723: [GC (Allocation Failure) [PSYoungGen: 377089K->181365K(465920K)] 1002045K->851895K(1864192K), 0.0524793 secs] [Times: user=0.25 sys=0.00, real=0.05 secs] 
5012.964: [GC (Allocation Failure) [PSYoungGen: 414325K->182774K(465920K)] 1084855K->916516K(1864192K), 0.0727125 secs] [Times: user=0.36 sys=0.01, real=0.08 secs] 
5013.195: [GC (Allocation Failure) [PSYoungGen: 415734K->186677K(465920K)] 1149476K->978730K(1864192K), 0.0830031 secs] [Times: user=0.43 sys=0.00, real=0.09 secs] 
5014.530: [GC (Allocation Failure) [PSYoungGen: 419637K->91915K(465920K)] 1211690K->954496K(1864192K), 0.0796830 secs] [Times: user=0.44 sys=0.00, real=0.08 secs] 
5015.120: [GC (Allocation Failure) [PSYoungGen: 324875K->174805K(465920K)] 1187456K->1067135K(1864192K), 0.0477378 secs] [Times: user=0.20 sys=0.00, real=0.05 secs] 
5015.306: [GC (Allocation Failure) [PSYoungGen: 407765K->184662K(465920K)] 1300095K->1131672K(1864192K), 0.0430944 secs] [Times: user=0.19 sys=0.01, real=0.05 secs] 
5015.487: [GC (Allocation Failure) [PSYoungGen: 417622K->184084K(465920K)] 1364632K->1187094K(1864192K), 0.0538617 secs] [Times: user=0.26 sys=0.00, real=0.05 secs] 
5016.472: [GC (Allocation Failure) [PSYoungGen: 417044K->134480K(465920K)] 1420054K->1206994K(1864192K), 0.0486865 secs] [Times: user=0.24 sys=0.00, real=0.05 secs] 
5016.959: [GC (GCLocker Initiated GC) [PSYoungGen: 367440K->138256K(465920K)] 1439954K->1253290K(1864192K), 0.0749217 secs] [Times: user=0.40 sys=0.00, real=0.07 secs] 
5017.284: [GC (Allocation Failure) [PSYoungGen: 371216K->177749K(465920K)] 1486252K->1337244K(1864192K), 0.0386257 secs] [Times: user=0.17 sys=0.00, real=0.04 secs] 
5017.462: [GC (Allocation Failure) [PSYoungGen: 410709K->185719K(465920K)] 1570204K->1407634K(1864192K), 0.0634166 secs] [Times: user=0.31 sys=0.00, real=0.06 secs] 
5017.648: [GC (Allocation Failure) [PSYoungGen: 418679K->186389K(465920K)] 1640594K->1467112K(1864192K), 0.0599710 secs] [Times: user=0.29 sys=0.00, real=0.06 secs] 
5019.165: [GC (Allocation Failure) [PSYoungGen: 419349K->87546K(465920K)] 1700072K->1438638K(1864192K), 0.1205186 secs] [Times: user=0.67 sys=0.00, real=0.12 secs] 
5019.286: [Full GC (Ergonomics) [PSYoungGen: 87546K->0K(465920K)] [ParOldGen: 1351091K->91260K(1398272K)] 1438638K->91260K(1864192K), [Metaspace: 59541K->59541K(1105920K)], 0.1112718 secs] [Times: user=0.44 sys=0.00, real=0.12 secs] 
5020.387: [GC (Allocation Failure) [PSYoungGen: 232960K->176853K(465920K)] 324220K->268113K(1864192K), 0.0411990 secs] [Times: user=0.15 sys=0.00, real=0.04 secs] 
5020.602: [GC (Allocation Failure) [PSYoungGen: 409813K->184662K(465920K)] 501073K->331306K(1864192K), 0.0423154 secs] [Times: user=0.19 sys=0.00, real=0.04 secs] 
5020.784: [GC (Allocation Failure) [PSYoungGen: 417622K->184084K(465920K)] 564266K->386849K(1864192K), 0.0600555 secs] [Times: user=0.29 sys=0.00, real=0.06 secs] 
5021.796: [GC (Allocation Failure) [PSYoungGen: 417044K->141073K(465920K)] 619809K->413254K(1864192K), 0.0489254 secs] [Times: user=0.24 sys=0.00, real=0.04 secs] 
5023.297: [GC (Allocation Failure) [PSYoungGen: 374033K->125759K(465920K)] 646214K->442731K(1864192K), 0.1507037 secs] [Times: user=0.84 sys=0.00, real=0.15 secs] 
5024.183: [GC (Allocation Failure) [PSYoungGen: 358719K->174676K(465920K)] 675691K->531410K(1864192K), 0.0523068 secs] [Times: user=0.24 sys=0.00, real=0.05 secs] 
5024.370: [GC (Allocation Failure) [PSYoungGen: 407636K->185271K(465920K)] 764370K->603508K(1864192K), 0.0485248 secs] [Times: user=0.22 sys=0.00, real=0.05 secs] 
5024.529: [GC (Allocation Failure) [PSYoungGen: 418231K->186741K(465920K)] 836468K->663786K(1864192K), 0.0584769 secs] [Times: user=0.29 sys=0.00, real=0.06 secs] 
5025.607: [GC (Allocation Failure) [PSYoungGen: 419701K->94603K(465920K)] 896746K->642165K(1864192K), 0.0565922 secs] [Times: user=0.30 sys=0.01, real=0.05 secs] 
5026.158: [GC (GCLocker Initiated GC) [PSYoungGen: 327563K->170580K(465920K)] 875125K->748763K(1864192K), 0.0499398 secs] [Times: user=0.22 sys=0.00, real=0.05 secs] 
5026.346: [GC (Allocation Failure) [PSYoungGen: 403540K->184598K(465920K)] 982018K->816739K(1864192K), 0.0429311 secs] [Times: user=0.19 sys=0.00, real=0.05 secs] 
5026.495: [GC (Allocation Failure) [PSYoungGen: 402748K->170677K(465920K)] 1034890K->866858K(1864192K), 0.0481952 secs] [Times: user=0.23 sys=0.00, real=0.05 secs] 
5027.497: [GC (Allocation Failure) [PSYoungGen: 403637K->169267K(463872K)] 1099818K->919624K(1862144K), 0.0544219 secs] [Times: user=0.27 sys=0.00, real=0.05 secs] 
5028.155: [GC (Allocation Failure) [PSYoungGen: 402227K->106828K(464896K)] 1152584K->921794K(1863168K), 0.1169365 secs] [Times: user=0.64 sys=0.01, real=0.12 secs] 
5029.315: [GC (Allocation Failure) [PSYoungGen: 339788K->175829K(465920K)] 1154754K->1024571K(1864192K), 0.0506586 secs] [Times: user=0.23 sys=0.00, real=0.05 secs] 
5029.496: [GC (Allocation Failure) [PSYoungGen: 408789K->184790K(465920K)] 1257531K->1088876K(1864192K), 0.0441768 secs] [Times: user=0.20 sys=0.00, real=0.05 secs] 
5029.651: [GC (Allocation Failure) [PSYoungGen: 417750K->186869K(465920K)] 1321836K->1146875K(1864192K), 0.0465441 secs] [Times: user=0.22 sys=0.00, real=0.05 secs] 
5030.685: [GC (Allocation Failure) [PSYoungGen: 419829K->99756K(465920K)] 1379835K->1130318K(1864192K), 0.0449322 secs] [Times: user=0.23 sys=0.00, real=0.05 secs] 
5032.478: [GC (Allocation Failure) [PSYoungGen: 332716K->163315K(465920K)] 1363278K->1225819K(1864192K), 0.0911923 secs] [Times: user=0.46 sys=0.00, real=0.09 secs] 
5032.780: [GC (Allocation Failure) [PSYoungGen: 396275K->182549K(465920K)] 1458779K->1296345K(1864192K), 0.0470758 secs] [Times: user=0.22 sys=0.01, real=0.05 secs] 
5032.967: [GC (Allocation Failure) [PSYoungGen: 415509K->185879K(465920K)] 1529305K->1363386K(1864192K), 0.0654874 secs] [Times: user=0.33 sys=0.00, real=0.06 secs] 
5033.479: [GC (Allocation Failure) [PSYoungGen: 415510K->215444K(465920K)] 1593018K->1451920K(1864192K), 0.0545345 secs] [Times: user=0.27 sys=0.00, real=0.05 secs] 
5034.353: [GC (Allocation Failure) [PSYoungGen: 448404K->90794K(465920K)] 1684880K->1395806K(1864192K), 0.0930836 secs] [Times: user=0.50 sys=0.00, real=0.09 secs] 
5034.983: [GC (Allocation Failure) [PSYoungGen: 323754K->179413K(465920K)] 1628766K->1513557K(1864192K), 0.0479911 secs] [Times: user=0.21 sys=0.00, real=0.05 secs] 
5035.031: [Full GC (Ergonomics) [PSYoungGen: 179413K->0K(465920K)] [ParOldGen: 1334143K->224662K(1398272K)] 1513557K->224662K(1864192K), [Metaspace: 59541K->59541K(1105920K)], 0.2705868 secs] [Times: user=1.25 sys=0.00, real=0.27 secs] 
5035.433: [GC (Allocation Failure) [PSYoungGen: 232960K->184117K(465920K)] 457622K->408780K(1864192K), 0.0264872 secs] [Times: user=0.10 sys=0.00, real=0.03 secs] 
5035.572: [GC (Allocation Failure) [PSYoungGen: 417077K->186517K(465920K)] 641740K->467388K(1864192K), 0.0455253 secs] [Times: user=0.21 sys=0.00, real=0.05 secs] 
5036.580: [GC (GCLocker Initiated GC) [PSYoungGen: 419477K->101276K(465920K)] 700348K->452339K(1864192K), 0.0441371 secs] [Times: user=0.22 sys=0.00, real=0.04 secs] 
5037.857: [GC (Allocation Failure) [PSYoungGen: 334236K->164339K(465920K)] 685594K->548254K(1864192K), 0.0981690 secs] [Times: user=0.49 sys=0.01, real=0.09 secs] 
5038.262: [GC (Allocation Failure) [PSYoungGen: 397250K->181749K(465920K)] 781165K->617068K(1864192K), 0.0412650 secs] [Times: user=0.18 sys=0.00, real=0.04 secs] 
5038.444: [GC (Allocation Failure) [PSYoungGen: 414709K->185879K(465920K)] 850028K->684678K(1864192K), 0.0696137 secs] [Times: user=0.35 sys=0.00, real=0.07 secs] 
5038.665: [GC (Allocation Failure) [PSYoungGen: 418839K->186325K(465920K)] 917638K->744180K(1864192K), 0.0794935 secs] [Times: user=0.40 sys=0.00, real=0.08 secs] 
5040.660: [GC (Allocation Failure) [PSYoungGen: 419285K->85274K(465920K)] 977140K->713296K(1864192K), 0.1132070 secs] [Times: user=0.63 sys=0.01, real=0.11 secs] 
5041.616: [GC (Allocation Failure) [PSYoungGen: 318234K->177685K(465920K)] 946256K->832217K(1864192K), 0.0549513 secs] [Times: user=0.24 sys=0.00, real=0.06 secs] 
5041.822: [GC (Allocation Failure) [PSYoungGen: 410645K->184854K(465920K)] 1065177K->894853K(1864192K), 0.0432894 secs] [Times: user=0.20 sys=0.00, real=0.04 secs] 
5041.995: [GC (Allocation Failure) [PSYoungGen: 417814K->187125K(465920K)] 1127813K->953237K(1864192K), 0.0500956 secs] [Times: user=0.24 sys=0.00, real=0.05 secs] 
5043.022: [GC (Allocation Failure) [PSYoungGen: 420085K->107613K(465920K)] 1186197K->944297K(1864192K), 0.0462657 secs] [Times: user=0.24 sys=0.00, real=0.05 secs] 
5043.514: [GC (Allocation Failure) [PSYoungGen: 340573K->160755K(465920K)] 1177257K->1032895K(1864192K), 0.0980823 secs] [Times: user=0.51 sys=0.00, real=0.10 secs] 
5043.831: [GC (Allocation Failure) [PSYoungGen: 393715K->181045K(465920K)] 1265855K->1103065K(1864192K), 0.0455164 secs] [Times: user=0.21 sys=0.00, real=0.05 secs] 
5043.993: [GC (Allocation Failure) [PSYoungGen: 414005K->185623K(465920K)] 1336025K->1171119K(1864192K), 0.0514715 secs] [Times: user=0.24 sys=0.00, real=0.05 secs] 
5044.154: [GC (Allocation Failure) [PSYoungGen: 418583K->186133K(465920K)] 1404079K->1230605K(1864192K), 0.0576213 secs] [Times: user=0.29 sys=0.00, real=0.06 secs] 
5046.070: [GC (Allocation Failure) [PSYoungGen: 418130K->88122K(465920K)] 1462602K->1202826K(1864192K), 0.1134411 secs] [Times: user=0.63 sys=0.01, real=0.11 secs] 
5047.228: [GC (Allocation Failure) [PSYoungGen: 321082K->175509K(465920K)] 1435786K->1318558K(1864192K), 0.0573224 secs] [Times: user=0.26 sys=0.00, real=0.05 secs] 
5047.442: [GC (Allocation Failure) [PSYoungGen: 408469K->184534K(465920K)] 1551518K->1382539K(1864192K), 0.0447611 secs] [Times: user=0.20 sys=0.00, real=0.05 secs] 
5047.597: [GC (Allocation Failure) [PSYoungGen: 417494K->186581K(465920K)] 1615499K->1440522K(1864192K), 0.0471712 secs] [Times: user=0.22 sys=0.00, real=0.04 secs] 
5048.605: [GC (Allocation Failure) [PSYoungGen: 419541K->115998K(465920K)] 1673482K->1440283K(1864192K), 0.0479122 secs] [Times: user=0.24 sys=0.00, real=0.05 secs] 
5048.653: [Full GC (Ergonomics) [PSYoungGen: 115998K->0K(465920K)] [ParOldGen: 1324285K->96822K(1398272K)] 1440283K->96822K(1864192K), [Metaspace: 59541K->59541K(1105920K)], 0.0338817 secs] [Times: user=0.10 sys=0.00, real=0.04 secs] 
5050.337: [GC (GCLocker Initiated GC) [PSYoungGen: 232960K->146769K(465920K)] 329782K->243592K(1864192K), 0.0596839 secs] [Times: user=0.23 sys=0.00, real=0.06 secs] 
5050.896: [GC (Allocation Failure) [PSYoungGen: 379729K->192085K(465920K)] 476591K->334803K(1864192K), 0.0542477 secs] [Times: user=0.25 sys=0.00, real=0.05 secs] 
5051.072: [GC (Allocation Failure) [PSYoungGen: 425045K->186007K(465920K)] 567763K->392621K(1864192K), 0.0492259 secs] [Times: user=0.22 sys=0.00, real=0.05 secs] 
5051.262: [GC (Allocation Failure) [PSYoungGen: 418967K->200340K(465920K)] 625581K->465802K(1864192K), 0.0791475 secs] [Times: user=0.41 sys=0.01, real=0.08 secs] 
5052.344: [GC (Allocation Failure) [PSYoungGen: 433300K->93835K(465920K)] 698762K->428841K(1864192K), 0.0534857 secs] [Times: user=0.28 sys=0.00, real=0.06 secs] 
5053.235: [GC (Allocation Failure) [PSYoungGen: 326795K->174037K(465920K)] 661801K->539240K(1864192K), 0.0609106 secs] [Times: user=0.27 sys=0.00, real=0.06 secs] 
5053.474: [GC (Allocation Failure) [PSYoungGen: 406997K->182005K(465920K)] 772200K->601516K(1864192K), 0.0428770 secs] [Times: user=0.19 sys=0.00, real=0.05 secs] 
5053.627: [GC (Allocation Failure) [PSYoungGen: 414965K->186645K(465920K)] 834476K->661508K(1864192K), 0.0452755 secs] [Times: user=0.21 sys=0.00, real=0.04 secs] 
5055.410: [GC (Allocation Failure) [PSYoungGen: 419605K->125999K(465920K)] 894468K->671266K(1864192K), 0.0479489 secs] [Times: user=0.24 sys=0.00, real=0.05 secs] 
5056.685: [GC (Allocation Failure) [PSYoungGen: 358959K->141249K(465920K)] 904226K->726436K(1864192K), 0.1460742 secs] [Times: user=0.76 sys=0.01, real=0.15 secs] 
5057.745: [GC (Allocation Failure) [PSYoungGen: 374209K->177685K(465920K)] 959396K->808129K(1864192K), 0.0551580 secs] [Times: user=0.26 sys=0.00, real=0.06 secs] 
5057.980: [GC (Allocation Failure) [PSYoungGen: 410645K->185623K(465920K)] 1041089K->878155K(1864192K), 0.0713144 secs] [Times: user=0.35 sys=0.00, real=0.07 secs] 
5058.164: [GC (Allocation Failure) [PSYoungGen: 418583K->181140K(465920K)] 1111115K->932576K(1864192K), 0.0576550 secs] [Times: user=0.29 sys=0.00, real=0.06 secs] 
5059.320: [GC (GCLocker Initiated GC) [PSYoungGen: 414100K->96299K(465920K)] 1165536K->916535K(1864192K), 0.0534566 secs] [Times: user=0.28 sys=0.01, real=0.05 secs] 
5059.905: [GC (Allocation Failure) [PSYoungGen: 329259K->177909K(465920K)] 1149626K->1029409K(1864192K), 0.0490563 secs] [Times: user=0.22 sys=0.00, real=0.05 secs] 
5060.095: [GC (Allocation Failure) [PSYoungGen: 410869K->184438K(465920K)] 1262369K->1091609K(1864192K), 0.0437048 secs] [Times: user=0.20 sys=0.00, real=0.05 secs] 
5060.270: [GC (Allocation Failure) [PSYoungGen: 417398K->186645K(465920K)] 1324569K->1149641K(1864192K), 0.0505199 secs] [Times: user=0.24 sys=0.00, real=0.05 secs] 
5061.291: [GC (Allocation Failure) [PSYoungGen: 419605K->130608K(465920K)] 1382601K->1163796K(1864192K), 0.0489490 secs] [Times: user=0.24 sys=0.00, real=0.05 secs] 
5061.952: [GC (Allocation Failure) [PSYoungGen: 363568K->136272K(465920K)] 1396756K->1211064K(1864192K), 0.1503885 secs] [Times: user=0.82 sys=0.00, real=0.15 secs] 
5062.477: [GC (Allocation Failure) [PSYoungGen: 369232K->178197K(465920K)] 1444024K->1296430K(1864192K), 0.0445614 secs] [Times: user=0.21 sys=0.00, real=0.04 secs] 
5062.635: [GC (Allocation Failure) [PSYoungGen: 411157K->182870K(465920K)] 1529390K->1371523K(1864192K), 0.0496423 secs] [Times: user=0.23 sys=0.00, real=0.05 secs] 
5062.795: [GC (Allocation Failure) [PSYoungGen: 415830K->186517K(465920K)] 1604483K->1433506K(1864192K), 0.0584084 secs] [Times: user=0.29 sys=0.00, real=0.06 secs] 
5063.982: [GC (Allocation Failure) [PSYoungGen: 419477K->94715K(465920K)] 1666466K->1411920K(1864192K), 0.0612102 secs] [Times: user=0.33 sys=0.00, real=0.06 secs] 
5064.043: [Full GC (Ergonomics) [PSYoungGen: 94715K->0K(465920K)] [ParOldGen: 1317205K->96593K(1398272K)] 1411920K->96593K(1864192K), [Metaspace: 59541K->59541K(1105920K)], 0.0777620 secs] [Times: user=0.31 sys=0.00, real=0.08 secs] 
5065.097: [GC (Allocation Failure) [PSYoungGen: 232960K->173364K(465920K)] 329553K->269958K(1864192K), 0.0476576 secs] [Times: user=0.19 sys=0.00, real=0.04 secs] 
5065.335: [GC (Allocation Failure) [PSYoungGen: 406324K->184534K(465920K)] 502918K->335699K(1864192K), 0.0421413 secs] [Times: user=0.19 sys=0.00, real=0.05 secs] 
5065.487: [GC (Allocation Failure) [PSYoungGen: 417494K->187253K(465920K)] 568659K->394539K(1864192K), 0.0450918 secs] [Times: user=0.21 sys=0.00, real=0.04 secs] 
5066.476: [GC (Allocation Failure) [PSYoungGen: 420213K->139089K(465920K)] 627499K->417007K(1864192K), 0.0487824 secs] [Times: user=0.24 sys=0.00, real=0.05 secs] 
5067.558: [GC (Allocation Failure) [PSYoungGen: 372049K->131215K(465920K)] 649967K->453209K(1864192K), 0.1487149 secs] [Times: user=0.82 sys=0.00, real=0.15 secs] 
5068.085: [GC (Allocation Failure) [PSYoungGen: 364175K->175540K(465920K)] 686169K->539479K(1864192K), 0.0468359 secs] [Times: user=0.22 sys=0.00, real=0.05 secs] 
5068.248: [GC (Allocation Failure) [PSYoungGen: 408500K->185463K(465920K)] 772439K->611001K(1864192K), 0.0485519 secs] [Times: user=0.22 sys=0.01, real=0.05 secs] 
5068.440: [GC (Allocation Failure) [PSYoungGen: 418423K->186517K(465920K)] 843961K->670815K(1864192K), 0.0820880 secs] [Times: user=0.42 sys=0.00, real=0.08 secs] 
5069.521: [GC (Allocation Failure) [PSYoungGen: 419477K->94155K(465920K)] 903775K->648942K(1864192K), 0.0551212 secs] [Times: user=0.30 sys=0.00, real=0.05 secs] 
5069.986: [GC (Allocation Failure) [PSYoungGen: 327115K->177525K(465920K)] 881902K->762464K(1864192K), 0.0481087 secs] [Times: user=0.21 sys=0.00, real=0.05 secs] 
5070.175: [GC (Allocation Failure) [PSYoungGen: 410485K->189845K(465920K)] 995424K->830476K(1864192K), 0.0431204 secs] [Times: user=0.20 sys=0.00, real=0.05 secs] 
5070.355: [GC (Allocation Failure) [PSYoungGen: 422805K->186901K(465920K)] 1063436K->882836K(1864192K), 0.0609858 secs] [Times: user=0.30 sys=0.00, real=0.06 secs] 
5071.333: [GC (Allocation Failure) [PSYoungGen: 419861K->142321K(465920K)] 1115796K->908704K(1864192K), 0.0494081 secs] [Times: user=0.24 sys=0.00, real=0.05 secs] 
5071.760: [GC (Allocation Failure) [PSYoungGen: 375281K->128991K(465920K)] 1141664K->940658K(1864192K), 0.1418636 secs] [Times: user=0.79 sys=0.01, real=0.14 secs] 
5072.266: [GC (Allocation Failure) [PSYoungGen: 361951K->177813K(465920K)] 1173618K->1030649K(1864192K), 0.0468271 secs] [Times: user=0.22 sys=0.00, real=0.05 secs] 
5072.427: [GC (Allocation Failure) [PSYoungGen: 410773K->185239K(465920K)] 1263609K->1100275K(1864192K), 0.0498335 secs] [Times: user=0.23 sys=0.00, real=0.05 secs] 
5072.584: [GC (Allocation Failure) [PSYoungGen: 418199K->186421K(465920K)] 1333235K->1160221K(1864192K), 0.0571677 secs] [Times: user=0.28 sys=0.00, real=0.06 secs] 
5074.111: [GC (Allocation Failure) [PSYoungGen: 419381K->91995K(465920K)] 1393181K->1136043K(1864192K), 0.1106924 secs] [Times: user=0.61 sys=0.00, real=0.11 secs] 
5075.969: [GC (Allocation Failure) [PSYoungGen: 324955K->169364K(465920K)] 1369003K->1242481K(1864192K), 0.0615192 secs] [Times: user=0.28 sys=0.00, real=0.06 secs] 
5076.206: [GC (Allocation Failure) [PSYoungGen: 402324K->184630K(465920K)] 1475441K->1311191K(1864192K), 0.0424368 secs] [Times: user=0.19 sys=0.00, real=0.05 secs] 
5076.358: [GC (Allocation Failure) [PSYoungGen: 417590K->187541K(465920K)] 1544151K->1369942K(1864192K), 0.0454783 secs] [Times: user=0.21 sys=0.00, real=0.04 secs] 
5077.366: [GC (Allocation Failure) [PSYoungGen: 420501K->150002K(465920K)] 1602902K->1403087K(1864192K), 0.0512149 secs] [Times: user=0.25 sys=0.00, real=0.06 secs] 
5077.969: [GC (Allocation Failure) [PSYoungGen: 382962K->119630K(465920K)] 1636047K->1420171K(1864192K), 0.1829902 secs] [Times: user=1.03 sys=0.00, real=0.18 secs] 
5078.844: [GC (Allocation Failure) [PSYoungGen: 352590K->174036K(465920K)] 1653131K->1512242K(1864192K), 0.0561866 secs] [Times: user=0.26 sys=0.01, real=0.06 secs] 
5078.900: [Full GC (Ergonomics) [PSYoungGen: 174036K->0K(465920K)] [ParOldGen: 1338206K->227710K(1398272K)] 1512242K->227710K(1864192K), [Metaspace: 59541K->59541K(1105920K)], 0.2886085 secs] [Times: user=1.34 sys=0.00, real=0.29 secs] 
5079.302: [GC (Allocation Failure) [PSYoungGen: 232960K->182358K(465920K)] 460670K->410068K(1864192K), 0.0884200 secs] [Times: user=0.46 sys=0.00, real=0.09 secs] 
5079.501: [GC (Allocation Failure) [PSYoungGen: 415318K->186773K(465920K)] 643028K->472659K(1864192K), 0.0574186 secs] [Times: user=0.28 sys=0.00, real=0.06 secs] 
5080.512: [GC (Allocation Failure) [PSYoungGen: 419733K->97131K(465920K)] 705619K->453626K(1864192K), 0.0455591 secs] [Times: user=0.23 sys=0.00, real=0.05 secs] 
5081.121: [GC (Allocation Failure) [PSYoungGen: 330091K->171124K(465920K)] 686586K->559075K(1864192K), 0.0596048 secs] [Times: user=0.28 sys=0.00, real=0.06 secs] 
5081.321: [GC (Allocation Failure) [PSYoungGen: 404084K->184598K(465920K)] 792035K->626552K(1864192K), 0.0424825 secs] [Times: user=0.19 sys=0.00, real=0.04 secs] 
5081.517: [GC (Allocation Failure) [PSYoungGen: 409703K->176502K(465920K)] 851657K->682640K(1864192K), 0.0780728 secs] [Times: user=0.39 sys=0.00, real=0.07 secs] 
5082.489: [GC (Allocation Failure) [PSYoungGen: 409462K->213131K(465920K)] 915600K->775386K(1864192K), 0.0477442 secs] [Times: user=0.23 sys=0.00, real=0.05 secs] 
5083.699: [GC (Allocation Failure) [PSYoungGen: 446091K->101772K(465920K)] 1008346K->728906K(1864192K), 0.0963000 secs] [Times: user=0.51 sys=0.00, real=0.09 secs] 
5084.834: [GC (Allocation Failure) [PSYoungGen: 334732K->176373K(465920K)] 961866K->835893K(1864192K), 0.0515006 secs] [Times: user=0.23 sys=0.00, real=0.05 secs] 
5085.077: [GC (Allocation Failure) [PSYoungGen: 409333K->184406K(465920K)] 1068853K->899025K(1864192K), 0.0595695 secs] [Times: user=0.28 sys=0.00, real=0.06 secs] 
5085.303: [GC (Allocation Failure) [PSYoungGen: 417366K->186613K(465920K)] 1131985K->956864K(1864192K), 0.0681632 secs] [Times: user=0.34 sys=0.00, real=0.07 secs] 
5086.318: [GC (Allocation Failure) [PSYoungGen: 419573K->99884K(465920K)] 1189824K->940583K(1864192K), 0.0468098 secs] [Times: user=0.24 sys=0.00, real=0.04 secs] 
5087.018: [GC (Allocation Failure) [PSYoungGen: 332844K->166804K(465920K)] 1173543K->1039996K(1864192K), 0.0701285 secs] [Times: user=0.33 sys=0.00, real=0.07 secs] 
5087.239: [GC (Allocation Failure) [PSYoungGen: 399764K->181749K(465920K)] 1272956K->1107286K(1864192K), 0.0464492 secs] [Times: user=0.20 sys=0.00, real=0.04 secs] 
5087.402: [GC (Allocation Failure) [PSYoungGen: 414709K->185719K(465920K)] 1340246K->1174743K(1864192K), 0.0518095 secs] [Times: user=0.24 sys=0.00, real=0.05 secs] 
5087.748: [GC (Allocation Failure) [PSYoungGen: 418679K->199924K(465920K)] 1407703K->1247877K(1864192K), 0.0549263 secs] [Times: user=0.27 sys=0.00, real=0.05 secs] 
5088.646: [GC (Allocation Failure) [PSYoungGen: 432884K->95131K(465920K)] 1480837K->1211652K(1864192K), 0.0430414 secs] [Times: user=0.23 sys=0.00, real=0.04 secs] 
5089.366: [GC (Allocation Failure) [PSYoungGen: 328091K->179061K(465920K)] 1444612K->1325607K(1864192K), 0.0508378 secs] [Times: user=0.23 sys=0.00, real=0.05 secs] 
5089.603: [GC (Allocation Failure) [PSYoungGen: 412021K->184662K(465920K)] 1558567K->1387315K(1864192K), 0.0629865 secs] [Times: user=0.31 sys=0.00, real=0.06 secs] 
5089.836: [GC (Allocation Failure) [PSYoungGen: 417622K->186581K(465920K)] 1620275K->1445147K(1864192K), 0.0663405 secs] [Times: user=0.33 sys=0.00, real=0.06 secs] 
5090.910: [GC (Allocation Failure) [PSYoungGen: 419541K->99772K(465920K)] 1678107K->1428722K(1864192K), 0.0475339 secs] [Times: user=0.24 sys=0.00, real=0.05 secs] 
5090.958: [Full GC (Ergonomics) [PSYoungGen: 99772K->0K(465920K)] [ParOldGen: 1328949K->88050K(1398272K)] 1428722K->88050K(1864192K), [Metaspace: 59541K->59541K(1105920K)], 0.0336612 secs] [Times: user=0.10 sys=0.00, real=0.03 secs] 
5092.501: [GC (Allocation Failure) [PSYoungGen: 232960K->164435K(465920K)] 321010K->252486K(1864192K), 0.0669785 secs] [Times: user=0.27 sys=0.01, real=0.07 secs] 
5092.899: [GC (Allocation Failure) [PSYoungGen: 397395K->181653K(465920K)] 485446K->321400K(1864192K), 0.0514349 secs] [Times: user=0.24 sys=0.00, real=0.05 secs] 
5093.066: [GC (Allocation Failure) [PSYoungGen: 414613K->185559K(465920K)] 554360K->388721K(1864192K), 0.0489605 secs] [Times: user=0.22 sys=0.00, real=0.04 secs] 
5093.270: [GC (Allocation Failure) [PSYoungGen: 418519K->186709K(465920K)] 621681K->448963K(1864192K), 0.0803312 secs] [Times: user=0.41 sys=0.01, real=0.08 secs] 
5094.552: [GC (Allocation Failure) [PSYoungGen: 419669K->87914K(465920K)] 681923K->420581K(1864192K), 0.0547058 secs] [Times: user=0.29 sys=0.00, real=0.06 secs] 
5095.254: [GC (Allocation Failure) [PSYoungGen: 320874K->178581K(465920K)] 653541K->539337K(1864192K), 0.0470943 secs] [Times: user=0.20 sys=0.01, real=0.05 secs] 
5095.433: [GC (Allocation Failure) [PSYoungGen: 411541K->184246K(465920K)] 772297K->600889K(1864192K), 0.0431273 secs] [Times: user=0.19 sys=0.00, real=0.04 secs] 
5095.586: [GC (Allocation Failure) [PSYoungGen: 417206K->186453K(465920K)] 833849K->659000K(1864192K), 0.0451241 secs] [Times: user=0.21 sys=0.00, real=0.05 secs] 
5096.608: [GC (Allocation Failure) [PSYoungGen: 419413K->106557K(465920K)] 891960K->649448K(1864192K), 0.0449262 secs] [Times: user=0.23 sys=0.00, real=0.04 secs] 
5097.389: [GC (Allocation Failure) [PSYoungGen: 339517K->162483K(465920K)] 882408K->740495K(1864192K), 0.1008390 secs] [Times: user=0.52 sys=0.00, real=0.10 secs] 
5097.724: [GC (Allocation Failure) [PSYoungGen: 395443K->183573K(465920K)] 973455K->812689K(1864192K), 0.0424089 secs] [Times: user=0.18 sys=0.00, real=0.05 secs] 
5097.884: [GC (Allocation Failure) [PSYoungGen: 416533K->183062K(465920K)] 1045649K->876102K(1864192K), 0.0511651 secs] [Times: user=0.20 sys=0.00, real=0.05 secs] 
5098.077: [GC (Allocation Failure) [PSYoungGen: 416022K->186517K(465920K)] 1109062K->938089K(1864192K), 0.0812807 secs] [Times: user=0.41 sys=0.00, real=0.08 secs] 
5099.337: [GC (Allocation Failure) [PSYoungGen: 419477K->94331K(465920K)] 1171049K->916295K(1864192K), 0.0856570 secs] [Times: user=0.46 sys=0.01, real=0.08 secs] 
5100.711: [GC (Allocation Failure) [PSYoungGen: 327291K->175285K(465920K)] 1149255K->1026942K(1864192K), 0.0574011 secs] [Times: user=0.26 sys=0.00, real=0.06 secs] 
5100.924: [GC (Allocation Failure) [PSYoungGen: 408245K->184758K(465920K)] 1259902K->1091503K(1864192K), 0.0443666 secs] [Times: user=0.20 sys=0.00, real=0.05 secs] 
5101.117: [GC (Allocation Failure) [PSYoungGen: 417718K->186165K(465920K)] 1324463K->1148914K(1864192K), 0.0655521 secs] [Times: user=0.32 sys=0.01, real=0.06 secs] 
5102.164: [GC (Allocation Failure) [PSYoungGen: 419125K->107373K(465920K)] 1381874K->1140314K(1864192K), 0.0466139 secs] [Times: user=0.24 sys=0.00, real=0.05 secs] 
5103.220: [GC (GCLocker Initiated GC) [PSYoungGen: 340333K->158579K(465920K)] 1373275K->1225982K(1864192K), 0.1113301 secs] [Times: user=0.58 sys=0.00, real=0.11 secs] 
5103.585: [GC (Allocation Failure) [PSYoungGen: 391539K->180341K(465920K)] 1458944K->1297419K(1864192K), 0.0439832 secs] [Times: user=0.20 sys=0.00, real=0.05 secs] 
5103.744: [GC (Allocation Failure) [PSYoungGen: 413301K->185719K(465920K)] 1530379K->1365781K(1864192K), 0.0520869 secs] [Times: user=0.24 sys=0.00, real=0.06 secs] 
5103.954: [GC (Allocation Failure) [PSYoungGen: 418679K->183604K(465920K)] 1598741K->1422398K(1864192K), 0.0809112 secs] [Times: user=0.41 sys=0.00, real=0.08 secs] 
5105.072: [GC (Allocation Failure) [PSYoungGen: 416564K->93915K(465920K)] 1655358K->1402165K(1864192K), 0.0572358 secs] [Times: user=0.31 sys=0.01, real=0.06 secs] 
5105.918: [GC (Allocation Failure) [PSYoungGen: 326875K->173877K(465920K)] 1635125K->1511964K(1864192K), 0.0602361 secs] [Times: user=0.28 sys=0.00, real=0.06 secs] 
5105.978: [Full GC (Ergonomics) [PSYoungGen: 173877K->0K(465920K)] [ParOldGen: 1338086K->213461K(1398272K)] 1511964K->213461K(1864192K), [Metaspace: 59541K->59541K(1105920K)], 0.2723341 secs] [Times: user=1.30 sys=0.00, real=0.27 secs] 
5106.363: [GC (Allocation Failure) [PSYoungGen: 232960K->184406K(465920K)] 446421K->397867K(1864192K), 0.0265605 secs] [Times: user=0.10 sys=0.00, real=0.03 secs] 
5106.514: [GC (Allocation Failure) [PSYoungGen: 417366K->186613K(465920K)] 630827K->456002K(1864192K), 0.0451734 secs] [Times: user=0.21 sys=0.00, real=0.05 secs] 
5107.500: [GC (Allocation Failure) [PSYoungGen: 419573K->116782K(465920K)] 688962K->456608K(1864192K), 0.0458808 secs] [Times: user=0.23 sys=0.00, real=0.05 secs] 
5108.645: [GC (Allocation Failure) [PSYoungGen: 349742K->148273K(465920K)] 689568K->525468K(1864192K), 0.1417902 secs] [Times: user=0.76 sys=0.00, real=0.15 secs] 
5109.360: [GC (Allocation Failure) [PSYoungGen: 381233K->181365K(465920K)] 758428K->604992K(1864192K), 0.0536436 secs] [Times: user=0.25 sys=0.00, real=0.05 secs] 
5109.598: [GC (Allocation Failure) [PSYoungGen: 414325K->183126K(465920K)] 837952K->670209K(1864192K), 0.0674439 secs] [Times: user=0.33 sys=0.00, real=0.06 secs] 
5109.780: [GC (Allocation Failure) [PSYoungGen: 416086K->186773K(465920K)] 903169K->732136K(1864192K), 0.0558189 secs] [Times: user=0.27 sys=0.00, real=0.05 secs] 
5111.087: [GC (Allocation Failure) [PSYoungGen: 419733K->96443K(465920K)] 965096K->712182K(1864192K), 0.0740381 secs] [Times: user=0.39 sys=0.01, real=0.07 secs] 
5112.337: [GC (Allocation Failure) [PSYoungGen: 329403K->170804K(465920K)] 945142K->817448K(1864192K), 0.0532908 secs] [Times: user=0.24 sys=0.00, real=0.05 secs] 
5112.544: [GC (Allocation Failure) [PSYoungGen: 403764K->184566K(465920K)] 1050408K->884829K(1864192K), 0.0420847 secs] [Times: user=0.19 sys=0.01, real=0.04 secs] 
5112.696: [GC (Allocation Failure) [PSYoungGen: 417526K->186805K(465920K)] 1117789K->943109K(1864192K), 0.0449403 secs] [Times: user=0.21 sys=0.00, real=0.04 secs] 
5113.673: [GC (Allocation Failure) [PSYoungGen: 419765K->125487K(465920K)] 1176069K->952151K(1864192K), 0.0475583 secs] [Times: user=0.24 sys=0.00, real=0.05 secs] 
5114.164: [GC (Allocation Failure) [PSYoungGen: 355867K->141169K(465920K)] 1182531K->1007656K(1864192K), 0.0966542 secs] [Times: user=0.53 sys=0.00, real=0.10 secs] 
5114.453: [GC (Allocation Failure) [PSYoungGen: 374129K->175188K(465920K)] 1240616K->1087296K(1864192K), 0.0509420 secs] [Times: user=0.23 sys=0.01, real=0.05 secs] 
5114.667: [GC (Allocation Failure) [PSYoungGen: 408148K->184887K(465920K)] 1320256K->1158431K(1864192K), 0.0678314 secs] [Times: user=0.33 sys=0.00, real=0.06 secs] 
5114.860: [GC (Allocation Failure) [PSYoungGen: 417847K->183700K(465920K)] 1391391K->1216061K(1864192K), 0.0562738 secs] [Times: user=0.27 sys=0.00, real=0.05 secs] 
5116.170: [GC (Allocation Failure) [PSYoungGen: 416660K->94795K(465920K)] 1449021K->1196323K(1864192K), 0.0682327 secs] [Times: user=0.37 sys=0.00, real=0.07 secs] 
5117.183: [GC (Allocation Failure) [PSYoungGen: 327755K->176341K(465920K)] 1429283K->1307858K(1864192K), 0.0528241 secs] [Times: user=0.24 sys=0.00, real=0.05 secs] 
5117.392: [GC (Allocation Failure) [PSYoungGen: 409301K->181909K(465920K)] 1540818K->1368658K(1864192K), 0.0470718 secs] [Times: user=0.22 sys=0.00, real=0.05 secs] 
5117.568: [GC (Allocation Failure) [PSYoungGen: 414869K->186965K(465920K)] 1601618K->1429170K(1864192K), 0.0571369 secs] [Times: user=0.28 sys=0.00, real=0.05 secs] 
5118.615: [GC (Allocation Failure) [PSYoungGen: 419925K->138161K(465920K)] 1662130K->1450806K(1864192K), 0.0534818 secs] [Times: user=0.27 sys=0.00, real=0.06 secs] 
5118.669: [Full GC (Ergonomics) [PSYoungGen: 138161K->0K(465920K)] [ParOldGen: 1312645K->347645K(1398272K)] 1450806K->347645K(1864192K), [Metaspace: 59541K->59541K(1105920K)], 0.5881437 secs] [Times: user=2.56 sys=0.00, real=0.59 secs] 
5120.994: [GC (Allocation Failure) [PSYoungGen: 232960K->124751K(465920K)] 580605K->472396K(1864192K), 0.0499307 secs] [Times: user=0.19 sys=0.00, real=0.05 secs] 
5121.938: [GC (Allocation Failure) [PSYoungGen: 357711K->174516K(465920K)] 705356K->562359K(1864192K), 0.0547715 secs] [Times: user=0.26 sys=0.00, real=0.05 secs] 
5122.129: [GC (Allocation Failure) [PSYoungGen: 407476K->185879K(465920K)] 795319K->634681K(1864192K), 0.0483426 secs] [Times: user=0.22 sys=0.00, real=0.05 secs] 
5122.284: [GC (Allocation Failure) [PSYoungGen: 418839K->186869K(465920K)] 867641K->694628K(1864192K), 0.0574794 secs] [Times: user=0.28 sys=0.00, real=0.06 secs] 
5123.276: [GC (GCLocker Initiated GC) [PSYoungGen: 419829K->91643K(465920K)] 927588K->669989K(1864192K), 0.0445320 secs] [Times: user=0.24 sys=0.00, real=0.04 secs] 
5124.651: [GC (Allocation Failure) [PSYoungGen: 324603K->166452K(465920K)] 902952K->774546K(1864192K), 0.0705248 secs] [Times: user=0.33 sys=0.00, real=0.07 secs] 
5124.914: [GC (Allocation Failure) [PSYoungGen: 399412K->184662K(465920K)] 1007506K->844988K(1864192K), 0.0423806 secs] [Times: user=0.19 sys=0.00, real=0.05 secs] 
5125.093: [GC (Allocation Failure) [PSYoungGen: 410873K->177046K(465920K)] 1071199K->901588K(1864192K), 0.0662833 secs] [Times: user=0.32 sys=0.00, real=0.07 secs] 
5126.339: [GC (Allocation Failure) [PSYoungGen: 410006K->169363K(465920K)] 1134548K->950249K(1864192K), 0.0546613 secs] [Times: user=0.27 sys=0.00, real=0.05 secs] 
5127.392: [GC (Allocation Failure) [PSYoungGen: 402323K->102380K(465920K)] 1183209K->948130K(1864192K), 0.1186468 secs] [Times: user=0.65 sys=0.00, real=0.12 secs] 
5129.143: [GC (Allocation Failure) [PSYoungGen: 335340K->176245K(465920K)] 1181090K->1055044K(1864192K), 0.0541900 secs] [Times: user=0.24 sys=0.00, real=0.06 secs] 
5129.339: [GC (Allocation Failure) [PSYoungGen: 409205K->184630K(465920K)] 1288004K->1118253K(1864192K), 0.0441320 secs] [Times: user=0.20 sys=0.00, real=0.04 secs] 
5129.525: [GC (Allocation Failure) [PSYoungGen: 417590K->186645K(465920K)] 1351213K->1176220K(1864192K), 0.0657467 secs] [Times: user=0.32 sys=0.00, real=0.07 secs] 
5130.602: [GC (Allocation Failure) [PSYoungGen: 419605K->95995K(465920K)] 1409180K->1155894K(1864192K), 0.0520831 secs] [Times: user=0.28 sys=0.00, real=0.05 secs] 
5131.856: [GC (GCLocker Initiated GC) [PSYoungGen: 328955K->168020K(465920K)] 1388854K->1259631K(1864192K), 0.0929232 secs] [Times: user=0.46 sys=0.00, real=0.10 secs] 
5132.161: [GC (Allocation Failure) [PSYoungGen: 400980K->184117K(465920K)] 1492886K->1328304K(1864192K), 0.0442682 secs] [Times: user=0.20 sys=0.00, real=0.04 secs] 
5132.358: [GC (Allocation Failure) [PSYoungGen: 417077K->186007K(465920K)] 1561264K->1394489K(1864192K), 0.0735740 secs] [Times: user=0.37 sys=0.00, real=0.07 secs] 
5132.824: [GC (Allocation Failure) [PSYoungGen: 416606K->215604K(465920K)] 1625089K->1483079K(1864192K), 0.0542750 secs] [Times: user=0.27 sys=0.00, real=0.06 secs] 
5133.926: [GC (Allocation Failure) [PSYoungGen: 448564K->89386K(465920K)] 1716039K->1425325K(1864192K), 0.1119128 secs] [Times: user=0.62 sys=0.00, real=0.12 secs] 
5134.038: [Full GC (Ergonomics) [PSYoungGen: 89386K->0K(465920K)] [ParOldGen: 1335938K->105190K(1398272K)] 1425325K->105190K(1864192K), [Metaspace: 59546K->59546K(1105920K)], 0.1757882 secs] [Times: user=0.78 sys=0.00, real=0.17 secs] 
5135.203: [GC (Allocation Failure) [PSYoungGen: 232960K->178869K(465920K)] 338150K->284060K(1864192K), 0.0336873 secs] [Times: user=0.13 sys=0.00, real=0.04 secs] 
5135.369: [GC (Allocation Failure) [PSYoungGen: 411829K->184982K(465920K)] 517020K->346341K(1864192K), 0.0410224 secs] [Times: user=0.19 sys=0.00, real=0.04 secs] 
5135.515: [GC (Allocation Failure) [PSYoungGen: 417942K->184180K(465920K)] 579301K->401604K(1864192K), 0.0443816 secs] [Times: user=0.20 sys=0.00, real=0.05 secs] 
5136.514: [GC (Allocation Failure) [PSYoungGen: 417140K->105308K(465920K)] 634564K->392212K(1864192K), 0.0450423 secs] [Times: user=0.22 sys=0.00, real=0.05 secs] 
5137.658: [GC (GCLocker Initiated GC) [PSYoungGen: 338268K->163091K(465920K)] 625172K->483810K(1864192K), 0.0809154 secs] [Times: user=0.40 sys=0.00, real=0.08 secs] 
5138.140: [GC (Allocation Failure) [PSYoungGen: 396051K->178869K(465920K)] 716937K->550902K(1864192K), 0.0453345 secs] [Times: user=0.21 sys=0.00, real=0.04 secs] 
5138.302: [GC (Allocation Failure) [PSYoungGen: 411829K->186007K(465920K)] 783862K->629017K(1864192K), 0.0489416 secs] [Times: user=0.23 sys=0.00, real=0.05 secs] 
5138.501: [GC (Allocation Failure) [PSYoungGen: 418967K->186453K(465920K)] 861977K->688511K(1864192K), 0.0857637 secs] [Times: user=0.44 sys=0.00, real=0.09 secs] 
5139.639: [GC (Allocation Failure) [PSYoungGen: 419413K->93563K(465920K)] 921471K->665952K(1864192K), 0.0638508 secs] [Times: user=0.34 sys=0.00, real=0.06 secs] 
5140.020: [GC (Allocation Failure) [PSYoungGen: 326523K->182422K(465920K)] 898912K->785024K(1864192K), 0.0436836 secs] [Times: user=0.19 sys=0.00, real=0.04 secs] 
5140.176: [GC (GCLocker Initiated GC) [PSYoungGen: 415382K->179189K(465920K)] 1017985K->838873K(1864192K), 0.0430852 secs] [Times: user=0.19 sys=0.00, real=0.04 secs] 
5140.330: [GC (Allocation Failure) [PSYoungGen: 412149K->186613K(465920K)] 1071963K->901075K(1864192K), 0.0450391 secs] [Times: user=0.21 sys=0.01, real=0.04 secs] 
5141.393: [GC (Allocation Failure) [PSYoungGen: 419573K->105292K(465920K)] 1134035K->890151K(1864192K), 0.0450110 secs] [Times: user=0.23 sys=0.00, real=0.05 secs] 
5142.161: [GC (GCLocker Initiated GC) [PSYoungGen: 338252K->160211K(465920K)] 1123111K->979734K(1864192K), 0.0881245 secs] [Times: user=0.45 sys=0.01, real=0.09 secs] 
5142.451: [GC (Allocation Failure) [PSYoungGen: 393171K->184149K(465920K)] 1212733K->1053499K(1864192K), 0.0419935 secs] [Times: user=0.19 sys=0.00, real=0.04 secs] 
5142.605: [GC (Allocation Failure) [PSYoungGen: 417109K->185815K(465920K)] 1286459K->1119476K(1864192K), 0.0515547 secs] [Times: user=0.24 sys=0.00, real=0.06 secs] 
5142.791: [GC (Allocation Failure) [PSYoungGen: 418775K->183764K(465920K)] 1352436K->1176274K(1864192K), 0.0698481 secs] [Times: user=0.36 sys=0.00, real=0.07 secs] 
5144.416: [GC (Allocation Failure) [PSYoungGen: 416724K->87706K(465920K)] 1409234K->1149584K(1864192K), 0.1179127 secs] [Times: user=0.66 sys=0.00, real=0.12 secs] 
5145.719: [GC (Allocation Failure) [PSYoungGen: 320666K->174997K(465920K)] 1382544K->1264923K(1864192K), 0.0585497 secs] [Times: user=0.26 sys=0.00, real=0.06 secs] 
5145.938: [GC (Allocation Failure) [PSYoungGen: 407957K->184726K(465920K)] 1497883K->1329488K(1864192K), 0.0439447 secs] [Times: user=0.20 sys=0.00, real=0.04 secs] 
5146.125: [GC (Allocation Failure) [PSYoungGen: 417686K->186869K(465920K)] 1562448K->1387624K(1864192K), 0.0706243 secs] [Times: user=0.35 sys=0.01, real=0.07 secs] 
5147.219: [GC (Allocation Failure) [PSYoungGen: 419829K->116078K(465920K)] 1620584K->1387352K(1864192K), 0.0477869 secs] [Times: user=0.25 sys=0.00, real=0.05 secs] 
5147.913: [GC (Allocation Failure) [PSYoungGen: 349038K->152626K(465920K)] 1620312K->1461430K(1864192K), 0.1144382 secs] [Times: user=0.61 sys=0.01, real=0.12 secs] 
5148.548: [GC (Allocation Failure) [PSYoungGen: 385586K->178101K(465920K)] 1694390K->1534500K(1864192K), 0.0539195 secs] [Times: user=0.25 sys=0.00, real=0.05 secs] 
5148.602: [Full GC (Ergonomics) [PSYoungGen: 178101K->0K(465920K)] [ParOldGen: 1356399K->242773K(1398272K)] 1534500K->242773K(1864192K), [Metaspace: 59584K->59584K(1105920K)], 0.3017151 secs] [Times: user=1.40 sys=0.00, real=0.30 secs] 
5149.021: [GC (Allocation Failure) [PSYoungGen: 232960K->185751K(465920K)] 475733K->428524K(1864192K), 0.0765554 secs] [Times: user=0.35 sys=0.00, real=0.08 secs] 
5149.229: [GC (Allocation Failure) [PSYoungGen: 418711K->186645K(465920K)] 661484K->488410K(1864192K), 0.0565319 secs] [Times: user=0.27 sys=0.00, real=0.05 secs] 
5150.226: [GC (Allocation Failure) [PSYoungGen: 419605K->96875K(465920K)] 721370K->469129K(1864192K), 0.0436568 secs] [Times: user=0.23 sys=0.00, real=0.04 secs] 
5150.656: [GC (Allocation Failure) [PSYoungGen: 329835K->178197K(465920K)] 702089K->581787K(1864192K), 0.0520593 secs] [Times: user=0.23 sys=0.00, real=0.06 secs] 
5150.921: [GC (Allocation Failure) [PSYoungGen: 411157K->181301K(465920K)] 814747K->640583K(1864192K), 0.0616420 secs] [Times: user=0.29 sys=0.00, real=0.06 secs] 
5151.110: [GC (Allocation Failure) [PSYoungGen: 414261K->183252K(465920K)] 873543K->697367K(1864192K), 0.0455708 secs] [Times: user=0.21 sys=0.00, real=0.04 secs] 
5152.151: [GC (Allocation Failure) [PSYoungGen: 416212K->120783K(465920K)] 930327K->703977K(1864192K), 0.0477278 secs] [Times: user=0.25 sys=0.00, real=0.05 secs] 
5152.842: [GC (Allocation Failure) [PSYoungGen: 353743K->149217K(465920K)] 936937K->770628K(1864192K), 0.1286542 secs] [Times: user=0.69 sys=0.01, real=0.13 secs] 
5153.242: [GC (Allocation Failure) [PSYoungGen: 382177K->183701K(465920K)] 1003588K->851677K(1864192K), 0.0451388 secs] [Times: user=0.20 sys=0.00, real=0.05 secs] 
5153.417: [GC (Allocation Failure) [PSYoungGen: 416661K->183126K(465920K)] 1084637K->915122K(1864192K), 0.0613153 secs] [Times: user=0.30 sys=0.00, real=0.06 secs] 
5153.602: [GC (Allocation Failure) [PSYoungGen: 416026K->186517K(465920K)] 1148022K->976976K(1864192K), 0.0564904 secs] [Times: user=0.28 sys=0.00, real=0.06 secs] 
5155.494: [GC (Allocation Failure) [PSYoungGen: 419477K->88490K(465920K)] 1209936K->949286K(1864192K), 0.1205587 secs] [Times: user=0.67 sys=0.00, real=0.12 secs] 
5156.155: [GC (Allocation Failure) [PSYoungGen: 321450K->178645K(465920K)] 1182246K->1068485K(1864192K), 0.0457532 secs] [Times: user=0.20 sys=0.00, real=0.05 secs] 
5156.368: [GC (Allocation Failure) [PSYoungGen: 411605K->181525K(465920K)] 1301445K->1127025K(1864192K), 0.0641477 secs] [Times: user=0.31 sys=0.00, real=0.06 secs] 
5156.600: [GC (Allocation Failure) [PSYoungGen: 414485K->186773K(465920K)] 1359985K->1187513K(1864192K), 0.0673479 secs] [Times: user=0.34 sys=0.00, real=0.07 secs] 
5157.676: [GC (Allocation Failure) [PSYoungGen: 419733K->125391K(465920K)] 1420473K->1196619K(1864192K), 0.0485133 secs] [Times: user=0.24 sys=0.00, real=0.04 secs] 
5158.452: [GC (GCLocker Initiated GC) [PSYoungGen: 358351K->139312K(465920K)] 1429579K->1250396K(1864192K), 0.1208310 secs] [Times: user=0.66 sys=0.00, real=0.12 secs] 
5159.155: [GC (Allocation Failure) [PSYoungGen: 372272K->177557K(465920K)] 1483651K->1332804K(1864192K), 0.0533987 secs] [Times: user=0.25 sys=0.00, real=0.06 secs] 
5159.334: [GC (Allocation Failure) [PSYoungGen: 410517K->185911K(465920K)] 1565764K->1403226K(1864192K), 0.0523282 secs] [Times: user=0.24 sys=0.00, real=0.06 secs] 
5159.516: [GC (Allocation Failure) [PSYoungGen: 418871K->184084K(465920K)] 1636186K->1460228K(1864192K), 0.0696684 secs] [Times: user=0.35 sys=0.00, real=0.07 secs] 
5160.714: [GC (Allocation Failure) [PSYoungGen: 417044K->94587K(465920K)] 1693188K->1440183K(1864192K), 0.0570496 secs] [Times: user=0.31 sys=0.00, real=0.06 secs] 
5160.771: [Full GC (Ergonomics) [PSYoungGen: 94587K->0K(465920K)] [ParOldGen: 1345595K->97249K(1398272K)] 1440183K->97249K(1864192K), [Metaspace: 59586K->59586K(1105920K)], 0.0720992 secs] [Times: user=0.27 sys=0.00, real=0.07 secs] 
5162.328: [GC (Allocation Failure) [PSYoungGen: 232960K->170100K(465920K)] 330209K->267349K(1864192K), 0.0447331 secs] [Times: user=0.17 sys=0.00, real=0.04 secs] 
5162.568: [GC (Allocation Failure) [PSYoungGen: 403060K->184726K(465920K)] 500309K->335307K(1864192K), 0.0418350 secs] [Times: user=0.19 sys=0.00, real=0.04 secs] 
5162.781: [GC (Allocation Failure) [PSYoungGen: 417686K->186901K(465920K)] 568267K->393466K(1864192K), 0.0702166 secs] [Times: user=0.35 sys=0.00, real=0.07 secs] 
5163.855: [GC (Allocation Failure) [PSYoungGen: 419861K->138993K(465920K)] 626426K->416126K(1864192K), 0.0487310 secs] [Times: user=0.24 sys=0.00, real=0.05 secs] 
5164.696: [GC (GCLocker Initiated GC) [PSYoungGen: 371953K->130703K(465920K)] 649086K->452069K(1864192K), 0.1604667 secs] [Times: user=0.89 sys=0.00, real=0.16 secs] 
5165.342: [GC (Allocation Failure) [PSYoungGen: 363663K->178261K(465920K)] 685196K->541458K(1864192K), 0.0563753 secs] [Times: user=0.26 sys=0.00, real=0.06 secs] 
5165.574: [GC (Allocation Failure) [PSYoungGen: 411221K->186071K(465920K)] 774418K->619492K(1864192K), 0.0628350 secs] [Times: user=0.31 sys=0.00, real=0.07 secs] 
5165.743: [GC (Allocation Failure) [PSYoungGen: 419031K->183668K(465920K)] 852452K->676130K(1864192K), 0.0580320 secs] [Times: user=0.29 sys=0.00, real=0.06 secs] 
5166.859: [GC (Allocation Failure) [PSYoungGen: 416628K->90858K(465920K)] 909090K->652600K(1864192K), 0.0632275 secs] [Times: user=0.34 sys=0.00, real=0.06 secs] 
5167.452: [GC (Allocation Failure) [PSYoungGen: 323818K->177589K(465920K)] 885560K->769283K(1864192K), 0.0473498 secs] [Times: user=0.20 sys=0.00, real=0.05 secs] 
5167.638: [GC (Allocation Failure) [PSYoungGen: 410549K->184470K(465920K)] 1002243K->831251K(1864192K), 0.0458888 secs] [Times: user=0.21 sys=0.00, real=0.04 secs] 
5167.815: [GC (Allocation Failure) [PSYoungGen: 417430K->186613K(465920K)] 1064211K->889271K(1864192K), 0.0516749 secs] [Times: user=0.25 sys=0.00, real=0.06 secs] 
5168.908: [GC (Allocation Failure) [PSYoungGen: 419573K->143249K(465920K)] 1122231K->916347K(1864192K), 0.0520132 secs] [Times: user=0.26 sys=0.00, real=0.05 secs] 
5169.651: [GC (Allocation Failure) [PSYoungGen: 376209K->127423K(465920K)] 1149307K->945881K(1864192K), 0.1772034 secs] [Times: user=0.99 sys=0.00, real=0.18 secs] 
5170.490: [GC (Allocation Failure) [PSYoungGen: 360383K->175188K(465920K)] 1178841K->1034175K(1864192K), 0.0551889 secs] [Times: user=0.26 sys=0.00, real=0.05 secs] 
5170.728: [GC (Allocation Failure) [PSYoungGen: 408148K->185527K(465920K)] 1267135K->1105965K(1864192K), 0.0722106 secs] [Times: user=0.36 sys=0.00, real=0.07 secs] 
5170.914: [GC (Allocation Failure) [PSYoungGen: 418487K->186453K(465920K)] 1338925K->1165760K(1864192K), 0.0598725 secs] [Times: user=0.30 sys=0.01, real=0.06 secs] 
5172.159: [GC (Allocation Failure) [PSYoungGen: 419413K->94427K(465920K)] 1398720K->1144142K(1864192K), 0.0689791 secs] [Times: user=0.38 sys=0.00, real=0.07 secs] 
5173.464: [GC (Allocation Failure) [PSYoungGen: 327387K->169748K(465920K)] 1377102K->1249700K(1864192K), 0.0737878 secs] [Times: user=0.34 sys=0.00, real=0.08 secs] 
5173.745: [GC (Allocation Failure) [PSYoungGen: 402708K->184534K(465920K)] 1482660K->1317785K(1864192K), 0.0439938 secs] [Times: user=0.19 sys=0.00, real=0.05 secs] 
5173.899: [GC (Allocation Failure) [PSYoungGen: 417494K->232916K(465920K)] 1550745K->1426465K(1864192K), 0.0495295 secs] [Times: user=0.23 sys=0.00, real=0.05 secs] 
5174.849: [GC (Allocation Failure) [PSYoungGen: 465876K->151954K(465920K)] 1659425K->1416255K(1864192K), 0.0523803 secs] [Times: user=0.26 sys=0.00, real=0.05 secs] 
5175.384: [GC (Allocation Failure) [PSYoungGen: 384914K->121374K(465920K)] 1649215K->1433915K(1864192K), 0.1197451 secs] [Times: user=0.67 sys=0.00, real=0.12 secs] 
5175.504: [Full GC (Ergonomics) [PSYoungGen: 121374K->0K(465920K)] [ParOldGen: 1312540K->137603K(1398272K)] 1433915K->137603K(1864192K), [Metaspace: 59586K->59586K(1105920K)], 0.1403762 secs] [Times: user=0.58 sys=0.00, real=0.14 secs] 
5175.906: [GC (Allocation Failure) [PSYoungGen: 232960K->178389K(465920K)] 370563K->315992K(1864192K), 0.0264740 secs] [Times: user=0.10 sys=0.00, real=0.03 secs] 
5176.076: [GC (Allocation Failure) [PSYoungGen: 411349K->182230K(465920K)] 548952K->381958K(1864192K), 0.0596658 secs] [Times: user=0.29 sys=0.00, real=0.05 secs] 
5176.269: [GC (Allocation Failure) [PSYoungGen: 415190K->186421K(465920K)] 614918K->444316K(1864192K), 0.0554034 secs] [Times: user=0.27 sys=0.00, real=0.05 secs] 
5177.282: [GC (Allocation Failure) [PSYoungGen: 419381K->93019K(465920K)] 677276K->421222K(1864192K), 0.0437116 secs] [Times: user=0.22 sys=0.00, real=0.04 secs] 
5178.164: [GC (GCLocker Initiated GC) [PSYoungGen: 325979K->171220K(465920K)] 654182K->530200K(1864192K), 0.0729899 secs] [Times: user=0.34 sys=0.00, real=0.08 secs] 
5178.428: [GC (Allocation Failure) [PSYoungGen: 404180K->184278K(465920K)] 763327K->596888K(1864192K), 0.0431060 secs] [Times: user=0.19 sys=0.00, real=0.04 secs] 
5178.577: [GC (Allocation Failure) [PSYoungGen: 408742K->175894K(465920K)] 821352K->652572K(1864192K), 0.0488271 secs] [Times: user=0.23 sys=0.00, real=0.05 secs] 
5179.476: [GC (Allocation Failure) [PSYoungGen: 408854K->168755K(465920K)] 885532K->701329K(1864192K), 0.0554562 secs] [Times: user=0.28 sys=0.00, real=0.05 secs] 
5181.133: [GC (Allocation Failure) [PSYoungGen: 401715K->99467K(465920K)] 934289K->696534K(1864192K), 0.1080139 secs] [Times: user=0.58 sys=0.00, real=0.11 secs] 
5181.961: [GC (Allocation Failure) [PSYoungGen: 332427K->180374K(465920K)] 929494K->809381K(1864192K), 0.0508825 secs] [Times: user=0.22 sys=0.00, real=0.05 secs] 
5182.148: [GC (Allocation Failure) [PSYoungGen: 413309K->184374K(465920K)] 1042316K->869677K(1864192K), 0.0428914 secs] [Times: user=0.19 sys=0.00, real=0.04 secs] 
5182.301: [GC (Allocation Failure) [PSYoungGen: 417334K->203061K(465920K)] 1102637K->943993K(1864192K), 0.0458047 secs] [Times: user=0.22 sys=0.00, real=0.05 secs] 
5183.284: [GC (Allocation Failure) [PSYoungGen: 436021K->100236K(465920K)] 1176953K->911648K(1864192K), 0.0446575 secs] [Times: user=0.23 sys=0.00, real=0.05 secs] 
5184.289: [GC (Allocation Failure) [PSYoungGen: 333196K->163411K(465920K)] 1144608K->1006716K(1864192K), 0.1039385 secs] [Times: user=0.51 sys=0.00, real=0.10 secs] 
5184.614: [GC (Allocation Failure) [PSYoungGen: 396371K->181269K(465920K)] 1239676K->1075962K(1864192K), 0.0429146 secs] [Times: user=0.20 sys=0.00, real=0.05 secs] 
5184.776: [GC (Allocation Failure) [PSYoungGen: 414229K->185751K(465920K)] 1308922K->1143684K(1864192K), 0.0501308 secs] [Times: user=0.24 sys=0.00, real=0.05 secs] 
5184.969: [GC (Allocation Failure) [PSYoungGen: 418711K->215700K(465920K)] 1376644K->1232313K(1864192K), 0.0554890 secs] [Times: user=0.28 sys=0.00, real=0.05 secs] 
5185.991: [GC (Allocation Failure) [PSYoungGen: 448660K->94763K(465920K)] 1465273K->1180288K(1864192K), 0.0540611 secs] [Times: user=0.28 sys=0.00, real=0.05 secs] 
5186.574: [GC (Allocation Failure) [PSYoungGen: 327723K->178677K(465920K)] 1413248K->1294107K(1864192K), 0.0628478 secs] [Times: user=0.30 sys=0.00, real=0.07 secs] 
5186.807: [GC (Allocation Failure) [PSYoungGen: 411637K->184662K(465920K)] 1527067K->1355907K(1864192K), 0.0448493 secs] [Times: user=0.20 sys=0.01, real=0.04 secs] 
5186.960: [GC (Allocation Failure) [PSYoungGen: 417622K->186613K(465920K)] 1588867K->1413619K(1864192K), 0.0468448 secs] [Times: user=0.22 sys=0.00, real=0.05 secs] 
5187.959: [GC (Allocation Failure) [PSYoungGen: 419573K->99964K(465920K)] 1646579K->1397486K(1864192K), 0.0458704 secs] [Times: user=0.24 sys=0.00, real=0.04 secs] 
5189.814: [GC (Allocation Failure) [PSYoungGen: 332924K->163667K(465920K)] 1630446K->1493034K(1864192K), 0.1224989 secs] [Times: user=0.64 sys=0.00, real=0.13 secs] 
5189.936: [Full GC (Ergonomics) [PSYoungGen: 163667K->0K(465920K)] [ParOldGen: 1329366K->183391K(1398272K)] 1493034K->183391K(1864192K), [Metaspace: 59586K->59586K(1105920K)], 0.2421414 secs] [Times: user=1.09 sys=0.00, real=0.24 secs] 
5190.328: [GC (Allocation Failure) [PSYoungGen: 232960K->181781K(465920K)] 416351K->365173K(1864192K), 0.0331492 secs] [Times: user=0.14 sys=0.00, real=0.03 secs] 
5190.504: [GC (Allocation Failure) [PSYoungGen: 414741K->186103K(465920K)] 598133K->433078K(1864192K), 0.0441140 secs] [Times: user=0.20 sys=0.00, real=0.05 secs] 
5190.685: [GC (Allocation Failure) [PSYoungGen: 419063K->186453K(465920K)] 666038K->492333K(1864192K), 0.0760328 secs] [Times: user=0.38 sys=0.00, real=0.08 secs] 
5192.230: [GC (Allocation Failure) [PSYoungGen: 419301K->86186K(465920K)] 725180K->462345K(1864192K), 0.1081180 secs] [Times: user=0.60 sys=0.00, real=0.11 secs] 
5192.717: [GC (Allocation Failure) [PSYoungGen: 319146K->182614K(465920K)] 695305K->586134K(1864192K), 0.0340022 secs] [Times: user=0.14 sys=0.00, real=0.03 secs] 
5192.862: [GC (Allocation Failure) [PSYoungGen: 415574K->184822K(465920K)] 819094K->645370K(1864192K), 0.0438460 secs] [Times: user=0.20 sys=0.00, real=0.04 secs] 
5193.037: [GC (Allocation Failure) [PSYoungGen: 417782K->186549K(465920K)] 878330K->703346K(1864192K), 0.0506195 secs] [Times: user=0.24 sys=0.00, real=0.05 secs] 
5194.027: [GC (Allocation Failure) [PSYoungGen: 419509K->102332K(465920K)] 936306K->689593K(1864192K), 0.0448945 secs] [Times: user=0.24 sys=0.00, real=0.04 secs] 
5194.865: [GC (Allocation Failure) [PSYoungGen: 335292K->161747K(465920K)] 922553K->782672K(1864192K), 0.0905288 secs] [Times: user=0.46 sys=0.00, real=0.09 secs] 
5195.115: [GC (Allocation Failure) [PSYoungGen: 394707K->184149K(465920K)] 1015632K->855147K(1864192K), 0.0422219 secs] [Times: user=0.19 sys=0.00, real=0.05 secs] 
5195.274: [GC (Allocation Failure) [PSYoungGen: 417109K->185815K(465920K)] 1088107K->921180K(1864192K), 0.0508293 secs] [Times: user=0.24 sys=0.00, real=0.05 secs] 
5195.592: [GC (Allocation Failure) [PSYoungGen: 418775K->186261K(465920K)] 1154140K->980474K(1864192K), 0.0611250 secs] [Times: user=0.30 sys=0.00, real=0.06 secs] 
5197.357: [GC (Allocation Failure) [PSYoungGen: 419221K->88058K(465920K)] 1213434K->952543K(1864192K), 0.1148123 secs] [Times: user=0.64 sys=0.00, real=0.11 secs] 
5198.534: [GC (GCLocker Initiated GC) [PSYoungGen: 321018K->177429K(465920K)] 1185504K->1069056K(1864192K), 0.0532354 secs] [Times: user=0.23 sys=0.00, real=0.06 secs] 
5198.733: [GC (Allocation Failure) [PSYoungGen: 410389K->192950K(465920K)] 1302018K->1140579K(1864192K), 0.0446725 secs] [Times: user=0.20 sys=0.01, real=0.05 secs] 
5198.889: [GC (Allocation Failure) [PSYoungGen: 425910K->186741K(465920K)] 1373539K->1190238K(1864192K), 0.0458057 secs] [Times: user=0.21 sys=0.00, real=0.04 secs] 
5199.890: [GC (Allocation Failure) [PSYoungGen: 419701K->107917K(465920K)] 1423198K->1181710K(1864192K), 0.0461838 secs] [Times: user=0.24 sys=0.00, real=0.05 secs] 
5201.194: [GC (Allocation Failure) [PSYoungGen: 340877K->156050K(465920K)] 1414670K->1264769K(1864192K), 0.1234711 secs] [Times: user=0.66 sys=0.00, real=0.13 secs] 
5201.624: [GC (Allocation Failure) [PSYoungGen: 389010K->181397K(465920K)] 1497729K->1339084K(1864192K), 0.0424355 secs] [Times: user=0.19 sys=0.00, real=0.05 secs] 
5201.812: [GC (Allocation Failure) [PSYoungGen: 414357K->185623K(465920K)] 1572044K->1406789K(1864192K), 0.0761004 secs] [Times: user=0.37 sys=0.00, real=0.08 secs] 
5202.055: [GC (Allocation Failure) [PSYoungGen: 418583K->186677K(465920K)] 1639749K->1466515K(1864192K), 0.0742604 secs] [Times: user=0.38 sys=0.00, real=0.08 secs] 
5203.155: [GC (Allocation Failure) [PSYoungGen: 419637K->92395K(465920K)] 1699475K->1442709K(1864192K), 0.0437840 secs] [Times: user=0.23 sys=0.00, real=0.05 secs] 
5203.198: [Full GC (Ergonomics) [PSYoungGen: 92395K->0K(465920K)] [ParOldGen: 1350314K->102799K(1398272K)] 1442709K->102799K(1864192K), [Metaspace: 59586K->59586K(1105920K)], 0.0884348 secs] [Times: user=0.33 sys=0.00, real=0.09 secs] 
5204.175: [GC (Allocation Failure) [PSYoungGen: 232960K->173461K(465920K)] 335759K->276260K(1864192K), 0.0432241 secs] [Times: user=0.17 sys=0.00, real=0.05 secs] 
5204.389: [GC (Allocation Failure) [PSYoungGen: 406421K->184342K(465920K)] 509220K->341713K(1864192K), 0.0405586 secs] [Times: user=0.17 sys=0.00, real=0.04 secs] 
5204.540: [GC (Allocation Failure) [PSYoungGen: 417302K->186805K(465920K)] 574673K->399892K(1864192K), 0.0444943 secs] [Times: user=0.21 sys=0.00, real=0.04 secs] 
5205.533: [GC (Allocation Failure) [PSYoungGen: 419765K->117870K(465920K)] 632852K->401341K(1864192K), 0.0458970 secs] [Times: user=0.23 sys=0.00, real=0.05 secs] 
5205.958: [GC (Allocation Failure) [PSYoungGen: 350830K->154354K(465920K)] 634301K->476350K(1864192K), 0.0729158 secs] [Times: user=0.38 sys=0.00, real=0.07 secs] 
5206.189: [GC (Allocation Failure) [PSYoungGen: 387314K->184213K(465920K)] 709310K->554285K(1864192K), 0.0404394 secs] [Times: user=0.18 sys=0.00, real=0.04 secs] 
5206.365: [GC (Allocation Failure) [PSYoungGen: 417173K->182838K(465920K)] 787245K->617178K(1864192K), 0.0591202 secs] [Times: user=0.29 sys=0.00, real=0.06 secs] 
5206.543: [GC (Allocation Failure) [PSYoungGen: 415798K->186613K(465920K)] 850138K->679273K(1864192K), 0.0550650 secs] [Times: user=0.27 sys=0.00, real=0.06 secs] 
5207.885: [GC (Allocation Failure) [PSYoungGen: 419573K->91610K(465920K)] 912233K->654822K(1864192K), 0.0681436 secs] [Times: user=0.36 sys=0.00, real=0.07 secs] 
5209.348: [GC (Allocation Failure) [PSYoungGen: 324570K->172628K(465920K)] 887782K->764397K(1864192K), 0.0540966 secs] [Times: user=0.24 sys=0.00, real=0.05 secs] 
5209.559: [GC (Allocation Failure) [PSYoungGen: 405588K->184662K(465920K)] 997357K->830538K(1864192K), 0.0432476 secs] [Times: user=0.20 sys=0.00, real=0.04 secs] 
5209.709: [GC (Allocation Failure) [PSYoungGen: 417622K->187125K(465920K)] 1063498K->888786K(1864192K), 0.0462320 secs] [Times: user=0.21 sys=0.00, real=0.04 secs] 
5210.705: [GC (Allocation Failure) [PSYoungGen: 420085K->120014K(465920K)] 1121746K->892323K(1864192K), 0.0476201 secs] [Times: user=0.24 sys=0.00, real=0.05 secs] 
5211.124: [GC (Allocation Failure) [PSYoungGen: 352974K->151938K(465920K)] 1125283K->962827K(1864192K), 0.0650947 secs] [Times: user=0.34 sys=0.00, real=0.07 secs] 
5211.490: [GC (Allocation Failure) [PSYoungGen: 384898K->180309K(465920K)] 1195787K->1038546K(1864192K), 0.0410946 secs] [Times: user=0.19 sys=0.00, real=0.04 secs] 
5211.706: [GC (Allocation Failure) [PSYoungGen: 413269K->185719K(465920K)] 1271506K->1107144K(1864192K), 0.0733811 secs] [Times: user=0.36 sys=0.00, real=0.07 secs] 
5211.931: [GC (Allocation Failure) [PSYoungGen: 418679K->182772K(465920K)] 1340104K->1163222K(1864192K), 0.0692039 secs] [Times: user=0.35 sys=0.00, real=0.07 secs] 
5213.138: [GC (Allocation Failure) [PSYoungGen: 415732K->94187K(465920K)] 1396182K->1143656K(1864192K), 0.0741134 secs] [Times: user=0.40 sys=0.00, real=0.07 secs] 
5213.703: [GC (Allocation Failure) [PSYoungGen: 327147K->177717K(465920K)] 1376616K->1257167K(1864192K), 0.0516991 secs] [Times: user=0.24 sys=0.00, real=0.05 secs] 
5213.895: [GC (Allocation Failure) [PSYoungGen: 410677K->185046K(465920K)] 1490127K->1320272K(1864192K), 0.0451457 secs] [Times: user=0.20 sys=0.00, real=0.05 secs] 
5214.071: [GC (Allocation Failure) [PSYoungGen: 418006K->183860K(465920K)] 1553232K->1375263K(1864192K), 0.0514479 secs] [Times: user=0.25 sys=0.00, real=0.05 secs] 
5215.094: [GC (Allocation Failure) [PSYoungGen: 416820K->122031K(465920K)] 1608223K->1382637K(1864192K), 0.0484356 secs] [Times: user=0.25 sys=0.00, real=0.05 secs] 
5216.698: [GC (Allocation Failure) [PSYoungGen: 354991K->144433K(465920K)] 1615597K->1443727K(1864192K), 0.1294769 secs] [Times: user=0.70 sys=0.00, real=0.13 secs] 
5217.226: [GC (Allocation Failure) [PSYoungGen: 377393K->178101K(465920K)] 1676687K->1522796K(1864192K), 0.0492558 secs] [Times: user=0.23 sys=0.00, real=0.05 secs] 
5217.275: [Full GC (Ergonomics) [PSYoungGen: 178101K->0K(465920K)] [ParOldGen: 1344695K->239465K(1398272K)] 1522796K->239465K(1864192K), [Metaspace: 59586K->59586K(1105920K)], 0.2945792 secs] [Times: user=1.36 sys=0.00, real=0.30 secs] 
5217.685: [GC (Allocation Failure) [PSYoungGen: 232960K->185559K(465920K)] 472425K->425024K(1864192K), 0.0834415 secs] [Times: user=0.43 sys=0.00, real=0.09 secs] 
5217.879: [GC (Allocation Failure) [PSYoungGen: 418519K->186581K(465920K)] 657984K->484958K(1864192K), 0.0556972 secs] [Times: user=0.27 sys=0.00, real=0.05 secs] 
5218.978: [GC (Allocation Failure) [PSYoungGen: 419541K->94219K(465920K)] 717918K->463048K(1864192K), 0.0628313 secs] [Times: user=0.33 sys=0.00, real=0.06 secs] 
5220.536: [GC (Allocation Failure) [PSYoungGen: 327179K->168404K(465920K)] 696008K->566798K(1864192K), 0.0556052 secs] [Times: user=0.25 sys=0.00, real=0.05 secs] 
5220.753: [GC (Allocation Failure) [PSYoungGen: 401364K->184982K(465920K)] 799758K->636372K(1864192K), 0.0439168 secs] [Times: user=0.19 sys=0.00, real=0.05 secs] 
5220.909: [GC (Allocation Failure) [PSYoungGen: 417942K->187061K(465920K)] 869332K->694411K(1864192K), 0.0456527 secs] [Times: user=0.21 sys=0.00, real=0.04 secs] 
5221.874: [GC (Allocation Failure) [PSYoungGen: 420021K->134512K(465920K)] 927371K->712382K(1864192K), 0.0485658 secs] [Times: user=0.24 sys=0.00, real=0.05 secs] 
5223.245: [GC (Allocation Failure) [PSYoungGen: 367472K->132543K(465920K)] 945342K->753222K(1864192K), 0.1463140 secs] [Times: user=0.81 sys=0.01, real=0.15 secs] 
5223.852: [GC (Allocation Failure) [PSYoungGen: 365503K->175380K(465920K)] 986182K->838067K(1864192K), 0.0518558 secs] [Times: user=0.24 sys=0.00, real=0.05 secs] 
5224.101: [GC (Allocation Failure) [PSYoungGen: 408340K->185463K(465920K)] 1071027K->909710K(1864192K), 0.0677158 secs] [Times: user=0.33 sys=0.01, real=0.07 secs] 
5224.286: [GC (Allocation Failure) [PSYoungGen: 418423K->186549K(465920K)] 1142670K->969532K(1864192K), 0.0576612 secs] [Times: user=0.29 sys=0.00, real=0.06 secs] 
5225.312: [GC (GCLocker Initiated GC) [PSYoungGen: 419509K->93819K(465920K)] 1202492K->947178K(1864192K), 0.0449627 secs] [Times: user=0.23 sys=0.00, real=0.05 secs] 
5226.555: [GC (Allocation Failure) [PSYoungGen: 326779K->172692K(465920K)] 1180305K->1055823K(1864192K), 0.0610396 secs] [Times: user=0.26 sys=0.00, real=0.06 secs] 
5226.835: [GC (Allocation Failure) [PSYoungGen: 405652K->181525K(465920K)] 1288783K->1118608K(1864192K), 0.0586392 secs] [Times: user=0.28 sys=0.00, real=0.06 secs] 
5227.062: [GC (Allocation Failure) [PSYoungGen: 414485K->187157K(465920K)] 1351568K->1179344K(1864192K), 0.0681031 secs] [Times: user=0.33 sys=0.00, real=0.07 secs] 
5228.112: [GC (Allocation Failure) [PSYoungGen: 420117K->147378K(465920K)] 1412304K->1210145K(1864192K), 0.0511519 secs] [Times: user=0.25 sys=0.00, real=0.05 secs] 
5228.558: [GC (GCLocker Initiated GC) [PSYoungGen: 380338K->124991K(465920K)] 1443106K->1234474K(1864192K), 0.1388107 secs] [Times: user=0.77 sys=0.01, real=0.14 secs] 
5228.984: [GC (Allocation Failure) [PSYoungGen: 357951K->183796K(465920K)] 1467473K->1332920K(1864192K), 0.0413830 secs] [Times: user=0.19 sys=0.00, real=0.04 secs] 
5229.168: [GC (Allocation Failure) [PSYoungGen: 416756K->185047K(465920K)] 1565880K->1396202K(1864192K), 0.0692038 secs] [Times: user=0.34 sys=0.00, real=0.07 secs] 
5229.370: [GC (Allocation Failure) [PSYoungGen: 418007K->186613K(465920K)] 1629162K->1456416K(1864192K), 0.0579003 secs] [Times: user=0.29 sys=0.00, real=0.06 secs] 
5230.438: [GC (Allocation Failure) [PSYoungGen: 419573K->93611K(465920K)] 1689376K->1433939K(1864192K), 0.0445266 secs] [Times: user=0.23 sys=0.00, real=0.04 secs] 
5230.483: [Full GC (Ergonomics) [PSYoungGen: 93611K->0K(465920K)] [ParOldGen: 1340327K->91609K(1398272K)] 1433939K->91609K(1864192K), [Metaspace: 59586K->59586K(1105920K)], 0.0553568 secs] [Times: user=0.20 sys=0.01, real=0.06 secs] 
5231.179: [GC (Allocation Failure) [PSYoungGen: 232960K->173973K(465920K)] 324569K->265582K(1864192K), 0.0575465 secs] [Times: user=0.20 sys=0.00, real=0.06 secs] 
5231.469: [GC (Allocation Failure) [PSYoungGen: 406933K->184566K(465920K)] 498542K->330391K(1864192K), 0.0443378 secs] [Times: user=0.20 sys=0.00, real=0.04 secs] 
5231.623: [GC (Allocation Failure) [PSYoungGen: 417526K->187317K(465920K)] 563351K->389087K(1864192K), 0.0443311 secs] [Times: user=0.20 sys=0.00, real=0.05 secs] 
5232.559: [GC (Allocation Failure) [PSYoungGen: 420277K->150194K(465920K)] 622047K->422732K(1864192K), 0.0502140 secs] [Times: user=0.24 sys=0.00, real=0.05 secs] 
5234.333: [GC (Allocation Failure) [PSYoungGen: 383154K->113645K(465920K)] 655692K->433687K(1864192K), 0.1838402 secs] [Times: user=1.04 sys=0.01, real=0.19 secs] 
5235.055: [GC (Allocation Failure) [PSYoungGen: 346605K->182932K(465920K)] 666647K->539159K(1864192K), 0.0466500 secs] [Times: user=0.21 sys=0.00, real=0.05 secs] 
5235.223: [GC (Allocation Failure) [PSYoungGen: 415892K->184727K(465920K)] 772119K->602361K(1864192K), 0.0482809 secs] [Times: user=0.22 sys=0.00, real=0.05 secs] 
5235.381: [GC (Allocation Failure) [PSYoungGen: 417687K->186613K(465920K)] 835321K->662824K(1864192K), 0.0575289 secs] [Times: user=0.28 sys=0.00, real=0.06 secs] 
5236.380: [GC (GCLocker Initiated GC) [PSYoungGen: 419573K->97019K(465920K)] 895784K->643678K(1864192K), 0.0451704 secs] [Times: user=0.24 sys=0.00, real=0.04 secs] 
5236.824: [GC (Allocation Failure) [PSYoungGen: 329979K->174197K(465920K)] 876769K->753058K(1864192K), 0.0381254 secs] [Times: user=0.17 sys=0.01, real=0.04 secs] 
5236.973: [GC (Allocation Failure) [PSYoungGen: 407119K->181429K(465920K)] 985981K->814726K(1864192K), 0.0428243 secs] [Times: user=0.19 sys=0.00, real=0.04 secs] 
5237.127: [GC (Allocation Failure) [PSYoungGen: 410656K->179638K(465920K)] 1043954K->876391K(1864192K), 0.0485162 secs] [Times: user=0.23 sys=0.00, real=0.04 secs] 
5237.940: [GC (Allocation Failure) [PSYoungGen: 410244K->206259K(465920K)] 1106997K->960172K(1864192K), 0.0534546 secs] [Times: user=0.26 sys=0.00, real=0.05 secs] 
5238.395: [GC (Allocation Failure) [PSYoungGen: 439219K->101644K(465920K)] 1193132K->920525K(1864192K), 0.0408126 secs] [Times: user=0.21 sys=0.00, real=0.04 secs] 
5238.746: [GC (Allocation Failure) [PSYoungGen: 333749K->181110K(465920K)] 1152631K->1032803K(1864192K), 0.0357552 secs] [Times: user=0.15 sys=0.00, real=0.03 secs] 
5238.894: [GC (Allocation Failure) [PSYoungGen: 414070K->184438K(465920K)] 1265763K->1092331K(1864192K), 0.0453893 secs] [Times: user=0.21 sys=0.00, real=0.05 secs] 
5239.048: [GC (Allocation Failure) [PSYoungGen: 417398K->186421K(465920K)] 1325291K->1150371K(1864192K), 0.0474464 secs] [Times: user=0.22 sys=0.00, real=0.04 secs] 
5240.076: [GC (Allocation Failure) [PSYoungGen: 419381K->97403K(465920K)] 1383331K->1131809K(1864192K), 0.0570767 secs] [Times: user=0.31 sys=0.00, real=0.06 secs] 
5241.946: [GC (Allocation Failure) [PSYoungGen: 330363K->165780K(465920K)] 1364769K->1231174K(1864192K), 0.1148396 secs] [Times: user=0.60 sys=0.00, real=0.12 secs] 
5242.262: [GC (Allocation Failure) [PSYoungGen: 398740K->184790K(465920K)] 1464134K->1302384K(1864192K), 0.0434075 secs] [Times: user=0.19 sys=0.00, real=0.04 secs] 
5242.417: [GC (Allocation Failure) [PSYoungGen: 417750K->186039K(465920K)] 1535344K->1367874K(1864192K), 0.0511871 secs] [Times: user=0.24 sys=0.00, real=0.05 secs] 
5242.855: [GC (Allocation Failure) [PSYoungGen: 416548K->212500K(465920K)] 1598383K->1453191K(1864192K), 0.0543617 secs] [Times: user=0.27 sys=0.00, real=0.06 secs] 
5244.656: [GC (Allocation Failure) [PSYoungGen: 445460K->88970K(465920K)] 1686151K->1397089K(1864192K), 0.1058299 secs] [Times: user=0.58 sys=0.00, real=0.11 secs] 
5245.686: [GC (Allocation Failure) [PSYoungGen: 321930K->178261K(465920K)] 1630049K->1514421K(1864192K), 0.0554913 secs] [Times: user=0.25 sys=0.00, real=0.06 secs] 
5245.741: [Full GC (Ergonomics) [PSYoungGen: 178261K->0K(465920K)] [ParOldGen: 1336159K->222376K(1398272K)] 1514421K->222376K(1864192K), [Metaspace: 59586K->59586K(1105920K)], 0.2850253 secs] [Times: user=1.34 sys=0.00, real=0.29 secs] 
5246.135: [GC (Allocation Failure) [PSYoungGen: 232960K->184886K(465920K)] 455336K->407262K(1864192K), 0.0266650 secs] [Times: user=0.10 sys=0.00, real=0.03 secs] 
5246.268: [GC (Allocation Failure) [PSYoungGen: 417846K->187029K(465920K)] 640222K->465293K(1864192K), 0.0449096 secs] [Times: user=0.20 sys=0.00, real=0.04 secs] 
5247.278: [GC (Allocation Failure) [PSYoungGen: 419989K->98876K(465920K)] 698253K->447708K(1864192K), 0.0434244 secs] [Times: user=0.23 sys=0.00, real=0.04 secs] 
5248.270: [GC (Allocation Failure) [PSYoungGen: 331836K->169236K(465920K)] 680668K->550608K(1864192K), 0.0874869 secs] [Times: user=0.43 sys=0.00, real=0.09 secs] 
5248.601: [GC (Allocation Failure) [PSYoungGen: 402196K->208630K(465920K)] 783568K->641458K(1864192K), 0.0428188 secs] [Times: user=0.19 sys=0.00, real=0.04 secs] 
5248.757: [GC (Allocation Failure) [PSYoungGen: 441590K->185847K(465920K)] 874418K->682840K(1864192K), 0.0498478 secs] [Times: user=0.23 sys=0.00, real=0.05 secs] 
5249.089: [GC (Allocation Failure) [PSYoungGen: 418807K->184693K(465920K)] 915800K->740573K(1864192K), 0.0550209 secs] [Times: user=0.27 sys=0.00, real=0.05 secs] 
5250.484: [GC (Allocation Failure) [PSYoungGen: 417653K->87450K(465920K)] 973533K->713179K(1864192K), 0.0593688 secs] [Times: user=0.31 sys=0.00, real=0.06 secs] 
5251.571: [GC (Allocation Failure) [PSYoungGen: 320410K->178933K(465920K)] 946139K->832207K(1864192K), 0.0564597 secs] [Times: user=0.26 sys=0.00, real=0.06 secs] 
5251.784: [GC (Allocation Failure) [PSYoungGen: 411893K->184758K(465920K)] 1065167K->894267K(1864192K), 0.0454371 secs] [Times: user=0.19 sys=0.00, real=0.05 secs] 
5251.943: [GC (Allocation Failure) [PSYoungGen: 417718K->186645K(465920K)] 1127227K->952275K(1864192K), 0.0458976 secs] [Times: user=0.22 sys=0.00, real=0.05 secs] 
5252.947: [GC (Allocation Failure) [PSYoungGen: 419605K->107373K(465920K)] 1185235K->943331K(1864192K), 0.0457614 secs] [Times: user=0.23 sys=0.00, real=0.04 secs] 
5253.487: [GC (Allocation Failure) [PSYoungGen: 340333K->164275K(465920K)] 1176291K->1035914K(1864192K), 0.0765143 secs] [Times: user=0.39 sys=0.00, real=0.07 secs] 
5253.717: [GC (Allocation Failure) [PSYoungGen: 397235K->184342K(465920K)] 1268874K->1106932K(1864192K), 0.0424529 secs] [Times: user=0.19 sys=0.00, real=0.04 secs] 
5253.898: [GC (Allocation Failure) [PSYoungGen: 417302K->185495K(465920K)] 1339892K->1172221K(1864192K), 0.0555115 secs] [Times: user=0.26 sys=0.00, real=0.05 secs] 
5254.172: [GC (Allocation Failure) [PSYoungGen: 418455K->183764K(465920K)] 1405181K->1229443K(1864192K), 0.0562289 secs] [Times: user=0.28 sys=0.00, real=0.06 secs] 
5255.531: [GC (Allocation Failure) [PSYoungGen: 416724K->84794K(465920K)] 1462403K->1200152K(1864192K), 0.1040266 secs] [Times: user=0.58 sys=0.01, real=0.10 secs] 
5256.223: [GC (Allocation Failure) [PSYoungGen: 317754K->179893K(465920K)] 1433112K->1322560K(1864192K), 0.0471506 secs] [Times: user=0.20 sys=0.00, real=0.05 secs] 
5256.405: [GC (Allocation Failure) [PSYoungGen: 412853K->184598K(465920K)] 1555520K->1383180K(1864192K), 0.0445634 secs] [Times: user=0.20 sys=0.00, real=0.05 secs] 
5256.581: [GC (Allocation Failure) [PSYoungGen: 417558K->186837K(465920K)] 1616140K->1441355K(1864192K), 0.0508387 secs] [Times: user=0.24 sys=0.00, real=0.05 secs] 
5257.597: [GC (Allocation Failure) [PSYoungGen: 419797K->109293K(465920K)] 1674315K->1434420K(1864192K), 0.0471623 secs] [Times: user=0.25 sys=0.00, real=0.04 secs] 
5257.644: [Full GC (Ergonomics) [PSYoungGen: 109293K->0K(465920K)] [ParOldGen: 1325126K->92075K(1398272K)] 1434420K->92075K(1864192K), [Metaspace: 59587K->59587K(1105920K)], 0.0331585 secs] [Times: user=0.09 sys=0.00, real=0.04 secs] 
5258.544: [GC (Allocation Failure) [PSYoungGen: 232960K->158355K(465920K)] 325035K->250430K(1864192K), 0.0344647 secs] [Times: user=0.13 sys=0.00, real=0.04 secs] 
5258.794: [GC (Allocation Failure) [PSYoungGen: 391315K->178421K(465920K)] 483390K->319976K(1864192K), 0.0400957 secs] [Times: user=0.18 sys=0.00, real=0.04 secs] 
5258.976: [GC (Allocation Failure) [PSYoungGen: 411381K->185719K(465920K)] 552936K->390114K(1864192K), 0.0542058 secs] [Times: user=0.26 sys=0.00, real=0.05 secs] 
5259.190: [GC (Allocation Failure) [PSYoungGen: 418679K->186613K(465920K)] 623074K->449929K(1864192K), 0.0752624 secs] [Times: user=0.38 sys=0.00, real=0.07 secs] 
5260.779: [GC (Allocation Failure) [PSYoungGen: 419573K->92042K(465920K)] 682889K->425782K(1864192K), 0.1167436 secs] [Times: user=0.64 sys=0.00, real=0.11 secs] 
5261.788: [GC (GCLocker Initiated GC) [PSYoungGen: 325002K->170164K(465920K)] 658743K->533737K(1864192K), 0.0547444 secs] [Times: user=0.25 sys=0.00, real=0.05 secs] 
5262.000: [GC (Allocation Failure) [PSYoungGen: 403124K->184566K(465920K)] 766700K->601350K(1864192K), 0.0474664 secs] [Times: user=0.20 sys=0.00, real=0.05 secs] 
5262.195: [GC (Allocation Failure) [PSYoungGen: 417526K->186837K(465920K)] 834310K->659657K(1864192K), 0.0709107 secs] [Times: user=0.35 sys=0.00, real=0.08 secs] 
5263.301: [GC (Allocation Failure) [PSYoungGen: 419797K->121119K(465920K)] 892617K->664203K(1864192K), 0.0469910 secs] [Times: user=0.24 sys=0.00, real=0.05 secs] 
5263.902: [GC (Allocation Failure) [PSYoungGen: 354079K->148177K(465920K)] 897163K->730374K(1864192K), 0.1142834 secs] [Times: user=0.62 sys=0.00, real=0.11 secs] 
5264.569: [GC (Allocation Failure) [PSYoungGen: 381137K->180053K(465920K)] 963334K->808690K(1864192K), 0.0533778 secs] [Times: user=0.25 sys=0.00, real=0.05 secs] 
5264.743: [GC (Allocation Failure) [PSYoungGen: 413013K->185591K(465920K)] 1041650K->877312K(1864192K), 0.0500389 secs] [Times: user=0.23 sys=0.00, real=0.05 secs] 
5264.964: [GC (Allocation Failure) [PSYoungGen: 418551K->183476K(465920K)] 1110272K->933981K(1864192K), 0.0821371 secs] [Times: user=0.42 sys=0.00, real=0.08 secs] 
5266.083: [GC (Allocation Failure) [PSYoungGen: 416436K->97547K(465920K)] 1166941K->917372K(1864192K), 0.0612732 secs] [Times: user=0.32 sys=0.00, real=0.06 secs] 
5266.554: [GC (Allocation Failure) [PSYoungGen: 330507K->178261K(465920K)] 1150332K->1029235K(1864192K), 0.0477273 secs] [Times: user=0.21 sys=0.00, real=0.05 secs] 
5266.731: [GC (Allocation Failure) [PSYoungGen: 411221K->184790K(465920K)] 1262195K->1091456K(1864192K), 0.0447844 secs] [Times: user=0.20 sys=0.00, real=0.04 secs] 
5266.880: [GC (Allocation Failure) [PSYoungGen: 417750K->183380K(465920K)] 1324416K->1146054K(1864192K), 0.0473746 secs] [Times: user=0.22 sys=0.00, real=0.05 secs] 
5267.889: [GC (Allocation Failure) [PSYoungGen: 416340K->122831K(465920K)] 1379014K->1154729K(1864192K), 0.0489527 secs] [Times: user=0.25 sys=0.00, real=0.05 secs] 
5269.063: [GC (Allocation Failure) [PSYoungGen: 355791K->144561K(465920K)] 1387689K->1215507K(1864192K), 0.1458656 secs] [Times: user=0.80 sys=0.00, real=0.15 secs] 
5269.543: [GC (Allocation Failure) [PSYoungGen: 377521K->183477K(465920K)] 1448467K->1299804K(1864192K), 0.0506268 secs] [Times: user=0.24 sys=0.00, real=0.05 secs] 
5269.706: [GC (Allocation Failure) [PSYoungGen: 416437K->186007K(465920K)] 1532764K->1366066K(1864192K), 0.0519686 secs] [Times: user=0.25 sys=0.01, real=0.06 secs] 
5269.884: [GC (Allocation Failure) [PSYoungGen: 418967K->186869K(465920K)] 1599026K->1426056K(1864192K), 0.0622718 secs] [Times: user=0.32 sys=0.00, real=0.06 secs] 
5271.061: [GC (Allocation Failure) [PSYoungGen: 419829K->90746K(465920K)] 1659016K->1400390K(1864192K), 0.0613371 secs] [Times: user=0.33 sys=0.00, real=0.06 secs] 
5272.145: [GC (Allocation Failure) [PSYoungGen: 323706K->173237K(465920K)] 1633350K->1511901K(1864192K), 0.0493181 secs] [Times: user=0.22 sys=0.00, real=0.05 secs] 
5272.195: [Full GC (Ergonomics) [PSYoungGen: 173237K->0K(465920K)] [ParOldGen: 1338664K->209015K(1398272K)] 1511901K->209015K(1864192K), [Metaspace: 59587K->59587K(1105920K)], 0.2564294 secs] [Times: user=1.11 sys=0.00, real=0.26 secs] 
5272.564: [GC (Allocation Failure) [PSYoungGen: 232960K->181685K(465920K)] 441975K->390700K(1864192K), 0.0264292 secs] [Times: user=0.10 sys=0.00, real=0.03 secs] 
5272.700: [GC (Allocation Failure) [PSYoungGen: 414645K->186933K(465920K)] 623660K->451212K(1864192K), 0.0443939 secs] [Times: user=0.20 sys=0.00, real=0.04 secs] 
5273.675: [GC (Allocation Failure) [PSYoungGen: 419893K->130224K(465920K)] 684172K->464983K(1864192K), 0.0475746 secs] [Times: user=0.23 sys=0.00, real=0.05 secs] 
5274.311: [GC (Allocation Failure) [PSYoungGen: 363184K->142545K(465920K)] 697943K->518812K(1864192K), 0.1252709 secs] [Times: user=0.68 sys=0.00, real=0.13 secs] 
5274.645: [GC (Allocation Failure) [PSYoungGen: 375505K->172884K(465920K)] 751772K->594396K(1864192K), 0.0380457 secs] [Times: user=0.17 sys=0.00, real=0.04 secs] 
5274.830: [GC (Allocation Failure) [PSYoungGen: 405844K->185271K(465920K)] 827356K->667815K(1864192K), 0.0701624 secs] [Times: user=0.34 sys=0.00, real=0.07 secs] 
5275.025: [GC (Allocation Failure) [PSYoungGen: 418231K->186037K(465920K)] 900775K->727149K(1864192K), 0.0561800 secs] [Times: user=0.28 sys=0.00, real=0.06 secs] 
5276.037: [GC (Allocation Failure) [PSYoungGen: 418997K->98395K(465920K)] 960109K->709756K(1864192K), 0.0606667 secs] [Times: user=0.32 sys=0.00, real=0.06 secs] 
5276.654: [GC (Allocation Failure) [PSYoungGen: 331355K->177333K(465920K)] 942716K->820302K(1864192K), 0.0540595 secs] [Times: user=0.24 sys=0.00, real=0.06 secs] 
5276.861: [GC (Allocation Failure) [PSYoungGen: 410293K->184470K(465920K)] 1053262K->883003K(1864192K), 0.0433647 secs] [Times: user=0.20 sys=0.00, real=0.04 secs] 
5277.035: [GC (Allocation Failure) [PSYoungGen: 417428K->186517K(465920K)] 1115961K->941162K(1864192K), 0.0504613 secs] [Times: user=0.24 sys=0.00, real=0.05 secs] 
5278.035: [GC (Allocation Failure) [PSYoungGen: 419477K->129360K(465920K)] 1174122K->954229K(1864192K), 0.0480644 secs] [Times: user=0.24 sys=0.00, real=0.05 secs] 
5279.601: [GC (Allocation Failure) [PSYoungGen: 362320K->137872K(465920K)] 1187189K->1003733K(1864192K), 0.1523454 secs] [Times: user=0.84 sys=0.00, real=0.15 secs] 
5280.232: [GC (Allocation Failure) [PSYoungGen: 370832K->175060K(465920K)] 1236693K->1084294K(1864192K), 0.0526302 secs] [Times: user=0.24 sys=0.00, real=0.05 secs] 
5280.463: [GC (Allocation Failure) [PSYoungGen: 408020K->185559K(465920K)] 1317254K->1156437K(1864192K), 0.0710534 secs] [Times: user=0.35 sys=0.00, real=0.07 secs] 
5280.650: [GC (Allocation Failure) [PSYoungGen: 418519K->186965K(465920K)] 1389397K->1216723K(1864192K), 0.0581501 secs] [Times: user=0.29 sys=0.00, real=0.06 secs] 
5281.709: [GC (Allocation Failure) [PSYoungGen: 419925K->90826K(465920K)] 1449683K->1191129K(1864192K), 0.0450217 secs] [Times: user=0.24 sys=0.00, real=0.04 secs] 
5282.339: [GC (Allocation Failure) [PSYoungGen: 323786K->176981K(465920K)] 1424089K->1307003K(1864192K), 0.0562678 secs] [Times: user=0.26 sys=0.00, real=0.05 secs] 
5282.565: [GC (Allocation Failure) [PSYoungGen: 409941K->184918K(465920K)] 1539963K->1370400K(1864192K), 0.0453362 secs] [Times: user=0.19 sys=0.00, real=0.05 secs] 
5282.752: [GC (Allocation Failure) [PSYoungGen: 417878K->183764K(465920K)] 1603360K->1425431K(1864192K), 0.0642909 secs] [Times: user=0.31 sys=0.01, real=0.06 secs] 
5283.803: [GC (Allocation Failure) [PSYoungGen: 416724K->139889K(465920K)] 1658391K->1450908K(1864192K), 0.0501039 secs] [Times: user=0.25 sys=0.00, real=0.05 secs] 
5283.853: [Full GC (Ergonomics) [PSYoungGen: 139889K->0K(465920K)] [ParOldGen: 1311018K->348866K(1398272K)] 1450908K->348866K(1864192K), [Metaspace: 59588K->59588K(1105920K)], 0.5946752 secs] [Times: user=2.59 sys=0.00, real=0.60 secs] 
5285.401: [GC (Allocation Failure) [PSYoungGen: 232960K->126959K(465920K)] 581826K->475825K(1864192K), 0.0393077 secs] [Times: user=0.15 sys=0.00, real=0.04 secs] 
5286.382: [GC (Allocation Failure) [PSYoungGen: 359919K->174964K(465920K)] 708785K->564172K(1864192K), 0.0545425 secs] [Times: user=0.25 sys=0.01, real=0.06 secs] 
5286.617: [GC (Allocation Failure) [PSYoungGen: 407924K->185527K(465920K)] 797132K->636070K(1864192K), 0.0547407 secs] [Times: user=0.27 sys=0.00, real=0.05 secs] 
5286.784: [GC (Allocation Failure) [PSYoungGen: 418487K->186389K(465920K)] 869030K->695900K(1864192K), 0.0571878 secs] [Times: user=0.28 sys=0.00, real=0.06 secs] 
5287.799: [GC (Allocation Failure) [PSYoungGen: 419349K->93515K(465920K)] 928860K->673418K(1864192K), 0.0449801 secs] [Times: user=0.24 sys=0.00, real=0.04 secs] 
5289.202: [GC (Allocation Failure) [PSYoungGen: 326475K->171284K(465920K)] 906378K->781549K(1864192K), 0.0635518 secs] [Times: user=0.29 sys=0.00, real=0.06 secs] 
5289.442: [GC (Allocation Failure) [PSYoungGen: 404244K->184758K(465920K)] 1014509K->848370K(1864192K), 0.0428662 secs] [Times: user=0.19 sys=0.00, real=0.04 secs] 
5289.615: [GC (Allocation Failure) [PSYoungGen: 417718K->187893K(465920K)] 1081330K->907530K(1864192K), 0.0517731 secs] [Times: user=0.25 sys=0.00, real=0.06 secs] 
5290.549: [GC (Allocation Failure) [PSYoungGen: 420853K->151282K(465920K)] 1140490K->941727K(1864192K), 0.0512441 secs] [Times: user=0.26 sys=0.00, real=0.05 secs] 
5291.171: [GC (GCLocker Initiated GC) [PSYoungGen: 384242K->119566K(465920K)] 1174687K->957947K(1864192K), 0.1737042 secs] [Times: user=0.98 sys=0.00, real=0.17 secs] 
5291.555: [GC (Allocation Failure) [PSYoungGen: 352526K->183764K(465920K)] 1190910K->1060705K(1864192K), 0.0370126 secs] [Times: user=0.15 sys=0.01, real=0.04 secs] 
5291.732: [GC (GCLocker Initiated GC) [PSYoungGen: 416724K->182614K(465920K)] 1293666K->1121364K(1864192K), 0.0662114 secs] [Times: user=0.32 sys=0.00, real=0.07 secs] 
5291.935: [GC (Allocation Failure) [PSYoungGen: 415574K->202997K(465920K)] 1354454K->1199828K(1864192K), 0.0565822 secs] [Times: user=0.28 sys=0.00, real=0.06 secs] 
5292.990: [GC (Allocation Failure) [PSYoungGen: 435957K->97227K(465920K)] 1432788K->1164507K(1864192K), 0.0582584 secs] [Times: user=0.31 sys=0.00, real=0.06 secs] 
5293.580: [GC (Allocation Failure) [PSYoungGen: 330187K->174101K(465920K)] 1397467K->1273336K(1864192K), 0.0613472 secs] [Times: user=0.28 sys=0.00, real=0.06 secs] 
5293.845: [GC (Allocation Failure) [PSYoungGen: 407061K->184374K(465920K)] 1506296K->1337697K(1864192K), 0.0580400 secs] [Times: user=0.27 sys=0.00, real=0.06 secs] 
5294.013: [GC (Allocation Failure) [PSYoungGen: 409344K->172885K(465920K)] 1562668K->1390377K(1864192K), 0.0485919 secs] [Times: user=0.23 sys=0.00, real=0.05 secs] 
5294.901: [GC (Allocation Failure) [PSYoungGen: 405845K->168178K(465920K)] 1623337K->1440510K(1864192K), 0.0529999 secs] [Times: user=0.26 sys=0.00, real=0.05 secs] 
5296.145: [GC (Allocation Failure) [PSYoungGen: 401138K->104620K(465920K)] 1673470K->1441336K(1864192K), 0.1244085 secs] [Times: user=0.67 sys=0.01, real=0.13 secs] 
5296.270: [Full GC (Ergonomics) [PSYoungGen: 104620K->0K(465920K)] [ParOldGen: 1336715K->121334K(1398272K)] 1441336K->121334K(1864192K), [Metaspace: 59588K->59588K(1105920K)], 0.1962892 secs] [Times: user=0.89 sys=0.00, real=0.20 secs] 
5297.554: [GC (Allocation Failure) [PSYoungGen: 232960K->175573K(465920K)] 354294K->296908K(1864192K), 0.0358720 secs] [Times: user=0.13 sys=0.00, real=0.04 secs] 
5297.735: [GC (Allocation Failure) [PSYoungGen: 408533K->184790K(465920K)] 529868K->361181K(1864192K), 0.0407946 secs] [Times: user=0.18 sys=0.01, real=0.04 secs] 
5297.886: [GC (Allocation Failure) [PSYoungGen: 417750K->186837K(465920K)] 594141K->419156K(1864192K), 0.0447429 secs] [Times: user=0.21 sys=0.00, real=0.05 secs] 
5298.871: [GC (Allocation Failure) [PSYoungGen: 419797K->96539K(465920K)] 652116K->399258K(1864192K), 0.0437087 secs] [Times: user=0.23 sys=0.00, real=0.04 secs] 
5299.698: [GC (Allocation Failure) [PSYoungGen: 329499K->170260K(465920K)] 632218K->505040K(1864192K), 0.0728555 secs] [Times: user=0.35 sys=0.00, real=0.07 secs] 
5299.933: [GC (Allocation Failure) [PSYoungGen: 403220K->184085K(465920K)] 738000K->572037K(1864192K), 0.0417464 secs] [Times: user=0.18 sys=0.00, real=0.04 secs] 
5300.086: [GC (Allocation Failure) [PSYoungGen: 417045K->180502K(465920K)] 804997K->632598K(1864192K), 0.0482553 secs] [Times: user=0.22 sys=0.00, real=0.05 secs] 
5300.365: [GC (Allocation Failure) [PSYoungGen: 412028K->216724K(465920K)] 864124K->726548K(1864192K), 0.0540304 secs] [Times: user=0.26 sys=0.01, real=0.06 secs] 
5301.412: [GC (GCLocker Initiated GC) [PSYoungGen: 449684K->90138K(465920K)] 959509K->669138K(1864192K), 0.0409006 secs] [Times: user=0.21 sys=0.00, real=0.04 secs] 
5301.952: [GC (Allocation Failure) [PSYoungGen: 323098K->179765K(465920K)] 902393K->787720K(1864192K), 0.0337604 secs] [Times: user=0.14 sys=0.00, real=0.03 secs] 
5302.147: [GC (Allocation Failure) [PSYoungGen: 412725K->184406K(465920K)] 1020680K->848368K(1864192K), 0.0667273 secs] [Times: user=0.32 sys=0.00, real=0.06 secs] 
5302.394: [GC (Allocation Failure) [PSYoungGen: 417366K->186837K(465920K)] 1081328K->906583K(1864192K), 0.0643392 secs] [Times: user=0.31 sys=0.01, real=0.07 secs] 
5303.404: [GC (Allocation Failure) [PSYoungGen: 419797K->100508K(465920K)] 1139543K->890774K(1864192K), 0.0472173 secs] [Times: user=0.25 sys=0.01, real=0.05 secs] 
5305.018: [GC (Allocation Failure) [PSYoungGen: 333468K->163059K(465920K)] 1123734K->985322K(1864192K), 0.0929937 secs] [Times: user=0.46 sys=0.00, real=0.09 secs] 
5305.314: [GC (Allocation Failure) [PSYoungGen: 396019K->181621K(465920K)] 1218282K->1054892K(1864192K), 0.0434991 secs] [Times: user=0.19 sys=0.00, real=0.05 secs] 
5305.474: [GC (Allocation Failure) [PSYoungGen: 414581K->185847K(465920K)] 1287852K->1122582K(1864192K), 0.0515262 secs] [Times: user=0.24 sys=0.00, real=0.05 secs] 
5305.636: [GC (Allocation Failure) [PSYoungGen: 418807K->186581K(465920K)] 1355542K->1182228K(1864192K), 0.0574384 secs] [Times: user=0.27 sys=0.01, real=0.06 secs] 
5306.847: [GC (Allocation Failure) [PSYoungGen: 419541K->89834K(465920K)] 1415188K->1155857K(1864192K), 0.0553503 secs] [Times: user=0.29 sys=0.00, real=0.05 secs] 
5307.605: [GC (Allocation Failure) [PSYoungGen: 322794K->178325K(465920K)] 1388817K->1272612K(1864192K), 0.0492373 secs] [Times: user=0.22 sys=0.00, real=0.05 secs] 
5307.871: [GC (Allocation Failure) [PSYoungGen: 411285K->181461K(465920K)] 1505572K->1331328K(1864192K), 0.0569449 secs] [Times: user=0.27 sys=0.00, real=0.06 secs] 
5308.082: [GC (Allocation Failure) [PSYoungGen: 414421K->186549K(465920K)] 1564288K->1391135K(1864192K), 0.0601883 secs] [Times: user=0.29 sys=0.00, real=0.06 secs] 
5309.092: [GC (Allocation Failure) [PSYoungGen: 419509K->108109K(465920K)] 1624095K->1383071K(1864192K), 0.0464542 secs] [Times: user=0.24 sys=0.00, real=0.05 secs] 
5309.545: [GC (Allocation Failure) [PSYoungGen: 341069K->163635K(465920K)] 1616031K->1474406K(1864192K), 0.1030329 secs] [Times: user=0.53 sys=0.00, real=0.11 secs] 
5309.648: [Full GC (Ergonomics) [PSYoungGen: 163635K->0K(465920K)] [ParOldGen: 1310770K->183065K(1398272K)] 1474406K->183065K(1864192K), [Metaspace: 59588K->59588K(1105920K)], 0.2184905 secs] [Times: user=1.04 sys=0.01, real=0.22 secs] 
5309.976: [GC (Allocation Failure) [PSYoungGen: 232960K->180565K(465920K)] 416025K->363630K(1864192K), 0.0332325 secs] [Times: user=0.14 sys=0.00, real=0.03 secs] 
5310.134: [GC (GCLocker Initiated GC) [PSYoungGen: 413525K->184311K(465920K)] 596592K->430770K(1864192K), 0.0439068 secs] [Times: user=0.20 sys=0.00, real=0.05 secs] 
5310.286: [GC (Allocation Failure) [PSYoungGen: 417271K->186581K(465920K)] 663732K->491426K(1864192K), 0.0565838 secs] [Times: user=0.28 sys=0.00, real=0.06 secs] 
5311.776: [GC (Allocation Failure) [PSYoungGen: 419541K->87818K(465920K)] 724386K->463143K(1864192K), 0.0642181 secs] [Times: user=0.35 sys=0.00, real=0.07 secs] 
5312.886: [GC (Allocation Failure) [PSYoungGen: 320778K->178229K(465920K)] 696103K->581159K(1864192K), 0.0559720 secs] [Times: user=0.25 sys=0.00, real=0.05 secs] 
5313.156: [GC (Allocation Failure) [PSYoungGen: 411189K->184566K(465920K)] 814119K->643207K(1864192K), 0.0542529 secs] [Times: user=0.26 sys=0.00, real=0.05 secs] 
5313.321: [GC (Allocation Failure) [PSYoungGen: 417526K->186517K(465920K)] 876167K->701159K(1864192K), 0.0454713 secs] [Times: user=0.20 sys=0.00, real=0.05 secs] 
5314.371: [GC (Allocation Failure) [PSYoungGen: 419477K->111981K(465920K)] 934119K->696951K(1864192K), 0.0460628 secs] [Times: user=0.23 sys=0.00, real=0.05 secs] 
5315.332: [GC (Allocation Failure) [PSYoungGen: 344941K->155570K(465920K)] 929911K->776569K(1864192K), 0.1017633 secs] [Times: user=0.54 sys=0.00, real=0.10 secs] 
5315.767: [GC (Allocation Failure) [PSYoungGen: 388530K->181237K(465920K)] 1009529K->851012K(1864192K), 0.0436411 secs] [Times: user=0.20 sys=0.00, real=0.04 secs] 
5315.927: [GC (Allocation Failure) [PSYoungGen: 414197K->185783K(465920K)] 1083972K->918886K(1864192K), 0.0492457 secs] [Times: user=0.23 sys=0.00, real=0.04 secs] 
5316.121: [GC (Allocation Failure) [PSYoungGen: 418743K->186485K(465920K)] 1151846K->978420K(1864192K), 0.0790769 secs] [Times: user=0.40 sys=0.00, real=0.08 secs] 
5317.195: [GC (Allocation Failure) [PSYoungGen: 419445K->91162K(465920K)] 1211380K->953265K(1864192K), 0.0525904 secs] [Times: user=0.28 sys=0.00, real=0.06 secs] 
5318.046: [GC (GCLocker Initiated GC) [PSYoungGen: 324122K->177365K(465920K)] 1186227K->1068947K(1864192K), 0.0502322 secs] [Times: user=0.22 sys=0.01, real=0.05 secs] 
5318.286: [GC (Allocation Failure) [PSYoungGen: 410325K->181493K(465920K)] 1301907K->1128403K(1864192K), 0.0598503 secs] [Times: user=0.29 sys=0.00, real=0.06 secs] 
5318.514: [GC (Allocation Failure) [PSYoungGen: 414453K->186645K(465920K)] 1361363K->1188747K(1864192K), 0.0645049 secs] [Times: user=0.32 sys=0.00, real=0.07 secs] 
5319.587: [GC (Allocation Failure) [PSYoungGen: 419605K->117646K(465920K)] 1421707K->1190276K(1864192K), 0.0469216 secs] [Times: user=0.24 sys=0.00, real=0.04 secs] 
5320.579: [GC (Allocation Failure) [PSYoungGen: 350606K->148497K(465920K)] 1423236K->1258548K(1864192K), 0.1536325 secs] [Times: user=0.83 sys=0.00, real=0.15 secs] 
5321.088: [GC (Allocation Failure) [PSYoungGen: 381457K->180949K(465920K)] 1491508K->1337492K(1864192K), 0.0405185 secs] [Times: user=0.18 sys=0.00, real=0.04 secs] 
5321.245: [GC (Allocation Failure) [PSYoungGen: 413909K->185751K(465920K)] 1570452K->1405430K(1864192K), 0.0500360 secs] [Times: user=0.23 sys=0.00, real=0.05 secs] 
5321.442: [GC (Allocation Failure) [PSYoungGen: 418711K->186645K(465920K)] 1638390K->1465268K(1864192K), 0.0814866 secs] [Times: user=0.42 sys=0.01, real=0.08 secs] 
5322.569: [GC (Allocation Failure) [PSYoungGen: 419605K->90794K(465920K)] 1698228K->1439785K(1864192K), 0.0428814 secs] [Times: user=0.22 sys=0.01, real=0.04 secs] 
5322.612: [Full GC (Ergonomics) [PSYoungGen: 90794K->0K(465920K)] [ParOldGen: 1348990K->98730K(1398272K)] 1439785K->98730K(1864192K), [Metaspace: 59588K->59588K(1105920K)], 0.0791929 secs] [Times: user=0.31 sys=0.00, real=0.08 secs] 
5323.418: [GC (Allocation Failure) [PSYoungGen: 232960K->176949K(465920K)] 331690K->275680K(1864192K), 0.0368812 secs] [Times: user=0.14 sys=0.00, real=0.03 secs] 
5323.652: [GC (Allocation Failure) [PSYoungGen: 409909K->184918K(465920K)] 508640K->338964K(1864192K), 0.0616921 secs] [Times: user=0.30 sys=0.00, real=0.06 secs] 
5323.862: [GC (Allocation Failure) [PSYoungGen: 417878K->200436K(465920K)] 571924K->410643K(1864192K), 0.0592698 secs] [Times: user=0.28 sys=0.01, real=0.06 secs] 
5324.861: [GC (Allocation Failure) [PSYoungGen: 433396K->124975K(465920K)] 643603K->404686K(1864192K), 0.0466760 secs] [Times: user=0.24 sys=0.00, real=0.05 secs] 
5325.369: [GC (Allocation Failure) [PSYoungGen: 357935K->143665K(465920K)] 637646K->462936K(1864192K), 0.0860752 secs] [Times: user=0.46 sys=0.00, real=0.08 secs] 
5325.675: [GC (Allocation Failure) [PSYoungGen: 376625K->183029K(465920K)] 695896K->547901K(1864192K), 0.0509643 secs] [Times: user=0.23 sys=0.00, real=0.05 secs] 
5325.844: [GC (Allocation Failure) [PSYoungGen: 415989K->185751K(465920K)] 780861K->614158K(1864192K), 0.0492562 secs] [Times: user=0.23 sys=0.00, real=0.05 secs] 
5326.212: [GC (Allocation Failure) [PSYoungGen: 418711K->186133K(465920K)] 847118K->673572K(1864192K), 0.0632664 secs] [Times: user=0.32 sys=0.00, real=0.06 secs] 
5327.543: [GC (Allocation Failure) [PSYoungGen: 419093K->90906K(465920K)] 906532K->648626K(1864192K), 0.0679972 secs] [Times: user=0.36 sys=0.00, real=0.07 secs] 
5328.332: [GC (Allocation Failure) [PSYoungGen: 323866K->177141K(465920K)] 881586K->764309K(1864192K), 0.0474650 secs] [Times: user=0.21 sys=0.00, real=0.05 secs] 
5328.517: [GC (Allocation Failure) [PSYoungGen: 410101K->181621K(465920K)] 997269K->823937K(1864192K), 0.0429848 secs] [Times: user=0.19 sys=0.00, real=0.04 secs] 
5328.700: [GC (Allocation Failure) [PSYoungGen: 414581K->186773K(465920K)] 1056897K->884521K(1864192K), 0.0626683 secs] [Times: user=0.30 sys=0.00, real=0.06 secs] 
5329.784: [GC (Allocation Failure) [PSYoungGen: 419733K->128240K(465920K)] 1117481K->896332K(1864192K), 0.0478054 secs] [Times: user=0.24 sys=0.00, real=0.05 secs] 
5330.342: [GC (Allocation Failure) [PSYoungGen: 359181K->141665K(465920K)] 1127273K->950445K(1864192K), 0.1144375 secs] [Times: user=0.62 sys=0.00, real=0.12 secs] 
5331.020: [GC (GCLocker Initiated GC) [PSYoungGen: 374625K->171732K(465920K)] 1183408K->1025488K(1864192K), 0.0545702 secs] [Times: user=0.26 sys=0.00, real=0.05 secs] 
5331.258: [GC (Allocation Failure) [PSYoungGen: 404692K->184407K(465920K)] 1258454K->1098564K(1864192K), 0.0701202 secs] [Times: user=0.34 sys=0.00, real=0.07 secs] 
5331.449: [GC (Allocation Failure) [PSYoungGen: 417367K->186837K(465920K)] 1331524K->1159467K(1864192K), 0.0574481 secs] [Times: user=0.28 sys=0.00, real=0.06 secs] 
5332.474: [GC (Allocation Failure) [PSYoungGen: 419797K->93835K(465920K)] 1392427K->1136865K(1864192K), 0.0460146 secs] [Times: user=0.24 sys=0.00, real=0.05 secs] 
5333.338: [GC (GCLocker Initiated GC) [PSYoungGen: 326795K->169300K(465920K)] 1369827K->1242265K(1864192K), 0.0580546 secs] [Times: user=0.26 sys=0.00, real=0.05 secs] 
5333.585: [GC (Allocation Failure) [PSYoungGen: 402260K->183797K(465920K)] 1475390K->1309888K(1864192K), 0.0430699 secs] [Times: user=0.19 sys=0.00, real=0.05 secs] 
5333.739: [GC (Allocation Failure) [PSYoungGen: 416757K->187381K(465920K)] 1542848K->1369099K(1864192K), 0.0511005 secs] [Times: user=0.23 sys=0.00, real=0.05 secs] 
5334.755: [GC (Allocation Failure) [PSYoungGen: 420341K->142449K(465920K)] 1602059K->1394591K(1864192K), 0.0506344 secs] [Times: user=0.25 sys=0.00, real=0.05 secs] 
5335.272: [GC (Allocation Failure) [PSYoungGen: 375409K->132703K(465920K)] 1627551K->1430118K(1864192K), 0.1116086 secs] [Times: user=0.61 sys=0.00, real=0.11 secs] 
5335.732: [GC (Allocation Failure) [PSYoungGen: 365663K->175060K(465920K)] 1663078K->1514679K(1864192K), 0.0528231 secs] [Times: user=0.24 sys=0.00, real=0.05 secs] 
5335.785: [Full GC (Ergonomics) [PSYoungGen: 175060K->0K(465920K)] [ParOldGen: 1339618K->233673K(1398272K)] 1514679K->233673K(1864192K), [Metaspace: 59588K->59588K(1105920K)], 0.2904509 secs] [Times: user=1.35 sys=0.00, real=0.29 secs] 
5336.195: [GC (Allocation Failure) [PSYoungGen: 232960K->185655K(465920K)] 466633K->419328K(1864192K), 0.0840921 secs] [Times: user=0.44 sys=0.00, real=0.09 secs] 
5336.387: [GC (Allocation Failure) [PSYoungGen: 418615K->186133K(465920K)] 652288K->478814K(1864192K), 0.0566188 secs] [Times: user=0.28 sys=0.00, real=0.05 secs] 
5337.394: [GC (Allocation Failure) [PSYoungGen: 419093K->91531K(465920K)] 711774K->454468K(1864192K), 0.0535827 secs] [Times: user=0.29 sys=0.00, real=0.06 secs] 
5338.950: [GC (Allocation Failure) [PSYoungGen: 324491K->172404K(465920K)] 687428K->564315K(1864192K), 0.0607066 secs] [Times: user=0.27 sys=0.00, real=0.06 secs] 
5339.183: [GC (Allocation Failure) [PSYoungGen: 405364K->185046K(465920K)] 797275K->631004K(1864192K), 0.0424795 secs] [Times: user=0.19 sys=0.00, real=0.04 secs] 
5339.330: [GC (Allocation Failure) [PSYoungGen: 418006K->184725K(465920K)] 863964K->686691K(1864192K), 0.0452471 secs] [Times: user=0.21 sys=0.01, real=0.04 secs] 
5340.267: [GC (Allocation Failure) [PSYoungGen: 417685K->149490K(465920K)] 919651K->721088K(1864192K), 0.0500901 secs] [Times: user=0.24 sys=0.00, real=0.05 secs] 
5340.991: [GC (Allocation Failure) [PSYoungGen: 382450K->120958K(465920K)] 954048K->739892K(1864192K), 0.1491765 secs] [Times: user=0.83 sys=0.00, real=0.15 secs] 
5341.397: [GC (Allocation Failure) [PSYoungGen: 353918K->178005K(465920K)] 972852K->835839K(1864192K), 0.0368129 secs] [Times: user=0.16 sys=0.00, real=0.03 secs] 
5341.549: [GC (Allocation Failure) [PSYoungGen: 410965K->185335K(465920K)] 1068799K->905561K(1864192K), 0.0493288 secs] [Times: user=0.23 sys=0.00, real=0.05 secs] 
5341.707: [GC (Allocation Failure) [PSYoungGen: 418295K->186261K(465920K)] 1138521K->965319K(1864192K), 0.0580283 secs] [Times: user=0.29 sys=0.00, real=0.05 secs] 
5342.830: [GC (Allocation Failure) [PSYoungGen: 419221K->93979K(465920K)] 1198279K->943286K(1864192K), 0.0562553 secs] [Times: user=0.30 sys=0.00, real=0.06 secs] 
5344.012: [GC (Allocation Failure) [PSYoungGen: 326939K->168916K(465920K)] 1176246K->1048600K(1864192K), 0.0802578 secs] [Times: user=0.34 sys=0.00, real=0.08 secs] 
5344.313: [GC (Allocation Failure) [PSYoungGen: 401876K->184598K(465920K)] 1281560K->1117029K(1864192K), 0.0492342 secs] [Times: user=0.23 sys=0.00, real=0.05 secs] 
5344.491: [GC (Allocation Failure) [PSYoungGen: 403724K->173205K(465920K)] 1336156K->1169941K(1864192K), 0.0556609 secs] [Times: user=0.27 sys=0.00, real=0.06 secs] 
5345.392: [GC (Allocation Failure) [PSYoungGen: 406165K->207917K(465920K)] 1402901K->1259765K(1864192K), 0.0500361 secs] [Times: user=0.25 sys=0.00, real=0.05 secs] 
5346.358: [GC (Allocation Failure) [PSYoungGen: 440877K->99563K(465920K)] 1492725K->1216211K(1864192K), 0.1166719 secs] [Times: user=0.63 sys=0.01, real=0.11 secs] 
5347.352: [GC (Allocation Failure) [PSYoungGen: 332523K->176469K(465920K)] 1449171K->1324766K(1864192K), 0.0522770 secs] [Times: user=0.24 sys=0.00, real=0.05 secs] 
5347.580: [GC (Allocation Failure) [PSYoungGen: 409429K->184278K(465920K)] 1557726K->1387414K(1864192K), 0.0619836 secs] [Times: user=0.30 sys=0.00, real=0.06 secs] 
5347.761: [GC (Allocation Failure) [PSYoungGen: 417238K->186837K(465920K)] 1620374K->1445685K(1864192K), 0.0469408 secs] [Times: user=0.22 sys=0.00, real=0.05 secs] 
5348.817: [GC (Allocation Failure) [PSYoungGen: 419797K->98171K(465920K)] 1678645K->1427396K(1864192K), 0.0499124 secs] [Times: user=0.26 sys=0.00, real=0.05 secs] 
5348.867: [Full GC (Ergonomics) [PSYoungGen: 98171K->0K(465920K)] [ParOldGen: 1329224K->87759K(1398272K)] 1427396K->87759K(1864192K), [Metaspace: 59588K->59588K(1105920K)], 0.0357955 secs] [Times: user=0.10 sys=0.00, real=0.03 secs] 
5349.974: [GC (Allocation Failure) [PSYoungGen: 232960K->165268K(465920K)] 320719K->253027K(1864192K), 0.0619096 secs] [Times: user=0.25 sys=0.00, real=0.07 secs] 
5350.265: [GC (Allocation Failure) [PSYoungGen: 398228K->184758K(465920K)] 485987K->324057K(1864192K), 0.0447942 secs] [Times: user=0.20 sys=0.00, real=0.05 secs] 
5350.444: [GC (Allocation Failure) [PSYoungGen: 417680K->186135K(465920K)] 556980K->389675K(1864192K), 0.0549570 secs] [Times: user=0.27 sys=0.00, real=0.06 secs] 
5350.885: [GC (Allocation Failure) [PSYoungGen: 418904K->217716K(465920K)] 622444K->480216K(1864192K), 0.0542157 secs] [Times: user=0.27 sys=0.00, real=0.06 secs] 
5352.182: [GC (Allocation Failure) [PSYoungGen: 450676K->86618K(465920K)] 713176K->418334K(1864192K), 0.0946544 secs] [Times: user=0.51 sys=0.00, real=0.10 secs] 
5353.318: [GC (Allocation Failure) [PSYoungGen: 319578K->181846K(465920K)] 651294K->540686K(1864192K), 0.0440620 secs] [Times: user=0.19 sys=0.00, real=0.04 secs] 
5353.483: [GC (Allocation Failure) [PSYoungGen: 414806K->184886K(465920K)] 773646K->600450K(1864192K), 0.0436805 secs] [Times: user=0.20 sys=0.00, real=0.05 secs] 
5353.633: [GC (Allocation Failure) [PSYoungGen: 417846K->186901K(465920K)] 833410K->658554K(1864192K), 0.0453744 secs] [Times: user=0.21 sys=0.00, real=0.05 secs] 
5354.638: [GC (Allocation Failure) [PSYoungGen: 419861K->100412K(465920K)] 891514K->642489K(1864192K), 0.0443325 secs] [Times: user=0.23 sys=0.00, real=0.04 secs] 
5355.747: [GC (Allocation Failure) [PSYoungGen: 333372K->167283K(465920K)] 875449K->741981K(1864192K), 0.1173391 secs] [Times: user=0.61 sys=0.00, real=0.11 secs] 
5356.121: [GC (Allocation Failure) [PSYoungGen: 400243K->181173K(465920K)] 974941K->806675K(1864192K), 0.0414328 secs] [Times: user=0.19 sys=0.00, real=0.04 secs] 
5356.310: [GC (Allocation Failure) [PSYoungGen: 414133K->185591K(465920K)] 1039635K->873996K(1864192K), 0.0723297 secs] [Times: user=0.36 sys=0.00, real=0.07 secs] 
5356.525: [GC (Allocation Failure) [PSYoungGen: 418551K->186549K(465920K)] 1106956K->933771K(1864192K), 0.0557872 secs] [Times: user=0.27 sys=0.00, real=0.06 secs] 
5357.535: [GC (Allocation Failure) [PSYoungGen: 419509K->88874K(465920K)] 1166731K->906616K(1864192K), 0.0417686 secs] [Times: user=0.22 sys=0.00, real=0.05 secs] 
5358.333: [GC (Allocation Failure) [PSYoungGen: 321834K->178197K(465920K)] 1139576K->1023920K(1864192K), 0.0537675 secs] [Times: user=0.24 sys=0.00, real=0.06 secs] 
5358.572: [GC (Allocation Failure) [PSYoungGen: 411157K->181429K(465920K)] 1256880K->1082728K(1864192K), 0.0635946 secs] [Times: user=0.31 sys=0.00, real=0.06 secs] 
5358.758: [GC (Allocation Failure) [PSYoungGen: 414389K->186741K(465920K)] 1315688K->1143168K(1864192K), 0.0465615 secs] [Times: user=0.22 sys=0.00, real=0.04 secs] 
5359.745: [GC (Allocation Failure) [PSYoungGen: 419701K->110685K(465920K)] 1376128K->1137520K(1864192K), 0.0475777 secs] [Times: user=0.25 sys=0.00, real=0.05 secs] 
5360.493: [GC (GCLocker Initiated GC) [PSYoungGen: 343645K->158387K(465920K)] 1370480K->1221786K(1864192K), 0.0955327 secs] [Times: user=0.50 sys=0.01, real=0.10 secs] 
5360.786: [GC (Allocation Failure) [PSYoungGen: 391347K->181141K(465920K)] 1454749K->1294015K(1864192K), 0.0421420 secs] [Times: user=0.19 sys=0.00, real=0.05 secs] 
5360.943: [GC (Allocation Failure) [PSYoungGen: 414101K->185911K(465920K)] 1526975K->1362293K(1864192K), 0.0510812 secs] [Times: user=0.24 sys=0.00, real=0.05 secs] 
5361.104: [GC (Allocation Failure) [PSYoungGen: 418871K->186549K(465920K)] 1595253K->1421875K(1864192K), 0.0578283 secs] [Times: user=0.29 sys=0.00, real=0.06 secs] 
5362.217: [GC (Allocation Failure) [PSYoungGen: 419509K->90842K(465920K)] 1654835K->1396513K(1864192K), 0.0554610 secs] [Times: user=0.30 sys=0.00, real=0.05 secs] 
5363.477: [GC (Allocation Failure) [PSYoungGen: 323802K->174389K(465920K)] 1629473K->1508864K(1864192K), 0.0561949 secs] [Times: user=0.25 sys=0.00, real=0.05 secs] 
5363.533: [Full GC (Ergonomics) [PSYoungGen: 174389K->0K(465920K)] [ParOldGen: 1334475K->215013K(1398272K)] 1508864K->215013K(1864192K), [Metaspace: 59588K->59588K(1105920K)], 0.2738163 secs] [Times: user=1.31 sys=0.00, real=0.28 secs] 
5363.920: [GC (GCLocker Initiated GC) [PSYoungGen: 232960K->184598K(465920K)] 447976K->399614K(1864192K), 0.0266606 secs] [Times: user=0.10 sys=0.00, real=0.03 secs] 
5364.088: [GC (Allocation Failure) [PSYoungGen: 417558K->203125K(465920K)] 632739K->474410K(1864192K), 0.0477982 secs] [Times: user=0.22 sys=0.00, real=0.04 secs] 
5365.079: [GC (Allocation Failure) [PSYoungGen: 436085K->115758K(465920K)] 707370K->457339K(1864192K), 0.0460580 secs] [Times: user=0.23 sys=0.00, real=0.04 secs] 
5365.915: [GC (Allocation Failure) [PSYoungGen: 348718K->151058K(465920K)] 690299K->529524K(1864192K), 0.1185979 secs] [Times: user=0.63 sys=0.00, real=0.12 secs] 
5366.356: [GC (Allocation Failure) [PSYoungGen: 384018K->181077K(465920K)] 762484K->606887K(1864192K), 0.0526093 secs] [Times: user=0.24 sys=0.00, real=0.05 secs] 
5366.570: [GC (Allocation Failure) [PSYoungGen: 414037K->182518K(465920K)] 839847K->671209K(1864192K), 0.0763470 secs] [Times: user=0.38 sys=0.00, real=0.08 secs] 
5366.771: [GC (Allocation Failure) [PSYoungGen: 415478K->186805K(465920K)] 904169K->733623K(1864192K), 0.0564105 secs] [Times: user=0.28 sys=0.00, real=0.06 secs] 
5367.795: [GC (Allocation Failure) [PSYoungGen: 419765K->97755K(465920K)] 966583K->715062K(1864192K), 0.0425063 secs] [Times: user=0.21 sys=0.00, real=0.05 secs] 
5368.206: [GC (Allocation Failure) [PSYoungGen: 330715K->178069K(465920K)] 948022K->827324K(1864192K), 0.0568417 secs] [Times: user=0.24 sys=0.00, real=0.06 secs] 
5368.436: [GC (Allocation Failure) [PSYoungGen: 411029K->180885K(465920K)] 1060284K->885548K(1864192K), 0.0433405 secs] [Times: user=0.19 sys=0.01, real=0.05 secs] 
5368.588: [GC (Allocation Failure) [PSYoungGen: 413845K->186517K(465920K)] 1118508K->946364K(1864192K), 0.0451884 secs] [Times: user=0.21 sys=0.00, real=0.04 secs] 
5369.579: [GC (Allocation Failure) [PSYoungGen: 419477K->118350K(465920K)] 1179324K->948422K(1864192K), 0.0468329 secs] [Times: user=0.24 sys=0.00, real=0.04 secs] 
5370.481: [GC (Allocation Failure) [PSYoungGen: 351310K->149073K(465920K)] 1181382K->1016561K(1864192K), 0.1171892 secs] [Times: user=0.62 sys=0.00, real=0.12 secs] 
5370.883: [GC (Allocation Failure) [PSYoungGen: 382033K->180853K(465920K)] 1249521K->1095285K(1864192K), 0.0396441 secs] [Times: user=0.18 sys=0.00, real=0.04 secs] 
5371.038: [GC (Allocation Failure) [PSYoungGen: 413813K->185975K(465920K)] 1328245K->1163747K(1864192K), 0.0500999 secs] [Times: user=0.23 sys=0.00, real=0.05 secs] 
5371.198: [GC (Allocation Failure) [PSYoungGen: 418935K->186485K(465920K)] 1396707K->1223385K(1864192K), 0.0572872 secs] [Times: user=0.28 sys=0.00, real=0.05 secs] 
5372.203: [GC (Allocation Failure) [PSYoungGen: 419410K->94043K(465920K)] 1456310K->1201399K(1864192K), 0.0432093 secs] [Times: user=0.22 sys=0.00, real=0.05 secs] 
5372.631: [GC (Allocation Failure) [PSYoungGen: 327003K->174549K(465920K)] 1434359K->1312246K(1864192K), 0.0331340 secs] [Times: user=0.14 sys=0.00, real=0.03 secs] 
5372.777: [GC (Allocation Failure) [PSYoungGen: 407509K->184694K(465920K)] 1545206K->1377043K(1864192K), 0.0437128 secs] [Times: user=0.20 sys=0.00, real=0.04 secs] 
5372.931: [GC (Allocation Failure) [PSYoungGen: 417654K->186773K(465920K)] 1610003K->1435338K(1864192K), 0.0460338 secs] [Times: user=0.21 sys=0.00, real=0.05 secs] 
5374.004: [GC (Allocation Failure) [PSYoungGen: 419733K->121711K(465920K)] 1668298K->1440956K(1864192K), 0.0478461 secs] [Times: user=0.24 sys=0.00, real=0.05 secs] 
5374.052: [Full GC (Ergonomics) [PSYoungGen: 121711K->0K(465920K)] [ParOldGen: 1319245K->336469K(1398272K)] 1440956K->336469K(1864192K), [Metaspace: 59589K->59589K(1105920K)], 0.5861432 secs] [Times: user=2.53 sys=0.00, real=0.59 secs] 
5375.982: [GC (Allocation Failure) [PSYoungGen: 232960K->140016K(465920K)] 569429K->476486K(1864192K), 0.0439284 secs] [Times: user=0.16 sys=0.00, real=0.04 secs] 
5376.579: [GC (Allocation Failure) [PSYoungGen: 372976K->175412K(465920K)] 709446K->556799K(1864192K), 0.0522235 secs] [Times: user=0.25 sys=0.00, real=0.05 secs] 
5376.756: [GC (Allocation Failure) [PSYoungGen: 408372K->186007K(465920K)] 789759K->628762K(1864192K), 0.0487125 secs] [Times: user=0.23 sys=0.00, real=0.05 secs] 
5376.915: [GC (Allocation Failure) [PSYoungGen: 418967K->186869K(465920K)] 861722K->688816K(1864192K), 0.0558319 secs] [Times: user=0.27 sys=0.00, real=0.06 secs] 
5377.904: [GC (Allocation Failure) [PSYoungGen: 419829K->95099K(465920K)] 921776K->667570K(1864192K), 0.0428972 secs] [Times: user=0.22 sys=0.00, real=0.05 secs] 
5379.456: [GC (Allocation Failure) [PSYoungGen: 328059K->169684K(465920K)] 900530K->772072K(1864192K), 0.0568675 secs] [Times: user=0.25 sys=0.00, real=0.06 secs] 
5379.676: [GC (Allocation Failure) [PSYoungGen: 402644K->184758K(465920K)] 1005032K->840549K(1864192K), 0.0419253 secs] [Times: user=0.18 sys=0.00, real=0.05 secs] 
5379.869: [GC (Allocation Failure) [PSYoungGen: 417718K->187125K(465920K)] 1073509K->898909K(1864192K), 0.0716903 secs] [Times: user=0.35 sys=0.00, real=0.07 secs] 
5380.861: [GC (Allocation Failure) [PSYoungGen: 420085K->137425K(465920K)] 1131869K->919833K(1864192K), 0.0488929 secs] [Times: user=0.24 sys=0.00, real=0.05 secs] 
5381.974: [GC (Allocation Failure) [PSYoungGen: 370385K->131823K(465920K)] 1152793K->957735K(1864192K), 0.1593634 secs] [Times: user=0.89 sys=0.00, real=0.16 secs] 
5382.520: [GC (Allocation Failure) [PSYoungGen: 364783K->175348K(465920K)] 1190695K->1043529K(1864192K), 0.0496774 secs] [Times: user=0.23 sys=0.00, real=0.05 secs] 
5382.760: [GC (Allocation Failure) [PSYoungGen: 408308K->185271K(465920K)] 1276489K->1114788K(1864192K), 0.0707136 secs] [Times: user=0.35 sys=0.00, real=0.07 secs] 
5382.950: [GC (Allocation Failure) [PSYoungGen: 418231K->186613K(465920K)] 1347748K->1174978K(1864192K), 0.0582314 secs] [Times: user=0.29 sys=0.00, real=0.06 secs] 
5383.963: [GC (Allocation Failure) [PSYoungGen: 419573K->94299K(465920K)] 1407938K->1153144K(1864192K), 0.0450991 secs] [Times: user=0.24 sys=0.00, real=0.05 secs] 
5384.626: [GC (Allocation Failure) [PSYoungGen: 327259K->174197K(465920K)] 1386104K->1263822K(1864192K), 0.0490850 secs] [Times: user=0.21 sys=0.00, real=0.04 secs] 
5384.895: [GC (Allocation Failure) [PSYoungGen: 407157K->181077K(465920K)] 1496782K->1325051K(1864192K), 0.0594590 secs] [Times: user=0.28 sys=0.00, real=0.06 secs] 
5385.075: [GC (Allocation Failure) [PSYoungGen: 414037K->187221K(465920K)] 1558011K->1386339K(1864192K), 0.0472047 secs] [Times: user=0.21 sys=0.00, real=0.05 secs] 
5386.074: [GC (Allocation Failure) [PSYoungGen: 420181K->146418K(465920K)] 1619299K->1416152K(1864192K), 0.0513918 secs] [Times: user=0.25 sys=0.00, real=0.05 secs] 
5386.904: [GC (Allocation Failure) [PSYoungGen: 379378K->126575K(465920K)] 1649112K->1442657K(1864192K), 0.1715202 secs] [Times: user=0.96 sys=0.01, real=0.17 secs] 
5387.075: [Full GC (Ergonomics) [PSYoungGen: 126575K->0K(465920K)] [ParOldGen: 1316082K->142794K(1398272K)] 1442657K->142794K(1864192K), [Metaspace: 59590K->59574K(1105920K)], 0.1724913 secs] [Times: user=0.79 sys=0.00, real=0.18 secs] 
5387.627: [GC (Allocation Failure) [PSYoungGen: 232960K->171956K(465920K)] 375754K->314751K(1864192K), 0.0258685 secs] [Times: user=0.09 sys=0.00, real=0.02 secs] 
5387.769: [GC (Allocation Failure) [PSYoungGen: 404916K->185335K(465920K)] 547711K->388850K(1864192K), 0.0475081 secs] [Times: user=0.22 sys=0.00, real=0.05 secs] 
5387.927: [GC (Allocation Failure) [PSYoungGen: 418295K->186709K(465920K)] 621810K->449048K(1864192K), 0.0581480 secs] [Times: user=0.28 sys=0.01, real=0.05 secs] 
5389.016: [GC (Allocation Failure) [PSYoungGen: 419669K->97003K(465920K)] 682008K->429910K(1864192K), 0.0446179 secs] [Times: user=0.23 sys=0.00, real=0.05 secs] 
5390.074: [GC (Allocation Failure) [PSYoungGen: 329963K->170708K(465920K)] 662870K->534940K(1864192K), 0.0648703 secs] [Times: user=0.29 sys=0.00, real=0.07 secs] 
5390.331: [GC (Allocation Failure) [PSYoungGen: 403668K->183990K(465920K)] 767900K->601662K(1864192K), 0.0417266 secs] [Times: user=0.18 sys=0.00, real=0.04 secs] 
5390.479: [GC (Allocation Failure) [PSYoungGen: 407971K->172245K(465920K)] 825643K->653749K(1864192K), 0.0470294 secs] [Times: user=0.22 sys=0.00, real=0.04 secs] 
5391.646: [GC (Allocation Failure) [PSYoungGen: 400340K->205715K(465920K)] 881845K->741931K(1864192K), 0.0524799 secs] [Times: user=0.26 sys=0.01, real=0.06 secs] 
5392.388: [GC (Allocation Failure) [PSYoungGen: 438675K->101340K(465920K)] 974891K->702236K(1864192K), 0.0874697 secs] [Times: user=0.47 sys=0.00, real=0.08 secs] 
5393.594: [GC (Allocation Failure) [PSYoungGen: 334300K->176885K(465920K)] 935196K->809290K(1864192K), 0.0496860 secs] [Times: user=0.22 sys=0.00, real=0.05 secs] 
5393.772: [GC (Allocation Failure) [PSYoungGen: 409845K->184918K(465920K)] 1042250K->872711K(1864192K), 0.0444712 secs] [Times: user=0.20 sys=0.01, real=0.05 secs] 
5393.946: [GC (Allocation Failure) [PSYoungGen: 417878K->187093K(465920K)] 1105671K->930926K(1864192K), 0.0507609 secs] [Times: user=0.24 sys=0.00, real=0.06 secs] 
5394.953: [GC (Allocation Failure) [PSYoungGen: 420053K->100652K(465920K)] 1163886K->915013K(1864192K), 0.0453062 secs] [Times: user=0.24 sys=0.00, real=0.05 secs] 
5396.542: [GC (GCLocker Initiated GC) [PSYoungGen: 333612K->162963K(465920K)] 1147974K->1009530K(1864192K), 0.1113470 secs] [Times: user=0.56 sys=0.01, real=0.11 secs] 
5396.858: [GC (Allocation Failure) [PSYoungGen: 395923K->184342K(465920K)] 1242529K->1082035K(1864192K), 0.0430706 secs] [Times: user=0.19 sys=0.01, real=0.04 secs] 
5397.015: [GC (Allocation Failure) [PSYoungGen: 417302K->185943K(465920K)] 1314995K->1147684K(1864192K), 0.0519458 secs] [Times: user=0.25 sys=0.00, real=0.06 secs] 
5397.503: [GC (Allocation Failure) [PSYoungGen: 415987K->215700K(465920K)] 1377729K->1236450K(1864192K), 0.0558583 secs] [Times: user=0.27 sys=0.00, real=0.06 secs] 
5398.575: [GC (Allocation Failure) [PSYoungGen: 448660K->92843K(465920K)] 1469410K->1182156K(1864192K), 0.0733564 secs] [Times: user=0.39 sys=0.01, real=0.08 secs] 
5399.570: [GC (Allocation Failure) [PSYoungGen: 325803K->175701K(465920K)] 1415116K->1294715K(1864192K), 0.0553980 secs] [Times: user=0.25 sys=0.00, real=0.05 secs] 
5399.771: [GC (Allocation Failure) [PSYoungGen: 408661K->182965K(465920K)] 1527675K->1357080K(1864192K), 0.0450535 secs] [Times: user=0.21 sys=0.00, real=0.05 secs] 
5399.974: [GC (Allocation Failure) [PSYoungGen: 415925K->186581K(465920K)] 1590040K->1416063K(1864192K), 0.0742449 secs] [Times: user=0.37 sys=0.01, real=0.08 secs] 
5401.027: [GC (Allocation Failure) [PSYoungGen: 419541K->102812K(465920K)] 1649023K->1402559K(1864192K), 0.0479630 secs] [Times: user=0.25 sys=0.00, real=0.04 secs] 
5401.813: [GC (Allocation Failure) [PSYoungGen: 335772K->163763K(465920K)] 1635519K->1497210K(1864192K), 0.1116365 secs] [Times: user=0.57 sys=0.00, real=0.11 secs] 
5401.924: [Full GC (Ergonomics) [PSYoungGen: 163763K->0K(465920K)] [ParOldGen: 1333446K->183896K(1398272K)] 1497210K->183896K(1864192K), [Metaspace: 59574K->59574K(1105920K)], 0.2511614 secs] [Times: user=1.24 sys=0.00, real=0.25 secs] 
5402.286: [GC (Allocation Failure) [PSYoungGen: 232960K->181301K(465920K)] 416856K->365198K(1864192K), 0.0319262 secs] [Times: user=0.13 sys=0.00, real=0.03 secs] 
5402.434: [GC (Allocation Failure) [PSYoungGen: 414261K->185783K(465920K)] 598158K->432927K(1864192K), 0.0433524 secs] [Times: user=0.19 sys=0.00, real=0.05 secs] 
5402.592: [GC (Allocation Failure) [PSYoungGen: 418743K->186613K(465920K)] 665887K->492581K(1864192K), 0.0549656 secs] [Times: user=0.27 sys=0.00, real=0.06 secs] 
5403.748: [GC (Allocation Failure) [PSYoungGen: 419573K->90506K(465920K)] 725541K->466907K(1864192K), 0.0582967 secs] [Times: user=0.31 sys=0.00, real=0.06 secs] 
5404.375: [GC (Allocation Failure) [PSYoungGen: 323466K->179381K(465920K)] 699867K->584535K(1864192K), 0.0564856 secs] [Times: user=0.25 sys=0.01, real=0.06 secs] 
5404.585: [GC (Allocation Failure) [PSYoungGen: 412341K->184566K(465920K)] 817495K->645955K(1864192K), 0.0433527 secs] [Times: user=0.20 sys=0.00, real=0.05 secs] 
5404.738: [GC (Allocation Failure) [PSYoungGen: 417526K->186453K(465920K)] 878915K->703682K(1864192K), 0.0452252 secs] [Times: user=0.21 sys=0.00, real=0.04 secs] 
5405.780: [GC (Allocation Failure) [PSYoungGen: 419413K->103804K(465920K)] 936642K->691294K(1864192K), 0.0449111 secs] [Times: user=0.23 sys=0.00, real=0.04 secs] 
5406.624: [GC (Allocation Failure) [PSYoungGen: 336764K->163635K(465920K)] 924254K->785189K(1864192K), 0.0914352 secs] [Times: user=0.45 sys=0.01, real=0.09 secs] 
5406.972: [GC (Allocation Failure) [PSYoungGen: 396595K->180853K(465920K)] 1018149K->853347K(1864192K), 0.0432152 secs] [Times: user=0.20 sys=0.00, real=0.04 secs] 
5407.130: [GC (Allocation Failure) [PSYoungGen: 413813K->183638K(465920K)] 1086307K->919500K(1864192K), 0.0493457 secs] [Times: user=0.23 sys=0.00, real=0.05 secs] 
5407.328: [GC (Allocation Failure) [PSYoungGen: 416598K->186517K(465920K)] 1152460K->980867K(1864192K), 0.0783793 secs] [Times: user=0.40 sys=0.00, real=0.08 secs] 
5408.488: [GC (Allocation Failure) [PSYoungGen: 419477K->91082K(465920K)] 1213827K->955816K(1864192K), 0.0564220 secs] [Times: user=0.30 sys=0.01, real=0.05 secs] 
5409.200: [GC (GCLocker Initiated GC) [PSYoungGen: 324042K->175829K(465920K)] 1188779K->1069675K(1864192K), 0.0521140 secs] [Times: user=0.22 sys=0.00, real=0.05 secs] 
5409.469: [GC (Allocation Failure) [PSYoungGen: 408789K->182005K(465920K)] 1302800K->1130824K(1864192K), 0.0600442 secs] [Times: user=0.28 sys=0.00, real=0.06 secs] 
5409.703: [GC (Allocation Failure) [PSYoungGen: 414965K->186741K(465920K)] 1363784K->1190648K(1864192K), 0.0641359 secs] [Times: user=0.31 sys=0.00, real=0.07 secs] 
5410.717: [GC (Allocation Failure) [PSYoungGen: 419701K->112429K(465920K)] 1423608K->1186744K(1864192K), 0.0467839 secs] [Times: user=0.24 sys=0.00, real=0.04 secs] 
5411.380: [GC (Allocation Failure) [PSYoungGen: 345389K->156594K(465920K)] 1419704K->1267170K(1864192K), 0.0972926 secs] [Times: user=0.50 sys=0.00, real=0.10 secs] 
5411.696: [GC (Allocation Failure) [PSYoungGen: 389554K->181269K(465920K)] 1500130K->1340909K(1864192K), 0.0420528 secs] [Times: user=0.18 sys=0.00, real=0.05 secs] 
5411.877: [GC (Allocation Failure) [PSYoungGen: 414229K->185911K(465920K)] 1573869K->1408791K(1864192K), 0.0622547 secs] [Times: user=0.30 sys=0.00, real=0.06 secs] 
5412.069: [GC (Allocation Failure) [PSYoungGen: 418871K->186421K(465920K)] 1641751K->1468277K(1864192K), 0.0560774 secs] [Times: user=0.27 sys=0.01, real=0.05 secs] 
5413.161: [GC (Allocation Failure) [PSYoungGen: 419381K->90666K(465920K)] 1701237K->1442934K(1864192K), 0.0594081 secs] [Times: user=0.32 sys=0.00, real=0.06 secs] 
5413.220: [Full GC (Ergonomics) [PSYoungGen: 90666K->0K(465920K)] [ParOldGen: 1352268K->101532K(1398272K)] 1442934K->101532K(1864192K), [Metaspace: 59574K->59574K(1105920K)], 0.0959739 secs] [Times: user=0.40 sys=0.00, real=0.09 secs] 
5414.722: [GC (Allocation Failure) [PSYoungGen: 232960K->173428K(465920K)] 334492K->274961K(1864192K), 0.0407794 secs] [Times: user=0.15 sys=0.00, real=0.04 secs] 
5414.931: [GC (Allocation Failure) [PSYoungGen: 406388K->185046K(465920K)] 507921K->339826K(1864192K), 0.0422223 secs] [Times: user=0.19 sys=0.00, real=0.04 secs] 
5415.083: [GC (Allocation Failure) [PSYoungGen: 418006K->186933K(465920K)] 572786K->397610K(1864192K), 0.0450618 secs] [Times: user=0.21 sys=0.00, real=0.05 secs] 
5416.133: [GC (Allocation Failure) [PSYoungGen: 419893K->120238K(465920K)] 630570K->401475K(1864192K), 0.0466887 secs] [Times: user=0.23 sys=0.01, real=0.05 secs] 
5418.383: [GC (Allocation Failure) [PSYoungGen: 352142K->141073K(465920K)] 633378K->460309K(1864192K), 0.1284523 secs] [Times: user=0.68 sys=0.00, real=0.13 secs] 
5418.699: [GC (Allocation Failure) [PSYoungGen: 374033K->175636K(465920K)] 693269K->540140K(1864192K), 0.0381667 secs] [Times: user=0.16 sys=0.00, real=0.04 secs] 
5418.884: [GC (Allocation Failure) [PSYoungGen: 408596K->185815K(465920K)] 773100K->619687K(1864192K), 0.0681563 secs] [Times: user=0.34 sys=0.00, real=0.07 secs] 
5419.085: [GC (Allocation Failure) [PSYoungGen: 418775K->183380K(465920K)] 852647K->676236K(1864192K), 0.0555839 secs] [Times: user=0.27 sys=0.00, real=0.06 secs] 
5420.101: [GC (Allocation Failure) [PSYoungGen: 416340K->97179K(465920K)] 909196K->659087K(1864192K), 0.0423509 secs] [Times: user=0.21 sys=0.00, real=0.04 secs] 
5420.647: [GC (Allocation Failure) [PSYoungGen: 330139K->174645K(465920K)] 892047K->767494K(1864192K), 0.0516214 secs] [Times: user=0.22 sys=0.01, real=0.05 secs] 
5420.882: [GC (Allocation Failure) [PSYoungGen: 407605K->184630K(465920K)] 1000454K->832331K(1864192K), 0.0613719 secs] [Times: user=0.29 sys=0.00, real=0.06 secs] 
5421.062: [GC (Allocation Failure) [PSYoungGen: 417590K->186613K(465920K)] 1065291K->890194K(1864192K), 0.0454265 secs] [Times: user=0.21 sys=0.00, real=0.05 secs] 
5422.012: [GC (Allocation Failure) [PSYoungGen: 419573K->132400K(465920K)] 1123154K->906309K(1864192K), 0.0484853 secs] [Times: user=0.24 sys=0.01, real=0.05 secs] 
5422.681: [GC (Allocation Failure) [PSYoungGen: 365360K->138048K(465920K)] 1139269K->954145K(1864192K), 0.1714006 secs] [Times: user=0.94 sys=0.01, real=0.17 secs] 
5423.161: [GC (Allocation Failure) [PSYoungGen: 371008K->178037K(465920K)] 1187105K->1037931K(1864192K), 0.0389603 secs] [Times: user=0.17 sys=0.00, real=0.04 secs] 
5423.313: [GC (Allocation Failure) [PSYoungGen: 410997K->182294K(465920K)] 1270891K->1104432K(1864192K), 0.0487455 secs] [Times: user=0.23 sys=0.00, real=0.05 secs] 
5423.512: [GC (Allocation Failure) [PSYoungGen: 415254K->186741K(465920K)] 1337392K->1166927K(1864192K), 0.0774428 secs] [Times: user=0.39 sys=0.00, real=0.08 secs] 
5424.607: [GC (Allocation Failure) [PSYoungGen: 419654K->90906K(465920K)] 1399840K->1141637K(1864192K), 0.0565220 secs] [Times: user=0.30 sys=0.00, real=0.05 secs] 
5425.465: [GC (Allocation Failure) [PSYoungGen: 323866K->174357K(465920K)] 1374597K->1254064K(1864192K), 0.0502390 secs] [Times: user=0.22 sys=0.00, real=0.05 secs] 
5425.672: [GC (Allocation Failure) [PSYoungGen: 407317K->180949K(465920K)] 1487024K->1315376K(1864192K), 0.0445032 secs] [Times: user=0.20 sys=0.00, real=0.05 secs] 
5425.863: [GC (Allocation Failure) [PSYoungGen: 413909K->186933K(465920K)] 1548336K->1376088K(1864192K), 0.0668783 secs] [Times: user=0.32 sys=0.00, real=0.07 secs] 
5426.914: [GC (Allocation Failure) [PSYoungGen: 419893K->143569K(465920K)] 1609048K->1403269K(1864192K), 0.0516829 secs] [Times: user=0.26 sys=0.00, real=0.06 secs] 
5427.611: [GC (Allocation Failure) [PSYoungGen: 376529K->126831K(465920K)] 1636229K->1432074K(1864192K), 0.1366892 secs] [Times: user=0.76 sys=0.00, real=0.14 secs] 
5428.328: [GC (Allocation Failure) [PSYoungGen: 359791K->178357K(465920K)] 1665034K->1524013K(1864192K), 0.0525048 secs] [Times: user=0.24 sys=0.00, real=0.05 secs] 
5428.380: [Full GC (Ergonomics) [PSYoungGen: 178357K->0K(465920K)] [ParOldGen: 1345656K->235242K(1398272K)] 1524013K->235242K(1864192K), [Metaspace: 59574K->59574K(1105920K)], 0.2936413 secs] [Times: user=1.37 sys=0.00, real=0.29 secs] 
5428.785: [GC (Allocation Failure) [PSYoungGen: 232960K->179318K(465920K)] 468202K->414560K(1864192K), 0.0853077 secs] [Times: user=0.45 sys=0.00, real=0.09 secs] 
5428.979: [GC (Allocation Failure) [PSYoungGen: 412278K->186805K(465920K)] 647520K->479615K(1864192K), 0.0570359 secs] [Times: user=0.28 sys=0.00, real=0.06 secs] 
5429.965: [GC (Allocation Failure) [PSYoungGen: 419765K->98107K(465920K)] 712575K->461454K(1864192K), 0.0442137 secs] [Times: user=0.23 sys=0.00, real=0.05 secs] 
5431.111: [GC (Allocation Failure) [PSYoungGen: 331067K->169652K(465920K)] 694414K->564155K(1864192K), 0.0716963 secs] [Times: user=0.34 sys=0.00, real=0.07 secs] 
5431.374: [GC (Allocation Failure) [PSYoungGen: 402612K->184726K(465920K)] 797115K->632589K(1864192K), 0.0434473 secs] [Times: user=0.20 sys=0.00, real=0.05 secs] 
5431.527: [GC (Allocation Failure) [PSYoungGen: 417686K->187605K(465920K)] 865549K->691429K(1864192K), 0.0464263 secs] [Times: user=0.21 sys=0.00, real=0.04 secs] 
5432.475: [GC (Allocation Failure) [PSYoungGen: 420565K->150674K(465920K)] 924389K->725058K(1864192K), 0.0519137 secs] [Times: user=0.26 sys=0.00, real=0.06 secs] 
5432.938: [GC (Allocation Failure) [PSYoungGen: 383634K->123214K(465920K)] 958018K->745494K(1864192K), 0.0913848 secs] [Times: user=0.50 sys=0.01, real=0.09 secs] 
5433.262: [GC (Allocation Failure) [PSYoungGen: 356174K->175572K(465920K)] 978454K->837057K(1864192K), 0.0378373 secs] [Times: user=0.17 sys=0.00, real=0.04 secs] 
5433.415: [GC (Allocation Failure) [PSYoungGen: 408532K->185623K(465920K)] 1070017K->916851K(1864192K), 0.0499546 secs] [Times: user=0.23 sys=0.00, real=0.05 secs] 
5433.575: [GC (Allocation Failure) [PSYoungGen: 418583K->186389K(465920K)] 1149811K->976513K(1864192K), 0.0585444 secs] [Times: user=0.29 sys=0.00, real=0.06 secs] 
5434.624: [GC (Allocation Failure) [PSYoungGen: 419349K->93179K(465920K)] 1209473K->953535K(1864192K), 0.0458892 secs] [Times: user=0.24 sys=0.00, real=0.05 secs] 
5435.244: [GC (Allocation Failure) [PSYoungGen: 326139K->174389K(465920K)] 1186495K->1065618K(1864192K), 0.0694050 secs] [Times: user=0.31 sys=0.00, real=0.07 secs] 
5435.540: [GC (Allocation Failure) [PSYoungGen: 407349K->184374K(465920K)] 1298578K->1130018K(1864192K), 0.0590000 secs] [Times: user=0.28 sys=0.00, real=0.06 secs] 
5435.712: [GC (Allocation Failure) [PSYoungGen: 417334K->187093K(465920K)] 1362978K->1188706K(1864192K), 0.0466396 secs] [Times: user=0.22 sys=0.00, real=0.05 secs] 
5436.674: [GC (Allocation Failure) [PSYoungGen: 420053K->151442K(465920K)] 1421666K->1223575K(1864192K), 0.0520246 secs] [Times: user=0.25 sys=0.00, real=0.05 secs] 
5437.060: [GC (Allocation Failure) [PSYoungGen: 384402K->120478K(465920K)] 1456535K->1240771K(1864192K), 0.0773584 secs] [Times: user=0.41 sys=0.00, real=0.08 secs] 
5438.066: [GC (Allocation Failure) [PSYoungGen: 353438K->172052K(465920K)] 1473731K->1330788K(1864192K), 0.0528858 secs] [Times: user=0.25 sys=0.01, real=0.05 secs] 
5438.309: [GC (Allocation Failure) [PSYoungGen: 405012K->185111K(465920K)] 1563748K->1404435K(1864192K), 0.0643492 secs] [Times: user=0.31 sys=0.00, real=0.06 secs] 
5438.480: [GC (Allocation Failure) [PSYoungGen: 418071K->186997K(465920K)] 1637395K->1464969K(1864192K), 0.0578905 secs] [Times: user=0.29 sys=0.00, real=0.06 secs] 
5439.489: [GC (Allocation Failure) [PSYoungGen: 419957K->94571K(465920K)] 1697929K->1443239K(1864192K), 0.0455183 secs] [Times: user=0.24 sys=0.00, real=0.04 secs] 
5439.534: [Full GC (Ergonomics) [PSYoungGen: 94571K->0K(465920K)] [ParOldGen: 1348668K->90931K(1398272K)] 1443239K->90931K(1864192K), [Metaspace: 59574K->59574K(1105920K)], 0.0510571 secs] [Times: user=0.17 sys=0.00, real=0.05 secs] 
5440.888: [GC (Allocation Failure) [PSYoungGen: 232960K->169300K(465920K)] 323891K->260231K(1864192K), 0.0470781 secs] [Times: user=0.19 sys=0.00, real=0.04 secs] 
5441.147: [GC (Allocation Failure) [PSYoungGen: 402260K->181525K(465920K)] 493191K->325432K(1864192K), 0.0443229 secs] [Times: user=0.21 sys=0.00, real=0.04 secs] 
5441.305: [GC (Allocation Failure) [PSYoungGen: 412051K->182486K(465920K)] 555958K->389954K(1864192K), 0.0485120 secs] [Times: user=0.23 sys=0.00, real=0.05 secs] 
5442.254: [GC (Allocation Failure) [PSYoungGen: 415446K->169939K(465920K)] 622914K->435502K(1864192K), 0.0565009 secs] [Times: user=0.28 sys=0.00, real=0.06 secs] 
5442.638: [GC (Allocation Failure) [PSYoungGen: 402899K->107804K(465920K)] 668462K->438408K(1864192K), 0.0498935 secs] [Times: user=0.26 sys=0.01, real=0.05 secs] 
5443.206: [GC (Allocation Failure) [PSYoungGen: 338012K->174837K(465920K)] 668616K->539960K(1864192K), 0.0567380 secs] [Times: user=0.26 sys=0.00, real=0.05 secs] 
5443.410: [GC (Allocation Failure) [PSYoungGen: 407797K->184214K(465920K)] 772920K->604241K(1864192K), 0.0433035 secs] [Times: user=0.19 sys=0.00, real=0.04 secs] 
5443.563: [GC (Allocation Failure) [PSYoungGen: 417174K->186549K(465920K)] 837201K->662392K(1864192K), 0.0455302 secs] [Times: user=0.21 sys=0.00, real=0.05 secs] 
5445.070: [GC (Allocation Failure) [PSYoungGen: 419509K->96331K(465920K)] 895352K->642551K(1864192K), 0.0445341 secs] [Times: user=0.23 sys=0.00, real=0.04 secs] 
5445.809: [GC (Allocation Failure) [PSYoungGen: 329291K->170644K(465920K)] 875511K->748433K(1864192K), 0.0905279 secs] [Times: user=0.46 sys=0.00, real=0.09 secs] 
5446.065: [GC (Allocation Failure) [PSYoungGen: 403604K->181173K(465920K)] 981393K->812414K(1864192K), 0.0418742 secs] [Times: user=0.19 sys=0.00, real=0.05 secs] 
5446.251: [GC (Allocation Failure) [PSYoungGen: 414133K->185975K(465920K)] 1045374K->880463K(1864192K), 0.0683344 secs] [Times: user=0.33 sys=0.00, real=0.07 secs] 
5446.722: [GC (Allocation Failure) [PSYoungGen: 417529K->213076K(465920K)] 1112018K->966588K(1864192K), 0.0544490 secs] [Times: user=0.27 sys=0.00, real=0.06 secs] 
5447.581: [GC (Allocation Failure) [PSYoungGen: 446036K->97291K(465920K)] 1199548K->918388K(1864192K), 0.0673305 secs] [Times: user=0.36 sys=0.00, real=0.07 secs] 
5448.823: [GC (Allocation Failure) [PSYoungGen: 330251K->175349K(465920K)] 1151348K->1027002K(1864192K), 0.0571077 secs] [Times: user=0.25 sys=0.00, real=0.06 secs] 
5449.029: [GC (Allocation Failure) [PSYoungGen: 408309K->184758K(465920K)] 1259962K->1091539K(1864192K), 0.0444461 secs] [Times: user=0.20 sys=0.00, real=0.04 secs] 
5449.226: [GC (Allocation Failure) [PSYoungGen: 417718K->186869K(465920K)] 1324499K->1149690K(1864192K), 0.0711736 secs] [Times: user=0.36 sys=0.00, real=0.07 secs] 
5450.330: [GC (Allocation Failure) [PSYoungGen: 419829K->100652K(465920K)] 1382650K->1133877K(1864192K), 0.0457577 secs] [Times: user=0.23 sys=0.00, real=0.05 secs] 
5451.305: [GC (Allocation Failure) [PSYoungGen: 333612K->164819K(465920K)] 1366837K->1230234K(1864192K), 0.0984773 secs] [Times: user=0.50 sys=0.00, real=0.10 secs] 
5451.619: [GC (GCLocker Initiated GC) [PSYoungGen: 397779K->180885K(465920K)] 1463194K->1297948K(1864192K), 0.0436183 secs] [Times: user=0.19 sys=0.00, real=0.04 secs] 
5451.782: [GC (GCLocker Initiated GC) [PSYoungGen: 413845K->182486K(465920K)] 1530913K->1362422K(1864192K), 0.0503380 secs] [Times: user=0.24 sys=0.01, real=0.05 secs] 
5451.979: [GC (Allocation Failure) [PSYoungGen: 415446K->183764K(465920K)] 1595513K->1421647K(1864192K), 0.0714905 secs] [Times: user=0.37 sys=0.00, real=0.07 secs] 
5453.110: [GC (Allocation Failure) [PSYoungGen: 416724K->92234K(465920K)] 1654607K->1399445K(1864192K), 0.0615210 secs] [Times: user=0.33 sys=0.00, real=0.06 secs] 
5453.554: [GC (GCLocker Initiated GC) [PSYoungGen: 325194K->178517K(465920K)] 1632406K->1515277K(1864192K), 0.0484576 secs] [Times: user=0.21 sys=0.01, real=0.05 secs] 
5453.603: [Full GC (Ergonomics) [PSYoungGen: 178517K->0K(465920K)] [ParOldGen: 1336760K->221996K(1398272K)] 1515277K->221996K(1864192K), [Metaspace: 59574K->59574K(1105920K)], 0.2599760 secs] [Times: user=1.19 sys=0.00, real=0.26 secs] 
5454.003: [GC (Allocation Failure) [PSYoungGen: 232960K->184374K(465920K)] 454959K->406373K(1864192K), 0.0264201 secs] [Times: user=0.09 sys=0.00, real=0.03 secs] 
5454.141: [GC (Allocation Failure) [PSYoungGen: 417334K->186549K(465920K)] 639333K->464372K(1864192K), 0.0450883 secs] [Times: user=0.21 sys=0.00, real=0.04 secs] 
5455.152: [GC (GCLocker Initiated GC) [PSYoungGen: 419509K->104316K(465920K)] 697332K->452380K(1864192K), 0.0448319 secs] [Times: user=0.23 sys=0.00, real=0.05 secs] 
5455.758: [GC (Allocation Failure) [PSYoungGen: 337276K->160083K(465920K)] 685342K->542425K(1864192K), 0.1026341 secs] [Times: user=0.53 sys=0.01, real=0.10 secs] 
5456.134: [GC (Allocation Failure) [PSYoungGen: 393043K->184181K(465920K)] 775385K->616452K(1864192K), 0.0411763 secs] [Times: user=0.18 sys=0.00, real=0.04 secs] 
5456.311: [GC (Allocation Failure) [PSYoungGen: 417141K->182390K(465920K)] 849412K->678745K(1864192K), 0.0624094 secs] [Times: user=0.31 sys=0.00, real=0.06 secs] 
5456.537: [GC (Allocation Failure) [PSYoungGen: 415350K->186549K(465920K)] 911705K->740999K(1864192K), 0.0820544 secs] [Times: user=0.43 sys=0.00, real=0.08 secs] 
5457.578: [GC (Allocation Failure) [PSYoungGen: 419509K->88858K(465920K)] 973959K->713709K(1864192K), 0.0446766 secs] [Times: user=0.23 sys=0.00, real=0.04 secs] 
5458.457: [GC (Allocation Failure) [PSYoungGen: 321818K->179829K(465920K)] 946669K->832677K(1864192K), 0.0546434 secs] [Times: user=0.24 sys=0.00, real=0.05 secs] 
5458.663: [GC (Allocation Failure) [PSYoungGen: 412789K->184822K(465920K)] 1065637K->893849K(1864192K), 0.0435474 secs] [Times: user=0.20 sys=0.00, real=0.04 secs] 
5458.836: [GC (Allocation Failure) [PSYoungGen: 417782K->186773K(465920K)] 1126809K->951728K(1864192K), 0.0506799 secs] [Times: user=0.24 sys=0.00, real=0.06 secs] 
5459.883: [GC (Allocation Failure) [PSYoungGen: 419733K->110797K(465920K)] 1184688K->946313K(1864192K), 0.0458264 secs] [Times: user=0.24 sys=0.00, real=0.05 secs] 
5460.449: [GC (GCLocker Initiated GC) [PSYoungGen: 343757K->153330K(465920K)] 1179273K->1025359K(1864192K), 0.1155546 secs] [Times: user=0.61 sys=0.01, real=0.11 secs] 
5460.866: [GC (Allocation Failure) [PSYoungGen: 386290K->183349K(465920K)] 1258485K->1103817K(1864192K), 0.0416189 secs] [Times: user=0.18 sys=0.00, real=0.04 secs] 
5461.024: [GC (Allocation Failure) [PSYoungGen: 416309K->185751K(465920K)] 1336777K->1170130K(1864192K), 0.0512866 secs] [Times: user=0.24 sys=0.00, real=0.05 secs] 
5461.186: [GC (Allocation Failure) [PSYoungGen: 418711K->186581K(465920K)] 1403090K->1229784K(1864192K), 0.0587383 secs] [Times: user=0.29 sys=0.00, real=0.06 secs] 
5462.226: [GC (Allocation Failure) [PSYoungGen: 419541K->93435K(465920K)] 1462744K->1207110K(1864192K), 0.0425562 secs] [Times: user=0.22 sys=0.00, real=0.04 secs] 
5464.017: [GC (Allocation Failure) [PSYoungGen: 326395K->171220K(465920K)] 1440070K->1314149K(1864192K), 0.0583253 secs] [Times: user=0.27 sys=0.00, real=0.05 secs] 
5464.244: [GC (Allocation Failure) [PSYoungGen: 404180K->185142K(465920K)] 1547109K->1381470K(1864192K), 0.0441442 secs] [Times: user=0.20 sys=0.00, real=0.05 secs] 
5464.417: [GC (Allocation Failure) [PSYoungGen: 418102K->184052K(465920K)] 1614430K->1436589K(1864192K), 0.0614911 secs] [Times: user=0.30 sys=0.00, real=0.06 secs] 
5465.563: [GC (Allocation Failure) [PSYoungGen: 417012K->120335K(465920K)] 1669549K->1442215K(1864192K), 0.0482835 secs] [Times: user=0.24 sys=0.00, real=0.05 secs] 
5465.611: [Full GC (Ergonomics) [PSYoungGen: 120335K->0K(465920K)] [ParOldGen: 1321880K->99569K(1398272K)] 1442215K->99569K(1864192K), [Metaspace: 59574K->59574K(1105920K)], 0.0332306 secs] [Times: user=0.10 sys=0.00, real=0.03 secs] 
5466.993: [GC (Allocation Failure) [PSYoungGen: 231313K->142593K(465920K)] 330882K->242162K(1864192K), 0.0447660 secs] [Times: user=0.16 sys=0.00, real=0.05 secs] 
5467.477: [GC (Allocation Failure) [PSYoungGen: 375553K->177781K(465920K)] 475122K->322351K(1864192K), 0.0522261 secs] [Times: user=0.24 sys=0.00, real=0.05 secs] 
5467.651: [GC (Allocation Failure) [PSYoungGen: 410741K->186007K(465920K)] 555311K->392485K(1864192K), 0.0487175 secs] [Times: user=0.23 sys=0.00, real=0.05 secs] 
5467.806: [GC (Allocation Failure) [PSYoungGen: 418967K->186869K(465920K)] 625445K->452291K(1864192K), 0.0558319 secs] [Times: user=0.28 sys=0.00, real=0.06 secs] 
5468.930: [GC (Allocation Failure) [PSYoungGen: 419829K->90890K(465920K)] 685251K->426881K(1864192K), 0.0446526 secs] [Times: user=0.24 sys=0.00, real=0.04 secs] 
5469.982: [GC (Allocation Failure) [PSYoungGen: 323850K->174357K(465920K)] 659841K->539352K(1864192K), 0.0546134 secs] [Times: user=0.24 sys=0.00, real=0.06 secs] 
5470.207: [GC (Allocation Failure) [PSYoungGen: 407317K->184406K(465920K)] 772312K->604085K(1864192K), 0.0428974 secs] [Times: user=0.19 sys=0.00, real=0.04 secs] 
5470.359: [GC (Allocation Failure) [PSYoungGen: 417366K->186869K(465920K)] 837045K->662588K(1864192K), 0.0454206 secs] [Times: user=0.21 sys=0.00, real=0.04 secs] 
5471.354: [GC (Allocation Failure) [PSYoungGen: 419829K->132528K(465920K)] 895548K->678663K(1864192K), 0.0488732 secs] [Times: user=0.24 sys=0.01, real=0.05 secs] 
5472.331: [GC (Allocation Failure) [PSYoungGen: 365488K->137408K(465920K)] 911623K->725559K(1864192K), 0.1644283 secs] [Times: user=0.91 sys=0.00, real=0.16 secs] 
5473.591: [GC (Allocation Failure) [PSYoungGen: 370368K->174516K(465920K)] 958519K->806444K(1864192K), 0.0560006 secs] [Times: user=0.26 sys=0.00, real=0.06 secs] 
5473.777: [GC (Allocation Failure) [PSYoungGen: 407358K->185847K(465920K)] 1039286K->878671K(1864192K), 0.0488281 secs] [Times: user=0.23 sys=0.00, real=0.04 secs] 
5473.931: [GC (Allocation Failure) [PSYoungGen: 418807K->187029K(465920K)] 1111631K->938749K(1864192K), 0.0579199 secs] [Times: user=0.28 sys=0.00, real=0.06 secs] 
5474.937: [GC (Allocation Failure) [PSYoungGen: 419989K->91434K(465920K)] 1171709K->913635K(1864192K), 0.0573616 secs] [Times: user=0.30 sys=0.00, real=0.05 secs] 
5476.180: [GC (Allocation Failure) [PSYoungGen: 324394K->176596K(465920K)] 1146595K->1028269K(1864192K), 0.0557624 secs] [Times: user=0.25 sys=0.00, real=0.05 secs] 
5476.441: [GC (Allocation Failure) [PSYoungGen: 409556K->184790K(465920K)] 1261229K->1090499K(1864192K), 0.0617596 secs] [Times: user=0.29 sys=0.00, real=0.06 secs] 
5476.657: [GC (Allocation Failure) [PSYoungGen: 417750K->187445K(465920K)] 1323459K->1149258K(1864192K), 0.0519454 secs] [Times: user=0.25 sys=0.00, real=0.05 secs] 
5477.628: [GC (Allocation Failure) [PSYoungGen: 420405K->140177K(465920K)] 1382218K->1172702K(1864192K), 0.0509932 secs] [Times: user=0.26 sys=0.00, real=0.05 secs] 
5478.425: [GC (Allocation Failure) [PSYoungGen: 373137K->126879K(465920K)] 1405662K->1203844K(1864192K), 0.1565344 secs] [Times: user=0.88 sys=0.01, real=0.16 secs] 
5479.052: [GC (Allocation Failure) [PSYoungGen: 359839K->178037K(465920K)] 1436804K->1295227K(1864192K), 0.0539754 secs] [Times: user=0.26 sys=0.00, real=0.05 secs] 
5479.235: [GC (Allocation Failure) [PSYoungGen: 410997K->185751K(465920K)] 1528187K->1365153K(1864192K), 0.0512116 secs] [Times: user=0.24 sys=0.00, real=0.06 secs] 
5479.393: [GC (Allocation Failure) [PSYoungGen: 418711K->186421K(465920K)] 1598113K->1424895K(1864192K), 0.0605897 secs] [Times: user=0.31 sys=0.00, real=0.06 secs] 
5480.388: [GC (GCLocker Initiated GC) [PSYoungGen: 419381K->94907K(465920K)] 1657855K->1403621K(1864192K), 0.0452171 secs] [Times: user=0.23 sys=0.00, real=0.04 secs] 
5481.605: [GC (Allocation Failure) [PSYoungGen: 327867K->169812K(465920K)] 1636748K->1508980K(1864192K), 0.0643851 secs] [Times: user=0.30 sys=0.01, real=0.07 secs] 
5481.670: [Full GC (Ergonomics) [PSYoungGen: 169812K->0K(465920K)] [ParOldGen: 1339168K->200080K(1398272K)] 1508980K->200080K(1864192K), [Metaspace: 59574K->59574K(1105920K)], 0.2430198 secs] [Times: user=1.15 sys=0.00, real=0.24 secs] 
5482.032: [GC (Allocation Failure) [PSYoungGen: 232960K->184438K(465920K)] 433040K->384518K(1864192K), 0.0274082 secs] [Times: user=0.10 sys=0.00, real=0.03 secs] 
5482.169: [GC (Allocation Failure) [PSYoungGen: 417398K->187221K(465920K)] 617478K->443253K(1864192K), 0.0436824 secs] [Times: user=0.20 sys=0.00, real=0.04 secs] 
5483.119: [GC (Allocation Failure) [PSYoungGen: 420181K->148498K(465920K)] 676213K->475074K(1864192K), 0.0500899 secs] [Times: user=0.25 sys=0.00, real=0.05 secs] 
5484.003: [GC (Allocation Failure) [PSYoungGen: 381458K->126815K(465920K)] 708034K->500615K(1864192K), 0.1413801 secs] [Times: user=0.79 sys=0.00, real=0.14 secs] 
5485.210: [GC (Allocation Failure) [PSYoungGen: 359775K->170132K(465920K)] 733575K->583801K(1864192K), 0.0535372 secs] [Times: user=0.24 sys=0.00, real=0.05 secs] 
5485.481: [GC (Allocation Failure) [PSYoungGen: 403092K->185303K(465920K)] 816761K->658888K(1864192K), 0.0597913 secs] [Times: user=0.29 sys=0.00, real=0.06 secs] 
5485.672: [GC (Allocation Failure) [PSYoungGen: 418263K->187189K(465920K)] 891848K->719526K(1864192K), 0.0616005 secs] [Times: user=0.31 sys=0.00, real=0.06 secs] 
5486.663: [GC (Allocation Failure) [PSYoungGen: 420149K->96843K(465920K)] 952486K->699820K(1864192K), 0.0450032 secs] [Times: user=0.24 sys=0.00, real=0.05 secs] 
5487.531: [GC (Allocation Failure) [PSYoungGen: 329803K->167284K(465920K)] 932780K->801513K(1864192K), 0.0629019 secs] [Times: user=0.25 sys=0.00, real=0.06 secs] 
5487.816: [GC (Allocation Failure) [PSYoungGen: 400244K->184310K(465920K)] 1034473K->871259K(1864192K), 0.0541963 secs] [Times: user=0.25 sys=0.00, real=0.06 secs] 
5488.003: [GC (Allocation Failure) [PSYoungGen: 404082K->175445K(465920K)] 1091031K->926383K(1864192K), 0.0645223 secs] [Times: user=0.31 sys=0.00, real=0.07 secs] 
5488.922: [GC (Allocation Failure) [PSYoungGen: 408405K->168690K(459776K)] 1159343K->975324K(1858048K), 0.0533975 secs] [Times: user=0.27 sys=0.00, real=0.05 secs] 
5489.429: [GC (Allocation Failure) [PSYoungGen: 401650K->108156K(462848K)] 1208284K->979446K(1861120K), 0.0559903 secs] [Times: user=0.29 sys=0.00, real=0.05 secs] 
5489.928: [GC (Allocation Failure) [PSYoungGen: 339132K->174709K(467456K)] 1210422K->1080529K(1865728K), 0.0536812 secs] [Times: user=0.24 sys=0.00, real=0.05 secs] 
5490.156: [GC (Allocation Failure) [PSYoungGen: 409205K->186038K(465920K)] 1315025K->1146642K(1864192K), 0.0616895 secs] [Times: user=0.30 sys=0.01, real=0.07 secs] 
5490.378: [GC (Allocation Failure) [PSYoungGen: 420534K->184212K(465920K)] 1381138K->1201201K(1864192K), 0.0681172 secs] [Times: user=0.33 sys=0.00, real=0.07 secs] 
5491.460: [GC (Allocation Failure) [PSYoungGen: 417172K->101932K(465920K)] 1434161K->1188377K(1864192K), 0.0448712 secs] [Times: user=0.23 sys=0.00, real=0.04 secs] 
5492.633: [GC (GCLocker Initiated GC) [PSYoungGen: 334892K->168692K(465920K)] 1421337K->1287742K(1864192K), 0.1091025 secs] [Times: user=0.55 sys=0.00, real=0.11 secs] 
5492.937: [GC (Allocation Failure) [PSYoungGen: 401652K->181749K(465920K)] 1520997K->1353994K(1864192K), 0.0428688 secs] [Times: user=0.19 sys=0.00, real=0.04 secs] 
5493.097: [GC (Allocation Failure) [PSYoungGen: 414709K->186039K(465920K)] 1586954K->1421691K(1864192K), 0.0503925 secs] [Times: user=0.23 sys=0.00, real=0.05 secs] 
5493.963: [GC (Allocation Failure) [PSYoungGen: 417830K->211027K(465920K)] 1653482K->1505592K(1864192K), 0.0572599 secs] [Times: user=0.29 sys=0.00, real=0.06 secs] 
5494.579: [GC (Allocation Failure) [PSYoungGen: 443987K->96315K(465920K)] 1738552K->1457240K(1864192K), 0.0638299 secs] [Times: user=0.34 sys=0.00, real=0.06 secs] 
5494.643: [Full GC (Ergonomics) [PSYoungGen: 96315K->0K(465920K)] [ParOldGen: 1360924K->115424K(1398272K)] 1457240K->115424K(1864192K), [Metaspace: 59575K->59575K(1105920K)], 0.1302096 secs] [Times: user=0.58 sys=0.00, real=0.13 secs] 
5495.222: [GC (Allocation Failure) [PSYoungGen: 232960K->176437K(465920K)] 348384K->291862K(1864192K), 0.0367739 secs] [Times: user=0.13 sys=0.00, real=0.04 secs] 
5495.459: [GC (Allocation Failure) [PSYoungGen: 409397K->184918K(465920K)] 524822K->355627K(1864192K), 0.0580167 secs] [Times: user=0.27 sys=0.00, real=0.06 secs] 
5495.669: [GC (Allocation Failure) [PSYoungGen: 417878K->186773K(465920K)] 588587K->413538K(1864192K), 0.0642454 secs] [Times: user=0.32 sys=0.00, real=0.06 secs] 
5496.679: [GC (GCLocker Initiated GC) [PSYoungGen: 419733K->102156K(465920K)] 646498K->399393K(1864192K), 0.0443684 secs] [Times: user=0.23 sys=0.00, real=0.04 secs] 
5497.234: [GC (Allocation Failure) [PSYoungGen: 335116K->174516K(465920K)] 632520K->505409K(1864192K), 0.0917349 secs] [Times: user=0.45 sys=0.00, real=0.09 secs] 
5497.556: [GC (Allocation Failure) [PSYoungGen: 407412K->181077K(465920K)] 738304K->565362K(1864192K), 0.0431936 secs] [Times: user=0.20 sys=0.00, real=0.04 secs] 
5497.717: [GC (Allocation Failure) [PSYoungGen: 414037K->185975K(465920K)] 798322K->633372K(1864192K), 0.0500477 secs] [Times: user=0.23 sys=0.00, real=0.05 secs] 
5497.987: [GC (Allocation Failure) [PSYoungGen: 418836K->215316K(465920K)] 866232K->721625K(1864192K), 0.0628763 secs] [Times: user=0.32 sys=0.00, real=0.06 secs] 
5499.164: [GC (Allocation Failure) [PSYoungGen: 448276K->91226K(465920K)] 954585K->666375K(1864192K), 0.0592534 secs] [Times: user=0.32 sys=0.00, real=0.06 secs] 
5499.756: [GC (Allocation Failure) [PSYoungGen: 324186K->182294K(465920K)] 899335K->786528K(1864192K), 0.0569708 secs] [Times: user=0.25 sys=0.00, real=0.05 secs] 
5500.027: [GC (Allocation Failure) [PSYoungGen: 415254K->184694K(465920K)] 1019488K->845719K(1864192K), 0.0605279 secs] [Times: user=0.29 sys=0.00, real=0.06 secs] 
5500.245: [GC (Allocation Failure) [PSYoungGen: 417654K->186709K(465920K)] 1078679K->903903K(1864192K), 0.0544591 secs] [Times: user=0.26 sys=0.00, real=0.06 secs] 
5501.228: [GC (Allocation Failure) [PSYoungGen: 419669K->97419K(465920K)] 1136863K->884981K(1864192K), 0.0443049 secs] [Times: user=0.23 sys=0.00, real=0.04 secs] 
5502.450: [GC (Allocation Failure) [PSYoungGen: 330379K->166452K(465920K)] 1117941K->985194K(1864192K), 0.0995766 secs] [Times: user=0.50 sys=0.00, real=0.10 secs] 
5502.749: [GC (Allocation Failure) [PSYoungGen: 399412K->184534K(465920K)] 1218154K->1055477K(1864192K), 0.0425537 secs] [Times: user=0.19 sys=0.00, real=0.04 secs] 
5502.904: [GC (Allocation Failure) [PSYoungGen: 417494K->185911K(465920K)] 1288437K->1120822K(1864192K), 0.0502560 secs] [Times: user=0.23 sys=0.00, real=0.05 secs] 
5503.083: [GC (Allocation Failure) [PSYoungGen: 418835K->218581K(465920K)] 1353746K->1212492K(1864192K), 0.0558957 secs] [Times: user=0.28 sys=0.00, real=0.06 secs] 
5504.372: [GC (Allocation Failure) [PSYoungGen: 451541K->83529K(465920K)] 1445452K->1147524K(1864192K), 0.0679987 secs] [Times: user=0.36 sys=0.01, real=0.07 secs] 
5505.208: [GC (Allocation Failure) [PSYoungGen: 316489K->182038K(465920K)] 1380484K->1272869K(1864192K), 0.0520719 secs] [Times: user=0.23 sys=0.00, real=0.05 secs] 
5505.400: [GC (Allocation Failure) [PSYoungGen: 414998K->184630K(465920K)] 1505829K->1332509K(1864192K), 0.0446508 secs] [Times: user=0.21 sys=0.00, real=0.04 secs] 
5505.574: [GC (Allocation Failure) [PSYoungGen: 417590K->187029K(465920K)] 1565469K->1390932K(1864192K), 0.0511749 secs] [Times: user=0.24 sys=0.00, real=0.05 secs] 
5506.580: [GC (Allocation Failure) [PSYoungGen: 419989K->102332K(465920K)] 1623892K->1376843K(1864192K), 0.0460289 secs] [Times: user=0.24 sys=0.00, real=0.05 secs] 
5507.698: [GC (Allocation Failure) [PSYoungGen: 335292K->158771K(465920K)] 1609803K->1466859K(1864192K), 0.1243277 secs] [Times: user=0.65 sys=0.00, real=0.12 secs] 
5508.072: [GC (Allocation Failure) [PSYoungGen: 391731K->184181K(465920K)] 1699819K->1541718K(1864192K), 0.0517457 secs] [Times: user=0.20 sys=0.00, real=0.05 secs] 
5508.124: [Full GC (Ergonomics) [PSYoungGen: 184181K->0K(465920K)] [ParOldGen: 1357536K->251258K(1398272K)] 1541718K->251258K(1864192K), [Metaspace: 59575K->59575K(1105920K)], 0.3191152 secs] [Times: user=1.49 sys=0.00, real=0.32 secs] 
5508.555: [GC (Allocation Failure) [PSYoungGen: 232960K->186295K(465920K)] 484218K->437553K(1864192K), 0.0829307 secs] [Times: user=0.43 sys=0.00, real=0.09 secs] 
5508.744: [GC (Allocation Failure) [PSYoungGen: 419255K->186645K(465920K)] 670513K->496887K(1864192K), 0.0554574 secs] [Times: user=0.27 sys=0.00, real=0.06 secs] 
5509.726: [GC (Allocation Failure) [PSYoungGen: 419605K->87178K(465920K)] 729847K->467900K(1864192K), 0.0394884 secs] [Times: user=0.21 sys=0.01, real=0.04 secs] 
5510.184: [GC (Allocation Failure) [PSYoungGen: 320138K->177973K(465920K)] 700860K->586468K(1864192K), 0.0474447 secs] [Times: user=0.21 sys=0.00, real=0.05 secs] 
5510.365: [GC (Allocation Failure) [PSYoungGen: 410933K->184438K(465920K)] 819428K->648441K(1864192K), 0.0433635 secs] [Times: user=0.19 sys=0.00, real=0.05 secs] 
5510.516: [GC (Allocation Failure) [PSYoungGen: 417398K->186933K(465920K)] 881401K->706872K(1864192K), 0.0457170 secs] [Times: user=0.21 sys=0.00, real=0.05 secs] 
5511.500: [GC (Allocation Failure) [PSYoungGen: 419893K->109821K(465920K)] 939832K->700248K(1864192K), 0.0460670 secs] [Times: user=0.23 sys=0.00, real=0.04 secs] 
5511.857: [GC (Allocation Failure) [PSYoungGen: 342781K->153874K(465920K)] 933208K->780293K(1864192K), 0.0791754 secs] [Times: user=0.40 sys=0.00, real=0.07 secs] 
5512.140: [GC (Allocation Failure) [PSYoungGen: 386834K->184182K(465920K)] 1013253K->859121K(1864192K), 0.0425722 secs] [Times: user=0.19 sys=0.00, real=0.04 secs] 
5512.294: [GC (Allocation Failure) [PSYoungGen: 417142K->186007K(465920K)] 1092081K->925211K(1864192K), 0.0515036 secs] [Times: user=0.25 sys=0.00, real=0.05 secs] 
5512.452: [GC (Allocation Failure) [PSYoungGen: 418967K->186581K(465920K)] 1158171K->984585K(1864192K), 0.0571477 secs] [Times: user=0.29 sys=0.00, real=0.06 secs] 
5513.423: [GC (Allocation Failure) [PSYoungGen: 419541K->92026K(465920K)] 1217545K->960462K(1864192K), 0.0451364 secs] [Times: user=0.23 sys=0.00, real=0.05 secs] 
5514.044: [GC (Allocation Failure) [PSYoungGen: 324986K->172852K(465920K)] 1193422K->1070359K(1864192K), 0.0622833 secs] [Times: user=0.28 sys=0.00, real=0.07 secs] 
5514.270: [GC (Allocation Failure) [PSYoungGen: 405812K->184694K(465920K)] 1303319K->1136565K(1864192K), 0.0434502 secs] [Times: user=0.19 sys=0.00, real=0.04 secs] 
5514.446: [GC (Allocation Failure) [PSYoungGen: 417654K->187061K(465920K)] 1369525K->1194564K(1864192K), 0.0544207 secs] [Times: user=0.26 sys=0.00, real=0.06 secs] 
5516.701: [GC (Allocation Failure) .06 secs] 
