1.117: [GC (Allocation Failure) [PSYoungGen: 128000K->12951K(148992K)] 128000K->13039K(488960K), 0.0920705 secs] [Times: user=0.02 sys=0.00, real=0.09 secs] 
1.331: [GC (Metadata GC Threshold) [PSYoungGen: 49347K->6075K(148992K)] 49435K->6171K(488960K), 0.0041290 secs] [Times: user=0.01 sys=0.00, real=0.00 secs] 
1.335: [Full GC (Metadata GC Threshold) [PSYoungGen: 6075K->0K(148992K)] [ParOldGen: 96K->5934K(203264K)] 6171K->5934K(352256K), [Metaspace: 20453K->20453K(1067008K)], 0.0184042 secs] [Times: user=0.05 sys=0.01, real=0.02 secs] 
1.929: [GC (Allocation Failure) [PSYoungGen: 128000K->10067K(148992K)] 133934K->16010K(352256K), 0.0027115 secs] [Times: user=0.00 sys=0.00, real=0.00 secs] 
2.744: [GC (Metadata GC Threshold) [PSYoungGen: 39739K->4780K(189440K)] 45681K->10731K(392704K), 0.0025402 secs] [Times: user=0.01 sys=0.00, real=0.01 secs] 
2.747: [Full GC (Metadata GC Threshold) [PSYoungGen: 4780K->0K(189440K)] [ParOldGen: 5950K->8959K(326656K)] 10731K->8959K(516096K), [Metaspace: 33746K->33746K(1079296K)], 0.0152636 secs] [Times: user=0.04 sys=0.00, real=0.01 secs] 
3.577: [GC (Allocation Failure) [PSYoungGen: 174080K->17612K(195072K)] 183039K->26580K(521728K), 0.0053774 secs] [Times: user=0.01 sys=0.01, real=0.00 secs] 
4.292: [GC (Allocation Failure) [PSYoungGen: 191692K->14098K(259072K)] 200660K->96801K(585728K), 0.0094634 secs] [Times: user=0.04 sys=0.01, real=0.01 secs] 
4.900: [GC (Allocation Failure) [PSYoungGen: 238605K->4480K(259584K)] 321308K->185495K(586240K), 0.0107577 secs] [Times: user=0.05 sys=0.01, real=0.01 secs] 
5.487: [GC (Allocation Failure) [PSYoungGen: 244096K->20465K(295424K)] 425111K->370874K(646144K), 0.0318086 secs] [Times: user=0.06 sys=0.02, real=0.03 secs] 
5.518: [Full GC (Ergonomics) [PSYoungGen: 20465K->0K(295424K)] [ParOldGen: 350408K->295661K(836608K)] 370874K->295661K(1132032K), [Metaspace: 52356K->52356K(1097728K)], 0.0773096 secs] [Times: user=0.33 sys=0.01, real=0.07 secs] 
5.949: [GC (Allocation Failure) [PSYoungGen: 274944K->97740K(372736K)] 570605K->512543K(1209344K), 0.0250561 secs] [Times: user=0.02 sys=0.01, real=0.02 secs] 
7.019: [GC (Allocation Failure) [PSYoungGen: 369699K->117229K(452096K)] 784502K->594883K(1288704K), 0.0533424 secs] [Times: user=0.03 sys=0.03, real=0.05 secs] 
8.265: [GC (Allocation Failure) [PSYoungGen: 452077K->43720K(496640K)] 929731K->521374K(1333248K), 0.0079232 secs] [Times: user=0.02 sys=0.00, real=0.01 secs] 
8.755: [GC (Allocation Failure) [PSYoungGen: 378568K->152545K(492032K)] 856222K->741123K(1328640K), 0.0308823 secs] [Times: user=0.03 sys=0.01, real=0.04 secs] 
9.565: [GC (Allocation Failure) [PSYoungGen: 492001K->179648K(519168K)] 1080579K->783656K(1355776K), 0.0326363 secs] [Times: user=0.04 sys=0.01, real=0.04 secs] 
10.711: [GC (Allocation Failure) [PSYoungGen: 519104K->112206K(454656K)] 1123112K->716629K(1291264K), 0.0130373 secs] [Times: user=0.02 sys=0.00, real=0.01 secs] 
11.036: [GC (Allocation Failure) [PSYoungGen: 387150K->211944K(486912K)] 991573K->824543K(1323520K), 0.0240608 secs] [Times: user=0.03 sys=0.00, real=0.02 secs] 
11.788: [GC (Allocation Failure) [PSYoungGen: 486888K->168790K(444928K)] 1099487K->781555K(1281536K), 0.0202698 secs] [Times: user=0.03 sys=0.00, real=0.02 secs] 
12.913: [GC (Allocation Failure) [PSYoungGen: 401750K->2854K(465920K)] 1014515K->615796K(1302528K), 0.0022786 secs] [Times: user=0.01 sys=0.00, real=0.00 secs] 
13.271: [GC (Allocation Failure) [PSYoungGen: 235814K->184847K(465920K)] 848756K->799171K(1302528K), 0.0203556 secs] [Times: user=0.03 sys=0.00, real=0.02 secs] 
13.555: [GC (Allocation Failure) [PSYoungGen: 417807K->184719K(465920K)] 1032131K->799316K(1302528K), 0.0204059 secs] [Times: user=0.02 sys=0.00, real=0.02 secs] 
14.573: [GC (Allocation Failure) [PSYoungGen: 417679K->126361K(465920K)] 1032276K->741095K(1302528K), 0.0212993 secs] [Times: user=0.03 sys=0.00, real=0.02 secs] 
15.832: [GC (Allocation Failure) [PSYoungGen: 359321K->4580K(465920K)] 974055K->619636K(1302528K), 0.0026054 secs] [Times: user=0.01 sys=0.00, real=0.00 secs] 
16.199: [GC (Allocation Failure) [PSYoungGen: 237540K->185458K(465920K)] 852596K->801935K(1302528K), 0.0204653 secs] [Times: user=0.03 sys=0.00, real=0.02 secs] 
16.483: [GC (Allocation Failure) [PSYoungGen: 418418K->184430K(465920K)] 1034895K->801180K(1302528K), 0.0201886 secs] [Times: user=0.03 sys=0.00, real=0.02 secs] 
18.633: [GC (Allocation Failure) [PSYoungGen: 417390K->124691K(465920K)] 1034140K->741706K(1302528K), 0.0314082 secs] [Times: user=0.05 sys=0.00, real=0.03 secs] 
19.738: [GC (Allocation Failure) [PSYoungGen: 357651K->14453K(465920K)] 974666K->631782K(1302528K), 0.0038998 secs] [Times: user=0.02 sys=0.00, real=0.00 secs] 
20.114: [GC (Allocation Failure) [PSYoungGen: 247413K->184044K(465920K)] 864742K->802627K(1302528K), 0.0204245 secs] [Times: user=0.03 sys=0.00, real=0.02 secs] 
20.398: [GC (Allocation Failure) [PSYoungGen: 417004K->184398K(465920K)] 1035587K->803253K(1302528K), 0.0201542 secs] [Times: user=0.03 sys=0.00, real=0.02 secs] 
21.978: [GC (Allocation Failure) [PSYoungGen: 417358K->115854K(465920K)] 1036213K->734975K(1302528K), 0.0321032 secs] [Times: user=0.05 sys=0.00, real=0.03 secs] 
23.801: [GC (Allocation Failure) [PSYoungGen: 348814K->21522K(465920K)] 967935K->640957K(1302528K), 0.0052610 secs] [Times: user=0.02 sys=0.00, real=0.01 secs] 
24.194: [GC (Allocation Failure) [PSYoungGen: 254482K->184173K(465920K)] 873917K->804981K(1302528K), 0.0206422 secs] [Times: user=0.03 sys=0.00, real=0.02 secs] 
24.483: [GC (Allocation Failure) [PSYoungGen: 417133K->184558K(465920K)] 1037941K->805519K(1302528K), 0.0203550 secs] [Times: user=0.02 sys=0.00, real=0.02 secs] 
25.283: [GC (Allocation Failure) [PSYoungGen: 417518K->108497K(465920K)] 1038479K->729723K(1302528K), 0.0152615 secs] [Times: user=0.03 sys=0.00, real=0.02 secs] 
26.466: [GC (Allocation Failure) [PSYoungGen: 341457K->31030K(465920K)] 962683K->652572K(1302528K), 0.0057203 secs] [Times: user=0.01 sys=0.00, real=0.00 secs] 
26.762: [GC (Allocation Failure) [PSYoungGen: 263990K->186486K(465920K)] 885532K->809281K(1302528K), 0.0207953 secs] [Times: user=0.03 sys=0.01, real=0.02 secs] 
27.051: [GC (Allocation Failure) [PSYoungGen: 419446K->186164K(465920K)] 1042241K->809241K(1302528K), 0.0202231 secs] [Times: user=0.02 sys=0.00, real=0.02 secs] 
28.802: [GC (Allocation Failure) [PSYoungGen: 413989K->95082K(465920K)] 1037065K->718424K(1302528K), 0.0203137 secs] [Times: user=0.04 sys=0.00, real=0.02 secs] 
30.591: [GC (Allocation Failure) [PSYoungGen: 328042K->37973K(465920K)] 951384K->661628K(1302528K), 0.0071344 secs] [Times: user=0.02 sys=0.00, real=0.01 secs] 
30.941: [GC (Allocation Failure) [PSYoungGen: 270933K->184076K(465920K)] 894588K->809113K(1302528K), 0.0202539 secs] [Times: user=0.02 sys=0.00, real=0.02 secs] 
31.224: [GC (Allocation Failure) [PSYoungGen: 417036K->184012K(465920K)] 1042073K->809194K(1302528K), 0.0201048 secs] [Times: user=0.02 sys=0.00, real=0.02 secs] 
33.403: [GC (Allocation Failure) [PSYoungGen: 409382K->92640K(465920K)] 1034564K->718087K(1302528K), 0.0202378 secs] [Times: user=0.04 sys=0.00, real=0.02 secs] 
35.387: [GC (Allocation Failure) [PSYoungGen: 325600K->37234K(465920K)] 951047K->662987K(1302528K), 0.0071088 secs] [Times: user=0.02 sys=0.00, real=0.00 secs] 
35.702: [GC (Allocation Failure) [PSYoungGen: 270194K->184044K(465920K)] 895947K->811050K(1302528K), 0.0212790 secs] [Times: user=0.02 sys=0.00, real=0.02 secs] 
35.987: [GC (Allocation Failure) [PSYoungGen: 417004K->184751K(465920K)] 1044010K->812038K(1302528K), 0.0201112 secs] [Times: user=0.03 sys=0.00, real=0.02 secs] 
37.494: [GC (Allocation Failure) [PSYoungGen: 408371K->92769K(465920K)] 1035658K->720321K(1302528K), 0.0120357 secs] [Times: user=0.02 sys=0.00, real=0.02 secs] 
39.793: [GC (Allocation Failure) [PSYoungGen: 325729K->37074K(465920K)] 953281K->664932K(1302528K), 0.0067009 secs] [Times: user=0.01 sys=0.00, real=0.01 secs] 
40.093: [GC (Allocation Failure) [PSYoungGen: 270034K->184462K(465920K)] 897892K->813573K(1302528K), 0.0201910 secs] [Times: user=0.03 sys=0.00, real=0.02 secs] 
40.376: [GC (Allocation Failure) [PSYoungGen: 417422K->184301K(465920K)] 1046533K->813686K(1302528K), 0.0200260 secs] [Times: user=0.03 sys=0.00, real=0.02 secs] 
41.314: [GC (Allocation Failure) [PSYoungGen: 409348K->92929K(465920K)] 1038732K->722724K(1302528K), 0.0123191 secs] [Times: user=0.03 sys=0.00, real=0.02 secs] 
42.860: [GC (Allocation Failure) [PSYoungGen: 325889K->37684K(465920K)] 955684K->667656K(1302528K), 0.0067185 secs] [Times: user=0.01 sys=0.00, real=0.01 secs] 
43.156: [GC (Allocation Failure) [PSYoungGen: 270644K->183916K(465920K)] 900616K->815141K(1302528K), 0.0203269 secs] [Times: user=0.03 sys=0.00, real=0.02 secs] 
43.440: [GC (Allocation Failure) [PSYoungGen: 416876K->184847K(465920K)] 1048101K->816345K(1302528K), 0.0201909 secs] [Times: user=0.03 sys=0.00, real=0.02 secs] 
44.204: [GC (Allocation Failure) [PSYoungGen: 410547K->92255K(465920K)] 1042045K->724154K(1302528K), 0.0118863 secs] [Times: user=0.02 sys=0.00, real=0.02 secs] 
45.144: [GC (Allocation Failure) [PSYoungGen: 325215K->38069K(465920K)] 957114K->670154K(1302528K), 0.0053644 secs] [Times: user=0.01 sys=0.00, real=0.01 secs] 
45.416: [GC (Allocation Failure) [PSYoungGen: 271029K->184719K(465920K)] 903114K->818057K(1302528K), 0.0204455 secs] [Times: user=0.03 sys=0.00, real=0.02 secs] 
45.701: [GC (Allocation Failure) [PSYoungGen: 417679K->184398K(465920K)] 1051017K->818017K(1302528K), 0.0200547 secs] [Times: user=0.03 sys=0.00, real=0.02 secs] 
46.892: [GC (Allocation Failure) [PSYoungGen: 407109K->91644K(465920K)] 1040728K->725537K(1302528K), 0.0244761 secs] [Times: user=0.05 sys=0.00, real=0.03 secs] 
47.889: [GC (Allocation Failure) [PSYoungGen: 324604K->38166K(465920K)] 958497K->672380K(1302528K), 0.0053370 secs] [Times: user=0.02 sys=0.00, real=0.00 secs] 
48.159: [GC (Allocation Failure) [PSYoungGen: 271126K->184719K(465920K)] 905340K->820187K(1302528K), 0.0204067 secs] [Times: user=0.03 sys=0.00, real=0.02 secs] 
48.509: [GC (Allocation Failure) [PSYoungGen: 417679K->184366K(465920K)] 1053147K->820099K(1302528K), 0.0203376 secs] [Times: user=0.02 sys=0.01, real=0.02 secs] 
49.717: [GC (Allocation Failure) [PSYoungGen: 406835K->91499K(465920K)] 1042568K->727498K(1302528K), 0.0162929 secs] [Times: user=0.04 sys=0.00, real=0.01 secs] 
50.805: [GC (Allocation Failure) [PSYoungGen: 324459K->38005K(465920K)] 960458K->674311K(1302528K), 0.0058133 secs] [Times: user=0.02 sys=0.00, real=0.01 secs] 
51.135: [GC (Allocation Failure) [PSYoungGen: 270965K->184751K(465920K)] 907271K->822310K(1302528K), 0.0205314 secs] [Times: user=0.02 sys=0.00, real=0.03 secs] 
51.419: [GC (Allocation Failure) [PSYoungGen: 417711K->184655K(465920K)] 1055270K->822487K(1302528K), 0.0203469 secs] [Times: user=0.03 sys=0.00, real=0.02 secs] 
53.060: [GC (Allocation Failure) [PSYoungGen: 407203K->91387K(465920K)] 1045035K->729500K(1302528K), 0.0187492 secs] [Times: user=0.03 sys=0.00, real=0.02 secs] 
54.631: [GC (Allocation Failure) [PSYoungGen: 324347K->37780K(465920K)] 962460K->676223K(1302528K), 0.0065544 secs] [Times: user=0.01 sys=0.00, real=0.01 secs] 
54.924: [GC (Allocation Failure) [PSYoungGen: 270740K->183819K(465920K)] 909183K->823524K(1302528K), 0.0203227 secs] [Times: user=0.03 sys=0.00, real=0.02 secs] 
55.216: [GC (Allocation Failure) [PSYoungGen: 416779K->184751K(465920K)] 1056484K->824729K(1302528K), 0.0201943 secs] [Times: user=0.03 sys=0.00, real=0.02 secs] 
55.889: [GC (Allocation Failure) [PSYoungGen: 410147K->92415K(465920K)] 1050124K->732795K(1302528K), 0.0111612 secs] [Times: user=0.02 sys=0.00, real=0.01 secs] 
56.697: [GC (Allocation Failure) [PSYoungGen: 325375K->38037K(465920K)] 965755K->678598K(1302528K), 0.0054416 secs] [Times: user=0.01 sys=0.00, real=0.00 secs] 
57.021: [GC (Allocation Failure) [PSYoungGen: 270997K->184719K(465920K)] 911558K->826533K(1302528K), 0.0204010 secs] [Times: user=0.02 sys=0.00, real=0.02 secs] 
57.366: [GC (Allocation Failure) [PSYoungGen: 417679K->184719K(465920K)] 1059493K->826814K(1302528K), 0.0202961 secs] [Times: user=0.03 sys=0.00, real=0.03 secs] 
58.000: [GC (Allocation Failure) [PSYoungGen: 407280K->91355K(465920K)] 1049376K->733724K(1302528K), 0.0118090 secs] [Times: user=0.03 sys=0.00, real=0.01 secs] 
58.829: [GC (Allocation Failure) [PSYoungGen: 324315K->38002K(465920K)] 966684K->680671K(1302528K), 0.0077434 secs] [Times: user=0.02 sys=0.00, real=0.01 secs] 
59.165: [GC (Allocation Failure) [PSYoungGen: 270962K->183948K(465920K)] 913631K->827869K(1302528K), 0.0205800 secs] [Times: user=0.02 sys=0.00, real=0.03 secs] 
59.517: [GC (Allocation Failure) [PSYoungGen: 416908K->184398K(465920K)] 1060829K->828593K(1302528K), 0.0204391 secs] [Times: user=0.03 sys=0.00, real=0.02 secs] 
60.372: [GC (Allocation Failure) [PSYoungGen: 409595K->92383K(465920K)] 1053790K->736851K(1302528K), 0.0123425 secs] [Times: user=0.03 sys=0.00, real=0.01 secs] 
61.969: [GC (Allocation Failure) [PSYoungGen: 325343K->37588K(465920K)] 969811K->682369K(1302528K), 0.0064687 secs] [Times: user=0.02 sys=0.00, real=0.00 secs] 
62.262: [GC (Allocation Failure) [PSYoungGen: 270548K->184719K(465920K)] 915329K->830754K(1302528K), 0.0202574 secs] [Times: user=0.02 sys=0.00, real=0.02 secs] 
62.546: [GC (Allocation Failure) [PSYoungGen: 417679K->184719K(465920K)] 1063714K->831035K(1302528K), 0.0203499 secs] [Times: user=0.02 sys=0.00, real=0.02 secs] 
63.249: [GC (Allocation Failure) [PSYoungGen: 407529K->91709K(465920K)] 1053846K->738290K(1302528K), 0.0111201 secs] [Times: user=0.02 sys=0.00, real=0.01 secs] 
64.701: [GC (Allocation Failure) [PSYoungGen: 324669K->37620K(465920K)] 971250K->684499K(1302528K), 0.0089862 secs] [Times: user=0.02 sys=0.00, real=0.01 secs] 
65.047: [GC (Allocation Failure) [PSYoungGen: 270580K->184687K(465920K)] 917459K->832827K(1302528K), 0.0203795 secs] [Times: user=0.03 sys=0.00, real=0.02 secs] 
65.337: [GC (Allocation Failure) [PSYoungGen: 417647K->184687K(465920K)] 1065787K->833109K(1302528K), 0.0221691 secs] [Times: user=0.03 sys=0.01, real=0.02 secs] 
67.430: [GC (Allocation Failure) [PSYoungGen: 407499K->91741K(465920K)] 1055921K->740443K(1302528K), 0.0191645 secs] [Times: user=0.04 sys=0.00, real=0.02 secs] 
69.064: [GC (Allocation Failure) [PSYoungGen: 324701K->37845K(465920K)] 973403K->686861K(1302528K), 0.0066261 secs] [Times: user=0.01 sys=0.00, real=0.01 secs] 
69.352: [GC (Allocation Failure) [PSYoungGen: 270805K->184687K(465920K)] 919821K->834957K(1302528K), 0.0204084 secs] [Times: user=0.02 sys=0.00, real=0.02 secs] 
69.636: [GC (Allocation Failure) [PSYoungGen: 417647K->184687K(465920K)] 1067917K->835238K(1302528K), 0.0202905 secs] [Times: user=0.03 sys=0.00, real=0.02 secs] 
70.679: [GC (Allocation Failure) [PSYoungGen: 407232K->91516K(465920K)] 1057784K->742348K(1302528K), 0.0122878 secs] [Times: user=0.02 sys=0.00, real=0.01 secs] 
72.442: [GC (Allocation Failure) [PSYoungGen: 324476K->37588K(465920K)] 975308K->688718K(1302528K), 0.0075810 secs] [Times: user=0.02 sys=0.00, real=0.01 secs] 
72.754: [GC (Allocation Failure) [PSYoungGen: 270548K->183819K(465920K)] 921678K->836203K(1302528K), 0.0202867 secs] [Times: user=0.02 sys=0.00, real=0.02 secs] 
73.098: [GC (Allocation Failure) [PSYoungGen: 416779K->184655K(465920K)] 1069163K->837311K(1302528K), 0.0203783 secs] [Times: user=0.03 sys=0.00, real=0.02 secs] 
74.010: [GC (Allocation Failure) [PSYoungGen: 410056K->92672K(465920K)] 1062713K->745602K(1302528K), 0.0124358 secs] [Times: user=0.03 sys=0.00, real=0.01 secs] 
74.957: [GC (Allocation Failure) [PSYoungGen: 325632K->37909K(465920K)] 978562K->691152K(1302528K), 0.0070932 secs] [Times: user=0.01 sys=0.00, real=0.00 secs] 
75.227: [GC (Allocation Failure) [PSYoungGen: 270869K->184076K(465920K)] 924112K->838573K(1302528K), 0.0202923 secs] [Times: user=0.02 sys=0.00, real=0.02 secs] 
75.572: [GC (Allocation Failure) [PSYoungGen: 417036K->184976K(465920K)] 1071533K->839746K(1302528K), 0.0220250 secs] [Times: user=0.03 sys=0.00, real=0.02 secs] 
76.929: [GC (Allocation Failure) [PSYoungGen: 407832K->91837K(465920K)] 1062602K->746872K(1302528K), 0.0118907 secs] [Times: user=0.02 sys=0.00, real=0.01 secs] 
77.889: [GC (Allocation Failure) [PSYoungGen: 324797K->37909K(465920K)] 979832K->693253K(1302528K), 0.0054540 secs] [Times: user=0.01 sys=0.00, real=0.00 secs] 
78.159: [GC (Allocation Failure) [PSYoungGen: 270869K->183722K(465920K)] 926213K->840321K(1302528K), 0.0202953 secs] [Times: user=0.03 sys=0.00, real=0.02 secs] 
78.444: [GC (Allocation Failure) [PSYoungGen: 416682K->184655K(465920K)] 1073281K->841526K(1302528K), 0.0203538 secs] [Times: user=0.03 sys=0.00, real=0.02 secs] 
79.859: [GC (Allocation Failure) [PSYoungGen: 409909K->92576K(465920K)] 1066780K->749849K(1302528K), 0.0113836 secs] [Times: user=0.02 sys=0.00, real=0.01 secs] 
81.988: [GC (Allocation Failure) [PSYoungGen: 325536K->37234K(465920K)] 982809K->694700K(1302528K), 0.0069293 secs] [Times: user=0.01 sys=0.00, real=0.00 secs] 
82.283: [GC (Allocation Failure) [PSYoungGen: 270194K->183948K(465920K)] 927660K->842667K(1302528K), 0.0201700 secs] [Times: user=0.03 sys=0.00, real=0.02 secs] 
82.638: [GC (Allocation Failure) [PSYoungGen: 416908K->184815K(465920K)] 1075627K->843816K(1302528K), 0.0202567 secs] [Times: user=0.03 sys=0.00, real=0.02 secs] 
84.351: [GC (Allocation Failure) [PSYoungGen: 410123K->92769K(465920K)] 1069124K->752163K(1302528K), 0.0239212 secs] [Times: user=0.04 sys=0.01, real=0.02 secs] 
86.292: [GC (Allocation Failure) [PSYoungGen: 325729K->37841K(465920K)] 985123K->697415K(1302528K), 0.0075360 secs] [Times: user=0.01 sys=0.00, real=0.01 secs] 
86.669: [GC (Allocation Failure) [PSYoungGen: 270801K->184558K(465920K)] 930375K->845393K(1302528K), 0.0202686 secs] [Times: user=0.03 sys=0.00, real=0.02 secs] 
86.957: [GC (Allocation Failure) [PSYoungGen: 417518K->184301K(465920K)] 1078353K->845409K(1302528K), 0.0202667 secs] [Times: user=0.03 sys=0.00, real=0.02 secs] 
88.077: [GC (Allocation Failure) [PSYoungGen: 409175K->92158K(465920K)] 1070283K->753540K(1302528K), 0.0189146 secs] [Times: user=0.04 sys=0.00, real=0.02 secs] 
89.944: [GC (Allocation Failure) [PSYoungGen: 325118K->37716K(465920K)] 986500K->699411K(1302528K), 0.0075301 secs] [Times: user=0.02 sys=0.00, real=0.01 secs] 
90.258: [GC (Allocation Failure) [PSYoungGen: 270676K->184494K(465920K)] 932371K->847434K(1302528K), 0.0202773 secs] [Times: user=0.03 sys=0.00, real=0.02 secs] 
90.541: [GC (Allocation Failure) [PSYoungGen: 417454K->184333K(465920K)] 1080394K->847547K(1302528K), 0.0201533 secs] [Times: user=0.03 sys=0.00, real=0.02 secs] 
92.919: [GC (Allocation Failure) [PSYoungGen: 409477K->92319K(465920K)] 1072690K->755805K(1302528K), 0.0191553 secs] [Times: user=0.04 sys=0.00, real=0.02 secs] 
94.929: [GC (Allocation Failure) [PSYoungGen: 325279K->37777K(465920K)] 988765K->701580K(1302528K), 0.0084705 secs] [Times: user=0.02 sys=0.00, real=0.01 secs] 
95.260: [GC (Allocation Failure) [PSYoungGen: 270737K->184655K(465920K)] 934540K->849711K(1302528K), 0.0204388 secs] [Times: user=0.02 sys=0.00, real=0.02 secs] 
95.544: [GC (Allocation Failure) [PSYoungGen: 417615K->184719K(465920K)] 1082671K->850048K(1302528K), 0.0202797 secs] [Times: user=0.03 sys=0.00, real=0.02 secs] 
96.852: [GC (Allocation Failure) [PSYoungGen: 407281K->91644K(465920K)] 1072610K->757246K(1302528K), 0.0121804 secs] [Times: user=0.02 sys=0.00, real=0.01 secs] 
97.852: [GC (Allocation Failure) [PSYoungGen: 324604K->37716K(465920K)] 990206K->703632K(1302528K), 0.0054038 secs] [Times: user=0.01 sys=0.00, real=0.01 secs] 
98.188: [GC (GCLocker Initiated GC) [PSYoungGen: 270676K->183433K(465920K)] 936592K->850603K(1302528K), 0.0204273 secs] [Times: user=0.03 sys=0.00, real=0.02 secs] 
98.478: [GC (Allocation Failure) [PSYoungGen: 416393K->184462K(465920K)] 1084945K->853287K(1302528K), 0.0203666 secs] [Times: user=0.03 sys=0.00, real=0.02 secs] 
100.121: [GC (Allocation Failure) [PSYoungGen: 410026K->91901K(465920K)] 1078851K->760734K(1302528K), 0.0156893 secs] [Times: user=0.03 sys=0.00, real=0.02 secs] 
101.898: [GC (Allocation Failure) [PSYoungGen: 324861K->37459K(465920K)] 993694K->706461K(1302528K), 0.0069320 secs] [Times: user=0.02 sys=0.00, real=0.00 secs] 
102.260: [GC (Allocation Failure) [PSYoungGen: 270419K->184108K(465920K)] 939421K->854364K(1302528K), 0.0203325 secs] [Times: user=0.02 sys=0.00, real=0.02 secs] 
102.597: [GC (Allocation Failure) [PSYoungGen: 417068K->184622K(465920K)] 1087324K->855159K(1302528K), 0.0201564 secs] [Times: user=0.03 sys=0.00, real=0.02 secs] 
103.275: [GC (Allocation Failure) [PSYoungGen: 409784K->92656K(465920K)] 1080321K->763458K(1302528K), 0.0118193 secs] [Times: user=0.02 sys=0.00, real=0.02 secs] 
104.225: [GC (Allocation Failure) [PSYoungGen: 325616K->38005K(465920K)] 996418K->709114K(1302528K), 0.0063739 secs] [Times: user=0.01 sys=0.00, real=0.01 secs] 
104.582: [GC (Allocation Failure) [PSYoungGen: 270965K->184783K(465920K)] 942074K->857146K(1302528K), 0.0213378 secs] [Times: user=0.03 sys=0.00, real=0.02 secs] 
104.890: [GC (Allocation Failure) [PSYoungGen: 417743K->184623K(465920K)] 1090106K->857419K(1302528K), 0.0203655 secs] [Times: user=0.02 sys=0.00, real=0.02 secs] 
106.285: [GC (Allocation Failure) [PSYoungGen: 407183K->91387K(465920K)] 1079980K->764328K(1302528K), 0.0119523 secs] [Times: user=0.03 sys=0.00, real=0.02 secs] 
107.115: [GC (Allocation Failure) [PSYoungGen: 324347K->37973K(465920K)] 997288K->711228K(1302528K), 0.0081573 secs] [Times: user=0.02 sys=0.00, real=0.01 secs] 
107.460: [GC (Allocation Failure) [PSYoungGen: 270933K->183690K(465920K)] 944188K->858199K(1302528K), 0.0204129 secs] [Times: user=0.03 sys=0.00, real=0.02 secs] 
107.740: [GC (GCLocker Initiated GC) [PSYoungGen: 416650K->182148K(465920K)] 1091159K->856938K(1302528K), 0.0199167 secs] [Times: user=0.03 sys=0.00, real=0.02 secs] 
109.239: [GC (Allocation Failure) [PSYoungGen: 415108K->78538K(465920K)] 1106285K->769979K(1302528K), 0.0178438 secs] [Times: user=0.03 sys=0.00, real=0.02 secs] 
111.751: [GC (Allocation Failure) [PSYoungGen: 311498K->57252K(465920K)] 1002939K->748927K(1302528K), 0.0093779 secs] [Times: user=0.02 sys=0.00, real=0.01 secs] 
112.054: [GC (Allocation Failure) [PSYoungGen: 290212K->184301K(465920K)] 981887K->877350K(1302528K), 0.0203423 secs] [Times: user=0.03 sys=0.00, real=0.02 secs] 
112.338: [GC (Allocation Failure) [PSYoungGen: 417261K->184558K(465920K)] 1110310K->877880K(1302528K), 0.0204903 secs] [Times: user=0.03 sys=0.00, real=0.02 secs] 
115.670: [GC (Allocation Failure) [PSYoungGen: 417518K->56207K(465920K)] 1110840K->749794K(1302528K), 0.0188523 secs] [Times: user=0.04 sys=0.00, real=0.02 secs] 
116.966: [GC (Allocation Failure) [PSYoungGen: 289167K->80032K(465920K)] 982754K->773805K(1302528K), 0.0098534 secs] [Times: user=0.02 sys=0.00, real=0.01 secs] 
117.239: [GC (Allocation Failure) [PSYoungGen: 312992K->184462K(465920K)] 1006765K->879487K(1302528K), 0.0203357 secs] [Times: user=0.03 sys=0.01, real=0.02 secs] 
117.523: [GC (Allocation Failure) [PSYoungGen: 417422K->184333K(465920K)] 1112447K->879632K(1302528K), 0.0202537 secs] [Times: user=0.02 sys=0.00, real=0.02 secs] 
119.059: [GC (Allocation Failure) [PSYoungGen: 417293K->33538K(465920K)] 1112592K->729102K(1302528K), 0.0065378 secs] [Times: user=0.02 sys=0.00, real=0.00 secs] 
119.719: [GC (Allocation Failure) [PSYoungGen: 266378K->102556K(465920K)] 961942K->798428K(1302528K), 0.0120646 secs] [Times: user=0.02 sys=0.00, real=0.01 secs] 
119.995: [GC (Allocation Failure) [PSYoungGen: 335516K->184430K(465920K)] 1031388K->881547K(1302528K), 0.0206865 secs] [Times: user=0.03 sys=0.00, real=0.02 secs] 
120.283: [GC (Allocation Failure) [PSYoungGen: 417390K->184526K(465920K)] 1114507K->882045K(1302528K), 0.0206099 secs] [Times: user=0.02 sys=0.00, real=0.02 secs] 
123.967: [GC (Allocation Failure) [PSYoungGen: 417486K->10838K(465920K)] 1115005K->708493K(1302528K), 0.0053123 secs] [Times: user=0.02 sys=0.00, real=0.00 secs] 
124.947: [GC (Allocation Failure) [PSYoungGen: 243798K->123923K(465920K)] 941453K->821892K(1302528K), 0.0141212 secs] [Times: user=0.02 sys=0.00, real=0.01 secs] 
125.227: [GC (Allocation Failure) [PSYoungGen: 356883K->184333K(465920K)] 1054852K->883564K(1302528K), 0.0204037 secs] [Times: user=0.03 sys=0.00, real=0.02 secs] 
125.672: [GC (Allocation Failure) [PSYoungGen: 417293K->175022K(465920K)] 1116524K->874518K(1302528K), 0.0235239 secs] [Times: user=0.05 sys=0.00, real=0.02 secs] 
127.558: [GC (Allocation Failure) [PSYoungGen: 407982K->96K(465920K)] 1107478K->701033K(1302528K), 0.0044674 secs] [Times: user=0.02 sys=0.01, real=0.00 secs] 
128.243: [GC (Allocation Failure) [PSYoungGen: 233056K->147796K(465920K)] 933993K->848750K(1302528K), 0.0165502 secs] [Times: user=0.03 sys=0.00, real=0.02 secs] 
128.527: [GC (Allocation Failure) [PSYoungGen: 380756K->186100K(465920K)] 1081710K->888420K(1302528K), 0.0205224 secs] [Times: user=0.03 sys=0.00, real=0.02 secs] 
129.334: [GC (Allocation Failure) [PSYoungGen: 419060K->156469K(465920K)] 1121380K->859054K(1302528K), 0.0315269 secs] [Times: user=0.05 sys=0.00, real=0.03 secs] 
131.242: [GC (Allocation Failure) [PSYoungGen: 389429K->96K(465920K)] 1092014K->703989K(1302528K), 0.0033043 secs] [Times: user=0.02 sys=0.00, real=0.00 secs] 
131.654: [GC (Allocation Failure) [PSYoungGen: 233056K->173404K(465920K)] 936949K->877330K(1302528K), 0.0190448 secs] [Times: user=0.03 sys=0.00, real=0.02 secs] 
131.939: [GC (Allocation Failure) [PSYoungGen: 406364K->186132K(465920K)] 1110290K->891432K(1302528K), 0.0204362 secs] [Times: user=0.03 sys=0.00, real=0.02 secs] 
132.415: [GC (Allocation Failure) [PSYoungGen: 419092K->139085K(465920K)] 1124392K->844522K(1302528K), 0.0159372 secs] [Times: user=0.03 sys=0.00, real=0.02 secs] 
133.373: [GC (Allocation Failure) [PSYoungGen: 372045K->13615K(465920K)] 1077482K->719357K(1302528K), 0.0031042 secs] [Times: user=0.01 sys=0.00, real=0.01 secs] 
133.643: [GC (Allocation Failure) [PSYoungGen: 246575K->186132K(465920K)] 952317K->893128K(1302528K), 0.0205687 secs] [Times: user=0.02 sys=0.00, real=0.02 secs] 
133.927: [GC (Allocation Failure) [PSYoungGen: 419092K->184719K(465920K)] 1126088K->891988K(1302528K), 0.0203354 secs] [Times: user=0.02 sys=0.00, real=0.02 secs] 
134.955: [GC (Allocation Failure) [PSYoungGen: 417679K->114441K(465920K)] 1124948K->822103K(1302528K), 0.0143278 secs] [Times: user=0.02 sys=0.00, real=0.02 secs] 
135.986: [GC (Allocation Failure) [PSYoungGen: 347401K->38905K(465920K)] 1055063K->746753K(1302528K), 0.0057032 secs] [Times: user=0.01 sys=0.00, real=0.00 secs] 
136.323: [GC (Allocation Failure) [PSYoungGen: 271865K->185972K(465920K)] 979713K->895186K(1302528K), 0.0224148 secs] [Times: user=0.04 sys=0.00, real=0.02 secs] 
136.620: [GC (Allocation Failure) [PSYoungGen: 418932K->185811K(465920K)] 1128146K->895306K(1302528K), 0.0209210 secs] [Times: user=0.02 sys=0.00, real=0.02 secs] 
138.021: [GC (Allocation Failure) [PSYoungGen: 418771K->71597K(465920K)] 1128266K->781229K(1302528K), 0.0103516 secs] [Times: user=0.02 sys=0.00, real=0.01 secs] 
138.791: [GC (Allocation Failure) [PSYoungGen: 304557K->64867K(465920K)] 1014189K->774816K(1302528K), 0.0082766 secs] [Times: user=0.01 sys=0.00, real=0.01 secs] 
139.123: [GC (Allocation Failure) [PSYoungGen: 297827K->184847K(465920K)] 1007776K->896034K(1302528K), 0.0204405 secs] [Times: user=0.03 sys=0.00, real=0.02 secs] 
139.468: [GC (Allocation Failure) [PSYoungGen: 417807K->184173K(465920K)] 1128994K->895633K(1302528K), 0.0202886 secs] [Times: user=0.03 sys=0.00, real=0.02 secs] 
141.824: [GC (Allocation Failure) [PSYoungGen: 417133K->48527K(465920K)] 1128593K->760252K(1302528K), 0.0098187 secs] [Times: user=0.02 sys=0.00, real=0.01 secs] 
142.973: [GC (Allocation Failure) [PSYoungGen: 281487K->87484K(465920K)] 993212K->799525K(1302528K), 0.0104680 secs] [Times: user=0.02 sys=0.00, real=0.01 secs] 
143.248: [GC (Allocation Failure) [PSYoungGen: 320444K->184301K(465920K)] 1032485K->897588K(1302528K), 0.0204234 secs] [Times: user=0.03 sys=0.00, real=0.02 secs] 
143.537: [GC (Allocation Failure) [PSYoungGen: 417261K->184398K(465920K)] 1130548K->898086K(1302528K), 0.0205408 secs] [Times: user=0.03 sys=0.00, real=0.02 secs] 
145.193: [GC (Allocation Failure) [PSYoungGen: 417358K->26036K(465920K)] 1131046K->739997K(1302528K), 0.0055933 secs] [Times: user=0.01 sys=0.00, real=0.01 secs] 
145.795: [GC (Allocation Failure) [PSYoungGen: 258996K->109753K(465920K)] 972957K->823894K(1302528K), 0.0128159 secs] [Times: user=0.02 sys=0.00, real=0.02 secs] 
146.097: [GC (Allocation Failure) [PSYoungGen: 342713K->184173K(465920K)] 1056854K->899558K(1302528K), 0.0229527 secs] [Times: user=0.03 sys=0.00, real=0.02 secs] 
146.424: [GC (Allocation Failure) [PSYoungGen: 417133K->184494K(465920K)] 1132518K->900153K(1302528K), 0.0204259 secs] [Times: user=0.03 sys=0.00, real=0.02 secs] 
148.960: [GC (Allocation Failure) [PSYoungGen: 417454K->3881K(465920K)] 1133113K->719813K(1302528K), 0.0039595 secs] [Times: user=0.02 sys=0.01, real=0.00 secs] 
150.213: [GC (Allocation Failure) [PSYoungGen: 236841K->133659K(465920K)] 952773K->849912K(1302528K), 0.0153137 secs] [Times: user=0.02 sys=0.00, real=0.02 secs] 
150.559: [GC (Allocation Failure) [PSYoungGen: 366619K->186132K(465920K)] 1082872K->903768K(1302528K), 0.0206543 secs] [Times: user=0.03 sys=0.00, real=0.02 secs] 
151.123: [GC (Allocation Failure) [PSYoungGen: 419092K->164415K(465920K)] 1136728K->882316K(1302528K), 0.0272116 secs] [Times: user=0.04 sys=0.00, real=0.03 secs] 
152.783: [GC (Allocation Failure) [PSYoungGen: 397375K->96K(465920K)] 1115276K->719314K(1302528K), 0.0024803 secs] [Times: user=0.01 sys=0.00, real=0.00 secs] 
153.331: [GC (Allocation Failure) [PSYoungGen: 233056K->159170K(465920K)] 952274K->878413K(1302528K), 0.0177753 secs] [Times: user=0.03 sys=0.00, real=0.02 secs] 
153.614: [GC (Allocation Failure) [PSYoungGen: 392130K->186068K(465920K)] 1111373K->906685K(1302528K), 0.0206125 secs] [Times: user=0.02 sys=0.00, real=0.02 secs] 
154.765: [GC (Allocation Failure) [PSYoungGen: 419028K->145143K(465920K)] 1139645K->865896K(1302528K), 0.0419832 secs] [Times: user=0.07 sys=0.01, real=0.05 secs] 
157.466: [GC (Allocation Failure) [PSYoungGen: 378103K->96K(465920K)] 1098856K->722292K(1302528K), 0.0033914 secs] [Times: user=0.02 sys=0.00, real=0.00 secs] 
157.857: [GC (Allocation Failure) [PSYoungGen: 233056K->185486K(465920K)] 955252K->907714K(1302528K), 0.0203590 secs] [Times: user=0.02 sys=0.01, real=0.02 secs] 
158.146: [GC (Allocation Failure) [PSYoungGen: 418446K->185843K(465920K)] 1140674K->909318K(1302528K), 0.0259998 secs] [Times: user=0.04 sys=0.00, real=0.03 secs] 
160.424: [GC (Allocation Failure) [PSYoungGen: 418803K->127277K(465920K)] 1142278K->851025K(1302528K), 0.0361671 secs] [Times: user=0.06 sys=0.00, real=0.04 secs] 
162.189: [GC (Allocation Failure) [PSYoungGen: 360237K->25635K(465920K)] 1083985K->749688K(1302528K), 0.0051499 secs] [Times: user=0.01 sys=0.00, real=0.00 secs] 
162.547: [GC (Allocation Failure) [PSYoungGen: 258595K->185811K(465920K)] 982648K->911110K(1302528K), 0.0206725 secs] [Times: user=0.03 sys=0.00, real=0.02 secs] 
162.838: [GC (Allocation Failure) [PSYoungGen: 418771K->185843K(465920K)] 1144070K->911415K(1302528K), 0.0205664 secs] [Times: user=0.03 sys=0.00, real=0.02 secs] 
163.464: [GC (Allocation Failure) [PSYoungGen: 418803K->84980K(465920K)] 1144375K->810945K(1302528K), 0.0129462 secs] [Times: user=0.02 sys=0.00, real=0.02 secs] 
164.266: [GC (Allocation Failure) [PSYoungGen: 317940K->52111K(465920K)] 1043905K->778253K(1302528K), 0.0070582 secs] [Times: user=0.02 sys=0.00, real=0.01 secs] 
164.605: [GC (Allocation Failure) [PSYoungGen: 285071K->185811K(465920K)] 1011213K->913336K(1302528K), 0.0205808 secs] [Times: user=0.03 sys=0.00, real=0.03 secs] 
164.946: [GC (Allocation Failure) [PSYoungGen: 418771K->184430K(465920K)] 1146296K->912107K(1302528K), 0.0202653 secs] [Times: user=0.03 sys=0.00, real=0.03 secs] 
167.351: [GC (Allocation Failure) [PSYoungGen: 417390K->60030K(465920K)] 1145067K->787973K(1302528K), 0.0123461 secs] [Times: user=0.02 sys=0.00, real=0.01 secs] 
168.970: [GC (Allocation Failure) [PSYoungGen: 292990K->76241K(465920K)] 1020933K->804484K(1302528K), 0.0094808 secs] [Times: user=0.02 sys=0.00, real=0.01 secs] 
169.245: [GC (Allocation Failure) [PSYoungGen: 309201K->186357K(465920K)] 1037444K->915838K(1302528K), 0.0206803 secs] [Times: user=0.03 sys=0.00, real=0.03 secs] 
169.535: [GC (Allocation Failure) [PSYoungGen: 419317K->184751K(465920K)] 1148798K->914505K(1302528K), 0.0205327 secs] [Times: user=0.03 sys=0.00, real=0.02 secs] 
170.386: [GC (Allocation Failure) [PSYoungGen: 417711K->34872K(465920K)] 1147465K->764890K(1302528K), 0.0060032 secs] [Times: user=0.01 sys=0.00, real=0.01 secs] 
171.043: [GC (Allocation Failure) [PSYoungGen: 267832K->101142K(465920K)] 997850K->831479K(1302528K), 0.0120927 secs] [Times: user=0.02 sys=0.00, real=0.01 secs] 
171.318: [GC (Allocation Failure) [PSYoungGen: 334102K->183819K(465920K)] 1064439K->915401K(1302528K), 0.0204668 secs] [Times: user=0.02 sys=0.00, real=0.02 secs] 
171.661: [GC (Allocation Failure) [PSYoungGen: 416779K->184333K(465920K)] 1148361K->916309K(1302528K), 0.0204082 secs] [Times: user=0.02 sys=0.00, real=0.02 secs] 
174.507: [GC (Allocation Failure) [PSYoungGen: 417293K->13087K(465920K)] 1149269K->745200K(1302528K), 0.0044206 secs] [Times: user=0.01 sys=0.00, real=0.00 secs] 
175.832: [GC (Allocation Failure) [PSYoungGen: 246047K->122895K(465920K)] 978160K->855321K(1302528K), 0.0141340 secs] [Times: user=0.02 sys=0.00, real=0.02 secs] 
176.110: [GC (Allocation Failure) [PSYoungGen: 355855K->184944K(465920K)] 1088281K->918624K(1302528K), 0.0206212 secs] [Times: user=0.02 sys=0.00, real=0.02 secs] 
176.749: [GC (Allocation Failure) [PSYoungGen: 417904K->175376K(465920K)] 1151584K->909328K(1302528K), 0.0241365 secs] [Times: user=0.03 sys=0.00, real=0.02 secs] 
178.272: [GC (Allocation Failure) [PSYoungGen: 408336K->64K(465920K)] 1142288K->735452K(1302528K), 0.0025865 secs] [Times: user=0.01 sys=0.00, real=0.00 secs] 
178.704: [GC (Allocation Failure) [PSYoungGen: 233024K->145226K(465920K)] 968412K->880631K(1302528K), 0.0164300 secs] [Times: user=0.02 sys=0.00, real=0.02 secs] 
178.986: [GC (Allocation Failure) [PSYoungGen: 378186K->184398K(465920K)] 1113591K->921040K(1302528K), 0.0204328 secs] [Times: user=0.03 sys=0.00, real=0.02 secs] 
179.446: [GC (Allocation Failure) [PSYoungGen: 417358K->160743K(465920K)] 1154000K->897650K(1302528K), 0.0196220 secs] [Times: user=0.03 sys=0.00, real=0.02 secs] 
180.521: [GC (Allocation Failure) [PSYoungGen: 393703K->128K(465920K)] 1130610K->738479K(1302528K), 0.0030538 secs] [Times: user=0.02 sys=0.00, real=0.00 secs] 
180.998: [GC (Allocation Failure) [PSYoungGen: 233088K->167781K(465920K)] 971439K->906157K(1302528K), 0.0186341 secs] [Times: user=0.03 sys=0.00, real=0.02 secs] 
181.280: [GC (Allocation Failure) [PSYoungGen: 400741K->184462K(465920K)] 1139117K->924091K(1302528K), 0.0204272 secs] [Times: user=0.02 sys=0.00, real=0.02 secs] 
182.647: [GC (Allocation Failure) [PSYoungGen: 414315K->138235K(465920K)] 1153944K->878129K(1302528K), 0.0202751 secs] [Times: user=0.03 sys=0.00, real=0.02 secs] 
184.891: [GC (Allocation Failure) [PSYoungGen: 371165K->1601K(465920K)] 1111059K->741801K(1302528K), 0.0027204 secs] [Times: user=0.02 sys=0.00, real=0.00 secs] 
185.190: [GC (Allocation Failure) [PSYoungGen: 234561K->184655K(465920K)] 974761K->926245K(1302528K), 0.0205914 secs] [Times: user=0.03 sys=0.00, real=0.02 secs] 
185.477: [GC (Allocation Failure) [PSYoungGen: 417615K->184462K(465920K)] 1159205K->926188K(1302528K), 0.0203794 secs] [Times: user=0.02 sys=0.00, real=0.02 secs] 
186.464: [GC (Allocation Failure) [PSYoungGen: 417422K->128016K(465920K)] 1159148K->870008K(1302528K), 0.0184955 secs] [Times: user=0.03 sys=0.00, real=0.02 secs] 
188.324: [GC (Allocation Failure) [PSYoungGen: 360976K->25024K(465920K)] 1102968K->767337K(1302528K), 0.0057921 secs] [Times: user=0.02 sys=0.00, real=0.01 secs] 
188.703: [GC (Allocation Failure) [PSYoungGen: 257984K->186486K(465920K)] 1000297K->930045K(1302528K), 0.0207909 secs] [Times: user=0.02 sys=0.00, real=0.02 secs] 
189.041: [GC (Allocation Failure) [PSYoungGen: 419446K->186068K(465920K)] 1163005K->929900K(1302528K), 0.0205854 secs] [Times: user=0.03 sys=0.00, real=0.02 secs] 
190.327: [GC (Allocation Failure) [PSYoungGen: 419028K->84739K(465920K)] 1162860K->828836K(1302528K), 0.0143128 secs] [Times: user=0.02 sys=0.00, real=0.01 secs] 
192.546: [GC (Allocation Failure) [PSYoungGen: 317699K->52400K(465920K)] 1061796K->796810K(1302528K), 0.0091151 secs] [Times: user=0.02 sys=0.00, real=0.01 secs] 
192.851: [GC (Allocation Failure) [PSYoungGen: 285360K->185811K(465920K)] 1029770K->931476K(1302528K), 0.0208181 secs] [Times: user=0.03 sys=0.00, real=0.02 secs] 
193.198: [GC (Allocation Failure) [PSYoungGen: 418771K->185875K(465920K)] 1164436K->931805K(1302528K), 0.0206072 secs] [Times: user=0.02 sys=0.00, real=0.02 secs] 
196.018: [GC (Allocation Failure) [PSYoungGen: 418835K->58231K(465920K)] 1164765K->804425K(1302528K), 0.0125361 secs] [Times: user=0.02 sys=0.00, real=0.01 secs] 
197.846: [GC (Allocation Failure) [PSYoungGen: 291191K->77556K(465920K)] 1037385K->824056K(1302528K), 0.0095743 secs] [Times: user=0.01 sys=0.00, real=0.00 secs] 
198.118: [GC (Allocation Failure) [PSYoungGen: 310516K->184173K(465920K)] 1057016K->931918K(1302528K), 0.0203856 secs] [Times: user=0.03 sys=0.00, real=0.02 secs] 
198.462: [GC (Allocation Failure) [PSYoungGen: 417133K->184269K(465920K)] 1164878K->932288K(1302528K), 0.0203682 secs] [Times: user=0.03 sys=0.00, real=0.02 secs] 
200.427: [GC (Allocation Failure) [PSYoungGen: 417229K->36285K(465920K)] 1165248K->784569K(1302528K), 0.0066744 secs] [Times: user=0.02 sys=0.00, real=0.00 secs] 
202.028: [GC (Allocation Failure) [PSYoungGen: 269245K->100211K(465920K)] 1017529K->848796K(1302528K), 0.0120115 secs] [Times: user=0.02 sys=0.00, real=0.01 secs] 
202.303: [GC (Allocation Failure) [PSYoungGen: 333171K->184044K(465920K)] 1081756K->933883K(1302528K), 0.0205216 secs] [Times: user=0.03 sys=0.00, real=0.02 secs] 
202.586: [GC (Allocation Failure) [PSYoungGen: 417004K->184494K(465920K)] 1166843K->934606K(1302528K), 0.0205535 secs] [Times: user=0.03 sys=0.00, real=0.02 secs] 
205.112: [GC (Allocation Failure) [PSYoungGen: 417454K->13441K(465920K)] 1167566K->763946K(1302528K), 0.0041535 secs] [Times: user=0.01 sys=0.00, real=0.01 secs] 
206.028: [GC (Allocation Failure) [PSYoungGen: 246401K->121963K(465920K)] 996906K->872656K(1302528K), 0.0139715 secs] [Times: user=0.02 sys=0.00, real=0.01 secs] 
206.306: [GC (Allocation Failure) [PSYoungGen: 354923K->184912K(465920K)] 1105616K->936850K(1302528K), 0.0206080 secs] [Times: user=0.03 sys=0.00, real=0.02 secs] 
207.108: [GC (Allocation Failure) [PSYoungGen: 417872K->177347K(465920K)] 1169810K->929551K(1302528K), 0.0241343 secs] [Times: user=0.04 sys=0.00, real=0.02 secs] 
210.653: [GC (Allocation Failure) [PSYoungGen: 410307K->96K(465920K)] 1162511K->753723K(1302528K), 0.0028577 secs] [Times: user=0.02 sys=0.00, real=0.01 secs] 
211.488: [GC (Allocation Failure) [PSYoungGen: 233056K->144937K(465920K)] 986683K->898580K(1302528K), 0.0165476 secs] [Times: user=0.03 sys=0.00, real=0.01 secs] 
211.769: [GC (Allocation Failure) [PSYoungGen: 377897K->184365K(465920K)] 1131540K->939390K(1302528K), 0.0204755 secs] [Times: user=0.02 sys=0.00, real=0.02 secs] 
212.237: [GC (Allocation Failure) [PSYoungGen: 417325K->161144K(465920K)] 1172350K->916443K(1302528K), 0.0173946 secs] [Times: user=0.03 sys=0.00, real=0.01 secs] 
213.281: [GC (Allocation Failure) [PSYoungGen: 394104K->96K(465920K)] 1149403K->756707K(1302528K), 0.0021881 secs] [Times: user=0.01 sys=0.00, real=0.00 secs] 
213.720: [GC (Allocation Failure) [PSYoungGen: 233056K->169035K(465920K)] 989667K->925670K(1302528K), 0.0189045 secs] [Times: user=0.02 sys=0.00, real=0.02 secs] 
214.059: [GC (Allocation Failure) [PSYoungGen: 401995K->186068K(465920K)] 1158630K->943958K(1302528K), 0.0213218 secs] [Times: user=0.03 sys=0.00, real=0.02 secs] 
214.709: [GC (Allocation Failure) [PSYoungGen: 419028K->143503K(465920K)] 1176918K->901657K(1302528K), 0.0182611 secs] [Times: user=0.03 sys=0.00, real=0.02 secs] 
216.149: [GC (Allocation Failure) [PSYoungGen: 376463K->9923K(465920K)] 1134617K->768399K(1302528K), 0.0028318 secs] [Times: user=0.01 sys=0.00, real=0.00 secs] 
216.418: [GC (Allocation Failure) [PSYoungGen: 242883K->185683K(465920K)] 1001359K->945525K(1302528K), 0.0205780 secs] [Times: user=0.03 sys=0.00, real=0.02 secs] 
216.704: [GC (Allocation Failure) [PSYoungGen: 418643K->185811K(465920K)] 1178485K->945926K(1302528K), 0.0205957 secs] [Times: user=0.03 sys=0.00, real=0.02 secs] 
217.359: [GC (Allocation Failure) [PSYoungGen: 418771K->117268K(465920K)] 1178886K->877520K(1302528K), 0.0147452 secs] [Times: user=0.02 sys=0.00, real=0.01 secs] 
219.737: [GC (Allocation Failure) [PSYoungGen: 350228K->36077K(465920K)] 1110480K->796635K(1302528K), 0.0082117 secs] [Times: user=0.02 sys=0.00, real=0.00 secs] 
220.135: [GC (Allocation Failure) [PSYoungGen: 269037K->185683K(465920K)] 1029595K->947622K(1302528K), 0.0207574 secs] [Times: user=0.03 sys=0.00, real=0.02 secs] 
220.474: [GC (Allocation Failure) [PSYoungGen: 418643K->185843K(465920K)] 1180582K->948048K(1302528K), 0.0209157 secs] [Times: user=0.03 sys=0.00, real=0.02 secs] 
221.274: [GC (Allocation Failure) [PSYoungGen: 418803K->74714K(465920K)] 1181008K->837055K(1302528K), 0.0111898 secs] [Times: user=0.02 sys=0.00, real=0.01 secs] 
222.096: [GC (Allocation Failure) [PSYoungGen: 307674K->62393K(465920K)] 1070015K->825039K(1302528K), 0.0097365 secs] [Times: user=0.02 sys=0.00, real=0.00 secs] 
222.434: [GC (Allocation Failure) [PSYoungGen: 295353K->185811K(465920K)] 1057999K->949704K(1302528K), 0.0204365 secs] [Times: user=0.03 sys=0.00, real=0.02 secs] 
222.719: [GC (Allocation Failure) [PSYoungGen: 418771K->185811K(465920K)] 1182664K->949977K(1302528K), 0.0206751 secs] [Times: user=0.03 sys=0.00, real=0.02 secs] 
226.043: [GC (Allocation Failure) [PSYoungGen: 418771K->48270K(465920K)] 1182937K->812709K(1302528K), 0.0126785 secs] [Times: user=0.02 sys=0.00, real=0.01 secs] 
227.708: [GC (Allocation Failure) [PSYoungGen: 281230K->87840K(465920K)] 1045669K->852588K(1302528K), 0.0105342 secs] [Times: user=0.02 sys=0.01, real=0.01 secs] 
227.984: [GC (Allocation Failure) [PSYoungGen: 320800K->186357K(465920K)] 1085548K->952351K(1302528K), 0.0209311 secs] [Times: user=0.03 sys=0.00, real=0.02 secs] 
228.331: [GC (Allocation Failure) [PSYoungGen: 419317K->184815K(465920K)] 1185311K->951082K(1302528K), 0.0205419 secs] [Times: user=0.03 sys=0.00, real=0.02 secs] 
229.479: [GC (Allocation Failure) [PSYoungGen: 417775K->23257K(465920K)] 1184042K->789796K(1302528K), 0.0052661 secs] [Times: user=0.02 sys=0.00, real=0.00 secs] 
230.164: [GC (Allocation Failure) [PSYoungGen: 256217K->114155K(465920K)] 1022756K->881001K(1302528K), 0.0151462 secs] [Times: user=0.03 sys=0.00, real=0.02 secs] 
230.449: [GC (Allocation Failure) [PSYoungGen: 347115K->185940K(465920K)] 1113961K->954031K(1302528K), 0.0218146 secs] [Times: user=0.03 sys=0.00, real=0.02 secs] 
230.838: [GC (Allocation Failure) [PSYoungGen: 418900K->182639K(465920K)] 1186991K->951011K(1302528K), 0.0226951 secs] [Times: user=0.03 sys=0.00, real=0.02 secs] 
233.488: [GC (Allocation Failure) [PSYoungGen: 415599K->64K(465920K)] 1183971K->769877K(1302528K), 0.0039281 secs] [Times: user=0.02 sys=0.00, real=0.00 secs] 
234.464: [GC (Allocation Failure) [PSYoungGen: 233024K->139121K(465920K)] 1002837K->908967K(1302528K), 0.0162947 secs] [Times: user=0.02 sys=0.00, real=0.02 secs] 
234.746: [GC (Allocation Failure) [PSYoungGen: 372081K->184237K(465920K)] 1141927K->955320K(1302528K), 0.0204231 secs] [Times: user=0.03 sys=0.00, real=0.03 secs] 
235.157: [GC (Allocation Failure) [PSYoungGen: 417197K->163089K(465920K)] 1188280K->934461K(1302528K), 0.0194779 secs] [Times: user=0.03 sys=0.00, real=0.02 secs] 
236.091: [GC (Allocation Failure) [PSYoungGen: 396049K->96K(465920K)] 1167421K->772912K(1302528K), 0.0023683 secs] [Times: user=0.01 sys=0.00, real=0.00 secs] 
236.462: [GC (Allocation Failure) [PSYoungGen: 233056K->161066K(465920K)] 1005872K->933906K(1302528K), 0.0180438 secs] [Times: user=0.03 sys=0.00, real=0.02 secs] 
236.793: [GC (GCLocker Initiated GC) [PSYoungGen: 394026K->182598K(465920K)] 1166866K->956684K(1302528K), 0.0203914 secs] [Times: user=0.03 sys=0.00, real=0.02 secs] 
238.511: [GC (Allocation Failure) [PSYoungGen: 415558K->146670K(465920K)] 1189647K->921024K(1302528K), 0.0429745 secs] [Times: user=0.07 sys=0.00, real=0.04 secs] 
240.703: [GC (Allocation Failure) [PSYoungGen: 379630K->96K(465920K)] 1153984K->775767K(1302528K), 0.0025632 secs] [Times: user=0.01 sys=0.00, real=0.00 secs] 
241.073: [GC (Allocation Failure) [PSYoungGen: 233056K->181084K(465920K)] 1008727K->956779K(1302528K), 0.0199849 secs] [Times: user=0.02 sys=0.00, real=0.02 secs] 
241.356: [GC (Allocation Failure) [PSYoungGen: 414044K->183948K(465920K)] 1189739K->960897K(1302528K), 0.0204936 secs] [Times: user=0.03 sys=0.00, real=0.02 secs] 
243.031: [GC (Allocation Failure) [PSYoungGen: 416908K->133543K(465920K)] 1193857K->910757K(1302528K), 0.0240897 secs] [Times: user=0.05 sys=0.00, real=0.02 secs] 
244.955: [GC (Allocation Failure) [PSYoungGen: 366503K->18727K(465920K)] 1143717K->796246K(1302528K), 0.0064807 secs] [Times: user=0.01 sys=0.00, real=0.01 secs] 
245.281: [GC (Allocation Failure) [PSYoungGen: 251687K->184141K(465920K)] 1029206K->962922K(1302528K), 0.0204059 secs] [Times: user=0.03 sys=0.00, real=0.02 secs] 
245.567: [GC (Allocation Failure) [PSYoungGen: 417101K->183916K(465920K)] 1195882K->962970K(1302528K), 0.0209492 secs] [Times: user=0.03 sys=0.00, real=0.02 secs] 
247.677: [GC (Allocation Failure) [PSYoungGen: 416876K->111967K(465920K)] 1195930K->891286K(1302528K), 0.0325294 secs] [Times: user=0.06 sys=0.00, real=0.03 secs] 
249.583: [GC (Allocation Failure) [PSYoungGen: 344927K->40027K(465920K)] 1124246K->819648K(1302528K), 0.0093777 secs] [Times: user=0.02 sys=0.00, real=0.01 secs] 
249.994: [GC (Allocation Failure) [PSYoungGen: 272987K->184976K(465920K)] 1052608K->965850K(1302528K), 0.0205921 secs] [Times: user=0.03 sys=0.00, real=0.02 secs] 
250.283: [GC (Allocation Failure) [PSYoungGen: 417936K->184912K(465920K)] 1198810K->966060K(1302528K), 0.0204869 secs] [Times: user=0.03 sys=0.00, real=0.02 secs] 
251.040: [GC (Allocation Failure) [PSYoungGen: 417872K->72368K(465920K)] 1199020K->853781K(1302528K), 0.0121051 secs] [Times: user=0.02 sys=0.00, real=0.01 secs] 
252.426: [GC (Allocation Failure) [PSYoungGen: 305328K->63646K(465920K)] 1086741K->845358K(1302528K), 0.0096680 secs] [Times: user=0.02 sys=0.01, real=0.00 secs] 
252.717: [GC (Allocation Failure) [PSYoungGen: 296606K->186357K(465920K)] 1078318K->969444K(1302528K), 0.0207934 secs] [Times: user=0.03 sys=0.00, real=0.02 secs] 
253.057: [GC (Allocation Failure) [PSYoungGen: 419317K->186100K(465920K)] 1202404K->969332K(1302528K), 0.0206757 secs] [Times: user=0.03 sys=0.00, real=0.02 secs] 
254.079: [GC (Allocation Failure) [PSYoungGen: 419060K->46150K(465920K)] 1202292K->829646K(1302528K), 0.0086429 secs] [Times: user=0.02 sys=0.00, real=0.01 secs] 
255.625: [GC (Allocation Failure) [PSYoungGen: 279110K->90089K(465920K)] 1062606K->873907K(1302528K), 0.0127563 secs] [Times: user=0.02 sys=0.00, real=0.02 secs] 
255.918: [GC (Allocation Failure) [PSYoungGen: 323049K->186357K(465920K)] 1106867K->971421K(1302528K), 0.0206590 secs] [Times: user=0.03 sys=0.00, real=0.02 secs] 
256.203: [GC (Allocation Failure) [PSYoungGen: 419317K->186004K(465920K)] 1204381K->971469K(1302528K), 0.0207209 secs] [Times: user=0.03 sys=0.00, real=0.02 secs] 
257.776: [GC (Allocation Failure) [PSYoungGen: 418964K->19867K(465920K)] 1204429K->805597K(1302528K), 0.0056202 secs] [Times: user=0.02 sys=0.00, real=0.00 secs] 
258.736: [GC (Allocation Failure) [PSYoungGen: 252827K->117111K(465920K)] 1038557K->903028K(1302528K), 0.0136996 secs] [Times: user=0.03 sys=0.00, real=0.01 secs] 
259.012: [GC (Allocation Failure) [PSYoungGen: 350071K->183916K(465920K)] 1135988K->971087K(1302528K), 0.0204474 secs] [Times: user=0.02 sys=0.00, real=0.02 secs] 
259.423: [GC (Allocation Failure) [PSYoungGen: 416876K->181483K(465920K)] 1204047K->968927K(1302528K), 0.0240988 secs] [Times: user=0.03 sys=0.00, real=0.03 secs] 
261.185: [GC (Allocation Failure) [PSYoungGen: 414443K->128K(465920K)] 1201887K->789027K(1302528K), 0.0027832 secs] [Times: user=0.01 sys=0.00, real=0.01 secs] 
261.655: [GC (Allocation Failure) [PSYoungGen: 233088K->137643K(465920K)] 1021987K->926567K(1302528K), 0.0156490 secs] [Times: user=0.02 sys=0.00, real=0.02 secs] 
261.933: [GC (Allocation Failure) [PSYoungGen: 370603K->183755K(465920K)] 1159527K->973924K(1302528K), 0.0204034 secs] [Times: user=0.03 sys=0.00, real=0.02 secs] 
262.569: [GC (Allocation Failure) [PSYoungGen: 416715K->164888K(465920K)] 1206884K->955331K(1302528K), 0.0204833 secs] [Times: user=0.03 sys=0.00, real=0.02 secs] 
265.230: [GC (Allocation Failure) [PSYoungGen: 397848K->96K(465920K)] 1188291K->791990K(1302528K), 0.0031836 secs] [Times: user=0.02 sys=0.00, real=0.00 secs] 
265.848: [GC (Allocation Failure) [PSYoungGen: 233056K->158239K(465920K)] 1024950K->950157K(1302528K), 0.0176969 secs] [Times: user=0.02 sys=0.00, real=0.01 secs] 
266.135: [GC (Allocation Failure) [PSYoungGen: 391199K->184462K(465920K)] 1183117K->977754K(1302528K), 0.0207063 secs] [Times: user=0.03 sys=0.00, real=0.02 secs] 
266.812: [GC (Allocation Failure) [PSYoungGen: 417422K->147778K(465920K)] 1210714K->941207K(1302528K), 0.0183317 secs] [Times: user=0.03 sys=0.00, real=0.02 secs] 
268.658: [GC (Allocation Failure) [PSYoungGen: 380738K->64K(465920K)] 1174167K->794944K(1302528K), 0.0031780 secs] [Times: user=0.01 sys=0.00, real=0.00 secs] 
269.067: [GC (Allocation Failure) [PSYoungGen: 233024K->179734K(465920K)] 1027904K->974639K(1302528K), 0.0198842 secs] [Times: user=0.03 sys=0.00, real=0.02 secs] 
269.354: [GC (Allocation Failure) [PSYoungGen: 412694K->184173K(465920K)] 1207599K->980323K(1302528K), 0.0205033 secs] [Times: user=0.03 sys=0.00, real=0.02 secs] 
270.130: [GC (Allocation Failure) [PSYoungGen: 417133K->134715K(465920K)] 1213283K->931131K(1302528K), 0.0155652 secs] [Times: user=0.03 sys=0.00, real=0.01 secs] 
271.680: [GC (Allocation Failure) [PSYoungGen: 367675K->17538K(465920K)] 1164091K->814259K(1302528K), 0.0069948 secs] [Times: user=0.02 sys=0.00, real=0.01 secs] 
272.052: [GC (Allocation Failure) [PSYoungGen: 250498K->186325K(465920K)] 1047219K->984284K(1302528K), 0.0206761 secs] [Times: user=0.03 sys=0.00, real=0.02 secs] 
272.396: [GC (Allocation Failure) [PSYoungGen: 419285K->184751K(465920K)] 1217244K->982983K(1302528K), 0.0206004 secs] [Times: user=0.02 sys=0.00, real=0.02 secs] 
273.055: [GC (Allocation Failure) [PSYoungGen: 417711K->110071K(465920K)] 1215943K->908568K(1302528K), 0.0139445 secs] [Times: user=0.03 sys=0.00, real=0.02 secs] 
274.210: [GC (Allocation Failure) [PSYoungGen: 343031K->42568K(465920K)] 1141528K->841383K(1302528K), 0.0063224 secs] [Times: user=0.01 sys=0.00, real=0.01 secs] 
274.548: [GC (Allocation Failure) [PSYoungGen: 275528K->184783K(465920K)] 1074343K->984844K(1302528K), 0.0205976 secs] [Times: user=0.03 sys=0.00, real=0.02 secs] 
274.838: [GC (Allocation Failure) [PSYoungGen: 417743K->184205K(465920K)] 1217804K->984539K(1302528K), 0.0204899 secs] [Times: user=0.03 sys=0.00, real=0.02 secs] 
275.546: [GC (Allocation Failure) [PSYoungGen: 417165K->70698K(465920K)] 1217499K->871449K(1302528K), 0.0109292 secs] [Times: user=0.02 sys=0.00, real=0.01 secs] 
276.401: [GC (Allocation Failure) [PSYoungGen: 303658K->65638K(465920K)] 1104409K->866574K(1302528K), 0.0084445 secs] [Times: user=0.01 sys=0.00, real=0.01 secs] 
276.676: [GC (Allocation Failure) [PSYoungGen: 298598K->186486K(465920K)] 1099534K->988789K(1302528K), 0.0212226 secs] [Times: user=0.03 sys=0.00, real=0.03 secs] 
276.964: [GC (Allocation Failure) [PSYoungGen: 419446K->186036K(465920K)] 1221749K->988612K(1302528K), 0.0206842 secs] [Times: user=0.03 sys=0.00, real=0.02 secs] 
279.283: [GC (Allocation Failure) [PSYoungGen: 418996K->44061K(465920K)] 1221572K->846902K(1302528K), 0.0168356 secs] [Times: user=0.03 sys=0.00, real=0.02 secs] 
281.070: [GC (Allocation Failure) [PSYoungGen: 277021K->92114K(465920K)] 1079862K->895144K(1302528K), 0.0111343 secs] [Times: user=0.02 sys=0.00, real=0.01 secs] 
281.347: [GC (Allocation Failure) [PSYoungGen: 325074K->185940K(465920K)] 1128104K->990336K(1302528K), 0.0205520 secs] [Times: user=0.03 sys=0.00, real=0.02 secs] 
281.637: [GC (Allocation Failure) [PSYoungGen: 418900K->185843K(465920K)] 1223296K->990513K(1302528K), 0.0205455 secs] [Times: user=0.03 sys=0.00, real=0.02 secs] 
282.791: [GC (Allocation Failure) [PSYoungGen: 418803K->18357K(465920K)] 1223473K->823162K(1302528K), 0.0054109 secs] [Times: user=0.01 sys=0.00, real=0.01 secs] 
283.677: [GC (Allocation Failure) [PSYoungGen: 251317K->117465K(465920K)] 1056122K->922586K(1302528K), 0.0136560 secs] [Times: user=0.02 sys=0.00, real=0.01 secs] 
283.954: [GC (Allocation Failure) [PSYoungGen: 350425K->184173K(465920K)] 1155546K->990548K(1302528K), 0.0203689 secs] [Times: user=0.03 sys=0.00, real=0.02 secs] 
284.315: [GC (Allocation Failure) [PSYoungGen: 417133K->181065K(465920K)] 1223508K->987705K(1302528K), 0.0222935 secs] [Times: user=0.03 sys=0.00, real=0.03 secs] 
285.388: [GC (Allocation Failure) [PSYoungGen: 414025K->96K(465920K)] 1220665K->808171K(1302528K), 0.0024103 secs] [Times: user=0.01 sys=0.00, real=0.00 secs] 
285.899: [GC (Allocation Failure) [PSYoungGen: 233056K->139539K(465920K)] 1041131K->947639K(1302528K), 0.0158235 secs] [Times: user=0.02 sys=0.00, real=0.01 secs] 
286.180: [GC (Allocation Failure) [PSYoungGen: 372499K->184333K(465920K)] 1180599K->993679K(1302528K), 0.0207359 secs] [Times: user=0.03 sys=0.00, real=0.02 secs] 
287.110: [GC (Allocation Failure) [PSYoungGen: 417082K->162414K(465920K)] 1226428K->972033K(1302528K), 0.0225619 secs] [Times: user=0.03 sys=0.00, real=0.02 secs] 
289.173: [GC (Allocation Failure) [PSYoungGen: 395374K->64K(465920K)] 1204993K->811118K(1302528K), 0.0033226 secs] [Times: user=0.02 sys=0.00, real=0.01 secs] 
289.839: [GC (Allocation Failure) [PSYoungGen: 233024K->160809K(465920K)] 1044078K->971879K(1302528K), 0.0182372 secs] [Times: user=0.03 sys=0.00, real=0.02 secs] 
290.121: [GC (Allocation Failure) [PSYoungGen: 393769K->184687K(465920K)] 1204839K->996995K(1302528K), 0.0204717 secs] [Times: user=0.03 sys=0.00, real=0.02 secs] 
290.862: [GC (Allocation Failure) [PSYoungGen: 417647K->144934K(465920K)] 1229955K->957507K(1302528K), 0.0186710 secs] [Times: user=0.03 sys=0.00, real=0.02 secs] 
292.826: [GC (Allocation Failure) [PSYoungGen: 377894K->96K(465920K)] 1190467K->814116K(1302528K), 0.0028232 secs] [Times: user=0.01 sys=0.00, real=0.01 secs] 
293.166: [GC (Allocation Failure) [PSYoungGen: 233056K->185357K(465920K)] 1047076K->999402K(1302528K), 0.0205188 secs] [Times: user=0.03 sys=0.00, real=0.02 secs] 
293.455: [GC (Allocation Failure) [PSYoungGen: 418317K->184783K(465920K)] 1232362K->1000057K(1302528K), 0.0210824 secs] [Times: user=0.03 sys=0.00, real=0.03 secs] 
294.433: [GC (Allocation Failure) [PSYoungGen: 417743K->128386K(465920K)] 1233017K->943925K(1302528K), 0.0174418 secs] [Times: user=0.03 sys=0.00, real=0.02 secs] 
296.346: [GC (Allocation Failure) [PSYoungGen: 361346K->23482K(465920K)] 1176885K->839327K(1302528K), 0.0055146 secs] [Times: user=0.02 sys=0.00, real=0.01 secs] 
296.635: [GC (Allocation Failure) [PSYoungGen: 256442K->186357K(465920K)] 1072287K->1003448K(1302528K), 0.0207545 secs] [Times: user=0.03 sys=0.00, real=0.02 secs] 
296.990: [GC (Allocation Failure) [PSYoungGen: 419317K->185972K(465920K)] 1236408K->1003464K(1302528K), 0.0209058 secs] [Times: user=0.03 sys=0.00, real=0.02 secs] 
298.218: [GC (Allocation Failure) [PSYoungGen: 418932K->102970K(465920K)] 1236424K->920599K(1302528K), 0.0151748 secs] [Times: user=0.03 sys=0.00, real=0.01 secs] 
299.382: [GC (Allocation Failure) [PSYoungGen: 335930K->49412K(465920K)] 1153559K->867346K(1302528K), 0.0079826 secs] [Times: user=0.02 sys=0.00, real=0.01 secs] 
299.663: [GC (Allocation Failure) [PSYoungGen: 282372K->186197K(465920K)] 1100306K->1005377K(1302528K), 0.0206929 secs] [Times: user=0.03 sys=0.00, real=0.02 secs] 
300.012: [GC (Allocation Failure) [PSYoungGen: 419157K->184623K(465920K)] 1238337K->1004076K(1302528K), 0.0205369 secs] [Times: user=0.03 sys=0.00, real=0.02 secs] 
300.819: [GC (Allocation Failure) [PSYoungGen: 417583K->61990K(465920K)] 1237036K->881708K(1302528K), 0.0103527 secs] [Times: user=0.02 sys=0.00, real=0.01 secs] 
301.581: [GC (Allocation Failure) [PSYoungGen: 294950K->74345K(465920K)] 1114668K->894377K(1302528K), 0.0093814 secs] [Times: user=0.02 sys=0.00, real=0.01 secs] 
301.857: [GC (Allocation Failure) [PSYoungGen: 307305K->186357K(465920K)] 1127337K->1007627K(1302528K), 0.0209023 secs] [Times: user=0.03 sys=0.00, real=0.02 secs] 
302.142: [GC (Allocation Failure) [PSYoungGen: 419317K->184815K(465920K)] 1240587K->1006358K(1302528K), 0.0206407 secs] [Times: user=0.03 sys=0.00, real=0.02 secs] 
303.092: [GC (Allocation Failure) [PSYoungGen: 417775K->36767K(465920K)] 1239318K->858575K(1302528K), 0.0065217 secs] [Times: user=0.02 sys=0.00, real=0.01 secs] 
304.192: [GC (Allocation Failure) [PSYoungGen: 269727K->98957K(465920K)] 1091535K->921067K(1302528K), 0.0118411 secs] [Times: user=0.02 sys=0.00, real=0.01 secs] 
304.471: [GC (Allocation Failure) [PSYoungGen: 331917K->186325K(465920K)] 1154027K->1009672K(1302528K), 0.0206262 secs] [Times: user=0.03 sys=0.00, real=0.02 secs] 
304.816: [GC (Allocation Failure) [PSYoungGen: 419285K->184847K(465920K)] 1242632K->1008467K(1302528K), 0.0204672 secs] [Times: user=0.02 sys=0.00, real=0.02 secs] 
306.621: [GC (Allocation Failure) [PSYoungGen: 417807K->12156K(465920K)] 1241427K->836177K(1302528K), 0.0044172 secs] [Times: user=0.01 sys=0.00, real=0.00 secs] 
307.565: [GC (Allocation Failure) [PSYoungGen: 245116K->123409K(465920K)] 1069137K->947623K(1302528K), 0.0144271 secs] [Times: user=0.02 sys=0.00, real=0.02 secs] 
307.903: [GC (Allocation Failure) [PSYoungGen: 356369K->184012K(465920K)] 1180583K->1009472K(1302528K), 0.0206628 secs] [Times: user=0.02 sys=0.00, real=0.02 secs] 
308.341: [GC (Allocation Failure) [PSYoungGen: 416972K->176833K(465920K)] 1242432K->1002558K(1302528K), 0.0241077 secs] [Times: user=0.03 sys=0.00, real=0.02 secs] 
309.418: [GC (Allocation Failure) [PSYoungGen: 409793K->64K(465920K)] 1235518K->827227K(1302528K), 0.0027889 secs] [Times: user=0.01 sys=0.00, real=0.00 secs] 
309.919: [GC (Allocation Failure) [PSYoungGen: 233024K->144969K(465920K)] 1060187K->972148K(1302528K), 0.0164902 secs] [Times: user=0.02 sys=0.00, real=0.01 secs] 
310.199: [GC (Allocation Failure) [PSYoungGen: 377929K->184590K(465920K)] 1205108K->1013015K(1302528K), 0.0205913 secs] [Times: user=0.02 sys=0.00, real=0.02 secs] 
311.328: [GC (Allocation Failure) [PSYoungGen: 417550K->160839K(465920K)] 1245975K->989529K(1302528K), 0.0427139 secs] [Times: user=0.06 sys=0.00, real=0.04 secs] 
312.891: [GC (Allocation Failure) [PSYoungGen: 393799K->64K(465920K)] 1222489K->830199K(1302528K), 0.0028886 secs] [Times: user=0.01 sys=0.00, real=0.00 secs] 
313.294: [GC (Allocation Failure) [PSYoungGen: 233024K->167203K(465920K)] 1063159K->997363K(1302528K), 0.0187157 secs] [Times: user=0.02 sys=0.00, real=0.02 secs] 
313.576: [GC (Allocation Failure) [PSYoungGen: 400163K->184301K(465920K)] 1230323K->1015827K(1302528K), 0.0206828 secs] [Times: user=0.03 sys=0.00, real=0.03 secs] 
314.278: [GC (Allocation Failure) [PSYoungGen: 413980K->138846K(465920K)] 1245506K->970516K(1302528K), 0.0188309 secs] [Times: user=0.03 sys=0.00, real=0.02 secs] 
315.403: [GC (Allocation Failure) [PSYoungGen: 371806K->1601K(465920K)] 1203476K->833577K(1302528K), 0.0029511 secs] [Times: user=0.02 sys=0.00, real=0.01 secs] 
315.705: [GC (Allocation Failure) [PSYoungGen: 234561K->184912K(465920K)] 1066537K->1018141K(1302528K), 0.0207099 secs] [Times: user=0.03 sys=0.00, real=0.03 secs] 
316.047: [GC (Allocation Failure) [PSYoungGen: 417872K->184173K(465920K)] 1251101K->1017675K(1302528K), 0.0207935 secs] [Times: user=0.03 sys=0.00, real=0.02 secs] 
317.092: [GC (Allocation Failure) [PSYoungGen: 417133K->127984K(465920K)] 1250635K->961760K(1302528K), 0.0231443 secs] [Times: user=0.04 sys=0.00, real=0.02 secs] 
319.085: [GC (Allocation Failure) [PSYoungGen: 360944K->23964K(465920K)] 1194720K->858045K(1302528K), 0.0069063 secs] [Times: user=0.02 sys=0.00, real=0.01 secs] 
319.416: [GC (Allocation Failure) [PSYoungGen: 256924K->183916K(465920K)] 1091005K->1019242K(1302528K), 0.0205077 secs] [Times: user=0.03 sys=0.00, real=0.03 secs] 
319.436: [Full GC (Ergonomics) [PSYoungGen: 183916K->0K(465920K)] [ParOldGen: 835326K->459531K(927744K)] 1019242K->459531K(1393664K), [Metaspace: 54755K->54747K(1099776K)], 0.0536710 secs] [Times: user=0.22 sys=0.00, real=0.05 secs] 
319.757: [GC (Allocation Failure) [PSYoungGen: 232960K->184430K(465920K)] 692491K->643961K(1393664K), 0.0200210 secs] [Times: user=0.02 sys=0.00, real=0.02 secs] 
321.458: [GC (Allocation Failure) [PSYoungGen: 417390K->106440K(465920K)] 876921K->566269K(1393664K), 0.0186561 secs] [Times: user=0.04 sys=0.00, real=0.02 secs] 
322.867: [GC (Allocation Failure) [PSYoungGen: 339400K->32929K(465920K)] 799229K->493055K(1393664K), 0.0066447 secs] [Times: user=0.02 sys=0.00, real=0.00 secs] 
323.233: [GC (Allocation Failure) [PSYoungGen: 265889K->186357K(465920K)] 726015K->647730K(1393664K), 0.0201799 secs] [Times: user=0.03 sys=0.00, real=0.02 secs] 
323.517: [GC (Allocation Failure) [PSYoungGen: 419317K->184815K(465920K)] 880690K->646460K(1393664K), 0.0202106 secs] [Times: user=0.02 sys=0.00, real=0.02 secs] 
324.787: [GC (Allocation Failure) [PSYoungGen: 412134K->94568K(465920K)] 873779K->556478K(1393664K), 0.0183197 secs] [Times: user=0.03 sys=0.00, real=0.01 secs] 
326.111: [GC (Allocation Failure) [PSYoungGen: 327528K->37716K(465920K)] 789438K->499942K(1393664K), 0.0064421 secs] [Times: user=0.01 sys=0.00, real=0.01 secs] 
326.403: [GC (Allocation Failure) [PSYoungGen: 270676K->183819K(465920K)] 732902K->647291K(1393664K), 0.0198842 secs] [Times: user=0.02 sys=0.00, real=0.02 secs] 
326.686: [GC (Allocation Failure) [PSYoungGen: 416779K->184430K(465920K)] 880251K->648303K(1393664K), 0.0200306 secs] [Times: user=0.03 sys=0.00, real=0.02 secs] 
328.356: [GC (Allocation Failure) [PSYoungGen: 408184K->92721K(465920K)] 872057K->556746K(1393664K), 0.0132051 secs] [Times: user=0.03 sys=0.00, real=0.01 secs] 
330.006: [GC (Allocation Failure) [PSYoungGen: 325681K->37588K(465920K)] 789706K->501921K(1393664K), 0.0063872 secs] [Times: user=0.01 sys=0.00, real=0.00 secs] 
330.300: [GC (Allocation Failure) [PSYoungGen: 270548K->184462K(465920K)] 734881K->650041K(1393664K), 0.0199535 secs] [Times: user=0.02 sys=0.00, real=0.02 secs] 
330.642: [GC (Allocation Failure) [PSYoungGen: 417422K->184847K(465920K)] 883001K->650700K(1393664K), 0.0201496 secs] [Times: user=0.03 sys=0.00, real=0.02 secs] 
331.304: [GC (Allocation Failure) [PSYoungGen: 407991K->91837K(465920K)] 873844K->557954K(1393664K), 0.0117389 secs] [Times: user=0.02 sys=0.00, real=0.02 secs] 
332.898: [GC (Allocation Failure) [PSYoungGen: 324797K->37588K(465920K)] 790914K->504013K(1393664K), 0.0061080 secs] [Times: user=0.01 sys=0.00, real=0.00 secs] 
333.182: [GC (Allocation Failure) [PSYoungGen: 270548K->184976K(465920K)] 736973K->652647K(1393664K), 0.0200409 secs] [Times: user=0.03 sys=0.00, real=0.02 secs] 
333.465: [GC (Allocation Failure) [PSYoungGen: 417936K->184173K(465920K)] 885607K->652117K(1393664K), 0.0198516 secs] [Times: user=0.02 sys=0.00, real=0.02 secs] 
334.264: [GC (Allocation Failure) [PSYoungGen: 407514K->91966K(465920K)] 875458K->560183K(1393664K), 0.0113801 secs] [Times: user=0.02 sys=0.00, real=0.01 secs] 
335.806: [GC (Allocation Failure) [PSYoungGen: 324926K->37716K(465920K)] 793143K->506247K(1393664K), 0.0062104 secs] [Times: user=0.01 sys=0.00, real=0.00 secs] 
336.087: [GC (Allocation Failure) [PSYoungGen: 270676K->184430K(465920K)] 739207K->654214K(1393664K), 0.0201211 secs] [Times: user=0.02 sys=0.00, real=0.02 secs] 
336.378: [GC (Allocation Failure) [PSYoungGen: 417390K->184237K(465920K)] 887174K->654295K(1393664K), 0.0201727 secs] [Times: user=0.02 sys=0.00, real=0.02 secs] 
337.060: [GC (Allocation Failure) [PSYoungGen: 409282K->92287K(465920K)] 879339K->562746K(1393664K), 0.0104161 secs] [Times: user=0.02 sys=0.00, real=0.01 secs] 
338.613: [GC (Allocation Failure) [PSYoungGen: 325247K->37459K(465920K)] 795706K->508095K(1393664K), 0.0053541 secs] [Times: user=0.01 sys=0.00, real=0.01 secs] 
338.882: [GC (Allocation Failure) [PSYoungGen: 270419K->184687K(465920K)] 741055K->656577K(1393664K), 0.0200833 secs] [Times: user=0.03 sys=0.00, real=0.02 secs] 
339.166: [GC (Allocation Failure) [PSYoungGen: 417647K->184655K(465920K)] 889537K->656818K(1393664K), 0.0199998 secs] [Times: user=0.02 sys=0.00, real=0.02 secs] 
339.846: [GC (Allocation Failure) [PSYoungGen: 407213K->91885K(465920K)] 879376K->564329K(1393664K), 0.0108166 secs] [Times: user=0.01 sys=0.00, real=0.02 secs] 
341.267: [GC (Allocation Failure) [PSYoungGen: 324845K->37588K(465920K)] 797289K->510324K(1393664K), 0.0073330 secs] [Times: user=0.02 sys=0.00, real=0.00 secs] 
341.586: [GC (Allocation Failure) [PSYoungGen: 270548K->183787K(465920K)] 743284K->657761K(1393664K), 0.0199593 secs] [Times: user=0.03 sys=0.00, real=0.02 secs] 
341.874: [GC (Allocation Failure) [PSYoungGen: 416747K->184462K(465920K)] 890721K->658708K(1393664K), 0.0202041 secs] [Times: user=0.03 sys=0.00, real=0.02 secs] 
343.068: [GC (Allocation Failure) [PSYoungGen: 409562K->92897K(465920K)] 883809K->567546K(1393664K), 0.0159735 secs] [Times: user=0.03 sys=0.00, real=0.01 secs] 
344.531: [GC (Allocation Failure) [PSYoungGen: 325857K->37684K(465920K)] 800506K->512504K(1393664K), 0.0062469 secs] [Times: user=0.01 sys=0.00, real=0.01 secs] 
344.898: [GC (Allocation Failure) [PSYoungGen: 270644K->183980K(465920K)] 745464K->660045K(1393664K), 0.0201033 secs] [Times: user=0.02 sys=0.00, real=0.02 secs] 
345.182: [GC (Allocation Failure) [PSYoungGen: 416940K->184815K(465920K)] 893005K->661170K(1393664K), 0.0202757 secs] [Times: user=0.03 sys=0.00, real=0.02 secs] 
346.591: [GC (Allocation Failure) [PSYoungGen: 410230K->92255K(465920K)] 886584K->568874K(1393664K), 0.0182837 secs] [Times: user=0.03 sys=0.00, real=0.02 secs] 
348.744: [GC (Allocation Failure) [PSYoungGen: 325215K->37427K(465920K)] 801834K->514344K(1393664K), 0.0066185 secs] [Times: user=0.02 sys=0.00, real=0.01 secs] 
349.038: [GC (Allocation Failure) [PSYoungGen: 270387K->184141K(465920K)] 747304K->662304K(1393664K), 0.0199949 secs] [Times: user=0.03 sys=0.00, real=0.02 secs] 
349.322: [GC (Allocation Failure) [PSYoungGen: 417101K->184558K(465920K)] 895264K->662994K(1393664K), 0.0201856 secs] [Times: user=0.03 sys=0.00, real=0.02 secs] 
350.937: [GC (Allocation Failure) [PSYoungGen: 408135K->92544K(465920K)] 886571K->571253K(1393664K), 0.0158611 secs] [Times: user=0.03 sys=0.00, real=0.01 secs] 
353.361: [GC (Allocation Failure) [PSYoungGen: 325504K->37684K(465920K)] 804213K->516685K(1393664K), 0.0080258 secs] [Times: user=0.02 sys=0.00, real=0.01 secs] 
353.685: [GC (Allocation Failure) [PSYoungGen: 270644K->184430K(465920K)] 749645K->664813K(1393664K), 0.0202603 secs] [Times: user=0.03 sys=0.00, real=0.02 secs] 
353.974: [GC (Allocation Failure) [PSYoungGen: 417390K->184558K(465920K)] 897773K->665086K(1393664K), 0.0202576 secs] [Times: user=0.03 sys=0.00, real=0.02 secs] 
355.098: [GC (Allocation Failure) [PSYoungGen: 407648K->91998K(465920K)] 888176K->572798K(1393664K), 0.0119550 secs] [Times: user=0.03 sys=0.00, real=0.01 secs] 
356.286: [GC (Allocation Failure) [PSYoungGen: 324958K->37716K(465920K)] 805758K->518841K(1393664K), 0.0086584 secs] [Times: user=0.02 sys=0.00, real=0.00 secs] 
356.629: [GC (Allocation Failure) [PSYoungGen: 270676K->184462K(465920K)] 751801K->666968K(1393664K), 0.0201505 secs] [Times: user=0.02 sys=0.00, real=0.02 secs] 
356.913: [GC (Allocation Failure) [PSYoungGen: 417422K->184590K(465920K)] 899928K->667241K(1393664K), 0.0202041 secs] [Times: user=0.03 sys=0.00, real=0.02 secs] 
358.405: [GC (Allocation Failure) [PSYoungGen: 407639K->92014K(465920K)] 890290K->574938K(1393664K), 0.0240940 secs] [Times: user=0.05 sys=0.00, real=0.03 secs] 
360.027: [GC (Allocation Failure) [PSYoungGen: 324974K->37813K(465920K)] 807898K->521037K(1393664K), 0.0067099 secs] [Times: user=0.02 sys=0.00, real=0.00 secs] 
360.394: [GC (Allocation Failure) [PSYoungGen: 270773K->184430K(465920K)] 753997K->668900K(1393664K), 0.0203829 secs] [Times: user=0.02 sys=0.00, real=0.02 secs] 
360.679: [GC (Allocation Failure) [PSYoungGen: 417390K->184558K(465920K)] 901860K->669301K(1393664K), 0.0202325 secs] [Times: user=0.03 sys=0.00, real=0.02 secs] 
361.443: [GC (Allocation Failure) [PSYoungGen: 407092K->91885K(465920K)] 891835K->576901K(1393664K), 0.0118589 secs] [Times: user=0.02 sys=0.00, real=0.01 secs] 
362.524: [GC (Allocation Failure) [PSYoungGen: 324845K->37845K(465920K)] 809861K->523169K(1393664K), 0.0061528 secs] [Times: user=0.01 sys=0.00, real=0.01 secs] 
362.799: [GC (Allocation Failure) [PSYoungGen: 270805K->184430K(465920K)] 756129K->670999K(1393664K), 0.0201355 secs] [Times: user=0.02 sys=0.00, real=0.02 secs] 
363.091: [GC (Allocation Failure) [PSYoungGen: 417390K->184301K(465920K)] 903959K->671152K(1393664K), 0.0199982 secs] [Times: user=0.03 sys=0.00, real=0.02 secs] 
364.026: [GC (Allocation Failure) [PSYoungGen: 409341K->92158K(465920K)] 896192K->579403K(1393664K), 0.0104760 secs] [Times: user=0.02 sys=0.00, real=0.01 secs] 
365.720: [GC (Allocation Failure) [PSYoungGen: 325118K->37748K(465920K)] 812363K->525170K(1393664K), 0.0071331 secs] [Times: user=0.01 sys=0.00, real=0.01 secs] 
366.026: [GC (Allocation Failure) [PSYoungGen: 270708K->184687K(465920K)] 758130K->673370K(1393664K), 0.0201291 secs] [Times: user=0.03 sys=0.00, real=0.03 secs] 
366.373: [GC (Allocation Failure) [PSYoungGen: 417647K->184687K(465920K)] 906330K->673651K(1393664K), 0.0211769 secs] [Times: user=0.03 sys=0.00, real=0.02 secs] 
367.252: [GC (Allocation Failure) [PSYoungGen: 407254K->91644K(465920K)] 896218K->580881K(1393664K), 0.0259168 secs] [Times: user=0.05 sys=0.00, real=0.03 secs] 
369.700: [GC (Allocation Failure) [PSYoungGen: 324604K->37845K(465920K)] 813841K->527396K(1393664K), 0.0073737 secs] [Times: user=0.01 sys=0.00, real=0.01 secs] 
370.014: [GC (Allocation Failure) [PSYoungGen: 270805K->183787K(465920K)] 760356K->674576K(1393664K), 0.0201422 secs] [Times: user=0.02 sys=0.00, real=0.02 secs] 
370.358: [GC (Allocation Failure) [PSYoungGen: 416747K->184687K(465920K)] 907536K->675756K(1393664K), 0.0202545 secs] [Times: user=0.03 sys=0.00, real=0.02 secs] 
371.720: [GC (Allocation Failure) [PSYoungGen: 410096K->92383K(465920K)] 901166K->583718K(1393664K), 0.0169533 secs] [Times: user=0.03 sys=0.00, real=0.02 secs] 
373.484: [GC (Allocation Failure) [PSYoungGen: 325343K->37845K(465920K)] 816678K->529479K(1393664K), 0.0079624 secs] [Times: user=0.02 sys=0.00, real=0.01 secs] 
373.889: [GC (Allocation Failure) [PSYoungGen: 270805K->184590K(465920K)] 762439K->677607K(1393664K), 0.0201516 secs] [Times: user=0.03 sys=0.00, real=0.02 secs] 
374.178: [GC (Allocation Failure) [PSYoungGen: 417550K->184494K(465920K)] 910567K->677655K(1393664K), 0.0200163 secs] [Times: user=0.02 sys=0.00, real=0.02 secs] 
374.817: [GC (Allocation Failure) [PSYoungGen: 404806K->91869K(465920K)] 897967K->585432K(1393664K), 0.0120743 secs] [Times: user=0.02 sys=0.00, real=0.01 secs] 
375.633: [GC (Allocation Failure) [PSYoungGen: 324829K->38005K(465920K)] 818392K->531761K(1393664K), 0.0054167 secs] [Times: user=0.01 sys=0.00, real=0.01 secs] 
375.902: [GC (Allocation Failure) [PSYoungGen: 270965K->184687K(465920K)] 764721K->679688K(1393664K), 0.0201246 secs] [Times: user=0.02 sys=0.00, real=0.02 secs] 
376.186: [GC (Allocation Failure) [PSYoungGen: 417647K->184430K(465920K)] 912648K->679712K(1393664K), 0.0200442 secs] [Times: user=0.03 sys=0.00, real=0.02 secs] 
377.382: [GC (Allocation Failure) [PSYoungGen: 406899K->91580K(465920K)] 902182K->587128K(1393664K), 0.0205789 secs] [Times: user=0.04 sys=0.00, real=0.02 secs] 
378.489: [GC (Allocation Failure) [PSYoungGen: 324540K->38102K(465920K)] 820088K->533947K(1393664K), 0.0071585 secs] [Times: user=0.01 sys=0.00, real=0.01 secs] 
378.883: [GC (Allocation Failure) [PSYoungGen: 271062K->184719K(465920K)] 766907K->681946K(1393664K), 0.0203401 secs] [Times: user=0.03 sys=0.00, real=0.02 secs] 
379.167: [GC (Allocation Failure) [PSYoungGen: 417679K->184655K(465920K)] 914906K->682027K(1393664K), 0.0203587 secs] [Times: user=0.03 sys=0.00, real=0.02 secs] 
379.851: [GC (Allocation Failure) [PSYoungGen: 407070K->91226K(465920K)] 904442K->588879K(1393664K), 0.0131952 secs] [Times: user=0.03 sys=0.00, real=0.01 secs] 
381.467: [GC (Allocation Failure) [PSYoungGen: 324186K->37813K(465920K)] 821839K->535779K(1393664K), 0.0063869 secs] [Times: user=0.01 sys=0.00, real=0.00 secs] 
381.828: [GC (Allocation Failure) [PSYoungGen: 270773K->184687K(465920K)] 768739K->683899K(1393664K), 0.0201027 secs] [Times: user=0.03 sys=0.00, real=0.02 secs] 
382.168: [GC (Allocation Failure) [PSYoungGen: 417647K->184687K(465920K)] 916859K->684172K(1393664K), 0.0201399 secs] [Times: user=0.03 sys=0.00, real=0.02 secs] 
382.841: [GC (Allocation Failure) [PSYoungGen: 407234K->91484K(465920K)] 906719K->591234K(1393664K), 0.0120193 secs] [Times: user=0.02 sys=0.00, real=0.01 secs] 
383.729: [GC (Allocation Failure) [PSYoungGen: 324444K->38005K(465920K)] 824194K->538063K(1393664K), 0.0053132 secs] [Times: user=0.01 sys=0.00, real=0.00 secs] 
383.999: [GC (Allocation Failure) [PSYoungGen: 270965K->183916K(465920K)] 771023K->685227K(1393664K), 0.0200544 secs] [Times: user=0.02 sys=0.00, real=0.02 secs] 
384.283: [GC (Allocation Failure) [PSYoungGen: 416876K->184398K(465920K)] 918187K->685982K(1393664K), 0.0201861 secs] [Times: user=0.03 sys=0.00, real=0.02 secs] 
386.137: [GC (Allocation Failure) [PSYoungGen: 409625K->92399K(465920K)] 911210K->594257K(1393664K), 0.0195963 secs] [Times: user=0.03 sys=0.00, real=0.02 secs] 
387.665: [GC (Allocation Failure) [PSYoungGen: 325359K->38005K(465920K)] 827217K->540171K(1393664K), 0.0062965 secs] [Times: user=0.02 sys=0.00, real=0.01 secs] 
388.032: [GC (Allocation Failure) [PSYoungGen: 270965K->184687K(465920K)] 773131K->688098K(1393664K), 0.0203696 secs] [Times: user=0.03 sys=0.00, real=0.02 secs] 
388.315: [GC (Allocation Failure) [PSYoungGen: 417647K->184687K(465920K)] 921058K->688371K(1393664K), 0.0201408 secs] [Times: user=0.03 sys=0.00, real=0.02 secs] 
389.339: [GC (Allocation Failure) [PSYoungGen: 407254K->91419K(465920K)] 910938K->595376K(1393664K), 0.0153023 secs] [Times: user=0.03 sys=0.00, real=0.01 secs] 
390.906: [GC (Allocation Failure) [PSYoungGen: 324379K->37973K(465920K)] 828336K->542238K(1393664K), 0.0062421 secs] [Times: user=0.02 sys=0.00, real=0.01 secs] 
391.192: [GC (Allocation Failure) [PSYoungGen: 270933K->184687K(465920K)] 775198K->690198K(1393664K), 0.0200768 secs] [Times: user=0.03 sys=0.00, real=0.02 secs] 
391.479: [GC (Allocation Failure) [PSYoungGen: 417647K->184719K(465920K)] 923158K->690511K(1393664K), 0.0200838 secs] [Times: user=0.03 sys=0.00, real=0.02 secs] 
392.569: [GC (Allocation Failure) [PSYoungGen: 407264K->91323K(465920K)] 913056K->597380K(1393664K), 0.0181129 secs] [Times: user=0.04 sys=0.00, real=0.02 secs] 
393.520: [GC (Allocation Failure) [PSYoungGen: 324283K->37973K(465920K)] 830340K->544336K(1393664K), 0.0079411 secs] [Times: user=0.02 sys=0.00, real=0.01 secs] 
393.886: [GC (Allocation Failure) [PSYoungGen: 270933K->183787K(465920K)] 777296K->691395K(1393664K), 0.0200848 secs] [Times: user=0.02 sys=0.00, real=0.02 secs] 
394.228: [GC (Allocation Failure) [PSYoungGen: 416747K->184687K(465920K)] 924355K->692568K(1393664K), 0.0202236 secs] [Times: user=0.02 sys=0.00, real=0.02 secs] 
395.135: [GC (Allocation Failure) [PSYoungGen: 410132K->92255K(465920K)] 918014K->600409K(1393664K), 0.0120422 secs] [Times: user=0.02 sys=0.00, real=0.02 secs] 
396.090: [GC (Allocation Failure) [PSYoungGen: 325215K->37973K(465920K)] 833369K->546435K(1393664K), 0.0068015 secs] [Times: user=0.01 sys=0.00, real=0.01 secs] 
396.447: [GC (Allocation Failure) [PSYoungGen: 270933K->184687K(465920K)] 779395K->694394K(1393664K), 0.0207316 secs] [Times: user=0.02 sys=0.00, real=0.02 secs] 
396.738: [GC (Allocation Failure) [PSYoungGen: 417647K->184398K(465920K)] 927354K->694378K(1393664K), 0.0204066 secs] [Times: user=0.02 sys=0.00, real=0.02 secs] 
397.483: [GC (Allocation Failure) [PSYoungGen: 406846K->91612K(465920K)] 916827K->601858K(1393664K), 0.0117877 secs] [Times: user=0.02 sys=0.00, real=0.01 secs] 
398.397: [GC (Allocation Failure) [PSYoungGen: 324572K->37973K(465920K)] 834818K->548529K(1393664K), 0.0062677 secs] [Times: user=0.01 sys=0.00, real=0.00 secs] 
398.675: [GC (Allocation Failure) [PSYoungGen: 270933K->184687K(465920K)] 781489K->696488K(1393664K), 0.0201538 secs] [Times: user=0.03 sys=0.00, real=0.02 secs] 
399.012: [GC (Allocation Failure) [PSYoungGen: 417647K->184430K(465920K)] 929448K->696504K(1393664K), 0.0200573 secs] [Times: user=0.03 sys=0.00, real=0.02 secs] 
400.095: [GC (Allocation Failure) [PSYoungGen: 406890K->91628K(465920K)] 918964K->603976K(1393664K), 0.0121057 secs] [Times: user=0.02 sys=0.00, real=0.02 secs] 
400.903: [GC (Allocation Failure) [PSYoungGen: 324588K->37973K(465920K)] 836936K->550613K(1393664K), 0.0054228 secs] [Times: user=0.02 sys=0.00, real=0.01 secs] 
401.172: [GC (Allocation Failure) [PSYoungGen: 270933K->184687K(465920K)] 783573K->698572K(1393664K), 0.0202564 secs] [Times: user=0.03 sys=0.00, real=0.02 secs] 
401.458: [GC (Allocation Failure) [PSYoungGen: 417647K->184655K(465920K)] 931532K->698813K(1393664K), 0.0205512 secs] [Times: user=0.02 sys=0.00, real=0.02 secs] 
403.285: [GC (Allocation Failure) [PSYoungGen: 407179K->91355K(465920K)] 921338K->605786K(1393664K), 0.0182765 secs] [Times: user=0.04 sys=0.00, real=0.02 secs] 
404.930: [GC (Allocation Failure) [PSYoungGen: 324315K->37813K(465920K)] 838746K->552544K(1393664K), 0.0063061 secs] [Times: user=0.01 sys=0.00, real=0.01 secs] 
405.214: [GC (Allocation Failure) [PSYoungGen: 270773K->183787K(465920K)] 785504K->699772K(1393664K), 0.0200919 secs] [Times: user=0.02 sys=0.00, real=0.02 secs] 
405.498: [GC (Allocation Failure) [PSYoungGen: 416747K->184687K(465920K)] 932732K->700953K(1393664K), 0.0200758 secs] [Times: user=0.03 sys=0.00, real=0.02 secs] 
406.172: [GC (Allocation Failure) [PSYoungGen: 410108K->92399K(465920K)] 926374K->608938K(1393664K), 0.0098507 secs] [Times: user=0.01 sys=0.00, real=0.01 secs] 
407.133: [GC (Allocation Failure) [PSYoungGen: 325359K->37813K(465920K)] 841898K->554674K(1393664K), 0.0066637 secs] [Times: user=0.01 sys=0.00, real=0.01 secs] 
407.492: [GC (Allocation Failure) [PSYoungGen: 270773K->184173K(465920K)] 787634K->702279K(1393664K), 0.0200056 secs] [Times: user=0.03 sys=0.00, real=0.02 secs] 
407.775: [GC (Allocation Failure) [PSYoungGen: 417133K->184590K(465920K)] 935239K->703098K(1393664K), 0.0202371 secs] [Times: user=0.02 sys=0.00, real=0.02 secs] 
408.892: [GC (Allocation Failure) [PSYoungGen: 409751K->92190K(465920K)] 928259K->610843K(1393664K), 0.0193659 secs] [Times: user=0.04 sys=0.00, real=0.02 secs] 
409.983: [GC (Allocation Failure) [PSYoungGen: 325150K->38034K(465920K)] 843803K->557009K(1393664K), 0.0053445 secs] [Times: user=0.01 sys=0.00, real=0.01 secs] 
410.310: [GC (Allocation Failure) [PSYoungGen: 270994K->184687K(465920K)] 789969K->704915K(1393664K), 0.0202678 secs] [Times: user=0.03 sys=0.00, real=0.02 secs] 
410.593: [GC (Allocation Failure) [PSYoungGen: 417647K->184398K(465920K)] 937875K->704907K(1393664K), 0.0201139 secs] [Times: user=0.03 sys=0.00, real=0.02 secs] 
412.421: [GC (Allocation Failure) [PSYoungGen: 406866K->91660K(465920K)] 927375K->612434K(1393664K), 0.0184856 secs] [Times: user=0.04 sys=0.00, real=0.02 secs] 
413.774: [GC (Allocation Failure) [PSYoungGen: 324620K->37684K(465920K)] 845394K->558758K(1393664K), 0.0080384 secs] [Times: user=0.01 sys=0.00, real=0.01 secs] 
414.123: [GC (Allocation Failure) [PSYoungGen: 270644K->183723K(465920K)] 791718K->706035K(1393664K), 0.0205366 secs] [Times: user=0.03 sys=0.00, real=0.02 secs] 
414.418: [GC (Allocation Failure) [PSYoungGen: 416683K->184462K(465920K)] 938995K->707046K(1393664K), 0.0201571 secs] [Times: user=0.03 sys=0.00, real=0.02 secs] 
415.823: [GC (Allocation Failure) [PSYoungGen: 409728K->92833K(465920K)] 932313K->615691K(1393664K), 0.0191241 secs] [Times: user=0.04 sys=0.00, real=0.02 secs] 
417.853: [GC (Allocation Failure) [PSYoungGen: 325793K->37716K(465920K)] 848651K->560890K(1393664K), 0.0072986 secs] [Times: user=0.02 sys=0.00, real=0.01 secs] 
418.235: [GC (Allocation Failure) [PSYoungGen: 270676K->184719K(465920K)] 793850K->709146K(1393664K), 0.0203838 secs] [Times: user=0.03 sys=0.01, real=0.02 secs] 
418.520: [GC (Allocation Failure) [PSYoungGen: 417679K->184687K(465920K)] 942106K->709515K(1393664K), 0.0201595 secs] [Times: user=0.02 sys=0.00, real=0.02 secs] 
420.011: [GC (Allocation Failure) [PSYoungGen: 407374K->91612K(465920K)] 932202K->616706K(1393664K), 0.0237195 secs] [Times: user=0.04 sys=0.00, real=0.02 secs] 
421.185: [GC (Allocation Failure) [PSYoungGen: 324572K->37941K(465920K)] 849666K->563220K(1393664K), 0.0073264 secs] [Times: user=0.01 sys=0.00, real=0.01 secs] 
421.499: [GC (Allocation Failure) [PSYoungGen: 270901K->183658K(465920K)] 796180K->710175K(1393664K), 0.0205112 secs] [Times: user=0.03 sys=0.00, real=0.02 secs] 
421.838: [GC (Allocation Failure) [PSYoungGen: 416618K->184590K(465920K)] 943135K->711388K(1393664K), 0.0203633 secs] [Times: user=0.02 sys=0.00, real=0.02 secs] 
424.658: [GC (Allocation Failure) [PSYoungGen: 408432K->92512K(465920K)] 935230K->619574K(1393664K), 0.0122567 secs] [Times: user=0.03 sys=0.00, real=0.01 secs] 
425.803: [GC (Allocation Failure) [PSYoungGen: 325472K->37716K(465920K)] 852534K->565086K(1393664K), 0.0074908 secs] [Times: user=0.01 sys=0.00, real=0.01 secs] 
426.191: [GC (Allocation Failure) [PSYoungGen: 270676K->184687K(465920K)] 798046K->713311K(1393664K), 0.0203307 secs] [Times: user=0.02 sys=0.00, real=0.02 secs] 
426.563: [GC (Allocation Failure) [PSYoungGen: 417647K->184815K(465920K)] 946271K->713712K(1393664K), 0.0207865 secs] [Times: user=0.03 sys=0.00, real=0.02 secs] 
428.087: [GC (Allocation Failure) [PSYoungGen: 407892K->91516K(465920K)] 936789K->620814K(1393664K), 0.0185340 secs] [Times: user=0.04 sys=0.00, real=0.01 secs] 
429.800: [GC (Allocation Failure) [PSYoungGen: 324476K->37716K(465920K)] 853774K->567200K(1393664K), 0.0072895 secs] [Times: user=0.02 sys=0.00, real=0.01 secs] 
430.106: [GC (Allocation Failure) [PSYoungGen: 270676K->184430K(465920K)] 800160K->715288K(1393664K), 0.0202605 secs] [Times: user=0.03 sys=0.00, real=0.02 secs] 
430.395: [GC (Allocation Failure) [PSYoungGen: 417390K->184333K(465920K)] 948248K->715336K(1393664K), 0.0201946 secs] [Times: user=0.03 sys=0.00, real=0.02 secs] 
431.136: [GC (Allocation Failure) [PSYoungGen: 409446K->92255K(465920K)] 940449K->623522K(1393664K), 0.0113151 secs] [Times: user=0.02 sys=0.00, real=0.02 secs] 
432.102: [GC (Allocation Failure) [PSYoungGen: 325215K->37973K(465920K)] 856482K->569554K(1393664K), 0.0053392 secs] [Times: user=0.01 sys=0.01, real=0.01 secs] 
432.437: [GC (Allocation Failure) [PSYoungGen: 270933K->184815K(465920K)] 802514K->717650K(1393664K), 0.0202297 secs] [Times: user=0.02 sys=0.00, real=0.02 secs] 
432.780: [GC (Allocation Failure) [PSYoungGen: 417775K->184687K(465920K)] 950610K->717923K(1393664K), 0.0202615 secs] [Times: user=0.03 sys=0.00, real=0.02 secs] 
433.976: [GC (Allocation Failure) [PSYoungGen: 407106K->91226K(465920K)] 940342K->624607K(1393664K), 0.0121980 secs] [Times: user=0.02 sys=0.00, real=0.02 secs] 
434.823: [GC (Allocation Failure) [PSYoungGen: 324186K->36045K(465920K)] 857567K->569742K(1393664K), 0.0053040 secs] [Times: user=0.01 sys=0.00, real=0.01 secs] 
435.092: [GC (Allocation Failure) [PSYoungGen: 269005K->183916K(465920K)] 802702K->718858K(1393664K), 0.0201708 secs] [Times: user=0.03 sys=0.00, real=0.02 secs] 
435.430: [GC (Allocation Failure) [PSYoungGen: 416876K->183787K(465920K)] 951818K->719011K(1393664K), 0.0201350 secs] [Times: user=0.03 sys=0.00, real=0.02 secs] 
436.203: [GC (Allocation Failure) [PSYoungGen: 410912K->94954K(465920K)] 946135K->630579K(1393664K), 0.0120242 secs] [Times: user=0.02 sys=0.00, real=0.01 secs] 
437.570: [GC (Allocation Failure) [PSYoungGen: 327914K->37845K(465920K)] 863539K->573655K(1393664K), 0.0063102 secs] [Times: user=0.01 sys=0.00, real=0.01 secs] 
437.857: [GC (Allocation Failure) [PSYoungGen: 270805K->184944K(465920K)] 806615K->721992K(1393664K), 0.0202119 secs] [Times: user=0.02 sys=0.00, real=0.02 secs] 
438.142: [GC (Allocation Failure) [PSYoungGen: 417904K->184494K(465920K)] 954952K->721815K(1393664K), 0.0201907 secs] [Times: user=0.03 sys=0.00, real=0.02 secs] 
439.341: [GC (Allocation Failure) [PSYoungGen: 406775K->91355K(465920K)] 944096K->628949K(1393664K), 0.0120113 secs] [Times: user=0.02 sys=0.00, real=0.01 secs] 
441.100: [GC (Allocation Failure) [PSYoungGen: 324315K->37556K(465920K)] 861909K->575466K(1393664K), 0.0073611 secs] [Times: user=0.02 sys=0.00, real=0.01 secs] 
441.475: [GC (Allocation Failure) [PSYoungGen: 270516K->184815K(465920K)] 808426K->723971K(1393664K), 0.0205051 secs] [Times: user=0.03 sys=0.00, real=0.02 secs] 
441.762: [GC (Allocation Failure) [PSYoungGen: 417775K->184012K(465920K)] 956931K->723577K(1393664K), 0.0205634 secs] [Times: user=0.03 sys=0.00, real=0.02 secs] 
442.738: [GC (Allocation Failure) [PSYoungGen: 407907K->92287K(465920K)] 947473K->631997K(1393664K), 0.0121160 secs] [Times: user=0.02 sys=0.00, real=0.01 secs] 
443.872: [GC (Allocation Failure) [PSYoungGen: 325247K->37845K(465920K)] 864957K->577871K(1393664K), 0.0064464 secs] [Times: user=0.02 sys=0.00, real=0.01 secs] 
444.156: [GC (Allocation Failure) [PSYoungGen: 270805K->184462K(465920K)] 810831K->725870K(1393664K), 0.0205078 secs] [Times: user=0.03 sys=0.00, real=0.02 secs] 
444.441: [GC (Allocation Failure) [PSYoungGen: 417422K->184558K(465920K)] 958830K->726111K(1393664K), 0.0202571 secs] [Times: user=0.03 sys=0.00, real=0.02 secs] 
445.505: [GC (Allocation Failure) [PSYoungGen: 408297K->91869K(465920K)] 949849K->633695K(1393664K), 0.0121578 secs] [Times: user=0.03 sys=0.00, real=0.02 secs] 
446.595: [GC (Allocation Failure) [PSYoungGen: 324829K->37845K(465920K)] 866655K->579986K(1393664K), 0.0062579 secs] [Times: user=0.01 sys=0.00, real=0.01 secs] 
446.954: [GC (Allocation Failure) [PSYoungGen: 270805K->184687K(465920K)] 812946K->728066K(1393664K), 0.0202992 secs] [Times: user=0.03 sys=0.00, real=0.02 secs] 
447.240: [GC (Allocation Failure) [PSYoungGen: 417647K->184687K(465920K)] 961026K->728339K(1393664K), 0.0202620 secs] [Times: user=0.02 sys=0.00, real=0.02 secs] 
448.501: [GC (Allocation Failure) [PSYoungGen: 407248K->91516K(465920K)] 950900K->635441K(1393664K), 0.0155734 secs] [Times: user=0.04 sys=0.00, real=0.02 secs] 
450.122: [GC (Allocation Failure) [PSYoungGen: 324476K->37556K(465920K)] 868401K->581787K(1393664K), 0.0068130 secs] [Times: user=0.02 sys=0.01, real=0.01 secs] 
450.417: [GC (Allocation Failure) [PSYoungGen: 270516K->183787K(465920K)] 814747K->729272K(1393664K), 0.0201448 secs] [Times: user=0.02 sys=0.00, real=0.02 secs] 
450.701: [GC (Allocation Failure) [PSYoungGen: 416747K->184687K(465920K)] 962232K->730445K(1393664K), 0.0202206 secs] [Times: user=0.03 sys=0.01, real=0.02 secs] 
452.142: [GC (Allocation Failure) [PSYoungGen: 410096K->92672K(465920K)] 955854K->638703K(1393664K), 0.0144793 secs] [Times: user=0.03 sys=0.00, real=0.02 secs] 
453.798: [GC (Allocation Failure) [PSYoungGen: 325632K->37556K(465920K)] 871663K->583908K(1393664K), 0.0065577 secs] [Times: user=0.01 sys=0.00, real=0.00 secs] 
454.088: [GC (Allocation Failure) [PSYoungGen: 270516K->184044K(465920K)] 816868K->731642K(1393664K), 0.0201286 secs] [Times: user=0.02 sys=0.00, real=0.02 secs] 
454.377: [GC (Allocation Failure) [PSYoungGen: 417004K->184398K(465920K)] 964602K->732397K(1393664K), 0.0202208 secs] [Times: user=0.02 sys=0.00, real=0.02 secs] 
455.835: [GC (Allocation Failure) [PSYoungGen: 408922K->92672K(465920K)] 956922K->640809K(1393664K), 0.0186452 secs] [Times: user=0.03 sys=0.01, real=0.02 secs] 
457.760: [GC (Allocation Failure) [PSYoungGen: 325632K->37331K(465920K)] 873769K->585783K(1393664K), 0.0058661 secs] [Times: user=0.01 sys=0.00, real=0.00 secs] 
458.035: [GC (Allocation Failure) [PSYoungGen: 270291K->184783K(465920K)] 818743K->734465K(1393664K), 0.0211546 secs] [Times: user=0.02 sys=0.00, real=0.02 secs] 
458.323: [GC (Allocation Failure) [PSYoungGen: 417743K->183658K(465920K)] 967425K->733613K(1393664K), 0.0203171 secs] [Times: user=0.03 sys=0.00, real=0.02 secs] 
459.340: [GC (Allocation Failure) [PSYoungGen: 409129K->92913K(465920K)] 959084K->643141K(1393664K), 0.0265394 secs] [Times: user=0.06 sys=0.00, real=0.03 secs] 
461.198: [GC (Allocation Failure) [PSYoungGen: 325873K->37813K(465920K)] 876101K->588346K(1393664K), 0.0088366 secs] [Times: user=0.02 sys=0.00, real=0.01 secs] 
461.535: [GC (Allocation Failure) [PSYoungGen: 270773K->184430K(465920K)] 821306K->736329K(1393664K), 0.0205613 secs] [Times: user=0.02 sys=0.00, real=0.02 secs] 
461.880: [GC (GCLocker Initiated GC) [PSYoungGen: 417390K->184012K(465920K)] 969289K->736056K(1393664K), 0.0201835 secs] [Times: user=0.03 sys=0.00, real=0.02 secs] 
463.170: [GC (Allocation Failure) [PSYoungGen: 416972K->75967K(465920K)] 985403K->644663K(1393664K), 0.0115825 secs] [Times: user=0.02 sys=0.00, real=0.01 secs] 
464.720: [GC (Allocation Failure) [PSYoungGen: 308927K->59951K(465920K)] 877623K->628856K(1393664K), 0.0076338 secs] [Times: user=0.01 sys=0.00, real=0.01 secs] 
464.990: [GC (Allocation Failure) [PSYoungGen: 292911K->183755K(465920K)] 861816K->753906K(1393664K), 0.0202320 secs] [Times: user=0.02 sys=0.00, real=0.02 secs] 
465.274: [GC (Allocation Failure) [PSYoungGen: 416715K->184783K(465920K)] 986866K->755207K(1393664K), 0.0202490 secs] [Times: user=0.02 sys=0.00, real=0.02 secs] 
466.013: [GC (Allocation Failure) [PSYoungGen: 417743K->53733K(465920K)] 988167K->624422K(1393664K), 0.0070002 secs] [Times: user=0.02 sys=0.00, real=0.01 secs] 
467.001: [GC (Allocation Failure) [PSYoungGen: 286693K->82185K(465920K)] 857382K->653184K(1393664K), 0.0099792 secs] [Times: user=0.01 sys=0.00, real=0.01 secs] 
467.277: [GC (Allocation Failure) [PSYoungGen: 315145K->186486K(465920K)] 886144K->758722K(1393664K), 0.0206240 secs] [Times: user=0.03 sys=0.00, real=0.02 secs] 
467.564: [GC (Allocation Failure) [PSYoungGen: 419446K->186100K(465920K)] 991682K->758610K(1393664K), 0.0205785 secs] [Times: user=0.03 sys=0.00, real=0.02 secs] 
468.851: [GC (Allocation Failure) [PSYoungGen: 419060K->27514K(465920K)] 991570K->600288K(1393664K), 0.0054552 secs] [Times: user=0.01 sys=0.00, real=0.01 secs] 
469.948: [GC (Allocation Failure) [PSYoungGen: 260474K->109271K(465920K)] 833248K->682351K(1393664K), 0.0126902 secs] [Times: user=0.01 sys=0.00, real=0.01 secs] 
470.226: [GC (Allocation Failure) [PSYoungGen: 342231K->185940K(465920K)] 915311K->760258K(1393664K), 0.0203757 secs] [Times: user=0.03 sys=0.00, real=0.03 secs] 
470.517: [GC (Allocation Failure) [PSYoungGen: 418900K->185715K(465920K)] 993218K->760306K(1393664K), 0.0203852 secs] [Times: user=0.03 sys=0.00, real=0.02 secs] 
472.074: [GC (Allocation Failure) [PSYoungGen: 418675K->1376K(465920K)] 993266K->576127K(1393664K), 0.0023645 secs] [Times: user=0.01 sys=0.00, real=0.01 secs] 
472.772: [GC (Allocation Failure) [PSYoungGen: 234336K->134558K(465920K)] 809087K->709489K(1393664K), 0.0151299 secs] [Times: user=0.02 sys=0.00, real=0.02 secs] 
473.050: [GC (Allocation Failure) [PSYoungGen: 367518K->184141K(465920K)] 942449K->760309K(1393664K), 0.0203670 secs] [Times: user=0.03 sys=0.00, real=0.02 secs] 
473.948: [GC (Allocation Failure) [PSYoungGen: 417101K->165507K(465920K)] 993269K->741941K(1393664K), 0.0387607 secs] [Times: user=0.05 sys=0.00, real=0.04 secs] 
476.353: [GC (Allocation Failure) [PSYoungGen: 398467K->64K(465920K)] 974901K->577943K(1393664K), 0.0053910 secs] [Times: user=0.02 sys=0.00, real=0.01 secs] 
477.324: [GC (Allocation Failure) [PSYoungGen: 233024K->155861K(465920K)] 810903K->733765K(1393664K), 0.0174186 secs] [Times: user=0.02 sys=0.00, real=0.02 secs] 
477.662: [GC (Allocation Failure) [PSYoungGen: 388821K->184430K(465920K)] 966725K->763571K(1393664K), 0.0203738 secs] [Times: user=0.03 sys=0.00, real=0.02 secs] 
478.747: [GC (Allocation Failure) [PSYoungGen: 417390K->150059K(465920K)] 996531K->729465K(1393664K), 0.0268679 secs] [Times: user=0.04 sys=0.00, real=0.02 secs] 
481.087: [GC (Allocation Failure) [PSYoungGen: 383019K->64K(465920K)] 962425K->580905K(1393664K), 0.0034129 secs] [Times: user=0.01 sys=0.00, real=0.00 secs] 
481.545: [GC (Allocation Failure) [PSYoungGen: 233024K->178031K(465920K)] 813865K->758905K(1393664K), 0.0194522 secs] [Times: user=0.03 sys=0.00, real=0.02 secs] 
481.836: [GC (Allocation Failure) [PSYoungGen: 410991K->184398K(465920K)] 991865K->766517K(1393664K), 0.0203009 secs] [Times: user=0.03 sys=0.00, real=0.03 secs] 
482.954: [GC (Allocation Failure) [PSYoungGen: 417358K->136129K(465920K)] 999477K->718514K(1393664K), 0.0188564 secs] [Times: user=0.03 sys=0.00, real=0.02 secs] 
484.627: [GC (Allocation Failure) [PSYoungGen: 369089K->15739K(465920K)] 951474K->598431K(1393664K), 0.0055618 secs] [Times: user=0.02 sys=0.00, real=0.00 secs] 
485.021: [GC (Allocation Failure) [PSYoungGen: 248699K->184430K(465920K)] 831391K->768368K(1393664K), 0.0204625 secs] [Times: user=0.02 sys=0.00, real=0.02 secs] 
485.304: [GC (Allocation Failure) [PSYoungGen: 417390K->183884K(465920K)] 1001328K->768095K(1393664K), 0.0202250 secs] [Times: user=0.03 sys=0.00, real=0.02 secs] 
486.008: [GC (Allocation Failure) [PSYoungGen: 416844K->114666K(465920K)] 1001055K->699142K(1393664K), 0.0162787 secs] [Times: user=0.03 sys=0.01, real=0.01 secs] 
487.119: [GC (Allocation Failure) [PSYoungGen: 347626K->38230K(465920K)] 932102K->623028K(1393664K), 0.0064366 secs] [Times: user=0.01 sys=0.00, real=0.00 secs] 
487.404: [GC (Allocation Failure) [PSYoungGen: 271190K->186197K(465920K)] 855988K->772361K(1393664K), 0.0205698 secs] [Times: user=0.03 sys=0.00, real=0.02 secs] 
487.689: [GC (Allocation Failure) [PSYoungGen: 419157K->184815K(465920K)] 1005321K->771124K(1393664K), 0.0203039 secs] [Times: user=0.03 sys=0.00, real=0.02 secs] 
488.769: [GC (Allocation Failure) [PSYoungGen: 417775K->73011K(465920K)] 1004084K->659713K(1393664K), 0.0119876 secs] [Times: user=0.02 sys=0.00, real=0.01 secs] 
489.738: [GC (Allocation Failure) [PSYoungGen: 305971K->63646K(465920K)] 892673K->650517K(1393664K), 0.0082714 secs] [Times: user=0.01 sys=0.00, real=0.01 secs] 
490.074: [GC (Allocation Failure) [PSYoungGen: 296606K->186325K(465920K)] 883477K->774435K(1393664K), 0.0207019 secs] [Times: user=0.03 sys=0.00, real=0.02 secs] 
490.420: [GC (Allocation Failure) [PSYoungGen: 419285K->186004K(465920K)] 1007395K->774507K(1393664K), 0.0205321 secs] [Times: user=0.02 sys=0.00, real=0.02 secs] 
491.196: [GC (Allocation Failure) [PSYoungGen: 418964K->46278K(465920K)] 1007467K->634917K(1393664K), 0.0077361 secs] [Times: user=0.01 sys=0.00, real=0.00 secs] 
491.925: [GC (Allocation Failure) [PSYoungGen: 279238K->90539K(465920K)] 867877K->679476K(1393664K), 0.0108637 secs] [Times: user=0.02 sys=0.00, real=0.02 secs] 
492.203: [GC (Allocation Failure) [PSYoungGen: 323499K->186325K(465920K)] 912436K->776500K(1393664K), 0.0208003 secs] [Times: user=0.03 sys=0.00, real=0.02 secs] 
492.494: [GC (Allocation Failure) [PSYoungGen: 419285K->185908K(465920K)] 1009460K->776484K(1393664K), 0.0205518 secs] [Times: user=0.02 sys=0.00, real=0.02 secs] 
495.312: [GC (Allocation Failure) [PSYoungGen: 418868K->19417K(465920K)] 1009444K->610129K(1393664K), 0.0074360 secs] [Times: user=0.02 sys=0.00, real=0.01 secs] 
496.757: [GC (Allocation Failure) [PSYoungGen: 252377K->116662K(465920K)] 843089K->707682K(1393664K), 0.0134096 secs] [Times: user=0.02 sys=0.00, real=0.01 secs] 
497.038: [GC (Allocation Failure) [PSYoungGen: 349622K->185940K(465920K)] 940642K->778198K(1393664K), 0.0206053 secs] [Times: user=0.03 sys=0.00, real=0.02 secs] 
497.663: [GC (Allocation Failure) [PSYoungGen: 418900K->180005K(465920K)] 1011158K->772527K(1393664K), 0.0254748 secs] [Times: user=0.03 sys=0.00, real=0.03 secs] 
500.726: [GC (Allocation Failure) [PSYoungGen: 412965K->64K(465920K)] 1005487K->594034K(1393664K), 0.0054270 secs] [Times: user=0.02 sys=0.00, real=0.00 secs] 
501.570: [GC (Allocation Failure) [PSYoungGen: 233024K->141367K(465920K)] 826994K->735346K(1393664K), 0.0160281 secs] [Times: user=0.02 sys=0.00, real=0.01 secs] 
501.856: [GC (Allocation Failure) [PSYoungGen: 374327K->186197K(465920K)] 968306K->781542K(1393664K), 0.0207494 secs] [Times: user=0.02 sys=0.00, real=0.03 secs] 
502.372: [GC (Allocation Failure) [PSYoungGen: 419157K->162831K(465920K)] 1014502K->758312K(1393664K), 0.0210599 secs] [Times: user=0.03 sys=0.00, real=0.02 secs] 
503.374: [GC (Allocation Failure) [PSYoungGen: 395791K->96K(465920K)] 991272K->597016K(1393664K), 0.0022565 secs] [Times: user=0.01 sys=0.00, real=0.01 secs] 
503.770: [GC (Allocation Failure) [PSYoungGen: 233056K->167492K(465920K)] 829976K->764429K(1393664K), 0.0187473 secs] [Times: user=0.02 sys=0.00, real=0.02 secs] 
504.054: [GC (Allocation Failure) [PSYoungGen: 400452K->184526K(465920K)] 997389K->782701K(1393664K), 0.0203939 secs] [Times: user=0.03 sys=0.00, real=0.02 secs] 
504.545: [GC (Allocation Failure) [PSYoungGen: 414073K->138380K(465920K)] 1012248K->736827K(1393664K), 0.0147729 secs] [Times: user=0.03 sys=0.00, real=0.02 secs] 
505.605: [GC (Allocation Failure) [PSYoungGen: 371340K->1730K(465920K)] 969787K->600475K(1393664K), 0.0023486 secs] [Times: user=0.01 sys=0.00, real=0.01 secs] 
505.884: [GC (Allocation Failure) [PSYoungGen: 234690K->184141K(465920K)] 833435K->784132K(1393664K), 0.0204918 secs] [Times: user=0.03 sys=0.00, real=0.02 secs] 
506.230: [GC (Allocation Failure) [PSYoungGen: 417101K->184558K(465920K)] 1017092K->784822K(1393664K), 0.0205202 secs] [Times: user=0.02 sys=0.00, real=0.02 secs] 
507.076: [GC (Allocation Failure) [PSYoungGen: 417518K->128289K(465920K)] 1017782K->728947K(1393664K), 0.0219886 secs] [Times: user=0.04 sys=0.00, real=0.02 secs] 
508.682: [GC (Allocation Failure) [PSYoungGen: 361249K->24189K(465920K)] 961907K->625008K(1393664K), 0.0049472 secs] [Times: user=0.01 sys=0.00, real=0.01 secs] 
508.955: [GC (Allocation Failure) [PSYoungGen: 257149K->183755K(465920K)] 857968K->785811K(1393664K), 0.0202080 secs] [Times: user=0.03 sys=0.00, real=0.02 secs] 
509.241: [GC (Allocation Failure) [PSYoungGen: 416715K->184301K(465920K)] 1018771K->786631K(1393664K), 0.0201550 secs] [Times: user=0.03 sys=0.00, real=0.02 secs] 
511.690: [GC (Allocation Failure) [PSYoungGen: 417261K->106408K(465920K)] 1019591K->709003K(1393664K), 0.0281402 secs] [Times: user=0.05 sys=0.00, real=0.03 secs] 
514.090: [GC (Allocation Failure) [PSYoungGen: 339368K->45524K(465920K)] 941963K->648416K(1393664K), 0.0061822 secs] [Times: user=0.01 sys=0.00, real=0.01 secs] 
514.437: [GC (Allocation Failure) [PSYoungGen: 278484K->184141K(465920K)] 881376K->788270K(1393664K), 0.0203680 secs] [Times: user=0.03 sys=0.00, real=0.02 secs] 
514.724: [GC (Allocation Failure) [PSYoungGen: 417101K->184398K(465920K)] 1021230K->788793K(1393664K), 0.0205351 secs] [Times: user=0.02 sys=0.00, real=0.02 secs] 
516.483: [GC (Allocation Failure) [PSYoungGen: 417358K->68159K(465920K)] 1021753K->672835K(1393664K), 0.0170423 secs] [Times: user=0.03 sys=0.00, real=0.02 secs] 
517.816: [GC (Allocation Failure) [PSYoungGen: 301119K->67630K(465920K)] 905795K->672604K(1393664K), 0.0084111 secs] [Times: user=0.02 sys=0.00, real=0.00 secs] 
518.151: [GC (Allocation Failure) [PSYoungGen: 300590K->184141K(465920K)] 905564K->790352K(1393664K), 0.0203492 secs] [Times: user=0.02 sys=0.00, real=0.02 secs] 
518.435: [GC (Allocation Failure) [PSYoungGen: 417101K->184366K(465920K)] 1023312K->790978K(1393664K), 0.0204662 secs] [Times: user=0.03 sys=0.00, real=0.02 secs] 
520.015: [GC (Allocation Failure) [PSYoungGen: 417326K->46053K(465920K)] 1023938K->652803K(1393664K), 0.0094645 secs] [Times: user=0.02 sys=0.00, real=0.01 secs] 
521.265: [GC (Allocation Failure) [PSYoungGen: 278947K->90054K(465920K)] 885696K->697137K(1393664K), 0.0107313 secs] [Times: user=0.01 sys=0.00, real=0.01 secs] 
521.538: [GC (Allocation Failure) [PSYoungGen: 323014K->184269K(465920K)] 930097K->792598K(1393664K), 0.0204007 secs] [Times: user=0.03 sys=0.00, real=0.02 secs] 
521.826: [GC (Allocation Failure) [PSYoungGen: 417229K->184687K(465920K)] 1025558K->793288K(1393664K), 0.0218881 secs] [Times: user=0.03 sys=0.00, real=0.02 secs] 
523.554: [GC (Allocation Failure) [PSYoungGen: 417647K->23241K(465920K)] 1026248K->632107K(1393664K), 0.0078816 secs] [Times: user=0.02 sys=0.00, real=0.01 secs] 
524.771: [GC (Allocation Failure) [PSYoungGen: 256201K->112356K(465920K)] 865067K->721536K(1393664K), 0.0131570 secs] [Times: user=0.02 sys=0.00, real=0.01 secs] 
525.047: [GC (Allocation Failure) [PSYoungGen: 345316K->184141K(465920K)] 954496K->794575K(1393664K), 0.0205553 secs] [Times: user=0.03 sys=0.00, real=0.02 secs] 
525.391: [GC (Allocation Failure) [PSYoungGen: 417101K->184012K(465920K)] 1027535K->794719K(1393664K), 0.0204323 secs] [Times: user=0.02 sys=0.00, real=0.02 secs] 
527.051: [GC (Allocation Failure) [PSYoungGen: 416972K->1793K(465920K)] 1027679K->612773K(1393664K), 0.0026189 secs] [Times: user=0.02 sys=0.00, real=0.00 secs] 
527.774: [GC (Allocation Failure) [PSYoungGen: 234753K->134076K(465920K)] 845733K->745372K(1393664K), 0.0152352 secs] [Times: user=0.02 sys=0.00, real=0.02 secs] 
528.054: [GC (Allocation Failure) [PSYoungGen: 367036K->184269K(465920K)] 978332K->796947K(1393664K), 0.0205251 secs] [Times: user=0.03 sys=0.00, real=0.02 secs] 
528.688: [GC (Allocation Failure) [PSYoungGen: 417229K->165893K(465920K)] 1029907K->778707K(1393664K), 0.0248198 secs] [Times: user=0.04 sys=0.00, real=0.02 secs] 
531.884: [GC (Allocation Failure) [PSYoungGen: 398853K->64K(465920K)] 1011667K->614330K(1393664K), 0.0036279 secs] [Times: user=0.02 sys=0.00, real=0.01 secs] 
532.628: [GC (Allocation Failure) [PSYoungGen: 233024K->156664K(465920K)] 847290K->770939K(1393664K), 0.0175523 secs] [Times: user=0.03 sys=0.00, real=0.01 secs] 
532.915: [GC (Allocation Failure) [PSYoungGen: 389624K->184398K(465920K)] 1003899K->799918K(1393664K), 0.0206663 secs] [Times: user=0.03 sys=0.00, real=0.02 secs] 
533.677: [GC (Allocation Failure) [PSYoungGen: 417358K->149336K(465920K)] 1032878K->765121K(1393664K), 0.0197120 secs] [Times: user=0.03 sys=0.00, real=0.02 secs] 
534.767: [GC (Allocation Failure) [PSYoungGen: 382296K->64K(465920K)] 998081K->617282K(1393664K), 0.0023699 secs] [Times: user=0.01 sys=0.00, real=0.00 secs] 
535.105: [GC (Allocation Failure) [PSYoungGen: 233024K->179059K(465920K)] 850242K->796318K(1393664K), 0.0197512 secs] [Times: user=0.02 sys=0.00, real=0.02 secs] 
535.394: [GC (Allocation Failure) [PSYoungGen: 412019K->184398K(465920K)] 1029278K->802894K(1393664K), 0.0203315 secs] [Times: user=0.02 sys=0.00, real=0.02 secs] 
536.177: [GC (Allocation Failure) [PSYoungGen: 417358K->135101K(465920K)] 1035854K->753862K(1393664K), 0.0161584 secs] [Times: user=0.03 sys=0.00, real=0.01 secs] 
538.373: [GC (Allocation Failure) [PSYoungGen: 368034K->16606K(465920K)] 986795K->635676K(1393664K), 0.0040653 secs] [Times: user=0.01 sys=0.00, real=0.01 secs] 
538.729: [GC (Allocation Failure) [PSYoungGen: 249566K->183884K(465920K)] 868636K->804183K(1393664K), 0.0203702 secs] [Times: user=0.03 sys=0.00, real=0.02 secs] 
539.014: [GC (Allocation Failure) [PSYoungGen: 416844K->184398K(465920K)] 1037143K->804970K(1393664K), 0.0202234 secs] [Times: user=0.02 sys=0.00, real=0.02 secs] 
540.850: [GC (Allocation Failure) [PSYoungGen: 417358K->113798K(465920K)] 1037930K->734635K(1393664K), 0.0178800 secs] [Times: user=0.03 sys=0.00, real=0.02 secs] 
541.965: [GC (Allocation Failure) [PSYoungGen: 346758K->38873K(465920K)] 967595K->660010K(1393664K), 0.0057630 secs] [Times: user=0.02 sys=0.00, real=0.01 secs] 
542.300: [GC (Allocation Failure) [PSYoungGen: 271833K->184783K(465920K)] 892970K->807158K(1393664K), 0.0204981 secs] [Times: user=0.02 sys=0.00, real=0.02 secs] 
542.652: [GC (Allocation Failure) [PSYoungGen: 417743K->184173K(465920K)] 1040118K->806820K(1393664K), 0.0203456 secs] [Times: user=0.03 sys=0.00, real=0.02 secs] 
545.182: [GC (Allocation Failure) [PSYoungGen: 417133K->74425K(465920K)] 1039780K->697337K(1393664K), 0.0156958 secs] [Times: user=0.03 sys=0.01, real=0.02 secs] 
546.263: [GC (Allocation Failure) [PSYoungGen: 307385K->61236K(465920K)] 930297K->684456K(1393664K), 0.0079586 secs] [Times: user=0.02 sys=0.00, real=0.01 secs] 
546.601: [GC (Allocation Failure) [PSYoungGen: 294196K->184687K(465920K)] 917416K->809137K(1393664K), 0.0203982 secs] [Times: user=0.03 sys=0.00, real=0.02 secs] 
546.943: [GC (Allocation Failure) [PSYoungGen: 417647K->184076K(465920K)] 1042097K->808799K(1393664K), 0.0204317 secs] [Times: user=0.03 sys=0.00, real=0.02 secs] 
550.135: [GC (Allocation Failure) [PSYoungGen: 417036K->52319K(465920K)] 1041759K->677307K(1393664K), 0.0141552 secs] [Times: user=0.03 sys=0.00, real=0.02 secs] 
551.297: [GC (Allocation Failure) [PSYoungGen: 285279K->83631K(465920K)] 910267K->708925K(1393664K), 0.0101769 secs] [Times: user=0.01 sys=0.00, real=0.01 secs] 
551.636: [GC (Allocation Failure) [PSYoungGen: 316591K->184526K(465920K)] 941885K->811065K(1393664K), 0.0203227 secs] [Times: user=0.03 sys=0.00, real=0.02 secs] 
552.002: [GC (Allocation Failure) [PSYoungGen: 417486K->184269K(465920K)] 1044025K->811081K(1393664K), 0.0207657 secs] [Times: user=0.02 sys=0.00, real=0.02 secs] 
553.611: [GC (Allocation Failure) [PSYoungGen: 417229K->29827K(465920K)] 1044041K->656905K(1393664K), 0.0061896 secs] [Times: user=0.02 sys=0.00, real=0.01 secs] 
554.268: [GC (Allocation Failure) [PSYoungGen: 262787K->106540K(465920K)] 889865K->733931K(1393664K), 0.0131497 secs] [Times: user=0.02 sys=0.00, real=0.01 secs] 
554.546: [GC (Allocation Failure) [PSYoungGen: 339500K->184301K(465920K)] 966891K->813058K(1393664K), 0.0203491 secs] [Times: user=0.02 sys=0.00, real=0.02 secs] 
554.838: [GC (Allocation Failure) [PSYoungGen: 417261K->184141K(465920K)] 1046018K->813042K(1393664K), 0.0202343 secs] [Times: user=0.02 sys=0.00, real=0.02 secs] 
557.496: [GC (Allocation Failure) [PSYoungGen: 417101K->7336K(465920K)] 1046002K->636510K(1393664K), 0.0033786 secs] [Times: user=0.01 sys=0.00, real=0.00 secs] 
558.015: [GC (Allocation Failure) [PSYoungGen: 240296K->128132K(465920K)] 869470K->757621K(1393664K), 0.0145708 secs] [Times: user=0.02 sys=0.00, real=0.02 secs] 
558.293: [GC (Allocation Failure) [PSYoungGen: 361092K->184269K(465920K)] 990581K->815003K(1393664K), 0.0203130 secs] [Times: user=0.03 sys=0.00, real=0.02 secs] 
558.767: [GC (Allocation Failure) [PSYoungGen: 417229K->171805K(465920K)] 1047963K->802804K(1393664K), 0.0216497 secs] [Times: user=0.03 sys=0.00, real=0.02 secs] 
561.435: [GC (Allocation Failure) [PSYoungGen: 404765K->64K(465920K)] 1035764K->632510K(1393664K), 0.0026519 secs] [Times: user=0.02 sys=0.00, real=0.01 secs] 
561.923: [GC (Allocation Failure) [PSYoungGen: 233024K->150238K(465920K)] 865470K->782701K(1393664K), 0.0168412 secs] [Times: user=0.02 sys=0.00, real=0.02 secs] 
562.267: [GC (Allocation Failure) [PSYoungGen: 383198K->184269K(465920K)] 1015661K->817970K(1393664K), 0.0204464 secs] [Times: user=0.03 sys=0.00, real=0.02 secs] 
563.511: [GC (Allocation Failure) [PSYoungGen: 417229K->155827K(465920K)] 1050930K->789792K(1393664K), 0.0317022 secs] [Times: user=0.05 sys=0.00, real=0.03 secs] 
565.812: [GC (Allocation Failure) [PSYoungGen: 388787K->96K(465920K)] 1022752K->635501K(1393664K), 0.0037637 secs] [Times: user=0.01 sys=0.00, real=0.00 secs] 
566.305: [GC (Allocation Failure) [PSYoungGen: 233056K->170545K(465920K)] 868461K->805974K(1393664K), 0.0187582 secs] [Times: user=0.02 sys=0.00, real=0.02 secs] 
566.649: [GC (Allocation Failure) [PSYoungGen: 403505K->184655K(465920K)] 1038934K->821322K(1393664K), 0.0205270 secs] [Times: user=0.02 sys=0.00, real=0.02 secs] 
567.371: [GC (Allocation Failure) [PSYoungGen: 409431K->135150K(465920K)] 1046098K->772227K(1393664K), 0.0199865 secs] [Times: user=0.04 sys=0.00, real=0.02 secs] 
568.816: [GC (Allocation Failure) [PSYoungGen: 367984K->1152K(465920K)] 1005061K->638397K(1393664K), 0.0025450 secs] [Times: user=0.01 sys=0.00, real=0.00 secs] 
569.112: [GC (Allocation Failure) [PSYoungGen: 234112K->183884K(465920K)] 871357K->822246K(1393664K), 0.0201625 secs] [Times: user=0.03 sys=0.00, real=0.02 secs] 
569.396: [GC (Allocation Failure) [PSYoungGen: 416844K->184398K(465920K)] 1055206K->823033K(1393664K), 0.0203051 secs] [Times: user=0.02 sys=0.00, real=0.03 secs] 
570.199: [GC (Allocation Failure) [PSYoungGen: 417358K->129221K(465920K)] 1055993K->768122K(1393664K), 0.0163763 secs] [Times: user=0.03 sys=0.00, real=0.01 secs] 
571.132: [GC (Allocation Failure) [PSYoungGen: 362181K->23547K(465920K)] 1001082K->662745K(1393664K), 0.0043107 secs] [Times: user=0.01 sys=0.00, real=0.01 secs] 
571.402: [GC (Allocation Failure) [PSYoungGen: 256507K->184044K(465920K)] 895705K->824480K(1393664K), 0.0202150 secs] [Times: user=0.03 sys=0.00, real=0.02 secs] 
571.687: [GC (Allocation Failure) [PSYoungGen: 417004K->183916K(465920K)] 1057440K->824625K(1393664K), 0.0203148 secs] [Times: user=0.02 sys=0.01, real=0.02 secs] 
572.346: [GC (Allocation Failure) [PSYoungGen: 416876K->107211K(465920K)] 1057585K->748186K(1393664K), 0.0140255 secs] [Times: user=0.03 sys=0.00, real=0.02 secs] 
573.267: [GC (Allocation Failure) [PSYoungGen: 340171K->45524K(465920K)] 981146K->686798K(1393664K), 0.0066923 secs] [Times: user=0.01 sys=0.00, real=0.00 secs] 
573.538: [GC (Allocation Failure) [PSYoungGen: 278484K->184912K(465920K)] 919758K->827423K(1393664K), 0.0203833 secs] [Times: user=0.02 sys=0.00, real=0.02 secs] 
573.823: [GC (Allocation Failure) [PSYoungGen: 417872K->184944K(465920K)] 1060383K->827728K(1393664K), 0.0204309 secs] [Times: user=0.02 sys=0.00, real=0.02 secs] 
575.116: [GC (Allocation Failure) [PSYoungGen: 417904K->66842K(465920K)] 1060688K->709892K(1393664K), 0.0100212 secs] [Times: user=0.02 sys=0.01, real=0.01 secs] 
576.589: [GC (Allocation Failure) [PSYoungGen: 299802K->68273K(465920K)] 942852K->711630K(1393664K), 0.0085474 secs] [Times: user=0.02 sys=0.00, real=0.01 secs] 
576.863: [GC (Allocation Failure) [PSYoungGen: 301233K->186325K(465920K)] 944590K->830920K(1393664K), 0.0206565 secs] [Times: user=0.03 sys=0.00, real=0.02 secs] 
577.149: [GC (Allocation Failure) [PSYoungGen: 419285K->184783K(465920K)] 1063880K->829651K(1393664K), 0.0207686 secs] [Times: user=0.02 sys=0.00, real=0.02 secs] 
578.545: [GC (Allocation Failure) [PSYoungGen: 417743K->42824K(465920K)] 1062611K->687965K(1393664K), 0.0090295 secs] [Times: user=0.02 sys=0.00, real=0.01 secs] 
579.834: [GC (Allocation Failure) [PSYoungGen: 275784K->92788K(465920K)] 920925K->738235K(1393664K), 0.0109688 secs] [Times: user=0.02 sys=0.00, real=0.01 secs] 
580.111: [GC (Allocation Failure) [PSYoungGen: 325748K->186454K(465920K)] 971195K->833138K(1393664K), 0.0206469 secs] [Times: user=0.02 sys=0.00, real=0.02 secs] 
580.398: [GC (Allocation Failure) [PSYoungGen: 419414K->186068K(465920K)] 1066098K->833154K(1393664K), 0.0206262 secs] [Times: user=0.03 sys=0.00, real=0.02 secs] 
582.641: [GC (Allocation Failure) [PSYoungGen: 419028K->16959K(465920K)] 1066114K->664318K(1393664K), 0.0067152 secs] [Times: user=0.02 sys=0.01, real=0.01 secs] 
584.239: [GC (Allocation Failure) [PSYoungGen: 249919K->119136K(465920K)] 897278K->766674K(1393664K), 0.0137661 secs] [Times: user=0.02 sys=0.00, real=0.01 secs] 
584.575: [GC (GCLocker Initiated GC) [PSYoungGen: 352096K->183240K(465920K)] 999637K->832027K(1393664K), 0.0204390 secs] [Times: user=0.03 sys=0.00, real=0.02 secs] 
584.919: [GC (Allocation Failure) [PSYoungGen: 416200K->180454K(465920K)] 1064988K->829530K(1393664K), 0.0216814 secs] [Times: user=0.03 sys=0.00, real=0.02 secs] 
585.843: [GC (Allocation Failure) [PSYoungGen: 413414K->96K(465920K)] 1062490K->650473K(1393664K), 0.0025031 secs] [Times: user=0.01 sys=0.00, real=0.00 secs] 
586.307: [GC (Allocation Failure) [PSYoungGen: 233056K->140470K(465920K)] 883433K->790872K(1393664K), 0.0159432 secs] [Times: user=0.02 sys=0.00, real=0.01 secs] 
586.587: [GC (Allocation Failure) [PSYoungGen: 373430K->184301K(465920K)] 1023832K->835941K(1393664K), 0.0205497 secs] [Times: user=0.02 sys=0.00, real=0.02 secs] 
586.976: [GC (Allocation Failure) [PSYoungGen: 415998K->161483K(465920K)] 1067638K->813395K(1393664K), 0.0184795 secs] [Times: user=0.03 sys=0.00, real=0.02 secs] 
588.681: [GC (Allocation Failure) [PSYoungGen: 394443K->64K(465920K)] 1046355K->653418K(1393664K), 0.0047297 secs] [Times: user=0.02 sys=0.01, real=0.00 secs] 
589.339: [GC (Allocation Failure) [PSYoungGen: 233024K->160745K(465920K)] 886378K->814115K(1393664K), 0.0179129 secs] [Times: user=0.02 sys=0.00, real=0.02 secs] 
589.676: [GC (Allocation Failure) [PSYoungGen: 393705K->184558K(465920K)] 1047075K->839174K(1393664K), 0.0203151 secs] [Times: user=0.02 sys=0.00, real=0.02 secs] 
590.525: [GC (Allocation Failure) [PSYoungGen: 417518K->145063K(465920K)] 1072134K->799944K(1393664K), 0.0302945 secs] [Times: user=0.05 sys=0.00, real=0.03 secs] 
592.916: [GC (Allocation Failure) [PSYoungGen: 378023K->128K(465920K)] 1032904K->656438K(1393664K), 0.0031280 secs] [Times: user=0.01 sys=0.00, real=0.01 secs] 
593.303: [GC (Allocation Failure) [PSYoungGen: 233088K->182883K(465920K)] 889398K->839210K(1393664K), 0.0200877 secs] [Times: user=0.03 sys=0.00, real=0.02 secs] 
593.587: [GC (Allocation Failure) [PSYoungGen: 415843K->184398K(465920K)] 1072170K->841970K(1393664K), 0.0203982 secs] [Times: user=0.03 sys=0.00, real=0.02 secs] 
594.841: [GC (Allocation Failure) [PSYoungGen: 417358K->131277K(465920K)] 1074930K->789115K(1393664K), 0.0347602 secs] [Times: user=0.06 sys=0.00, real=0.03 secs] 
597.079: [GC (Allocation Failure) [PSYoungGen: 364237K->21105K(465920K)] 1022075K->679252K(1393664K), 0.0055941 secs] [Times: user=0.01 sys=0.00, real=0.00 secs] 
597.394: [GC (Allocation Failure) [PSYoungGen: 254065K->184141K(465920K)] 912212K->843518K(1393664K), 0.0204273 secs] [Times: user=0.02 sys=0.00, real=0.02 secs] 
597.679: [GC (Allocation Failure) [PSYoungGen: 417101K->184590K(465920K)] 1076478K->844240K(1393664K), 0.0200931 secs] [Times: user=0.03 sys=0.00, real=0.02 secs] 
599.278: [GC (Allocation Failure) [PSYoungGen: 417550K->108882K(465920K)] 1077200K->768926K(1393664K), 0.0159707 secs] [Times: user=0.03 sys=0.00, real=0.01 secs] 
601.431: [GC (Allocation Failure) [PSYoungGen: 341842K->43628K(465920K)] 1001886K->703849K(1393664K), 0.0071762 secs] [Times: user=0.01 sys=0.00, real=0.01 secs] 
601.713: [GC (Allocation Failure) [PSYoungGen: 276588K->186454K(465920K)] 936809K->847912K(1393664K), 0.0206055 secs] [Times: user=0.03 sys=0.00, real=0.02 secs] 
602.000: [GC (Allocation Failure) [PSYoungGen: 419414K->186100K(465920K)] 1080872K->847960K(1393664K), 0.0204324 secs] [Times: user=0.02 sys=0.00, real=0.02 secs] 
603.906: [GC (Allocation Failure) [PSYoungGen: 419060K->66103K(465920K)] 1080920K->728236K(1393664K), 0.0139114 secs] [Times: user=0.03 sys=0.00, real=0.02 secs] 
606.112: [GC (Allocation Failure) [PSYoungGen: 299063K->69847K(465920K)] 961196K->732176K(1393664K), 0.0103224 secs] [Times: user=0.02 sys=0.00, real=0.01 secs] 
606.394: [GC (Allocation Failure) [PSYoungGen: 302807K->184398K(465920K)] 965136K->847964K(1393664K), 0.0204579 secs] [Times: user=0.02 sys=0.00, real=0.02 secs] 
606.679: [GC (Allocation Failure) [PSYoungGen: 417358K->184494K(465920K)] 1080924K->848325K(1393664K), 0.0205056 secs] [Times: user=0.02 sys=0.00, real=0.02 secs] 
608.652: [GC (Allocation Failure) [PSYoungGen: 417454K->43483K(465920K)] 1081285K->707587K(1393664K), 0.0118358 secs] [Times: user=0.03 sys=0.00, real=0.01 secs] 
609.878: [GC (Allocation Failure) [PSYoungGen: 276325K->91985K(465920K)] 940429K->756397K(1393664K), 0.0109631 secs] [Times: user=0.02 sys=0.00, real=0.01 secs] 
610.152: [GC (Allocation Failure) [PSYoungGen: 324945K->184012K(465920K)] 989357K->849670K(1393664K), 0.0203445 secs] [Times: user=0.03 sys=0.00, real=0.02 secs] 
610.436: [GC (Allocation Failure) [PSYoungGen: 416972K->184526K(465920K)] 1082630K->850457K(1393664K), 0.0204143 secs] [Times: user=0.03 sys=0.00, real=0.02 secs] 
612.136: [GC (Allocation Failure) [PSYoungGen: 417486K->21682K(465920K)] 1083417K->688007K(1393664K), 0.0049712 secs] [Times: user=0.01 sys=0.00, real=0.00 secs] 
612.721: [GC (Allocation Failure) [PSYoungGen: 254642K->113738K(465920K)] 920967K->780242K(1393664K), 0.0131802 secs] [Times: user=0.02 sys=0.00, real=0.01 secs] 
612.997: [GC (Allocation Failure) [PSYoungGen: 346698K->183755K(465920K)] 1013202K->851513K(1393664K), 0.0202139 secs] [Times: user=0.03 sys=0.00, real=0.02 secs] 
613.281: [GC (Allocation Failure) [PSYoungGen: 416715K->183369K(465920K)] 1084473K->851392K(1393664K), 0.0203449 secs] [Times: user=0.03 sys=0.00, real=0.02 secs] 
616.844: [GC (Allocation Failure) [PSYoungGen: 416329K->1392K(465920K)] 1084352K->669567K(1393664K), 0.0044237 secs] [Times: user=0.02 sys=0.00, real=0.01 secs] 
618.083: [GC (Allocation Failure) [PSYoungGen: 234352K->134333K(465920K)] 902527K->802702K(1393664K), 0.0154432 secs] [Times: user=0.02 sys=0.00, real=0.02 secs] 
618.361: [GC (Allocation Failure) [PSYoungGen: 367293K->184526K(465920K)] 1035662K->854140K(1393664K), 0.0207058 secs] [Times: user=0.03 sys=0.00, real=0.02 secs] 
619.000: [GC (Allocation Failure) [PSYoungGen: 417486K->167411K(465920K)] 1087100K->837418K(1393664K), 0.0244407 secs] [Times: user=0.04 sys=0.00, real=0.02 secs] 
620.807: [GC (Allocation Failure) [PSYoungGen: 400371K->64K(465920K)] 1070378K->671382K(1393664K), 0.0030320 secs] [Times: user=0.01 sys=0.00, real=0.00 secs] 
621.365: [GC (Allocation Failure) [PSYoungGen: 233024K->158721K(465920K)] 904342K->830064K(1393664K), 0.0178820 secs] [Times: user=0.03 sys=0.00, real=0.02 secs] 
621.710: [GC (Allocation Failure) [PSYoungGen: 391681K->186068K(465920K)] 1063024K->858649K(1393664K), 0.0207577 secs] [Times: user=0.03 sys=0.00, real=0.02 secs] 
622.508: [GC (Allocation Failure) [PSYoungGen: 419028K->145561K(465920K)] 1091609K->818407K(1393664K), 0.0316805 secs] [Times: user=0.05 sys=0.00, real=0.03 secs] 
624.536: [GC (Allocation Failure) [PSYoungGen: 378521K->64K(465920K)] 1051367K->674357K(1393664K), 0.0033979 secs] [Times: user=0.02 sys=0.00, real=0.00 secs] 
624.920: [GC (Allocation Failure) [PSYoungGen: 233024K->184361K(465920K)] 907317K->858686K(1393664K), 0.0202969 secs] [Times: user=0.03 sys=0.00, real=0.02 secs] 
625.262: [GC (Allocation Failure) [PSYoungGen: 417321K->184269K(465920K)] 1091646K->859840K(1393664K), 0.0203365 secs] [Times: user=0.02 sys=0.00, real=0.02 secs] 
626.879: [GC (Allocation Failure) [PSYoungGen: 417229K->129992K(465920K)] 1092800K->805828K(1393664K), 0.0351008 secs] [Times: user=0.06 sys=0.00, real=0.03 secs] 
628.458: [GC (Allocation Failure) [PSYoungGen: 362952K->22004K(465920K)] 1038788K->698146K(1393664K), 0.0048854 secs] [Times: user=0.01 sys=0.00, real=0.00 secs] 
628.815: [GC (Allocation Failure) [PSYoungGen: 254964K->186197K(465920K)] 931106K->863568K(1393664K), 0.0206356 secs] [Times: user=0.03 sys=0.00, real=0.03 secs] 
629.101: [GC (Allocation Failure) [PSYoungGen: 419157K->184655K(465920K)] 1096528K->862299K(1393664K), 0.0204395 secs] [Times: user=0.02 sys=0.00, real=0.02 secs] 
629.708: [GC (Allocation Failure) [PSYoungGen: 417615K->105798K(465920K)] 1095259K->783707K(1393664K), 0.0146618 secs] [Times: user=0.03 sys=0.00, real=0.01 secs] 
630.610: [GC (Allocation Failure) [PSYoungGen: 338758K->47581K(465920K)] 1016667K->725804K(1393664K), 0.0068389 secs] [Times: user=0.01 sys=0.00, real=0.01 secs] 
630.883: [GC (Allocation Failure) [PSYoungGen: 280541K->186325K(465920K)] 958764K->865778K(1393664K), 0.0206279 secs] [Times: user=0.03 sys=0.00, real=0.02 secs] 
631.169: [GC (Allocation Failure) [PSYoungGen: 419285K->185940K(465920K)] 1098738K->865666K(1393664K), 0.0206106 secs] [Times: user=0.02 sys=0.00, real=0.02 secs] 
631.897: [GC (Allocation Failure) [PSYoungGen: 418900K->62312K(465920K)] 1098626K->742303K(1393664K), 0.0093512 secs] [Times: user=0.02 sys=0.00, real=0.01 secs] 
632.627: [GC (Allocation Failure) [PSYoungGen: 295272K->73863K(465920K)] 975263K->754152K(1393664K), 0.0092687 secs] [Times: user=0.01 sys=0.00, real=0.01 secs] 
632.900: [GC (Allocation Failure) [PSYoungGen: 306823K->184269K(465920K)] 987112K->865795K(1393664K), 0.0202945 secs] [Times: user=0.03 sys=0.00, real=0.02 secs] 
633.184: [GC (Allocation Failure) [PSYoungGen: 417229K->184173K(465920K)] 1098755K->865972K(1393664K), 0.0203797 secs] [Times: user=0.02 sys=0.00, real=0.02 secs] 
636.144: [GC (Allocation Failure) [PSYoungGen: 417133K->39949K(465920K)] 1098932K->722013K(1393664K), 0.0120004 secs] [Times: user=0.03 sys=0.00, real=0.02 secs] 
637.365: [GC (Allocation Failure) [PSYoungGen: 272909K->95744K(465920K)] 954973K->778117K(1393664K), 0.0115800 secs] [Times: user=0.02 sys=0.00, real=0.02 secs] 
637.657: [GC (Allocation Failure) [PSYoungGen: 328704K->184398K(465920K)] 1011077K->868008K(1393664K), 0.0205368 secs] [Times: user=0.03 sys=0.00, real=0.02 secs] 
637.942: [GC (Allocation Failure) [PSYoungGen: 417358K->184173K(465920K)] 1100968K->868056K(1393664K), 0.0203731 secs] [Times: user=0.03 sys=0.00, real=0.02 secs] 
639.898: [GC (Allocation Failure) [PSYoungGen: 417133K->17987K(465920K)] 1101016K->702272K(1393664K), 0.0064466 secs] [Times: user=0.02 sys=0.00, real=0.00 secs] 
640.809: [GC (Allocation Failure) [PSYoungGen: 250947K->119136K(465920K)] 935232K->803605K(1393664K), 0.0142329 secs] [Times: user=0.03 sys=0.00, real=0.01 secs] 
641.089: [GC (Allocation Failure) [PSYoungGen: 352096K->186068K(465920K)] 1036565K->871896K(1393664K), 0.0204348 secs] [Times: user=0.03 sys=0.00, real=0.02 secs] 
641.491: [GC (Allocation Failure) [PSYoungGen: 419028K->178010K(465920K)] 1104856K->863975K(1393664K), 0.0222978 secs] [Times: user=0.02 sys=0.00, real=0.02 secs] 
642.487: [GC (Allocation Failure) [PSYoungGen: 410970K->64K(465920K)] 1096935K->687458K(1393664K), 0.0024834 secs] [Times: user=0.01 sys=0.01, real=0.00 secs] 
643.045: [GC (Allocation Failure) [PSYoungGen: 233024K->145194K(465920K)] 920418K->832596K(1393664K), 0.0163392 secs] [Times: user=0.02 sys=0.00, real=0.02 secs] 
643.330: [GC (Allocation Failure) [PSYoungGen: 378154K->186229K(465920K)] 1065556K->874885K(1393664K), 0.0205777 secs] [Times: user=0.03 sys=0.00, real=0.02 secs] 
644.165: [GC (Allocation Failure) [PSYoungGen: 419189K->158927K(465920K)] 1107845K->847848K(1393664K), 0.0261513 secs] [Times: user=0.04 sys=0.00, real=0.03 secs] 
646.065: [GC (Allocation Failure) [PSYoungGen: 391887K->96K(465920K)] 1080808K->690462K(1393664K), 0.0027405 secs] [Times: user=0.01 sys=0.00, real=0.01 secs] 
646.511: [GC (Allocation Failure) [PSYoungGen: 233056K->170191K(465920K)] 923422K->860590K(1393664K), 0.0190898 secs] [Times: user=0.02 sys=0.00, real=0.02 secs] 
646.796: [GC (Allocation Failure) [PSYoungGen: 403151K->186197K(465920K)] 1093550K->877978K(1393664K), 0.0208098 secs] [Times: user=0.03 sys=0.00, real=0.02 secs] 
647.261: [GC (Allocation Failure) [PSYoungGen: 410988K->133994K(465920K)] 1102769K->825911K(1393664K), 0.0235433 secs] [Times: user=0.04 sys=0.00, real=0.02 secs] 
648.236: [GC (Allocation Failure) [PSYoungGen: 366954K->1698K(465920K)] 1058871K->693915K(1393664K), 0.0026486 secs] [Times: user=0.01 sys=0.01, real=0.01 secs] 
648.608: [GC (Allocation Failure) [PSYoungGen: 234658K->186454K(465920K)] 926875K->879917K(1393664K), 0.0207006 secs] [Times: user=0.03 sys=0.00, real=0.02 secs] 
648.900: [GC (Allocation Failure) [PSYoungGen: 419414K->186100K(465920K)] 1112877K->879836K(1393664K), 0.0207135 secs] [Times: user=0.03 sys=0.00, real=0.02 secs] 
649.455: [GC (Allocation Failure) [PSYoungGen: 419060K->124418K(465920K)] 1112796K->818419K(1393664K), 0.0163882 secs] [Times: user=0.03 sys=0.00, real=0.02 secs] 
650.383: [GC (Allocation Failure) [PSYoungGen: 357378K->29202K(465920K)] 1051379K->723524K(1393664K), 0.0048568 secs] [Times: user=0.02 sys=0.00, real=0.01 secs] 
650.651: [GC (Allocation Failure) [PSYoungGen: 262162K->184173K(465920K)] 956484K->879733K(1393664K), 0.0203820 secs] [Times: user=0.03 sys=0.00, real=0.02 secs] 
650.998: [GC (Allocation Failure) [PSYoungGen: 417133K->186068K(465920K)] 1112693K->881902K(1393664K), 0.0207290 secs] [Times: user=0.03 sys=0.00, real=0.02 secs] 
652.021: [GC (Allocation Failure) [PSYoungGen: 419028K->82811K(465920K)] 1114862K->778917K(1393664K), 0.0128933 secs] [Times: user=0.02 sys=0.00, real=0.01 secs] 
652.845: [GC (Allocation Failure) [PSYoungGen: 315771K->53107K(465920K)] 1011877K->749519K(1393664K), 0.0071441 secs] [Times: user=0.02 sys=0.00, real=0.01 secs] 
653.116: [GC (Allocation Failure) [PSYoungGen: 286067K->184269K(465920K)] 982479K->881911K(1393664K), 0.0204721 secs] [Times: user=0.02 sys=0.00, real=0.02 secs] 
653.399: [GC (Allocation Failure) [PSYoungGen: 417229K->183787K(465920K)] 1114871K->881702K(1393664K), 0.0206973 secs] [Times: user=0.03 sys=0.00, real=0.02 secs] 
654.678: [GC (Allocation Failure) [PSYoungGen: 416747K->60994K(465920K)] 1114662K->759303K(1393664K), 0.0099389 secs] [Times: user=0.02 sys=0.00, real=0.01 secs] 
656.443: [GC (Allocation Failure) [PSYoungGen: 293954K->74185K(465920K)] 992263K->772678K(1393664K), 0.0093728 secs] [Times: user=0.02 sys=0.00, real=0.01 secs] 
656.717: [GC (Allocation Failure) [PSYoungGen: 307145K->184398K(465920K)] 1005638K->884129K(1393664K), 0.0203273 secs] [Times: user=0.03 sys=0.00, real=0.02 secs] 
657.059: [GC (Allocation Failure) [PSYoungGen: 417358K->184173K(465920K)] 1117089K->884169K(1393664K), 0.0203810 secs] [Times: user=0.03 sys=0.00, real=0.02 secs] 
658.335: [GC (Allocation Failure) [PSYoungGen: 417133K->39466K(465920K)] 1117129K->739736K(1393664K), 0.0070864 secs] [Times: user=0.02 sys=0.00, real=0.01 secs] 
659.806: [GC (Allocation Failure) [PSYoungGen: 272426K->96355K(465920K)] 972696K->796922K(1393664K), 0.0115926 secs] [Times: user=0.02 sys=0.00, real=0.01 secs] 
660.081: [GC (Allocation Failure) [PSYoungGen: 329315K->184398K(465920K)] 1029882K->886202K(1393664K), 0.0218375 secs] [Times: user=0.03 sys=0.00, real=0.02 secs] 
660.374: [GC (Allocation Failure) [PSYoungGen: 417358K->184173K(465920K)] 1119162K->886250K(1393664K), 0.0204730 secs] [Times: user=0.03 sys=0.00, real=0.02 secs] 
661.311: [GC (Allocation Failure) [PSYoungGen: 417133K->17344K(465920K)] 1119210K->719816K(1393664K), 0.0041926 secs] [Times: user=0.01 sys=0.00, real=0.00 secs] 
662.012: [GC (Allocation Failure) [PSYoungGen: 250304K->118525K(465920K)] 952776K->821181K(1393664K), 0.0137095 secs] [Times: user=0.02 sys=0.00, real=0.01 secs] 
662.346: [GC (Allocation Failure) [PSYoungGen: 351485K->184655K(465920K)] 1054141K->888541K(1393664K), 0.0209549 secs] [Times: user=0.03 sys=0.00, real=0.02 secs] 
662.914: [GC (Allocation Failure) [PSYoungGen: 417615K->179522K(465920K)] 1121501K->883674K(1393664K), 0.0289080 secs] [Times: user=0.04 sys=0.00, real=0.03 secs] 
664.185: [GC (Allocation Failure) [PSYoungGen: 412482K->96K(465920K)] 1116634K->705676K(1393664K), 0.0027231 secs] [Times: user=0.02 sys=0.00, real=0.01 secs] 
664.862: [GC (Allocation Failure) [PSYoungGen: 233056K->140856K(465920K)] 938636K->846453K(1393664K), 0.0159586 secs] [Times: user=0.02 sys=0.00, real=0.02 secs] 
665.140: [GC (Allocation Failure) [PSYoungGen: 373816K->184301K(465920K)] 1079413K->891152K(1393664K), 0.0204725 secs] [Times: user=0.02 sys=0.00, real=0.02 secs] 
665.670: [GC (Allocation Failure) [PSYoungGen: 416545K->161097K(465920K)] 1123396K->868212K(1393664K), 0.0194796 secs] [Times: user=0.03 sys=0.00, real=0.02 secs] 
666.811: [GC (Allocation Failure) [PSYoungGen: 394057K->96K(465920K)] 1101172K->708661K(1393664K), 0.0044682 secs] [Times: user=0.02 sys=0.00, real=0.01 secs] 
667.252: [GC (Allocation Failure) [PSYoungGen: 233056K->161580K(465920K)] 941621K->870161K(1393664K), 0.0183375 secs] [Times: user=0.02 sys=0.00, real=0.02 secs] 
667.537: [GC (Allocation Failure) [PSYoungGen: 394540K->184655K(465920K)] 1103121K->894465K(1393664K), 0.0209099 secs] [Times: user=0.03 sys=0.00, real=0.02 secs] 
669.675: [GC (Allocation Failure) [PSYoungGen: 417615K->144163K(465920K)] 1127425K->854239K(1393664K), 0.0320416 secs] [Times: user=0.05 sys=0.00, real=0.04 secs] 
671.786: [GC (Allocation Failure) [PSYoungGen: 377123K->64K(465920K)] 1087199K->711581K(1393664K), 0.0033311 secs] [Times: user=0.02 sys=0.00, real=0.00 secs] 
672.112: [GC (Allocation Failure) [PSYoungGen: 233024K->183654K(465920K)] 944541K->895180K(1393664K), 0.0203631 secs] [Times: user=0.03 sys=0.00, real=0.02 secs] 
672.448: [GC (Allocation Failure) [PSYoungGen: 416614K->184398K(465920K)] 1128140K->897169K(1393664K), 0.0207139 secs] [Times: user=0.03 sys=0.00, real=0.02 secs] 
673.537: [GC (Allocation Failure) [PSYoungGen: 417358K->130442K(465920K)] 1130129K->843478K(1393664K), 0.0370161 secs] [Times: user=0.07 sys=0.00, real=0.03 secs] 
675.562: [GC (Allocation Failure) [PSYoungGen: 363402K->21940K(465920K)] 1076438K->735290K(1393664K), 0.0061085 secs] [Times: user=0.02 sys=0.00, real=0.01 secs] 
675.877: [GC (Allocation Failure) [PSYoungGen: 254900K->186325K(465920K)] 968250K->901050K(1393664K), 0.0206132 secs] [Times: user=0.03 sys=0.00, real=0.02 secs] 
676.163: [GC (Allocation Failure) [PSYoungGen: 419285K->184751K(465920K)] 1134010K->899620K(1393664K), 0.0205009 secs] [Times: user=0.02 sys=0.00, real=0.02 secs] 
676.820: [GC (Allocation Failure) [PSYoungGen: 417711K->105637K(465920K)] 1132580K->820771K(1393664K), 0.0127412 secs] [Times: user=0.02 sys=0.00, real=0.01 secs] 
678.149: [GC (Allocation Failure) [PSYoungGen: 338597K->46681K(465920K)] 1053731K->762120K(1393664K), 0.0078049 secs] [Times: user=0.02 sys=0.00, real=0.01 secs] 
678.506: [GC (Allocation Failure) [PSYoungGen: 279641K->186197K(465920K)] 995080K->902994K(1393664K), 0.0207105 secs] [Times: user=0.03 sys=0.00, real=0.02 secs] 
678.853: [GC (Allocation Failure) [PSYoungGen: 419157K->184815K(465920K)] 1135954K->901757K(1393664K), 0.0205391 secs] [Times: user=0.03 sys=0.00, real=0.02 secs] 
679.968: [GC (Allocation Failure) [PSYoungGen: 417775K->64497K(465920K)] 1134717K->781832K(1393664K), 0.0125470 secs] [Times: user=0.03 sys=0.00, real=0.01 secs] 
682.102: [GC (Allocation Failure) [PSYoungGen: 297457K->70875K(465920K)] 1014792K->788396K(1393664K), 0.0105115 secs] [Times: user=0.02 sys=0.00, real=0.01 secs] 
682.459: [GC (Allocation Failure) [PSYoungGen: 303835K->186325K(465920K)] 1021356K->905084K(1393664K), 0.0211776 secs] [Times: user=0.02 sys=0.00, real=0.02 secs] 
682.797: [GC (Allocation Failure) [PSYoungGen: 419285K->184847K(465920K)] 1138044K->903879K(1393664K), 0.0206125 secs] [Times: user=0.03 sys=0.00, real=0.02 secs] 
684.720: [GC (Allocation Failure) [PSYoungGen: 417807K->40206K(465920K)] 1136839K->759502K(1393664K), 0.0127522 secs] [Times: user=0.03 sys=0.00, real=0.01 secs] 
686.877: [GC (Allocation Failure) [PSYoungGen: 273166K->95873K(465920K)] 992462K->815491K(1393664K), 0.0117020 secs] [Times: user=0.02 sys=0.00, real=0.01 secs] 
687.213: [GC (Allocation Failure) [PSYoungGen: 328833K->186325K(465920K)] 1048451K->907318K(1393664K), 0.0208483 secs] [Times: user=0.02 sys=0.00, real=0.02 secs] 
687.498: [GC (Allocation Failure) [PSYoungGen: 419285K->184751K(465920K)] 1140278K->905888K(1393664K), 0.0208270 secs] [Times: user=0.03 sys=0.00, real=0.02 secs] 
690.392: [GC (Allocation Failure) [PSYoungGen: 417711K->15272K(465920K)] 1138848K->736674K(1393664K), 0.0095200 secs] [Times: user=0.03 sys=0.00, real=0.01 secs] 
691.839: [GC (Allocation Failure) [PSYoungGen: 248232K->120549K(465920K)] 969634K->842269K(1393664K), 0.0139249 secs] [Times: user=0.02 sys=0.00, real=0.01 secs] 
692.117: [GC (Allocation Failure) [PSYoungGen: 353509K->184012K(465920K)] 1075229K->907090K(1393664K), 0.0204127 secs] [Times: user=0.03 sys=0.00, real=0.02 secs] 
692.438: [GC (Allocation Failure) [PSYoungGen: 416972K->178685K(465920K)] 1140050K->901915K(1393664K), 0.0204566 secs] [Times: user=0.03 sys=0.00, real=0.02 secs] 
694.199: [GC (Allocation Failure) [PSYoungGen: 411645K->64K(465920K)] 1134875K->724740K(1393664K), 0.0030820 secs] [Times: user=0.02 sys=0.00, real=0.00 secs] 
695.007: [GC (Allocation Failure) [PSYoungGen: 233024K->142687K(465920K)] 957700K->867372K(1393664K), 0.0161262 secs] [Times: user=0.03 sys=0.00, real=0.01 secs] 
695.347: [GC (Allocation Failure) [PSYoungGen: 375647K->184526K(465920K)] 1100332K->910464K(1393664K), 0.0206783 secs] [Times: user=0.03 sys=0.00, real=0.02 secs] 
695.920: [GC (Allocation Failure) [PSYoungGen: 417486K->163185K(465920K)] 1143424K->889388K(1393664K), 0.0222555 secs] [Times: user=0.03 sys=0.00, real=0.02 secs] 
697.755: [GC (Allocation Failure) [PSYoungGen: 396145K->64K(465920K)] 1122348K->727702K(1393664K), 0.0034512 secs] [Times: user=0.01 sys=0.00, real=0.01 secs] 
698.271: [GC (Allocation Failure) [PSYoungGen: 233024K->165050K(465920K)] 960662K->892705K(1393664K), 0.0185010 secs] [Times: user=0.03 sys=0.00, real=0.02 secs] 
698.552: [GC (Allocation Failure) [PSYoungGen: 398010K->184301K(465920K)] 1125665K->913202K(1393664K), 0.0205588 secs] [Times: user=0.03 sys=0.00, real=0.02 secs] 
699.267: [GC (Allocation Failure) [PSYoungGen: 416382K->141015K(465920K)] 1145282K->870188K(1393664K), 0.0202159 secs] [Times: user=0.03 sys=0.00, real=0.02 secs] 
701.014: [GC (Allocation Failure) [PSYoungGen: 373975K->1569K(465920K)] 1103148K->731056K(1393664K), 0.0028259 secs] [Times: user=0.02 sys=0.00, real=0.01 secs] 
701.311: [GC (Allocation Failure) [PSYoungGen: 234529K->184783K(465920K)] 964016K->915516K(1393664K), 0.0203918 secs] [Times: user=0.02 sys=0.00, real=0.02 secs] 
701.596: [GC (Allocation Failure) [PSYoungGen: 417743K->184623K(465920K)] 1148476K->915749K(1393664K), 0.0204494 secs] [Times: user=0.03 sys=0.00, real=0.02 secs] 
702.219: [GC (Allocation Failure) [PSYoungGen: 417583K->127679K(465920K)] 1148709K->858941K(1393664K), 0.0158118 secs] [Times: user=0.02 sys=0.00, real=0.01 secs] 
703.153: [GC (Allocation Failure) [PSYoungGen: 360639K->25217K(465920K)] 1091901K->756796K(1393664K), 0.0051346 secs] [Times: user=0.01 sys=0.00, real=0.01 secs] 
703.510: [GC (Allocation Failure) [PSYoungGen: 258177K->186454K(465920K)] 989756K->919271K(1393664K), 0.0206669 secs] [Times: user=0.03 sys=0.00, real=0.02 secs] 
703.796: [GC (Allocation Failure) [PSYoungGen: 419414K->186036K(465920K)] 1152231K->919126K(1393664K), 0.0207575 secs] [Times: user=0.03 sys=0.00, real=0.02 secs] 
706.451: [GC (Allocation Failure) [PSYoungGen: 418996K->84498K(465920K)] 1152086K->817860K(1393664K), 0.0142278 secs] [Times: user=0.03 sys=0.00, real=0.01 secs] 
708.279: [GC (Allocation Failure) [PSYoungGen: 317458K->52336K(465920K)] 1050820K->786007K(1393664K), 0.0090609 secs] [Times: user=0.02 sys=0.00, real=0.01 secs] 
708.577: [GC (Allocation Failure) [PSYoungGen: 285296K->184526K(465920K)] 1018967K->919435K(1393664K), 0.0205297 secs] [Times: user=0.02 sys=0.00, real=0.02 secs] 
708.923: [GC (Allocation Failure) [PSYoungGen: 417486K->184494K(465920K)] 1152395K->919668K(1393664K), 0.0203644 secs] [Times: user=0.03 sys=0.00, real=0.02 secs] 
709.724: [GC (Allocation Failure) [PSYoungGen: 417454K->60833K(465920K)] 1152628K->796280K(1393664K), 0.0107574 secs] [Times: user=0.02 sys=0.00, real=0.01 secs] 
710.677: [GC (Allocation Failure) [PSYoungGen: 293793K->76370K(465920K)] 1029240K->812114K(1393664K), 0.0110616 secs] [Times: user=0.02 sys=0.00, real=0.01 secs] 
710.993: [GC (Allocation Failure) [PSYoungGen: 309330K->184398K(465920K)] 1045074K->921387K(1393664K), 0.0205135 secs] [Times: user=0.03 sys=0.00, real=0.02 secs] 
711.277: [GC (Allocation Failure) [PSYoungGen: 417358K->184623K(465920K)] 1154347K->921886K(1393664K), 0.0204965 secs] [Times: user=0.03 sys=0.00, real=0.02 secs] 
713.446: [GC (Allocation Failure) [PSYoungGen: 417583K->36767K(465920K)] 1154846K->774295K(1393664K), 0.0075691 secs] [Times: user=0.01 sys=0.00, real=0.00 secs] 
714.571: [GC (Allocation Failure) [PSYoungGen: 269727K->99632K(465920K)] 1007255K->837474K(1393664K), 0.0118799 secs] [Times: user=0.02 sys=0.00, real=0.01 secs] 
714.910: [GC (Allocation Failure) [PSYoungGen: 332592K->184012K(465920K)] 1070434K->923212K(1393664K), 0.0206577 secs] [Times: user=0.03 sys=0.00, real=0.02 secs] 
715.192: [GC (Allocation Failure) [PSYoungGen: 416972K->184012K(465920K)] 1156172K->923364K(1393664K), 0.0206095 secs] [Times: user=0.03 sys=0.00, real=0.02 secs] 
717.012: [GC (Allocation Failure) [PSYoungGen: 416972K->14629K(465920K)] 1156324K->754247K(1393664K), 0.0088092 secs] [Times: user=0.03 sys=0.00, real=0.01 secs] 
717.979: [GC (Allocation Failure) [PSYoungGen: 247589K->121417K(465920K)] 987207K->861340K(1393664K), 0.0162048 secs] [Times: user=0.02 sys=0.00, real=0.01 secs] 
718.261: [GC (Allocation Failure) [PSYoungGen: 354377K->183755K(465920K)] 1094300K->924916K(1393664K), 0.0205433 secs] [Times: user=0.03 sys=0.00, real=0.02 secs] 
718.661: [GC (Allocation Failure) [PSYoungGen: 416715K->177978K(465920K)] 1157876K->919532K(1393664K), 0.0249539 secs] [Times: user=0.03 sys=0.00, real=0.02 secs] 
720.855: [GC (Allocation Failure) [PSYoungGen: 410938K->64K(465920K)] 1152492K->742925K(1393664K), 0.0044465 secs] [Times: user=0.02 sys=0.00, real=0.01 secs] 
721.624: [GC (Allocation Failure) [PSYoungGen: 233024K->143169K(465920K)] 975885K->886047K(1393664K), 0.0171234 secs] [Times: user=0.02 sys=0.00, real=0.02 secs] 
721.911: [GC (Allocation Failure) [PSYoungGen: 376129K->184301K(465920K)] 1119007K->928424K(1393664K), 0.0204736 secs] [Times: user=0.02 sys=0.00, real=0.02 secs] 
722.834: [GC (Allocation Failure) [PSYoungGen: 417261K->162928K(465920K)] 1161384K->907316K(1393664K), 0.0282284 secs] [Times: user=0.04 sys=0.00, real=0.03 secs] 
724.926: [GC (Allocation Failure) [PSYoungGen: 395888K->96K(465920K)] 1140276K->745921K(1393664K), 0.0032544 secs] [Times: user=0.01 sys=0.00, real=0.01 secs] 
725.834: [GC (Allocation Failure) [PSYoungGen: 233056K->167717K(465920K)] 978881K->913583K(1393664K), 0.0187022 secs] [Times: user=0.03 sys=0.00, real=0.02 secs] 
726.117: [GC (Allocation Failure) [PSYoungGen: 400677K->184815K(465920K)] 1146543K->931919K(1393664K), 0.0204426 secs] [Times: user=0.03 sys=0.00, real=0.02 secs] 
726.708: [GC (Allocation Failure) [PSYoungGen: 414632K->137849K(465920K)] 1161736K->885226K(1393664K), 0.0185512 secs] [Times: user=0.03 sys=0.00, real=0.02 secs] 
727.831: [GC (Allocation Failure) [PSYoungGen: 370809K->1826K(465920K)] 1118186K->749511K(1393664K), 0.0029491 secs] [Times: user=0.02 sys=0.00, real=0.00 secs] 
728.131: [GC (Allocation Failure) [PSYoungGen: 234786K->186454K(465920K)] 982471K->935384K(1393664K), 0.0208241 secs] [Times: user=0.03 sys=0.00, real=0.02 secs] 
728.417: [GC (Allocation Failure) [PSYoungGen: 419414K->186036K(465920K)] 1168344K->935240K(1393664K), 0.0208630 secs] [Times: user=0.02 sys=0.00, real=0.02 secs] 
729.681: [GC (Allocation Failure) [PSYoungGen: 418996K->124305K(465920K)] 1168200K->873773K(1393664K), 0.0215787 secs] [Times: user=0.04 sys=0.00, real=0.02 secs] 
732.480: [GC (Allocation Failure) [PSYoungGen: 357265K->29105K(465920K)] 1106733K->778879K(1393664K), 0.0080793 secs] [Times: user=0.02 sys=0.00, real=0.01 secs] 
732.891: [GC (Allocation Failure) [PSYoungGen: 262065K->184141K(465920K)] 1011839K->935144K(1393664K), 0.0204464 secs] [Times: user=0.03 sys=0.00, real=0.02 secs] 
733.177: [GC (Allocation Failure) [PSYoungGen: 417101K->186068K(465920K)] 1168104K->937337K(1393664K), 0.0206163 secs] [Times: user=0.03 sys=0.00, real=0.02 secs] 
734.600: [GC (Allocation Failure) [PSYoungGen: 419028K->82939K(465920K)] 1170297K->834473K(1393664K), 0.0135536 secs] [Times: user=0.03 sys=0.00, real=0.01 secs] 
737.228: [GC (Allocation Failure) [PSYoungGen: 315899K->53393K(465920K)] 1067433K->805226K(1393664K), 0.0089512 secs] [Times: user=0.02 sys=0.00, real=0.01 secs] 
737.525: [GC (Allocation Failure) [PSYoungGen: 286353K->186197K(465920K)] 1038186K->939404K(1393664K), 0.0207910 secs] [Times: user=0.03 sys=0.00, real=0.02 secs] 
737.817: [GC (Allocation Failure) [PSYoungGen: 419157K->184815K(465920K)] 1172364K->938167K(1393664K), 0.0205924 secs] [Times: user=0.03 sys=0.00, real=0.02 secs] 
741.051: [GC (Allocation Failure) [PSYoungGen: 417775K->57877K(465920K)] 1171127K->811631K(1393664K), 0.0160311 secs] [Times: user=0.03 sys=0.00, real=0.02 secs] 
743.024: [GC (Allocation Failure) [PSYoungGen: 290764K->78105K(465920K)] 1044517K->832035K(1393664K), 0.0096284 secs] [Times: user=0.02 sys=0.00, real=0.01 secs] 
743.300: [GC (Allocation Failure) [PSYoungGen: 311065K->186325K(465920K)] 1064995K->941502K(1393664K), 0.0207849 secs] [Times: user=0.03 sys=0.00, real=0.02 secs] 
743.584: [GC (Allocation Failure) [PSYoungGen: 419285K->184783K(465920K)] 1174462K->940233K(1393664K), 0.0205788 secs] [Times: user=0.03 sys=0.00, real=0.02 secs] 
746.166: [GC (Allocation Failure) [PSYoungGen: 417743K->33040K(465920K)] 1173193K->788755K(1393664K), 0.0150115 secs] [Times: user=0.04 sys=0.00, real=0.02 secs] 
747.628: [GC (Allocation Failure) [PSYoungGen: 266000K->102138K(465920K)] 1021715K->858161K(1393664K), 0.0122979 secs] [Times: user=0.01 sys=0.00, real=0.01 secs] 
747.910: [GC (Allocation Failure) [PSYoungGen: 335098K->186454K(465920K)] 1091121K->943706K(1393664K), 0.0208275 secs] [Times: user=0.03 sys=0.00, real=0.02 secs] 
748.256: [GC (Allocation Failure) [PSYoungGen: 419414K->186036K(465920K)] 1176666K->943561K(1393664K), 0.0208960 secs] [Times: user=0.03 sys=0.00, real=0.02 secs] 
751.634: [GC (Allocation Failure) [PSYoungGen: 418996K->7561K(465920K)] 1176521K->765359K(1393664K), 0.0058115 secs] [Times: user=0.02 sys=0.00, real=0.01 secs] 
752.589: [GC (Allocation Failure) [PSYoungGen: 240521K->129289K(465920K)] 998319K->887392K(1393664K), 0.0185397 secs] [Times: user=0.03 sys=0.00, real=0.02 secs] 
752.876: [GC (Allocation Failure) [PSYoungGen: 362249K->185940K(465920K)] 1120352K->945418K(1393664K), 0.0208941 secs] [Times: user=0.03 sys=0.00, real=0.02 secs] 
753.310: [GC (Allocation Failure) [PSYoungGen: 418900K->169009K(465920K)] 1178378K->928623K(1393664K), 0.0215135 secs] [Times: user=0.03 sys=0.00, real=0.02 secs] 
754.618: [GC (Allocation Failure) [PSYoungGen: 401969K->96K(465920K)] 1161583K->761139K(1393664K), 0.0031912 secs] [Times: user=0.01 sys=0.00, real=0.00 secs] 
755.181: [GC (Allocation Failure) [PSYoungGen: 233056K->154126K(465920K)] 994099K->915210K(1393664K), 0.0176361 secs] [Times: user=0.02 sys=0.00, real=0.02 secs] 
755.466: [GC (Allocation Failure) [PSYoungGen: 387086K->186197K(465920K)] 1148170K->948519K(1393664K), 0.0208453 secs] [Times: user=0.03 sys=0.00, real=0.03 secs] 
756.168: [GC (Allocation Failure) [PSYoungGen: 419157K->150091K(465920K)] 1181479K->912678K(1393664K), 0.0209541 secs] [Times: user=0.04 sys=0.00, real=0.02 secs] 
758.701: [GC (Allocation Failure) [PSYoungGen: 383051K->96K(465920K)] 1145638K->764134K(1393664K), 0.0031360 secs] [Times: user=0.02 sys=0.00, real=0.00 secs] 
759.169: [GC (Allocation Failure) [PSYoungGen: 233056K->179606K(465920K)] 997094K->943668K(1393664K), 0.0200591 secs] [Times: user=0.03 sys=0.00, real=0.02 secs] 
759.458: [GC (Allocation Failure) [PSYoungGen: 412566K->186325K(465920K)] 1176628K->951633K(1393664K), 0.0207861 secs] [Times: user=0.03 sys=0.00, real=0.02 secs] 
760.069: [GC (Allocation Failure) [PSYoungGen: 419285K->132675K(465920K)] 1184593K->898248K(1393664K), 0.0176881 secs] [Times: user=0.03 sys=0.01, real=0.02 secs] 
761.850: [GC (Allocation Failure) [PSYoungGen: 365635K->20976K(465920K)] 1131208K->786871K(1393664K), 0.0058494 secs] [Times: user=0.02 sys=0.00, real=0.01 secs] 
762.160: [GC (Allocation Failure) [PSYoungGen: 253936K->185683K(465920K)] 1019831K->952815K(1393664K), 0.0205600 secs] [Times: user=0.03 sys=0.00, real=0.02 secs] 
762.444: [GC (Allocation Failure) [PSYoungGen: 418643K->184430K(465920K)] 1185775K->951835K(1393664K), 0.0203569 secs] [Times: user=0.02 sys=0.00, real=0.02 secs] 
764.155: [GC (Allocation Failure) [PSYoungGen: 417390K->107629K(465920K)] 1184795K->875428K(1393664K), 0.0157572 secs] [Times: user=0.03 sys=0.00, real=0.02 secs] 
766.746: [GC (Allocation Failure) [PSYoungGen: 340589K->46102K(465920K)] 1108388K->814070K(1393664K), 0.0080639 secs] [Times: user=0.02 sys=0.00, real=0.00 secs] 
767.044: [GC (Allocation Failure) [PSYoungGen: 279062K->186229K(465920K)] 1047030K->955451K(1393664K), 0.0207426 secs] [Times: user=0.03 sys=0.00, real=0.02 secs] 
767.328: [GC (Allocation Failure) [PSYoungGen: 419189K->184430K(465920K)] 1188411K->953924K(1393664K), 0.0204417 secs] [Times: user=0.03 sys=0.00, real=0.02 secs] 
769.136: [GC (Allocation Failure) [PSYoungGen: 417390K->65589K(465920K)] 1186884K->835349K(1393664K), 0.0124980 secs] [Times: user=0.02 sys=0.00, real=0.02 secs] 
770.916: [GC (Allocation Failure) [PSYoungGen: 298549K->71614K(465920K)] 1068309K->841680K(1393664K), 0.0092437 secs] [Times: user=0.01 sys=0.00, real=0.00 secs] 
771.190: [GC (Allocation Failure) [PSYoungGen: 304574K->185940K(465920K)] 1074640K->957251K(1393664K), 0.0207701 secs] [Times: user=0.03 sys=0.00, real=0.02 secs] 
771.475: [GC (Allocation Failure) [PSYoungGen: 418900K->184558K(465920K)] 1190211K->956142K(1393664K), 0.0207700 secs] [Times: user=0.03 sys=0.00, real=0.03 secs] 
772.372: [GC (Allocation Failure) [PSYoungGen: 417518K->40125K(465920K)] 1189102K->811974K(1393664K), 0.0075676 secs] [Times: user=0.02 sys=0.00, real=0.01 secs] 
773.079: [GC (Allocation Failure) [PSYoungGen: 273012K->96772K(465920K)] 1044861K->868919K(1393664K), 0.0115936 secs] [Times: user=0.02 sys=0.00, real=0.01 secs] 
773.416: [GC (Allocation Failure) [PSYoungGen: 329732K->184912K(465920K)] 1101879K->958296K(1393664K), 0.0205358 secs] [Times: user=0.03 sys=0.00, real=0.03 secs] 
773.709: [GC (Allocation Failure) [PSYoungGen: 417872K->184269K(465920K)] 1191256K->957919K(1393664K), 0.0204588 secs] [Times: user=0.03 sys=0.01, real=0.02 secs] 
777.881: [GC (Allocation Failure) [PSYoungGen: 417229K->16316K(465920K)] 1190879K->790359K(1393664K), 0.0053422 secs] [Times: user=0.01 sys=0.00, real=0.01 secs] 
779.313: [GC (Allocation Failure) [PSYoungGen: 249276K->119647K(465920K)] 1023319K->893869K(1393664K), 0.0138845 secs] [Times: user=0.02 sys=0.00, real=0.02 secs] 
779.591: [GC (Allocation Failure) [PSYoungGen: 352607K->184912K(465920K)] 1126829K->960372K(1393664K), 0.0205682 secs] [Times: user=0.03 sys=0.00, real=0.02 secs] 
779.960: [GC (Allocation Failure) [PSYoungGen: 417872K->178109K(465920K)] 1193332K->953834K(1393664K), 0.0229361 secs] [Times: user=0.03 sys=0.00, real=0.02 secs] 
781.544: [GC (Allocation Failure) [PSYoungGen: 411069K->64K(465920K)] 1186794K->777226K(1393664K), 0.0035431 secs] [Times: user=0.02 sys=0.00, real=0.01 secs] 
782.325: [GC (Allocation Failure) [PSYoungGen: 233024K->141756K(465920K)] 1010186K->918934K(1393664K), 0.0162244 secs] [Times: user=0.02 sys=0.00, real=0.02 secs] 
782.604: [GC (Allocation Failure) [PSYoungGen: 374716K->184141K(465920K)] 1151894K->962549K(1393664K), 0.0205738 secs] [Times: user=0.03 sys=0.00, real=0.02 secs] 
783.343: [GC (Allocation Failure) [PSYoungGen: 414867K->160390K(465920K)] 1193275K->939063K(1393664K), 0.0277593 secs] [Times: user=0.05 sys=0.00, real=0.03 secs] 
785.496: [GC (Allocation Failure) [PSYoungGen: 393350K->64K(465920K)] 1172023K->780175K(1393664K), 0.0037947 secs] [Times: user=0.02 sys=0.00, real=0.00 secs] 
786.085: [GC (Allocation Failure) [PSYoungGen: 233024K->161677K(465920K)] 1013135K->941812K(1393664K), 0.0180733 secs] [Times: user=0.02 sys=0.00, real=0.02 secs] 
786.431: [GC (Allocation Failure) [PSYoungGen: 394637K->184558K(465920K)] 1174772K->966067K(1393664K), 0.0205696 secs] [Times: user=0.02 sys=0.00, real=0.02 secs] 
787.359: [GC (Allocation Failure) [PSYoungGen: 417518K->144131K(465920K)] 1199027K->925785K(1393664K), 0.0265234 secs] [Times: user=0.04 sys=0.00, real=0.02 secs] 
790.514: [GC (Allocation Failure) [PSYoungGen: 377091K->96K(465920K)] 1158745K->782059K(1393664K), 0.0027445 secs] [Times: user=0.01 sys=0.00, real=0.01 secs] 
790.796: [GC (Allocation Failure) [PSYoungGen: 233056K->184972K(465920K)] 1015019K->966975K(1393664K), 0.0207491 secs] [Times: user=0.03 sys=0.00, real=0.02 secs] 
791.139: [GC (Allocation Failure) [PSYoungGen: 417932K->184141K(465920K)] 1199935K->967374K(1393664K), 0.0207642 secs] [Times: user=0.03 sys=0.00, real=0.02 secs] 
794.939: [GC (Allocation Failure) [PSYoungGen: 417101K->129446K(465920K)] 1200334K->912944K(1393664K), 0.0344195 secs] [Times: user=0.07 sys=0.00, real=0.03 secs] 
796.351: [GC (Allocation Failure) [PSYoungGen: 362354K->97769K(465920K)] 1145852K->881583K(1393664K), 0.0118403 secs] [Times: user=0.02 sys=0.00, real=0.01 secs] 
796.547: [GC (Allocation Failure) [PSYoungGen: 330729K->184301K(465920K)] 1114543K->969353K(1393664K), 0.0204460 secs] [Times: user=0.03 sys=0.00, real=0.02 secs] 
796.756: [GC (Allocation Failure) [PSYoungGen: 417261K->184558K(465920K)] 1202313K->970020K(1393664K), 0.0205822 secs] [Times: user=0.03 sys=0.00, real=0.02 secs] 
799.226: [GC (Allocation Failure) [PSYoungGen: 417518K->15626K(465920K)] 1202980K->801352K(1393664K), 0.0073488 secs] [Times: user=0.03 sys=0.00, real=0.00 secs] 
800.272: [GC (Allocation Failure) [PSYoungGen: 248586K->120321K(465920K)] 1034312K->906217K(1393664K), 0.0142269 secs] [Times: user=0.02 sys=0.00, real=0.02 secs] 
800.549: [GC (Allocation Failure) [PSYoungGen: 353281K->184141K(465920K)] 1139177K->971410K(1393664K), 0.0205986 secs] [Times: user=0.03 sys=0.00, real=0.02 secs] 
801.012: [GC (Allocation Failure) [PSYoungGen: 417101K->178269K(465920K)] 1204370K->965676K(1393664K), 0.0238424 secs] [Times: user=0.03 sys=0.00, real=0.02 secs] 
803.497: [GC (Allocation Failure) [PSYoungGen: 411229K->64K(465920K)] 1198636K->788888K(1393664K), 0.0032710 secs] [Times: user=0.01 sys=0.00, real=0.00 secs] 
804.367: [GC (Allocation Failure) [PSYoungGen: 233024K->142045K(465920K)] 1021848K->930901K(1393664K), 0.0167255 secs] [Times: user=0.03 sys=0.00, real=0.01 secs] 
804.731: [GC (Allocation Failure) [PSYoungGen: 375005K->184622K(465920K)] 1163861K->974716K(1393664K), 0.0206441 secs] [Times: user=0.03 sys=0.00, real=0.02 secs] 
805.308: [GC (Allocation Failure) [PSYoungGen: 415438K->159715K(465920K)] 1205532K->950098K(1393664K), 0.0335224 secs] [Times: user=0.05 sys=0.00, real=0.03 secs] 
806.712: [GC (Allocation Failure) [PSYoungGen: 392675K->64K(465920K)] 1183058K->791886K(1393664K), 0.0028882 secs] [Times: user=0.02 sys=0.00, real=0.00 secs] 
807.756: [GC (Allocation Failure) [PSYoungGen: 233024K->161323K(465920K)] 1024846K->953162K(1393664K), 0.0182444 secs] [Times: user=0.03 sys=0.00, real=0.01 secs] 
808.096: [GC (Allocation Failure) [PSYoungGen: 394283K->184526K(465920K)] 1186122K->977594K(1393664K), 0.0207552 secs] [Times: user=0.03 sys=0.00, real=0.02 secs] 
808.847: [GC (Allocation Failure) [PSYoungGen: 417486K->144517K(465920K)] 1210554K->937858K(1393664K), 0.0425525 secs] [Times: user=0.07 sys=0.00, real=0.04 secs] 
810.059: [GC (Allocation Failure) [PSYoungGen: 377477K->64K(465920K)] 1170818K->794843K(1393664K), 0.0029083 secs] [Times: user=0.01 sys=0.00, real=0.00 secs] 
810.400: [GC (Allocation Failure) [PSYoungGen: 233024K->184072K(465920K)] 1027803K->978875K(1393664K), 0.0206566 secs] [Times: user=0.02 sys=0.00, real=0.02 secs] 
810.683: [GC (Allocation Failure) [PSYoungGen: 417032K->183884K(465920K)] 1211835K->979916K(1393664K), 0.0205596 secs] [Times: user=0.03 sys=0.00, real=0.02 secs] 
812.041: [GC (Allocation Failure) [PSYoungGen: 416844K->130571K(465920K)] 1212876K->926869K(1393664K), 0.0194883 secs] [Times: user=0.03 sys=0.00, real=0.02 secs] 
814.801: [GC (Allocation Failure) [PSYoungGen: 363531K->22325K(465920K)] 1159829K->818931K(1393664K), 0.0070658 secs] [Times: user=0.02 sys=0.00, real=0.01 secs] 
815.137: [GC (Allocation Failure) [PSYoungGen: 255285K->186325K(465920K)] 1051891K->984161K(1393664K), 0.0206981 secs] [Times: user=0.03 sys=0.00, real=0.02 secs] 
815.423: [GC (Allocation Failure) [PSYoungGen: 419285K->185940K(465920K)] 1217121K->984049K(1393664K), 0.0206994 secs] [Times: user=0.03 sys=0.00, real=0.02 secs] 
816.745: [GC (Allocation Failure) [PSYoungGen: 418900K->104063K(465920K)] 1217009K->902436K(1393664K), 0.0142214 secs] [Times: user=0.03 sys=0.00, real=0.02 secs] 
818.439: [GC (Allocation Failure) [PSYoungGen: 337023K->48352K(465920K)] 1135396K->847017K(1393664K), 0.0077952 secs] [Times: user=0.02 sys=0.00, real=0.01 secs] 
818.718: [GC (Allocation Failure) [PSYoungGen: 281312K->185940K(465920K)] 1079977K->985963K(1393664K), 0.0207436 secs] [Times: user=0.03 sys=0.00, real=0.02 secs] 
819.003: [GC (Allocation Failure) [PSYoungGen: 418900K->184558K(465920K)] 1218923K->984718K(1393664K), 0.0204875 secs] [Times: user=0.03 sys=0.00, real=0.02 secs] 
820.253: [GC (Allocation Failure) [PSYoungGen: 417518K->63372K(465920K)] 1217678K->863797K(1393664K), 0.0158117 secs] [Times: user=0.03 sys=0.00, real=0.02 secs] 
821.651: [GC (Allocation Failure) [PSYoungGen: 296332K->72418K(465920K)] 1096757K->873142K(1393664K), 0.0094038 secs] [Times: user=0.01 sys=0.00, real=0.01 secs] 
821.926: [GC (Allocation Failure) [PSYoungGen: 305378K->186325K(465920K)] 1106102K->988416K(1393664K), 0.0208393 secs] [Times: user=0.03 sys=0.00, real=0.02 secs] 
822.217: [GC (Allocation Failure) [PSYoungGen: 419285K->186132K(465920K)] 1221376K->988360K(1393664K), 0.0207724 secs] [Times: user=0.03 sys=0.00, real=0.02 secs] 
823.997: [GC (Allocation Failure) [PSYoungGen: 419092K->37442K(465920K)] 1221320K->839935K(1393664K), 0.0113908 secs] [Times: user=0.03 sys=0.00, real=0.01 secs] 
825.984: [GC (Allocation Failure) [PSYoungGen: 270402K->99086K(465920K)] 1072895K->901884K(1393664K), 0.0119901 secs] [Times: user=0.02 sys=0.00, real=0.02 secs] 
826.315: [GC (Allocation Failure) [PSYoungGen: 332046K->185940K(465920K)] 1134844K->989984K(1393664K), 0.0210206 secs] [Times: user=0.03 sys=0.00, real=0.03 secs] 
826.660: [GC (Allocation Failure) [PSYoungGen: 418900K->185972K(465920K)] 1222944K->990281K(1393664K), 0.0207595 secs] [Times: user=0.03 sys=0.00, real=0.02 secs] 
828.640: [GC (Allocation Failure) [PSYoungGen: 418932K->11352K(465920K)] 1223241K->815926K(1393664K), 0.0049040 secs] [Times: user=0.01 sys=0.00, real=0.00 secs] 
829.516: [GC (Allocation Failure) [PSYoungGen: 244312K->124630K(465920K)] 1048886K->929518K(1393664K), 0.0146732 secs] [Times: user=0.03 sys=0.00, real=0.01 secs] 
829.796: [GC (Allocation Failure) [PSYoungGen: 357590K->185940K(465920K)] 1162478K->992065K(1393664K), 0.0207319 secs] [Times: user=0.03 sys=0.00, real=0.02 secs] 
830.666: [GC (Allocation Failure) [PSYoungGen: 418900K->173572K(465920K)] 1225025K->979962K(1393664K), 0.0306843 secs] [Times: user=0.05 sys=0.00, real=0.03 secs] 
833.404: [GC (Allocation Failure) [PSYoungGen: 406532K->64K(465920K)] 1212922K->807905K(1393664K), 0.0040564 secs] [Times: user=0.02 sys=0.00, real=0.01 secs] 
834.110: [GC (Allocation Failure) [PSYoungGen: 233024K->148567K(465920K)] 1040865K->956433K(1393664K), 0.0168305 secs] [Times: user=0.03 sys=0.00, real=0.02 secs] 
834.394: [GC (Allocation Failure) [PSYoungGen: 381527K->184269K(465920K)] 1189393K->993501K(1393664K), 0.0213502 secs] [Times: user=0.03 sys=0.00, real=0.02 secs] 
835.104: [GC (Allocation Failure) [PSYoungGen: 417229K->157546K(465920K)] 1226461K->966914K(1393664K), 0.0275283 secs] [Times: user=0.04 sys=0.00, real=0.03 secs] 
836.575: [GC (Allocation Failure) [PSYoungGen: 390506K->64K(465920K)] 1199874K->810884K(1393664K), 0.0028754 secs] [Times: user=0.02 sys=0.00, real=0.01 secs] 
836.949: [GC (Allocation Failure) [PSYoungGen: 233024K->170577K(465920K)] 1043844K->981413K(1393664K), 0.0189926 secs] [Times: user=0.02 sys=0.00, real=0.02 secs] 
837.231: [GC (Allocation Failure) [PSYoungGen: 403537K->184141K(465920K)] 1214373K->996215K(1393664K), 0.0205117 secs] [Times: user=0.02 sys=0.00, real=0.02 secs] 
837.769: [GC (Allocation Failure) [PSYoungGen: 409524K->135649K(465920K)] 1221598K->947996K(1393664K), 0.0165275 secs] [Times: user=0.03 sys=0.00, real=0.01 secs] 
838.740: [GC (Allocation Failure) [PSYoungGen: 368609K->1698K(465920K)] 1180956K->814344K(1393664K), 0.0029691 secs] [Times: user=0.01 sys=0.00, real=0.00 secs] 
839.117: [GC (Allocation Failure) [PSYoungGen: 234658K->184912K(465920K)] 1047304K->998796K(1393664K), 0.0210777 secs] [Times: user=0.03 sys=0.00, real=0.02 secs] 
839.433: [GC (Allocation Failure) [PSYoungGen: 417872K->184205K(465920K)] 1231756K->998483K(1393664K), 0.0207868 secs] [Times: user=0.03 sys=0.00, real=0.02 secs] 
841.185: [GC (Allocation Failure) [PSYoungGen: 417165K->127920K(465920K)] 1231443K->942334K(1393664K), 0.0246038 secs] [Times: user=0.05 sys=0.00, real=0.03 secs] 
843.829: [GC (Allocation Failure) [PSYoungGen: 360880K->24350K(465920K)] 1175294K->839070K(1393664K), 0.0075063 secs] [Times: user=0.03 sys=0.00, real=0.01 secs] 
844.247: [GC (Allocation Failure) [PSYoungGen: 257310K->186325K(465920K)] 1072030K->1002283K(1393664K), 0.0207873 secs] [Times: user=0.03 sys=0.00, real=0.02 secs] 
844.585: [GC (Allocation Failure) [PSYoungGen: 419285K->184847K(465920K)] 1235243K->1001078K(1393664K), 0.0224906 secs] [Times: user=0.03 sys=0.00, real=0.03 secs] 
846.831: [GC (Allocation Failure) [PSYoungGen: 417807K->103227K(465920K)] 1234038K->919876K(1393664K), 0.0314268 secs] [Times: user=0.08 sys=0.00, real=0.03 secs] 
848.210: [GC (Allocation Failure) [PSYoungGen: 336187K->48866K(465920K)] 1152836K->865691K(1393664K), 0.0070026 secs] [Times: user=0.02 sys=0.00, real=0.01 secs] 
848.481: [GC (Allocation Failure) [PSYoungGen: 281826K->184783K(465920K)] 1098651K->1002846K(1393664K), 0.0205552 secs] [Times: user=0.03 sys=0.00, real=0.02 secs] 
848.765: [GC (Allocation Failure) [PSYoungGen: 417743K->184012K(465920K)] 1235806K->1002469K(1393664K), 0.0205934 secs] [Times: user=0.03 sys=0.00, real=0.02 secs] 
849.897: [GC (Allocation Failure) [PSYoungGen: 416972K->64529K(465920K)] 1235429K->883122K(1393664K), 0.0106935 secs] [Times: user=0.02 sys=0.00, real=0.01 secs] 
850.708: [GC (Allocation Failure) [PSYoungGen: 297489K->71389K(465920K)] 1116082K->890272K(1393664K), 0.0091554 secs] [Times: user=0.02 sys=0.00, real=0.01 secs] 
850.981: [GC (Allocation Failure) [PSYoungGen: 304349K->184398K(465920K)] 1123232K->1004518K(1393664K), 0.0207539 secs] [Times: user=0.03 sys=0.00, real=0.02 secs] 
851.265: [GC (Allocation Failure) [PSYoungGen: 417358K->184012K(465920K)] 1237478K->1004398K(1393664K), 0.0205808 secs] [Times: user=0.03 sys=0.00, real=0.02 secs] 
852.065: [GC (Allocation Failure) [PSYoungGen: 416972K->42423K(465920K)] 1237358K->863073K(1393664K), 0.0069135 secs] [Times: user=0.02 sys=0.00, real=0.01 secs] 
852.730: [GC (Allocation Failure) [PSYoungGen: 275383K->93784K(465920K)] 1096033K->914751K(1393664K), 0.0114545 secs] [Times: user=0.02 sys=0.00, real=0.01 secs] 
853.065: [GC (Allocation Failure) [PSYoungGen: 326744K->184012K(465920K)] 1147711K->1006353K(1393664K), 0.0210607 secs] [Times: user=0.03 sys=0.00, real=0.02 secs] 
853.352: [GC (Allocation Failure) [PSYoungGen: 416972K->184044K(465920K)] 1239313K->1006521K(1393664K), 0.0205513 secs] [Times: user=0.03 sys=0.00, real=0.02 secs] 
855.549: [GC (Allocation Failure) [PSYoungGen: 417004K->20509K(465920K)] 1239481K->843251K(1393664K), 0.0082592 secs] [Times: user=0.02 sys=0.00, real=0.01 secs] 
856.511: [GC (Allocation Failure) [PSYoungGen: 253469K->116983K(465920K)] 1076211K->940040K(1393664K), 0.0138007 secs] [Times: user=0.02 sys=0.00, real=0.01 secs] 
856.790: [GC (Allocation Failure) [PSYoungGen: 349943K->186068K(465920K)] 1173000K->1010372K(1393664K), 0.0207046 secs] [Times: user=0.03 sys=0.00, real=0.02 secs] 
857.147: [GC (Allocation Failure) [PSYoungGen: 419028K->180163K(465920K)] 1243332K->1004755K(1393664K), 0.0206403 secs] [Times: user=0.03 sys=0.00, real=0.02 secs] 
859.041: [GC (Allocation Failure) [PSYoungGen: 413123K->64K(465920K)] 1237715K->826092K(1393664K), 0.0040212 secs] [Times: user=0.01 sys=0.00, real=0.00 secs] 
860.050: [GC (Allocation Failure) [PSYoungGen: 233024K->141756K(465920K)] 1059052K->967800K(1393664K), 0.0162731 secs] [Times: user=0.02 sys=0.00, real=0.02 secs] 
860.330: [GC (Allocation Failure) [PSYoungGen: 374716K->184141K(465920K)] 1200760K->1011551K(1393664K), 0.0206016 secs] [Times: user=0.03 sys=0.00, real=0.02 secs] 
860.739: [GC (Allocation Failure) [PSYoungGen: 414817K->160358K(465920K)] 1242228K->987921K(1393664K), 0.0200342 secs] [Times: user=0.04 sys=0.00, real=0.02 secs] 
861.975: [GC (Allocation Failure) [PSYoungGen: 393318K->64K(465920K)] 1220881K->829062K(1393664K), 0.0026630 secs] [Times: user=0.01 sys=0.00, real=0.01 secs] 
862.573: [GC (Allocation Failure) [PSYoungGen: 233024K->161034K(465920K)] 1062022K->990049K(1393664K), 0.0188331 secs] [Times: user=0.02 sys=0.00, real=0.02 secs] 
862.859: [GC (Allocation Failure) [PSYoungGen: 393994K->184526K(465920K)] 1223009K->1014786K(1393664K), 0.0207588 secs] [Times: user=0.03 sys=0.00, real=0.02 secs] 
864.896: [GC (Allocation Failure) [PSYoungGen: 417486K->144774K(465920K)] 1247746K->975299K(1393664K), 0.0438004 secs] [Times: user=0.07 sys=0.00, real=0.04 secs] 
866.718: [GC (Allocation Failure) [PSYoungGen: 377734K->64K(465920K)] 1208259K->832036K(1393664K), 0.0040510 secs] [Times: user=0.02 sys=0.00, real=0.00 secs] 
867.089: [GC (Allocation Failure) [PSYoungGen: 233024K->183301K(465920K)] 1064996K->1015306K(1393664K), 0.0203892 secs] [Times: user=0.02 sys=0.00, real=0.02 secs] 
867.374: [GC (Allocation Failure) [PSYoungGen: 416261K->184398K(465920K)] 1248266K->1017648K(1393664K), 0.0205795 secs] [Times: user=0.03 sys=0.00, real=0.02 secs] 
868.078: [GC (Allocation Failure) [PSYoungGen: 417358K->130876K(465920K)] 1250608K->964399K(1393664K), 0.0165461 secs] [Times: user=0.04 sys=0.00, real=0.01 secs] 
869.024: [GC (Allocation Failure) [PSYoungGen: 363836K->21779K(465920K)] 1197359K->855609K(1393664K), 0.0047352 secs] [Times: user=0.01 sys=0.00, real=0.01 secs] 
869.294: [GC (Allocation Failure) [PSYoungGen: 254739K->184141K(465920K)] 1088569K->1019216K(1393664K), 0.0205841 secs] [Times: user=0.03 sys=0.00, real=0.02 secs] 
869.580: [GC (Allocation Failure) [PSYoungGen: 417101K->184398K(465920K)] 1252176K->1019874K(1393664K), 0.0207692 secs] [Times: user=0.03 sys=0.00, real=0.02 secs] 
870.171: [GC (Allocation Failure) [PSYoungGen: 417358K->108368K(465920K)] 1252834K->943989K(1393664K), 0.0121411 secs] [Times: user=0.03 sys=0.00, real=0.01 secs] 
871.719: [GC (Allocation Failure) [PSYoungGen: 341328K->44014K(465920K)] 1176949K->879933K(1393664K), 0.0083254 secs] [Times: user=0.02 sys=0.00, real=0.01 secs] 
872.089: [GC (Allocation Failure) [PSYoungGen: 276974K->184141K(465920K)] 1112893K->1021425K(1393664K), 0.0206435 secs] [Times: user=0.03 sys=0.00, real=0.02 secs] 
872.379: [GC (Allocation Failure) [PSYoungGen: 417101K->184141K(465920K)] 1254385K->1021562K(1393664K), 0.0206639 secs] [Times: user=0.03 sys=0.01, real=0.02 secs] 
873.282: [GC (Allocation Failure) [PSYoungGen: 417101K->69943K(465920K)] 1254522K->907766K(1393664K), 0.0125849 secs] [Times: user=0.03 sys=0.00, real=0.01 secs] 
874.736: [GC (Allocation Failure) [PSYoungGen: 302903K->66023K(465920K)] 1140726K->904018K(1393664K), 0.0101666 secs] [Times: user=0.02 sys=0.00, real=0.01 secs] 
875.023: [GC (Allocation Failure) [PSYoungGen: 298983K->184655K(465920K)] 1136978K->1023911K(1393664K), 0.0206466 secs] [Times: user=0.03 sys=0.00, real=0.02 secs] 
875.306: [GC (Allocation Failure) [PSYoungGen: 417615K->184076K(465920K)] 1256871K->1023726K(1393664K), 0.0207074 secs] [Times: user=0.03 sys=0.00, real=0.02 secs] 
876.175: [GC (Allocation Failure) [PSYoungGen: 417036K->47595K(465920K)] 1256686K->887390K(1393664K), 0.0086919 secs] [Times: user=0.02 sys=0.00, real=0.01 secs] 
876.857: [GC (Allocation Failure) [PSYoungGen: 280555K->88740K(465920K)] 1120350K->928842K(1393664K), 0.0111106 secs] [Times: user=0.02 sys=0.00, real=0.01 secs] 
877.131: [GC (Allocation Failure) [PSYoungGen: 321700K->184269K(465920K)] 1161802K->1025601K(1393664K), 0.0207297 secs] [Times: user=0.03 sys=0.00, real=0.02 secs] 
877.416: [GC (Allocation Failure) [PSYoungGen: 417229K->184558K(465920K)] 1258561K->1026163K(1393664K), 0.0206601 secs] [Times: user=0.03 sys=0.01, real=0.02 secs] 
878.578: [GC (Allocation Failure) [PSYoungGen: 417518K->24718K(465920K)] 1259123K->866588K(1393664K), 0.0050571 secs] [Times: user=0.02 sys=0.00, real=0.00 secs] 
879.699: [GC (Allocation Failure) [PSYoungGen: 257678K->110750K(465920K)] 1099548K->952928K(1393664K), 0.0151770 secs] [Times: user=0.02 sys=0.00, real=0.01 secs] 
879.987: [GC (Allocation Failure) [PSYoungGen: 343710K->184141K(465920K)] 1185888K->1027548K(1393664K), 0.0207157 secs] [Times: user=0.03 sys=0.00, real=0.02 secs] 
880.276: [GC (Allocation Failure) [PSYoungGen: 417101K->184526K(465920K)] 1260508K->1028199K(1393664K), 0.0207210 secs] [Times: user=0.03 sys=0.00, real=0.02 secs] 
882.049: [GC (Allocation Failure) [PSYoungGen: 417486K->2821K(465920K)] 1261159K->846759K(1393664K), 0.0034274 secs] [Times: user=0.02 sys=0.00, real=0.00 secs] 
882.763: [GC (Allocation Failure) [PSYoungGen: 235781K->133145K(465920K)] 1079719K->977396K(1393664K), 0.0156559 secs] [Times: user=0.02 sys=0.00, real=0.02 secs] 
883.100: [GC (Allocation Failure) [PSYoungGen: 366105K->184269K(465920K)] 1210356K->1029758K(1393664K), 0.0207987 secs] [Times: user=0.03 sys=0.00, real=0.02 secs] 
883.642: [GC (Allocation Failure) [PSYoungGen: 417229K->166792K(465920K)] 1262718K->1012555K(1393664K), 0.0317765 secs] [Times: user=0.05 sys=0.00, real=0.03 secs] 
885.081: [GC (Allocation Failure) [PSYoungGen: 399752K->96K(465920K)] 1245515K->847307K(1393664K), 0.0032785 secs] [Times: user=0.01 sys=0.01, real=0.00 secs] 
885.518: [GC (Allocation Failure) [PSYoungGen: 233056K->155411K(465920K)] 1080267K->1002663K(1393664K), 0.0175669 secs] [Times: user=0.03 sys=0.00, real=0.02 secs] 
885.849: [GC (Allocation Failure) [PSYoungGen: 388371K->184173K(465920K)] 1235623K->1032670K(1393664K), 0.0206163 secs] [Times: user=0.03 sys=0.00, real=0.02 secs] 
886.713: [GC (Allocation Failure) [PSYoungGen: 417133K->150814K(465920K)] 1265630K->999705K(1393664K), 0.0285613 secs] [Times: user=0.05 sys=0.00, real=0.03 secs] 
889.368: [GC (Allocation Failure) [PSYoungGen: 383774K->64K(465920K)] 1232665K->850274K(1393664K), 0.0036471 secs] [Times: user=0.01 sys=0.00, real=0.00 secs] 
889.794: [GC (Allocation Failure) [PSYoungGen: 233024K->179574K(465920K)] 1083234K->1029800K(1393664K), 0.0200263 secs] [Times: user=0.03 sys=0.00, real=0.02 secs] 
890.146: [GC (Allocation Failure) [PSYoungGen: 412534K->186068K(465920K)] 1262760K->1037524K(1393664K), 0.0210695 secs] [Times: user=0.03 sys=0.00, real=0.02 secs] 
890.678: [GC (Allocation Failure) [PSYoungGen: 419028K->132948K(465920K)] 1270484K->984798K(1393664K), 0.0180808 secs] [Times: user=0.04 sys=0.00, real=0.02 secs] 
891.659: [GC (Allocation Failure) [PSYoungGen: 365908K->20719K(465920K)] 1217758K->872748K(1393664K), 0.0053155 secs] [Times: user=0.02 sys=0.00, real=0.00 secs] 
891.941: [GC (Allocation Failure) [PSYoungGen: 253679K->184269K(465920K)] 1105708K->1037528K(1393664K), 0.0205260 secs] [Times: user=0.03 sys=0.00, real=0.02 secs] 
892.284: [GC (Allocation Failure) [PSYoungGen: 417229K->184558K(465920K)] 1270488K->1038090K(1393664K), 0.0206983 secs] [Times: user=0.03 sys=0.00, real=0.02 secs] 
892.966: [GC (Allocation Failure) [PSYoungGen: 417518K->109139K(465920K)] 1271050K->963065K(1393664K), 0.0154002 secs] [Times: user=0.03 sys=0.00, real=0.02 secs] 
893.822: [GC (Allocation Failure) [PSYoungGen: 342099K->44688K(465920K)] 1196025K->898785K(1393664K), 0.0066661 secs] [Times: user=0.01 sys=0.00, real=0.01 secs] 
894.095: [GC (Allocation Failure) [PSYoungGen: 277648K->186325K(465920K)] 1131745K->1041660K(1393664K), 0.0207672 secs] [Times: user=0.03 sys=0.00, real=0.02 secs] 
894.379: [GC (Allocation Failure) [PSYoungGen: 419285K->184301K(465920K)] 1274620K->1039901K(1393664K), 0.0205775 secs] [Times: user=0.03 sys=0.00, real=0.02 secs] 
895.686: [GC (Allocation Failure) [PSYoungGen: 417261K->66939K(465920K)] 1272861K->922803K(1393664K), 0.0107712 secs] [Times: user=0.03 sys=0.00, real=0.01 secs] 
896.591: [GC (Allocation Failure) [PSYoungGen: 299899K->68530K(465920K)] 1155763K->924708K(1393664K), 0.0091068 secs] [Times: user=0.02 sys=0.00, real=0.01 secs] 
896.866: [GC (Allocation Failure) [PSYoungGen: 301490K->186357K(465920K)] 1157668K->1043781K(1393664K), 0.0208061 secs] [Times: user=0.03 sys=0.00, real=0.02 secs] 
897.158: [GC (Allocation Failure) [PSYoungGen: 419317K->185972K(465920K)] 1276741K->1043797K(1393664K), 0.0207667 secs] [Times: user=0.03 sys=0.00, real=0.02 secs] 
898.168: [GC (Allocation Failure) [PSYoungGen: 418932K->41394K(465920K)] 1276757K->899356K(1393664K), 0.0085005 secs] [Times: user=0.02 sys=0.00, real=0.01 secs] 
898.825: [GC (Allocation Failure) [PSYoungGen: 274354K->96001K(465920K)] 1132316K->954279K(1393664K), 0.0118058 secs] [Times: user=0.02 sys=0.00, real=0.02 secs] 
899.158: [GC (Allocation Failure) [PSYoungGen: 328961K->186197K(465920K)] 1187239K->1045713K(1393664K), 0.0209396 secs] [Times: user=0.03 sys=0.00, real=0.02 secs] 
899.444: [GC (Allocation Failure) [PSYoungGen: 419157K->185940K(465920K)] 1278673K->1045729K(1393664K), 0.0207834 secs] [Times: user=0.02 sys=0.00, real=0.02 secs] 
902.741: [GC (Allocation Failure) [PSYoungGen: 418900K->14179K(465920K)] 1278689K->874370K(1393664K), 0.0070327 secs] [Times: user=0.02 sys=0.00, real=0.01 secs] 
903.741: [GC (Allocation Failure) [PSYoungGen: 247139K->122606K(465920K)] 1107330K->982965K(1393664K), 0.0143562 secs] [Times: user=0.02 sys=0.00, real=0.01 secs] 
904.074: [GC (Allocation Failure) [PSYoungGen: 355566K->184398K(465920K)] 1215925K->1045995K(1393664K), 0.0215404 secs] [Times: user=0.03 sys=0.00, real=0.02 secs] 
904.637: [GC (Allocation Failure) [PSYoungGen: 417358K->177187K(465920K)] 1278955K->1039049K(1393664K), 0.0267395 secs] [Times: user=0.04 sys=0.00, real=0.02 secs] 
906.482: [GC (Allocation Failure) [PSYoungGen: 410147K->64K(465920K)] 1272009K->863367K(1393664K), 0.0031842 secs] [Times: user=0.02 sys=0.00, real=0.00 secs] 
906.943: [GC (Allocation Failure) [PSYoungGen: 233024K->146704K(465920K)] 1096327K->1010015K(1393664K), 0.0167997 secs] [Times: user=0.02 sys=0.00, real=0.02 secs] 
907.224: [GC (Allocation Failure) [PSYoungGen: 379664K->184719K(465920K)] 1242975K->1049284K(1393664K), 0.0208004 secs] [Times: user=0.02 sys=0.00, real=0.02 secs] 
908.011: [GC (Allocation Failure) [PSYoungGen: 417679K->159072K(465920K)] 1282244K->1024031K(1393664K), 0.0435006 secs] [Times: user=0.07 sys=0.00, real=0.04 secs] 
910.629: [GC (Allocation Failure) [PSYoungGen: 392032K->96K(465920K)] 1256991K->866356K(1393664K), 0.0038636 secs] [Times: user=0.02 sys=0.00, real=0.00 secs] 
911.190: [GC (Allocation Failure) [PSYoungGen: 233056K->167974K(465920K)] 1099316K->1034267K(1393664K), 0.0188469 secs] [Times: user=0.03 sys=0.00, real=0.02 secs] 
911.533: [GC (Allocation Failure) [PSYoungGen: 400934K->184301K(465920K)] 1267227K->1051847K(1393664K), 0.0208027 secs] [Times: user=0.03 sys=0.00, real=0.02 secs] 
912.484: [GC (Allocation Failure) [PSYoungGen: 413972K->138090K(465920K)] 1281518K->1006038K(1393664K), 0.0255873 secs] [Times: user=0.04 sys=0.00, real=0.03 secs] 
914.561: [GC (Allocation Failure) [PSYoungGen: 370965K->1312K(465920K)] 1238913K->869437K(1393664K), 0.0034870 secs] [Times: user=0.02 sys=0.00, real=0.00 secs] 
914.874: [GC (Allocation Failure) [PSYoungGen: 234272K->184751K(465920K)] 1102397K->1054129K(1393664K), 0.0209608 secs] [Times: user=0.03 sys=0.00, real=0.02 secs] 
915.158: [GC (Allocation Failure) [PSYoungGen: 417711K->184398K(465920K)] 1287089K->1054065K(1393664K), 0.0206848 secs] [Times: user=0.03 sys=0.00, real=0.02 secs] 
916.655: [GC (Allocation Failure) [PSYoungGen: 417358K->128289K(465920K)] 1287025K->998222K(1393664K), 0.0236411 secs] [Times: user=0.05 sys=0.00, real=0.03 secs] 
918.841: [GC (Allocation Failure) [PSYoungGen: 361249K->24221K(465920K)] 1231182K->894454K(1393664K), 0.0062067 secs] [Times: user=0.02 sys=0.00, real=0.01 secs] 
919.149: [GC (Allocation Failure) [PSYoungGen: 257181K->186197K(465920K)] 1127414K->1057804K(1393664K), 0.0208758 secs] [Times: user=0.03 sys=0.00, real=0.02 secs] 
919.440: [GC (Allocation Failure) [PSYoungGen: 419157K->184815K(465920K)] 1290764K->1056558K(1393664K), 0.0206641 secs] [Times: user=0.03 sys=0.00, real=0.02 secs] 
920.674: [GC (Allocation Failure) [PSYoungGen: 417775K->103420K(465920K)] 1289518K->975557K(1393664K), 0.0316722 secs] [Times: user=0.07 sys=0.00, real=0.03 secs] 
922.401: [GC (Allocation Failure) [PSYoungGen: 336380K->48769K(465920K)] 1208517K->921083K(1393664K), 0.0083075 secs] [Times: user=0.02 sys=0.00, real=0.01 secs] 
922.686: [GC (Allocation Failure) [PSYoungGen: 281729K->186389K(465920K)] 1154043K->1059957K(1393664K), 0.0210525 secs] [Times: user=0.03 sys=0.00, real=0.02 secs] 
922.978: [GC (Allocation Failure) [PSYoungGen: 419349K->186004K(465920K)] 1292917K->1059973K(1393664K), 0.0209234 secs] [Times: user=0.03 sys=0.00, real=0.02 secs] 
923.748: [GC (Allocation Failure) [PSYoungGen: 418964K->61187K(465920K)] 1292933K->935293K(1393664K), 0.0095081 secs] [Times: user=0.02 sys=0.00, real=0.01 secs] 
924.619: [GC (Allocation Failure) [PSYoungGen: 294038K->74988K(465920K)] 1168143K->949394K(1393664K), 0.0097506 secs] [Times: user=0.01 sys=0.00, real=0.01 secs] 
924.950: [GC (Allocation Failure) [PSYoungGen: 307948K->183948K(465920K)] 1182354K->1059615K(1393664K), 0.0208943 secs] [Times: user=0.03 sys=0.00, real=0.02 secs] 
925.290: [GC (Allocation Failure) [PSYoungGen: 416908K->184398K(465920K)] 1292575K->1060338K(1393664K), 0.0207377 secs] [Times: user=0.03 sys=0.00, real=0.02 secs] 
927.949: [GC (Allocation Failure) [PSYoungGen: 417358K->38952K(465920K)] 1293298K->915158K(1393664K), 0.0082911 secs] [Times: user=0.02 sys=0.00, real=0.01 secs] 
929.452: [GC (Allocation Failure) [PSYoungGen: 271912K->97608K(465920K)] 1148118K->974115K(1393664K), 0.0119970 secs] [Times: user=0.02 sys=0.00, real=0.01 secs] 
929.728: [GC (Allocation Failure) [PSYoungGen: 330568K->184173K(465920K)] 1207075K->1061933K(1393664K), 0.0206568 secs] [Times: user=0.03 sys=0.00, real=0.02 secs] 
930.017: [GC (Allocation Failure) [PSYoungGen: 417133K->184526K(465920K)] 1294893K->1062560K(1393664K), 0.0205327 secs] [Times: user=0.03 sys=0.00, real=0.02 secs] 
932.562: [GC (Allocation Failure) [PSYoungGen: 417486K->15883K(465920K)] 1295520K->894310K(1393664K), 0.0073468 secs] [Times: user=0.02 sys=0.00, real=0.01 secs] 
933.561: [GC (Allocation Failure) [PSYoungGen: 248843K->119650K(465920K)] 1127270K->998256K(1393664K), 0.0143611 secs] [Times: user=0.03 sys=0.00, real=0.01 secs] 
933.840: [GC (Allocation Failure) [PSYoungGen: 352610K->184912K(465920K)] 1231216K->1064756K(1393664K), 0.0207165 secs] [Times: user=0.03 sys=0.00, real=0.02 secs] 
934.176: [GC (Allocation Failure) [PSYoungGen: 417872K->178653K(465920K)] 1297716K->1058762K(1393664K), 0.0224704 secs] [Times: user=0.03 sys=0.00, real=0.02 secs] 
935.364: [GC (Allocation Failure) [PSYoungGen: 411613K->128K(465920K)] 1291722K->881672K(1393664K), 0.0046963 secs] [Times: user=0.02 sys=0.01, real=0.01 secs] 
936.117: [GC (Allocation Failure) [PSYoungGen: 233088K->142848K(465920K)] 1114632K->1024425K(1393664K), 0.0165126 secs] [Times: user=0.02 sys=0.00, real=0.01 secs] 
936.396: [GC (Allocation Failure) [PSYoungGen: 375808K->183626K(465920K)] 1257385K->1066457K(1393664K), 0.0209618 secs] [Times: user=0.03 sys=0.00, real=0.03 secs] 
936.850: [GC (Allocation Failure) [PSYoungGen: 412819K->159780K(465920K)] 1295649K->1042883K(1393664K), 0.0231163 secs] [Times: user=0.04 sys=0.00, real=0.02 secs] 
937.868: [GC (Allocation Failure) [PSYoungGen: 392740K->64K(465920K)] 1275843K->884611K(1393664K), 0.0030213 secs] [Times: user=0.02 sys=0.00, real=0.00 secs] 
938.272: [GC (Allocation Failure) [PSYoungGen: 233024K->161548K(465920K)] 1117571K->1046103K(1393664K), 0.0184345 secs] [Times: user=0.02 sys=0.00, real=0.02 secs] 
938.556: [GC (Allocation Failure) [PSYoungGen: 394508K->184944K(465920K)] 1279063K->1070745K(1393664K), 0.0210568 secs] [Times: user=0.03 sys=0.00, real=0.02 secs] 
939.069: [GC (Allocation Failure) [PSYoungGen: 417904K->143938K(465920K)] 1303705K->1030004K(1393664K), 0.0182856 secs] [Times: user=0.03 sys=0.00, real=0.02 secs] 
940.045: [GC (Allocation Failure) [PSYoungGen: 376898K->96K(465920K)] 1262964K->886467K(1393664K), 0.0028310 secs] [Times: user=0.02 sys=0.00, real=0.01 secs] 
940.317: [GC (Allocation Failure) [PSYoungGen: 233056K->184972K(465920K)] 1119427K->1071375K(1393664K), 0.0205491 secs] [Times: user=0.03 sys=0.00, real=0.02 secs] 
940.659: [GC (Allocation Failure) [PSYoungGen: 417932K->184044K(465920K)] 1304335K->1071814K(1393664K), 0.0206527 secs] [Times: user=0.03 sys=0.00, real=0.02 secs] 
941.576: [GC (Allocation Failure) [PSYoungGen: 417004K->129574K(465920K)] 1304774K->1017481K(1393664K), 0.0345491 secs] [Times: user=0.07 sys=0.00, real=0.04 secs] 
942.751: [GC (Allocation Failure) [PSYoungGen: 362534K->23062K(465920K)] 1250441K->911276K(1393664K), 0.0044779 secs] [Times: user=0.01 sys=0.00, real=0.01 secs] 
943.023: [GC (Allocation Failure) [PSYoungGen: 256022K->186518K(465920K)] 1144236K->1076114K(1393664K), 0.0210142 secs] [Times: user=0.03 sys=0.00, real=0.02 secs] 
943.368: [GC (Allocation Failure) [PSYoungGen: 419478K->186068K(465920K)] 1309074K->1075938K(1393664K), 0.0208344 secs] [Times: user=0.03 sys=0.00, real=0.02 secs] 
944.489: [GC (Allocation Failure) [PSYoungGen: 419028K->103099K(465920K)] 1308898K->993233K(1393664K), 0.0173935 secs] [Times: user=0.03 sys=0.00, real=0.02 secs] 
946.220: [GC (Allocation Failure) [PSYoungGen: 336059K->49894K(465920K)] 1226193K->940216K(1393664K), 0.0085327 secs] [Times: user=0.02 sys=0.00, real=0.01 secs] 
946.505: [GC (Allocation Failure) [PSYoungGen: 282854K->185875K(465920K)] 1173176K->1077459K(1393664K), 0.0209330 secs] [Times: user=0.03 sys=0.00, real=0.03 secs] 
946.844: [GC (Allocation Failure) [PSYoungGen: 418835K->185843K(465920K)] 1310419K->1077692K(1393664K), 0.0210699 secs] [Times: user=0.03 sys=0.00, real=0.02 secs] 
949.086: [GC (Allocation Failure) [PSYoungGen: 418803K->60673K(465920K)] 1310652K->952787K(1393664K), 0.0159189 secs] [Times: user=0.03 sys=0.00, real=0.02 secs] 
951.341: [GC (Allocation Failure) [PSYoungGen: 293589K->75085K(465920K)] 1185703K->967498K(1393664K), 0.0113279 secs] [Times: user=0.02 sys=0.00, real=0.01 secs] 
951.628: [GC (Allocation Failure) [PSYoungGen: 308045K->186357K(465920K)] 1200458K->1080025K(1393664K), 0.0210964 secs] [Times: user=0.03 sys=0.00, real=0.02 secs] 
951.920: [GC (Allocation Failure) [PSYoungGen: 419317K->186132K(465920K)] 1312985K->1080065K(1393664K), 0.0207671 secs] [Times: user=0.03 sys=0.00, real=0.02 secs] 
954.791: [GC (Allocation Failure) [PSYoungGen: 419092K->34743K(465920K)] 1313025K->929069K(1393664K), 0.0086411 secs] [Times: user=0.02 sys=0.00, real=0.01 secs] 
955.923: [GC (Allocation Failure) [PSYoungGen: 267581K->101110K(465920K)] 1161907K->995624K(1393664K), 0.0122419 secs] [Times: user=0.02 sys=0.00, real=0.01 secs] 
956.201: [GC (Allocation Failure) [PSYoungGen: 334070K->186004K(465920K)] 1228584K->1081763K(1393664K), 0.0209933 secs] [Times: user=0.03 sys=0.00, real=0.02 secs] 
956.488: [GC (Allocation Failure) [PSYoungGen: 418964K->185908K(465920K)] 1314723K->1081940K(1393664K), 0.0207392 secs] [Times: user=0.03 sys=0.00, real=0.02 secs] 
958.959: [GC (Allocation Failure) [PSYoungGen: 418868K->9247K(465920K)] 1314900K->905545K(1393664K), 0.0054164 secs] [Times: user=0.02 sys=0.00, real=0.00 secs] 
959.968: [GC (Allocation Failure) [PSYoungGen: 242207K->127458K(465920K)] 1138505K->1024071K(1393664K), 0.0149470 secs] [Times: user=0.02 sys=0.00, real=0.01 secs] 
960.315: [GC (Allocation Failure) [PSYoungGen: 360418K->185715K(465920K)] 1257031K->1083582K(1393664K), 0.0210770 secs] [Times: user=0.04 sys=0.00, real=0.03 secs] 
960.701: [GC (Allocation Failure) [PSYoungGen: 418675K->171034K(465920K)] 1316542K->1069166K(1393664K), 0.0252583 secs] [Times: user=0.04 sys=0.00, real=0.03 secs] 
963.041: [GC (Allocation Failure) [PSYoungGen: 403994K->96K(465920K)] 1302126K->899669K(1393664K), 0.0040403 secs] [Times: user=0.02 sys=0.00, real=0.00 secs] 
963.856: [GC (Allocation Failure) [PSYoungGen: 233056K->151748K(465920K)] 1132629K->1051338K(1393664K), 0.0173898 secs] [Times: user=0.02 sys=0.00, real=0.01 secs] 
964.139: [GC (Allocation Failure) [PSYoungGen: 384708K->186229K(465920K)] 1284298K->1087064K(1393664K), 0.0209211 secs] [Times: user=0.02 sys=0.00, real=0.02 secs] 
964.988: [GC (Allocation Failure) [PSYoungGen: 419189K->152389K(465920K)] 1320024K->1053489K(1393664K), 0.0254362 secs] [Times: user=0.04 sys=0.00, real=0.02 secs] 
968.324: [GC (Allocation Failure) [PSYoungGen: 385349K->64K(465920K)] 1286449K->902612K(1393664K), 0.0060628 secs] [Times: user=0.03 sys=0.00, real=0.01 secs] 
968.968: [GC (Allocation Failure) [PSYoungGen: 233024K->177389K(465920K)] 1135572K->1079961K(1393664K), 0.0199023 secs] [Times: user=0.03 sys=0.00, real=0.02 secs] 
969.309: [GC (Allocation Failure) [PSYoungGen: 410349K->184237K(465920K)] 1312921K->1088063K(1393664K), 0.0207327 secs] [Times: user=0.03 sys=0.00, real=0.02 secs] 
970.425: [GC (Allocation Failure) [PSYoungGen: 417197K->137061K(465920K)] 1321023K->1041152K(1393664K), 0.0374286 secs] [Times: user=0.07 sys=0.00, real=0.04 secs] 
972.758: [GC (Allocation Failure) [PSYoungGen: 370021K->15321K(465920K)] 1274112K->919718K(1393664K), 0.0065884 secs] [Times: user=0.02 sys=0.00, real=0.00 secs] 
973.159: [GC (Allocation Failure) [PSYoungGen: 248281K->186229K(465920K)] 1152678K->1091863K(1393664K), 0.0210590 secs] [Times: user=0.03 sys=0.00, real=0.02 secs] 
973.445: [GC (Allocation Failure) [PSYoungGen: 419189K->184655K(465920K)] 1324823K->1090554K(1393664K), 0.0208369 secs] [Times: user=0.03 sys=0.00, real=0.02 secs] 
974.509: [GC (Allocation Failure) [PSYoungGen: 417615K->112449K(465920K)] 1323514K->1018613K(1393664K), 0.0184563 secs] [Times: user=0.04 sys=0.00, real=0.02 secs] 
975.432: [GC (Allocation Failure) [PSYoungGen: 345409K->40319K(465920K)] 1251573K->946783K(1393664K), 0.0061552 secs] [Times: user=0.02 sys=0.00, real=0.01 secs] 
975.703: [GC (Allocation Failure) [PSYoungGen: 273279K->184783K(465920K)] 1179743K->1092501K(1393664K), 0.0208918 secs] [Times: user=0.03 sys=0.00, real=0.02 secs] 
975.989: [GC (Allocation Failure) [PSYoungGen: 417743K->184141K(465920K)] 1325461K->1092124K(1393664K), 0.0206481 secs] [Times: user=0.02 sys=0.01, real=0.02 secs] 
977.355: [GC (Allocation Failure) [PSYoungGen: 417101K->73011K(465920K)] 1325084K->981259K(1393664K), 0.0167543 secs] [Times: user=0.04 sys=0.00, real=0.02 secs] 
978.206: [GC (Allocation Failure) [PSYoungGen: 305971K->63132K(465920K)] 1214219K->971686K(1393664K), 0.0084748 secs] [Times: user=0.01 sys=0.00, real=0.00 secs] 
978.558: [GC (Allocation Failure) [PSYoungGen: 296092K->186518K(465920K)] 1204646K->1096326K(1393664K), 0.0210602 secs] [Times: user=0.03 sys=0.00, real=0.02 secs] 
978.848: [GC (Allocation Failure) [PSYoungGen: 419478K->186068K(465920K)] 1329286K->1096149K(1393664K), 0.0210407 secs] [Times: user=0.03 sys=0.00, real=0.02 secs] 
979.677: [GC (Allocation Failure) [PSYoungGen: 419028K->46535K(465920K)] 1329109K->956881K(1393664K), 0.0085436 secs] [Times: user=0.02 sys=0.00, real=0.00 secs] 
980.355: [GC (Allocation Failure) [PSYoungGen: 279495K->90346K(465920K)] 1189841K->1001008K(1393664K), 0.0111678 secs] [Times: user=0.02 sys=0.00, real=0.02 secs] 
980.632: [GC (Allocation Failure) [PSYoungGen: 323306K->186004K(465920K)] 1233968K->1097919K(1393664K), 0.0209206 secs] [Times: user=0.03 sys=0.00, real=0.02 secs] 
980.919: [GC (Allocation Failure) [PSYoungGen: 418964K->186004K(465920K)] 1330879K->1098192K(1393664K), 0.0208467 secs] [Times: user=0.03 sys=0.00, real=0.02 secs] 
983.209: [GC (Allocation Failure) [PSYoungGen: 418964K->20043K(465920K)] 1331152K->932633K(1393664K), 0.0073616 secs] [Times: user=0.02 sys=0.00, real=0.01 secs] 
984.128: [GC (Allocation Failure) [PSYoungGen: 253003K->116951K(465920K)] 1165593K->1029720K(1393664K), 0.0142497 secs] [Times: user=0.02 sys=0.00, real=0.01 secs] 
984.407: [GC (Allocation Failure) [PSYoungGen: 349911K->185715K(465920K)] 1262680K->1099730K(1393664K), 0.0210699 secs] [Times: user=0.03 sys=0.00, real=0.02 secs] 
984.781: [GC (Allocation Failure) [PSYoungGen: 418675K->180069K(465920K)] 1332690K->1094357K(1393664K), 0.0232739 secs] [Times: user=0.04 sys=0.00, real=0.02 secs] 
986.301: [GC (Allocation Failure) [PSYoungGen: 413029K->160K(465920K)] 1327317K->915905K(1393664K), 0.0032960 secs] [Times: user=0.01 sys=0.00, real=0.00 secs] 
986.773: [GC (Allocation Failure) [PSYoungGen: 233028K->141017K(465920K)] 1148774K->1056786K(1393664K), 0.0164175 secs] [Times: user=0.02 sys=0.00, real=0.02 secs] 
987.055: [GC (Allocation Failure) [PSYoungGen: 373977K->186197K(465920K)] 1289746K->1103204K(1393664K), 0.0208406 secs] [Times: user=0.03 sys=0.00, real=0.03 secs] 
988.299: [GC (Allocation Failure) [PSYoungGen: 419157K->163137K(465920K)] 1336164K->1080538K(1393664K), 0.0442899 secs] [Times: user=0.07 sys=0.00, real=0.04 secs] 
991.053: [GC (Allocation Failure) [PSYoungGen: 396097K->96K(465920K)] 1313498K->918810K(1393664K), 0.0039504 secs] [Times: user=0.02 sys=0.00, real=0.01 secs] 
991.703: [GC (Allocation Failure) [PSYoungGen: 233056K->166336K(465920K)] 1151770K->1085082K(1393664K), 0.0189228 secs] [Times: user=0.03 sys=0.00, real=0.02 secs] 
991.986: [GC (Allocation Failure) [PSYoungGen: 399296K->184430K(465920K)] 1318042K->1104430K(1393664K), 0.0207974 secs] [Times: user=0.03 sys=0.00, real=0.03 secs] 
993.307: [GC (Allocation Failure) [PSYoungGen: 413717K->139649K(465920K)] 1333717K->1059922K(1393664K), 0.0417493 secs] [Times: user=0.08 sys=0.00, real=0.04 secs] 
995.084: [GC (Allocation Failure) [PSYoungGen: 372609K->1601K(465920K)] 1292882K->922167K(1393664K), 0.0031731 secs] [Times: user=0.02 sys=0.00, real=0.01 secs] 
995.371: [GC (Allocation Failure) [PSYoungGen: 234561K->184173K(465920K)] 1155127K->1105992K(1393664K), 0.0207390 secs] [Times: user=0.03 sys=0.00, real=0.02 secs] 
995.711: [GC (Allocation Failure) [PSYoungGen: 417133K->184044K(465920K)] 1338952K->1106128K(1393664K), 0.0208412 secs] [Times: user=0.03 sys=0.00, real=0.02 secs] 
996.667: [GC (Allocation Failure) [PSYoungGen: 417004K->128932K(465920K)] 1339088K->1051281K(1393664K), 0.0177569 secs] [Times: user=0.04 sys=0.00, real=0.01 secs] 
997.715: [GC (Allocation Failure) [PSYoungGen: 361892K->23932K(465920K)] 1284241K->946595K(1393664K), 0.0057470 secs] [Times: user=0.01 sys=0.00, real=0.01 secs] 
997.994: [GC (Allocation Failure) [PSYoungGen: 256892K->184912K(465920K)] 1179555K->1108820K(1393664K), 0.0213711 secs] [Times: user=0.03 sys=0.00, real=0.02 secs] 
998.279: [GC (Allocation Failure) [PSYoungGen: 417872K->184109K(465920K)] 1341780K->1108411K(1393664K), 0.0208829 secs] [Times: user=0.03 sys=0.00, real=0.02 secs] 
999.078: [GC (Allocation Failure) [PSYoungGen: 417069K->105701K(465920K)] 1341371K->1030140K(1393664K), 0.0145786 secs] [Times: user=0.03 sys=0.00, real=0.01 secs] 
1000.714: [GC (Allocation Failure) [PSYoungGen: 338661K->46424K(465920K)] 1263100K->971176K(1393664K), 0.0067573 secs] [Times: user=0.01 sys=0.00, real=0.01 secs] 
1000.986: [GC (Allocation Failure) [PSYoungGen: 279384K->184976K(465920K)] 1204136K->1110982K(1393664K), 0.0208561 secs] [Times: user=0.03 sys=0.00, real=0.02 secs] 
1001.007: [Full GC (Ergonomics) [PSYoungGen: 184976K->0K(465920K)] [ParOldGen: 926006K->537669K(1040896K)] 1110982K->537669K(1506816K), [Metaspace: 55661K->55661K(1101824K)], 0.0583407 secs] [Times: user=0.24 sys=0.00, real=0.05 secs] 
1001.328: [GC (Allocation Failure) [PSYoungGen: 232960K->184173K(465920K)] 770629K->721842K(1506816K), 0.0202063 secs] [Times: user=0.02 sys=0.00, real=0.02 secs] 
1002.067: [GC (Allocation Failure) [PSYoungGen: 417133K->99529K(465920K)] 954802K->637368K(1506816K), 0.0113341 secs] [Times: user=0.02 sys=0.00, real=0.01 secs] 
1002.916: [GC (Allocation Failure) [PSYoungGen: 332489K->56673K(465920K)] 870328K->594833K(1506816K), 0.0072189 secs] [Times: user=0.01 sys=0.00, real=0.01 secs] 
1003.249: [GC (Allocation Failure) [PSYoungGen: 289633K->184430K(465920K)] 827793K->723843K(1506816K), 0.0202468 secs] [Times: user=0.03 sys=0.00, real=0.02 secs] 
1003.536: [GC (Allocation Failure) [PSYoungGen: 417390K->183787K(465920K)] 956803K->723474K(1506816K), 0.0201914 secs] [Times: user=0.02 sys=0.00, real=0.02 secs] 
1005.239: [GC (Allocation Failure) [PSYoungGen: 416747K->90276K(465920K)] 956434K->630228K(1506816K), 0.0190681 secs] [Times: user=0.05 sys=0.01, real=0.02 secs] 
1007.458: [GC (Allocation Failure) [PSYoungGen: 323236K->65509K(465920K)] 863188K->605771K(1506816K), 0.0093068 secs] [Times: user=0.02 sys=0.01, real=0.01 secs] 
1007.745: [GC (Allocation Failure) [PSYoungGen: 298469K->186357K(465920K)] 838731K->728001K(1506816K), 0.0203173 secs] [Times: user=0.03 sys=0.00, real=0.02 secs] 
1008.094: [GC (Allocation Failure) [PSYoungGen: 419317K->186132K(465920K)] 960961K->727929K(1506816K), 0.0203761 secs] [Times: user=0.03 sys=0.00, real=0.02 secs] 
1008.939: [GC (Allocation Failure) [PSYoungGen: 419092K->77198K(465920K)] 960889K->619260K(1506816K), 0.0085978 secs] [Times: user=0.03 sys=0.00, real=0.01 secs] 
1009.654: [GC (Allocation Failure) [PSYoungGen: 310158K->79550K(465920K)] 852220K->621934K(1506816K), 0.0094965 secs] [Times: user=0.01 sys=0.00, real=0.01 secs] 
1009.929: [GC (Allocation Failure) [PSYoungGen: 312510K->185907K(465920K)] 854894K->729673K(1506816K), 0.0204210 secs] [Times: user=0.03 sys=0.00, real=0.02 secs] 
1010.217: [GC (Allocation Failure) [PSYoungGen: 418867K->184494K(465920K)] 962633K->728404K(1506816K), 0.0201187 secs] [Times: user=0.03 sys=0.00, real=0.02 secs] 
1012.835: [GC (Allocation Failure) [PSYoungGen: 417454K->65182K(465920K)] 961364K->609485K(1506816K), 0.0127451 secs] [Times: user=0.03 sys=0.01, real=0.02 secs] 
1013.598: [GC (Allocation Failure) [PSYoungGen: 298142K->91278K(465920K)] 842445K->635783K(1506816K), 0.0108014 secs] [Times: user=0.02 sys=0.00, real=0.01 secs] 
1013.875: [GC (Allocation Failure) [PSYoungGen: 324238K->184076K(465920K)] 868743K->729834K(1506816K), 0.0203891 secs] [Times: user=0.02 sys=0.00, real=0.02 secs] 
1014.210: [GC (Allocation Failure) [PSYoungGen: 417036K->184976K(465920K)] 962794K->731015K(1506816K), 0.0202509 secs] [Times: user=0.02 sys=0.00, real=0.02 secs] 
1016.643: [GC (Allocation Failure) [PSYoungGen: 417936K->54932K(465920K)] 963975K->601365K(1506816K), 0.0106673 secs] [Times: user=0.03 sys=0.00, real=0.01 secs] 
1018.245: [GC (Allocation Failure) [PSYoungGen: 287892K->101688K(465920K)] 834325K->648309K(1506816K), 0.0117484 secs] [Times: user=0.02 sys=0.00, real=0.02 secs] 
1018.522: [GC (Allocation Failure) [PSYoungGen: 334648K->186004K(465920K)] 881269K->734007K(1506816K), 0.0203013 secs] [Times: user=0.03 sys=0.00, real=0.02 secs] 
1018.807: [GC (Allocation Failure) [PSYoungGen: 418964K->185972K(465920K)] 966967K->734119K(1506816K), 0.0213085 secs] [Times: user=0.03 sys=0.00, real=0.02 secs] 
1020.314: [GC (Allocation Failure) [PSYoungGen: 418932K->41533K(465920K)] 967079K->589954K(1506816K), 0.0100568 secs] [Times: user=0.04 sys=0.00, real=0.01 secs] 
1021.272: [GC (Allocation Failure) [PSYoungGen: 274493K->114798K(465920K)] 822914K->663526K(1506816K), 0.0130842 secs] [Times: user=0.02 sys=0.00, real=0.01 secs] 
1021.609: [GC (Allocation Failure) [PSYoungGen: 347758K->186004K(465920K)] 896486K->735985K(1506816K), 0.0203029 secs] [Times: user=0.03 sys=0.00, real=0.02 secs] 
1022.001: [GC (Allocation Failure) [PSYoungGen: 418964K->181964K(465920K)] 968945K->732219K(1506816K), 0.0217532 secs] [Times: user=0.03 sys=0.00, real=0.02 secs] 
1023.495: [GC (Allocation Failure) [PSYoungGen: 414924K->32896K(465920K)] 965179K->584594K(1506816K), 0.0085572 secs] [Times: user=0.04 sys=0.00, real=0.01 secs] 
1024.385: [GC (Allocation Failure) [PSYoungGen: 265856K->127425K(465920K)] 817554K->679139K(1506816K), 0.0144039 secs] [Times: user=0.02 sys=0.00, real=0.02 secs] 
1024.731: [GC (Allocation Failure) [PSYoungGen: 360385K->184397K(465920K)] 912099K->737357K(1506816K), 0.0202607 secs] [Times: user=0.02 sys=0.00, real=0.02 secs] 
1025.322: [GC (Allocation Failure) [PSYoungGen: 417357K->172576K(465920K)] 970317K->725817K(1506816K), 0.0307151 secs] [Times: user=0.04 sys=0.00, real=0.03 secs] 
1028.282: [GC (Allocation Failure) [PSYoungGen: 405536K->64K(465920K)] 958777K->554752K(1506816K), 0.0033132 secs] [Times: user=0.01 sys=0.00, real=0.00 secs] 
1029.231: [GC (Allocation Failure) [PSYoungGen: 233024K->138992K(465920K)] 787712K->693697K(1506816K), 0.0154788 secs] [Times: user=0.03 sys=0.00, real=0.02 secs] 
1029.513: [GC (Allocation Failure) [PSYoungGen: 371952K->186100K(465920K)] 926657K->742059K(1506816K), 0.0205238 secs] [Times: user=0.03 sys=0.00, real=0.02 secs] 
1030.172: [GC (Allocation Failure) [PSYoungGen: 416129K->161257K(465920K)] 972087K->717489K(1506816K), 0.0293850 secs] [Times: user=0.04 sys=0.00, real=0.03 secs] 
1032.117: [GC (Allocation Failure) [PSYoungGen: 394217K->64K(465920K)] 950449K->557733K(1506816K), 0.0026013 secs] [Times: user=0.01 sys=0.00, real=0.00 secs] 
1032.965: [GC (Allocation Failure) [PSYoungGen: 233024K->147700K(465920K)] 790693K->705393K(1506816K), 0.0163287 secs] [Times: user=0.02 sys=0.00, real=0.02 secs] 
1033.308: [GC (Allocation Failure) [PSYoungGen: 380660K->184301K(465920K)] 938353K->743248K(1506816K), 0.0200613 secs] [Times: user=0.03 sys=0.00, real=0.02 secs] 
1033.780: [GC (Allocation Failure) [PSYoungGen: 417261K->158397K(465920K)] 976208K->717617K(1506816K), 0.0206841 secs] [Times: user=0.03 sys=0.00, real=0.02 secs] 
1034.791: [GC (Allocation Failure) [PSYoungGen: 391357K->64K(465920K)] 950577K->560727K(1506816K), 0.0024559 secs] [Times: user=0.01 sys=0.00, real=0.00 secs] 
1035.200: [GC (Allocation Failure) [PSYoungGen: 233024K->156985K(465920K)] 793687K->717673K(1506816K), 0.0172656 secs] [Times: user=0.02 sys=0.00, real=0.02 secs] 
1035.481: [GC (Allocation Failure) [PSYoungGen: 389945K->184462K(465920K)] 950633K->746403K(1506816K), 0.0202421 secs] [Times: user=0.02 sys=0.00, real=0.02 secs] 
1035.988: [GC (Allocation Failure) [PSYoungGen: 417422K->149031K(465920K)] 979363K->711237K(1506816K), 0.0187232 secs] [Times: user=0.03 sys=0.00, real=0.02 secs] 
1037.016: [GC (Allocation Failure) [PSYoungGen: 381991K->96K(465920K)] 944197K->563753K(1506816K), 0.0025276 secs] [Times: user=0.01 sys=0.00, real=0.00 secs] 
1037.482: [GC (Allocation Failure) [PSYoungGen: 233056K->168585K(465920K)] 796713K->732258K(1506816K), 0.0185061 secs] [Times: user=0.03 sys=0.00, real=0.02 secs] 
1037.766: [GC (Allocation Failure) [PSYoungGen: 401545K->186132K(465920K)] 965218K->751060K(1506816K), 0.0204425 secs] [Times: user=0.03 sys=0.00, real=0.02 secs] 
1038.920: [GC (Allocation Failure) [PSYoungGen: 419092K->144001K(465920K)] 984020K->709194K(1506816K), 0.0250918 secs] [Times: user=0.04 sys=0.01, real=0.02 secs] 
1041.812: [GC (Allocation Failure) [PSYoungGen: 376961K->64K(465920K)] 942154K->566692K(1506816K), 0.0038185 secs] [Times: user=0.01 sys=0.00, real=0.01 secs] 
1042.374: [GC (Allocation Failure) [PSYoungGen: 233024K->181822K(465920K)] 799652K->748467K(1506816K), 0.0197733 secs] [Times: user=0.02 sys=0.00, real=0.02 secs] 
1042.659: [GC (Allocation Failure) [PSYoungGen: 414782K->185843K(465920K)] 981427K->753741K(1506816K), 0.0203205 secs] [Times: user=0.03 sys=0.00, real=0.02 secs] 
1043.694: [GC (Allocation Failure) [PSYoungGen: 418803K->131020K(465920K)] 986701K->699183K(1506816K), 0.0172389 secs] [Times: user=0.03 sys=0.00, real=0.02 secs] 
1045.472: [GC (Allocation Failure) [PSYoungGen: 363980K->9184K(465920K)] 932143K->577645K(1506816K), 0.0035391 secs] [Times: user=0.01 sys=0.00, real=0.01 secs] 
1045.772: [GC (Allocation Failure) [PSYoungGen: 242144K->185747K(465920K)] 810605K->755469K(1506816K), 0.0201925 secs] [Times: user=0.02 sys=0.00, real=0.02 secs] 
1046.058: [GC (Allocation Failure) [PSYoungGen: 418707K->185843K(465920K)] 988429K->755839K(1506816K), 0.0203291 secs] [Times: user=0.03 sys=0.00, real=0.02 secs] 
1046.776: [GC (Allocation Failure) [PSYoungGen: 418803K->118055K(465920K)] 988799K->688316K(1506816K), 0.0152515 secs] [Times: user=0.03 sys=0.00, real=0.02 secs] 
1048.537: [GC (Allocation Failure) [PSYoungGen: 351015K->22293K(465920K)] 921276K->592861K(1506816K), 0.0064730 secs] [Times: user=0.02 sys=0.00, real=0.00 secs] 
1048.876: [GC (Allocation Failure) [PSYoungGen: 255253K->185972K(465920K)] 825821K->757786K(1506816K), 0.0204120 secs] [Times: user=0.02 sys=0.00, real=0.02 secs] 
1049.220: [GC (Allocation Failure) [PSYoungGen: 418932K->185747K(465920K)] 990746K->757842K(1506816K), 0.0204806 secs] [Times: user=0.02 sys=0.00, real=0.02 secs] 
1050.353: [GC (Allocation Failure) [PSYoungGen: 418707K->104769K(465920K)] 990802K->677129K(1506816K), 0.0194800 secs] [Times: user=0.04 sys=0.00, real=0.02 secs] 
1051.211: [GC (Allocation Failure) [PSYoungGen: 337729K->34889K(465920K)] 910089K->607556K(1506816K), 0.0062843 secs] [Times: user=0.02 sys=0.00, real=0.01 secs] 
1051.562: [GC (Allocation Failure) [PSYoungGen: 267849K->186100K(465920K)] 840516K->760021K(1506816K), 0.0205681 secs] [Times: user=0.03 sys=0.00, real=0.02 secs] 
1051.847: [GC (Allocation Failure) [PSYoungGen: 419060K->184494K(465920K)] 992981K->758688K(1506816K), 0.0203480 secs] [Times: user=0.03 sys=0.00, real=0.02 secs] 
1053.787: [GC (Allocation Failure) [PSYoungGen: 409669K->93170K(465920K)] 983863K->667637K(1506816K), 0.0265562 secs] [Times: user=0.05 sys=0.00, real=0.02 secs] 
1055.392: [GC (Allocation Failure) [PSYoungGen: 326130K->37877K(465920K)] 900597K->612651K(1506816K), 0.0060976 secs] [Times: user=0.02 sys=0.00, real=0.01 secs] 
1055.738: [GC (Allocation Failure) [PSYoungGen: 270837K->184173K(465920K)] 845611K->760201K(1506816K), 0.0201375 secs] [Times: user=0.03 sys=0.00, real=0.02 secs] 
1056.071: [GC (Allocation Failure) [PSYoungGen: 417133K->184912K(465920K)] 993161K->761213K(1506816K), 0.0203165 secs] [Times: user=0.02 sys=0.00, real=0.02 secs] 
1058.307: [GC (Allocation Failure) [PSYoungGen: 408242K->91773K(465920K)] 984543K->668339K(1506816K), 0.0190483 secs] [Times: user=0.04 sys=0.00, real=0.01 secs] 
1059.777: [GC (Allocation Failure) [PSYoungGen: 324733K->37877K(465920K)] 901299K->614743K(1506816K), 0.0075214 secs] [Times: user=0.01 sys=0.00, real=0.00 secs] 
1060.097: [GC (Allocation Failure) [PSYoungGen: 270837K->184590K(465920K)] 847703K->762831K(1506816K), 0.0204133 secs] [Times: user=0.03 sys=0.00, real=0.02 secs] 
1060.445: [GC (Allocation Failure) [PSYoungGen: 417550K->184558K(465920K)] 995791K->763080K(1506816K), 0.0202652 secs] [Times: user=0.03 sys=0.00, real=0.02 secs] 
1062.464: [GC (Allocation Failure) [PSYoungGen: 407042K->91757K(465920K)] 985564K->670431K(1506816K), 0.0253727 secs] [Times: user=0.05 sys=0.00, real=0.03 secs] 
1064.218: [GC (Allocation Failure) [PSYoungGen: 324717K->37877K(465920K)] 903391K->616865K(1506816K), 0.0067536 secs] [Times: user=0.01 sys=0.00, real=0.00 secs] 
1064.510: [GC (Allocation Failure) [PSYoungGen: 270837K->184462K(465920K)] 849825K->764703K(1506816K), 0.0202622 secs] [Times: user=0.03 sys=0.00, real=0.02 secs] 
1064.851: [GC (Allocation Failure) [PSYoungGen: 417422K->184558K(465920K)] 997663K->765073K(1506816K), 0.0200344 secs] [Times: user=0.02 sys=0.00, real=0.02 secs] 
1066.732: [GC (Allocation Failure) [PSYoungGen: 407618K->91901K(465920K)] 988133K->672713K(1506816K), 0.0127473 secs] [Times: user=0.03 sys=0.00, real=0.01 secs] 
1067.573: [GC (Allocation Failure) [PSYoungGen: 324861K->37941K(465920K)] 905673K->619059K(1506816K), 0.0087366 secs] [Times: user=0.02 sys=0.00, real=0.01 secs] 
1067.978: [GC (Allocation Failure) [PSYoungGen: 270901K->184430K(465920K)] 852019K->766801K(1506816K), 0.0201826 secs] [Times: user=0.03 sys=0.00, real=0.02 secs] 
1068.263: [GC (Allocation Failure) [PSYoungGen: 417390K->184590K(465920K)] 999761K->767234K(1506816K), 0.0203780 secs] [Times: user=0.02 sys=0.00, real=0.02 secs] 
1068.876: [GC (Allocation Failure) [PSYoungGen: 407121K->91757K(465920K)] 989765K->674666K(1506816K), 0.0121618 secs] [Times: user=0.03 sys=0.00, real=0.01 secs] 
1069.747: [GC (Allocation Failure) [PSYoungGen: 324717K->37845K(465920K)] 907626K->621068K(1506816K), 0.0056283 secs] [Times: user=0.01 sys=0.00, real=0.00 secs] 
1070.091: [GC (Allocation Failure) [PSYoungGen: 270805K->184944K(465920K)] 854028K->769412K(1506816K), 0.0229602 secs] [Times: user=0.03 sys=0.00, real=0.02 secs] 
1070.460: [GC (Allocation Failure) [PSYoungGen: 417904K->183594K(465920K)] 1002372K->768336K(1506816K), 0.0201530 secs] [Times: user=0.02 sys=0.00, real=0.02 secs] 
1071.407: [GC (Allocation Failure) [PSYoungGen: 409162K->92255K(465920K)] 993904K->677261K(1506816K), 0.0158360 secs] [Times: user=0.03 sys=0.00, real=0.01 secs] 
1073.151: [GC (Allocation Failure) [PSYoungGen: 325215K->37620K(465920K)] 910221K->622942K(1506816K), 0.0072595 secs] [Times: user=0.01 sys=0.00, real=0.01 secs] 
1073.528: [GC (Allocation Failure) [PSYoungGen: 270580K->184558K(465920K)] 855902K->771134K(1506816K), 0.0202123 secs] [Times: user=0.02 sys=0.00, real=0.02 secs] 
1073.868: [GC (Allocation Failure) [PSYoungGen: 417518K->184655K(465920K)] 1004094K->771512K(1506816K), 0.0203872 secs] [Times: user=0.03 sys=0.00, real=0.02 secs] 
1074.896: [GC (Allocation Failure) [PSYoungGen: 407258K->91853K(465920K)] 994116K->678991K(1506816K), 0.0193012 secs] [Times: user=0.04 sys=0.00, real=0.01 secs] 
1076.358: [GC (Allocation Failure) [PSYoungGen: 324813K->37877K(465920K)] 911951K->625331K(1506816K), 0.0063311 secs] [Times: user=0.02 sys=0.00, real=0.00 secs] 
1076.636: [GC (Allocation Failure) [PSYoungGen: 270837K->184687K(465920K)] 858291K->773523K(1506816K), 0.0202644 secs] [Times: user=0.03 sys=0.00, real=0.02 secs] 
1076.921: [GC (Allocation Failure) [PSYoungGen: 417647K->184687K(465920K)] 1006483K->773667K(1506816K), 0.0202437 secs] [Times: user=0.02 sys=0.00, real=0.02 secs] 
1077.961: [GC (Allocation Failure) [PSYoungGen: 407241K->91452K(465920K)] 996222K->680697K(1506816K), 0.0246788 secs] [Times: user=0.04 sys=0.00, real=0.02 secs] 
1079.949: [GC (Allocation Failure) [PSYoungGen: 324412K->37491K(465920K)] 913657K->627037K(1506816K), 0.0076402 secs] [Times: user=0.01 sys=0.00, real=0.01 secs] 
1080.334: [GC (Allocation Failure) [PSYoungGen: 270451K->183819K(465920K)] 859997K->774619K(1506816K), 0.0222648 secs] [Times: user=0.03 sys=0.00, real=0.03 secs] 
1080.627: [GC (Allocation Failure) [PSYoungGen: 416779K->184687K(465920K)] 1007579K->775767K(1506816K), 0.0203259 secs] [Times: user=0.02 sys=0.00, real=0.02 secs] 
1082.203: [GC (Allocation Failure) [PSYoungGen: 410109K->92801K(465920K)] 1001190K->684146K(1506816K), 0.0204689 secs] [Times: user=0.04 sys=0.00, real=0.02 secs] 
1084.047: [GC (Allocation Failure) [PSYoungGen: 325761K->37620K(465920K)] 917106K->629271K(1506816K), 0.0073913 secs] [Times: user=0.01 sys=0.00, real=0.00 secs] 
1084.359: [GC (Allocation Failure) [PSYoungGen: 270580K->183948K(465920K)] 862231K->776852K(1506816K), 0.0203072 secs] [Times: user=0.03 sys=0.00, real=0.02 secs] 
1084.703: [GC (Allocation Failure) [PSYoungGen: 416908K->184879K(465920K)] 1009812K->778065K(1506816K), 0.0203402 secs] [Times: user=0.03 sys=0.00, real=0.02 secs] 
1085.505: [GC (Allocation Failure) [PSYoungGen: 410289K->92415K(465920K)] 1003475K->685890K(1506816K), 0.0120985 secs] [Times: user=0.02 sys=0.00, real=0.02 secs] 
1086.372: [GC (Allocation Failure) [PSYoungGen: 325375K->37973K(465920K)] 918850K->631762K(1506816K), 0.0063954 secs] [Times: user=0.01 sys=0.00, real=0.01 secs] 
1086.651: [GC (Allocation Failure) [PSYoungGen: 270933K->184719K(465920K)] 864722K->779761K(1506816K), 0.0201987 secs] [Times: user=0.02 sys=0.00, real=0.02 secs] 
1086.936: [GC (Allocation Failure) [PSYoungGen: 417679K->184687K(465920K)] 1012721K->780010K(1506816K), 0.0205978 secs] [Times: user=0.03 sys=0.00, real=0.02 secs] 
1087.582: [GC (Allocation Failure) [PSYoungGen: 407240K->91403K(465920K)] 1002564K->687007K(1506816K), 0.0111340 secs] [Times: user=0.02 sys=0.00, real=0.01 secs] 
1088.379: [GC (Allocation Failure) [PSYoungGen: 324363K->38002K(465920K)] 919967K->633914K(1506816K), 0.0054047 secs] [Times: user=0.01 sys=0.00, real=0.00 secs] 
1088.648: [GC (Allocation Failure) [PSYoungGen: 270962K->183916K(465920K)] 866874K->781081K(1506816K), 0.0201701 secs] [Times: user=0.03 sys=0.00, real=0.02 secs] 
1088.936: [GC (Allocation Failure) [PSYoungGen: 416876K->184494K(465920K)] 1014041K->781940K(1506816K), 0.0202284 secs] [Times: user=0.03 sys=0.00, real=0.02 secs] 
1089.552: [GC (Allocation Failure) [PSYoungGen: 408212K->92383K(465920K)] 1005659K->690103K(1506816K), 0.0107095 secs] [Times: user=0.02 sys=0.00, real=0.01 secs] 
1090.350: [GC (Allocation Failure) [PSYoungGen: 325343K->37780K(465920K)] 923063K->635824K(1506816K), 0.0054038 secs] [Times: user=0.01 sys=0.00, real=0.00 secs] 
1090.621: [GC (Allocation Failure) [PSYoungGen: 270740K->184430K(465920K)] 868784K->783719K(1506816K), 0.0217845 secs] [Times: user=0.03 sys=0.00, real=0.02 secs] 
1090.988: [GC (Allocation Failure) [PSYoungGen: 417390K->184558K(465920K)] 1016679K->784121K(1506816K), 0.0202685 secs] [Times: user=0.03 sys=0.00, real=0.02 secs] 
1092.221: [GC (Allocation Failure) [PSYoungGen: 407606K->92030K(465920K)] 1007169K->691865K(1506816K), 0.0145280 secs] [Times: user=0.03 sys=0.00, real=0.01 secs] 
1094.539: [GC (Allocation Failure) [PSYoungGen: 324990K->37588K(465920K)] 924825K->637723K(1506816K), 0.0072235 secs] [Times: user=0.02 sys=0.00, real=0.01 secs] 
1094.847: [GC (Allocation Failure) [PSYoungGen: 270548K->184526K(465920K)] 870683K->785907K(1506816K), 0.0202954 secs] [Times: user=0.03 sys=0.00, real=0.02 secs] 
1095.138: [GC (Allocation Failure) [PSYoungGen: 417486K->184558K(465920K)] 1018867K->786228K(1506816K), 0.0203131 secs] [Times: user=0.03 sys=0.00, real=0.02 secs] 
1096.962: [GC (Allocation Failure) [PSYoungGen: 407612K->92110K(465920K)] 1009282K->694053K(1506816K), 0.0134043 secs] [Times: user=0.03 sys=0.00, real=0.01 secs] 
1098.601: [GC (Allocation Failure) [PSYoungGen: 325070K->37748K(465920K)] 927013K->640013K(1506816K), 0.0065063 secs] [Times: user=0.01 sys=0.00, real=0.01 secs] 
1098.883: [GC (Allocation Failure) [PSYoungGen: 270708K->184430K(465920K)] 872973K->787932K(1506816K), 0.0201927 secs] [Times: user=0.03 sys=0.00, real=0.02 secs] 
1099.168: [GC (Allocation Failure) [PSYoungGen: 417390K->184269K(465920K)] 1020892K->788045K(1506816K), 0.0205577 secs] [Times: user=0.02 sys=0.00, real=0.02 secs] 
1100.186: [GC (Allocation Failure) [PSYoungGen: 409310K->92255K(465920K)] 1013086K->696440K(1506816K), 0.0121426 secs] [Times: user=0.02 sys=0.00, real=0.01 secs] 
1102.292: [GC (Allocation Failure) [PSYoungGen: 325215K->37234K(465920K)] 929400K->641596K(1506816K), 0.0081636 secs] [Times: user=0.02 sys=0.00, real=0.01 secs] 
1102.620: [GC (Allocation Failure) [PSYoungGen: 270194K->184430K(465920K)] 874556K->790037K(1506816K), 0.0202003 secs] [Times: user=0.03 sys=0.00, real=0.02 secs] 
1102.903: [GC (Allocation Failure) [PSYoungGen: 417390K->184655K(465920K)] 1022997K->790544K(1506816K), 0.0202772 secs] [Times: user=0.03 sys=0.00, real=0.02 secs] 
1103.922: [GC (Allocation Failure) [PSYoungGen: 408144K->92319K(465920K)] 1014033K->698473K(1506816K), 0.0148846 secs] [Times: user=0.03 sys=0.00, real=0.02 secs] 
1106.084: [GC (Allocation Failure) [PSYoungGen: 325279K->37748K(465920K)] 931433K->644210K(1506816K), 0.0074950 secs] [Times: user=0.01 sys=0.00, real=0.01 secs] 
1106.396: [GC (Allocation Failure) [PSYoungGen: 270708K->184462K(465920K)] 877170K->792306K(1506816K), 0.0202251 secs] [Times: user=0.02 sys=0.00, real=0.02 secs] 
1106.739: [GC (Allocation Failure) [PSYoungGen: 417422K->184590K(465920K)] 1025266K->792579K(1506816K), 0.0203872 secs] [Times: user=0.02 sys=0.00, real=0.02 secs] 
1107.360: [GC (Allocation Failure) [PSYoungGen: 407642K->91982K(465920K)] 1015631K->700243K(1506816K), 0.0117383 secs] [Times: user=0.02 sys=0.00, real=0.01 secs] 
1108.178: [GC (Allocation Failure) [PSYoungGen: 324942K->37877K(465920K)] 933203K->646438K(1506816K), 0.0055375 secs] [Times: user=0.01 sys=0.00, real=0.00 secs] 
1108.447: [GC (Allocation Failure) [PSYoungGen: 270837K->183658K(465920K)] 879398K->793458K(1506816K), 0.0202010 secs] [Times: user=0.02 sys=0.01, real=0.02 secs] 
1108.737: [GC (Allocation Failure) [PSYoungGen: 416618K->184526K(465920K)] 1026418K->794599K(1506816K), 0.0202606 secs] [Times: user=0.02 sys=0.00, real=0.02 secs] 
1109.931: [GC (Allocation Failure) [PSYoungGen: 409970K->92608K(465920K)] 1020043K->702946K(1506816K), 0.0166949 secs] [Times: user=0.03 sys=0.00, real=0.02 secs] 
1111.590: [GC (Allocation Failure) [PSYoungGen: 325568K->37845K(465920K)] 935906K->648498K(1506816K), 0.0065327 secs] [Times: user=0.02 sys=0.00, real=0.01 secs] 
1111.875: [GC (Allocation Failure) [PSYoungGen: 270805K->184590K(465920K)] 881458K->796618K(1506816K), 0.0202390 secs] [Times: user=0.03 sys=0.00, real=0.02 secs] 
1112.160: [GC (Allocation Failure) [PSYoungGen: 417550K->184655K(465920K)] 1029578K->796827K(1506816K), 0.0202001 secs] [Times: user=0.03 sys=0.00, real=0.02 secs] 
1113.599: [GC (Allocation Failure) [PSYoungGen: 407226K->91644K(465920K)] 1019398K->704089K(1506816K), 0.0161598 secs] [Times: user=0.03 sys=0.00, real=0.01 secs] 
1115.149: [GC (Allocation Failure) [PSYoungGen: 324604K->37620K(465920K)] 937049K->650365K(1506816K), 0.0083694 secs] [Times: user=0.01 sys=0.00, real=0.01 secs] 
1115.479: [GC (Allocation Failure) [PSYoungGen: 270580K->184944K(465920K)] 883325K->798951K(1506816K), 0.0203194 secs] [Times: user=0.03 sys=0.00, real=0.02 secs] 
1115.762: [GC (Allocation Failure) [PSYoungGen: 417904K->183755K(465920K)] 1031911K->798043K(1506816K), 0.0203153 secs] [Times: user=0.02 sys=0.00, real=0.02 secs] 
1116.588: [GC (Allocation Failure) [PSYoungGen: 409224K->92367K(465920K)] 1023512K->706928K(1506816K), 0.0144315 secs] [Times: user=0.03 sys=0.00, real=0.01 secs] 
1118.701: [GC (Allocation Failure) [PSYoungGen: 325327K->37716K(465920K)] 939888K->652579K(1506816K), 0.0072773 secs] [Times: user=0.01 sys=0.00, real=0.01 secs] 
1119.006: [GC (Allocation Failure) [PSYoungGen: 270676K->184173K(465920K)] 885539K->800273K(1506816K), 0.0202395 secs] [Times: user=0.03 sys=0.00, real=0.02 secs] 
1119.297: [GC (Allocation Failure) [PSYoungGen: 417133K->184815K(465920K)] 1033233K->801197K(1506816K), 0.0204352 secs] [Times: user=0.03 sys=0.00, real=0.02 secs] 
1119.942: [GC (Allocation Failure) [PSYoungGen: 405715K->92046K(465920K)] 1022096K->708700K(1506816K), 0.0116245 secs] [Times: user=0.02 sys=0.00, real=0.01 secs] 
1121.487: [GC (Allocation Failure) [PSYoungGen: 325006K->37588K(465920K)] 941660K->654548K(1506816K), 0.0064777 secs] [Times: user=0.02 sys=0.00, real=0.00 secs] 
1121.775: [GC (Allocation Failure) [PSYoungGen: 270548K->184558K(465920K)] 887508K->802772K(1506816K), 0.0202762 secs] [Times: user=0.03 sys=0.00, real=0.02 secs] 
1122.116: [GC (Allocation Failure) [PSYoungGen: 417518K->184237K(465920K)] 1035732K->802724K(1506816K), 0.0204476 secs] [Times: user=0.03 sys=0.00, real=0.02 secs] 
1123.115: [GC (Allocation Failure) [PSYoungGen: 409119K->92303K(465920K)] 1027606K->711063K(1506816K), 0.0193327 secs] [Times: user=0.04 sys=0.00, real=0.02 secs] 
1125.535: [GC (Allocation Failure) [PSYoungGen: 325263K->37652K(465920K)] 944023K->656725K(1506816K), 0.0081969 secs] [Times: user=0.02 sys=0.00, real=0.01 secs] 
1125.861: [GC (Allocation Failure) [PSYoungGen: 270612K->184430K(465920K)] 889685K->804757K(1506816K), 0.0202392 secs] [Times: user=0.03 sys=0.00, real=0.02 secs] 
1126.204: [GC (Allocation Failure) [PSYoungGen: 417390K->184333K(465920K)] 1037717K->804933K(1506816K), 0.0204931 secs] [Times: user=0.03 sys=0.00, real=0.02 secs] 
1126.853: [GC (Allocation Failure) [PSYoungGen: 409486K->92367K(465920K)] 1030086K->713232K(1506816K), 0.0125057 secs] [Times: user=0.03 sys=0.00, real=0.01 secs] 
1127.686: [GC (Allocation Failure) [PSYoungGen: 325327K->38005K(465920K)] 946192K->659178K(1506816K), 0.0054222 secs] [Times: user=0.01 sys=0.00, real=0.01 secs] 
1127.955: [GC (Allocation Failure) [PSYoungGen: 270965K->184333K(465920K)] 892138K->806752K(1506816K), 0.0202474 secs] [Times: user=0.02 sys=0.00, real=0.02 secs] 
1128.240: [GC (Allocation Failure) [PSYoungGen: 417293K->184687K(465920K)] 1039712K->807386K(1506816K), 0.0202152 secs] [Times: user=0.03 sys=0.00, real=0.02 secs] 
1131.088: [GC (Allocation Failure) [PSYoungGen: 407509K->91725K(465920K)] 1030208K->714697K(1506816K), 0.0281502 secs] [Times: user=0.06 sys=0.00, real=0.03 secs] 
1133.139: [GC (Allocation Failure) [PSYoungGen: 324685K->37716K(465920K)] 947657K->660997K(1506816K), 0.0069525 secs] [Times: user=0.01 sys=0.00, real=0.00 secs] 
1133.437: [GC (Allocation Failure) [PSYoungGen: 270676K->184944K(465920K)] 893957K->809478K(1506816K), 0.0203778 secs] [Times: user=0.02 sys=0.00, real=0.02 secs] 
1133.720: [GC (Allocation Failure) [PSYoungGen: 417904K->183851K(465920K)] 1042438K->808666K(1506816K), 0.0204423 secs] [Times: user=0.03 sys=0.00, real=0.02 secs] 
1135.143: [GC (Allocation Failure) [PSYoungGen: 409310K->92223K(465920K)] 1034126K->717440K(1506816K), 0.0213536 secs] [Times: user=0.04 sys=0.00, real=0.02 secs] 
1137.303: [GC (Allocation Failure) [PSYoungGen: 325183K->37813K(465920K)] 950400K->663217K(1506816K), 0.0073474 secs] [Times: user=0.02 sys=0.00, real=0.01 secs] 
1137.609: [GC (Allocation Failure) [PSYoungGen: 270773K->184590K(465920K)] 896177K->811248K(1506816K), 0.0202125 secs] [Times: user=0.02 sys=0.00, real=0.02 secs] 
1137.892: [GC (Allocation Failure) [PSYoungGen: 417550K->184655K(465920K)] 1044208K->811586K(1506816K), 0.0203109 secs] [Times: user=0.03 sys=0.00, real=0.02 secs] 
1138.961: [GC (Allocation Failure) [PSYoungGen: 407351K->91660K(465920K)] 1034282K->719000K(1506816K), 0.0121628 secs] [Times: user=0.02 sys=0.00, real=0.01 secs] 
1140.783: [GC (Allocation Failure) [PSYoungGen: 324620K->37748K(465920K)] 951960K->665260K(1506816K), 0.0066767 secs] [Times: user=0.01 sys=0.00, real=0.01 secs] 
1141.071: [GC (Allocation Failure) [PSYoungGen: 270708K->184687K(465920K)] 898220K->813444K(1506816K), 0.0202644 secs] [Times: user=0.03 sys=0.00, real=0.02 secs] 
1141.414: [GC (Allocation Failure) [PSYoungGen: 417647K->184687K(465920K)] 1046404K->813725K(1506816K), 0.0202800 secs] [Times: user=0.03 sys=0.00, real=0.02 secs] 
1143.794: [GC (Allocation Failure) [PSYoungGen: 407238K->91628K(465920K)] 1036276K->720940K(1506816K), 0.0161800 secs] [Times: user=0.03 sys=0.00, real=0.02 secs] 
1144.847: [GC (Allocation Failure) [PSYoungGen: 324588K->37909K(465920K)] 953900K->667544K(1506816K), 0.0058998 secs] [Times: user=0.01 sys=0.00, real=0.00 secs] 
1145.116: [GC (Allocation Failure) [PSYoungGen: 270869K->183787K(465920K)] 900504K->814684K(1506816K), 0.0204049 secs] [Times: user=0.03 sys=0.00, real=0.02 secs] 
1145.400: [GC (Allocation Failure) [PSYoungGen: 416747K->184430K(465920K)] 1047644K->815600K(1506816K), 0.0202965 secs] [Times: user=0.03 sys=0.00, real=0.02 secs] 
1146.397: [GC (Allocation Failure) [PSYoungGen: 411167K->92656K(465920K)] 1042337K->724099K(1506816K), 0.0132914 secs] [Times: user=0.02 sys=0.00, real=0.01 secs] 
1147.316: [GC (Allocation Failure) [PSYoungGen: 325616K->38163K(465920K)] 957059K->669920K(1506816K), 0.0055008 secs] [Times: user=0.02 sys=0.00, real=0.00 secs] 
1147.641: [GC (Allocation Failure) [PSYoungGen: 271123K->184944K(465920K)] 902880K->817954K(1506816K), 0.0204598 secs] [Times: user=0.03 sys=0.00, real=0.02 secs] 
1147.925: [GC (Allocation Failure) [PSYoungGen: 417904K->184751K(465920K)] 1050914K->818034K(1506816K), 0.0204512 secs] [Times: user=0.03 sys=0.00, real=0.02 secs] 
1148.927: [GC (Allocation Failure) [PSYoungGen: 406161K->91001K(465920K)] 1039444K->724550K(1506816K), 0.0159453 secs] [Times: user=0.03 sys=0.00, real=0.01 secs] 
1150.792: [GC (Allocation Failure) [PSYoungGen: 323961K->37748K(465920K)] 957510K->671605K(1506816K), 0.0082232 secs] [Times: user=0.01 sys=0.01, real=0.01 secs] 
1151.121: [GC (Allocation Failure) [PSYoungGen: 270708K->184430K(465920K)] 904565K->819652K(1506816K), 0.0201845 secs] [Times: user=0.03 sys=0.00, real=0.02 secs] 
1151.406: [GC (Allocation Failure) [PSYoungGen: 417390K->184558K(465920K)] 1052612K->819933K(1506816K), 0.0201646 secs] [Times: user=0.03 sys=0.00, real=0.02 secs] 
1152.315: [GC (Allocation Failure) [PSYoungGen: 407609K->91966K(465920K)] 1042984K->727614K(1506816K), 0.0107359 secs] [Times: user=0.02 sys=0.00, real=0.02 secs] 
1154.080: [GC (Allocation Failure) [PSYoungGen: 324926K->37588K(465920K)] 960574K->673536K(1506816K), 0.0073768 secs] [Times: user=0.02 sys=0.00, real=0.01 secs] 
1154.388: [GC (Allocation Failure) [PSYoungGen: 270548K->184719K(465920K)] 906496K->821921K(1506816K), 0.0203547 secs] [Times: user=0.03 sys=0.00, real=0.02 secs] 
1154.682: [GC (Allocation Failure) [PSYoungGen: 417679K->186518K(465920K)] 1054881K->823993K(1506816K), 0.0205900 secs] [Times: user=0.03 sys=0.00, real=0.02 secs] 
1155.320: [GC (Allocation Failure) [PSYoungGen: 403782K->89909K(465920K)] 1041258K->727689K(1506816K), 0.0110268 secs] [Times: user=0.02 sys=0.00, real=0.01 secs] 
1156.243: [GC (Allocation Failure) [PSYoungGen: 322869K->38134K(465920K)] 960649K->676236K(1506816K), 0.0054804 secs] [Times: user=0.01 sys=0.00, real=0.01 secs] 
1156.512: [GC (Allocation Failure) [PSYoungGen: 271094K->184205K(465920K)] 909196K->823689K(1506816K), 0.0202555 secs] [Times: user=0.03 sys=0.00, real=0.02 secs] 
1156.854: [GC (Allocation Failure) [PSYoungGen: 417165K->184526K(465920K)] 1056649K->824155K(1506816K), 0.0204079 secs] [Times: user=0.03 sys=0.00, real=0.02 secs] 
1157.545: [GC (Allocation Failure) [PSYoungGen: 404973K->91869K(465920K)] 1044601K->731891K(1506816K), 0.0121486 secs] [Times: user=0.02 sys=0.00, real=0.02 secs] 
1159.029: [GC (Allocation Failure) [PSYoungGen: 324829K->37973K(465920K)] 964851K->678183K(1506816K), 0.0069876 secs] [Times: user=0.02 sys=0.00, real=0.01 secs] 
1159.324: [GC (Allocation Failure) [PSYoungGen: 270933K->184687K(465920K)] 911143K->826150K(1506816K), 0.0207611 secs] [Times: user=0.02 sys=0.00, real=0.02 secs] 
1159.671: [GC (Allocation Failure) [PSYoungGen: 417647K->184719K(465920K)] 1059110K->826463K(1506816K), 0.0204223 secs] [Times: user=0.03 sys=0.00, real=0.02 secs] 
1160.274: [GC (Allocation Failure) [PSYoungGen: 407272K->91371K(465920K)] 1049016K->733388K(1506816K), 0.0119277 secs] [Times: user=0.03 sys=0.00, real=0.02 secs] 
1161.352: [GC (Allocation Failure) [PSYoungGen: 324331K->37745K(465920K)] 966348K->680062K(1506816K), 0.0055525 secs] [Times: user=0.01 sys=0.00, real=0.01 secs] 
1161.620: [GC (Allocation Failure) [PSYoungGen: 270705K->183916K(465920K)] 913022K->827478K(1506816K), 0.0202052 secs] [Times: user=0.03 sys=0.00, real=0.02 secs] 
1161.905: [GC (Allocation Failure) [PSYoungGen: 416876K->184398K(465920K)] 1060438K->828233K(1506816K), 0.0203752 secs] [Times: user=0.03 sys=0.00, real=0.02 secs] 
1162.706: [GC (Allocation Failure) [PSYoungGen: 408210K->92656K(465920K)] 1052046K->736765K(1506816K), 0.0113169 secs] [Times: user=0.02 sys=0.00, real=0.01 secs] 
1163.535: [GC (Allocation Failure) [PSYoungGen: 325616K->37845K(465920K)] 969725K->682270K(1506816K), 0.0055738 secs] [Times: user=0.02 sys=0.00, real=0.01 secs] 
1163.804: [GC (Allocation Failure) [PSYoungGen: 270805K->184944K(465920K)] 915230K->830606K(1506816K), 0.0203210 secs] [Times: user=0.03 sys=0.00, real=0.02 secs] 
1164.156: [GC (Allocation Failure) [PSYoungGen: 417904K->184976K(465920K)] 1063566K->830919K(1506816K), 0.0207461 secs] [Times: user=0.03 sys=0.00, real=0.02 secs] 
1165.806: [GC (Allocation Failure) [PSYoungGen: 407231K->90969K(465920K)] 1053175K->737186K(1506816K), 0.0243187 secs] [Times: user=0.05 sys=0.00, real=0.02 secs] 
1167.553: [GC (Allocation Failure) [PSYoungGen: 323929K->37845K(465920K)] 970146K->684377K(1506816K), 0.0075110 secs] [Times: user=0.02 sys=0.00, real=0.01 secs] 
1167.864: [GC (Allocation Failure) [PSYoungGen: 270805K->186357K(465920K)] 917337K->834136K(1506816K), 0.0204839 secs] [Times: user=0.03 sys=0.00, real=0.02 secs] 
1168.152: [GC (Allocation Failure) [PSYoungGen: 419317K->186100K(465920K)] 1067096K->834152K(1506816K), 0.0206958 secs] [Times: user=0.03 sys=0.00, real=0.02 secs] 
1168.763: [GC (Allocation Failure) [PSYoungGen: 405396K->88367K(465920K)] 1053447K->736812K(1506816K), 0.0104330 secs] [Times: user=0.02 sys=0.00, real=0.01 secs] 
1169.589: [GC (Allocation Failure) [PSYoungGen: 321327K->38102K(465920K)] 969772K->686734K(1506816K), 0.0067146 secs] [Times: user=0.01 sys=0.00, real=0.00 secs] 
1169.875: [GC (Allocation Failure) [PSYoungGen: 271062K->184205K(465920K)] 919694K->834083K(1506816K), 0.0203895 secs] [Times: user=0.02 sys=0.00, real=0.02 secs] 
1170.159: [GC (Allocation Failure) [PSYoungGen: 417165K->184462K(465920K)] 1067043K->834749K(1506816K), 0.0204417 secs] [Times: user=0.03 sys=0.00, real=0.02 secs] 
1170.804: [GC (Allocation Failure) [PSYoungGen: 407564K->92014K(465920K)] 1057851K->742446K(1506816K), 0.0113942 secs] [Times: user=0.02 sys=0.00, real=0.01 secs] 
1172.378: [GC (Allocation Failure) [PSYoungGen: 324974K->37877K(465920K)] 975406K->688617K(1506816K), 0.0064940 secs] [Times: user=0.02 sys=0.01, real=0.00 secs] 
1172.720: [GC (Allocation Failure) [PSYoungGen: 270837K->184430K(465920K)] 921577K->836423K(1506816K), 0.0203504 secs] [Times: user=0.02 sys=0.00, real=0.02 secs] 
1173.057: [GC (Allocation Failure) [PSYoungGen: 417390K->184622K(465920K)] 1069383K->836889K(1506816K), 0.0204063 secs] [Times: user=0.02 sys=0.00, real=0.02 secs] 
1174.701: [GC (Allocation Failure) [PSYoungGen: 407195K->91885K(465920K)] 1059462K->744425K(1506816K), 0.0192739 secs] [Times: user=0.04 sys=0.00, real=0.02 secs] 
1176.111: [GC (Allocation Failure) [PSYoungGen: 324845K->37941K(465920K)] 977385K->690804K(1506816K), 0.0067491 secs] [Times: user=0.01 sys=0.00, real=0.01 secs] 
1176.391: [GC (Allocation Failure) [PSYoungGen: 270901K->184944K(465920K)] 923764K->839053K(1506816K), 0.0204390 secs] [Times: user=0.03 sys=0.00, real=0.02 secs] 
1176.677: [GC (Allocation Failure) [PSYoungGen: 417904K->184944K(465920K)] 1072013K->839334K(1506816K), 0.0204653 secs] [Times: user=0.03 sys=0.00, real=0.02 secs] 
1177.525: [GC (Allocation Failure) [PSYoungGen: 407771K->90937K(465920K)] 1062161K->745592K(1506816K), 0.0121326 secs] [Times: user=0.03 sys=0.00, real=0.02 secs] 
1178.327: [GC (Allocation Failure) [PSYoungGen: 323897K->38034K(465920K)] 978552K->693005K(1506816K), 0.0056378 secs] [Times: user=0.02 sys=0.00, real=0.00 secs] 
1178.658: [GC (Allocation Failure) [PSYoungGen: 270994K->184558K(465920K)] 925965K->840775K(1506816K), 0.0204006 secs] [Times: user=0.03 sys=0.00, real=0.02 secs] 
1178.942: [GC (Allocation Failure) [PSYoungGen: 417518K->184526K(465920K)] 1073735K->841016K(1506816K), 0.0204455 secs] [Times: user=0.03 sys=0.00, real=0.02 secs] 
1179.549: [GC (Allocation Failure) [PSYoungGen: 407054K->91564K(465920K)] 1063543K->748327K(1506816K), 0.0126274 secs] [Times: user=0.03 sys=0.00, real=0.01 secs] 
1180.356: [GC (Allocation Failure) [PSYoungGen: 324524K->37877K(465920K)] 981287K->694953K(1506816K), 0.0055383 secs] [Times: user=0.02 sys=0.00, real=0.01 secs] 
1180.625: [GC (Allocation Failure) [PSYoungGen: 270837K->183690K(465920K)] 927913K->842013K(1506816K), 0.0202060 secs] [Times: user=0.03 sys=0.00, real=0.02 secs] 
1180.966: [GC (Allocation Failure) [PSYoungGen: 416650K->184590K(465920K)] 1074973K->843193K(1506816K), 0.0203819 secs] [Times: user=0.02 sys=0.00, real=0.02 secs] 
1181.585: [GC (Allocation Failure) [PSYoungGen: 410159K->92608K(465920K)] 1068762K->751476K(1506816K), 0.0114916 secs] [Times: user=0.02 sys=0.00, real=0.02 secs] 
1183.017: [GC (Allocation Failure) [PSYoungGen: 325568K->37620K(465920K)] 984436K->696796K(1506816K), 0.0066297 secs] [Times: user=0.02 sys=0.00, real=0.00 secs] 
1183.304: [GC (Allocation Failure) [PSYoungGen: 270580K->184719K(465920K)] 929756K->845149K(1506816K), 0.0203218 secs] [Times: user=0.03 sys=0.00, real=0.02 secs] 
1183.589: [GC (Allocation Failure) [PSYoungGen: 417679K->184687K(465920K)] 1078109K->845518K(1506816K), 0.0204734 secs] [Times: user=0.03 sys=0.00, real=0.02 secs] 
1185.326: [GC (Allocation Failure) [PSYoungGen: 407410K->91757K(465920K)] 1068242K->752853K(1506816K), 0.0165446 secs] [Times: user=0.04 sys=0.00, real=0.02 secs] 
1187.638: [GC (Allocation Failure) [PSYoungGen: 324717K->37973K(465920K)] 985813K->699257K(1506816K), 0.0066778 secs] [Times: user=0.01 sys=0.00, real=0.00 secs] 
1187.921: [GC (Allocation Failure) [PSYoungGen: 270933K->183787K(465920K)] 932217K->846317K(1506816K), 0.0202374 secs] [Times: user=0.02 sys=0.00, real=0.02 secs] 
1188.206: [GC (Allocation Failure) [PSYoungGen: 416747K->184655K(465920K)] 1079277K->847457K(1506816K), 0.0203097 secs] [Times: user=0.03 sys=0.00, real=0.03 secs] 
1189.985: [GC (Allocation Failure) [PSYoungGen: 405442K->92223K(465920K)] 1068245K->755298K(1506816K), 0.0189070 secs] [Times: user=0.04 sys=0.00, real=0.02 secs] 
1191.839: [GC (Allocation Failure) [PSYoungGen: 325183K->38134K(465920K)] 988258K->701517K(1506816K), 0.0055702 secs] [Times: user=0.01 sys=0.00, real=0.00 secs] 
1192.109: [GC (Allocation Failure) [PSYoungGen: 271094K->184590K(465920K)] 934477K->849219K(1506816K), 0.0202553 secs] [Times: user=0.02 sys=0.00, real=0.02 secs] 
1192.392: [GC (Allocation Failure) [PSYoungGen: 417550K->184333K(465920K)] 1082179K->849235K(1506816K), 0.0204731 secs] [Times: user=0.03 sys=0.00, real=0.02 secs] 
1194.008: [GC (Allocation Failure) [PSYoungGen: 406884K->91725K(465920K)] 1071786K->756900K(1506816K), 0.0161975 secs] [Times: user=0.04 sys=0.00, real=0.01 secs] 
1195.554: [GC (Allocation Failure) [PSYoungGen: 324685K->37620K(465920K)] 989860K->703093K(1506816K), 0.0084852 secs] [Times: user=0.02 sys=0.00, real=0.01 secs] 
1195.882: [GC (Allocation Failure) [PSYoungGen: 270580K->184719K(465920K)] 936053K->851453K(1506816K), 0.0203546 secs] [Times: user=0.02 sys=0.00, real=0.02 secs] 
1196.167: [GC (Allocation Failure) [PSYoungGen: 417679K->183658K(465920K)] 1084413K->850674K(1506816K), 0.0202312 secs] [Times: user=0.02 sys=0.00, real=0.02 secs] 
1198.103: [GC (Allocation Failure) [PSYoungGen: 409250K->92785K(465920K)] 1076266K->760073K(1506816K), 0.0162602 secs] [Times: user=0.03 sys=0.00, real=0.02 secs] 
1199.814: [GC (Allocation Failure) [PSYoungGen: 325745K->37716K(465920K)] 993033K->705305K(1506816K), 0.0084098 secs] [Times: user=0.02 sys=0.00, real=0.01 secs] 
1200.143: [GC (Allocation Failure) [PSYoungGen: 270676K->184558K(465920K)] 938265K->853392K(1506816K), 0.0203204 secs] [Times: user=0.03 sys=0.00, real=0.02 secs] 
1200.427: [GC (Allocation Failure) [PSYoungGen: 417518K->184751K(465920K)] 1086352K->853858K(1506816K), 0.0202865 secs] [Times: user=0.03 sys=0.00, real=0.02 secs] 
1202.869: [GC (Allocation Failure) [PSYoungGen: 409766K->91757K(465920K)] 1078873K->761265K(1506816K), 0.0269467 secs] [Times: user=0.06 sys=0.01, real=0.03 secs] 
1203.734: [GC (Allocation Failure) [PSYoungGen: 324717K->38102K(465920K)] 994225K->707782K(1506816K), 0.0054814 secs] [Times: user=0.01 sys=0.00, real=0.01 secs] 
1204.005: [GC (Allocation Failure) [PSYoungGen: 271062K->184687K(465920K)] 940742K->855620K(1506816K), 0.0209208 secs] [Times: user=0.03 sys=0.00, real=0.03 secs] 
1204.296: [GC (Allocation Failure) [PSYoungGen: 417647K->184719K(465920K)] 1088580K->855925K(1506816K), 0.0202775 secs] [Times: user=0.02 sys=0.00, real=0.02 secs] 
1205.515: [GC (Allocation Failure) [PSYoungGen: 407164K->91258K(465920K)] 1078371K->762738K(1506816K), 0.0172850 secs] [Times: user=0.04 sys=0.00, real=0.02 secs] 
1206.662: [GC (Allocation Failure) [PSYoungGen: 324218K->38102K(465920K)] 995698K->709906K(1506816K), 0.0066667 secs] [Times: user=0.01 sys=0.00, real=0.01 secs] 
1207.009: [GC (Allocation Failure) [PSYoungGen: 271062K->184719K(465920K)] 942866K->857897K(1506816K), 0.0205684 secs] [Times: user=0.03 sys=0.00, real=0.02 secs] 
1207.294: [GC (Allocation Failure) [PSYoungGen: 417679K->184687K(465920K)] 1090857K->858009K(1506816K), 0.0205398 secs] [Times: user=0.02 sys=0.00, real=0.02 secs] 
1207.982: [GC (Allocation Failure) [PSYoungGen: 407110K->91226K(465920K)] 1080433K->764822K(1506816K), 0.0122255 secs] [Times: user=0.02 sys=0.00, real=0.01 secs] 
1208.870: [GC (Allocation Failure) [PSYoungGen: 324186K->37973K(465920K)] 997782K->711869K(1506816K), 0.0066648 secs] [Times: user=0.02 sys=0.00, real=0.01 secs] 
1209.214: [GC (Allocation Failure) [PSYoungGen: 270933K->184687K(465920K)] 944829K->859828K(1506816K), 0.0206705 secs] [Times: user=0.02 sys=0.00, real=0.02 secs] 
1209.559: [GC (Allocation Failure) [PSYoungGen: 417647K->184687K(465920K)] 1092788K->860109K(1506816K), 0.0207506 secs] [Times: user=0.03 sys=0.00, real=0.02 secs] 
1211.708: [GC (Allocation Failure) [PSYoungGen: 407240K->91339K(465920K)] 1082662K->767042K(1506816K), 0.0263488 secs] [Times: user=0.06 sys=0.00, real=0.02 secs] 
1213.576: [GC (Allocation Failure) [PSYoungGen: 324299K->37877K(465920K)] 1000002K->713878K(1506816K), 0.0075645 secs] [Times: user=0.02 sys=0.00, real=0.00 secs] 
1213.890: [GC (Allocation Failure) [PSYoungGen: 270837K->184719K(465920K)] 946838K->861965K(1506816K), 0.0204275 secs] [Times: user=0.03 sys=0.00, real=0.02 secs] 
1214.174: [GC (Allocation Failure) [PSYoungGen: 417679K->184655K(465920K)] 1094925K->862174K(1506816K), 0.0202960 secs] [Times: user=0.03 sys=0.00, real=0.02 secs] 
1214.784: [GC (Allocation Failure) [PSYoungGen: 407233K->91484K(465920K)] 1084753K->769276K(1506816K), 0.0108288 secs] [Times: user=0.02 sys=0.00, real=0.01 secs] 
1215.574: [GC (Allocation Failure) [PSYoungGen: 324444K->37716K(465920K)] 1002236K->715833K(1506816K), 0.0055023 secs] [Times: user=0.01 sys=0.00, real=0.01 secs] 
1215.843: [GC (Allocation Failure) [PSYoungGen: 270676K->183948K(465920K)] 948793K->863310K(1506816K), 0.0202565 secs] [Times: user=0.03 sys=0.00, real=0.02 secs] 
1216.184: [GC (Allocation Failure) [PSYoungGen: 416908K->184494K(465920K)] 1096270K->864266K(1506816K), 0.0203446 secs] [Times: user=0.03 sys=0.00, real=0.02 secs] 
1216.831: [GC (Allocation Failure) [PSYoungGen: 409592K->92608K(465920K)] 1089364K->772653K(1506816K), 0.0116588 secs] [Times: user=0.02 sys=0.00, real=0.01 secs] 
1217.697: [GC (Allocation Failure) [PSYoungGen: 325568K->37973K(465920K)] 1005613K->718196K(1506816K), 0.0055210 secs] [Times: user=0.01 sys=0.00, real=0.00 secs] 
1217.966: [GC (Allocation Failure) [PSYoungGen: 270933K->184687K(465920K)] 951156K->866163K(1506816K), 0.0203769 secs] [Times: user=0.02 sys=0.00, real=0.02 secs] 
1218.256: [GC (Allocation Failure) [PSYoungGen: 417647K->184623K(465920K)] 1099123K->866500K(1506816K), 0.0204762 secs] [Times: user=0.03 sys=0.00, real=0.02 secs] 
1220.097: [GC (Allocation Failure) [PSYoungGen: 407055K->91323K(465920K)] 1088933K->773474K(1506816K), 0.0162677 secs] [Times: user=0.03 sys=0.00, real=0.01 secs] 
1222.131: [GC (Allocation Failure) [PSYoungGen: 324283K->37973K(465920K)] 1006434K->720311K(1506816K), 0.0066245 secs] [Times: user=0.02 sys=0.00, real=0.01 secs] 
1222.417: [GC (Allocation Failure) [PSYoungGen: 270933K->184687K(465920K)] 953271K->868399K(1506816K), 0.0205072 secs] [Times: user=0.03 sys=0.00, real=0.02 secs] 
1222.701: [GC (Allocation Failure) [PSYoungGen: 417647K->184719K(465920K)] 1101359K->868583K(1506816K), 0.0204681 secs] [Times: user=0.03 sys=0.00, real=0.02 secs] 
1223.829: [GC (Allocation Failure) [PSYoungGen: 407275K->91371K(465920K)] 1091139K->775509K(1506816K), 0.0260864 secs] [Times: user=0.05 sys=0.00, real=0.02 secs] 
1225.321: [GC (Allocation Failure) [PSYoungGen: 324331K->37909K(465920K)] 1008469K->722347K(1506816K), 0.0070662 secs] [Times: user=0.02 sys=0.00, real=0.01 secs] 
1225.617: [GC (Allocation Failure) [PSYoungGen: 270869K->183980K(465920K)] 955307K->869671K(1506816K), 0.0202583 secs] [Times: user=0.03 sys=0.00, real=0.02 secs] 
1225.901: [GC (Allocation Failure) [PSYoungGen: 416940K->184430K(465920K)] 1102631K->870523K(1506816K), 0.0203764 secs] [Times: user=0.03 sys=0.00, real=0.02 secs] 
1226.896: [GC (Allocation Failure) [PSYoungGen: 409657K->92496K(465920K)] 1095750K->778725K(1506816K), 0.0242265 secs] [Times: user=0.05 sys=0.00, real=0.03 secs] 
1228.863: [GC (Allocation Failure) [PSYoungGen: 325456K->37620K(465920K)] 1011685K->724157K(1506816K), 0.0080141 secs] [Times: user=0.02 sys=0.00, real=0.01 secs] 
1229.185: [GC (Allocation Failure) [PSYoungGen: 270580K->184719K(465920K)] 957117K->872502K(1506816K), 0.0204218 secs] [Times: user=0.02 sys=0.00, real=0.03 secs] 
1229.533: [GC (Allocation Failure) [PSYoungGen: 417679K->184751K(465920K)] 1105462K->872944K(1506816K), 0.0203692 secs] [Times: user=0.02 sys=0.00, real=0.02 secs] 
1230.342: [GC (Allocation Failure) [PSYoungGen: 407185K->91709K(465920K)] 1095378K->780167K(1506816K), 0.0135925 secs] [Times: user=0.03 sys=0.00, real=0.01 secs] 
1232.616: [GC (Allocation Failure) [PSYoungGen: 324669K->37716K(465920K)] 1013127K->726354K(1506816K), 0.0086686 secs] [Times: user=0.02 sys=0.00, real=0.00 secs] 
1232.944: [GC (Allocation Failure) [PSYoungGen: 270676K->184687K(465920K)] 959314K->874698K(1506816K), 0.0204523 secs] [Times: user=0.03 sys=0.00, real=0.02 secs] 
1233.229: [GC (Allocation Failure) [PSYoungGen: 417647K->184687K(465920K)] 1107658K->874843K(1506816K), 0.0204468 secs] [Times: user=0.03 sys=0.00, real=0.02 secs] 
1234.721: [GC (Allocation Failure) [PSYoungGen: 407275K->91596K(465920K)] 1097431K->782025K(1506816K), 0.0133678 secs] [Times: user=0.03 sys=0.00, real=0.01 secs] 
1236.382: [GC (Allocation Failure) [PSYoungGen: 324556K->37748K(465920K)] 1014985K->728493K(1506816K), 0.0070465 secs] [Times: user=0.02 sys=0.00, real=0.01 secs] 
1236.679: [GC (Allocation Failure) [PSYoungGen: 270708K->184976K(465920K)] 961453K->876975K(1506816K), 0.0203196 secs] [Times: user=0.03 sys=0.00, real=0.02 secs] 
1236.963: [GC (Allocation Failure) [PSYoungGen: 417936K->183658K(465920K)] 1109935K->875938K(1506816K), 0.0202324 secs] [Times: user=0.03 sys=0.00, real=0.02 secs] 
1238.797: [GC (Allocation Failure) [PSYoungGen: 409150K->92383K(465920K)] 1101430K->784928K(1506816K), 0.0146897 secs] [Times: user=0.03 sys=0.00, real=0.01 secs] 
1239.881: [GC (Allocation Failure) [PSYoungGen: 325343K->37877K(465920K)] 1017888K->730738K(1506816K), 0.0076748 secs] [Times: user=0.02 sys=0.00, real=0.01 secs] 
1240.221: [GC (Allocation Failure) [PSYoungGen: 270837K->184430K(465920K)] 963698K->878536K(1506816K), 0.0205538 secs] [Times: user=0.03 sys=0.00, real=0.02 secs] 
1240.563: [GC (Allocation Failure) [PSYoungGen: 417390K->184301K(465920K)] 1111496K->878681K(1506816K), 0.0205662 secs] [Times: user=0.03 sys=0.00, real=0.02 secs] 
1243.746: [GC (Allocation Failure) [PSYoungGen: 409454K->92142K(465920K)] 1103834K->786795K(1506816K), 0.0201372 secs] [Times: user=0.04 sys=0.00, real=0.02 secs] 
1245.767: [GC (Allocation Failure) [PSYoungGen: 325102K->37748K(465920K)] 1019755K->732715K(1506816K), 0.0079328 secs] [Times: user=0.02 sys=0.00, real=0.00 secs] 
1246.163: [GC (Allocation Failure) [PSYoungGen: 270708K->184687K(465920K)] 965675K->880907K(1506816K), 0.0204161 secs] [Times: user=0.02 sys=0.00, real=0.02 secs] 
1246.501: [GC (Allocation Failure) [PSYoungGen: 417647K->184623K(465920K)] 1113867K->881116K(1506816K), 0.0205061 secs] [Times: user=0.03 sys=0.00, real=0.02 secs] 
1247.873: [GC (Allocation Failure) [PSYoungGen: 407174K->91644K(465920K)] 1103667K->788410K(1506816K), 0.0189977 secs] [Times: user=0.04 sys=0.00, real=0.02 secs] 
1249.063: [GC (Allocation Failure) [PSYoungGen: 324604K->37973K(465920K)] 1021370K->735037K(1506816K), 0.0066863 secs] [Times: user=0.02 sys=0.00, real=0.01 secs] 
1249.408: [GC (Allocation Failure) [PSYoungGen: 270933K->184687K(465920K)] 967997K->882988K(1506816K), 0.0204945 secs] [Times: user=0.03 sys=0.00, real=0.02 secs] 
1249.700: [GC (Allocation Failure) [PSYoungGen: 417647K->184719K(465920K)] 1115948K->883301K(1506816K), 0.0211191 secs] [Times: user=0.03 sys=0.00, real=0.02 secs] 
1251.200: [GC (Allocation Failure) [PSYoungGen: 407265K->91355K(465920K)] 1105848K->790203K(1506816K), 0.0163995 secs] [Times: user=0.04 sys=0.00, real=0.02 secs] 
1253.158: [GC (Allocation Failure) [PSYoungGen: 324315K->37588K(465920K)] 1023163K->736751K(1506816K), 0.0070455 secs] [Times: user=0.02 sys=0.00, real=0.00 secs] 
1253.455: [GC (Allocation Failure) [PSYoungGen: 270548K->183787K(465920K)] 969711K->884196K(1506816K), 0.0207465 secs] [Times: user=0.03 sys=0.00, real=0.03 secs] 
1253.742: [GC (Allocation Failure) [PSYoungGen: 416747K->184687K(465920K)] 1117156K->885377K(1506816K), 0.0203655 secs] [Times: user=0.03 sys=0.01, real=0.02 secs] 
1254.829: [GC (Allocation Failure) [PSYoungGen: 410254K->92672K(465920K)] 1110945K->793644K(1506816K), 0.0140382 secs] [Times: user=0.03 sys=0.00, real=0.01 secs] 
1256.456: [GC (Allocation Failure) [PSYoungGen: 325632K->37877K(465920K)] 1026604K->739172K(1506816K), 0.0069550 secs] [Times: user=0.02 sys=0.00, real=0.01 secs] 
1256.747: [GC (Allocation Failure) [PSYoungGen: 270837K->184044K(465920K)] 972132K->886593K(1506816K), 0.0203979 secs] [Times: user=0.03 sys=0.00, real=0.02 secs] 
1257.036: [GC (Allocation Failure) [PSYoungGen: 417004K->184558K(465920K)] 1119553K->887380K(1506816K), 0.0203900 secs] [Times: user=0.03 sys=0.00, real=0.02 secs] 
1258.686: [GC (Allocation Failure) [PSYoungGen: 409619K->92255K(465920K)] 1112441K->795470K(1506816K), 0.0137064 secs] [Times: user=0.02 sys=0.00, real=0.01 secs] 
1260.342: [GC (Allocation Failure) [PSYoungGen: 325215K->37877K(465920K)] 1028430K->741280K(1506816K), 0.0098357 secs] [Times: user=0.03 sys=0.00, real=0.01 secs] 
1260.741: [GC (Allocation Failure) [PSYoungGen: 270837K->184687K(465920K)] 974240K->889336K(1506816K), 0.0204975 secs] [Times: user=0.03 sys=0.00, real=0.02 secs] 
1261.025: [GC (Allocation Failure) [PSYoungGen: 417647K->184655K(465920K)] 1122296K->889577K(1506816K), 0.0206438 secs] [Times: user=0.03 sys=0.00, real=0.03 secs] 
1262.836: [GC (Allocation Failure) [PSYoungGen: 407218K->91484K(465920K)] 1112140K->796679K(1506816K), 0.0218640 secs] [Times: user=0.05 sys=0.00, real=0.02 secs] 
1264.562: [GC (Allocation Failure) [PSYoungGen: 324444K->37877K(465920K)] 1029639K->743396K(1506816K), 0.0087945 secs] [Times: user=0.03 sys=0.00, real=0.01 secs] 
1264.890: [GC (Allocation Failure) [PSYoungGen: 270837K->183819K(465920K)] 976356K->890592K(1506816K), 0.0257479 secs] [Times: user=0.05 sys=0.00, real=0.03 secs] 
1265.184: [GC (Allocation Failure) [PSYoungGen: 416779K->184655K(465920K)] 1123552K->891708K(1506816K), 0.0203557 secs] [Times: user=0.02 sys=0.00, real=0.02 secs] 
1266.293: [GC (Allocation Failure) [PSYoungGen: 408475K->92367K(465920K)] 1115529K->799694K(1506816K), 0.0121096 secs] [Times: user=0.02 sys=0.00, real=0.01 secs] 
1267.111: [GC (Allocation Failure) [PSYoungGen: 325327K->37877K(465920K)] 1032654K->745512K(1506816K), 0.0056051 secs] [Times: user=0.01 sys=0.00, real=0.01 secs] 
1267.382: [GC (Allocation Failure) [PSYoungGen: 270837K->184944K(465920K)] 978472K->893816K(1506816K), 0.0205575 secs] [Times: user=0.03 sys=0.00, real=0.02 secs] 
1267.667: [GC (Allocation Failure) [PSYoungGen: 417904K->184944K(465920K)] 1126776K->894089K(1506816K), 0.0203222 secs] [Times: user=0.03 sys=0.00, real=0.02 secs] 
1269.118: [GC (Allocation Failure) [PSYoungGen: 407153K->90953K(465920K)] 1116299K->800364K(1506816K), 0.0149071 secs] [Times: user=0.03 sys=0.00, real=0.01 secs] 
1271.149: [GC (Allocation Failure) [PSYoungGen: 323913K->37459K(465920K)] 1033324K->747177K(1506816K), 0.0071743 secs] [Times: user=0.01 sys=0.00, real=0.01 secs] 
1271.453: [GC (Allocation Failure) [PSYoungGen: 270419K->186486K(465920K)] 980137K->897442K(1506816K), 0.0207286 secs] [Times: user=0.03 sys=0.00, real=0.02 secs] 
1271.798: [GC (Allocation Failure) [PSYoungGen: 419446K->186100K(465920K)] 1130402K->897337K(1506816K), 0.0205870 secs] [Times: user=0.03 sys=0.00, real=0.02 secs] 
1273.410: [GC (Allocation Failure) [PSYoungGen: 405532K->88624K(465920K)] 1116769K->800126K(1506816K), 0.0130483 secs] [Times: user=0.02 sys=0.00, real=0.01 secs] 
1274.932: [GC (Allocation Failure) [PSYoungGen: 321584K->37584K(465920K)] 1033086K->749410K(1506816K), 0.0058135 secs] [Times: user=0.01 sys=0.00, real=0.01 secs] 
1275.270: [GC (Allocation Failure) [PSYoungGen: 270544K->184076K(465920K)] 982370K->897156K(1506816K), 0.0205255 secs] [Times: user=0.03 sys=0.00, real=0.02 secs] 
1275.611: [GC (Allocation Failure) [PSYoungGen: 417036K->184012K(465920K)] 1130116K->897365K(1506816K), 0.0204980 secs] [Times: user=0.03 sys=0.00, real=0.02 secs] 
1276.828: [GC (Allocation Failure) [PSYoungGen: 409344K->93138K(465920K)] 1122697K->806764K(1506816K), 0.0166090 secs] [Times: user=0.04 sys=0.00, real=0.01 secs] 
1278.408: [GC (Allocation Failure) [PSYoungGen: 326098K->37620K(465920K)] 1039724K->751570K(1506816K), 0.0065710 secs] [Times: user=0.01 sys=0.00, real=0.00 secs] 
1278.688: [GC (Allocation Failure) [PSYoungGen: 270580K->183948K(465920K)] 984530K->899151K(1506816K), 0.0203657 secs] [Times: user=0.03 sys=0.00, real=0.02 secs] 
1278.976: [GC (Allocation Failure) [PSYoungGen: 416908K->184494K(465920K)] 1132111K->899970K(1506816K), 0.0204525 secs] [Times: user=0.03 sys=0.00, real=0.02 secs] 
1279.645: [GC (Allocation Failure) [PSYoungGen: 408294K->92753K(465920K)] 1123771K->808502K(1506816K), 0.0119436 secs] [Times: user=0.03 sys=0.00, real=0.02 secs] 
1280.775: [GC (Allocation Failure) [PSYoungGen: 325713K->37845K(465920K)] 1041462K->753910K(1506816K), 0.0074471 secs] [Times: user=0.02 sys=0.00, real=0.01 secs] 
1281.075: [GC (Allocation Failure) [PSYoungGen: 270805K->184430K(465920K)] 986870K->901741K(1506816K), 0.0204248 secs] [Times: user=0.03 sys=0.01, real=0.02 secs] 
1281.360: [GC (Allocation Failure) [PSYoungGen: 417390K->184269K(465920K)] 1134701K->901854K(1506816K), 0.0204206 secs] [Times: user=0.03 sys=0.00, real=0.02 secs] 
1282.004: [GC (Allocation Failure) [PSYoungGen: 409304K->92126K(465920K)] 1126888K->810112K(1506816K), 0.0111866 secs] [Times: user=0.03 sys=0.00, real=0.01 secs] 
1282.804: [GC (Allocation Failure) [PSYoungGen: 325086K->38002K(465920K)] 1043072K->756176K(1506816K), 0.0056118 secs] [Times: user=0.01 sys=0.00, real=0.01 secs] 
1283.074: [GC (Allocation Failure) [PSYoungGen: 270962K->184719K(465920K)] 989136K->904138K(1506816K), 0.0207483 secs] [Times: user=0.03 sys=0.00, real=0.02 secs] 
1283.359: [GC (Allocation Failure) [PSYoungGen: 417679K->184430K(465920K)] 1137098K->904122K(1506816K), 0.0205242 secs] [Times: user=0.02 sys=0.00, real=0.02 secs] 
1285.473: [GC (Allocation Failure) [PSYoungGen: 406916K->91596K(465920K)] 1126608K->811561K(1506816K), 0.0163105 secs] [Times: user=0.03 sys=0.00, real=0.02 secs] 
1287.309: [GC (Allocation Failure) [PSYoungGen: 324556K->38005K(465920K)] 1044521K->758279K(1506816K), 0.0086005 secs] [Times: user=0.02 sys=0.00, real=0.01 secs] 
1287.639: [GC (Allocation Failure) [PSYoungGen: 270965K->184687K(465920K)] 991239K->906334K(1506816K), 0.0205054 secs] [Times: user=0.03 sys=0.00, real=0.02 secs] 
1287.924: [GC (Allocation Failure) [PSYoungGen: 417647K->184655K(465920K)] 1139294K->906447K(1506816K), 0.0204673 secs] [Times: user=0.02 sys=0.00, real=0.02 secs] 
1289.357: [GC (Allocation Failure) [PSYoungGen: 407195K->91339K(465920K)] 1128987K->813404K(1506816K), 0.0132456 secs] [Times: user=0.03 sys=0.00, real=0.01 secs] 
1290.943: [GC (Allocation Failure) [PSYoungGen: 324299K->37748K(465920K)] 1046364K->760119K(1506816K), 0.0071524 secs] [Times: user=0.02 sys=0.00, real=0.01 secs] 
1291.239: [GC (Allocation Failure) [PSYoungGen: 270708K->183916K(465920K)] 993079K->907532K(1506816K), 0.0204991 secs] [Times: user=0.03 sys=0.00, real=0.02 secs] 
1291.523: [GC (Allocation Failure) [PSYoungGen: 416876K->184430K(465920K)] 1140492K->908319K(1506816K), 0.0203666 secs] [Times: user=0.03 sys=0.00, real=0.02 secs] 
1293.000: [GC (Allocation Failure) [PSYoungGen: 408240K->92592K(465920K)] 1132130K->816747K(1506816K), 0.0126567 secs] [Times: user=0.03 sys=0.00, real=0.01 secs] 
1294.387: [GC (Allocation Failure) [PSYoungGen: 325552K->37845K(465920K)] 1049707K->762307K(1506816K), 0.0071363 secs] [Times: user=0.02 sys=0.00, real=0.00 secs] 
1294.684: [GC (Allocation Failure) [PSYoungGen: 270805K->185008K(465920K)] 995267K->910716K(1506816K), 0.0204969 secs] [Times: user=0.03 sys=0.00, real=0.02 secs] 
1294.975: [GC (Allocation Failure) [PSYoungGen: 417968K->184333K(465920K)] 1143676K->910338K(1506816K), 0.0208612 secs] [Times: user=0.02 sys=0.00, real=0.03 secs] 
1295.771: [GC (Allocation Failure) [PSYoungGen: 407049K->91564K(465920K)] 1133054K->817842K(1506816K), 0.0121191 secs] [Times: user=0.03 sys=0.00, real=0.01 secs] 
1296.915: [GC (Allocation Failure) [PSYoungGen: 324524K->37845K(465920K)] 1050802K->764421K(1506816K), 0.0067254 secs] [Times: user=0.02 sys=0.00, real=0.01 secs] 
1297.194: [GC (Allocation Failure) [PSYoungGen: 270805K->184687K(465920K)] 997381K->912508K(1506816K), 0.0206150 secs] [Times: user=0.03 sys=0.00, real=0.02 secs] 
1297.480: [GC (Allocation Failure) [PSYoungGen: 417647K->184623K(465920K)] 1145468K->912846K(1506816K), 0.0204627 secs] [Times: user=0.02 sys=0.00, real=0.02 secs] 
1298.126: [GC (Allocation Failure) [PSYoungGen: 407059K->91484K(465920K)] 1135283K->819972K(1506816K), 0.0114973 secs] [Times: user=0.03 sys=0.00, real=0.01 secs] 
1298.940: [GC (Allocation Failure) [PSYoungGen: 324444K->37973K(465920K)] 1052932K->766655K(1506816K), 0.0057949 secs] [Times: user=0.02 sys=0.00, real=0.00 secs] 
1299.266: [GC (Allocation Failure) [PSYoungGen: 270933K->183787K(465920K)] 999615K->913714K(1506816K), 0.0204460 secs] [Times: user=0.02 sys=0.00, real=0.02 secs] 
1299.611: [GC (Allocation Failure) [PSYoungGen: 416747K->184687K(465920K)] 1146674K->914887K(1506816K), 0.0207095 secs] [Times: user=0.03 sys=0.00, real=0.02 secs] 
1300.684: [GC (Allocation Failure) [PSYoungGen: 410102K->92287K(465920K)] 1140302K->822760K(1506816K), 0.0216869 secs] [Times: user=0.04 sys=0.00, real=0.02 secs] 
1302.675: [GC (Allocation Failure) [PSYoungGen: 325247K->37620K(465920K)] 1055720K->768390K(1506816K), 0.0087413 secs] [Times: user=0.02 sys=0.00, real=0.01 secs] 
1303.001: [GC (Allocation Failure) [PSYoungGen: 270580K->184205K(465920K)] 1001350K->916221K(1506816K), 0.0206351 secs] [Times: user=0.03 sys=0.00, real=0.02 secs] 
1303.285: [GC (Allocation Failure) [PSYoungGen: 417165K->184526K(465920K)] 1149181K->916816K(1506816K), 0.0205675 secs] [Times: user=0.03 sys=0.00, real=0.03 secs] 
1304.708: [GC (Allocation Failure) [PSYoungGen: 408170K->92383K(465920K)] 1140460K->824938K(1506816K), 0.0153031 secs] [Times: user=0.03 sys=0.00, real=0.01 secs] 
1306.621: [GC (Allocation Failure) [PSYoungGen: 325343K->37845K(465920K)] 1057898K->770715K(1506816K), 0.0073064 secs] [Times: user=0.02 sys=0.00, real=0.01 secs] 
1307.000: [GC (Allocation Failure) [PSYoungGen: 270805K->184462K(465920K)] 1003675K->918706K(1506816K), 0.0206905 secs] [Times: user=0.03 sys=0.00, real=0.02 secs] 
1307.344: [GC (Allocation Failure) [PSYoungGen: 417422K->184590K(465920K)] 1151666K->918979K(1506816K), 0.0204773 secs] [Times: user=0.03 sys=0.00, real=0.02 secs] 
1308.594: [GC (Allocation Failure) [PSYoungGen: 407139K->91853K(465920K)] 1141528K->826515K(1506816K), 0.0174234 secs] [Times: user=0.03 sys=0.00, real=0.02 secs] 
1310.717: [GC (Allocation Failure) [PSYoungGen: 324813K->37459K(465920K)] 1059475K->772432K(1506816K), 0.0075947 secs] [Times: user=0.01 sys=0.00, real=0.00 secs] 
1311.025: [GC (Allocation Failure) [PSYoungGen: 270419K->184462K(465920K)] 1005392K->920816K(1506816K), 0.0203790 secs] [Times: user=0.03 sys=0.00, real=0.02 secs] 
1311.314: [GC (Allocation Failure) [PSYoungGen: 417422K->184590K(465920K)] 1153776K->921097K(1506816K), 0.0204380 secs] [Times: user=0.03 sys=0.00, real=0.02 secs] 
1312.471: [GC (Allocation Failure) [PSYoungGen: 408153K->92239K(465920K)] 1144660K->829011K(1506816K), 0.0148829 secs] [Times: user=0.03 sys=0.00, real=0.02 secs] 
1313.989: [GC (Allocation Failure) [PSYoungGen: 325199K->37716K(465920K)] 1061971K->774812K(1506816K), 0.0071690 secs] [Times: user=0.02 sys=0.00, real=0.00 secs] 
1314.292: [GC (Allocation Failure) [PSYoungGen: 270676K->184430K(465920K)] 1007772K->922771K(1506816K), 0.0203914 secs] [Times: user=0.02 sys=0.00, real=0.02 secs] 
1314.573: [GC (GCLocker Initiated GC) [PSYoungGen: 417390K->181731K(465920K)] 1155731K->920354K(1506816K), 0.0201836 secs] [Times: user=0.03 sys=0.00, real=0.02 secs] 
1315.697: [GC (Allocation Failure) [PSYoungGen: 414691K->78441K(465920K)] 1169701K->833716K(1506816K), 0.0264108 secs] [Times: user=0.04 sys=0.00, real=0.02 secs] 
1317.476: [GC (Allocation Failure) [PSYoungGen: 311401K->57669K(465920K)] 1066676K->813172K(1506816K), 0.0096808 secs] [Times: user=0.02 sys=0.00, real=0.01 secs] 
1317.769: [GC (Allocation Failure) [PSYoungGen: 290629K->184269K(465920K)] 1046132K->941009K(1506816K), 0.0204719 secs] [Times: user=0.03 sys=0.00, real=0.02 secs] 
1318.110: [GC (Allocation Failure) [PSYoungGen: 417229K->184526K(465920K)] 1173969K->941540K(1506816K), 0.0204884 secs] [Times: user=0.03 sys=0.00, real=0.02 secs] 
1319.368: [GC (Allocation Failure) [PSYoungGen: 417486K->55789K(465920K)] 1174500K->813075K(1506816K), 0.0102034 secs] [Times: user=0.02 sys=0.00, real=0.01 secs] 
1320.796: [GC (Allocation Failure) [PSYoungGen: 288749K->80062K(465920K)] 1046035K->837656K(1506816K), 0.0099612 secs] [Times: user=0.02 sys=0.00, real=0.01 secs] 
1321.070: [GC (Allocation Failure) [PSYoungGen: 313022K->184205K(465920K)] 1070616K->943045K(1506816K), 0.0205193 secs] [Times: user=0.03 sys=0.00, real=0.02 secs] 
1321.356: [GC (Allocation Failure) [PSYoungGen: 417165K->184398K(465920K)] 1176005K->943647K(1506816K), 0.0206766 secs] [Times: user=0.03 sys=0.00, real=0.02 secs] 
1323.269: [GC (Allocation Failure) [PSYoungGen: 417358K->33651K(465920K)] 1176607K->793037K(1506816K), 0.0088251 secs] [Times: user=0.02 sys=0.00, real=0.01 secs] 
1324.692: [GC (Allocation Failure) [PSYoungGen: 266543K->101977K(465920K)] 1025929K->861671K(1506816K), 0.0121638 secs] [Times: user=0.02 sys=0.00, real=0.01 secs] 
1324.968: [GC (Allocation Failure) [PSYoungGen: 334937K->184333K(465920K)] 1094631K->945289K(1506816K), 0.0206205 secs] [Times: user=0.03 sys=0.00, real=0.02 secs] 
1325.259: [GC (Allocation Failure) [PSYoungGen: 417293K->184655K(465920K)] 1178249K->945891K(1506816K), 0.0205085 secs] [Times: user=0.02 sys=0.00, real=0.02 secs] 
1327.975: [GC (Allocation Failure) [PSYoungGen: 417615K->11416K(465920K)] 1178851K->772926K(1506816K), 0.0047024 secs] [Times: user=0.02 sys=0.00, real=0.01 secs] 
1328.547: [GC (Allocation Failure) [PSYoungGen: 244376K->124726K(465920K)] 1005886K->886543K(1506816K), 0.0144013 secs] [Times: user=0.02 sys=0.00, real=0.01 secs] 
1328.886: [GC (Allocation Failure) [PSYoungGen: 357686K->184462K(465920K)] 1119503K->947661K(1506816K), 0.0205773 secs] [Times: user=0.02 sys=0.00, real=0.02 secs] 
1329.462: [GC (Allocation Failure) [PSYoungGen: 417422K->174122K(465920K)] 1180621K->937595K(1506816K), 0.0266487 secs] [Times: user=0.03 sys=0.00, real=0.03 secs] 
1331.334: [GC (Allocation Failure) [PSYoungGen: 407082K->64K(465920K)] 1170555K->764841K(1506816K), 0.0033135 secs] [Times: user=0.02 sys=0.00, real=0.01 secs] 
1332.064: [GC (Allocation Failure) [PSYoungGen: 233024K->146897K(465920K)] 997801K->911690K(1506816K), 0.0167093 secs] [Times: user=0.03 sys=0.00, real=0.02 secs] 
1332.401: [GC (Allocation Failure) [PSYoungGen: 379857K->184526K(465920K)] 1144650K->950565K(1506816K), 0.0205388 secs] [Times: user=0.03 sys=0.00, real=0.02 secs] 
1332.857: [GC (Allocation Failure) [PSYoungGen: 417486K->158943K(465920K)] 1183525K->925248K(1506816K), 0.0214144 secs] [Times: user=0.03 sys=0.00, real=0.02 secs] 
1334.202: [GC (Allocation Failure) [PSYoungGen: 391903K->128K(465920K)] 1158208K->767876K(1506816K), 0.0039794 secs] [Times: user=0.02 sys=0.00, real=0.01 secs] 
1334.738: [GC (Allocation Failure) [PSYoungGen: 233088K->169356K(465920K)] 1000836K->937128K(1506816K), 0.0190317 secs] [Times: user=0.03 sys=0.00, real=0.02 secs] 
1335.023: [GC (Allocation Failure) [PSYoungGen: 402316K->184333K(465920K)] 1170088K->953487K(1506816K), 0.0210121 secs] [Times: user=0.03 sys=0.00, real=0.02 secs] 
1335.984: [GC (Allocation Failure) [PSYoungGen: 410953K->136853K(465920K)] 1180107K->906152K(1506816K), 0.0389407 secs] [Times: user=0.06 sys=0.00, real=0.04 secs] 
1338.797: [GC (Allocation Failure) [PSYoungGen: 369813K->1184K(465920K)] 1139112K->770784K(1506816K), 0.0056651 secs] [Times: user=0.03 sys=0.00, real=0.00 secs] 
1339.169: [GC (Allocation Failure) [PSYoungGen: 234144K->184815K(465920K)] 1003744K->955533K(1506816K), 0.0204256 secs] [Times: user=0.03 sys=0.00, real=0.02 secs] 
1339.454: [GC (Allocation Failure) [PSYoungGen: 417775K->184173K(465920K)] 1188493K->955171K(1506816K), 0.0204883 secs] [Times: user=0.03 sys=0.00, real=0.02 secs] 
1340.863: [GC (Allocation Failure) [PSYoungGen: 417133K->128530K(465920K)] 1188131K->899794K(1506816K), 0.0271074 secs] [Times: user=0.05 sys=0.00, real=0.03 secs] 
1342.767: [GC (Allocation Failure) [PSYoungGen: 361490K->23579K(465920K)] 1132754K->795152K(1506816K), 0.0057725 secs] [Times: user=0.01 sys=0.00, real=0.00 secs] 
1343.131: [GC (Allocation Failure) [PSYoungGen: 256539K->184173K(465920K)] 1028112K->957000K(1506816K), 0.0205602 secs] [Times: user=0.03 sys=0.00, real=0.02 secs] 
1343.415: [GC (Allocation Failure) [PSYoungGen: 417133K->184269K(465920K)] 1189960K->957498K(1506816K), 0.0207209 secs] [Times: user=0.03 sys=0.00, real=0.03 secs] 
1344.105: [GC (Allocation Failure) [PSYoungGen: 417229K->106713K(465920K)] 1190458K->880087K(1506816K), 0.0148730 secs] [Times: user=0.03 sys=0.00, real=0.02 secs] 
1345.016: [GC (Allocation Failure) [PSYoungGen: 339673K->46134K(465920K)] 1113047K->819824K(1506816K), 0.0064816 secs] [Times: user=0.01 sys=0.00, real=0.00 secs] 
1345.290: [GC (Allocation Failure) [PSYoungGen: 279094K->184141K(465920K)] 1052784K->959084K(1506816K), 0.0207377 secs] [Times: user=0.03 sys=0.00, real=0.02 secs] 
1345.574: [GC (Allocation Failure) [PSYoungGen: 417101K->184044K(465920K)] 1192044K->959260K(1506816K), 0.0204635 secs] [Times: user=0.02 sys=0.00, real=0.02 secs] 
1346.304: [GC (Allocation Failure) [PSYoungGen: 417004K->67999K(465920K)] 1192220K->843480K(1506816K), 0.0096997 secs] [Times: user=0.02 sys=0.00, real=0.01 secs] 
1347.094: [GC (Allocation Failure) [PSYoungGen: 300959K->68240K(465920K)] 1076440K->844031K(1506816K), 0.0087453 secs] [Times: user=0.02 sys=0.00, real=0.01 secs] 
1347.369: [GC (Allocation Failure) [PSYoungGen: 301200K->186518K(465920K)] 1076991K->963562K(1506816K), 0.0208093 secs] [Times: user=0.03 sys=0.00, real=0.02 secs] 
1347.711: [GC (Allocation Failure) [PSYoungGen: 419478K->186100K(465920K)] 1196522K->963418K(1506816K), 0.0206592 secs] [Times: user=0.03 sys=0.00, real=0.02 secs] 
1349.747: [GC (Allocation Failure) [PSYoungGen: 419060K->41523K(465920K)] 1196378K->819105K(1506816K), 0.0078387 secs] [Times: user=0.02 sys=0.00, real=0.00 secs] 
1350.455: [GC (Allocation Failure) [PSYoungGen: 274483K->95131K(465920K)] 1052065K->873029K(1506816K), 0.0114627 secs] [Times: user=0.02 sys=0.00, real=0.02 secs] 
1350.732: [GC (Allocation Failure) [PSYoungGen: 328091K->185972K(465920K)] 1105989K->965108K(1506816K), 0.0206108 secs] [Times: user=0.02 sys=0.00, real=0.02 secs] 
1351.077: [GC (Allocation Failure) [PSYoungGen: 418932K->185972K(465920K)] 1198068K->965381K(1506816K), 0.0206446 secs] [Times: user=0.03 sys=0.00, real=0.02 secs] 
1352.415: [GC (Allocation Failure) [PSYoungGen: 418932K->15320K(465920K)] 1198341K->795123K(1506816K), 0.0046787 secs] [Times: user=0.01 sys=0.00, real=0.01 secs] 
1353.011: [GC (Allocation Failure) [PSYoungGen: 248280K->121192K(465920K)] 1028083K->901172K(1506816K), 0.0139894 secs] [Times: user=0.02 sys=0.00, real=0.01 secs] 
1353.289: [GC (Allocation Failure) [PSYoungGen: 354152K->184430K(465920K)] 1134132K->965647K(1506816K), 0.0204153 secs] [Times: user=0.02 sys=0.01, real=0.02 secs] 
1354.166: [GC (Allocation Failure) [PSYoungGen: 417390K->177592K(465920K)] 1198607K->959083K(1506816K), 0.0506016 secs] [Times: user=0.07 sys=0.00, real=0.05 secs] 
1356.964: [GC (Allocation Failure) [PSYoungGen: 410552K->64K(465920K)] 1192043K->782988K(1506816K), 0.0042316 secs] [Times: user=0.02 sys=0.00, real=0.01 secs] 
1357.817: [GC (Allocation Failure) [PSYoungGen: 233024K->144198K(465920K)] 1015948K->927146K(1506816K), 0.0162858 secs] [Times: user=0.03 sys=0.00, real=0.01 secs] 
1358.100: [GC (Allocation Failure) [PSYoungGen: 377158K->186229K(465920K)] 1160106K->970552K(1506816K), 0.0206104 secs] [Times: user=0.03 sys=0.00, real=0.02 secs] 
1358.533: [GC (Allocation Failure) [PSYoungGen: 419189K->159907K(465920K)] 1203512K->944375K(1506816K), 0.0188121 secs] [Times: user=0.02 sys=0.00, real=0.02 secs] 
1359.713: [GC (Allocation Failure) [PSYoungGen: 392867K->64K(465920K)] 1177335K->785966K(1506816K), 0.0028147 secs] [Times: user=0.01 sys=0.00, real=0.00 secs] 
1360.177: [GC (Allocation Failure) [PSYoungGen: 233024K->170191K(465920K)] 1018926K->956118K(1506816K), 0.0190786 secs] [Times: user=0.02 sys=0.00, real=0.02 secs] 
1360.461: [GC (Allocation Failure) [PSYoungGen: 403151K->186229K(465920K)] 1189078K->973522K(1506816K), 0.0208170 secs] [Times: user=0.03 sys=0.00, real=0.02 secs] 
1361.193: [GC (Allocation Failure) [PSYoungGen: 419189K->142154K(465920K)] 1206482K->929720K(1506816K), 0.0176771 secs] [Times: user=0.03 sys=0.00, real=0.02 secs] 
1362.502: [GC (Allocation Failure) [PSYoungGen: 375037K->11369K(465920K)] 1162603K->799106K(1506816K), 0.0041433 secs] [Times: user=0.02 sys=0.00, real=0.01 secs] 
1362.784: [GC (Allocation Failure) [PSYoungGen: 244329K->184558K(465920K)] 1032066K->973541K(1506816K), 0.0206275 secs] [Times: user=0.03 sys=0.00, real=0.02 secs] 
1363.125: [GC (Allocation Failure) [PSYoungGen: 417518K->184398K(465920K)] 1206501K->973662K(1506816K), 0.0205966 secs] [Times: user=0.02 sys=0.00, real=0.03 secs] 
1364.056: [GC (Allocation Failure) [PSYoungGen: 417358K->118425K(465920K)] 1206622K->907954K(1506816K), 0.0151196 secs] [Times: user=0.03 sys=0.00, real=0.01 secs] 
1365.343: [GC (Allocation Failure) [PSYoungGen: 351385K->34953K(465920K)] 1140914K->824784K(1506816K), 0.0062421 secs] [Times: user=0.01 sys=0.00, real=0.01 secs] 
1365.621: [GC (Allocation Failure) [PSYoungGen: 267913K->185811K(465920K)] 1057744K->976888K(1506816K), 0.0207997 secs] [Times: user=0.03 sys=0.00, real=0.02 secs] 
1365.964: [GC (Allocation Failure) [PSYoungGen: 418771K->184590K(465920K)] 1209848K->975812K(1506816K), 0.0204624 secs] [Times: user=0.03 sys=0.00, real=0.02 secs] 
1366.676: [GC (Allocation Failure) [PSYoungGen: 417550K->77027K(465920K)] 1208772K->868650K(1506816K), 0.0119400 secs] [Times: user=0.02 sys=0.00, real=0.01 secs] 
1367.825: [GC (Allocation Failure) [PSYoungGen: 309987K->60012K(465920K)] 1101610K->851808K(1506816K), 0.0078223 secs] [Times: user=0.01 sys=0.00, real=0.01 secs] 
1368.173: [GC (Allocation Failure) [PSYoungGen: 292972K->185972K(465920K)] 1084768K->979143K(1506816K), 0.0208222 secs] [Times: user=0.02 sys=0.00, real=0.02 secs] 
1368.458: [GC (Allocation Failure) [PSYoungGen: 418932K->185940K(465920K)] 1212103K->979255K(1506816K), 0.0206176 secs] [Times: user=0.03 sys=0.00, real=0.02 secs] 
1369.726: [GC (Allocation Failure) [PSYoungGen: 418900K->50391K(465920K)] 1212215K->844100K(1506816K), 0.0089160 secs] [Times: user=0.02 sys=0.00, real=0.00 secs] 
1370.668: [GC (Allocation Failure) [PSYoungGen: 283351K->86102K(465920K)] 1077060K->879996K(1506816K), 0.0106769 secs] [Times: user=0.02 sys=0.00, real=0.01 secs] 
1370.944: [GC (Allocation Failure) [PSYoungGen: 319062K->186068K(465920K)] 1112956K->981208K(1506816K), 0.0207081 secs] [Times: user=0.03 sys=0.00, real=0.02 secs] 
1371.285: [GC (Allocation Failure) [PSYoungGen: 419028K->184462K(465920K)] 1214168K->979874K(1506816K), 0.0206924 secs] [Times: user=0.03 sys=0.00, real=0.03 secs] 
1372.829: [GC (Allocation Failure) [PSYoungGen: 417422K->25746K(465920K)] 1212834K->821424K(1506816K), 0.0062755 secs] [Times: user=0.02 sys=0.00, real=0.00 secs] 
1374.097: [GC (Allocation Failure) [PSYoungGen: 258706K->111199K(465920K)] 1054384K->907200K(1506816K), 0.0130327 secs] [Times: user=0.02 sys=0.00, real=0.01 secs] 
1374.376: [GC (Allocation Failure) [PSYoungGen: 344159K->186132K(465920K)] 1140160K->983380K(1506816K), 0.0207218 secs] [Times: user=0.03 sys=0.00, real=0.03 secs] 
1374.661: [GC (Allocation Failure) [PSYoungGen: 419092K->183626K(465920K)] 1216340K->981155K(1506816K), 0.0203579 secs] [Times: user=0.03 sys=0.00, real=0.02 secs] 
1375.612: [GC (Allocation Failure) [PSYoungGen: 416586K->1408K(465920K)] 1214115K->799096K(1506816K), 0.0024847 secs] [Times: user=0.01 sys=0.00, real=0.00 secs] 
1376.090: [GC (Allocation Failure) [PSYoungGen: 234368K->134459K(465920K)] 1032056K->932321K(1506816K), 0.0154047 secs] [Times: user=0.03 sys=0.00, real=0.02 secs] 
1376.369: [GC (Allocation Failure) [PSYoungGen: 367419K->184301K(465920K)] 1165281K->983409K(1506816K), 0.0204363 secs] [Times: user=0.02 sys=0.00, real=0.02 secs] 
1377.290: [GC (Allocation Failure) [PSYoungGen: 417261K->167571K(465920K)] 1216369K->967072K(1506816K), 0.0479229 secs] [Times: user=0.07 sys=0.00, real=0.05 secs] 
1380.139: [GC (Allocation Failure) [PSYoungGen: 400531K->96K(465920K)] 1200032K->800904K(1506816K), 0.0040857 secs] [Times: user=0.02 sys=0.00, real=0.00 secs] 
1380.917: [GC (Allocation Failure) [PSYoungGen: 233056K->156150K(465920K)] 1033864K->956982K(1506816K), 0.0176606 secs] [Times: user=0.02 sys=0.00, real=0.01 secs] 
1381.197: [GC (Allocation Failure) [PSYoungGen: 389110K->184301K(465920K)] 1189942K->986379K(1506816K), 0.0208186 secs] [Times: user=0.03 sys=0.00, real=0.02 secs] 
1381.723: [GC (Allocation Failure) [PSYoungGen: 417261K->149899K(465920K)] 1219339K->952250K(1506816K), 0.0208182 secs] [Times: user=0.04 sys=0.00, real=0.02 secs] 
1382.717: [GC (Allocation Failure) [PSYoungGen: 382859K->64K(465920K)] 1185210K->803852K(1506816K), 0.0030807 secs] [Times: user=0.02 sys=0.00, real=0.00 secs] 
1383.044: [GC (Allocation Failure) [PSYoungGen: 233024K->178545K(465920K)] 1036812K->982350K(1506816K), 0.0198706 secs] [Times: user=0.03 sys=0.00, real=0.02 secs] 
1383.327: [GC (Allocation Failure) [PSYoungGen: 411505K->184398K(465920K)] 1215310K->989440K(1506816K), 0.0205148 secs] [Times: user=0.03 sys=0.00, real=0.02 secs] 
1385.517: [GC (Allocation Failure) [PSYoungGen: 417358K->135647K(465920K)] 1222400K->940954K(1506816K), 0.0377973 secs] [Times: user=0.07 sys=0.00, real=0.03 secs] 
1387.524: [GC (Allocation Failure) [PSYoungGen: 368607K->16410K(465920K)] 1173914K->822033K(1506816K), 0.0076381 secs] [Times: user=0.02 sys=0.00, real=0.01 secs] 
1387.897: [GC (Allocation Failure) [PSYoungGen: 249370K->186357K(465920K)] 1054993K->993226K(1506816K), 0.0214321 secs] [Times: user=0.03 sys=0.00, real=0.02 secs] 
1388.188: [GC (Allocation Failure) [PSYoungGen: 419317K->184847K(465920K)] 1226186K->991997K(1506816K), 0.0205654 secs] [Times: user=0.03 sys=0.00, real=0.02 secs] 
1388.814: [GC (Allocation Failure) [PSYoungGen: 417807K->111180K(465920K)] 1224957K->918594K(1506816K), 0.0120826 secs] [Times: user=0.02 sys=0.00, real=0.02 secs] 
1389.797: [GC (Allocation Failure) [PSYoungGen: 344140K->41250K(465920K)] 1151554K->848963K(1506816K), 0.0087293 secs] [Times: user=0.02 sys=0.00, real=0.00 secs] 
1390.114: [GC (Allocation Failure) [PSYoungGen: 274210K->186357K(465920K)] 1081923K->995323K(1506816K), 0.0207840 secs] [Times: user=0.03 sys=0.00, real=0.02 secs] 
1390.456: [GC (Allocation Failure) [PSYoungGen: 419317K->186004K(465920K)] 1228283K->995371K(1506816K), 0.0211285 secs] [Times: user=0.02 sys=0.00, real=0.02 secs] 
1392.054: [GC (Allocation Failure) [PSYoungGen: 418964K->68754K(465920K)] 1228331K->878266K(1506816K), 0.0132996 secs] [Times: user=0.03 sys=0.00, real=0.02 secs] 
1393.271: [GC (Allocation Failure) [PSYoungGen: 301714K->67951K(465920K)] 1111226K->877771K(1506816K), 0.0086693 secs] [Times: user=0.01 sys=0.00, real=0.01 secs] 
1393.545: [GC (Allocation Failure) [PSYoungGen: 300911K->186100K(465920K)] 1110731K->997166K(1506816K), 0.0207501 secs] [Times: user=0.03 sys=0.00, real=0.02 secs] 
1393.836: [GC (Allocation Failure) [PSYoungGen: 419060K->186004K(465920K)] 1230126K->997351K(1506816K), 0.0208251 secs] [Times: user=0.03 sys=0.00, real=0.02 secs] 
1395.476: [GC (Allocation Failure) [PSYoungGen: 418964K->42326K(465920K)] 1230311K->853946K(1506816K), 0.0078234 secs] [Times: user=0.01 sys=0.00, real=0.00 secs] 
1396.816: [GC (Allocation Failure) [PSYoungGen: 275286K->94202K(465920K)] 1086906K->906130K(1506816K), 0.0114401 secs] [Times: user=0.02 sys=0.00, real=0.02 secs] 
1397.093: [GC (Allocation Failure) [PSYoungGen: 327162K->185683K(465920K)] 1139090K->998864K(1506816K), 0.0207394 secs] [Times: user=0.03 sys=0.00, real=0.02 secs] 
1397.377: [GC (Allocation Failure) [PSYoungGen: 418643K->184430K(465920K)] 1231824K->997884K(1506816K), 0.0205768 secs] [Times: user=0.03 sys=0.00, real=0.02 secs] 
1399.249: [GC (Allocation Failure) [PSYoungGen: 417390K->17971K(465920K)] 1230844K->831819K(1506816K), 0.0060120 secs] [Times: user=0.02 sys=0.00, real=0.00 secs] 
1400.432: [GC (Allocation Failure) [PSYoungGen: 250931K->118236K(465920K)] 1064779K->932269K(1506816K), 0.0138436 secs] [Times: user=0.02 sys=0.00, real=0.02 secs] 
1400.770: [GC (Allocation Failure) [PSYoungGen: 351196K->184655K(465920K)] 1165229K->999942K(1506816K), 0.0207073 secs] [Times: user=0.03 sys=0.00, real=0.02 secs] 
1401.161: [GC (Allocation Failure) [PSYoungGen: 417615K->179747K(465920K)] 1232902K->995308K(1506816K), 0.0240012 secs] [Times: user=0.04 sys=0.00, real=0.02 secs] 
1403.147: [GC (Allocation Failure) [PSYoungGen: 412707K->64K(465920K)] 1228268K->817059K(1506816K), 0.0047773 secs] [Times: user=0.02 sys=0.01, real=0.00 secs] 
1403.685: [GC (Allocation Failure) [PSYoungGen: 233024K->141434K(465920K)] 1050019K->958462K(1506816K), 0.0162067 secs] [Times: user=0.03 sys=0.00, real=0.02 secs] 
1403.968: [GC (Allocation Failure) [PSYoungGen: 374394K->186229K(465920K)] 1191422K->1004510K(1506816K), 0.0208416 secs] [Times: user=0.03 sys=0.01, real=0.02 secs] 
1404.532: [GC (Allocation Failure) [PSYoungGen: 419189K->162767K(465920K)] 1237470K->981313K(1506816K), 0.0205334 secs] [Times: user=0.03 sys=0.00, real=0.02 secs] 
1406.393: [GC (Allocation Failure) [PSYoungGen: 395727K->128K(465920K)] 1214273K->820112K(1506816K), 0.0030757 secs] [Times: user=0.01 sys=0.00, real=0.01 secs] 
1406.783: [GC (Allocation Failure) [PSYoungGen: 233088K->165918K(465920K)] 1053072K->985934K(1506816K), 0.0185416 secs] [Times: user=0.02 sys=0.00, real=0.02 secs] 
1407.066: [GC (Allocation Failure) [PSYoungGen: 398878K->184912K(465920K)] 1218894K->1006173K(1506816K), 0.0205155 secs] [Times: user=0.03 sys=0.00, real=0.02 secs] 
1407.999: [GC (Allocation Failure) [PSYoungGen: 414991K->139536K(465920K)] 1236252K->961071K(1506816K), 0.0190199 secs] [Times: user=0.04 sys=0.00, real=0.02 secs] 
1409.232: [GC (Allocation Failure) [PSYoungGen: 372496K->1601K(465920K)] 1194031K->823454K(1506816K), 0.0034054 secs] [Times: user=0.02 sys=0.00, real=0.00 secs] 
1409.538: [GC (Allocation Failure) [PSYoungGen: 234561K->184076K(465920K)] 1056414K->1007174K(1506816K), 0.0205010 secs] [Times: user=0.03 sys=0.00, real=0.02 secs] 
1409.821: [GC (Allocation Failure) [PSYoungGen: 417036K->184076K(465920K)] 1240134K->1007447K(1506816K), 0.0205590 secs] [Times: user=0.03 sys=0.00, real=0.02 secs] 
1410.358: [GC (Allocation Failure) [PSYoungGen: 417036K->129076K(465920K)] 1240407K->952841K(1506816K), 0.0160287 secs] [Times: user=0.03 sys=0.00, real=0.01 secs] 
1412.075: [GC (Allocation Failure) [PSYoungGen: 362036K->23450K(465920K)] 1185801K->847394K(1506816K), 0.0068653 secs] [Times: user=0.02 sys=0.00, real=0.01 secs] 
1412.406: [GC (Allocation Failure) [PSYoungGen: 256410K->186325K(465920K)] 1080354K->1011644K(1506816K), 0.0208342 secs] [Times: user=0.02 sys=0.00, real=0.02 secs] 
1412.753: [GC (Allocation Failure) [PSYoungGen: 419285K->186068K(465920K)] 1244604K->1011531K(1506816K), 0.0206877 secs] [Times: user=0.03 sys=0.00, real=0.02 secs] 
1414.315: [GC (Allocation Failure) [PSYoungGen: 419028K->102810K(465920K)] 1244491K->928666K(1506816K), 0.0168478 secs] [Times: user=0.03 sys=0.00, real=0.02 secs] 
1415.150: [GC (Allocation Failure) [PSYoungGen: 335770K->50504K(465920K)] 1161626K->876540K(1506816K), 0.0069863 secs] [Times: user=0.02 sys=0.00, real=0.01 secs] 
1415.424: [GC (Allocation Failure) [PSYoungGen: 283464K->185843K(465920K)] 1109500K->1013262K(1506816K), 0.0211132 secs] [Times: user=0.03 sys=0.00, real=0.02 secs] 
1415.718: [GC (Allocation Failure) [PSYoungGen: 418803K->185811K(465920K)] 1246222K->1013374K(1506816K), 0.0207886 secs] [Times: user=0.03 sys=0.00, real=0.02 secs] 
1416.438: [GC (Allocation Failure) [PSYoungGen: 418771K->60159K(465920K)] 1246334K->887987K(1506816K), 0.0088869 secs] [Times: user=0.01 sys=0.00, real=0.01 secs] 
1417.191: [GC (Allocation Failure) [PSYoungGen: 293119K->75692K(465920K)] 1120947K->903819K(1506816K), 0.0095317 secs] [Times: user=0.02 sys=0.00, real=0.01 secs] 
1417.465: [GC (Allocation Failure) [PSYoungGen: 308652K->184173K(465920K)] 1136779K->1013554K(1506816K), 0.0205115 secs] [Times: user=0.03 sys=0.00, real=0.02 secs] 
1417.753: [GC (Allocation Failure) [PSYoungGen: 417133K->183819K(465920K)] 1246514K->1013473K(1506816K), 0.0205486 secs] [Times: user=0.03 sys=0.00, real=0.02 secs] 
1418.805: [GC (Allocation Failure) [PSYoungGen: 416779K->38663K(465920K)] 1246433K->868583K(1506816K), 0.0150568 secs] [Times: user=0.04 sys=0.00, real=0.02 secs] 
1419.911: [GC (Allocation Failure) [PSYoungGen: 271623K->97190K(465920K)] 1101543K->927425K(1506816K), 0.0117939 secs] [Times: user=0.02 sys=0.00, real=0.01 secs] 
1420.185: [GC (Allocation Failure) [PSYoungGen: 330150K->184237K(465920K)] 1160385K->1015725K(1506816K), 0.0205843 secs] [Times: user=0.02 sys=0.00, real=0.03 secs] 
1420.531: [GC (Allocation Failure) [PSYoungGen: 417197K->184430K(465920K)] 1248685K->1016320K(1506816K), 0.0207008 secs] [Times: user=0.03 sys=0.00, real=0.02 secs] 
1422.055: [GC (Allocation Failure) [PSYoungGen: 417390K->16605K(465920K)] 1249280K->848632K(1506816K), 0.0047702 secs] [Times: user=0.02 sys=0.00, real=0.01 secs] 
1423.217: [GC (Allocation Failure) [PSYoungGen: 249565K->119168K(465920K)] 1081592K->951492K(1506816K), 0.0139379 secs] [Times: user=0.02 sys=0.00, real=0.01 secs] 
1423.495: [GC (Allocation Failure) [PSYoungGen: 352128K->184462K(465920K)] 1184452K->1018032K(1506816K), 0.0207331 secs] [Times: user=0.03 sys=0.00, real=0.03 secs] 
1423.834: [GC (Allocation Failure) [PSYoungGen: 417422K->179137K(465920K)] 1250992K->1012980K(1506816K), 0.0213752 secs] [Times: user=0.04 sys=0.00, real=0.02 secs] 
1427.336: [GC (Allocation Failure) [PSYoungGen: 412097K->128K(465920K)] 1245940K->835413K(1506816K), 0.0061616 secs] [Times: user=0.03 sys=0.00, real=0.00 secs] 
1428.196: [GC (Allocation Failure) [PSYoungGen: 233088K->142912K(465920K)] 1068373K->978229K(1506816K), 0.0169498 secs] [Times: user=0.02 sys=0.00, real=0.02 secs] 
1428.480: [GC (Allocation Failure) [PSYoungGen: 375872K->186132K(465920K)] 1211189K->1022703K(1506816K), 0.0207512 secs] [Times: user=0.03 sys=0.00, real=0.02 secs] 
1429.999: [GC (Allocation Failure) [PSYoungGen: 419092K->161385K(465920K)] 1255663K->998229K(1506816K), 0.0466682 secs] [Times: user=0.08 sys=0.00, real=0.05 secs] 
1431.980: [GC (Allocation Failure) [PSYoungGen: 394345K->64K(465920K)] 1231189K->838349K(1506816K), 0.0030849 secs] [Times: user=0.02 sys=0.00, real=0.00 secs] 
1432.349: [GC (Allocation Failure) [PSYoungGen: 233024K->168231K(465920K)] 1071309K->1006525K(1506816K), 0.0188310 secs] [Times: user=0.03 sys=0.00, real=0.02 secs] 
1432.690: [GC (Allocation Failure) [PSYoungGen: 401191K->184558K(465920K)] 1239485K->1024097K(1506816K), 0.0207483 secs] [Times: user=0.03 sys=0.00, real=0.02 secs] 
1433.193: [GC (Allocation Failure) [PSYoungGen: 411800K->137592K(465920K)] 1251339K->977405K(1506816K), 0.0189579 secs] [Times: user=0.03 sys=0.00, real=0.02 secs] 
1434.309: [GC (Allocation Failure) [PSYoungGen: 370552K->1730K(465920K)] 1210365K->841841K(1506816K), 0.0030422 secs] [Times: user=0.02 sys=0.00, real=0.00 secs] 
1434.666: [GC (Allocation Failure) [PSYoungGen: 234690K->184237K(465920K)] 1074801K->1025723K(1506816K), 0.0205760 secs] [Times: user=0.03 sys=0.00, real=0.03 secs] 
1434.954: [GC (Allocation Failure) [PSYoungGen: 417197K->184590K(465920K)] 1258683K->1026373K(1506816K), 0.0205601 secs] [Times: user=0.03 sys=0.00, real=0.02 secs] 
1437.025: [GC (Allocation Failure) [PSYoungGen: 417550K->128289K(465920K)] 1259333K->970337K(1506816K), 0.0373243 secs] [Times: user=0.07 sys=0.00, real=0.04 secs] 
1439.044: [GC (Allocation Failure) [PSYoungGen: 361249K->23836K(465920K)] 1203297K->866047K(1506816K), 0.0060087 secs] [Times: user=0.02 sys=0.00, real=0.01 secs] 
1439.345: [GC (Allocation Failure) [PSYoungGen: 256796K->183819K(465920K)] 1099007K->1027284K(1506816K), 0.0205805 secs] [Times: user=0.03 sys=0.00, real=0.02 secs] 
1439.691: [GC (Allocation Failure) [PSYoungGen: 416779K->184365K(465920K)] 1260244K->1028111K(1506816K), 0.0206553 secs] [Times: user=0.03 sys=0.00, real=0.02 secs] 
1440.719: [GC (Allocation Failure) [PSYoungGen: 417325K->106826K(465920K)] 1261071K->950845K(1506816K), 0.0146949 secs] [Times: user=0.03 sys=0.00, real=0.01 secs] 
1441.758: [GC (Allocation Failure) [PSYoungGen: 339786K->45845K(465920K)] 1183805K->890170K(1506816K), 0.0065207 secs] [Times: user=0.02 sys=0.01, real=0.00 secs] 
1442.028: [GC (Allocation Failure) [PSYoungGen: 278805K->184173K(465920K)] 1123130K->1029743K(1506816K), 0.0206013 secs] [Times: user=0.03 sys=0.00, real=0.02 secs] 
1442.317: [GC (Allocation Failure) [PSYoungGen: 417133K->184494K(465920K)] 1262703K->1030337K(1506816K), 0.0206968 secs] [Times: user=0.03 sys=0.00, real=0.02 secs] 
1443.074: [GC (Allocation Failure) [PSYoungGen: 417454K->67742K(465920K)] 1263297K->913858K(1506816K), 0.0103986 secs] [Times: user=0.02 sys=0.00, real=0.01 secs] 
1444.078: [GC (Allocation Failure) [PSYoungGen: 300702K->68208K(465920K)] 1146818K->914651K(1506816K), 0.0088674 secs] [Times: user=0.02 sys=0.00, real=0.01 secs] 
1444.350: [GC (Allocation Failure) [PSYoungGen: 301168K->184301K(465920K)] 1147611K->1031989K(1506816K), 0.0204930 secs] [Times: user=0.03 sys=0.00, real=0.02 secs] 
1444.635: [GC (Allocation Failure) [PSYoungGen: 417261K->184365K(465920K)] 1264949K->1032326K(1506816K), 0.0205948 secs] [Times: user=0.03 sys=0.00, real=0.03 secs] 
1446.164: [GC (Allocation Failure) [PSYoungGen: 417325K->45539K(465920K)] 1265286K->893781K(1506816K), 0.0091293 secs] [Times: user=0.02 sys=0.00, real=0.01 secs] 
1447.681: [GC (Allocation Failure) [PSYoungGen: 278499K->90279K(465920K)] 1126741K->938827K(1506816K), 0.0110896 secs] [Times: user=0.02 sys=0.00, real=0.01 secs] 
1447.956: [GC (Allocation Failure) [PSYoungGen: 323239K->184269K(465920K)] 1171787K->1034199K(1506816K), 0.0206552 secs] [Times: user=0.03 sys=0.00, real=0.03 secs] 
1448.240: [GC (Allocation Failure) [PSYoungGen: 417229K->184494K(465920K)] 1267159K->1034569K(1506816K), 0.0206866 secs] [Times: user=0.02 sys=0.00, real=0.02 secs] 
1450.404: [GC (Allocation Failure) [PSYoungGen: 417454K->23289K(465920K)] 1267529K->873628K(1506816K), 0.0092773 secs] [Times: user=0.03 sys=0.00, real=0.01 secs] 
1451.898: [GC (Allocation Failure) [PSYoungGen: 256249K->112741K(465920K)] 1106588K->963389K(1506816K), 0.0132599 secs] [Times: user=0.02 sys=0.00, real=0.01 secs] 
1452.174: [GC (Allocation Failure) [PSYoungGen: 345701K->184430K(465920K)] 1196349K->1036331K(1506816K), 0.0204561 secs] [Times: user=0.03 sys=0.00, real=0.02 secs] 
1452.459: [GC (Allocation Failure) [PSYoungGen: 417390K->183755K(465920K)] 1269291K->1035929K(1506816K), 0.0206603 secs] [Times: user=0.03 sys=0.00, real=0.02 secs] 
1454.472: [GC (Allocation Failure) [PSYoungGen: 416715K->1408K(465920K)] 1268889K->853726K(1506816K), 0.0034555 secs] [Times: user=0.01 sys=0.00, real=0.00 secs] 
1455.245: [GC (Allocation Failure) [PSYoungGen: 234368K->134622K(465920K)] 1086686K->987137K(1506816K), 0.0155175 secs] [Times: user=0.02 sys=0.00, real=0.02 secs] 
1455.593: [GC (Allocation Failure) [PSYoungGen: 367582K->184333K(465920K)] 1220097K->1038109K(1506816K), 0.0208022 secs] [Times: user=0.03 sys=0.00, real=0.02 secs] 
1456.150: [GC (Allocation Failure) [PSYoungGen: 417293K->165379K(465920K)] 1271069K->1019428K(1506816K), 0.0301528 secs] [Times: user=0.05 sys=0.00, real=0.03 secs] 
1458.365: [GC (Allocation Failure) [PSYoungGen: 398339K->128K(465920K)] 1252388K->855625K(1506816K), 0.0042648 secs] [Times: user=0.02 sys=0.00, real=0.01 secs] 
1459.048: [GC (Allocation Failure) [PSYoungGen: 233088K->156536K(465920K)] 1088585K->1012049K(1506816K), 0.0177544 secs] [Times: user=0.02 sys=0.00, real=0.02 secs] 
1459.332: [GC (Allocation Failure) [PSYoungGen: 389496K->184430K(465920K)] 1245009K->1041196K(1506816K), 0.0207245 secs] [Times: user=0.03 sys=0.00, real=0.02 secs] 
1459.999: [GC (Allocation Failure) [PSYoungGen: 417390K->149449K(465920K)] 1274156K->1006488K(1506816K), 0.0193457 secs] [Times: user=0.03 sys=0.00, real=0.02 secs] 
1462.185: [GC (Allocation Failure) [PSYoungGen: 382409K->128K(465920K)] 1239448K->858605K(1506816K), 0.0045490 secs] [Times: user=0.02 sys=0.00, real=0.01 secs] 
1462.590: [GC (Allocation Failure) [PSYoungGen: 233088K->178609K(465920K)] 1091565K->1037127K(1506816K), 0.0201125 secs] [Times: user=0.03 sys=0.00, real=0.02 secs] 
1462.874: [GC (Allocation Failure) [PSYoungGen: 411569K->184076K(465920K)] 1270087K->1043847K(1506816K), 0.0207410 secs] [Times: user=0.02 sys=0.00, real=0.02 secs] 
1464.118: [GC (Allocation Failure) [PSYoungGen: 417036K->136033K(465920K)] 1276807K->996077K(1506816K), 0.0179713 secs] [Times: user=0.03 sys=0.00, real=0.02 secs] 
1466.695: [GC (Allocation Failure) [PSYoungGen: 368993K->15546K(465920K)] 1229037K->875898K(1506816K), 0.0048729 secs] [Times: user=0.02 sys=0.00, real=0.01 secs] 
1466.988: [GC (Allocation Failure) [PSYoungGen: 248506K->186357K(465920K)] 1108858K->1048100K(1506816K), 0.0207577 secs] [Times: user=0.03 sys=0.00, real=0.02 secs] 
1467.278: [GC (Allocation Failure) [PSYoungGen: 419317K->186100K(465920K)] 1281060K->1047987K(1506816K), 0.0206839 secs] [Times: user=0.03 sys=0.00, real=0.02 secs] 
1467.981: [GC (Allocation Failure) [PSYoungGen: 419060K->110842K(465920K)] 1280947K->973122K(1506816K), 0.0133094 secs] [Times: user=0.02 sys=0.00, real=0.01 secs] 
1469.646: [GC (Allocation Failure) [PSYoungGen: 343802K->42600K(465920K)] 1206082K->905062K(1506816K), 0.0079798 secs] [Times: user=0.02 sys=0.00, real=0.00 secs] 
1469.947: [GC (Allocation Failure) [PSYoungGen: 275560K->185875K(465920K)] 1138022K->1049591K(1506816K), 0.0207139 secs] [Times: user=0.03 sys=0.00, real=0.02 secs] 
1470.298: [GC (Allocation Failure) [PSYoungGen: 418835K->185811K(465920K)] 1282551K->1049928K(1506816K), 0.0208457 secs] [Times: user=0.03 sys=0.00, real=0.02 secs] 
1472.104: [GC (Allocation Failure) [PSYoungGen: 418771K->68047K(465920K)] 1282888K->932429K(1506816K), 0.0216494 secs] [Times: user=0.04 sys=0.00, real=0.02 secs] 
1473.532: [GC (Allocation Failure) [PSYoungGen: 301007K->68594K(465920K)] 1165389K->933153K(1506816K), 0.0111454 secs] [Times: user=0.02 sys=0.00, real=0.01 secs] 
1473.835: [GC (Allocation Failure) [PSYoungGen: 301554K->185843K(465920K)] 1166113K->1051656K(1506816K), 0.0209876 secs] [Times: user=0.02 sys=0.00, real=0.02 secs] 
1474.121: [GC (Allocation Failure) [PSYoungGen: 418803K->185811K(465920K)] 1284616K->1051897K(1506816K), 0.0208275 secs] [Times: user=0.03 sys=0.00, real=0.02 secs] 
1475.169: [GC (Allocation Failure) [PSYoungGen: 418771K->42101K(465920K)] 1284857K->908452K(1506816K), 0.0079061 secs] [Times: user=0.02 sys=0.00, real=0.01 secs] 
1475.821: [GC (Allocation Failure) [PSYoungGen: 275061K->94234K(465920K)] 1141412K->960905K(1506816K), 0.0114236 secs] [Times: user=0.02 sys=0.00, real=0.01 secs] 
1476.098: [GC (Allocation Failure) [PSYoungGen: 327194K->186486K(465920K)] 1193865K->1054410K(1506816K), 0.0208660 secs] [Times: user=0.03 sys=0.00, real=0.02 secs] 
1476.385: [GC (Allocation Failure) [PSYoungGen: 419446K->186004K(465920K)] 1287370K->1054338K(1506816K), 0.0209161 secs] [Times: user=0.03 sys=0.00, real=0.02 secs] 
1479.166: [GC (Allocation Failure) [PSYoungGen: 418964K->15706K(465920K)] 1287298K->884176K(1506816K), 0.0067590 secs] [Times: user=0.03 sys=0.00, real=0.00 secs] 
1479.970: [GC (Allocation Failure) [PSYoungGen: 248666K->119810K(465920K)] 1117136K->988583K(1506816K), 0.0139403 secs] [Times: user=0.02 sys=0.00, real=0.01 secs] 
1480.256: [GC (Allocation Failure) [PSYoungGen: 352770K->184944K(465920K)] 1221543K->1054970K(1506816K), 0.0206371 secs] [Times: user=0.03 sys=0.00, real=0.03 secs] 
1480.667: [GC (Allocation Failure) [PSYoungGen: 417904K->178524K(465920K)] 1287930K->1048823K(1506816K), 0.0214472 secs] [Times: user=0.03 sys=0.00, real=0.02 secs] 
1482.611: [GC (Allocation Failure) [PSYoungGen: 411484K->128K(465920K)] 1281783K->871856K(1506816K), 0.0042110 secs] [Times: user=0.02 sys=0.00, real=0.00 secs] 
1483.307: [GC (Allocation Failure) [PSYoungGen: 233088K->142719K(465920K)] 1104816K->1014456K(1506816K), 0.0165105 secs] [Times: user=0.02 sys=0.00, real=0.01 secs] 
1483.587: [GC (Allocation Failure) [PSYoungGen: 375679K->184590K(465920K)] 1247416K->1057701K(1506816K), 0.0205577 secs] [Times: user=0.03 sys=0.00, real=0.02 secs] 
1484.708: [GC (Allocation Failure) [PSYoungGen: 417550K->163185K(465920K)] 1290661K->1036569K(1506816K), 0.0464386 secs] [Times: user=0.08 sys=0.00, real=0.04 secs] 
1486.649: [GC (Allocation Failure) [PSYoungGen: 396145K->64K(465920K)] 1269529K->874781K(1506816K), 0.0062348 secs] [Times: user=0.03 sys=0.00, real=0.00 secs] 
1487.285: [GC (Allocation Failure) [PSYoungGen: 233024K->165179K(465920K)] 1107741K->1039920K(1506816K), 0.0186164 secs] [Times: user=0.03 sys=0.00, real=0.02 secs] 
1487.628: [GC (Allocation Failure) [PSYoungGen: 398139K->184333K(465920K)] 1272880K->1060449K(1506816K), 0.0206696 secs] [Times: user=0.03 sys=0.00, real=0.02 secs] 
1488.129: [GC (Allocation Failure) [PSYoungGen: 415682K->140966K(465920K)] 1291798K->1017226K(1506816K), 0.0180864 secs] [Times: user=0.03 sys=0.00, real=0.02 secs] 
1489.099: [GC (Allocation Failure) [PSYoungGen: 373926K->1762K(465920K)] 1250186K->878321K(1506816K), 0.0030777 secs] [Times: user=0.01 sys=0.00, real=0.00 secs] 
1489.381: [GC (Allocation Failure) [PSYoungGen: 234722K->184590K(465920K)] 1111281K->1062532K(1506816K), 0.0207529 secs] [Times: user=0.03 sys=0.00, real=0.02 secs] 
1489.665: [GC (Allocation Failure) [PSYoungGen: 417550K->184655K(465920K)] 1295492K->1062741K(1506816K), 0.0207464 secs] [Times: user=0.03 sys=0.00, real=0.03 secs] 
1490.707: [GC (Allocation Failure) [PSYoungGen: 417615K->127807K(465920K)] 1295701K->1006158K(1506816K), 0.0365147 secs] [Times: user=0.07 sys=0.00, real=0.03 secs] 
1493.014: [GC (Allocation Failure) [PSYoungGen: 360767K->24607K(465920K)] 1239118K->903258K(1506816K), 0.0080036 secs] [Times: user=0.03 sys=0.00, real=0.01 secs] 
1493.363: [GC (Allocation Failure) [PSYoungGen: 257567K->184173K(465920K)] 1136218K->1064061K(1506816K), 0.0207931 secs] [Times: user=0.03 sys=0.00, real=0.02 secs] 
1493.650: [GC (Allocation Failure) [PSYoungGen: 417133K->184398K(465920K)] 1297021K->1064559K(1506816K), 0.0205795 secs] [Times: user=0.03 sys=0.00, real=0.02 secs] 
1495.246: [GC (Allocation Failure) [PSYoungGen: 417358K->105541K(465920K)] 1297519K->986096K(1506816K), 0.0285643 secs] [Times: user=0.06 sys=0.00, real=0.02 secs] 
1497.144: [GC (Allocation Failure) [PSYoungGen: 338501K->46584K(465920K)] 1219056K->927321K(1506816K), 0.0072878 secs] [Times: user=0.02 sys=0.00, real=0.01 secs] 
1497.482: [GC (Allocation Failure) [PSYoungGen: 279544K->184912K(465920K)] 1160281K->1066894K(1506816K), 0.0206706 secs] [Times: user=0.03 sys=0.00, real=0.02 secs] 
1497.767: [GC (Allocation Failure) [PSYoungGen: 417872K->184944K(465920K)] 1299854K->1067199K(1506816K), 0.0206081 secs] [Times: user=0.03 sys=0.00, real=0.02 secs] 
1499.305: [GC (Allocation Failure) [PSYoungGen: 417904K->65798K(465920K)] 1300159K->948326K(1506816K), 0.0150193 secs] [Times: user=0.04 sys=0.00, real=0.02 secs] 
1500.862: [GC (Allocation Failure) [PSYoungGen: 298758K->67662K(465920K)] 1181286K->950490K(1506816K), 0.0112807 secs] [Times: user=0.02 sys=0.00, real=0.01 secs] 
1501.161: [GC (Allocation Failure) [PSYoungGen: 300622K->183819K(465920K)] 1183450K->1067900K(1506816K), 0.0206644 secs] [Times: user=0.03 sys=0.00, real=0.02 secs] 
1501.506: [GC (Allocation Failure) [PSYoungGen: 416779K->184815K(465920K)] 1300860K->1069170K(1506816K), 0.0206564 secs] [Times: user=0.03 sys=0.00, real=0.03 secs] 
1502.858: [GC (Allocation Failure) [PSYoungGen: 417775K->46037K(465920K)] 1302130K->930665K(1506816K), 0.0090278 secs] [Times: user=0.02 sys=0.00, real=0.01 secs] 
1504.140: [GC (Allocation Failure) [PSYoungGen: 278997K->90121K(465920K)] 1163625K->975064K(1506816K), 0.0112307 secs] [Times: user=0.02 sys=0.00, real=0.01 secs] 
1504.414: [GC (Allocation Failure) [PSYoungGen: 323081K->184044K(465920K)] 1208024K->1070233K(1506816K), 0.0206846 secs] [Times: user=0.03 sys=0.00, real=0.02 secs] 
1504.698: [GC (Allocation Failure) [PSYoungGen: 417004K->184076K(465920K)] 1303193K->1070538K(1506816K), 0.0205182 secs] [Times: user=0.03 sys=0.00, real=0.02 secs] 
1506.989: [GC (Allocation Failure) [PSYoungGen: 417036K->24172K(465920K)] 1303498K->911036K(1506816K), 0.0094880 secs] [Times: user=0.03 sys=0.00, real=0.01 secs] 
1508.270: [GC (Allocation Failure) [PSYoungGen: 257132K->111585K(465920K)] 1143996K->998629K(1506816K), 0.0131749 secs] [Times: user=0.02 sys=0.00, real=0.01 secs] 
1508.547: [GC (Allocation Failure) [PSYoungGen: 344545K->184847K(465920K)] 1231589K->1073145K(1506816K), 0.0208272 secs] [Times: user=0.03 sys=0.01, real=0.02 secs] 
1508.835: [GC (Allocation Failure) [PSYoungGen: 417807K->184173K(465920K)] 1306105K->1072744K(1506816K), 0.0207045 secs] [Times: user=0.03 sys=0.00, real=0.02 secs] 
1510.877: [GC (Allocation Failure) [PSYoungGen: 417133K->1777K(465920K)] 1305704K->890614K(1506816K), 0.0048185 secs] [Times: user=0.01 sys=0.00, real=0.00 secs] 
1511.743: [GC (Allocation Failure) [PSYoungGen: 234737K->133819K(465920K)] 1123574K->1022971K(1506816K), 0.0156552 secs] [Times: user=0.02 sys=0.00, real=0.02 secs] 
1512.022: [GC (Allocation Failure) [PSYoungGen: 366779K->184333K(465920K)] 1255931K->1074739K(1506816K), 0.0205923 secs] [Times: user=0.03 sys=0.00, real=0.02 secs] 
1512.588: [GC (Allocation Failure) [PSYoungGen: 417293K->168166K(465920K)] 1307699K->1058965K(1506816K), 0.0224240 secs] [Times: user=0.04 sys=0.00, real=0.02 secs] 
1515.580: [GC (Allocation Failure) [PSYoungGen: 401126K->192K(465920K)] 1291925K->892302K(1506816K), 0.0031022 secs] [Times: user=0.02 sys=0.00, real=0.00 secs] 
1516.126: [GC (Allocation Failure) [PSYoungGen: 233152K->156054K(465920K)] 1125262K->1048188K(1506816K), 0.0178438 secs] [Times: user=0.03 sys=0.00, real=0.01 secs] 
1516.414: [GC (Allocation Failure) [PSYoungGen: 389014K->184430K(465920K)] 1281148K->1077818K(1506816K), 0.0207881 secs] [Times: user=0.03 sys=0.00, real=0.02 secs] 
1519.202: [GC (Allocation Failure) [PSYoungGen: 417390K->149899K(465920K)] 1310778K->1043560K(1506816K), 0.0382382 secs] [Times: user=0.07 sys=0.00, real=0.04 secs] 
1520.371: [GC (Allocation Failure) [PSYoungGen: 382859K->64K(465920K)] 1276520K->895160K(1506816K), 0.0046101 secs] [Times: user=0.02 sys=0.00, real=0.01 secs] 
1520.783: [GC (Allocation Failure) [PSYoungGen: 233024K->178192K(465920K)] 1128120K->1073305K(1506816K), 0.0200386 secs] [Times: user=0.02 sys=0.00, real=0.02 secs] 
1521.068: [GC (Allocation Failure) [PSYoungGen: 411152K->184430K(465920K)] 1306265K->1080925K(1506816K), 0.0206506 secs] [Times: user=0.03 sys=0.00, real=0.02 secs] 
1522.499: [GC (Allocation Failure) [PSYoungGen: 417390K->135969K(465920K)] 1313885K->1032608K(1506816K), 0.0351546 secs] [Times: user=0.06 sys=0.00, real=0.03 secs] 
1524.294: [GC (Allocation Failure) [PSYoungGen: 368887K->16510K(465920K)] 1265527K->913467K(1506816K), 0.0066459 secs] [Times: user=0.02 sys=0.00, real=0.01 secs] 
1524.620: [GC (Allocation Failure) [PSYoungGen: 249470K->183916K(465920K)] 1146427K->1082119K(1506816K), 0.0206614 secs] [Times: user=0.03 sys=0.00, real=0.02 secs] 
1524.904: [GC (Allocation Failure) [PSYoungGen: 416876K->184430K(465920K)] 1315079K->1083050K(1506816K), 0.0207618 secs] [Times: user=0.03 sys=0.00, real=0.02 secs] 
1527.375: [GC (Allocation Failure) [PSYoungGen: 417390K->113863K(465920K)] 1316010K->1012628K(1506816K), 0.0243520 secs] [Times: user=0.05 sys=0.00, real=0.03 secs] 
1529.240: [GC (Allocation Failure) [PSYoungGen: 346823K->38487K(465920K)] 1245588K->937561K(1506816K), 0.0083827 secs] [Times: user=0.02 sys=0.00, real=0.01 secs] 
1529.557: [GC (Allocation Failure) [PSYoungGen: 271447K->186518K(465920K)] 1170521K->1086837K(1506816K), 0.0208018 secs] [Times: user=0.03 sys=0.00, real=0.02 secs] 
1529.844: [GC (Allocation Failure) [PSYoungGen: 419478K->186068K(465920K)] 1319797K->1086797K(1506816K), 0.0209487 secs] [Times: user=0.03 sys=0.00, real=0.02 secs] 
1531.754: [GC (Allocation Failure) [PSYoungGen: 419028K->71212K(465920K)] 1319757K->972205K(1506816K), 0.0193495 secs] [Times: user=0.04 sys=0.00, real=0.02 secs] 
1534.403: [GC (Allocation Failure) [PSYoungGen: 304172K->65220K(465920K)] 1205165K->966391K(1506816K), 0.0110329 secs] [Times: user=0.03 sys=0.00, real=0.01 secs] 
1534.701: [GC (Allocation Failure) [PSYoungGen: 298180K->184622K(465920K)] 1199351K->1087047K(1506816K), 0.0206876 secs] [Times: user=0.03 sys=0.00, real=0.02 secs] 
1535.045: [GC (Allocation Failure) [PSYoungGen: 417582K->186357K(465920K)] 1320007K->1089071K(1506816K), 0.0210310 secs] [Times: user=0.03 sys=0.00, real=0.03 secs] 
1537.050: [GC (Allocation Failure) [PSYoungGen: 419317K->46182K(465920K)] 1322031K->949160K(1506816K), 0.0182829 secs] [Times: user=0.04 sys=0.00, real=0.02 secs] 
1538.819: [GC (Allocation Failure) [PSYoungGen: 279142K->89607K(465920K)] 1182120K->992895K(1506816K), 0.0110225 secs] [Times: user=0.02 sys=0.00, real=0.01 secs] 
1539.092: [GC (Allocation Failure) [PSYoungGen: 322567K->184237K(465920K)] 1225855K->1088778K(1506816K), 0.0208369 secs] [Times: user=0.03 sys=0.00, real=0.02 secs] 
1539.378: [GC (Allocation Failure) [PSYoungGen: 417197K->184398K(465920K)] 1321738K->1089341K(1506816K), 0.0207403 secs] [Times: user=0.02 sys=0.00, real=0.02 secs] 
1541.372: [GC (Allocation Failure) [PSYoungGen: 417358K->24140K(465920K)] 1322301K->929220K(1506816K), 0.0103232 secs] [Times: user=0.04 sys=0.01, real=0.01 secs] 
1543.107: [GC (Allocation Failure) [PSYoungGen: 257100K->111999K(465920K)] 1162180K->1017387K(1506816K), 0.0132150 secs] [Times: user=0.03 sys=0.00, real=0.01 secs] 
1543.384: [GC (Allocation Failure) [PSYoungGen: 344959K->184462K(465920K)] 1250347K->1091095K(1506816K), 0.0212727 secs] [Times: user=0.03 sys=0.00, real=0.02 secs] 
1543.669: [GC (Allocation Failure) [PSYoungGen: 417422K->184494K(465920K)] 1324055K->1091400K(1506816K), 0.0208447 secs] [Times: user=0.03 sys=0.00, real=0.02 secs] 
1545.366: [GC (Allocation Failure) [PSYoungGen: 417454K->1424K(465920K)] 1324360K->908466K(1506816K), 0.0030243 secs] [Times: user=0.01 sys=0.00, real=0.00 secs] 
1546.186: [GC (Allocation Failure) [PSYoungGen: 234384K->133948K(465920K)] 1141426K->1041172K(1506816K), 0.0155225 secs] [Times: user=0.02 sys=0.00, real=0.01 secs] 
1546.466: [GC (Allocation Failure) [PSYoungGen: 366908K->184301K(465920K)] 1274132K->1092908K(1506816K), 0.0205733 secs] [Times: user=0.03 sys=0.00, real=0.03 secs] 
1546.991: [GC (Allocation Failure) [PSYoungGen: 417261K->168037K(465920K)] 1325868K->1076917K(1506816K), 0.0215931 secs] [Times: user=0.03 sys=0.00, real=0.02 secs] 
1548.731: [GC (Allocation Failure) [PSYoungGen: 400997K->96K(465920K)] 1309877K->910288K(1506816K), 0.0030675 secs] [Times: user=0.01 sys=0.00, real=0.00 secs] 
1549.189: [GC (Allocation Failure) [PSYoungGen: 233056K->155829K(465920K)] 1143248K->1066045K(1506816K), 0.0177298 secs] [Times: user=0.03 sys=0.00, real=0.02 secs] 
1549.471: [GC (Allocation Failure) [PSYoungGen: 388789K->184269K(465920K)] 1299005K->1095868K(1506816K), 0.0205971 secs] [Times: user=0.03 sys=0.00, real=0.02 secs] 
1550.309: [GC (Allocation Failure) [PSYoungGen: 417229K->150332K(465920K)] 1328828K->1062076K(1506816K), 0.0216965 secs] [Times: user=0.03 sys=0.00, real=0.02 secs] 
1552.189: [GC (Allocation Failure) [PSYoungGen: 383292K->96K(465920K)] 1295036K->913284K(1506816K), 0.0032821 secs] [Times: user=0.02 sys=0.00, real=0.00 secs] 
1552.555: [GC (Allocation Failure) [PSYoungGen: 233056K->177260K(465920K)] 1146244K->1090465K(1506816K), 0.0197842 secs] [Times: user=0.03 sys=0.00, real=0.02 secs] 
1552.838: [GC (Allocation Failure) [PSYoungGen: 410220K->183787K(465920K)] 1323425K->1098246K(1506816K), 0.0207154 secs] [Times: user=0.03 sys=0.00, real=0.02 secs] 
1553.671: [GC (Allocation Failure) [PSYoungGen: 416747K->137511K(465920K)] 1331206K->1052243K(1506816K), 0.0181956 secs] [Times: user=0.04 sys=0.01, real=0.02 secs] 
1555.139: [GC (Allocation Failure) [PSYoungGen: 370471K->15000K(465920K)] 1285203K->930031K(1506816K), 0.0045289 secs] [Times: user=0.01 sys=0.00, real=0.00 secs] 
1555.417: [GC (Allocation Failure) [PSYoungGen: 247960K->186357K(465920K)] 1162991K->1102642K(1506816K), 0.0209701 secs] [Times: user=0.03 sys=0.00, real=0.02 secs] 
1555.703: [GC (Allocation Failure) [PSYoungGen: 419317K->184815K(465920K)] 1335602K->1101373K(1506816K), 0.0207851 secs] [Times: user=0.03 sys=0.00, real=0.02 secs] 
1557.325: [GC (Allocation Failure) [PSYoungGen: 417775K->112609K(465920K)] 1334333K->1029440K(1506816K), 0.0270851 secs] [Times: user=0.05 sys=0.00, real=0.03 secs] 
1559.149: [GC (Allocation Failure) [PSYoungGen: 345569K->39676K(465920K)] 1262400K->956813K(1506816K), 0.0075208 secs] [Times: user=0.02 sys=0.00, real=0.01 secs] 
1559.439: [GC (Allocation Failure) [PSYoungGen: 272636K->186325K(465920K)] 1189773K->1104708K(1506816K), 0.0210410 secs] [Times: user=0.03 sys=0.00, real=0.02 secs] 
1559.728: [GC (Allocation Failure) [PSYoungGen: 419285K->185972K(465920K)] 1337668K->1104756K(1506816K), 0.0210904 secs] [Times: user=0.03 sys=0.00, real=0.02 secs] 
1560.517: [GC (Allocation Failure) [PSYoungGen: 418932K->70344K(465920K)] 1337716K->989265K(1506816K), 0.0116848 secs] [Times: user=0.03 sys=0.00, real=0.01 secs] 
1561.469: [GC (Allocation Failure) [PSYoungGen: 303304K->66827K(465920K)] 1222225K->986045K(1506816K), 0.0088030 secs] [Times: user=0.01 sys=0.00, real=0.01 secs] 
1561.743: [GC (Allocation Failure) [PSYoungGen: 299787K->186100K(465920K)] 1219005K->1106572K(1506816K), 0.0209561 secs] [Times: user=0.03 sys=0.00, real=0.02 secs] 
1562.083: [GC (Allocation Failure) [PSYoungGen: 419060K->186004K(465920K)] 1339532K->1106749K(1506816K), 0.0232958 secs] [Times: user=0.03 sys=0.00, real=0.03 secs] 
1563.071: [GC (Allocation Failure) [PSYoungGen: 418964K->43467K(465920K)] 1339709K->964485K(1506816K), 0.0098281 secs] [Times: user=0.03 sys=0.00, real=0.01 secs] 
1564.696: [GC (Allocation Failure) [PSYoungGen: 276427K->94137K(465920K)] 1197445K->1015471K(1506816K), 0.0115165 secs] [Times: user=0.02 sys=0.00, real=0.02 secs] 
1564.973: [GC (Allocation Failure) [PSYoungGen: 327097K->185683K(465920K)] 1248431K->1108399K(1506816K), 0.0207918 secs] [Times: user=0.03 sys=0.00, real=0.02 secs] 
1565.259: [GC (Allocation Failure) [PSYoungGen: 418643K->185843K(465920K)] 1341359K->1108704K(1506816K), 0.0208468 secs] [Times: user=0.03 sys=0.00, real=0.02 secs] 
1568.409: [GC (Allocation Failure) [PSYoungGen: 418803K->16718K(465920K)] 1341664K->939844K(1506816K), 0.0078846 secs] [Times: user=0.03 sys=0.00, real=0.01 secs] 
1569.400: [GC (Allocation Failure) [PSYoungGen: 249678K->118525K(465920K)] 1172804K->1041968K(1506816K), 0.0139564 secs] [Times: user=0.02 sys=0.00, real=0.01 secs] 
1569.729: [GC (Allocation Failure) [PSYoungGen: 351485K->184173K(465920K)] 1274928K->1108862K(1506816K), 0.0208117 secs] [Times: user=0.03 sys=0.00, real=0.02 secs] 
1570.068: [GC (Allocation Failure) [PSYoungGen: 417133K->180005K(465920K)] 1341822K->1104967K(1506816K), 0.0220075 secs] [Times: user=0.03 sys=0.00, real=0.02 secs] 
1571.072: [GC (Allocation Failure) [PSYoungGen: 412965K->64K(465920K)] 1337927K->926435K(1506816K), 0.0030255 secs] [Times: user=0.02 sys=0.00, real=0.00 secs] 
1571.528: [GC (Allocation Failure) [PSYoungGen: 233024K->141081K(465920K)] 1159395K->1067460K(1506816K), 0.0163630 secs] [Times: user=0.03 sys=0.00, real=0.01 secs] 
1571.808: [GC (Allocation Failure) [PSYoungGen: 374041K->184333K(465920K)] 1300420K->1112095K(1506816K), 0.0209062 secs] [Times: user=0.03 sys=0.00, real=0.02 secs] 
1572.196: [GC (Allocation Failure) [PSYoungGen: 416555K->160984K(465920K)] 1344317K->1088891K(1506816K), 0.0196684 secs] [Times: user=0.03 sys=0.00, real=0.01 secs] 
1573.228: [GC (Allocation Failure) [PSYoungGen: 393944K->128K(465920K)] 1321851K->929452K(1506816K), 0.0031391 secs] [Times: user=0.02 sys=0.00, real=0.00 secs] 
1573.770: [GC (Allocation Failure) [PSYoungGen: 233088K->161224K(465920K)] 1162412K->1090564K(1506816K), 0.0183457 secs] [Times: user=0.03 sys=0.00, real=0.02 secs] 
1574.052: [GC (Allocation Failure) [PSYoungGen: 394184K->184687K(465920K)] 1323524K->1115296K(1506816K), 0.0210262 secs] [Times: user=0.02 sys=0.00, real=0.02 secs] 
1575.297: [GC (Allocation Failure) [PSYoungGen: 417647K->144517K(465920K)] 1348256K->1075392K(1506816K), 0.0387019 secs] [Times: user=0.06 sys=0.00, real=0.04 secs] 
1578.424: [GC (Allocation Failure) [PSYoungGen: 377477K->128K(465920K)] 1308352K->932442K(1506816K), 0.0069095 secs] [Times: user=0.03 sys=0.00, real=0.01 secs] 
1578.917: [GC (Allocation Failure) [PSYoungGen: 233088K->185646K(465920K)] 1165402K->1117985K(1506816K), 0.0206782 secs] [Times: user=0.03 sys=0.00, real=0.02 secs] 
1579.204: [GC (Allocation Failure) [PSYoungGen: 418606K->184815K(465920K)] 1350945K->1118407K(1506816K), 0.0212715 secs] [Times: user=0.03 sys=0.00, real=0.02 secs] 
1579.750: [GC (Allocation Failure) [PSYoungGen: 417775K->128161K(465920K)] 1351367K->1062018K(1506816K), 0.0153459 secs] [Times: user=0.03 sys=0.00, real=0.01 secs] 
1581.691: [GC (Allocation Failure) [PSYoungGen: 361121K->24125K(465920K)] 1294978K->958300K(1506816K), 0.0072729 secs] [Times: user=0.02 sys=0.00, real=0.01 secs] 
1582.021: [GC (Allocation Failure) [PSYoungGen: 257085K->186229K(465920K)] 1191260K->1121650K(1506816K), 0.0207829 secs] [Times: user=0.03 sys=0.00, real=0.02 secs] 
1582.364: [GC (Allocation Failure) [PSYoungGen: 419189K->184655K(465920K)] 1354610K->1120349K(1506816K), 0.0208868 secs] [Times: user=0.03 sys=0.00, real=0.02 secs] 
1583.996: [GC (Allocation Failure) [PSYoungGen: 417615K->103725K(465920K)] 1353309K->1039692K(1506816K), 0.0314950 secs] [Times: user=0.07 sys=0.00, real=0.03 secs] 
1585.356: [GC (Allocation Failure) [PSYoungGen: 336685K->48705K(465920K)] 1272652K->984979K(1506816K), 0.0069237 secs] [Times: user=0.01 sys=0.00, real=0.00 secs] 
1585.628: [GC (Allocation Failure) [PSYoungGen: 281665K->186229K(465920K)] 1217939K->1123765K(1506816K), 0.0208468 secs] [Times: user=0.03 sys=0.00, real=0.02 secs] 
1585.976: [GC (Allocation Failure) [PSYoungGen: 419189K->184687K(465920K)] 1356725K->1122504K(1506816K), 0.0207839 secs] [Times: user=0.03 sys=0.00, real=0.02 secs] 
1587.811: [GC (Allocation Failure) [PSYoungGen: 417647K->62745K(465920K)] 1355464K->1000836K(1506816K), 0.0137060 secs] [Times: user=0.02 sys=0.00, real=0.01 secs] 
1589.608: [GC (Allocation Failure) [PSYoungGen: 295705K->73735K(465920K)] 1233796K->1012141K(1506816K), 0.0120115 secs] [Times: user=0.02 sys=0.00, real=0.01 secs] 
1589.994: [GC (Allocation Failure) [PSYoungGen: 306695K->184301K(465920K)] 1245101K->1123961K(1506816K), 0.0206512 secs] [Times: user=0.03 sys=0.00, real=0.02 secs] 
1590.336: [GC (Allocation Failure) [PSYoungGen: 417261K->184269K(465920K)] 1356921K->1124202K(1506816K), 0.0206736 secs] [Times: user=0.03 sys=0.00, real=0.03 secs] 
1594.239: [GC (Allocation Failure) [PSYoungGen: 417229K->39981K(465920K)] 1357162K->980195K(1506816K), 0.0125242 secs] [Times: user=0.03 sys=0.00, real=0.01 secs] 
1595.662: [GC (Allocation Failure) [PSYoungGen: 272827K->95066K(465920K)] 1213042K->1035586K(1506816K), 0.0116139 secs] [Times: user=0.02 sys=0.00, real=0.01 secs] 
1595.938: [GC (Allocation Failure) [PSYoungGen: 328026K->184044K(465920K)] 1268546K->1125810K(1506816K), 0.0207781 secs] [Times: user=0.03 sys=0.00, real=0.02 secs] 
1596.281: [GC (Allocation Failure) [PSYoungGen: 417004K->184558K(465920K)] 1358770K->1126597K(1506816K), 0.0208443 secs] [Times: user=0.03 sys=0.00, real=0.02 secs] 
1597.999: [GC (Allocation Failure) [PSYoungGen: 417518K->18774K(465920K)] 1359557K->961214K(1506816K), 0.0059777 secs] [Times: user=0.02 sys=0.00, real=0.00 secs] 
1598.698: [GC (Allocation Failure) [PSYoungGen: 251734K->116854K(465920K)] 1194174K->1059466K(1506816K), 0.0137586 secs] [Times: user=0.02 sys=0.00, real=0.01 secs] 
1598.974: [GC (Allocation Failure) [PSYoungGen: 349814K->183787K(465920K)] 1292426K->1127652K(1506816K), 0.0205931 secs] [Times: user=0.03 sys=0.00, real=0.02 secs] 
1599.330: [GC (Allocation Failure) [PSYoungGen: 416747K->181901K(465920K)] 1360612K->1126168K(1506816K), 0.0221830 secs] [Times: user=0.03 sys=0.00, real=0.02 secs] 
1601.059: [GC (Allocation Failure) [PSYoungGen: 414861K->128K(465920K)] 1359128K->945710K(1506816K), 0.0028803 secs] [Times: user=0.01 sys=0.00, real=0.00 secs] 
1601.539: [GC (Allocation Failure) [PSYoungGen: 233088K->138060K(465920K)] 1178670K->1083659K(1506816K), 0.0158849 secs] [Times: user=0.03 sys=0.00, real=0.01 secs] 
1601.819: [GC (Allocation Failure) [PSYoungGen: 371020K->184365K(465920K)] 1316619K->1131217K(1506816K), 0.0208805 secs] [Times: user=0.03 sys=0.00, real=0.02 secs] 
1602.257: [GC (Allocation Failure) [PSYoungGen: 417325K->163956K(465920K)] 1364177K->1111081K(1506816K), 0.0216010 secs] [Times: user=0.03 sys=0.00, real=0.02 secs] 
1603.192: [GC (Allocation Failure) [PSYoungGen: 396916K->64K(465920K)] 1344041K->948630K(1506816K), 0.0031270 secs] [Times: user=0.02 sys=0.00, real=0.00 secs] 
1603.594: [GC (Allocation Failure) [PSYoungGen: 233024K->159010K(465920K)] 1181590K->1107584K(1506816K), 0.0180556 secs] [Times: user=0.02 sys=0.00, real=0.02 secs] 
1603.877: [GC (Allocation Failure) [PSYoungGen: 391970K->184590K(465920K)] 1340544K->1134418K(1506816K), 0.0207633 secs] [Times: user=0.03 sys=0.00, real=0.02 secs] 
1604.326: [GC (Allocation Failure) [PSYoungGen: 417550K->146894K(465920K)] 1367378K->1096987K(1506816K), 0.0164361 secs] [Times: user=0.03 sys=0.00, real=0.01 secs] 
1605.506: [GC (Allocation Failure) [PSYoungGen: 379854K->128K(465920K)] 1329947K->951661K(1506816K), 0.0032397 secs] [Times: user=0.01 sys=0.00, real=0.00 secs] 
1605.842: [GC (Allocation Failure) [PSYoungGen: 233088K->181244K(465920K)] 1184621K->1132810K(1506816K), 0.0206131 secs] [Times: user=0.03 sys=0.00, real=0.02 secs] 
1606.130: [GC (Allocation Failure) [PSYoungGen: 414204K->184430K(465920K)] 1365770K->1137248K(1506816K), 0.0211944 secs] [Times: user=0.03 sys=0.00, real=0.02 secs] 
1607.172: [GC (Allocation Failure) [PSYoungGen: 417390K->132900K(465920K)] 1370208K->1085984K(1506816K), 0.0157476 secs] [Times: user=0.03 sys=0.00, real=0.02 secs] 
1608.803: [GC (Allocation Failure) [PSYoungGen: 365860K->18855K(465920K)] 1318944K->972249K(1506816K), 0.0052028 secs] [Times: user=0.02 sys=0.00, real=0.01 secs] 
1609.082: [GC (Allocation Failure) [PSYoungGen: 251815K->186357K(465920K)] 1205209K->1141005K(1506816K), 0.0212173 secs] [Times: user=0.03 sys=0.00, real=0.02 secs] 
1609.367: [GC (Allocation Failure) [PSYoungGen: 419317K->184783K(465920K)] 1373965K->1139704K(1506816K), 0.0206725 secs] [Times: user=0.03 sys=0.00, real=0.02 secs] 
1611.390: [GC (Allocation Failure) [PSYoungGen: 417743K->108722K(465920K)] 1372664K->1063907K(1506816K), 0.0234703 secs] [Times: user=0.05 sys=0.00, real=0.02 secs] 
1613.133: [GC (Allocation Failure) [PSYoungGen: 341682K->43304K(465920K)] 1296867K->998808K(1506816K), 0.0083023 secs] [Times: user=0.02 sys=0.00, real=0.01 secs] 
1613.431: [GC (Allocation Failure) [PSYoungGen: 276264K->184815K(465920K)] 1231768K->1141573K(1506816K), 0.0210899 secs] [Times: user=0.04 sys=0.00, real=0.02 secs] 
1613.719: [GC (Allocation Failure) [PSYoungGen: 417775K->184815K(465920K)] 1374533K->1141846K(1506816K), 0.0208432 secs] [Times: user=0.03 sys=0.00, real=0.02 secs] 
1614.444: [GC (Allocation Failure) [PSYoungGen: 417775K->69444K(465920K)] 1374806K->1026740K(1506816K), 0.0105338 secs] [Times: user=0.02 sys=0.00, real=0.01 secs] 
1615.714: [GC (Allocation Failure) [PSYoungGen: 302404K->66698K(465920K)] 1259700K->1024293K(1506816K), 0.0108629 secs] [Times: user=0.02 sys=0.00, real=0.01 secs] 
1616.008: [GC (Allocation Failure) [PSYoungGen: 299658K->184558K(465920K)] 1257253K->1143407K(1506816K), 0.0210623 secs] [Times: user=0.03 sys=0.00, real=0.02 secs] 
1616.300: [GC (Allocation Failure) [PSYoungGen: 417518K->184173K(465920K)] 1376367K->1143303K(1506816K), 0.0206261 secs] [Times: user=0.03 sys=0.00, real=0.02 secs] 
1617.371: [GC (Allocation Failure) [PSYoungGen: 417133K->46969K(465920K)] 1376263K->1006493K(1506816K), 0.0097261 secs] [Times: user=0.02 sys=0.00, real=0.01 secs] 
1618.504: [GC (Allocation Failure) [PSYoungGen: 279929K->89122K(465920K)] 1239453K->1048825K(1506816K), 0.0110669 secs] [Times: user=0.02 sys=0.00, real=0.01 secs] 
1618.779: [GC (Allocation Failure) [PSYoungGen: 322082K->184076K(465920K)] 1281785K->1145025K(1506816K), 0.0209782 secs] [Times: user=0.03 sys=0.00, real=0.02 secs] 
1619.120: [GC (Allocation Failure) [PSYoungGen: 417036K->184076K(465920K)] 1377985K->1145298K(1506816K), 0.0208522 secs] [Times: user=0.03 sys=0.00, real=0.02 secs] 
1621.576: [GC (Allocation Failure) [PSYoungGen: 417036K->25136K(465920K)] 1378258K->986623K(1506816K), 0.0098745 secs] [Times: user=0.03 sys=0.00, real=0.01 secs] 
1623.105: [GC (Allocation Failure) [PSYoungGen: 258096K->110171K(465920K)] 1219583K->1071971K(1506816K), 0.0131452 secs] [Times: user=0.03 sys=0.00, real=0.02 secs] 
1623.379: [GC (Allocation Failure) [PSYoungGen: 343131K->183819K(465920K)] 1304931K->1146873K(1506816K), 0.0209826 secs] [Times: user=0.03 sys=0.00, real=0.02 secs] 
1623.668: [GC (Allocation Failure) [PSYoungGen: 416779K->184526K(465920K)] 1379833K->1147853K(1506816K), 0.0206244 secs] [Times: user=0.03 sys=0.00, real=0.02 secs] 
1624.985: [GC (Allocation Failure) [PSYoungGen: 417486K->3865K(465920K)] 1380813K->967466K(1506816K), 0.0034534 secs] [Times: user=0.01 sys=0.01, real=0.01 secs] 
1625.893: [GC (Allocation Failure) [PSYoungGen: 236825K->132020K(465920K)] 1200426K->1095936K(1506816K), 0.0153969 secs] [Times: user=0.02 sys=0.00, real=0.02 secs] 
1626.173: [GC (Allocation Failure) [PSYoungGen: 364980K->184205K(465920K)] 1328896K->1149503K(1506816K), 0.0210446 secs] [Times: user=0.03 sys=0.00, real=0.02 secs] 
1626.717: [GC (Allocation Failure) [PSYoungGen: 417165K->168078K(465920K)] 1382463K->1133512K(1506816K), 0.0208703 secs] [Times: user=0.04 sys=0.00, real=0.02 secs] 
1627.932: [GC (Allocation Failure) [PSYoungGen: 401038K->128K(465920K)] 1366472K->967000K(1506816K), 0.0038279 secs] [Times: user=0.01 sys=0.00, real=0.01 secs] 
1628.424: [GC (Allocation Failure) [PSYoungGen: 233088K->154126K(465920K)] 1199960K->1121022K(1506816K), 0.0177350 secs] [Times: user=0.03 sys=0.00, real=0.02 secs] 
1628.705: [GC (Allocation Failure) [PSYoungGen: 387086K->184333K(465920K)] 1353982K->1152612K(1506816K), 0.0207099 secs] [Times: user=0.03 sys=0.00, real=0.03 secs] 
1629.383: [GC (Allocation Failure) [PSYoungGen: 417293K->151955K(465920K)] 1385572K->1120378K(1506816K), 0.0455611 secs] [Times: user=0.08 sys=0.00, real=0.05 secs] 
1630.572: [GC (Allocation Failure) [PSYoungGen: 384915K->160K(465920K)] 1353338K->970014K(1506816K), 0.0034555 secs] [Times: user=0.02 sys=0.00, real=0.00 secs] 
1630.947: [GC (Allocation Failure) [PSYoungGen: 233120K->176618K(465920K)] 1202974K->1146496K(1506816K), 0.0198358 secs] [Times: user=0.03 sys=0.00, real=0.02 secs] 
1631.290: [GC (Allocation Failure) [PSYoungGen: 409578K->184205K(465920K)] 1379456K->1155337K(1506816K), 0.0215286 secs] [Times: user=0.03 sys=0.00, real=0.02 secs] 
1632.115: [GC (Allocation Failure) [PSYoungGen: 417165K->137800K(465920K)] 1388297K->1109326K(1506816K), 0.0262337 secs] [Times: user=0.05 sys=0.00, real=0.03 secs] 
1633.706: [GC (Allocation Failure) [PSYoungGen: 370760K->14968K(465920K)] 1342286K->986683K(1506816K), 0.0051995 secs] [Times: user=0.02 sys=0.00, real=0.00 secs] 
1634.079: [GC (Allocation Failure) [PSYoungGen: 247928K->186325K(465920K)] 1219643K->1159287K(1506816K), 0.0213691 secs] [Times: user=0.03 sys=0.00, real=0.02 secs] 
1634.365: [GC (Allocation Failure) [PSYoungGen: 419285K->184783K(465920K)] 1392247K->1158018K(1506816K), 0.0209107 secs] [Times: user=0.03 sys=0.00, real=0.03 secs] 
1635.041: [GC (Allocation Failure) [PSYoungGen: 417743K->112609K(465920K)] 1390978K->1086109K(1506816K), 0.0153809 secs] [Times: user=0.03 sys=0.00, real=0.02 secs] 
1636.568: [GC (Allocation Failure) [PSYoungGen: 345569K->40030K(465920K)] 1319069K->1013845K(1506816K), 0.0080638 secs] [Times: user=0.02 sys=0.00, real=0.00 secs] 
1636.944: [GC (Allocation Failure) [PSYoungGen: 272990K->186261K(465920K)] 1246805K->1161330K(1506816K), 0.0210681 secs] [Times: user=0.03 sys=0.00, real=0.02 secs] 
1637.234: [GC (Allocation Failure) [PSYoungGen: 419221K->184655K(465920K)] 1394290K->1159997K(1506816K), 0.0207760 secs] [Times: user=0.03 sys=0.00, real=0.02 secs] 
1638.513: [GC (Allocation Failure) [PSYoungGen: 417615K->71404K(465920K)] 1392957K->1047011K(1506816K), 0.0158120 secs] [Times: user=0.04 sys=0.00, real=0.02 secs] 
1639.696: [GC (Allocation Failure) [PSYoungGen: 304364K->64481K(465920K)] 1279971K->1040386K(1506816K), 0.0085747 secs] [Times: user=0.02 sys=0.00, real=0.01 secs] 
1640.031: [GC (Allocation Failure) [PSYoungGen: 297441K->186389K(465920K)] 1273346K->1163548K(1506816K), 0.0213658 secs] [Times: user=0.03 sys=0.00, real=0.02 secs] 
1640.317: [GC (Allocation Failure) [PSYoungGen: 419349K->186068K(465920K)] 1396508K->1163508K(1506816K), 0.0209273 secs] [Times: user=0.03 sys=0.00, real=0.02 secs] 
1641.967: [GC (Allocation Failure) [PSYoungGen: 419028K->45379K(465920K)] 1396468K->1023083K(1506816K), 0.0173761 secs] [Times: user=0.04 sys=0.00, real=0.01 secs] 
1643.561: [GC (Allocation Failure) [PSYoungGen: 278339K->91179K(465920K)] 1256043K->1069197K(1506816K), 0.0112330 secs] [Times: user=0.02 sys=0.00, real=0.01 secs] 
1643.838: [GC (Allocation Failure) [PSYoungGen: 324139K->186389K(465920K)] 1302157K->1165661K(1506816K), 0.0212210 secs] [Times: user=0.03 sys=0.00, real=0.02 secs] 
1644.127: [GC (Allocation Failure) [PSYoungGen: 419349K->185940K(465920K)] 1398621K->1165485K(1506816K), 0.0231033 secs] [Times: user=0.03 sys=0.00, real=0.02 secs] 
1647.223: [GC (Allocation Failure) [PSYoungGen: 418900K->18919K(465920K)] 1398445K->998737K(1506816K), 0.0056130 secs] [Times: user=0.02 sys=0.00, real=0.01 secs] 
1648.207: [GC (Allocation Failure) [PSYoungGen: 251879K->117754K(465920K)] 1231697K->1097885K(1506816K), 0.0139507 secs] [Times: user=0.02 sys=0.00, real=0.01 secs] 
1648.557: [GC (Allocation Failure) [PSYoungGen: 350714K->186004K(465920K)] 1330845K->1167381K(1506816K), 0.0212143 secs] [Times: user=0.03 sys=0.00, real=0.02 secs] 
1649.194: [GC (Allocation Failure) [PSYoungGen: 418964K->179008K(465920K)] 1400341K->1160659K(1506816K), 0.0232179 secs] [Times: user=0.03 sys=0.00, real=0.03 secs] 
1652.297: [GC (Allocation Failure) [PSYoungGen: 411968K->96K(465920K)] 1393619K->983190K(1506816K), 0.0046105 secs] [Times: user=0.02 sys=0.00, real=0.00 secs] 
1653.216: [GC (Allocation Failure) [PSYoungGen: 233056K->143458K(465920K)] 1216150K->1126569K(1506816K), 0.0167107 secs] [Times: user=0.03 sys=0.00, real=0.01 secs] 
1653.497: [GC (Allocation Failure) [PSYoungGen: 376418K->185843K(465920K)] 1359529K->1170328K(1506816K), 0.0209152 secs] [Times: user=0.03 sys=0.00, real=0.02 secs] 
1654.285: [GC (Allocation Failure) [PSYoungGen: 418803K->161144K(465920K)] 1403288K->1145765K(1506816K), 0.0470769 secs] [Times: user=0.09 sys=0.00, real=0.05 secs] 
1656.641: [GC (Allocation Failure) [PSYoungGen: 394104K->160K(465920K)] 1378725K->986226K(1506816K), 0.0042279 secs] [Times: user=0.03 sys=0.00, real=0.00 secs] 
1657.098: [GC (Allocation Failure) [PSYoungGen: 233120K->167846K(465920K)] 1219186K->1153944K(1506816K), 0.0189798 secs] [Times: user=0.03 sys=0.00, real=0.02 secs] 
1657.421: [GC (Allocation Failure) [PSYoungGen: 400806K->184847K(465920K)] 1386904K->1172199K(1506816K), 0.0208896 secs] [Times: user=0.03 sys=0.00, real=0.02 secs] 
1658.175: [GC (Allocation Failure) [PSYoungGen: 412653K->137689K(465920K)] 1400006K->1125314K(1506816K), 0.0324880 secs] [Times: user=0.05 sys=0.01, real=0.04 secs] 
1659.752: [GC (Allocation Failure) [PSYoungGen: 370649K->1601K(465920K)] 1358274K->989524K(1506816K), 0.0036380 secs] [Times: user=0.01 sys=0.00, real=0.00 secs] 
1660.042: [GC (Allocation Failure) [PSYoungGen: 234561K->184687K(465920K)] 1222484K->1173863K(1506816K), 0.0208557 secs] [Times: user=0.03 sys=0.00, real=0.02 secs] 
1660.327: [GC (Allocation Failure) [PSYoungGen: 417647K->184719K(465920K)] 1406823K->1174297K(1506816K), 0.0210302 secs] [Times: user=0.03 sys=0.00, real=0.02 secs] 
1660.881: [GC (Allocation Failure) [PSYoungGen: 417679K->127759K(465920K)] 1407257K->1117602K(1506816K), 0.0153877 secs] [Times: user=0.03 sys=0.00, real=0.02 secs] 
1662.499: [GC (Allocation Failure) [PSYoungGen: 360719K->24636K(465920K)] 1350562K->1014659K(1506816K), 0.0074627 secs] [Times: user=0.02 sys=0.00, real=0.01 secs] 
1662.826: [GC (Allocation Failure) [PSYoungGen: 257596K->186486K(465920K)] 1247619K->1177762K(1506816K), 0.0211859 secs] [Times: user=0.03 sys=0.00, real=0.02 secs] 
1663.173: [GC (Allocation Failure) [PSYoungGen: 419446K->186100K(465920K)] 1410722K->1177778K(1506816K), 0.0210875 secs] [Times: user=0.03 sys=0.00, real=0.02 secs] 
1663.950: [GC (Allocation Failure) [PSYoungGen: 419060K->85124K(465920K)] 1410738K->1077067K(1506816K), 0.0165480 secs] [Times: user=0.03 sys=0.00, real=0.02 secs] 
1665.870: [GC (Allocation Failure) [PSYoungGen: 318084K->51658K(465920K)] 1310027K->1043788K(1506816K), 0.0093405 secs] [Times: user=0.02 sys=0.00, real=0.01 secs] 
1666.167: [GC (Allocation Failure) [PSYoungGen: 284618K->185843K(465920K)] 1276748K->1179348K(1506816K), 0.0212430 secs] [Times: user=0.03 sys=0.00, real=0.02 secs] 
1666.519: [GC (Allocation Failure) [PSYoungGen: 418803K->185843K(465920K)] 1412308K->1179492K(1506816K), 0.0210486 secs] [Times: user=0.03 sys=0.00, real=0.02 secs] 
1667.372: [GC (Allocation Failure) [PSYoungGen: 418803K->58970K(465920K)] 1412452K->1052884K(1506816K), 0.0104745 secs] [Times: user=0.02 sys=0.01, real=0.01 secs] 
1668.542: [GC (Allocation Failure) [PSYoungGen: 291930K->77976K(465920K)] 1285844K->1072189K(1506816K), 0.0099678 secs] [Times: user=0.02 sys=0.00, real=0.01 secs] 
1668.817: [GC (Allocation Failure) [PSYoungGen: 310936K->185972K(465920K)] 1305149K->1181567K(1506816K), 0.0212104 secs] [Times: user=0.03 sys=0.00, real=0.02 secs] 
1669.103: [GC (Allocation Failure) [PSYoungGen: 418932K->184526K(465920K)] 1414527K->1180266K(1506816K), 0.0208180 secs] [Times: user=0.03 sys=0.00, real=0.02 secs] 
1670.896: [GC (Allocation Failure) [PSYoungGen: 417486K->33779K(465920K)] 1413226K->1029785K(1506816K), 0.0095345 secs] [Times: user=0.03 sys=0.00, real=0.01 secs] 
1671.902: [GC (Allocation Failure) [PSYoungGen: 266739K->101943K(465920K)] 1262745K->1098264K(1506816K), 0.0123933 secs] [Times: user=0.02 sys=0.00, real=0.01 secs] 
1672.234: [GC (Allocation Failure) [PSYoungGen: 334903K->183884K(465920K)] 1331224K->1181458K(1506816K), 0.0213228 secs] [Times: user=0.03 sys=0.00, real=0.03 secs] 
1672.519: [GC (Allocation Failure) [PSYoungGen: 416844K->184462K(465920K)] 1414418K->1182310K(1506816K), 0.0208975 secs] [Times: user=0.03 sys=0.00, real=0.02 secs] 
1673.574: [GC (Allocation Failure) [PSYoungGen: 417422K->12091K(465920K)] 1415270K->1010204K(1506816K), 0.0045417 secs] [Times: user=0.01 sys=0.00, real=0.01 secs] 
1674.568: [GC (Allocation Failure) [PSYoungGen: 245051K->123923K(465920K)] 1243164K->1122344K(1506816K), 0.0147834 secs] [Times: user=0.03 sys=0.00, real=0.01 secs] 
1674.850: [GC (Allocation Failure) [PSYoungGen: 356883K->184944K(465920K)] 1355304K->1184618K(1506816K), 0.0273998 secs] [Times: user=0.05 sys=0.00, real=0.03 secs] 
1675.237: [GC (Allocation Failure) [PSYoungGen: 417904K->174379K(465920K)] 1417578K->1174480K(1506816K), 0.0219241 secs] [Times: user=0.03 sys=0.00, real=0.02 secs] 
1677.053: [GC (Allocation Failure) [PSYoungGen: 407339K->128K(465920K)] 1407440K->1001539K(1506816K), 0.0040923 secs] [Times: user=0.02 sys=0.00, real=0.01 secs] 
1678.204: [GC (Allocation Failure) [PSYoungGen: 233088K->145740K(465920K)] 1234499K->1147159K(1506816K), 0.0168866 secs] [Times: user=0.03 sys=0.00, real=0.02 secs] 
1678.560: [GC (Allocation Failure) [PSYoungGen: 378700K->184590K(465920K)] 1380119K->1187255K(1506816K), 0.0210519 secs] [Times: user=0.03 sys=0.00, real=0.02 secs] 
1679.271: [GC (Allocation Failure) [PSYoungGen: 417550K->160084K(465920K)] 1420215K->1163022K(1506816K), 0.0288875 secs] [Times: user=0.05 sys=0.00, real=0.03 secs] 
1682.169: [GC (Allocation Failure) [PSYoungGen: 393044K->96K(465920K)] 1395982K->1004477K(1506816K), 0.0078979 secs] [Times: user=0.04 sys=0.00, real=0.01 secs] 
1682.879: [GC (Allocation Failure) [PSYoungGen: 233056K->169966K(465920K)] 1237437K->1174372K(1506816K), 0.0193003 secs] [Times: user=0.03 sys=0.00, real=0.02 secs] 
1683.214: [GC (Allocation Failure) [PSYoungGen: 402926K->185972K(465920K)] 1407332K->1191760K(1506816K), 0.0213089 secs] [Times: user=0.03 sys=0.00, real=0.02 secs] 
1684.488: [GC (Allocation Failure) [PSYoungGen: 410950K->134476K(465920K)] 1416738K->1140408K(1506816K), 0.0290240 secs] [Times: user=0.06 sys=0.00, real=0.03 secs] 
1685.764: [GC (Allocation Failure) [PSYoungGen: 367436K->1665K(465920K)] 1373368K->1007914K(1506816K), 0.0033118 secs] [Times: user=0.02 sys=0.00, real=0.01 secs] 
1686.046: [GC (Allocation Failure) [PSYoungGen: 234625K->186486K(465920K)] 1240874K->1193980K(1506816K), 0.0210312 secs] [Times: user=0.03 sys=0.00, real=0.02 secs] 
1686.338: [GC (Allocation Failure) [PSYoungGen: 419446K->186068K(465920K)] 1426940K->1193844K(1506816K), 0.0210871 secs] [Times: user=0.03 sys=0.00, real=0.02 secs] 
1687.079: [GC (Allocation Failure) [PSYoungGen: 419028K->124562K(465920K)] 1426804K->1132610K(1506816K), 0.0169128 secs] [Times: user=0.03 sys=0.00, real=0.02 secs] 
1688.120: [GC (Allocation Failure) [PSYoungGen: 357522K->29523K(465920K)] 1365570K->1037881K(1506816K), 0.0065046 secs] [Times: user=0.02 sys=0.00, real=0.01 secs] 
1688.398: [GC (Allocation Failure) [PSYoungGen: 262483K->185843K(465920K)] 1270841K->1195455K(1506816K), 0.0209175 secs] [Times: user=0.03 sys=0.00, real=0.02 secs] 
1688.684: [GC (Allocation Failure) [PSYoungGen: 418803K->185843K(465920K)] 1428415K->1195728K(1506816K), 0.0210220 secs] [Times: user=0.03 sys=0.00, real=0.02 secs] 
1689.444: [GC (Allocation Failure) [PSYoungGen: 418803K->81140K(465920K)] 1428688K->1091427K(1506816K), 0.0116409 secs] [Times: user=0.03 sys=0.00, real=0.01 secs] 
1690.781: [GC (Allocation Failure) [PSYoungGen: 314100K->55613K(465920K)] 1324387K->1066087K(1506816K), 0.0098779 secs] [Times: user=0.02 sys=0.00, real=0.01 secs] 
1691.074: [GC (Allocation Failure) [PSYoungGen: 288573K->185715K(465920K)] 1299047K->1197435K(1506816K), 0.0212871 secs] [Times: user=0.03 sys=0.00, real=0.02 secs] 
1691.358: [GC (Allocation Failure) [PSYoungGen: 418675K->184462K(465920K)] 1430395K->1196454K(1506816K), 0.0209228 secs] [Times: user=0.03 sys=0.00, real=0.02 secs] 
1693.719: [GC (Allocation Failure) [PSYoungGen: 417422K->56576K(465920K)] 1429414K->1068962K(1506816K), 0.0217374 secs] [Times: user=0.05 sys=0.01, real=0.02 secs] 
1695.817: [GC (Allocation Failure) [PSYoungGen: 289536K->80193K(465920K)] 1301922K->1092774K(1506816K), 0.0126094 secs] [Times: user=0.03 sys=0.00, real=0.01 secs] 
1696.104: [GC (Allocation Failure) [PSYoungGen: 313153K->184301K(465920K)] 1325734K->1198136K(1506816K), 0.0210436 secs] [Times: user=0.03 sys=0.00, real=0.02 secs] 
1696.396: [GC (Allocation Failure) [PSYoungGen: 417261K->186389K(465920K)] 1431096K->1200506K(1506816K), 0.0219716 secs] [Times: user=0.03 sys=0.00, real=0.02 secs] 
1698.549: [GC (Allocation Failure) [PSYoungGen: 419349K->31514K(465920K)] 1433466K->1045903K(1506816K), 0.0146442 secs] [Times: user=0.04 sys=0.01, real=0.01 secs] 
1699.661: [GC (Allocation Failure) [PSYoungGen: 264474K->104612K(465920K)] 1278863K->1119301K(1506816K), 0.0127792 secs] [Times: user=0.02 sys=0.00, real=0.01 secs] 
1699.938: [GC (Allocation Failure) [PSYoungGen: 337572K->184558K(465920K)] 1352261K->1200501K(1506816K), 0.0210395 secs] [Times: user=0.03 sys=0.00, real=0.02 secs] 
1700.225: [GC (Allocation Failure) [PSYoungGen: 417518K->186293K(465920K)] 1433461K->1202509K(1506816K), 0.0209624 secs] [Times: user=0.03 sys=0.00, real=0.03 secs] 
1702.610: [GC (Allocation Failure) [PSYoungGen: 419253K->6838K(465920K)] 1435469K->1023326K(1506816K), 0.0053404 secs] [Times: user=0.03 sys=0.00, real=0.01 secs] 
1703.490: [GC (Allocation Failure) [PSYoungGen: 239798K->128807K(465920K)] 1256286K->1145611K(1506816K), 0.0151682 secs] [Times: user=0.02 sys=0.00, real=0.01 secs] 
1703.770: [GC (Allocation Failure) [PSYoungGen: 361767K->184976K(465920K)] 1378571K->1203026K(1506816K), 0.0211300 secs] [Times: user=0.03 sys=0.00, real=0.02 secs] 
1704.321: [GC (Allocation Failure) [PSYoungGen: 417936K->172584K(465920K)] 1435986K->1190907K(1506816K), 0.0239252 secs] [Times: user=0.04 sys=0.00, real=0.02 secs] 
1707.085: [GC (Allocation Failure) [PSYoungGen: 405544K->128K(465920K)] 1423867K->1019896K(1506816K), 0.0049208 secs] [Times: user=0.02 sys=0.00, real=0.01 secs] 
1707.529: [GC (Allocation Failure) [PSYoungGen: 233088K->151073K(465920K)] 1252856K->1170866K(1506816K), 0.0174348 secs] [Times: user=0.03 sys=0.00, real=0.02 secs] 
1707.810: [GC (Allocation Failure) [PSYoungGen: 384033K->184301K(465920K)] 1403826K->1205347K(1506816K), 0.0212521 secs] [Times: user=0.03 sys=0.00, real=0.02 secs] 
1708.725: [GC (Allocation Failure) [PSYoungGen: 417261K->155088K(465920K)] 1438307K->1176399K(1506816K), 0.0263815 secs] [Times: user=0.04 sys=0.00, real=0.03 secs] 
1710.926: [GC (Allocation Failure) [PSYoungGen: 388048K->64K(465920K)] 1409359K->1022815K(1506816K), 0.0037759 secs] [Times: user=0.02 sys=0.00, real=0.01 secs] 
1711.464: [GC (Allocation Failure) [PSYoungGen: 233024K->175075K(465920K)] 1255775K->1197850K(1506816K), 0.0198882 secs] [Times: user=0.03 sys=0.00, real=0.02 secs] 
1711.758: [GC (Allocation Failure) [PSYoungGen: 408035K->186100K(465920K)] 1430810K->1210121K(1506816K), 0.0212461 secs] [Times: user=0.03 sys=0.00, real=0.02 secs] 
1712.325: [GC (Allocation Failure) [PSYoungGen: 419060K->137430K(465920K)] 1443081K->1161853K(1506816K), 0.0171530 secs] [Times: user=0.03 sys=0.00, real=0.02 secs] 
1713.386: [GC (Allocation Failure) [PSYoungGen: 370390K->16442K(465920K)] 1394813K->1041050K(1506816K), 0.0048996 secs] [Times: user=0.02 sys=0.00, real=0.00 secs] 
1713.667: [GC (Allocation Failure) [PSYoungGen: 249402K->185715K(465920K)] 1274010K->1211696K(1506816K), 0.0209746 secs] [Times: user=0.03 sys=0.00, real=0.02 secs] 
1713.960: [GC (Allocation Failure) [PSYoungGen: 418675K->185875K(465920K)] 1444656K->1212010K(1506816K), 0.0211394 secs] [Times: user=0.03 sys=0.00, real=0.02 secs] 
1714.838: [GC (Allocation Failure) [PSYoungGen: 418835K->110810K(465920K)] 1444970K->1137217K(1506816K), 0.0154730 secs] [Times: user=0.03 sys=0.00, real=0.01 secs] 
1717.049: [GC (Allocation Failure) [PSYoungGen: 343770K->42247K(465920K)] 1370177K->1068964K(1506816K), 0.0083110 secs] [Times: user=0.02 sys=0.00, real=0.01 secs] 
1717.418: [GC (Allocation Failure) [PSYoungGen: 275207K->185715K(465920K)] 1301924K->1213678K(1506816K), 0.0211342 secs] [Times: user=0.03 sys=0.01, real=0.02 secs] 
1717.703: [GC (Allocation Failure) [PSYoungGen: 418675K->185843K(465920K)] 1446638K->1214087K(1506816K), 0.0212628 secs] [Times: user=0.03 sys=0.00, real=0.02 secs] 
1719.408: [GC (Allocation Failure) [PSYoungGen: 418803K->68545K(465920K)] 1447047K->1097054K(1506816K), 0.0128606 secs] [Times: user=0.03 sys=0.00, real=0.01 secs] 
1721.617: [GC (Allocation Failure) [PSYoungGen: 301505K->67951K(465920K)] 1330014K->1096770K(1506816K), 0.0128889 secs] [Times: user=0.02 sys=0.00, real=0.01 secs] 
1721.939: [GC (Allocation Failure) [PSYoungGen: 300911K->185875K(465920K)] 1329730K->1216061K(1506816K), 0.0212974 secs] [Times: user=0.03 sys=0.00, real=0.02 secs] 
1722.225: [GC (Allocation Failure) [PSYoungGen: 418835K->185811K(465920K)] 1449021K->1216141K(1506816K), 0.0209669 secs] [Times: user=0.03 sys=0.00, real=0.03 secs] 
1724.782: [GC (Allocation Failure) [PSYoungGen: 418771K->42664K(465920K)] 1449101K->1073266K(1506816K), 0.0132732 secs] [Times: user=0.04 sys=0.00, real=0.01 secs] 
1726.435: [GC (Allocation Failure) [PSYoungGen: 275589K->92531K(465920K)] 1306192K->1123448K(1506816K), 0.0114835 secs] [Times: user=0.02 sys=0.00, real=0.02 secs] 
1726.715: [GC (Allocation Failure) [PSYoungGen: 325491K->186518K(465920K)] 1356408K->1218680K(1506816K), 0.0210489 secs] [Times: user=0.03 sys=0.00, real=0.03 secs] 
1727.004: [GC (Allocation Failure) [PSYoungGen: 419478K->186100K(465920K)] 1451640K->1218664K(1506816K), 0.0210866 secs] [Times: user=0.03 sys=0.00, real=0.02 secs] 
1727.889: [GC (Allocation Failure) [PSYoungGen: 419060K->17232K(465920K)] 1451624K->1050061K(1506816K), 0.0049819 secs] [Times: user=0.02 sys=0.00, real=0.00 secs] 
1728.447: [GC (Allocation Failure) [PSYoungGen: 250192K->119296K(465920K)] 1283021K->1152314K(1506816K), 0.0141747 secs] [Times: user=0.03 sys=0.00, real=0.01 secs] 
1728.727: [GC (Allocation Failure) [PSYoungGen: 352256K->185972K(465920K)] 1385274K->1220236K(1506816K), 0.0212929 secs] [Times: user=0.03 sys=0.00, real=0.02 secs] 
1729.839: [GC (Allocation Failure) [PSYoungGen: 418932K->177946K(465920K)] 1453196K->1212483K(1506816K), 0.0518739 secs] [Times: user=0.08 sys=0.00, real=0.05 secs] 
1732.153: [GC (Allocation Failure) [PSYoungGen: 410906K->64K(465920K)] 1445443K->1036050K(1506816K), 0.0036193 secs] [Times: user=0.02 sys=0.00, real=0.01 secs] 
1732.978: [GC (Allocation Failure) [PSYoungGen: 233024K->143555K(465920K)] 1269010K->1179558K(1506816K), 0.0168674 secs] [Times: user=0.03 sys=0.00, real=0.01 secs] 
1733.260: [GC (Allocation Failure) [PSYoungGen: 376515K->186261K(465920K)] 1412518K->1223509K(1506816K), 0.0213678 secs] [Times: user=0.03 sys=0.00, real=0.02 secs] 
1733.806: [GC (Allocation Failure) [PSYoungGen: 419221K->160614K(465920K)] 1456469K->1198135K(1506816K), 0.0442881 secs] [Times: user=0.07 sys=0.00, real=0.04 secs] 
1736.045: [GC (Allocation Failure) [PSYoungGen: 393574K->96K(465920K)] 1431095K->1039062K(1506816K), 0.0045592 secs] [Times: user=0.02 sys=0.00, real=0.01 secs] 
1736.049: [Full GC (Ergonomics) [PSYoungGen: 96K->0K(465920K)] [ParOldGen: 1038966K->368775K(905216K)] 1039062K->368775K(1371136K), [Metaspace: 55946K->55823K(1101824K)], 0.0673891 secs] [Times: user=0.21 sys=0.00, real=0.07 secs] 
1736.599: [GC (Allocation Failure) [PSYoungGen: 232960K->169324K(465920K)] 601735K->538099K(1371136K), 0.0186325 secs] [Times: user=0.03 sys=0.00, real=0.02 secs] 
1736.885: [GC (Allocation Failure) [PSYoungGen: 402284K->184687K(465920K)] 771059K->554716K(1371136K), 0.0200477 secs] [Times: user=0.02 sys=0.00, real=0.02 secs] 
1737.347: [GC (Allocation Failure) [PSYoungGen: 409635K->136388K(465920K)] 779664K->506819K(1371136K), 0.0146060 secs] [Times: user=0.02 sys=0.00, real=0.01 secs] 
1739.010: [GC (Allocation Failure) [PSYoungGen: 369348K->64K(465920K)] 739779K->371812K(1371136K), 0.0023599 secs] [Times: user=0.01 sys=0.00, real=0.00 secs] 
1739.452: [GC (Allocation Failure) [PSYoungGen: 233024K->172505K(465920K)] 604772K->544277K(1371136K), 0.0187773 secs] [Times: user=0.03 sys=0.00, real=0.02 secs] 
1739.734: [GC (Allocation Failure) [PSYoungGen: 405465K->184430K(465920K)] 777237K->557439K(1371136K), 0.0199918 secs] [Times: user=0.03 sys=0.00, real=0.02 secs] 
1741.589: [GC (Allocation Failure) [PSYoungGen: 417390K->141656K(465920K)] 790399K->514930K(1371136K), 0.0378868 secs] [Times: user=0.06 sys=0.00, real=0.04 secs] 
1743.733: [GC (Allocation Failure) [PSYoungGen: 374616K->96K(465920K)] 747890K->374810K(1371136K), 0.0024691 secs] [Times: user=0.01 sys=0.00, real=0.00 secs] 
1744.138: [GC (Allocation Failure) [PSYoungGen: 233056K->181662K(465920K)] 607770K->556392K(1371136K), 0.0195681 secs] [Times: user=0.02 sys=0.00, real=0.02 secs] 
1744.421: [GC (Allocation Failure) [PSYoungGen: 414622K->184430K(465920K)] 789352K->560406K(1371136K), 0.0199192 secs] [Times: user=0.03 sys=0.00, real=0.02 secs] 
1745.018: [GC (Allocation Failure) [PSYoungGen: 417390K->132562K(465920K)] 793366K->508804K(1371136K), 0.0169080 secs] [Times: user=0.02 sys=0.01, real=0.01 secs] 
1746.039: [GC (Allocation Failure) [PSYoungGen: 365522K->7256K(465920K)] 741764K->383811K(1371136K), 0.0027148 secs] [Times: user=0.01 sys=0.00, real=0.00 secs] 
1746.319: [GC (Allocation Failure) [PSYoungGen: 240216K->184044K(465920K)] 616771K->561845K(1371136K), 0.0198775 secs] [Times: user=0.03 sys=0.00, real=0.02 secs] 
1746.603: [GC (Allocation Failure) [PSYoungGen: 417004K->184044K(465920K)] 794805K->562118K(1371136K), 0.0252333 secs] [Times: user=0.04 sys=0.00, real=0.03 secs] 
1747.258: [GC (Allocation Failure) [PSYoungGen: 417004K->123437K(465920K)] 795078K->501904K(1371136K), 0.0159191 secs] [Times: user=0.03 sys=0.00, real=0.01 secs] 
1749.390: [GC (Allocation Failure) [PSYoungGen: 356397K->16381K(465920K)] 734864K->395036K(1371136K), 0.0044134 secs] [Times: user=0.01 sys=0.00, real=0.00 secs] 
1749.700: [GC (Allocation Failure) [PSYoungGen: 249341K->186389K(465920K)] 627996K->566426K(1371136K), 0.0204860 secs] [Times: user=0.03 sys=0.00, real=0.02 secs] 
1749.986: [GC (Allocation Failure) [PSYoungGen: 419349K->186100K(465920K)] 799386K->566282K(1371136K), 0.0202182 secs] [Times: user=0.02 sys=0.00, real=0.03 secs] 
1751.365: [GC (Allocation Failure) [PSYoungGen: 419060K->109878K(465920K)] 799242K->490453K(1371136K), 0.0172005 secs] [Times: user=0.03 sys=0.00, real=0.02 secs] 
1753.247: [GC (Allocation Failure) [PSYoungGen: 342838K->30519K(465920K)] 723413K->411279K(1371136K), 0.0069372 secs] [Times: user=0.02 sys=0.00, real=0.00 secs] 
1753.578: [GC (Allocation Failure) [PSYoungGen: 263479K->185715K(465920K)] 644239K->567849K(1371136K), 0.0202038 secs] [Times: user=0.03 sys=0.00, real=0.02 secs] 
1753.917: [GC (Allocation Failure) [PSYoungGen: 418675K->184462K(465920K)] 800809K->566740K(1371136K), 0.0200401 secs] [Times: user=0.02 sys=0.00, real=0.02 secs] 
1754.859: [GC (Allocation Failure) [PSYoungGen: 415457K->98038K(465920K)] 797736K->480582K(1371136K), 0.0125428 secs] [Times: user=0.03 sys=0.00, real=0.01 secs] 
1757.130: [GC (Allocation Failure) [PSYoungGen: 330998K->37941K(465920K)] 713542K->420785K(1371136K), 0.0071386 secs] [Times: user=0.01 sys=0.00, real=0.01 secs] 
1757.450: [GC (Allocation Failure) [PSYoungGen: 270901K->184173K(465920K)] 653745K->568262K(1371136K), 0.0199317 secs] [Times: user=0.03 sys=0.00, real=0.02 secs] 
1757.735: [GC (Allocation Failure) [PSYoungGen: 417133K->184558K(465920K)] 801222K->568920K(1371136K), 0.0201235 secs] [Times: user=0.02 sys=0.00, real=0.02 secs] 
1759.148: [GC (Allocation Failure) [PSYoungGen: 409739K->92030K(465920K)] 794101K->476665K(1371136K), 0.0125842 secs] [Times: user=0.02 sys=0.00, real=0.01 secs] 
1761.607: [GC (Allocation Failure) [PSYoungGen: 324990K->37074K(465920K)] 709625K->422014K(1371136K), 0.0062879 secs] [Times: user=0.01 sys=0.00, real=0.00 secs] 
1761.971: [GC (Allocation Failure) [PSYoungGen: 270034K->184590K(465920K)] 654974K->570777K(1371136K), 0.0200703 secs] [Times: user=0.03 sys=0.00, real=0.02 secs] 
1762.254: [GC (Allocation Failure) [PSYoungGen: 417550K->184783K(465920K)] 803737K->571243K(1371136K), 0.0200156 secs] [Times: user=0.02 sys=0.00, real=0.02 secs] 
1763.801: [GC (Allocation Failure) [PSYoungGen: 409836K->92319K(465920K)] 796295K->479051K(1371136K), 0.0144379 secs] [Times: user=0.03 sys=0.01, real=0.01 secs] 
1765.264: [GC (Allocation Failure) [PSYoungGen: 325279K->37620K(465920K)] 712011K->424668K(1371136K), 0.0060421 secs] [Times: user=0.01 sys=0.00, real=0.01 secs] 
1765.603: [GC (Allocation Failure) [PSYoungGen: 270580K->184815K(465920K)] 657628K->573117K(1371136K), 0.0200410 secs] [Times: user=0.02 sys=0.00, real=0.02 secs] 
1765.939: [GC (Allocation Failure) [PSYoungGen: 417775K->184687K(465920K)] 806077K->573262K(1371136K), 0.0201430 secs] [Times: user=0.03 sys=0.00, real=0.02 secs] 
1767.396: [GC (Allocation Failure) [PSYoungGen: 407155K->91612K(465920K)] 795730K->480460K(1371136K), 0.0194158 secs] [Times: user=0.04 sys=0.00, real=0.02 secs] 
1769.222: [GC (Allocation Failure) [PSYoungGen: 324572K->37845K(465920K)] 713420K->426990K(1371136K), 0.0065519 secs] [Times: user=0.01 sys=0.00, real=0.01 secs] 
1769.600: [GC (Allocation Failure) [PSYoungGen: 270805K->184462K(465920K)] 659950K->574853K(1371136K), 0.0201104 secs] [Times: user=0.03 sys=0.00, real=0.02 secs] 
1769.884: [GC (Allocation Failure) [PSYoungGen: 417422K->184558K(465920K)] 807813K->575223K(1371136K), 0.0199350 secs] [Times: user=0.02 sys=0.00, real=0.02 secs] 
1771.158: [GC (Allocation Failure) [PSYoungGen: 407094K->91901K(465920K)] 797759K->482839K(1371136K), 0.0181691 secs] [Times: user=0.03 sys=0.00, real=0.02 secs] 
1773.016: [GC (Allocation Failure) [PSYoungGen: 324861K->37588K(465920K)] 715799K->428835K(1371136K), 0.0065595 secs] [Times: user=0.02 sys=0.00, real=0.00 secs] 
1773.314: [GC (Allocation Failure) [PSYoungGen: 270548K->184719K(465920K)] 661795K->577203K(1371136K), 0.0201295 secs] [Times: user=0.02 sys=0.00, real=0.02 secs] 
1773.657: [GC (Allocation Failure) [PSYoungGen: 417679K->186518K(465920K)] 810163K->579284K(1371136K), 0.0203134 secs] [Times: user=0.02 sys=0.00, real=0.02 secs] 
1774.284: [GC (Allocation Failure) [PSYoungGen: 403783K->89909K(465920K)] 796549K->482940K(1371136K), 0.0113074 secs] [Times: user=0.02 sys=0.00, real=0.01 secs] 
1775.091: [GC (Allocation Failure) [PSYoungGen: 322869K->38037K(465920K)] 715900K->431376K(1371136K), 0.0052624 secs] [Times: user=0.01 sys=0.00, real=0.01 secs] 
1775.424: [GC (Allocation Failure) [PSYoungGen: 270997K->184173K(465920K)] 664336K->578757K(1371136K), 0.0200531 secs] [Times: user=0.03 sys=0.00, real=0.02 secs] 
1775.769: [GC (Allocation Failure) [PSYoungGen: 417133K->186293K(465920K)] 811717K->581151K(1371136K), 0.0202385 secs] [Times: user=0.03 sys=0.00, real=0.02 secs] 
1777.268: [GC (Allocation Failure) [PSYoungGen: 408223K->90198K(465920K)] 803080K->485329K(1371136K), 0.0151495 secs] [Times: user=0.03 sys=0.00, real=0.01 secs] 
1778.396: [GC (Allocation Failure) [PSYoungGen: 323158K->38002K(465920K)] 718289K->433440K(1371136K), 0.0052029 secs] [Times: user=0.01 sys=0.00, real=0.01 secs] 
1778.667: [GC (Allocation Failure) [PSYoungGen: 270962K->184687K(465920K)] 666400K->581378K(1371136K), 0.0199812 secs] [Times: user=0.03 sys=0.00, real=0.02 secs] 
1778.955: [GC (Allocation Failure) [PSYoungGen: 417647K->183723K(465920K)] 814338K->580696K(1371136K), 0.0199702 secs] [Times: user=0.02 sys=0.00, real=0.02 secs] 
1779.637: [GC (Allocation Failure) [PSYoungGen: 409019K->92255K(465920K)] 805991K->489500K(1371136K), 0.0109056 secs] [Times: user=0.02 sys=0.00, real=0.01 secs] 
1780.452: [GC (Allocation Failure) [PSYoungGen: 325215K->37845K(465920K)] 722460K->435404K(1371136K), 0.0060143 secs] [Times: user=0.01 sys=0.00, real=0.01 secs] 
1780.730: [GC (Allocation Failure) [PSYoungGen: 270805K->184333K(465920K)] 668364K->583146K(1371136K), 0.0200058 secs] [Times: user=0.03 sys=0.00, real=0.02 secs] 
1781.013: [GC (Allocation Failure) [PSYoungGen: 417293K->184719K(465920K)] 816106K->583805K(1371136K), 0.0200406 secs] [Times: user=0.02 sys=0.00, real=0.02 secs] 
1781.643: [GC (Allocation Failure) [PSYoungGen: 407292K->91869K(465920K)] 806378K->491228K(1371136K), 0.0108925 secs] [Times: user=0.03 sys=0.00, real=0.01 secs] 
1782.465: [GC (Allocation Failure) [PSYoungGen: 324829K->37973K(465920K)] 724188K->437638K(1371136K), 0.0055739 secs] [Times: user=0.01 sys=0.00, real=0.01 secs] 
1782.737: [GC (Allocation Failure) [PSYoungGen: 270933K->184687K(465920K)] 670598K->585597K(1371136K), 0.0200688 secs] [Times: user=0.03 sys=0.00, real=0.02 secs] 
1783.022: [GC (Allocation Failure) [PSYoungGen: 417647K->184623K(465920K)] 818557K->585814K(1371136K), 0.0202651 secs] [Times: user=0.03 sys=0.00, real=0.02 secs] 
1784.068: [GC (Allocation Failure) [PSYoungGen: 407175K->91387K(465920K)] 808366K->492851K(1371136K), 0.0115694 secs] [Times: user=0.03 sys=0.00, real=0.01 secs] 
1784.871: [GC (Allocation Failure) [PSYoungGen: 324347K->38034K(465920K)] 725811K->439815K(1371136K), 0.0052158 secs] [Times: user=0.01 sys=0.00, real=0.01 secs] 
1785.141: [GC (Allocation Failure) [PSYoungGen: 270994K->184719K(465920K)] 672775K->587761K(1371136K), 0.0201251 secs] [Times: user=0.03 sys=0.00, real=0.02 secs] 
1785.426: [GC (Allocation Failure) [PSYoungGen: 417679K->184623K(465920K)] 820721K->587938K(1371136K), 0.0199499 secs] [Times: user=0.02 sys=0.00, real=0.02 secs] 
1787.528: [GC (Allocation Failure) [PSYoungGen: 407171K->91355K(465920K)] 810486K->494935K(1371136K), 0.0196242 secs] [Times: user=0.04 sys=0.00, real=0.02 secs] 
1789.709: [GC (Allocation Failure) [PSYoungGen: 324315K->37716K(465920K)] 727895K->441610K(1371136K), 0.0066156 secs] [Times: user=0.01 sys=0.00, real=0.00 secs] 
1790.009: [GC (Allocation Failure) [PSYoungGen: 270676K->183787K(465920K)] 674570K->588927K(1371136K), 0.0199611 secs] [Times: user=0.02 sys=0.00, real=0.02 secs] 
1790.293: [GC (Allocation Failure) [PSYoungGen: 416747K->184398K(465920K)] 821887K->589810K(1371136K), 0.0200950 secs] [Times: user=0.03 sys=0.00, real=0.02 secs] 
1791.303: [GC (Allocation Failure) [PSYoungGen: 409617K->92737K(465920K)] 815030K->498422K(1371136K), 0.0127599 secs] [Times: user=0.02 sys=0.00, real=0.01 secs] 
1792.252: [GC (Allocation Failure) [PSYoungGen: 325697K->37973K(465920K)] 731382K->443975K(1371136K), 0.0059016 secs] [Times: user=0.01 sys=0.00, real=0.01 secs] 
1792.530: [GC (Allocation Failure) [PSYoungGen: 270933K->184719K(465920K)] 676935K->591974K(1371136K), 0.0199623 secs] [Times: user=0.02 sys=0.00, real=0.02 secs] 
1792.817: [GC (Allocation Failure) [PSYoungGen: 417679K->184687K(465920K)] 824934K->592344K(1371136K), 0.0200743 secs] [Times: user=0.02 sys=0.00, real=0.02 secs] 
1793.821: [GC (Allocation Failure) [PSYoungGen: 407122K->91355K(465920K)] 814779K->499285K(1371136K), 0.0141540 secs] [Times: user=0.03 sys=0.00, real=0.01 secs] 
1795.681: [GC (Allocation Failure) [PSYoungGen: 324315K->37748K(465920K)] 732245K->445871K(1371136K), 0.0072691 secs] [Times: user=0.01 sys=0.00, real=0.01 secs] 
1796.068: [GC (Allocation Failure) [PSYoungGen: 270708K->184719K(465920K)] 678831K->594104K(1371136K), 0.0200437 secs] [Times: user=0.03 sys=0.00, real=0.02 secs] 
1796.410: [GC (Allocation Failure) [PSYoungGen: 417679K->184687K(465920K)] 827064K->594345K(1371136K), 0.0201709 secs] [Times: user=0.02 sys=0.00, real=0.02 secs] 
1798.427: [GC (Allocation Failure) [PSYoungGen: 407244K->91612K(465920K)] 816902K->501535K(1371136K), 0.0251870 secs] [Times: user=0.05 sys=0.00, real=0.02 secs] 
1800.276: [GC (Allocation Failure) [PSYoungGen: 324572K->37716K(465920K)] 734495K->447937K(1371136K), 0.0071530 secs] [Times: user=0.02 sys=0.00, real=0.00 secs] 
1800.650: [GC (Allocation Failure) [PSYoungGen: 270676K->183819K(465920K)] 680897K->595293K(1371136K), 0.0201111 secs] [Times: user=0.02 sys=0.00, real=0.02 secs] 
1800.944: [GC (Allocation Failure) [PSYoungGen: 416779K->184301K(465920K)] 828253K->596169K(1371136K), 0.0200704 secs] [Times: user=0.03 sys=0.00, real=0.02 secs] 
1802.763: [GC (Allocation Failure) [PSYoungGen: 408126K->92913K(465920K)] 819993K->504918K(1371136K), 0.0200600 secs] [Times: user=0.03 sys=0.01, real=0.02 secs] 
1804.768: [GC (Allocation Failure) [PSYoungGen: 325873K->37845K(465920K)] 737878K->450157K(1371136K), 0.0064796 secs] [Times: user=0.02 sys=0.00, real=0.00 secs] 
1805.136: [GC (Allocation Failure) [PSYoungGen: 270805K->184462K(465920K)] 683117K->598156K(1371136K), 0.0203678 secs] [Times: user=0.02 sys=0.00, real=0.02 secs] 
1805.421: [GC (Allocation Failure) [PSYoungGen: 417422K->184494K(465920K)] 831116K->598333K(1371136K), 0.0204740 secs] [Times: user=0.03 sys=0.00, real=0.02 secs] 
1807.218: [GC (Allocation Failure) [PSYoungGen: 407034K->91837K(465920K)] 820873K->505941K(1371136K), 0.0205555 secs] [Times: user=0.04 sys=0.00, real=0.02 secs] 
1808.216: [GC (Allocation Failure) [PSYoungGen: 324797K->38002K(465920K)] 738901K->452415K(1371136K), 0.0052432 secs] [Times: user=0.01 sys=0.00, real=0.01 secs] 
1808.489: [GC (Allocation Failure) [PSYoungGen: 270962K->184430K(465920K)] 685375K->600087K(1371136K), 0.0200072 secs] [Times: user=0.03 sys=0.00, real=0.02 secs] 
1808.777: [GC (Allocation Failure) [PSYoungGen: 417390K->184558K(465920K)] 833047K->600497K(1371136K), 0.0200432 secs] [Times: user=0.02 sys=0.00, real=0.02 secs] 
1809.897: [GC (Allocation Failure) [PSYoungGen: 407091K->91773K(465920K)] 823030K->507985K(1371136K), 0.0158581 secs] [Times: user=0.04 sys=0.00, real=0.01 secs] 
1811.404: [GC (Allocation Failure) [PSYoungGen: 324733K->37716K(465920K)] 740945K->454234K(1371136K), 0.0062236 secs] [Times: user=0.01 sys=0.00, real=0.01 secs] 
1811.693: [GC (Allocation Failure) [PSYoungGen: 270676K->184719K(465920K)] 687194K->602482K(1371136K), 0.0201910 secs] [Times: user=0.02 sys=0.00, real=0.02 secs] 
1812.035: [GC (Allocation Failure) [PSYoungGen: 417679K->184044K(465920K)] 835442K->602080K(1371136K), 0.0202466 secs] [Times: user=0.02 sys=0.00, real=0.02 secs] 
1813.697: [GC (Allocation Failure) [PSYoungGen: 408015K->92223K(465920K)] 826051K->510524K(1371136K), 0.0162203 secs] [Times: user=0.03 sys=0.00, real=0.01 secs] 
1815.118: [GC (Allocation Failure) [PSYoungGen: 325183K->37777K(465920K)] 743484K->456384K(1371136K), 0.0059938 secs] [Times: user=0.01 sys=0.00, real=0.00 secs] 
1815.465: [GC (Allocation Failure) [PSYoungGen: 270737K->184430K(465920K)] 689344K->604419K(1371136K), 0.0199730 secs] [Times: user=0.03 sys=0.00, real=0.02 secs] 
1815.811: [GC (Allocation Failure) [PSYoungGen: 417390K->184526K(465920K)] 837379K->604660K(1371136K), 0.0200965 secs] [Times: user=0.02 sys=0.00, real=0.02 secs] 
1817.526: [GC (Allocation Failure) [PSYoungGen: 407577K->91982K(465920K)] 827711K->512388K(1371136K), 0.0154458 secs] [Times: user=0.03 sys=0.00, real=0.01 secs] 
1819.206: [GC (Allocation Failure) [PSYoungGen: 324942K->37331K(465920K)] 745348K->458043K(1371136K), 0.0060583 secs] [Times: user=0.01 sys=0.00, real=0.00 secs] 
1819.552: [GC (Allocation Failure) [PSYoungGen: 270291K->184847K(465920K)] 691003K->606797K(1371136K), 0.0204134 secs] [Times: user=0.03 sys=0.00, real=0.02 secs] 
1819.890: [GC (Allocation Failure) [PSYoungGen: 417807K->184044K(465920K)] 839757K->606396K(1371136K), 0.0202041 secs] [Times: user=0.03 sys=0.00, real=0.02 secs] 
1822.113: [GC (Allocation Failure) [PSYoungGen: 407943K->92544K(465920K)] 830294K->515040K(1371136K), 0.0121862 secs] [Times: user=0.03 sys=0.00, real=0.01 secs] 
1822.925: [GC (Allocation Failure) [PSYoungGen: 325504K->37845K(465920K)] 748000K->460647K(1371136K), 0.0053112 secs] [Times: user=0.01 sys=0.00, real=0.01 secs] 
1823.258: [GC (Allocation Failure) [PSYoungGen: 270805K->184976K(465920K)] 693607K->609015K(1371136K), 0.0202546 secs] [Times: user=0.02 sys=0.00, real=0.02 secs] 
1823.543: [GC (Allocation Failure) [PSYoungGen: 417936K->184269K(465920K)] 841975K->608582K(1371136K), 0.0200623 secs] [Times: user=0.03 sys=0.00, real=0.02 secs] 
1824.263: [GC (Allocation Failure) [PSYoungGen: 407110K->91564K(465920K)] 831423K->516278K(1371136K), 0.0117774 secs] [Times: user=0.03 sys=0.00, real=0.01 secs] 
1825.466: [GC (Allocation Failure) [PSYoungGen: 324524K->37748K(465920K)] 749238K->462647K(1371136K), 0.0061138 secs] [Times: user=0.01 sys=0.00, real=0.00 secs] 
1825.813: [GC (Allocation Failure) [PSYoungGen: 270708K->184687K(465920K)] 695607K->610840K(1371136K), 0.0200911 secs] [Times: user=0.03 sys=0.00, real=0.02 secs] 
1826.097: [GC (Allocation Failure) [PSYoungGen: 417647K->184719K(465920K)] 843800K->611273K(1371136K), 0.0202963 secs] [Times: user=0.02 sys=0.00, real=0.02 secs] 
1827.241: [GC (Allocation Failure) [PSYoungGen: 407420K->91580K(465920K)] 833975K->518400K(1371136K), 0.0139891 secs] [Times: user=0.03 sys=0.00, real=0.01 secs] 
1828.450: [GC (Allocation Failure) [PSYoungGen: 324540K->37874K(465920K)] 751360K->464873K(1371136K), 0.0053552 secs] [Times: user=0.01 sys=0.00, real=0.00 secs] 
1828.772: [GC (Allocation Failure) [PSYoungGen: 270834K->184719K(465920K)] 697833K->612971K(1371136K), 0.0200818 secs] [Times: user=0.03 sys=0.00, real=0.02 secs] 
1829.117: [GC (Allocation Failure) [PSYoungGen: 417679K->184655K(465920K)] 845931K->613180K(1371136K), 0.0200514 secs] [Times: user=0.03 sys=0.00, real=0.02 secs] 
1829.872: [GC (Allocation Failure) [PSYoungGen: 407204K->91484K(465920K)] 835730K->520282K(1371136K), 0.0120539 secs] [Times: user=0.03 sys=0.00, real=0.01 secs] 
1830.773: [GC (Allocation Failure) [PSYoungGen: 324444K->37973K(465920K)] 753242K->467086K(1371136K), 0.0053878 secs] [Times: user=0.01 sys=0.00, real=0.01 secs] 
1831.041: [GC (Allocation Failure) [PSYoungGen: 270933K->183948K(465920K)] 700046K->614298K(1371136K), 0.0201766 secs] [Times: user=0.03 sys=0.00, real=0.02 secs] 
1831.325: [GC (Allocation Failure) [PSYoungGen: 416908K->184430K(465920K)] 847258K->615061K(1371136K), 0.0202379 secs] [Times: user=0.02 sys=0.00, real=0.02 secs] 
1832.384: [GC (Allocation Failure) [PSYoungGen: 409637K->92415K(465920K)] 840268K->523319K(1371136K), 0.0105828 secs] [Times: user=0.02 sys=0.00, real=0.01 secs] 
1833.203: [GC (Allocation Failure) [PSYoungGen: 325375K->37877K(465920K)] 756279K->469089K(1371136K), 0.0054227 secs] [Times: user=0.01 sys=0.00, real=0.01 secs] 
1833.533: [GC (Allocation Failure) [PSYoungGen: 270837K->184076K(465920K)] 702049K->616542K(1371136K), 0.0200469 secs] [Times: user=0.02 sys=0.00, real=0.02 secs] 
1833.818: [GC (Allocation Failure) [PSYoungGen: 417036K->184558K(465920K)] 849502K->617297K(1371136K), 0.0201494 secs] [Times: user=0.02 sys=0.00, real=0.02 secs] 
1834.923: [GC (Allocation Failure) [PSYoungGen: 409748K->92287K(465920K)] 842487K->525298K(1371136K), 0.0131176 secs] [Times: user=0.03 sys=0.00, real=0.02 secs] 
1836.586: [GC (Allocation Failure) [PSYoungGen: 325247K->37459K(465920K)] 758258K->470770K(1371136K), 0.0063946 secs] [Times: user=0.01 sys=0.00, real=0.00 secs] 
1836.880: [GC (Allocation Failure) [PSYoungGen: 270419K->184173K(465920K)] 703730K->618730K(1371136K), 0.0200905 secs] [Times: user=0.03 sys=0.00, real=0.02 secs] 
1837.166: [GC (Allocation Failure) [PSYoungGen: 417133K->184912K(465920K)] 851690K->619742K(1371136K), 0.0202778 secs] [Times: user=0.02 sys=0.00, real=0.02 secs] 
1838.811: [GC (Allocation Failure) [PSYoungGen: 408134K->92142K(465920K)] 842964K->527237K(1371136K), 0.0249262 secs] [Times: user=0.05 sys=0.00, real=0.02 secs] 
1841.379: [GC (Allocation Failure) [PSYoungGen: 325102K->37459K(465920K)] 760197K->472854K(1371136K), 0.0079676 secs] [Times: user=0.02 sys=0.00, real=0.01 secs] 
1841.771: [GC (Allocation Failure) [PSYoungGen: 270419K->184301K(465920K)] 705814K->620942K(1371136K), 0.0201679 secs] [Times: user=0.02 sys=0.00, real=0.02 secs] 
1842.057: [GC (Allocation Failure) [PSYoungGen: 417261K->184590K(465920K)] 853902K->621504K(1371136K), 0.0202529 secs] [Times: user=0.03 sys=0.00, real=0.02 secs] 
1843.051: [GC (Allocation Failure) [PSYoungGen: 409741K->92351K(465920K)] 846655K->529538K(1371136K), 0.0132736 secs] [Times: user=0.02 sys=0.01, real=0.01 secs] 
1844.463: [GC (Allocation Failure) [PSYoungGen: 325311K->37459K(465920K)] 762498K->474954K(1371136K), 0.0060441 secs] [Times: user=0.01 sys=0.00, real=0.01 secs] 
1844.738: [GC (Allocation Failure) [PSYoungGen: 270419K->184237K(465920K)] 707914K->622977K(1371136K), 0.0200249 secs] [Times: user=0.02 sys=0.00, real=0.02 secs] 
1845.023: [GC (Allocation Failure) [PSYoungGen: 417197K->184976K(465920K)] 855937K->624013K(1371136K), 0.0200419 secs] [Times: user=0.02 sys=0.00, real=0.02 secs] 
1847.092: [GC (Allocation Failure) [PSYoungGen: 410441K->92190K(465920K)] 849478K->531500K(1371136K), 0.0182779 secs] [Times: user=0.03 sys=0.00, real=0.02 secs] 
1849.325: [GC (Allocation Failure) [PSYoungGen: 325150K->37684K(465920K)] 764460K->477287K(1371136K), 0.0079848 secs] [Times: user=0.02 sys=0.00, real=0.01 secs] 
1849.736: [GC (Allocation Failure) [PSYoungGen: 270644K->184687K(465920K)] 710247K->625535K(1371136K), 0.0202027 secs] [Times: user=0.02 sys=0.00, real=0.02 secs] 
1850.075: [GC (Allocation Failure) [PSYoungGen: 417647K->184655K(465920K)] 858495K->625776K(1371136K), 0.0202402 secs] [Times: user=0.03 sys=0.00, real=0.02 secs] 
1851.457: [GC (Allocation Failure) [PSYoungGen: 407212K->91676K(465920K)] 848333K->533070K(1371136K), 0.0197668 secs] [Times: user=0.04 sys=0.00, real=0.02 secs] 
1853.178: [GC (Allocation Failure) [PSYoungGen: 324636K->37845K(465920K)] 766030K->479544K(1371136K), 0.0068564 secs] [Times: user=0.01 sys=0.00, real=0.00 secs] 
1853.544: [GC (Allocation Failure) [PSYoungGen: 270805K->184687K(465920K)] 712504K->627761K(1371136K), 0.0203269 secs] [Times: user=0.03 sys=0.00, real=0.02 secs] 
1853.886: [GC (Allocation Failure) [PSYoungGen: 417647K->184687K(465920K)] 860721K->627905K(1371136K), 0.0202020 secs] [Times: user=0.03 sys=0.00, real=0.02 secs] 
1854.974: [GC (Allocation Failure) [PSYoungGen: 407273K->91548K(465920K)] 850492K->535039K(1371136K), 0.0208564 secs] [Times: user=0.04 sys=0.00, real=0.02 secs] 
1855.779: [GC (Allocation Failure) [PSYoungGen: 324508K->38163K(465920K)] 767999K->481978K(1371136K), 0.0054208 secs] [Times: user=0.01 sys=0.00, real=0.00 secs] 
1856.048: [GC (Allocation Failure) [PSYoungGen: 271123K->184173K(465920K)] 714938K->629241K(1371136K), 0.0201460 secs] [Times: user=0.02 sys=0.00, real=0.02 secs] 
1856.337: [GC (Allocation Failure) [PSYoungGen: 417133K->184494K(465920K)] 862201K->629836K(1371136K), 0.0202371 secs] [Times: user=0.02 sys=0.00, real=0.02 secs] 
1857.671: [GC (Allocation Failure) [PSYoungGen: 407062K->91869K(465920K)] 852403K->537484K(1371136K), 0.0137042 secs] [Times: user=0.03 sys=0.00, real=0.01 secs] 
1858.916: [GC (Allocation Failure) [PSYoungGen: 324829K->37813K(465920K)] 770444K->483735K(1371136K), 0.0072965 secs] [Times: user=0.02 sys=0.00, real=0.00 secs] 
1859.314: [GC (Allocation Failure) [PSYoungGen: 270773K->184815K(465920K)] 716695K->631983K(1371136K), 0.0202721 secs] [Times: user=0.03 sys=0.00, real=0.02 secs] 
1859.608: [GC (Allocation Failure) [PSYoungGen: 417775K->184944K(465920K)] 864943K->632385K(1371136K), 0.0202532 secs] [Times: user=0.02 sys=0.00, real=0.02 secs] 
1860.768: [GC (Allocation Failure) [PSYoungGen: 407794K->91098K(465920K)] 855235K->538941K(1371136K), 0.0154465 secs] [Times: user=0.04 sys=0.00, real=0.01 secs] 
1862.168: [GC (Allocation Failure) [PSYoungGen: 324058K->37620K(465920K)] 771901K->485648K(1371136K), 0.0052607 secs] [Times: user=0.01 sys=0.00, real=0.00 secs] 
1862.439: [GC (Allocation Failure) [PSYoungGen: 270580K->183787K(465920K)] 718608K->633061K(1371136K), 0.0204777 secs] [Times: user=0.03 sys=0.00, real=0.02 secs] 
1862.724: [GC (Allocation Failure) [PSYoungGen: 416747K->184398K(465920K)] 866021K->633944K(1371136K), 0.0201561 secs] [Times: user=0.03 sys=0.00, real=0.02 secs] 
1864.451: [GC (Allocation Failure) [PSYoungGen: 408187K->92897K(465920K)] 857734K->542709K(1371136K), 0.0156071 secs] [Times: user=0.03 sys=0.00, real=0.02 secs] 
1866.428: [GC (Allocation Failure) [PSYoungGen: 325857K->37748K(465920K)] 775669K->487866K(1371136K), 0.0067176 secs] [Times: user=0.01 sys=0.00, real=0.00 secs] 
1866.730: [GC (Allocation Failure) [PSYoungGen: 270708K->184462K(465920K)] 720826K->635969K(1371136K), 0.0201647 secs] [Times: user=0.03 sys=0.00, real=0.02 secs] 
1867.014: [GC (Allocation Failure) [PSYoungGen: 417422K->184526K(465920K)] 868929K->636178K(1371136K), 0.0209200 secs] [Times: user=0.02 sys=0.00, real=0.02 secs] 
1869.648: [GC (Allocation Failure) [PSYoungGen: 407573K->91966K(465920K)] 859225K->543883K(1371136K), 0.0235989 secs] [Times: user=0.04 sys=0.00, real=0.02 secs] 
1871.322: [GC (Allocation Failure) [PSYoungGen: 324926K->37716K(465920K)] 776843K->489933K(1371136K), 0.0061127 secs] [Times: user=0.01 sys=0.00, real=0.01 secs] 
1871.604: [GC (Allocation Failure) [PSYoungGen: 270676K->184430K(465920K)] 722893K->638013K(1371136K), 0.0202063 secs] [Times: user=0.02 sys=0.00, real=0.02 secs] 
1871.888: [GC (Allocation Failure) [PSYoungGen: 417390K->184558K(465920K)] 870973K->638286K(1371136K), 0.0203416 secs] [Times: user=0.02 sys=0.00, real=0.02 secs] 
1872.836: [GC (Allocation Failure) [PSYoungGen: 407610K->91934K(465920K)] 861338K->545935K(1371136K), 0.0109769 secs] [Times: user=0.02 sys=0.00, real=0.01 secs] 
1873.810: [GC (Allocation Failure) [PSYoungGen: 324894K->37973K(465920K)] 778895K->492280K(1371136K), 0.0054012 secs] [Times: user=0.01 sys=0.00, real=0.00 secs] 
1874.080: [GC (Allocation Failure) [PSYoungGen: 270933K->184976K(465920K)] 725240K->640536K(1371136K), 0.0201468 secs] [Times: user=0.02 sys=0.00, real=0.02 secs] 
1874.364: [GC (Allocation Failure) [PSYoungGen: 417936K->184912K(465920K)] 873496K->640745K(1371136K), 0.0200780 secs] [Times: user=0.02 sys=0.00, real=0.02 secs] 
1875.660: [GC (Allocation Failure) [PSYoungGen: 407806K->90825K(465920K)] 863639K->546931K(1371136K), 0.0130554 secs] [Times: user=0.02 sys=0.00, real=0.01 secs] 
1877.379: [GC (Allocation Failure) [PSYoungGen: 323785K->37716K(465920K)] 779891K->494146K(1371136K), 0.0085797 secs] [Times: user=0.02 sys=0.00, real=0.01 secs] 
1877.715: [GC (Allocation Failure) [PSYoungGen: 270676K->184590K(465920K)] 727106K->642274K(1371136K), 0.0202095 secs] [Times: user=0.03 sys=0.00, real=0.02 secs] 
1877.998: [GC (Allocation Failure) [PSYoungGen: 417550K->184719K(465920K)] 875234K->642675K(1371136K), 0.0201910 secs] [Times: user=0.02 sys=0.00, real=0.02 secs] 
1879.238: [GC (Allocation Failure) [PSYoungGen: 407429K->91725K(465920K)] 865386K->550075K(1371136K), 0.0183747 secs] [Times: user=0.04 sys=0.00, real=0.02 secs] 
1880.688: [GC (Allocation Failure) [PSYoungGen: 324685K->37813K(465920K)] 783035K->496335K(1371136K), 0.0061346 secs] [Times: user=0.01 sys=0.00, real=0.00 secs] 
1880.974: [GC (Allocation Failure) [PSYoungGen: 270773K->184719K(465920K)] 729295K->644494K(1371136K), 0.0202295 secs] [Times: user=0.02 sys=0.00, real=0.02 secs] 
1881.321: [GC (Allocation Failure) [PSYoungGen: 417679K->184655K(465920K)] 877454K->644703K(1371136K), 0.0202750 secs] [Times: user=0.02 sys=0.00, real=0.02 secs] 
1882.495: [GC (Allocation Failure) [PSYoungGen: 407207K->91548K(465920K)] 867256K->551869K(1371136K), 0.0147503 secs] [Times: user=0.03 sys=0.00, real=0.02 secs] 
1884.135: [GC (Allocation Failure) [PSYoungGen: 324508K->37620K(465920K)] 784829K->498247K(1371136K), 0.0067857 secs] [Times: user=0.02 sys=0.00, real=0.01 secs] 
1884.511: [GC (Allocation Failure) [PSYoungGen: 270580K->184719K(465920K)] 731207K->646720K(1371136K), 0.0202627 secs] [Times: user=0.03 sys=0.00, real=0.02 secs] 
1884.796: [GC (Allocation Failure) [PSYoungGen: 417679K->184719K(465920K)] 879680K->646865K(1371136K), 0.0201654 secs] [Times: user=0.03 sys=0.00, real=0.03 secs] 
1885.422: [GC (Allocation Failure) [PSYoungGen: 407537K->91693K(465920K)] 869683K->554120K(1371136K), 0.0115695 secs] [Times: user=0.03 sys=0.00, real=0.01 secs] 
1886.308: [GC (Allocation Failure) [PSYoungGen: 324653K->37941K(465920K)] 787080K->500660K(1371136K), 0.0086672 secs] [Times: user=0.02 sys=0.00, real=0.01 secs] 
1886.648: [GC (Allocation Failure) [PSYoungGen: 270901K->183948K(465920K)] 733620K->647912K(1371136K), 0.0200225 secs] [Times: user=0.02 sys=0.00, real=0.02 secs] 
1886.937: [GC (Allocation Failure) [PSYoungGen: 416908K->184462K(465920K)] 880872K->648828K(1371136K), 0.0202328 secs] [Times: user=0.03 sys=0.00, real=0.02 secs] 
1887.889: [GC (Allocation Failure) [PSYoungGen: 409684K->92415K(465920K)] 874050K->556926K(1371136K), 0.0141857 secs] [Times: user=0.03 sys=0.00, real=0.01 secs] 
1889.335: [GC (Allocation Failure) [PSYoungGen: 325375K->37713K(465920K)] 789886K->502524K(1371136K), 0.0081154 secs] [Times: user=0.01 sys=0.00, real=0.01 secs] 
1889.662: [GC (Allocation Failure) [PSYoungGen: 270673K->184687K(465920K)] 735484K->650751K(1371136K), 0.0203181 secs] [Times: user=0.02 sys=0.00, real=0.02 secs] 
1889.946: [GC (Allocation Failure) [PSYoungGen: 417647K->184655K(465920K)] 883711K->650992K(1371136K), 0.0203577 secs] [Times: user=0.03 sys=0.00, real=0.02 secs] 
1890.793: [GC (Allocation Failure) [PSYoungGen: 407204K->91612K(465920K)] 873541K->558214K(1371136K), 0.0134375 secs] [Times: user=0.03 sys=0.00, real=0.02 secs] 
1892.626: [GC (Allocation Failure) [PSYoungGen: 324572K->37427K(465920K)] 791174K->504327K(1371136K), 0.0067109 secs] [Times: user=0.02 sys=0.00, real=0.01 secs] 
1892.927: [GC (Allocation Failure) [PSYoungGen: 270387K->183819K(465920K)] 737287K->651965K(1371136K), 0.0200459 secs] [Times: user=0.02 sys=0.00, real=0.02 secs] 
1893.216: [GC (Allocation Failure) [PSYoungGen: 416779K->184687K(465920K)] 884925K->653105K(1371136K), 0.0202206 secs] [Times: user=0.03 sys=0.00, real=0.02 secs] 
1894.537: [GC (Allocation Failure) [PSYoungGen: 410096K->92705K(465920K)] 878515K->561388K(1371136K), 0.0135680 secs] [Times: user=0.03 sys=0.00, real=0.01 secs] 
1896.786: [GC (Allocation Failure) [PSYoungGen: 325665K->37491K(465920K)] 794348K->506472K(1371136K), 0.0068298 secs] [Times: user=0.02 sys=0.01, real=0.01 secs] 
1897.089: [GC (Allocation Failure) [PSYoungGen: 270451K->184558K(465920K)] 739432K->654922K(1371136K), 0.0203408 secs] [Times: user=0.02 sys=0.00, real=0.02 secs] 
1897.380: [GC (Allocation Failure) [PSYoungGen: 417518K->184623K(465920K)] 887882K->655131K(1371136K), 0.0204630 secs] [Times: user=0.03 sys=0.00, real=0.02 secs] 
1898.555: [GC (Allocation Failure) [PSYoungGen: 409757K->91998K(465920K)] 880265K->562779K(1371136K), 0.0242089 secs] [Times: user=0.05 sys=0.00, real=0.03 secs] 
1899.690: [GC (Allocation Failure) [PSYoungGen: 324958K->38002K(465920K)] 795739K->509081K(1371136K), 0.0054830 secs] [Times: user=0.02 sys=0.00, real=0.01 secs] 
1899.960: [GC (Allocation Failure) [PSYoungGen: 270962K->184173K(465920K)] 742041K->656497K(1371136K), 0.0201646 secs] [Times: user=0.02 sys=0.00, real=0.02 secs] 
1900.244: [GC (Allocation Failure) [PSYoungGen: 417133K->184880K(465920K)] 889457K->657477K(1371136K), 0.0202604 secs] [Times: user=0.03 sys=0.00, real=0.02 secs] 
1902.259: [GC (Allocation Failure) [PSYoungGen: 407774K->91612K(465920K)] 880371K->564475K(1371136K), 0.0171500 secs] [Times: user=0.03 sys=0.00, real=0.01 secs] 
1903.972: [GC (Allocation Failure) [PSYoungGen: 324572K->37745K(465920K)] 797435K->510916K(1371136K), 0.0062422 secs] [Times: user=0.02 sys=0.00, real=0.01 secs] 
1904.256: [GC (Allocation Failure) [PSYoungGen: 270705K->183658K(465920K)] 743876K->658075K(1371136K), 0.0200295 secs] [Times: user=0.02 sys=0.00, real=0.02 secs] 
1904.543: [GC (Allocation Failure) [PSYoungGen: 416618K->184687K(465920K)] 891035K->659368K(1371136K), 0.0201602 secs] [Times: user=0.03 sys=0.00, real=0.02 secs] 
1906.079: [GC (Allocation Failure) [PSYoungGen: 409979K->92608K(465920K)] 884660K->567683K(1371136K), 0.0145056 secs] [Times: user=0.02 sys=0.00, real=0.01 secs] 
1907.103: [GC (Allocation Failure) [PSYoungGen: 325568K->37874K(465920K)] 800643K->513142K(1371136K), 0.0054027 secs] [Times: user=0.01 sys=0.00, real=0.01 secs] 
1907.374: [GC (Allocation Failure) [PSYoungGen: 270834K->183916K(465920K)] 746102K->660429K(1371136K), 0.0201392 secs] [Times: user=0.02 sys=0.00, real=0.02 secs] 
1907.659: [GC (Allocation Failure) [PSYoungGen: 416876K->184751K(465920K)] 893389K->661538K(1371136K), 0.0203013 secs] [Times: user=0.03 sys=0.00, real=0.02 secs] 
1908.929: [GC (Allocation Failure) [PSYoungGen: 410160K->92158K(465920K)] 886947K->569218K(1371136K), 0.0255002 secs] [Times: user=0.05 sys=0.00, real=0.02 secs] 
1909.968: [GC (Allocation Failure) [PSYoungGen: 325118K->37973K(465920K)] 802178K->515347K(1371136K), 0.0054406 secs] [Times: user=0.01 sys=0.00, real=0.00 secs] 
1910.238: [GC (Allocation Failure) [PSYoungGen: 270933K->184687K(465920K)] 748307K->663306K(1371136K), 0.0202202 secs] [Times: user=0.02 sys=0.00, real=0.02 secs] 
1910.524: [GC (Allocation Failure) [PSYoungGen: 417647K->184687K(465920K)] 896266K->663579K(1371136K), 0.0201323 secs] [Times: user=0.03 sys=0.00, real=0.02 secs] 
1911.510: [GC (Allocation Failure) [PSYoungGen: 407238K->91371K(465920K)] 886130K->570536K(1371136K), 0.0121640 secs] [Times: user=0.02 sys=0.00, real=0.01 secs] 
1912.420: [GC (Allocation Failure) [PSYoungGen: 324331K->38034K(465920K)] 803496K->517505K(1371136K), 0.0053353 secs] [Times: user=0.01 sys=0.00, real=0.00 secs] 
1912.690: [GC (Allocation Failure) [PSYoungGen: 270994K->183819K(465920K)] 750465K->664535K(1371136K), 0.0200035 secs] [Times: user=0.02 sys=0.00, real=0.02 secs] 
1913.035: [GC (Allocation Failure) [PSYoungGen: 416779K->184719K(465920K)] 897495K->665708K(1371136K), 0.0201890 secs] [Times: user=0.03 sys=0.00, real=0.02 secs] 
1914.293: [GC (Allocation Failure) [PSYoungGen: 410124K->92239K(465920K)] 891114K->573501K(1371136K), 0.0163656 secs] [Times: user=0.03 sys=0.00, real=0.02 secs] 
1915.341: [GC (Allocation Failure) [PSYoungGen: 325199K->38005K(465920K)] 806461K->519584K(1371136K), 0.0054435 secs] [Times: user=0.02 sys=0.00, real=0.01 secs] 
1915.663: [GC (Allocation Failure) [PSYoungGen: 270965K->184719K(465920K)] 752544K->667671K(1371136K), 0.0200759 secs] [Times: user=0.02 sys=0.00, real=0.02 secs] 
1916.003: [GC (Allocation Failure) [PSYoungGen: 417679K->184687K(465920K)] 900631K->667784K(1371136K), 0.0203252 secs] [Times: user=0.03 sys=0.00, real=0.02 secs] 
1918.298: [GC (Allocation Failure) [PSYoungGen: 407233K->91403K(465920K)] 890330K->574765K(1371136K), 0.0231453 secs] [Times: user=0.05 sys=0.00, real=0.02 secs] 
1920.242: [GC (Allocation Failure) [PSYoungGen: 324363K->37459K(465920K)] 807725K->521127K(1371136K), 0.0062812 secs] [Times: user=0.01 sys=0.00, real=0.01 secs] 
1920.523: [GC (Allocation Failure) [PSYoungGen: 270419K->183787K(465920K)] 754087K->668701K(1371136K), 0.0200552 secs] [Times: user=0.02 sys=0.00, real=0.02 secs] 
1920.808: [GC (Allocation Failure) [PSYoungGen: 416747K->184719K(465920K)] 901661K->669905K(1371136K), 0.0200711 secs] [Times: user=0.03 sys=0.00, real=0.02 secs] 
1922.139: [GC (Allocation Failure) [PSYoungGen: 410138K->92785K(465920K)] 895325K->578245K(1371136K), 0.0142666 secs] [Times: user=0.02 sys=0.01, real=0.01 secs] 
1924.649: [GC (Allocation Failure) [PSYoungGen: 325745K->37523K(465920K)] 811205K->523297K(1371136K), 0.0077220 secs] [Times: user=0.02 sys=0.00, real=0.01 secs] 
1924.959: [GC (Allocation Failure) [PSYoungGen: 270483K->184558K(465920K)] 756257K->671585K(1371136K), 0.0202283 secs] [Times: user=0.03 sys=0.00, real=0.02 secs] 
1925.244: [GC (Allocation Failure) [PSYoungGen: 417518K->184269K(465920K)] 904545K->671569K(1371136K), 0.0201525 secs] [Times: user=0.03 sys=0.00, real=0.02 secs] 
1925.877: [GC (Allocation Failure) [PSYoungGen: 409147K->92415K(465920K)] 896447K->579988K(1371136K), 0.0111364 secs] [Times: user=0.02 sys=0.00, real=0.01 secs] 
1927.337: [GC (Allocation Failure) [PSYoungGen: 325375K->37845K(465920K)] 812948K->525724K(1371136K), 0.0062527 secs] [Times: user=0.02 sys=0.00, real=0.00 secs] 
1927.618: [GC (Allocation Failure) [PSYoungGen: 270805K->184430K(465920K)] 758684K->673554K(1371136K), 0.0202226 secs] [Times: user=0.03 sys=0.00, real=0.02 secs] 
1927.902: [GC (Allocation Failure) [PSYoungGen: 417390K->184333K(465920K)] 906514K->673739K(1371136K), 0.0200895 secs] [Times: user=0.03 sys=0.00, real=0.02 secs] 
1929.044: [GC (Allocation Failure) [PSYoungGen: 409482K->92158K(465920K)] 898887K->581837K(1371136K), 0.0110811 secs] [Times: user=0.02 sys=0.00, real=0.01 secs] 
1930.239: [GC (Allocation Failure) [PSYoungGen: 325118K->37748K(465920K)] 814797K->527735K(1371136K), 0.0054999 secs] [Times: user=0.01 sys=0.00, real=0.00 secs] 
1930.509: [GC (Allocation Failure) [PSYoungGen: 270708K->184687K(465920K)] 760695K->676047K(1371136K), 0.0202157 secs] [Times: user=0.03 sys=0.00, real=0.02 secs] 
1930.794: [GC (Allocation Failure) [PSYoungGen: 417647K->184655K(465920K)] 909007K->676289K(1371136K), 0.0203905 secs] [Times: user=0.02 sys=0.00, real=0.02 secs] 
1932.491: [GC (Allocation Failure) [PSYoungGen: 407217K->91596K(465920K)] 898851K->583374K(1371136K), 0.0133665 secs] [Times: user=0.03 sys=0.00, real=0.01 secs] 
1934.286: [GC (Allocation Failure) [PSYoungGen: 324556K->37684K(465920K)] 816334K->529763K(1371136K), 0.0067968 secs] [Times: user=0.01 sys=0.00, real=0.00 secs] 
1934.589: [GC (Allocation Failure) [PSYoungGen: 270644K->184783K(465920K)] 762723K->678243K(1371136K), 0.0202330 secs] [Times: user=0.03 sys=0.00, real=0.02 secs] 
1934.936: [GC (Allocation Failure) [PSYoungGen: 417743K->184623K(465920K)] 911203K->678372K(1371136K), 0.0204036 secs] [Times: user=0.03 sys=0.00, real=0.02 secs] 
1936.487: [GC (Allocation Failure) [PSYoungGen: 407182K->91612K(465920K)] 900932K->585506K(1371136K), 0.0187697 secs] [Times: user=0.04 sys=0.00, real=0.02 secs] 
1938.017: [GC (Allocation Failure) [PSYoungGen: 324572K->37588K(465920K)] 818466K->531788K(1371136K), 0.0063350 secs] [Times: user=0.02 sys=0.00, real=0.00 secs] 
1938.300: [GC (Allocation Failure) [PSYoungGen: 270548K->183658K(465920K)] 764748K->679104K(1371136K), 0.0201518 secs] [Times: user=0.02 sys=0.00, real=0.02 secs] 
1938.584: [GC (Allocation Failure) [PSYoungGen: 416618K->184526K(465920K)] 912064K->680245K(1371136K), 0.0203715 secs] [Times: user=0.03 sys=0.00, real=0.02 secs] 
1940.015: [GC (Allocation Failure) [PSYoungGen: 408459K->92961K(465920K)] 904178K->588953K(1371136K), 0.0254329 secs] [Times: user=0.05 sys=0.00, real=0.03 secs] 
1941.691: [GC (Allocation Failure) [PSYoungGen: 325921K->37748K(465920K)] 821913K->534045K(1371136K), 0.0082167 secs] [Times: user=0.02 sys=0.00, real=0.01 secs] 
1941.980: [GC (Allocation Failure) [PSYoungGen: 270708K->184847K(465920K)] 767005K->682390K(1371136K), 0.0202956 secs] [Times: user=0.03 sys=0.00, real=0.02 secs] 
1942.318: [GC (Allocation Failure) [PSYoungGen: 417807K->184109K(465920K)] 915350K->681925K(1371136K), 0.0204876 secs] [Times: user=0.03 sys=0.00, real=0.02 secs] 
1943.119: [GC (Allocation Failure) [PSYoungGen: 406866K->91998K(465920K)] 904682K->590087K(1371136K), 0.0119391 secs] [Times: user=0.03 sys=0.00, real=0.01 secs] 
1944.908: [GC (Allocation Failure) [PSYoungGen: 324958K->37491K(465920K)] 823047K->535902K(1371136K), 0.0062772 secs] [Times: user=0.02 sys=0.00, real=0.00 secs] 
1945.195: [GC (Allocation Failure) [PSYoungGen: 270451K->184590K(465920K)] 768862K->684383K(1371136K), 0.0201281 secs] [Times: user=0.03 sys=0.00, real=0.02 secs] 
1945.479: [GC (Allocation Failure) [PSYoungGen: 417550K->184462K(465920K)] 917343K->684391K(1371136K), 0.0200889 secs] [Times: user=0.02 sys=0.00, real=0.02 secs] 
1946.090: [GC (Allocation Failure) [PSYoungGen: 409516K->92255K(465920K)] 909445K->592457K(1371136K), 0.0106201 secs] [Times: user=0.02 sys=0.00, real=0.01 secs] 
1947.423: [GC (Allocation Failure) [PSYoungGen: 325215K->37874K(465920K)] 825417K->538382K(1371136K), 0.0062039 secs] [Times: user=0.01 sys=0.00, real=0.01 secs] 
1947.701: [GC (Allocation Failure) [PSYoungGen: 270834K->184687K(465920K)] 771342K->686569K(1371136K), 0.0201235 secs] [Times: user=0.02 sys=0.00, real=0.02 secs] 
1947.988: [GC (Allocation Failure) [PSYoungGen: 417647K->184398K(465920K)] 919529K->686424K(1371136K), 0.0202895 secs] [Times: user=0.03 sys=0.00, real=0.02 secs] 
1950.074: [GC (Allocation Failure) [PSYoungGen: 406963K->91757K(465920K)] 908989K->594048K(1371136K), 0.0128256 secs] [Times: user=0.02 sys=0.00, real=0.02 secs] 
1950.559: [GC (Allocation Failure) [PSYoungGen: 324717K->144896K(465920K)] 827008K->647503K(1371136K), 0.0143112 secs] [Times: user=0.02 sys=0.00, real=0.01 secs] 
1950.758: [GC (Allocation Failure) [PSYoungGen: 377856K->184430K(465920K)] 880463K->721051K(1371136K), 0.0218087 secs] [Times: user=0.04 sys=0.00, real=0.02 secs] 
1950.965: [GC (Allocation Failure) [PSYoungGen: 417390K->184430K(465920K)] 954011K->721332K(1371136K), 0.0204891 secs] [Times: user=0.03 sys=0.00, real=0.03 secs] 
1953.603: [GC (Allocation Failure) [PSYoungGen: 417390K->1328K(465920K)] 954292K->538374K(1371136K), 0.0035140 secs] [Times: user=0.02 sys=0.00, real=0.01 secs] 
1954.923: [GC (Allocation Failure) [PSYoungGen: 234288K->134751K(465920K)] 771334K->671991K(1371136K), 0.0151355 secs] [Times: user=0.02 sys=0.00, real=0.02 secs] 
1955.263: [GC (Allocation Failure) [PSYoungGen: 367711K->184590K(465920K)] 904951K->723092K(1371136K), 0.0201461 secs] [Times: user=0.03 sys=0.00, real=0.02 secs] 
1955.954: [GC (Allocation Failure) [PSYoungGen: 417550K->167009K(465920K)] 956052K->705776K(1371136K), 0.0428770 secs] [Times: user=0.06 sys=0.01, real=0.05 secs] 
1957.293: [GC (Allocation Failure) [PSYoungGen: 399969K->96K(465920K)] 938736K->540282K(1371136K), 0.0022743 secs] [Times: user=0.01 sys=0.00, real=0.00 secs] 
1957.741: [GC (Allocation Failure) [PSYoungGen: 233056K->157593K(465920K)] 773242K->697795K(1371136K), 0.0174493 secs] [Times: user=0.03 sys=0.00, real=0.02 secs] 
1958.022: [GC (Allocation Failure) [PSYoungGen: 390553K->184430K(465920K)] 930755K->725886K(1371136K), 0.0201846 secs] [Times: user=0.03 sys=0.00, real=0.02 secs] 
1959.745: [GC (Allocation Failure) [PSYoungGen: 417390K->148372K(465920K)] 958846K->690093K(1371136K), 0.0427385 secs] [Times: user=0.07 sys=0.00, real=0.05 secs] 
1961.639: [GC (Allocation Failure) [PSYoungGen: 381332K->96K(465920K)] 923053K->543272K(1371136K), 0.0024779 secs] [Times: user=0.01 sys=0.00, real=0.00 secs] 
1961.985: [GC (Allocation Failure) [PSYoungGen: 233056K->179220K(465920K)] 776232K->722413K(1371136K), 0.0196749 secs] [Times: user=0.03 sys=0.00, real=0.02 secs] 
1962.274: [GC (Allocation Failure) [PSYoungGen: 412180K->184076K(465920K)] 955373K->728522K(1371136K), 0.0202801 secs] [Times: user=0.03 sys=0.00, real=0.02 secs] 
1963.038: [GC (Allocation Failure) [PSYoungGen: 417036K->135342K(465920K)] 961482K->680061K(1371136K), 0.0167867 secs] [Times: user=0.03 sys=0.00, real=0.01 secs] 
1964.831: [GC (Allocation Failure) [PSYoungGen: 368302K->17085K(465920K)] 913021K->562104K(1371136K), 0.0043960 secs] [Times: user=0.01 sys=0.00, real=0.00 secs] 
1965.125: [GC (Allocation Failure) [PSYoungGen: 250045K->186389K(465920K)] 795064K->732670K(1371136K), 0.0204286 secs] [Times: user=0.03 sys=0.00, real=0.03 secs] 
1965.415: [GC (Allocation Failure) [PSYoungGen: 419349K->184687K(465920K)] 965630K->731248K(1371136K), 0.0201091 secs] [Times: user=0.02 sys=0.00, real=0.02 secs] 
1966.568: [GC (Allocation Failure) [PSYoungGen: 417647K->110681K(465920K)] 964208K->657508K(1371136K), 0.0169813 secs] [Times: user=0.03 sys=0.00, real=0.01 secs] 
1967.928: [GC (Allocation Failure) [PSYoungGen: 343641K->42758K(465920K)] 890468K->589890K(1371136K), 0.0067870 secs] [Times: user=0.02 sys=0.00, real=0.00 secs] 
1968.278: [GC (Allocation Failure) [PSYoungGen: 275718K->186004K(465920K)] 822850K->734382K(1371136K), 0.0203476 secs] [Times: user=0.03 sys=0.00, real=0.02 secs] 
1968.561: [GC (Allocation Failure) [PSYoungGen: 418964K->184430K(465920K)] 967342K->733089K(1371136K), 0.0202300 secs] [Times: user=0.02 sys=0.00, real=0.02 secs] 
1969.963: [GC (Allocation Failure) [PSYoungGen: 417390K->69123K(465920K)] 966049K->618048K(1371136K), 0.0129974 secs] [Times: user=0.03 sys=0.00, real=0.02 secs] 
1970.821: [GC (Allocation Failure) [PSYoungGen: 302083K->67852K(465920K)] 851008K->617098K(1371136K), 0.0084020 secs] [Times: user=0.01 sys=0.00, real=0.01 secs] 
1971.157: [GC (Allocation Failure) [PSYoungGen: 300812K->184430K(465920K)] 850058K->734929K(1371136K), 0.0204984 secs] [Times: user=0.03 sys=0.00, real=0.02 secs] 
1971.443: [GC (Allocation Failure) [PSYoungGen: 417390K->186197K(465920K)] 967889K->737098K(1371136K), 0.0204811 secs] [Times: user=0.03 sys=0.00, real=0.02 secs] 
1972.993: [GC (Allocation Failure) [PSYoungGen: 419157K->43852K(465920K)] 970058K->594890K(1371136K), 0.0093208 secs] [Times: user=0.02 sys=0.00, real=0.01 secs] 
1974.438: [GC (Allocation Failure) [PSYoungGen: 276812K->92178K(465920K)] 827850K->643537K(1371136K), 0.0109903 secs] [Times: user=0.02 sys=0.00, real=0.01 secs] 
1974.771: [GC (Allocation Failure) [PSYoungGen: 325138K->184237K(465920K)] 876497K->736850K(1371136K), 0.0202214 secs] [Times: user=0.02 sys=0.00, real=0.02 secs] 
1975.054: [GC (Allocation Failure) [PSYoungGen: 417197K->184398K(465920K)] 969810K->737308K(1371136K), 0.0203557 secs] [Times: user=0.02 sys=0.00, real=0.02 secs] 
1975.972: [GC (Allocation Failure) [PSYoungGen: 417358K->21602K(465920K)] 970268K->574777K(1371136K), 0.0051142 secs] [Times: user=0.02 sys=0.00, real=0.01 secs] 
1976.557: [GC (Allocation Failure) [PSYoungGen: 254562K->114958K(465920K)] 807737K->668449K(1371136K), 0.0132247 secs] [Times: user=0.02 sys=0.00, real=0.01 secs] 
1976.835: [GC (Allocation Failure) [PSYoungGen: 347918K->184333K(465920K)] 901409K->739078K(1371136K), 0.0201496 secs] [Times: user=0.03 sys=0.00, real=0.02 secs] 
1977.116: [GC (Allocation Failure) [PSYoungGen: 417293K->181731K(465920K)] 972038K->736877K(1371136K), 0.0198873 secs] [Times: user=0.02 sys=0.00, real=0.02 secs] 
1979.589: [GC (Allocation Failure) [PSYoungGen: 414691K->1392K(465920K)] 969837K->556562K(1371136K), 0.0048738 secs] [Times: user=0.02 sys=0.01, real=0.00 secs] 
1980.539: [GC (Allocation Failure) [PSYoungGen: 234352K->134847K(465920K)] 789522K->690219K(1371136K), 0.0152526 secs] [Times: user=0.02 sys=0.00, real=0.01 secs] 
1980.819: [GC (Allocation Failure) [PSYoungGen: 367807K->184590K(465920K)] 923179K->741344K(1371136K), 0.0203439 secs] [Times: user=0.03 sys=0.00, real=0.02 secs] 
1981.278: [GC (Allocation Failure) [PSYoungGen: 417550K->166912K(465920K)] 974304K->723803K(1371136K), 0.0199336 secs] [Times: user=0.02 sys=0.00, real=0.02 secs] 
1982.643: [GC (Allocation Failure) [PSYoungGen: 399872K->96K(465920K)] 956763K->558427K(1371136K), 0.0024840 secs] [Times: user=0.01 sys=0.00, real=0.01 secs] 
1983.044: [GC (Allocation Failure) [PSYoungGen: 233056K->157465K(465920K)] 791387K->715813K(1371136K), 0.0173428 secs] [Times: user=0.02 sys=0.00, real=0.02 secs] 
1983.384: [GC (Allocation Failure) [PSYoungGen: 390425K->184430K(465920K)] 948773K->744023K(1371136K), 0.0202505 secs] [Times: user=0.03 sys=0.00, real=0.02 secs] 
1984.849: [GC (Allocation Failure) [PSYoungGen: 417390K->148501K(465920K)] 976983K->708359K(1371136K), 0.0390185 secs] [Times: user=0.06 sys=0.00, real=0.04 secs] 
1987.859: [GC (Allocation Failure) [PSYoungGen: 381461K->96K(465920K)] 941319K->561400K(1371136K), 0.0035062 secs] [Times: user=0.02 sys=0.00, real=0.00 secs] 
1988.348: [GC (Allocation Failure) [PSYoungGen: 233056K->181662K(465920K)] 794360K->742998K(1371136K), 0.0198735 secs] [Times: user=0.02 sys=0.00, real=0.02 secs] 
1988.639: [GC (Allocation Failure) [PSYoungGen: 414622K->186132K(465920K)] 975958K->748714K(1371136K), 0.0205004 secs] [Times: user=0.03 sys=0.00, real=0.02 secs] 
1989.555: [GC (Allocation Failure) [PSYoungGen: 419092K->130860K(465920K)] 981674K->693707K(1371136K), 0.0158641 secs] [Times: user=0.02 sys=0.00, real=0.02 secs] 
1990.486: [GC (Allocation Failure) [PSYoungGen: 363820K->22614K(465920K)] 926667K->585785K(1371136K), 0.0039951 secs] [Times: user=0.02 sys=0.00, real=0.01 secs] 
1990.756: [GC (Allocation Failure) [PSYoungGen: 255574K->184333K(465920K)] 818745K->748757K(1371136K), 0.0202577 secs] [Times: user=0.02 sys=0.00, real=0.02 secs] 
1991.099: [GC (Allocation Failure) [PSYoungGen: 417293K->184590K(465920K)] 981717K->749287K(1371136K), 0.0202135 secs] [Times: user=0.03 sys=0.00, real=0.02 secs] 
1993.250: [GC (Allocation Failure) [PSYoungGen: 417550K->107308K(465920K)] 982247K->672399K(1371136K), 0.0194752 secs] [Times: user=0.03 sys=0.00, real=0.02 secs] 
1995.198: [GC (Allocation Failure) [PSYoungGen: 340262K->45813K(465920K)] 905353K->611081K(1371136K), 0.0079786 secs] [Times: user=0.02 sys=0.00, real=0.01 secs] 
1995.561: [GC (Allocation Failure) [PSYoungGen: 278773K->185972K(465920K)] 844041K->752502K(1371136K), 0.0205321 secs] [Times: user=0.03 sys=0.00, real=0.02 secs] 
1995.846: [GC (Allocation Failure) [PSYoungGen: 418932K->185908K(465920K)] 985462K->752711K(1371136K), 0.0204486 secs] [Times: user=0.02 sys=0.00, real=0.02 secs] 
1998.139: [GC (Allocation Failure) [PSYoungGen: 418868K->64561K(465920K)] 985671K->631757K(1371136K), 0.0134317 secs] [Times: user=0.02 sys=0.00, real=0.01 secs] 
1999.721: [GC (Allocation Failure) [PSYoungGen: 297521K->71293K(465920K)] 864717K->638662K(1371136K), 0.0090390 secs] [Times: user=0.01 sys=0.00, real=0.01 secs] 
1999.996: [GC (Allocation Failure) [PSYoungGen: 304253K->186550K(465920K)] 871622K->755173K(1371136K), 0.0204672 secs] [Times: user=0.03 sys=0.00, real=0.02 secs] 
2000.284: [GC (Allocation Failure) [PSYoungGen: 419510K->186036K(465920K)] 988133K->755061K(1371136K), 0.0203576 secs] [Times: user=0.03 sys=0.00, real=0.02 secs] 
2002.163: [GC (Allocation Failure) [PSYoungGen: 418996K->38567K(465920K)] 988021K->607728K(1371136K), 0.0135949 secs] [Times: user=0.03 sys=0.00, real=0.02 secs] 
2003.934: [GC (Allocation Failure) [PSYoungGen: 271527K->97544K(465920K)] 840688K->667020K(1371136K), 0.0116485 secs] [Times: user=0.02 sys=0.00, real=0.01 secs] 
2004.216: [GC (Allocation Failure) [PSYoungGen: 330504K->186518K(465920K)] 899980K->757248K(1371136K), 0.0204890 secs] [Times: user=0.03 sys=0.00, real=0.02 secs] 
2004.504: [GC (Allocation Failure) [PSYoungGen: 419478K->186100K(465920K)] 990208K->757104K(1371136K), 0.0205069 secs] [Times: user=0.03 sys=0.00, real=0.02 secs] 
2006.762: [GC (Allocation Failure) [PSYoungGen: 419060K->12220K(465920K)] 990064K->583488K(1371136K), 0.0079314 secs] [Times: user=0.03 sys=0.00, real=0.01 secs] 
2008.165: [GC (Allocation Failure) [PSYoungGen: 245180K->124951K(465920K)] 816448K->696528K(1371136K), 0.0142673 secs] [Times: user=0.02 sys=0.00, real=0.02 secs] 
2008.449: [GC (Allocation Failure) [PSYoungGen: 357911K->185747K(465920K)] 929488K->758706K(1371136K), 0.0204145 secs] [Times: user=0.03 sys=0.00, real=0.02 secs] 
2008.844: [GC (Allocation Failure) [PSYoungGen: 418707K->173572K(465920K)] 991666K->746675K(1371136K), 0.0205464 secs] [Times: user=0.02 sys=0.00, real=0.02 secs] 
2009.895: [GC (Allocation Failure) [PSYoungGen: 406532K->64K(465920K)] 979635K->574602K(1371136K), 0.0022506 secs] [Times: user=0.01 sys=0.00, real=0.01 secs] 
2010.512: [GC (Allocation Failure) [PSYoungGen: 233022K->148500K(465920K)] 807561K->723055K(1371136K), 0.0165987 secs] [Times: user=0.03 sys=0.00, real=0.02 secs] 
2010.797: [GC (Allocation Failure) [PSYoungGen: 381460K->184333K(465920K)] 956015K->760142K(1371136K), 0.0202937 secs] [Times: user=0.02 sys=0.00, real=0.02 secs] 
2011.292: [GC (Allocation Failure) [PSYoungGen: 417293K->157690K(465920K)] 993102K->733764K(1371136K), 0.0183861 secs] [Times: user=0.03 sys=0.00, real=0.02 secs] 
2012.242: [GC (Allocation Failure) [PSYoungGen: 390650K->96K(465920K)] 966724K->577603K(1371136K), 0.0020125 secs] [Times: user=0.01 sys=0.00, real=0.00 secs] 
2012.584: [GC (Allocation Failure) [PSYoungGen: 233056K->170895K(465920K)] 810563K->748418K(1371136K), 0.0188868 secs] [Times: user=0.02 sys=0.00, real=0.02 secs] 
2012.870: [GC (Allocation Failure) [PSYoungGen: 403855K->184462K(465920K)] 981378K->763239K(1371136K), 0.0203665 secs] [Times: user=0.02 sys=0.00, real=0.02 secs] 
2013.372: [GC (Allocation Failure) [PSYoungGen: 409442K->135150K(465920K)] 988219K->714193K(1371136K), 0.0174529 secs] [Times: user=0.03 sys=0.00, real=0.02 secs] 
2014.575: [GC (Allocation Failure) [PSYoungGen: 368048K->1662K(465920K)] 947091K->581012K(1371136K), 0.0026596 secs] [Times: user=0.02 sys=0.00, real=0.01 secs] 
2014.958: [GC (Allocation Failure) [PSYoungGen: 234622K->184879K(465920K)] 813972K->765491K(1371136K), 0.0204479 secs] [Times: user=0.03 sys=0.00, real=0.02 secs] 
2015.246: [GC (Allocation Failure) [PSYoungGen: 417839K->184623K(465920K)] 998451K->765644K(1371136K), 0.0203418 secs] [Times: user=0.03 sys=0.00, real=0.02 secs] 
2015.774: [GC (Allocation Failure) [PSYoungGen: 417583K->127647K(465920K)] 998604K->708804K(1371136K), 0.0178730 secs] [Times: user=0.03 sys=0.00, real=0.02 secs] 
2016.859: [GC (Allocation Failure) [PSYoungGen: 360607K->25182K(465920K)] 941764K->606656K(1371136K), 0.0047789 secs] [Times: user=0.02 sys=0.00, real=0.00 secs] 
2017.205: [GC (Allocation Failure) [PSYoungGen: 258142K->184205K(465920K)] 839616K->766940K(1371136K), 0.0207902 secs] [Times: user=0.03 sys=0.00, real=0.02 secs] 
2017.499: [GC (Allocation Failure) [PSYoungGen: 417165K->184494K(465920K)] 999900K->767638K(1371136K), 0.0218584 secs] [Times: user=0.03 sys=0.00, real=0.02 secs] 
2018.992: [GC (Allocation Failure) [PSYoungGen: 417454K->105058K(465920K)] 1000598K->688468K(1371136K), 0.0190555 secs] [Times: user=0.03 sys=0.00, real=0.02 secs] 
2020.408: [GC (Allocation Failure) [PSYoungGen: 338018K->47387K(465920K)] 921428K->630982K(1371136K), 0.0073125 secs] [Times: user=0.02 sys=0.00, real=0.00 secs] 
2020.694: [GC (Allocation Failure) [PSYoungGen: 280347K->184976K(465920K)] 863942K->769816K(1371136K), 0.0203800 secs] [Times: user=0.03 sys=0.00, real=0.02 secs] 
2020.983: [GC (Allocation Failure) [PSYoungGen: 417936K->184880K(465920K)] 1002776K->769993K(1371136K), 0.0203864 secs] [Times: user=0.03 sys=0.00, real=0.02 secs] 
2023.076: [GC (Allocation Failure) [PSYoungGen: 417840K->65075K(465920K)] 1002953K->650453K(1371136K), 0.0113549 secs] [Times: user=0.02 sys=0.00, real=0.02 secs] 
2025.481: [GC (Allocation Failure) [PSYoungGen: 298035K->71514K(465920K)] 883413K->657207K(1371136K), 0.0087953 secs] [Times: user=0.02 sys=0.00, real=0.01 secs] 
2025.760: [GC (Allocation Failure) [PSYoungGen: 304474K->186486K(465920K)] 890167K->773440K(1371136K), 0.0205319 secs] [Times: user=0.03 sys=0.00, real=0.02 secs] 
2026.051: [GC (Allocation Failure) [PSYoungGen: 419446K->186100K(465920K)] 1006400K->773336K(1371136K), 0.0205291 secs] [Times: user=0.03 sys=0.00, real=0.02 secs] 
2027.923: [GC (Allocation Failure) [PSYoungGen: 419060K->38326K(465920K)] 1006296K->625834K(1371136K), 0.0075020 secs] [Times: user=0.02 sys=0.00, real=0.01 secs] 
2029.794: [GC (Allocation Failure) [PSYoungGen: 271286K->97929K(465920K)] 858794K->685751K(1371136K), 0.0115102 secs] [Times: user=0.02 sys=0.00, real=0.01 secs] 
2030.136: [GC (Allocation Failure) [PSYoungGen: 330889K->185972K(465920K)] 918711K->775047K(1371136K), 0.0204789 secs] [Times: user=0.03 sys=0.00, real=0.03 secs] 
2030.485: [GC (Allocation Failure) [PSYoungGen: 418932K->185908K(465920K)] 1008007K->775256K(1371136K), 0.0205411 secs] [Times: user=0.03 sys=0.00, real=0.02 secs] 
2033.442: [GC (Allocation Failure) [PSYoungGen: 418868K->12509K(465920K)] 1008216K->602122K(1371136K), 0.0044016 secs] [Times: user=0.01 sys=0.00, real=0.01 secs] 
2034.442: [GC (Allocation Failure) [PSYoungGen: 245469K->124051K(465920K)] 835082K->713987K(1371136K), 0.0142860 secs] [Times: user=0.03 sys=0.00, real=0.02 secs] 
2034.727: [GC (Allocation Failure) [PSYoungGen: 357011K->186036K(465920K)] 946947K->777225K(1371136K), 0.0204621 secs] [Times: user=0.03 sys=0.00, real=0.02 secs] 
2035.320: [GC (Allocation Failure) [PSYoungGen: 418996K->173223K(465920K)] 1010185K->764701K(1371136K), 0.0267607 secs] [Times: user=0.03 sys=0.00, real=0.03 secs] 
2036.892: [GC (Allocation Failure) [PSYoungGen: 406183K->96K(465920K)] 997661K->593005K(1371136K), 0.0033796 secs] [Times: user=0.01 sys=0.00, real=0.01 secs] 
2037.534: [GC (Allocation Failure) [PSYoungGen: 233056K->148792K(465920K)] 825965K->741710K(1371136K), 0.0167138 secs] [Times: user=0.03 sys=0.00, real=0.02 secs] 
2037.889: [GC (Allocation Failure) [PSYoungGen: 381752K->186261K(465920K)] 974670K->780432K(1371136K), 0.0208102 secs] [Times: user=0.02 sys=0.00, real=0.02 secs] 
2038.581: [GC (Allocation Failure) [PSYoungGen: 419221K->155473K(465920K)] 1013392K->749925K(1371136K), 0.0295789 secs] [Times: user=0.05 sys=0.00, real=0.03 secs] 
2040.220: [GC (Allocation Failure) [PSYoungGen: 388433K->96K(465920K)] 982885K->595991K(1371136K), 0.0022164 secs] [Times: user=0.01 sys=0.00, real=0.00 secs] 
2040.560: [GC (Allocation Failure) [PSYoungGen: 233056K->174722K(465920K)] 828951K->770642K(1371136K), 0.0191801 secs] [Times: user=0.02 sys=0.00, real=0.02 secs] 
2040.848: [GC (Allocation Failure) [PSYoungGen: 407682K->184462K(465920K)] 1003602K->781627K(1371136K), 0.0202424 secs] [Times: user=0.03 sys=0.00, real=0.02 secs] 
2041.339: [GC (Allocation Failure) [PSYoungGen: 417422K->139503K(465920K)] 1014587K->736941K(1371136K), 0.0146863 secs] [Times: user=0.02 sys=0.00, real=0.01 secs] 
2042.341: [GC (Allocation Failure) [PSYoungGen: 372463K->13454K(465920K)] 969901K->611201K(1371136K), 0.0040488 secs] [Times: user=0.02 sys=0.00, real=0.00 secs] 
2042.632: [GC (Allocation Failure) [PSYoungGen: 246414K->184076K(465920K)] 844161K->783068K(1371136K), 0.0203224 secs] [Times: user=0.03 sys=0.00, real=0.02 secs] 
2042.977: [GC (Allocation Failure) [PSYoungGen: 417036K->183755K(465920K)] 1016028K->783020K(1371136K), 0.0203871 secs] [Times: user=0.02 sys=0.00, real=0.02 secs] 
2044.357: [GC (Allocation Failure) [PSYoungGen: 416715K->117493K(465920K)] 1015980K->717024K(1371136K), 0.0202761 secs] [Times: user=0.04 sys=0.00, real=0.02 secs] 
2045.623: [GC (Allocation Failure) [PSYoungGen: 350453K->34918K(465920K)] 949984K->634770K(1371136K), 0.0060361 secs] [Times: user=0.01 sys=0.00, real=0.01 secs] 
2045.903: [GC (Allocation Failure) [PSYoungGen: 267878K->184847K(465920K)] 867730K->785961K(1371136K), 0.0203978 secs] [Times: user=0.03 sys=0.00, real=0.02 secs] 
2046.195: [GC (Allocation Failure) [PSYoungGen: 417807K->184912K(465920K)] 1018921K->786299K(1371136K), 0.0204737 secs] [Times: user=0.03 sys=0.00, real=0.03 secs] 
2047.361: [GC (Allocation Failure) [PSYoungGen: 417872K->77638K(465920K)] 1019259K->679290K(1371136K), 0.0226332 secs] [Times: user=0.03 sys=0.00, real=0.02 secs] 
2050.076: [GC (Allocation Failure) [PSYoungGen: 310598K->58312K(465920K)] 912250K->660278K(1371136K), 0.0098986 secs] [Times: user=0.02 sys=0.00, real=0.01 secs] 
2050.392: [GC (Allocation Failure) [PSYoungGen: 291272K->186389K(465920K)] 893238K->789737K(1371136K), 0.0206378 secs] [Times: user=0.03 sys=0.00, real=0.02 secs] 
2050.682: [GC (Allocation Failure) [PSYoungGen: 419349K->186132K(465920K)] 1022697K->789633K(1371136K), 0.0205506 secs] [Times: user=0.03 sys=0.00, real=0.02 secs] 
2053.444: [GC (Allocation Failure) [PSYoungGen: 419092K->51548K(465920K)] 1022593K->655442K(1371136K), 0.0117409 secs] [Times: user=0.03 sys=0.00, real=0.02 secs] 
2054.375: [GC (Allocation Failure) [PSYoungGen: 284508K->84306K(465920K)] 888402K->688387K(1371136K), 0.0102893 secs] [Times: user=0.02 sys=0.00, real=0.01 secs] 
2054.655: [GC (Allocation Failure) [PSYoungGen: 317266K->185939K(465920K)] 921347K->791403K(1371136K), 0.0204991 secs] [Times: user=0.03 sys=0.00, real=0.03 secs] 
2054.989: [GC (Allocation Failure) [PSYoungGen: 418899K->184558K(465920K)] 1024363K->790190K(1371136K), 0.0203881 secs] [Times: user=0.03 sys=0.00, real=0.02 secs] 
2056.004: [GC (Allocation Failure) [PSYoungGen: 417518K->27674K(465920K)] 1023150K->633571K(1371136K), 0.0058347 secs] [Times: user=0.01 sys=0.01, real=0.01 secs] 
2056.637: [GC (Allocation Failure) [PSYoungGen: 260596K->109271K(465920K)] 866493K->715490K(1371136K), 0.0127820 secs] [Times: user=0.02 sys=0.00, real=0.01 secs] 
2056.919: [GC (Allocation Failure) [PSYoungGen: 342231K->184976K(465920K)] 948450K->792448K(1371136K), 0.0203147 secs] [Times: user=0.02 sys=0.00, real=0.02 secs] 
2057.275: [GC (Allocation Failure) [PSYoungGen: 417936K->184301K(465920K)] 1025408K->792047K(1371136K), 0.0202864 secs] [Times: user=0.03 sys=0.00, real=0.02 secs] 
2058.664: [GC (Allocation Failure) [PSYoungGen: 417261K->3865K(465920K)] 1025007K->612005K(1371136K), 0.0030288 secs] [Times: user=0.02 sys=0.00, real=0.01 secs] 
2059.399: [GC (Allocation Failure) [PSYoungGen: 236825K->131985K(465920K)] 844965K->740301K(1371136K), 0.0151347 secs] [Times: user=0.02 sys=0.00, real=0.01 secs] 
2059.682: [GC (Allocation Failure) [PSYoungGen: 364945K->184847K(465920K)] 973261K->794409K(1371136K), 0.0204007 secs] [Times: user=0.03 sys=0.00, real=0.02 secs] 
2060.146: [GC (Allocation Failure) [PSYoungGen: 417807K->169515K(465920K)] 1027369K->779342K(1371136K), 0.0238351 secs] [Times: user=0.03 sys=0.00, real=0.02 secs] 
2061.407: [GC (Allocation Failure) [PSYoungGen: 402475K->96K(465920K)] 1012302K->611364K(1371136K), 0.0025669 secs] [Times: user=0.01 sys=0.00, real=0.00 secs] 
2062.064: [GC (Allocation Failure) [PSYoungGen: 233056K->154286K(465920K)] 844324K->765579K(1371136K), 0.0172389 secs] [Times: user=0.02 sys=0.00, real=0.02 secs] 
2062.350: [GC (Allocation Failure) [PSYoungGen: 387246K->184333K(465920K)] 998539K->796879K(1371136K), 0.0203157 secs] [Times: user=0.03 sys=0.00, real=0.02 secs] 
2062.978: [GC (Allocation Failure) [PSYoungGen: 417293K->151874K(465920K)] 1029839K->764694K(1371136K), 0.0190207 secs] [Times: user=0.03 sys=0.00, real=0.02 secs] 
2064.703: [GC (Allocation Failure) [PSYoungGen: 384834K->96K(465920K)] 997654K->614349K(1371136K), 0.0024707 secs] [Times: user=0.01 sys=0.00, real=0.00 secs] 
2065.036: [GC (Allocation Failure) [PSYoungGen: 233056K->176296K(465920K)] 847309K->790589K(1371136K), 0.0194046 secs] [Times: user=0.02 sys=0.00, real=0.02 secs] 
2065.384: [GC (Allocation Failure) [PSYoungGen: 409256K->184205K(465920K)] 1023549K->799751K(1371136K), 0.0203958 secs] [Times: user=0.02 sys=0.00, real=0.02 secs] 
2065.980: [GC (Allocation Failure) [PSYoungGen: 417165K->138202K(465920K)] 1032711K->754150K(1371136K), 0.0211402 secs] [Times: user=0.04 sys=0.00, real=0.02 secs] 
2067.175: [GC (Allocation Failure) [PSYoungGen: 371162K->14611K(465920K)] 987110K->630753K(1371136K), 0.0049836 secs] [Times: user=0.02 sys=0.01, real=0.01 secs] 
2067.556: [GC (Allocation Failure) [PSYoungGen: 247571K->186389K(465920K)] 863713K->803785K(1371136K), 0.0204991 secs] [Times: user=0.03 sys=0.00, real=0.03 secs] 
2067.844: [GC (Allocation Failure) [PSYoungGen: 419349K->184847K(465920K)] 1036745K->802515K(1371136K), 0.0202911 secs] [Times: user=0.03 sys=0.00, real=0.02 secs] 
2068.476: [GC (Allocation Failure) [PSYoungGen: 417807K->112995K(465920K)] 1035475K->730928K(1371136K), 0.0146388 secs] [Times: user=0.03 sys=0.00, real=0.01 secs] 
2069.410: [GC (Allocation Failure) [PSYoungGen: 345955K->39805K(465920K)] 963888K->658061K(1371136K), 0.0056568 secs] [Times: user=0.02 sys=0.00, real=0.01 secs] 
2069.686: [GC (Allocation Failure) [PSYoungGen: 272765K->186261K(465920K)] 891021K->805900K(1371136K), 0.0208182 secs] [Times: user=0.03 sys=0.00, real=0.02 secs] 
2070.063: [GC (Allocation Failure) [PSYoungGen: 419221K->184783K(465920K)] 1038860K->804567K(1371136K), 0.0203584 secs] [Times: user=0.03 sys=0.00, real=0.02 secs] 
2071.871: [GC (Allocation Failure) [PSYoungGen: 417743K->71501K(465920K)] 1037527K->691678K(1371136K), 0.0171461 secs] [Times: user=0.03 sys=0.01, real=0.02 secs] 
2073.429: [GC (Allocation Failure) [PSYoungGen: 304461K->63678K(465920K)] 924638K->684042K(1371136K), 0.0082709 secs] [Times: user=0.01 sys=0.00, real=0.01 secs] 
2073.706: [GC (Allocation Failure) [PSYoungGen: 296638K->184205K(465920K)] 917002K->805822K(1371136K), 0.0202672 secs] [Times: user=0.02 sys=0.00, real=0.02 secs] 
2074.000: [GC (Allocation Failure) [PSYoungGen: 417165K->184301K(465920K)] 1038782K->806200K(1371136K), 0.0203376 secs] [Times: user=0.03 sys=0.00, real=0.02 secs] 
2075.498: [GC (Allocation Failure) [PSYoungGen: 417261K->50198K(465920K)] 1039160K->672362K(1371136K), 0.0091944 secs] [Times: user=0.02 sys=0.00, real=0.01 secs] 
2077.355: [GC (Allocation Failure) [PSYoungGen: 283158K->85687K(465920K)] 905322K->708167K(1371136K), 0.0105591 secs] [Times: user=0.02 sys=0.00, real=0.01 secs] 
2077.689: [GC (Allocation Failure) [PSYoungGen: 318647K->184205K(465920K)] 941127K->807938K(1371136K), 0.0204028 secs] [Times: user=0.03 sys=0.00, real=0.02 secs] 
2077.981: [GC (Allocation Failure) [PSYoungGen: 417165K->184366K(465920K)] 1040898K->808508K(1371136K), 0.0204695 secs] [Times: user=0.03 sys=0.00, real=0.02 secs] 
2078.844: [GC (Allocation Failure) [PSYoungGen: 417326K->28060K(465920K)] 1041468K->652339K(1371136K), 0.0057692 secs] [Times: user=0.01 sys=0.00, real=0.01 secs] 
2079.539: [GC (Allocation Failure) [PSYoungGen: 261020K->108532K(465920K)] 885299K->733127K(1371136K), 0.0128118 secs] [Times: user=0.02 sys=0.00, real=0.01 secs] 
2079.820: [GC (Allocation Failure) [PSYoungGen: 341492K->184462K(465920K)] 966087K->810310K(1371136K), 0.0204255 secs] [Times: user=0.03 sys=0.00, real=0.02 secs] 
2080.108: [GC (Allocation Failure) [PSYoungGen: 417422K->184301K(465920K)] 1043270K->810423K(1371136K), 0.0204237 secs] [Times: user=0.03 sys=0.00, real=0.02 secs] 
2081.362: [GC (Allocation Failure) [PSYoungGen: 417261K->5119K(465920K)] 1043383K->631634K(1371136K), 0.0026100 secs] [Times: user=0.01 sys=0.00, real=0.00 secs] 
2082.068: [GC (Allocation Failure) [PSYoungGen: 238079K->130381K(465920K)] 864594K->757076K(1371136K), 0.0148907 secs] [Times: user=0.03 sys=0.00, real=0.01 secs] 
2082.448: [GC (Allocation Failure) [PSYoungGen: 363341K->184333K(465920K)] 990036K->812282K(1371136K), 0.0204071 secs] [Times: user=0.03 sys=0.00, real=0.02 secs] 
2082.901: [GC (Allocation Failure) [PSYoungGen: 417293K->171716K(465920K)] 1045242K->800066K(1371136K), 0.0217591 secs] [Times: user=0.03 sys=0.00, real=0.02 secs] 
2085.512: [GC (Allocation Failure) [PSYoungGen: 404676K->64K(465920K)] 1033026K->629733K(1371136K), 0.0038306 secs] [Times: user=0.02 sys=0.00, real=0.01 secs] 
2086.383: [GC (Allocation Failure) [PSYoungGen: 233024K->152455K(465920K)] 862693K->782148K(1371136K), 0.0178452 secs] [Times: user=0.03 sys=0.00, real=0.02 secs] 
2086.670: [GC (Allocation Failure) [PSYoungGen: 385415K->184333K(465920K)] 1015108K->815280K(1371136K), 0.0203540 secs] [Times: user=0.02 sys=0.00, real=0.02 secs] 
2087.183: [GC (Allocation Failure) [PSYoungGen: 417293K->153610K(465920K)] 1048240K->784838K(1371136K), 0.0240888 secs] [Times: user=0.04 sys=0.00, real=0.03 secs] 
2089.391: [GC (Allocation Failure) [PSYoungGen: 386570K->64K(465920K)] 1017798K->632729K(1371136K), 0.0042124 secs] [Times: user=0.02 sys=0.00, real=0.00 secs] 
2089.880: [GC (Allocation Failure) [PSYoungGen: 233024K->174304K(465920K)] 865689K->806994K(1371136K), 0.0199548 secs] [Times: user=0.03 sys=0.00, real=0.02 secs] 
2090.169: [GC (Allocation Failure) [PSYoungGen: 407264K->184462K(465920K)] 1039954K->818405K(1371136K), 0.0205113 secs] [Times: user=0.03 sys=0.00, real=0.02 secs] 
2090.667: [GC (Allocation Failure) [PSYoungGen: 417422K->139888K(465920K)] 1051365K->774105K(1371136K), 0.0150752 secs] [Times: user=0.03 sys=0.00, real=0.01 secs] 
2091.739: [GC (Allocation Failure) [PSYoungGen: 372848K->12622K(465920K)] 1007065K->647146K(1371136K), 0.0042643 secs] [Times: user=0.01 sys=0.00, real=0.00 secs] 
2092.129: [GC (Allocation Failure) [PSYoungGen: 245582K->186389K(465920K)] 880106K->822167K(1371136K), 0.0207082 secs] [Times: user=0.03 sys=0.00, real=0.02 secs] 
2092.423: [GC (Allocation Failure) [PSYoungGen: 419349K->184783K(465920K)] 1055127K->820834K(1371136K), 0.0205194 secs] [Times: user=0.03 sys=0.00, real=0.02 secs] 
2093.519: [GC (Allocation Failure) [PSYoungGen: 417743K->114907K(465920K)] 1053794K->751223K(1371136K), 0.0245679 secs] [Times: user=0.04 sys=0.00, real=0.02 secs] 
2094.655: [GC (Allocation Failure) [PSYoungGen: 347867K->37620K(465920K)] 984183K->674241K(1371136K), 0.0056066 secs] [Times: user=0.01 sys=0.00, real=0.01 secs] 
2094.984: [GC (Allocation Failure) [PSYoungGen: 270580K->184976K(465920K)] 907201K->822859K(1371136K), 0.0204575 secs] [Times: user=0.03 sys=0.00, real=0.02 secs] 
2095.275: [GC (Allocation Failure) [PSYoungGen: 417936K->184847K(465920K)] 1055819K->823003K(1371136K), 0.0206392 secs] [Times: user=0.03 sys=0.00, real=0.03 secs] 
2097.006: [GC (Allocation Failure) [PSYoungGen: 417807K->74939K(465920K)] 1055963K->713360K(1371136K), 0.0139788 secs] [Times: user=0.02 sys=0.01, real=0.01 secs] 
2098.796: [GC (Allocation Failure) [PSYoungGen: 307899K->61365K(465920K)] 946320K->700099K(1371136K), 0.0092083 secs] [Times: user=0.02 sys=0.00, real=0.00 secs] 
2099.088: [GC (Allocation Failure) [PSYoungGen: 294325K->184976K(465920K)] 933059K->824956K(1371136K), 0.0203518 secs] [Times: user=0.03 sys=0.00, real=0.02 secs] 
2099.380: [GC (Allocation Failure) [PSYoungGen: 417936K->184173K(465920K)] 1057916K->824563K(1371136K), 0.0203976 secs] [Times: user=0.02 sys=0.00, real=0.02 secs] 
2103.182: [GC (Allocation Failure) [PSYoungGen: 417133K->51837K(465920K)] 1057523K->692363K(1371136K), 0.0189857 secs] [Times: user=0.04 sys=0.00, real=0.02 secs] 
2104.032: [GC (Allocation Failure) [PSYoungGen: 284797K->83821K(465920K)] 925323K->724647K(1371136K), 0.0102883 secs] [Times: user=0.01 sys=0.00, real=0.01 secs] 
2104.312: [GC (Allocation Failure) [PSYoungGen: 316781K->184333K(465920K)] 957607K->826413K(1371136K), 0.0203111 secs] [Times: user=0.03 sys=0.00, real=0.02 secs] 
2104.600: [GC (Allocation Failure) [PSYoungGen: 417293K->184333K(465920K)] 1059373K->826686K(1371136K), 0.0203525 secs] [Times: user=0.03 sys=0.00, real=0.02 secs] 
2106.252: [GC (Allocation Failure) [PSYoungGen: 417293K->29988K(465920K)] 1059646K->672622K(1371136K), 0.0068907 secs] [Times: user=0.02 sys=0.00, real=0.01 secs] 
2107.345: [GC (Allocation Failure) [PSYoungGen: 262948K->106187K(465920K)] 905582K->749114K(1371136K), 0.0125100 secs] [Times: user=0.02 sys=0.00, real=0.02 secs] 
2107.622: [GC (Allocation Failure) [PSYoungGen: 339147K->184462K(465920K)] 982074K->828643K(1371136K), 0.0204580 secs] [Times: user=0.02 sys=0.00, real=0.02 secs] 
2107.907: [GC (Allocation Failure) [PSYoungGen: 417422K->184558K(465920K)] 1061603K->829149K(1371136K), 0.0204719 secs] [Times: user=0.03 sys=0.00, real=0.02 secs] 
2108.961: [GC (Allocation Failure) [PSYoungGen: 417518K->7207K(465920K)] 1062109K->651934K(1371136K), 0.0031602 secs] [Times: user=0.01 sys=0.00, real=0.00 secs] 
2109.512: [GC (Allocation Failure) [PSYoungGen: 240167K->128903K(465920K)] 884894K->773944K(1371136K), 0.0149173 secs] [Times: user=0.02 sys=0.00, real=0.02 secs] 
2109.845: [GC (Allocation Failure) [PSYoungGen: 361863K->184944K(465920K)] 1006904K->831238K(1371136K), 0.0203475 secs] [Times: user=0.02 sys=0.00, real=0.02 secs] 
2110.298: [GC (Allocation Failure) [PSYoungGen: 417904K->172439K(465920K)] 1064198K->819135K(1371136K), 0.0246559 secs] [Times: user=0.04 sys=0.00, real=0.02 secs] 
2111.540: [GC (Allocation Failure) [PSYoungGen: 405399K->64K(465920K)] 1052095K->648085K(1371136K), 0.0033009 secs] [Times: user=0.01 sys=0.01, real=0.00 secs] 
2112.275: [GC (Allocation Failure) [PSYoungGen: 233024K->153483K(465920K)] 881045K->801521K(1371136K), 0.0171102 secs] [Times: user=0.02 sys=0.00, real=0.02 secs] 
2112.557: [GC (Allocation Failure) [PSYoungGen: 386443K->184590K(465920K)] 1034481K->833873K(1371136K), 0.0204406 secs] [Times: user=0.02 sys=0.01, real=0.02 secs] 
2113.503: [GC (Allocation Failure) [PSYoungGen: 417550K->152357K(465920K)] 1066833K->801905K(1371136K), 0.0273696 secs] [Times: user=0.05 sys=0.00, real=0.03 secs] 
2116.151: [GC (Allocation Failure) [PSYoungGen: 385317K->96K(465920K)] 1034865K->651091K(1371136K), 0.0033827 secs] [Times: user=0.02 sys=0.01, real=0.00 secs] 
2116.694: [GC (Allocation Failure) [PSYoungGen: 233056K->176553K(465920K)] 884051K->827589K(1371136K), 0.0193727 secs] [Times: user=0.02 sys=0.00, real=0.02 secs] 
2116.980: [GC (Allocation Failure) [PSYoungGen: 409513K->186421K(465920K)] 1060549K->838839K(1371136K), 0.0204853 secs] [Times: user=0.02 sys=0.00, real=0.02 secs] 
2118.081: [GC (Allocation Failure) [PSYoungGen: 419381K->135760K(465920K)] 1071799K->788314K(1371136K), 0.0229168 secs] [Times: user=0.04 sys=0.00, real=0.02 secs] 
2120.350: [GC (Allocation Failure) [PSYoungGen: 368720K->18309K(465920K)] 1021274K->671177K(1371136K), 0.0044793 secs] [Times: user=0.02 sys=0.00, real=0.00 secs] 
2120.637: [GC (Allocation Failure) [PSYoungGen: 251269K->185843K(465920K)] 904137K->839965K(1371136K), 0.0204584 secs] [Times: user=0.03 sys=0.00, real=0.02 secs] 
2120.978: [GC (Allocation Failure) [PSYoungGen: 418803K->184333K(465920K)] 1072925K->838736K(1371136K), 0.0205026 secs] [Times: user=0.03 sys=0.00, real=0.02 secs] 
2121.681: [GC (Allocation Failure) [PSYoungGen: 417293K->110360K(465920K)] 1071696K->765036K(1371136K), 0.0145860 secs] [Times: user=0.03 sys=0.00, real=0.01 secs] 
2122.610: [GC (Allocation Failure) [PSYoungGen: 343320K->42472K(465920K)] 997996K->697453K(1371136K), 0.0075649 secs] [Times: user=0.01 sys=0.00, real=0.01 secs] 
2122.947: [GC (Allocation Failure) [PSYoungGen: 275432K->186261K(465920K)] 930413K->842496K(1371136K), 0.0206255 secs] [Times: user=0.03 sys=0.00, real=0.02 secs] 
2123.294: [GC (Allocation Failure) [PSYoungGen: 419221K->185940K(465920K)] 1075456K->842448K(1371136K), 0.0206062 secs] [Times: user=0.03 sys=0.00, real=0.02 secs] 
2125.115: [GC (Allocation Failure) [PSYoungGen: 418900K->67645K(465920K)] 1075408K->724419K(1371136K), 0.0174617 secs] [Times: user=0.03 sys=0.00, real=0.02 secs] 
2126.589: [GC (Allocation Failure) [PSYoungGen: 300605K->68334K(465920K)] 957379K->725423K(1371136K), 0.0100126 secs] [Times: user=0.02 sys=0.00, real=0.01 secs] 
2126.879: [GC (Allocation Failure) [PSYoungGen: 301294K->186389K(465920K)] 958383K->844732K(1371136K), 0.0208133 secs] [Times: user=0.03 sys=0.00, real=0.02 secs] 
2127.165: [GC (Allocation Failure) [PSYoungGen: 419349K->186132K(465920K)] 1077692K->844756K(1371136K), 0.0205699 secs] [Times: user=0.03 sys=0.00, real=0.03 secs] 
2128.182: [GC (Allocation Failure) [PSYoungGen: 419092K->41523K(465920K)] 1077716K->700540K(1371136K), 0.0119515 secs] [Times: user=0.03 sys=0.00, real=0.01 secs] 
2129.556: [GC (Allocation Failure) [PSYoungGen: 274483K->95102K(465920K)] 933500K->754298K(1371136K), 0.0112885 secs] [Times: user=0.01 sys=0.00, real=0.01 secs] 
2129.834: [GC (Allocation Failure) [PSYoungGen: 328062K->186261K(465920K)] 987258K->846711K(1371136K), 0.0205836 secs] [Times: user=0.02 sys=0.00, real=0.02 secs] 
2130.120: [GC (Allocation Failure) [PSYoungGen: 419221K->185843K(465920K)] 1079671K->846695K(1371136K), 0.0209387 secs] [Times: user=0.02 sys=0.00, real=0.02 secs] 
2132.896: [GC (Allocation Failure) [PSYoungGen: 418803K->15144K(465920K)] 1079655K->676132K(1371136K), 0.0058761 secs] [Times: user=0.02 sys=0.00, real=0.00 secs] 
2133.776: [GC (Allocation Failure) [PSYoungGen: 248104K->121609K(465920K)] 909092K->782911K(1371136K), 0.0142274 secs] [Times: user=0.02 sys=0.00, real=0.01 secs] 
2134.054: [GC (Allocation Failure) [PSYoungGen: 354569K->184462K(465920K)] 1015871K->847017K(1371136K), 0.0203601 secs] [Times: user=0.03 sys=0.00, real=0.02 secs] 
2134.475: [GC (Allocation Failure) [PSYoungGen: 417422K->177239K(465920K)] 1079977K->840068K(1371136K), 0.0224522 secs] [Times: user=0.03 sys=0.00, real=0.03 secs] 
2135.482: [GC (Allocation Failure) [PSYoungGen: 410199K->96K(465920K)] 1073028K->664372K(1371136K), 0.0027067 secs] [Times: user=0.01 sys=0.00, real=0.00 secs] 
2135.965: [GC (Allocation Failure) [PSYoungGen: 233026K->144904K(465920K)] 897303K->809204K(1371136K), 0.0163485 secs] [Times: user=0.03 sys=0.00, real=0.02 secs] 
2136.252: [GC (Allocation Failure) [PSYoungGen: 377864K->183819K(465920K)] 1042164K->849373K(1371136K), 0.0202612 secs] [Times: user=0.03 sys=0.00, real=0.02 secs] 
2136.843: [GC (Allocation Failure) [PSYoungGen: 416779K->161739K(465920K)] 1082333K->827694K(1371136K), 0.0197477 secs] [Times: user=0.03 sys=0.00, real=0.02 secs] 
2138.688: [GC (Allocation Failure) [PSYoungGen: 394699K->64K(465920K)] 1060654K->667318K(1371136K), 0.0026415 secs] [Times: user=0.01 sys=0.00, real=0.00 secs] 
2139.043: [GC (Allocation Failure) [PSYoungGen: 233024K->166528K(465920K)] 900278K->833807K(1371136K), 0.0185144 secs] [Times: user=0.03 sys=0.00, real=0.02 secs] 
2139.327: [GC (Allocation Failure) [PSYoungGen: 399488K->184333K(465920K)] 1066767K->852857K(1371136K), 0.0206294 secs] [Times: user=0.03 sys=0.00, real=0.02 secs] 
2139.838: [GC (Allocation Failure) [PSYoungGen: 414576K->139649K(465920K)] 1083101K->808446K(1371136K), 0.0170617 secs] [Times: user=0.02 sys=0.00, real=0.01 secs] 
2141.487: [GC (Allocation Failure) [PSYoungGen: 372609K->1441K(465920K)] 1041406K->670552K(1371136K), 0.0037343 secs] [Times: user=0.02 sys=0.00, real=0.00 secs] 
2141.839: [GC (Allocation Failure) [PSYoungGen: 234401K->184558K(465920K)] 903512K->854923K(1371136K), 0.0203664 secs] [Times: user=0.03 sys=0.00, real=0.02 secs] 
2142.125: [GC (Allocation Failure) [PSYoungGen: 417518K->184269K(465920K)] 1087883K->854915K(1371136K), 0.0202136 secs] [Times: user=0.02 sys=0.00, real=0.02 secs] 
2143.780: [GC (Allocation Failure) [PSYoungGen: 417229K->128418K(465920K)] 1087875K->799328K(1371136K), 0.0274326 secs] [Times: user=0.05 sys=0.00, real=0.03 secs] 
2145.016: [GC (Allocation Failure) [PSYoungGen: 361378K->24317K(465920K)] 1032288K->695536K(1371136K), 0.0041670 secs] [Times: user=0.01 sys=0.00, real=0.01 secs] 
2145.358: [GC (Allocation Failure) [PSYoungGen: 257277K->186261K(465920K)] 928496K->858870K(1371136K), 0.0205985 secs] [Times: user=0.03 sys=0.00, real=0.02 secs] 
2145.643: [GC (Allocation Failure) [PSYoungGen: 419221K->184847K(465920K)] 1091830K->857609K(1371136K), 0.0204115 secs] [Times: user=0.03 sys=0.00, real=0.02 secs] 
2146.971: [GC (Allocation Failure) [PSYoungGen: 417807K->103404K(465920K)] 1090569K->776559K(1371136K), 0.0191227 secs] [Times: user=0.04 sys=0.00, real=0.02 secs] 
2148.113: [GC (Allocation Failure) [PSYoungGen: 336364K->48833K(465920K)] 1009519K->722173K(1371136K), 0.0066455 secs] [Times: user=0.01 sys=0.00, real=0.01 secs] 
2148.385: [GC (Allocation Failure) [PSYoungGen: 281793K->184847K(465920K)] 955133K->859441K(1371136K), 0.0203708 secs] [Times: user=0.03 sys=0.00, real=0.02 secs] 
2148.674: [GC (Allocation Failure) [PSYoungGen: 417807K->184012K(465920K)] 1092401K->859008K(1371136K), 0.0202759 secs] [Times: user=0.02 sys=0.00, real=0.02 secs] 
2149.703: [GC (Allocation Failure) [PSYoungGen: 416972K->64657K(465920K)] 1091968K->739789K(1371136K), 0.0111005 secs] [Times: user=0.02 sys=0.00, real=0.01 secs] 
2150.441: [GC (Allocation Failure) [PSYoungGen: 297617K->71582K(465920K)] 972749K->747029K(1371136K), 0.0090503 secs] [Times: user=0.02 sys=0.00, real=0.01 secs] 
2150.772: [GC (Allocation Failure) [PSYoungGen: 304542K->184462K(465920K)] 979989K->861163K(1371136K), 0.0204202 secs] [Times: user=0.03 sys=0.00, real=0.02 secs] 
2151.055: [GC (Allocation Failure) [PSYoungGen: 417422K->183980K(465920K)] 1094123K->860954K(1371136K), 0.0204880 secs] [Times: user=0.03 sys=0.00, real=0.03 secs] 
2152.561: [GC (Allocation Failure) [PSYoungGen: 416940K->42326K(465920K)] 1093914K->719565K(1371136K), 0.0095513 secs] [Times: user=0.02 sys=0.00, real=0.01 secs] 
2153.627: [GC (Allocation Failure) [PSYoungGen: 275286K->93463K(465920K)] 952525K->771024K(1371136K), 0.0112735 secs] [Times: user=0.02 sys=0.00, real=0.01 secs] 
2153.902: [GC (Allocation Failure) [PSYoungGen: 326423K->184205K(465920K)] 1003984K->863011K(1371136K), 0.0209487 secs] [Times: user=0.02 sys=0.00, real=0.02 secs] 
2154.250: [GC (Allocation Failure) [PSYoungGen: 417165K->184430K(465920K)] 1095971K->863638K(1371136K), 0.0206829 secs] [Times: user=0.02 sys=0.00, real=0.02 secs] 
2156.315: [GC (Allocation Failure) [PSYoungGen: 417390K->20348K(465920K)] 1096598K->699693K(1371136K), 0.0076503 secs] [Times: user=0.02 sys=0.00, real=0.01 secs] 
2157.091: [GC (Allocation Failure) [PSYoungGen: 253308K->115954K(465920K)] 932653K->795623K(1371136K), 0.0154044 secs] [Times: user=0.03 sys=0.00, real=0.02 secs] 
2157.377: [GC (Allocation Failure) [PSYoungGen: 348914K->184430K(465920K)] 1028583K->865481K(1371136K), 0.0203886 secs] [Times: user=0.03 sys=0.00, real=0.02 secs] 
2157.796: [GC (Allocation Failure) [PSYoungGen: 417390K->182158K(465920K)] 1098441K->863354K(1371136K), 0.0218231 secs] [Times: user=0.03 sys=0.00, real=0.02 secs] 
2160.596: [GC (Allocation Failure) [PSYoungGen: 415118K->64K(465920K)] 1096314K->682699K(1371136K), 0.0053244 secs] [Times: user=0.03 sys=0.00, real=0.01 secs] 
2161.815: [GC (Allocation Failure) [PSYoungGen: 233024K->139988K(465920K)] 915659K->822648K(1371136K), 0.0158998 secs] [Times: user=0.02 sys=0.00, real=0.02 secs] 
2162.156: [GC (Allocation Failure) [PSYoungGen: 372948K->186132K(465920K)] 1055608K->870037K(1371136K), 0.0205610 secs] [Times: user=0.02 sys=0.00, real=0.02 secs] 
2162.895: [GC (Allocation Failure) [PSYoungGen: 415749K->160229K(465920K)] 1099654K->844415K(1371136K), 0.0361126 secs] [Times: user=0.06 sys=0.00, real=0.04 secs] 
2164.597: [GC (Allocation Failure) [PSYoungGen: 393189K->160K(465920K)] 1077375K->685783K(1371136K), 0.0028354 secs] [Times: user=0.01 sys=0.00, real=0.00 secs] 
2165.077: [GC (Allocation Failure) [PSYoungGen: 233120K->160838K(465920K)] 918743K->846494K(1371136K), 0.0178854 secs] [Times: user=0.02 sys=0.00, real=0.01 secs] 
2165.360: [GC (Allocation Failure) [PSYoungGen: 393798K->184462K(465920K)] 1079454K->871371K(1371136K), 0.0205578 secs] [Times: user=0.03 sys=0.00, real=0.02 secs] 
2166.432: [GC (Allocation Failure) [PSYoungGen: 417422K->145143K(465920K)] 1104331K->832318K(1371136K), 0.0383476 secs] [Times: user=0.06 sys=0.00, real=0.04 secs] 
2168.153: [GC (Allocation Failure) [PSYoungGen: 378103K->96K(465920K)] 1065278K->688712K(1371136K), 0.0028758 secs] [Times: user=0.02 sys=0.00, real=0.01 secs] 
2168.461: [GC (Allocation Failure) [PSYoungGen: 233056K->182819K(465920K)] 921672K->871443K(1371136K), 0.0202219 secs] [Times: user=0.03 sys=0.00, real=0.02 secs] 
2168.803: [GC (Allocation Failure) [PSYoungGen: 415779K->184430K(465920K)] 1104403K->874436K(1371136K), 0.0206687 secs] [Times: user=0.03 sys=0.00, real=0.02 secs] 
2169.508: [GC (Allocation Failure) [PSYoungGen: 417390K->131374K(465920K)] 1107396K->821517K(1371136K), 0.0167459 secs] [Times: user=0.03 sys=0.00, real=0.01 secs] 
2171.851: [GC (Allocation Failure) [PSYoungGen: 364334K->20877K(465920K)] 1054477K->711336K(1371136K), 0.0068579 secs] [Times: user=0.02 sys=0.00, real=0.01 secs] 
2172.205: [GC (Allocation Failure) [PSYoungGen: 253837K->186389K(465920K)] 944296K->878231K(1371136K), 0.0208340 secs] [Times: user=0.02 sys=0.00, real=0.02 secs] 
2172.544: [GC (Allocation Failure) [PSYoungGen: 419349K->186068K(465920K)] 1111191K->878062K(1371136K), 0.0206254 secs] [Times: user=0.03 sys=0.00, real=0.02 secs] 
2173.971: [GC (Allocation Failure) [PSYoungGen: 419028K->105444K(465920K)] 1111022K->797703K(1371136K), 0.0217381 secs] [Times: user=0.05 sys=0.00, real=0.02 secs] 
2174.945: [GC (Allocation Failure) [PSYoungGen: 338404K->48348K(465920K)] 1030663K->740929K(1371136K), 0.0066428 secs] [Times: user=0.02 sys=0.00, real=0.01 secs] 
2175.275: [GC (Allocation Failure) [PSYoungGen: 281308K->185875K(465920K)] 973889K->879718K(1371136K), 0.0206441 secs] [Times: user=0.03 sys=0.00, real=0.02 secs] 
2175.562: [GC (Allocation Failure) [PSYoungGen: 418835K->185875K(465920K)] 1112678K->879991K(1371136K), 0.0206748 secs] [Times: user=0.02 sys=0.01, real=0.02 secs] 
2176.526: [GC (Allocation Failure) [PSYoungGen: 418835K->62408K(465920K)] 1112951K->756788K(1371136K), 0.0133949 secs] [Times: user=0.02 sys=0.00, real=0.01 secs] 
2177.418: [GC (Allocation Failure) [PSYoungGen: 295368K->73992K(465920K)] 989748K->768686K(1371136K), 0.0091831 secs] [Times: user=0.01 sys=0.00, real=0.01 secs] 
2177.694: [GC (Allocation Failure) [PSYoungGen: 306952K->186389K(465920K)] 1001646K->882337K(1371136K), 0.0206623 secs] [Times: user=0.03 sys=0.00, real=0.02 secs] 
2177.981: [GC (Allocation Failure) [PSYoungGen: 419349K->186068K(465920K)] 1115297K->882289K(1371136K), 0.0205415 secs] [Times: user=0.03 sys=0.00, real=0.02 secs] 
2180.264: [GC (Allocation Failure) [PSYoungGen: 419028K->35836K(465920K)] 1115249K->732450K(1371136K), 0.0112681 secs] [Times: user=0.03 sys=0.00, real=0.01 secs] 
2181.917: [GC (Allocation Failure) [PSYoungGen: 268796K->100275K(465920K)] 965410K->797082K(1371136K), 0.0118100 secs] [Times: user=0.02 sys=0.00, real=0.01 secs] 
2182.196: [GC (Allocation Failure) [PSYoungGen: 333235K->186004K(465920K)] 1030042K->884065K(1371136K), 0.0205993 secs] [Times: user=0.03 sys=0.00, real=0.02 secs] 
2182.482: [GC (Allocation Failure) [PSYoungGen: 418964K->185972K(465920K)] 1117025K->884306K(1371136K), 0.0206054 secs] [Times: user=0.03 sys=0.00, real=0.02 secs] 
2185.460: [GC (Allocation Failure) [PSYoungGen: 418932K->10195K(465920K)] 1117266K->708794K(1371136K), 0.0059149 secs] [Times: user=0.02 sys=0.00, real=0.01 secs] 
2186.594: [GC (Allocation Failure) [PSYoungGen: 243155K->124951K(465920K)] 941754K->823746K(1371136K), 0.0144754 secs] [Times: user=0.02 sys=0.00, real=0.02 secs] 
2186.930: [GC (Allocation Failure) [PSYoungGen: 357911K->184205K(465920K)] 1056706K->884253K(1371136K), 0.0205509 secs] [Times: user=0.03 sys=0.00, real=0.02 secs] 
2187.322: [GC (Allocation Failure) [PSYoungGen: 417165K->175146K(465920K)] 1117213K->875468K(1371136K), 0.0235499 secs] [Times: user=0.03 sys=0.00, real=0.02 secs] 
2189.179: [GC (Allocation Failure) [PSYoungGen: 408106K->64K(465920K)] 1108428K->701817K(1371136K), 0.0028795 secs] [Times: user=0.01 sys=0.00, real=0.00 secs] 
2189.937: [GC (Allocation Failure) [PSYoungGen: 233024K->146540K(465920K)] 934777K->848309K(1371136K), 0.0164264 secs] [Times: user=0.02 sys=0.00, real=0.01 secs] 
2190.218: [GC (Allocation Failure) [PSYoungGen: 379500K->184333K(465920K)] 1081269K->887484K(1371136K), 0.0205319 secs] [Times: user=0.03 sys=0.00, real=0.02 secs] 
2190.608: [GC (Allocation Failure) [PSYoungGen: 417293K->159586K(465920K)] 1120444K->862874K(1371136K), 0.0174034 secs] [Times: user=0.02 sys=0.00, real=0.01 secs] 
2192.184: [GC (Allocation Failure) [PSYoungGen: 392546K->64K(465920K)] 1095834K->704799K(1371136K), 0.0032129 secs] [Times: user=0.01 sys=0.00, real=0.01 secs] 
2192.652: [GC (Allocation Failure) [PSYoungGen: 233024K->170769K(465920K)] 937759K->875529K(1371136K), 0.0189841 secs] [Times: user=0.02 sys=0.00, real=0.02 secs] 
2192.937: [GC (Allocation Failure) [PSYoungGen: 403729K->186132K(465920K)] 1108489K->892146K(1371136K), 0.0205937 secs] [Times: user=0.03 sys=0.00, real=0.02 secs] 
2193.485: [GC (Allocation Failure) [PSYoungGen: 419092K->141784K(465920K)] 1125106K->848191K(1371136K), 0.0175278 secs] [Times: user=0.03 sys=0.00, real=0.02 secs] 
2194.532: [GC (Allocation Failure) [PSYoungGen: 374744K->12041K(465920K)] 1081151K->718627K(1371136K), 0.0038863 secs] [Times: user=0.01 sys=0.00, real=0.00 secs] 
2194.894: [GC (Allocation Failure) [PSYoungGen: 245001K->185779K(465920K)] 951587K->893619K(1371136K), 0.0205699 secs] [Times: user=0.03 sys=0.00, real=0.02 secs] 
2195.180: [GC (Allocation Failure) [PSYoungGen: 418739K->185779K(465920K)] 1126579K->893924K(1371136K), 0.0204605 secs] [Times: user=0.02 sys=0.00, real=0.02 secs] 
2195.803: [GC (Allocation Failure) [PSYoungGen: 418739K->115148K(465920K)] 1126884K->823558K(1371136K), 0.0151548 secs] [Times: user=0.03 sys=0.00, real=0.02 secs] 
2196.856: [GC (Allocation Failure) [PSYoungGen: 348108K->37652K(465920K)] 1056518K->746375K(1371136K), 0.0057712 secs] [Times: user=0.01 sys=0.00, real=0.00 secs] 
2197.130: [GC (Allocation Failure) [PSYoungGen: 270612K->186132K(465920K)] 979335K->896110K(1371136K), 0.0205637 secs] [Times: user=0.02 sys=0.00, real=0.02 secs] 
2197.476: [GC (Allocation Failure) [PSYoungGen: 419092K->184655K(465920K)] 1129070K->894905K(1371136K), 0.0205369 secs] [Times: user=0.03 sys=0.00, real=0.03 secs] 
2199.113: [GC (Allocation Failure) [PSYoungGen: 417615K->73895K(465920K)] 1127865K->784539K(1371136K), 0.0187224 secs] [Times: user=0.04 sys=0.00, real=0.02 secs] 
2201.589: [GC (Allocation Failure) [PSYoungGen: 306855K->62842K(465920K)] 1017499K->773663K(1371136K), 0.0098986 secs] [Times: user=0.02 sys=0.00, real=0.01 secs] 
2201.887: [GC (Allocation Failure) [PSYoungGen: 295802K->185972K(465920K)] 1006623K->898039K(1371136K), 0.0213419 secs] [Times: user=0.03 sys=0.00, real=0.02 secs] 
2202.229: [GC (Allocation Failure) [PSYoungGen: 418932K->184558K(465920K)] 1130999K->896898K(1371136K), 0.0202957 secs] [Times: user=0.03 sys=0.00, real=0.02 secs] 
2203.698: [GC (Allocation Failure) [PSYoungGen: 417518K->48977K(465920K)] 1129858K->761582K(1371136K), 0.0139599 secs] [Times: user=0.03 sys=0.00, real=0.01 secs] 
2204.947: [GC (Allocation Failure) [PSYoungGen: 281937K->87808K(465920K)] 994542K->800722K(1371136K), 0.0107651 secs] [Times: user=0.01 sys=0.00, real=0.01 secs] 
2205.225: [GC (Allocation Failure) [PSYoungGen: 320768K->186132K(465920K)] 1033682K->900437K(1371136K), 0.0205400 secs] [Times: user=0.02 sys=0.00, real=0.02 secs] 
2205.567: [GC (Allocation Failure) [PSYoungGen: 419092K->186036K(465920K)] 1133397K->900614K(1371136K), 0.0208141 secs] [Times: user=0.03 sys=0.00, real=0.02 secs] 
2207.808: [GC (Allocation Failure) [PSYoungGen: 418996K->22469K(465920K)] 1133574K->737312K(1371136K), 0.0064362 secs] [Times: user=0.02 sys=0.00, real=0.00 secs] 
2208.800: [GC (Allocation Failure) [PSYoungGen: 255429K->113641K(465920K)] 970272K->828661K(1371136K), 0.0131768 secs] [Times: user=0.02 sys=0.00, real=0.01 secs] 
2209.079: [GC (Allocation Failure) [PSYoungGen: 346601K->186004K(465920K)] 1061621K->902277K(1371136K), 0.0205057 secs] [Times: user=0.03 sys=0.00, real=0.02 secs] 
2209.424: [GC (Allocation Failure) [PSYoungGen: 418964K->182593K(465920K)] 1135237K->899140K(1371136K), 0.0203296 secs] [Times: user=0.02 sys=0.00, real=0.02 secs] 
2212.696: [GC (Allocation Failure) [PSYoungGen: 415553K->128K(465920K)] 1132100K->718058K(1371136K), 0.0033392 secs] [Times: user=0.01 sys=0.00, real=0.01 secs] 
2213.550: [GC (Allocation Failure) [PSYoungGen: 233088K->137161K(465920K)] 951018K->855155K(1371136K), 0.0155801 secs] [Times: user=0.02 sys=0.00, real=0.01 secs] 
2213.886: [GC (Allocation Failure) [PSYoungGen: 370121K->186132K(465920K)] 1088115K->905380K(1371136K), 0.0207027 secs] [Times: user=0.03 sys=0.00, real=0.02 secs] 
2214.415: [GC (Allocation Failure) [PSYoungGen: 419092K->163057K(465920K)] 1138340K->882578K(1371136K), 0.0237123 secs] [Times: user=0.04 sys=0.00, real=0.03 secs] 
2215.354: [GC (Allocation Failure) [PSYoungGen: 396017K->96K(465920K)] 1115538K->721058K(1371136K), 0.0029096 secs] [Times: user=0.02 sys=0.00, real=0.01 secs] 
2215.753: [GC (Allocation Failure) [PSYoungGen: 233056K->160970K(465920K)] 954018K->881964K(1371136K), 0.0179868 secs] [Times: user=0.02 sys=0.00, real=0.02 secs] 
2216.094: [GC (Allocation Failure) [PSYoungGen: 393930K->184430K(465920K)] 1114924K->906678K(1371136K), 0.0206099 secs] [Times: user=0.03 sys=0.00, real=0.02 secs] 
2216.566: [GC (Allocation Failure) [PSYoungGen: 417390K->145031K(465920K)] 1139638K->867544K(1371136K), 0.0200742 secs] [Times: user=0.03 sys=0.00, real=0.02 secs] 
2217.556: [GC (Allocation Failure) [PSYoungGen: 377991K->64K(465920K)] 1100504K->724015K(1371136K), 0.0027685 secs] [Times: user=0.01 sys=0.00, real=0.00 secs] 
2217.854: [GC (Allocation Failure) [PSYoungGen: 233024K->183525K(465920K)] 956975K->907492K(1371136K), 0.0202351 secs] [Times: user=0.03 sys=0.00, real=0.02 secs] 
2218.141: [GC (Allocation Failure) [PSYoungGen: 416485K->184462K(465920K)] 1140452K->909682K(1371136K), 0.0218191 secs] [Times: user=0.03 sys=0.00, real=0.02 secs] 
2219.299: [GC (Allocation Failure) [PSYoungGen: 417422K->130731K(465920K)] 1142642K->856217K(1371136K), 0.0236022 secs] [Times: user=0.04 sys=0.00, real=0.02 secs] 
2222.155: [GC (Allocation Failure) [PSYoungGen: 363691K->21233K(465920K)] 1089177K->747033K(1371136K), 0.0069301 secs] [Times: user=0.02 sys=0.00, real=0.01 secs] 
2222.493: [GC (Allocation Failure) [PSYoungGen: 254193K->184301K(465920K)] 979993K->911354K(1371136K), 0.0203828 secs] [Times: user=0.03 sys=0.00, real=0.02 secs] 
2222.777: [GC (Allocation Failure) [PSYoungGen: 417261K->183884K(465920K)] 1144314K->911210K(1371136K), 0.0203561 secs] [Times: user=0.03 sys=0.00, real=0.02 secs] 
2223.445: [GC (Allocation Failure) [PSYoungGen: 416844K->109268K(465920K)] 1144170K->836859K(1371136K), 0.0136999 secs] [Times: user=0.03 sys=0.00, real=0.02 secs] 
2224.361: [GC (Allocation Failure) [PSYoungGen: 342228K->43818K(465920K)] 1069819K->771739K(1371136K), 0.0063137 secs] [Times: user=0.01 sys=0.00, real=0.01 secs] 
2224.637: [GC (Allocation Failure) [PSYoungGen: 276778K->186293K(465920K)] 1004699K->915459K(1371136K), 0.0207675 secs] [Times: user=0.03 sys=0.00, real=0.02 secs] 
2224.977: [GC (Allocation Failure) [PSYoungGen: 419253K->184623K(465920K)] 1148419K->914086K(1371136K), 0.0211416 secs] [Times: user=0.03 sys=0.00, real=0.02 secs] 
2225.689: [GC (Allocation Failure) [PSYoungGen: 417583K->67613K(465920K)] 1147046K->797342K(1371136K), 0.0113371 secs] [Times: user=0.03 sys=0.00, real=0.01 secs] 
2226.856: [GC (Allocation Failure) [PSYoungGen: 300573K->68433K(465920K)] 1030302K->798468K(1371136K), 0.0122571 secs] [Times: user=0.03 sys=0.00, real=0.02 secs] 
2227.178: [GC (Allocation Failure) [PSYoungGen: 301393K->186389K(465920K)] 1031428K->917798K(1371136K), 0.0206799 secs] [Times: user=0.02 sys=0.00, real=0.02 secs] 
2227.466: [GC (Allocation Failure) [PSYoungGen: 419349K->186068K(465920K)] 1150758K->917621K(1371136K), 0.0207478 secs] [Times: user=0.03 sys=0.00, real=0.02 secs] 
2229.402: [GC (Allocation Failure) [PSYoungGen: 419028K->41426K(465920K)] 1150581K->773244K(1371136K), 0.0160977 secs] [Times: user=0.04 sys=0.00, real=0.02 secs] 
2230.807: [GC (Allocation Failure) [PSYoungGen: 274386K->95134K(465920K)] 1006204K->827262K(1371136K), 0.0113464 secs] [Times: user=0.02 sys=0.00, real=0.01 secs] 
2231.147: [GC (Allocation Failure) [PSYoungGen: 328094K->186004K(465920K)] 1060222K->919386K(1371136K), 0.0205980 secs] [Times: user=0.03 sys=0.00, real=0.02 secs] 
2231.439: [GC (Allocation Failure) [PSYoungGen: 418964K->186004K(465920K)] 1152346K->919659K(1371136K), 0.0206243 secs] [Times: user=0.03 sys=0.00, real=0.02 secs] 
2232.398: [GC (Allocation Failure) [PSYoungGen: 418964K->15336K(465920K)] 1152619K->749384K(1371136K), 0.0045197 secs] [Times: user=0.01 sys=0.00, real=0.00 secs] 
2233.013: [GC (Allocation Failure) [PSYoungGen: 248296K->121352K(465920K)] 982344K->855590K(1371136K), 0.0162380 secs] [Times: user=0.02 sys=0.00, real=0.02 secs] 
2233.304: [GC (Allocation Failure) [PSYoungGen: 354312K->184430K(465920K)] 1088550K->919921K(1371136K), 0.0204445 secs] [Times: user=0.03 sys=0.00, real=0.02 secs] 
2233.755: [GC (Allocation Failure) [PSYoungGen: 417390K->177496K(465920K)] 1152881K->913260K(1371136K), 0.0264802 secs] [Times: user=0.04 sys=0.00, real=0.03 secs] 
2236.513: [GC (Allocation Failure) [PSYoungGen: 410456K->96K(465920K)] 1146220K->737299K(1371136K), 0.0027621 secs] [Times: user=0.01 sys=0.00, real=0.00 secs] 
2237.250: [GC (Allocation Failure) [PSYoungGen: 233056K->145386K(465920K)] 970259K->882614K(1371136K), 0.0164138 secs] [Times: user=0.02 sys=0.00, real=0.02 secs] 
2237.531: [GC (Allocation Failure) [PSYoungGen: 378346K->184719K(465920K)] 1115574K->923200K(1371136K), 0.0205861 secs] [Times: user=0.03 sys=0.00, real=0.02 secs] 
2238.500: [GC (Allocation Failure) [PSYoungGen: 417679K->160325K(465920K)] 1156160K->899072K(1371136K), 0.0219682 secs] [Times: user=0.04 sys=0.00, real=0.02 secs] 
2240.567: [GC (Allocation Failure) [PSYoungGen: 393285K->96K(465920K)] 1132032K->740294K(1371136K), 0.0028157 secs] [Times: user=0.01 sys=0.00, real=0.00 secs] 
2240.977: [GC (Allocation Failure) [PSYoungGen: 233056K->168295K(465920K)] 973254K->908518K(1371136K), 0.0187728 secs] [Times: user=0.03 sys=0.00, real=0.02 secs] 
2241.318: [GC (Allocation Failure) [PSYoungGen: 401255K->186261K(465920K)] 1141478K->927865K(1371136K), 0.0207396 secs] [Times: user=0.03 sys=0.00, real=0.02 secs] 
2241.839: [GC (Allocation Failure) [PSYoungGen: 412067K->135890K(465920K)] 1153672K->877647K(1371136K), 0.0149315 secs] [Times: user=0.02 sys=0.00, real=0.01 secs] 
2242.972: [GC (Allocation Failure) [PSYoungGen: 368850K->1152K(465920K)] 1110607K->743200K(1371136K), 0.0032125 secs] [Times: user=0.02 sys=0.00, real=0.00 secs] 
2243.358: [GC (Allocation Failure) [PSYoungGen: 234112K->184237K(465920K)] 976160K->927410K(1371136K), 0.0203782 secs] [Times: user=0.03 sys=0.00, real=0.02 secs] 
2243.642: [GC (Allocation Failure) [PSYoungGen: 417197K->184494K(465920K)] 1160370K->927949K(1371136K), 0.0205861 secs] [Times: user=0.03 sys=0.00, real=0.02 secs] 
2244.421: [GC (Allocation Failure) [PSYoungGen: 417454K->128803K(465920K)] 1160909K->872523K(1371136K), 0.0224149 secs] [Times: user=0.04 sys=0.00, real=0.02 secs] 
2245.724: [GC (Allocation Failure) [PSYoungGen: 361763K->25056K(465920K)] 1105483K->769090K(1371136K), 0.0051741 secs] [Times: user=0.02 sys=0.00, real=0.01 secs] 
2246.000: [GC (Allocation Failure) [PSYoungGen: 258016K->184462K(465920K)] 1002050K->929757K(1371136K), 0.0204516 secs] [Times: user=0.03 sys=0.00, real=0.02 secs] 
2246.287: [GC (Allocation Failure) [PSYoungGen: 417422K->186389K(465920K)] 1162717K->931958K(1371136K), 0.0215541 secs] [Times: user=0.03 sys=0.00, real=0.02 secs] 
2247.606: [GC (Allocation Failure) [PSYoungGen: 419349K->102938K(465920K)] 1164918K->848771K(1371136K), 0.0227106 secs] [Times: user=0.05 sys=0.00, real=0.02 secs] 
2249.138: [GC (Allocation Failure) [PSYoungGen: 335898K->50054K(465920K)] 1081731K->796196K(1371136K), 0.0107850 secs] [Times: user=0.03 sys=0.00, real=0.01 secs] 
2249.466: [GC (Allocation Failure) [PSYoungGen: 283014K->186164K(465920K)] 1029156K->933559K(1371136K), 0.0206643 secs] [Times: user=0.03 sys=0.00, real=0.02 secs] 
2249.757: [GC (Allocation Failure) [PSYoungGen: 419124K->185715K(465920K)] 1166519K->933519K(1371136K), 0.0206686 secs] [Times: user=0.02 sys=0.00, real=0.02 secs] 
2250.500: [GC (Allocation Failure) [PSYoungGen: 418675K->60448K(465920K)] 1166479K->808389K(1371136K), 0.0101980 secs] [Times: user=0.02 sys=0.00, real=0.01 secs] 
2251.586: [GC (Allocation Failure) [PSYoungGen: 293408K->75695K(465920K)] 1041349K->823949K(1371136K), 0.0094408 secs] [Times: user=0.02 sys=0.00, real=0.01 secs] 
2251.863: [GC (Allocation Failure) [PSYoungGen: 308655K->186389K(465920K)] 1056909K->936026K(1371136K), 0.0207337 secs] [Times: user=0.02 sys=0.00, real=0.02 secs] 
2252.152: [GC (Allocation Failure) [PSYoungGen: 419349K->186036K(465920K)] 1168986K->935818K(1371136K), 0.0205419 secs] [Times: user=0.02 sys=0.00, real=0.02 secs] 
2254.552: [GC (Allocation Failure) [PSYoungGen: 418996K->34197K(465920K)] 1168778K->784372K(1371136K), 0.0132559 secs] [Times: user=0.03 sys=0.00, real=0.01 secs] 
2256.207: [GC (Allocation Failure) [PSYoungGen: 267157K->102906K(465920K)] 1017332K->853276K(1371136K), 0.0121413 secs] [Times: user=0.02 sys=0.00, real=0.01 secs] 
2256.485: [GC (Allocation Failure) [PSYoungGen: 335866K->185715K(465920K)] 1086236K->937475K(1371136K), 0.0204754 secs] [Times: user=0.03 sys=0.00, real=0.02 secs] 
2256.775: [GC (Allocation Failure) [PSYoungGen: 418675K->184366K(465920K)] 1170435K->936270K(1371136K), 0.0204276 secs] [Times: user=0.03 sys=0.00, real=0.02 secs] 
2258.387: [GC (Allocation Failure) [PSYoungGen: 417326K->9392K(465920K)] 1169230K->761562K(1371136K), 0.0039064 secs] [Times: user=0.01 sys=0.00, real=0.00 secs] 
2259.027: [GC (Allocation Failure) [PSYoungGen: 242352K->127005K(465920K)] 994522K->879466K(1371136K), 0.0146438 secs] [Times: user=0.03 sys=0.00, real=0.01 secs] 
2259.315: [GC (Allocation Failure) [PSYoungGen: 359965K->184462K(465920K)] 1112426K->938177K(1371136K), 0.0206001 secs] [Times: user=0.03 sys=0.00, real=0.02 secs] 
2259.836: [GC (Allocation Failure) [PSYoungGen: 417422K->172801K(465920K)] 1171137K->926789K(1371136K), 0.0267126 secs] [Times: user=0.04 sys=0.00, real=0.03 secs] 
2261.680: [GC (Allocation Failure) [PSYoungGen: 405761K->128K(465920K)] 1159749K->755556K(1371136K), 0.0038836 secs] [Times: user=0.02 sys=0.00, real=0.00 secs] 
2262.114: [GC (Allocation Failure) [PSYoungGen: 233088K->148599K(465920K)] 988516K->904044K(1371136K), 0.0169033 secs] [Times: user=0.03 sys=0.00, real=0.02 secs] 
2262.450: [GC (Allocation Failure) [PSYoungGen: 381559K->184590K(465920K)] 1137004K->941288K(1371136K), 0.0204607 secs] [Times: user=0.03 sys=0.00, real=0.02 secs] 
2263.194: [GC (Allocation Failure) [PSYoungGen: 417550K->157208K(465920K)] 1174248K->914171K(1371136K), 0.0412540 secs] [Times: user=0.06 sys=0.00, real=0.04 secs] 
2265.595: [GC (Allocation Failure) [PSYoungGen: 390168K->96K(465920K)] 1147131K->758506K(1371136K), 0.0065749 secs] [Times: user=0.03 sys=0.00, real=0.01 secs] 
2266.237: [GC (Allocation Failure) [PSYoungGen: 233056K->170737K(465920K)] 991466K->929188K(1371136K), 0.0192713 secs] [Times: user=0.03 sys=0.00, real=0.02 secs] 
2266.520: [GC (Allocation Failure) [PSYoungGen: 403697K->184430K(465920K)] 1162148K->944134K(1371136K), 0.0205395 secs] [Times: user=0.03 sys=0.00, real=0.02 secs] 
2267.026: [GC (Allocation Failure) [PSYoungGen: 409299K->135199K(465920K)] 1169004K->895297K(1371136K), 0.0173832 secs] [Times: user=0.02 sys=0.00, real=0.01 secs] 
2268.622: [GC (Allocation Failure) [PSYoungGen: 368075K->1344K(465920K)] 1128173K->761635K(1371136K), 0.0031136 secs] [Times: user=0.01 sys=0.00, real=0.00 secs] 
2268.924: [GC (Allocation Failure) [PSYoungGen: 234304K->183948K(465920K)] 994595K->945484K(1371136K), 0.0203799 secs] [Times: user=0.03 sys=0.00, real=0.02 secs] 
2269.214: [GC (Allocation Failure) [PSYoungGen: 416908K->184462K(465920K)] 1178444K->946279K(1371136K), 0.0203997 secs] [Times: user=0.03 sys=0.00, real=0.02 secs] 
2270.281: [GC (Allocation Failure) [PSYoungGen: 417422K->129060K(465920K)] 1179239K->891143K(1371136K), 0.0221877 secs] [Times: user=0.05 sys=0.00, real=0.02 secs] 
2273.259: [GC (Allocation Failure) [PSYoungGen: 362020K->23290K(465920K)] 1124103K->785664K(1371136K), 0.0074479 secs] [Times: user=0.02 sys=0.00, real=0.01 secs] 
2273.672: [GC (Allocation Failure) [PSYoungGen: 256250K->186357K(465920K)] 1018624K->949978K(1371136K), 0.0207599 secs] [Times: user=0.03 sys=0.00, real=0.02 secs] 
2273.958: [GC (Allocation Failure) [PSYoungGen: 419317K->184783K(465920K)] 1182938K->948677K(1371136K), 0.0207701 secs] [Times: user=0.03 sys=0.00, real=0.02 secs] 
2275.811: [GC (Allocation Failure) [PSYoungGen: 417743K->104255K(465920K)] 1181637K->868414K(1371136K), 0.0169267 secs] [Times: user=0.03 sys=0.00, real=0.02 secs] 
2278.649: [GC (Allocation Failure) [PSYoungGen: 337215K->48641K(465920K)] 1101374K->813115K(1371136K), 0.0091648 secs] [Times: user=0.02 sys=0.00, real=0.01 secs] 
2278.963: [GC (Allocation Failure) [PSYoungGen: 281601K->186389K(465920K)] 1046075K->952117K(1371136K), 0.0207668 secs] [Times: user=0.03 sys=0.00, real=0.02 secs] 
2279.250: [GC (Allocation Failure) [PSYoungGen: 419349K->185972K(465920K)] 1185077K->951973K(1371136K), 0.0206487 secs] [Times: user=0.03 sys=0.01, real=0.02 secs] 
2280.141: [GC (Allocation Failure) [PSYoungGen: 418932K->61347K(465920K)] 1184933K->827613K(1371136K), 0.0103060 secs] [Times: user=0.02 sys=0.00, real=0.01 secs] 
2281.453: [GC (Allocation Failure) [PSYoungGen: 294198K->74538K(465920K)] 1060464K->841118K(1371136K), 0.0092883 secs] [Times: user=0.02 sys=0.00, real=0.01 secs] 
2281.726: [GC (Allocation Failure) [PSYoungGen: 307498K->183916K(465920K)] 1074078K->951741K(1371136K), 0.0204239 secs] [Times: user=0.03 sys=0.00, real=0.02 secs] 
2282.067: [GC (Allocation Failure) [PSYoungGen: 416876K->184366K(465920K)] 1184701K->952464K(1371136K), 0.0206515 secs] [Times: user=0.03 sys=0.00, real=0.02 secs] 
2283.246: [GC (Allocation Failure) [PSYoungGen: 417326K->39498K(465920K)] 1185424K->807862K(1371136K), 0.0076165 secs] [Times: user=0.02 sys=0.00, real=0.00 secs] 
2283.953: [GC (Allocation Failure) [PSYoungGen: 272458K->96676K(465920K)] 1040822K->865355K(1371136K), 0.0115329 secs] [Times: user=0.02 sys=0.00, real=0.01 secs] 
2284.228: [GC (Allocation Failure) [PSYoungGen: 329636K->183851K(465920K)] 1098315K->953784K(1371136K), 0.0204378 secs] [Times: user=0.03 sys=0.00, real=0.02 secs] 
2284.583: [GC (Allocation Failure) [PSYoungGen: 416811K->184365K(465920K)] 1186744K->954571K(1371136K), 0.0205360 secs] [Times: user=0.03 sys=0.00, real=0.02 secs] 
2285.785: [GC (Allocation Failure) [PSYoungGen: 417325K->17586K(465920K)] 1187531K->788081K(1371136K), 0.0047517 secs] [Times: user=0.01 sys=0.00, real=0.01 secs] 
2286.343: [GC (Allocation Failure) [PSYoungGen: 250546K->118621K(465920K)] 1021041K->889430K(1371136K), 0.0139469 secs] [Times: user=0.02 sys=0.00, real=0.02 secs] 
2286.680: [GC (Allocation Failure) [PSYoungGen: 351581K->184719K(465920K)] 1122390K->956773K(1371136K), 0.0206707 secs] [Times: user=0.03 sys=0.00, real=0.02 secs] 
2287.102: [GC (Allocation Failure) [PSYoungGen: 417679K->179442K(465920K)] 1189733K->951769K(1371136K), 0.0232838 secs] [Times: user=0.04 sys=0.00, real=0.02 secs] 
2290.143: [GC (Allocation Failure) [PSYoungGen: 412402K->64K(465920K)] 1184729K->773835K(1371136K), 0.0035634 secs] [Times: user=0.02 sys=0.00, real=0.01 secs] 
2290.890: [GC (Allocation Failure) [PSYoungGen: 233024K->140146K(465920K)] 1006795K->913941K(1371136K), 0.0161703 secs] [Times: user=0.02 sys=0.00, real=0.01 secs] 
2291.170: [GC (Allocation Failure) [PSYoungGen: 373106K->184719K(465920K)] 1146901K->959760K(1371136K), 0.0206467 secs] [Times: user=0.03 sys=0.00, real=0.02 secs] 
2291.698: [GC (Allocation Failure) [PSYoungGen: 417179K->161515K(465920K)] 1192220K->936949K(1371136K), 0.0221356 secs] [Times: user=0.03 sys=0.00, real=0.02 secs] 
2293.352: [GC (Allocation Failure) [PSYoungGen: 394475K->64K(465920K)] 1169909K->776817K(1371136K), 0.0032945 secs] [Times: user=0.02 sys=0.00, real=0.00 secs] 
2293.954: [GC (Allocation Failure) [PSYoungGen: 233024K->161355K(465920K)] 1009777K->938125K(1371136K), 0.0180961 secs] [Times: user=0.03 sys=0.00, real=0.02 secs] 
2294.237: [GC (Allocation Failure) [PSYoungGen: 394315K->184751K(465920K)] 1171085K->962774K(1371136K), 0.0204618 secs] [Times: user=0.03 sys=0.00, real=0.02 secs] 
2294.944: [GC (Allocation Failure) [PSYoungGen: 417711K->144420K(465920K)] 1195734K->922845K(1371136K), 0.0213328 secs] [Times: user=0.03 sys=0.01, real=0.02 secs] 
2297.409: [GC (Allocation Failure) [PSYoungGen: 377380K->96K(465920K)] 1155805K->779840K(1371136K), 0.0047770 secs] [Times: user=0.02 sys=0.00, real=0.00 secs] 
2297.805: [GC (Allocation Failure) [PSYoungGen: 233056K->183911K(465920K)] 1012800K->963679K(1371136K), 0.0204374 secs] [Times: user=0.03 sys=0.00, real=0.03 secs] 
2298.095: [GC (Allocation Failure) [PSYoungGen: 416871K->184462K(465920K)] 1196639K->965483K(1371136K), 0.0205869 secs] [Times: user=0.03 sys=0.00, real=0.02 secs] 
2298.682: [GC (Allocation Failure) [PSYoungGen: 417422K->130378K(465920K)] 1198443K->911672K(1371136K), 0.0164802 secs] [Times: user=0.03 sys=0.00, real=0.02 secs] 
2299.681: [GC (Allocation Failure) [PSYoungGen: 363338K->22323K(465920K)] 1144632K->803931K(1371136K), 0.0042656 secs] [Times: user=0.02 sys=0.00, real=0.00 secs] 
2299.950: [GC (Allocation Failure) [PSYoungGen: 255283K->184301K(465920K)] 1036891K->967163K(1371136K), 0.0206985 secs] [Times: user=0.03 sys=0.00, real=0.02 secs] 
2300.243: [GC (Allocation Failure) [PSYoungGen: 417261K->183852K(465920K)] 1200123K->966987K(1371136K), 0.0207699 secs] [Times: user=0.03 sys=0.00, real=0.02 secs] 
2300.955: [GC (Allocation Failure) [PSYoungGen: 416812K->108272K(465920K)] 1199947K->891680K(1371136K), 0.0146118 secs] [Times: user=0.03 sys=0.00, real=0.02 secs] 
2302.387: [GC (Allocation Failure) [PSYoungGen: 341232K->44271K(465920K)] 1124640K->827993K(1371136K), 0.0063886 secs] [Times: user=0.02 sys=0.00, real=0.00 secs] 
2302.716: [GC (Allocation Failure) [PSYoungGen: 277231K->186389K(465920K)] 1060953K->971365K(1371136K), 0.0206766 secs] [Times: user=0.03 sys=0.00, real=0.03 secs] 
2303.005: [GC (Allocation Failure) [PSYoungGen: 419349K->186036K(465920K)] 1204325K->971421K(1371136K), 0.0207266 secs] [Times: user=0.03 sys=0.00, real=0.03 secs] 
2304.690: [GC (Allocation Failure) [PSYoungGen: 418996K->65717K(465920K)] 1204381K->851239K(1371136K), 0.0146959 secs] [Times: user=0.03 sys=0.00, real=0.01 secs] 
2305.614: [GC (Allocation Failure) [PSYoungGen: 298677K->70393K(465920K)] 1084199K->856231K(1371136K), 0.0090151 secs] [Times: user=0.02 sys=0.00, real=0.01 secs] 
2305.890: [GC (Allocation Failure) [PSYoungGen: 303353K->186421K(465920K)] 1089191K->973513K(1371136K), 0.0207937 secs] [Times: user=0.03 sys=0.00, real=0.02 secs] 
2306.176: [GC (Allocation Failure) [PSYoungGen: 419381K->184783K(465920K)] 1206473K->972148K(1371136K), 0.0207630 secs] [Times: user=0.03 sys=0.00, real=0.02 secs] 
2307.707: [GC (Allocation Failure) [PSYoungGen: 417743K->40752K(465920K)] 1205108K->828381K(1371136K), 0.0078815 secs] [Times: user=0.02 sys=0.00, real=0.00 secs] 
2308.471: [GC (Allocation Failure) [PSYoungGen: 273712K->94906K(465920K)] 1061341K->882835K(1371136K), 0.0115777 secs] [Times: user=0.02 sys=0.00, real=0.01 secs] 
2308.805: [GC (Allocation Failure) [PSYoungGen: 327866K->183948K(465920K)] 1115795K->973130K(1371136K), 0.0205252 secs] [Times: user=0.03 sys=0.00, real=0.03 secs] 
2309.095: [GC (Allocation Failure) [PSYoungGen: 416908K->184462K(465920K)] 1206090K->973925K(1371136K), 0.0206675 secs] [Times: user=0.03 sys=0.00, real=0.02 secs] 
2310.628: [GC (Allocation Failure) [PSYoungGen: 417422K->19160K(465920K)] 1206885K->808889K(1371136K), 0.0050654 secs] [Times: user=0.02 sys=0.00, real=0.00 secs] 
2311.232: [GC (Allocation Failure) [PSYoungGen: 252120K->116886K(465920K)] 1041849K->906925K(1371136K), 0.0137987 secs] [Times: user=0.02 sys=0.00, real=0.02 secs] 
2311.510: [GC (Allocation Failure) [PSYoungGen: 349846K->183819K(465920K)] 1139885K->975111K(1371136K), 0.0204582 secs] [Times: user=0.03 sys=0.00, real=0.02 secs] 
2312.033: [GC (Allocation Failure) [PSYoungGen: 416779K->181901K(465920K)] 1208071K->973595K(1371136K), 0.0230427 secs] [Times: user=0.03 sys=0.00, real=0.02 secs] 
2314.314: [GC (Allocation Failure) [PSYoungGen: 414861K->64K(465920K)] 1206555K->793076K(1371136K), 0.0029948 secs] [Times: user=0.02 sys=0.00, real=0.01 secs] 
2315.222: [GC (Allocation Failure) [PSYoungGen: 233024K->138382K(465920K)] 1026036K->931402K(1371136K), 0.0159946 secs] [Times: user=0.02 sys=0.00, real=0.02 secs] 
2315.567: [GC (Allocation Failure) [PSYoungGen: 371342K->184333K(465920K)] 1164362K->978616K(1371136K), 0.0205507 secs] [Times: user=0.03 sys=0.00, real=0.02 secs] 
2316.288: [GC (Allocation Failure) [PSYoungGen: 417293K->163667K(465920K)] 1211576K->958223K(1371136K), 0.0438463 secs] [Times: user=0.07 sys=0.01, real=0.04 secs] 
2318.615: [GC (Allocation Failure) [PSYoungGen: 396627K->64K(465920K)] 1191183K->796055K(1371136K), 0.0036361 secs] [Times: user=0.02 sys=0.00, real=0.01 secs] 
2319.333: [GC (Allocation Failure) [PSYoungGen: 232916K->160167K(465920K)] 1028907K->956174K(1371136K), 0.0180002 secs] [Times: user=0.02 sys=0.00, real=0.02 secs] 
2319.615: [GC (Allocation Failure) [PSYoungGen: 393127K->184301K(465920K)] 1189134K->981554K(1371136K), 0.0205246 secs] [Times: user=0.03 sys=0.00, real=0.02 secs] 
2320.178: [GC (Allocation Failure) [PSYoungGen: 417261K->145898K(465920K)] 1214514K->943424K(1371136K), 0.0172959 secs] [Times: user=0.03 sys=0.00, real=0.01 secs] 
2321.372: [GC (Allocation Failure) [PSYoungGen: 378858K->64K(465920K)] 1176384K->799027K(1371136K), 0.0030174 secs] [Times: user=0.01 sys=0.00, real=0.00 secs] 
2321.773: [GC (Allocation Failure) [PSYoungGen: 233024K->182048K(465920K)] 1031987K->981027K(1371136K), 0.0201238 secs] [Times: user=0.03 sys=0.00, real=0.02 secs] 
2322.057: [GC (Allocation Failure) [PSYoungGen: 415008K->184076K(465920K)] 1213987K->984301K(1371136K), 0.0205260 secs] [Times: user=0.03 sys=0.00, real=0.02 secs] 
2323.639: [GC (Allocation Failure) [PSYoungGen: 417036K->132546K(465920K)] 1217261K->933037K(1371136K), 0.0278328 secs] [Times: user=0.05 sys=0.00, real=0.03 secs] 
2324.950: [GC (Allocation Failure) [PSYoungGen: 365506K->20301K(465920K)] 1165997K->821099K(1371136K), 0.0040971 secs] [Times: user=0.01 sys=0.00, real=0.00 secs] 
2325.287: [GC (Allocation Failure) [PSYoungGen: 253261K->186357K(465920K)] 1054059K->988546K(1371136K), 0.0209828 secs] [Times: user=0.03 sys=0.00, real=0.02 secs] 
2325.631: [GC (Allocation Failure) [PSYoungGen: 419317K->186068K(465920K)] 1221506K->988401K(1371136K), 0.0209756 secs] [Times: user=0.03 sys=0.00, real=0.02 secs] 
2327.860: [GC (Allocation Failure) [PSYoungGen: 419028K->106087K(465920K)] 1221361K->908813K(1371136K), 0.0198696 secs] [Times: user=0.04 sys=0.00, real=0.02 secs] 
2328.710: [GC (Allocation Failure) [PSYoungGen: 339047K->47162K(465920K)] 1141773K->850082K(1371136K), 0.0066766 secs] [Times: user=0.02 sys=0.00, real=0.01 secs] 
2328.985: [GC (Allocation Failure) [PSYoungGen: 280122K->186132K(465920K)] 1083042K->990298K(1371136K), 0.0207395 secs] [Times: user=0.03 sys=0.00, real=0.02 secs] 
2329.279: [GC (Allocation Failure) [PSYoungGen: 419092K->185907K(465920K)] 1223258K->990354K(1371136K), 0.0207462 secs] [Times: user=0.03 sys=0.00, real=0.02 secs] 
2331.283: [GC (Allocation Failure) [PSYoungGen: 418867K->63211K(465920K)] 1223314K->867923K(1371136K), 0.0161880 secs] [Times: user=0.03 sys=0.00, real=0.02 secs] 
2332.485: [GC (Allocation Failure) [PSYoungGen: 296171K->73478K(465920K)] 1100883K->878503K(1371136K), 0.0094188 secs] [Times: user=0.02 sys=0.00, real=0.01 secs] 
2332.761: [GC (Allocation Failure) [PSYoungGen: 306438K->185875K(465920K)] 1111463K->992146K(1371136K), 0.0207365 secs] [Times: user=0.03 sys=0.00, real=0.02 secs] 
2333.047: [GC (Allocation Failure) [PSYoungGen: 418835K->184430K(465920K)] 1225106K->990974K(1371136K), 0.0205555 secs] [Times: user=0.03 sys=0.00, real=0.02 secs] 
2333.975: [GC (Allocation Failure) [PSYoungGen: 417390K->38567K(465920K)] 1223934K->845376K(1371136K), 0.0074779 secs] [Times: user=0.01 sys=0.00, real=0.01 secs] 
2334.618: [GC (Allocation Failure) [PSYoungGen: 271527K->97894K(465920K)] 1078336K->905020K(1371136K), 0.0118088 secs] [Times: user=0.02 sys=0.00, real=0.01 secs] 
2334.954: [GC (Allocation Failure) [PSYoungGen: 330854K->184076K(465920K)] 1137980K->992585K(1371136K), 0.0205992 secs] [Times: user=0.03 sys=0.00, real=0.02 secs] 
2335.239: [GC (Allocation Failure) [PSYoungGen: 417036K->184044K(465920K)] 1225545K->992697K(1371136K), 0.0209094 secs] [Times: user=0.02 sys=0.00, real=0.02 secs] 
2337.886: [GC (Allocation Failure) [PSYoungGen: 417004K->25198K(465920K)] 1225657K->834116K(1371136K), 0.0058089 secs] [Times: user=0.02 sys=0.00, real=0.00 secs] 
2338.105: [GC (Allocation Failure) [PSYoungGen: 258158K->186486K(465920K)] 1067076K->997076K(1371136K), 0.0210258 secs] [Times: user=0.03 sys=0.00, real=0.02 secs] 
2338.317: [GC (Allocation Failure) [PSYoungGen: 419446K->186132K(465920K)] 1230036K->996867K(1371136K), 0.0209090 secs] [Times: user=0.03 sys=0.00, real=0.02 secs] 
2339.479: [GC (Allocation Failure) [PSYoungGen: 419092K->116160K(465920K)] 1229827K->927160K(1371136K), 0.0348726 secs] [Times: user=0.07 sys=0.00, real=0.03 secs] 
2341.421: [GC (Allocation Failure) [PSYoungGen: 349120K->37459K(465920K)] 1160120K->848765K(1371136K), 0.0075913 secs] [Times: user=0.02 sys=0.00, real=0.01 secs] 
2341.793: [GC (Allocation Failure) [PSYoungGen: 270419K->185715K(465920K)] 1081725K->998266K(1371136K), 0.0208714 secs] [Times: user=0.02 sys=0.00, real=0.02 secs] 
2342.135: [GC (Allocation Failure) [PSYoungGen: 418675K->185811K(465920K)] 1231226K->998636K(1371136K), 0.0210239 secs] [Times: user=0.03 sys=0.01, real=0.02 secs] 
2342.807: [GC (Allocation Failure) [PSYoungGen: 418771K->73300K(465920K)] 1231596K->886389K(1371136K), 0.0117582 secs] [Times: user=0.03 sys=0.00, real=0.01 secs] 
2343.895: [GC (Allocation Failure) [PSYoungGen: 306260K->63836K(465920K)] 1119349K->877254K(1371136K), 0.0111867 secs] [Times: user=0.02 sys=0.00, real=0.02 secs] 
2344.254: [GC (Allocation Failure) [PSYoungGen: 296796K->184205K(465920K)] 1110214K->998869K(1371136K), 0.0205992 secs] [Times: user=0.03 sys=0.00, real=0.02 secs] 
2344.539: [GC (Allocation Failure) [PSYoungGen: 417165K->184719K(465920K)] 1231829K->999664K(1371136K), 0.0206425 secs] [Times: user=0.03 sys=0.00, real=0.02 secs] 
2345.627: [GC (Allocation Failure) [PSYoungGen: 417679K->49652K(465920K)] 1232624K->864862K(1371136K), 0.0086922 secs] [Times: user=0.02 sys=0.00, real=0.00 secs] 
2347.255: [GC (Allocation Failure) [PSYoungGen: 282612K->87647K(465920K)] 1097822K->903182K(1371136K), 0.0107520 secs] [Times: user=0.02 sys=0.00, real=0.02 secs] 
2347.586: [GC (Allocation Failure) [PSYoungGen: 320607K->186004K(465920K)] 1136142K->1002784K(1371136K), 0.0208197 secs] [Times: user=0.03 sys=0.00, real=0.02 secs] 
2347.877: [GC (Allocation Failure) [PSYoungGen: 418964K->185811K(465920K)] 1235744K->1002993K(1371136K), 0.0208861 secs] [Times: user=0.03 sys=0.00, real=0.02 secs] 
2350.102: [GC (Allocation Failure) [PSYoungGen: 418771K->22823K(465920K)] 1235953K->840141K(1371136K), 0.0084166 secs] [Times: user=0.02 sys=0.00, real=0.01 secs] 
2351.536: [GC (Allocation Failure) [PSYoungGen: 255783K->112484K(465920K)] 1073101K->930104K(1371136K), 0.0133694 secs] [Times: user=0.02 sys=0.00, real=0.01 secs] 
2351.817: [GC (Allocation Failure) [PSYoungGen: 345444K->184173K(465920K)] 1163064K->1003038K(1371136K), 0.0206289 secs] [Times: user=0.03 sys=0.00, real=0.02 secs] 
2352.104: [GC (Allocation Failure) [PSYoungGen: 417133K->184301K(465920K)] 1235998K->1003447K(1371136K), 0.0206108 secs] [Times: user=0.03 sys=0.00, real=0.02 secs] 
2354.291: [GC (Allocation Failure) [PSYoungGen: 417261K->1328K(465920K)] 1236407K->820626K(1371136K), 0.0048078 secs] [Times: user=0.03 sys=0.00, real=0.01 secs] 
2355.341: [GC (Allocation Failure) [PSYoungGen: 234288K->134333K(465920K)] 1053586K->953812K(1371136K), 0.0157199 secs] [Times: user=0.02 sys=0.00, real=0.02 secs] 
2355.679: [GC (Allocation Failure) [PSYoungGen: 367293K->184590K(465920K)] 1186772K->1005322K(1371136K), 0.0205132 secs] [Times: user=0.03 sys=0.00, real=0.02 secs] 
2356.143: [GC (Allocation Failure) [PSYoungGen: 417550K->167443K(465920K)] 1238282K->988440K(1371136K), 0.0226879 secs] [Times: user=0.04 sys=0.00, real=0.02 secs] 
2357.268: [GC (Allocation Failure) [PSYoungGen: 400403K->64K(465920K)] 1221400K->822500K(1371136K), 0.0041273 secs] [Times: user=0.02 sys=0.00, real=0.00 secs] 
2357.669: [GC (Allocation Failure) [PSYoungGen: 233024K->157210K(465920K)] 1055460K->979663K(1371136K), 0.0176745 secs] [Times: user=0.03 sys=0.00, real=0.02 secs] 
2357.951: [GC (Allocation Failure) [PSYoungGen: 390170K->184462K(465920K)] 1212623K->1008152K(1371136K), 0.0204866 secs] [Times: user=0.03 sys=0.00, real=0.02 secs] 
2358.458: [GC (Allocation Failure) [PSYoungGen: 417422K->148790K(465920K)] 1241112K->972753K(1371136K), 0.0178619 secs] [Times: user=0.03 sys=0.00, real=0.01 secs] 
2359.462: [GC (Allocation Failure) [PSYoungGen: 381750K->64K(465920K)] 1205713K->825465K(1371136K), 0.0036634 secs] [Times: user=0.01 sys=0.00, real=0.00 secs] 
2359.858: [GC (Allocation Failure) [PSYoungGen: 233024K->179863K(465920K)] 1058425K->1005288K(1371136K), 0.0200493 secs] [Times: user=0.03 sys=0.00, real=0.02 secs] 
2360.142: [GC (Allocation Failure) [PSYoungGen: 412823K->184430K(465920K)] 1238248K->1011229K(1371136K), 0.0205520 secs] [Times: user=0.03 sys=0.00, real=0.02 secs] 
2360.717: [GC (Allocation Failure) [PSYoungGen: 417390K->134346K(465920K)] 1244189K->961418K(1371136K), 0.0199077 secs] [Times: user=0.04 sys=0.01, real=0.02 secs] 
2362.506: [GC (Allocation Failure) [PSYoungGen: 367306K->18149K(465920K)] 1194378K->845385K(1371136K), 0.0080592 secs] [Times: user=0.02 sys=0.00, real=0.01 secs] 
2362.875: [GC (Allocation Failure) [PSYoungGen: 251109K->186389K(465920K)] 1078345K->1014879K(1371136K), 0.0208514 secs] [Times: user=0.03 sys=0.00, real=0.02 secs] 
2363.214: [GC (Allocation Failure) [PSYoungGen: 419349K->184751K(465920K)] 1247839K->1013514K(1371136K), 0.0209047 secs] [Times: user=0.03 sys=0.00, real=0.02 secs] 
2364.074: [GC (Allocation Failure) [PSYoungGen: 417711K->109428K(465920K)] 1246474K->938456K(1371136K), 0.0139486 secs] [Times: user=0.03 sys=0.00, real=0.02 secs] 
2364.978: [GC (Allocation Failure) [PSYoungGen: 342388K->43464K(465920K)] 1171416K->872808K(1371136K), 0.0063791 secs] [Times: user=0.01 sys=0.00, real=0.00 secs] 
2365.251: [GC (Allocation Failure) [PSYoungGen: 276424K->186357K(465920K)] 1105768K->1016955K(1371136K), 0.0208119 secs] [Times: user=0.03 sys=0.00, real=0.02 secs] 
2365.542: [GC (Allocation Failure) [PSYoungGen: 419317K->185940K(465920K)] 1249915K->1016939K(1371136K), 0.0211591 secs] [Times: user=0.03 sys=0.00, real=0.02 secs] 
2367.375: [GC (Allocation Failure) [PSYoungGen: 418900K->66649K(465920K)] 1249899K->897784K(1371136K), 0.0242336 secs] [Times: user=0.05 sys=0.00, real=0.03 secs] 
2370.184: [GC (Allocation Failure) [PSYoungGen: 299609K->70008K(465920K)] 1130744K->901459K(1371136K), 0.0106555 secs] [Times: user=0.03 sys=0.00, real=0.01 secs] 
2370.479: [GC (Allocation Failure) [PSYoungGen: 302968K->186132K(465920K)] 1134419K->1018838K(1371136K), 0.0207617 secs] [Times: user=0.03 sys=0.00, real=0.02 secs] 
2370.820: [GC (Allocation Failure) [PSYoungGen: 419092K->185972K(465920K)] 1251798K->1019079K(1371136K), 0.0208490 secs] [Times: user=0.03 sys=0.00, real=0.02 secs] 
2372.707: [GC (Allocation Failure) [PSYoungGen: 418932K->40174K(465920K)] 1252039K->873545K(1371136K), 0.0149484 secs] [Times: user=0.04 sys=0.00, real=0.01 secs] 
2373.980: [GC (Allocation Failure) [PSYoungGen: 273134K->96804K(465920K)] 1106505K->930364K(1371136K), 0.0117780 secs] [Times: user=0.02 sys=0.00, real=0.01 secs] 
2374.256: [GC (Allocation Failure) [PSYoungGen: 329764K->184590K(465920K)] 1163324K->1019395K(1371136K), 0.0206241 secs] [Times: user=0.03 sys=0.00, real=0.02 secs] 
2374.543: [GC (Allocation Failure) [PSYoungGen: 417550K->186293K(465920K)] 1252355K->1021380K(1371136K), 0.0208429 secs] [Times: user=0.03 sys=0.00, real=0.02 secs] 
2375.799: [GC (Allocation Failure) [PSYoungGen: 419253K->14693K(465920K)] 1254340K->850045K(1371136K), 0.0048281 secs] [Times: user=0.02 sys=0.00, real=0.00 secs] 
2376.370: [GC (Allocation Failure) [PSYoungGen: 247653K->121639K(465920K)] 1083005K->957299K(1371136K), 0.0142605 secs] [Times: user=0.02 sys=0.00, real=0.01 secs] 
2376.648: [GC (Allocation Failure) [PSYoungGen: 354599K->184205K(465920K)] 1190259K->1021119K(1371136K), 0.0205553 secs] [Times: user=0.03 sys=0.00, real=0.02 secs] 
2377.049: [GC (Allocation Failure) [PSYoungGen: 417165K->177528K(465920K)] 1254079K->1014715K(1371136K), 0.0215594 secs] [Times: user=0.04 sys=0.00, real=0.02 secs] 
2378.328: [GC (Allocation Failure) [PSYoungGen: 410488K->64K(465920K)] 1247675K->838689K(1371136K), 0.0029149 secs] [Times: user=0.01 sys=0.00, real=0.00 secs] 
2378.814: [GC (Allocation Failure) [PSYoungGen: 233024K->143458K(465920K)] 1071649K->982100K(1371136K), 0.0163048 secs] [Times: user=0.02 sys=0.00, real=0.02 secs] 
2379.095: [GC (Allocation Failure) [PSYoungGen: 376418K->184719K(465920K)] 1215060K->1024613K(1371136K), 0.0207926 secs] [Times: user=0.03 sys=0.00, real=0.03 secs] 
2379.733: [GC (Allocation Failure) [PSYoungGen: 417679K->162269K(465920K)] 1257573K->1002557K(1371136K), 0.0215501 secs] [Times: user=0.03 sys=0.00, real=0.02 secs] 
2380.923: [GC (Allocation Failure) [PSYoungGen: 395229K->64K(465920K)] 1235517K->841655K(1371136K), 0.0030102 secs] [Times: user=0.01 sys=0.00, real=0.01 secs] 
2381.367: [GC (Allocation Failure) [PSYoungGen: 233024K->165854K(465920K)] 1074615K->1007461K(1371136K), 0.0187325 secs] [Times: user=0.02 sys=0.00, real=0.01 secs] 
2381.654: [GC (Allocation Failure) [PSYoungGen: 398814K->184044K(465920K)] 1240421K->1026905K(1371136K), 0.0211749 secs] [Times: user=0.03 sys=0.00, real=0.02 secs] 
2382.878: [GC (Allocation Failure) [PSYoungGen: 415969K->140516K(465920K)] 1258830K->983771K(1371136K), 0.0260094 secs] [Times: user=0.04 sys=0.00, real=0.02 secs] 
2384.612: [GC (Allocation Failure) [PSYoungGen: 373476K->1662K(465920K)] 1216731K->845094K(1371136K), 0.0029974 secs] [Times: user=0.01 sys=0.00, real=0.00 secs] 
2384.897: [GC (Allocation Failure) [PSYoungGen: 234622K->184719K(465920K)] 1078054K->1029541K(1371136K), 0.0205517 secs] [Times: user=0.03 sys=0.00, real=0.02 secs] 
2385.183: [GC (Allocation Failure) [PSYoungGen: 417679K->184687K(465920K)] 1262501K->1029661K(1371136K), 0.0209926 secs] [Times: user=0.03 sys=0.00, real=0.02 secs] 
2386.033: [GC (Allocation Failure) [PSYoungGen: 417647K->127775K(465920K)] 1262621K->973015K(1371136K), 0.0168115 secs] [Times: user=0.03 sys=0.00, real=0.02 secs] 
2388.158: [GC (Allocation Failure) [PSYoungGen: 360735K->24382K(465920K)] 1205975K->869935K(1371136K), 0.0064045 secs] [Times: user=0.02 sys=0.00, real=0.00 secs] 
2388.476: [GC (Allocation Failure) [PSYoungGen: 257342K->186389K(465920K)] 1102895K->1033325K(1371136K), 0.0211131 secs] [Times: user=0.03 sys=0.00, real=0.02 secs] 
2388.762: [GC (Allocation Failure) [PSYoungGen: 419349K->184815K(465920K)] 1266285K->1031887K(1371136K), 0.0213091 secs] [Times: user=0.03 sys=0.01, real=0.02 secs] 
2390.958: [GC (Allocation Failure) [PSYoungGen: 417775K->103195K(465920K)] 1264847K->950532K(1371136K), 0.0314231 secs] [Times: user=0.07 sys=0.00, real=0.03 secs] 
2392.737: [GC (Allocation Failure) [PSYoungGen: 336155K->48962K(465920K)] 1183492K->896607K(1371136K), 0.0070750 secs] [Times: user=0.01 sys=0.00, real=0.00 secs] 
2393.011: [GC (Allocation Failure) [PSYoungGen: 281922K->186261K(465920K)] 1129567K->1035152K(1371136K), 0.0208881 secs] [Times: user=0.03 sys=0.00, real=0.02 secs] 
2393.297: [GC (Allocation Failure) [PSYoungGen: 419221K->184719K(465920K)] 1268112K->1033882K(1371136K), 0.0208711 secs] [Times: user=0.03 sys=0.00, real=0.02 secs] 
2394.080: [GC (Allocation Failure) [PSYoungGen: 417679K->62504K(465920K)] 1266842K->911933K(1371136K), 0.0099598 secs] [Times: user=0.02 sys=0.00, real=0.01 secs] 
2394.949: [GC (Allocation Failure) [PSYoungGen: 295464K->73764K(465920K)] 1144893K->923498K(1371136K), 0.0093494 secs] [Times: user=0.01 sys=0.00, real=0.01 secs] 
2395.225: [GC (Allocation Failure) [PSYoungGen: 306724K->186357K(465920K)] 1156458K->1037482K(1371136K), 0.0207599 secs] [Times: user=0.03 sys=0.00, real=0.03 secs] 
2395.518: [GC (Allocation Failure) [PSYoungGen: 419317K->184879K(465920K)] 1270442K->1036156K(1371136K), 0.0208565 secs] [Times: user=0.03 sys=0.00, real=0.02 secs] 
2396.596: [GC (Allocation Failure) [PSYoungGen: 417839K->37442K(465920K)] 1269116K->888984K(1371136K), 0.0091341 secs] [Times: user=0.02 sys=0.00, real=0.00 secs] 
2397.887: [GC (Allocation Failure) [PSYoungGen: 270402K->98475K(465920K)] 1121944K->950323K(1371136K), 0.0119801 secs] [Times: user=0.02 sys=0.00, real=0.01 secs] 
2398.163: [GC (Allocation Failure) [PSYoungGen: 331435K->184205K(465920K)] 1183283K->1037298K(1371136K), 0.0205964 secs] [Times: user=0.03 sys=0.00, real=0.02 secs] 
2398.448: [GC (Allocation Failure) [PSYoungGen: 417165K->184430K(465920K)] 1270258K->1037925K(1371136K), 0.0206262 secs] [Times: user=0.03 sys=0.00, real=0.02 secs] 
2400.637: [GC (Allocation Failure) [PSYoungGen: 417390K->15336K(465920K)] 1270885K->868968K(1371136K), 0.0097294 secs] [Times: user=0.03 sys=0.00, real=0.01 secs] 
2401.766: [GC (Allocation Failure) [PSYoungGen: 248296K->120678K(465920K)] 1101928K->974610K(1371136K), 0.0143139 secs] [Times: user=0.02 sys=0.00, real=0.02 secs] 
2402.044: [GC (Allocation Failure) [PSYoungGen: 353638K->184205K(465920K)] 1207570K->1039390K(1371136K), 0.0206566 secs] [Times: user=0.03 sys=0.00, real=0.02 secs] 
2402.479: [GC (Allocation Failure) [PSYoungGen: 417165K->178364K(465920K)] 1272350K->1033830K(1371136K), 0.0232476 secs] [Times: user=0.03 sys=0.00, real=0.02 secs] 
2404.465: [GC (Allocation Failure) [PSYoungGen: 411324K->64K(465920K)] 1266790K->856970K(1371136K), 0.0037464 secs] [Times: user=0.02 sys=0.00, real=0.01 secs] 
2405.278: [GC (Allocation Failure) [PSYoungGen: 233024K->142591K(465920K)] 1089930K->999513K(1371136K), 0.0163357 secs] [Times: user=0.03 sys=0.00, real=0.01 secs] 
2405.561: [GC (Allocation Failure) [PSYoungGen: 375551K->183787K(465920K)] 1232473K->1041971K(1371136K), 0.0208986 secs] [Times: user=0.03 sys=0.00, real=0.02 secs] 
2406.284: [GC (Allocation Failure) [PSYoungGen: 413066K->159940K(465920K)] 1271249K->1018389K(1371136K), 0.0226516 secs] [Times: user=0.04 sys=0.00, real=0.03 secs] 
2407.982: [GC (Allocation Failure) [PSYoungGen: 392900K->64K(465920K)] 1251349K->859944K(1371136K), 0.0037327 secs] [Times: user=0.02 sys=0.00, real=0.01 secs] 
2408.501: [GC (Allocation Failure) [PSYoungGen: 233024K->161580K(465920K)] 1092904K->1021485K(1371136K), 0.0184160 secs] [Times: user=0.02 sys=0.00, real=0.02 secs] 
2408.783: [GC (Allocation Failure) [PSYoungGen: 394540K->184687K(465920K)] 1254445K->1045845K(1371136K), 0.0206393 secs] [Times: user=0.03 sys=0.00, real=0.02 secs] 
2409.488: [GC (Allocation Failure) [PSYoungGen: 417647K->144131K(465920K)] 1278805K->1005562K(1371136K), 0.0182749 secs] [Times: user=0.03 sys=0.00, real=0.02 secs] 
2411.391: [GC (Allocation Failure) [PSYoungGen: 377091K->64K(465920K)] 1238522K->862944K(1371136K), 0.0041553 secs] [Times: user=0.02 sys=0.00, real=0.00 secs] 
2411.808: [GC (Allocation Failure) [PSYoungGen: 233024K->185004K(465920K)] 1095904K->1047908K(1371136K), 0.0205435 secs] [Times: user=0.02 sys=0.00, real=0.02 secs] 
2412.147: [GC (Allocation Failure) [PSYoungGen: 417964K->183819K(465920K)] 1280868K->1047970K(1371136K), 0.0205596 secs] [Times: user=0.02 sys=0.00, real=0.02 secs] 
2413.797: [GC (Allocation Failure) [PSYoungGen: 416779K->129831K(465920K)] 1280930K->994376K(1371136K), 0.0273740 secs] [Times: user=0.05 sys=0.00, real=0.02 secs] 
2416.417: [GC (Allocation Failure) [PSYoungGen: 362791K->22133K(465920K)] 1227336K->886865K(1371136K), 0.0075308 secs] [Times: user=0.02 sys=0.00, real=0.00 secs] 
2416.831: [GC (Allocation Failure) [PSYoungGen: 255093K->186518K(465920K)] 1119825K->1052503K(1371136K), 0.0209127 secs] [Times: user=0.03 sys=0.00, real=0.02 secs] 
2417.118: [GC (Allocation Failure) [PSYoungGen: 419478K->186132K(465920K)] 1285463K->1052391K(1371136K), 0.0208134 secs] [Times: user=0.03 sys=0.00, real=0.02 secs] 
2418.948: [GC (Allocation Failure) [PSYoungGen: 419092K->104014K(465920K)] 1285351K->970674K(1371136K), 0.0220738 secs] [Times: user=0.04 sys=0.00, real=0.02 secs] 
2420.528: [GC (Allocation Failure) [PSYoungGen: 336974K->49315K(465920K)] 1203634K->916176K(1371136K), 0.0072528 secs] [Times: user=0.02 sys=0.00, real=0.00 secs] 
2420.862: [GC (Allocation Failure) [PSYoungGen: 282275K->185747K(465920K)] 1149136K->1053854K(1371136K), 0.0209497 secs] [Times: user=0.03 sys=0.00, real=0.02 secs] 
2421.148: [GC (Allocation Failure) [PSYoungGen: 418707K->185779K(465920K)] 1286814K->1054159K(1371136K), 0.0210003 secs] [Times: user=0.03 sys=0.00, real=0.02 secs] 
2421.928: [GC (Allocation Failure) [PSYoungGen: 418739K->61444K(465920K)] 1287119K->930089K(1371136K), 0.0103827 secs] [Times: user=0.02 sys=0.00, real=0.01 secs] 
2422.887: [GC (Allocation Failure) [PSYoungGen: 294404K->75406K(465920K)] 1163049K->944364K(1371136K), 0.0096754 secs] [Times: user=0.01 sys=0.00, real=0.01 secs] 
2423.252: [GC (Allocation Failure) [PSYoungGen: 308366K->185875K(465920K)] 1177324K->1056080K(1371136K), 0.0210060 secs] [Times: user=0.03 sys=0.00, real=0.02 secs] 
2423.598: [GC (Allocation Failure) [PSYoungGen: 418835K->184430K(465920K)] 1289040K->1054907K(1371136K), 0.0209493 secs] [Times: user=0.03 sys=0.00, real=0.02 secs] 
2424.434: [GC (Allocation Failure) [PSYoungGen: 417390K->36671K(465920K)] 1287867K->907413K(1371136K), 0.0074393 secs] [Times: user=0.01 sys=0.00, real=0.01 secs] 
2425.076: [GC (Allocation Failure) [PSYoungGen: 269631K->99761K(465920K)] 1140373K->970816K(1371136K), 0.0120122 secs] [Times: user=0.02 sys=0.00, real=0.01 secs] 
2425.352: [GC (Allocation Failure) [PSYoungGen: 332721K->184076K(465920K)] 1203776K->1056514K(1371136K), 0.0206738 secs] [Times: user=0.03 sys=0.00, real=0.02 secs] 
2425.638: [GC (Allocation Failure) [PSYoungGen: 417036K->183980K(465920K)] 1289474K->1056563K(1371136K), 0.0215339 secs] [Times: user=0.03 sys=0.00, real=0.02 secs] 
2427.221: [GC (Allocation Failure) [PSYoungGen: 416940K->14501K(465920K)] 1289523K->887349K(1371136K), 0.0043141 secs] [Times: user=0.02 sys=0.00, real=0.00 secs] 
2427.808: [GC (Allocation Failure) [PSYoungGen: 247461K->121063K(465920K)] 1120309K->994225K(1371136K), 0.0141784 secs] [Times: user=0.03 sys=0.00, real=0.01 secs] 
2428.167: [GC (Allocation Failure) [PSYoungGen: 354023K->184944K(465920K)] 1227185K->1059351K(1371136K), 0.0207644 secs] [Times: user=0.02 sys=0.01, real=0.02 secs] 
2428.551: [GC (Allocation Failure) [PSYoungGen: 417904K->177207K(465920K)] 1292311K->1051879K(1371136K), 0.0224703 secs] [Times: user=0.03 sys=0.00, real=0.02 secs] 
2430.531: [GC (Allocation Failure) [PSYoungGen: 410167K->64K(465920K)] 1284839K->876163K(1371136K), 0.0042438 secs] [Times: user=0.02 sys=0.00, real=0.00 secs] 
2431.240: [GC (Allocation Failure) [PSYoungGen: 233018K->145129K(465920K)] 1109118K->1021253K(1371136K), 0.0165749 secs] [Times: user=0.03 sys=0.00, real=0.02 secs] 
2431.523: [GC (Allocation Failure) [PSYoungGen: 378089K->186004K(465920K)] 1254213K->1063510K(1371136K), 0.0209272 secs] [Times: user=0.03 sys=0.00, real=0.02 secs] 
2432.262: [GC (Allocation Failure) [PSYoungGen: 418964K->159329K(465920K)] 1296470K->1036979K(1371136K), 0.0221175 secs] [Times: user=0.04 sys=0.00, real=0.02 secs] 
2434.813: [GC (Allocation Failure) [PSYoungGen: 392289K->96K(465920K)] 1269939K->879192K(1371136K), 0.0046572 secs] [Times: user=0.02 sys=0.00, real=0.01 secs] 
2435.315: [GC (Allocation Failure) [PSYoungGen: 233056K->170191K(465920K)] 1112152K->1049327K(1371136K), 0.0192786 secs] [Times: user=0.03 sys=0.00, real=0.02 secs] 
2435.600: [GC (Allocation Failure) [PSYoungGen: 403151K->184301K(465920K)] 1282287K->1064691K(1371136K), 0.0208797 secs] [Times: user=0.03 sys=0.00, real=0.02 secs] 
2436.552: [GC (Allocation Failure) [PSYoungGen: 410935K->135922K(465920K)] 1291325K->1016576K(1371136K), 0.0200490 secs] [Times: user=0.04 sys=0.00, real=0.02 secs] 
2439.168: [GC (Allocation Failure) [PSYoungGen: 368882K->96K(465920K)] 1249536K->881056K(1371136K), 0.0062693 secs] [Times: user=0.03 sys=0.00, real=0.00 secs] 
2439.546: [GC (Allocation Failure) [PSYoungGen: 233056K->183975K(465920K)] 1114016K->1064968K(1371136K), 0.0205783 secs] [Times: user=0.03 sys=0.00, real=0.02 secs] 
2439.888: [GC (Allocation Failure) [PSYoungGen: 416935K->184333K(465920K)] 1297928K->1066563K(1371136K), 0.0208043 secs] [Times: user=0.03 sys=0.00, real=0.02 secs] 
2440.519: [GC (Allocation Failure) [PSYoungGen: 417293K->130346K(465920K)] 1299523K->1012841K(1371136K), 0.0162004 secs] [Times: user=0.03 sys=0.00, real=0.01 secs] 
2442.685: [GC (Allocation Failure) [PSYoungGen: 363306K->21747K(465920K)] 1245801K->904548K(1371136K), 0.0074017 secs] [Times: user=0.02 sys=0.00, real=0.01 secs] 
2443.029: [GC (Allocation Failure) [PSYoungGen: 254707K->184076K(465920K)] 1137508K->1068131K(1371136K), 0.0206544 secs] [Times: user=0.03 sys=0.00, real=0.02 secs] 
2443.315: [GC (Allocation Failure) [PSYoungGen: 417036K->184076K(465920K)] 1301091K->1068404K(1371136K), 0.0206840 secs] [Times: user=0.03 sys=0.00, real=0.02 secs] 
2443.992: [GC (Allocation Failure) [PSYoungGen: 417036K->108914K(465920K)] 1301364K->993635K(1371136K), 0.0147168 secs] [Times: user=0.03 sys=0.00, real=0.02 secs] 
2444.921: [GC (Allocation Failure) [PSYoungGen: 341874K->43949K(465920K)] 1226595K->928850K(1371136K), 0.0065984 secs] [Times: user=0.02 sys=0.00, real=0.01 secs] 
2445.247: [GC (Allocation Failure) [PSYoungGen: 276909K->184976K(465920K)] 1161810K->1071130K(1371136K), 0.0207061 secs] [Times: user=0.03 sys=0.00, real=0.02 secs] 
2445.593: [GC (Allocation Failure) [PSYoungGen: 417936K->184880K(465920K)] 1304090K->1071307K(1371136K), 0.0212011 secs] [Times: user=0.03 sys=0.00, real=0.02 secs] 
2446.937: [GC (Allocation Failure) [PSYoungGen: 417840K->68577K(465920K)] 1304267K->955269K(1371136K), 0.0171017 secs] [Times: user=0.03 sys=0.00, real=0.01 secs] 
2448.344: [GC (Allocation Failure) [PSYoungGen: 301537K->67309K(465920K)] 1188229K->954311K(1371136K), 0.0093518 secs] [Times: user=0.02 sys=0.00, real=0.01 secs] 
2448.619: [GC (Allocation Failure) [PSYoungGen: 300269K->184205K(465920K)] 1187271K->1072453K(1371136K), 0.0207226 secs] [Times: user=0.03 sys=0.00, real=0.02 secs] 
2448.905: [GC (Allocation Failure) [PSYoungGen: 417165K->184301K(465920K)] 1305413K->1072822K(1371136K), 0.0206860 secs] [Times: user=0.02 sys=0.00, real=0.02 secs] 
2449.726: [GC (Allocation Failure) [PSYoungGen: 417261K->46535K(465920K)] 1305782K->935322K(1371136K), 0.0079680 secs] [Times: user=0.02 sys=0.00, real=0.00 secs] 
2450.785: [GC (Allocation Failure) [PSYoungGen: 279495K->89318K(465920K)] 1168282K->978412K(1371136K), 0.0111845 secs] [Times: user=0.02 sys=0.00, real=0.02 secs] 
2451.063: [GC (Allocation Failure) [PSYoungGen: 322278K->184333K(465920K)] 1211372K->1074802K(1371136K), 0.0207450 secs] [Times: user=0.02 sys=0.00, real=0.02 secs] 
2451.349: [GC (Allocation Failure) [PSYoungGen: 417293K->184558K(465920K)] 1307762K->1075171K(1371136K), 0.0207699 secs] [Times: user=0.03 sys=0.00, real=0.02 secs] 
2452.866: [GC (Allocation Failure) [PSYoungGen: 417518K->24172K(465920K)] 1308131K->915050K(1371136K), 0.0060379 secs] [Times: user=0.01 sys=0.00, real=0.00 secs] 
2454.107: [GC (Allocation Failure) [PSYoungGen: 257132K->111585K(465920K)] 1148010K->1002762K(1371136K), 0.0132410 secs] [Times: user=0.03 sys=0.00, real=0.01 secs] 
2454.386: [GC (Allocation Failure) [PSYoungGen: 344545K->184173K(465920K)] 1235722K->1076596K(1371136K), 0.0206152 secs] [Times: user=0.03 sys=0.00, real=0.03 secs] 
2454.676: [GC (Allocation Failure) [PSYoungGen: 417133K->184044K(465920K)] 1309556K->1076740K(1371136K), 0.0207758 secs] [Times: user=0.03 sys=0.00, real=0.03 secs] 
2457.244: [GC (Allocation Failure) [PSYoungGen: 417004K->2516K(465920K)] 1309700K->895486K(1371136K), 0.0033308 secs] [Times: user=0.02 sys=0.00, real=0.01 secs] 
2457.910: [GC (Allocation Failure) [PSYoungGen: 235476K->133174K(465920K)] 1128446K->1026453K(1371136K), 0.0155934 secs] [Times: user=0.02 sys=0.00, real=0.01 secs] 
2458.191: [GC (Allocation Failure) [PSYoungGen: 366134K->184976K(465920K)] 1259413K->1079500K(1371136K), 0.0210841 secs] [Times: user=0.03 sys=0.00, real=0.02 secs] 
2458.582: [GC (Allocation Failure) [PSYoungGen: 417936K->168214K(465920K)] 1312460K->1063004K(1371136K), 0.0216722 secs] [Times: user=0.04 sys=0.00, real=0.02 secs] 
2459.648: [GC (Allocation Failure) [PSYoungGen: 401174K->64K(465920K)] 1295964K->896291K(1371136K), 0.0029953 secs] [Times: user=0.02 sys=0.00, real=0.00 secs] 
2460.059: [GC (Allocation Failure) [PSYoungGen: 233024K->157982K(465920K)] 1129251K->1054225K(1371136K), 0.0180371 secs] [Times: user=0.03 sys=0.00, real=0.02 secs] 
2460.342: [GC (Allocation Failure) [PSYoungGen: 390942K->184847K(465920K)] 1287185K->1082336K(1371136K), 0.0207394 secs] [Times: user=0.03 sys=0.00, real=0.02 secs] 
2461.279: [GC (Allocation Failure) [PSYoungGen: 417807K->147601K(465920K)] 1315296K->1045355K(1371136K), 0.0310990 secs] [Times: user=0.05 sys=0.00, real=0.03 secs] 
2463.319: [GC (Allocation Failure) [PSYoungGen: 380561K->64K(465920K)] 1278315K->899249K(1371136K), 0.0042356 secs] [Times: user=0.02 sys=0.00, real=0.00 secs] 
2463.787: [GC (Allocation Failure) [PSYoungGen: 233024K->182690K(465920K)] 1132209K->1081900K(1371136K), 0.0205870 secs] [Times: user=0.03 sys=0.00, real=0.02 secs] 
2464.161: [GC (Allocation Failure) [PSYoungGen: 415650K->184333K(465920K)] 1314860K->1084789K(1371136K), 0.0208167 secs] [Times: user=0.03 sys=0.00, real=0.02 secs] 
2464.672: [GC (Allocation Failure) [PSYoungGen: 417293K->131663K(465920K)] 1317749K->1032383K(1371136K), 0.0182002 secs] [Times: user=0.04 sys=0.00, real=0.02 secs] 
2465.742: [GC (Allocation Failure) [PSYoungGen: 364623K->21262K(465920K)] 1265343K->922283K(1371136K), 0.0051420 secs] [Times: user=0.01 sys=0.00, real=0.01 secs] 
2466.019: [GC (Allocation Failure) [PSYoungGen: 254222K->186229K(465920K)] 1155243K->1088503K(1371136K), 0.0211467 secs] [Times: user=0.03 sys=0.01, real=0.02 secs] 
2466.308: [GC (Allocation Failure) [PSYoungGen: 419189K->185940K(465920K)] 1321463K->1088495K(1371136K), 0.0210646 secs] [Times: user=0.03 sys=0.00, real=0.02 secs] 
2466.930: [GC (Allocation Failure) [PSYoungGen: 418900K->105316K(465920K)] 1321455K->1008136K(1371136K), 0.0126875 secs] [Times: user=0.03 sys=0.00, real=0.01 secs] 
2467.799: [GC (Allocation Failure) [PSYoungGen: 338276K->47645K(465920K)] 1241096K->950787K(1371136K), 0.0069474 secs] [Times: user=0.02 sys=0.00, real=0.00 secs] 
2468.072: [GC (Allocation Failure) [PSYoungGen: 280605K->186261K(465920K)] 1183747K->1090785K(1371136K), 0.0209866 secs] [Times: user=0.03 sys=0.00, real=0.02 secs] 
2468.093: [Full GC (Ergonomics) [PSYoungGen: 186261K->0K(465920K)] [ParOldGen: 904524K->555804K(1110528K)] 1090785K->555804K(1576448K), [Metaspace: 56264K->56264K(1101824K)], 0.0564186 secs] [Times: user=0.23 sys=0.00, real=0.06 secs] 
2468.480: [GC (Allocation Failure) [PSYoungGen: 232960K->185972K(465920K)] 788764K->741776K(1576448K), 0.0204842 secs] [Times: user=0.02 sys=0.00, real=0.02 secs] 
2469.768: [GC (Allocation Failure) [PSYoungGen: 418932K->95320K(465920K)] 974736K->651422K(1576448K), 0.0177029 secs] [Times: user=0.05 sys=0.00, real=0.01 secs] 
2471.067: [GC (Allocation Failure) [PSYoungGen: 328280K->60529K(465920K)] 884382K->616946K(1576448K), 0.0075244 secs] [Times: user=0.02 sys=0.00, real=0.00 secs] 
2471.341: [GC (Allocation Failure) [PSYoungGen: 293489K->186357K(465920K)] 849906K->744029K(1576448K), 0.0202856 secs] [Times: user=0.02 sys=0.00, real=0.02 secs] 
2471.630: [GC (Allocation Failure) [PSYoungGen: 419317K->185940K(465920K)] 976989K->743884K(1576448K), 0.0201794 secs] [Times: user=0.03 sys=0.00, real=0.02 secs] 
2472.333: [GC (Allocation Failure) [PSYoungGen: 418900K->82307K(465920K)] 976844K->640517K(1576448K), 0.0089424 secs] [Times: user=0.03 sys=0.00, real=0.01 secs] 
2473.119: [GC (Allocation Failure) [PSYoungGen: 315267K->73638K(465920K)] 873477K->632169K(1576448K), 0.0090793 secs] [Times: user=0.01 sys=0.00, real=0.01 secs] 
2473.448: [GC (Allocation Failure) [PSYoungGen: 306598K->184333K(465920K)] 865129K->744110K(1576448K), 0.0201843 secs] [Times: user=0.03 sys=0.00, real=0.02 secs] 
2473.792: [GC (Allocation Failure) [PSYoungGen: 417293K->183787K(465920K)] 977070K->743837K(1576448K), 0.0200333 secs] [Times: user=0.02 sys=0.00, real=0.02 secs] 
2475.125: [GC (Allocation Failure) [PSYoungGen: 416747K->73407K(465920K)] 976797K->633730K(1576448K), 0.0084692 secs] [Times: user=0.02 sys=0.00, real=0.01 secs] 
2476.337: [GC (Allocation Failure) [PSYoungGen: 306367K->81992K(465920K)] 866690K->642638K(1576448K), 0.0097890 secs] [Times: user=0.01 sys=0.00, real=0.01 secs] 
2476.610: [GC (Allocation Failure) [PSYoungGen: 314952K->183819K(465920K)] 875598K->745711K(1576448K), 0.0200903 secs] [Times: user=0.02 sys=0.00, real=0.02 secs] 
2476.894: [GC (Allocation Failure) [PSYoungGen: 416779K->184366K(465920K)] 978671K->746531K(1576448K), 0.0203187 secs] [Times: user=0.02 sys=0.00, real=0.02 secs] 
2478.050: [GC (Allocation Failure) [PSYoungGen: 417326K->64957K(465920K)] 979491K->627387K(1576448K), 0.0084980 secs] [Times: user=0.03 sys=0.00, real=0.01 secs] 
2479.846: [GC (Allocation Failure) [PSYoungGen: 297825K->90761K(465920K)] 860255K->653499K(1576448K), 0.0109025 secs] [Times: user=0.02 sys=0.00, real=0.01 secs] 
2480.125: [GC (Allocation Failure) [PSYoungGen: 323721K->186518K(465920K)] 886459K->750502K(1576448K), 0.0203008 secs] [Times: user=0.03 sys=0.00, real=0.02 secs] 
2480.473: [GC (Allocation Failure) [PSYoungGen: 419478K->186068K(465920K)] 983462K->750325K(1576448K), 0.0202518 secs] [Times: user=0.03 sys=0.00, real=0.02 secs] 
2482.777: [GC (Allocation Failure) [PSYoungGen: 419028K->51815K(465920K)] 983285K->616337K(1576448K), 0.0066713 secs] [Times: user=0.02 sys=0.00, real=0.00 secs] 
2484.098: [GC (Allocation Failure) [PSYoungGen: 284775K->104674K(465920K)] 849297K->669501K(1576448K), 0.0123572 secs] [Times: user=0.02 sys=0.00, real=0.01 secs] 
2484.377: [GC (Allocation Failure) [PSYoungGen: 337634K->185972K(465920K)] 902461K->752053K(1576448K), 0.0202467 secs] [Times: user=0.02 sys=0.00, real=0.02 secs] 
2484.729: [GC (Allocation Failure) [PSYoungGen: 418932K->186004K(465920K)] 985013K->752358K(1576448K), 0.0203787 secs] [Times: user=0.03 sys=0.00, real=0.02 secs] 
2486.556: [GC (Allocation Failure) [PSYoungGen: 418964K->38577K(465920K)] 985318K->605333K(1576448K), 0.0049659 secs] [Times: user=0.02 sys=0.00, real=0.00 secs] 
2487.867: [GC (Allocation Failure) [PSYoungGen: 271537K->116854K(465920K)] 838293K->683795K(1576448K), 0.0134289 secs] [Times: user=0.02 sys=0.00, real=0.01 secs] 
2488.203: [GC (Allocation Failure) [PSYoungGen: 349814K->185972K(465920K)] 916755K->754166K(1576448K), 0.0204112 secs] [Times: user=0.02 sys=0.00, real=0.02 secs] 
2488.958: [GC (Allocation Failure) [PSYoungGen: 418932K->179940K(465920K)] 987126K->748400K(1576448K), 0.0248675 secs] [Times: user=0.03 sys=0.00, real=0.02 secs] 
2490.706: [GC (Allocation Failure) [PSYoungGen: 412900K->32864K(465920K)] 981360K->602783K(1576448K), 0.0053398 secs] [Times: user=0.03 sys=0.00, real=0.00 secs] 
2491.286: [GC (Allocation Failure) [PSYoungGen: 265824K->128579K(465920K)] 835743K->698514K(1576448K), 0.0145196 secs] [Times: user=0.03 sys=0.00, real=0.02 secs] 
2491.567: [GC (Allocation Failure) [PSYoungGen: 361539K->186293K(465920K)] 931474K->757482K(1576448K), 0.0208291 secs] [Times: user=0.03 sys=0.00, real=0.02 secs] 
2491.945: [GC (Allocation Failure) [PSYoungGen: 419253K->171523K(465920K)] 990442K->743106K(1576448K), 0.0199405 secs] [Times: user=0.03 sys=0.00, real=0.02 secs] 
2493.368: [GC (Allocation Failure) [PSYoungGen: 404483K->64K(465920K)] 976066K->572957K(1576448K), 0.0042363 secs] [Times: user=0.02 sys=0.00, real=0.00 secs] 
2494.101: [GC (Allocation Failure) [PSYoungGen: 233024K->141595K(465920K)] 805917K->714504K(1576448K), 0.0156373 secs] [Times: user=0.02 sys=0.00, real=0.02 secs] 
2494.383: [GC (Allocation Failure) [PSYoungGen: 374555K->186068K(465920K)] 947464K->760336K(1576448K), 0.0203808 secs] [Times: user=0.03 sys=0.00, real=0.02 secs] 
2494.816: [GC (Allocation Failure) [PSYoungGen: 419028K->162799K(465920K)] 993296K->737332K(1576448K), 0.0198115 secs] [Times: user=0.03 sys=0.00, real=0.02 secs] 
2496.361: [GC (Allocation Failure) [PSYoungGen: 395759K->64K(465920K)] 970292K->575908K(1576448K), 0.0030968 secs] [Times: user=0.01 sys=0.00, real=0.00 secs] 
2496.991: [GC (Allocation Failure) [PSYoungGen: 233024K->154029K(465920K)] 808868K->729897K(1576448K), 0.0170856 secs] [Times: user=0.03 sys=0.00, real=0.02 secs] 
2497.274: [GC (Allocation Failure) [PSYoungGen: 386989K->186132K(465920K)] 962857K->763254K(1576448K), 0.0209186 secs] [Times: user=0.03 sys=0.00, real=0.02 secs] 
2498.088: [GC (Allocation Failure) [PSYoungGen: 419092K->150332K(465920K)] 996214K->727719K(1576448K), 0.0215938 secs] [Times: user=0.04 sys=0.00, real=0.02 secs] 
2499.819: [GC (Allocation Failure) [PSYoungGen: 383292K->64K(465920K)] 960679K->578890K(1576448K), 0.0026419 secs] [Times: user=0.01 sys=0.00, real=0.00 secs] 
2500.210: [GC (Allocation Failure) [PSYoungGen: 233024K->165597K(465920K)] 811850K->744439K(1576448K), 0.0183347 secs] [Times: user=0.02 sys=0.00, real=0.02 secs] 
2500.555: [GC (Allocation Failure) [PSYoungGen: 398557K->186389K(465920K)] 977399K->766486K(1576448K), 0.0204670 secs] [Times: user=0.03 sys=0.00, real=0.03 secs] 
2501.231: [GC (Allocation Failure) [PSYoungGen: 414449K->138476K(465920K)] 994545K->718974K(1576448K), 0.0208354 secs] [Times: user=0.04 sys=0.00, real=0.02 secs] 
2503.042: [GC (Allocation Failure) [PSYoungGen: 371436K->64K(465920K)] 951934K->581872K(1576448K), 0.0027624 secs] [Times: user=0.01 sys=0.00, real=0.00 secs] 
2503.557: [GC (Allocation Failure) [PSYoungGen: 233024K->172280K(465920K)] 814832K->754105K(1576448K), 0.0187929 secs] [Times: user=0.03 sys=0.00, real=0.01 secs] 
2503.843: [GC (Allocation Failure) [PSYoungGen: 405240K->184333K(465920K)] 987065K->767404K(1576448K), 0.0200973 secs] [Times: user=0.03 sys=0.00, real=0.02 secs] 
2504.314: [GC (Allocation Failure) [PSYoungGen: 417293K->142057K(465920K)] 1000364K->725401K(1576448K), 0.0160475 secs] [Times: user=0.02 sys=0.00, real=0.02 secs] 
2506.032: [GC (Allocation Failure) [PSYoungGen: 375017K->96K(465920K)] 958361K->584877K(1576448K), 0.0023994 secs] [Times: user=0.01 sys=0.00, real=0.00 secs] 
2506.364: [GC (Allocation Failure) [PSYoungGen: 233056K->183622K(465920K)] 817837K->768427K(1576448K), 0.0200575 secs] [Times: user=0.03 sys=0.00, real=0.02 secs] 
2506.707: [GC (Allocation Failure) [PSYoungGen: 416582K->186132K(465920K)] 1001387K->772191K(1576448K), 0.0203951 secs] [Times: user=0.02 sys=0.00, real=0.02 secs] 
2507.719: [GC (Allocation Failure) [PSYoungGen: 419092K->128916K(465920K)] 1005151K->715368K(1576448K), 0.0230015 secs] [Times: user=0.04 sys=0.00, real=0.02 secs] 
2509.559: [GC (Allocation Failure) [PSYoungGen: 361876K->11495K(465920K)] 948328K->598127K(1576448K), 0.0043736 secs] [Times: user=0.01 sys=0.00, real=0.00 secs] 
2509.875: [GC (Allocation Failure) [PSYoungGen: 244455K->185747K(465920K)] 831087K->773624K(1576448K), 0.0202732 secs] [Times: user=0.03 sys=0.00, real=0.02 secs] 
2510.224: [GC (Allocation Failure) [PSYoungGen: 418707K->185843K(465920K)] 1006584K->774002K(1576448K), 0.0204551 secs] [Times: user=0.03 sys=0.00, real=0.02 secs] 
2510.775: [GC (Allocation Failure) [PSYoungGen: 418803K->115710K(465920K)] 1006962K->704134K(1576448K), 0.0143826 secs] [Times: user=0.03 sys=0.00, real=0.02 secs] 
2512.266: [GC (Allocation Failure) [PSYoungGen: 348670K->24478K(465920K)] 937094K->613218K(1576448K), 0.0056866 secs] [Times: user=0.01 sys=0.00, real=0.00 secs] 
2512.579: [GC (Allocation Failure) [PSYoungGen: 257438K->186004K(465920K)] 846178K->775989K(1576448K), 0.0205034 secs] [Times: user=0.02 sys=0.00, real=0.02 secs] 
2512.865: [GC (Allocation Failure) [PSYoungGen: 418964K->185715K(465920K)] 1008949K->775973K(1576448K), 0.0205431 secs] [Times: user=0.03 sys=0.00, real=0.02 secs] 
2513.557: [GC (Allocation Failure) [PSYoungGen: 418675K->102553K(465920K)] 1008933K->693076K(1576448K), 0.0126866 secs] [Times: user=0.03 sys=0.00, real=0.01 secs] 
2514.490: [GC (Allocation Failure) [PSYoungGen: 335513K->37106K(465920K)] 926036K->627951K(1576448K), 0.0052850 secs] [Times: user=0.02 sys=0.00, real=0.00 secs] 
2514.828: [GC (Allocation Failure) [PSYoungGen: 270066K->186453K(465920K)] 860911K->778552K(1576448K), 0.0203592 secs] [Times: user=0.03 sys=0.00, real=0.02 secs] 
2515.118: [GC (Allocation Failure) [PSYoungGen: 419413K->184526K(465920K)] 1011512K->776922K(1576448K), 0.0202365 secs] [Times: user=0.02 sys=0.00, real=0.02 secs] 
2515.846: [GC (Allocation Failure) [PSYoungGen: 406070K->90744K(465920K)] 998465K->683413K(1576448K), 0.0121092 secs] [Times: user=0.02 sys=0.00, real=0.01 secs] 
2517.295: [GC (Allocation Failure) [PSYoungGen: 323704K->37906K(465920K)] 916373K->630883K(1576448K), 0.0067576 secs] [Times: user=0.02 sys=0.00, real=0.01 secs] 
2517.663: [GC (Allocation Failure) [PSYoungGen: 270866K->184205K(465920K)] 863843K->778564K(1576448K), 0.0202610 secs] [Times: user=0.02 sys=0.00, real=0.02 secs] 
2517.947: [GC (Allocation Failure) [PSYoungGen: 417165K->184173K(465920K)] 1011524K->778676K(1576448K), 0.0203754 secs] [Times: user=0.02 sys=0.00, real=0.02 secs] 
2518.911: [GC (Allocation Failure) [PSYoungGen: 409417K->92464K(465920K)] 1003921K->687240K(1576448K), 0.0142242 secs] [Times: user=0.03 sys=0.00, real=0.01 secs] 
2521.180: [GC (Allocation Failure) [PSYoungGen: 325424K->37588K(465920K)] 920200K->632672K(1576448K), 0.0070894 secs] [Times: user=0.02 sys=0.00, real=0.01 secs] 
2521.486: [GC (Allocation Failure) [PSYoungGen: 270548K->184719K(465920K)] 865632K->781057K(1576448K), 0.0201851 secs] [Times: user=0.03 sys=0.00, real=0.02 secs] 
2521.833: [GC (Allocation Failure) [PSYoungGen: 417679K->184687K(465920K)] 1014017K->781427K(1576448K), 0.0202541 secs] [Times: user=0.03 sys=0.00, real=0.02 secs] 
2523.778: [GC (Allocation Failure) [PSYoungGen: 407123K->91741K(465920K)] 1003863K->688754K(1576448K), 0.0267008 secs] [Times: user=0.05 sys=0.00, real=0.02 secs] 
2526.050: [GC (Allocation Failure) [PSYoungGen: 324701K->37780K(465920K)] 921714K->634978K(1576448K), 0.0080662 secs] [Times: user=0.02 sys=0.00, real=0.01 secs] 
2526.380: [GC (Allocation Failure) [PSYoungGen: 270740K->183690K(465920K)] 867938K->782150K(1576448K), 0.0200617 secs] [Times: user=0.03 sys=0.00, real=0.02 secs] 
2526.717: [GC (Allocation Failure) [PSYoungGen: 416650K->184462K(465920K)] 1015110K->783203K(1576448K), 0.0203971 secs] [Times: user=0.03 sys=0.00, real=0.02 secs] 
2527.422: [GC (Allocation Failure) [PSYoungGen: 409632K->92833K(465920K)] 1008373K->691968K(1576448K), 0.0147620 secs] [Times: user=0.03 sys=0.00, real=0.02 secs] 
2529.537: [GC (Allocation Failure) [PSYoungGen: 325793K->37845K(465920K)] 924928K->637151K(1576448K), 0.0076849 secs] [Times: user=0.02 sys=0.00, real=0.00 secs] 
2529.854: [GC (Allocation Failure) [PSYoungGen: 270805K->184719K(465920K)] 870111K->785278K(1576448K), 0.0203886 secs] [Times: user=0.02 sys=0.00, real=0.02 secs] 
2530.139: [GC (Allocation Failure) [PSYoungGen: 417679K->184655K(465920K)] 1018238K->785616K(1576448K), 0.0203185 secs] [Times: user=0.03 sys=0.00, real=0.02 secs] 
2530.839: [GC (Allocation Failure) [PSYoungGen: 407085K->91484K(465920K)] 1008047K->692718K(1576448K), 0.0119150 secs] [Times: user=0.02 sys=0.00, real=0.01 secs] 
2532.131: [GC (Allocation Failure) [PSYoungGen: 324444K->38005K(465920K)] 925678K->639425K(1576448K), 0.0065585 secs] [Times: user=0.02 sys=0.00, real=0.01 secs] 
2532.425: [GC (Allocation Failure) [PSYoungGen: 270965K->184719K(465920K)] 872385K->787520K(1576448K), 0.0206462 secs] [Times: user=0.03 sys=0.00, real=0.03 secs] 
2532.715: [GC (Allocation Failure) [PSYoungGen: 417679K->184719K(465920K)] 1020480K->787665K(1576448K), 0.0204420 secs] [Times: user=0.02 sys=0.00, real=0.03 secs] 
2533.815: [GC (Allocation Failure) [PSYoungGen: 407274K->91355K(465920K)] 1010220K->694566K(1576448K), 0.0188792 secs] [Times: user=0.03 sys=0.00, real=0.02 secs] 
2534.930: [GC (Allocation Failure) [PSYoungGen: 324315K->38066K(465920K)] 927526K->641591K(1576448K), 0.0053843 secs] [Times: user=0.01 sys=0.00, real=0.00 secs] 
2535.200: [GC (Allocation Failure) [PSYoungGen: 271026K->183819K(465920K)] 874551K->788598K(1576448K), 0.0202172 secs] [Times: user=0.03 sys=0.00, real=0.02 secs] 
2535.543: [GC (Allocation Failure) [PSYoungGen: 416779K->184687K(465920K)] 1021558K->789738K(1576448K), 0.0203034 secs] [Times: user=0.03 sys=0.00, real=0.02 secs] 
2536.988: [GC (Allocation Failure) [PSYoungGen: 410092K->92255K(465920K)] 1015143K->697579K(1576448K), 0.0123671 secs] [Times: user=0.03 sys=0.00, real=0.01 secs] 
2538.934: [GC (Allocation Failure) [PSYoungGen: 325215K->37263K(465920K)] 930539K->642909K(1576448K), 0.0061960 secs] [Times: user=0.01 sys=0.00, real=0.01 secs] 
2539.215: [GC (Allocation Failure) [PSYoungGen: 270223K->184590K(465920K)] 875869K->791603K(1576448K), 0.0201189 secs] [Times: user=0.03 sys=0.00, real=0.02 secs] 
2539.501: [GC (Allocation Failure) [PSYoungGen: 417550K->184687K(465920K)] 1024563K->791844K(1576448K), 0.0201864 secs] [Times: user=0.02 sys=0.00, real=0.02 secs] 
2541.385: [GC (Allocation Failure) [PSYoungGen: 409822K->92255K(465920K)] 1016979K->699677K(1576448K), 0.0209569 secs] [Times: user=0.05 sys=0.01, real=0.02 secs] 
2543.039: [GC (Allocation Failure) [PSYoungGen: 325215K->37588K(465920K)] 932637K->645315K(1576448K), 0.0069010 secs] [Times: user=0.02 sys=0.00, real=0.01 secs] 
2543.337: [GC (Allocation Failure) [PSYoungGen: 270548K->184173K(465920K)] 878275K->793146K(1576448K), 0.0202373 secs] [Times: user=0.03 sys=0.00, real=0.02 secs] 
2543.622: [GC (Allocation Failure) [PSYoungGen: 417133K->184590K(465920K)] 1026106K->793965K(1576448K), 0.0203305 secs] [Times: user=0.03 sys=0.00, real=0.02 secs] 
2544.280: [GC (Allocation Failure) [PSYoungGen: 409753K->92383K(465920K)] 1019128K->701895K(1576448K), 0.0106288 secs] [Times: user=0.02 sys=0.00, real=0.01 secs] 
2545.600: [GC (Allocation Failure) [PSYoungGen: 325343K->37748K(465920K)] 934855K->647565K(1576448K), 0.0068030 secs] [Times: user=0.02 sys=0.00, real=0.01 secs] 
2545.976: [GC (Allocation Failure) [PSYoungGen: 270708K->184719K(465920K)] 880525K->795797K(1576448K), 0.0202820 secs] [Times: user=0.03 sys=0.00, real=0.02 secs] 
2546.335: [GC (Allocation Failure) [PSYoungGen: 417679K->184655K(465920K)] 1028757K->796014K(1576448K), 0.0204842 secs] [Times: user=0.03 sys=0.00, real=0.02 secs] 
2548.643: [GC (Allocation Failure) [PSYoungGen: 408189K->91580K(465920K)] 1019549K->703213K(1576448K), 0.0185967 secs] [Times: user=0.04 sys=0.00, real=0.02 secs] 
2549.765: [GC (Allocation Failure) [PSYoungGen: 324540K->38066K(465920K)] 936173K->650021K(1576448K), 0.0053907 secs] [Times: user=0.01 sys=0.00, real=0.01 secs] 
2550.036: [GC (Allocation Failure) [PSYoungGen: 271026K->183948K(465920K)] 882981K->797156K(1576448K), 0.0200808 secs] [Times: user=0.02 sys=0.00, real=0.02 secs] 
2550.323: [GC (Allocation Failure) [PSYoungGen: 416908K->184430K(465920K)] 1030116K->797911K(1576448K), 0.0200764 secs] [Times: user=0.02 sys=0.00, real=0.02 secs] 
2551.458: [GC (Allocation Failure) [PSYoungGen: 409637K->92399K(465920K)] 1023118K->706153K(1576448K), 0.0139342 secs] [Times: user=0.03 sys=0.00, real=0.01 secs] 
2552.857: [GC (Allocation Failure) [PSYoungGen: 325359K->37617K(465920K)] 939113K->651685K(1576448K), 0.0053980 secs] [Times: user=0.01 sys=0.00, real=0.00 secs] 
2553.185: [GC (Allocation Failure) [PSYoungGen: 270577K->184044K(465920K)] 884645K->799358K(1576448K), 0.0202100 secs] [Times: user=0.03 sys=0.00, real=0.02 secs] 
2553.476: [GC (Allocation Failure) [PSYoungGen: 417004K->184912K(465920K)] 1032318K->800498K(1576448K), 0.0205304 secs] [Times: user=0.03 sys=0.00, real=0.03 secs] 
2555.605: [GC (Allocation Failure) [PSYoungGen: 410381K->92126K(465920K)] 1025967K->707978K(1576448K), 0.0259600 secs] [Times: user=0.04 sys=0.00, real=0.03 secs] 
2557.321: [GC (Allocation Failure) [PSYoungGen: 325086K->37777K(465920K)] 940938K->653953K(1576448K), 0.0062339 secs] [Times: user=0.02 sys=0.00, real=0.01 secs] 
2557.598: [GC (Allocation Failure) [PSYoungGen: 270737K->184590K(465920K)] 886913K->802019K(1576448K), 0.0202235 secs] [Times: user=0.03 sys=0.00, real=0.02 secs] 
2557.932: [GC (Allocation Failure) [PSYoungGen: 417550K->184269K(465920K)] 1034979K->801971K(1576448K), 0.0201325 secs] [Times: user=0.03 sys=0.00, real=0.02 secs] 
2559.430: [GC (Allocation Failure) [PSYoungGen: 409143K->92078K(465920K)] 1026845K->710053K(1576448K), 0.0160172 secs] [Times: user=0.03 sys=0.00, real=0.01 secs] 
2561.276: [GC (Allocation Failure) [PSYoungGen: 325038K->37488K(465920K)] 943013K->655761K(1576448K), 0.0066736 secs] [Times: user=0.02 sys=0.00, real=0.00 secs] 
2561.567: [GC (Allocation Failure) [PSYoungGen: 270448K->184430K(465920K)] 888721K->803948K(1576448K), 0.0206124 secs] [Times: user=0.03 sys=0.00, real=0.02 secs] 
2561.912: [GC (Allocation Failure) [PSYoungGen: 417390K->184269K(465920K)] 1036908K->804061K(1576448K), 0.0201828 secs] [Times: user=0.02 sys=0.00, real=0.02 secs] 
2562.546: [GC (Allocation Failure) [PSYoungGen: 409421K->92512K(465920K)] 1029213K->712705K(1576448K), 0.0119686 secs] [Times: user=0.03 sys=0.00, real=0.01 secs] 
2563.772: [GC (Allocation Failure) [PSYoungGen: 325472K->38034K(465920K)] 945665K->658413K(1576448K), 0.0069486 secs] [Times: user=0.01 sys=0.00, real=0.01 secs] 
2564.136: [GC (Allocation Failure) [PSYoungGen: 270994K->184719K(465920K)] 891373K->806351K(1576448K), 0.0202514 secs] [Times: user=0.02 sys=0.00, real=0.02 secs] 
2564.482: [GC (Allocation Failure) [PSYoungGen: 417679K->184719K(465920K)] 1039311K->806624K(1576448K), 0.0203221 secs] [Times: user=0.03 sys=0.00, real=0.02 secs] 
2565.623: [GC (Allocation Failure) [PSYoungGen: 407309K->91355K(465920K)] 1029214K->713525K(1576448K), 0.0161975 secs] [Times: user=0.03 sys=0.00, real=0.02 secs] 
2567.974: [GC (Allocation Failure) [PSYoungGen: 324315K->37684K(465920K)] 946485K->660146K(1576448K), 0.0080904 secs] [Times: user=0.02 sys=0.00, real=0.01 secs] 
2568.302: [GC (Allocation Failure) [PSYoungGen: 270644K->183948K(465920K)] 893106K->807655K(1576448K), 0.0201574 secs] [Times: user=0.02 sys=0.00, real=0.02 secs] 
2568.638: [GC (Allocation Failure) [PSYoungGen: 416908K->184398K(465920K)] 1040615K->808378K(1576448K), 0.0201857 secs] [Times: user=0.03 sys=0.00, real=0.02 secs] 
2569.272: [GC (Allocation Failure) [PSYoungGen: 409730K->92640K(465920K)] 1033711K->716894K(1576448K), 0.0120638 secs] [Times: user=0.02 sys=0.00, real=0.01 secs] 
2570.482: [GC (Allocation Failure) [PSYoungGen: 325600K->37652K(465920K)] 949854K->662227K(1576448K), 0.0053534 secs] [Times: user=0.01 sys=0.00, real=0.01 secs] 
2570.751: [GC (Allocation Failure) [PSYoungGen: 270612K->184205K(465920K)] 895187K->810034K(1576448K), 0.0200862 secs] [Times: user=0.03 sys=0.00, real=0.02 secs] 
2571.037: [GC (Allocation Failure) [PSYoungGen: 417165K->184558K(465920K)] 1042994K->810789K(1576448K), 0.0202618 secs] [Times: user=0.02 sys=0.00, real=0.02 secs] 
2572.161: [GC (Allocation Failure) [PSYoungGen: 409706K->92351K(465920K)] 1035937K->718718K(1576448K), 0.0124541 secs] [Times: user=0.02 sys=0.00, real=0.01 secs] 
2574.063: [GC (Allocation Failure) [PSYoungGen: 325311K->37491K(465920K)] 951678K->664172K(1576448K), 0.0067479 secs] [Times: user=0.02 sys=0.00, real=0.01 secs] 
2574.360: [GC (Allocation Failure) [PSYoungGen: 270451K->184205K(465920K)] 897132K->812139K(1576448K), 0.0202239 secs] [Times: user=0.03 sys=0.00, real=0.02 secs] 
2574.645: [GC (Allocation Failure) [PSYoungGen: 417165K->185008K(465920K)] 1045099K->813215K(1576448K), 0.0203217 secs] [Times: user=0.03 sys=0.00, real=0.02 secs] 
2576.434: [GC (Allocation Failure) [PSYoungGen: 410493K->92158K(465920K)] 1038701K->720663K(1576448K), 0.0164444 secs] [Times: user=0.03 sys=0.00, real=0.02 secs] 
2578.408: [GC (Allocation Failure) [PSYoungGen: 325118K->37716K(465920K)] 953623K->666529K(1576448K), 0.0069363 secs] [Times: user=0.01 sys=0.01, real=0.00 secs] 
2578.710: [GC (Allocation Failure) [PSYoungGen: 270676K->184558K(465920K)] 899489K->814745K(1576448K), 0.0204500 secs] [Times: user=0.02 sys=0.00, real=0.02 secs] 
2578.996: [GC (Allocation Failure) [PSYoungGen: 417518K->184719K(465920K)] 1047705K->815050K(1576448K), 0.0201781 secs] [Times: user=0.03 sys=0.00, real=0.02 secs] 
2580.139: [GC (Allocation Failure) [PSYoungGen: 407546K->91709K(465920K)] 1037877K->722321K(1576448K), 0.0238946 secs] [Times: user=0.05 sys=0.00, real=0.02 secs] 
2581.374: [GC (Allocation Failure) [PSYoungGen: 324669K->37909K(465920K)] 955281K->668843K(1576448K), 0.0054687 secs] [Times: user=0.02 sys=0.00, real=0.01 secs] 
2581.644: [GC (Allocation Failure) [PSYoungGen: 270869K->183819K(465920K)] 901803K->816007K(1576448K), 0.0202506 secs] [Times: user=0.02 sys=0.00, real=0.02 secs] 
2581.986: [GC (Allocation Failure) [PSYoungGen: 416779K->184366K(465920K)] 1048967K->816826K(1576448K), 0.0203535 secs] [Times: user=0.03 sys=0.01, real=0.02 secs] 
2583.208: [GC (Allocation Failure) [PSYoungGen: 409719K->92656K(465920K)] 1042180K->725398K(1576448K), 0.0244020 secs] [Times: user=0.04 sys=0.00, real=0.02 secs] 
2584.732: [GC (Allocation Failure) [PSYoungGen: 325616K->38037K(465920K)] 958358K->671093K(1576448K), 0.0055346 secs] [Times: user=0.02 sys=0.00, real=0.01 secs] 
2585.002: [GC (Allocation Failure) [PSYoungGen: 270997K->184719K(465920K)] 904053K->819036K(1576448K), 0.0202358 secs] [Times: user=0.03 sys=0.00, real=0.02 secs] 
2585.342: [GC (Allocation Failure) [PSYoungGen: 417679K->184687K(465920K)] 1051996K->819413K(1576448K), 0.0202547 secs] [Times: user=0.03 sys=0.00, real=0.02 secs] 
2586.593: [GC (Allocation Failure) [PSYoungGen: 407118K->91371K(465920K)] 1041845K->726371K(1576448K), 0.0132401 secs] [Times: user=0.03 sys=0.00, real=0.02 secs] 
2587.672: [GC (Allocation Failure) [PSYoungGen: 324331K->38005K(465920K)] 959331K->673190K(1576448K), 0.0054417 secs] [Times: user=0.02 sys=0.00, real=0.01 secs] 
2587.944: [GC (Allocation Failure) [PSYoungGen: 270965K->184719K(465920K)] 906150K->821286K(1576448K), 0.0203215 secs] [Times: user=0.02 sys=0.00, real=0.02 secs] 
2588.229: [GC (Allocation Failure) [PSYoungGen: 417679K->184687K(465920K)] 1054246K->821406K(1576448K), 0.0203318 secs] [Times: user=0.03 sys=0.00, real=0.02 secs] 
2589.339: [GC (Allocation Failure) [PSYoungGen: 407242K->91355K(465920K)] 1043962K->728340K(1576448K), 0.0210387 secs] [Times: user=0.04 sys=0.00, real=0.02 secs] 
2590.800: [GC (Allocation Failure) [PSYoungGen: 324315K->37909K(465920K)] 961300K->675201K(1576448K), 0.0053787 secs] [Times: user=0.01 sys=0.00, real=0.00 secs] 
2591.126: [GC (Allocation Failure) [PSYoungGen: 270869K->183948K(465920K)] 908161K->822494K(1576448K), 0.0201838 secs] [Times: user=0.02 sys=0.00, real=0.02 secs] 
2591.472: [GC (Allocation Failure) [PSYoungGen: 416908K->184462K(465920K)] 1055454K->823410K(1576448K), 0.0205525 secs] [Times: user=0.03 sys=0.00, real=0.02 secs] 
2592.195: [GC (Allocation Failure) [PSYoungGen: 409687K->92480K(465920K)] 1048635K->731572K(1576448K), 0.0117483 secs] [Times: user=0.02 sys=0.00, real=0.02 secs] 
2593.757: [GC (Allocation Failure) [PSYoungGen: 325440K->37588K(465920K)] 964532K->676980K(1576448K), 0.0064552 secs] [Times: user=0.02 sys=0.00, real=0.00 secs] 
2594.041: [GC (Allocation Failure) [PSYoungGen: 270548K->184719K(465920K)] 909940K->825365K(1576448K), 0.0201822 secs] [Times: user=0.03 sys=0.00, real=0.02 secs] 
2594.327: [GC (Allocation Failure) [PSYoungGen: 417679K->184655K(465920K)] 1058325K->825702K(1576448K), 0.0201831 secs] [Times: user=0.03 sys=0.00, real=0.02 secs] 
2595.032: [GC (Allocation Failure) [PSYoungGen: 407119K->91741K(465920K)] 1048167K->733053K(1576448K), 0.0109356 secs] [Times: user=0.02 sys=0.00, real=0.01 secs] 
2596.608: [GC (Allocation Failure) [PSYoungGen: 324701K->37588K(465920K)] 966013K->679094K(1576448K), 0.0061362 secs] [Times: user=0.01 sys=0.00, real=0.00 secs] 
2596.887: [GC (Allocation Failure) [PSYoungGen: 270548K->183819K(465920K)] 912054K->826579K(1576448K), 0.0201925 secs] [Times: user=0.03 sys=0.00, real=0.02 secs] 
2597.177: [GC (Allocation Failure) [PSYoungGen: 416779K->184430K(465920K)] 1059539K->827470K(1576448K), 0.0202220 secs] [Times: user=0.03 sys=0.00, real=0.02 secs] 
2597.945: [GC (Allocation Failure) [PSYoungGen: 409662K->92865K(465920K)] 1052702K->736179K(1576448K), 0.0121303 secs] [Times: user=0.02 sys=0.00, real=0.02 secs] 
2599.673: [GC (Allocation Failure) [PSYoungGen: 325825K->37556K(465920K)] 969139K->681161K(1576448K), 0.0081195 secs] [Times: user=0.02 sys=0.00, real=0.01 secs] 
2600.002: [GC (Allocation Failure) [PSYoungGen: 270516K->184687K(465920K)] 914121K->829546K(1576448K), 0.0201706 secs] [Times: user=0.02 sys=0.00, real=0.02 secs] 
2600.347: [GC (Allocation Failure) [PSYoungGen: 417647K->184687K(465920K)] 1062506K->829956K(1576448K), 0.0203734 secs] [Times: user=0.03 sys=0.00, real=0.02 secs] 
2602.587: [GC (Allocation Failure) [PSYoungGen: 407122K->91741K(465920K)] 1052391K->737283K(1576448K), 0.0238206 secs] [Times: user=0.05 sys=0.00, real=0.02 secs] 
2604.298: [GC (Allocation Failure) [PSYoungGen: 324701K->37845K(465920K)] 970243K->683572K(1576448K), 0.0068061 secs] [Times: user=0.02 sys=0.00, real=0.00 secs] 
2604.597: [GC (Allocation Failure) [PSYoungGen: 270805K->184751K(465920K)] 916532K->831860K(1576448K), 0.0202755 secs] [Times: user=0.03 sys=0.00, real=0.02 secs] 
2604.882: [GC (Allocation Failure) [PSYoungGen: 417711K->184751K(465920K)] 1064820K->832157K(1576448K), 0.0203744 secs] [Times: user=0.03 sys=0.00, real=0.02 secs] 
2607.415: [GC (Allocation Failure) [PSYoungGen: 407318K->91435K(465920K)] 1054725K->738986K(1576448K), 0.0205248 secs] [Times: user=0.04 sys=0.00, real=0.03 secs] 
2609.066: [GC (Allocation Failure) [PSYoungGen: 324395K->37877K(465920K)] 971946K->685741K(1576448K), 0.0063278 secs] [Times: user=0.01 sys=0.00, real=0.00 secs] 
2609.354: [GC (Allocation Failure) [PSYoungGen: 270837K->184719K(465920K)] 918701K->833965K(1576448K), 0.0202816 secs] [Times: user=0.03 sys=0.00, real=0.02 secs] 
2609.640: [GC (Allocation Failure) [PSYoungGen: 417679K->184687K(465920K)] 1066925K->834078K(1576448K), 0.0204073 secs] [Times: user=0.03 sys=0.00, real=0.02 secs] 
2610.413: [GC (Allocation Failure) [PSYoungGen: 407242K->91516K(465920K)] 1056633K->741172K(1576448K), 0.0119931 secs] [Times: user=0.02 sys=0.00, real=0.01 secs] 
2611.227: [GC (Allocation Failure) [PSYoungGen: 324476K->38034K(465920K)] 974132K->688012K(1576448K), 0.0056249 secs] [Times: user=0.01 sys=0.00, real=0.00 secs] 
2611.556: [GC (Allocation Failure) [PSYoungGen: 270994K->183948K(465920K)] 920972K->835179K(1576448K), 0.0205456 secs] [Times: user=0.03 sys=0.01, real=0.02 secs] 
2611.843: [GC (Allocation Failure) [PSYoungGen: 416908K->184462K(465920K)] 1068139K->836095K(1576448K), 0.0202827 secs] [Times: user=0.02 sys=0.01, real=0.02 secs] 
2614.588: [GC (Allocation Failure) [PSYoungGen: 409721K->92415K(465920K)] 1061354K->744193K(1576448K), 0.0187754 secs] [Times: user=0.04 sys=0.00, real=0.02 secs] 
2616.137: [GC (Allocation Failure) [PSYoungGen: 325375K->37716K(465920K)] 977153K->689818K(1576448K), 0.0067880 secs] [Times: user=0.01 sys=0.00, real=0.00 secs] 
2616.430: [GC (Allocation Failure) [PSYoungGen: 270676K->184719K(465920K)] 922778K->838074K(1576448K), 0.0203155 secs] [Times: user=0.03 sys=0.00, real=0.02 secs] 
2616.776: [GC (Allocation Failure) [PSYoungGen: 417679K->184751K(465920K)] 1071034K->838516K(1576448K), 0.0203311 secs] [Times: user=0.03 sys=0.00, real=0.02 secs] 
2617.394: [GC (Allocation Failure) [PSYoungGen: 407436K->91580K(465920K)] 1061201K->745610K(1576448K), 0.0119453 secs] [Times: user=0.03 sys=0.00, real=0.01 secs] 
2618.648: [GC (Allocation Failure) [PSYoungGen: 324540K->37617K(465920K)] 978570K->691832K(1576448K), 0.0054003 secs] [Times: user=0.01 sys=0.00, real=0.00 secs] 
2618.917: [GC (Allocation Failure) [PSYoungGen: 270577K->183916K(465920K)] 924792K->839384K(1576448K), 0.0205650 secs] [Times: user=0.03 sys=0.00, real=0.02 secs] 
2619.276: [GC (Allocation Failure) [PSYoungGen: 416876K->184366K(465920K)] 1072344K->840228K(1576448K), 0.0203035 secs] [Times: user=0.03 sys=0.00, real=0.02 secs] 
2620.014: [GC (Allocation Failure) [PSYoungGen: 409591K->92833K(465920K)] 1065453K->748840K(1576448K), 0.0126273 secs] [Times: user=0.02 sys=0.00, real=0.02 secs] 
2620.920: [GC (Allocation Failure) [PSYoungGen: 325793K->38005K(465920K)] 981800K->694320K(1576448K), 0.0055303 secs] [Times: user=0.01 sys=0.00, real=0.01 secs] 
2621.248: [GC (Allocation Failure) [PSYoungGen: 270965K->184687K(465920K)] 927280K->842247K(1576448K), 0.0203744 secs] [Times: user=0.03 sys=0.00, real=0.02 secs] 
2621.594: [GC (Allocation Failure) [PSYoungGen: 417647K->184687K(465920K)] 1075207K->842649K(1576448K), 0.0208853 secs] [Times: user=0.02 sys=0.00, real=0.02 secs] 
2622.381: [GC (Allocation Failure) [PSYoungGen: 407121K->91323K(465920K)] 1065083K->749550K(1576448K), 0.0123826 secs] [Times: user=0.03 sys=0.00, real=0.01 secs] 
2623.972: [GC (Allocation Failure) [PSYoungGen: 324283K->37520K(465920K)] 982510K->695924K(1576448K), 0.0054760 secs] [Times: user=0.01 sys=0.00, real=0.01 secs] 
2624.307: [GC (Allocation Failure) [PSYoungGen: 270480K->184687K(465920K)] 928884K->844344K(1576448K), 0.0204202 secs] [Times: user=0.03 sys=0.00, real=0.02 secs] 
2624.652: [GC (Allocation Failure) [PSYoungGen: 417647K->184783K(465920K)] 1077304K->844713K(1576448K), 0.0203293 secs] [Times: user=0.03 sys=0.00, real=0.02 secs] 
2625.909: [GC (Allocation Failure) [PSYoungGen: 407332K->91837K(465920K)] 1067262K->752065K(1576448K), 0.0195378 secs] [Times: user=0.04 sys=0.00, real=0.02 secs] 
2626.932: [GC (Allocation Failure) [PSYoungGen: 324797K->38005K(465920K)] 985025K->698541K(1576448K), 0.0062355 secs] [Times: user=0.01 sys=0.00, real=0.01 secs] 
2627.286: [GC (Allocation Failure) [PSYoungGen: 270965K->183690K(465920K)] 931501K->845472K(1576448K), 0.0207628 secs] [Times: user=0.03 sys=0.00, real=0.02 secs] 
2627.629: [GC (Allocation Failure) [PSYoungGen: 416650K->184526K(465920K)] 1078432K->846581K(1576448K), 0.0203766 secs] [Times: user=0.02 sys=0.00, real=0.02 secs] 
2628.333: [GC (Allocation Failure) [PSYoungGen: 408331K->92512K(465920K)] 1070386K->754831K(1576448K), 0.0115712 secs] [Times: user=0.02 sys=0.00, real=0.01 secs] 
2629.543: [GC (Allocation Failure) [PSYoungGen: 325472K->37588K(465920K)] 987791K->700221K(1576448K), 0.0062493 secs] [Times: user=0.02 sys=0.00, real=0.01 secs] 
2629.821: [GC (Allocation Failure) [PSYoungGen: 270548K->184462K(465920K)] 933181K->848349K(1576448K), 0.0202623 secs] [Times: user=0.02 sys=0.00, real=0.02 secs] 
2630.164: [GC (Allocation Failure) [PSYoungGen: 417422K->184558K(465920K)] 1081309K->848847K(1576448K), 0.0203130 secs] [Times: user=0.03 sys=0.00, real=0.02 secs] 
2631.336: [GC (Allocation Failure) [PSYoungGen: 409713K->92126K(465920K)] 1074001K->756551K(1576448K), 0.0171341 secs] [Times: user=0.03 sys=0.00, real=0.01 secs] 
2632.860: [GC (Allocation Failure) [PSYoungGen: 325086K->37684K(465920K)] 989511K->702423K(1576448K), 0.0062411 secs] [Times: user=0.01 sys=0.00, real=0.01 secs] 
2633.202: [GC (Allocation Failure) [PSYoungGen: 270644K->184333K(465920K)] 935383K->850325K(1576448K), 0.0203909 secs] [Times: user=0.03 sys=0.00, real=0.02 secs] 
2633.487: [GC (Allocation Failure) [PSYoungGen: 417293K->184526K(465920K)] 1083285K->850920K(1576448K), 0.0204827 secs] [Times: user=0.03 sys=0.00, real=0.02 secs] 
2635.191: [GC (Allocation Failure) [PSYoungGen: 407545K->92158K(465920K)] 1073939K->758697K(1576448K), 0.0159331 secs] [Times: user=0.03 sys=0.00, real=0.02 secs] 
2636.862: [GC (Allocation Failure) [PSYoungGen: 325118K->37299K(465920K)] 991657K->704151K(1576448K), 0.0068985 secs] [Times: user=0.01 sys=0.00, real=0.01 secs] 
2637.237: [GC (Allocation Failure) [PSYoungGen: 270259K->184719K(465920K)] 937111K->852824K(1576448K), 0.0205525 secs] [Times: user=0.03 sys=0.00, real=0.02 secs] 
2637.524: [GC (Allocation Failure) [PSYoungGen: 417679K->186486K(465920K)] 1085784K->854873K(1576448K), 0.0205297 secs] [Times: user=0.03 sys=0.00, real=0.02 secs] 
2638.828: [GC (Allocation Failure) [PSYoungGen: 408399K->90182K(465920K)] 1076785K->758850K(1576448K), 0.0123508 secs] [Times: user=0.02 sys=0.00, real=0.01 secs] 
2639.643: [GC (Allocation Failure) [PSYoungGen: 323142K->38005K(465920K)] 991810K->706987K(1576448K), 0.0054427 secs] [Times: user=0.01 sys=0.00, real=0.01 secs] 
2639.970: [GC (Allocation Failure) [PSYoungGen: 270965K->184719K(465920K)] 939947K->854954K(1576448K), 0.0202808 secs] [Times: user=0.03 sys=0.00, real=0.02 secs] 
2640.309: [GC (Allocation Failure) [PSYoungGen: 417679K->184109K(465920K)] 1087914K->854617K(1576448K), 0.0201529 secs] [Times: user=0.03 sys=0.00, real=0.02 secs] 
2640.937: [GC (Allocation Failure) [PSYoungGen: 406846K->91837K(465920K)] 1077354K->762610K(1576448K), 0.0122240 secs] [Times: user=0.03 sys=0.00, real=0.01 secs] 
2641.746: [GC (Allocation Failure) [PSYoungGen: 324797K->38066K(465920K)] 995570K->709161K(1576448K), 0.0055408 secs] [Times: user=0.01 sys=0.00, real=0.00 secs] 
2642.018: [GC (Allocation Failure) [PSYoungGen: 271026K->184751K(465920K)] 942121K->857099K(1576448K), 0.0202222 secs] [Times: user=0.03 sys=0.00, real=0.02 secs] 
2642.303: [GC (Allocation Failure) [PSYoungGen: 417711K->184751K(465920K)] 1090059K->857509K(1576448K), 0.0203113 secs] [Times: user=0.03 sys=0.00, real=0.02 secs] 
2643.301: [GC (Allocation Failure) [PSYoungGen: 407190K->91387K(465920K)] 1079948K->764418K(1576448K), 0.0113587 secs] [Times: user=0.02 sys=0.00, real=0.01 secs] 
2644.813: [GC (Allocation Failure) [PSYoungGen: 324347K->37363K(465920K)] 997378K->710587K(1576448K), 0.0054753 secs] [Times: user=0.02 sys=0.00, real=0.01 secs] 
2645.082: [GC (Allocation Failure) [PSYoungGen: 270323K->183819K(465920K)] 943547K->858289K(1576448K), 0.0203041 secs] [Times: user=0.03 sys=0.00, real=0.02 secs] 
2645.366: [GC (Allocation Failure) [PSYoungGen: 416779K->184430K(465920K)] 1091249K->859173K(1576448K), 0.0202938 secs] [Times: user=0.02 sys=0.00, real=0.02 secs] 
2646.442: [GC (Allocation Failure) [PSYoungGen: 409641K->93138K(465920K)] 1084384K->768146K(1576448K), 0.0118619 secs] [Times: user=0.02 sys=0.00, real=0.01 secs] 
2648.288: [GC (Allocation Failure) [PSYoungGen: 326098K->37331K(465920K)] 1001106K->712636K(1576448K), 0.0085380 secs] [Times: user=0.02 sys=0.00, real=0.01 secs] 
2648.623: [GC (Allocation Failure) [PSYoungGen: 270291K->184719K(465920K)] 945596K->861270K(1576448K), 0.0234424 secs] [Times: user=0.03 sys=0.00, real=0.03 secs] 
2648.974: [GC (Allocation Failure) [PSYoungGen: 417679K->184719K(465920K)] 1094230K->861680K(1576448K), 0.0203617 secs] [Times: user=0.03 sys=0.00, real=0.02 secs] 
2650.589: [GC (Allocation Failure) [PSYoungGen: 409715K->91998K(465920K)] 1086676K->769224K(1576448K), 0.0262110 secs] [Times: user=0.05 sys=0.00, real=0.02 secs] 
2652.553: [GC (Allocation Failure) [PSYoungGen: 324958K->37684K(465920K)] 1002184K->715082K(1576448K), 0.0073930 secs] [Times: user=0.02 sys=0.00, real=0.01 secs] 
2652.862: [GC (Allocation Failure) [PSYoungGen: 270644K->184333K(465920K)] 948042K->862984K(1576448K), 0.0203030 secs] [Times: user=0.02 sys=0.00, real=0.02 secs] 
2653.147: [GC (Allocation Failure) [PSYoungGen: 417293K->184526K(465920K)] 1095944K->863579K(1576448K), 0.0204781 secs] [Times: user=0.03 sys=0.00, real=0.02 secs] 
2654.746: [GC (Allocation Failure) [PSYoungGen: 407541K->92126K(465920K)] 1086594K->771315K(1576448K), 0.0238955 secs] [Times: user=0.04 sys=0.00, real=0.03 secs] 
2656.516: [GC (Allocation Failure) [PSYoungGen: 325086K->37845K(465920K)] 1004275K->717350K(1576448K), 0.0068959 secs] [Times: user=0.02 sys=0.00, real=0.01 secs] 
2656.809: [GC (Allocation Failure) [PSYoungGen: 270805K->184462K(465920K)] 950310K->865221K(1576448K), 0.0203314 secs] [Times: user=0.02 sys=0.00, real=0.02 secs] 
2657.155: [GC (Allocation Failure) [PSYoungGen: 417422K->184622K(465920K)] 1098181K->865654K(1576448K), 0.0204928 secs] [Times: user=0.03 sys=0.00, real=0.02 secs] 
2658.245: [GC (Allocation Failure) [PSYoungGen: 407160K->91901K(465920K)] 1088192K->773206K(1576448K), 0.0150533 secs] [Times: user=0.03 sys=0.00, real=0.02 secs] 
2659.806: [GC (Allocation Failure) [PSYoungGen: 324861K->37684K(465920K)] 1006166K->719287K(1576448K), 0.0069287 secs] [Times: user=0.02 sys=0.00, real=0.00 secs] 
2660.186: [GC (Allocation Failure) [PSYoungGen: 270644K->184430K(465920K)] 952247K->867286K(1576448K), 0.0203369 secs] [Times: user=0.03 sys=0.00, real=0.02 secs] 
2660.539: [GC (Allocation Failure) [PSYoungGen: 417390K->184269K(465920K)] 1100246K->867399K(1576448K), 0.0204671 secs] [Times: user=0.03 sys=0.00, real=0.02 secs] 
2661.465: [GC (Allocation Failure) [PSYoungGen: 409309K->92255K(465920K)] 1092438K->775786K(1576448K), 0.0132743 secs] [Times: user=0.03 sys=0.00, real=0.02 secs] 
2663.134: [GC (Allocation Failure) [PSYoungGen: 325215K->37556K(465920K)] 1008746K->721280K(1576448K), 0.0069892 secs] [Times: user=0.02 sys=0.00, real=0.01 secs] 
2663.435: [GC (Allocation Failure) [PSYoungGen: 270516K->184687K(465920K)] 954240K->869665K(1576448K), 0.0202318 secs] [Times: user=0.03 sys=0.00, real=0.02 secs] 
2663.719: [GC (Allocation Failure) [PSYoungGen: 417647K->184719K(465920K)] 1102625K->869970K(1576448K), 0.0203065 secs] [Times: user=0.03 sys=0.00, real=0.02 secs] 
2665.093: [GC (Allocation Failure) [PSYoungGen: 407550K->91773K(465920K)] 1092801K->777297K(1576448K), 0.0190178 secs] [Times: user=0.04 sys=0.00, real=0.02 secs] 
2666.672: [GC (Allocation Failure) [PSYoungGen: 324733K->37813K(465920K)] 1010257K->723642K(1576448K), 0.0070385 secs] [Times: user=0.01 sys=0.00, real=0.01 secs] 
2666.974: [GC (Allocation Failure) [PSYoungGen: 270773K->184687K(465920K)] 956602K->871762K(1576448K), 0.0202637 secs] [Times: user=0.03 sys=0.00, real=0.02 secs] 
2667.259: [GC (Allocation Failure) [PSYoungGen: 417647K->184655K(465920K)] 1104722K->871995K(1576448K), 0.0203370 secs] [Times: user=0.02 sys=0.00, real=0.02 secs] 
2667.867: [GC (Allocation Failure) [PSYoungGen: 407207K->91467K(465920K)] 1094548K->779081K(1576448K), 0.0107981 secs] [Times: user=0.02 sys=0.00, real=0.01 secs] 
2668.653: [GC (Allocation Failure) [PSYoungGen: 324427K->37906K(465920K)] 1012041K->725833K(1576448K), 0.0055830 secs] [Times: user=0.01 sys=0.00, real=0.01 secs] 
2668.979: [GC (Allocation Failure) [PSYoungGen: 270866K->183948K(465920K)] 958793K->873120K(1576448K), 0.0202859 secs] [Times: user=0.03 sys=0.00, real=0.02 secs] 
2669.274: [GC (Allocation Failure) [PSYoungGen: 416908K->184398K(465920K)] 1106080K->873972K(1576448K), 0.0204308 secs] [Times: user=0.03 sys=0.00, real=0.02 secs] 
2670.492: [GC (Allocation Failure) [PSYoungGen: 409624K->92512K(465920K)] 1099199K->782231K(1576448K), 0.0160238 secs] [Times: user=0.03 sys=0.00, real=0.02 secs] 
2671.585: [GC (Allocation Failure) [PSYoungGen: 325472K->37909K(465920K)] 1015191K->727935K(1576448K), 0.0056293 secs] [Times: user=0.02 sys=0.00, real=0.01 secs] 
2671.859: [GC (Allocation Failure) [PSYoungGen: 270869K->184719K(465920K)] 960895K->875999K(1576448K), 0.0206266 secs] [Times: user=0.03 sys=0.00, real=0.02 secs] 
2672.146: [GC (Allocation Failure) [PSYoungGen: 417679K->184719K(465920K)] 1108959K->876408K(1576448K), 0.0204243 secs] [Times: user=0.03 sys=0.00, real=0.02 secs] 
2673.284: [GC (Allocation Failure) [PSYoungGen: 407154K->91484K(465920K)] 1098844K->783446K(1576448K), 0.0124623 secs] [Times: user=0.03 sys=0.00, real=0.02 secs] 
2674.118: [GC (Allocation Failure) [PSYoungGen: 324444K->38005K(465920K)] 1016406K->730169K(1576448K), 0.0056112 secs] [Times: user=0.01 sys=0.00, real=0.00 secs] 
2674.388: [GC (Allocation Failure) [PSYoungGen: 270965K->183787K(465920K)] 963129K->877197K(1576448K), 0.0202427 secs] [Times: user=0.03 sys=0.00, real=0.02 secs] 
2674.678: [GC (Allocation Failure) [PSYoungGen: 416747K->184494K(465920K)] 1110157K->878176K(1576448K), 0.0203775 secs] [Times: user=0.03 sys=0.00, real=0.02 secs] 
2675.939: [GC (Allocation Failure) [PSYoungGen: 409718K->92512K(465920K)] 1103400K->786596K(1576448K), 0.0120579 secs] [Times: user=0.03 sys=0.00, real=0.01 secs] 
2676.743: [GC (Allocation Failure) [PSYoungGen: 325472K->38005K(465920K)] 1019556K->732283K(1576448K), 0.0057416 secs] [Times: user=0.02 sys=0.00, real=0.01 secs] 
2677.017: [GC (Allocation Failure) [PSYoungGen: 270965K->184719K(465920K)] 965243K->880242K(1576448K), 0.0203461 secs] [Times: user=0.03 sys=0.00, real=0.02 secs] 
2677.301: [GC (Allocation Failure) [PSYoungGen: 417679K->184655K(465920K)] 1113202K->880587K(1576448K), 0.0202876 secs] [Times: user=0.02 sys=0.00, real=0.02 secs] 
2678.428: [GC (Allocation Failure) [PSYoungGen: 407088K->91323K(465920K)] 1103020K->787521K(1576448K), 0.0132272 secs] [Times: user=0.03 sys=0.00, real=0.01 secs] 
2679.360: [GC (Allocation Failure) [PSYoungGen: 324283K->38070K(465920K)] 1020481K->734452K(1576448K), 0.0064281 secs] [Times: user=0.02 sys=0.00, real=0.01 secs] 
2679.699: [GC (GCLocker Initiated GC) [PSYoungGen: 271030K->183658K(465920K)] 967413K->881287K(1576448K), 0.0203617 secs] [Times: user=0.03 sys=0.00, real=0.02 secs] 
2679.986: [GC (Allocation Failure) [PSYoungGen: 416618K->184623K(465920K)] 1115372K->883641K(1576448K), 0.0205140 secs] [Times: user=0.02 sys=0.00, real=0.03 secs] 
2681.500: [GC (Allocation Failure) [PSYoungGen: 407785K->91387K(465920K)] 1106804K->790414K(1576448K), 0.0242947 secs] [Times: user=0.05 sys=0.00, real=0.02 secs] 
2683.520: [GC (Allocation Failure) [PSYoungGen: 324347K->37716K(465920K)] 1023374K->737074K(1576448K), 0.0075321 secs] [Times: user=0.02 sys=0.00, real=0.01 secs] 
2683.826: [GC (Allocation Failure) [PSYoungGen: 270676K->184462K(465920K)] 970034K->885202K(1576448K), 0.0204230 secs] [Times: user=0.02 sys=0.00, real=0.02 secs] 
2684.172: [GC (Allocation Failure) [PSYoungGen: 417422K->184301K(465920K)] 1118162K->885186K(1576448K), 0.0203785 secs] [Times: user=0.03 sys=0.00, real=0.02 secs] 
2685.149: [GC (Allocation Failure) [PSYoungGen: 409224K->92287K(465920K)] 1110109K->793445K(1576448K), 0.0124972 secs] [Times: user=0.03 sys=0.00, real=0.01 secs] 
2686.037: [GC (Allocation Failure) [PSYoungGen: 325247K->37845K(465920K)] 1026405K->739308K(1576448K), 0.0069241 secs] [Times: user=0.02 sys=0.00, real=0.00 secs] 
2686.398: [GC (Allocation Failure) [PSYoungGen: 270805K->184333K(465920K)] 972268K->887050K(1576448K), 0.0204128 secs] [Times: user=0.02 sys=0.00, real=0.02 secs] 
2686.685: [GC (Allocation Failure) [PSYoungGen: 417293K->184526K(465920K)] 1120010K->887645K(1576448K), 0.0208037 secs] [Times: user=0.02 sys=0.00, real=0.02 secs] 
2687.577: [GC (Allocation Failure) [PSYoungGen: 407510K->91950K(465920K)] 1110629K->795213K(1576448K), 0.0155412 secs] [Times: user=0.03 sys=0.00, real=0.01 secs] 
2689.476: [GC (Allocation Failure) [PSYoungGen: 324910K->37716K(465920K)] 1028173K->741285K(1576448K), 0.0085878 secs] [Times: user=0.02 sys=0.00, real=0.00 secs] 
2689.810: [GC (Allocation Failure) [PSYoungGen: 270676K->184847K(465920K)] 974245K->889670K(1576448K), 0.0205069 secs] [Times: user=0.03 sys=0.00, real=0.02 secs] 
2690.095: [GC (Allocation Failure) [PSYoungGen: 417807K->184205K(465920K)] 1122630K->889437K(1576448K), 0.0209028 secs] [Times: user=0.03 sys=0.00, real=0.02 secs] 
2690.710: [GC (Allocation Failure) [PSYoungGen: 409412K->92014K(465920K)] 1114645K->797519K(1576448K), 0.0110752 secs] [Times: user=0.02 sys=0.00, real=0.01 secs] 
2691.566: [GC (Allocation Failure) [PSYoungGen: 324974K->37973K(465920K)] 1030479K->743656K(1576448K), 0.0072048 secs] [Times: user=0.02 sys=0.00, real=0.00 secs] 
2691.871: [GC (Allocation Failure) [PSYoungGen: 270933K->184333K(465920K)] 976616K->891269K(1576448K), 0.0204905 secs] [Times: user=0.03 sys=0.00, real=0.02 secs] 
2692.222: [GC (Allocation Failure) [PSYoungGen: 417293K->184558K(465920K)] 1124229K->891904K(1576448K), 0.0204917 secs] [Times: user=0.02 sys=0.00, real=0.02 secs] 
2692.909: [GC (Allocation Failure) [PSYoungGen: 407030K->91901K(465920K)] 1114376K->799391K(1576448K), 0.0127137 secs] [Times: user=0.03 sys=0.00, real=0.01 secs] 
2694.145: [GC (Allocation Failure) [PSYoungGen: 324861K->37716K(465920K)] 1032351K->745520K(1576448K), 0.0094682 secs] [Times: user=0.02 sys=0.00, real=0.01 secs] 
2694.501: [GC (Allocation Failure) [PSYoungGen: 270676K->184719K(465920K)] 978480K->893768K(1576448K), 0.0206697 secs] [Times: user=0.03 sys=0.00, real=0.02 secs] 
2694.852: [GC (Allocation Failure) [PSYoungGen: 417679K->186550K(465920K)] 1126728K->895873K(1576448K), 0.0205916 secs] [Times: user=0.03 sys=0.00, real=0.02 secs] 
2695.690: [GC (Allocation Failure) [PSYoungGen: 403814K->89781K(465920K)] 1113136K->799376K(1576448K), 0.0123085 secs] [Times: user=0.02 sys=0.00, real=0.01 secs] 
2696.517: [GC (Allocation Failure) [PSYoungGen: 322741K->38002K(465920K)] 1032336K->747904K(1576448K), 0.0056619 secs] [Times: user=0.01 sys=0.00, real=0.00 secs] 
2696.788: [GC (Allocation Failure) [PSYoungGen: 270962K->184205K(465920K)] 980864K->895352K(1576448K), 0.0206888 secs] [Times: user=0.03 sys=0.01, real=0.02 secs] 
2697.152: [GC (Allocation Failure) [PSYoungGen: 417165K->186325K(465920K)] 1128312K->897746K(1576448K), 0.0205830 secs] [Times: user=0.03 sys=0.00, real=0.02 secs] 
2699.485: [GC (Allocation Failure) [PSYoungGen: 408252K->90198K(465920K)] 1119672K->801891K(1576448K), 0.0158652 secs] [Times: user=0.03 sys=0.00, real=0.02 secs] 
2700.833: [GC (Allocation Failure) [PSYoungGen: 323158K->37845K(465920K)] 1034851K->749852K(1576448K), 0.0062957 secs] [Times: user=0.02 sys=0.00, real=0.01 secs] 
2701.112: [GC (Allocation Failure) [PSYoungGen: 270805K->184590K(465920K)] 982812K->897851K(1576448K), 0.0203651 secs] [Times: user=0.03 sys=0.00, real=0.02 secs] 
2701.396: [GC (Allocation Failure) [PSYoungGen: 417550K->184076K(465920K)] 1130811K->897610K(1576448K), 0.0207631 secs] [Times: user=0.03 sys=0.00, real=0.02 secs] 
2702.003: [GC (Allocation Failure) [PSYoungGen: 408041K->92271K(465920K)] 1121574K->806069K(1576448K), 0.0109386 secs] [Times: user=0.02 sys=0.00, real=0.01 secs] 
2702.814: [GC (Allocation Failure) [PSYoungGen: 325231K->38005K(465920K)] 1039029K->752117K(1576448K), 0.0055995 secs] [Times: user=0.01 sys=0.00, real=0.01 secs] 
2703.084: [GC (Allocation Failure) [PSYoungGen: 270965K->184462K(465920K)] 985077K->899827K(1576448K), 0.0203272 secs] [Times: user=0.03 sys=0.00, real=0.02 secs] 
2703.369: [GC (Allocation Failure) [PSYoungGen: 417422K->184301K(465920K)] 1132787K->899940K(1576448K), 0.0202687 secs] [Times: user=0.03 sys=0.00, real=0.02 secs] 
2705.008: [GC (Allocation Failure) [PSYoungGen: 409372K->91998K(465920K)] 1125011K->808038K(1576448K), 0.0149046 secs] [Times: user=0.03 sys=0.00, real=0.01 secs] 
2706.820: [GC (Allocation Failure) [PSYoungGen: 324958K->37716K(465920K)] 1040998K->753944K(1576448K), 0.0077128 secs] [Times: user=0.02 sys=0.00, real=0.01 secs] 
2707.137: [GC (Allocation Failure) [PSYoungGen: 270676K->184719K(465920K)] 986904K->902320K(1576448K), 0.0204064 secs] [Times: user=0.03 sys=0.00, real=0.02 secs] 
2707.422: [GC (Allocation Failure) [PSYoungGen: 417679K->184462K(465920K)] 1135280K->902216K(1576448K), 0.0202274 secs] [Times: user=0.02 sys=0.00, real=0.02 secs] 
2708.043: [GC (Allocation Failure) [PSYoungGen: 407037K->91869K(465920K)] 1124791K->809888K(1576448K), 0.0106912 secs] [Times: user=0.02 sys=0.00, real=0.01 secs] 
2708.832: [GC (Allocation Failure) [PSYoungGen: 324829K->37906K(465920K)] 1042848K->756239K(1576448K), 0.0055109 secs] [Times: user=0.02 sys=0.00, real=0.01 secs] 
2709.103: [GC (Allocation Failure) [PSYoungGen: 270866K->184462K(465920K)] 989199K->904177K(1576448K), 0.0204414 secs] [Times: user=0.02 sys=0.00, real=0.02 secs] 
2709.388: [GC (Allocation Failure) [PSYoungGen: 417422K->184590K(465920K)] 1137137K->904450K(1576448K), 0.0204238 secs] [Times: user=0.03 sys=0.00, real=0.02 secs] 
2710.983: [GC (Allocation Failure) [PSYoungGen: 407135K->91869K(465920K)] 1126994K->812002K(1576448K), 0.0244548 secs] [Times: user=0.05 sys=0.00, real=0.03 secs] 
2712.639: [GC (Allocation Failure) [PSYoungGen: 324829K->37684K(465920K)] 1044962K->758131K(1576448K), 0.0068714 secs] [Times: user=0.02 sys=0.00, real=0.01 secs] 
2712.930: [GC (Allocation Failure) [PSYoungGen: 270644K->184462K(465920K)] 991091K->906282K(1576448K), 0.0203102 secs] [Times: user=0.03 sys=0.00, real=0.02 secs] 
2713.215: [GC (Allocation Failure) [PSYoungGen: 417422K->184558K(465920K)] 1139242K->906523K(1576448K), 0.0203772 secs] [Times: user=0.02 sys=0.00, real=0.02 secs] 
2714.729: [GC (Allocation Failure) [PSYoungGen: 407638K->91998K(465920K)] 1129603K->814228K(1576448K), 0.0159958 secs] [Times: user=0.03 sys=0.00, real=0.01 secs] 
2716.026: [GC (Allocation Failure) [PSYoungGen: 324958K->144899K(465920K)] 1047188K->867445K(1576448K), 0.0147712 secs] [Times: user=0.03 sys=0.00, real=0.01 secs] 
2716.226: [GC (Allocation Failure) [PSYoungGen: 377859K->184430K(465920K)] 1100405K->940997K(1576448K), 0.0215753 secs] [Times: user=0.03 sys=0.00, real=0.02 secs] 
2716.437: [GC (Allocation Failure) [PSYoungGen: 417390K->184301K(465920K)] 1173957K->941150K(1576448K), 0.0204369 secs] [Times: user=0.03 sys=0.00, real=0.02 secs] 
2718.054: [GC (Allocation Failure) [PSYoungGen: 417261K->1488K(465920K)] 1174110K->758730K(1576448K), 0.0027328 secs] [Times: user=0.01 sys=0.00, real=0.01 secs] 
2718.661: [GC (Allocation Failure) [PSYoungGen: 234448K->136486K(465920K)] 991690K->893914K(1576448K), 0.0155772 secs] [Times: user=0.02 sys=0.00, real=0.02 secs] 
2718.943: [GC (Allocation Failure) [PSYoungGen: 369446K->186100K(465920K)] 1126874K->944902K(1576448K), 0.0206000 secs] [Times: user=0.03 sys=0.00, real=0.02 secs] 
2719.560: [GC (Allocation Failure) [PSYoungGen: 419060K->163683K(465920K)] 1177862K->922758K(1576448K), 0.0360809 secs] [Times: user=0.06 sys=0.00, real=0.04 secs] 
2721.948: [GC (Allocation Failure) [PSYoungGen: 396643K->64K(465920K)] 1155718K->760421K(1576448K), 0.0041088 secs] [Times: user=0.02 sys=0.00, real=0.00 secs] 
2722.923: [GC (Allocation Failure) [PSYoungGen: 232897K->160649K(465920K)] 993254K->921022K(1576448K), 0.0178436 secs] [Times: user=0.02 sys=0.00, real=0.02 secs] 
2723.262: [GC (Allocation Failure) [PSYoungGen: 393609K->184301K(465920K)] 1153982K->945920K(1576448K), 0.0206473 secs] [Times: user=0.03 sys=0.00, real=0.02 secs] 
2724.442: [GC (Allocation Failure) [PSYoungGen: 417261K->145432K(465920K)] 1178880K->907317K(1576448K), 0.0307819 secs] [Times: user=0.05 sys=0.00, real=0.03 secs] 
2725.651: [GC (Allocation Failure) [PSYoungGen: 378392K->64K(465920K)] 1140277K->763364K(1576448K), 0.0030407 secs] [Times: user=0.01 sys=0.00, real=0.00 secs] 
2726.069: [GC (Allocation Failure) [PSYoungGen: 233024K->182880K(465920K)] 996324K->946212K(1576448K), 0.0202778 secs] [Times: user=0.03 sys=0.00, real=0.02 secs] 
2726.353: [GC (Allocation Failure) [PSYoungGen: 415840K->184430K(465920K)] 1179172K->949023K(1576448K), 0.0208863 secs] [Times: user=0.03 sys=0.00, real=0.02 secs] 
2727.879: [GC (Allocation Failure) [PSYoungGen: 417390K->131390K(465920K)] 1181983K->896249K(1576448K), 0.0370181 secs] [Times: user=0.07 sys=0.00, real=0.03 secs] 
2730.022: [GC (Allocation Failure) [PSYoungGen: 364281K->20976K(465920K)] 1129140K->786141K(1576448K), 0.0056473 secs] [Times: user=0.02 sys=0.00, real=0.01 secs] 
2730.327: [GC (Allocation Failure) [PSYoungGen: 253936K->184044K(465920K)] 1019101K->950462K(1576448K), 0.0205878 secs] [Times: user=0.03 sys=0.00, real=0.02 secs] 
2730.675: [GC (Allocation Failure) [PSYoungGen: 417004K->184590K(465920K)] 1183422K->951281K(1576448K), 0.0205468 secs] [Times: user=0.03 sys=0.00, real=0.02 secs] 
2731.623: [GC (Allocation Failure) [PSYoungGen: 417550K->109139K(465920K)] 1184241K->876095K(1576448K), 0.0146812 secs] [Times: user=0.03 sys=0.00, real=0.02 secs] 
2732.535: [GC (Allocation Failure) [PSYoungGen: 342099K->43757K(465920K)] 1109055K->811011K(1576448K), 0.0089695 secs] [Times: user=0.02 sys=0.00, real=0.01 secs] 
2732.856: [GC (Allocation Failure) [PSYoungGen: 276717K->186486K(465920K)] 1043971K->954986K(1576448K), 0.0207038 secs] [Times: user=0.03 sys=0.00, real=0.02 secs] 
2733.143: [GC (Allocation Failure) [PSYoungGen: 419446K->186036K(465920K)] 1187946K->954809K(1576448K), 0.0206832 secs] [Times: user=0.03 sys=0.00, real=0.02 secs] 
2735.540: [GC (Allocation Failure) [PSYoungGen: 418996K->66038K(465920K)] 1187769K->835076K(1576448K), 0.0163362 secs] [Times: user=0.03 sys=0.01, real=0.02 secs] 
2736.966: [GC (Allocation Failure) [PSYoungGen: 298998K->70776K(465920K)] 1068036K->840131K(1576448K), 0.0088533 secs] [Times: user=0.01 sys=0.00, real=0.00 secs] 
2737.245: [GC (Allocation Failure) [PSYoungGen: 303736K->185875K(465920K)] 1073091K->956484K(1576448K), 0.0206471 secs] [Times: user=0.03 sys=0.00, real=0.02 secs] 
2737.535: [GC (Allocation Failure) [PSYoungGen: 418835K->184430K(465920K)] 1189444K->955312K(1576448K), 0.0204740 secs] [Times: user=0.02 sys=0.00, real=0.02 secs] 
2738.386: [GC (Allocation Failure) [PSYoungGen: 417390K->41298K(465920K)] 1188272K->812445K(1576448K), 0.0092841 secs] [Times: user=0.02 sys=0.00, real=0.00 secs] 
2739.043: [GC (Allocation Failure) [PSYoungGen: 274258K->96162K(465920K)] 1045405K->867625K(1576448K), 0.0116720 secs] [Times: user=0.02 sys=0.00, real=0.01 secs] 
2739.325: [GC (Allocation Failure) [PSYoungGen: 329122K->186261K(465920K)] 1100585K->958970K(1576448K), 0.0208608 secs] [Times: user=0.03 sys=0.00, real=0.02 secs] 
2739.619: [GC (Allocation Failure) [PSYoungGen: 419221K->185972K(465920K)] 1191930K->958954K(1576448K), 0.0208643 secs] [Times: user=0.03 sys=0.00, real=0.02 secs] 
2741.973: [GC (Allocation Failure) [PSYoungGen: 418932K->13955K(465920K)] 1191914K->787330K(1576448K), 0.0055519 secs] [Times: user=0.02 sys=0.00, real=0.01 secs] 
2743.127: [GC (Allocation Failure) [PSYoungGen: 246915K->122349K(465920K)] 1020290K->895917K(1576448K), 0.0141821 secs] [Times: user=0.02 sys=0.00, real=0.01 secs] 
2743.409: [GC (Allocation Failure) [PSYoungGen: 355309K->185972K(465920K)] 1128877K->960915K(1576448K), 0.0206529 secs] [Times: user=0.03 sys=0.00, real=0.02 secs] 
2743.862: [GC (Allocation Failure) [PSYoungGen: 418932K->174893K(465920K)] 1193875K->949981K(1576448K), 0.0210433 secs] [Times: user=0.03 sys=0.00, real=0.02 secs] 
2745.789: [GC (Allocation Failure) [PSYoungGen: 407853K->64K(465920K)] 1182941K->776582K(1576448K), 0.0026936 secs] [Times: user=0.02 sys=0.00, real=0.00 secs] 
2746.275: [GC (Allocation Failure) [PSYoungGen: 233024K->148082K(465920K)] 1009542K->924625K(1576448K), 0.0166530 secs] [Times: user=0.02 sys=0.00, real=0.02 secs] 
2746.558: [GC (Allocation Failure) [PSYoungGen: 381042K->185843K(465920K)] 1157585K->963752K(1576448K), 0.0206927 secs] [Times: user=0.03 sys=0.00, real=0.02 secs] 
2748.296: [GC (Allocation Failure) [PSYoungGen: 418803K->156485K(465920K)] 1196712K->934531K(1576448K), 0.0340512 secs] [Times: user=0.05 sys=0.00, real=0.03 secs] 
2750.556: [GC (Allocation Failure) [PSYoungGen: 389445K->64K(465920K)] 1167491K->779545K(1576448K), 0.0039047 secs] [Times: user=0.01 sys=0.00, real=0.00 secs] 
2751.104: [GC (Allocation Failure) [PSYoungGen: 233024K->173244K(465920K)] 1012505K->952741K(1576448K), 0.0215058 secs] [Times: user=0.03 sys=0.00, real=0.02 secs] 
2751.398: [GC (Allocation Failure) [PSYoungGen: 406204K->185972K(465920K)] 1185701K->966715K(1576448K), 0.0207927 secs] [Times: user=0.03 sys=0.00, real=0.02 secs] 
2751.978: [GC (Allocation Failure) [PSYoungGen: 418932K->139374K(465920K)] 1199675K->920382K(1576448K), 0.0173438 secs] [Times: user=0.03 sys=0.00, real=0.02 secs] 
2753.044: [GC (Allocation Failure) [PSYoungGen: 372334K->14451K(465920K)] 1153342K->795756K(1576448K), 0.0042342 secs] [Times: user=0.01 sys=0.00, real=0.01 secs] 
2753.327: [GC (Allocation Failure) [PSYoungGen: 247411K->185715K(465920K)] 1028716K->968266K(1576448K), 0.0204906 secs] [Times: user=0.02 sys=0.00, real=0.02 secs] 
2753.619: [GC (Allocation Failure) [PSYoungGen: 418675K->185779K(465920K)] 1201226K->968604K(1576448K), 0.0206856 secs] [Times: user=0.03 sys=0.00, real=0.02 secs] 
2754.604: [GC (Allocation Failure) [PSYoungGen: 418739K->112786K(465920K)] 1201564K->895875K(1576448K), 0.0194824 secs] [Times: user=0.04 sys=0.00, real=0.02 secs] 
2756.950: [GC (Allocation Failure) [PSYoungGen: 345746K->40383K(465920K)] 1128835K->823772K(1576448K), 0.0083642 secs] [Times: user=0.02 sys=0.00, real=0.01 secs] 
2757.345: [GC (Allocation Failure) [PSYoungGen: 273343K->185843K(465920K)] 1056732K->970478K(1576448K), 0.0208270 secs] [Times: user=0.03 sys=0.00, real=0.03 secs] 
2757.637: [GC (Allocation Failure) [PSYoungGen: 418803K->185811K(465920K)] 1203438K->970719K(1576448K), 0.0206154 secs] [Times: user=0.03 sys=0.00, real=0.02 secs] 
2759.038: [GC (Allocation Failure) [PSYoungGen: 418771K->70248K(465920K)] 1203679K->855420K(1576448K), 0.0171173 secs] [Times: user=0.04 sys=0.00, real=0.01 secs] 
2760.757: [GC (Allocation Failure) [PSYoungGen: 303208K->65445K(465920K)] 1088380K->850924K(1576448K), 0.0116352 secs] [Times: user=0.03 sys=0.00, real=0.01 secs] 
2761.076: [GC (Allocation Failure) [PSYoungGen: 298405K->184301K(465920K)] 1083884K->971025K(1576448K), 0.0204933 secs] [Times: user=0.03 sys=0.00, real=0.03 secs] 
2761.361: [GC (Allocation Failure) [PSYoungGen: 417261K->183755K(465920K)] 1203985K->970752K(1576448K), 0.0240989 secs] [Times: user=0.04 sys=0.00, real=0.02 secs] 
2762.887: [GC (Allocation Failure) [PSYoungGen: 416715K->48720K(465920K)] 1203712K->836111K(1576448K), 0.0085116 secs] [Times: user=0.02 sys=0.00, real=0.00 secs] 
2764.124: [GC (Allocation Failure) [PSYoungGen: 281680K->87101K(465920K)] 1069071K->874663K(1576448K), 0.0113908 secs] [Times: user=0.02 sys=0.00, real=0.01 secs] 
2764.400: [GC (Allocation Failure) [PSYoungGen: 320061K->184173K(465920K)] 1107623K->972980K(1576448K), 0.0205749 secs] [Times: user=0.03 sys=0.00, real=0.02 secs] 
2764.686: [GC (Allocation Failure) [PSYoungGen: 417133K->184494K(465920K)] 1205940K->973582K(1576448K), 0.0205037 secs] [Times: user=0.03 sys=0.00, real=0.03 secs] 
2765.584: [GC (Allocation Failure) [PSYoungGen: 417454K->26582K(465920K)] 1206542K->815952K(1576448K), 0.0054604 secs] [Times: user=0.02 sys=0.00, real=0.01 secs] 
2766.252: [GC (Allocation Failure) [PSYoungGen: 259542K->109721K(465920K)] 1048912K->899401K(1576448K), 0.0129166 secs] [Times: user=0.02 sys=0.00, real=0.01 secs] 
2766.589: [GC (Allocation Failure) [PSYoungGen: 342681K->184173K(465920K)] 1132361K->975097K(1576448K), 0.0207215 secs] [Times: user=0.03 sys=0.00, real=0.02 secs] 
2766.934: [GC (Allocation Failure) [PSYoungGen: 417133K->184494K(465920K)] 1208057K->975684K(1576448K), 0.0208765 secs] [Times: user=0.02 sys=0.00, real=0.02 secs] 
2768.942: [GC (Allocation Failure) [PSYoungGen: 417454K->3833K(465920K)] 1208644K->795289K(1576448K), 0.0038596 secs] [Times: user=0.02 sys=0.00, real=0.00 secs] 
2769.822: [GC (Allocation Failure) [PSYoungGen: 236793K->132020K(465920K)] 1028249K->923773K(1576448K), 0.0151333 secs] [Times: user=0.02 sys=0.00, real=0.02 secs] 
2770.102: [GC (Allocation Failure) [PSYoungGen: 364980K->184173K(465920K)] 1156733K->977299K(1576448K), 0.0205312 secs] [Times: user=0.03 sys=0.00, real=0.02 secs] 
2770.715: [GC (Allocation Failure) [PSYoungGen: 417133K->168110K(465920K)] 1210259K->961373K(1576448K), 0.0306556 secs] [Times: user=0.05 sys=0.01, real=0.03 secs] 
2772.339: [GC (Allocation Failure) [PSYoungGen: 401070K->64K(465920K)] 1194333K->794763K(1576448K), 0.0027644 secs] [Times: user=0.01 sys=0.00, real=0.00 secs] 
2772.759: [GC (Allocation Failure) [PSYoungGen: 233024K->153384K(465920K)] 1027723K->948099K(1576448K), 0.0172343 secs] [Times: user=0.03 sys=0.00, real=0.02 secs] 
2773.096: [GC (Allocation Failure) [PSYoungGen: 386344K->184944K(465920K)] 1181059K->980904K(1576448K), 0.0205138 secs] [Times: user=0.02 sys=0.00, real=0.02 secs] 
2774.065: [GC (Allocation Failure) [PSYoungGen: 417904K->152084K(465920K)] 1213864K->948438K(1576448K), 0.0314357 secs] [Times: user=0.05 sys=0.00, real=0.04 secs] 
2776.695: [GC (Allocation Failure) [PSYoungGen: 385044K->96K(465920K)] 1181398K->797749K(1576448K), 0.0037228 secs] [Times: user=0.02 sys=0.00, real=0.01 secs] 
2777.173: [GC (Allocation Failure) [PSYoungGen: 233056K->178221K(465920K)] 1030709K->975906K(1576448K), 0.0198422 secs] [Times: user=0.02 sys=0.00, real=0.02 secs] 
2777.461: [GC (Allocation Failure) [PSYoungGen: 411181K->184847K(465920K)] 1208866K->983770K(1576448K), 0.0204595 secs] [Times: user=0.02 sys=0.00, real=0.02 secs] 
2778.318: [GC (Allocation Failure) [PSYoungGen: 417807K->135615K(465920K)] 1216730K->934803K(1576448K), 0.0174296 secs] [Times: user=0.03 sys=0.00, real=0.02 secs] 
2780.032: [GC (Allocation Failure) [PSYoungGen: 368575K->16250K(465920K)] 1167763K->815730K(1576448K), 0.0044947 secs] [Times: user=0.01 sys=0.00, real=0.01 secs] 
2780.320: [GC (Allocation Failure) [PSYoungGen: 249210K->186229K(465920K)] 1048690K->986962K(1576448K), 0.0208042 secs] [Times: user=0.03 sys=0.00, real=0.02 secs] 
2780.664: [GC (Allocation Failure) [PSYoungGen: 419189K->184655K(465920K)] 1219922K->985661K(1576448K), 0.0206892 secs] [Times: user=0.03 sys=0.00, real=0.02 secs] 
2781.808: [GC (Allocation Failure) [PSYoungGen: 417615K->111565K(465920K)] 1218621K->912837K(1576448K), 0.0201797 secs] [Times: user=0.04 sys=0.00, real=0.02 secs] 
2783.529: [GC (Allocation Failure) [PSYoungGen: 344525K->40669K(465920K)] 1145797K->842255K(1576448K), 0.0072544 secs] [Times: user=0.01 sys=0.00, real=0.01 secs] 
2783.816: [GC (Allocation Failure) [PSYoungGen: 273629K->184847K(465920K)] 1075215K->987678K(1576448K), 0.0207281 secs] [Times: user=0.03 sys=0.00, real=0.02 secs] 
2784.159: [GC (Allocation Failure) [PSYoungGen: 417807K->184141K(465920K)] 1220638K->987244K(1576448K), 0.0205267 secs] [Times: user=0.03 sys=0.00, real=0.02 secs] 
2785.614: [GC (Allocation Failure) [PSYoungGen: 417101K->72658K(465920K)] 1220204K->876027K(1576448K), 0.0182134 secs] [Times: user=0.03 sys=0.00, real=0.02 secs] 
2787.431: [GC (Allocation Failure) [PSYoungGen: 305618K->63164K(465920K)] 1108987K->866848K(1576448K), 0.0098243 secs] [Times: user=0.01 sys=0.00, real=0.01 secs] 
2787.793: [GC (Allocation Failure) [PSYoungGen: 296124K->184687K(465920K)] 1099808K->989625K(1576448K), 0.0207419 secs] [Times: user=0.03 sys=0.01, real=0.02 secs] 
2788.078: [GC (Allocation Failure) [PSYoungGen: 417647K->184012K(465920K)] 1222585K->989231K(1576448K), 0.0206206 secs] [Times: user=0.03 sys=0.00, real=0.02 secs] 
2789.774: [GC (Allocation Failure) [PSYoungGen: 416972K->50327K(465920K)] 1222191K->855811K(1576448K), 0.0089388 secs] [Times: user=0.02 sys=0.00, real=0.01 secs] 
2790.473: [GC (Allocation Failure) [PSYoungGen: 283287K->85687K(465920K)] 1088771K->891477K(1576448K), 0.0104881 secs] [Times: user=0.02 sys=0.00, real=0.01 secs] 
2790.748: [GC (Allocation Failure) [PSYoungGen: 318647K->184205K(465920K)] 1124437K->991369K(1576448K), 0.0205598 secs] [Times: user=0.03 sys=0.00, real=0.02 secs] 
2791.092: [GC (Allocation Failure) [PSYoungGen: 417165K->184141K(465920K)] 1224329K->991449K(1576448K), 0.0205129 secs] [Times: user=0.03 sys=0.01, real=0.02 secs] 
2792.113: [GC (Allocation Failure) [PSYoungGen: 417101K->28269K(465920K)] 1224409K->835843K(1576448K), 0.0091812 secs] [Times: user=0.03 sys=0.00, real=0.01 secs] 
2792.746: [GC (Allocation Failure) [PSYoungGen: 261229K->108115K(465920K)] 1068803K->915990K(1576448K), 0.0127554 secs] [Times: user=0.02 sys=0.00, real=0.01 secs] 
2793.083: [GC (Allocation Failure) [PSYoungGen: 341075K->184944K(465920K)] 1148950K->994065K(1576448K), 0.0208427 secs] [Times: user=0.03 sys=0.00, real=0.02 secs] 
2793.368: [GC (Allocation Failure) [PSYoungGen: 417904K->184173K(465920K)] 1227025K->993695K(1576448K), 0.0204528 secs] [Times: user=0.03 sys=0.00, real=0.02 secs] 
2796.039: [GC (Allocation Failure) [PSYoungGen: 417133K->5119K(465920K)] 1226655K->814778K(1576448K), 0.0040229 secs] [Times: user=0.02 sys=0.00, real=0.00 secs] 
2797.160: [GC (Allocation Failure) [PSYoungGen: 238079K->130349K(465920K)] 1047738K->940322K(1576448K), 0.0151806 secs] [Times: user=0.02 sys=0.00, real=0.01 secs] 
2797.443: [GC (Allocation Failure) [PSYoungGen: 363309K->184815K(465920K)] 1173282K->996042K(1576448K), 0.0205233 secs] [Times: user=0.03 sys=0.00, real=0.02 secs] 
2798.224: [GC (Allocation Failure) [PSYoungGen: 417775K->171122K(465920K)] 1229002K->982613K(1576448K), 0.0250718 secs] [Times: user=0.03 sys=0.00, real=0.03 secs] 
2800.501: [GC (Allocation Failure) [PSYoungGen: 404082K->64K(465920K)] 1215573K->813003K(1576448K), 0.0037635 secs] [Times: user=0.02 sys=0.00, real=0.00 secs] 
2800.970: [GC (Allocation Failure) [PSYoungGen: 233015K->154254K(465920K)] 1045954K->967226K(1576448K), 0.0174327 secs] [Times: user=0.02 sys=0.00, real=0.02 secs] 
2801.254: [GC (Allocation Failure) [PSYoungGen: 387214K->185972K(465920K)] 1200186K->1000325K(1576448K), 0.0206803 secs] [Times: user=0.03 sys=0.00, real=0.02 secs] 
2801.750: [GC (Allocation Failure) [PSYoungGen: 418932K->150204K(465920K)] 1233285K->964694K(1576448K), 0.0197203 secs] [Times: user=0.03 sys=0.00, real=0.02 secs] 
2802.701: [GC (Allocation Failure) [PSYoungGen: 383164K->64K(465920K)] 1197654K->815985K(1576448K), 0.0028297 secs] [Times: user=0.02 sys=0.00, real=0.00 secs] 
2803.028: [GC (Allocation Failure) [PSYoungGen: 233024K->179381K(465920K)] 1048945K->995318K(1576448K), 0.0198372 secs] [Times: user=0.02 sys=0.00, real=0.02 secs] 
2803.320: [GC (Allocation Failure) [PSYoungGen: 412341K->186357K(465920K)] 1228278K->1003669K(1576448K), 0.0208436 secs] [Times: user=0.03 sys=0.00, real=0.02 secs] 
2804.573: [GC (Allocation Failure) [PSYoungGen: 419317K->132916K(465920K)] 1236629K->950493K(1576448K), 0.0370144 secs] [Times: user=0.06 sys=0.01, real=0.04 secs] 
2806.477: [GC (Allocation Failure) [PSYoungGen: 365876K->17410K(465920K)] 1183453K->835157K(1576448K), 0.0055513 secs] [Times: user=0.01 sys=0.00, real=0.00 secs] 
2806.864: [GC (Allocation Failure) [PSYoungGen: 250370K->184044K(465920K)] 1068117K->1003054K(1576448K), 0.0205105 secs] [Times: user=0.03 sys=0.00, real=0.02 secs] 
2807.207: [GC (Allocation Failure) [PSYoungGen: 417004K->183916K(465920K)] 1236014K->1003198K(1576448K), 0.0208424 secs] [Times: user=0.03 sys=0.00, real=0.02 secs] 
2808.739: [GC (Allocation Failure) [PSYoungGen: 416876K->113332K(465920K)] 1236158K->932880K(1576448K), 0.0194573 secs] [Times: user=0.04 sys=0.00, real=0.02 secs] 
2810.636: [GC (Allocation Failure) [PSYoungGen: 346292K->38969K(465920K)] 1165840K->858815K(1576448K), 0.0076243 secs] [Times: user=0.01 sys=0.00, real=0.00 secs] 
2810.939: [GC (Allocation Failure) [PSYoungGen: 271929K->186357K(465920K)] 1091775K->1007449K(1576448K), 0.0206749 secs] [Times: user=0.03 sys=0.00, real=0.02 secs] 
2811.228: [GC (Allocation Failure) [PSYoungGen: 419317K->185908K(465920K)] 1240409K->1007401K(1576448K), 0.0205460 secs] [Times: user=0.03 sys=0.00, real=0.02 secs] 
2812.273: [GC (Allocation Failure) [PSYoungGen: 418868K->70987K(465920K)] 1240361K->892616K(1576448K), 0.0110595 secs] [Times: user=0.02 sys=0.00, real=0.01 secs] 
2813.480: [GC (Allocation Failure) [PSYoungGen: 303947K->65092K(465920K)] 1125576K->887027K(1576448K), 0.0115092 secs] [Times: user=0.03 sys=0.00, real=0.01 secs] 
2813.791: [GC (Allocation Failure) [PSYoungGen: 298052K->186357K(465920K)] 1119987K->1009538K(1576448K), 0.0207489 secs] [Times: user=0.03 sys=0.00, real=0.02 secs] 
2814.079: [GC (Allocation Failure) [PSYoungGen: 419317K->186036K(465920K)] 1242498K->1009490K(1576448K), 0.0208723 secs] [Times: user=0.02 sys=0.00, real=0.02 secs] 
2814.855: [GC (Allocation Failure) [PSYoungGen: 418996K->44704K(465920K)] 1242450K->868551K(1576448K), 0.0080310 secs] [Times: user=0.02 sys=0.01, real=0.01 secs] 
2815.530: [GC (Allocation Failure) [PSYoungGen: 277664K->92788K(465920K)] 1101511K->916822K(1576448K), 0.0112815 secs] [Times: user=0.02 sys=0.00, real=0.01 secs] 
2815.808: [GC (Allocation Failure) [PSYoungGen: 325748K->185747K(465920K)] 1149782K->1011155K(1576448K), 0.0206096 secs] [Times: user=0.03 sys=0.00, real=0.02 secs] 
2816.155: [GC (Allocation Failure) [PSYoungGen: 418707K->185875K(465920K)] 1244115K->1011428K(1576448K), 0.0207517 secs] [Times: user=0.03 sys=0.00, real=0.03 secs] 
2818.181: [GC (Allocation Failure) [PSYoungGen: 418835K->17971K(465920K)] 1244388K->843789K(1576448K), 0.0051489 secs] [Times: user=0.02 sys=0.00, real=0.01 secs] 
2819.406: [GC (Allocation Failure) [PSYoungGen: 250931K->117108K(465920K)] 1076749K->943240K(1576448K), 0.0135674 secs] [Times: user=0.02 sys=0.00, real=0.01 secs] 
2819.684: [GC (Allocation Failure) [PSYoungGen: 350068K->184173K(465920K)] 1176200K->1011550K(1576448K), 0.0204882 secs] [Times: user=0.03 sys=0.00, real=0.02 secs] 
2820.307: [GC (Allocation Failure) [PSYoungGen: 417133K->181226K(465920K)] 1244510K->1009013K(1576448K), 0.0332942 secs] [Times: user=0.05 sys=0.00, real=0.03 secs] 
2821.666: [GC (Allocation Failure) [PSYoungGen: 414186K->64K(465920K)] 1241973K->829178K(1576448K), 0.0028886 secs] [Times: user=0.02 sys=0.00, real=0.00 secs] 
2822.136: [GC (Allocation Failure) [PSYoungGen: 233024K->139185K(465920K)] 1062138K->968307K(1576448K), 0.0162750 secs] [Times: user=0.03 sys=0.00, real=0.02 secs] 
2822.482: [GC (Allocation Failure) [PSYoungGen: 372145K->184687K(465920K)] 1201267K->1015046K(1576448K), 0.0216909 secs] [Times: user=0.03 sys=0.00, real=0.02 secs] 
2823.759: [GC (Allocation Failure) [PSYoungGen: 417647K->162350K(465920K)] 1248006K->992975K(1576448K), 0.0445396 secs] [Times: user=0.07 sys=0.00, real=0.04 secs] 
2826.107: [GC (Allocation Failure) [PSYoungGen: 395310K->128K(465920K)] 1225935K->832190K(1576448K), 0.0027113 secs] [Times: user=0.02 sys=0.00, real=0.00 secs] 
2826.482: [GC (Allocation Failure) [PSYoungGen: 233088K->161320K(465920K)] 1065150K->993407K(1576448K), 0.0181153 secs] [Times: user=0.02 sys=0.00, real=0.02 secs] 
2826.768: [GC (Allocation Failure) [PSYoungGen: 394280K->184558K(465920K)] 1226367K->1017890K(1576448K), 0.0206376 secs] [Times: user=0.03 sys=0.01, real=0.02 secs] 
2827.281: [GC (Allocation Failure) [PSYoungGen: 417518K->144517K(465920K)] 1250850K->978114K(1576448K), 0.0183245 secs] [Times: user=0.02 sys=0.00, real=0.02 secs] 
2828.247: [GC (Allocation Failure) [PSYoungGen: 377477K->64K(465920K)] 1211074K->835092K(1576448K), 0.0026151 secs] [Times: user=0.02 sys=0.00, real=0.00 secs] 
2828.625: [GC (Allocation Failure) [PSYoungGen: 233024K->184072K(465920K)] 1068052K->1019125K(1576448K), 0.0205770 secs] [Times: user=0.03 sys=0.00, real=0.02 secs] 
2828.965: [GC (Allocation Failure) [PSYoungGen: 417032K->184044K(465920K)] 1252085K->1020343K(1576448K), 0.0206990 secs] [Times: user=0.03 sys=0.00, real=0.02 secs] 
2829.568: [GC (Allocation Failure) [PSYoungGen: 417004K->130538K(465920K)] 1253303K->967230K(1576448K), 0.0173163 secs] [Times: user=0.03 sys=0.01, real=0.01 secs] 
2831.097: [GC (Allocation Failure) [PSYoungGen: 363498K->21776K(465920K)] 1200190K->858648K(1576448K), 0.0052469 secs] [Times: user=0.02 sys=0.00, real=0.00 secs] 
2831.380: [GC (Allocation Failure) [PSYoungGen: 254736K->184205K(465920K)] 1091608K->1022313K(1576448K), 0.0205113 secs] [Times: user=0.03 sys=0.00, real=0.02 secs] 
2831.722: [GC (Allocation Failure) [PSYoungGen: 417165K->184269K(465920K)] 1255273K->1022780K(1576448K), 0.0204908 secs] [Times: user=0.03 sys=0.00, real=0.02 secs] 
2833.808: [GC (Allocation Failure) [PSYoungGen: 417229K->108497K(465920K)] 1255740K->947144K(1576448K), 0.0288359 secs] [Times: user=0.06 sys=0.00, real=0.03 secs] 
2836.539: [GC (Allocation Failure) [PSYoungGen: 341457K->43628K(465920K)] 1180104K->882589K(1576448K), 0.0089152 secs] [Times: user=0.02 sys=0.00, real=0.01 secs] 
2836.924: [GC (Allocation Failure) [PSYoungGen: 276588K->184141K(465920K)] 1115549K->1024347K(1576448K), 0.0206180 secs] [Times: user=0.03 sys=0.00, real=0.02 secs] 
2837.262: [GC (Allocation Failure) [PSYoungGen: 417101K->184044K(465920K)] 1257307K->1024523K(1576448K), 0.0206285 secs] [Times: user=0.02 sys=0.00, real=0.02 secs] 
2838.613: [GC (Allocation Failure) [PSYoungGen: 417004K->70441K(465920K)] 1257483K->911185K(1576448K), 0.0138909 secs] [Times: user=0.03 sys=0.00, real=0.02 secs] 
2840.190: [GC (Allocation Failure) [PSYoungGen: 303401K->65702K(465920K)] 1144145K->906754K(1576448K), 0.0100464 secs] [Times: user=0.02 sys=0.00, real=0.01 secs] 
2840.479: [GC (Allocation Failure) [PSYoungGen: 298662K->184558K(465920K)] 1139714K->1026856K(1576448K), 0.0204237 secs] [Times: user=0.03 sys=0.00, real=0.02 secs] 
2840.763: [GC (Allocation Failure) [PSYoungGen: 417518K->184173K(465920K)] 1259816K->1026743K(1576448K), 0.0203651 secs] [Times: user=0.03 sys=0.00, real=0.02 secs] 
2842.128: [GC (Allocation Failure) [PSYoungGen: 417133K->47789K(465920K)] 1259703K->890624K(1576448K), 0.0109861 secs] [Times: user=0.03 sys=0.00, real=0.01 secs] 
2843.480: [GC (Allocation Failure) [PSYoungGen: 280749K->87840K(465920K)] 1123584K->930990K(1576448K), 0.0107144 secs] [Times: user=0.02 sys=0.00, real=0.01 secs] 
2843.759: [GC (Allocation Failure) [PSYoungGen: 320800K->184141K(465920K)] 1163950K->1028544K(1576448K), 0.0206439 secs] [Times: user=0.02 sys=0.00, real=0.02 secs] 
2844.043: [GC (Allocation Failure) [PSYoungGen: 417101K->183980K(465920K)] 1261504K->1028656K(1576448K), 0.0205722 secs] [Times: user=0.03 sys=0.00, real=0.02 secs] 
2845.681: [GC (Allocation Failure) [PSYoungGen: 416940K->26229K(465920K)] 1261616K->871298K(1576448K), 0.0125947 secs] [Times: user=0.03 sys=0.00, real=0.01 secs] 
2846.847: [GC (Allocation Failure) [PSYoungGen: 259189K->109368K(465920K)] 1104258K->954639K(1576448K), 0.0128721 secs] [Times: user=0.03 sys=0.00, real=0.01 secs] 
2847.187: [GC (Allocation Failure) [PSYoungGen: 342328K->183755K(465920K)] 1187599K->1030272K(1576448K), 0.0204869 secs] [Times: user=0.02 sys=0.00, real=0.02 secs] 
2847.533: [GC (Allocation Failure) [PSYoungGen: 416715K->184333K(465920K)] 1263232K->1031123K(1576448K), 0.0207655 secs] [Times: user=0.03 sys=0.00, real=0.02 secs] 
2848.452: [GC (Allocation Failure) [PSYoungGen: 417293K->4862K(465920K)] 1264083K->851916K(1576448K), 0.0033038 secs] [Times: user=0.01 sys=0.00, real=0.00 secs] 
2848.956: [GC (Allocation Failure) [PSYoungGen: 237822K->131602K(465920K)] 1084876K->978981K(1576448K), 0.0151223 secs] [Times: user=0.03 sys=0.00, real=0.01 secs] 
2849.294: [GC (Allocation Failure) [PSYoungGen: 364562K->183884K(465920K)] 1211941K->1032508K(1576448K), 0.0204595 secs] [Times: user=0.03 sys=0.00, real=0.02 secs] 
2849.807: [GC (Allocation Failure) [PSYoungGen: 416844K->168752K(465920K)] 1265468K->1017642K(1576448K), 0.0250107 secs] [Times: user=0.04 sys=0.00, real=0.02 secs] 
2851.503: [GC (Allocation Failure) [PSYoungGen: 401712K->64K(465920K)] 1250602K->850409K(1576448K), 0.0028149 secs] [Times: user=0.01 sys=0.00, real=0.01 secs] 
2851.980: [GC (Allocation Failure) [PSYoungGen: 233024K->151780K(465920K)] 1083369K->1002150K(1576448K), 0.0171226 secs] [Times: user=0.03 sys=0.00, real=0.02 secs] 
2852.316: [GC (Allocation Failure) [PSYoungGen: 384740K->183658K(465920K)] 1235110K->1035273K(1576448K), 0.0208197 secs] [Times: user=0.03 sys=0.00, real=0.02 secs] 
2853.353: [GC (Allocation Failure) [PSYoungGen: 416618K->154927K(465920K)] 1268233K->1006807K(1576448K), 0.0343041 secs] [Times: user=0.06 sys=0.00, real=0.04 secs] 
2855.376: [GC (Allocation Failure) [PSYoungGen: 387887K->96K(465920K)] 1239767K->853431K(1576448K), 0.0032692 secs] [Times: user=0.02 sys=0.00, real=0.00 secs] 
2855.781: [GC (Allocation Failure) [PSYoungGen: 233056K->172762K(465920K)] 1086391K->1026129K(1576448K), 0.0191788 secs] [Times: user=0.03 sys=0.00, real=0.02 secs] 
2856.065: [GC (Allocation Failure) [PSYoungGen: 405722K->184301K(465920K)] 1259089K->1038914K(1576448K), 0.0205962 secs] [Times: user=0.03 sys=0.00, real=0.02 secs] 
2856.552: [GC (Allocation Failure) [PSYoungGen: 417261K->141495K(465920K)] 1271874K->996373K(1576448K), 0.0164213 secs] [Times: user=0.03 sys=0.01, real=0.02 secs] 
2857.987: [GC (Allocation Failure) [PSYoungGen: 374455K->10980K(465920K)] 1229333K->866164K(1576448K), 0.0041258 secs] [Times: user=0.02 sys=0.00, real=0.00 secs] 
2858.282: [GC (Allocation Failure) [PSYoungGen: 243940K->186068K(465920K)] 1099124K->1042498K(1576448K), 0.0206657 secs] [Times: user=0.03 sys=0.00, real=0.02 secs] 
2858.568: [GC (Allocation Failure) [PSYoungGen: 419028K->184655K(465920K)] 1275458K->1041357K(1576448K), 0.0206367 secs] [Times: user=0.03 sys=0.00, real=0.02 secs] 
2859.137: [GC (Allocation Failure) [PSYoungGen: 417615K->116963K(465920K)] 1274317K->974059K(1576448K), 0.0138282 secs] [Times: user=0.03 sys=0.00, real=0.01 secs] 
2860.305: [GC (Allocation Failure) [PSYoungGen: 349923K->36557K(465920K)] 1207019K->893824K(1576448K), 0.0067555 secs] [Times: user=0.02 sys=0.00, real=0.01 secs] 
2860.592: [GC (Allocation Failure) [PSYoungGen: 269517K->184173K(465920K)] 1126784K->1042693K(1576448K), 0.0205906 secs] [Times: user=0.03 sys=0.00, real=0.02 secs] 
2860.938: [GC (Allocation Failure) [PSYoungGen: 417133K->184655K(465920K)] 1275653K->1043449K(1576448K), 0.0206509 secs] [Times: user=0.03 sys=0.00, real=0.02 secs] 
2861.702: [GC (Allocation Failure) [PSYoungGen: 417615K->76899K(465920K)] 1276409K->935958K(1576448K), 0.0135617 secs] [Times: user=0.02 sys=0.00, real=0.02 secs] 
2862.990: [GC (Allocation Failure) [PSYoungGen: 309859K->59276K(465920K)] 1168918K->918659K(1576448K), 0.0101756 secs] [Times: user=0.02 sys=0.00, real=0.01 secs] 
2863.295: [GC (Allocation Failure) [PSYoungGen: 292236K->186486K(465920K)] 1151619K->1047106K(1576448K), 0.0209015 secs] [Times: user=0.03 sys=0.00, real=0.03 secs] 
2863.583: [GC (Allocation Failure) [PSYoungGen: 419446K->186132K(465920K)] 1280066K->1047154K(1576448K), 0.0207396 secs] [Times: user=0.02 sys=0.00, real=0.02 secs] 
2864.340: [GC (Allocation Failure) [PSYoungGen: 419092K->50423K(465920K)] 1280114K->911710K(1576448K), 0.0090805 secs] [Times: user=0.02 sys=0.00, real=0.01 secs] 
2865.248: [GC (Allocation Failure) [PSYoungGen: 283383K->87037K(465920K)] 1144670K->948511K(1576448K), 0.0107129 secs] [Times: user=0.02 sys=0.00, real=0.01 secs] 
2865.584: [GC (Allocation Failure) [PSYoungGen: 319997K->185683K(465920K)] 1181471K->1048411K(1576448K), 0.0207213 secs] [Times: user=0.03 sys=0.00, real=0.02 secs] 
2865.873: [GC (Allocation Failure) [PSYoungGen: 418643K->184398K(465920K)] 1281371K->1047399K(1576448K), 0.0208305 secs] [Times: user=0.03 sys=0.00, real=0.02 secs] 
2868.011: [GC (Allocation Failure) [PSYoungGen: 417358K->25200K(465920K)] 1280359K->888595K(1576448K), 0.0070641 secs] [Times: user=0.02 sys=0.00, real=0.01 secs] 
2868.722: [GC (Allocation Failure) [PSYoungGen: 258160K->111456K(465920K)] 1121555K->975024K(1576448K), 0.0131558 secs] [Times: user=0.02 sys=0.00, real=0.01 secs] 
2869.074: [GC (Allocation Failure) [PSYoungGen: 344416K->186100K(465920K)] 1207984K->1050914K(1576448K), 0.0209288 secs] [Times: user=0.03 sys=0.00, real=0.02 secs] 
2869.358: [GC (Allocation Failure) [PSYoungGen: 419060K->183369K(465920K)] 1283874K->1048456K(1576448K), 0.0203578 secs] [Times: user=0.03 sys=0.00, real=0.02 secs] 
2871.617: [GC (Allocation Failure) [PSYoungGen: 416329K->1360K(465920K)] 1281416K->866591K(1576448K), 0.0031546 secs] [Times: user=0.01 sys=0.00, real=0.00 secs] 
2872.238: [GC (Allocation Failure) [PSYoungGen: 234320K->136518K(465920K)] 1099551K->1001934K(1576448K), 0.0156898 secs] [Times: user=0.03 sys=0.00, real=0.01 secs] 
2872.522: [GC (Allocation Failure) [PSYoungGen: 369478K->186100K(465920K)] 1234894K->1052762K(1576448K), 0.0207812 secs] [Times: user=0.03 sys=0.00, real=0.02 secs] 
2873.129: [GC (Allocation Failure) [PSYoungGen: 419060K->163699K(465920K)] 1285722K->1030755K(1576448K), 0.0442933 secs] [Times: user=0.06 sys=0.00, real=0.04 secs] 
2875.277: [GC (Allocation Failure) [PSYoungGen: 396659K->64K(465920K)] 1263715K->868430K(1576448K), 0.0053918 secs] [Times: user=0.03 sys=0.00, real=0.00 secs] 
2875.885: [GC (Allocation Failure) [PSYoungGen: 233024K->160710K(465920K)] 1101390K->1029100K(1576448K), 0.0180855 secs] [Times: user=0.02 sys=0.00, real=0.02 secs] 
2876.246: [GC (Allocation Failure) [PSYoungGen: 393670K->184269K(465920K)] 1262060K->1053905K(1576448K), 0.0205960 secs] [Times: user=0.03 sys=0.00, real=0.03 secs] 
2877.333: [GC (Allocation Failure) [PSYoungGen: 417229K->145416K(465920K)] 1286865K->1015318K(1576448K), 0.0260282 secs] [Times: user=0.04 sys=0.00, real=0.03 secs] 
2878.797: [GC (Allocation Failure) [PSYoungGen: 378376K->64K(465920K)] 1248278K->871412K(1576448K), 0.0033537 secs] [Times: user=0.01 sys=0.00, real=0.00 secs] 
2879.142: [GC (Allocation Failure) [PSYoungGen: 233024K->182819K(465920K)] 1104372K->1054184K(1576448K), 0.0203433 secs] [Times: user=0.03 sys=0.00, real=0.02 secs] 
2879.484: [GC (Allocation Failure) [PSYoungGen: 415779K->184044K(465920K)] 1287144K->1056655K(1576448K), 0.0207168 secs] [Times: user=0.03 sys=0.00, real=0.02 secs] 
2880.053: [GC (Allocation Failure) [PSYoungGen: 417004K->131775K(465920K)] 1289615K->1004788K(1576448K), 0.0174438 secs] [Times: user=0.04 sys=0.00, real=0.02 secs] 
2881.230: [GC (Allocation Failure) [PSYoungGen: 364735K->20976K(465920K)] 1237748K->894160K(1576448K), 0.0065523 secs] [Times: user=0.02 sys=0.00, real=0.01 secs] 
2881.627: [GC (Allocation Failure) [PSYoungGen: 253936K->184173K(465920K)] 1127120K->1058602K(1576448K), 0.0206742 secs] [Times: user=0.03 sys=0.00, real=0.02 secs] 
2881.918: [GC (Allocation Failure) [PSYoungGen: 417133K->184269K(465920K)] 1291562K->1059108K(1576448K), 0.0207046 secs] [Times: user=0.03 sys=0.00, real=0.02 secs] 
2882.923: [GC (Allocation Failure) [PSYoungGen: 417229K->109300K(465920K)] 1292068K->984275K(1576448K), 0.0145920 secs] [Times: user=0.03 sys=0.00, real=0.02 secs] 
2883.873: [GC (Allocation Failure) [PSYoungGen: 342260K->43497K(465920K)] 1217235K->918772K(1576448K), 0.0062738 secs] [Times: user=0.01 sys=0.00, real=0.01 secs] 
2884.143: [GC (Allocation Failure) [PSYoungGen: 276457K->184044K(465920K)] 1151732K->1060565K(1576448K), 0.0204950 secs] [Times: user=0.03 sys=0.00, real=0.02 secs] 
2884.490: [GC (Allocation Failure) [PSYoungGen: 417004K->184366K(465920K)] 1293525K->1061288K(1576448K), 0.0206483 secs] [Times: user=0.03 sys=0.00, real=0.02 secs] 
2885.869: [GC (Allocation Failure) [PSYoungGen: 417326K->70344K(465920K)] 1294248K->947403K(1576448K), 0.0173554 secs] [Times: user=0.04 sys=0.00, real=0.02 secs] 
2886.912: [GC (Allocation Failure) [PSYoungGen: 303304K->65863K(465920K)] 1180363K->943230K(1576448K), 0.0087254 secs] [Times: user=0.01 sys=0.00, real=0.01 secs] 
2887.245: [GC (Allocation Failure) [PSYoungGen: 298823K->184944K(465920K)] 1176190K->1063557K(1576448K), 0.0206313 secs] [Times: user=0.03 sys=0.00, real=0.03 secs] 
2887.602: [GC (Allocation Failure) [PSYoungGen: 417904K->184269K(465920K)] 1296517K->1063147K(1576448K), 0.0204893 secs] [Times: user=0.03 sys=0.00, real=0.02 secs] 
2889.977: [GC (Allocation Failure) [PSYoungGen: 417229K->47178K(465920K)] 1296107K->926450K(1576448K), 0.0113863 secs] [Times: user=0.02 sys=0.00, real=0.01 secs] 
2891.099: [GC (Allocation Failure) [PSYoungGen: 280138K->88705K(465920K)] 1159410K->968155K(1576448K), 0.0108252 secs] [Times: user=0.02 sys=0.00, real=0.01 secs] 
2891.433: [GC (Allocation Failure) [PSYoungGen: 321665K->184044K(465920K)] 1201115K->1064869K(1576448K), 0.0207210 secs] [Times: user=0.03 sys=0.00, real=0.02 secs] 
2891.718: [GC (Allocation Failure) [PSYoungGen: 417004K->184044K(465920K)] 1297829K->1065014K(1576448K), 0.0205565 secs] [Times: user=0.03 sys=0.00, real=0.02 secs] 
2892.721: [GC (Allocation Failure) [PSYoungGen: 417004K->25554K(465920K)] 1297974K->906788K(1576448K), 0.0059861 secs] [Times: user=0.02 sys=0.00, real=0.01 secs] 
2893.303: [GC (Allocation Failure) [PSYoungGen: 258514K->110556K(465920K)] 1139748K->992091K(1576448K), 0.0129800 secs] [Times: user=0.02 sys=0.00, real=0.01 secs] 
2893.579: [GC (Allocation Failure) [PSYoungGen: 343516K->183755K(465920K)] 1225051K->1066535K(1576448K), 0.0204847 secs] [Times: user=0.03 sys=0.00, real=0.02 secs] 
2893.865: [GC (Allocation Failure) [PSYoungGen: 416715K->184558K(465920K)] 1299495K->1067611K(1576448K), 0.0205638 secs] [Times: user=0.03 sys=0.00, real=0.02 secs] 
2895.639: [GC (Allocation Failure) [PSYoungGen: 417518K->3512K(465920K)] 1300571K->886830K(1576448K), 0.0036550 secs] [Times: user=0.02 sys=0.00, real=0.00 secs] 
2896.645: [GC (Allocation Failure) [PSYoungGen: 236472K->131760K(465920K)] 1119790K->1015392K(1576448K), 0.0153277 secs] [Times: user=0.02 sys=0.00, real=0.02 secs] 
2896.996: [GC (Allocation Failure) [PSYoungGen: 364720K->184173K(465920K)] 1248352K->1069187K(1576448K), 0.0206297 secs] [Times: user=0.03 sys=0.00, real=0.02 secs] 
2897.554: [GC (Allocation Failure) [PSYoungGen: 417133K->168303K(465920K)] 1302147K->1053461K(1576448K), 0.0291524 secs] [Times: user=0.05 sys=0.00, real=0.03 secs] 
2899.841: [GC (Allocation Failure) [PSYoungGen: 401263K->64K(465920K)] 1286421K->886662K(1576448K), 0.0035295 secs] [Times: user=0.02 sys=0.00, real=0.00 secs] 
2900.464: [GC (Allocation Failure) [PSYoungGen: 233024K->153769K(465920K)] 1119622K->1040392K(1576448K), 0.0174112 secs] [Times: user=0.02 sys=0.00, real=0.02 secs] 
2900.746: [GC (Allocation Failure) [PSYoungGen: 386729K->184301K(465920K)] 1273352K->1072298K(1576448K), 0.0206453 secs] [Times: user=0.03 sys=0.00, real=0.02 secs] 
2901.415: [GC (Allocation Failure) [PSYoungGen: 417261K->152389K(465920K)] 1305258K->1040530K(1576448K), 0.0192008 secs] [Times: user=0.03 sys=0.00, real=0.02 secs] 
2903.022: [GC (Allocation Failure) [PSYoungGen: 385349K->64K(465920K)] 1273490K->889650K(1576448K), 0.0030413 secs] [Times: user=0.02 sys=0.00, real=0.00 secs] 
2903.346: [GC (Allocation Failure) [PSYoungGen: 233024K->175718K(465920K)] 1122610K->1065329K(1576448K), 0.0197487 secs] [Times: user=0.03 sys=0.00, real=0.02 secs] 
2903.635: [GC (Allocation Failure) [PSYoungGen: 408678K->184044K(465920K)] 1298289K->1074900K(1576448K), 0.0207485 secs] [Times: user=0.03 sys=0.00, real=0.02 secs] 
2904.586: [GC (Allocation Failure) [PSYoungGen: 417004K->138876K(465920K)] 1307860K->1029998K(1576448K), 0.0197824 secs] [Times: user=0.04 sys=0.00, real=0.02 secs] 
2906.744: [GC (Allocation Failure) [PSYoungGen: 371836K->13165K(465920K)] 1262958K->904594K(1576448K), 0.0047165 secs] [Times: user=0.02 sys=0.00, real=0.01 secs] 
2907.041: [GC (Allocation Failure) [PSYoungGen: 246125K->186261K(465920K)] 1137554K->1078936K(1576448K), 0.0209106 secs] [Times: user=0.03 sys=0.00, real=0.02 secs] 
2907.328: [GC (Allocation Failure) [PSYoungGen: 419221K->185940K(465920K)] 1311896K->1078888K(1576448K), 0.0207332 secs] [Times: user=0.03 sys=0.00, real=0.02 secs] 
2909.989: [GC (Allocation Failure) [PSYoungGen: 418900K->113380K(465920K)] 1311848K->1006593K(1576448K), 0.0250121 secs] [Times: user=0.05 sys=0.00, real=0.02 secs] 
2911.395: [GC (Allocation Failure) [PSYoungGen: 346340K->39159K(465920K)] 1239553K->932670K(1576448K), 0.0059271 secs] [Times: user=0.01 sys=0.00, real=0.01 secs] 
2911.667: [GC (Allocation Failure) [PSYoungGen: 272119K->186004K(465920K)] 1165630K->1080760K(1576448K), 0.0207517 secs] [Times: user=0.03 sys=0.00, real=0.02 secs] 
2911.960: [GC (Allocation Failure) [PSYoungGen: 418964K->184590K(465920K)] 1313720K->1079627K(1576448K), 0.0205584 secs] [Times: user=0.03 sys=0.01, real=0.02 secs] 
2913.741: [GC (Allocation Failure) [PSYoungGen: 417550K->72626K(465920K)] 1312587K->967928K(1576448K), 0.0138729 secs] [Times: user=0.03 sys=0.00, real=0.01 secs] 
2915.727: [GC (Allocation Failure) [PSYoungGen: 305586K->64160K(465920K)] 1200888K->959762K(1576448K), 0.0097236 secs] [Times: user=0.02 sys=0.00, real=0.01 secs] 
2916.082: [GC (Allocation Failure) [PSYoungGen: 297120K->184526K(465920K)] 1192722K->1081374K(1576448K), 0.0213034 secs] [Times: user=0.04 sys=0.00, real=0.02 secs] 
2916.376: [GC (Allocation Failure) [PSYoungGen: 417486K->186325K(465920K)] 1314334K->1083447K(1576448K), 0.0208322 secs] [Times: user=0.03 sys=0.00, real=0.02 secs] 
2917.931: [GC (Allocation Failure) [PSYoungGen: 419285K->47178K(465920K)] 1316407K->944564K(1576448K), 0.0147829 secs] [Times: user=0.03 sys=0.00, real=0.01 secs] 
2918.664: [GC (Allocation Failure) [PSYoungGen: 280138K->89061K(465920K)] 1177524K->986755K(1576448K), 0.0110032 secs] [Times: user=0.02 sys=0.00, real=0.01 secs] 
2918.939: [GC (Allocation Failure) [PSYoungGen: 322021K->184173K(465920K)] 1219715K->1083120K(1576448K), 0.0206606 secs] [Times: user=0.03 sys=0.00, real=0.02 secs] 
2919.224: [GC (Allocation Failure) [PSYoungGen: 417133K->184398K(465920K)] 1316080K->1083747K(1576448K), 0.0207150 secs] [Times: user=0.03 sys=0.00, real=0.02 secs] 
2920.130: [GC (Allocation Failure) [PSYoungGen: 417358K->24718K(465920K)] 1316707K->924204K(1576448K), 0.0057968 secs] [Times: user=0.02 sys=0.00, real=0.01 secs] 
2920.933: [GC (Allocation Failure) [PSYoungGen: 257678K->111681K(465920K)] 1157164K->1011475K(1576448K), 0.0132945 secs] [Times: user=0.02 sys=0.00, real=0.02 secs] 
2921.210: [GC (Allocation Failure) [PSYoungGen: 344641K->184333K(465920K)] 1244435K->1085372K(1576448K), 0.0206956 secs] [Times: user=0.02 sys=0.00, real=0.02 secs] 
2921.496: [GC (Allocation Failure) [PSYoungGen: 417293K->184719K(465920K)] 1318332K->1086031K(1576448K), 0.0207295 secs] [Times: user=0.03 sys=0.00, real=0.02 secs] 
2922.590: [GC (Allocation Failure) [PSYoungGen: 417679K->1585K(465920K)] 1318991K->903162K(1576448K), 0.0036640 secs] [Times: user=0.02 sys=0.00, real=0.00 secs] 
2923.296: [GC (Allocation Failure) [PSYoungGen: 234545K->134526K(465920K)] 1136122K->1036419K(1576448K), 0.0155825 secs] [Times: user=0.02 sys=0.00, real=0.01 secs] 
2923.576: [GC (Allocation Failure) [PSYoungGen: 367486K->184333K(465920K)] 1269379K->1087609K(1576448K), 0.0206035 secs] [Times: user=0.03 sys=0.00, real=0.03 secs] 
2924.116: [GC (Allocation Failure) [PSYoungGen: 417293K->167587K(465920K)] 1320569K->1071128K(1576448K), 0.0224348 secs] [Times: user=0.03 sys=0.00, real=0.03 secs] 
2925.056: [GC (Allocation Failure) [PSYoungGen: 400547K->96K(465920K)] 1304088K->904963K(1576448K), 0.0034036 secs] [Times: user=0.01 sys=0.00, real=0.01 secs] 
2925.476: [GC (Allocation Failure) [PSYoungGen: 233056K->156983K(465920K)] 1137923K->1061874K(1576448K), 0.0177715 secs] [Times: user=0.02 sys=0.00, real=0.01 secs] 
2925.760: [GC (Allocation Failure) [PSYoungGen: 389943K->184462K(465920K)] 1294834K->1090599K(1576448K), 0.0204069 secs] [Times: user=0.03 sys=0.00, real=0.02 secs] 
2926.746: [GC (Allocation Failure) [PSYoungGen: 417422K->149047K(465920K)] 1323559K->1055449K(1576448K), 0.0223275 secs] [Times: user=0.04 sys=0.00, real=0.02 secs] 
2929.080: [GC (Allocation Failure) [PSYoungGen: 382007K->96K(465920K)] 1288409K->907934K(1576448K), 0.0036284 secs] [Times: user=0.02 sys=0.01, real=0.00 secs] 
2929.708: [GC (Allocation Failure) [PSYoungGen: 233056K->180730K(465920K)] 1140894K->1088576K(1576448K), 0.0201611 secs] [Times: user=0.03 sys=0.00, real=0.02 secs] 
2929.997: [GC (Allocation Failure) [PSYoungGen: 413690K->184815K(465920K)] 1321536K->1093907K(1576448K), 0.0207611 secs] [Times: user=0.03 sys=0.01, real=0.02 secs] 
2931.574: [GC (Allocation Failure) [PSYoungGen: 417775K->133029K(465920K)] 1326867K->1042385K(1576448K), 0.0283878 secs] [Times: user=0.05 sys=0.01, real=0.03 secs] 
2934.416: [GC (Allocation Failure) [PSYoungGen: 365989K->19077K(465920K)] 1275345K->928740K(1576448K), 0.0063698 secs] [Times: user=0.02 sys=0.00, real=0.00 secs] 
2934.745: [GC (Allocation Failure) [PSYoungGen: 252037K->186229K(465920K)] 1161700K->1097258K(1576448K), 0.0208745 secs] [Times: user=0.03 sys=0.00, real=0.03 secs] 
2935.099: [GC (Allocation Failure) [PSYoungGen: 419189K->185972K(465920K)] 1330218K->1097161K(1576448K), 0.0208420 secs] [Times: user=0.02 sys=0.00, real=0.02 secs] 
2935.687: [GC (Allocation Failure) [PSYoungGen: 418932K->107468K(465920K)] 1330121K->1018923K(1576448K), 0.0146516 secs] [Times: user=0.03 sys=0.00, real=0.01 secs] 
2936.537: [GC (Allocation Failure) [PSYoungGen: 340428K->45360K(465920K)] 1251883K->957130K(1576448K), 0.0065536 secs] [Times: user=0.02 sys=0.00, real=0.00 secs] 
2936.810: [GC (Allocation Failure) [PSYoungGen: 278320K->186229K(465920K)] 1190090K->1099245K(1576448K), 0.0208264 secs] [Times: user=0.03 sys=0.00, real=0.02 secs] 
2937.098: [GC (Allocation Failure) [PSYoungGen: 419189K->185972K(465920K)] 1332205K->1099261K(1576448K), 0.0207870 secs] [Times: user=0.03 sys=0.00, real=0.02 secs] 
2937.799: [GC (Allocation Failure) [PSYoungGen: 418932K->64818K(465920K)] 1332221K->978380K(1576448K), 0.0101282 secs] [Times: user=0.02 sys=0.00, real=0.01 secs] 
2938.548: [GC (Allocation Failure) [PSYoungGen: 297778K->72192K(465920K)] 1211340K->986070K(1576448K), 0.0092696 secs] [Times: user=0.02 sys=0.00, real=0.01 secs] 
2938.823: [GC (Allocation Failure) [PSYoungGen: 305152K->186100K(465920K)] 1219030K->1101224K(1576448K), 0.0207378 secs] [Times: user=0.03 sys=0.00, real=0.02 secs] 
2939.110: [GC (Allocation Failure) [PSYoungGen: 419060K->185972K(465920K)] 1334184K->1101497K(1576448K), 0.0208768 secs] [Times: user=0.03 sys=0.00, real=0.02 secs] 
2940.586: [GC (Allocation Failure) [PSYoungGen: 418932K->38085K(465920K)] 1334457K->953875K(1576448K), 0.0075356 secs] [Times: user=0.01 sys=0.01, real=0.00 secs] 
2941.644: [GC (Allocation Failure) [PSYoungGen: 271045K->98957K(465920K)] 1186835K->1014934K(1576448K), 0.0121096 secs] [Times: user=0.02 sys=0.00, real=0.01 secs] 
2941.983: [GC (Allocation Failure) [PSYoungGen: 331917K->185683K(465920K)] 1247894K->1102898K(1576448K), 0.0208560 secs] [Times: user=0.03 sys=0.00, real=0.02 secs] 
2942.268: [GC (Allocation Failure) [PSYoungGen: 418643K->184398K(465920K)] 1335858K->1101885K(1576448K), 0.0208124 secs] [Times: user=0.03 sys=0.00, real=0.02 secs] 
2944.693: [GC (Allocation Failure) [PSYoungGen: 417358K->13216K(465920K)] 1334845K->931097K(1576448K), 0.0055162 secs] [Times: user=0.02 sys=0.00, real=0.01 secs] 
2945.648: [GC (Allocation Failure) [PSYoungGen: 246176K->122895K(465920K)] 1164057K->1040961K(1576448K), 0.0142183 secs] [Times: user=0.02 sys=0.00, real=0.01 secs] 
2945.932: [GC (Allocation Failure) [PSYoungGen: 355855K->184269K(465920K)] 1273921K->1103581K(1576448K), 0.0206912 secs] [Times: user=0.03 sys=0.00, real=0.02 secs] 
2946.349: [GC (Allocation Failure) [PSYoungGen: 417229K->176018K(465920K)] 1336541K->1095595K(1576448K), 0.0213857 secs] [Times: user=0.03 sys=0.00, real=0.02 secs] 
2948.188: [GC (Allocation Failure) [PSYoungGen: 408978K->64K(465920K)] 1328555K->921084K(1576448K), 0.0033179 secs] [Times: user=0.01 sys=0.00, real=0.00 secs] 
2948.741: [GC (Allocation Failure) [PSYoungGen: 233024K->147025K(465920K)] 1154044K->1068054K(1576448K), 0.0166857 secs] [Times: user=0.03 sys=0.00, real=0.02 secs] 
2949.024: [GC (Allocation Failure) [PSYoungGen: 379985K->186261K(465920K)] 1301014K->1108535K(1576448K), 0.0209572 secs] [Times: user=0.03 sys=0.00, real=0.02 secs] 
2949.792: [GC (Allocation Failure) [PSYoungGen: 419221K->157176K(465920K)] 1341495K->1079716K(1576448K), 0.0280716 secs] [Times: user=0.05 sys=0.00, real=0.03 secs] 
2951.838: [GC (Allocation Failure) [PSYoungGen: 390136K->128K(465920K)] 1312676K->924113K(1576448K), 0.0039142 secs] [Times: user=0.02 sys=0.00, real=0.00 secs] 
2952.311: [GC (Allocation Failure) [PSYoungGen: 233088K->171830K(465920K)] 1157073K->1095839K(1576448K), 0.0192242 secs] [Times: user=0.03 sys=0.00, real=0.02 secs] 
2952.653: [GC (Allocation Failure) [PSYoungGen: 404790K->184783K(465920K)] 1328799K->1110038K(1576448K), 0.0210514 secs] [Times: user=0.03 sys=0.00, real=0.02 secs] 
2953.196: [GC (Allocation Failure) [PSYoungGen: 417743K->141881K(465920K)] 1342998K->1067529K(1576448K), 0.0189364 secs] [Times: user=0.03 sys=0.01, real=0.01 secs] 
2954.519: [GC (Allocation Failure) [PSYoungGen: 374841K->10598K(465920K)] 1300489K->936418K(1576448K), 0.0041840 secs] [Times: user=0.02 sys=0.00, real=0.00 secs] 
2954.811: [GC (Allocation Failure) [PSYoungGen: 243558K->186261K(465920K)] 1169378K->1113319K(1576448K), 0.0208400 secs] [Times: user=0.03 sys=0.00, real=0.02 secs] 
2955.158: [GC (Allocation Failure) [PSYoungGen: 419221K->186100K(465920K)] 1346279K->1113447K(1576448K), 0.0208175 secs] [Times: user=0.03 sys=0.00, real=0.02 secs] 
2955.961: [GC (Allocation Failure) [PSYoungGen: 419060K->115806K(465920K)] 1346407K->1043547K(1576448K), 0.0156519 secs] [Times: user=0.03 sys=0.00, real=0.02 secs] 
2957.682: [GC (Allocation Failure) [PSYoungGen: 348766K->37234K(465920K)] 1276507K->965162K(1576448K), 0.0079995 secs] [Times: user=0.02 sys=0.00, real=0.01 secs] 
2957.992: [GC (Allocation Failure) [PSYoungGen: 270194K->185843K(465920K)] 1198122K->1115017K(1576448K), 0.0221346 secs] [Times: user=0.03 sys=0.00, real=0.02 secs] 
2958.280: [GC (Allocation Failure) [PSYoungGen: 418803K->185811K(465920K)] 1347977K->1115386K(1576448K), 0.0208510 secs] [Times: user=0.03 sys=0.00, real=0.02 secs] 
2959.548: [GC (Allocation Failure) [PSYoungGen: 418771K->73429K(465920K)] 1348346K->1003140K(1576448K), 0.0117825 secs] [Times: user=0.02 sys=0.00, real=0.01 secs] 
2960.314: [GC (Allocation Failure) [PSYoungGen: 306389K->63967K(465920K)] 1236100K->993986K(1576448K), 0.0085205 secs] [Times: user=0.02 sys=0.00, real=0.01 secs] 
2960.589: [GC (Allocation Failure) [PSYoungGen: 296927K->185683K(465920K)] 1226946K->1117076K(1576448K), 0.0208005 secs] [Times: user=0.02 sys=0.00, real=0.02 secs] 
2960.879: [GC (Allocation Failure) [PSYoungGen: 418643K->185875K(465920K)] 1350036K->1117413K(1576448K), 0.0207634 secs] [Times: user=0.03 sys=0.00, real=0.02 secs] 
2963.574: [GC (Allocation Failure) [PSYoungGen: 418835K->46824K(465920K)] 1350373K->978627K(1576448K), 0.0167037 secs] [Times: user=0.03 sys=0.00, real=0.02 secs] 
2965.420: [GC (Allocation Failure) [PSYoungGen: 279784K->89222K(465920K)] 1211587K->1021340K(1576448K), 0.0125534 secs] [Times: user=0.02 sys=0.00, real=0.01 secs] 
2965.704: [GC (Allocation Failure) [PSYoungGen: 322182K->185940K(465920K)] 1254300K->1119320K(1576448K), 0.0209703 secs] [Times: user=0.03 sys=0.00, real=0.02 secs] 
2965.997: [GC (Allocation Failure) [PSYoungGen: 418900K->185908K(465920K)] 1352280K->1119561K(1576448K), 0.0208993 secs] [Times: user=0.03 sys=0.00, real=0.02 secs] 
2967.953: [GC (Allocation Failure) [PSYoungGen: 418868K->21184K(465920K)] 1352521K->955231K(1576448K), 0.0107280 secs] [Times: user=0.03 sys=0.00, real=0.01 secs] 
2968.859: [GC (Allocation Failure) [PSYoungGen: 254144K->115341K(465920K)] 1188191K->1049561K(1576448K), 0.0138141 secs] [Times: user=0.03 sys=0.00, real=0.01 secs] 
2969.136: [GC (Allocation Failure) [PSYoungGen: 348301K->184301K(465920K)] 1282521K->1119759K(1576448K), 0.0205449 secs] [Times: user=0.03 sys=0.00, real=0.02 secs] 
2969.507: [GC (Allocation Failure) [PSYoungGen: 417261K->183121K(465920K)] 1352719K->1118852K(1576448K), 0.0232411 secs] [Times: user=0.04 sys=0.00, real=0.02 secs] 
2970.926: [GC (Allocation Failure) [PSYoungGen: 416081K->96K(465920K)] 1351812K->937262K(1576448K), 0.0039713 secs] [Times: user=0.02 sys=0.00, real=0.00 secs] 
2971.862: [GC (Allocation Failure) [PSYoungGen: 233056K->138925K(465920K)] 1170222K->1076100K(1576448K), 0.0160242 secs] [Times: user=0.02 sys=0.00, real=0.02 secs] 
2972.209: [GC (Allocation Failure) [PSYoungGen: 371885K->184719K(465920K)] 1309060K->1123139K(1576448K), 0.0211939 secs] [Times: user=0.03 sys=0.00, real=0.02 secs] 
2973.161: [GC (Allocation Failure) [PSYoungGen: 417679K->162671K(465920K)] 1356099K->1101364K(1576448K), 0.0368642 secs] [Times: user=0.06 sys=0.00, real=0.04 secs] 
2974.282: [GC (Allocation Failure) [PSYoungGen: 395631K->64K(465920K)] 1334324K->940204K(1576448K), 0.0029609 secs] [Times: user=0.01 sys=0.01, real=0.00 secs] 
2974.807: [GC (Allocation Failure) [PSYoungGen: 233024K->161609K(465920K)] 1173164K->1101774K(1576448K), 0.0180821 secs] [Times: user=0.03 sys=0.00, real=0.01 secs] 
2975.157: [GC (Allocation Failure) [PSYoungGen: 394569K->184526K(465920K)] 1334734K->1125937K(1576448K), 0.0208038 secs] [Times: user=0.02 sys=0.00, real=0.02 secs] 
2975.745: [GC (Allocation Failure) [PSYoungGen: 417486K->144308K(465920K)] 1358897K->1085983K(1576448K), 0.0212158 secs] [Times: user=0.04 sys=0.00, real=0.03 secs] 
2976.838: [GC (Allocation Failure) [PSYoungGen: 377268K->96K(465920K)] 1318943K->942071K(1576448K), 0.0030872 secs] [Times: user=0.01 sys=0.00, real=0.00 secs] 
2977.211: [GC (Allocation Failure) [PSYoungGen: 233056K->184329K(465920K)] 1175031K->1126344K(1576448K), 0.0207185 secs] [Times: user=0.03 sys=0.00, real=0.02 secs] 
2977.497: [GC (Allocation Failure) [PSYoungGen: 417289K->184494K(465920K)] 1359304K->1127891K(1576448K), 0.0207046 secs] [Times: user=0.03 sys=0.00, real=0.02 secs] 
2978.509: [GC (Allocation Failure) [PSYoungGen: 417454K->129831K(465920K)] 1360851K->1073365K(1576448K), 0.0176080 secs] [Times: user=0.03 sys=0.00, real=0.02 secs] 
2979.544: [GC (Allocation Failure) [PSYoungGen: 362791K->22775K(465920K)] 1306325K->966625K(1576448K), 0.0054474 secs] [Times: user=0.02 sys=0.00, real=0.01 secs] 
2979.825: [GC (Allocation Failure) [PSYoungGen: 255735K->184301K(465920K)] 1199585K->1129397K(1576448K), 0.0220064 secs] [Times: user=0.03 sys=0.00, real=0.03 secs] 
2980.115: [GC (Allocation Failure) [PSYoungGen: 417261K->184044K(465920K)] 1362357K->1129413K(1576448K), 0.0206641 secs] [Times: user=0.03 sys=0.00, real=0.03 secs] 
2981.034: [GC (Allocation Failure) [PSYoungGen: 417004K->107597K(465920K)] 1362373K->1053359K(1576448K), 0.0174205 secs] [Times: user=0.03 sys=0.00, real=0.02 secs] 
2981.960: [GC (Allocation Failure) [PSYoungGen: 340557K->45042K(465920K)] 1286319K->990997K(1576448K), 0.0065945 secs] [Times: user=0.02 sys=0.00, real=0.01 secs] 
2982.235: [GC (Allocation Failure) [PSYoungGen: 278002K->186357K(465920K)] 1223957K->1133687K(1576448K), 0.0210368 secs] [Times: user=0.03 sys=0.00, real=0.03 secs] 
2982.523: [GC (Allocation Failure) [PSYoungGen: 419317K->186068K(465920K)] 1366647K->1133542K(1576448K), 0.0209163 secs] [Times: user=0.02 sys=0.00, real=0.02 secs] 
2983.572: [GC (Allocation Failure) [PSYoungGen: 419028K->64818K(465920K)] 1366502K->1012557K(1576448K), 0.0109794 secs] [Times: user=0.02 sys=0.00, real=0.01 secs] 
2984.356: [GC (Allocation Failure) [PSYoungGen: 297778K->72064K(465920K)] 1245517K->1020111K(1576448K), 0.0093541 secs] [Times: user=0.02 sys=0.00, real=0.01 secs] 
2984.632: [GC (Allocation Failure) [PSYoungGen: 305024K->185907K(465920K)] 1253071K->1135337K(1576448K), 0.0206769 secs] [Times: user=0.03 sys=0.00, real=0.02 secs] 
2984.974: [GC (Allocation Failure) [PSYoungGen: 418867K->185940K(465920K)] 1368297K->1135522K(1576448K), 0.0208586 secs] [Times: user=0.03 sys=0.00, real=0.02 secs] 
2987.132: [GC (Allocation Failure) [PSYoungGen: 418900K->38406K(465920K)] 1368482K->988382K(1576448K), 0.0093360 secs] [Times: user=0.03 sys=0.00, real=0.01 secs] 
2988.903: [GC (Allocation Failure) [PSYoungGen: 271366K->97255K(465920K)] 1221342K->1047407K(1576448K), 0.0119408 secs] [Times: user=0.02 sys=0.00, real=0.01 secs] 
2989.181: [GC (Allocation Failure) [PSYoungGen: 330215K->186004K(465920K)] 1280367K->1137402K(1576448K), 0.0209861 secs] [Times: user=0.03 sys=0.00, real=0.02 secs] 
2989.468: [GC (Allocation Failure) [PSYoungGen: 418964K->185940K(465920K)] 1370362K->1137611K(1576448K), 0.0207898 secs] [Times: user=0.03 sys=0.00, real=0.02 secs] 
2990.724: [GC (Allocation Failure) [PSYoungGen: 418900K->13055K(465920K)] 1370571K->965120K(1576448K), 0.0042840 secs] [Times: user=0.01 sys=0.00, real=0.01 secs] 
2991.355: [GC (Allocation Failure) [PSYoungGen: 246015K->123409K(465920K)] 1198080K->1075651K(1576448K), 0.0145289 secs] [Times: user=0.03 sys=0.00, real=0.02 secs] 
2991.635: [GC (Allocation Failure) [PSYoungGen: 356369K->186132K(465920K)] 1308611K->1139620K(1576448K), 0.0208550 secs] [Times: user=0.03 sys=0.00, real=0.03 secs] 
2992.102: [GC (Allocation Failure) [PSYoungGen: 419092K->174793K(465920K)] 1372580K->1128690K(1576448K), 0.0226682 secs] [Times: user=0.03 sys=0.00, real=0.02 secs] 
2993.153: [GC (Allocation Failure) [PSYoungGen: 407753K->96K(465920K)] 1361650K->955304K(1576448K), 0.0030839 secs] [Times: user=0.02 sys=0.00, real=0.01 secs] 
2993.734: [GC (Allocation Failure) [PSYoungGen: 233056K->148500K(465920K)] 1188264K->1103724K(1576448K), 0.0170172 secs] [Times: user=0.02 sys=0.00, real=0.02 secs] 
2994.080: [GC (Allocation Failure) [PSYoungGen: 381460K->184269K(465920K)] 1336684K->1140747K(1576448K), 0.0207037 secs] [Times: user=0.03 sys=0.00, real=0.02 secs] 
2994.894: [GC (Allocation Failure) [PSYoungGen: 417229K->157642K(465920K)] 1373707K->1114385K(1576448K), 0.0293714 secs] [Times: user=0.05 sys=0.00, real=0.03 secs] 
2997.149: [GC (Allocation Failure) [PSYoungGen: 390602K->96K(465920K)] 1347345K->958282K(1576448K), 0.0053713 secs] [Times: user=0.03 sys=0.00, real=0.00 secs] 
2997.643: [GC (Allocation Failure) [PSYoungGen: 233056K->170317K(465920K)] 1191242K->1128528K(1576448K), 0.0192013 secs] [Times: user=0.03 sys=0.00, real=0.02 secs] 
2997.929: [GC (Allocation Failure) [PSYoungGen: 403277K->184333K(465920K)] 1361488K->1143926K(1576448K), 0.0209505 secs] [Times: user=0.03 sys=0.00, real=0.02 secs] 
2999.192: [GC (Allocation Failure) [PSYoungGen: 409798K->135793K(465920K)] 1369391K->1095522K(1576448K), 0.0245652 secs] [Times: user=0.05 sys=0.00, real=0.03 secs] 
3001.671: [GC (Allocation Failure) [PSYoungGen: 368753K->1312K(465920K)] 1328482K->961339K(1576448K), 0.0035936 secs] [Times: user=0.01 sys=0.00, real=0.00 secs] 
3002.058: [GC (Allocation Failure) [PSYoungGen: 234272K->184847K(465920K)] 1194299K->1146128K(1576448K), 0.0209496 secs] [Times: user=0.03 sys=0.01, real=0.02 secs] 
3002.342: [GC (Allocation Failure) [PSYoungGen: 417807K->184173K(465920K)] 1379088K->1145742K(1576448K), 0.0206311 secs] [Times: user=0.03 sys=0.00, real=0.02 secs] 
3003.268: [GC (Allocation Failure) [PSYoungGen: 417133K->128418K(465920K)] 1378702K->1090253K(1576448K), 0.0270553 secs] [Times: user=0.05 sys=0.00, real=0.02 secs] 
3004.987: [GC (Allocation Failure) [PSYoungGen: 361378K->24221K(465920K)] 1323213K->986364K(1576448K), 0.0057520 secs] [Times: user=0.02 sys=0.00, real=0.00 secs] 
3005.276: [GC (Allocation Failure) [PSYoungGen: 257181K->186389K(465920K)] 1219324K->1149923K(1576448K), 0.0209896 secs] [Times: user=0.03 sys=0.00, real=0.03 secs] 
3005.562: [GC (Allocation Failure) [PSYoungGen: 419349K->186132K(465920K)] 1382883K->1149810K(1576448K), 0.0208517 secs] [Times: user=0.02 sys=0.00, real=0.02 secs] 
3006.452: [GC (Allocation Failure) [PSYoungGen: 419092K->85638K(465920K)] 1382770K->1049710K(1576448K), 0.0147490 secs] [Times: user=0.03 sys=0.00, real=0.02 secs] 
3007.335: [GC (Allocation Failure) [PSYoungGen: 318598K->51886K(465920K)] 1282670K->1016142K(1576448K), 0.0071553 secs] [Times: user=0.02 sys=0.00, real=0.01 secs] 
3007.616: [GC (Allocation Failure) [PSYoungGen: 284846K->185747K(465920K)] 1249102K->1151249K(1576448K), 0.0209937 secs] [Times: user=0.03 sys=0.00, real=0.02 secs] 
3007.962: [GC (Allocation Failure) [PSYoungGen: 418707K->185843K(465920K)] 1384209K->1151618K(1576448K), 0.0209569 secs] [Times: user=0.03 sys=0.00, real=0.02 secs] 
3008.775: [GC (Allocation Failure) [PSYoungGen: 418803K->58874K(465920K)] 1384578K->1024914K(1576448K), 0.0099796 secs] [Times: user=0.02 sys=0.00, real=0.01 secs] 
3009.882: [GC (Allocation Failure) [PSYoungGen: 291834K->78102K(465920K)] 1257874K->1044449K(1576448K), 0.0097938 secs] [Times: user=0.02 sys=0.00, real=0.01 secs] 
3010.158: [GC (Allocation Failure) [PSYoungGen: 311062K->186004K(465920K)] 1277409K->1153726K(1576448K), 0.0211312 secs] [Times: user=0.03 sys=0.00, real=0.02 secs] 
3010.445: [GC (Allocation Failure) [PSYoungGen: 418964K->186004K(465920K)] 1386686K->1153870K(1576448K), 0.0217359 secs] [Times: user=0.03 sys=0.00, real=0.03 secs] 
3012.433: [GC (Allocation Failure) [PSYoungGen: 418964K->32269K(465920K)] 1386830K->1000401K(1576448K), 0.0096863 secs] [Times: user=0.03 sys=0.01, real=0.01 secs] 
3013.957: [GC (Allocation Failure) [PSYoungGen: 265229K->104066K(465920K)] 1233361K->1072511K(1576448K), 0.0125888 secs] [Times: user=0.02 sys=0.00, real=0.01 secs] 
3014.289: [GC (Allocation Failure) [PSYoungGen: 337026K->186004K(465920K)] 1305471K->1155831K(1576448K), 0.0208457 secs] [Times: user=0.03 sys=0.00, real=0.02 secs] 
3014.643: [GC (Allocation Failure) [PSYoungGen: 418964K->185843K(465920K)] 1388791K->1155815K(1576448K), 0.0208943 secs] [Times: user=0.03 sys=0.00, real=0.02 secs] 
3016.752: [GC (Allocation Failure) [PSYoungGen: 418803K->6404K(465920K)] 1388775K->976649K(1576448K), 0.0050084 secs] [Times: user=0.02 sys=0.00, real=0.01 secs] 
3017.628: [GC (Allocation Failure) [PSYoungGen: 239364K->129128K(465920K)] 1209609K->1099681K(1576448K), 0.0173118 secs] [Times: user=0.02 sys=0.00, real=0.01 secs] 
3017.916: [GC (Allocation Failure) [PSYoungGen: 362088K->184847K(465920K)] 1332641K->1156646K(1576448K), 0.0210716 secs] [Times: user=0.03 sys=0.01, real=0.03 secs] 
3018.777: [GC (Allocation Failure) [PSYoungGen: 417807K->170294K(465920K)] 1389606K->1142358K(1576448K), 0.0322289 secs] [Times: user=0.05 sys=0.00, real=0.03 secs] 
3019.934: [GC (Allocation Failure) [PSYoungGen: 403254K->96K(465920K)] 1375318K->973603K(1576448K), 0.0028566 secs] [Times: user=0.01 sys=0.00, real=0.01 secs] 
3020.356: [GC (Allocation Failure) [PSYoungGen: 233056K->153866K(465920K)] 1206563K->1127389K(1576448K), 0.0175890 secs] [Times: user=0.02 sys=0.00, real=0.01 secs] 
3020.638: [GC (Allocation Failure) [PSYoungGen: 386826K->184590K(465920K)] 1360349K->1159359K(1576448K), 0.0207403 secs] [Times: user=0.03 sys=0.00, real=0.02 secs] 
3021.398: [GC (Allocation Failure) [PSYoungGen: 417550K->151971K(465920K)] 1392319K->1127005K(1576448K), 0.0280364 secs] [Times: user=0.04 sys=0.00, real=0.03 secs] 
3023.450: [GC (Allocation Failure) [PSYoungGen: 384931K->64K(465920K)] 1359965K->976533K(1576448K), 0.0059876 secs] [Times: user=0.03 sys=0.00, real=0.00 secs] 
3023.907: [GC (Allocation Failure) [PSYoungGen: 233024K->177164K(465920K)] 1209493K->1153665K(1576448K), 0.0199702 secs] [Times: user=0.03 sys=0.00, real=0.02 secs] 
3024.267: [GC (Allocation Failure) [PSYoungGen: 410124K->186357K(465920K)] 1386625K->1164113K(1576448K), 0.0208204 secs] [Times: user=0.03 sys=0.00, real=0.02 secs] 
3024.829: [GC (Allocation Failure) [PSYoungGen: 419317K->135133K(465920K)] 1397073K->1113153K(1576448K), 0.0177867 secs] [Times: user=0.03 sys=0.00, real=0.02 secs] 
3025.891: [GC (Allocation Failure) [PSYoungGen: 368093K->18663K(465920K)] 1346113K->996997K(1576448K), 0.0050090 secs] [Times: user=0.02 sys=0.00, real=0.00 secs] 
3026.246: [GC (Allocation Failure) [PSYoungGen: 251623K->184462K(465920K)] 1229957K->1164041K(1576448K), 0.0207535 secs] [Times: user=0.03 sys=0.00, real=0.03 secs] 
3026.591: [GC (Allocation Failure) [PSYoungGen: 417422K->184526K(465920K)] 1397001K->1164379K(1576448K), 0.0209114 secs] [Times: user=0.03 sys=0.01, real=0.02 secs] 
3027.700: [GC (Allocation Failure) [PSYoungGen: 417486K->111099K(465920K)] 1397339K->1091345K(1576448K), 0.0211631 secs] [Times: user=0.04 sys=0.00, real=0.02 secs] 
3028.555: [GC (Allocation Failure) [PSYoungGen: 344059K->42629K(465920K)] 1324305K->1023053K(1576448K), 0.0064003 secs] [Times: user=0.01 sys=0.00, real=0.01 secs] 
3028.882: [GC (Allocation Failure) [PSYoungGen: 275589K->186389K(465920K)] 1256013K->1168067K(1576448K), 0.0210148 secs] [Times: user=0.03 sys=0.00, real=0.02 secs] 
3029.169: [GC (Allocation Failure) [PSYoungGen: 419349K->185940K(465920K)] 1401027K->1167890K(1576448K), 0.0208463 secs] [Times: user=0.03 sys=0.00, real=0.02 secs] 
3030.159: [GC (Allocation Failure) [PSYoungGen: 418900K->67356K(465920K)] 1400850K->1049571K(1576448K), 0.0111261 secs] [Times: user=0.02 sys=0.00, real=0.01 secs] 
3031.792: [GC (Allocation Failure) [PSYoungGen: 300316K->68594K(465920K)] 1282531K->1051103K(1576448K), 0.0089678 secs] [Times: user=0.02 sys=0.00, real=0.01 secs] 
3032.070: [GC (Allocation Failure) [PSYoungGen: 301554K->186357K(465920K)] 1284063K->1170112K(1576448K), 0.0211017 secs] [Times: user=0.03 sys=0.00, real=0.02 secs] 
3032.357: [GC (Allocation Failure) [PSYoungGen: 419317K->186100K(465920K)] 1403072K->1170128K(1576448K), 0.0210657 secs] [Times: user=0.03 sys=0.00, real=0.02 secs] 
3034.230: [GC (Allocation Failure) [PSYoungGen: 419060K->41298K(465920K)] 1403088K->1025719K(1576448K), 0.0083400 secs] [Times: user=0.02 sys=0.00, real=0.01 secs] 
3035.806: [GC (Allocation Failure) [PSYoungGen: 274258K->95134K(465920K)] 1258679K->1079734K(1576448K), 0.0120390 secs] [Times: user=0.02 sys=0.00, real=0.02 secs] 
3036.083: [GC (Allocation Failure) [PSYoungGen: 328094K->185972K(465920K)] 1312694K->1171818K(1576448K), 0.0208165 secs] [Times: user=0.03 sys=0.00, real=0.02 secs] 
3036.369: [GC (Allocation Failure) [PSYoungGen: 418932K->186004K(465920K)] 1404778K->1172123K(1576448K), 0.0207404 secs] [Times: user=0.03 sys=0.00, real=0.02 secs] 
3037.609: [GC (Allocation Failure) [PSYoungGen: 418964K->15240K(465920K)] 1405083K->1001753K(1576448K), 0.0051103 secs] [Times: user=0.02 sys=0.00, real=0.00 secs] 
3038.737: [GC (Allocation Failure) [PSYoungGen: 248200K->120739K(465920K)] 1234713K->1107431K(1576448K), 0.0141652 secs] [Times: user=0.02 sys=0.00, real=0.01 secs] 
3039.015: [GC (Allocation Failure) [PSYoungGen: 353699K->184494K(465920K)] 1340391K->1172431K(1576448K), 0.0209263 secs] [Times: user=0.03 sys=0.00, real=0.03 secs] 
3039.400: [GC (Allocation Failure) [PSYoungGen: 417454K->178075K(465920K)] 1405391K->1166285K(1576448K), 0.0253648 secs] [Times: user=0.04 sys=0.00, real=0.02 secs] 
3041.980: [GC (Allocation Failure) [PSYoungGen: 411035K->64K(465920K)] 1399245K->989704K(1576448K), 0.0059385 secs] [Times: user=0.03 sys=0.01, real=0.01 secs] 
3042.826: [GC (Allocation Failure) [PSYoungGen: 233024K->143970K(465920K)] 1222664K->1133618K(1576448K), 0.0165971 secs] [Times: user=0.03 sys=0.00, real=0.01 secs] 
3043.112: [GC (Allocation Failure) [PSYoungGen: 376930K->186229K(465920K)] 1366578K->1177251K(1576448K), 0.0211898 secs] [Times: user=0.03 sys=0.00, real=0.02 secs] 
3043.620: [GC (Allocation Failure) [PSYoungGen: 419189K->160181K(465920K)] 1410211K->1151339K(1576448K), 0.0207600 secs] [Times: user=0.03 sys=0.00, real=0.02 secs] 
3044.572: [GC (Allocation Failure) [PSYoungGen: 393141K->64K(465920K)] 1384299K->992658K(1576448K), 0.0031290 secs] [Times: user=0.01 sys=0.00, real=0.00 secs] 
3044.934: [GC (Allocation Failure) [PSYoungGen: 233024K->170127K(465920K)] 1225618K->1162745K(1576448K), 0.0192298 secs] [Times: user=0.03 sys=0.00, real=0.02 secs] 
3045.220: [GC (Allocation Failure) [PSYoungGen: 403087K->186229K(465920K)] 1395705K->1180101K(1576448K), 0.0211063 secs] [Times: user=0.03 sys=0.00, real=0.02 secs] 
3046.499: [GC (Allocation Failure) [PSYoungGen: 419189K->142330K(465920K)] 1413061K->1136467K(1576448K), 0.0208935 secs] [Times: user=0.04 sys=0.00, real=0.02 secs] 
3048.100: [GC (Allocation Failure) [PSYoungGen: 375290K->11366K(465920K)] 1369427K->1005811K(1576448K), 0.0042739 secs] [Times: user=0.02 sys=0.00, real=0.00 secs] 
3048.469: [GC (Allocation Failure) [PSYoungGen: 244326K->185715K(465920K)] 1238771K->1181542K(1576448K), 0.0210747 secs] [Times: user=0.03 sys=0.00, real=0.02 secs] 
3048.819: [GC (Allocation Failure) [PSYoungGen: 418675K->185811K(465920K)] 1414502K->1181775K(1576448K), 0.0210012 secs] [Times: user=0.03 sys=0.00, real=0.02 secs] 
3049.538: [GC (Allocation Failure) [PSYoungGen: 418771K->115790K(465920K)] 1414735K->1112019K(1576448K), 0.0195400 secs] [Times: user=0.04 sys=0.00, real=0.02 secs] 
3051.327: [GC (Allocation Failure) [PSYoungGen: 348750K->37556K(465920K)] 1344979K->1034098K(1576448K), 0.0076249 secs] [Times: user=0.02 sys=0.00, real=0.00 secs] 
3051.712: [GC (Allocation Failure) [PSYoungGen: 270516K->185715K(465920K)] 1267058K->1183624K(1576448K), 0.0209735 secs] [Times: user=0.03 sys=0.00, real=0.02 secs] 
3052.059: [GC (Allocation Failure) [PSYoungGen: 418675K->184462K(465920K)] 1416584K->1182515K(1576448K), 0.0207927 secs] [Times: user=0.03 sys=0.00, real=0.02 secs] 
3053.903: [GC (Allocation Failure) [PSYoungGen: 417422K->74553K(465920K)] 1415475K->1072872K(1576448K), 0.0200899 secs] [Times: user=0.04 sys=0.00, real=0.02 secs] 
3055.410: [GC (Allocation Failure) [PSYoungGen: 307513K->62425K(465920K)] 1305832K->1061059K(1576448K), 0.0084056 secs] [Times: user=0.02 sys=0.00, real=0.01 secs] 
3055.684: [GC (Allocation Failure) [PSYoungGen: 295385K->185972K(465920K)] 1294019K->1185860K(1576448K), 0.0208267 secs] [Times: user=0.02 sys=0.00, real=0.02 secs] 
3055.976: [GC (Allocation Failure) [PSYoungGen: 418932K->185940K(465920K)] 1418820K->1186101K(1576448K), 0.0208903 secs] [Times: user=0.03 sys=0.00, real=0.02 secs] 
3058.062: [GC (Allocation Failure) [PSYoungGen: 418900K->47917K(465920K)] 1419061K->1048343K(1576448K), 0.0138907 secs] [Times: user=0.03 sys=0.00, real=0.02 secs] 
3059.502: [GC (Allocation Failure) [PSYoungGen: 280877K->88223K(465920K)] 1281303K->1088947K(1576448K), 0.0108801 secs] [Times: user=0.02 sys=0.00, real=0.01 secs] 
3059.779: [GC (Allocation Failure) [PSYoungGen: 321183K->186004K(465920K)] 1321907K->1187981K(1576448K), 0.0208587 secs] [Times: user=0.03 sys=0.00, real=0.02 secs] 
3060.124: [GC (Allocation Failure) [PSYoungGen: 418964K->185811K(465920K)] 1420941K->1188190K(1576448K), 0.0210773 secs] [Times: user=0.03 sys=0.00, real=0.02 secs] 
3063.496: [GC (Allocation Failure) [PSYoungGen: 418771K->22276K(465920K)] 1421150K->1024792K(1576448K), 0.0091947 secs] [Times: user=0.03 sys=0.00, real=0.00 secs] 
3064.627: [GC (Allocation Failure) [PSYoungGen: 255236K->112998K(465920K)] 1257752K->1115828K(1576448K), 0.0140075 secs] [Times: user=0.02 sys=0.00, real=0.01 secs] 
3064.965: [GC (Allocation Failure) [PSYoungGen: 345958K->184205K(465920K)] 1348788K->1188287K(1576448K), 0.0209875 secs] [Times: user=0.03 sys=0.00, real=0.03 secs] 
3065.258: [GC (Allocation Failure) [PSYoungGen: 417165K->183723K(465920K)] 1421247K->1188207K(1576448K), 0.0208878 secs] [Times: user=0.03 sys=0.00, real=0.02 secs] 
3066.191: [GC (Allocation Failure) [PSYoungGen: 416683K->1328K(465920K)] 1421167K->1005820K(1576448K), 0.0042633 secs] [Times: user=0.02 sys=0.00, real=0.00 secs] 
3066.677: [GC (Allocation Failure) [PSYoungGen: 234288K->135458K(465920K)] 1238780K->1140132K(1576448K), 0.0155830 secs] [Times: user=0.02 sys=0.00, real=0.01 secs] 
3066.956: [GC (Allocation Failure) [PSYoungGen: 368418K->183948K(465920K)] 1373092K->1189859K(1576448K), 0.0206742 secs] [Times: user=0.03 sys=0.00, real=0.02 secs] 
3067.858: [GC (Allocation Failure) [PSYoungGen: 416908K->164864K(465920K)] 1422819K->1171041K(1576448K), 0.0469494 secs] [Times: user=0.07 sys=0.00, real=0.04 secs] 
3070.181: [GC (Allocation Failure) [PSYoungGen: 397824K->64K(465920K)] 1404001K->1007699K(1576448K), 0.0053713 secs] [Times: user=0.02 sys=0.00, real=0.01 secs] 
3071.066: [GC (Allocation Failure) [PSYoungGen: 233024K->155665K(465920K)] 1240659K->1163317K(1576448K), 0.0178593 secs] [Times: user=0.03 sys=0.00, real=0.02 secs] 
3071.353: [GC (Allocation Failure) [PSYoungGen: 388625K->184526K(465920K)] 1396277K->1193552K(1576448K), 0.0207395 secs] [Times: user=0.03 sys=0.00, real=0.02 secs] 
3071.810: [GC (Allocation Failure) [PSYoungGen: 417486K->150140K(465920K)] 1426512K->1159310K(1576448K), 0.0180622 secs] [Times: user=0.03 sys=0.00, real=0.02 secs] 
3073.725: [GC (Allocation Failure) [PSYoungGen: 383100K->64K(465920K)] 1392270K->1010668K(1576448K), 0.0032399 secs] [Times: user=0.01 sys=0.00, real=0.01 secs] 
3074.171: [GC (Allocation Failure) [PSYoungGen: 233024K->177675K(465920K)] 1243628K->1188303K(1576448K), 0.0200714 secs] [Times: user=0.03 sys=0.00, real=0.02 secs] 
3074.514: [GC (Allocation Failure) [PSYoungGen: 410635K->184430K(465920K)] 1421263K->1196432K(1576448K), 0.0212080 secs] [Times: user=0.03 sys=0.00, real=0.02 secs] 
3075.510: [GC (Allocation Failure) [PSYoungGen: 417390K->136515K(465920K)] 1429392K->1148654K(1576448K), 0.0256044 secs] [Times: user=0.05 sys=0.00, real=0.03 secs] 
3078.003: [GC (Allocation Failure) [PSYoungGen: 369475K->15353K(465920K)] 1381614K->1027800K(1576448K), 0.0049280 secs] [Times: user=0.01 sys=0.00, real=0.01 secs] 
3078.293: [GC (Allocation Failure) [PSYoungGen: 248313K->184462K(465920K)] 1260760K->1198154K(1576448K), 0.0208836 secs] [Times: user=0.03 sys=0.01, real=0.02 secs] 
3078.577: [GC (Allocation Failure) [PSYoungGen: 417422K->183980K(465920K)] 1431114K->1197945K(1576448K), 0.0206754 secs] [Times: user=0.03 sys=0.00, real=0.02 secs] 
3079.259: [GC (Allocation Failure) [PSYoungGen: 416940K->115051K(465920K)] 1430905K->1129282K(1576448K), 0.0149602 secs] [Times: user=0.03 sys=0.00, real=0.01 secs] 
3080.216: [GC (Allocation Failure) [PSYoungGen: 348011K->37716K(465920K)] 1362242K->1052237K(1576448K), 0.0060324 secs] [Times: user=0.02 sys=0.00, real=0.00 secs] 
3080.489: [GC (Allocation Failure) [PSYoungGen: 270676K->186357K(465920K)] 1285197K->1202124K(1576448K), 0.0211552 secs] [Times: user=0.03 sys=0.00, real=0.02 secs] 
3080.776: [GC (Allocation Failure) [PSYoungGen: 419317K->186068K(465920K)] 1435084K->1202108K(1576448K), 0.0210185 secs] [Times: user=0.03 sys=0.00, real=0.02 secs] 
3082.157: [GC (Allocation Failure) [PSYoungGen: 419028K->72111K(465920K)] 1435068K->1088416K(1576448K), 0.0143261 secs] [Times: user=0.02 sys=0.00, real=0.01 secs] 
3083.038: [GC (Allocation Failure) [PSYoungGen: 305071K->64706K(465920K)] 1321376K->1081334K(1576448K), 0.0117982 secs] [Times: user=0.03 sys=0.00, real=0.01 secs] 
3083.351: [GC (Allocation Failure) [PSYoungGen: 297666K->185811K(465920K)] 1314294K->1203814K(1576448K), 0.0213868 secs] [Times: user=0.03 sys=0.00, real=0.02 secs] 
3083.640: [GC (Allocation Failure) [PSYoungGen: 418771K->185779K(465920K)] 1436774K->1203926K(1576448K), 0.0209761 secs] [Times: user=0.03 sys=0.00, real=0.02 secs] 
3085.013: [GC (Allocation Failure) [PSYoungGen: 418739K->45893K(465920K)] 1436886K->1064304K(1576448K), 0.0088143 secs] [Times: user=0.03 sys=0.00, real=0.01 secs] 
3086.012: [GC (Allocation Failure) [PSYoungGen: 278853K->91342K(465920K)] 1297264K->1110072K(1576448K), 0.0113137 secs] [Times: user=0.02 sys=0.00, real=0.01 secs] 
3086.289: [GC (Allocation Failure) [PSYoungGen: 324302K->185972K(465920K)] 1343032K->1205955K(1576448K), 0.0209310 secs] [Times: user=0.03 sys=0.00, real=0.02 secs] 
3086.574: [GC (Allocation Failure) [PSYoungGen: 418932K->184558K(465920K)] 1438915K->1204814K(1576448K), 0.0207410 secs] [Times: user=0.03 sys=0.00, real=0.02 secs] 
3087.772: [GC (Allocation Failure) [PSYoungGen: 417518K->20413K(465920K)] 1437774K->1040934K(1576448K), 0.0053076 secs] [Times: user=0.02 sys=0.00, real=0.01 secs] 
3088.727: [GC (Allocation Failure) [PSYoungGen: 253373K->115823K(465920K)] 1273894K->1136666K(1576448K), 0.0136530 secs] [Times: user=0.02 sys=0.00, real=0.01 secs] 
3089.083: [GC (Allocation Failure) [PSYoungGen: 348783K->186100K(465920K)] 1369626K->1208309K(1576448K), 0.0210801 secs] [Times: user=0.03 sys=0.00, real=0.02 secs] 
3089.414: [GC (Allocation Failure) [PSYoungGen: 419060K->180808K(465920K)] 1441269K->1203153K(1576448K), 0.0234439 secs] [Times: user=0.03 sys=0.00, real=0.03 secs] 
3090.730: [GC (Allocation Failure) [PSYoungGen: 413768K->96K(465920K)] 1436113K->1023889K(1576448K), 0.0036276 secs] [Times: user=0.02 sys=0.00, real=0.00 secs] 
3091.427: [GC (Allocation Failure) [PSYoungGen: 233056K->141785K(465920K)] 1256849K->1165586K(1576448K), 0.0163624 secs] [Times: user=0.03 sys=0.00, real=0.01 secs] 
3091.770: [GC (Allocation Failure) [PSYoungGen: 374745K->186100K(465920K)] 1398546K->1211292K(1576448K), 0.0445870 secs] [Times: user=0.09 sys=0.05, real=0.04 secs] 
3092.509: [GC (Allocation Failure) [PSYoungGen: 419060K->162526K(465920K)] 1444252K->1187854K(1576448K), 0.0286396 secs] [Times: user=0.05 sys=0.00, real=0.03 secs] 
3094.544: [GC (Allocation Failure) [PSYoungGen: 395486K->64K(465920K)] 1420814K->1026835K(1576448K), 0.0051838 secs] [Times: user=0.02 sys=0.01, real=0.01 secs] 
3095.046: [GC (Allocation Failure) [PSYoungGen: 233024K->167332K(465920K)] 1259795K->1194127K(1576448K), 0.0190466 secs] [Times: user=0.02 sys=0.00, real=0.02 secs] 
3095.338: [GC (Allocation Failure) [PSYoungGen: 400292K->186229K(465920K)] 1427087K->1214278K(1576448K), 0.0211516 secs] [Times: user=0.03 sys=0.00, real=0.02 secs] 
3096.094: [GC (Allocation Failure) [PSYoungGen: 411728K->136773K(465920K)] 1439777K->1165224K(1576448K), 0.0216470 secs] [Times: user=0.04 sys=0.01, real=0.02 secs] 
3097.928: [GC (Allocation Failure) [PSYoungGen: 369733K->1120K(465920K)] 1398184K->1029747K(1576448K), 0.0040004 secs] [Times: user=0.02 sys=0.00, real=0.00 secs] 
3098.259: [GC (Allocation Failure) [PSYoungGen: 234080K->184076K(465920K)] 1262707K->1213789K(1576448K), 0.0209726 secs] [Times: user=0.03 sys=0.00, real=0.02 secs] 
3098.548: [GC (Allocation Failure) [PSYoungGen: 417036K->184012K(465920K)] 1446749K->1213902K(1576448K), 0.0209111 secs] [Times: user=0.03 sys=0.00, real=0.02 secs] 
3101.659: [GC (Allocation Failure) [PSYoungGen: 416972K->119312K(465920K)] 1446862K->1149466K(1576448K), 0.0452127 secs] [Times: user=0.11 sys=0.00, real=0.04 secs] 
3108.797: [GC (Allocation Failure) [PSYoungGen: 352272K->145477K(465920K)] 1382426K->1182096K(1576448K), 0.0389504 secs] [Times: user=0.16 sys=0.00, real=0.04 secs] 
3109.015: [GC (Allocation Failure) [PSYoungGen: 378437K->183285K(465920K)] 1415056K->1265912K(1576448K), 0.0423534 secs] [Times: user=0.17 sys=0.01, real=0.05 secs] 
3109.509: [GC (Allocation Failure) [PSYoungGen: 416245K->184182K(465920K)] 1498872K->1330517K(1612288K), 0.0959802 secs] [Times: user=0.46 sys=0.02, real=0.09 secs] 
3109.605: [Full GC (Ergonomics) [PSYoungGen: 184182K->0K(465920K)] [ParOldGen: 1146334K->452722K(1053184K)] 1330517K->452722K(1519104K), [Metaspace: 59659K->59659K(1105920K)], 0.5057220 secs] [Times: user=2.28 sys=0.00, real=0.51 secs] 
3111.938: [GC (Allocation Failure) [PSYoungGen: 232960K->184501K(465920K)] 685682K->637223K(1519104K), 0.0587070 secs] [Times: user=0.27 sys=0.00, real=0.06 secs] 
3113.204: [GC (Allocation Failure) [PSYoungGen: 417461K->84194K(465920K)] 870183K->606781K(1519104K), 0.0410886 secs] [Times: user=0.22 sys=0.00, real=0.04 secs] 
3113.398: [GC (Allocation Failure) [PSYoungGen: 317154K->178325K(465920K)] 839741K->728389K(1519104K), 0.0409977 secs] [Times: user=0.18 sys=0.00, real=0.04 secs] 
3115.009: [GC (Allocation Failure) [PSYoungGen: 411285K->184150K(465920K)] 961349K->789501K(1519104K), 0.0563257 secs] [Times: user=0.27 sys=0.00, real=0.06 secs] 
3115.171: [GC (Allocation Failure) [PSYoungGen: 417110K->184853K(465920K)] 1022461K->845948K(1519104K), 0.0459053 secs] [Times: user=0.21 sys=0.00, real=0.05 secs] 
3116.171: [GC (Allocation Failure) [PSYoungGen: 417813K->136208K(465920K)] 1078908K->866984K(1519104K), 0.0570732 secs] [Times: user=0.23 sys=0.01, real=0.06 secs] 
3116.456: [GC (Allocation Failure) [PSYoungGen: 369168K->129199K(465920K)] 1099944K->902791K(1519104K), 0.0630161 secs] [Times: user=0.34 sys=0.00, real=0.07 secs] 
3116.990: [GC (Allocation Failure) [PSYoungGen: 362159K->177781K(465920K)] 1135751K->992480K(1519104K), 0.0568031 secs] [Times: user=0.26 sys=0.00, real=0.06 secs] 
3118.091: [GC (Allocation Failure) [PSYoungGen: 410741K->185015K(465920K)] 1225440K->1061514K(1519104K), 0.0549887 secs] [Times: user=0.26 sys=0.00, real=0.05 secs] 
3118.579: [GC (Allocation Failure) [PSYoungGen: 417975K->186421K(465920K)] 1294474K->1121632K(1519104K), 0.0583525 secs] [Times: user=0.28 sys=0.00, real=0.06 secs] 
3119.631: [GC (Allocation Failure) [PSYoungGen: 419381K->95899K(465920K)] 1354592K->1101398K(1519104K), 0.0482597 secs] [Times: user=0.20 sys=0.00, real=0.05 secs] 
3119.679: [Full GC (Ergonomics) [PSYoungGen: 95899K->0K(465920K)] [ParOldGen: 1005498K->97461K(765440K)] 1101398K->97461K(1231360K), [Metaspace: 59886K->59886K(1105920K)], 0.0697381 secs] [Times: user=0.20 sys=0.01, real=0.07 secs] 
3120.120: [GC (Allocation Failure) [PSYoungGen: 232960K->176533K(465920K)] 330421K->273994K(1231360K), 0.0291368 secs] [Times: user=0.07 sys=0.00, real=0.03 secs] 
3120.265: [GC (Allocation Failure) [PSYoungGen: 409493K->181589K(465920K)] 506954K->334239K(1231360K), 0.0512832 secs] [Times: user=0.21 sys=0.00, real=0.06 secs] 
3120.439: [GC (Allocation Failure) [PSYoungGen: 414549K->186037K(465920K)] 567199K->393522K(1231360K), 0.0480238 secs] [Times: user=0.18 sys=0.00, real=0.05 secs] 
3121.383: [GC (Allocation Failure) [PSYoungGen: 418997K->143089K(465920K)] 626482K->420783K(1231360K), 0.0496798 secs] [Times: user=0.25 sys=0.00, real=0.05 secs] 
3121.683: [GC (GCLocker Initiated GC) [PSYoungGen: 376049K->131807K(465920K)] 653745K->455167K(1231360K), 0.0701055 secs] [Times: user=0.37 sys=0.00, real=0.07 secs] 
3121.867: [GC (Allocation Failure) [PSYoungGen: 364767K->178293K(465920K)] 688293K->544032K(1231360K), 0.0382607 secs] [Times: user=0.16 sys=0.00, real=0.03 secs] 
3122.040: [GC (Allocation Failure) [PSYoungGen: 411253K->185463K(465920K)] 776992K->613526K(1231360K), 0.0625615 secs] [Times: user=0.30 sys=0.00, real=0.06 secs] 
3122.226: [GC (Allocation Failure) [PSYoungGen: 418423K->186325K(465920K)] 846486K->673204K(1231360K), 0.0744346 secs] [Times: user=0.39 sys=0.00, real=0.07 secs] 
3123.250: [GC (Allocation Failure) [PSYoungGen: 419285K->89146K(465920K)] 906164K->646513K(1231360K), 0.0617169 secs] [Times: user=0.33 sys=0.01, real=0.06 secs] 
3123.452: [GC (GCLocker Initiated GC) [PSYoungGen: 322106K->168980K(465920K)] 879473K->755907K(1231360K), 0.0375796 secs] [Times: user=0.16 sys=0.00, real=0.04 secs] 
3123.629: [GC (Allocation Failure) [PSYoungGen: 401940K->183445K(465920K)] 989162K->823379K(1231360K), 0.0428539 secs] [Times: user=0.18 sys=0.00, real=0.04 secs] 
3123.795: [GC (Allocation Failure) [PSYoungGen: 416405K->187541K(465920K)] 1056339K->883043K(1231360K), 0.0528779 secs] [Times: user=0.25 sys=0.00, real=0.06 secs] 
3123.848: [Full GC (Ergonomics) [PSYoungGen: 187541K->0K(465920K)] [ParOldGen: 695502K->324810K(1002496K)] 883043K->324810K(1468416K), [Metaspace: 59891K->59891K(1105920K)], 0.4927194 secs] [Times: user=2.32 sys=0.00, real=0.49 secs] 
3125.216: [GC (Allocation Failure) [PSYoungGen: 232960K->152819K(465920K)] 557770K->477629K(1468416K), 0.0712296 secs] [Times: user=0.36 sys=0.01, real=0.08 secs] 
3125.472: [GC (Allocation Failure) [PSYoungGen: 385779K->127071K(465920K)] 710589K->500537K(1468416K), 0.0663833 secs] [Times: user=0.35 sys=0.00, real=0.07 secs] 
3125.938: [GC (Allocation Failure) [PSYoungGen: 360031K->175956K(465920K)] 733497K->590131K(1468416K), 0.0613376 secs] [Times: user=0.28 sys=0.01, real=0.06 secs] 
3127.158: [GC (GCLocker Initiated GC) [PSYoungGen: 408916K->177142K(465920K)] 823091K->652716K(1468416K), 0.1305238 secs] [Times: user=0.68 sys=0.00, real=0.13 secs] 
3128.043: [GC (Allocation Failure) [PSYoungGen: 410102K->181108K(465920K)] 885807K->712830K(1468416K), 0.1060971 secs] [Times: user=0.55 sys=0.01, real=0.11 secs] 
3129.282: [GC (Allocation Failure) [PSYoungGen: 414068K->95691K(465920K)] 945790K->696013K(1468416K), 0.0686452 secs] [Times: user=0.38 sys=0.00, real=0.07 secs] 
3131.014: [GC (Allocation Failure) [PSYoungGen: 328651K->174389K(465920K)] 928973K->806315K(1468416K), 0.0434543 secs] [Times: user=0.19 sys=0.00, real=0.05 secs] 
3131.171: [GC (Allocation Failure) [PSYoungGen: 407349K->184630K(465920K)] 1039275K->870948K(1468416K), 0.0428544 secs] [Times: user=0.19 sys=0.00, real=0.04 secs] 
3131.319: [GC (Allocation Failure) [PSYoungGen: 409683K->176246K(465920K)] 1096002K->926844K(1468416K), 0.0485732 secs] [Times: user=0.23 sys=0.00, real=0.05 secs] 
3132.158: [GC (Allocation Failure) [PSYoungGen: 409187K->206323K(465920K)] 1159786K->1012926K(1468416K), 0.0596314 secs] [Times: user=0.27 sys=0.03, real=0.06 secs] 
3132.527: [GC (Allocation Failure) [PSYoungGen: 439283K->101164K(465920K)] 1245886K->972558K(1468416K), 0.0685870 secs] [Times: user=0.32 sys=0.04, real=0.06 secs] 
3132.727: [GC (Allocation Failure) [PSYoungGen: 334124K->175445K(465920K)] 1205518K->1079576K(1468416K), 0.0408690 secs] [Times: user=0.11 sys=0.07, real=0.04 secs] 
3132.875: [GC (Allocation Failure) [PSYoungGen: 408405K->184470K(465920K)] 1312536K->1143265K(1468416K), 0.0525986 secs] [Times: user=0.17 sys=0.08, real=0.06 secs] 
3132.928: [Full GC (Ergonomics) [PSYoungGen: 184470K->0K(465920K)] [ParOldGen: 958795K->288439K(978432K)] 1143265K->288439K(1444352K), [Metaspace: 59909K->59909K(1105920K)], 0.4007696 secs] [Times: user=1.87 sys=0.00, real=0.40 secs] 
3133.431: [GC (Allocation Failure) [PSYoungGen: 232960K->182004K(465920K)] 521399K->470444K(1444352K), 0.0353785 secs] [Times: user=0.15 sys=0.00, real=0.04 secs] 
3134.408: [GC (Allocation Failure) [PSYoungGen: 414964K->102892K(465920K)] 703404K->460336K(1444352K), 0.0463952 secs] [Times: user=0.24 sys=0.00, real=0.04 secs] 
3134.584: [GC (Allocation Failure) [PSYoungGen: 335852K->170996K(465920K)] 693296K->562432K(1444352K), 0.0439277 secs] [Times: user=0.21 sys=0.00, real=0.05 secs] 
3136.446: [GC (Allocation Failure) [PSYoungGen: 403956K->177237K(465920K)] 795392K->621392K(1444352K), 0.0668125 secs] [Times: user=0.33 sys=0.00, real=0.06 secs] 
3136.691: [GC (Allocation Failure) [PSYoungGen: 410197K->185495K(465920K)] 854352K->691570K(1444352K), 0.0704723 secs] [Times: user=0.34 sys=0.00, real=0.07 secs] 
3136.894: [GC (Allocation Failure) [PSYoungGen: 418455K->219157K(465920K)] 924530K->784144K(1444352K), 0.0551301 secs] [Times: user=0.26 sys=0.00, real=0.06 secs] 
3139.250: [GC (Allocation Failure) [PSYoungGen: 452117K->81065K(465920K)] 1017104K->716292K(1444352K), 0.1114690 secs] [Times: user=0.62 sys=0.00, real=0.11 secs] 
3139.555: [GC (Allocation Failure) [PSYoungGen: 314025K->178741K(465920K)] 949252K->840578K(1444352K), 0.0328081 secs] [Times: user=0.13 sys=0.00, real=0.04 secs] 
3139.694: [GC (Allocation Failure) [PSYoungGen: 411701K->181909K(465920K)] 1073538K->898977K(1444352K), 0.0435546 secs] [Times: user=0.19 sys=0.01, real=0.05 secs] 
3139.890: [GC (Allocation Failure) [PSYoungGen: 414869K->186613K(465920K)] 1131937K->958617K(1444352K), 0.0704689 secs] [Times: user=0.35 sys=0.00, real=0.07 secs] 
3140.938: [GC (GCLocker Initiated GC) [PSYoungGen: 419573K->108301K(465920K)] 1191577K->950813K(1444352K), 0.0492495 secs] [Times: user=0.21 sys=0.00, real=0.05 secs] 
3141.214: [GC (Allocation Failure) [PSYoungGen: 341261K->160755K(465920K)] 1183775K->1038965K(1444352K), 0.0702180 secs] [Times: user=0.35 sys=0.00, real=0.07 secs] 
3141.435: [GC (Allocation Failure) [PSYoungGen: 393715K->180693K(465920K)] 1271925K->1109879K(1444352K), 0.0464311 secs] [Times: user=0.21 sys=0.00, real=0.05 secs] 
3141.482: [Full GC (Ergonomics) [PSYoungGen: 180693K->0K(465920K)] [ParOldGen: 929186K->250124K(959488K)] 1109879K->250124K(1425408K), [Metaspace: 59915K->59915K(1105920K)], 0.3045806 secs] [Times: user=1.41 sys=0.00, real=0.31 secs] 
3141.893: [GC (Allocation Failure) [PSYoungGen: 232960K->181782K(465920K)] 483084K->431907K(1425408K), 0.0838496 secs] [Times: user=0.43 sys=0.00, real=0.09 secs] 
3142.081: [GC (Allocation Failure) [PSYoungGen: 414742K->186901K(465920K)] 664867K->494670K(1425408K), 0.0567440 secs] [Times: user=0.27 sys=0.00, real=0.06 secs] 
3143.255: [GC (Allocation Failure) [PSYoungGen: 419861K->94587K(465920K)] 727630K->472812K(1425408K), 0.0814765 secs] [Times: user=0.45 sys=0.00, real=0.09 secs] 
3143.538: [GC (Allocation Failure) [PSYoungGen: 327547K->182038K(465920K)] 705772K->590023K(1425408K), 0.0335582 secs] [Times: user=0.13 sys=0.00, real=0.03 secs] 
3143.811: [GC (GCLocker Initiated GC) [PSYoungGen: 414998K->182837K(465920K)] 822984K->647239K(1425408K), 0.0461230 secs] [Times: user=0.21 sys=0.00, real=0.05 secs] 
3144.026: [GC (Allocation Failure) [PSYoungGen: 415797K->183348K(465920K)] 880201K->703192K(1425408K), 0.0493951 secs] [Times: user=0.24 sys=0.00, real=0.05 secs] 
3145.001: [GC (Allocation Failure) [PSYoungGen: 416308K->113757K(465920K)] 936152K->703018K(1425408K), 0.0467311 secs] [Times: user=0.24 sys=0.00, real=0.05 secs] 
3145.518: [GC (Allocation Failure) [PSYoungGen: 346717K->154482K(465920K)] 935978K->780171K(1425408K), 0.1044590 secs] [Times: user=0.55 sys=0.00, real=0.10 secs] 
3145.771: [GC (Allocation Failure) [PSYoungGen: 387442K->184246K(465920K)] 1013131K->859131K(1425408K), 0.0418200 secs] [Times: user=0.18 sys=0.00, real=0.04 secs] 
3145.946: [GC (Allocation Failure) [PSYoungGen: 417206K->185943K(465920K)] 1092091K->924724K(1425408K), 0.0623745 secs] [Times: user=0.30 sys=0.00, real=0.06 secs] 
3146.139: [GC (Allocation Failure) [PSYoungGen: 418903K->186421K(465920K)] 1157684K->984202K(1425408K), 0.0762820 secs] [Times: user=0.39 sys=0.01, real=0.07 secs] 
3147.154: [GC (Allocation Failure) [PSYoungGen: 419381K->88794K(465920K)] 1217162K->956835K(1425408K), 0.0411432 secs] [Times: user=0.21 sys=0.01, real=0.04 secs] 
3147.195: [Full GC (Ergonomics) [PSYoungGen: 88794K->0K(465920K)] [ParOldGen: 868041K->101321K(832000K)] 956835K->101321K(1297920K), [Metaspace: 59923K->59923K(1105920K)], 0.0834803 secs] [Times: user=0.33 sys=0.00, real=0.09 secs] 
3147.408: [GC (Allocation Failure) [PSYoungGen: 232960K->174997K(465920K)] 334281K->276318K(1297920K), 0.0292684 secs] [Times: user=0.11 sys=0.00, real=0.03 secs] 
3147.577: [GC (Allocation Failure) [PSYoungGen: 407957K->184502K(465920K)] 509278K->340699K(1297920K), 0.0427182 secs] [Times: user=0.19 sys=0.00, real=0.04 secs] 
3147.721: [GC (Allocation Failure) [PSYoungGen: 417462K->187189K(465920K)] 573659K->399594K(1297920K), 0.0450232 secs] [Times: user=0.21 sys=0.00, real=0.05 secs] 
3148.682: [GC (Allocation Failure) [PSYoungGen: 420149K->116686K(465920K)] 632554K->399683K(1297920K), 0.0464055 secs] [Times: user=0.24 sys=0.00, real=0.05 secs] 
3148.895: [GC (Allocation Failure) [PSYoungGen: 349646K->146625K(465920K)] 632643K->466466K(1297920K), 0.0752839 secs] [Times: user=0.39 sys=0.01, real=0.08 secs] 
3149.207: [GC (Allocation Failure) [PSYoungGen: 379585K->183861K(465920K)] 699426K->549991K(1297920K), 0.0537312 secs] [Times: user=0.25 sys=0.00, real=0.05 secs] 
3149.428: [GC (Allocation Failure) [PSYoungGen: 416821K->185111K(465920K)] 782951K->615184K(1297920K), 0.0495899 secs] [Times: user=0.23 sys=0.00, real=0.05 secs] 
3151.381: [GC (Allocation Failure) [PSYoungGen: 418071K->175603K(465920K)] 848144K->664189K(1297920K), 0.1271373 secs] [Times: user=0.67 sys=0.00, real=0.13 secs] 
3152.500: [GC (Allocation Failure) [PSYoungGen: 408563K->94763K(465920K)] 897149K->650205K(1297920K), 0.0582443 secs] [Times: user=0.26 sys=0.00, real=0.06 secs] 
3152.737: [GC (Allocation Failure) [PSYoungGen: 327723K->178101K(465920K)] 883165K->763804K(1297920K), 0.0412379 secs] [Times: user=0.17 sys=0.00, real=0.04 secs] 
3152.912: [GC (Allocation Failure) [PSYoungGen: 411061K->183925K(465920K)] 996764K->825108K(1297920K), 0.0438187 secs] [Times: user=0.19 sys=0.00, real=0.05 secs] 
3153.077: [GC (Allocation Failure) [PSYoungGen: 416885K->186997K(465920K)] 1058068K->884343K(1297920K), 0.0473077 secs] [Times: user=0.22 sys=0.00, real=0.04 secs] 
3154.064: [GC (Allocation Failure) [PSYoungGen: 419957K->128047K(465920K)] 1117303K->895914K(1297920K), 0.0486063 secs] [Times: user=0.25 sys=0.00, real=0.05 secs] 
3154.113: [Full GC (Ergonomics) [PSYoungGen: 128047K->0K(465920K)] [ParOldGen: 767866K->342200K(1098240K)] 895914K->342200K(1564160K), [Metaspace: 59935K->59935K(1105920K)], 0.5737611 secs] [Times: user=2.49 sys=0.00, real=0.58 secs] 
3155.745: [GC (Allocation Failure) [PSYoungGen: 232960K->137872K(465920K)] 575160K->480073K(1564160K), 0.0297287 secs] [Times: user=0.11 sys=0.01, real=0.03 secs] 
3155.979: [GC (Allocation Failure) [PSYoungGen: 370832K->178997K(465920K)] 713033K->565971K(1564160K), 0.0539081 secs] [Times: user=0.25 sys=0.00, real=0.05 secs] 
3156.153: [GC (Allocation Failure) [PSYoungGen: 411957K->185783K(465920K)] 798931K->634981K(1564160K), 0.0505391 secs] [Times: user=0.24 sys=0.00, real=0.05 secs] 
3156.306: [GC (Allocation Failure) [PSYoungGen: 418743K->186517K(465920K)] 867941K->694695K(1564160K), 0.0572237 secs] [Times: user=0.28 sys=0.00, real=0.05 secs] 
3157.321: [GC (Allocation Failure) [PSYoungGen: 419477K->86602K(465920K)] 927655K->665312K(1564160K), 0.0440647 secs] [Times: user=0.23 sys=0.00, real=0.04 secs] 
3157.477: [GC (Allocation Failure) [PSYoungGen: 319562K->177301K(465920K)] 898272K->784735K(1564160K), 0.0321965 secs] [Times: user=0.13 sys=0.00, real=0.03 secs] 
3157.615: [GC (Allocation Failure) [PSYoungGen: 410261K->182933K(465920K)] 1017695K->845512K(1564160K), 0.0433299 secs] [Times: user=0.20 sys=0.00, real=0.05 secs] 
3158.109: [GC (Allocation Failure) [PSYoungGen: 415893K->185461K(465920K)] 1078472K->903503K(1564160K), 0.0487740 secs] [Times: user=0.23 sys=0.00, real=0.05 secs] 
3160.383: [GC (Allocation Failure) [PSYoungGen: 418421K->139281K(465920K)] 1136463K->927147K(1564160K), 0.0501385 secs] [Times: user=0.25 sys=0.00, real=0.05 secs] 
3160.766: [GC (Allocation Failure) [PSYoungGen: 372241K->126527K(465920K)] 1160107K->958417K(1564160K), 0.1174032 secs] [Times: user=0.65 sys=0.00, real=0.11 secs] 
3161.042: [GC (Allocation Failure) [PSYoungGen: 359487K->178677K(465920K)] 1191377K->1051180K(1564160K), 0.0452663 secs] [Times: user=0.20 sys=0.01, real=0.05 secs] 
3161.207: [GC (Allocation Failure) [PSYoungGen: 411524K->185847K(465920K)] 1284027K->1120730K(1564160K), 0.0601923 secs] [Times: user=0.26 sys=0.03, real=0.06 secs] 
3161.371: [GC (Allocation Failure) [PSYoungGen: 418807K->186517K(465920K)] 1353690K->1180316K(1564160K), 0.0680546 secs] [Times: user=0.25 sys=0.01, real=0.07 secs] 
3162.746: [GC (Allocation Failure) [PSYoungGen: 419477K->90378K(465920K)] 1413276K->1154566K(1564160K), 0.0961758 secs] [Times: user=0.50 sys=0.03, real=0.09 secs] 
3162.842: [Full GC (Ergonomics) [PSYoungGen: 90378K->0K(465920K)] [ParOldGen: 1064187K->92086K(866304K)] 1154566K->92086K(1332224K), [Metaspace: 59938K->59938K(1105920K)], 0.0954786 secs] [Times: user=0.34 sys=0.01, real=0.10 secs] 
3164.049: [GC (Allocation Failure) [PSYoungGen: 232960K->173109K(465920K)] 325046K->265195K(1332224K), 0.0314450 secs] [Times: user=0.11 sys=0.00, real=0.03 secs] 
3164.204: [GC (Allocation Failure) [PSYoungGen: 406069K->184918K(465920K)] 498155K->330596K(1332224K), 0.0416522 secs] [Times: user=0.18 sys=0.00, real=0.04 secs] 
3164.348: [GC (Allocation Failure) [PSYoungGen: 417878K->187445K(465920K)] 563556K->389139K(1332224K), 0.0451773 secs] [Times: user=0.21 sys=0.00, real=0.04 secs] 
3165.328: [GC (Allocation Failure) [PSYoungGen: 420405K->147378K(465920K)] 622099K->419780K(1332224K), 0.0500261 secs] [Times: user=0.25 sys=0.00, real=0.05 secs] 
3165.608: [GC (Allocation Failure) [PSYoungGen: 380338K->119790K(465920K)] 652740K->438984K(1332224K), 0.0720857 secs] [Times: user=0.39 sys=0.00, real=0.07 secs] 
3165.822: [GC (Allocation Failure) [PSYoungGen: 352750K->178837K(465920K)] 671944K->536404K(1332224K), 0.0505090 secs] [Times: user=0.23 sys=0.00, real=0.05 secs] 
3166.175: [GC (Allocation Failure) [PSYoungGen: 411797K->183542K(465920K)] 769364K->603445K(1332224K), 0.0666268 secs] [Times: user=0.33 sys=0.00, real=0.07 secs] 
3166.775: [GC (Allocation Failure) [PSYoungGen: 416502K->182260K(465920K)] 836405K->660355K(1332224K), 0.0943594 secs] [Times: user=0.49 sys=0.00, real=0.10 secs] 
3168.947: [GC (Allocation Failure) [PSYoungGen: 415220K->91179K(465920K)] 893315K->638345K(1332224K), 0.0479957 secs] [Times: user=0.26 sys=0.00, real=0.04 secs] 
3169.335: [GC (Allocation Failure) [PSYoungGen: 324139K->177909K(465920K)] 871305K->754320K(1332224K), 0.0536121 secs] [Times: user=0.24 sys=0.00, real=0.06 secs] 
3169.531: [GC (Allocation Failure) [PSYoungGen: 410869K->181429K(465920K)] 987280K->812445K(1332224K), 0.0423085 secs] [Times: user=0.19 sys=0.00, real=0.04 secs] 
3169.705: [GC (Allocation Failure) [PSYoungGen: 410270K->181270K(465920K)] 1041286K->875598K(1332224K), 0.0544715 secs] [Times: user=0.26 sys=0.00, real=0.06 secs] 
3170.697: [GC (Allocation Failure) [PSYoungGen: 414230K->168915K(465920K)] 1108558K->920890K(1332224K), 0.0560302 secs] [Times: user=0.28 sys=0.01, real=0.05 secs] 
3171.503: [GC (Allocation Failure) [PSYoungGen: 401875K->99211K(465920K)] 1153850K->915711K(1332224K), 0.0731679 secs] [Times: user=0.38 sys=0.00, real=0.08 secs] 
3171.576: [Full GC (Ergonomics) [PSYoungGen: 99211K->0K(465920K)] [ParOldGen: 816499K->117569K(912896K)] 915711K->117569K(1378816K), [Metaspace: 59957K->59957K(1105920K)], 0.1572901 secs] [Times: user=0.64 sys=0.01, real=0.15 secs] 
3171.874: [GC (Allocation Failure) [PSYoungGen: 232960K->183158K(465920K)] 350529K->300728K(1378816K), 0.0254181 secs] [Times: user=0.08 sys=0.00, real=0.03 secs] 
3172.031: [GC (Allocation Failure) [PSYoungGen: 416118K->184790K(465920K)] 533688K->359167K(1378816K), 0.0549231 secs] [Times: user=0.25 sys=0.00, real=0.06 secs] 
3172.225: [GC (Allocation Failure) [PSYoungGen: 417750K->186933K(465920K)] 592127K->417263K(1378816K), 0.0448661 secs] [Times: user=0.21 sys=0.00, real=0.05 secs] 
3173.193: [GC (Allocation Failure) [PSYoungGen: 419893K->96555K(465920K)] 650223K->397449K(1378816K), 0.0431885 secs] [Times: user=0.22 sys=0.00, real=0.05 secs] 
3173.466: [GC (Allocation Failure) [PSYoungGen: 329515K->167860K(465920K)] 630409K->500382K(1378816K), 0.0585894 secs] [Times: user=0.27 sys=0.01, real=0.06 secs] 
3173.712: [GC (Allocation Failure) [PSYoungGen: 400820K->184150K(465920K)] 733342K->568776K(1378816K), 0.0589531 secs] [Times: user=0.28 sys=0.00, real=0.06 secs] 
3173.891: [GC (Allocation Failure) [PSYoungGen: 417110K->185751K(465920K)] 801736K->634297K(1378816K), 0.0500081 secs] [Times: user=0.23 sys=0.00, real=0.05 secs] 
3174.484: [GC (Allocation Failure) [PSYoungGen: 418711K->217236K(465920K)] 867257K->724854K(1378816K), 0.0536156 secs] [Times: user=0.26 sys=0.00, real=0.06 secs] 
3175.350: [GC (Allocation Failure) [PSYoungGen: 450196K->97035K(465920K)] 957814K->671509K(1378816K), 0.0904245 secs] [Times: user=0.49 sys=0.00, real=0.09 secs] 
3175.674: [GC (Allocation Failure) [PSYoungGen: 329995K->182454K(465920K)] 904469K->787968K(1378816K), 0.0385754 secs] [Times: user=0.16 sys=0.00, real=0.04 secs] 
3176.011: [GC (Allocation Failure) [PSYoungGen: 415414K->181493K(465920K)] 1020928K->843495K(1378816K), 0.0532354 secs] [Times: user=0.26 sys=0.00, real=0.05 secs] 
3176.378: [GC (Allocation Failure) [PSYoungGen: 414453K->186229K(465920K)] 1076455K->903175K(1378816K), 0.0530012 secs] [Times: user=0.25 sys=0.00, real=0.05 secs] 
3177.391: [GC (Allocation Failure) [PSYoungGen: 419189K->97963K(465920K)] 1136135K->885005K(1378816K), 0.0444262 secs] [Times: user=0.23 sys=0.00, real=0.04 secs] 
3178.972: [GC (Allocation Failure) [PSYoungGen: 330923K->161395K(465920K)] 1117965K->979730K(1378816K), 0.0745167 secs] [Times: user=0.37 sys=0.01, real=0.08 secs] 
3179.172: [GC (Allocation Failure) [PSYoungGen: 394355K->180277K(465920K)] 1212690K->1049548K(1378816K), 0.0481789 secs] [Times: user=0.19 sys=0.01, real=0.05 secs] 
3179.220: [Full GC (Ergonomics) [PSYoungGen: 180277K->0K(465920K)] [ParOldGen: 869271K->252397K(1071104K)] 1049548K->252397K(1537024K), [Metaspace: 59959K->59959K(1105920K)], 0.3079296 secs] [Times: user=1.37 sys=0.00, real=0.31 secs] 
3179.638: [GC (Allocation Failure) [PSYoungGen: 232960K->185495K(465920K)] 485357K->437892K(1537024K), 0.0861243 secs] [Times: user=0.45 sys=0.00, real=0.08 secs] 
3179.827: [GC (Allocation Failure) [PSYoungGen: 418455K->186933K(465920K)] 670852K->498142K(1537024K), 0.0546519 secs] [Times: user=0.27 sys=0.00, real=0.05 secs] 
3180.810: [GC (GCLocker Initiated GC) [PSYoungGen: 419893K->84089K(465920K)] 731103K->465819K(1537024K), 0.0527128 secs] [Times: user=0.27 sys=0.01, real=0.05 secs] 
3181.002: [GC (Allocation Failure) [PSYoungGen: 317049K->186262K(465920K)] 698818K->595253K(1537024K), 0.0335685 secs] [Times: user=0.13 sys=0.00, real=0.03 secs] 
3181.323: [GC (Allocation Failure) [PSYoungGen: 419222K->183989K(465920K)] 828213K->649421K(1537024K), 0.0609868 secs] [Times: user=0.29 sys=0.00, real=0.06 secs] 
3183.303: [GC (Allocation Failure) [PSYoungGen: 416949K->183316K(465920K)] 882381K->704316K(1537024K), 0.1092603 secs] [Times: user=0.56 sys=0.00, real=0.11 secs] 
3184.569: [GC (Allocation Failure) [PSYoungGen: 416276K->109405K(465920K)] 937276K->699524K(1537024K), 0.0452495 secs] [Times: user=0.22 sys=0.01, real=0.04 secs] 
3184.952: [GC (Allocation Failure) [PSYoungGen: 342365K->169299K(465920K)] 932484K->794351K(1537024K), 0.0785601 secs] [Times: user=0.40 sys=0.00, real=0.08 secs] 
3185.178: [GC (Allocation Failure) [PSYoungGen: 402259K->184438K(465920K)] 1027311K->860722K(1537024K), 0.0428519 secs] [Times: user=0.19 sys=0.00, real=0.04 secs] 
3185.328: [GC (Allocation Failure) [PSYoungGen: 417398K->186231K(465920K)] 1093682K->926479K(1537024K), 0.0502164 secs] [Times: user=0.23 sys=0.00, real=0.05 secs] 
3185.498: [GC (Allocation Failure) [PSYoungGen: 419074K->186229K(465920K)] 1159323K->985629K(1537024K), 0.0598018 secs] [Times: user=0.30 sys=0.00, real=0.06 secs] 
3186.894: [GC (Allocation Failure) [PSYoungGen: 417290K->84617K(465920K)] 1216691K->954362K(1537024K), 0.1207987 secs] [Times: user=0.67 sys=0.00, real=0.12 secs] 
3187.264: [GC (Allocation Failure) [PSYoungGen: 317577K->178741K(465920K)] 1187322K->1077111K(1537024K), 0.0439973 secs] [Times: user=0.18 sys=0.01, real=0.05 secs] 
3187.448: [GC (Allocation Failure) [PSYoungGen: 411701K->184662K(465920K)] 1310071K->1138383K(1537024K), 0.0724312 secs] [Times: user=0.30 sys=0.05, real=0.07 secs] 
3187.661: [GC (Allocation Failure) [PSYoungGen: 417622K->186965K(465920K)] 1371343K->1196478K(1537024K), 0.0630361 secs] [Times: user=0.20 sys=0.10, real=0.06 secs] 
3187.724: [Full GC (Ergonomics) [PSYoungGen: 186965K->0K(465920K)] [ParOldGen: 1009513K->339231K(1180160K)] 1196478K->339231K(1646080K), [Metaspace: 59971K->59971K(1105920K)], 0.5237698 secs] [Times: user=2.47 sys=0.00, real=0.53 secs] 
3189.180: [GC (Allocation Failure) [PSYoungGen: 232960K->111293K(465920K)] 572191K->450524K(1646080K), 0.0541550 secs] [Times: user=0.28 sys=0.00, real=0.05 secs] 
3189.391: [GC (Allocation Failure) [PSYoungGen: 344253K->155026K(465920K)] 683484K->531042K(1646080K), 0.0515207 secs] [Times: user=0.24 sys=0.00, real=0.05 secs] 
3189.552: [GC (Allocation Failure) [PSYoungGen: 387986K->180437K(465920K)] 764002K->605077K(1646080K), 0.0494525 secs] [Times: user=0.23 sys=0.01, real=0.05 secs] 
3189.744: [GC (Allocation Failure) [PSYoungGen: 413397K->181494K(465920K)] 838037K->669346K(1646080K), 0.0487495 secs] [Times: user=0.22 sys=0.01, real=0.05 secs] 
3189.901: [GC (Allocation Failure) [PSYoungGen: 414454K->186613K(465920K)] 902306K->732025K(1646080K), 0.0559368 secs] [Times: user=0.28 sys=0.00, real=0.06 secs] 
3192.341: [GC (Allocation Failure) [PSYoungGen: 419573K->98299K(465920K)] 964985K->714139K(1646080K), 0.0469201 secs] [Times: user=0.24 sys=0.00, real=0.05 secs] 
3192.567: [GC (Allocation Failure) [PSYoungGen: 331259K->175957K(465920K)] 947099K->824021K(1646080K), 0.0484238 secs] [Times: user=0.21 sys=0.00, real=0.05 secs] 
3192.776: [GC (GCLocker Initiated GC) [PSYoungGen: 408917K->179605K(465920K)] 1056981K->881989K(1646080K), 0.0648608 secs] [Times: user=0.31 sys=0.00, real=0.06 secs] 
3193.332: [GC (GCLocker Initiated GC) [PSYoungGen: 412565K->180756K(465920K)] 1114954K->937289K(1646080K), 0.0814219 secs] [Times: user=0.40 sys=0.00, real=0.08 secs] 
3194.587: [GC (Allocation Failure) [PSYoungGen: 413716K->125679K(465920K)] 1170250K->950717K(1646080K), 0.0476485 secs] [Times: user=0.23 sys=0.00, real=0.04 secs] 
3195.663: [GC (Allocation Failure) [PSYoungGen: 354617K->142321K(465920K)] 1179656K->1007167K(1646080K), 0.1042777 secs] [Times: user=0.56 sys=0.00, real=0.11 secs] 
3195.944: [GC (Allocation Failure) [PSYoungGen: 375281K->173332K(465920K)] 1240127K->1084227K(1646080K), 0.0512866 secs] [Times: user=0.24 sys=0.00, real=0.05 secs] 
3196.178: [GC (Allocation Failure) [PSYoungGen: 406292K->184535K(465920K)] 1317187K->1155870K(1646080K), 0.0724842 secs] [Times: user=0.35 sys=0.01, real=0.07 secs] 
3196.366: [GC (Allocation Failure) [PSYoungGen: 417495K->186389K(465920K)] 1388830K->1216428K(1646080K), 0.0586921 secs] [Times: user=0.29 sys=0.01, real=0.06 secs] 
3197.387: [GC (Allocation Failure) [PSYoungGen: 419349K->88282K(465920K)] 1449388K->1188661K(1646080K), 0.0724590 secs] [Times: user=0.36 sys=0.04, real=0.07 secs] 
3197.459: [Full GC (Ergonomics) [PSYoungGen: 88282K->0K(465920K)] [ParOldGen: 1100379K->93121K(955904K)] 1188661K->93121K(1421824K), [Metaspace: 59976K->59976K(1105920K)], 0.0748030 secs] [Times: user=0.28 sys=0.01, real=0.07 secs] 
3197.792: [GC (Allocation Failure) [PSYoungGen: 232960K->175541K(465920K)] 326081K->268663K(1421824K), 0.0380482 secs] [Times: user=0.14 sys=0.00, real=0.04 secs] 
3198.023: [GC (Allocation Failure) [PSYoungGen: 408501K->184438K(465920K)] 501623K->332452K(1421824K), 0.0427753 secs] [Times: user=0.19 sys=0.00, real=0.05 secs] 
3198.169: [GC (Allocation Failure) [PSYoungGen: 417398K->187381K(465920K)] 565412K->391171K(1421824K), 0.0451559 secs] [Times: user=0.21 sys=0.00, real=0.04 secs] 
3200.136: [GC (Allocation Failure) [PSYoungGen: 420341K->141169K(465920K)] 624131K->415663K(1421824K), 0.0492501 secs] [Times: user=0.24 sys=0.00, real=0.04 secs] 
3200.624: [GC (Allocation Failure) [PSYoungGen: 374129K->132607K(465920K)] 648623K->452005K(1421824K), 0.1675692 secs] [Times: user=0.78 sys=0.01, real=0.17 secs] 
3200.955: [GC (Allocation Failure) [PSYoungGen: 365567K->174868K(465920K)] 684965K->536271K(1421824K), 0.0411002 secs] [Times: user=0.15 sys=0.00, real=0.05 secs] 
3201.137: [GC (Allocation Failure) [PSYoungGen: 407828K->185719K(465920K)] 769231K->608402K(1421824K), 0.0537381 secs] [Times: user=0.24 sys=0.00, real=0.05 secs] 
3201.323: [GC (GCLocker Initiated GC) [PSYoungGen: 418679K->183636K(465920K)] 841362K->665275K(1421824K), 0.0753409 secs] [Times: user=0.39 sys=0.01, real=0.08 secs] 
3202.466: [GC (Allocation Failure) [PSYoungGen: 416596K->95611K(465920K)] 898238K->646781K(1421824K), 0.0540886 secs] [Times: user=0.28 sys=0.00, real=0.05 secs] 
3203.225: [GC (Allocation Failure) [PSYoungGen: 328571K->177237K(465920K)] 879741K->760816K(1421824K), 0.0431476 secs] [Times: user=0.18 sys=0.00, real=0.05 secs] 
3203.387: [GC (Allocation Failure) [PSYoungGen: 410197K->179253K(465920K)] 993776K->818136K(1421824K), 0.0415403 secs] [Times: user=0.18 sys=0.00, real=0.04 secs] 
3203.534: [GC (Allocation Failure) [PSYoungGen: 412213K->187733K(465920K)] 1051096K->881704K(1421824K), 0.0451558 secs] [Times: user=0.21 sys=0.00, real=0.05 secs] 
3204.529: [GC (Allocation Failure) [PSYoungGen: 420693K->149650K(465920K)] 1114664K->914337K(1421824K), 0.0512853 secs] [Times: user=0.25 sys=0.00, real=0.05 secs] 
3204.782: [GC (Allocation Failure) [PSYoungGen: 382610K->125439K(465920K)] 1147297K->937574K(1421824K), 0.0886750 secs] [Times: user=0.49 sys=0.00, real=0.09 secs] 
3205.032: [GC (Allocation Failure) [PSYoungGen: 358292K->171732K(463872K)] 1170427K->1023640K(1419776K), 0.0529562 secs] [Times: user=0.24 sys=0.01, real=0.05 secs] 
3205.247: [GC (Allocation Failure) [PSYoungGen: 404692K->180630K(464896K)] 1256600K->1092814K(1420800K), 0.0479806 secs] [Times: user=0.21 sys=0.01, real=0.04 secs] 
3205.295: [Full GC (Ergonomics) [PSYoungGen: 180630K->0K(464896K)] [ParOldGen: 912183K->297619K(1179648K)] 1092814K->297619K(1644544K), [Metaspace: 59986K->59986K(1105920K)], 0.4215786 secs] [Times: user=1.99 sys=0.00, real=0.43 secs] 
3205.822: [GC (Allocation Failure) [PSYoungGen: 232960K->186741K(465408K)] 530579K->484361K(1645056K), 0.0348442 secs] [Times: user=0.15 sys=0.00, real=0.04 secs] 
3206.771: [GC (Allocation Failure) [PSYoungGen: 419701K->99308K(465920K)] 717321K->467368K(1645568K), 0.0469785 secs] [Times: user=0.25 sys=0.00, real=0.05 secs] 
3206.977: [GC (Allocation Failure) [PSYoungGen: 332268K->175541K(465920K)] 700328K->576530K(1645568K), 0.0511973 secs] [Times: user=0.23 sys=0.00, real=0.05 secs] 
3207.632: [GC (Allocation Failure) [PSYoungGen: 408501K->175604K(465920K)] 809490K->631001K(1645568K), 0.0736580 secs] [Times: user=0.35 sys=0.01, real=0.08 secs] 
3207.896: [GC (Allocation Failure) [PSYoungGen: 402132K->178294K(465920K)] 857529K->695035K(1645568K), 0.0638992 secs] [Times: user=0.31 sys=0.00, real=0.06 secs] 
3209.692: [GC (Allocation Failure) [PSYoungGen: 411254K->168947K(401920K)] 927995K->742120K(1581568K), 0.0542103 secs] [Times: user=0.27 sys=0.00, real=0.06 secs] 
3210.436: [GC (Allocation Failure) [PSYoungGen: 401907K->102636K(457728K)] 975080K->740473K(1637376K), 0.0944788 secs] [Times: user=0.50 sys=0.00, real=0.10 secs] 
3210.737: [GC (Allocation Failure) [PSYoungGen: 331500K->179861K(461824K)] 969337K->851655K(1641472K), 0.0374547 secs] [Times: user=0.16 sys=0.00, real=0.03 secs] 
3210.917: [GC (Allocation Failure) [PSYoungGen: 408725K->181813K(465920K)] 1080519K->909375K(1645568K), 0.0606717 secs] [Times: user=0.29 sys=0.00, real=0.06 secs] 
3211.108: [GC (Allocation Failure) [PSYoungGen: 414773K->181172K(465920K)] 1142335K->963702K(1645568K), 0.0448761 secs] [Times: user=0.21 sys=0.00, real=0.04 secs] 
3212.162: [GC (Allocation Failure) [PSYoungGen: 414132K->101532K(465920K)] 1196662K->952518K(1645568K), 0.0461498 secs] [Times: user=0.24 sys=0.00, real=0.05 secs] 
3212.375: [GC (Allocation Failure) [PSYoungGen: 334492K->168948K(465920K)] 1185478K->1053574K(1645568K), 0.0732219 secs] [Times: user=0.36 sys=0.00, real=0.08 secs] 
3212.608: [GC (Allocation Failure) [PSYoungGen: 401908K->184277K(465920K)] 1286534K->1121924K(1645568K), 0.0462311 secs] [Times: user=0.18 sys=0.00, real=0.04 secs] 
3212.765: [GC (Allocation Failure) [PSYoungGen: 417237K->182230K(465920K)] 1354884K->1184205K(1645568K), 0.0585040 secs] [Times: user=0.18 sys=0.11, real=0.06 secs] 
3213.008: [GC (Allocation Failure) [PSYoungGen: 415190K->178356K(465920K)] 1417165K->1237970K(1645568K), 0.0708573 secs] [Times: user=0.33 sys=0.04, real=0.07 secs] 
3214.072: [GC (Allocation Failure) [PSYoungGen: 411316K->94635K(465920K)] 1470930K->1221969K(1645568K), 0.0727685 secs] [Times: user=0.28 sys=0.11, real=0.07 secs] 
3214.145: [Full GC (Ergonomics) [PSYoungGen: 94635K->0K(465920K)] [ParOldGen: 1127334K->111347K(1015808K)] 1221969K->111347K(1481728K), [Metaspace: 59989K->59989K(1105920K)], 0.0970289 secs] [Times: user=0.39 sys=0.00, real=0.10 secs] 
3214.406: [GC (Allocation Failure) [PSYoungGen: 232960K->183126K(465920K)] 344307K->294473K(1481728K), 0.0303898 secs] [Times: user=0.12 sys=0.00, real=0.03 secs] 
3215.158: [GC (Allocation Failure) [PSYoungGen: 416086K->175732K(465920K)] 527433K->343816K(1481728K), 0.0647010 secs] [Times: user=0.31 sys=0.00, real=0.06 secs] 
3215.988: [GC (Allocation Failure) [PSYoungGen: 408692K->181716K(465920K)] 576776K->402832K(1481728K), 0.1134040 secs] [Times: user=0.58 sys=0.00, real=0.11 secs] 
3217.805: [GC (Allocation Failure) [PSYoungGen: 414676K->109085K(465920K)] 635792K->399080K(1481728K), 0.0450661 secs] [Times: user=0.23 sys=0.00, real=0.05 secs] 
3218.509: [GC (Allocation Failure) [PSYoungGen: 342045K->162387K(465920K)] 632040K->487259K(1481728K), 0.0764735 secs] [Times: user=0.39 sys=0.00, real=0.08 secs] 
3218.778: [GC (Allocation Failure) [PSYoungGen: 395347K->184374K(465920K)] 720219K->560746K(1481728K), 0.0542968 secs] [Times: user=0.22 sys=0.00, real=0.05 secs] 
3218.945: [GC (Allocation Failure) [PSYoungGen: 417334K->180566K(465920K)] 793706K->621002K(1481728K), 0.0503684 secs] [Times: user=0.23 sys=0.00, real=0.05 secs] 
3219.123: [GC (Allocation Failure) [PSYoungGen: 413526K->186933K(465920K)] 853962K->685313K(1481728K), 0.0678739 secs] [Times: user=0.35 sys=0.00, real=0.07 secs] 
3220.177: [GC (Allocation Failure) [PSYoungGen: 419893K->89770K(465920K)] 918273K->658643K(1481728K), 0.0602384 secs] [Times: user=0.33 sys=0.00, real=0.06 secs] 
3220.432: [GC (Allocation Failure) [PSYoungGen: 322730K->181814K(465920K)] 891603K->779211K(1481728K), 0.0381867 secs] [Times: user=0.16 sys=0.00, real=0.04 secs] 
3220.576: [GC (Allocation Failure) [PSYoungGen: 414774K->185046K(465920K)] 1012171K->839655K(1481728K), 0.0457397 secs] [Times: user=0.21 sys=0.00, real=0.04 secs] 
3220.747: [GC (Allocation Failure) [PSYoungGen: 418006K->186773K(465920K)] 1072615K->897510K(1481728K), 0.0522440 secs] [Times: user=0.26 sys=0.00, real=0.05 secs] 
3221.741: [GC (Allocation Failure) [PSYoungGen: 419733K->106797K(465920K)] 1130470K->887986K(1481728K), 0.0476331 secs] [Times: user=0.24 sys=0.00, real=0.05 secs] 
3221.961: [GC (Allocation Failure) [PSYoungGen: 339757K->157459K(465920K)] 1120946K->973872K(1481728K), 0.0870200 secs] [Times: user=0.45 sys=0.00, real=0.09 secs] 
3222.176: [GC (GCLocker Initiated GC) [PSYoungGen: 390419K->183349K(465920K)] 1206833K->1048436K(1481728K), 0.0418617 secs] [Times: user=0.18 sys=0.00, real=0.04 secs] 
3222.327: [GC (GCLocker Initiated GC) [PSYoungGen: 416309K->185239K(465920K)] 1281398K->1114288K(1481728K), 0.0519680 secs] [Times: user=0.25 sys=0.00, real=0.05 secs] 
3222.379: [Full GC (Ergonomics) [PSYoungGen: 185239K->0K(465920K)] [ParOldGen: 929048K->316159K(1241088K)] 1114288K->316159K(1707008K), [Metaspace: 59995K->59995K(1105920K)], 0.4603804 secs] [Times: user=2.16 sys=0.00, real=0.46 secs] 
3223.852: [GC (Allocation Failure) [PSYoungGen: 232960K->174995K(465920K)] 549250K->491286K(1707008K), 0.0574729 secs] [Times: user=0.24 sys=0.00, real=0.06 secs] 
3225.196: [GC (GCLocker Initiated GC) [PSYoungGen: 407955K->94795K(465920K)] 724247K->477583K(1707008K), 0.0475914 secs] [Times: user=0.25 sys=0.00, real=0.05 secs] 
3225.449: [GC (Allocation Failure) [PSYoungGen: 327755K->174069K(465920K)] 710545K->588126K(1707008K), 0.0457678 secs] [Times: user=0.20 sys=0.00, real=0.04 secs] 
3225.697: [GC (Allocation Failure) [PSYoungGen: 407029K->184182K(465920K)] 821086K->652047K(1707008K), 0.0620595 secs] [Times: user=0.29 sys=0.00, real=0.06 secs] 
3225.879: [GC (Allocation Failure) [PSYoungGen: 417142K->187029K(465920K)] 885007K->710798K(1707008K), 0.0449472 secs] [Times: user=0.21 sys=0.00, real=0.04 secs] 
3226.878: [GC (Allocation Failure) [PSYoungGen: 419989K->120079K(465920K)] 943758K->714264K(1707008K), 0.0468630 secs] [Times: user=0.23 sys=0.00, real=0.04 secs] 
3227.233: [GC (Allocation Failure) [PSYoungGen: 353039K->151361K(465920K)] 947224K->783515K(1707008K), 0.1018305 secs] [Times: user=0.54 sys=0.00, real=0.10 secs] 
3227.493: [GC (Allocation Failure) [PSYoungGen: 384321K->180181K(465920K)] 1016475K->858911K(1707008K), 0.0403080 secs] [Times: user=0.18 sys=0.00, real=0.04 secs] 
3227.643: [GC (Allocation Failure) [PSYoungGen: 413141K->185143K(465920K)] 1091871K->926448K(1707008K), 0.0499897 secs] [Times: user=0.23 sys=0.01, real=0.05 secs] 
3227.797: [GC (Allocation Failure) [PSYoungGen: 418103K->186613K(465920K)] 1159408K->986822K(1707008K), 0.0568833 secs] [Times: user=0.28 sys=0.00, real=0.05 secs] 
3228.846: [GC (Allocation Failure) [PSYoungGen: 419496K->89962K(465920K)] 1219706K->960624K(1707008K), 0.0443839 secs] [Times: user=0.23 sys=0.00, real=0.04 secs] 
3229.061: [GC (Allocation Failure) [PSYoungGen: 322922K->174997K(465920K)] 1193584K->1075279K(1707008K), 0.0454507 secs] [Times: user=0.20 sys=0.00, real=0.05 secs] 
3229.244: [GC (Allocation Failure) [PSYoungGen: 407957K->192566K(465920K)] 1308239K->1147319K(1707008K), 0.0440816 secs] [Times: user=0.19 sys=0.00, real=0.05 secs] 
3229.816: [GC (Allocation Failure) [PSYoungGen: 425526K->182612K(465920K)] 1380279K->1193342K(1707008K), 0.0716466 secs] [Times: user=0.36 sys=0.00, real=0.08 secs] 
3232.008: [GC (Allocation Failure) [PSYoungGen: 415572K->132112K(465920K)] 1426302K->1211610K(1707008K), 0.0589171 secs] [Times: user=0.25 sys=0.05, real=0.06 secs] 
3232.562: [GC (Allocation Failure) [PSYoungGen: 365072K->140689K(465920K)] 1444570K->1262058K(1707008K), 0.1252859 secs] [Times: user=0.64 sys=0.04, real=0.13 secs] 
3232.865: [GC (Allocation Failure) [PSYoungGen: 373649K->173268K(465920K)] 1495018K->1340083K(1707008K), 0.0510028 secs] [Times: user=0.18 sys=0.06, real=0.05 secs] 
3232.916: [Full GC (Ergonomics) [PSYoungGen: 173268K->0K(465920K)] [ParOldGen: 1166814K->236840K(1186816K)] 1340083K->236840K(1652736K), [Metaspace: 59995K->59995K(1105920K)], 0.2894149 secs] [Times: user=1.27 sys=0.00, real=0.29 secs] 
3233.323: [GC (Allocation Failure) [PSYoungGen: 232960K->185751K(465920K)] 469800K->422591K(1652736K), 0.0872457 secs] [Times: user=0.46 sys=0.00, real=0.09 secs] 
3233.541: [GC (Allocation Failure) [PSYoungGen: 418711K->186325K(465920K)] 655551K->482186K(1652736K), 0.0574080 secs] [Times: user=0.28 sys=0.00, real=0.06 secs] 
3234.618: [GC (Allocation Failure) [PSYoungGen: 419285K->91290K(465920K)] 715146K->457491K(1652736K), 0.0479284 secs] [Times: user=0.26 sys=0.00, real=0.04 secs] 
3235.003: [GC (Allocation Failure) [PSYoungGen: 324250K->170228K(465920K)] 690451K->565678K(1652736K), 0.0387339 secs] [Times: user=0.16 sys=0.00, real=0.04 secs] 
3235.198: [GC (Allocation Failure) [PSYoungGen: 403188K->184694K(465920K)] 798638K->633263K(1652736K), 0.0443096 secs] [Times: user=0.20 sys=0.00, real=0.04 secs] 
3235.345: [GC (Allocation Failure) [PSYoungGen: 417654K->187381K(465920K)] 866223K->691931K(1652736K), 0.0460023 secs] [Times: user=0.22 sys=0.00, real=0.05 secs] 
3236.300: [GC (Allocation Failure) [PSYoungGen: 420341K->142609K(465920K)] 924891K->717727K(1652736K), 0.0502047 secs] [Times: user=0.25 sys=0.00, real=0.05 secs] 
3236.605: [GC (Allocation Failure) [PSYoungGen: 375569K->129647K(465920K)] 950687K->750189K(1652736K), 0.0694466 secs] [Times: user=0.36 sys=0.00, real=0.07 secs] 
3236.792: [GC (Allocation Failure) [PSYoungGen: 362607K->178261K(465920K)] 983149K->840715K(1652736K), 0.0428467 secs] [Times: user=0.19 sys=0.00, real=0.04 secs] 
3236.970: [GC (Allocation Failure) [PSYoungGen: 411221K->185591K(465920K)] 1073675K->910149K(1652736K), 0.0499364 secs] [Times: user=0.23 sys=0.00, real=0.05 secs] 
3237.183: [GC (Allocation Failure) [PSYoungGen: 418551K->183316K(465920K)] 1143109K->966867K(1652736K), 0.0574992 secs] [Times: user=0.28 sys=0.00, real=0.06 secs] 
3238.237: [GC (Allocation Failure) [PSYoungGen: 416276K->91899K(465920K)] 1199827K->944649K(1652736K), 0.0494255 secs] [Times: user=0.26 sys=0.00, real=0.05 secs] 
3238.664: [GC (GCLocker Initiated GC) [PSYoungGen: 324859K->176885K(465920K)] 1177609K->1059904K(1652736K), 0.0471092 secs] [Times: user=0.20 sys=0.00, real=0.05 secs] 
3238.845: [GC (Allocation Failure) [PSYoungGen: 409845K->184053K(465920K)] 1292903K->1121815K(1652736K), 0.0445723 secs] [Times: user=0.21 sys=0.01, real=0.05 secs] 
3238.995: [GC (Allocation Failure) [PSYoungGen: 417013K->202805K(465920K)] 1354775K->1196254K(1652736K), 0.0464167 secs] [Times: user=0.21 sys=0.00, real=0.05 secs] 
3240.021: [GC (Allocation Failure) [PSYoungGen: 435765K->145202K(465920K)] 1429214K->1209019K(1652736K), 0.0520480 secs] [Times: user=0.26 sys=0.00, real=0.05 secs] 
3240.973: [GC (Allocation Failure) [PSYoungGen: 378162K->122382K(465920K)] 1441979K->1232192K(1652736K), 0.0926567 secs] [Times: user=0.51 sys=0.00, real=0.09 secs] 
3241.066: [Full GC (Ergonomics) [PSYoungGen: 122382K->0K(465920K)] [ParOldGen: 1109809K->138757K(1119232K)] 1232192K->138757K(1585152K), [Metaspace: 59998K->59998K(1105920K)], 0.1528172 secs] [Times: user=0.66 sys=0.01, real=0.16 secs] 
3241.337: [GC (Allocation Failure) [PSYoungGen: 232960K->178773K(465920K)] 371717K->317530K(1585152K), 0.0262667 secs] [Times: user=0.09 sys=0.00, real=0.02 secs] 
3241.475: [GC (Allocation Failure) [PSYoungGen: 411733K->185623K(465920K)] 550490K->386508K(1585152K), 0.0480946 secs] [Times: user=0.22 sys=0.00, real=0.05 secs] 
3241.629: [GC (Allocation Failure) [PSYoungGen: 418583K->186709K(465920K)] 619468K->446646K(1585152K), 0.0571855 secs] [Times: user=0.28 sys=0.00, real=0.06 secs] 
3242.715: [GC (Allocation Failure) [PSYoungGen: 419669K->96971K(465920K)] 679606K->427216K(1585152K), 0.0446795 secs] [Times: user=0.24 sys=0.00, real=0.05 secs] 
3243.015: [GC (Allocation Failure) [PSYoungGen: 329931K->177301K(465920K)] 660176K->538519K(1585152K), 0.0439157 secs] [Times: user=0.19 sys=0.00, real=0.05 secs] 
3243.216: [GC (Allocation Failure) [PSYoungGen: 410247K->178261K(465920K)] 771465K->595447K(1585152K), 0.0427192 secs] [Times: user=0.19 sys=0.01, real=0.04 secs] 
3243.365: [GC (Allocation Failure) [PSYoungGen: 411221K->187189K(465920K)] 828407K->658423K(1585152K), 0.0480411 secs] [Times: user=0.18 sys=0.01, real=0.05 secs] 
3244.310: [GC (Allocation Failure) [PSYoungGen: 420149K->149906K(465920K)] 891383K->691780K(1585152K), 0.0511745 secs] [Times: user=0.25 sys=0.00, real=0.05 secs] 
3244.556: [GC (Allocation Failure) [PSYoungGen: 382866K->125183K(465920K)] 924740K->714585K(1585152K), 0.0713464 secs] [Times: user=0.39 sys=0.00, real=0.07 secs] 
3244.736: [GC (Allocation Failure) [PSYoungGen: 358143K->178069K(465920K)] 947545K->807303K(1585152K), 0.0377385 secs] [Times: user=0.17 sys=0.00, real=0.03 secs] 
3244.884: [GC (Allocation Failure) [PSYoungGen: 411029K->185111K(465920K)] 1040263K->876453K(1585152K), 0.0504269 secs] [Times: user=0.23 sys=0.00, real=0.05 secs] 
3245.522: [GC (Allocation Failure) [PSYoungGen: 418071K->177716K(465920K)] 1109413K->927858K(1585152K), 0.1077345 secs] [Times: user=0.57 sys=0.00, real=0.11 secs] 
3247.570: [GC (Allocation Failure) [PSYoungGen: 410676K->97275K(465920K)] 1160818K->914970K(1585152K), 0.0464367 secs] [Times: user=0.25 sys=0.00, real=0.05 secs] 
3248.095: [GC (Allocation Failure) [PSYoungGen: 330235K->174037K(465920K)] 1147930K->1022888K(1585152K), 0.0466014 secs] [Times: user=0.21 sys=0.00, real=0.05 secs] 
3248.257: [GC (Allocation Failure) [PSYoungGen: 406997K->181621K(465920K)] 1255848K->1085509K(1585152K), 0.0449834 secs] [Times: user=0.20 sys=0.00, real=0.04 secs] 
3248.429: [GC (Allocation Failure) [PSYoungGen: 402809K->174677K(465920K)] 1306696K->1141813K(1585152K), 0.0556452 secs] [Times: user=0.26 sys=0.00, real=0.05 secs] 
3249.374: [GC (Allocation Failure) [PSYoungGen: 407637K->168690K(459776K)] 1374773K->1191390K(1579008K), 0.0554927 secs] [Times: user=0.28 sys=0.00, real=0.06 secs] 
3249.873: [GC (Allocation Failure) [PSYoungGen: 401650K->102156K(462848K)] 1424350K->1189303K(1582080K), 0.0702663 secs] [Times: user=0.37 sys=0.00, real=0.07 secs] 
3249.943: [Full GC (Ergonomics) [PSYoungGen: 102156K->0K(462848K)] [ParOldGen: 1087147K->118713K(1123328K)] 1189303K->118713K(1586176K), [Metaspace: 59999K->59999K(1105920K)], 0.1580973 secs] [Times: user=0.70 sys=0.00, real=0.16 secs] 
3250.253: [GC (Allocation Failure) [PSYoungGen: 232960K->179637K(465920K)] 351673K->298351K(1589248K), 0.0250170 secs] [Times: user=0.09 sys=0.00, real=0.03 secs] 
3250.386: [GC (Allocation Failure) [PSYoungGen: 412597K->184950K(465920K)] 531311K->359455K(1589248K), 0.0413023 secs] [Times: user=0.18 sys=0.00, real=0.04 secs] 
3250.531: [GC (Allocation Failure) [PSYoungGen: 417910K->186869K(465920K)] 592415K->417418K(1589248K), 0.0457065 secs] [Times: user=0.21 sys=0.00, real=0.05 secs] 
3251.526: [GC (Allocation Failure) [PSYoungGen: 419829K->96363K(465920K)] 650378K->397492K(1589248K), 0.0431696 secs] [Times: user=0.22 sys=0.00, real=0.04 secs] 
3251.756: [GC (Allocation Failure) [PSYoungGen: 329323K->169012K(465920K)] 630452K->502265K(1589248K), 0.0393800 secs] [Times: user=0.17 sys=0.00, real=0.04 secs] 
3252.149: [GC (Allocation Failure) [PSYoungGen: 401972K->191989K(465920K)] 735225K->577386K(1589248K), 0.0736307 secs] [Times: user=0.36 sys=0.00, real=0.07 secs] 
3252.420: [GC (Allocation Failure) [PSYoungGen: 424949K->182038K(465920K)] 810346K->631347K(1589248K), 0.0563050 secs] [Times: user=0.27 sys=0.01, real=0.06 secs] 
3254.208: [GC (Allocation Failure) [PSYoungGen: 414998K->213716K(465920K)] 864307K->720497K(1589248K), 0.0778900 secs] [Times: user=0.39 sys=0.00, real=0.07 secs] 
3256.072: [GC (Allocation Failure) [PSYoungGen: 446676K->87082K(465920K)] 953457K->662183K(1589248K), 0.1026212 secs] [Times: user=0.55 sys=0.01, real=0.10 secs] 
3256.388: [GC (Allocation Failure) [PSYoungGen: 320042K->177813K(465920K)] 895143K->781307K(1589248K), 0.0340948 secs] [Times: user=0.13 sys=0.00, real=0.03 secs] 
3256.553: [GC (Allocation Failure) [PSYoungGen: 410773K->184534K(465920K)] 1014267K->843315K(1589248K), 0.0531782 secs] [Times: user=0.26 sys=0.00, real=0.06 secs] 
3256.732: [GC (Allocation Failure) [PSYoungGen: 417494K->186901K(465920K)] 1076275K->901651K(1589248K), 0.0460444 secs] [Times: user=0.22 sys=0.00, real=0.05 secs] 
3257.819: [GC (GCLocker Initiated GC) [PSYoungGen: 419861K->102764K(465920K)] 1134611K->887994K(1589248K), 0.0459021 secs] [Times: user=0.24 sys=0.00, real=0.04 secs] 
3258.092: [GC (GCLocker Initiated GC) [PSYoungGen: 335724K->165139K(465920K)] 1120956K->984072K(1589248K), 0.0696544 secs] [Times: user=0.34 sys=0.00, real=0.07 secs] 
3258.342: [GC (Allocation Failure) [PSYoungGen: 398099K->177461K(465920K)] 1217199K->1048808K(1589248K), 0.0579458 secs] [Times: user=0.26 sys=0.00, real=0.06 secs] 
3258.518: [GC (Allocation Failure) [PSYoungGen: 410421K->185399K(465920K)] 1281768K->1118402K(1589248K), 0.0501395 secs] [Times: user=0.23 sys=0.00, real=0.05 secs] 
3258.672: [GC (Allocation Failure) [PSYoungGen: 418359K->186549K(465920K)] 1351362K->1178392K(1589248K), 0.0564284 secs] [Times: user=0.28 sys=0.00, real=0.06 secs] 
3259.664: [GC (Allocation Failure) [PSYoungGen: 419400K->91226K(465920K)] 1411243K->1153586K(1589248K), 0.0412454 secs] [Times: user=0.22 sys=0.00, real=0.04 secs] 
3259.705: [Full GC (Ergonomics) [PSYoungGen: 91226K->0K(465920K)] [ParOldGen: 1062359K->104144K(1129984K)] 1153586K->104144K(1595904K), [Metaspace: 60004K->60004K(1105920K)], 0.0858409 secs] [Times: user=0.34 sys=0.00, real=0.09 secs] 
3259.924: [GC (Allocation Failure) [PSYoungGen: 232960K->178517K(465920K)] 337104K->282662K(1595904K), 0.0319170 secs] [Times: user=0.12 sys=0.00, real=0.04 secs] 
3260.112: [GC (Allocation Failure) [PSYoungGen: 411477K->181205K(465920K)] 515622K->340862K(1595904K), 0.0578156 secs] [Times: user=0.27 sys=0.00, real=0.06 secs] 
3260.924: [GC (Allocation Failure) [PSYoungGen: 414165K->181908K(465920K)] 573822K->396173K(1595904K), 0.0918606 secs] [Times: user=0.46 sys=0.00, real=0.09 secs] 
3262.650: [GC (Allocation Failure) [PSYoungGen: 414868K->115390K(465920K)] 629133K->398527K(1595904K), 0.0456781 secs] [Times: user=0.23 sys=0.00, real=0.05 secs] 
3263.400: [GC (Allocation Failure) [PSYoungGen: 348350K->157202K(465920K)] 631487K->477376K(1595904K), 0.0707331 secs] [Times: user=0.36 sys=0.00, real=0.07 secs] 
3263.645: [GC (Allocation Failure) [PSYoungGen: 390162K->184374K(465920K)] 710336K->553179K(1595904K), 0.0557643 secs] [Times: user=0.26 sys=0.00, real=0.06 secs] 
3263.883: [GC (Allocation Failure) [PSYoungGen: 417208K->185879K(465920K)] 786014K->618797K(1595904K), 0.0766295 secs] [Times: user=0.31 sys=0.00, real=0.08 secs] 
3264.079: [GC (Allocation Failure) [PSYoungGen: 418839K->183316K(465920K)] 851757K->675042K(1595904K), 0.0565582 secs] [Times: user=0.28 sys=0.00, real=0.05 secs] 
3265.052: [GC (Allocation Failure) [PSYoungGen: 416276K->93723K(465920K)] 908002K->654717K(1595904K), 0.0414250 secs] [Times: user=0.21 sys=0.01, real=0.04 secs] 
3265.366: [GC (Allocation Failure) [PSYoungGen: 326683K->177397K(465920K)] 887677K->768020K(1595904K), 0.0488345 secs] [Times: user=0.22 sys=0.00, real=0.04 secs] 
3265.544: [GC (Allocation Failure) [PSYoungGen: 410357K->178677K(465920K)] 1000980K->825416K(1595904K), 0.0442653 secs] [Times: user=0.20 sys=0.00, real=0.05 secs] 
3265.694: [GC (Allocation Failure) [PSYoungGen: 411637K->186389K(465920K)] 1058376K->887440K(1595904K), 0.0470113 secs] [Times: user=0.21 sys=0.01, real=0.05 secs] 
3266.742: [GC (Allocation Failure) [PSYoungGen: 419349K->121711K(465920K)] 1120400K->892966K(1595904K), 0.0488908 secs] [Times: user=0.25 sys=0.01, real=0.05 secs] 
3266.980: [GC (Allocation Failure) [PSYoungGen: 354671K->150578K(465920K)] 1125926K->960585K(1595904K), 0.0820829 secs] [Times: user=0.43 sys=0.01, real=0.08 secs] 
3267.425: [GC (Allocation Failure) [PSYoungGen: 383538K->180597K(465920K)] 1193545K->1038196K(1595904K), 0.0750101 secs] [Times: user=0.36 sys=0.00, real=0.08 secs] 
3267.770: [GC (Allocation Failure) [PSYoungGen: 413557K->181622K(465920K)] 1271156K->1101861K(1595904K), 0.0679634 secs] [Times: user=0.33 sys=0.00, real=0.07 secs] 
3269.079: [GC (Allocation Failure) [PSYoungGen: 414582K->185493K(465920K)] 1334821K->1163100K(1595904K), 0.0829525 secs] [Times: user=0.43 sys=0.00, real=0.08 secs] 
3270.371: [GC (Allocation Failure) [PSYoungGen: 418453K->89546K(465920K)] 1396062K->1137068K(1595904K), 0.0753529 secs] [Times: user=0.41 sys=0.00, real=0.08 secs] 
3270.447: [Full GC (Ergonomics) [PSYoungGen: 89546K->0K(465920K)] [ParOldGen: 1047521K->95881K(1143808K)] 1137068K->95881K(1609728K), [Metaspace: 60007K->60007K(1105920K)], 0.1004435 secs] [Times: user=0.40 sys=0.00, real=0.10 secs] 
3270.957: [GC (Allocation Failure) [PSYoungGen: 232960K->178389K(465920K)] 328841K->274271K(1609728K), 0.0317156 secs] [Times: user=0.12 sys=0.00, real=0.03 secs] 
3271.108: [GC (Allocation Failure) [PSYoungGen: 411349K->181525K(465920K)] 507231K->332874K(1609728K), 0.0424738 secs] [Times: user=0.20 sys=0.00, real=0.04 secs] 
3271.286: [GC (Allocation Failure) [PSYoungGen: 414485K->186997K(465920K)] 565834K->393410K(1609728K), 0.0701167 secs] [Times: user=0.35 sys=0.00, real=0.08 secs] 
3272.312: [GC (Allocation Failure) [PSYoungGen: 419957K->129168K(465920K)] 626370K->406209K(1609728K), 0.0475301 secs] [Times: user=0.24 sys=0.00, real=0.05 secs] 
3272.606: [GC (Allocation Failure) [PSYoungGen: 362128K->141441K(465920K)] 639169K->459410K(1609728K), 0.1064758 secs] [Times: user=0.57 sys=0.01, real=0.11 secs] 
3272.869: [GC (Allocation Failure) [PSYoungGen: 374401K->176276K(465920K)] 692370K->539447K(1609728K), 0.0386616 secs] [Times: user=0.17 sys=0.00, real=0.04 secs] 
3273.017: [GC (Allocation Failure) [PSYoungGen: 409236K->185559K(465920K)] 772407K->610449K(1609728K), 0.0489442 secs] [Times: user=0.22 sys=0.00, real=0.04 secs] 
3273.169: [GC (Allocation Failure) [PSYoungGen: 418519K->186165K(465920K)] 843409K->670007K(1609728K), 0.0566368 secs] [Times: user=0.28 sys=0.00, real=0.06 secs] 
3274.148: [GC (Allocation Failure) [PSYoungGen: 419125K->90554K(465920K)] 902967K->644581K(1609728K), 0.0445241 secs] [Times: user=0.23 sys=0.00, real=0.04 secs] 
3274.420: [GC (Allocation Failure) [PSYoungGen: 323441K->175189K(465920K)] 877467K->759215K(1609728K), 0.0537255 secs] [Times: user=0.23 sys=0.01, real=0.05 secs] 
3274.724: [GC (Allocation Failure) [PSYoungGen: 408149K->183605K(465920K)] 992175K->821608K(1609728K), 0.0733809 secs] [Times: user=0.35 sys=0.00, real=0.08 secs] 
3275.265: [GC (GCLocker Initiated GC) [PSYoungGen: 416565K->184052K(465920K)] 1054570K->877745K(1609728K), 0.0851315 secs] [Times: user=0.43 sys=0.00, real=0.09 secs] 
3276.893: [GC (Allocation Failure) [PSYoungGen: 417012K->138577K(465920K)] 1110709K->901649K(1609728K), 0.0494921 secs] [Times: user=0.24 sys=0.00, real=0.05 secs] 
3277.760: [GC (Allocation Failure) [PSYoungGen: 371537K->128303K(465920K)] 1134609K->935223K(1609728K), 0.1190889 secs] [Times: user=0.65 sys=0.01, real=0.12 secs] 
3278.022: [GC (Allocation Failure) [PSYoungGen: 361263K->178709K(465920K)] 1168183K->1027418K(1609728K), 0.0387606 secs] [Times: user=0.16 sys=0.00, real=0.04 secs] 
3278.217: [GC (Allocation Failure) [PSYoungGen: 411669K->182550K(465920K)] 1260378K->1093428K(1609728K), 0.0794426 secs] [Times: user=0.40 sys=0.00, real=0.08 secs] 
3278.426: [GC (Allocation Failure) [PSYoungGen: 415510K->186805K(465920K)] 1326388K->1155922K(1609728K), 0.0566573 secs] [Times: user=0.28 sys=0.00, real=0.06 secs] 
3279.498: [GC (Allocation Failure) [PSYoungGen: 419765K->93387K(465920K)] 1388882K->1132888K(1609728K), 0.0606317 secs] [Times: user=0.33 sys=0.00, real=0.06 secs] 
3279.912: [GC (Allocation Failure) [PSYoungGen: 326347K->170420K(465920K)] 1365848K->1240238K(1609728K), 0.0515017 secs] [Times: user=0.22 sys=0.01, real=0.05 secs] 
3279.963: [Full GC (Ergonomics) [PSYoungGen: 170420K->0K(465920K)] [ParOldGen: 1069818K->200688K(1270272K)] 1240238K->200688K(1736192K), [Metaspace: 60012K->60012K(1105920K)], 0.2294895 secs] [Times: user=1.09 sys=0.00, real=0.23 secs] 
3280.317: [GC (Allocation Failure) [PSYoungGen: 232960K->184534K(465920K)] 433648K->385222K(1736192K), 0.0320787 secs] [Times: user=0.13 sys=0.00, real=0.03 secs] 
3280.452: [GC (Allocation Failure) [PSYoungGen: 417494K->187861K(465920K)] 618182K->444606K(1736192K), 0.0443375 secs] [Times: user=0.20 sys=0.00, real=0.05 secs] 
3281.367: [GC (Allocation Failure) [PSYoungGen: 420821K->149874K(465920K)] 677566K->477383K(1736192K), 0.0504082 secs] [Times: user=0.25 sys=0.00, real=0.05 secs] 
3281.975: [GC (Allocation Failure) [PSYoungGen: 382834K->117966K(465920K)] 710343K->493035K(1736192K), 0.1419546 secs] [Times: user=0.79 sys=0.00, real=0.15 secs] 
3282.435: [GC (Allocation Failure) [PSYoungGen: 350926K->178773K(465920K)] 725995K->591822K(1736192K), 0.0529274 secs] [Times: user=0.24 sys=0.00, real=0.06 secs] 
3282.941: [GC (GCLocker Initiated GC) [PSYoungGen: 411733K->183638K(465920K)] 824787K->658853K(1736192K), 0.0686571 secs] [Times: user=0.33 sys=0.01, real=0.07 secs] 
3283.678: [GC (Allocation Failure) [PSYoungGen: 416598K->182196K(465920K)] 891820K->715761K(1736192K), 0.1287398 secs] [Times: user=0.68 sys=0.00, real=0.13 secs] 
3284.874: [GC (Allocation Failure) [PSYoungGen: 415156K->100908K(465920K)] 948721K->703465K(1736192K), 0.0533802 secs] [Times: user=0.28 sys=0.00, real=0.06 secs] 
3285.655: [GC (Allocation Failure) [PSYoungGen: 333868K->167604K(465920K)] 936425K->802638K(1736192K), 0.0499400 secs] [Times: user=0.22 sys=0.00, real=0.05 secs] 
3285.889: [GC (Allocation Failure) [PSYoungGen: 400564K->184598K(465920K)] 1035598K->872472K(1736192K), 0.0598161 secs] [Times: user=0.28 sys=0.00, real=0.06 secs] 
3286.072: [GC (Allocation Failure) [PSYoungGen: 413591K->178102K(465920K)] 1101465K->930136K(1736192K), 0.0494165 secs] [Times: user=0.23 sys=0.01, real=0.05 secs] 
3287.018: [GC (Allocation Failure) [PSYoungGen: 411062K->168146K(461824K)] 1163096K->976633K(1732096K), 0.0552984 secs] [Times: user=0.27 sys=0.00, real=0.05 secs] 
3287.413: [GC (Allocation Failure) [PSYoungGen: 401106K->106444K(463872K)] 1209593K->979422K(1734144K), 0.0652798 secs] [Times: user=0.34 sys=0.00, real=0.07 secs] 
3287.673: [GC (Allocation Failure) [PSYoungGen: 339404K->175669K(465920K)] 1212382K->1083152K(1736192K), 0.0466121 secs] [Times: user=0.21 sys=0.01, real=0.05 secs] 
3287.888: [GC (Allocation Failure) [PSYoungGen: 408629K->184694K(465920K)] 1316112K->1146769K(1736192K), 0.0588803 secs] [Times: user=0.28 sys=0.00, real=0.06 secs] 
3288.089: [GC (Allocation Failure) [PSYoungGen: 417654K->186869K(465920K)] 1379729K->1204980K(1736192K), 0.0502977 secs] [Times: user=0.24 sys=0.00, real=0.05 secs] 
3289.075: [GC (Allocation Failure) [PSYoungGen: 419829K->100348K(465920K)] 1437940K->1188859K(1736192K), 0.0461784 secs] [Times: user=0.23 sys=0.00, real=0.05 secs] 
3289.403: [GC (Allocation Failure) [PSYoungGen: 333308K->169844K(465920K)] 1421819K->1291452K(1736192K), 0.0602953 secs] [Times: user=0.29 sys=0.00, real=0.06 secs] 
3289.842: [GC (Allocation Failure) [PSYoungGen: 402804K->176661K(465920K)] 1524412K->1350748K(1736192K), 0.0839735 secs] [Times: user=0.31 sys=0.12, real=0.08 secs] 
3290.882: [GC (Allocation Failure) [PSYoungGen: 409621K->184471K(465920K)] 1583708K->1420238K(1736192K), 0.1002972 secs] [Times: user=0.41 sys=0.10, real=0.10 secs] 
3290.982: [Full GC (Ergonomics) [PSYoungGen: 184471K->0K(465920K)] [ParOldGen: 1235767K->321556K(1398272K)] 1420238K->321556K(1864192K), [Metaspace: 60015K->60015K(1105920K)], 0.4736041 secs] [Times: user=2.22 sys=0.00, real=0.47 secs] 
3292.503: [GC (Allocation Failure) [PSYoungGen: 232960K->214196K(465920K)] 554516K->535753K(1864192K), 0.0352156 secs] [Times: user=0.15 sys=0.00, real=0.04 secs] 
3294.292: [GC (Allocation Failure) [PSYoungGen: 447156K->82409K(465920K)] 768713K->472462K(1864192K), 0.1101033 secs] [Times: user=0.61 sys=0.01, real=0.11 secs] 
3294.608: [GC (Allocation Failure) [PSYoungGen: 315369K->182518K(465920K)] 705422K->599412K(1864192K), 0.0378078 secs] [Times: user=0.13 sys=0.00, real=0.04 secs] 
3294.782: [GC (Allocation Failure) [PSYoungGen: 415478K->181589K(465920K)] 832372K->654907K(1864192K), 0.0643260 secs] [Times: user=0.31 sys=0.00, real=0.07 secs] 
3294.985: [GC (Allocation Failure) [PSYoungGen: 414549K->186485K(465920K)] 887867K->714683K(1864192K), 0.0453103 secs] [Times: user=0.21 sys=0.00, real=0.05 secs] 
3295.956: [GC (Allocation Failure) [PSYoungGen: 419445K->103372K(465920K)] 947643K->702006K(1864192K), 0.0449176 secs] [Times: user=0.23 sys=0.01, real=0.05 secs] 
3296.200: [GC (Allocation Failure) [PSYoungGen: 336332K->167059K(465920K)] 934966K->799721K(1864192K), 0.0669569 secs] [Times: user=0.32 sys=0.00, real=0.07 secs] 
3296.444: [GC (Allocation Failure) [PSYoungGen: 400019K->181173K(465920K)] 1032681K->864491K(1864192K), 0.0569279 secs] [Times: user=0.27 sys=0.01, real=0.06 secs] 
3296.651: [GC (GCLocker Initiated GC) [PSYoungGen: 414133K->184311K(465920K)] 1097452K->930782K(1864192K), 0.0697662 secs] [Times: user=0.33 sys=0.00, real=0.07 secs] 
3296.837: [GC (Allocation Failure) [PSYoungGen: 417271K->186485K(465920K)] 1163909K->991675K(1864192K), 0.0553685 secs] [Times: user=0.27 sys=0.00, real=0.05 secs] 
3298.176: [GC (Allocation Failure) [PSYoungGen: 419445K->88010K(465920K)] 1224635K->963384K(1864192K), 0.0635761 secs] [Times: user=0.34 sys=0.00, real=0.07 secs] 
3298.540: [GC (Allocation Failure) [PSYoungGen: 320970K->181942K(465920K)] 1196344K->1085536K(1864192K), 0.0463333 secs] [Times: user=0.20 sys=0.00, real=0.05 secs] 
3298.740: [GC (Allocation Failure) [PSYoungGen: 414902K->184502K(465920K)] 1318496K->1144520K(1864192K), 0.0441959 secs] [Times: user=0.20 sys=0.00, real=0.04 secs] 
3299.036: [GC (Allocation Failure) [PSYoungGen: 417462K->182580K(465920K)] 1377480K->1198415K(1864192K), 0.0535103 secs] [Times: user=0.26 sys=0.00, real=0.05 secs] 
3300.045: [GC (Allocation Failure) [PSYoungGen: 415540K->111181K(465920K)] 1431375K->1196072K(1864192K), 0.0465084 secs] [Times: user=0.24 sys=0.00, real=0.05 secs] 
3301.009: [GC (Allocation Failure) [PSYoungGen: 344141K->147377K(465920K)] 1429032K->1267848K(1864192K), 0.0788963 secs] [Times: user=0.41 sys=0.00, real=0.08 secs] 
3301.220: [GC (Allocation Failure) [PSYoungGen: 380337K->184150K(465920K)] 1500808K->1351745K(1864192K), 0.0411464 secs] [Times: user=0.18 sys=0.00, real=0.04 secs] 
3301.374: [GC (Allocation Failure) [PSYoungGen: 417110K->185943K(465920K)] 1584705K->1417378K(1864192K), 0.0507304 secs] [Times: user=0.24 sys=0.00, real=0.05 secs] 
3301.578: [GC (Allocation Failure) [PSYoungGen: 418903K->185461K(465920K)] 1650338K->1475932K(1864192K), 0.0892536 secs] [Times: user=0.39 sys=0.07, real=0.09 secs] 
3302.615: [GC (Allocation Failure) [PSYoungGen: 418421K->90794K(465920K)] 1708892K->1451346K(1864192K), 0.0461458 secs] [Times: user=0.22 sys=0.03, real=0.05 secs] 
3302.661: [Full GC (Ergonomics) [PSYoungGen: 90794K->0K(465920K)] [ParOldGen: 1360551K->99894K(1220096K)] 1451346K->99894K(1686016K), [Metaspace: 60017K->60017K(1105920K)], 0.0807071 secs] [Times: user=0.30 sys=0.00, real=0.08 secs] 
3303.112: [GC (Allocation Failure) [PSYoungGen: 232960K->173333K(465920K)] 332854K->273227K(1686016K), 0.0324414 secs] [Times: user=0.12 sys=0.00, real=0.03 secs] 
3303.273: [GC (Allocation Failure) [PSYoungGen: 406293K->184726K(465920K)] 506187K->338564K(1686016K), 0.0428936 secs] [Times: user=0.19 sys=0.00, real=0.05 secs] 
3303.623: [GC (Allocation Failure) [PSYoungGen: 417686K->185333K(465920K)] 571524K->395043K(1686016K), 0.0565220 secs] [Times: user=0.28 sys=0.00, real=0.06 secs] 
3304.605: [GC (Allocation Failure) [PSYoungGen: 418293K->125743K(465920K)] 628003K->405354K(1686016K), 0.0470735 secs] [Times: user=0.24 sys=0.00, real=0.05 secs] 
3305.176: [GC (Allocation Failure) [PSYoungGen: 358703K->155297K(465920K)] 638314K->474611K(1686016K), 0.0789133 secs] [Times: user=0.42 sys=0.00, real=0.07 secs] 
3305.416: [GC (Allocation Failure) [PSYoungGen: 388257K->182229K(465920K)] 707571K->546824K(1686016K), 0.0394440 secs] [Times: user=0.17 sys=0.00, real=0.03 secs] 
3305.606: [GC (Allocation Failure) [PSYoungGen: 415189K->181686K(465920K)] 779784K->609625K(1686016K), 0.0607050 secs] [Times: user=0.30 sys=0.00, real=0.06 secs] 
3306.195: [GC (Allocation Failure) [PSYoungGen: 414646K->185557K(465920K)] 842585K->670824K(1686016K), 0.0797384 secs] [Times: user=0.41 sys=0.00, real=0.08 secs] 
3307.451: [GC (Allocation Failure) [PSYoungGen: 418517K->88090K(465920K)] 903784K->643533K(1686016K), 0.0792671 secs] [Times: user=0.43 sys=0.01, real=0.08 secs] 
3308.286: [GC (Allocation Failure) [PSYoungGen: 321050K->173845K(465920K)] 876493K->757865K(1686016K), 0.0414400 secs] [Times: user=0.17 sys=0.00, real=0.04 secs] 
3308.487: [GC (Allocation Failure) [PSYoungGen: 406805K->185014K(465920K)] 990825K->822966K(1686016K), 0.0574820 secs] [Times: user=0.28 sys=0.00, real=0.05 secs] 
3308.687: [GC (Allocation Failure) [PSYoungGen: 417974K->184148K(465920K)] 1055926K->878141K(1686016K), 0.0672165 secs] [Times: user=0.33 sys=0.01, real=0.06 secs] 
3309.728: [GC (Allocation Failure) [PSYoungGen: 417108K->140113K(465920K)] 1111101K->903597K(1686016K), 0.0505245 secs] [Times: user=0.25 sys=0.00, real=0.05 secs] 
3310.065: [GC (Allocation Failure) [PSYoungGen: 373073K->129791K(465920K)] 1136559K->937645K(1686016K), 0.1060634 secs] [Times: user=0.58 sys=0.00, real=0.11 secs] 
3310.337: [GC (Allocation Failure) [PSYoungGen: 362751K->178421K(465920K)] 1170605K->1027752K(1686016K), 0.0409854 secs] [Times: user=0.18 sys=0.00, real=0.04 secs] 
3310.486: [GC (Allocation Failure) [PSYoungGen: 411381K->183126K(465920K)] 1260712K->1094729K(1686016K), 0.0496541 secs] [Times: user=0.23 sys=0.00, real=0.04 secs] 
3310.778: [GC (Allocation Failure) [PSYoungGen: 416086K->183700K(465920K)] 1327689K->1153383K(1686016K), 0.0598400 secs] [Times: user=0.30 sys=0.00, real=0.06 secs] 
3312.910: [GC (Allocation Failure) [PSYoungGen: 416660K->91434K(465920K)] 1386343K->1130582K(1686016K), 0.0446834 secs] [Times: user=0.23 sys=0.00, real=0.04 secs] 
3313.409: [GC (Allocation Failure) [PSYoungGen: 324394K->175669K(465920K)] 1363542K->1243989K(1686016K), 0.0325811 secs] [Times: user=0.13 sys=0.00, real=0.03 secs] 
3313.547: [GC (Allocation Failure) [PSYoungGen: 408629K->182293K(465920K)] 1476949K->1305601K(1686016K), 0.0442671 secs] [Times: user=0.20 sys=0.00, real=0.04 secs] 
3313.697: [GC (Allocation Failure) [PSYoungGen: 415253K->187285K(465920K)] 1538561K->1366185K(1686016K), 0.0483976 secs] [Times: user=0.23 sys=0.01, real=0.04 secs] 
3313.745: [Full GC (Ergonomics) [PSYoungGen: 187285K->0K(465920K)] [ParOldGen: 1178900K->325355K(1398272K)] 1366185K->325355K(1864192K), [Metaspace: 60018K->60018K(1105920K)], 0.4837949 secs] [Times: user=2.27 sys=0.00, real=0.49 secs] 
3315.123: [GC (Allocation Failure) [PSYoungGen: 232960K->150258K(465920K)] 558315K->475614K(1864192K), 0.0710054 secs] [Times: user=0.33 sys=0.00, real=0.07 secs] 
3315.891: [GC (Allocation Failure) [PSYoungGen: 383218K->118638K(465920K)] 708574K->491601K(1864192K), 0.1481212 secs] [Times: user=0.84 sys=0.00, real=0.15 secs] 
3316.180: [GC (Allocation Failure) [PSYoungGen: 351598K->179093K(465920K)] 724561K->590729K(1864192K), 0.0371830 secs] [Times: user=0.16 sys=0.00, real=0.04 secs] 
3316.326: [GC (Allocation Failure) [PSYoungGen: 412053K->185815K(465920K)] 823689K->659779K(1864192K), 0.0494386 secs] [Times: user=0.23 sys=0.00, real=0.04 secs] 
3316.509: [GC (Allocation Failure) [PSYoungGen: 418775K->179700K(465920K)] 892739K->712688K(1864192K), 0.0825772 secs] [Times: user=0.42 sys=0.01, real=0.08 secs] 
3317.565: [GC (Allocation Failure) [PSYoungGen: 412660K->97035K(465920K)] 945648K->698108K(1864192K), 0.0444522 secs] [Times: user=0.23 sys=0.00, real=0.05 secs] 
3317.723: [GC (Allocation Failure) [PSYoungGen: 329995K->174805K(465920K)] 931068K->808114K(1864192K), 0.0393672 secs] [Times: user=0.17 sys=0.00, real=0.04 secs] 
3317.869: [GC (Allocation Failure) [PSYoungGen: 407765K->184438K(465920K)] 1041074K->872202K(1864192K), 0.0432328 secs] [Times: user=0.20 sys=0.00, real=0.04 secs] 
3318.014: [GC (Allocation Failure) [PSYoungGen: 404961K->173621K(465920K)] 1092726K->925522K(1864192K), 0.0485882 secs] [Times: user=0.23 sys=0.00, real=0.05 secs] 
3318.803: [GC (Allocation Failure) [PSYoungGen: 403174K->205107K(465920K)] 1155075K->1012231K(1864192K), 0.0541085 secs] [Times: user=0.27 sys=0.00, real=0.06 secs] 
3319.516: [GC (Allocation Failure) [PSYoungGen: 438067K->97659K(465920K)] 1245191K->969256K(1864192K), 0.0941749 secs] [Times: user=0.51 sys=0.00, real=0.10 secs] 
3320.016: [GC (Allocation Failure) [PSYoungGen: 330619K->181590K(465920K)] 1202216K->1084715K(1864192K), 0.0665339 secs] [Times: user=0.30 sys=0.00, real=0.06 secs] 
3320.371: [GC (Allocation Failure) [PSYoungGen: 414550K->184310K(465920K)] 1317675K->1143811K(1864192K), 0.0619731 secs] [Times: user=0.30 sys=0.00, real=0.06 secs] 
3320.579: [GC (GCLocker Initiated GC) [PSYoungGen: 417270K->183220K(465920K)] 1376771K->1198506K(1864192K), 0.0486153 secs] [Times: user=0.23 sys=0.00, real=0.05 secs] 
3321.565: [GC (Allocation Failure) [PSYoungGen: 416180K->99276K(465920K)] 1431468K->1183923K(1864192K), 0.0469030 secs] [Times: user=0.24 sys=0.00, real=0.05 secs] 
3322.396: [GC (Allocation Failure) [PSYoungGen: 332236K->163667K(465920K)] 1416883K->1280191K(1864192K), 0.0618786 secs] [Times: user=0.30 sys=0.00, real=0.06 secs] 
3322.592: [GC (Allocation Failure) [PSYoungGen: 396627K->184822K(465920K)] 1513151K->1353286K(1864192K), 0.0420969 secs] [Times: user=0.18 sys=0.00, real=0.04 secs] 
3322.791: [GC (Allocation Failure) [PSYoungGen: 417782K->185303K(465920K)] 1586246K->1417975K(1864192K), 0.0726843 secs] [Times: user=0.34 sys=0.02, real=0.07 secs] 
3323.023: [GC (Allocation Failure) [PSYoungGen: 418263K->183668K(465920K)] 1650935K->1475005K(1864192K), 0.0798716 secs] [Times: user=0.36 sys=0.06, real=0.08 secs] 
3324.145: [GC (Allocation Failure) [PSYoungGen: 416628K->86506K(465920K)] 1707965K->1447318K(1864192K), 0.0634948 secs] [Times: user=0.25 sys=0.09, real=0.07 secs] 
3324.209: [Full GC (Ergonomics) [PSYoungGen: 86506K->0K(465920K)] [ParOldGen: 1360812K->103253K(1266176K)] 1447318K->103253K(1732096K), [Metaspace: 60061K->60061K(1105920K)], 0.0964336 secs] [Times: user=0.39 sys=0.01, real=0.09 secs] 
3324.529: [GC (Allocation Failure) [PSYoungGen: 232960K->181718K(465920K)] 336213K->284971K(1732096K), 0.0316731 secs] [Times: user=0.12 sys=0.00, real=0.03 secs] 
3324.676: [GC (Allocation Failure) [PSYoungGen: 414678K->184918K(465920K)] 517931K->345084K(1732096K), 0.0415035 secs] [Times: user=0.18 sys=0.00, real=0.04 secs] 
3324.820: [GC (Allocation Failure) [PSYoungGen: 417878K->186741K(465920K)] 578044K->403027K(1732096K), 0.0451246 secs] [Times: user=0.20 sys=0.00, real=0.04 secs] 
3325.808: [GC (Allocation Failure) [PSYoungGen: 419701K->100268K(465920K)] 635987K->386858K(1732096K), 0.0442816 secs] [Times: user=0.23 sys=0.01, real=0.04 secs] 
3326.348: [GC (Allocation Failure) [PSYoungGen: 333228K->164852K(465920K)] 619818K->484634K(1732096K), 0.0549819 secs] [Times: user=0.27 sys=0.00, real=0.05 secs] 
3327.315: [GC (Allocation Failure) [PSYoungGen: 397812K->180501K(465920K)] 717594K->551300K(1732096K), 0.0777122 secs] [Times: user=0.38 sys=0.00, real=0.08 secs] 
3327.624: [GC (Allocation Failure) [PSYoungGen: 413461K->182934K(465920K)] 784260K->616389K(1732096K), 0.0664607 secs] [Times: user=0.32 sys=0.00, real=0.07 secs] 
3328.015: [GC (Allocation Failure) [PSYoungGen: 415894K->186165K(465920K)] 849349K->677692K(1732096K), 0.0551916 secs] [Times: user=0.27 sys=0.00, real=0.06 secs] 
3329.640: [GC (GCLocker Initiated GC) [PSYoungGen: 419125K->82793K(465920K)] 910652K->644433K(1732096K), 0.1085973 secs] [Times: user=0.60 sys=0.00, real=0.11 secs] 
3330.154: [GC (Allocation Failure) [PSYoungGen: 315753K->178005K(465920K)] 877559K->767756K(1732096K), 0.0418089 secs] [Times: user=0.17 sys=0.00, real=0.04 secs] 
3330.308: [GC (Allocation Failure) [PSYoungGen: 410965K->181717K(465920K)] 1000716K->826436K(1732096K), 0.0435081 secs] [Times: user=0.19 sys=0.01, real=0.04 secs] 
3330.457: [GC (Allocation Failure) [PSYoungGen: 414677K->186037K(465920K)] 1059396K->885788K(1732096K), 0.0460540 secs] [Times: user=0.21 sys=0.00, real=0.04 secs] 
3331.447: [GC (Allocation Failure) [PSYoungGen: 418997K->117614K(465920K)] 1118748K->887697K(1732096K), 0.0476256 secs] [Times: user=0.24 sys=0.00, real=0.04 secs] 
3331.770: [GC (Allocation Failure) [PSYoungGen: 350574K->154722K(465920K)] 1120657K->962057K(1732096K), 0.0584100 secs] [Times: user=0.30 sys=0.00, real=0.06 secs] 
3331.962: [GC (Allocation Failure) [PSYoungGen: 387682K->183765K(465920K)] 1195017K->1038317K(1732096K), 0.0529399 secs] [Times: user=0.25 sys=0.00, real=0.05 secs] 
3332.142: [GC (Allocation Failure) [PSYoungGen: 416725K->182710K(465920K)] 1271277K->1101158K(1732096K), 0.0524044 secs] [Times: user=0.25 sys=0.00, real=0.05 secs] 
3333.947: [GC (Allocation Failure) [PSYoungGen: 415670K->175699K(465920K)] 1334118K->1151971K(1732096K), 0.1534479 secs] [Times: user=0.82 sys=0.01, real=0.15 secs] 
3335.100: [GC (Allocation Failure) [PSYoungGen: 408659K->97531K(465920K)] 1384931K->1140659K(1732096K), 0.0518682 secs] [Times: user=0.28 sys=0.00, real=0.05 secs] 
3335.635: [GC (Allocation Failure) [PSYoungGen: 330491K->174773K(465920K)] 1373619K->1248706K(1732096K), 0.0462258 secs] [Times: user=0.18 sys=0.00, real=0.05 secs] 
3335.839: [GC (Allocation Failure) [PSYoungGen: 407733K->184086K(465920K)] 1481666K->1312466K(1732096K), 0.0708600 secs] [Times: user=0.35 sys=0.00, real=0.07 secs] 
3336.030: [GC (Allocation Failure) [PSYoungGen: 417046K->182932K(465920K)] 1545426K->1367153K(1732096K), 0.0493708 secs] [Times: user=0.23 sys=0.00, real=0.05 secs] 
3336.080: [Full GC (Ergonomics) [PSYoungGen: 182932K->0K(465920K)] [ParOldGen: 1184220K->327521K(1398272K)] 1367153K->327521K(1864192K), [Metaspace: 60064K->60064K(1105920K)], 0.5023066 secs] [Times: user=2.37 sys=0.00, real=0.50 secs] 
3337.481: [GC (Allocation Failure) [PSYoungGen: 232960K->132208K(465920K)] 560481K->459729K(1864192K), 0.0614376 secs] [Times: user=0.32 sys=0.00, real=0.06 secs] 
3338.146: [GC (Allocation Failure) [PSYoungGen: 365168K->135856K(465920K)] 692689K->505273K(1864192K), 0.1236477 secs] [Times: user=0.68 sys=0.00, real=0.12 secs] 
3338.414: [GC (Allocation Failure) [PSYoungGen: 368816K->178933K(465920K)] 738233K->592451K(1864192K), 0.0387628 secs] [Times: user=0.17 sys=0.00, real=0.04 secs] 
3338.562: [GC (Allocation Failure) [PSYoungGen: 411893K->182326K(465920K)] 825411K->658045K(1864192K), 0.0503455 secs] [Times: user=0.23 sys=0.00, real=0.05 secs] 
3338.739: [GC (Allocation Failure) [PSYoungGen: 415286K->186325K(465920K)] 891005K->719827K(1864192K), 0.0626323 secs] [Times: user=0.32 sys=0.00, real=0.06 secs] 
3339.728: [GC (Allocation Failure) [PSYoungGen: 419285K->90618K(465920K)] 952787K->694441K(1864192K), 0.0424217 secs] [Times: user=0.21 sys=0.00, real=0.04 secs] 
3339.939: [GC (Allocation Failure) [PSYoungGen: 323578K->176053K(465920K)] 927401K->809824K(1864192K), 0.0469628 secs] [Times: user=0.20 sys=0.00, real=0.05 secs] 
3340.181: [GC (Allocation Failure) [PSYoungGen: 409013K->183765K(465920K)] 1042784K->872096K(1864192K), 0.0630179 secs] [Times: user=0.29 sys=0.00, real=0.06 secs] 
3340.395: [GC (Allocation Failure) [PSYoungGen: 416725K->183764K(465920K)] 1105056K->927871K(1864192K), 0.0627861 secs] [Times: user=0.30 sys=0.00, real=0.07 secs] 
3341.367: [GC (Allocation Failure) [PSYoungGen: 416724K->144177K(465920K)] 1160831K->957756K(1864192K), 0.0502955 secs] [Times: user=0.25 sys=0.00, real=0.05 secs] 
3341.835: [GC (Allocation Failure) [PSYoungGen: 377137K->128431K(465920K)] 1190716K->987770K(1864192K), 0.1185564 secs] [Times: user=0.65 sys=0.00, real=0.12 secs] 
3342.116: [GC (GCLocker Initiated GC) [PSYoungGen: 361391K->176885K(465920K)] 1220731K->1076965K(1864192K), 0.0377222 secs] [Times: user=0.17 sys=0.00, real=0.04 secs] 
3342.266: [GC (Allocation Failure) [PSYoungGen: 409845K->185687K(465920K)] 1309928K->1147698K(1864192K), 0.0500922 secs] [Times: user=0.23 sys=0.00, real=0.05 secs] 
3342.732: [GC (Allocation Failure) [PSYoungGen: 418647K->184276K(465920K)] 1380658K->1205168K(1864192K), 0.0785165 secs] [Times: user=0.40 sys=0.00, real=0.08 secs] 
3344.046: [GC (Allocation Failure) [PSYoungGen: 417236K->86202K(465920K)] 1438128K->1176797K(1864192K), 0.0575039 secs] [Times: user=0.30 sys=0.00, real=0.06 secs] 
3344.881: [GC (Allocation Failure) [PSYoungGen: 319162K->170900K(465920K)] 1409757K->1289773K(1864192K), 0.0416786 secs] [Times: user=0.17 sys=0.00, real=0.04 secs] 
3345.045: [GC (Allocation Failure) [PSYoungGen: 403860K->184598K(465920K)] 1522733K->1356286K(1864192K), 0.0437616 secs] [Times: user=0.19 sys=0.00, real=0.05 secs] 
3345.214: [GC (Allocation Failure) [PSYoungGen: 406725K->175605K(465920K)] 1578413K->1411422K(1864192K), 0.0541471 secs] [Times: user=0.26 sys=0.00, real=0.06 secs] 
3346.076: [GC (Allocation Failure) [PSYoungGen: 404274K->205395K(465920K)] 1640090K->1496955K(1864192K), 0.0574347 secs] [Times: user=0.28 sys=0.02, real=0.05 secs] 
3346.484: [GC (Allocation Failure) [PSYoungGen: 438355K->101404K(465920K)] 1729915K->1457520K(1864192K), 0.0606806 secs] [Times: user=0.25 sys=0.08, real=0.06 secs] 
3346.544: [Full GC (Ergonomics) [PSYoungGen: 101404K->0K(465920K)] [ParOldGen: 1356116K->118797K(1332224K)] 1457520K->118797K(1798144K), [Metaspace: 60073K->60073K(1105920K)], 0.1084802 secs] [Times: user=0.45 sys=0.00, real=0.11 secs] 
3346.822: [GC (Allocation Failure) [PSYoungGen: 232960K->179573K(465920K)] 351757K->298371K(1798144K), 0.0301624 secs] [Times: user=0.11 sys=0.00, real=0.03 secs] 
3346.966: [GC (Allocation Failure) [PSYoungGen: 412533K->184566K(465920K)] 531331K->359439K(1798144K), 0.0414799 secs] [Times: user=0.19 sys=0.00, real=0.05 secs] 
3347.163: [GC (Allocation Failure) [PSYoungGen: 417526K->186165K(465920K)] 592399K->416830K(1798144K), 0.0450036 secs] [Times: user=0.20 sys=0.00, real=0.05 secs] 
3348.972: [GC (Allocation Failure) [PSYoungGen: 419125K->96075K(465920K)] 649790K->397205K(1798144K), 0.0466845 secs] [Times: user=0.24 sys=0.00, real=0.05 secs] 
3349.434: [GC (Allocation Failure) [PSYoungGen: 329035K->170868K(465920K)] 630165K->502699K(1798144K), 0.0422426 secs] [Times: user=0.19 sys=0.00, real=0.05 secs] 
3349.583: [GC (Allocation Failure) [PSYoungGen: 403828K->184694K(465920K)] 735659K->570244K(1798144K), 0.0428640 secs] [Times: user=0.19 sys=0.00, real=0.04 secs] 
3349.733: [GC (Allocation Failure) [PSYoungGen: 417654K->185815K(465920K)] 803204K->635597K(1798144K), 0.0500817 secs] [Times: user=0.23 sys=0.00, real=0.05 secs] 
3350.081: [GC (Allocation Failure) [PSYoungGen: 418775K->211316K(465920K)] 868557K->720022K(1798144K), 0.0547028 secs] [Times: user=0.27 sys=0.00, real=0.06 secs] 
3351.300: [GC (Allocation Failure) [PSYoungGen: 444276K->92490K(465920K)] 952982K->668125K(1798144K), 0.0684272 secs] [Times: user=0.37 sys=0.00, real=0.07 secs] 
3351.517: [GC (Allocation Failure) [PSYoungGen: 325450K->183606K(465920K)] 901085K->789046K(1798144K), 0.0346988 secs] [Times: user=0.14 sys=0.00, real=0.03 secs] 
3351.678: [GC (Allocation Failure) [PSYoungGen: 416566K->181909K(465920K)] 1022006K->844173K(1798144K), 0.0494072 secs] [Times: user=0.23 sys=0.00, real=0.05 secs] 
3351.859: [GC (Allocation Failure) [PSYoungGen: 414869K->186613K(465920K)] 1077133K->904204K(1798144K), 0.0452168 secs] [Times: user=0.21 sys=0.00, real=0.04 secs] 
3352.832: [GC (Allocation Failure) [PSYoungGen: 419573K->98380K(465920K)] 1137164K->886387K(1798144K), 0.0518912 secs] [Times: user=0.27 sys=0.00, real=0.05 secs] 
3353.135: [GC (Allocation Failure) [PSYoungGen: 331340K->168468K(465920K)] 1119347K->988380K(1798144K), 0.0814777 secs] [Times: user=0.40 sys=0.01, real=0.09 secs] 
3353.366: [GC (Allocation Failure) [PSYoungGen: 401428K->184246K(465920K)] 1221340K->1056662K(1798144K), 0.0423895 secs] [Times: user=0.19 sys=0.00, real=0.04 secs] 
3353.516: [GC (Allocation Failure) [PSYoungGen: 417206K->182358K(465920K)] 1289622K->1118903K(1798144K), 0.0497484 secs] [Times: user=0.23 sys=0.00, real=0.05 secs] 
3353.670: [GC (Allocation Failure) [PSYoungGen: 415318K->186645K(465920K)] 1351863K->1180941K(1798144K), 0.0549871 secs] [Times: user=0.26 sys=0.00, real=0.05 secs] 
3355.166: [GC (Allocation Failure) [PSYoungGen: 419605K->87674K(465920K)] 1413901K->1152451K(1798144K), 0.0670376 secs] [Times: user=0.36 sys=0.01, real=0.07 secs] 
3355.454: [GC (Allocation Failure) [PSYoungGen: 320634K->180726K(465920K)] 1385411K->1273487K(1798144K), 0.0440398 secs] [Times: user=0.19 sys=0.00, real=0.05 secs] 
3355.617: [GC (Allocation Failure) [PSYoungGen: 413686K->184534K(465920K)] 1506447K->1333551K(1798144K), 0.0445454 secs] [Times: user=0.20 sys=0.00, real=0.04 secs] 
3356.008: [GC (Allocation Failure) [PSYoungGen: 417494K->186421K(465920K)] 1566511K->1391286K(1798144K), 0.0676826 secs] [Times: user=0.33 sys=0.00, real=0.06 secs] 
3357.073: [GC (Allocation Failure) [PSYoungGen: 419381K->102012K(465920K)] 1624246K->1377038K(1798144K), 0.0460051 secs] [Times: user=0.24 sys=0.00, real=0.05 secs] 
3357.120: [Full GC (Ergonomics) [PSYoungGen: 102012K->0K(465920K)] [ParOldGen: 1275025K->89722K(1328128K)] 1377038K->89722K(1794048K), [Metaspace: 60075K->60075K(1105920K)], 0.0346905 secs] [Times: user=0.11 sys=0.01, real=0.03 secs] 
3358.271: [GC (Allocation Failure) [PSYoungGen: 232960K->158002K(465920K)] 322682K->247725K(1794048K), 0.0387628 secs] [Times: user=0.15 sys=0.00, real=0.04 secs] 
3358.519: [GC (Allocation Failure) [PSYoungGen: 390962K->183990K(465920K)] 480685K->323616K(1794048K), 0.0567049 secs] [Times: user=0.26 sys=0.01, real=0.05 secs] 
3358.694: [GC (Allocation Failure) [PSYoungGen: 416950K->185911K(465920K)] 556576K->397594K(1794048K), 0.0496952 secs] [Times: user=0.23 sys=0.00, real=0.05 secs] 
3358.846: [GC (Allocation Failure) [PSYoungGen: 418871K->186901K(465920K)] 630554K->457524K(1794048K), 0.0556617 secs] [Times: user=0.27 sys=0.00, real=0.05 secs] 
3359.818: [GC (Allocation Failure) [PSYoungGen: 419861K->84410K(465920K)] 690484K->425393K(1794048K), 0.0398528 secs] [Times: user=0.20 sys=0.00, real=0.04 secs] 
3360.097: [GC (Allocation Failure) [PSYoungGen: 317370K->179669K(465920K)] 658353K->548153K(1794048K), 0.0491852 secs] [Times: user=0.21 sys=0.00, real=0.05 secs] 
3360.289: [GC (Allocation Failure) [PSYoungGen: 412629K->184342K(465920K)] 781113K->608601K(1794048K), 0.0433409 secs] [Times: user=0.20 sys=0.00, real=0.04 secs] 
3360.668: [GC (GCLocker Initiated GC) [PSYoungGen: 417302K->182932K(465920K)] 841561K->662984K(1794048K), 0.0735475 secs] [Times: user=0.36 sys=0.01, real=0.07 secs] 
3362.703: [GC (Allocation Failure) [PSYoungGen: 415892K->114926K(465920K)] 895948K->664013K(1794048K), 0.0462552 secs] [Times: user=0.24 sys=0.00, real=0.05 secs] 
3363.344: [GC (Allocation Failure) [PSYoungGen: 347886K->147345K(465920K)] 896973K->733338K(1794048K), 0.0855070 secs] [Times: user=0.44 sys=0.01, real=0.09 secs] 
3363.567: [GC (Allocation Failure) [PSYoungGen: 380305K->183861K(465920K)] 966298K->815950K(1794048K), 0.0403122 secs] [Times: user=0.17 sys=0.00, real=0.04 secs] 
3363.745: [GC (Allocation Failure) [PSYoungGen: 416821K->183030K(465920K)] 1048910K->879095K(1794048K), 0.0703013 secs] [Times: user=0.35 sys=0.00, real=0.07 secs] 
3363.948: [GC (Allocation Failure) [PSYoungGen: 415990K->186581K(465920K)] 1112055K->941085K(1794048K), 0.0563598 secs] [Times: user=0.28 sys=0.00, real=0.05 secs] 
3365.237: [GC (Allocation Failure) [PSYoungGen: 419541K->94667K(465920K)] 1174045K->919475K(1794048K), 0.0984019 secs] [Times: user=0.53 sys=0.00, real=0.09 secs] 
3365.899: [GC (Allocation Failure) [PSYoungGen: 327539K->168788K(465920K)] 1152348K->1024889K(1794048K), 0.0454040 secs] [Times: user=0.18 sys=0.01, real=0.04 secs] 
3366.066: [GC (Allocation Failure) [PSYoungGen: 401748K->183861K(465920K)] 1257849K->1091923K(1794048K), 0.0431972 secs] [Times: user=0.19 sys=0.00, real=0.04 secs] 
3366.235: [GC (Allocation Failure) [PSYoungGen: 416821K->187221K(465920K)] 1324883K->1151002K(1794048K), 0.0547288 secs] [Times: user=0.26 sys=0.00, real=0.06 secs] 
3367.260: [GC (Allocation Failure) [PSYoungGen: 420181K->127727K(465920K)] 1383962K->1162193K(1794048K), 0.0486252 secs] [Times: user=0.24 sys=0.00, real=0.05 secs] 
3367.995: [GC (Allocation Failure) [PSYoungGen: 360687K->141025K(465920K)] 1395153K->1215850K(1794048K), 0.1192696 secs] [Times: user=0.66 sys=0.00, real=0.12 secs] 
3368.559: [GC (Allocation Failure) [PSYoungGen: 373985K->178293K(465920K)] 1448810K->1298418K(1794048K), 0.0640753 secs] [Times: user=0.31 sys=0.00, real=0.06 secs] 
3368.814: [GC (Allocation Failure) [PSYoungGen: 411253K->185207K(465920K)] 1531378K->1367212K(1794048K), 0.0721732 secs] [Times: user=0.36 sys=0.00, real=0.08 secs] 
3369.538: [GC (Allocation Failure) [PSYoungGen: 418167K->183924K(465920K)] 1600172K->1424610K(1794048K), 0.0789143 secs] [Times: user=0.40 sys=0.00, real=0.08 secs] 
3370.781: [GC (Allocation Failure) [PSYoungGen: 416884K->85930K(465920K)] 1657570K->1396352K(1794048K), 0.0732088 secs] [Times: user=0.40 sys=0.00, real=0.07 secs] 
3370.854: [Full GC (Ergonomics) [PSYoungGen: 85930K->0K(465920K)] [ParOldGen: 1310421K->91018K(1351168K)] 1396352K->91018K(1817088K), [Metaspace: 60081K->60081K(1105920K)], 0.0916097 secs] [Times: user=0.35 sys=0.00, real=0.10 secs] 
3371.248: [GC (Allocation Failure) [PSYoungGen: 232960K->190549K(465920K)] 323978K->281567K(1817088K), 0.0253629 secs] [Times: user=0.09 sys=0.00, real=0.02 secs] 
3371.381: [GC (Allocation Failure) [PSYoungGen: 423509K->184277K(465920K)] 514527K->330740K(1817088K), 0.0422098 secs] [Times: user=0.19 sys=0.00, real=0.04 secs] 
3371.525: [GC (Allocation Failure) [PSYoungGen: 417237K->187381K(465920K)] 563700K->389835K(1817088K), 0.0450786 secs] [Times: user=0.21 sys=0.00, real=0.05 secs] 
3372.513: [GC (Allocation Failure) [PSYoungGen: 420341K->136849K(465920K)] 622795K->409983K(1817088K), 0.0487629 secs] [Times: user=0.25 sys=0.00, real=0.05 secs] 
3373.378: [GC (Allocation Failure) [PSYoungGen: 369809K->128751K(465920K)] 642943K->445101K(1817088K), 0.1193925 secs] [Times: user=0.66 sys=0.00, real=0.12 secs] 
3373.684: [GC (Allocation Failure) [PSYoungGen: 361711K->179157K(465920K)] 678061K->536924K(1817088K), 0.0441564 secs] [Times: user=0.20 sys=0.00, real=0.05 secs] 
3373.835: [GC (Allocation Failure) [PSYoungGen: 412117K->185783K(465920K)] 769884K->606054K(1817088K), 0.0490218 secs] [Times: user=0.23 sys=0.00, real=0.05 secs] 
3373.986: [GC (Allocation Failure) [PSYoungGen: 418743K->186933K(465920K)] 839014K->666168K(1817088K), 0.0589216 secs] [Times: user=0.29 sys=0.00, real=0.05 secs] 
3374.969: [GC (Allocation Failure) [PSYoungGen: 419893K->87210K(465920K)] 899128K->636813K(1817088K), 0.0530395 secs] [Times: user=0.29 sys=0.00, real=0.05 secs] 
3375.388: [GC (Allocation Failure) [PSYoungGen: 320170K->178133K(465920K)] 869773K->756525K(1817088K), 0.0526050 secs] [Times: user=0.23 sys=0.00, real=0.05 secs] 
3375.726: [GC (Allocation Failure) [PSYoungGen: 411093K->184149K(465920K)] 989485K->817781K(1817088K), 0.0561275 secs] [Times: user=0.27 sys=0.00, real=0.05 secs] 
3375.886: [GC (Allocation Failure) [PSYoungGen: 417109K->186293K(465920K)] 1050741K->875716K(1817088K), 0.0466700 secs] [Times: user=0.22 sys=0.00, real=0.04 secs] 
3377.019: [GC (Allocation Failure) [PSYoungGen: 419253K->143537K(465920K)] 1108676K->903065K(1817088K), 0.0513192 secs] [Times: user=0.26 sys=0.00, real=0.05 secs] 
3377.526: [GC (Allocation Failure) [PSYoungGen: 376497K->122814K(465920K)] 1136025K->927910K(1817088K), 0.0779571 secs] [Times: user=0.42 sys=0.00, real=0.08 secs] 
3377.739: [GC (Allocation Failure) [PSYoungGen: 355774K->178197K(465920K)] 1160870K->1022357K(1817088K), 0.0485323 secs] [Times: user=0.22 sys=0.00, real=0.05 secs] 
3377.936: [GC (Allocation Failure) [PSYoungGen: 411157K->185271K(465920K)] 1255317K->1091979K(1817088K), 0.0521052 secs] [Times: user=0.24 sys=0.00, real=0.06 secs] 
3378.107: [GC (Allocation Failure) [PSYoungGen: 418231K->186517K(465920K)] 1324939K->1152009K(1817088K), 0.0588129 secs] [Times: user=0.29 sys=0.00, real=0.06 secs] 
3379.228: [GC (GCLocker Initiated GC) [PSYoungGen: 419477K->91770K(465920K)] 1384969K->1127491K(1817088K), 0.0618332 secs] [Times: user=0.33 sys=0.00, real=0.06 secs] 
3379.975: [GC (Allocation Failure) [PSYoungGen: 324730K->170100K(465920K)] 1360454K->1235897K(1817088K), 0.0451372 secs] [Times: user=0.19 sys=0.01, real=0.05 secs] 
3380.142: [GC (Allocation Failure) [PSYoungGen: 403060K->180981K(465920K)] 1468857K->1299806K(1817088K), 0.0429509 secs] [Times: user=0.20 sys=0.01, real=0.04 secs] 
3380.315: [GC (Allocation Failure) [PSYoungGen: 406359K->176662K(465920K)] 1525184K->1358358K(1817088K), 0.0638526 secs] [Times: user=0.32 sys=0.00, real=0.07 secs] 
3381.220: [GC (Allocation Failure) [PSYoungGen: 409622K->169299K(465920K)] 1591318K->1407255K(1817088K), 0.0551303 secs] [Times: user=0.27 sys=0.00, real=0.05 secs] 
3381.708: [GC (Allocation Failure) [PSYoungGen: 402259K->104476K(465920K)] 1640215K->1407309K(1817088K), 0.0611509 secs] [Times: user=0.32 sys=0.00, real=0.06 secs] 
3381.769: [Full GC (Ergonomics) [PSYoungGen: 104476K->0K(465920K)] [ParOldGen: 1302832K->122371K(1398272K)] 1407309K->122371K(1864192K), [Metaspace: 60086K->60086K(1105920K)], 0.1296713 secs] [Times: user=0.58 sys=0.00, real=0.13 secs] 
3382.072: [GC (Allocation Failure) [PSYoungGen: 231035K->177973K(465920K)] 353407K->300345K(1864192K), 0.0282104 secs] [Times: user=0.11 sys=0.00, real=0.03 secs] 
3382.248: [GC (GCLocker Initiated GC) [PSYoungGen: 410933K->182133K(465920K)] 533305K->359745K(1864192K), 0.0457334 secs] [Times: user=0.20 sys=0.00, real=0.04 secs] 
3383.205: [GC (Allocation Failure) [PSYoungGen: 415093K->180948K(465920K)] 592707K->413738K(1864192K), 0.0994095 secs] [Times: user=0.51 sys=0.00, real=0.10 secs] 
3384.541: [GC (Allocation Failure) [PSYoungGen: 413908K->100636K(465920K)] 646698K->401938K(1864192K), 0.0440867 secs] [Times: user=0.23 sys=0.00, real=0.04 secs] 
3384.852: [GC (Allocation Failure) [PSYoungGen: 333596K->170452K(465920K)] 634898K->503903K(1864192K), 0.0700895 secs] [Times: user=0.34 sys=0.00, real=0.07 secs] 
3385.098: [GC (Allocation Failure) [PSYoungGen: 403412K->184918K(465920K)] 736863K->572048K(1864192K), 0.0450528 secs] [Times: user=0.20 sys=0.00, real=0.04 secs] 
3385.252: [GC (Allocation Failure) [PSYoungGen: 417878K->183254K(465920K)] 805008K->634721K(1864192K), 0.0493516 secs] [Times: user=0.23 sys=0.00, real=0.05 secs] 
3385.570: [GC (Allocation Failure) [PSYoungGen: 416214K->216244K(465920K)] 867681K->725823K(1864192K), 0.0549409 secs] [Times: user=0.27 sys=0.00, real=0.05 secs] 
3386.619: [GC (Allocation Failure) [PSYoungGen: 449204K->88778K(465920K)] 958783K->666981K(1864192K), 0.0467997 secs] [Times: user=0.24 sys=0.00, real=0.05 secs] 
3386.802: [GC (Allocation Failure) [PSYoungGen: 321738K->183446K(465920K)] 899941K->791034K(1864192K), 0.0344788 secs] [Times: user=0.14 sys=0.00, real=0.04 secs] 
3386.947: [GC (Allocation Failure) [PSYoungGen: 416406K->181493K(465920K)] 1023994K->845761K(1864192K), 0.0438313 secs] [Times: user=0.19 sys=0.00, real=0.04 secs] 
3387.121: [GC (Allocation Failure) [PSYoungGen: 414453K->186453K(465920K)] 1078721K->905657K(1864192K), 0.0644401 secs] [Times: user=0.30 sys=0.01, real=0.06 secs] 
3388.181: [GC (Allocation Failure) [PSYoungGen: 419413K->98668K(465920K)] 1138617K->888128K(1864192K), 0.0449915 secs] [Times: user=0.24 sys=0.00, real=0.05 secs] 
3388.530: [GC (Allocation Failure) [PSYoungGen: 331628K->164179K(465920K)] 1121088K->986476K(1864192K), 0.0779962 secs] [Times: user=0.39 sys=0.00, real=0.08 secs] 
3388.762: [GC (GCLocker Initiated GC) [PSYoungGen: 397139K->181653K(465920K)] 1219436K->1054526K(1864192K), 0.0419400 secs] [Times: user=0.19 sys=0.00, real=0.04 secs] 
3388.913: [GC (Allocation Failure) [PSYoungGen: 414613K->185687K(465920K)] 1287652K->1122110K(1864192K), 0.0503990 secs] [Times: user=0.23 sys=0.00, real=0.05 secs] 
3389.593: [GC (Allocation Failure) [PSYoungGen: 418647K->182996K(465920K)] 1355070K->1178267K(1864192K), 0.0590598 secs] [Times: user=0.29 sys=0.00, real=0.06 secs] 
3390.655: [GC (Allocation Failure) [PSYoungGen: 415956K->90090K(465920K)] 1411227K->1154553K(1864192K), 0.0588979 secs] [Times: user=0.32 sys=0.00, real=0.06 secs] 
3390.959: [GC (Allocation Failure) [PSYoungGen: 323050K->178997K(465920K)] 1387513K->1272397K(1864192K), 0.0416412 secs] [Times: user=0.18 sys=0.00, real=0.04 secs] 
3391.110: [GC (Allocation Failure) [PSYoungGen: 411957K->183925K(465920K)] 1505357K->1333190K(1864192K), 0.0437734 secs] [Times: user=0.19 sys=0.00, real=0.04 secs] 
3391.292: [GC (Allocation Failure) [PSYoungGen: 416885K->186229K(465920K)] 1566150K->1391485K(1864192K), 0.0633334 secs] [Times: user=0.30 sys=0.00, real=0.06 secs] 
3392.354: [GC (Allocation Failure) [PSYoungGen: 419189K->109181K(465920K)] 1624445K->1384717K(1864192K), 0.0472845 secs] [Times: user=0.24 sys=0.00, real=0.05 secs] 
3393.174: [GC (Allocation Failure) [PSYoungGen: 342141K->154834K(465920K)] 1617677K->1465379K(1864192K), 0.0813418 secs] [Times: user=0.42 sys=0.00, real=0.08 secs] 
3393.390: [GC (Allocation Failure) [PSYoungGen: 387794K->184278K(465920K)] 1698339K->1544067K(1864192K), 0.0534992 secs] [Times: user=0.19 sys=0.07, real=0.05 secs] 
3393.443: [Full GC (Ergonomics) [PSYoungGen: 184278K->0K(465920K)] [ParOldGen: 1359789K->251718K(1398272K)] 1544067K->251718K(1864192K), [Metaspace: 60086K->60086K(1105920K)], 0.3032361 secs] [Times: user=1.40 sys=0.00, real=0.31 secs] 
3393.854: [GC (Allocation Failure) [PSYoungGen: 232960K->182774K(465920K)] 484678K->434493K(1864192K), 0.0895302 secs] [Times: user=0.46 sys=0.01, real=0.09 secs] 
3394.048: [GC (Allocation Failure) [PSYoungGen: 415734K->186581K(465920K)] 667453K->496308K(1864192K), 0.0564348 secs] [Times: user=0.28 sys=0.00, real=0.05 secs] 
3395.024: [GC (Allocation Failure) [PSYoungGen: 419541K->86858K(465920K)] 729268K->466989K(1864192K), 0.0406551 secs] [Times: user=0.21 sys=0.00, real=0.04 secs] 
3395.674: [GC (Allocation Failure) [PSYoungGen: 319818K->178325K(465920K)] 699949K->586860K(1864192K), 0.0448773 secs] [Times: user=0.19 sys=0.00, real=0.05 secs] 
3395.843: [GC (Allocation Failure) [PSYoungGen: 411285K->184309K(465920K)] 819820K->648149K(1864192K), 0.0436733 secs] [Times: user=0.19 sys=0.00, real=0.05 secs] 
3396.162: [GC (Allocation Failure) [PSYoungGen: 417269K->183444K(465920K)] 881109K->703131K(1864192K), 0.0515089 secs] [Times: user=0.24 sys=0.00, real=0.05 secs] 
3398.101: [GC (Allocation Failure) [PSYoungGen: 416404K->119982K(465920K)] 936091K->708838K(1864192K), 0.0469849 secs] [Times: user=0.24 sys=0.00, real=0.05 secs] 
3398.573: [GC (Allocation Failure) [PSYoungGen: 351132K->141425K(465920K)] 939987K->768280K(1864192K), 0.1028871 secs] [Times: user=0.55 sys=0.00, real=0.11 secs] 
3398.827: [GC (Allocation Failure) [PSYoungGen: 374385K->179093K(465920K)] 1001240K->851533K(1864192K), 0.0390578 secs] [Times: user=0.17 sys=0.00, real=0.04 secs] 
3399.000: [GC (Allocation Failure) [PSYoungGen: 412053K->183126K(465920K)] 1084493K->917870K(1864192K), 0.0534329 secs] [Times: user=0.25 sys=0.00, real=0.05 secs] 
3399.185: [GC (Allocation Failure) [PSYoungGen: 416086K->186549K(465920K)] 1150830K->979661K(1864192K), 0.0552612 secs] [Times: user=0.27 sys=0.00, real=0.06 secs] 
3400.208: [GC (Allocation Failure) [PSYoungGen: 419509K->89738K(465920K)] 1212621K->953242K(1864192K), 0.0563364 secs] [Times: user=0.30 sys=0.01, real=0.05 secs] 
3400.523: [GC (Allocation Failure) [PSYoungGen: 322698K->177685K(465920K)] 1186202K->1069778K(1864192K), 0.0505259 secs] [Times: user=0.22 sys=0.00, real=0.05 secs] 
3400.715: [GC (Allocation Failure) [PSYoungGen: 410645K->184822K(465920K)] 1302738K->1133203K(1864192K), 0.0449538 secs] [Times: user=0.20 sys=0.00, real=0.05 secs] 
3400.862: [GC (Allocation Failure) [PSYoungGen: 417782K->186741K(465920K)] 1366163K->1191034K(1864192K), 0.0471538 secs] [Times: user=0.22 sys=0.00, real=0.05 secs] 
3401.827: [GC (Allocation Failure) [PSYoungGen: 419701K->132816K(465920K)] 1423994K->1207601K(1864192K), 0.0496280 secs] [Times: user=0.25 sys=0.00, real=0.05 secs] 
3402.128: [GC (Allocation Failure) [PSYoungGen: 365776K->134784K(465920K)] 1440561K->1251745K(1864192K), 0.0881980 secs] [Times: user=0.48 sys=0.00, real=0.09 secs] 
3402.365: [GC (Allocation Failure) [PSYoungGen: 367744K->178741K(465920K)] 1484705K->1339054K(1864192K), 0.0516414 secs] [Times: user=0.24 sys=0.00, real=0.06 secs] 
3402.598: [GC (Allocation Failure) [PSYoungGen: 411701K->184310K(465920K)] 1572014K->1406936K(1864192K), 0.0666059 secs] [Times: user=0.33 sys=0.00, real=0.06 secs] 
3402.769: [GC (Allocation Failure) [PSYoungGen: 417270K->186517K(465920K)] 1639896K->1467718K(1864192K), 0.0607534 secs] [Times: user=0.30 sys=0.00, real=0.06 secs] 
3403.802: [GC (Allocation Failure) [PSYoungGen: 419477K->87146K(465920K)] 1700678K->1438796K(1864192K), 0.0594939 secs] [Times: user=0.32 sys=0.00, real=0.06 secs] 
3403.861: [Full GC (Ergonomics) [PSYoungGen: 87146K->0K(465920K)] [ParOldGen: 1351649K->90692K(1398272K)] 1438796K->90692K(1864192K), [Metaspace: 60086K->60086K(1105920K)], 0.0573446 secs] [Times: user=0.21 sys=0.00, real=0.06 secs] 
3404.257: [GC (Allocation Failure) [PSYoungGen: 232960K->178165K(465920K)] 323652K->268858K(1864192K), 0.0328793 secs] [Times: user=0.12 sys=0.00, real=0.03 secs] 
3404.653: [GC (Allocation Failure) [PSYoungGen: 411125K->183381K(465920K)] 501818K->329226K(1864192K), 0.0653862 secs] [Times: user=0.31 sys=0.00, real=0.07 secs] 
3404.887: [GC (Allocation Failure) [PSYoungGen: 416341K->184308K(465920K)] 562186K->385913K(1864192K), 0.0564256 secs] [Times: user=0.28 sys=0.00, real=0.05 secs] 
3405.822: [GC (Allocation Failure) [PSYoungGen: 417268K->144305K(465920K)] 618873K->415638K(1864192K), 0.0498321 secs] [Times: user=0.24 sys=0.00, real=0.05 secs] 
3407.111: [GC (Allocation Failure) [PSYoungGen: 377265K->122638K(465920K)] 648598K->439635K(1864192K), 0.1459528 secs] [Times: user=0.81 sys=0.00, real=0.15 secs] 
3407.436: [GC (Allocation Failure) [PSYoungGen: 355598K->178101K(465920K)] 672595K->534719K(1864192K), 0.0387161 secs] [Times: user=0.15 sys=0.00, real=0.03 secs] 
3407.622: [GC (Allocation Failure) [PSYoungGen: 411061K->185495K(465920K)] 767679K->604209K(1864192K), 0.0628807 secs] [Times: user=0.31 sys=0.00, real=0.06 secs] 
3407.795: [GC (Allocation Failure) [PSYoungGen: 418455K->183604K(465920K)] 837169K->661014K(1864192K), 0.0569500 secs] [Times: user=0.28 sys=0.00, real=0.06 secs] 
3408.850: [GC (Allocation Failure) [PSYoungGen: 416564K->93451K(465920K)] 893974K->640329K(1864192K), 0.0550192 secs] [Times: user=0.30 sys=0.00, real=0.05 secs] 
3409.160: [GC (Allocation Failure) [PSYoungGen: 326411K->174645K(465920K)] 873289K->752439K(1864192K), 0.0355550 secs] [Times: user=0.15 sys=0.00, real=0.03 secs] 
3409.334: [GC (Allocation Failure) [PSYoungGen: 407605K->184149K(465920K)] 985399K->815944K(1864192K), 0.0521939 secs] [Times: user=0.25 sys=0.00, real=0.06 secs] 
3409.511: [GC (Allocation Failure) [PSYoungGen: 405226K->170613K(465920K)] 1037020K->866551K(1864192K), 0.0509449 secs] [Times: user=0.24 sys=0.01, real=0.05 secs] 
3410.399: [GC (Allocation Failure) [PSYoungGen: 400490K->205203K(465920K)] 1096429K->955085K(1864192K), 0.0519324 secs] [Times: user=0.25 sys=0.00, real=0.05 secs] 
3410.922: [GC (Allocation Failure) [PSYoungGen: 438163K->102236K(465920K)] 1188045K->916650K(1864192K), 0.0673154 secs] [Times: user=0.36 sys=0.00, real=0.07 secs] 
3411.197: [GC (Allocation Failure) [PSYoungGen: 333375K->179957K(465920K)] 1147790K->1027404K(1864192K), 0.0493621 secs] [Times: user=0.22 sys=0.00, real=0.05 secs] 
3411.415: [GC (Allocation Failure) [PSYoungGen: 412917K->183861K(465920K)] 1260364K->1086924K(1864192K), 0.0537096 secs] [Times: user=0.26 sys=0.01, real=0.06 secs] 
3411.594: [GC (Allocation Failure) [PSYoungGen: 416726K->185845K(465920K)] 1319788K->1144483K(1864192K), 0.0511588 secs] [Times: user=0.24 sys=0.00, real=0.05 secs] 
3412.583: [GC (Allocation Failure) [PSYoungGen: 418805K->101276K(465920K)] 1377443K->1130042K(1864192K), 0.0452728 secs] [Times: user=0.23 sys=0.00, real=0.05 secs] 
3413.711: [GC (Allocation Failure) [PSYoungGen: 334236K->163059K(465920K)] 1363002K->1224214K(1864192K), 0.0623865 secs] [Times: user=0.30 sys=0.00, real=0.06 secs] 
3413.957: [GC (Allocation Failure) [PSYoungGen: 396019K->183989K(465920K)] 1457174K->1296485K(1864192K), 0.0591280 secs] [Times: user=0.28 sys=0.00, real=0.06 secs] 
3414.135: [GC (Allocation Failure) [PSYoungGen: 416949K->186295K(465920K)] 1529445K->1362750K(1864192K), 0.0510609 secs] [Times: user=0.24 sys=0.00, real=0.06 secs] 
3414.506: [GC (Allocation Failure) [PSYoungGen: 419255K->216628K(465920K)] 1595710K->1452183K(1864192K), 0.0563269 secs] [Times: user=0.27 sys=0.01, real=0.05 secs] 
3415.393: [GC (Allocation Failure) [PSYoungGen: 449533K->89370K(465920K)] 1685089K->1393029K(1864192K), 0.0543048 secs] [Times: user=0.29 sys=0.00, real=0.06 secs] 
3415.656: [GC (Allocation Failure) [PSYoungGen: 322330K->182422K(465920K)] 1625989K->1514162K(1864192K), 0.0476538 secs] [Times: user=0.21 sys=0.00, real=0.04 secs] 
3415.704: [Full GC (Ergonomics) [PSYoungGen: 182422K->0K(465920K)] [ParOldGen: 1331740K->228079K(1398272K)] 1514162K->228079K(1864192K), [Metaspace: 60088K->60088K(1105920K)], 0.2654350 secs] [Times: user=1.23 sys=0.00, real=0.27 secs] 
3416.092: [GC (GCLocker Initiated GC) [PSYoungGen: 232960K->184150K(465920K)] 461043K->412233K(1864192K), 0.0264598 secs] [Times: user=0.09 sys=0.00, real=0.03 secs] 
3416.222: [GC (Allocation Failure) [PSYoungGen: 417110K->203221K(465920K)] 645196K->487147K(1864192K), 0.0460429 secs] [Times: user=0.21 sys=0.00, real=0.05 secs] 
3417.194: [GC (Allocation Failure) [PSYoungGen: 436181K->97435K(465920K)] 720107K->451825K(1864192K), 0.0436657 secs] [Times: user=0.22 sys=0.00, real=0.05 secs] 
3417.520: [GC (Allocation Failure) [PSYoungGen: 330395K->168084K(465920K)] 684785K->554606K(1864192K), 0.0839159 secs] [Times: user=0.42 sys=0.00, real=0.08 secs] 
3418.560: [GC (Allocation Failure) [PSYoungGen: 401044K->182389K(465920K)] 787566K->620671K(1864192K), 0.0578423 secs] [Times: user=0.27 sys=0.00, real=0.06 secs] 
3418.784: [GC (Allocation Failure) [PSYoungGen: 415349K->185879K(465920K)] 853631K->687833K(1864192K), 0.0568966 secs] [Times: user=0.27 sys=0.00, real=0.06 secs] 
3419.003: [GC (Allocation Failure) [PSYoungGen: 418839K->186037K(465920K)] 920793K->746807K(1864192K), 0.0561305 secs] [Times: user=0.28 sys=0.00, real=0.06 secs] 
3421.933: [GC (Allocation Failure) [PSYoungGen: 418997K->81513K(465920K)] 979767K->712475K(1864192K), 0.1110809 secs] [Times: user=0.61 sys=0.01, real=0.11 secs] 
3422.279: [GC (Allocation Failure) [PSYoungGen: 314473K->180149K(465920K)] 945435K->837681K(1864192K), 0.0362783 secs] [Times: user=0.15 sys=0.00, real=0.03 secs] 
3422.577: [GC (Allocation Failure) [PSYoungGen: 413109K->180885K(465920K)] 1070641K->894072K(1864192K), 0.0436608 secs] [Times: user=0.19 sys=0.00, real=0.04 secs] 
3422.725: [GC (Allocation Failure) [PSYoungGen: 413845K->186613K(465920K)] 1127032K->954472K(1864192K), 0.0457008 secs] [Times: user=0.21 sys=0.00, real=0.05 secs] 
3423.712: [GC (Allocation Failure) [PSYoungGen: 419573K->108813K(465920K)] 1187432K->947072K(1864192K), 0.0466286 secs] [Times: user=0.24 sys=0.00, real=0.05 secs] 
3424.107: [GC (Allocation Failure) [PSYoungGen: 341773K->155090K(465920K)] 1180032K->1029398K(1864192K), 0.0589429 secs] [Times: user=0.30 sys=0.00, real=0.06 secs] 
3424.274: [GC (Allocation Failure) [PSYoungGen: 388050K->180917K(465920K)] 1262358K->1103153K(1864192K), 0.0416915 secs] [Times: user=0.18 sys=0.00, real=0.04 secs] 
3424.440: [GC (Allocation Failure) [PSYoungGen: 413877K->185271K(465920K)] 1336113K->1170634K(1864192K), 0.0563165 secs] [Times: user=0.27 sys=0.00, real=0.06 secs] 
3425.126: [GC (Allocation Failure) [PSYoungGen: 418231K->182868K(465920K)] 1403594K->1226944K(1864192K), 0.0810325 secs] [Times: user=0.41 sys=0.00, real=0.08 secs] 
3426.615: [GC (Allocation Failure) [PSYoungGen: 415828K->96027K(465920K)] 1459904K->1209119K(1864192K), 0.0561647 secs] [Times: user=0.30 sys=0.00, real=0.06 secs] 
3426.888: [GC (Allocation Failure) [PSYoungGen: 328987K->178165K(465920K)] 1442079K->1322202K(1864192K), 0.0474444 secs] [Times: user=0.21 sys=0.00, real=0.05 secs] 
3427.088: [GC (Allocation Failure) [PSYoungGen: 411041K->181269K(465920K)] 1555078K->1380746K(1864192K), 0.0444142 secs] [Times: user=0.20 sys=0.00, real=0.04 secs] 
3427.261: [GC (GCLocker Initiated GC) [PSYoungGen: 414229K->185429K(465920K)] 1613706K->1440138K(1864192K), 0.0590386 secs] [Times: user=0.29 sys=0.00, real=0.06 secs] 
3428.288: [GC (Allocation Failure) [PSYoungGen: 418389K->117294K(465920K)] 1673102K->1442143K(1864192K), 0.0481072 secs] [Times: user=0.24 sys=0.00, real=0.05 secs] 
3428.336: [Full GC (Ergonomics) [PSYoungGen: 117294K->0K(465920K)] [ParOldGen: 1324848K->334881K(1398272K)] 1442143K->334881K(1864192K), [Metaspace: 60107K->60107K(1105920K)], 0.5846243 secs] [Times: user=2.56 sys=0.00, real=0.58 secs] 
3429.341: [GC (Allocation Failure) [PSYoungGen: 232960K->151473K(465920K)] 567841K->486355K(1864192K), 0.0257992 secs] [Times: user=0.10 sys=0.00, real=0.03 secs] 
3429.483: [GC (Allocation Failure) [PSYoungGen: 384433K->184278K(465920K)] 719315K->565960K(1864192K), 0.0400404 secs] [Times: user=0.17 sys=0.00, real=0.04 secs] 
3429.657: [GC (Allocation Failure) [PSYoungGen: 417238K->185751K(465920K)] 798920K->631481K(1864192K), 0.0549930 secs] [Times: user=0.26 sys=0.00, real=0.05 secs] 
3429.837: [GC (Allocation Failure) [PSYoungGen: 418711K->186837K(465920K)] 864441K->691407K(1864192K), 0.0562947 secs] [Times: user=0.27 sys=0.00, real=0.05 secs] 
3430.870: [GC (Allocation Failure) [PSYoungGen: 419797K->86074K(465920K)] 924367K->661217K(1864192K), 0.0510271 secs] [Times: user=0.27 sys=0.00, real=0.05 secs] 
3431.173: [GC (Allocation Failure) [PSYoungGen: 319034K->177493K(465920K)] 894177K->780185K(1864192K), 0.0544052 secs] [Times: user=0.24 sys=0.00, real=0.06 secs] 
3431.380: [GC (Allocation Failure) [PSYoungGen: 410453K->184566K(465920K)] 1013145K->842689K(1864192K), 0.0434608 secs] [Times: user=0.19 sys=0.00, real=0.04 secs] 
3431.526: [GC (Allocation Failure) [PSYoungGen: 417526K->187221K(465920K)] 1075649K->901368K(1864192K), 0.0456708 secs] [Times: user=0.22 sys=0.00, real=0.05 secs] 
3432.582: [GC (Allocation Failure) [PSYoungGen: 420181K->122575K(465920K)] 1134328K->907362K(1864192K), 0.0474062 secs] [Times: user=0.24 sys=0.00, real=0.05 secs] 
3432.905: [GC (Allocation Failure) [PSYoungGen: 355535K->147473K(465920K)] 1140322K->971116K(1864192K), 0.1172065 secs] [Times: user=0.64 sys=0.00, real=0.12 secs] 
3433.642: [GC (Allocation Failure) [PSYoungGen: 380433K->182517K(465920K)] 1204076K->1051485K(1864192K), 0.0537793 secs] [Times: user=0.25 sys=0.00, real=0.05 secs] 
3434.021: [GC (Allocation Failure) [PSYoungGen: 415477K->183894K(465920K)] 1284445K->1116206K(1864192K), 0.0684631 secs] [Times: user=0.33 sys=0.00, real=0.07 secs] 
3434.236: [GC (Allocation Failure) [PSYoungGen: 416854K->185877K(465920K)] 1349166K->1176405K(1864192K), 0.0605269 secs] [Times: user=0.30 sys=0.00, real=0.07 secs] 
3435.363: [GC (Allocation Failure) [PSYoungGen: 418837K->87866K(465920K)] 1409365K->1148490K(1864192K), 0.0633229 secs] [Times: user=0.33 sys=0.01, real=0.07 secs] 
3436.206: [GC (Allocation Failure) [PSYoungGen: 320826K->174677K(465920K)] 1381450K->1263621K(1864192K), 0.0428948 secs] [Times: user=0.18 sys=0.00, real=0.04 secs] 
3436.407: [GC (Allocation Failure) [PSYoungGen: 407637K->184918K(465920K)] 1496581K->1328706K(1864192K), 0.0680304 secs] [Times: user=0.33 sys=0.00, real=0.06 secs] 
3436.654: [GC (Allocation Failure) [PSYoungGen: 417878K->183732K(465920K)] 1561666K->1383561K(1864192K), 0.0613321 secs] [Times: user=0.30 sys=0.00, real=0.06 secs] 
3437.615: [GC (Allocation Failure) [PSYoungGen: 416692K->137649K(465920K)] 1616521K->1406886K(1864192K), 0.0499139 secs] [Times: user=0.25 sys=0.00, real=0.05 secs] 
3438.509: [GC (Allocation Failure) [PSYoungGen: 370609K->129247K(465920K)] 1639846K->1442004K(1864192K), 0.1448868 secs] [Times: user=0.81 sys=0.00, real=0.14 secs] 
3438.654: [Full GC (Ergonomics) [PSYoungGen: 129247K->0K(465920K)] [ParOldGen: 1312756K->146565K(1398272K)] 1442004K->146565K(1864192K), [Metaspace: 60108K->60108K(1105920K)], 0.1631011 secs] [Times: user=0.75 sys=0.00, real=0.17 secs] 
3438.946: [GC (Allocation Failure) [PSYoungGen: 232960K->178197K(465920K)] 379525K->324762K(1864192K), 0.0262264 secs] [Times: user=0.09 sys=0.00, real=0.02 secs] 
3439.083: [GC (Allocation Failure) [PSYoungGen: 411157K->185623K(465920K)] 557722K->394228K(1864192K), 0.0486357 secs] [Times: user=0.22 sys=0.01, real=0.05 secs] 
3439.253: [GC (Allocation Failure) [PSYoungGen: 418583K->186741K(465920K)] 627188K->454410K(1864192K), 0.0617668 secs] [Times: user=0.31 sys=0.00, real=0.06 secs] 
3440.627: [GC (Allocation Failure) [PSYoungGen: 419701K->87434K(465920K)] 687370K->425444K(1864192K), 0.1039721 secs] [Times: user=0.57 sys=0.00, real=0.10 secs] 
3440.975: [GC (Allocation Failure) [PSYoungGen: 320394K->177781K(465920K)] 658404K->544743K(1864192K), 0.0317691 secs] [Times: user=0.13 sys=0.00, real=0.04 secs] 
3441.569: [GC (GCLocker Initiated GC) [PSYoungGen: 410741K->183221K(465920K)] 777704K->605352K(1864192K), 0.0540725 secs] [Times: user=0.26 sys=0.00, real=0.05 secs] 
3441.746: [GC (Allocation Failure) [PSYoungGen: 416181K->187125K(465920K)] 838315K->664714K(1864192K), 0.0455492 secs] [Times: user=0.22 sys=0.00, real=0.04 secs] 
3442.932: [GC (Allocation Failure) [PSYoungGen: 420085K->146290K(465920K)] 897674K->694567K(1864192K), 0.0511061 secs] [Times: user=0.25 sys=0.01, real=0.05 secs] 
3443.944: [GC (Allocation Failure) [PSYoungGen: 379250K->119726K(465920K)] 927527K->714291K(1864192K), 0.1371102 secs] [Times: user=0.77 sys=0.00, real=0.14 secs] 
3444.223: [GC (Allocation Failure) [PSYoungGen: 352686K->178421K(465920K)] 947251K->811791K(1864192K), 0.0374867 secs] [Times: user=0.16 sys=0.00, real=0.04 secs] 
3444.371: [GC (Allocation Failure) [PSYoungGen: 411381K->185399K(465920K)] 1044751K->881145K(1864192K), 0.0497673 secs] [Times: user=0.23 sys=0.00, real=0.05 secs] 
3444.572: [GC (Allocation Failure) [PSYoungGen: 418359K->186133K(465920K)] 1114105K->940607K(1864192K), 0.0833532 secs] [Times: user=0.43 sys=0.00, real=0.08 secs] 
3445.656: [GC (Allocation Failure) [PSYoungGen: 419093K->92315K(465920K)] 1173567K->917041K(1864192K), 0.0578460 secs] [Times: user=0.30 sys=0.01, real=0.05 secs] 
3446.425: [GC (Allocation Failure) [PSYoungGen: 325275K->172372K(465920K)] 1150001K->1026616K(1864192K), 0.0528472 secs] [Times: user=0.24 sys=0.01, real=0.06 secs] 
3446.605: [GC (Allocation Failure) [PSYoungGen: 405332K->184598K(465920K)] 1259576K->1092569K(1864192K), 0.0446338 secs] [Times: user=0.20 sys=0.00, real=0.05 secs] 
3446.778: [GC (Allocation Failure) [PSYoungGen: 405229K->174773K(465920K)] 1313200K->1146761K(1864192K), 0.0639077 secs] [Times: user=0.32 sys=0.00, real=0.06 secs] 
3447.698: [GC (Allocation Failure) [PSYoungGen: 407733K->206857K(465920K)] 1379721K->1234580K(1864192K), 0.0499724 secs] [Times: user=0.25 sys=0.00, real=0.05 secs] 
3448.091: [GC (Allocation Failure) [PSYoungGen: 439817K->101692K(465920K)] 1467540K->1194039K(1864192K), 0.0545590 secs] [Times: user=0.29 sys=0.00, real=0.05 secs] 
3449.099: [GC (Allocation Failure) [PSYoungGen: 334040K->180374K(465920K)] 1426388K->1305597K(1864192K), 0.0969429 secs] [Times: user=0.46 sys=0.01, real=0.10 secs] 
3449.389: [GC (Allocation Failure) [PSYoungGen: 413334K->183221K(465920K)] 1538557K->1364189K(1864192K), 0.0447990 secs] [Times: user=0.20 sys=0.00, real=0.04 secs] 
3449.539: [GC (Allocation Failure) [PSYoungGen: 416181K->186421K(465920K)] 1597149K->1422932K(1864192K), 0.0465573 secs] [Times: user=0.22 sys=0.00, real=0.04 secs] 
3450.518: [GC (Allocation Failure) [PSYoungGen: 419381K->101548K(465920K)] 1655892K->1408363K(1864192K), 0.0514232 secs] [Times: user=0.27 sys=0.00, real=0.05 secs] 
3450.802: [GC (Allocation Failure) [PSYoungGen: 334508K->169652K(465920K)] 1641323K->1509421K(1864192K), 0.0730782 secs] [Times: user=0.35 sys=0.00, real=0.07 secs] 
3450.875: [Full GC (Ergonomics) [PSYoungGen: 169652K->0K(465920K)] [ParOldGen: 1339768K->194441K(1398272K)] 1509421K->194441K(1864192K), [Metaspace: 60109K->60109K(1105920K)], 0.2173662 secs] [Times: user=1.03 sys=0.00, real=0.22 secs] 
3451.208: [GC (Allocation Failure) [PSYoungGen: 232960K->184502K(465920K)] 427401K->378943K(1864192K), 0.0329767 secs] [Times: user=0.14 sys=0.00, real=0.03 secs] 
3451.421: [GC (Allocation Failure) [PSYoungGen: 417462K->185303K(465920K)] 611903K->452032K(1864192K), 0.0672179 secs] [Times: user=0.32 sys=0.00, real=0.07 secs] 
3452.013: [GC (Allocation Failure) [PSYoungGen: 416928K->208051K(465920K)] 683658K->533693K(1864192K), 0.0521165 secs] [Times: user=0.25 sys=0.00, real=0.05 secs] 
3452.829: [GC (Allocation Failure) [PSYoungGen: 441011K->94939K(465920K)] 766653K->486485K(1864192K), 0.0757110 secs] [Times: user=0.40 sys=0.00, real=0.07 secs] 
3453.115: [GC (Allocation Failure) [PSYoungGen: 327899K->183254K(465920K)] 719445K->605365K(1864192K), 0.0346482 secs] [Times: user=0.14 sys=0.00, real=0.04 secs] 
3453.255: [GC (Allocation Failure) [PSYoungGen: 416214K->185014K(465920K)] 838325K->664160K(1864192K), 0.0436704 secs] [Times: user=0.20 sys=0.00, real=0.05 secs] 
3453.401: [GC (Allocation Failure) [PSYoungGen: 417889K->186485K(465920K)] 897035K->721720K(1864192K), 0.0455615 secs] [Times: user=0.21 sys=0.00, real=0.05 secs] 
3454.483: [GC (Allocation Failure) [PSYoungGen: 419445K->94811K(465920K)] 954680K->700174K(1864192K), 0.0437864 secs] [Times: user=0.23 sys=0.00, real=0.05 secs] 
3454.916: [GC (GCLocker Initiated GC) [PSYoungGen: 327771K->167124K(465920K)] 933134K->803743K(1864192K), 0.0683772 secs] [Times: user=0.33 sys=0.00, real=0.06 secs] 
3455.130: [GC (Allocation Failure) [PSYoungGen: 400084K->184246K(465920K)] 1036870K->873151K(1864192K), 0.0422464 secs] [Times: user=0.19 sys=0.00, real=0.04 secs] 
3455.279: [GC (Allocation Failure) [PSYoungGen: 417206K->182838K(465920K)] 1106111K->935800K(1864192K), 0.0497551 secs] [Times: user=0.23 sys=0.00, real=0.05 secs] 
3455.472: [GC (Allocation Failure) [PSYoungGen: 415798K->219477K(465920K)] 1168760K->1030719K(1864192K), 0.0563794 secs] [Times: user=0.28 sys=0.00, real=0.06 secs] 
3456.518: [GC (Allocation Failure) [PSYoungGen: 452437K->87738K(465920K)] 1263679K->969260K(1864192K), 0.0624457 secs] [Times: user=0.33 sys=0.00, real=0.06 secs] 
3456.754: [GC (Allocation Failure) [PSYoungGen: 320698K->182422K(465920K)] 1202220K->1092029K(1864192K), 0.0340612 secs] [Times: user=0.13 sys=0.00, real=0.04 secs] 
3457.380: [GC (GCLocker Initiated GC) [PSYoungGen: 415382K->183029K(465920K)] 1324989K->1149100K(1864192K), 0.0668432 secs] [Times: user=0.32 sys=0.00, real=0.07 secs] 
3457.572: [GC (Allocation Failure) [PSYoungGen: 415989K->186229K(465920K)] 1382227K->1207955K(1864192K), 0.0460606 secs] [Times: user=0.21 sys=0.00, real=0.05 secs] 
3458.630: [GC (Allocation Failure) [PSYoungGen: 419189K->100604K(465920K)] 1440915K->1192466K(1864192K), 0.0461948 secs] [Times: user=0.21 sys=0.00, real=0.05 secs] 
3459.465: [GC (GCLocker Initiated GC) [PSYoungGen: 333564K->160979K(465920K)] 1425426K->1284998K(1864192K), 0.0729702 secs] [Times: user=0.35 sys=0.01, real=0.08 secs] 
3459.735: [GC (Allocation Failure) [PSYoungGen: 393939K->184566K(465920K)] 1517961K->1359051K(1864192K), 0.0512580 secs] [Times: user=0.24 sys=0.00, real=0.06 secs] 
3459.893: [GC (Allocation Failure) [PSYoungGen: 417526K->186167K(465920K)] 1592011K->1424861K(1864192K), 0.0507415 secs] [Times: user=0.24 sys=0.00, real=0.05 secs] 
3460.046: [GC (Allocation Failure) [PSYoungGen: 419127K->183956K(465920K)] 1657821K->1481610K(1864192K), 0.0559478 secs] [Times: user=0.28 sys=0.00, real=0.05 secs] 
3461.057: [GC (Allocation Failure) [PSYoungGen: 416916K->85914K(465920K)] 1714572K->1453130K(1864192K), 0.0418352 secs] [Times: user=0.21 sys=0.01, real=0.04 secs] 
3461.099: [Full GC (Ergonomics) [PSYoungGen: 85914K->0K(465920K)] [ParOldGen: 1367215K->101025K(1398272K)] 1453130K->101025K(1864192K), [Metaspace: 60114K->60114K(1105920K)], 0.0880104 secs] [Times: user=0.36 sys=0.00, real=0.09 secs] 
3461.481: [GC (Allocation Failure) [PSYoungGen: 232960K->181750K(465920K)] 333985K->282775K(1864192K), 0.0392598 secs] [Times: user=0.15 sys=0.00, real=0.04 secs] 
3461.702: [GC (Allocation Failure) [PSYoungGen: 414710K->184342K(465920K)] 515735K->342127K(1864192K), 0.0426656 secs] [Times: user=0.19 sys=0.00, real=0.04 secs] 
3461.848: [GC (Allocation Failure) [PSYoungGen: 417302K->187189K(465920K)] 575087K->400927K(1864192K), 0.0447773 secs] [Times: user=0.20 sys=0.00, real=0.04 secs] 
3462.820: [GC (Allocation Failure) [PSYoungGen: 420149K->106989K(465920K)] 633887K->391326K(1864192K), 0.0449191 secs] [Times: user=0.23 sys=0.00, real=0.04 secs] 
3463.146: [GC (Allocation Failure) [PSYoungGen: 339949K->158451K(465920K)] 624286K->478256K(1864192K), 0.0821702 secs] [Times: user=0.42 sys=0.00, real=0.09 secs] 
3463.936: [GC (GCLocker Initiated GC) [PSYoungGen: 391411K->183125K(465920K)] 711217K->551820K(1864192K), 0.0710918 secs] [Times: user=0.34 sys=0.00, real=0.07 secs] 
3464.154: [GC (Allocation Failure) [PSYoungGen: 416085K->185303K(465920K)] 784783K->617648K(1864192K), 0.0496072 secs] [Times: user=0.23 sys=0.00, real=0.05 secs] 
3464.451: [GC (Allocation Failure) [PSYoungGen: 418263K->185845K(465920K)] 850608K->676878K(1864192K), 0.0562601 secs] [Times: user=0.28 sys=0.00, real=0.06 secs] 
3465.833: [GC (Allocation Failure) [PSYoungGen: 418805K->84586K(465920K)] 909838K->645603K(1864192K), 0.1150280 secs] [Times: user=0.63 sys=0.00, real=0.12 secs] 
3466.625: [GC (Allocation Failure) [PSYoungGen: 317546K->178421K(465920K)] 878563K->767844K(1864192K), 0.0444663 secs] [Times: user=0.19 sys=0.01, real=0.05 secs] 
3466.827: [GC (Allocation Failure) [PSYoungGen: 411381K->181877K(465920K)] 1000804K->826516K(1864192K), 0.0604980 secs] [Times: user=0.29 sys=0.00, real=0.06 secs] 
3467.028: [GC (Allocation Failure) [PSYoungGen: 414837K->186325K(465920K)] 1059476K->885867K(1864192K), 0.0454674 secs] [Times: user=0.21 sys=0.00, real=0.04 secs] 
3468.053: [GC (Allocation Failure) [PSYoungGen: 419285K->117134K(465920K)] 1118827K->886973K(1864192K), 0.0470056 secs] [Times: user=0.24 sys=0.00, real=0.05 secs] 
3468.385: [GC (Allocation Failure) [PSYoungGen: 350094K->149793K(465920K)] 1119933K->956984K(1864192K), 0.0790981 secs] [Times: user=0.41 sys=0.00, real=0.08 secs] 
3468.622: [GC (GCLocker Initiated GC) [PSYoungGen: 382753K->179989K(465920K)] 1189944K->1034461K(1864192K), 0.0413507 secs] [Times: user=0.18 sys=0.00, real=0.04 secs] 
3468.814: [GC (Allocation Failure) [PSYoungGen: 412949K->185207K(465920K)] 1267459K->1102245K(1864192K), 0.0754014 secs] [Times: user=0.36 sys=0.00, real=0.08 secs] 
3469.205: [GC (Allocation Failure) [PSYoungGen: 418167K->183060K(465920K)] 1335205K->1158915K(1864192K), 0.0619982 secs] [Times: user=0.31 sys=0.00, real=0.07 secs] 
3470.273: [GC (Allocation Failure) [PSYoungGen: 416020K->94427K(465920K)] 1391875K->1139265K(1864192K), 0.0564522 secs] [Times: user=0.30 sys=0.00, real=0.06 secs] 
3470.538: [GC (Allocation Failure) [PSYoungGen: 327387K->183221K(465920K)] 1372225K->1259024K(1864192K), 0.0343714 secs] [Times: user=0.14 sys=0.00, real=0.03 secs] 
3470.834: [GC (Allocation Failure) [PSYoungGen: 416181K->179733K(465920K)] 1491984K->1311007K(1864192K), 0.0677237 secs] [Times: user=0.33 sys=0.00, real=0.07 secs] 
3471.221: [GC (Allocation Failure) [PSYoungGen: 412693K->185749K(465920K)] 1543967K->1371303K(1864192K), 0.0674620 secs] [Times: user=0.33 sys=0.00, real=0.07 secs] 
3472.353: [GC (Allocation Failure) [PSYoungGen: 418709K->125935K(465920K)] 1604263K->1381465K(1864192K), 0.0492957 secs] [Times: user=0.25 sys=0.00, real=0.05 secs] 
3473.739: [GC (Allocation Failure) [PSYoungGen: 358895K->141009K(465920K)] 1614425K->1436363K(1864192K), 0.1149574 secs] [Times: user=0.62 sys=0.00, real=0.11 secs] 
3473.998: [GC (Allocation Failure) [PSYoungGen: 373969K->178709K(465920K)] 1669323K->1519548K(1864192K), 0.0409386 secs] [Times: user=0.18 sys=0.00, real=0.04 secs] 
3474.039: [Full GC (Ergonomics) [PSYoungGen: 178709K->0K(465920K)] [ParOldGen: 1340839K->241128K(1398272K)] 1519548K->241128K(1864192K), [Metaspace: 60114K->60114K(1105920K)], 0.2893576 secs] [Times: user=1.33 sys=0.00, real=0.29 secs] 
3474.462: [GC (Allocation Failure) [PSYoungGen: 232960K->185367K(465920K)] 474088K->426495K(1864192K), 0.0876730 secs] [Times: user=0.46 sys=0.00, real=0.09 secs] 
3474.651: [GC (Allocation Failure) [PSYoungGen: 418327K->181044K(465920K)] 659455K->481164K(1864192K), 0.0552669 secs] [Times: user=0.27 sys=0.00, real=0.06 secs] 
3475.636: [GC (Allocation Failure) [PSYoungGen: 414004K->92955K(465920K)] 714124K->461523K(1864192K), 0.0424847 secs] [Times: user=0.22 sys=0.00, real=0.05 secs] 
3475.972: [GC (Allocation Failure) [PSYoungGen: 325915K->177973K(465920K)] 694483K->576626K(1864192K), 0.0501920 secs] [Times: user=0.21 sys=0.00, real=0.05 secs] 
3476.169: [GC (Allocation Failure) [PSYoungGen: 410933K->184246K(465920K)] 809586K->638283K(1864192K), 0.0433329 secs] [Times: user=0.19 sys=0.00, real=0.04 secs] 
3476.315: [GC (Allocation Failure) [PSYoungGen: 417206K->184885K(465920K)] 871243K->694858K(1864192K), 0.0452185 secs] [Times: user=0.21 sys=0.00, real=0.05 secs] 
3477.261: [GC (Allocation Failure) [PSYoungGen: 417845K->135408K(465920K)] 927818K->715262K(1864192K), 0.0486255 secs] [Times: user=0.24 sys=0.00, real=0.05 secs] 
3477.594: [GC (Allocation Failure) [PSYoungGen: 368368K->134176K(465920K)] 948222K->756853K(1864192K), 0.0668458 secs] [Times: user=0.35 sys=0.00, real=0.07 secs] 
3478.119: [GC (Allocation Failure) [PSYoungGen: 367136K->177429K(465920K)] 989813K->843182K(1864192K), 0.0507141 secs] [Times: user=0.23 sys=0.00, real=0.05 secs] 
3478.288: [GC (GCLocker Initiated GC) [PSYoungGen: 410389K->183638K(465920K)] 1076144K->911218K(1864192K), 0.0492903 secs] [Times: user=0.23 sys=0.01, real=0.05 secs] 
3478.462: [GC (Allocation Failure) [PSYoungGen: 416598K->186101K(465920K)] 1144214K->971916K(1864192K), 0.0618896 secs] [Times: user=0.31 sys=0.00, real=0.06 secs] 
3479.470: [GC (Allocation Failure) [PSYoungGen: 418953K->98587K(465920K)] 1204769K->954587K(1864192K), 0.0539751 secs] [Times: user=0.28 sys=0.00, real=0.05 secs] 
3480.250: [GC (GCLocker Initiated GC) [PSYoungGen: 331547K->166804K(465920K)] 1187548K->1054057K(1864192K), 0.0467909 secs] [Times: user=0.20 sys=0.00, real=0.05 secs] 
3480.488: [GC (GCLocker Initiated GC) [PSYoungGen: 399764K->183990K(465920K)] 1287023K->1124417K(1864192K), 0.0582860 secs] [Times: user=0.28 sys=0.00, real=0.06 secs] 
3480.712: [GC (Allocation Failure) [PSYoungGen: 416950K->186613K(465920K)] 1357506K->1182929K(1864192K), 0.0691562 secs] [Times: user=0.34 sys=0.01, real=0.07 secs] 
3481.716: [GC (Allocation Failure) [PSYoungGen: 419573K->144914K(465920K)] 1415889K->1211478K(1864192K), 0.0516757 secs] [Times: user=0.26 sys=0.00, real=0.05 secs] 
3482.351: [GC (Allocation Failure) [PSYoungGen: 377874K->125006K(465920K)] 1444438K->1237439K(1864192K), 0.1276807 secs] [Times: user=0.71 sys=0.00, real=0.13 secs] 
3482.626: [GC (Allocation Failure) [PSYoungGen: 357929K->175316K(465920K)] 1470362K->1328337K(1864192K), 0.0382610 secs] [Times: user=0.16 sys=0.00, real=0.03 secs] 
3482.775: [GC (Allocation Failure) [PSYoungGen: 408276K->185175K(465920K)] 1561297K->1399251K(1864192K), 0.0504274 secs] [Times: user=0.24 sys=0.00, real=0.05 secs] 
3482.961: [GC (Allocation Failure) [PSYoungGen: 418135K->186517K(465920K)] 1632211K->1459354K(1864192K), 0.0766729 secs] [Times: user=0.40 sys=0.00, real=0.08 secs] 
3484.003: [GC (Allocation Failure) [PSYoungGen: 419477K->96699K(465920K)] 1692314K->1439884K(1864192K), 0.0629952 secs] [Times: user=0.33 sys=0.00, real=0.07 secs] 
3484.066: [Full GC (Ergonomics) [PSYoungGen: 96699K->0K(465920K)] [ParOldGen: 1343184K->95840K(1398272K)] 1439884K->95840K(1864192K), [Metaspace: 60114K->60114K(1105920K)], 0.0646449 secs] [Times: user=0.25 sys=0.00, real=0.06 secs] 
3484.646: [GC (GCLocker Initiated GC) [PSYoungGen: 232960K->170132K(465920K)] 328801K->265973K(1864192K), 0.0307425 secs] [Times: user=0.10 sys=0.01, real=0.03 secs] 
3485.248: [GC (GCLocker Initiated GC) [PSYoungGen: 403092K->181909K(465920K)] 498936K->330377K(1864192K), 0.0671938 secs] [Times: user=0.32 sys=0.00, real=0.06 secs] 
3485.620: [GC (Allocation Failure) [PSYoungGen: 414869K->183350K(465920K)] 579724K->403397K(1864192K), 0.1980697 secs] [Times: user=1.12 sys=0.01, real=0.20 secs] 
3487.147: [GC (Allocation Failure) [PSYoungGen: 416310K->141809K(465920K)] 636357K->420184K(1864192K), 0.1676024 secs] [Times: user=0.96 sys=0.00, real=0.16 secs] 
3487.845: [GC (Allocation Failure) [PSYoungGen: 374769K->128367K(465920K)] 653144K->451742K(1864192K), 0.1501224 secs] [Times: user=0.84 sys=0.00, real=0.15 secs] 
3488.173: [GC (Allocation Failure) [PSYoungGen: 361327K->178677K(465920K)] 684702K->543645K(1864192K), 0.0378177 secs] [Times: user=0.16 sys=0.00, real=0.04 secs] 
3488.346: [GC (Allocation Failure) [PSYoungGen: 411637K->185655K(465920K)] 776605K->612807K(1864192K), 0.0713067 secs] [Times: user=0.35 sys=0.00, real=0.07 secs] 
3488.555: [GC (Allocation Failure) [PSYoungGen: 418615K->183444K(465920K)] 845767K->669500K(1864192K), 0.0579690 secs] [Times: user=0.28 sys=0.00, real=0.06 secs] 
3489.578: [GC (Allocation Failure) [PSYoungGen: 416404K->93803K(465920K)] 902460K->649083K(1864192K), 0.0500360 secs] [Times: user=0.26 sys=0.00, real=0.05 secs] 
3489.974: [GC (Allocation Failure) [PSYoungGen: 326763K->174165K(465920K)] 882043K->759545K(1864192K), 0.0479342 secs] [Times: user=0.21 sys=0.00, real=0.05 secs] 
3490.242: [GC (Allocation Failure) [PSYoungGen: 407125K->181013K(465920K)] 992505K->821062K(1864192K), 0.0552969 secs] [Times: user=0.26 sys=0.00, real=0.06 secs] 
3490.439: [GC (Allocation Failure) [PSYoungGen: 399163K->168725K(465920K)] 1039212K->871734K(1864192K), 0.0550134 secs] [Times: user=0.26 sys=0.00, real=0.05 secs] 
3491.394: [GC (Allocation Failure) [PSYoungGen: 401685K->168659K(457728K)] 1104694K->925140K(1856000K), 0.0550264 secs] [Times: user=0.27 sys=0.00, real=0.06 secs] 
3491.926: [GC (Allocation Failure) [PSYoungGen: 401619K->108973K(461824K)] 1158100K->930110K(1860096K), 0.0716679 secs] [Times: user=0.37 sys=0.00, real=0.07 secs] 
3492.165: [GC (Allocation Failure) [PSYoungGen: 336143K->174133K(468480K)] 1157280K->1030266K(1866752K), 0.0359527 secs] [Times: user=0.15 sys=0.00, real=0.04 secs] 
3492.353: [GC (Allocation Failure) [PSYoungGen: 411701K->186998K(424960K)] 1267834K->1097067K(1823232K), 0.0672534 secs] [Times: user=0.32 sys=0.00, real=0.07 secs] 
3492.547: [GC (Allocation Failure) [PSYoungGen: 424566K->190613K(465920K)] 1334635K->1157435K(1864192K), 0.0491943 secs] [Times: user=0.24 sys=0.00, real=0.05 secs] 
3494.479: [GC (Allocation Failure) [PSYoungGen: 423573K->96987K(465920K)] 1390395K->1135225K(1864192K), 0.0466614 secs] [Times: user=0.25 sys=0.00, real=0.05 secs] 
3494.901: [GC (Allocation Failure) [PSYoungGen: 329947K->173717K(465920K)] 1368185K->1242919K(1864192K), 0.0584414 secs] [Times: user=0.27 sys=0.00, real=0.06 secs] 
3495.132: [GC (Allocation Failure) [PSYoungGen: 406677K->184630K(465920K)] 1475879K->1308204K(1864192K), 0.0538383 secs] [Times: user=0.26 sys=0.00, real=0.05 secs] 
3495.296: [GC (Allocation Failure) [PSYoungGen: 417590K->181430K(465920K)] 1541164K->1369108K(1864192K), 0.0509622 secs] [Times: user=0.24 sys=0.00, real=0.05 secs] 
3496.220: [GC (Allocation Failure) [PSYoungGen: 414390K->206692K(465920K)] 1602068K->1451802K(1864192K), 0.0512217 secs] [Times: user=0.25 sys=0.00, real=0.05 secs] 
3496.987: [GC (Allocation Failure) [PSYoungGen: 439652K->101548K(465920K)] 1684762K->1411090K(1864192K), 0.0862900 secs] [Times: user=0.47 sys=0.00, real=0.08 secs] 
3497.268: [GC (Allocation Failure) [PSYoungGen: 331089K->180278K(465920K)] 1640631K->1523041K(1864192K), 0.0368661 secs] [Times: user=0.15 sys=0.00, real=0.03 secs] 
3497.305: [Full GC (Ergonomics) [PSYoungGen: 180278K->0K(465920K)] [ParOldGen: 1342763K->230740K(1398272K)] 1523041K->230740K(1864192K), [Metaspace: 60114K->60114K(1105920K)], 0.2522785 secs] [Times: user=1.13 sys=0.00, real=0.26 secs] 
3497.669: [GC (Allocation Failure) [PSYoungGen: 232960K->181685K(465920K)] 463700K->412426K(1864192K), 0.0258127 secs] [Times: user=0.09 sys=0.00, real=0.02 secs] 
3497.799: [GC (Allocation Failure) [PSYoungGen: 414645K->185045K(465920K)] 645386K->470577K(1864192K), 0.0447477 secs] [Times: user=0.20 sys=0.01, real=0.04 secs] 
3498.787: [GC (Allocation Failure) [PSYoungGen: 418005K->98236K(465920K)] 703537K->453728K(1864192K), 0.0441709 secs] [Times: user=0.23 sys=0.00, real=0.04 secs] 
3499.183: [GC (Allocation Failure) [PSYoungGen: 331196K->171348K(465920K)] 686688K->559370K(1864192K), 0.0506313 secs] [Times: user=0.22 sys=0.00, real=0.05 secs] 
3499.386: [GC (Allocation Failure) [PSYoungGen: 404308K->184181K(465920K)] 792330K->625267K(1864192K), 0.0485778 secs] [Times: user=0.23 sys=0.00, real=0.05 secs] 
3499.563: [GC (Allocation Failure) [PSYoungGen: 417141K->181846K(465920K)] 858227K->687123K(1864192K), 0.0527817 secs] [Times: user=0.24 sys=0.01, real=0.06 secs] 
3500.254: [GC (Allocation Failure) [PSYoungGen: 414366K->197748K(465920K)] 919643K->760793K(1864192K), 0.0544340 secs] [Times: user=0.26 sys=0.00, real=0.06 secs] 
3501.303: [GC (Allocation Failure) [PSYoungGen: 430708K->90698K(465920K)] 993753K->722216K(1864192K), 0.0645961 secs] [Times: user=0.34 sys=0.00, real=0.07 secs] 
3501.584: [GC (Allocation Failure) [PSYoungGen: 323658K->182582K(465920K)] 955176K->842788K(1864192K), 0.0348748 secs] [Times: user=0.15 sys=0.00, real=0.04 secs] 
3501.725: [GC (Allocation Failure) [PSYoungGen: 415542K->184982K(465920K)] 1075748K->902272K(1864192K), 0.0438950 secs] [Times: user=0.20 sys=0.00, real=0.05 secs] 
3501.870: [GC (Allocation Failure) [PSYoungGen: 417942K->200372K(465920K)] 1135232K->973655K(1864192K), 0.0463790 secs] [Times: user=0.22 sys=0.00, real=0.05 secs] 
3502.859: [GC (Allocation Failure) [PSYoungGen: 433332K->102540K(465920K)] 1206615K->945370K(1864192K), 0.0451348 secs] [Times: user=0.24 sys=0.00, real=0.04 secs] 
3504.188: [GC (Allocation Failure) [PSYoungGen: 335500K->160211K(465920K)] 1178330K->1035678K(1864192K), 0.0761455 secs] [Times: user=0.38 sys=0.00, real=0.07 secs] 
3504.410: [GC (Allocation Failure) [PSYoungGen: 393171K->184854K(465920K)] 1268638K->1110753K(1864192K), 0.0423572 secs] [Times: user=0.18 sys=0.00, real=0.04 secs] 
3504.579: [GC (Allocation Failure) [PSYoungGen: 417814K->186071K(465920K)] 1343713K->1184346K(1864192K), 0.0556138 secs] [Times: user=0.27 sys=0.00, real=0.05 secs] 
3504.740: [GC (Allocation Failure) [PSYoungGen: 419031K->180884K(465920K)] 1417306K->1238255K(1864192K), 0.0560066 secs] [Times: user=0.28 sys=0.00, real=0.05 secs] 
3505.981: [GC (Allocation Failure) [PSYoungGen: 413844K->90074K(465920K)] 1471215K->1215722K(1864192K), 0.0611773 secs] [Times: user=0.33 sys=0.00, real=0.06 secs] 
3506.335: [GC (Allocation Failure) [PSYoungGen: 323034K->185814K(465920K)] 1448682K->1340430K(1864192K), 0.0374050 secs] [Times: user=0.15 sys=0.00, real=0.04 secs] 
3506.478: [GC (Allocation Failure) [PSYoungGen: 418774K->185110K(465920K)] 1573390K->1396370K(1864192K), 0.0453152 secs] [Times: user=0.21 sys=0.00, real=0.04 secs] 
3506.666: [GC (Allocation Failure) [PSYoungGen: 418070K->186869K(465920K)] 1629330K->1454089K(1864192K), 0.0470096 secs] [Times: user=0.22 sys=0.00, real=0.04 secs] 
3508.840: [GC (Allocation Failure) [PSYoungGen: 419829K->102492K(465920K)] 1687049K->1440368K(1864192K), 0.0467481 secs] [Times: user=0.24 sys=0.00, real=0.05 secs] 
3508.887: [Full GC (Ergonomics) [PSYoungGen: 102492K->0K(465920K)] [ParOldGen: 1337876K->88644K(1398272K)] 1440368K->88644K(1864192K), [Metaspace: 60117K->60117K(1105920K)], 0.0335508 secs] [Times: user=0.10 sys=0.00, real=0.03 secs] 
3509.310: [GC (Allocation Failure) [PSYoungGen: 232960K->159411K(465920K)] 321604K->248056K(1864192K), 0.0337338 secs] [Times: user=0.13 sys=0.00, real=0.03 secs] 
3509.526: [GC (Allocation Failure) [PSYoungGen: 392371K->181013K(465920K)] 481016K->319438K(1864192K), 0.0406668 secs] [Times: user=0.18 sys=0.00, real=0.04 secs] 
3509.678: [GC (Allocation Failure) [PSYoungGen: 413973K->185783K(465920K)] 552398K->387772K(1864192K), 0.0493669 secs] [Times: user=0.23 sys=0.00, real=0.05 secs] 
3509.835: [GC (Allocation Failure) [PSYoungGen: 418743K->186741K(465920K)] 620732K->447682K(1864192K), 0.0580968 secs] [Times: user=0.27 sys=0.00, real=0.06 secs] 
3511.095: [GC (Allocation Failure) [PSYoungGen: 419701K->87290K(465920K)] 680642K->418539K(1864192K), 0.0462744 secs] [Times: user=0.24 sys=0.00, real=0.05 secs] 
3511.516: [GC (Allocation Failure) [PSYoungGen: 320250K->175285K(465920K)] 651499K->535587K(1864192K), 0.0498779 secs] [Times: user=0.22 sys=0.00, real=0.04 secs] 
3511.753: [GC (Allocation Failure) [PSYoungGen: 408245K->180245K(465920K)] 768547K->594735K(1864192K), 0.0423494 secs] [Times: user=0.19 sys=0.01, real=0.05 secs] 
3511.908: [GC (Allocation Failure) [PSYoungGen: 413205K->186741K(465920K)] 827695K->655783K(1864192K), 0.0492886 secs] [Times: user=0.23 sys=0.00, real=0.05 secs] 
3512.904: [GC (Allocation Failure) [PSYoungGen: 419701K->120238K(465920K)] 888743K->659649K(1864192K), 0.0478562 secs] [Times: user=0.24 sys=0.00, real=0.05 secs] 
3513.645: [GC (Allocation Failure) [PSYoungGen: 353198K->148849K(465920K)] 892609K->726347K(1864192K), 0.0965886 secs] [Times: user=0.52 sys=0.00, real=0.10 secs] 
3513.881: [GC (Allocation Failure) [PSYoungGen: 381809K->182485K(465920K)] 959307K->805644K(1864192K), 0.0397082 secs] [Times: user=0.17 sys=0.00, real=0.04 secs] 
3514.876: [GC (Allocation Failure) [PSYoungGen: 415445K->185143K(465920K)] 1038604K->871741K(1864192K), 0.0687849 secs] [Times: user=0.33 sys=0.01, real=0.06 secs] 
3515.511: [GC (Allocation Failure) [PSYoungGen: 418103K->181108K(465920K)] 1104701K->926323K(1864192K), 0.0661746 secs] [Times: user=0.34 sys=0.00, real=0.07 secs] 
3516.544: [GC (Allocation Failure) [PSYoungGen: 414068K->97291K(465920K)] 1159283K->910954K(1864192K), 0.0445321 secs] [Times: user=0.23 sys=0.00, real=0.05 secs] 
3517.156: [GC (Allocation Failure) [PSYoungGen: 330251K->175253K(465920K)] 1143914K->1020000K(1864192K), 0.0413547 secs] [Times: user=0.18 sys=0.00, real=0.04 secs] 
3517.306: [GC (Allocation Failure) [PSYoungGen: 408213K->179157K(465920K)] 1252960K->1078720K(1864192K), 0.0425228 secs] [Times: user=0.19 sys=0.00, real=0.04 secs] 
3517.454: [GC (Allocation Failure) [PSYoungGen: 412117K->186837K(465920K)] 1311680K->1141136K(1864192K), 0.0451166 secs] [Times: user=0.20 sys=0.00, real=0.05 secs] 
3518.437: [GC (Allocation Failure) [PSYoungGen: 419797K->132944K(465920K)] 1374096K->1157748K(1864192K), 0.0489793 secs] [Times: user=0.24 sys=0.00, real=0.05 secs] 
3519.126: [GC (Allocation Failure) [PSYoungGen: 365904K->134960K(465920K)] 1390708K->1201907K(1864192K), 0.0795089 secs] [Times: user=0.43 sys=0.00, real=0.08 secs] 
3519.319: [GC (Allocation Failure) [PSYoungGen: 367920K->175924K(465920K)] 1434867K->1286627K(1864192K), 0.0393954 secs] [Times: user=0.17 sys=0.00, real=0.04 secs] 
3519.497: [GC (Allocation Failure) [PSYoungGen: 408884K->185879K(465920K)] 1519587K->1358294K(1864192K), 0.0635162 secs] [Times: user=0.31 sys=0.00, real=0.06 secs] 
3519.680: [GC (Allocation Failure) [PSYoungGen: 418839K->186741K(465920K)] 1591254K->1418100K(1864192K), 0.0578028 secs] [Times: user=0.28 sys=0.00, real=0.06 secs] 
3520.713: [GC (Allocation Failure) [PSYoungGen: 419701K->95019K(465920K)] 1651060K->1396946K(1864192K), 0.0529512 secs] [Times: user=0.28 sys=0.00, real=0.06 secs] 
3521.155: [GC (Allocation Failure) [PSYoungGen: 327979K->174677K(465920K)] 1629906K->1507568K(1864192K), 0.0533001 secs] [Times: user=0.24 sys=0.00, real=0.06 secs] 
3521.208: [Full GC (Ergonomics) [PSYoungGen: 174677K->0K(465920K)] [ParOldGen: 1332891K->208100K(1398272K)] 1507568K->208100K(1864192K), [Metaspace: 60124K->60124K(1105920K)], 0.2538596 secs] [Times: user=1.17 sys=0.00, real=0.25 secs] 
3521.806: [GC (Allocation Failure) [PSYoungGen: 232960K->179701K(465920K)] 441060K->387802K(1864192K), 0.0379382 secs] [Times: user=0.14 sys=0.00, real=0.03 secs] 
3521.990: [GC (Allocation Failure) [PSYoungGen: 412661K->203093K(465920K)] 620762K->465570K(1864192K), 0.0446498 secs] [Times: user=0.20 sys=0.00, real=0.04 secs] 
3523.593: [GC (Allocation Failure) [PSYoungGen: 436053K->142801K(465920K)] 698530K->475950K(1864192K), 0.0498470 secs] [Times: user=0.24 sys=0.00, real=0.05 secs] 
3524.344: [GC (GCLocker Initiated GC) [PSYoungGen: 375761K->127151K(465920K)] 708910K->505516K(1864192K), 0.1408231 secs] [Times: user=0.79 sys=0.00, real=0.14 secs] 
3524.634: [GC (Allocation Failure) [PSYoungGen: 360111K->186869K(465920K)] 738515K->606462K(1864192K), 0.0376521 secs] [Times: user=0.16 sys=0.00, real=0.04 secs] 
3524.783: [GC (Allocation Failure) [PSYoungGen: 419829K->185751K(465920K)] 839422K->667632K(1864192K), 0.0488504 secs] [Times: user=0.23 sys=0.01, real=0.05 secs] 
3524.938: [GC (Allocation Failure) [PSYoungGen: 418711K->186645K(465920K)] 900592K->727398K(1864192K), 0.0575949 secs] [Times: user=0.29 sys=0.00, real=0.05 secs] 
3526.190: [GC (Allocation Failure) [PSYoungGen: 419605K->89674K(465920K)] 960358K->700883K(1864192K), 0.0598224 secs] [Times: user=0.32 sys=0.01, real=0.06 secs] 
3526.812: [GC (Allocation Failure) [PSYoungGen: 322634K->171604K(465920K)] 933843K->812726K(1864192K), 0.0477093 secs] [Times: user=0.21 sys=0.00, real=0.05 secs] 
3526.998: [GC (Allocation Failure) [PSYoungGen: 404564K->184758K(465920K)] 1045686K->879415K(1864192K), 0.0428713 secs] [Times: user=0.19 sys=0.00, real=0.04 secs] 
3527.144: [GC (Allocation Failure) [PSYoungGen: 417718K->219509K(465920K)] 1112375K->970183K(1864192K), 0.0472014 secs] [Times: user=0.21 sys=0.00, real=0.05 secs] 
3528.137: [GC (Allocation Failure) [PSYoungGen: 452469K->151282K(465920K)] 1203143K->972404K(1864192K), 0.0516859 secs] [Times: user=0.25 sys=0.00, real=0.05 secs] 
3528.616: [GC (Allocation Failure) [PSYoungGen: 384242K->121214K(465920K)] 1205364K->990288K(1864192K), 0.1309422 secs] [Times: user=0.73 sys=0.00, real=0.13 secs] 
3528.884: [GC (Allocation Failure) [PSYoungGen: 354174K->174388K(465920K)] 1223248K->1082218K(1864192K), 0.0387024 secs] [Times: user=0.16 sys=0.00, real=0.04 secs] 
3529.168: [GC (Allocation Failure) [PSYoungGen: 407348K->184855K(465920K)] 1315178K->1153533K(1864192K), 0.0510315 secs] [Times: user=0.24 sys=0.00, real=0.05 secs] 
3529.380: [GC (Allocation Failure) [PSYoungGen: 417815K->186133K(465920K)] 1386493K->1213539K(1864192K), 0.0608061 secs] [Times: user=0.30 sys=0.00, real=0.06 secs] 
3531.125: [GC (Allocation Failure) [PSYoungGen: 419093K->97003K(465920K)] 1446499K->1194610K(1864192K), 0.0565088 secs] [Times: user=0.30 sys=0.00, real=0.06 secs] 
3531.555: [GC (GCLocker Initiated GC) [PSYoungGen: 329963K->173013K(465920K)] 1427571K->1302097K(1864192K), 0.0527791 secs] [Times: user=0.24 sys=0.00, real=0.06 secs] 
3531.743: [GC (Allocation Failure) [PSYoungGen: 405973K->181525K(465920K)] 1535222K->1364722K(1864192K), 0.0446724 secs] [Times: user=0.20 sys=0.01, real=0.05 secs] 
3531.916: [GC (Allocation Failure) [PSYoungGen: 401752K->174837K(465920K)] 1584950K->1421475K(1864192K), 0.0651363 secs] [Times: user=0.32 sys=0.00, real=0.06 secs] 
3532.791: [GC (Allocation Failure) [PSYoungGen: 402694K->205042K(465920K)] 1649332K->1507128K(1864192K), 0.0553989 secs] [Times: user=0.28 sys=0.00, real=0.06 secs] 
3533.437: [GC (Allocation Failure) [PSYoungGen: 438002K->98251K(465920K)] 1740088K->1464616K(1864192K), 0.0713623 secs] [Times: user=0.38 sys=0.00, real=0.07 secs] 
3533.509: [Full GC (Ergonomics) [PSYoungGen: 98251K->0K(465920K)] [ParOldGen: 1366365K->115930K(1398272K)] 1464616K->115930K(1864192K), [Metaspace: 60133K->60133K(1105920K)], 0.1487507 secs] [Times: user=0.63 sys=0.00, real=0.15 secs] 
3534.024: [GC (Allocation Failure) [PSYoungGen: 232960K->176181K(465920K)] 348890K->292111K(1864192K), 0.0352068 secs] [Times: user=0.12 sys=0.00, real=0.04 secs] 
3534.192: [GC (Allocation Failure) [PSYoungGen: 409141K->193142K(465920K)] 525071K->363952K(1864192K), 0.0414308 secs] [Times: user=0.19 sys=0.00, real=0.04 secs] 
3534.336: [GC (GCLocker Initiated GC) [PSYoungGen: 426102K->182452K(465920K)] 596913K->409447K(1864192K), 0.0446519 secs] [Times: user=0.21 sys=0.00, real=0.05 secs] 
3535.351: [GC (Allocation Failure) [PSYoungGen: 415412K->104348K(465920K)] 642409K->400325K(1864192K), 0.0441558 secs] [Times: user=0.22 sys=0.00, real=0.04 secs] 
3535.729: [GC (Allocation Failure) [PSYoungGen: 337308K->171476K(465920K)] 633285K->502229K(1864192K), 0.0644691 secs] [Times: user=0.30 sys=0.00, real=0.06 secs] 
3535.972: [GC (GCLocker Initiated GC) [PSYoungGen: 404436K->175092K(465920K)] 735190K->559138K(1864192K), 0.0585601 secs] [Times: user=0.28 sys=0.00, real=0.06 secs] 
3536.153: [GC (Allocation Failure) [PSYoungGen: 408052K->185047K(465920K)] 792137K->630507K(1864192K), 0.0491593 secs] [Times: user=0.23 sys=0.00, real=0.05 secs] 
3536.597: [GC (Allocation Failure) [PSYoungGen: 418007K->182324K(465920K)] 863467K->686521K(1864192K), 0.0895938 secs] [Times: user=0.47 sys=0.00, real=0.09 secs] 
3537.830: [GC (Allocation Failure) [PSYoungGen: 415284K->94091K(465920K)] 919481K->667223K(1864192K), 0.0632415 secs] [Times: user=0.34 sys=0.00, real=0.06 secs] 
3538.134: [GC (Allocation Failure) [PSYoungGen: 327051K->182742K(465920K)] 900183K->785751K(1864192K), 0.0439498 secs] [Times: user=0.19 sys=0.00, real=0.05 secs] 
3538.288: [GC (Allocation Failure) [PSYoungGen: 415702K->184694K(465920K)] 1018711K->844827K(1864192K), 0.0442373 secs] [Times: user=0.20 sys=0.00, real=0.04 secs] 
3538.453: [GC (Allocation Failure) [PSYoungGen: 417654K->186517K(465920K)] 1077787K->902702K(1864192K), 0.0505711 secs] [Times: user=0.24 sys=0.00, real=0.05 secs] 
3539.480: [GC (GCLocker Initiated GC) [PSYoungGen: 419477K->98363K(465920K)] 1135663K->885006K(1864192K), 0.0470225 secs] [Times: user=0.23 sys=0.01, real=0.05 secs] 
3540.444: [GC (Allocation Failure) [PSYoungGen: 331323K->169331K(465920K)] 1118004K->987437K(1864192K), 0.0593531 secs] [Times: user=0.29 sys=0.00, real=0.06 secs] 
3540.627: [GC (Allocation Failure) [PSYoungGen: 402291K->181877K(465920K)] 1220397K->1052183K(1864192K), 0.0468897 secs] [Times: user=0.17 sys=0.00, real=0.04 secs] 
3540.787: [GC (Allocation Failure) [PSYoungGen: 414837K->185527K(465920K)] 1285143K->1119209K(1864192K), 0.0499969 secs] [Times: user=0.24 sys=0.00, real=0.05 secs] 
3540.942: [GC (Allocation Failure) [PSYoungGen: 418487K->183860K(465920K)] 1352169K->1176438K(1864192K), 0.0557648 secs] [Times: user=0.27 sys=0.00, real=0.06 secs] 
3542.002: [GC (Allocation Failure) [PSYoungGen: 416820K->90042K(465920K)] 1409398K->1152076K(1864192K), 0.0417307 secs] [Times: user=0.22 sys=0.00, real=0.04 secs] 
3542.215: [GC (Allocation Failure) [PSYoungGen: 323002K->182934K(465920K)] 1385036K->1274120K(1864192K), 0.0352470 secs] [Times: user=0.14 sys=0.00, real=0.04 secs] 
3542.394: [GC (GCLocker Initiated GC) [PSYoungGen: 415894K->182101K(465920K)] 1507081K->1330040K(1864192K), 0.0494857 secs] [Times: user=0.23 sys=0.00, real=0.05 secs] 
3542.569: [GC (Allocation Failure) [PSYoungGen: 415061K->183636K(465920K)] 1563039K->1386878K(1864192K), 0.0491823 secs] [Times: user=0.23 sys=0.00, real=0.05 secs] 
3543.580: [GC (Allocation Failure) [PSYoungGen: 416596K->105900K(465920K)] 1619838K->1378582K(1864192K), 0.0463236 secs] [Times: user=0.24 sys=0.00, real=0.05 secs] 
3543.996: [GC (Allocation Failure) [PSYoungGen: 338860K->162099K(465920K)] 1611542K->1469984K(1864192K), 0.0957253 secs] [Times: user=0.50 sys=0.00, real=0.09 secs] 
3544.235: [GC (Allocation Failure) [PSYoungGen: 395059K->192438K(465920K)] 1702944K->1550323K(1864192K), 0.0432992 secs] [Times: user=0.20 sys=0.00, real=0.05 secs] 
3544.279: [Full GC (Ergonomics) [PSYoungGen: 192438K->0K(465920K)] [ParOldGen: 1357885K->253641K(1398272K)] 1550323K->253641K(1864192K), [Metaspace: 60134K->60134K(1105920K)], 0.3075292 secs] [Times: user=1.40 sys=0.00, real=0.31 secs] 
3544.695: [GC (Allocation Failure) [PSYoungGen: 232960K->184855K(465920K)] 486601K->438496K(1864192K), 0.0872283 secs] [Times: user=0.46 sys=0.00, real=0.09 secs] 
3545.217: [GC (Allocation Failure) [PSYoungGen: 417815K->185877K(465920K)] 671456K->498062K(1864192K), 0.0585571 secs] [Times: user=0.29 sys=0.00, real=0.05 secs] 
3546.385: [GC (Allocation Failure) [PSYoungGen: 418837K->83881K(465920K)] 731022K->466211K(1864192K), 0.0826713 secs] [Times: user=0.45 sys=0.00, real=0.09 secs] 
3547.027: [GC (Allocation Failure) [PSYoungGen: 316816K->178485K(465920K)] 699145K->588960K(1864192K), 0.0440766 secs] [Times: user=0.19 sys=0.00, real=0.04 secs] 
3547.190: [GC (Allocation Failure) [PSYoungGen: 411445K->181717K(465920K)] 821920K->647472K(1864192K), 0.0427629 secs] [Times: user=0.19 sys=0.00, real=0.04 secs] 
3547.339: [GC (Allocation Failure) [PSYoungGen: 414677K->186933K(465920K)] 880432K->707856K(1864192K), 0.0449685 secs] [Times: user=0.21 sys=0.00, real=0.04 secs] 
3548.321: [GC (Allocation Failure) [PSYoungGen: 419893K->113534K(465920K)] 940816K->704924K(1864192K), 0.0459258 secs] [Times: user=0.23 sys=0.00, real=0.05 secs] 
3548.730: [GC (Allocation Failure) [PSYoungGen: 346494K->152402K(465920K)] 937884K->780697K(1864192K), 0.0574894 secs] [Times: user=0.29 sys=0.00, real=0.06 secs] 
3548.927: [GC (Allocation Failure) [PSYoungGen: 385362K->188277K(465920K)] 1013657K->863708K(1864192K), 0.0595597 secs] [Times: user=0.27 sys=0.01, real=0.06 secs] 
3549.161: [GC (Allocation Failure) [PSYoungGen: 421237K->185591K(465920K)] 1096668K->923926K(1864192K), 0.0689391 secs] [Times: user=0.34 sys=0.00, real=0.07 secs] 
3549.906: [GC (GCLocker Initiated GC) [PSYoungGen: 418551K->182388K(465920K)] 1156886K->979692K(1864192K), 0.0918886 secs] [Times: user=0.48 sys=0.00, real=0.10 secs] 
3551.012: [GC (Allocation Failure) [PSYoungGen: 415348K->91322K(465920K)] 1212818K->957800K(1864192K), 0.0615194 secs] [Times: user=0.33 sys=0.00, real=0.06 secs] 
3551.586: [GC (Allocation Failure) [PSYoungGen: 324282K->177141K(465920K)] 1190760K->1072456K(1864192K), 0.0467149 secs] [Times: user=0.19 sys=0.01, real=0.05 secs] 
3551.802: [GC (Allocation Failure) [PSYoungGen: 410101K->184534K(465920K)] 1305416K->1135344K(1864192K), 0.0582038 secs] [Times: user=0.27 sys=0.00, real=0.06 secs] 
3551.984: [GC (Allocation Failure) [PSYoungGen: 417494K->187029K(465920K)] 1368304K->1193752K(1864192K), 0.0465242 secs] [Times: user=0.21 sys=0.00, real=0.05 secs] 
3552.995: [GC (Allocation Failure) [PSYoungGen: 419989K->122159K(465920K)] 1426712K->1199498K(1864192K), 0.0484787 secs] [Times: user=0.25 sys=0.00, real=0.05 secs] 
3554.125: [GC (Allocation Failure) [PSYoungGen: 355119K->141617K(465920K)] 1432458K->1257560K(1864192K), 0.1178805 secs] [Times: user=0.64 sys=0.00, real=0.12 secs] 
3554.389: [GC (Allocation Failure) [PSYoungGen: 374577K->184276K(465920K)] 1490520K->1345891K(1864192K), 0.0399460 secs] [Times: user=0.17 sys=0.00, real=0.04 secs] 
3554.556: [GC (Allocation Failure) [PSYoungGen: 417236K->185143K(465920K)] 1578851K->1416237K(1864192K), 0.0555214 secs] [Times: user=0.27 sys=0.00, real=0.05 secs] 
3554.732: [GC (Allocation Failure) [PSYoungGen: 418103K->187029K(465920K)] 1649197K->1476763K(1864192K), 0.0572429 secs] [Times: user=0.28 sys=0.00, real=0.06 secs] 
3555.778: [GC (Allocation Failure) [PSYoungGen: 419989K->90506K(465920K)] 1709723K->1450725K(1864192K), 0.0439795 secs] [Times: user=0.23 sys=0.00, real=0.04 secs] 
3555.822: [Full GC (Ergonomics) [PSYoungGen: 90506K->0K(465920K)] [ParOldGen: 1360218K->96072K(1398272K)] 1450725K->96072K(1864192K), [Metaspace: 60134K->60134K(1105920K)], 0.0738609 secs] [Times: user=0.28 sys=0.00, real=0.07 secs] 
3556.088: [GC (Allocation Failure) [PSYoungGen: 232960K->178645K(465920K)] 329032K->274717K(1864192K), 0.0335203 secs] [Times: user=0.12 sys=0.01, real=0.03 secs] 
3556.249: [GC (Allocation Failure) [PSYoungGen: 411605K->181013K(465920K)] 507677K->332733K(1864192K), 0.0418477 secs] [Times: user=0.19 sys=0.00, real=0.04 secs] 
3556.430: [GC (Allocation Failure) [PSYoungGen: 413973K->186389K(465920K)] 565693K->392901K(1864192K), 0.0475344 secs] [Times: user=0.23 sys=0.00, real=0.05 secs] 
3557.900: [GC (Allocation Failure) [PSYoungGen: 419349K->135120K(465920K)] 625861K->411961K(1864192K), 0.0485894 secs] [Times: user=0.24 sys=0.00, real=0.05 secs] 
3558.337: [GC (Allocation Failure) [PSYoungGen: 368080K->135424K(465920K)] 644921K->455208K(1864192K), 0.1234556 secs] [Times: user=0.68 sys=0.01, real=0.12 secs] 
3558.600: [GC (Allocation Failure) [PSYoungGen: 368384K->178101K(465920K)] 688168K->540682K(1864192K), 0.0384352 secs] [Times: user=0.17 sys=0.00, real=0.04 secs] 
3558.745: [GC (Allocation Failure) [PSYoungGen: 411061K->185719K(465920K)] 773642K->610836K(1864192K), 0.0491754 secs] [Times: user=0.23 sys=0.00, real=0.05 secs] 
3558.897: [GC (Allocation Failure) [PSYoungGen: 418679K->186549K(465920K)] 843796K->670658K(1864192K), 0.0575106 secs] [Times: user=0.29 sys=0.00, real=0.05 secs] 
3560.292: [GC (Allocation Failure) [PSYoungGen: 419509K->88874K(465920K)] 903618K->643383K(1864192K), 0.0955272 secs] [Times: user=0.52 sys=0.00, real=0.10 secs] 
3561.195: [GC (Allocation Failure) [PSYoungGen: 321834K->171348K(465920K)] 876343K->755654K(1864192K), 0.0461284 secs] [Times: user=0.18 sys=0.00, real=0.05 secs] 
3561.427: [GC (Allocation Failure) [PSYoungGen: 404308K->181397K(465920K)] 988614K->818687K(1864192K), 0.0629298 secs] [Times: user=0.30 sys=0.00, real=0.06 secs] 
3561.641: [GC (Allocation Failure) [PSYoungGen: 414357K->186741K(465920K)] 1051647K->878839K(1864192K), 0.0576557 secs] [Times: user=0.28 sys=0.01, real=0.06 secs] 
3562.623: [GC (Allocation Failure) [PSYoungGen: 419701K->147762K(465920K)] 1111799K->910360K(1864192K), 0.0507315 secs] [Times: user=0.25 sys=0.00, real=0.05 secs] 
3563.080: [GC (Allocation Failure) [PSYoungGen: 380722K->128367K(465920K)] 1143320K->937701K(1864192K), 0.1393413 secs] [Times: user=0.77 sys=0.00, real=0.14 secs] 
3563.374: [GC (Allocation Failure) [PSYoungGen: 361327K->178165K(465920K)] 1170661K->1028092K(1864192K), 0.0380025 secs] [Times: user=0.16 sys=0.00, real=0.04 secs] 
3563.519: [GC (Allocation Failure) [PSYoungGen: 411125K->182166K(465920K)] 1261052K->1094285K(1864192K), 0.0499223 secs] [Times: user=0.23 sys=0.01, real=0.05 secs] 
3563.920: [GC (Allocation Failure) [PSYoungGen: 415126K->181748K(465920K)] 1327245K->1151539K(1864192K), 0.0807654 secs] [Times: user=0.41 sys=0.00, real=0.08 secs] 
3564.968: [GC (Allocation Failure) [PSYoungGen: 414708K->96683K(465920K)] 1384499K->1135442K(1864192K), 0.0483407 secs] [Times: user=0.25 sys=0.00, real=0.05 secs] 
3565.263: [GC (Allocation Failure) [PSYoungGen: 329643K->173333K(465920K)] 1368405K->1243910K(1864192K), 0.0372690 secs] [Times: user=0.16 sys=0.00, real=0.04 secs] 
3565.430: [GC (Allocation Failure) [PSYoungGen: 406293K->183989K(465920K)] 1476870K->1308263K(1864192K), 0.0498012 secs] [Times: user=0.24 sys=0.00, real=0.05 secs] 
3565.607: [GC (Allocation Failure) [PSYoungGen: 416949K->187061K(465920K)] 1541223K->1367134K(1864192K), 0.0482863 secs] [Times: user=0.23 sys=0.00, real=0.04 secs] 
3566.546: [GC (Allocation Failure) [PSYoungGen: 420021K->150354K(465920K)] 1600094K->1401140K(1864192K), 0.0533091 secs] [Times: user=0.26 sys=0.00, real=0.05 secs] 
3567.051: [GC (Allocation Failure) [PSYoungGen: 383314K->120366K(465920K)] 1634100K->1418760K(1864192K), 0.1404752 secs] [Times: user=0.78 sys=0.01, real=0.14 secs] 
3567.335: [GC (Allocation Failure) [PSYoungGen: 353326K->178677K(465920K)] 1651720K->1516551K(1864192K), 0.0388424 secs] [Times: user=0.17 sys=0.00, real=0.04 secs] 
3567.374: [Full GC (Ergonomics) [PSYoungGen: 178677K->0K(465920K)] [ParOldGen: 1337874K->235733K(1398272K)] 1516551K->235733K(1864192K), [Metaspace: 60134K->60134K(1105920K)], 0.2705763 secs] [Times: user=1.21 sys=0.00, real=0.27 secs] 
3567.761: [GC (Allocation Failure) [PSYoungGen: 232960K->185559K(465920K)] 468693K->421292K(1864192K), 0.0872434 secs] [Times: user=0.45 sys=0.00, real=0.09 secs] 
3567.953: [GC (Allocation Failure) [PSYoungGen: 418519K->186677K(465920K)] 654252K->481434K(1864192K), 0.0581255 secs] [Times: user=0.29 sys=0.01, real=0.06 secs] 
3568.965: [GC (GCLocker Initiated GC) [PSYoungGen: 419637K->91547K(465920K)] 714397K->456667K(1864192K), 0.0478480 secs] [Times: user=0.25 sys=0.00, real=0.05 secs] 
3569.392: [GC (Allocation Failure) [PSYoungGen: 324507K->178517K(465920K)] 689758K->573561K(1864192K), 0.0506650 secs] [Times: user=0.23 sys=0.00, real=0.05 secs] 
3569.579: [GC (Allocation Failure) [PSYoungGen: 411477K->184918K(465920K)] 806521K->634930K(1864192K), 0.0431658 secs] [Times: user=0.19 sys=0.00, real=0.04 secs] 
3569.725: [GC (Allocation Failure) [PSYoungGen: 417878K->187605K(465920K)] 867890K->693537K(1864192K), 0.0458130 secs] [Times: user=0.21 sys=0.00, real=0.05 secs] 
3570.635: [GC (Allocation Failure) [PSYoungGen: 420565K->151378K(465920K)] 926497K->728055K(1864192K), 0.0509118 secs] [Times: user=0.25 sys=0.01, real=0.05 secs] 
3570.999: [GC (Allocation Failure) [PSYoungGen: 384338K->116334K(465920K)] 961015K->741062K(1864192K), 0.0805268 secs] [Times: user=0.44 sys=0.00, real=0.08 secs] 
3571.429: [GC (Allocation Failure) [PSYoungGen: 349294K->178325K(465920K)] 974022K->840585K(1864192K), 0.0579464 secs] [Times: user=0.26 sys=0.00, real=0.06 secs] 
3571.681: [GC (Allocation Failure) [PSYoungGen: 411285K->184631K(465920K)] 1073545K->908971K(1864192K), 0.0630386 secs] [Times: user=0.31 sys=0.00, real=0.06 secs] 
3572.000: [GC (Allocation Failure) [PSYoungGen: 417591K->183988K(465920K)] 1141931K->967049K(1864192K), 0.0770662 secs] [Times: user=0.40 sys=0.00, real=0.08 secs] 
3573.162: [GC (Allocation Failure) [PSYoungGen: 416948K->94731K(465920K)] 1200009K->947344K(1864192K), 0.0576770 secs] [Times: user=0.31 sys=0.00, real=0.06 secs] 
3573.967: [GC (Allocation Failure) [PSYoungGen: 327691K->170196K(465920K)] 1180304K->1053194K(1864192K), 0.0516374 secs] [Times: user=0.23 sys=0.00, real=0.05 secs] 
3574.216: [GC (Allocation Failure) [PSYoungGen: 403156K->183893K(465920K)] 1286154K->1120219K(1864192K), 0.0603585 secs] [Times: user=0.29 sys=0.00, real=0.06 secs] 
3574.391: [GC (Allocation Failure) [PSYoungGen: 412398K->180566K(465920K)] 1348723K->1180876K(1864192K), 0.0504187 secs] [Times: user=0.24 sys=0.00, real=0.05 secs] 
3575.214: [GC (Allocation Failure) [PSYoungGen: 408738K->206163K(465920K)] 1409047K->1263824K(1864192K), 0.0545575 secs] [Times: user=0.27 sys=0.00, real=0.06 secs] 
3576.410: [GC (Allocation Failure) [PSYoungGen: 439123K->93931K(465920K)] 1496784K->1216252K(1864192K), 0.0896096 secs] [Times: user=0.48 sys=0.00, real=0.09 secs] 
3576.685: [GC (Allocation Failure) [PSYoungGen: 326891K->180405K(465920K)] 1449212K->1333372K(1864192K), 0.0355956 secs] [Times: user=0.14 sys=0.00, real=0.04 secs] 
3576.829: [GC (Allocation Failure) [PSYoungGen: 413365K->184662K(465920K)] 1566332K->1393724K(1864192K), 0.0449775 secs] [Times: user=0.20 sys=0.00, real=0.04 secs] 
3576.979: [GC (Allocation Failure) [PSYoungGen: 417622K->186869K(465920K)] 1626684K->1451988K(1864192K), 0.0461859 secs] [Times: user=0.22 sys=0.00, real=0.04 secs] 
3578.052: [GC (Allocation Failure) [PSYoungGen: 419829K->98844K(465920K)] 1684948K->1434474K(1864192K), 0.0452206 secs] [Times: user=0.23 sys=0.00, real=0.05 secs] 
3578.097: [Full GC (Ergonomics) [PSYoungGen: 98844K->0K(465920K)] [ParOldGen: 1335630K->88767K(1398272K)] 1434474K->88767K(1864192K), [Metaspace: 60146K->60146K(1105920K)], 0.0328878 secs] [Times: user=0.10 sys=0.00, real=0.03 secs] 
3578.285: [GC (Allocation Failure) [PSYoungGen: 232960K->170388K(465920K)] 321727K->259156K(1864192K), 0.0312598 secs] [Times: user=0.12 sys=0.00, real=0.04 secs] 
3578.756: [GC (GCLocker Initiated GC) [PSYoungGen: 403348K->179253K(465920K)] 492116K->320684K(1864192K), 0.0822097 secs] [Times: user=0.40 sys=0.00, real=0.08 secs] 
3579.018: [GC (Allocation Failure) [PSYoungGen: 412213K->185431K(465920K)] 553647K->389273K(1864192K), 0.0496428 secs] [Times: user=0.23 sys=0.00, real=0.05 secs] 
3579.305: [GC (Allocation Failure) [PSYoungGen: 418175K->218165K(465920K)] 622017K->480807K(1864192K), 0.0553697 secs] [Times: user=0.27 sys=0.00, real=0.06 secs] 
3580.311: [GC (Allocation Failure) [PSYoungGen: 451125K->91978K(465920K)] 713767K->424405K(1864192K), 0.0534254 secs] [Times: user=0.29 sys=0.00, real=0.05 secs] 
3580.813: [GC (Allocation Failure) [PSYoungGen: 324938K->181270K(465920K)] 657365K->542317K(1864192K), 0.0471967 secs] [Times: user=0.21 sys=0.00, real=0.05 secs] 
3580.991: [GC (Allocation Failure) [PSYoungGen: 414230K->181909K(465920K)] 775277K->599625K(1864192K), 0.0433503 secs] [Times: user=0.20 sys=0.00, real=0.04 secs] 
3581.141: [GC (Allocation Failure) [PSYoungGen: 414869K->186709K(465920K)] 832585K->659904K(1864192K), 0.0452745 secs] [Times: user=0.21 sys=0.00, real=0.05 secs] 
3582.139: [GC (Allocation Failure) [PSYoungGen: 419669K->100844K(465920K)] 892864K->644543K(1864192K), 0.0454481 secs] [Times: user=0.23 sys=0.00, real=0.04 secs] 
3583.340: [GC (Allocation Failure) [PSYoungGen: 333804K->158739K(465920K)] 877503K->734763K(1864192K), 0.0730470 secs] [Times: user=0.36 sys=0.00, real=0.07 secs] 
3583.566: [GC (Allocation Failure) [PSYoungGen: 391699K->184182K(465920K)] 967723K->810394K(1864192K), 0.0415880 secs] [Times: user=0.18 sys=0.01, real=0.05 secs] 
3583.737: [GC (Allocation Failure) [PSYoungGen: 417142K->185655K(465920K)] 1043354K->875987K(1864192K), 0.0556688 secs] [Times: user=0.27 sys=0.00, real=0.05 secs] 
3583.919: [GC (Allocation Failure) [PSYoungGen: 418615K->186325K(465920K)] 1108947K->935545K(1864192K), 0.0566065 secs] [Times: user=0.27 sys=0.00, real=0.06 secs] 
3584.888: [GC (Allocation Failure) [PSYoungGen: 419285K->89002K(465920K)] 1168505K->908655K(1864192K), 0.0407802 secs] [Times: user=0.21 sys=0.00, real=0.04 secs] 
3585.307: [GC (Allocation Failure) [PSYoungGen: 321962K->174677K(465920K)] 1141615K->1023133K(1864192K), 0.0485763 secs] [Times: user=0.21 sys=0.00, real=0.05 secs] 
3585.565: [GC (Allocation Failure) [PSYoungGen: 407637K->184117K(465920K)] 1256093K->1086741K(1864192K), 0.0604888 secs] [Times: user=0.29 sys=0.00, real=0.06 secs] 
3586.129: [GC (Allocation Failure) [PSYoungGen: 417077K->186901K(465920K)] 1319701K->1145277K(1864192K), 0.0790940 secs] [Times: user=0.39 sys=0.00, real=0.08 secs] 
3587.895: [GC (Allocation Failure) [PSYoungGen: 419861K->110669K(465920K)] 1378237K->1139533K(1864192K), 0.0468283 secs] [Times: user=0.24 sys=0.00, real=0.05 secs] 
3588.188: [GC (Allocation Failure) [PSYoungGen: 343590K->156338K(465920K)] 1372454K->1221823K(1864192K), 0.0933050 secs] [Times: user=0.48 sys=0.00, real=0.09 secs] 
3588.431: [GC (Allocation Failure) [PSYoungGen: 389298K->183765K(465920K)] 1454783K->1297906K(1864192K), 0.0418867 secs] [Times: user=0.18 sys=0.00, real=0.04 secs] 
3588.585: [GC (Allocation Failure) [PSYoungGen: 416725K->185527K(465920K)] 1530866K->1363923K(1864192K), 0.0510617 secs] [Times: user=0.24 sys=0.00, real=0.05 secs] 
3588.781: [GC (Allocation Failure) [PSYoungGen: 418487K->183348K(465920K)] 1596883K->1420809K(1864192K), 0.0790039 secs] [Times: user=0.41 sys=0.00, real=0.08 secs] 
3590.070: [GC (Allocation Failure) [PSYoungGen: 416308K->90730K(465920K)] 1653769K->1397463K(1864192K), 0.0646636 secs] [Times: user=0.35 sys=0.00, real=0.06 secs] 
3590.417: [GC (Allocation Failure) [PSYoungGen: 323690K->176501K(465920K)] 1630423K->1513590K(1864192K), 0.0442564 secs] [Times: user=0.20 sys=0.00, real=0.04 secs] 
3590.461: [Full GC (Ergonomics) [PSYoungGen: 176501K->0K(465920K)] [ParOldGen: 1337089K->217963K(1398272K)] 1513590K->217963K(1864192K), [Metaspace: 60146K->60146K(1105920K)], 0.2473990 secs] [Times: user=1.11 sys=0.00, real=0.25 secs] 
3590.819: [GC (Allocation Failure) [PSYoungGen: 232960K->184598K(465920K)] 450923K->402561K(1864192K), 0.0267910 secs] [Times: user=0.10 sys=0.00, real=0.02 secs] 
3590.947: [GC (Allocation Failure) [PSYoungGen: 417558K->180372K(465920K)] 635521K->454167K(1864192K), 0.0446040 secs] [Times: user=0.21 sys=0.00, real=0.04 secs] 
3591.943: [GC (Allocation Failure) [PSYoungGen: 413332K->122767K(465920K)] 687127K->464866K(1864192K), 0.0465031 secs] [Times: user=0.24 sys=0.00, real=0.05 secs] 
3592.470: [GC (Allocation Failure) [PSYoungGen: 355653K->148241K(465920K)] 697752K->529846K(1864192K), 0.0767790 secs] [Times: user=0.41 sys=0.00, real=0.08 secs] 
3592.687: [GC (Allocation Failure) [PSYoungGen: 381201K->177141K(465920K)] 762806K->605216K(1864192K), 0.0542983 secs] [Times: user=0.24 sys=0.01, real=0.05 secs] 
3592.873: [GC (Allocation Failure) [PSYoungGen: 410101K->185143K(465920K)] 838176K->674891K(1864192K), 0.0492685 secs] [Times: user=0.22 sys=0.01, real=0.05 secs] 
3593.026: [GC (Allocation Failure) [PSYoungGen: 418103K->186677K(465920K)] 907851K->735225K(1864192K), 0.0566421 secs] [Times: user=0.28 sys=0.00, real=0.05 secs] 
3594.840: [GC (Allocation Failure) [PSYoungGen: 419637K->98347K(465920K)] 968185K->717383K(1864192K), 0.0553210 secs] [Times: user=0.29 sys=0.00, real=0.05 secs] 
3595.182: [GC (GCLocker Initiated GC) [PSYoungGen: 331307K->175285K(465920K)] 950343K->825962K(1864192K), 0.0463014 secs] [Times: user=0.20 sys=0.01, real=0.05 secs] 
3595.355: [GC (Allocation Failure) [PSYoungGen: 408245K->184470K(465920K)] 1059216K->890325K(1864192K), 0.0448506 secs] [Times: user=0.20 sys=0.00, real=0.05 secs] 
3595.505: [GC (Allocation Failure) [PSYoungGen: 417430K->183540K(465920K)] 1123285K->945460K(1864192K), 0.0465112 secs] [Times: user=0.22 sys=0.00, real=0.05 secs] 
3596.578: [GC (Allocation Failure) [PSYoungGen: 416500K->124335K(465920K)] 1178420K->955607K(1864192K), 0.0490888 secs] [Times: user=0.25 sys=0.00, real=0.05 secs] 
3597.352: [GC (Allocation Failure) [PSYoungGen: 355937K->141553K(465920K)] 1187209K->1012304K(1864192K), 0.1100273 secs] [Times: user=0.59 sys=0.00, real=0.11 secs] 
3597.655: [GC (Allocation Failure) [PSYoungGen: 374513K->176084K(465920K)] 1245264K->1092697K(1864192K), 0.0488538 secs] [Times: user=0.22 sys=0.00, real=0.05 secs] 
3597.816: [GC (Allocation Failure) [PSYoungGen: 409044K->185655K(465920K)] 1325657K->1164100K(1864192K), 0.0501323 secs] [Times: user=0.24 sys=0.00, real=0.05 secs] 
3597.986: [GC (Allocation Failure) [PSYoungGen: 418615K->180820K(465920K)] 1397060K->1218081K(1864192K), 0.0613274 secs] [Times: user=0.30 sys=0.00, real=0.07 secs] 
3599.035: [GC (Allocation Failure) [PSYoungGen: 413780K->96731K(465920K)] 1451041K->1202152K(1864192K), 0.0431666 secs] [Times: user=0.23 sys=0.00, real=0.05 secs] 
3599.340: [GC (Allocation Failure) [PSYoungGen: 329691K->175573K(465920K)] 1435112K->1312383K(1864192K), 0.0496754 secs] [Times: user=0.22 sys=0.00, real=0.05 secs] 
3599.539: [GC (Allocation Failure) [PSYoungGen: 408533K->181333K(465920K)] 1545343K->1373219K(1864192K), 0.0443528 secs] [Times: user=0.20 sys=0.00, real=0.04 secs] 
3599.687: [GC (Allocation Failure) [PSYoungGen: 414293K->183348K(465920K)] 1606179K->1429978K(1864192K), 0.0462599 secs] [Times: user=0.21 sys=0.01, real=0.04 secs] 
3600.803: [GC (Allocation Failure) [PSYoungGen: 416308K->141521K(465920K)] 1662938K->1457591K(1864192K), 0.0537274 secs] [Times: user=0.24 sys=0.00, real=0.06 secs] 
3600.857: [Full GC (Ergonomics) [PSYoungGen: 141521K->0K(465920K)] [ParOldGen: 1316069K->350885K(1398272K)] 1457591K->350885K(1864192K), [Metaspace: 60146K->60146K(1105920K)], 0.5808890 secs] [Times: user=2.52 sys=0.00, real=0.58 secs] 
3601.758: [GC (Allocation Failure) [PSYoungGen: 232960K->127263K(465920K)] 583845K->478156K(1864192K), 0.0241218 secs] [Times: user=0.09 sys=0.00, real=0.02 secs] 
3601.912: [GC (Allocation Failure) [PSYoungGen: 360223K->178197K(465920K)] 711116K->569439K(1864192K), 0.0374731 secs] [Times: user=0.16 sys=0.00, real=0.04 secs] 
3602.059: [GC (Allocation Failure) [PSYoungGen: 411157K->185591K(465920K)] 802399K->639245K(1864192K), 0.0511300 secs] [Times: user=0.23 sys=0.00, real=0.05 secs] 
3602.218: [GC (Allocation Failure) [PSYoungGen: 418551K->186709K(465920K)] 872205K->699479K(1864192K), 0.0569733 secs] [Times: user=0.28 sys=0.00, real=0.05 secs] 
3603.559: [GC (Allocation Failure) [PSYoungGen: 419669K->88506K(465920K)] 932439K->671664K(1864192K), 0.0612743 secs] [Times: user=0.33 sys=0.00, real=0.06 secs] 
3604.272: [GC (Allocation Failure) [PSYoungGen: 321466K->174837K(465920K)] 904624K->787508K(1864192K), 0.0436441 secs] [Times: user=0.18 sys=0.00, real=0.04 secs] 
3604.474: [GC (Allocation Failure) [PSYoungGen: 407797K->181717K(465920K)] 1020468K->848592K(1864192K), 0.0625743 secs] [Times: user=0.30 sys=0.00, real=0.07 secs] 
3604.698: [GC (Allocation Failure) [PSYoungGen: 414677K->187285K(465920K)] 1081552K->909080K(1864192K), 0.0630874 secs] [Times: user=0.31 sys=0.00, real=0.06 secs] 
3605.636: [GC (Allocation Failure) [PSYoungGen: 420245K->151570K(465920K)] 1142040K->944062K(1864192K), 0.0520627 secs] [Times: user=0.25 sys=0.00, real=0.05 secs] 
3606.309: [GC (Allocation Failure) [PSYoungGen: 384530K->114893K(465920K)] 1177022K->955536K(1864192K), 0.1828765 secs] [Times: user=1.04 sys=0.00, real=0.18 secs] 
3606.651: [GC (Allocation Failure) [PSYoungGen: 347853K->178549K(465920K)] 1188496K->1056152K(1864192K), 0.0378278 secs] [Times: user=0.16 sys=0.00, real=0.04 secs] 
3606.799: [GC (Allocation Failure) [PSYoungGen: 411509K->185463K(465920K)] 1289112K->1125394K(1864192K), 0.0507507 secs] [Times: user=0.23 sys=0.00, real=0.05 secs] 
3606.961: [GC (Allocation Failure) [PSYoungGen: 418423K->183092K(465920K)] 1358354K->1181960K(1864192K), 0.0584174 secs] [Times: user=0.29 sys=0.00, real=0.06 secs] 
3607.959: [GC (Allocation Failure) [PSYoungGen: 416052K->97483K(465920K)] 1414920K->1165583K(1864192K), 0.0475359 secs] [Times: user=0.25 sys=0.00, real=0.05 secs] 
3608.338: [GC (GCLocker Initiated GC) [PSYoungGen: 330443K->170708K(465920K)] 1398543K->1270919K(1864192K), 0.0645301 secs] [Times: user=0.30 sys=0.00, real=0.06 secs] 
3608.623: [GC (GCLocker Initiated GC) [PSYoungGen: 403668K->182677K(465920K)] 1503881K->1336138K(1864192K), 0.0501914 secs] [Times: user=0.24 sys=0.00, real=0.05 secs] 
3608.802: [GC (Allocation Failure) [PSYoungGen: 415637K->182134K(465920K)] 1585484K->1407517K(1864192K), 0.1759579 secs] [Times: user=0.98 sys=0.00, real=0.18 secs] 
3610.170: [GC (Allocation Failure) [PSYoungGen: 415094K->149874K(465920K)] 1640477K->1433121K(1864192K), 0.1594538 secs] [Times: user=0.90 sys=0.00, real=0.16 secs] 
3611.668: [GC (GCLocker Initiated GC) [PSYoungGen: 382834K->112749K(465920K)] 1666081K->1443379K(1864192K), 0.1738567 secs] [Times: user=0.99 sys=0.00, real=0.17 secs] 
3611.842: [Full GC (Ergonomics) [PSYoungGen: 112749K->0K(465920K)] [ParOldGen: 1330630K->130161K(1398272K)] 1443379K->130161K(1864192K), [Metaspace: 60272K->60272K(1105920K)], 0.1685311 secs] [Times: user=0.78 sys=0.00, real=0.17 secs] 
3612.136: [GC (Allocation Failure) [PSYoungGen: 232960K->175988K(465920K)] 363288K->306317K(1864192K), 0.0261688 secs] [Times: user=0.09 sys=0.00, real=0.02 secs] 
3612.282: [GC (Allocation Failure) [PSYoungGen: 408948K->185399K(465920K)] 539277K->377399K(1864192K), 0.0469005 secs] [Times: user=0.22 sys=0.00, real=0.05 secs] 
3612.459: [GC (Allocation Failure) [PSYoungGen: 418359K->186805K(465920K)] 610359K->437745K(1864192K), 0.0589282 secs] [Times: user=0.27 sys=0.00, real=0.06 secs] 
3613.545: [GC (Allocation Failure) [PSYoungGen: 419765K->92123K(465920K)] 670705K->413563K(1864192K), 0.0460978 secs] [Times: user=0.24 sys=0.01, real=0.05 secs] 
3614.102: [GC (Allocation Failure) [PSYoungGen: 325083K->170452K(465920K)] 646523K->521962K(1864192K), 0.0556926 secs] [Times: user=0.26 sys=0.00, real=0.06 secs] 
3614.290: [GC (Allocation Failure) [PSYoungGen: 403412K->184214K(465920K)] 754922K->588928K(1864192K), 0.0422023 secs] [Times: user=0.19 sys=0.00, real=0.04 secs] 
3614.440: [GC (Allocation Failure) [PSYoungGen: 417174K->185911K(465920K)] 821888K->654513K(1864192K), 0.0497274 secs] [Times: user=0.23 sys=0.00, real=0.05 secs] 
3615.432: [GC (Allocation Failure) [PSYoungGen: 418871K->168979K(465920K)] 887473K->696701K(1864192K), 0.0546307 secs] [Times: user=0.27 sys=0.00, real=0.06 secs] 
3615.974: [GC (Allocation Failure) [PSYoungGen: 401939K->104268K(465920K)] 929661K->696798K(1864192K), 0.0857673 secs] [Times: user=0.45 sys=0.00, real=0.09 secs] 
3616.296: [GC (Allocation Failure) [PSYoungGen: 332075K->177589K(465920K)] 924605K->803884K(1864192K), 0.0481976 secs] [Times: user=0.22 sys=0.00, real=0.04 secs] 
3616.627: [GC (Allocation Failure) [PSYoungGen: 410549K->180853K(465920K)] 1036844K->862139K(1864192K), 0.0605318 secs] [Times: user=0.29 sys=0.00, real=0.06 secs] 
3617.093: [GC (Allocation Failure) [PSYoungGen: 413813K->185845K(465920K)] 1095099K->921659K(1864192K), 0.0912955 secs] [Times: user=0.46 sys=0.00, real=0.09 secs] 
3618.332: [GC (Allocation Failure) [PSYoungGen: 418805K->96891K(465920K)] 1154619K->902930K(1864192K), 0.0521329 secs] [Times: user=0.27 sys=0.00, real=0.05 secs] 
3619.481: [GC (Allocation Failure) [PSYoungGen: 329851K->166259K(465920K)] 1135890K->1003143K(1864192K), 0.0623649 secs] [Times: user=0.30 sys=0.00, real=0.06 secs] 
3619.740: [GC (Allocation Failure) [PSYoungGen: 399219K->184662K(465920K)] 1236103K->1074413K(1864192K), 0.0557985 secs] [Times: user=0.27 sys=0.01, real=0.05 secs] 
3619.925: [GC (Allocation Failure) [PSYoungGen: 417622K->185719K(465920K)] 1307373K->1139782K(1864192K), 0.0566558 secs] [Times: user=0.27 sys=0.00, real=0.06 secs] 
3620.105: [GC (Allocation Failure) [PSYoungGen: 418679K->183732K(465920K)] 1372742K->1196676K(1864192K), 0.0543976 secs] [Times: user=0.27 sys=0.00, real=0.06 secs] 
3621.284: [GC (Allocation Failure) [PSYoungGen: 416692K->86058K(465920K)] 1429636K->1168445K(1864192K), 0.0701856 secs] [Times: user=0.38 sys=0.00, real=0.07 secs] 
3621.573: [GC (Allocation Failure) [PSYoungGen: 319018K->182934K(465920K)] 1401405K->1293298K(1864192K), 0.0391833 secs] [Times: user=0.17 sys=0.00, real=0.04 secs] 
3621.720: [GC (Allocation Failure) [PSYoungGen: 415894K->184277K(465920K)] 1526258K->1351529K(1864192K), 0.0458092 secs] [Times: user=0.21 sys=0.00, real=0.04 secs] 
3621.871: [GC (Allocation Failure) [PSYoungGen: 417237K->186485K(465920K)] 1584489K->1409721K(1864192K), 0.0473150 secs] [Times: user=0.22 sys=0.00, real=0.05 secs] 
3622.959: [GC (Allocation Failure) [PSYoungGen: 419445K->100924K(465920K)] 1642681K->1394512K(1864192K), 0.0461854 secs] [Times: user=0.24 sys=0.00, real=0.04 secs] 
3623.348: [GC (Allocation Failure) [PSYoungGen: 333884K->167156K(465920K)] 1627472K->1494196K(1864192K), 0.0940855 secs] [Times: user=0.49 sys=0.00, real=0.09 secs] 
3623.442: [Full GC (Ergonomics) [PSYoungGen: 167156K->0K(465920K)] [ParOldGen: 1327040K->189109K(1398272K)] 1494196K->189109K(1864192K), [Metaspace: 60272K->60272K(1105920K)], 0.2072871 secs] [Times: user=0.95 sys=0.00, real=0.21 secs] 
3623.758: [GC (GCLocker Initiated GC) [PSYoungGen: 232960K->181013K(465920K)] 422070K->370123K(1864192K), 0.0337020 secs] [Times: user=0.14 sys=0.01, real=0.03 secs] 
3623.921: [GC (Allocation Failure) [PSYoungGen: 413973K->183126K(465920K)] 603085K->435254K(1864192K), 0.0454099 secs] [Times: user=0.20 sys=0.01, real=0.05 secs] 
3624.372: [GC (Allocation Failure) [PSYoungGen: 416086K->186453K(465920K)] 668214K->496741K(1864192K), 0.0629991 secs] [Times: user=0.31 sys=0.00, real=0.06 secs] 
3625.722: [GC (Allocation Failure) [PSYoungGen: 419413K->86026K(465920K)] 729701K->466601K(1864192K), 0.0661800 secs] [Times: user=0.35 sys=0.00, real=0.07 secs] 
3626.094: [GC (Allocation Failure) [PSYoungGen: 318986K->182870K(465920K)] 699561K->591907K(1864192K), 0.0341381 secs] [Times: user=0.13 sys=0.00, real=0.04 secs] 
3626.258: [GC (Allocation Failure) [PSYoungGen: 415830K->184662K(465920K)] 824867K->650266K(1864192K), 0.0637537 secs] [Times: user=0.30 sys=0.00, real=0.06 secs] 
3626.458: [GC (Allocation Failure) [PSYoungGen: 417622K->183732K(465920K)] 883226K->705377K(1864192K), 0.0460653 secs] [Times: user=0.21 sys=0.00, real=0.04 secs] 
3627.437: [GC (Allocation Failure) [PSYoungGen: 416692K->106893K(465920K)] 938337K->697889K(1864192K), 0.0462521 secs] [Times: user=0.23 sys=0.00, real=0.04 secs] 
3627.878: [GC (Allocation Failure) [PSYoungGen: 339853K->160723K(465920K)] 930849K->786012K(1864192K), 0.0795074 secs] [Times: user=0.40 sys=0.00, real=0.08 secs] 
3628.101: [GC (Allocation Failure) [PSYoungGen: 393683K->184406K(465920K)] 1018972K->860355K(1864192K), 0.0419461 secs] [Times: user=0.19 sys=0.00, real=0.04 secs] 
3628.253: [GC (GCLocker Initiated GC) [PSYoungGen: 417366K->181910K(465920K)] 1093316K->922069K(1864192K), 0.0500784 secs] [Times: user=0.23 sys=0.00, real=0.05 secs] 
3628.407: [GC (Allocation Failure) [PSYoungGen: 414870K->183284K(465920K)] 1155195K->981401K(1864192K), 0.0560517 secs] [Times: user=0.28 sys=0.01, real=0.05 secs] 
3629.389: [GC (Allocation Failure) [PSYoungGen: 416244K->94955K(465920K)] 1214361K->962128K(1864192K), 0.0423581 secs] [Times: user=0.22 sys=0.00, real=0.04 secs] 
3629.597: [GC (Allocation Failure) [PSYoungGen: 327915K->182454K(465920K)] 1195088K->1080435K(1864192K), 0.0350469 secs] [Times: user=0.14 sys=0.00, real=0.03 secs] 
3630.019: [GC (GCLocker Initiated GC) [PSYoungGen: 415414K->179669K(465920K)] 1313395K->1133986K(1864192K), 0.0627866 secs] [Times: user=0.30 sys=0.00, real=0.06 secs] 
3630.283: [GC (Allocation Failure) [PSYoungGen: 412629K->185845K(465920K)] 1367241K->1194713K(1864192K), 0.0657469 secs] [Times: user=0.32 sys=0.01, real=0.07 secs] 
3631.540: [GC (Allocation Failure) [PSYoungGen: 418805K->111853K(465920K)] 1427673K->1190937K(1864192K), 0.0479224 secs] [Times: user=0.25 sys=0.00, real=0.05 secs] 
3632.459: [GC (Allocation Failure) [PSYoungGen: 344813K->152754K(465920K)] 1423897K->1267331K(1864192K), 0.0918343 secs] [Times: user=0.48 sys=0.00, real=0.09 secs] 
3632.697: [GC (Allocation Failure) [PSYoungGen: 385714K->184214K(465920K)] 1500291K->1347155K(1864192K), 0.0420754 secs] [Times: user=0.18 sys=0.00, real=0.04 secs] 
3632.851: [GC (Allocation Failure) [PSYoungGen: 417174K->186039K(465920K)] 1580115K->1412860K(1864192K), 0.0551181 secs] [Times: user=0.22 sys=0.00, real=0.06 secs] 
3633.032: [GC (Allocation Failure) [PSYoungGen: 418999K->186389K(465920K)] 1645820K->1472258K(1864192K), 0.0767381 secs] [Times: user=0.39 sys=0.00, real=0.08 secs] 
3634.537: [GC (Allocation Failure) [PSYoungGen: 419349K->85626K(465920K)] 1705218K->1441707K(1864192K), 0.0883398 secs] [Times: user=0.48 sys=0.00, real=0.08 secs] 
3634.625: [Full GC (Ergonomics) [PSYoungGen: 85626K->0K(465920K)] [ParOldGen: 1356081K->97720K(1398272K)] 1441707K->97720K(1864192K), [Metaspace: 60272K->60272K(1105920K)], 0.1261448 secs] [Times: user=0.51 sys=0.01, real=0.13 secs] 
3635.164: [GC (Allocation Failure) [PSYoungGen: 232960K->178101K(465920K)] 330680K->275822K(1864192K), 0.0336257 secs] [Times: user=0.12 sys=0.00, real=0.04 secs] 
3635.328: [GC (Allocation Failure) [PSYoungGen: 411061K->181429K(465920K)] 508782K->334285K(1864192K), 0.0415358 secs] [Times: user=0.18 sys=0.00, real=0.04 secs] 
3635.475: [GC (Allocation Failure) [PSYoungGen: 414389K->186549K(465920K)] 567245K->394245K(1864192K), 0.0441467 secs] [Times: user=0.20 sys=0.00, real=0.05 secs] 
3636.486: [GC (Allocation Failure) [PSYoungGen: 419509K->121007K(465920K)] 627205K->399055K(1864192K), 0.0462435 secs] [Times: user=0.24 sys=0.00, real=0.04 secs] 
3636.777: [GC (Allocation Failure) [PSYoungGen: 353967K->148497K(465920K)] 632015K->464958K(1864192K), 0.1067213 secs] [Times: user=0.57 sys=0.00, real=0.10 secs] 
3637.370: [GC (Allocation Failure) [PSYoungGen: 381457K->196277K(465920K)] 697918K->559594K(1864192K), 0.0620082 secs] [Times: user=0.30 sys=0.00, real=0.06 secs] 
3637.641: [GC (Allocation Failure) [PSYoungGen: 429237K->184983K(465920K)] 792554K->611003K(1864192K), 0.0580767 secs] [Times: user=0.27 sys=0.00, real=0.06 secs] 
3638.018: [GC (Allocation Failure) [PSYoungGen: 417943K->186197K(465920K)] 843963K->670857K(1864192K), 0.0838475 secs] [Times: user=0.43 sys=0.00, real=0.08 secs] 
3639.300: [GC (Allocation Failure) [PSYoungGen: 419157K->91194K(465920K)] 903817K->646023K(1864192K), 0.0772262 secs] [Times: user=0.42 sys=0.00, real=0.08 secs] 
3640.331: [GC (Allocation Failure) [PSYoungGen: 324154K->171796K(465920K)] 878983K->755846K(1864192K), 0.0466741 secs] [Times: user=0.19 sys=0.00, real=0.05 secs] 
3640.511: [GC (Allocation Failure) [PSYoungGen: 404756K->184694K(465920K)] 988806K->822799K(1864192K), 0.0426326 secs] [Times: user=0.19 sys=0.00, real=0.04 secs] 
3640.660: [GC (Allocation Failure) [PSYoungGen: 417654K->187221K(465920K)] 1055759K->881267K(1864192K), 0.0456892 secs] [Times: user=0.21 sys=0.00, real=0.04 secs] 
3641.680: [GC (Allocation Failure) [PSYoungGen: 420181K->129744K(465920K)] 1114227K->894381K(1864192K), 0.0481732 secs] [Times: user=0.25 sys=0.00, real=0.05 secs] 
3642.917: [GC (Allocation Failure) [PSYoungGen: 362704K->133456K(465920K)] 1127341K->939329K(1864192K), 0.1302711 secs] [Times: user=0.72 sys=0.00, real=0.13 secs] 
3643.233: [GC (Allocation Failure) [PSYoungGen: 366416K->175060K(465920K)] 1172289K->1023967K(1864192K), 0.0423988 secs] [Times: user=0.19 sys=0.00, real=0.04 secs] 
3643.409: [GC (Allocation Failure) [PSYoungGen: 408020K->186071K(465920K)] 1256927K->1096073K(1864192K), 0.0543934 secs] [Times: user=0.26 sys=0.00, real=0.05 secs] 
3643.591: [GC (Allocation Failure) [PSYoungGen: 419031K->186869K(465920K)] 1329033K->1155944K(1864192K), 0.0589333 secs] [Times: user=0.29 sys=0.00, real=0.06 secs] 
3644.644: [GC (Allocation Failure) [PSYoungGen: 419829K->91163K(465920K)] 1388904K->1130565K(1864192K), 0.0589876 secs] [Times: user=0.32 sys=0.00, real=0.06 secs] 
3645.496: [GC (Allocation Failure) [PSYoungGen: 324123K->174165K(465920K)] 1363525K->1243575K(1864192K), 0.0673333 secs] [Times: user=0.30 sys=0.00, real=0.06 secs] 
3645.956: [GC (Allocation Failure) [PSYoungGen: 407125K->184021K(465920K)] 1476535K->1307312K(1864192K), 0.0805671 secs] [Times: user=0.40 sys=0.00, real=0.09 secs] 
3646.366: [GC (Allocation Failure) [PSYoungGen: 416981K->186709K(465920K)] 1540272K->1365639K(1864192K), 0.0582897 secs] [Times: user=0.29 sys=0.00, real=0.06 secs] 
3647.308: [GC (Allocation Failure) [PSYoungGen: 419669K->142833K(465920K)] 1598599K->1392156K(1864192K), 0.0514129 secs] [Times: user=0.26 sys=0.00, real=0.05 secs] 
3648.493: [GC (Allocation Failure) [PSYoungGen: 375793K->127055K(465920K)] 1625116K->1421545K(1864192K), 0.1526656 secs] [Times: user=0.85 sys=0.00, real=0.15 secs] 
3648.825: [GC (Allocation Failure) [PSYoungGen: 360015K->192020K(465920K)] 1654505K->1527416K(1864192K), 0.0398824 secs] [Times: user=0.17 sys=0.00, real=0.04 secs] 
3648.865: [Full GC (Ergonomics) [PSYoungGen: 192020K->0K(465920K)] [ParOldGen: 1335395K->233980K(1398272K)] 1527416K->233980K(1864192K), [Metaspace: 60285K->60285K(1105920K)], 0.2764232 secs] [Times: user=1.26 sys=0.00, real=0.28 secs] 
3649.251: [GC (Allocation Failure) [PSYoungGen: 232960K->185335K(465920K)] 466940K->419315K(1864192K), 0.0891680 secs] [Times: user=0.46 sys=0.00, real=0.09 secs] 
3649.444: [GC (Allocation Failure) [PSYoungGen: 418295K->186229K(465920K)] 652275K->478898K(1864192K), 0.0570808 secs] [Times: user=0.28 sys=0.00, real=0.06 secs] 
3650.472: [GC (Allocation Failure) [PSYoungGen: 419189K->93883K(465920K)] 711858K->456788K(1864192K), 0.0572520 secs] [Times: user=0.30 sys=0.00, real=0.06 secs] 
3650.917: [GC (Allocation Failure) [PSYoungGen: 326843K->171700K(465920K)] 689748K->564818K(1864192K), 0.0404887 secs] [Times: user=0.18 sys=0.00, real=0.04 secs] 
3651.075: [GC (Allocation Failure) [PSYoungGen: 404660K->184310K(465920K)] 797778K->630959K(1864192K), 0.0421507 secs] [Times: user=0.19 sys=0.00, real=0.05 secs] 
3651.237: [GC (Allocation Failure) [PSYoungGen: 401059K->170005K(465920K)] 847708K->680686K(1864192K), 0.0528918 secs] [Times: user=0.25 sys=0.00, real=0.05 secs] 
3652.090: [GC (Allocation Failure) [PSYoungGen: 398486K->204819K(465920K)] 909167K->769556K(1864192K), 0.0528835 secs] [Times: user=0.27 sys=0.00, real=0.05 secs] 
3652.570: [GC (Allocation Failure) [PSYoungGen: 437779K->102044K(465920K)] 1002516K->731125K(1864192K), 0.0629475 secs] [Times: user=0.33 sys=0.00, real=0.06 secs] 
3652.861: [GC (Allocation Failure) [PSYoungGen: 333647K->179989K(465920K)] 962728K->842055K(1864192K), 0.0457423 secs] [Times: user=0.20 sys=0.00, real=0.05 secs] 
3653.178: [GC (GCLocker Initiated GC) [PSYoungGen: 412949K->183093K(465920K)] 1075015K->900879K(1864192K), 0.0450420 secs] [Times: user=0.20 sys=0.00, real=0.04 secs] 
3653.494: [GC (Allocation Failure) [PSYoungGen: 416053K->182868K(465920K)] 1134006K->956133K(1864192K), 0.0832840 secs] [Times: user=0.41 sys=0.00, real=0.09 secs] 
3654.602: [GC (Allocation Failure) [PSYoungGen: 415828K->101132K(465920K)] 1189093K->943268K(1864192K), 0.0497910 secs] [Times: user=0.26 sys=0.01, real=0.05 secs] 
3656.079: [GC (Allocation Failure) [PSYoungGen: 334092K->163091K(465920K)] 1176228K->1037376K(1864192K), 0.0705161 secs] [Times: user=0.34 sys=0.00, real=0.07 secs] 
3656.353: [GC (Allocation Failure) [PSYoungGen: 396051K->184598K(465920K)] 1270336K->1110691K(1864192K), 0.0605879 secs] [Times: user=0.29 sys=0.00, real=0.06 secs] 
3656.589: [GC (Allocation Failure) [PSYoungGen: 417558K->185463K(465920K)] 1343651K->1175588K(1864192K), 0.0759956 secs] [Times: user=0.38 sys=0.00, real=0.07 secs] 
3656.892: [GC (Allocation Failure) [PSYoungGen: 417022K->200532K(465920K)] 1407147K->1249466K(1864192K), 0.0544561 secs] [Times: user=0.26 sys=0.00, real=0.06 secs] 
3658.183: [GC (Allocation Failure) [PSYoungGen: 433492K->84121K(465920K)] 1482426K->1202343K(1864192K), 0.0961284 secs] [Times: user=0.50 sys=0.03, real=0.10 secs] 
3658.718: [GC (Allocation Failure) [PSYoungGen: 317081K->182006K(465920K)] 1435303K->1326876K(1864192K), 0.0446868 secs] [Times: user=0.19 sys=0.00, real=0.04 secs] 
3658.876: [GC (Allocation Failure) [PSYoungGen: 414966K->184822K(465920K)] 1559836K->1386324K(1864192K), 0.0448166 secs] [Times: user=0.20 sys=0.00, real=0.04 secs] 
3659.024: [GC (Allocation Failure) [PSYoungGen: 417782K->187157K(465920K)] 1619284K->1444603K(1864192K), 0.0460357 secs] [Times: user=0.22 sys=0.00, real=0.05 secs] 
3660.025: [GC (Allocation Failure) [PSYoungGen: 420117K->99580K(465920K)] 1677563K->1427786K(1864192K), 0.0455600 secs] [Times: user=0.24 sys=0.00, real=0.05 secs] 
3660.070: [Full GC (Ergonomics) [PSYoungGen: 99580K->0K(465920K)] [ParOldGen: 1328206K->87897K(1398272K)] 1427786K->87897K(1864192K), [Metaspace: 60293K->60293K(1105920K)], 0.0328989 secs] [Times: user=0.10 sys=0.00, real=0.03 secs] 
3660.462: [GC (Allocation Failure) [PSYoungGen: 232960K->165364K(465920K)] 320857K->253261K(1864192K), 0.0227076 secs] [Times: user=0.08 sys=0.00, real=0.02 secs] 
3661.232: [GC (Allocation Failure) [PSYoungGen: 398324K->183509K(465920K)] 486221K->322599K(1864192K), 0.0513790 secs] [Times: user=0.24 sys=0.00, real=0.05 secs] 
3661.550: [GC (GCLocker Initiated GC) [PSYoungGen: 416469K->184375K(465920K)] 555559K->387240K(1864192K), 0.0593973 secs] [Times: user=0.29 sys=0.00, real=0.06 secs] 
3661.761: [GC (Allocation Failure) [PSYoungGen: 417335K->186293K(465920K)] 620367K->447645K(1864192K), 0.0578928 secs] [Times: user=0.28 sys=0.00, real=0.06 secs] 
3662.971: [GC (Allocation Failure) [PSYoungGen: 419253K->87210K(465920K)] 680605K->418714K(1864192K), 0.0695908 secs] [Times: user=0.38 sys=0.00, real=0.07 secs] 
3663.549: [GC (Allocation Failure) [PSYoungGen: 320170K->179189K(465920K)] 651674K->538451K(1864192K), 0.0471237 secs] [Times: user=0.21 sys=0.00, real=0.05 secs] 
3663.773: [GC (Allocation Failure) [PSYoungGen: 412143K->181461K(465920K)] 771404K->596199K(1864192K), 0.0631910 secs] [Times: user=0.30 sys=0.00, real=0.07 secs] 
3664.000: [GC (Allocation Failure) [PSYoungGen: 414421K->203285K(465920K)] 829159K->673286K(1864192K), 0.0645314 secs] [Times: user=0.32 sys=0.00, real=0.06 secs] 
3665.018: [GC (Allocation Failure) [PSYoungGen: 436245K->108845K(465920K)] 906246K->649438K(1864192K), 0.0455110 secs] [Times: user=0.24 sys=0.00, real=0.04 secs] 
3665.855: [GC (Allocation Failure) [PSYoungGen: 341805K->154898K(465920K)] 882398K->730344K(1864192K), 0.0823425 secs] [Times: user=0.42 sys=0.00, real=0.09 secs] 
3666.078: [GC (Allocation Failure) [PSYoungGen: 387858K->180533K(465920K)] 963304K->804583K(1864192K), 0.0411397 secs] [Times: user=0.17 sys=0.00, real=0.04 secs] 
3666.229: [GC (Allocation Failure) [PSYoungGen: 413493K->185367K(465920K)] 1037543K->872193K(1864192K), 0.0491795 secs] [Times: user=0.23 sys=0.00, real=0.05 secs] 
3666.381: [GC (Allocation Failure) [PSYoungGen: 418327K->186901K(465920K)] 1105153K->932535K(1864192K), 0.0563628 secs] [Times: user=0.28 sys=0.00, real=0.06 secs] 
3667.355: [GC (Allocation Failure) [PSYoungGen: 419434K->93531K(465920K)] 1165068K->909673K(1864192K), 0.0420595 secs] [Times: user=0.22 sys=0.00, real=0.05 secs] 
3667.559: [GC (Allocation Failure) [PSYoungGen: 326491K->178741K(465920K)] 1142633K->1025676K(1864192K), 0.0340356 secs] [Times: user=0.13 sys=0.00, real=0.03 secs] 
3667.827: [GC (GCLocker Initiated GC) [PSYoungGen: 411701K->182517K(465920K)] 1258636K->1084652K(1864192K), 0.0451231 secs] [Times: user=0.20 sys=0.01, real=0.04 secs] 
3668.053: [GC (Allocation Failure) [PSYoungGen: 415477K->182868K(465920K)] 1317907K->1140522K(1864192K), 0.0459105 secs] [Times: user=0.22 sys=0.00, real=0.05 secs] 
3669.046: [GC (Allocation Failure) [PSYoungGen: 415828K->117422K(465920K)] 1373482K->1143924K(1864192K), 0.0481037 secs] [Times: user=0.25 sys=0.00, real=0.04 secs] 
3669.513: [GC (Allocation Failure) [PSYoungGen: 350382K->153458K(465920K)] 1376884K->1217645K(1864192K), 0.0663553 secs] [Times: user=0.34 sys=0.00, real=0.07 secs] 
3669.688: [GC (Allocation Failure) [PSYoungGen: 386418K->184181K(465920K)] 1450605K->1296068K(1864192K), 0.0414084 secs] [Times: user=0.18 sys=0.00, real=0.04 secs] 
3669.864: [GC (Allocation Failure) [PSYoungGen: 417141K->182806K(465920K)] 1529028K->1358997K(1864192K), 0.0553654 secs] [Times: user=0.26 sys=0.00, real=0.06 secs] 
3670.045: [GC (Allocation Failure) [PSYoungGen: 415766K->186453K(465920K)] 1591957K->1420820K(1864192K), 0.0573375 secs] [Times: user=0.28 sys=0.00, real=0.06 secs] 
3671.551: [GC (Allocation Failure) [PSYoungGen: 419413K->88106K(465920K)] 1653780K->1392761K(1864192K), 0.1073437 secs] [Times: user=0.60 sys=0.00, real=0.11 secs] 
3672.165: [GC (Allocation Failure) [PSYoungGen: 321066K->175605K(465920K)] 1625721K->1509429K(1864192K), 0.0448262 secs] [Times: user=0.19 sys=0.00, real=0.05 secs] 
3672.210: [Full GC (Ergonomics) [PSYoungGen: 175605K->0K(465920K)] [ParOldGen: 1333824K->214981K(1398272K)] 1509429K->214981K(1864192K), [Metaspace: 60293K->60293K(1105920K)], 0.2365777 secs] [Times: user=1.08 sys=0.00, real=0.24 secs] 
3672.561: [GC (Allocation Failure) [PSYoungGen: 232960K->184022K(465920K)] 447941K->399003K(1864192K), 0.0272253 secs] [Times: user=0.09 sys=0.00, real=0.03 secs] 
3672.693: [GC (Allocation Failure) [PSYoungGen: 416982K->187285K(465920K)] 631963K->457827K(1864192K), 0.0452239 secs] [Times: user=0.21 sys=0.00, real=0.05 secs] 
3673.671: [GC (Allocation Failure) [PSYoungGen: 420245K->119630K(465920K)] 690787K->460956K(1864192K), 0.0464482 secs] [Times: user=0.24 sys=0.00, real=0.05 secs] 
3673.947: [GC (Allocation Failure) [PSYoungGen: 352590K->149089K(465920K)] 693916K->528399K(1864192K), 0.0527749 secs] [Times: user=0.26 sys=0.00, real=0.05 secs] 
3674.151: [GC (Allocation Failure) [PSYoungGen: 382049K->184150K(465920K)] 761359K->610503K(1864192K), 0.0499998 secs] [Times: user=0.23 sys=0.00, real=0.05 secs] 
3674.465: [GC (GCLocker Initiated GC) [PSYoungGen: 417110K->184663K(465920K)] 843464K->675121K(1864192K), 0.0740234 secs] [Times: user=0.36 sys=0.00, real=0.08 secs] 
3675.192: [GC (Allocation Failure) [PSYoungGen: 417623K->181876K(465920K)] 908247K->730965K(1864192K), 0.1162830 secs] [Times: user=0.61 sys=0.00, real=0.12 secs] 
3676.263: [GC (Allocation Failure) [PSYoungGen: 414836K->90891K(465920K)] 963925K->708723K(1864192K), 0.0411405 secs] [Times: user=0.21 sys=0.00, real=0.04 secs] 
3676.738: [GC (Allocation Failure) [PSYoungGen: 323851K->177845K(465920K)] 941683K->825163K(1864192K), 0.0490426 secs] [Times: user=0.21 sys=0.00, real=0.05 secs] 
3676.922: [GC (Allocation Failure) [PSYoungGen: 410805K->184502K(465920K)] 1058123K->887187K(1864192K), 0.0439957 secs] [Times: user=0.19 sys=0.00, real=0.05 secs] 
3677.090: [GC (Allocation Failure) [PSYoungGen: 417462K->186677K(465920K)] 1120147K->945687K(1864192K), 0.0496369 secs] [Times: user=0.23 sys=0.00, real=0.05 secs] 
3678.085: [GC (Allocation Failure) [PSYoungGen: 419637K->123183K(465920K)] 1178647K->952593K(1864192K), 0.0482528 secs] [Times: user=0.23 sys=0.00, real=0.05 secs] 
3679.888: [GC (Allocation Failure) [PSYoungGen: 353683K->141681K(465920K)] 1183093K->1010011K(1864192K), 0.1146512 secs] [Times: user=0.62 sys=0.00, real=0.11 secs] 
3680.152: [GC (Allocation Failure) [PSYoungGen: 374641K->178549K(465920K)] 1242971K->1092716K(1864192K), 0.0397180 secs] [Times: user=0.17 sys=0.00, real=0.04 secs] 
3680.299: [GC (Allocation Failure) [PSYoungGen: 411509K->181206K(465920K)] 1325676K->1157453K(1864192K), 0.0495061 secs] [Times: user=0.23 sys=0.00, real=0.05 secs] 
3680.478: [GC (Allocation Failure) [PSYoungGen: 414166K->186613K(465920K)] 1390413K->1220740K(1864192K), 0.0708955 secs] [Times: user=0.37 sys=0.00, real=0.07 secs] 
3681.502: [GC (Allocation Failure) [PSYoungGen: 419573K->93643K(465920K)] 1453700K->1198126K(1864192K), 0.0619775 secs] [Times: user=0.33 sys=0.00, real=0.06 secs] 
3681.846: [GC (Allocation Failure) [PSYoungGen: 326603K->173749K(465920K)] 1431086K->1308460K(1864192K), 0.0525082 secs] [Times: user=0.23 sys=0.00, real=0.05 secs] 
3682.045: [GC (Allocation Failure) [PSYoungGen: 406709K->181429K(465920K)] 1541420K->1370393K(1864192K), 0.0434011 secs] [Times: user=0.20 sys=0.00, real=0.05 secs] 
3682.234: [GC (Allocation Failure) [PSYoungGen: 414389K->186837K(465920K)] 1603353K->1430601K(1864192K), 0.0698799 secs] [Times: user=0.34 sys=0.00, real=0.07 secs] 
3683.498: [GC (Allocation Failure) [PSYoungGen: 419797K->137393K(465920K)] 1663561K->1451397K(1864192K), 0.0499707 secs] [Times: user=0.25 sys=0.00, real=0.05 secs] 
3683.548: [Full GC (Ergonomics) [PSYoungGen: 137393K->0K(465920K)] [ParOldGen: 1314004K->347787K(1398272K)] 1451397K->347787K(1864192K), [Metaspace: 60294K->60294K(1105920K)], 0.5858772 secs] [Times: user=2.54 sys=0.00, real=0.58 secs] 
3684.487: [GC (Allocation Failure) [PSYoungGen: 232960K->140448K(465920K)] 580747K->488236K(1864192K), 0.0296941 secs] [Times: user=0.11 sys=0.00, real=0.03 secs] 
3684.667: [GC (Allocation Failure) [PSYoungGen: 373408K->178357K(465920K)] 721196K->570557K(1864192K), 0.0381124 secs] [Times: user=0.17 sys=0.00, real=0.03 secs] 
3684.813: [GC (Allocation Failure) [PSYoungGen: 411317K->181750K(465920K)] 803517K->636214K(1864192K), 0.0482425 secs] [Times: user=0.22 sys=0.00, real=0.05 secs] 
3685.006: [GC (Allocation Failure) [PSYoungGen: 414710K->203093K(465920K)] 869174K->715493K(1864192K), 0.0857173 secs] [Times: user=0.44 sys=0.00, real=0.08 secs] 
3686.270: [GC (Allocation Failure) [PSYoungGen: 436053K->88986K(465920K)] 948453K->671906K(1864192K), 0.0515306 secs] [Times: user=0.28 sys=0.00, real=0.05 secs] 
3686.822: [GC (Allocation Failure) [PSYoungGen: 321946K->178261K(465920K)] 904866K->789934K(1864192K), 0.0488117 secs] [Times: user=0.21 sys=0.00, real=0.05 secs] 
3687.048: [GC (Allocation Failure) [PSYoungGen: 411221K->182133K(465920K)] 1022894K->849486K(1864192K), 0.0582032 secs] [Times: user=0.28 sys=0.00, real=0.06 secs] 
3687.240: [GC (Allocation Failure) [PSYoungGen: 415093K->186965K(465920K)] 1082446K->909758K(1864192K), 0.0638724 secs] [Times: user=0.31 sys=0.00, real=0.06 secs] 
3688.256: [GC (Allocation Failure) [PSYoungGen: 419925K->140625K(465920K)] 1142718K->934042K(1864192K), 0.0500330 secs] [Times: user=0.25 sys=0.00, real=0.05 secs] 
3688.661: [GC (Allocation Failure) [PSYoungGen: 373558K->130063K(465920K)] 1166975K->968089K(1864192K), 0.1259507 secs] [Times: user=0.69 sys=0.01, real=0.13 secs] 
3688.953: [GC (Allocation Failure) [PSYoungGen: 363023K->174708K(465920K)] 1201049K->1053426K(1864192K), 0.0384045 secs] [Times: user=0.16 sys=0.00, real=0.04 secs] 
3689.099: [GC (Allocation Failure) [PSYoungGen: 407668K->182038K(465920K)] 1286386K->1122232K(1864192K), 0.0499846 secs] [Times: user=0.23 sys=0.00, real=0.05 secs] 
3689.287: [GC (Allocation Failure) [PSYoungGen: 414998K->219125K(465920K)] 1355192K->1216903K(1864192K), 0.0778438 secs] [Times: user=0.40 sys=0.00, real=0.07 secs] 
3690.306: [GC (Allocation Failure) [PSYoungGen: 452085K->95739K(465920K)] 1449863K->1164049K(1864192K), 0.0515726 secs] [Times: user=0.27 sys=0.00, real=0.05 secs] 
3690.669: [GC (Allocation Failure) [PSYoungGen: 328699K->177909K(465920K)] 1397009K->1277508K(1864192K), 0.0417407 secs] [Times: user=0.18 sys=0.00, real=0.04 secs] 
3691.065: [GC (GCLocker Initiated GC) [PSYoungGen: 410869K->181685K(465920K)] 1510469K->1336517K(1864192K), 0.0614733 secs] [Times: user=0.30 sys=0.00, real=0.07 secs] 
3691.387: [GC (Allocation Failure) [PSYoungGen: 414645K->186805K(465920K)] 1569480K->1396624K(1864192K), 0.0512156 secs] [Times: user=0.24 sys=0.00, real=0.05 secs] 
3692.375: [GC (Allocation Failure) [PSYoungGen: 419765K->146802K(465920K)] 1629584K->1426989K(1864192K), 0.0533537 secs] [Times: user=0.27 sys=0.01, real=0.06 secs] 
3693.514: [GC (Allocation Failure) [PSYoungGen: 379762K->119150K(465920K)] 1659949K->1445761K(1864192K), 0.1754541 secs] [Times: user=1.00 sys=0.00, real=0.18 secs] 
3693.690: [Full GC (Ergonomics) [PSYoungGen: 119150K->0K(465920K)] [ParOldGen: 1326610K->136461K(1398272K)] 1445761K->136461K(1864192K), [Metaspace: 60302K->60302K(1105920K)], 0.1722074 secs] [Times: user=0.79 sys=0.00, real=0.17 secs] 
3693.969: [GC (Allocation Failure) [PSYoungGen: 232960K->175860K(465920K)] 369421K->312322K(1864192K), 0.0265288 secs] [Times: user=0.09 sys=0.00, real=0.02 secs] 
3694.127: [GC (Allocation Failure) [PSYoungGen: 408820K->185399K(465920K)] 545282K->383396K(1864192K), 0.0477110 secs] [Times: user=0.22 sys=0.00, real=0.04 secs] 
3694.305: [GC (Allocation Failure) [PSYoungGen: 418359K->186677K(465920K)] 616356K->443538K(1864192K), 0.0583110 secs] [Times: user=0.28 sys=0.00, real=0.06 secs] 
3695.316: [GC (Allocation Failure) [PSYoungGen: 419637K->93819K(465920K)] 676498K->421293K(1864192K), 0.0463647 secs] [Times: user=0.24 sys=0.00, real=0.04 secs] 
3695.958: [GC (Allocation Failure) [PSYoungGen: 326779K->169140K(465920K)] 654253K->526523K(1864192K), 0.0485799 secs] [Times: user=0.21 sys=0.00, real=0.05 secs] 
3696.133: [GC (Allocation Failure) [PSYoungGen: 402100K->180789K(465920K)] 759483K->591184K(1864192K), 0.0418565 secs] [Times: user=0.19 sys=0.00, real=0.04 secs] 
3696.305: [GC (Allocation Failure) [PSYoungGen: 410712K->182070K(465920K)] 821107K->655457K(1864192K), 0.0609897 secs] [Times: user=0.30 sys=0.00, real=0.07 secs] 
3697.217: [GC (Allocation Failure) [PSYoungGen: 415030K->168595K(465920K)] 888417K->699701K(1864192K), 0.0558585 secs] [Times: user=0.28 sys=0.00, real=0.05 secs] 
3697.699: [GC (Allocation Failure) [PSYoungGen: 401555K->105084K(465920K)] 932661K->700935K(1864192K), 0.0743594 secs] [Times: user=0.39 sys=0.00, real=0.07 secs] 
3698.164: [GC (Allocation Failure) [PSYoungGen: 331294K->177205K(465920K)] 927145K->806976K(1864192K), 0.0456642 secs] [Times: user=0.20 sys=0.00, real=0.05 secs] 
3698.779: [GC (GCLocker Initiated GC) [PSYoungGen: 410165K->179253K(465920K)] 1039937K->863840K(1864192K), 0.0847560 secs] [Times: user=0.42 sys=0.00, real=0.08 secs] 
3699.038: [GC (Allocation Failure) [PSYoungGen: 412213K->186165K(465920K)] 1096967K->924991K(1864192K), 0.0457288 secs] [Times: user=0.21 sys=0.00, real=0.04 secs] 
3700.090: [GC (Allocation Failure) [PSYoungGen: 419125K->101932K(465920K)] 1157951K->910782K(1864192K), 0.0481119 secs] [Times: user=0.24 sys=0.00, real=0.05 secs] 
3701.810: [GC (Allocation Failure) [PSYoungGen: 334892K->162675K(465920K)] 1143742K->1003994K(1864192K), 0.0782220 secs] [Times: user=0.39 sys=0.01, real=0.08 secs] 
3702.035: [GC (Allocation Failure) [PSYoungGen: 395635K->184662K(465920K)] 1236954K->1077605K(1864192K), 0.0424381 secs] [Times: user=0.19 sys=0.00, real=0.05 secs] 
3702.187: [GC (Allocation Failure) [PSYoungGen: 417622K->182678K(465920K)] 1310565K->1139846K(1864192K), 0.0502661 secs] [Times: user=0.23 sys=0.01, real=0.05 secs] 
3702.367: [GC (Allocation Failure) [PSYoungGen: 415638K->202069K(465920K)] 1372806K->1217468K(1864192K), 0.0592851 secs] [Times: user=0.30 sys=0.00, real=0.06 secs] 
3703.512: [GC (Allocation Failure) [PSYoungGen: 435029K->89898K(465920K)] 1450428K->1175278K(1864192K), 0.0723900 secs] [Times: user=0.39 sys=0.00, real=0.07 secs] 
3703.891: [GC (Allocation Failure) [PSYoungGen: 322858K->178517K(465920K)] 1408238K->1292237K(1864192K), 0.0519764 secs] [Times: user=0.23 sys=0.00, real=0.05 secs] 
3704.079: [GC (Allocation Failure) [PSYoungGen: 411477K->180885K(465920K)] 1525197K->1350609K(1864192K), 0.0447058 secs] [Times: user=0.21 sys=0.01, real=0.04 secs] 
3704.240: [GC (Allocation Failure) [PSYoungGen: 413845K->186869K(465920K)] 1583569K->1411337K(1864192K), 0.0469168 secs] [Times: user=0.22 sys=0.00, real=0.05 secs] 
3705.245: [GC (Allocation Failure) [PSYoungGen: 419829K->104060K(465920K)] 1644297K->1398921K(1864192K), 0.0508458 secs] [Times: user=0.27 sys=0.00, real=0.05 secs] 
3705.652: [GC (Allocation Failure) [PSYoungGen: 337020K->168660K(465920K)] 1631881K->1498112K(1864192K), 0.0838768 secs] [Times: user=0.43 sys=0.00, real=0.09 secs] 
3705.736: [Full GC (Ergonomics) [PSYoungGen: 168660K->0K(465920K)] [ParOldGen: 1329451K->190187K(1398272K)] 1498112K->190187K(1864192K), [Metaspace: 60305K->60305K(1105920K)], 0.1980652 secs] [Times: user=0.88 sys=0.00, real=0.19 secs] 
3706.048: [GC (Allocation Failure) [PSYoungGen: 232960K->183605K(465920K)] 423147K->373792K(1864192K), 0.0332822 secs] [Times: user=0.14 sys=0.00, real=0.03 secs] 
3706.205: [GC (Allocation Failure) [PSYoungGen: 416565K->185527K(465920K)] 606752K->439658K(1864192K), 0.0443394 secs] [Times: user=0.20 sys=0.00, real=0.05 secs] 
3706.776: [GC (Allocation Failure) [PSYoungGen: 418487K->182740K(465920K)] 672618K->495727K(1864192K), 0.0772281 secs] [Times: user=0.39 sys=0.00, real=0.07 secs] 
3708.237: [GC (Allocation Failure) [PSYoungGen: 415700K->84361K(465920K)] 728687K->466349K(1864192K), 0.0997200 secs] [Times: user=0.55 sys=0.00, real=0.10 secs] 
3708.617: [GC (Allocation Failure) [PSYoungGen: 317321K->180598K(465920K)] 699309K->590554K(1864192K), 0.0429161 secs] [Times: user=0.18 sys=0.00, real=0.04 secs] 
3708.820: [GC (Allocation Failure) [PSYoungGen: 413558K->184502K(465920K)] 823514K->650834K(1864192K), 0.0666634 secs] [Times: user=0.32 sys=0.00, real=0.07 secs] 
3709.011: [GC (Allocation Failure) [PSYoungGen: 417462K->186229K(465920K)] 883794K->708417K(1864192K), 0.0460828 secs] [Times: user=0.21 sys=0.00, real=0.05 secs] 
3710.036: [GC (Allocation Failure) [PSYoungGen: 419189K->104492K(465920K)] 941377K->696820K(1864192K), 0.0460020 secs] [Times: user=0.23 sys=0.00, real=0.04 secs] 
3710.510: [GC (Allocation Failure) [PSYoungGen: 337452K->157971K(465920K)] 929780K->784592K(1864192K), 0.0811703 secs] [Times: user=0.41 sys=0.00, real=0.08 secs] 
3710.790: [GC (Allocation Failure) [PSYoungGen: 390931K->184278K(465920K)] 1017552K->860359K(1864192K), 0.0521786 secs] [Times: user=0.24 sys=0.00, real=0.05 secs] 
3710.975: [GC (Allocation Failure) [PSYoungGen: 417238K->186135K(465920K)] 1093319K->926408K(1864192K), 0.0595441 secs] [Times: user=0.29 sys=0.00, real=0.06 secs] 
3711.144: [GC (Allocation Failure) [PSYoungGen: 419095K->186901K(465920K)] 1159368K->986294K(1864192K), 0.0577437 secs] [Times: user=0.28 sys=0.00, real=0.06 secs] 
3712.147: [GC (Allocation Failure) [PSYoungGen: 419861K->88042K(465920K)] 1219254K->957947K(1864192K), 0.0419299 secs] [Times: user=0.22 sys=0.00, real=0.04 secs] 
3712.481: [GC (Allocation Failure) [PSYoungGen: 321002K->182294K(465920K)] 1190907K->1080859K(1864192K), 0.0556175 secs] [Times: user=0.24 sys=0.00, real=0.06 secs] 
3712.676: [GC (Allocation Failure) [PSYoungGen: 415254K->180853K(465920K)] 1313819K->1135971K(1864192K), 0.0449741 secs] [Times: user=0.20 sys=0.00, real=0.04 secs] 
3712.962: [GC (Allocation Failure) [PSYoungGen: 413813K->185685K(465920K)] 1368931K->1195522K(1864192K), 0.0466410 secs] [Times: user=0.22 sys=0.00, real=0.05 secs] 
3714.332: [GC (Allocation Failure) [PSYoungGen: 418645K->112701K(465920K)] 1428482K->1192387K(1864192K), 0.0477456 secs] [Times: user=0.24 sys=0.00, real=0.05 secs] 
3715.356: [GC (Allocation Failure) [PSYoungGen: 345661K->151474K(465920K)] 1425347K->1267276K(1864192K), 0.1022446 secs] [Times: user=0.54 sys=0.01, real=0.11 secs] 
3715.592: [GC (Allocation Failure) [PSYoungGen: 384434K->184246K(465920K)] 1500236K->1348056K(1864192K), 0.0421199 secs] [Times: user=0.18 sys=0.00, real=0.04 secs] 
3715.744: [GC (Allocation Failure) [PSYoungGen: 417206K->185975K(465920K)] 1581016K->1413569K(1864192K), 0.0509800 secs] [Times: user=0.24 sys=0.00, real=0.05 secs] 
3715.938: [GC (Allocation Failure) [PSYoungGen: 418935K->183348K(465920K)] 1646529K->1470007K(1864192K), 0.0845484 secs] [Times: user=0.43 sys=0.01, real=0.08 secs] 
3717.436: [GC (Allocation Failure) [PSYoungGen: 416308K->91130K(465920K)] 1702967K->1447053K(1864192K), 0.0858190 secs] [Times: user=0.46 sys=0.00, real=0.09 secs] 
3717.522: [Full GC (Ergonomics) [PSYoungGen: 91130K->0K(465920K)] [ParOldGen: 1355922K->100970K(1398272K)] 1447053K->100970K(1864192K), [Metaspace: 60314K->60314K(1105920K)], 0.1480762 secs] [Times: user=0.62 sys=0.00, real=0.15 secs] 
3718.150: [GC (Allocation Failure) [PSYoungGen: 232960K->170356K(465920K)] 333930K->271327K(1864192K), 0.0287119 secs] [Times: user=0.11 sys=0.00, real=0.03 secs] 
3718.292: [GC (Allocation Failure) [PSYoungGen: 403316K->193270K(465920K)] 504287K->347156K(1864192K), 0.0424897 secs] [Times: user=0.19 sys=0.00, real=0.04 secs] 
3718.437: [GC (Allocation Failure) [PSYoungGen: 426230K->187125K(465920K)] 580116K->397291K(1864192K), 0.0453321 secs] [Times: user=0.21 sys=0.00, real=0.04 secs] 
3719.426: [GC (Allocation Failure) [PSYoungGen: 420085K->123279K(465920K)] 630251K->403989K(1864192K), 0.0471559 secs] [Times: user=0.24 sys=0.01, real=0.04 secs] 
3719.847: [GC (Allocation Failure) [PSYoungGen: 356239K->149105K(465920K)] 636949K->468992K(1864192K), 0.1295493 secs] [Times: user=0.69 sys=0.01, real=0.13 secs] 
3720.144: [GC (Allocation Failure) [PSYoungGen: 382065K->176532K(465920K)] 701952K->543411K(1864192K), 0.0395499 secs] [Times: user=0.17 sys=0.01, real=0.04 secs] 
3720.294: [GC (Allocation Failure) [PSYoungGen: 409492K->185367K(465920K)] 776371K->622621K(1864192K), 0.0491952 secs] [Times: user=0.23 sys=0.00, real=0.05 secs] 
3720.779: [GC (Allocation Failure) [PSYoungGen: 418327K->186005K(465920K)] 855581K->682100K(1864192K), 0.0680600 secs] [Times: user=0.35 sys=0.00, real=0.07 secs] 
3722.478: [GC (Allocation Failure) [PSYoungGen: 418965K->88922K(465920K)] 915060K->655001K(1864192K), 0.0589115 secs] [Times: user=0.31 sys=0.00, real=0.06 secs] 
3723.587: [GC (Allocation Failure) [PSYoungGen: 321882K->171828K(465920K)] 887961K->767528K(1864192K), 0.0464084 secs] [Times: user=0.19 sys=0.00, real=0.04 secs] 
3723.816: [GC (Allocation Failure) [PSYoungGen: 404788K->181845K(465920K)] 1000488K->830705K(1864192K), 0.0627893 secs] [Times: user=0.29 sys=0.00, real=0.07 secs] 
3723.999: [GC (Allocation Failure) [PSYoungGen: 414805K->186837K(465920K)] 1063665K->891065K(1864192K), 0.0451932 secs] [Times: user=0.21 sys=0.00, real=0.04 secs] 
3725.008: [GC (Allocation Failure) [PSYoungGen: 419797K->137457K(465920K)] 1124025K->912073K(1864192K), 0.0492786 secs] [Times: user=0.24 sys=0.00, real=0.05 secs] 
3725.867: [GC (Allocation Failure) [PSYoungGen: 370417K->128831K(465920K)] 1145033K->947155K(1864192K), 0.0978540 secs] [Times: user=0.53 sys=0.00, real=0.09 secs] 
3726.096: [GC (Allocation Failure) [PSYoungGen: 361791K->178677K(465920K)] 1180115K->1038391K(1864192K), 0.0382199 secs] [Times: user=0.17 sys=0.00, real=0.04 secs] 
3726.244: [GC (Allocation Failure) [PSYoungGen: 411637K->185591K(465920K)] 1271351K->1107805K(1864192K), 0.0500520 secs] [Times: user=0.23 sys=0.00, real=0.05 secs] 
3726.396: [GC (Allocation Failure) [PSYoungGen: 418551K->186837K(465920K)] 1340765K->1167819K(1864192K), 0.0575441 secs] [Times: user=0.28 sys=0.00, real=0.05 secs] 
3727.434: [GC (Allocation Failure) [PSYoungGen: 419797K->94811K(465920K)] 1400779K->1146442K(1864192K), 0.0445505 secs] [Times: user=0.23 sys=0.00, real=0.05 secs] 
3727.703: [GC (Allocation Failure) [PSYoungGen: 327771K->178197K(465920K)] 1379402K->1260779K(1864192K), 0.0330081 secs] [Times: user=0.14 sys=0.01, real=0.04 secs] 
3727.961: [GC (GCLocker Initiated GC) [PSYoungGen: 411157K->182805K(465920K)] 1493741K->1320622K(1864192K), 0.0446995 secs] [Times: user=0.21 sys=0.00, real=0.04 secs] 
3728.148: [GC (GCLocker Initiated GC) [PSYoungGen: 415765K->183732K(465920K)] 1553583K->1376766K(1864192K), 0.0454056 secs] [Times: user=0.21 sys=0.00, real=0.04 secs] 
3729.103: [GC (Allocation Failure) [PSYoungGen: 416692K->141105K(465920K)] 1609728K->1403621K(1864192K), 0.0500946 secs] [Times: user=0.25 sys=0.00, real=0.05 secs] 
3729.757: [GC (Allocation Failure) [PSYoungGen: 374065K->128239K(465920K)] 1636581K->1435522K(1864192K), 0.0902587 secs] [Times: user=0.50 sys=0.00, real=0.09 secs] 
3729.954: [GC (Allocation Failure) [PSYoungGen: 361199K->178933K(465920K)] 1668482K->1527553K(1864192K), 0.0392118 secs] [Times: user=0.17 sys=0.00, real=0.04 secs] 
3729.994: [Full GC (Ergonomics) [PSYoungGen: 178933K->0K(465920K)] [ParOldGen: 1348620K->237280K(1398272K)] 1527553K->237280K(1864192K), [Metaspace: 60334K->60334K(1105920K)], 0.2737330 secs] [Times: user=1.25 sys=0.00, real=0.28 secs] 
3730.376: [GC (Allocation Failure) [PSYoungGen: 232960K->182998K(465920K)] 470240K->420279K(1864192K), 0.0824987 secs] [Times: user=0.43 sys=0.00, real=0.09 secs] 
3730.579: [GC (Allocation Failure) [PSYoungGen: 415958K->186549K(465920K)] 653239K->482229K(1864192K), 0.0566069 secs] [Times: user=0.28 sys=0.00, real=0.06 secs] 
3731.851: [GC (Allocation Failure) [PSYoungGen: 419509K->87162K(465920K)] 715189K->453247K(1864192K), 0.0728497 secs] [Times: user=0.39 sys=0.01, real=0.07 secs] 
3732.305: [GC (Allocation Failure) [PSYoungGen: 320122K->174773K(465920K)] 686207K->569890K(1864192K), 0.0393117 secs] [Times: user=0.16 sys=0.00, real=0.04 secs] 
3732.459: [GC (Allocation Failure) [PSYoungGen: 407733K->182389K(465920K)] 802850K->631523K(1864192K), 0.0426210 secs] [Times: user=0.19 sys=0.00, real=0.04 secs] 
3732.647: [GC (Allocation Failure) [PSYoungGen: 415349K->187669K(465920K)] 864483K->691938K(1864192K), 0.0634790 secs] [Times: user=0.30 sys=0.00, real=0.06 secs] 
3733.625: [GC (Allocation Failure) [PSYoungGen: 420629K->151346K(465920K)] 924898K->726440K(1864192K), 0.0510482 secs] [Times: user=0.25 sys=0.00, real=0.06 secs] 
3734.002: [GC (Allocation Failure) [PSYoungGen: 384306K->120174K(465920K)] 959400K->743300K(1864192K), 0.1084342 secs] [Times: user=0.60 sys=0.00, real=0.11 secs] 
3734.294: [GC (Allocation Failure) [PSYoungGen: 353134K->186837K(465920K)] 976260K->848698K(1864192K), 0.0466255 secs] [Times: user=0.21 sys=0.00, real=0.05 secs] 
3734.642: [GC (Allocation Failure) [PSYoungGen: 419797K->184855K(465920K)] 1081658K->909036K(1864192K), 0.0920736 secs] [Times: user=0.47 sys=0.00, real=0.09 secs] 
3735.104: [GC (GCLocker Initiated GC) [PSYoungGen: 417815K->184148K(465920K)] 1141996K->966818K(1864192K), 0.0693264 secs] [Times: user=0.35 sys=0.00, real=0.07 secs] 
3736.166: [GC (Allocation Failure) [PSYoungGen: 417108K->92203K(465920K)] 1199782K->944524K(1864192K), 0.0555888 secs] [Times: user=0.30 sys=0.00, real=0.05 secs] 
3737.263: [GC (Allocation Failure) [PSYoungGen: 325163K->170612K(465920K)] 1177484K->1052354K(1864192K), 0.0548706 secs] [Times: user=0.25 sys=0.00, real=0.06 secs] 
3737.457: [GC (Allocation Failure) [PSYoungGen: 403572K->184502K(465920K)] 1285314K->1119576K(1864192K), 0.0432502 secs] [Times: user=0.19 sys=0.00, real=0.04 secs] 
3737.625: [GC (Allocation Failure) [PSYoungGen: 410668K->177526K(465920K)] 1345742K->1176544K(1864192K), 0.0539660 secs] [Times: user=0.26 sys=0.00, real=0.06 secs] 
3738.548: [GC (Allocation Failure) [PSYoungGen: 410486K->206046K(465920K)] 1409504K->1261544K(1864192K), 0.0506442 secs] [Times: user=0.25 sys=0.00, real=0.05 secs] 
3739.684: [GC (Allocation Failure) [PSYoungGen: 439006K->98539K(465920K)] 1494504K->1218221K(1864192K), 0.0925630 secs] [Times: user=0.50 sys=0.00, real=0.10 secs] 
3739.994: [GC (Allocation Failure) [PSYoungGen: 331499K->180438K(465920K)] 1451181K->1332284K(1864192K), 0.0357616 secs] [Times: user=0.15 sys=0.00, real=0.04 secs] 
3740.196: [GC (Allocation Failure) [PSYoungGen: 413398K->180853K(465920K)] 1565244K->1388412K(1864192K), 0.0583357 secs] [Times: user=0.28 sys=0.00, real=0.05 secs] 
3740.371: [GC (Allocation Failure) [PSYoungGen: 413813K->186421K(465920K)] 1621372K->1448620K(1864192K), 0.0463936 secs] [Times: user=0.22 sys=0.00, real=0.05 secs] 
3741.433: [GC (GCLocker Initiated GC) [PSYoungGen: 419381K->100540K(465920K)] 1681580K->1433107K(1864192K), 0.0459470 secs] [Times: user=0.24 sys=0.00, real=0.05 secs] 
3741.479: [Full GC (Ergonomics) [PSYoungGen: 100540K->0K(465920K)] [ParOldGen: 1332567K->90459K(1398272K)] 1433107K->90459K(1864192K), [Metaspace: 60334K->60334K(1105920K)], 0.0399228 secs] [Times: user=0.12 sys=0.00, real=0.04 secs] 
3741.715: [GC (Allocation Failure) [PSYoungGen: 232960K->171732K(465920K)] 323422K->262195K(1864192K), 0.0347783 secs] [Times: user=0.12 sys=0.00, real=0.04 secs] 
3741.919: [GC (GCLocker Initiated GC) [PSYoungGen: 404692K->182165K(465920K)] 495156K->325804K(1864192K), 0.0420654 secs] [Times: user=0.19 sys=0.00, real=0.04 secs] 
3742.158: [GC (Allocation Failure) [PSYoungGen: 415125K->176373K(465920K)] 558768K->383520K(1864192K), 0.0678256 secs] [Times: user=0.34 sys=0.00, real=0.06 secs] 
3742.895: [GC (Allocation Failure) [PSYoungGen: 409333K->182516K(465920K)] 616480K->445647K(1864192K), 0.1173485 secs] [Times: user=0.61 sys=0.00, real=0.12 secs] 
3744.242: [GC (Allocation Failure) [PSYoungGen: 415476K->92235K(465920K)] 678607K->424278K(1864192K), 0.0664058 secs] [Times: user=0.36 sys=0.00, real=0.07 secs] 
3744.672: [GC (Allocation Failure) [PSYoungGen: 325195K->180662K(465920K)] 657238K->542797K(1864192K), 0.0470337 secs] [Times: user=0.20 sys=0.00, real=0.05 secs] 
3744.844: [GC (Allocation Failure) [PSYoungGen: 413622K->184694K(465920K)] 775757K->603062K(1864192K), 0.0434265 secs] [Times: user=0.19 sys=0.00, real=0.05 secs] 
3745.030: [GC (Allocation Failure) [PSYoungGen: 417654K->186613K(465920K)] 836022K->660773K(1864192K), 0.0668803 secs] [Times: user=0.33 sys=0.00, real=0.07 secs] 
3746.105: [GC (Allocation Failure) [PSYoungGen: 419573K->101612K(465920K)] 893733K->646292K(1864192K), 0.0443364 secs] [Times: user=0.23 sys=0.00, real=0.05 secs] 
3747.313: [GC (Allocation Failure) [PSYoungGen: 334572K->157586K(465920K)] 879252K->734839K(1864192K), 0.0680537 secs] [Times: user=0.34 sys=0.00, real=0.07 secs] 
3747.519: [GC (Allocation Failure) [PSYoungGen: 390546K->184694K(465920K)] 967799K->811543K(1864192K), 0.0410887 secs] [Times: user=0.18 sys=0.00, real=0.04 secs] 
3747.668: [GC (Allocation Failure) [PSYoungGen: 417654K->186103K(465920K)] 1044503K->877032K(1864192K), 0.0498243 secs] [Times: user=0.23 sys=0.00, real=0.05 secs] 
3747.821: [GC (Allocation Failure) [PSYoungGen: 419063K->186997K(465920K)] 1109992K->937046K(1864192K), 0.0564905 secs] [Times: user=0.28 sys=0.00, real=0.06 secs] 
3748.839: [GC (Allocation Failure) [PSYoungGen: 419957K->87930K(465920K)] 1170006K->908683K(1864192K), 0.0407431 secs] [Times: user=0.21 sys=0.00, real=0.04 secs] 
3749.111: [GC (Allocation Failure) [PSYoungGen: 320890K->178837K(465920K)] 1141643K->1028010K(1864192K), 0.0541400 secs] [Times: user=0.23 sys=0.00, real=0.05 secs] 
3749.634: [GC (Allocation Failure) [PSYoungGen: 411797K->183605K(465920K)] 1260970K->1088146K(1864192K), 0.0639174 secs] [Times: user=0.31 sys=0.00, real=0.07 secs] 
3749.932: [GC (GCLocker Initiated GC) [PSYoungGen: 416565K->185941K(465920K)] 1321107K->1146106K(1864192K), 0.0460381 secs] [Times: user=0.21 sys=0.00, real=0.05 secs] 
3751.671: [GC (Allocation Failure) [PSYoungGen: 418901K->109709K(465920K)] 1379068K->1140101K(1864192K), 0.0464257 secs] [Times: user=0.23 sys=0.00, real=0.05 secs] 
3752.328: [GC (Allocation Failure) [PSYoungGen: 342669K->156818K(465920K)] 1373061K->1222706K(1864192K), 0.0958832 secs] [Times: user=0.50 sys=0.00, real=0.09 secs] 
3752.615: [GC (Allocation Failure) [PSYoungGen: 389778K->181717K(465920K)] 1455666K->1297093K(1864192K), 0.0505146 secs] [Times: user=0.24 sys=0.00, real=0.05 secs] 
3752.802: [GC (Allocation Failure) [PSYoungGen: 414677K->185751K(465920K)] 1530053K->1364758K(1864192K), 0.0637487 secs] [Times: user=0.32 sys=0.00, real=0.07 secs] 
3752.982: [GC (Allocation Failure) [PSYoungGen: 418711K->186741K(465920K)] 1597718K->1424677K(1864192K), 0.0565132 secs] [Times: user=0.28 sys=0.00, real=0.06 secs] 
3754.251: [GC (Allocation Failure) [PSYoungGen: 419701K->86922K(465920K)] 1657637K->1395394K(1864192K), 0.0728424 secs] [Times: user=0.40 sys=0.00, real=0.07 secs] 
3754.771: [GC (Allocation Failure) [PSYoungGen: 319882K->179189K(465920K)] 1628354K->1516480K(1864192K), 0.0514325 secs] [Times: user=0.23 sys=0.00, real=0.05 secs] 
3754.823: [Full GC (Ergonomics) [PSYoungGen: 179189K->0K(465920K)] [ParOldGen: 1337291K->215313K(1398272K)] 1516480K->215313K(1864192K), [Metaspace: 60338K->60338K(1105920K)], 0.2680476 secs] [Times: user=1.26 sys=0.00, real=0.27 secs] 
3755.203: [GC (Allocation Failure) [PSYoungGen: 232960K->178869K(465920K)] 448273K->394182K(1864192K), 0.0264526 secs] [Times: user=0.09 sys=0.00, real=0.03 secs] 
3755.349: [GC (Allocation Failure) [PSYoungGen: 411829K->186197K(465920K)] 627142K->455790K(1864192K), 0.0448828 secs] [Times: user=0.21 sys=0.01, real=0.04 secs] 
3756.341: [GC (Allocation Failure) [PSYoungGen: 419157K->124303K(465920K)] 688750K->464112K(1864192K), 0.0468611 secs] [Times: user=0.24 sys=0.00, real=0.05 secs] 
3756.678: [GC (Allocation Failure) [PSYoungGen: 357263K->148561K(465920K)] 697072K->527922K(1864192K), 0.0800910 secs] [Times: user=0.41 sys=0.00, real=0.08 secs] 
3756.930: [GC (Allocation Failure) [PSYoungGen: 381521K->183349K(465920K)] 760882K->609606K(1864192K), 0.0533115 secs] [Times: user=0.25 sys=0.00, real=0.05 secs] 
3757.161: [GC (Allocation Failure) [PSYoungGen: 416309K->185111K(465920K)] 842566K->674967K(1864192K), 0.0580429 secs] [Times: user=0.28 sys=0.00, real=0.06 secs] 
3757.515: [GC (Allocation Failure) [PSYoungGen: 418071K->181908K(465920K)] 907927K->730517K(1864192K), 0.0649429 secs] [Times: user=0.33 sys=0.00, real=0.07 secs] 
3758.866: [GC (Allocation Failure) [PSYoungGen: 414868K->92827K(465920K)] 963477K->710243K(1864192K), 0.0659392 secs] [Times: user=0.35 sys=0.00, real=0.06 secs] 
3759.478: [GC (Allocation Failure) [PSYoungGen: 325787K->175669K(465920K)] 943203K->823186K(1864192K), 0.0469215 secs] [Times: user=0.20 sys=0.00, real=0.04 secs] 
3759.655: [GC (Allocation Failure) [PSYoungGen: 408629K->184598K(465920K)] 1056146K->886899K(1864192K), 0.0440880 secs] [Times: user=0.20 sys=0.00, real=0.05 secs] 
3759.805: [GC (Allocation Failure) [PSYoungGen: 417558K->186997K(465920K)] 1119859K->945290K(1864192K), 0.0466427 secs] [Times: user=0.22 sys=0.00, real=0.05 secs] 
3760.805: [GC (Allocation Failure) [PSYoungGen: 419957K->124399K(465920K)] 1178250K->953229K(1864192K), 0.0485071 secs] [Times: user=0.25 sys=0.00, real=0.05 secs] 
3761.768: [GC (GCLocker Initiated GC) [PSYoungGen: 357359K->137264K(465920K)] 1186189K->1005590K(1864192K), 0.1229607 secs] [Times: user=0.68 sys=0.00, real=0.12 secs] 
3762.043: [GC (Allocation Failure) [PSYoungGen: 370224K->176597K(465920K)] 1238553K->1089402K(1864192K), 0.0397368 secs] [Times: user=0.18 sys=0.00, real=0.04 secs] 
3762.235: [GC (Allocation Failure) [PSYoungGen: 409557K->185591K(465920K)] 1322362K->1159900K(1864192K), 0.0754610 secs] [Times: user=0.37 sys=0.00, real=0.08 secs] 
3762.440: [GC (Allocation Failure) [PSYoungGen: 418551K->183540K(465920K)] 1392860K->1216626K(1864192K), 0.0576508 secs] [Times: user=0.29 sys=0.00, real=0.06 secs] 
3763.509: [GC (Allocation Failure) [PSYoungGen: 416500K->94715K(465920K)] 1449586K->1197053K(1864192K), 0.0439645 secs] [Times: user=0.23 sys=0.00, real=0.04 secs] 
3763.890: [GC (Allocation Failure) [PSYoungGen: 327675K->178453K(465920K)] 1430013K->1311851K(1864192K), 0.0521880 secs] [Times: user=0.23 sys=0.00, real=0.05 secs] 
3764.270: [GC (Allocation Failure) [PSYoungGen: 411413K->180693K(465920K)] 1544811K->1369442K(1864192K), 0.0597652 secs] [Times: user=0.29 sys=0.00, real=0.06 secs] 
3764.545: [GC (Allocation Failure) [PSYoungGen: 413653K->200212K(465920K)] 1602402K->1443586K(1864192K), 0.0523448 secs] [Times: user=0.25 sys=0.00, real=0.06 secs] 
3766.587: [GC (Allocation Failure) [PSYoungGen: 433172K->141649K(465920K)] 1676546K->1454407K(1864192K), 0.0511962 secs] [Times: user=0.25 sys=0.00, real=0.05 secs] 
3766.638: [Full GC (Ergonomics) [PSYoungGen: 141649K->0K(465920K)] [ParOldGen: 1312757K->350927K(1398272K)] 1454407K->350927K(1864192K), [Metaspace: 60339K->60339K(1105920K)], 0.5855764 secs] [Times: user=2.55 sys=0.00, real=0.58 secs] 
3769.337: [GC (Allocation Failure) [PSYoungGen: 232960K->119278K(465920K)] 583887K->470206K(1864192K), 0.0389330 secs] [Times: user=0.15 sys=0.01, real=0.04 secs] 
3769.583: [GC (Allocation Failure) [PSYoungGen: 352238K->175700K(465920K)] 703166K->565077K(1864192K), 0.0382566 secs] [Times: user=0.17 sys=0.00, real=0.04 secs] 
3769.769: [GC (Allocation Failure) [PSYoungGen: 408660K->182038K(465920K)] 798037K->632647K(1864192K), 0.0763338 secs] [Times: user=0.37 sys=0.01, real=0.07 secs] 
3770.022: [GC (Allocation Failure) [PSYoungGen: 414998K->186389K(465920K)] 865607K->694446K(1864192K), 0.0700107 secs] [Times: user=0.36 sys=0.00, real=0.07 secs] 
3771.060: [GC (Allocation Failure) [PSYoungGen: 419349K->97883K(465920K)] 927406K->676312K(1864192K), 0.0511467 secs] [Times: user=0.27 sys=0.00, real=0.05 secs] 
3771.431: [GC (Allocation Failure) [PSYoungGen: 330843K->170772K(465920K)] 909272K->781585K(1864192K), 0.0572039 secs] [Times: user=0.26 sys=0.00, real=0.06 secs] 
3771.633: [GC (Allocation Failure) [PSYoungGen: 403732K->184502K(465920K)] 1014545K->848170K(1864192K), 0.0431517 secs] [Times: user=0.19 sys=0.00, real=0.05 secs] 
3771.801: [GC (Allocation Failure) [PSYoungGen: 408796K->175541K(465920K)] 1072465K->903626K(1864192K), 0.0555245 secs] [Times: user=0.27 sys=0.00, real=0.06 secs] 
3773.928: [GC (Allocation Failure) [PSYoungGen: 408501K->169107K(465920K)] 1136586K->952751K(1864192K), 0.0564552 secs] [Times: user=0.28 sys=0.00, real=0.05 secs] 
3774.504: [GC (GCLocker Initiated GC) [PSYoungGen: 402067K->104364K(465920K)] 1185711K->952753K(1864192K), 0.0844837 secs] [Times: user=0.45 sys=0.00, real=0.09 secs] 
3775.136: [GC (Allocation Failure) [PSYoungGen: 337324K->174709K(465920K)] 1194071K->1065182K(1864192K), 0.1471372 secs] [Times: user=0.82 sys=0.00, real=0.14 secs] 
3775.395: [GC (Allocation Failure) [PSYoungGen: 407669K->184183K(465920K)] 1298142K->1130319K(1864192K), 0.1656921 secs] [Times: user=0.92 sys=0.00, real=0.17 secs] 
3775.662: [GC (Allocation Failure) [PSYoungGen: 417143K->180852K(465920K)] 1363279K->1185444K(1864192K), 0.0558877 secs] [Times: user=0.28 sys=0.00, real=0.06 secs] 
3776.782: [GC (GCLocker Initiated GC) [PSYoungGen: 413812K->97691K(465920K)] 1418404K->1170628K(1864192K), 0.0502984 secs] [Times: user=0.26 sys=0.00, real=0.05 secs] 
3777.635: [GC (Allocation Failure) [PSYoungGen: 330651K->169012K(465920K)] 1403755K->1273664K(1864192K), 0.0599495 secs] [Times: user=0.28 sys=0.00, real=0.06 secs] 
3777.863: [GC (Allocation Failure) [PSYoungGen: 401972K->178325K(465920K)] 1506624K->1336193K(1864192K), 0.0602499 secs] [Times: user=0.29 sys=0.01, real=0.06 secs] 
3778.100: [GC (Allocation Failure) [PSYoungGen: 411285K->185111K(465920K)] 1569153K->1404803K(1864192K), 0.0651614 secs] [Times: user=0.32 sys=0.01, real=0.06 secs] 
3778.537: [GC (Allocation Failure) [PSYoungGen: 414435K->214900K(465920K)] 1634127K->1493448K(1864192K), 0.0541275 secs] [Times: user=0.27 sys=0.00, real=0.05 secs] 
3779.275: [GC (Allocation Failure) [PSYoungGen: 447860K->95003K(465920K)] 1726408K->1441927K(1864192K), 0.0666877 secs] [Times: user=0.36 sys=0.00, real=0.07 secs] 
3779.342: [Full GC (Ergonomics) [PSYoungGen: 95003K->0K(465920K)] [ParOldGen: 1346924K->112308K(1398272K)] 1441927K->112308K(1864192K), [Metaspace: 60341K->60341K(1105920K)], 0.1451764 secs] [Times: user=0.61 sys=0.00, real=0.15 secs] 
3779.705: [GC (Allocation Failure) [PSYoungGen: 232960K->182678K(465920K)] 345268K->294987K(1864192K), 0.0255426 secs] [Times: user=0.09 sys=0.00, real=0.03 secs] 
3779.962: [GC (Allocation Failure) [PSYoungGen: 415638K->183797K(465920K)] 527947K->352650K(1864192K), 0.0427173 secs] [Times: user=0.20 sys=0.00, real=0.04 secs] 
3780.164: [GC (Allocation Failure) [PSYoungGen: 416757K->183156K(465920K)] 585610K->407697K(1864192K), 0.0461096 secs] [Times: user=0.21 sys=0.00, real=0.05 secs] 
3781.932: [GC (Allocation Failure) [PSYoungGen: 416116K->96299K(465920K)] 640657K->389936K(1864192K), 0.0434341 secs] [Times: user=0.23 sys=0.00, real=0.04 secs] 
3782.392: [GC (Allocation Failure) [PSYoungGen: 329259K->167764K(465920K)] 622896K->492397K(1864192K), 0.0460503 secs] [Times: user=0.22 sys=0.00, real=0.05 secs] 
3782.570: [GC (Allocation Failure) [PSYoungGen: 400724K->192982K(465920K)] 725357K->570283K(1864192K), 0.0478074 secs] [Times: user=0.22 sys=0.00, real=0.05 secs] 
3782.744: [GC (Allocation Failure) [PSYoungGen: 425942K->183286K(465920K)] 803243K->624932K(1864192K), 0.0495557 secs] [Times: user=0.23 sys=0.00, real=0.05 secs] 
3782.921: [GC (Allocation Failure) [PSYoungGen: 416246K->186453K(465920K)] 857892K->686587K(1864192K), 0.0728015 secs] [Times: user=0.36 sys=0.00, real=0.07 secs] 
3784.923: [GC (Allocation Failure) [PSYoungGen: 419413K->80905K(465920K)] 919547K->651495K(1864192K), 0.0908791 secs] [Times: user=0.49 sys=0.00, real=0.09 secs] 
3785.429: [GC (Allocation Failure) [PSYoungGen: 313865K->179125K(465920K)] 884455K->776492K(1864192K), 0.0421321 secs] [Times: user=0.18 sys=0.01, real=0.04 secs] 
3785.624: [GC (Allocation Failure) [PSYoungGen: 412085K->184694K(465920K)] 1009452K->837436K(1864192K), 0.0552246 secs] [Times: user=0.26 sys=0.00, real=0.06 secs] 
3785.802: [GC (Allocation Failure) [PSYoungGen: 417654K->187093K(465920K)] 1070396K->895784K(1864192K), 0.0455773 secs] [Times: user=0.21 sys=0.00, real=0.05 secs] 
3786.788: [GC (Allocation Failure) [PSYoungGen: 420053K->106717K(465920K)] 1128744K->885899K(1864192K), 0.0456012 secs] [Times: user=0.23 sys=0.00, real=0.04 secs] 
3787.086: [GC (Allocation Failure) [PSYoungGen: 339677K->162451K(465920K)] 1118859K->977218K(1864192K), 0.0920294 secs] [Times: user=0.47 sys=0.00, real=0.10 secs] 
3787.686: [GC (Allocation Failure) [PSYoungGen: 395411K->177845K(465920K)] 1210178K->1042724K(1864192K), 0.0857607 secs] [Times: user=0.43 sys=0.00, real=0.08 secs] 
3787.984: [GC (Allocation Failure) [PSYoungGen: 410805K->185239K(465920K)] 1275684K->1112118K(1864192K), 0.0578199 secs] [Times: user=0.28 sys=0.00, real=0.06 secs] 
3788.372: [GC (GCLocker Initiated GC) [PSYoungGen: 418199K->183188K(465920K)] 1345078K->1168732K(1864192K), 0.0666323 secs] [Times: user=0.34 sys=0.00, real=0.07 secs] 
3789.962: [GC (Allocation Failure) [PSYoungGen: 416148K->90858K(465920K)] 1401858K->1145729K(1864192K), 0.1111063 secs] [Times: user=0.62 sys=0.00, real=0.11 secs] 
3790.426: [GC (Allocation Failure) [PSYoungGen: 323818K->176693K(465920K)] 1378689K->1261360K(1864192K), 0.0392457 secs] [Times: user=0.17 sys=0.00, real=0.03 secs] 
3790.574: [GC (Allocation Failure) [PSYoungGen: 409653K->184726K(465920K)] 1494320K->1324289K(1864192K), 0.0451086 secs] [Times: user=0.21 sys=0.00, real=0.05 secs] 
3790.726: [GC (Allocation Failure) [PSYoungGen: 417686K->186709K(465920K)] 1557249K->1382320K(1864192K), 0.0473284 secs] [Times: user=0.22 sys=0.01, real=0.05 secs] 
3791.781: [GC (Allocation Failure) [PSYoungGen: 419669K->113246K(465920K)] 1615280K->1379113K(1864192K), 0.0480609 secs] [Times: user=0.25 sys=0.00, real=0.05 secs] 
3792.256: [GC (Allocation Failure) [PSYoungGen: 346206K->151026K(465920K)] 1612073K->1452985K(1864192K), 0.1025336 secs] [Times: user=0.54 sys=0.00, real=0.10 secs] 
3792.533: [GC (Allocation Failure) [PSYoungGen: 383986K->177269K(465920K)] 1685945K->1526917K(1864192K), 0.0501804 secs] [Times: user=0.23 sys=0.00, real=0.05 secs] 
3792.583: [Full GC (Ergonomics) [PSYoungGen: 177269K->0K(465920K)] [ParOldGen: 1349647K->242786K(1398272K)] 1526917K->242786K(1864192K), [Metaspace: 60341K->60341K(1105920K)], 0.2939061 secs] [Times: user=1.34 sys=0.00, real=0.30 secs] 
3792.986: [GC (Allocation Failure) [PSYoungGen: 232960K->185751K(465920K)] 475746K->428537K(1864192K), 0.0913941 secs] [Times: user=0.48 sys=0.00, real=0.09 secs] 
3793.185: [GC (Allocation Failure) [PSYoungGen: 418711K->186645K(465920K)] 661497K->488504K(1864192K), 0.0569057 secs] [Times: user=0.27 sys=0.00, real=0.06 secs] 
3794.177: [GC (Allocation Failure) [PSYoungGen: 419605K->94251K(465920K)] 721464K->466674K(1864192K), 0.0556332 secs] [Times: user=0.30 sys=0.00, real=0.05 secs] 
3794.556: [GC (Allocation Failure) [PSYoungGen: 327211K->178645K(465920K)] 699634K->582020K(1864192K), 0.0482250 secs] [Times: user=0.21 sys=0.01, real=0.04 secs] 
3794.801: [GC (Allocation Failure) [PSYoungGen: 411605K->180405K(465920K)] 814980K->639131K(1864192K), 0.0620384 secs] [Times: user=0.29 sys=0.00, real=0.06 secs] 
3795.034: [GC (Allocation Failure) [PSYoungGen: 413365K->185237K(465920K)] 872091K->698771K(1864192K), 0.0668946 secs] [Times: user=0.33 sys=0.00, real=0.07 secs] 
3796.045: [GC (Allocation Failure) [PSYoungGen: 418197K->123823K(465920K)] 931731K->707181K(1864192K), 0.0476165 secs] [Times: user=0.23 sys=0.00, real=0.05 secs] 
3796.704: [GC (Allocation Failure) [PSYoungGen: 356783K->144369K(465920K)] 940141K->766991K(1864192K), 0.1049451 secs] [Times: user=0.56 sys=0.00, real=0.11 secs] 
3796.957: [GC (Allocation Failure) [PSYoungGen: 377329K->183797K(465920K)] 999951K->852013K(1864192K), 0.0403139 secs] [Times: user=0.18 sys=0.00, real=0.04 secs] 
3797.132: [GC (Allocation Failure) [PSYoungGen: 416757K->185815K(465920K)] 1084973K->917838K(1864192K), 0.0560690 secs] [Times: user=0.27 sys=0.00, real=0.06 secs] 
3797.310: [GC (Allocation Failure) [PSYoungGen: 418772K->186549K(465920K)] 1150795K->977604K(1864192K), 0.0575088 secs] [Times: user=0.29 sys=0.00, real=0.06 secs] 
3798.881: [GC (Allocation Failure) [PSYoungGen: 419509K->84682K(465920K)] 1210564K->946137K(1864192K), 0.1117872 secs] [Times: user=0.62 sys=0.00, real=0.11 secs] 
3799.562: [GC (Allocation Failure) [PSYoungGen: 317642K->172917K(465920K)] 1179097K->1062423K(1864192K), 0.0457698 secs] [Times: user=0.19 sys=0.01, real=0.05 secs] 
3799.738: [GC (Allocation Failure) [PSYoungGen: 405877K->184726K(465920K)] 1295383K->1127872K(1864192K), 0.0438484 secs] [Times: user=0.20 sys=0.00, real=0.04 secs] 
3799.886: [GC (Allocation Failure) [PSYoungGen: 417686K->186933K(465920K)] 1360832K->1185880K(1864192K), 0.0466081 secs] [Times: user=0.21 sys=0.00, real=0.04 secs] 
3800.928: [GC (Allocation Failure) [PSYoungGen: 419893K->132304K(465920K)] 1418840K->1201763K(1864192K), 0.0496996 secs] [Times: user=0.25 sys=0.00, real=0.05 secs] 
3801.226: [GC (Allocation Failure) [PSYoungGen: 365264K->139616K(465920K)] 1434723K->1251107K(1864192K), 0.1081244 secs] [Times: user=0.59 sys=0.00, real=0.11 secs] 
3801.466: [GC (Allocation Failure) [PSYoungGen: 372576K->175540K(465920K)] 1484067K->1331711K(1864192K), 0.0396105 secs] [Times: user=0.18 sys=0.00, real=0.04 secs] 
3801.618: [GC (Allocation Failure) [PSYoungGen: 408500K->185303K(465920K)] 1564671K->1403289K(1864192K), 0.0505940 secs] [Times: user=0.23 sys=0.00, real=0.05 secs] 
3802.359: [GC (GCLocker Initiated GC) [PSYoungGen: 418263K->179668K(465920K)] 1636249K->1456358K(1864192K), 0.0918358 secs] [Times: user=0.48 sys=0.00, real=0.09 secs] 
3803.671: [GC (Allocation Failure) [PSYoungGen: 412628K->93323K(465920K)] 1689320K->1438023K(1864192K), 0.0605823 secs] [Times: user=0.32 sys=0.00, real=0.06 secs] 
3803.731: [Full GC (Ergonomics) [PSYoungGen: 93323K->0K(465920K)] [ParOldGen: 1344700K->95451K(1398272K)] 1438023K->95451K(1864192K), [Metaspace: 60341K->60341K(1105920K)], 0.0766993 secs] [Times: user=0.30 sys=0.00, real=0.08 secs] 
3804.659: [GC (GCLocker Initiated GC) [PSYoungGen: 232960K->173461K(465920K)] 328412K->268913K(1864192K), 0.0362623 secs] [Times: user=0.13 sys=0.00, real=0.03 secs] 
3804.845: [GC (Allocation Failure) [PSYoungGen: 406421K->182101K(465920K)] 501876K->331600K(1864192K), 0.0411380 secs] [Times: user=0.19 sys=0.00, real=0.05 secs] 
3805.014: [GC (Allocation Failure) [PSYoungGen: 415061K->187221K(465920K)] 564560K->392104K(1864192K), 0.0646381 secs] [Times: user=0.31 sys=0.00, real=0.07 secs] 
3806.046: [GC (Allocation Failure) [PSYoungGen: 420181K->146514K(465920K)] 625064K->421885K(1864192K), 0.0498270 secs] [Times: user=0.24 sys=0.00, real=0.05 secs] 
3806.492: [GC (Allocation Failure) [PSYoungGen: 379474K->123182K(465920K)] 654845K->444897K(1864192K), 0.1318788 secs] [Times: user=0.73 sys=0.00, real=0.13 secs] 
3806.796: [GC (Allocation Failure) [PSYoungGen: 356142K->174900K(465920K)] 677857K->536048K(1864192K), 0.0394673 secs] [Times: user=0.16 sys=0.00, real=0.03 secs] 
3806.989: [GC (Allocation Failure) [PSYoungGen: 407860K->181334K(465920K)] 769008K->603510K(1864192K), 0.0754867 secs] [Times: user=0.37 sys=0.00, real=0.07 secs] 
3807.209: [GC (Allocation Failure) [PSYoungGen: 414294K->187029K(465920K)] 836470K->666757K(1864192K), 0.0666708 secs] [Times: user=0.34 sys=0.00, real=0.06 secs] 
3808.249: [GC (Allocation Failure) [PSYoungGen: 419989K->98043K(465920K)] 899717K->648244K(1864192K), 0.0551480 secs] [Times: user=0.29 sys=0.00, real=0.05 secs] 
3808.630: [GC (Allocation Failure) [PSYoungGen: 331003K->175093K(465920K)] 881204K->757673K(1864192K), 0.0600593 secs] [Times: user=0.27 sys=0.00, real=0.06 secs] 
3808.899: [GC (Allocation Failure) [PSYoungGen: 408053K->183637K(465920K)] 990633K->820657K(1864192K), 0.0452731 secs] [Times: user=0.21 sys=0.00, real=0.04 secs] 
3809.136: [GC (Allocation Failure) [PSYoungGen: 416597K->186485K(465920K)] 1053617K->879001K(1864192K), 0.0533231 secs] [Times: user=0.25 sys=0.00, real=0.05 secs] 
3810.765: [GC (Allocation Failure) [PSYoungGen: 419445K->150162K(465920K)] 1111961K->912830K(1864192K), 0.0510760 secs] [Times: user=0.25 sys=0.00, real=0.06 secs] 
3811.891: [GC (Allocation Failure) [PSYoungGen: 383122K->111085K(465920K)] 1145790K->921441K(1864192K), 0.1655847 secs] [Times: user=0.91 sys=0.00, real=0.17 secs] 
3812.242: [GC (Allocation Failure) [PSYoungGen: 344045K->179125K(465920K)] 1154401K->1025510K(1864192K), 0.0367842 secs] [Times: user=0.16 sys=0.00, real=0.04 secs] 
3812.392: [GC (Allocation Failure) [PSYoungGen: 412085K->179606K(465920K)] 1258470K->1088335K(1864192K), 0.0590386 secs] [Times: user=0.29 sys=0.00, real=0.06 secs] 
3812.577: [GC (Allocation Failure) [PSYoungGen: 412566K->186709K(465920K)] 1321295K->1153070K(1864192K), 0.0664330 secs] [Times: user=0.33 sys=0.00, real=0.06 secs] 
3813.657: [GC (Allocation Failure) [PSYoungGen: 419669K->97483K(465920K)] 1386030K->1134260K(1864192K), 0.0526860 secs] [Times: user=0.28 sys=0.00, real=0.05 secs] 
3814.235: [GC (Allocation Failure) [PSYoungGen: 330443K->170068K(465920K)] 1367220K->1238066K(1864192K), 0.0687373 secs] [Times: user=0.33 sys=0.00, real=0.07 secs] 
3814.515: [GC (Allocation Failure) [PSYoungGen: 403028K->176853K(465920K)] 1471026K->1298298K(1864192K), 0.0429552 secs] [Times: user=0.19 sys=0.00, real=0.05 secs] 
3814.675: [GC (Allocation Failure) [PSYoungGen: 409813K->185815K(465920K)] 1531258K->1368885K(1864192K), 0.0502423 secs] [Times: user=0.23 sys=0.00, real=0.05 secs] 
3815.600: [GC (Allocation Failure) [PSYoungGen: 418775K->174355K(465920K)] 1601845K->1416241K(1864192K), 0.0572924 secs] [Times: user=0.29 sys=0.00, real=0.06 secs] 
3815.976: [GC (Allocation Failure) [PSYoungGen: 407315K->102972K(465920K)] 1649201K->1411370K(1864192K), 0.0591004 secs] [Times: user=0.31 sys=0.01, real=0.06 secs] 
3816.247: [GC (Allocation Failure) [PSYoungGen: 334263K->180022K(465920K)] 1642661K->1522011K(1864192K), 0.0471633 secs] [Times: user=0.21 sys=0.00, real=0.04 secs] 
3816.294: [Full GC (Ergonomics) [PSYoungGen: 180022K->0K(465920K)] [ParOldGen: 1341989K->230712K(1398272K)] 1522011K->230712K(1864192K), [Metaspace: 60342K->60342K(1105920K)], 0.2681322 secs] [Times: user=1.22 sys=0.00, real=0.27 secs] 
3816.669: [GC (Allocation Failure) [PSYoungGen: 232960K->181077K(465920K)] 463672K->411789K(1864192K), 0.0257167 secs] [Times: user=0.09 sys=0.00, real=0.02 secs] 
3816.801: [GC (Allocation Failure) [PSYoungGen: 414037K->186357K(465920K)] 644749K->472285K(1864192K), 0.0442791 secs] [Times: user=0.20 sys=0.00, real=0.04 secs] 
3818.744: [GC (Allocation Failure) [PSYoungGen: 419317K->99500K(465920K)] 705245K->455676K(1864192K), 0.0438066 secs] [Times: user=0.22 sys=0.00, real=0.05 secs] 
3819.229: [GC (Allocation Failure) [PSYoungGen: 332460K->168276K(465920K)] 688636K->556241K(1864192K), 0.0395598 secs] [Times: user=0.17 sys=0.00, real=0.04 secs] 
3819.377: [GC (Allocation Failure) [PSYoungGen: 401236K->183861K(465920K)] 789201K->624934K(1864192K), 0.0413446 secs] [Times: user=0.18 sys=0.00, real=0.04 secs] 
3819.529: [GC (Allocation Failure) [PSYoungGen: 416821K->186071K(465920K)] 857894K->691048K(1864192K), 0.0492053 secs] [Times: user=0.22 sys=0.00, real=0.05 secs] 
3819.802: [GC (Allocation Failure) [PSYoungGen: 418397K->212180K(465920K)] 923374K->776165K(1864192K), 0.0536058 secs] [Times: user=0.26 sys=0.00, real=0.05 secs] 
3821.025: [GC (Allocation Failure) [PSYoungGen: 445140K->91914K(465920K)] 1009125K->723452K(1864192K), 0.0598882 secs] [Times: user=0.32 sys=0.00, real=0.06 secs] 
3821.518: [GC (Allocation Failure) [PSYoungGen: 324874K->179381K(465920K)] 956412K->840843K(1864192K), 0.0338746 secs] [Times: user=0.14 sys=0.00, real=0.03 secs] 
3821.655: [GC (Allocation Failure) [PSYoungGen: 412341K->178933K(465920K)] 1073803K->895971K(1864192K), 0.0435309 secs] [Times: user=0.19 sys=0.00, real=0.05 secs] 
3821.805: [GC (Allocation Failure) [PSYoungGen: 411893K->186101K(465920K)] 1128931K->957451K(1864192K), 0.0454113 secs] [Times: user=0.21 sys=0.00, real=0.05 secs] 
3822.783: [GC (Allocation Failure) [PSYoungGen: 419061K->106509K(465920K)] 1190411K->947971K(1864192K), 0.0454390 secs] [Times: user=0.24 sys=0.00, real=0.05 secs] 
3823.100: [GC (GCLocker Initiated GC) [PSYoungGen: 339469K->168692K(465920K)] 1180934K->1045369K(1864192K), 0.0686916 secs] [Times: user=0.34 sys=0.01, real=0.07 secs] 
3823.315: [GC (GCLocker Initiated GC) [PSYoungGen: 401652K->180405K(465920K)] 1278331K->1109476K(1864192K), 0.0649972 secs] [Times: user=0.31 sys=0.00, real=0.07 secs] 
3823.512: [GC (Allocation Failure) [PSYoungGen: 413365K->185463K(465920K)] 1342567K->1177568K(1864192K), 0.0496572 secs] [Times: user=0.23 sys=0.00, real=0.05 secs] 
3824.023: [GC (Allocation Failure) [PSYoungGen: 418423K->183124K(465920K)] 1410528K->1234258K(1864192K), 0.0896876 secs] [Times: user=0.47 sys=0.00, real=0.09 secs] 
3825.348: [GC (GCLocker Initiated GC) [PSYoungGen: 416084K->88394K(465920K)] 1467218K->1208648K(1864192K), 0.0777028 secs] [Times: user=0.42 sys=0.00, real=0.08 secs] 
3825.749: [GC (Allocation Failure) [PSYoungGen: 321354K->182934K(465920K)] 1441611K->1331419K(1864192K), 0.0441195 secs] [Times: user=0.19 sys=0.00, real=0.04 secs] 
3825.941: [GC (Allocation Failure) [PSYoungGen: 415894K->181973K(465920K)] 1564379K->1387447K(1864192K), 0.0514226 secs] [Times: user=0.24 sys=0.00, real=0.05 secs] 
3826.118: [GC (Allocation Failure) [PSYoungGen: 414933K->186869K(465920K)] 1620407K->1447535K(1864192K), 0.0460547 secs] [Times: user=0.21 sys=0.00, real=0.04 secs] 
3827.134: [GC (Allocation Failure) [PSYoungGen: 419829K->101468K(465920K)] 1680495K->1432662K(1864192K), 0.0458340 secs] [Times: user=0.24 sys=0.01, real=0.05 secs] 
3827.180: [Full GC (Ergonomics) [PSYoungGen: 101468K->0K(465920K)] [ParOldGen: 1331193K->88689K(1398272K)] 1432662K->88689K(1864192K), [Metaspace: 60342K->60342K(1105920K)], 0.0340860 secs] [Times: user=0.10 sys=0.00, real=0.03 secs] 
3828.324: [GC (Allocation Failure) [PSYoungGen: 232960K->159155K(465920K)] 321649K->247844K(1864192K), 0.0489602 secs] [Times: user=0.19 sys=0.00, real=0.05 secs] 
3828.605: [GC (Allocation Failure) [PSYoungGen: 392115K->184054K(465920K)] 480804K->322799K(1864192K), 0.0536171 secs] [Times: user=0.24 sys=0.01, real=0.06 secs] 
3828.814: [GC (Allocation Failure) [PSYoungGen: 417014K->185847K(465920K)] 555759K->388529K(1864192K), 0.0548766 secs] [Times: user=0.26 sys=0.00, real=0.06 secs] 
3828.984: [GC (Allocation Failure) [PSYoungGen: 418807K->186965K(465920K)] 621489K->448575K(1864192K), 0.0556502 secs] [Times: user=0.28 sys=0.00, real=0.06 secs] 
3830.020: [GC (Allocation Failure) [PSYoungGen: 419078K->84314K(465920K)] 680688K->416684K(1864192K), 0.0542950 secs] [Times: user=0.29 sys=0.00, real=0.05 secs] 
3830.568: [GC (Allocation Failure) [PSYoungGen: 317274K->179253K(465920K)] 649644K->539472K(1864192K), 0.0684592 secs] [Times: user=0.30 sys=0.01, real=0.07 secs] 
3831.013: [GC (Allocation Failure) [PSYoungGen: 412213K->192310K(465920K)] 772432K->607968K(1864192K), 0.0700248 secs] [Times: user=0.34 sys=0.01, real=0.07 secs] 
3831.402: [GC (Allocation Failure) [PSYoungGen: 425270K->186101K(465920K)] 840928K->657407K(1864192K), 0.0580615 secs] [Times: user=0.29 sys=0.00, real=0.06 secs] 
3832.411: [GC (Allocation Failure) [PSYoungGen: 419061K->112781K(465920K)] 890367K->654064K(1864192K), 0.0459832 secs] [Times: user=0.23 sys=0.00, real=0.05 secs] 
3833.568: [GC (Allocation Failure) [PSYoungGen: 345741K->151570K(465920K)] 887024K->728673K(1864192K), 0.1048020 secs] [Times: user=0.55 sys=0.01, real=0.10 secs] 
3833.828: [GC (Allocation Failure) [PSYoungGen: 384530K->184374K(465920K)] 961633K->809361K(1864192K), 0.0410223 secs] [Times: user=0.18 sys=0.00, real=0.04 secs] 
3833.981: [GC (Allocation Failure) [PSYoungGen: 417334K->186039K(465920K)] 1042321K->875050K(1864192K), 0.0498240 secs] [Times: user=0.23 sys=0.00, real=0.05 secs] 
3834.156: [GC (Allocation Failure) [PSYoungGen: 418999K->186453K(465920K)] 1108010K->934376K(1864192K), 0.0610402 secs] [Times: user=0.31 sys=0.00, real=0.07 secs] 
3835.743: [GC (Allocation Failure) [PSYoungGen: 419413K->88890K(465920K)] 1167336K->907253K(1864192K), 0.1193829 secs] [Times: user=0.66 sys=0.00, real=0.12 secs] 
3836.235: [GC (Allocation Failure) [PSYoungGen: 321850K->175605K(465920K)] 1140213K->1023173K(1864192K), 0.0431259 secs] [Times: user=0.18 sys=0.00, real=0.05 secs] 
3836.460: [GC (Allocation Failure) [PSYoungGen: 408565K->181205K(465920K)] 1256133K->1082789K(1864192K), 0.0619408 secs] [Times: user=0.30 sys=0.00, real=0.06 secs] 
3836.673: [GC (Allocation Failure) [PSYoungGen: 414165K->186677K(465920K)] 1315749K->1143221K(1864192K), 0.0629685 secs] [Times: user=0.31 sys=0.00, real=0.07 secs] 
3837.670: [GC (Allocation Failure) [PSYoungGen: 419637K->121551K(465920K)] 1376181K->1148439K(1864192K), 0.0483015 secs] [Times: user=0.24 sys=0.00, real=0.05 secs] 
3838.049: [GC (Allocation Failure) [PSYoungGen: 354511K->147201K(465920K)] 1381399K->1212817K(1864192K), 0.1123961 secs] [Times: user=0.59 sys=0.00, real=0.11 secs] 
3838.414: [GC (Allocation Failure) [PSYoungGen: 380161K->179541K(465920K)] 1445777K->1291705K(1864192K), 0.0455181 secs] [Times: user=0.21 sys=0.00, real=0.05 secs] 
3838.864: [GC (GCLocker Initiated GC) [PSYoungGen: 412501K->185111K(465920K)] 1524667K->1359660K(1864192K), 0.0632023 secs] [Times: user=0.31 sys=0.00, real=0.07 secs] 
3839.054: [GC (Allocation Failure) [PSYoungGen: 418071K->186101K(465920K)] 1592915K->1419761K(1864192K), 0.0664816 secs] [Times: user=0.34 sys=0.00, real=0.07 secs] 
3840.954: [GC (Allocation Failure) [PSYoungGen: 419061K->91643K(465920K)] 1652721K->1395407K(1864192K), 0.0868846 secs] [Times: user=0.46 sys=0.00, real=0.09 secs] 
3842.227: [GC (Allocation Failure) [PSYoungGen: 324603K->172756K(465920K)] 1628367K->1505366K(1864192K), 0.0476838 secs] [Times: user=0.21 sys=0.00, real=0.04 secs] 
3842.275: [Full GC (Ergonomics) [PSYoungGen: 172756K->0K(465920K)] [ParOldGen: 1332609K->209032K(1398272K)] 1505366K->209032K(1864192K), [Metaspace: 60342K->60342K(1105920K)], 0.2459348 secs] [Times: user=1.13 sys=0.00, real=0.25 secs] 
3842.644: [GC (Allocation Failure) [PSYoungGen: 232960K->182197K(465920K)] 441992K->391229K(1864192K), 0.0269484 secs] [Times: user=0.09 sys=0.01, real=0.03 secs] 
3842.776: [GC (Allocation Failure) [PSYoungGen: 415157K->186965K(465920K)] 624189K->451493K(1864192K), 0.0441486 secs] [Times: user=0.20 sys=0.00, real=0.04 secs] 
3843.755: [GC (Allocation Failure) [PSYoungGen: 419925K->132560K(465920K)] 684453K->467556K(1864192K), 0.0481167 secs] [Times: user=0.24 sys=0.00, real=0.05 secs] 
3844.371: [GC (Allocation Failure) [PSYoungGen: 365520K->136720K(465920K)] 700516K->513676K(1864192K), 0.0929972 secs] [Times: user=0.49 sys=0.00, real=0.09 secs] 
3844.638: [GC (Allocation Failure) [PSYoungGen: 369680K->175188K(465920K)] 746636K->596194K(1864192K), 0.0471470 secs] [Times: user=0.22 sys=0.00, real=0.04 secs] 
3844.818: [GC (Allocation Failure) [PSYoungGen: 408148K->185335K(465920K)] 829154K->667348K(1864192K), 0.0593085 secs] [Times: user=0.28 sys=0.00, real=0.06 secs] 
3844.994: [GC (Allocation Failure) [PSYoungGen: 418295K->186709K(465920K)] 900308K->727530K(1864192K), 0.0584768 secs] [Times: user=0.29 sys=0.00, real=0.06 secs] 
3845.967: [GC (Allocation Failure) [PSYoungGen: 419669K->91403K(465920K)] 960490K->702780K(1864192K), 0.0445947 secs] [Times: user=0.23 sys=0.00, real=0.04 secs] 
3846.409: [GC (Allocation Failure) [PSYoungGen: 324363K->178357K(465920K)] 935740K->819726K(1864192K), 0.0537741 secs] [Times: user=0.23 sys=0.00, real=0.05 secs] 
3846.831: [GC (Allocation Failure) [PSYoungGen: 411317K->180405K(465920K)] 1052686K->876950K(1864192K), 0.0684297 secs] [Times: user=0.33 sys=0.00, real=0.07 secs] 
3847.171: [GC (Allocation Failure) [PSYoungGen: 413365K->186549K(465920K)] 1109910K->937598K(1864192K), 0.0664997 secs] [Times: user=0.33 sys=0.00, real=0.07 secs] 
3848.668: [GC (Allocation Failure) [PSYoungGen: 419509K->139665K(465920K)] 1170558K->960890K(1864192K), 0.0506095 secs] [Times: user=0.25 sys=0.00, real=0.05 secs] 
3849.801: [GC (Allocation Failure) [PSYoungGen: 372625K->129999K(465920K)] 1193850K->995424K(1864192K), 0.1707528 secs] [Times: user=0.96 sys=0.00, real=0.17 secs] 
3850.159: [GC (Allocation Failure) [PSYoungGen: 362959K->175732K(465920K)] 1228384K->1082766K(1864192K), 0.0385047 secs] [Times: user=0.17 sys=0.00, real=0.04 secs] 
3850.309: [GC (Allocation Failure) [PSYoungGen: 408692K->185623K(465920K)] 1315726K->1154209K(1864192K), 0.0496830 secs] [Times: user=0.23 sys=0.00, real=0.05 secs] 
3850.501: [GC (GCLocker Initiated GC) [PSYoungGen: 418583K->185941K(465920K)] 1387170K->1213488K(1864192K), 0.0823032 secs] [Times: user=0.43 sys=0.00, real=0.08 secs] 
3851.605: [GC (Allocation Failure) [PSYoungGen: 418901K->93931K(465920K)] 1446577K->1191903K(1864192K), 0.0451366 secs] [Times: user=0.23 sys=0.00, real=0.05 secs] 
3852.163: [GC (Allocation Failure) [PSYoungGen: 326891K->173877K(465920K)] 1424863K->1303037K(1864192K), 0.0540062 secs] [Times: user=0.24 sys=0.00, real=0.06 secs] 
3852.438: [GC (Allocation Failure) [PSYoungGen: 406837K->178357K(465920K)] 1535997K->1361933K(1864192K), 0.0519675 secs] [Times: user=0.25 sys=0.00, real=0.05 secs] 
3852.611: [GC (Allocation Failure) [PSYoungGen: 395339K->169749K(465920K)] 1578916K->1415229K(1864192K), 0.0503768 secs] [Times: user=0.24 sys=0.00, real=0.05 secs] 
3853.513: [GC (Allocation Failure) [PSYoungGen: 402709K->169011K(402432K)] 1648189K->1468579K(1800704K), 0.0574320 secs] [Times: user=0.29 sys=0.00, real=0.06 secs] 
3854.084: [GC (Allocation Failure) [PSYoungGen: 401971K->108237K(460288K)] 1701539K->1472517K(1858560K), 0.0887926 secs] [Times: user=0.47 sys=0.01, real=0.09 secs] 
3854.173: [Full GC (Ergonomics) [PSYoungGen: 108237K->0K(460288K)] [ParOldGen: 1364280K->125896K(1398272K)] 1472517K->125896K(1858560K), [Metaspace: 60351K->60351K(1105920K)], 0.1804278 secs] [Times: user=0.79 sys=0.00, real=0.18 secs] 
3854.502: [GC (Allocation Failure) [PSYoungGen: 229024K->174613K(462848K)] 354920K->300509K(1861120K), 0.0243249 secs] [Times: user=0.08 sys=0.00, real=0.03 secs] 
3854.635: [GC (Allocation Failure) [PSYoungGen: 405013K->182869K(464384K)] 530909K->363542K(1862656K), 0.0411184 secs] [Times: user=0.19 sys=0.00, real=0.05 secs] 
3854.818: [GC (Allocation Failure) [PSYoungGen: 415829K->182868K(465920K)] 596502K->418997K(1864192K), 0.0438605 secs] [Times: user=0.20 sys=0.00, real=0.04 secs] 
3856.812: [GC (Allocation Failure) [PSYoungGen: 415828K->103628K(465920K)] 651957K->408605K(1864192K), 0.0508416 secs] [Times: user=0.26 sys=0.00, real=0.05 secs] 
3857.797: [GC (Allocation Failure) [PSYoungGen: 336588K->167668K(465920K)] 641565K->505681K(1864192K), 0.0695187 secs] [Times: user=0.34 sys=0.00, real=0.07 secs] 
3858.054: [GC (Allocation Failure) [PSYoungGen: 400628K->181525K(465920K)] 738641K->571975K(1864192K), 0.0552940 secs] [Times: user=0.26 sys=0.00, real=0.06 secs] 
3858.224: [GC (Allocation Failure) [PSYoungGen: 414485K->185815K(465920K)] 804935K->639792K(1864192K), 0.0491204 secs] [Times: user=0.23 sys=0.00, real=0.05 secs] 
3858.656: [GC (Allocation Failure) [PSYoungGen: 418433K->214068K(465920K)] 872411K->727094K(1864192K), 0.0540422 secs] [Times: user=0.26 sys=0.00, real=0.05 secs] 
3859.846: [GC (Allocation Failure) [PSYoungGen: 447028K->91722K(465920K)] 960054K->672548K(1864192K), 0.1048650 secs] [Times: user=0.57 sys=0.00, real=0.11 secs] 
3860.190: [GC (Allocation Failure) [PSYoungGen: 324682K->179925K(465920K)] 905508K->790564K(1864192K), 0.0343508 secs] [Times: user=0.14 sys=0.00, real=0.03 secs] 
3860.372: [GC (Allocation Failure) [PSYoungGen: 412885K->184406K(465920K)] 1023524K->850644K(1864192K), 0.0609741 secs] [Times: user=0.29 sys=0.01, real=0.06 secs] 
3860.564: [GC (Allocation Failure) [PSYoungGen: 417366K->182868K(465920K)] 1083604K->905043K(1864192K), 0.0452957 secs] [Times: user=0.21 sys=0.00, real=0.05 secs] 
3861.537: [GC (Allocation Failure) [PSYoungGen: 415828K->103500K(465920K)] 1138003K->894875K(1864192K), 0.0447126 secs] [Times: user=0.23 sys=0.00, real=0.04 secs] 
3861.849: [GC (GCLocker Initiated GC) [PSYoungGen: 336460K->169396K(465920K)] 1127835K->995060K(1864192K), 0.0796753 secs] [Times: user=0.39 sys=0.00, real=0.08 secs] 
3862.310: [GC (Allocation Failure) [PSYoungGen: 402356K->179157K(465920K)] 1228021K->1057078K(1864192K), 0.0723566 secs] [Times: user=0.35 sys=0.00, real=0.07 secs] 
3862.820: [GC (Allocation Failure) [PSYoungGen: 412117K->182134K(465920K)] 1290038K->1122480K(1864192K), 0.0803791 secs] [Times: user=0.40 sys=0.00, real=0.08 secs] 
3863.786: [GC (Allocation Failure) [PSYoungGen: 415094K->185589K(465920K)] 1355440K->1183454K(1864192K), 0.0947469 secs] [Times: user=0.49 sys=0.00, real=0.10 secs] 
3865.233: [GC (Allocation Failure) [PSYoungGen: 418549K->88650K(465920K)] 1416414K->1156339K(1864192K), 0.0590890 secs] [Times: user=0.31 sys=0.00, real=0.06 secs] 
3865.673: [GC (Allocation Failure) [PSYoungGen: 321610K->180534K(465920K)] 1389299K->1277112K(1864192K), 0.0348073 secs] [Times: user=0.14 sys=0.00, real=0.04 secs] 
3865.852: [GC (Allocation Failure) [PSYoungGen: 413494K->184854K(465920K)] 1510072K->1337720K(1864192K), 0.0704376 secs] [Times: user=0.34 sys=0.00, real=0.07 secs] 
3866.059: [GC (Allocation Failure) [PSYoungGen: 417814K->186613K(465920K)] 1570680K->1395431K(1864192K), 0.0465425 secs] [Times: user=0.22 sys=0.00, real=0.05 secs] 
3867.078: [GC (Allocation Failure) [PSYoungGen: 419573K->101660K(465920K)] 1628391K->1380782K(1864192K), 0.0471257 secs] [Times: user=0.25 sys=0.00, real=0.04 secs] 
3867.537: [GC (Allocation Failure) [PSYoungGen: 334620K->162291K(465920K)] 1613742K->1474106K(1864192K), 0.0754299 secs] [Times: user=0.37 sys=0.00, real=0.07 secs] 
3867.613: [Full GC (Ergonomics) [PSYoungGen: 162291K->0K(465920K)] [ParOldGen: 1311815K->182053K(1398272K)] 1474106K->182053K(1864192K), [Metaspace: 60356K->60356K(1105920K)], 0.1960585 secs] [Times: user=0.93 sys=0.00, real=0.20 secs] 
3867.954: [GC (Allocation Failure) [PSYoungGen: 232960K->184182K(465920K)] 415013K->366235K(1864192K), 0.0336752 secs] [Times: user=0.14 sys=0.00, real=0.04 secs] 
3868.103: [GC (Allocation Failure) [PSYoungGen: 417142K->182422K(465920K)] 599195K->428580K(1864192K), 0.0504726 secs] [Times: user=0.24 sys=0.00, real=0.05 secs] 
3868.286: [GC (Allocation Failure) [PSYoungGen: 415382K->183060K(465920K)] 661540K->487106K(1864192K), 0.0729459 secs] [Times: user=0.37 sys=0.00, real=0.08 secs] 
3869.318: [GC (Allocation Failure) [PSYoungGen: 416020K->95179K(465920K)] 720066K->468489K(1864192K), 0.0539174 secs] [Times: user=0.28 sys=0.00, real=0.05 secs] 
3869.805: [GC (Allocation Failure) [PSYoungGen: 328139K->177237K(465920K)] 701449K->581534K(1864192K), 0.0434188 secs] [Times: user=0.19 sys=0.01, real=0.05 secs] 
3869.962: [GC (Allocation Failure) [PSYoungGen: 410197K->184374K(465920K)] 814494K->643807K(1864192K), 0.0435495 secs] [Times: user=0.19 sys=0.00, real=0.04 secs] 
3870.140: [GC (Allocation Failure) [PSYoungGen: 417334K->186421K(465920K)] 876767K->701702K(1864192K), 0.0505203 secs] [Times: user=0.24 sys=0.00, real=0.05 secs] 
3871.485: [GC (Allocation Failure) [PSYoungGen: 419381K->109101K(465920K)] 934662K->694838K(1864192K), 0.0461669 secs] [Times: user=0.23 sys=0.00, real=0.05 secs] 
3872.170: [GC (Allocation Failure) [PSYoungGen: 342061K->157170K(465920K)] 927798K->777945K(1864192K), 0.0944894 secs] [Times: user=0.49 sys=0.00, real=0.09 secs] 
3872.456: [GC (Allocation Failure) [PSYoungGen: 390130K->184502K(465920K)] 1010905K->854512K(1864192K), 0.0517208 secs] [Times: user=0.25 sys=0.00, real=0.05 secs] 
3872.615: [GC (Allocation Failure) [PSYoungGen: 417462K->185719K(465920K)] 1087472K->919849K(1864192K), 0.0514169 secs] [Times: user=0.24 sys=0.00, real=0.06 secs] 
3872.772: [GC (Allocation Failure) [PSYoungGen: 418679K->183732K(465920K)] 1152809K->976911K(1864192K), 0.0577673 secs] [Times: user=0.29 sys=0.00, real=0.06 secs] 
3874.510: [GC (Allocation Failure) [PSYoungGen: 416692K->87754K(465920K)] 1209871K->950121K(1864192K), 0.1153938 secs] [Times: user=0.63 sys=0.00, real=0.11 secs] 
3875.361: [GC (GCLocker Initiated GC) [PSYoungGen: 320714K->174581K(465920K)] 1183081K->1065904K(1864192K), 0.0433500 secs] [Times: user=0.18 sys=0.01, real=0.04 secs] 
3875.519: [GC (Allocation Failure) [PSYoungGen: 407541K->184854K(465920K)] 1298903K->1130064K(1864192K), 0.0435669 secs] [Times: user=0.20 sys=0.00, real=0.04 secs] 
3875.684: [GC (Allocation Failure) [PSYoungGen: 417814K->187125K(465920K)] 1363024K->1188335K(1864192K), 0.0519676 secs] [Times: user=0.25 sys=0.00, real=0.06 secs] 
3876.710: [GC (Allocation Failure) [PSYoungGen: 420085K->115918K(465920K)] 1421295K->1187672K(1864192K), 0.0486218 secs] [Times: user=0.25 sys=0.00, real=0.05 secs] 
3876.971: [GC (Allocation Failure) [PSYoungGen: 348878K->149025K(465920K)] 1420632K->1257788K(1864192K), 0.0783474 secs] [Times: user=0.41 sys=0.01, real=0.08 secs] 
3877.210: [GC (Allocation Failure) [PSYoungGen: 381985K->183221K(465920K)] 1490748K->1338971K(1864192K), 0.0538179 secs] [Times: user=0.25 sys=0.00, real=0.05 secs] 
3877.381: [GC (Allocation Failure) [PSYoungGen: 416181K->185111K(465920K)] 1571931K->1404573K(1864192K), 0.0523264 secs] [Times: user=0.25 sys=0.00, real=0.05 secs] 
3877.924: [GC (Allocation Failure) [PSYoungGen: 418071K->186325K(465920K)] 1637533K->1464387K(1864192K), 0.0626006 secs] [Times: user=0.32 sys=0.00, real=0.07 secs] 
3879.064: [GC (Allocation Failure) [PSYoungGen: 419285K->90826K(465920K)] 1697347K->1439369K(1864192K), 0.0640109 secs] [Times: user=0.33 sys=0.00, real=0.07 secs] 
3879.128: [Full GC (Ergonomics) [PSYoungGen: 90826K->0K(465920K)] [ParOldGen: 1348542K->100061K(1398272K)] 1439369K->100061K(1864192K), [Metaspace: 60356K->60356K(1105920K)], 0.0933417 secs] [Times: user=0.31 sys=0.00, real=0.09 secs] 
3879.592: [GC (Allocation Failure) [PSYoungGen: 232960K->177813K(465920K)] 333021K->277874K(1864192K), 0.0302723 secs] [Times: user=0.11 sys=0.00, real=0.03 secs] 
3879.738: [GC (Allocation Failure) [PSYoungGen: 410773K->184438K(465920K)] 510834K->339779K(1864192K), 0.0435211 secs] [Times: user=0.20 sys=0.01, real=0.04 secs] 
3879.914: [GC (Allocation Failure) [PSYoungGen: 417398K->182900K(465920K)] 572739K->393969K(1864192K), 0.0608261 secs] [Times: user=0.30 sys=0.00, real=0.06 secs] 
3881.159: [GC (Allocation Failure) [PSYoungGen: 415860K->124463K(465920K)] 626929K->404740K(1864192K), 0.0467852 secs] [Times: user=0.23 sys=0.00, real=0.04 secs] 
3882.407: [GC (GCLocker Initiated GC) [PSYoungGen: 357423K->141137K(465920K)] 637700K->460766K(1864192K), 0.1216813 secs] [Times: user=0.66 sys=0.00, real=0.12 secs] 
3882.685: [GC (Allocation Failure) [PSYoungGen: 374097K->178485K(465920K)] 693764K->543874K(1864192K), 0.0391674 secs] [Times: user=0.18 sys=0.00, real=0.04 secs] 
3882.835: [GC (Allocation Failure) [PSYoungGen: 411445K->185527K(465920K)] 776834K->613116K(1864192K), 0.0492229 secs] [Times: user=0.23 sys=0.00, real=0.05 secs] 
3883.013: [GC (Allocation Failure) [PSYoungGen: 418487K->183348K(465920K)] 846076K->669721K(1864192K), 0.0820743 secs] [Times: user=0.42 sys=0.00, real=0.08 secs] 
3884.099: [GC (Allocation Failure) [PSYoungGen: 416308K->90890K(465920K)] 902681K->646435K(1864192K), 0.0535005 secs] [Times: user=0.29 sys=0.00, real=0.05 secs] 
3884.566: [GC (Allocation Failure) [PSYoungGen: 323850K->177557K(465920K)] 879395K->762430K(1864192K), 0.0504196 secs] [Times: user=0.22 sys=0.00, real=0.05 secs] 
3884.764: [GC (Allocation Failure) [PSYoungGen: 410517K->181621K(465920K)] 995390K->821746K(1864192K), 0.0439686 secs] [Times: user=0.19 sys=0.01, real=0.05 secs] 
3884.937: [GC (Allocation Failure) [PSYoungGen: 414581K->185781K(465920K)] 1054706K->881218K(1864192K), 0.0541433 secs] [Times: user=0.26 sys=0.00, real=0.05 secs] 
3886.493: [GC (Allocation Failure) [PSYoungGen: 418741K->137393K(465920K)] 1114178K->903022K(1864192K), 0.0497751 secs] [Times: user=0.25 sys=0.00, real=0.05 secs] 
3887.037: [GC (GCLocker Initiated GC) [PSYoungGen: 370353K->136832K(465920K)] 1135983K->945958K(1864192K), 0.1418761 secs] [Times: user=0.79 sys=0.00, real=0.14 secs] 
3887.327: [GC (Allocation Failure) [PSYoungGen: 369792K->186293K(465920K)] 1179085K->1038789K(1864192K), 0.0390149 secs] [Times: user=0.17 sys=0.00, real=0.04 secs] 
3887.474: [GC (Allocation Failure) [PSYoungGen: 419253K->182742K(465920K)] 1271749K->1097610K(1864192K), 0.0515559 secs] [Times: user=0.24 sys=0.00, real=0.05 secs] 
3887.630: [GC (Allocation Failure) [PSYoungGen: 415702K->186901K(465920K)] 1330570K->1159849K(1864192K), 0.0589569 secs] [Times: user=0.29 sys=0.00, real=0.06 secs] 
3888.711: [GC (GCLocker Initiated GC) [PSYoungGen: 419861K->91803K(465920K)] 1392809K->1135323K(1864192K), 0.0495863 secs] [Times: user=0.26 sys=0.01, real=0.05 secs] 
3889.862: [GC (Allocation Failure) [PSYoungGen: 324763K->168372K(465920K)] 1368449K->1241704K(1864192K), 0.0500373 secs] [Times: user=0.22 sys=0.00, real=0.05 secs] 
3890.057: [GC (Allocation Failure) [PSYoungGen: 401332K->184950K(465920K)] 1474664K->1311357K(1864192K), 0.0444076 secs] [Times: user=0.20 sys=0.00, real=0.04 secs] 
3890.250: [GC (Allocation Failure) [PSYoungGen: 417910K->186741K(465920K)] 1544317K->1369077K(1864192K), 0.0662628 secs] [Times: user=0.32 sys=0.00, real=0.07 secs] 
3891.213: [GC (Allocation Failure) [PSYoungGen: 419701K->145618K(465920K)] 1602037K->1398418K(1864192K), 0.0525575 secs] [Times: user=0.26 sys=0.00, real=0.05 secs] 
3891.501: [GC (Allocation Failure) [PSYoungGen: 378578K->129871K(465920K)] 1631378K->1428915K(1864192K), 0.1083949 secs] [Times: user=0.60 sys=0.00, real=0.11 secs] 
3891.719: [GC (Allocation Failure) [PSYoungGen: 362831K->171348K(465920K)] 1661875K->1512155K(1864192K), 0.0386357 secs] [Times: user=0.18 sys=0.00, real=0.04 secs] 
3891.758: [Full GC (Ergonomics) [PSYoungGen: 171348K->0K(465920K)] [ParOldGen: 1340807K->230264K(1398272K)] 1512155K->230264K(1864192K), [Metaspace: 60359K->60359K(1105920K)], 0.2668895 secs] [Times: user=1.20 sys=0.00, real=0.26 secs] 
3892.147: [GC (Allocation Failure) [PSYoungGen: 232960K->184439K(465920K)] 463224K->414703K(1864192K), 0.0907240 secs] [Times: user=0.48 sys=0.00, real=0.09 secs] 
3892.685: [GC (Allocation Failure) [PSYoungGen: 417399K->186165K(465920K)] 647663K->474957K(1864192K), 0.0740771 secs] [Times: user=0.39 sys=0.00, real=0.08 secs] 
3893.880: [GC (Allocation Failure) [PSYoungGen: 419125K->95675K(465920K)] 707917K->454900K(1864192K), 0.0447647 secs] [Times: user=0.24 sys=0.00, real=0.04 secs] 
3894.429: [GC (Allocation Failure) [PSYoungGen: 328635K->172948K(465920K)] 687860K->563129K(1864192K), 0.0521276 secs] [Times: user=0.23 sys=0.01, real=0.05 secs] 
3894.639: [GC (Allocation Failure) [PSYoungGen: 405908K->184053K(465920K)] 796089K->628575K(1864192K), 0.0424848 secs] [Times: user=0.19 sys=0.00, real=0.04 secs] 
3894.833: [GC (Allocation Failure) [PSYoungGen: 404107K->169877K(465920K)] 848628K->678522K(1864192K), 0.0757648 secs] [Times: user=0.38 sys=0.01, real=0.08 secs] 
3895.829: [GC (Allocation Failure) [PSYoungGen: 402837K->168595K(458752K)] 911482K->731048K(1857024K), 0.0537406 secs] [Times: user=0.26 sys=0.00, real=0.05 secs] 
3896.455: [GC (Allocation Failure) [PSYoungGen: 401555K->106092K(462336K)] 964008K->732961K(1860608K), 0.0884624 secs] [Times: user=0.47 sys=0.00, real=0.09 secs] 
3896.820: [GC (Allocation Failure) [PSYoungGen: 339052K->177461K(466432K)] 965921K->839031K(1864704K), 0.0371628 secs] [Times: user=0.15 sys=0.00, real=0.04 secs] 
3896.967: [GC (Allocation Failure) [PSYoungGen: 411445K->185462K(419840K)] 1073015K->902496K(1818112K), 0.0447474 secs] [Times: user=0.21 sys=0.00, real=0.04 secs] 
3897.145: [GC (Allocation Failure) [PSYoungGen: 419446K->186549K(465920K)] 1136480K->959815K(1864192K), 0.0624855 secs] [Times: user=0.30 sys=0.00, real=0.07 secs] 
3898.163: [GC (Allocation Failure) [PSYoungGen: 419509K->97707K(465920K)] 1192775K->941254K(1864192K), 0.0450816 secs] [Times: user=0.24 sys=0.00, real=0.05 secs] 
3898.492: [GC (Allocation Failure) [PSYoungGen: 330667K->172468K(465920K)] 1174214K->1047728K(1864192K), 0.0698673 secs] [Times: user=0.33 sys=0.00, real=0.07 secs] 
3898.709: [GC (Allocation Failure) [PSYoungGen: 405428K->200758K(465920K)] 1280688K->1129821K(1864192K), 0.0439415 secs] [Times: user=0.20 sys=0.00, real=0.04 secs] 
3898.860: [GC (Allocation Failure) [PSYoungGen: 433718K->185559K(465920K)] 1362781K->1178894K(1864192K), 0.0507404 secs] [Times: user=0.24 sys=0.00, real=0.05 secs] 
3899.662: [GC (Allocation Failure) [PSYoungGen: 418519K->206419K(465920K)] 1411854K->1258426K(1864192K), 0.0569828 secs] [Times: user=0.28 sys=0.00, real=0.06 secs] 
3900.318: [GC (Allocation Failure) [PSYoungGen: 439379K->100140K(465920K)] 1491386K->1217151K(1864192K), 0.0867475 secs] [Times: user=0.47 sys=0.00, real=0.08 secs] 
3900.665: [GC (Allocation Failure) [PSYoungGen: 332357K->181398K(465920K)] 1449369K->1330837K(1864192K), 0.0409591 secs] [Times: user=0.18 sys=0.00, real=0.05 secs] 
3900.921: [GC (Allocation Failure) [PSYoungGen: 414358K->184181K(465920K)] 1563797K->1389884K(1864192K), 0.0461839 secs] [Times: user=0.21 sys=0.00, real=0.05 secs] 
3901.270: [GC (GCLocker Initiated GC) [PSYoungGen: 417141K->184020K(465920K)] 1622844K->1445643K(1864192K), 0.0614807 secs] [Times: user=0.30 sys=0.00, real=0.06 secs] 
3902.298: [GC (GCLocker Initiated GC) [PSYoungGen: 416980K->97787K(465920K)] 1678734K->1429013K(1864192K), 0.0456743 secs] [Times: user=0.24 sys=0.00, real=0.04 secs] 
3902.344: [Full GC (Ergonomics) [PSYoungGen: 97787K->0K(465920K)] [ParOldGen: 1331225K->89259K(1398272K)] 1429013K->89259K(1864192K), [Metaspace: 60359K->60359K(1105920K)], 0.0386859 secs] [Times: user=0.11 sys=0.00, real=0.04 secs] 
3903.846: [GC (Allocation Failure) [PSYoungGen: 232960K->169972K(465920K)] 322258K->259270K(1864192K), 0.0365713 secs] [Times: user=0.14 sys=0.00, real=0.03 secs] 
3904.038: [GC (Allocation Failure) [PSYoungGen: 402932K->182037K(465920K)] 492230K->323367K(1864192K), 0.0411369 secs] [Times: user=0.18 sys=0.00, real=0.04 secs] 
3904.238: [GC (Allocation Failure) [PSYoungGen: 414997K->185911K(465920K)] 556327K->390905K(1864192K), 0.0770453 secs] [Times: user=0.38 sys=0.00, real=0.07 secs] 
3904.557: [GC (Allocation Failure) [PSYoungGen: 418190K->217909K(465920K)] 623184K->481903K(1864192K), 0.0550934 secs] [Times: user=0.27 sys=0.00, real=0.05 secs] 
3905.510: [GC (GCLocker Initiated GC) [PSYoungGen: 450869K->87210K(465920K)] 714863K->420860K(1864192K), 0.0797305 secs] [Times: user=0.43 sys=0.00, real=0.08 secs] 
3905.859: [GC (Allocation Failure) [PSYoungGen: 320170K->182422K(465920K)] 653951K->543704K(1864192K), 0.0406051 secs] [Times: user=0.18 sys=0.00, real=0.04 secs] 
3906.030: [GC (Allocation Failure) [PSYoungGen: 415382K->184950K(465920K)] 776664K->603068K(1864192K), 0.0489089 secs] [Times: user=0.23 sys=0.00, real=0.05 secs] 
3906.220: [GC (Allocation Failure) [PSYoungGen: 417910K->180020K(465920K)] 836028K->654202K(1864192K), 0.0642709 secs] [Times: user=0.32 sys=0.00, real=0.06 secs] 
3907.224: [GC (Allocation Failure) [PSYoungGen: 412980K->104972K(465920K)] 887162K->647042K(1864192K), 0.0444591 secs] [Times: user=0.23 sys=0.00, real=0.05 secs] 
3907.617: [GC (Allocation Failure) [PSYoungGen: 337932K->167156K(465920K)] 880002K->743965K(1864192K), 0.0874951 secs] [Times: user=0.44 sys=0.00, real=0.08 secs] 
3907.911: [GC (GCLocker Initiated GC) [PSYoungGen: 400116K->183893K(465920K)] 976926K->812375K(1864192K), 0.0461725 secs] [Times: user=0.21 sys=0.00, real=0.05 secs] 
3908.292: [GC (Allocation Failure) [PSYoungGen: 416853K->184855K(465920K)] 1045502K->877463K(1864192K), 0.0676312 secs] [Times: user=0.33 sys=0.00, real=0.07 secs] 
3908.507: [GC (Allocation Failure) [PSYoungGen: 417815K->186293K(465920K)] 1110423K->937309K(1864192K), 0.0652708 secs] [Times: user=0.33 sys=0.00, real=0.06 secs] 
3910.106: [GC (GCLocker Initiated GC) [PSYoungGen: 419253K->86538K(465920K)] 1170269K->907770K(1864192K), 0.0985635 secs] [Times: user=0.54 sys=0.00, real=0.09 secs] 
3910.910: [GC (Allocation Failure) [PSYoungGen: 319498K->179221K(465920K)] 1140861K->1028046K(1864192K), 0.0444926 secs] [Times: user=0.19 sys=0.00, real=0.04 secs] 
3911.115: [GC (Allocation Failure) [PSYoungGen: 412181K->192950K(465920K)] 1261006K->1097762K(1864192K), 0.0642023 secs] [Times: user=0.30 sys=0.00, real=0.07 secs] 
3911.353: [GC (Allocation Failure) [PSYoungGen: 425910K->186645K(465920K)] 1330722K->1147577K(1864192K), 0.0675941 secs] [Times: user=0.33 sys=0.00, real=0.07 secs] 
3912.386: [GC (Allocation Failure) [PSYoungGen: 419605K->103164K(465920K)] 1380537K->1134397K(1864192K), 0.0459577 secs] [Times: user=0.24 sys=0.00, real=0.04 secs] 
3912.720: [GC (Allocation Failure) [PSYoungGen: 336124K->159187K(465920K)] 1367357K->1223712K(1864192K), 0.0809015 secs] [Times: user=0.40 sys=0.01, real=0.08 secs] 
3912.942: [GC (Allocation Failure) [PSYoungGen: 392147K->184021K(465920K)] 1456672K->1298743K(1864192K), 0.0421956 secs] [Times: user=0.19 sys=0.00, real=0.04 secs] 
3913.095: [GC (Allocation Failure) [PSYoungGen: 416911K->185655K(465920K)] 1531633K->1364440K(1864192K), 0.0506034 secs] [Times: user=0.24 sys=0.00, real=0.05 secs] 
3913.248: [GC (Allocation Failure) [PSYoungGen: 418615K->186965K(465920K)] 1597400K->1424611K(1864192K), 0.0572592 secs] [Times: user=0.28 sys=0.00, real=0.05 secs] 
3914.263: [GC (Allocation Failure) [PSYoungGen: 419856K->91498K(465920K)] 1657502K->1399768K(1864192K), 0.0419016 secs] [Times: user=0.22 sys=0.00, real=0.04 secs] 
3914.918: [GC (Allocation Failure) [PSYoungGen: 324458K->174613K(465920K)] 1632728K->1512407K(1864192K), 0.0445512 secs] [Times: user=0.19 sys=0.00, real=0.04 secs] 
3914.963: [Full GC (Ergonomics) [PSYoungGen: 174613K->0K(465920K)] [ParOldGen: 1337794K->217774K(1398272K)] 1512407K->217774K(1864192K), [Metaspace: 60359K->60359K(1105920K)], 0.2415874 secs] [Times: user=1.10 sys=0.01, real=0.24 secs] 
3915.314: [GC (Allocation Failure) [PSYoungGen: 232960K->184342K(465920K)] 450734K->402116K(1864192K), 0.0266418 secs] [Times: user=0.09 sys=0.00, real=0.03 secs] 
3915.446: [GC (Allocation Failure) [PSYoungGen: 417302K->186709K(465920K)] 635076K->460315K(1864192K), 0.0453324 secs] [Times: user=0.21 sys=0.00, real=0.04 secs] 
3916.729: [GC (Allocation Failure) [PSYoungGen: 419669K->111757K(465920K)] 693275K->455844K(1864192K), 0.0458378 secs] [Times: user=0.23 sys=0.00, real=0.04 secs] 
3917.215: [GC (Allocation Failure) [PSYoungGen: 344717K->158899K(465920K)] 688804K->539242K(1864192K), 0.0567482 secs] [Times: user=0.28 sys=0.00, real=0.06 secs] 
3917.378: [GC (Allocation Failure) [PSYoungGen: 391859K->181397K(465920K)] 772202K->611268K(1864192K), 0.0410032 secs] [Times: user=0.18 sys=0.00, real=0.04 secs] 
3917.530: [GC (Allocation Failure) [PSYoungGen: 414357K->185943K(465920K)] 844228K->679458K(1864192K), 0.0497504 secs] [Times: user=0.23 sys=0.00, real=0.05 secs] 
3917.705: [GC (Allocation Failure) [PSYoungGen: 418903K->186485K(465920K)] 912418K->738880K(1864192K), 0.0678568 secs] [Times: user=0.35 sys=0.00, real=0.07 secs] 
3919.337: [GC (Allocation Failure) [PSYoungGen: 419445K->83465K(465920K)] 971840K->706349K(1864192K), 0.1022287 secs] [Times: user=0.56 sys=0.00, real=0.10 secs] 
3920.121: [GC (Allocation Failure) [PSYoungGen: 316425K->177813K(465920K)] 939309K->828550K(1864192K), 0.0483295 secs] [Times: user=0.19 sys=0.00, real=0.05 secs] 
3920.305: [GC (Allocation Failure) [PSYoungGen: 410773K->181845K(465920K)] 1061510K->887445K(1864192K), 0.0438475 secs] [Times: user=0.20 sys=0.00, real=0.05 secs] 
3920.489: [GC (Allocation Failure) [PSYoungGen: 414805K->183540K(465920K)] 1120405K->944237K(1864192K), 0.0639058 secs] [Times: user=0.31 sys=0.00, real=0.06 secs] 
3921.553: [GC (Allocation Failure) [PSYoungGen: 416500K->122351K(465920K)] 1177197K->952303K(1864192K), 0.0485126 secs] [Times: user=0.25 sys=0.00, real=0.05 secs] 
3921.884: [GC (Allocation Failure) [PSYoungGen: 355311K->149713K(465920K)] 1185263K->1018562K(1864192K), 0.1230502 secs] [Times: user=0.66 sys=0.00, real=0.13 secs] 
3922.171: [GC (Allocation Failure) [PSYoungGen: 382604K->183765K(465920K)] 1251452K->1099985K(1864192K), 0.0408294 secs] [Times: user=0.17 sys=0.01, real=0.04 secs] 
3922.344: [GC (Allocation Failure) [PSYoungGen: 416725K->185303K(465920K)] 1332945K->1165347K(1864192K), 0.0558502 secs] [Times: user=0.27 sys=0.00, real=0.06 secs] 
3922.508: [GC (Allocation Failure) [PSYoungGen: 418263K->186165K(465920K)] 1398307K->1225057K(1864192K), 0.0571527 secs] [Times: user=0.28 sys=0.00, real=0.05 secs] 
3923.485: [GC (Allocation Failure) [PSYoungGen: 419125K->88106K(465920K)] 1458017K->1197390K(1864192K), 0.0424110 secs] [Times: user=0.22 sys=0.00, real=0.05 secs] 
3924.704: [GC (Allocation Failure) [PSYoungGen: 321066K->176277K(465920K)] 1430350K->1313294K(1864192K), 0.0486144 secs] [Times: user=0.21 sys=0.00, real=0.05 secs] 
3924.931: [GC (Allocation Failure) [PSYoungGen: 409237K->184822K(465920K)] 1546254K->1376895K(1864192K), 0.0593331 secs] [Times: user=0.28 sys=0.00, real=0.06 secs] 
3925.099: [GC (Allocation Failure) [PSYoungGen: 417782K->186773K(465920K)] 1609855K->1434902K(1864192K), 0.0469325 secs] [Times: user=0.22 sys=0.00, real=0.05 secs] 
3926.074: [GC (Allocation Failure) [PSYoungGen: 419733K->122543K(465920K)] 1667862K->1441016K(1864192K), 0.0487381 secs] [Times: user=0.24 sys=0.00, real=0.05 secs] 
3926.123: [Full GC (Ergonomics) [PSYoungGen: 122543K->0K(465920K)] [ParOldGen: 1318472K->337908K(1398272K)] 1441016K->337908K(1864192K), [Metaspace: 60359K->60359K(1105920K)], 0.5815681 secs] [Times: user=2.54 sys=0.00, real=0.58 secs] 
3927.980: [GC (Allocation Failure) [PSYoungGen: 232960K->139024K(465920K)] 570868K->476933K(1864192K), 0.0365512 secs] [Times: user=0.14 sys=0.00, real=0.04 secs] 
3928.200: [GC (Allocation Failure) [PSYoungGen: 371984K->179125K(465920K)] 709893K->561795K(1864192K), 0.0392253 secs] [Times: user=0.17 sys=0.00, real=0.04 secs] 
3928.367: [GC (Allocation Failure) [PSYoungGen: 412085K->185815K(465920K)] 794755K->630933K(1864192K), 0.0551579 secs] [Times: user=0.26 sys=0.00, real=0.05 secs] 
3928.540: [GC (Allocation Failure) [PSYoungGen: 418775K->183220K(465920K)] 863893K->687218K(1864192K), 0.0568019 secs] [Times: user=0.28 sys=0.00, real=0.06 secs] 
3929.556: [GC (Allocation Failure) [PSYoungGen: 416180K->90490K(465920K)] 920178K->663756K(1864192K), 0.0415613 secs] [Times: user=0.22 sys=0.00, real=0.04 secs] 
3930.001: [GC (Allocation Failure) [PSYoungGen: 323450K->178453K(465920K)] 896716K->781487K(1864192K), 0.0508679 secs] [Times: user=0.21 sys=0.00, real=0.05 secs] 
3930.194: [GC (Allocation Failure) [PSYoungGen: 411345K->184246K(465920K)] 1014379K->842631K(1864192K), 0.0433387 secs] [Times: user=0.19 sys=0.00, real=0.05 secs] 
3930.653: [GC (Allocation Failure) [PSYoungGen: 417206K->182356K(465920K)] 1075591K->896558K(1864192K), 0.0601687 secs] [Times: user=0.29 sys=0.00, real=0.06 secs] 
3932.189: [GC (Allocation Failure) [PSYoungGen: 415316K->138193K(465920K)] 1129518K->921330K(1864192K), 0.0490533 secs] [Times: user=0.24 sys=0.00, real=0.05 secs] 
3933.492: [GC (Allocation Failure) [PSYoungGen: 371153K->125935K(465920K)] 1154290K->952848K(1864192K), 0.1700008 secs] [Times: user=0.95 sys=0.00, real=0.17 secs] 
3933.825: [GC (Allocation Failure) [PSYoungGen: 358895K->175796K(465920K)] 1185808K->1043131K(1864192K), 0.0377021 secs] [Times: user=0.16 sys=0.00, real=0.04 secs] 
3933.992: [GC (Allocation Failure) [PSYoungGen: 408756K->185463K(465920K)] 1276091K->1114421K(1864192K), 0.0592544 secs] [Times: user=0.28 sys=0.00, real=0.06 secs] 
3934.157: [GC (Allocation Failure) [PSYoungGen: 418423K->186741K(465920K)] 1347381K->1174467K(1864192K), 0.0582566 secs] [Times: user=0.28 sys=0.00, real=0.05 secs] 
3935.207: [GC (Allocation Failure) [PSYoungGen: 419560K->92203K(465920K)] 1407287K->1150505K(1864192K), 0.0583705 secs] [Times: user=0.31 sys=0.00, real=0.05 secs] 
3935.644: [GC (Allocation Failure) [PSYoungGen: 325163K->174453K(465920K)] 1383465K->1262632K(1864192K), 0.0490763 secs] [Times: user=0.22 sys=0.01, real=0.05 secs] 
3935.826: [GC (Allocation Failure) [PSYoungGen: 407413K->184630K(465920K)] 1495592K->1327225K(1864192K), 0.0437960 secs] [Times: user=0.19 sys=0.00, real=0.05 secs] 
3935.990: [GC (Allocation Failure) [PSYoungGen: 417590K->183540K(465920K)] 1560185K->1382296K(1864192K), 0.0509198 secs] [Times: user=0.24 sys=0.00, real=0.05 secs] 
3936.973: [GC (Allocation Failure) [PSYoungGen: 416500K->152755K(465920K)] 1615256K->1420814K(1864192K), 0.0517479 secs] [Times: user=0.25 sys=0.00, real=0.05 secs] 
3937.393: [GC (Allocation Failure) [PSYoungGen: 385715K->118302K(465920K)] 1653774K->1434777K(1864192K), 0.1296715 secs] [Times: user=0.73 sys=0.01, real=0.13 secs] 
3937.523: [Full GC (Ergonomics) [PSYoungGen: 118302K->0K(465920K)] [ParOldGen: 1316475K->135474K(1398272K)] 1434777K->135474K(1864192K), [Metaspace: 60359K->60359K(1105920K)], 0.1488082 secs] [Times: user=0.67 sys=0.00, real=0.15 secs] 
3937.806: [GC (Allocation Failure) [PSYoungGen: 232960K->178101K(465920K)] 368434K->313576K(1864192K), 0.0261045 secs] [Times: user=0.09 sys=0.00, real=0.03 secs] 
3938.083: [GC (Allocation Failure) [PSYoungGen: 411061K->184503K(465920K)] 546536K->382065K(1864192K), 0.0643748 secs] [Times: user=0.31 sys=0.00, real=0.07 secs] 
3938.312: [GC (Allocation Failure) [PSYoungGen: 417463K->182708K(465920K)] 615028K->438785K(1864192K), 0.0570962 secs] [Times: user=0.28 sys=0.00, real=0.06 secs] 
3939.619: [GC (GCLocker Initiated GC) [PSYoungGen: 415668K->92619K(465920K)] 671745K->417696K(1864192K), 0.0760782 secs] [Times: user=0.41 sys=0.00, real=0.07 secs] 
3940.921: [GC (Allocation Failure) [PSYoungGen: 325579K->169492K(465920K)] 650823K->524317K(1864192K), 0.0611097 secs] [Times: user=0.28 sys=0.00, real=0.06 secs] 
3941.177: [GC (Allocation Failure) [PSYoungGen: 402452K->184854K(465920K)] 757277K->592667K(1864192K), 0.0592793 secs] [Times: user=0.28 sys=0.00, real=0.06 secs] 
3941.359: [GC (Allocation Failure) [PSYoungGen: 416187K->181974K(465920K)] 824000K->653827K(1864192K), 0.0494381 secs] [Times: user=0.23 sys=0.00, real=0.05 secs] 
3942.244: [GC (Allocation Failure) [PSYoungGen: 414934K->211505K(465920K)] 886787K->741094K(1864192K), 0.0490019 secs] [Times: user=0.23 sys=0.00, real=0.05 secs] 
3942.729: [GC (Allocation Failure) [PSYoungGen: 444465K->101868K(465920K)] 974054K->695797K(1864192K), 0.0658896 secs] [Times: user=0.35 sys=0.00, real=0.06 secs] 
3942.999: [GC (Allocation Failure) [PSYoungGen: 332171K->180758K(465920K)] 926100K->807099K(1864192K), 0.0502969 secs] [Times: user=0.23 sys=0.00, real=0.05 secs] 
3943.175: [GC (Allocation Failure) [PSYoungGen: 413718K->184758K(465920K)] 1040059K->867400K(1864192K), 0.0435861 secs] [Times: user=0.19 sys=0.00, real=0.05 secs] 
3943.321: [GC (Allocation Failure) [PSYoungGen: 417718K->186677K(465920K)] 1100360K->925179K(1864192K), 0.0458064 secs] [Times: user=0.22 sys=0.00, real=0.05 secs] 
3944.388: [GC (Allocation Failure) [PSYoungGen: 419637K->92795K(465920K)] 1158139K->901729K(1864192K), 0.0437877 secs] [Times: user=0.23 sys=0.00, real=0.04 secs] 
3944.837: [GC (Allocation Failure) [PSYoungGen: 325708K->171828K(465920K)] 1134642K->1011634K(1864192K), 0.0717779 secs] [Times: user=0.35 sys=0.00, real=0.07 secs] 
3945.219: [GC (Allocation Failure) [PSYoungGen: 404788K->184246K(465920K)] 1244594K->1077179K(1864192K), 0.0582346 secs] [Times: user=0.27 sys=0.00, real=0.06 secs] 
3945.757: [GC (GCLocker Initiated GC) [PSYoungGen: 417206K->184247K(465920K)] 1310140K->1141213K(1864192K), 0.0841309 secs] [Times: user=0.42 sys=0.00, real=0.08 secs] 
3946.732: [GC (Allocation Failure) [PSYoungGen: 417207K->209780K(465920K)] 1383521K->1234702K(1864192K), 0.0781284 secs] [Times: user=0.41 sys=0.00, real=0.08 secs] 
3947.959: [GC (Allocation Failure) [PSYoungGen: 442740K->93899K(465920K)] 1467662K->1186213K(1864192K), 0.1198451 secs] [Times: user=0.67 sys=0.00, real=0.12 secs] 
3948.447: [GC (Allocation Failure) [PSYoungGen: 326859K->182902K(465920K)] 1419173K->1305045K(1864192K), 0.0407537 secs] [Times: user=0.18 sys=0.00, real=0.04 secs] 
3948.593: [GC (Allocation Failure) [PSYoungGen: 415862K->184918K(465920K)] 1538005K->1363825K(1864192K), 0.0447757 secs] [Times: user=0.21 sys=0.00, real=0.05 secs] 
3948.762: [GC (Allocation Failure) [PSYoungGen: 417878K->186869K(465920K)] 1596785K->1421913K(1864192K), 0.0506639 secs] [Times: user=0.24 sys=0.00, real=0.05 secs] 
3949.799: [GC (Allocation Failure) [PSYoungGen: 419829K->95979K(465920K)] 1654873K->1401495K(1864192K), 0.0449706 secs] [Times: user=0.23 sys=0.01, real=0.04 secs] 
3950.482: [GC (Allocation Failure) [PSYoungGen: 328939K->167540K(465920K)] 1634455K->1503460K(1864192K), 0.0653470 secs] [Times: user=0.32 sys=0.00, real=0.07 secs] 
3950.548: [Full GC (Ergonomics) [PSYoungGen: 167540K->0K(465920K)] [ParOldGen: 1335920K->188915K(1398272K)] 1503460K->188915K(1864192K), [Metaspace: 60359K->60359K(1105920K)], 0.2021761 secs] [Times: user=0.94 sys=0.00, real=0.20 secs] 
3950.857: [GC (Allocation Failure) [PSYoungGen: 232960K->181461K(465920K)] 421875K->370376K(1864192K), 0.0333288 secs] [Times: user=0.14 sys=0.00, real=0.03 secs] 
3951.040: [GC (Allocation Failure) [PSYoungGen: 414421K->185431K(465920K)] 603336K->437450K(1864192K), 0.0443696 secs] [Times: user=0.20 sys=0.00, real=0.04 secs] 
3951.192: [GC (Allocation Failure) [PSYoungGen: 418391K->183252K(465920K)] 670410K->494320K(1864192K), 0.0608500 secs] [Times: user=0.30 sys=0.00, real=0.06 secs] 
3952.295: [GC (Allocation Failure) [PSYoungGen: 416212K->90570K(465920K)] 727280K->470842K(1864192K), 0.0553674 secs] [Times: user=0.29 sys=0.00, real=0.06 secs] 
3952.642: [GC (Allocation Failure) [PSYoungGen: 323530K->182934K(465920K)] 703802K->592729K(1864192K), 0.0544678 secs] [Times: user=0.24 sys=0.00, real=0.06 secs] 
3952.841: [GC (Allocation Failure) [PSYoungGen: 415894K->181205K(465920K)] 825689K->647744K(1864192K), 0.0435971 secs] [Times: user=0.20 sys=0.00, real=0.04 secs] 
3953.012: [GC (Allocation Failure) [PSYoungGen: 414165K->186517K(465920K)] 880704K->708568K(1864192K), 0.0600880 secs] [Times: user=0.29 sys=0.00, real=0.06 secs] 
3954.404: [GC (Allocation Failure) [PSYoungGen: 419477K->101404K(465920K)] 941528K->693791K(1864192K), 0.0448678 secs] [Times: user=0.23 sys=0.00, real=0.05 secs] 
3955.252: [GC (Allocation Failure) [PSYoungGen: 334364K->165043K(465920K)] 926751K->790035K(1864192K), 0.0831209 secs] [Times: user=0.42 sys=0.00, real=0.08 secs] 
3955.485: [GC (Allocation Failure) [PSYoungGen: 398003K->184566K(465920K)] 1022995K->861154K(1864192K), 0.0422210 secs] [Times: user=0.19 sys=0.00, real=0.05 secs] 
3955.635: [GC (Allocation Failure) [PSYoungGen: 417526K->186199K(465920K)] 1094114K->926907K(1864192K), 0.0503160 secs] [Times: user=0.23 sys=0.00, real=0.05 secs] 
3955.789: [GC (Allocation Failure) [PSYoungGen: 419159K->183860K(465920K)] 1159867K->983600K(1864192K), 0.0551362 secs] [Times: user=0.27 sys=0.00, real=0.05 secs] 
3957.241: [GC (Allocation Failure) [PSYoungGen: 416820K->84778K(465920K)] 1216560K->953974K(1864192K), 0.0928538 secs] [Times: user=0.51 sys=0.00, real=0.09 secs] 
3957.650: [GC (Allocation Failure) [PSYoungGen: 317738K->182646K(465920K)] 1186934K->1079319K(1864192K), 0.0345627 secs] [Times: user=0.14 sys=0.00, real=0.03 secs] 
3957.788: [GC (Allocation Failure) [PSYoungGen: 415606K->180725K(465920K)] 1312279K->1133782K(1864192K), 0.0441627 secs] [Times: user=0.21 sys=0.00, real=0.04 secs] 
3957.939: [GC (Allocation Failure) [PSYoungGen: 413685K->186357K(465920K)] 1366742K->1194382K(1864192K), 0.0464054 secs] [Times: user=0.22 sys=0.00, real=0.04 secs] 
3959.000: [GC (Allocation Failure) [PSYoungGen: 419317K->107293K(465920K)] 1427342K->1185574K(1864192K), 0.0469379 secs] [Times: user=0.24 sys=0.00, real=0.05 secs] 
3959.360: [GC (Allocation Failure) [PSYoungGen: 340253K->160691K(465920K)] 1418534K->1274480K(1864192K), 0.0945956 secs] [Times: user=0.49 sys=0.00, real=0.09 secs] 
3959.745: [GC (Allocation Failure) [PSYoungGen: 393651K->183797K(465920K)] 1507440K->1347082K(1864192K), 0.0648665 secs] [Times: user=0.31 sys=0.00, real=0.07 secs] 
3960.017: [GC (Allocation Failure) [PSYoungGen: 416757K->181878K(465920K)] 1580042K->1409115K(1864192K), 0.0531047 secs] [Times: user=0.24 sys=0.01, real=0.05 secs] 
3960.845: [GC (Allocation Failure) [PSYoungGen: 414838K->184052K(465920K)] 1642075K->1468561K(1864192K), 0.0834073 secs] [Times: user=0.43 sys=0.00, real=0.09 secs] 
3962.273: [GC (GCLocker Initiated GC) [PSYoungGen: 417012K->88490K(465920K)] 1701522K->1442543K(1864192K), 0.0856643 secs] [Times: user=0.46 sys=0.00, real=0.09 secs] 
3962.359: [Full GC (Ergonomics) [PSYoungGen: 88490K->0K(465920K)] [ParOldGen: 1354053K->100771K(1398272K)] 1442543K->100771K(1864192K), [Metaspace: 60359K->60359K(1105920K)], 0.1294640 secs] [Times: user=0.53 sys=0.00, real=0.13 secs] 
3963.232: [GC (Allocation Failure) [PSYoungGen: 232960K->174773K(465920K)] 333733K->275546K(1864192K), 0.0340295 secs] [Times: user=0.12 sys=0.00, real=0.04 secs] 
3963.405: [GC (Allocation Failure) [PSYoungGen: 407733K->184918K(465920K)] 508506K->340660K(1864192K), 0.0424817 secs] [Times: user=0.18 sys=0.00, real=0.05 secs] 
3963.555: [GC (Allocation Failure) [PSYoungGen: 417878K->186965K(465920K)] 573620K->398635K(1864192K), 0.0450716 secs] [Times: user=0.21 sys=0.00, real=0.05 secs] 
3964.621: [GC (Allocation Failure) [PSYoungGen: 419925K->116462K(465920K)] 631595K->398656K(1864192K), 0.0460189 secs] [Times: user=0.23 sys=0.00, real=0.05 secs] 
3965.160: [GC (Allocation Failure) [PSYoungGen: 349422K->153201K(465920K)] 631616K->472323K(1864192K), 0.0970592 secs] [Times: user=0.51 sys=0.00, real=0.10 secs] 
3965.444: [GC (Allocation Failure) [PSYoungGen: 386161K->180405K(465920K)] 705283K->546784K(1864192K), 0.0524833 secs] [Times: user=0.25 sys=0.00, real=0.06 secs] 
3965.610: [GC (Allocation Failure) [PSYoungGen: 413365K->185783K(465920K)] 779744K->615162K(1864192K), 0.0504399 secs] [Times: user=0.24 sys=0.00, real=0.05 secs] 
3965.810: [GC (Allocation Failure) [PSYoungGen: 418743K->182228K(465920K)] 848122K->670431K(1864192K), 0.0830188 secs] [Times: user=0.42 sys=0.01, real=0.08 secs] 
3966.877: [GC (Allocation Failure) [PSYoungGen: 415188K->94907K(465920K)] 903391K->652010K(1864192K), 0.0429129 secs] [Times: user=0.23 sys=0.00, real=0.04 secs] 
3967.115: [GC (GCLocker Initiated GC) [PSYoungGen: 327867K->176085K(465920K)] 884971K->764437K(1864192K), 0.0462536 secs] [Times: user=0.20 sys=0.00, real=0.05 secs] 
3967.347: [GC (Allocation Failure) [PSYoungGen: 409045K->181269K(465920K)] 997562K->824274K(1864192K), 0.0631922 secs] [Times: user=0.30 sys=0.00, real=0.06 secs] 
3967.535: [GC (Allocation Failure) [PSYoungGen: 414229K->186741K(465920K)] 1057234K->885018K(1864192K), 0.0458507 secs] [Times: user=0.21 sys=0.00, real=0.05 secs] 
3969.010: [GC (Allocation Failure) [PSYoungGen: 419701K->125807K(465920K)] 1117978K->894644K(1864192K), 0.0490537 secs] [Times: user=0.25 sys=0.00, real=0.05 secs] 
3969.723: [GC (Allocation Failure) [PSYoungGen: 358767K->141009K(465920K)] 1127604K->949718K(1864192K), 0.1341326 secs] [Times: user=0.73 sys=0.00, real=0.14 secs] 
3970.037: [GC (Allocation Failure) [PSYoungGen: 373969K->178869K(465920K)] 1182678K->1032747K(1864192K), 0.0397265 secs] [Times: user=0.18 sys=0.01, real=0.04 secs] 
3970.184: [GC (Allocation Failure) [PSYoungGen: 411811K->183158K(465920K)] 1265689K->1099268K(1864192K), 0.0495090 secs] [Times: user=0.23 sys=0.00, real=0.05 secs] 
3970.343: [GC (Allocation Failure) [PSYoungGen: 416118K->186805K(465920K)] 1332228K->1161307K(1864192K), 0.0581901 secs] [Times: user=0.29 sys=0.00, real=0.06 secs] 
3971.630: [GC (GCLocker Initiated GC) [PSYoungGen: 419765K->87642K(465920K)] 1394267K->1132752K(1864192K), 0.0719919 secs] [Times: user=0.36 sys=0.00, real=0.07 secs] 
3972.183: [GC (Allocation Failure) [PSYoungGen: 320602K->177845K(465920K)] 1365879K->1251563K(1864192K), 0.0484964 secs] [Times: user=0.21 sys=0.00, real=0.05 secs] 
3972.365: [GC (Allocation Failure) [PSYoungGen: 410805K->181941K(465920K)] 1484523K->1310951K(1864192K), 0.0445024 secs] [Times: user=0.20 sys=0.00, real=0.05 secs] 
3972.516: [GC (Allocation Failure) [PSYoungGen: 414901K->186805K(465920K)] 1543911K->1371247K(1864192K), 0.0470089 secs] [Times: user=0.22 sys=0.00, real=0.04 secs] 
3973.562: [GC (Allocation Failure) [PSYoungGen: 419765K->137297K(465920K)] 1604207K->1392211K(1864192K), 0.0509457 secs] [Times: user=0.26 sys=0.00, real=0.05 secs] 
3974.015: [GC (Allocation Failure) [PSYoungGen: 370257K->134000K(465920K)] 1625171K->1432646K(1864192K), 0.1424533 secs] [Times: user=0.79 sys=0.01, real=0.15 secs] 
3974.306: [GC (Allocation Failure) [PSYoungGen: 366960K->174836K(465920K)] 1665606K->1515943K(1864192K), 0.0391572 secs] [Times: user=0.17 sys=0.00, real=0.03 secs] 
3974.345: [Full GC (Ergonomics) [PSYoungGen: 174836K->0K(465920K)] [ParOldGen: 1341106K->234434K(1398272K)] 1515943K->234434K(1864192K), [Metaspace: 60361K->60361K(1105920K)], 0.2738943 secs] [Times: user=1.25 sys=0.00, real=0.28 secs] 
3974.729: [GC (Allocation Failure) [PSYoungGen: 232960K->185303K(465920K)] 467394K->419737K(1864192K), 0.0882576 secs] [Times: user=0.47 sys=0.00, real=0.09 secs] 
3974.955: [GC (Allocation Failure) [PSYoungGen: 418263K->183316K(465920K)] 652697K->476535K(1864192K), 0.0593501 secs] [Times: user=0.29 sys=0.00, real=0.06 secs] 
3975.983: [GC (Allocation Failure) [PSYoungGen: 416276K->94603K(465920K)] 709495K->457310K(1864192K), 0.0470671 secs] [Times: user=0.25 sys=0.00, real=0.05 secs] 
3976.579: [GC (Allocation Failure) [PSYoungGen: 327563K->174613K(465920K)] 690270K->568024K(1864192K), 0.0503480 secs] [Times: user=0.22 sys=0.00, real=0.05 secs] 
3976.774: [GC (Allocation Failure) [PSYoungGen: 407573K->183925K(465920K)] 800984K->631829K(1864192K), 0.0427612 secs] [Times: user=0.20 sys=0.00, real=0.05 secs] 
3976.922: [GC (Allocation Failure) [PSYoungGen: 416885K->187157K(465920K)] 864789K->690948K(1864192K), 0.0455247 secs] [Times: user=0.21 sys=0.00, real=0.05 secs] 
3977.964: [GC (Allocation Failure) [PSYoungGen: 420117K->144818K(465920K)] 923908K->719265K(1864192K), 0.0503639 secs] [Times: user=0.25 sys=0.00, real=0.05 secs] 
3979.354: [GC (Allocation Failure) [PSYoungGen: 377778K->119918K(465920K)] 952225K->740109K(1864192K), 0.1358417 secs] [Times: user=0.76 sys=0.00, real=0.14 secs] 
3979.649: [GC (Allocation Failure) [PSYoungGen: 352878K->179253K(465920K)] 973069K->838089K(1864192K), 0.0381869 secs] [Times: user=0.16 sys=0.00, real=0.04 secs] 
3979.797: [GC (Allocation Failure) [PSYoungGen: 412213K->182486K(465920K)] 1071049K->903786K(1864192K), 0.0495466 secs] [Times: user=0.23 sys=0.00, real=0.05 secs] 
3979.989: [GC (Allocation Failure) [PSYoungGen: 415446K->186517K(465920K)] 1136746K->965601K(1864192K), 0.0824122 secs] [Times: user=0.43 sys=0.00, real=0.08 secs] 
3981.017: [GC (Allocation Failure) [PSYoungGen: 419477K->93483K(465920K)] 1198561K->942923K(1864192K), 0.0453205 secs] [Times: user=0.23 sys=0.00, real=0.04 secs] 
3981.387: [GC (GCLocker Initiated GC) [PSYoungGen: 326443K->174933K(465920K)] 1175884K->1055433K(1864192K), 0.0615937 secs] [Times: user=0.29 sys=0.00, real=0.06 secs] 
3981.655: [GC (Allocation Failure) [PSYoungGen: 407893K->181045K(465920K)] 1288559K->1115919K(1864192K), 0.0580291 secs] [Times: user=0.27 sys=0.00, real=0.06 secs] 
3981.875: [GC (Allocation Failure) [PSYoungGen: 400762K->174357K(465920K)] 1335636K->1172660K(1864192K), 0.0770106 secs] [Times: user=0.33 sys=0.00, real=0.08 secs] 
3983.298: [GC (Allocation Failure) [PSYoungGen: 403043K->189331K(465920K)] 1401345K->1243017K(1864192K), 0.0542768 secs] [Times: user=0.27 sys=0.01, real=0.05 secs] 
3984.011: [GC (Allocation Failure) [PSYoungGen: 422291K->96203K(465920K)] 1475977K->1214377K(1864192K), 0.0837136 secs] [Times: user=0.44 sys=0.01, real=0.08 secs] 
3984.985: [GC (Allocation Failure) [PSYoungGen: 329163K->181398K(465920K)] 1447337K->1329545K(1864192K), 0.0480780 secs] [Times: user=0.22 sys=0.00, real=0.05 secs] 
3985.195: [GC (Allocation Failure) [PSYoungGen: 414358K->184918K(465920K)] 1562505K->1389973K(1864192K), 0.0499364 secs] [Times: user=0.24 sys=0.00, real=0.05 secs] 
3985.363: [GC (Allocation Failure) [PSYoungGen: 417878K->186677K(465920K)] 1622933K->1447900K(1864192K), 0.0471978 secs] [Times: user=0.22 sys=0.00, real=0.05 secs] 
3986.398: [GC (Allocation Failure) [PSYoungGen: 419637K->95739K(465920K)] 1680860K->1427447K(1864192K), 0.0459768 secs] [Times: user=0.24 sys=0.00, real=0.04 secs] 
3986.444: [Full GC (Ergonomics) [PSYoungGen: 95739K->0K(465920K)] [ParOldGen: 1331707K->86684K(1398272K)] 1427447K->86684K(1864192K), [Metaspace: 60361K->60361K(1105920K)], 0.0350234 secs] [Times: user=0.11 sys=0.00, real=0.04 secs] 
3986.958: [GC (Allocation Failure) [PSYoungGen: 232960K->167860K(465920K)] 319644K->254544K(1864192K), 0.0430915 secs] [Times: user=0.16 sys=0.00, real=0.04 secs] 
3987.219: [GC (Allocation Failure) [PSYoungGen: 400820K->184534K(465920K)] 487504K->323918K(1864192K), 0.0549065 secs] [Times: user=0.25 sys=0.00, real=0.05 secs] 
3987.386: [GC (Allocation Failure) [PSYoungGen: 417494K->186103K(465920K)] 556878K->389587K(1864192K), 0.0496940 secs] [Times: user=0.23 sys=0.00, real=0.05 secs] 
3987.554: [GC (Allocation Failure) [PSYoungGen: 418881K->215732K(465920K)] 622366K->478381K(1864192K), 0.0545926 secs] [Times: user=0.27 sys=0.00, real=0.06 secs] 
3988.631: [GC (Allocation Failure) [PSYoungGen: 448692K->91034K(465920K)] 711341K->422599K(1864192K), 0.0590652 secs] [Times: user=0.32 sys=0.00, real=0.06 secs] 
3988.931: [GC (Allocation Failure) [PSYoungGen: 323994K->183254K(465920K)] 655559K->544235K(1864192K), 0.0504463 secs] [Times: user=0.22 sys=0.00, real=0.05 secs] 
3989.117: [GC (Allocation Failure) [PSYoungGen: 416214K->179925K(465920K)] 777195K->597826K(1864192K), 0.0436740 secs] [Times: user=0.20 sys=0.00, real=0.04 secs] 
3989.686: [GC (Allocation Failure) [PSYoungGen: 412885K->185877K(465920K)] 830786K->658017K(1864192K), 0.1005010 secs] [Times: user=0.51 sys=0.01, real=0.10 secs] 
3990.943: [GC (Allocation Failure) [PSYoungGen: 418837K->99916K(465920K)] 890977K->642057K(1864192K), 0.0447590 secs] [Times: user=0.23 sys=0.00, real=0.05 secs] 
3991.594: [GC (Allocation Failure) [PSYoungGen: 332876K->167732K(465920K)] 875017K->742250K(1864192K), 0.0815469 secs] [Times: user=0.41 sys=0.00, real=0.08 secs] 
3991.825: [GC (Allocation Failure) [PSYoungGen: 400692K->183957K(465920K)] 975210K->810895K(1864192K), 0.0420405 secs] [Times: user=0.19 sys=0.00, real=0.05 secs] 
3991.977: [GC (Allocation Failure) [PSYoungGen: 416917K->185847K(465920K)] 1043855K->884953K(1864192K), 0.0500427 secs] [Times: user=0.23 sys=0.00, real=0.05 secs] 
3992.153: [GC (Allocation Failure) [PSYoungGen: 418807K->183700K(465920K)] 1117913K->942006K(1864192K), 0.0719784 secs] [Times: user=0.35 sys=0.00, real=0.07 secs] 
3994.071: [GC (Allocation Failure) [PSYoungGen: 416660K->83369K(465920K)] 1174966K->910971K(1864192K), 0.1031385 secs] [Times: user=0.57 sys=0.00, real=0.10 secs] 
3994.859: [GC (Allocation Failure) [PSYoungGen: 316329K->179381K(465920K)] 1143931K->1034048K(1864192K), 0.0478204 secs] [Times: user=0.20 sys=0.00, real=0.05 secs] 
3995.034: [GC (Allocation Failure) [PSYoungGen: 412341K->181589K(465920K)] 1267008K->1091880K(1864192K), 0.0440825 secs] [Times: user=0.20 sys=0.01, real=0.05 secs] 
3995.183: [GC (Allocation Failure) [PSYoungGen: 414549K->183668K(465920K)] 1324840K->1148815K(1864192K), 0.0464293 secs] [Times: user=0.21 sys=0.01, real=0.05 secs] 
3996.177: [GC (Allocation Failure) [PSYoungGen: 416628K->111661K(465920K)] 1381775K->1146080K(1864192K), 0.0466453 secs] [Times: user=0.24 sys=0.00, real=0.04 secs] 
3996.690: [GC (Allocation Failure) [PSYoungGen: 344621K->160115K(465920K)] 1379040K->1231469K(1864192K), 0.0619247 secs] [Times: user=0.30 sys=0.01, real=0.06 secs] 
3996.863: [GC (Allocation Failure) [PSYoungGen: 393075K->181237K(465920K)] 1464429K->1302120K(1864192K), 0.0420409 secs] [Times: user=0.19 sys=0.00, real=0.04 secs] 
3997.030: [GC (Allocation Failure) [PSYoungGen: 414197K->185111K(465920K)] 1535080K->1369289K(1864192K), 0.0505508 secs] [Times: user=0.23 sys=0.00, real=0.05 secs] 
3998.186: [GC (Allocation Failure) [PSYoungGen: 418071K->180372K(465920K)] 1602249K->1423206K(1864192K), 0.1481469 secs] [Times: user=0.79 sys=0.00, real=0.15 secs] 
3999.806: [GC (Allocation Failure) [PSYoungGen: 413332K->89578K(465920K)] 1656166K->1400613K(1864192K), 0.1077369 secs] [Times: user=0.59 sys=0.00, real=0.10 secs] 
3999.914: [Full GC (Ergonomics) [PSYoungGen: 89578K->0K(465920K)] [ParOldGen: 1311034K->100599K(1398272K)] 1400613K->100599K(1864192K), [Metaspace: 60361K->60361K(1105920K)], 0.1498688 secs] [Times: user=0.65 sys=0.00, real=0.15 secs] 
4000.675: [GC (Allocation Failure) [PSYoungGen: 232960K->178037K(465920K)] 333559K->278637K(1864192K), 0.0327099 secs] [Times: user=0.12 sys=0.00, real=0.04 secs] 
4000.834: [GC (Allocation Failure) [PSYoungGen: 410997K->181941K(465920K)] 511597K->338025K(1864192K), 0.0426438 secs] [Times: user=0.19 sys=0.00, real=0.05 secs] 
4001.003: [GC (Allocation Failure) [PSYoungGen: 414901K->186997K(465920K)] 570985K->398633K(1864192K), 0.0566262 secs] [Times: user=0.28 sys=0.00, real=0.06 secs] 
4002.080: [GC (Allocation Failure) [PSYoungGen: 419957K->117614K(465920K)] 631593K->399690K(1864192K), 0.0463311 secs] [Times: user=0.24 sys=0.00, real=0.05 secs] 
4002.430: [GC (Allocation Failure) [PSYoungGen: 350574K->149201K(465920K)] 632650K->468597K(1864192K), 0.0894204 secs] [Times: user=0.44 sys=0.00, real=0.09 secs] 
4002.682: [GC (Allocation Failure) [PSYoungGen: 382161K->183733K(465920K)] 701557K->549770K(1864192K), 0.0404653 secs] [Times: user=0.18 sys=0.00, real=0.04 secs] 
4002.853: [GC (Allocation Failure) [PSYoungGen: 416693K->183094K(465920K)] 782730K->613403K(1864192K), 0.0547739 secs] [Times: user=0.26 sys=0.01, real=0.06 secs] 
4003.029: [GC (Allocation Failure) [PSYoungGen: 416054K->186037K(465920K)] 846363K->674250K(1864192K), 0.0561022 secs] [Times: user=0.27 sys=0.01, real=0.05 secs] 
4004.100: [GC (Allocation Failure) [PSYoungGen: 418997K->90586K(465920K)] 907210K->649023K(1864192K), 0.0424154 secs] [Times: user=0.22 sys=0.00, real=0.04 secs] 
4004.527: [GC (Allocation Failure) [PSYoungGen: 323546K->178453K(465920K)] 881983K->766634K(1864192K), 0.0551331 secs] [Times: user=0.23 sys=0.00, real=0.05 secs] 
4004.729: [GC (Allocation Failure) [PSYoungGen: 411413K->184598K(465920K)] 999594K->828122K(1864192K), 0.0437301 secs] [Times: user=0.20 sys=0.00, real=0.04 secs] 
4004.878: [GC (Allocation Failure) [PSYoungGen: 417558K->186037K(465920K)] 1061082K->885601K(1864192K), 0.0458516 secs] [Times: user=0.21 sys=0.00, real=0.04 secs] 
4005.880: [GC (Allocation Failure) [PSYoungGen: 418997K->122159K(465920K)] 1118561K->891851K(1864192K), 0.0473672 secs] [Times: user=0.24 sys=0.00, real=0.05 secs] 
4006.791: [GC (Allocation Failure) [PSYoungGen: 354098K->141729K(465920K)] 1123791K->949981K(1864192K), 0.1312335 secs] [Times: user=0.71 sys=0.00, real=0.13 secs] 
4007.108: [GC (Allocation Failure) [PSYoungGen: 374689K->178517K(465920K)] 1182941K->1032330K(1864192K), 0.0399056 secs] [Times: user=0.18 sys=0.00, real=0.04 secs] 
4007.257: [GC (Allocation Failure) [PSYoungGen: 411477K->185815K(465920K)] 1265290K->1101796K(1864192K), 0.0497214 secs] [Times: user=0.23 sys=0.00, real=0.05 secs] 
4007.437: [GC (Allocation Failure) [PSYoungGen: 418775K->186197K(465920K)] 1334756K->1161282K(1864192K), 0.0643738 secs] [Times: user=0.33 sys=0.00, real=0.06 secs] 
4008.595: [GC (Allocation Failure) [PSYoungGen: 419157K->89786K(465920K)] 1394242K->1135144K(1864192K), 0.0683121 secs] [Times: user=0.37 sys=0.00, real=0.07 secs] 
4009.781: [GC (Allocation Failure) [PSYoungGen: 322746K->170228K(465920K)] 1368104K->1244238K(1864192K), 0.0500503 secs] [Times: user=0.22 sys=0.00, real=0.05 secs] 
4009.976: [GC (Allocation Failure) [PSYoungGen: 403188K->184534K(465920K)] 1477198K->1311732K(1864192K), 0.0434070 secs] [Times: user=0.19 sys=0.00, real=0.05 secs] 
4010.123: [GC (Allocation Failure) [PSYoungGen: 417494K->187349K(465920K)] 1544692K->1370467K(1864192K), 0.0465837 secs] [Times: user=0.21 sys=0.00, real=0.05 secs] 
4011.081: [GC (Allocation Failure) [PSYoungGen: 420309K->138033K(465920K)] 1603427K->1391783K(1864192K), 0.0502782 secs] [Times: user=0.25 sys=0.00, real=0.05 secs] 
4011.525: [GC (Allocation Failure) [PSYoungGen: 370993K->134080K(465920K)] 1624743K->1431758K(1864192K), 0.0923302 secs] [Times: user=0.51 sys=0.00, real=0.10 secs] 
4011.727: [GC (Allocation Failure) [PSYoungGen: 367040K->178549K(465920K)] 1664718K->1519335K(1864192K), 0.0390939 secs] [Times: user=0.17 sys=0.00, real=0.03 secs] 
4011.766: [Full GC (Ergonomics) [PSYoungGen: 178549K->0K(465920K)] [ParOldGen: 1340786K->238829K(1398272K)] 1519335K->238829K(1864192K), [Metaspace: 60361K->60361K(1105920K)], 0.2845093 secs] [Times: user=1.29 sys=0.00, real=0.29 secs] 
4012.158: [GC (Allocation Failure) [PSYoungGen: 232960K->181398K(465920K)] 471789K->420227K(1864192K), 0.0853784 secs] [Times: user=0.44 sys=0.00, real=0.08 secs] 
4012.354: [GC (Allocation Failure) [PSYoungGen: 414358K->186453K(465920K)] 653187K->483458K(1864192K), 0.0569956 secs] [Times: user=0.28 sys=0.00, real=0.06 secs] 
4013.410: [GC (Allocation Failure) [PSYoungGen: 419413K->93147K(465920K)] 716418K->460488K(1864192K), 0.0522550 secs] [Times: user=0.28 sys=0.00, real=0.05 secs] 
4014.258: [GC (Allocation Failure) [PSYoungGen: 326107K->175829K(465920K)] 693448K->572239K(1864192K), 0.0464385 secs] [Times: user=0.20 sys=0.00, real=0.04 secs] 
4014.440: [GC (Allocation Failure) [PSYoungGen: 408789K->184886K(465920K)] 805199K->636436K(1864192K), 0.0440663 secs] [Times: user=0.20 sys=0.00, real=0.04 secs] 
4014.588: [GC (Allocation Failure) [PSYoungGen: 417846K->184180K(465920K)] 869396K->691603K(1864192K), 0.0458447 secs] [Times: user=0.21 sys=0.00, real=0.04 secs] 
4015.600: [GC (Allocation Failure) [PSYoungGen: 417140K->144754K(465920K)] 924563K->721684K(1864192K), 0.0504515 secs] [Times: user=0.25 sys=0.00, real=0.05 secs] 
4016.292: [GC (Allocation Failure) [PSYoungGen: 377714K->124735K(465920K)] 954644K->747593K(1864192K), 0.1411248 secs] [Times: user=0.78 sys=0.01, real=0.14 secs] 
4016.574: [GC (Allocation Failure) [PSYoungGen: 357695K->175732K(465920K)] 980553K->838199K(1864192K), 0.0382614 secs] [Times: user=0.16 sys=0.01, real=0.04 secs] 
4016.723: [GC (Allocation Failure) [PSYoungGen: 408692K->185239K(465920K)] 1071159K->909518K(1864192K), 0.0494616 secs] [Times: user=0.23 sys=0.00, real=0.05 secs] 
4016.878: [GC (Allocation Failure) [PSYoungGen: 418199K->186261K(465920K)] 1142478K->969244K(1864192K), 0.0585741 secs] [Times: user=0.29 sys=0.00, real=0.06 secs] 
4017.869: [GC (GCLocker Initiated GC) [PSYoungGen: 419221K->93451K(465920K)] 1202204K->946802K(1864192K), 0.0461684 secs] [Times: user=0.24 sys=0.01, real=0.04 secs] 
4018.476: [GC (Allocation Failure) [PSYoungGen: 326411K->178037K(465920K)] 1179801K->1061867K(1864192K), 0.0416345 secs] [Times: user=0.17 sys=0.00, real=0.04 secs] 
4018.633: [GC (Allocation Failure) [PSYoungGen: 410997K->181429K(465920K)] 1294827K->1119403K(1864192K), 0.0446430 secs] [Times: user=0.21 sys=0.00, real=0.05 secs] 
4018.866: [GC (Allocation Failure) [PSYoungGen: 400458K->172117K(465920K)] 1338433K->1173019K(1864192K), 0.0740322 secs] [Times: user=0.37 sys=0.01, real=0.07 secs] 
4020.027: [GC (Allocation Failure) [PSYoungGen: 405077K->167922K(400896K)] 1405979K->1223449K(1799168K), 0.0568381 secs] [Times: user=0.28 sys=0.00, real=0.05 secs] 
4020.659: [GC (Allocation Failure) [PSYoungGen: 400882K->108237K(463872K)] 1456409K->1228139K(1862144K), 0.0739288 secs] [Times: user=0.39 sys=0.00, real=0.07 secs] 
4021.116: [GC (Allocation Failure) [PSYoungGen: 336344K->175029K(464896K)] 1456247K->1329320K(1863168K), 0.0473968 secs] [Times: user=0.21 sys=0.00, real=0.05 secs] 
4021.279: [GC (Allocation Failure) [PSYoungGen: 406965K->183830K(465920K)] 1561256K->1393037K(1864192K), 0.0459858 secs] [Times: user=0.21 sys=0.00, real=0.04 secs] 
4021.455: [GC (Allocation Failure) [PSYoungGen: 416790K->183668K(465920K)] 1625997K->1448460K(1864192K), 0.0632858 secs] [Times: user=0.30 sys=0.00, real=0.07 secs] 
4022.529: [GC (Allocation Failure) [PSYoungGen: 416628K->100076K(465920K)] 1681420K->1434235K(1864192K), 0.0483603 secs] [Times: user=0.25 sys=0.00, real=0.05 secs] 
4022.578: [Full GC (Ergonomics) [PSYoungGen: 100076K->0K(465920K)] [ParOldGen: 1334159K->91807K(1398272K)] 1434235K->91807K(1864192K), [Metaspace: 60361K->60361K(1105920K)], 0.0442875 secs] [Times: user=0.14 sys=0.00, real=0.04 secs] 
4023.531: [GC (Allocation Failure) [PSYoungGen: 232960K->166932K(465920K)] 324767K->258739K(1864192K), 0.0420084 secs] [Times: user=0.15 sys=0.00, real=0.04 secs] 
4023.745: [GC (Allocation Failure) [PSYoungGen: 399892K->189493K(465920K)] 491699K->333501K(1864192K), 0.0411074 secs] [Times: user=0.18 sys=0.01, real=0.05 secs] 
4023.896: [GC (Allocation Failure) [PSYoungGen: 422453K->185623K(465920K)] 566461K->400806K(1864192K), 0.0490798 secs] [Times: user=0.23 sys=0.00, real=0.04 secs] 
4024.052: [GC (Allocation Failure) [PSYoungGen: 418583K->214932K(465920K)] 633766K->489052K(1864192K), 0.0534129 secs] [Times: user=0.26 sys=0.00, real=0.05 secs] 
4025.278: [GC (Allocation Failure) [PSYoungGen: 447892K->88186K(465920K)] 722012K->431074K(1864192K), 0.0718528 secs] [Times: user=0.38 sys=0.00, real=0.07 secs] 
4025.743: [GC (Allocation Failure) [PSYoungGen: 321146K->178933K(465920K)] 664034K->550061K(1864192K), 0.0448603 secs] [Times: user=0.20 sys=0.00, real=0.05 secs] 
4025.909: [GC (Allocation Failure) [PSYoungGen: 411893K->184662K(465920K)] 783021K->611689K(1864192K), 0.0431947 secs] [Times: user=0.19 sys=0.00, real=0.04 secs] 
4026.055: [GC (GCLocker Initiated GC) [PSYoungGen: 417622K->182292K(465920K)] 844650K->665465K(1864192K), 0.0467837 secs] [Times: user=0.20 sys=0.00, real=0.05 secs] 
4027.102: [GC (Allocation Failure) [PSYoungGen: 415252K->107421K(465920K)] 898429K->659469K(1864192K), 0.0448411 secs] [Times: user=0.23 sys=0.00, real=0.05 secs] 
4027.782: [GC (Allocation Failure) [PSYoungGen: 340381K->167380K(465920K)] 892429K->754628K(1864192K), 0.0889873 secs] [Times: user=0.45 sys=0.00, real=0.09 secs] 
4028.033: [GC (Allocation Failure) [PSYoungGen: 400340K->184085K(465920K)] 987588K->823598K(1864192K), 0.0426072 secs] [Times: user=0.19 sys=0.00, real=0.05 secs] 
4028.212: [GC (Allocation Failure) [PSYoungGen: 417045K->182486K(465920K)] 1056558K->886075K(1864192K), 0.0602250 secs] [Times: user=0.29 sys=0.00, real=0.06 secs] 
4028.378: [GC (Allocation Failure) [PSYoungGen: 415446K->186549K(465920K)] 1119035K->948402K(1864192K), 0.0557441 secs] [Times: user=0.27 sys=0.00, real=0.05 secs] 
4029.934: [GC (Allocation Failure) [PSYoungGen: 419509K->84009K(465920K)] 1181362K->916366K(1864192K), 0.0945924 secs] [Times: user=0.51 sys=0.00, real=0.10 secs] 
4030.317: [GC (Allocation Failure) [PSYoungGen: 316969K->180470K(465920K)] 1149326K->1040215K(1864192K), 0.0433860 secs] [Times: user=0.19 sys=0.00, real=0.04 secs] 
4030.532: [GC (Allocation Failure) [PSYoungGen: 413430K->184214K(465920K)] 1273175K->1100055K(1864192K), 0.0690395 secs] [Times: user=0.33 sys=0.01, real=0.07 secs] 
4030.727: [GC (Allocation Failure) [PSYoungGen: 417174K->186581K(465920K)] 1333015K->1158142K(1864192K), 0.0461488 secs] [Times: user=0.22 sys=0.00, real=0.04 secs] 
4031.708: [GC (Allocation Failure) [PSYoungGen: 419541K->104444K(465920K)] 1391102K->1146398K(1864192K), 0.0459161 secs] [Times: user=0.23 sys=0.01, real=0.04 secs] 
4032.013: [GC (Allocation Failure) [PSYoungGen: 337404K->163283K(465920K)] 1379358K->1239637K(1864192K), 0.0981289 secs] [Times: user=0.50 sys=0.00, real=0.10 secs] 
4032.260: [GC (Allocation Failure) [PSYoungGen: 396243K->181173K(465920K)] 1472597K->1308287K(1864192K), 0.0418457 secs] [Times: user=0.18 sys=0.00, real=0.04 secs] 
4032.455: [GC (Allocation Failure) [PSYoungGen: 414133K->185239K(465920K)] 1541247K->1375557K(1864192K), 0.0707875 secs] [Times: user=0.35 sys=0.00, real=0.08 secs] 
4032.635: [GC (Allocation Failure) [PSYoungGen: 418199K->186741K(465920K)] 1608517K->1435859K(1864192K), 0.0572026 secs] [Times: user=0.28 sys=0.00, real=0.06 secs] 
4034.690: [GC (Allocation Failure) [PSYoungGen: 419701K->85290K(465920K)] 1668819K->1405008K(1864192K), 0.1024625 secs] [Times: user=0.56 sys=0.00, real=0.10 secs] 
4034.793: [Full GC (Ergonomics) [PSYoungGen: 85290K->0K(465920K)] [ParOldGen: 1319718K->102966K(1398272K)] 1405008K->102966K(1864192K), [Metaspace: 60361K->60361K(1105920K)], 0.1437028 secs] [Times: user=0.61 sys=0.00, real=0.15 secs] 
4035.457: [GC (Allocation Failure) [PSYoungGen: 232960K->181014K(465920K)] 335926K->283980K(1864192K), 0.0408215 secs] [Times: user=0.17 sys=0.00, real=0.04 secs] 
4035.673: [GC (GCLocker Initiated GC) [PSYoungGen: 413974K->183381K(465920K)] 516941K->342621K(1864192K), 0.0566039 secs] [Times: user=0.26 sys=0.00, real=0.06 secs] 
4035.846: [GC (Allocation Failure) [PSYoungGen: 416341K->186357K(465920K)] 575875K->401474K(1864192K), 0.0451036 secs] [Times: user=0.21 sys=0.00, real=0.05 secs] 
4036.865: [GC (Allocation Failure) [PSYoungGen: 419317K->111725K(465920K)] 634434K->397211K(1864192K), 0.0458298 secs] [Times: user=0.24 sys=0.00, real=0.05 secs] 
4037.934: [GC (Allocation Failure) [PSYoungGen: 344685K->155570K(465920K)] 630171K->476717K(1864192K), 0.0884416 secs] [Times: user=0.46 sys=0.00, real=0.09 secs] 
4038.161: [GC (Allocation Failure) [PSYoungGen: 388530K->181461K(465920K)] 709677K->551299K(1864192K), 0.0416687 secs] [Times: user=0.18 sys=0.01, real=0.04 secs] 
4038.314: [GC (Allocation Failure) [PSYoungGen: 414421K->186007K(465920K)] 784259K->619349K(1864192K), 0.0495715 secs] [Times: user=0.23 sys=0.00, real=0.05 secs] 
4038.468: [GC (Allocation Failure) [PSYoungGen: 418967K->183284K(465920K)] 852309K->675691K(1864192K), 0.0560237 secs] [Times: user=0.28 sys=0.00, real=0.05 secs] 
4039.516: [GC (Allocation Failure) [PSYoungGen: 416244K->92987K(465920K)] 908651K->654545K(1864192K), 0.0588091 secs] [Times: user=0.31 sys=0.00, real=0.06 secs] 
4039.835: [GC (Allocation Failure) [PSYoungGen: 325947K->178293K(465920K)] 887505K->769704K(1864192K), 0.0333210 secs] [Times: user=0.13 sys=0.00, real=0.04 secs] 
4040.008: [GC (Allocation Failure) [PSYoungGen: 411253K->181621K(465920K)] 1002664K->828828K(1864192K), 0.0536727 secs] [Times: user=0.26 sys=0.00, real=0.05 secs] 
4040.210: [GC (Allocation Failure) [PSYoungGen: 414581K->186549K(465920K)] 1061788K->889244K(1864192K), 0.0669730 secs] [Times: user=0.33 sys=0.00, real=0.07 secs] 
4041.232: [GC (Allocation Failure) [PSYoungGen: 419509K->116846K(465920K)] 1122204K->890025K(1864192K), 0.0465777 secs] [Times: user=0.24 sys=0.00, real=0.05 secs] 
4041.755: [GC (Allocation Failure) [PSYoungGen: 349806K->151794K(465920K)] 1122985K->961917K(1864192K), 0.0807746 secs] [Times: user=0.42 sys=0.00, real=0.09 secs] 
4042.003: [GC (Allocation Failure) [PSYoungGen: 384754K->180245K(465920K)] 1194877K->1038300K(1864192K), 0.0475659 secs] [Times: user=0.22 sys=0.01, real=0.05 secs] 
4042.430: [GC (GCLocker Initiated GC) [PSYoungGen: 413205K->182998K(465920K)] 1271260K->1103990K(1864192K), 0.1191464 secs] [Times: user=0.61 sys=0.00, real=0.12 secs] 
4042.729: [GC (Allocation Failure) [PSYoungGen: 415958K->185877K(465920K)] 1336952K->1164918K(1864192K), 0.0569089 secs] [Times: user=0.28 sys=0.00, real=0.06 secs] 
4044.503: [GC (Allocation Failure) [PSYoungGen: 418837K->88522K(465920K)] 1397878K->1137700K(1864192K), 0.1201799 secs] [Times: user=0.67 sys=0.00, real=0.12 secs] 
4045.288: [GC (Allocation Failure) [PSYoungGen: 321482K->175477K(465920K)] 1370660K->1253663K(1864192K), 0.0459802 secs] [Times: user=0.19 sys=0.00, real=0.04 secs] 
4045.460: [GC (Allocation Failure) [PSYoungGen: 408437K->184406K(465920K)] 1486623K->1316944K(1864192K), 0.0463224 secs] [Times: user=0.22 sys=0.00, real=0.05 secs] 
4045.629: [GC (Allocation Failure) [PSYoungGen: 417366K->187125K(465920K)] 1549904K->1375455K(1864192K), 0.0535350 secs] [Times: user=0.26 sys=0.00, real=0.05 secs] 
4046.613: [GC (Allocation Failure) [PSYoungGen: 420085K->126447K(465920K)] 1608415K->1385162K(1864192K), 0.0514682 secs] [Times: user=0.26 sys=0.00, real=0.05 secs] 
4047.204: [GC (Allocation Failure) [PSYoungGen: 359407K->139472K(465920K)] 1618122K->1438483K(1864192K), 0.1209093 secs] [Times: user=0.66 sys=0.00, real=0.12 secs] 
4047.471: [GC (Allocation Failure) [PSYoungGen: 372432K->187125K(465920K)] 1671443K->1530879K(1864192K), 0.0404126 secs] [Times: user=0.18 sys=0.00, real=0.04 secs] 
4047.511: [Full GC (Ergonomics) [PSYoungGen: 187125K->0K(465920K)] [ParOldGen: 1343753K->240828K(1398272K)] 1530879K->240828K(1864192K), [Metaspace: 60378K->60378K(1105920K)], 0.2862241 secs] [Times: user=1.31 sys=0.00, real=0.29 secs] 
4047.907: [GC (Allocation Failure) [PSYoungGen: 232960K->185879K(465920K)] 473788K->426707K(1864192K), 0.0883134 secs] [Times: user=0.46 sys=0.00, real=0.08 secs] 
4048.098: [GC (Allocation Failure) [PSYoungGen: 418839K->183636K(465920K)] 659667K->483448K(1864192K), 0.0562134 secs] [Times: user=0.28 sys=0.00, real=0.05 secs] 
4049.122: [GC (Allocation Failure) [PSYoungGen: 416596K->94059K(465920K)] 716408K->463151K(1864192K), 0.0541586 secs] [Times: user=0.29 sys=0.00, real=0.06 secs] 
4050.092: [GC (Allocation Failure) [PSYoungGen: 327019K->173429K(465920K)] 696111K->573041K(1864192K), 0.0487938 secs] [Times: user=0.20 sys=0.00, real=0.05 secs] 
4050.277: [GC (Allocation Failure) [PSYoungGen: 406389K->181685K(465920K)] 806001K->635529K(1864192K), 0.0442306 secs] [Times: user=0.20 sys=0.00, real=0.04 secs] 
4050.427: [GC (Allocation Failure) [PSYoungGen: 414645K->187029K(465920K)] 868489K->696345K(1864192K), 0.0467138 secs] [Times: user=0.21 sys=0.00, real=0.04 secs] 
4051.454: [GC (Allocation Failure) [PSYoungGen: 419989K->137105K(465920K)] 929305K->716909K(1864192K), 0.0504514 secs] [Times: user=0.26 sys=0.00, real=0.05 secs] 
4052.204: [GC (Allocation Failure) [PSYoungGen: 370065K->136208K(465920K)] 949869K->759500K(1864192K), 0.1782767 secs] [Times: user=1.00 sys=0.00, real=0.18 secs] 
4052.539: [GC (Allocation Failure) [PSYoungGen: 369168K->175956K(465920K)] 992460K->842874K(1864192K), 0.0393658 secs] [Times: user=0.17 sys=0.00, real=0.04 secs] 
4052.736: [GC (Allocation Failure) [PSYoungGen: 408916K->185527K(465920K)] 1075834K->914060K(1864192K), 0.0731564 secs] [Times: user=0.36 sys=0.00, real=0.07 secs] 
4052.924: [GC (Allocation Failure) [PSYoungGen: 418487K->183508K(465920K)] 1147020K->970890K(1864192K), 0.0575427 secs] [Times: user=0.29 sys=0.00, real=0.06 secs] 
4053.936: [GC (GCLocker Initiated GC) [PSYoungGen: 416468K->91082K(465920K)] 1203850K->947848K(1864192K), 0.0558525 secs] [Times: user=0.29 sys=0.00, real=0.05 secs] 
4054.286: [GC (Allocation Failure) [PSYoungGen: 324042K->177621K(465920K)] 1180811K->1063522K(1864192K), 0.0486936 secs] [Times: user=0.22 sys=0.00, real=0.05 secs] 
4054.488: [GC (Allocation Failure) [PSYoungGen: 410581K->181653K(465920K)] 1296482K->1123206K(1864192K), 0.0612779 secs] [Times: user=0.29 sys=0.00, real=0.06 secs] 
4054.668: [GC (Allocation Failure) [PSYoungGen: 414613K->183924K(465920K)] 1356166K->1180254K(1864192K), 0.0460359 secs] [Times: user=0.21 sys=0.00, real=0.04 secs] 
4055.674: [GC (Allocation Failure) [PSYoungGen: 416884K->146194K(465920K)] 1413214K->1211803K(1864192K), 0.0510494 secs] [Times: user=0.25 sys=0.00, real=0.05 secs] 
4056.121: [GC (Allocation Failure) [PSYoungGen: 379154K->129055K(465920K)] 1444763K->1241152K(1864192K), 0.0978908 secs] [Times: user=0.53 sys=0.00, real=0.10 secs] 
4056.465: [GC (Allocation Failure) [PSYoungGen: 362015K->178293K(465920K)] 1474112K->1331470K(1864192K), 0.0498485 secs] [Times: user=0.23 sys=0.00, real=0.05 secs] 
4056.682: [GC (Allocation Failure) [PSYoungGen: 411253K->181750K(465920K)] 1564430K->1397232K(1864192K), 0.0540492 secs] [Times: user=0.25 sys=0.00, real=0.06 secs] 
4056.877: [GC (Allocation Failure) [PSYoungGen: 414710K->186581K(465920K)] 1630192K->1460002K(1864192K), 0.0779280 secs] [Times: user=0.40 sys=0.00, real=0.07 secs] 
4058.571: [GC (GCLocker Initiated GC) [PSYoungGen: 419541K->90554K(465920K)] 1692963K->1434281K(1864192K), 0.0882833 secs] [Times: user=0.48 sys=0.01, real=0.09 secs] 
4058.659: [Full GC (Ergonomics) [PSYoungGen: 90554K->0K(465920K)] [ParOldGen: 1343726K->91359K(1398272K)] 1434281K->91359K(1864192K), [Metaspace: 60380K->60380K(1105920K)], 0.0927027 secs] [Times: user=0.35 sys=0.00, real=0.09 secs] 
4059.851: [GC (Allocation Failure) [PSYoungGen: 232960K->167860K(465920K)] 324486K->259386K(1864192K), 0.0401951 secs] [Times: user=0.15 sys=0.00, real=0.04 secs] 
4060.113: [GC (Allocation Failure) [PSYoungGen: 400820K->184790K(465920K)] 492346K->328944K(1864192K), 0.0561689 secs] [Times: user=0.26 sys=0.00, real=0.06 secs] 
4060.316: [GC (Allocation Failure) [PSYoungGen: 406619K->173493K(465920K)] 550773K->381840K(1864192K), 0.0713252 secs] [Times: user=0.34 sys=0.01, real=0.08 secs] 
4061.247: [GC (Allocation Failure) [PSYoungGen: 406453K->168755K(461824K)] 614800K->432093K(1860096K), 0.0531444 secs] [Times: user=0.26 sys=0.00, real=0.05 secs] 
4061.681: [GC (Allocation Failure) [PSYoungGen: 401715K->107324K(463872K)] 665053K->435259K(1862144K), 0.0719202 secs] [Times: user=0.38 sys=0.00, real=0.07 secs] 
4062.331: [GC (Allocation Failure) [PSYoungGen: 340284K->175637K(466432K)] 668219K->537592K(1864704K), 0.0493927 secs] [Times: user=0.21 sys=0.00, real=0.05 secs] 
4062.573: [GC (Allocation Failure) [PSYoungGen: 409109K->184790K(465920K)] 771064K->601537K(1864192K), 0.0639287 secs] [Times: user=0.30 sys=0.00, real=0.07 secs] 
4062.795: [GC (Allocation Failure) [PSYoungGen: 418262K->183668K(465920K)] 835009K->656464K(1864192K), 0.0700493 secs] [Times: user=0.29 sys=0.00, real=0.07 secs] 
4063.843: [GC (Allocation Failure) [PSYoungGen: 416628K->101196K(465920K)] 889424K->643247K(1864192K), 0.0508541 secs] [Times: user=0.25 sys=0.00, real=0.05 secs] 
4064.891: [GC (Allocation Failure) [PSYoungGen: 334156K->167252K(465920K)] 876207K->742175K(1864192K), 0.0672015 secs] [Times: user=0.32 sys=0.00, real=0.07 secs] 
4065.169: [GC (Allocation Failure) [PSYoungGen: 400212K->184278K(465920K)] 975135K->811741K(1864192K), 0.0559813 secs] [Times: user=0.26 sys=0.00, real=0.05 secs] 
4065.342: [GC (Allocation Failure) [PSYoungGen: 417238K->185815K(465920K)] 1044701K->877622K(1864192K), 0.0494892 secs] [Times: user=0.23 sys=0.00, real=0.05 secs] 
4066.237: [GC (Allocation Failure) [PSYoungGen: 414969K->210836K(465920K)] 1106776K->961467K(1864192K), 0.0532022 secs] [Times: user=0.26 sys=0.00, real=0.05 secs] 
4067.365: [GC (Allocation Failure) [PSYoungGen: 443796K->90810K(465920K)] 1194427K->908506K(1864192K), 0.1054632 secs] [Times: user=0.58 sys=0.00, real=0.11 secs] 
4067.914: [GC (Allocation Failure) [PSYoungGen: 323770K->186454K(465920K)] 1141466K->1033523K(1864192K), 0.0498956 secs] [Times: user=0.22 sys=0.01, real=0.05 secs] 
4068.091: [GC (Allocation Failure) [PSYoungGen: 419414K->181653K(465920K)] 1266483K->1085294K(1864192K), 0.0432875 secs] [Times: user=0.20 sys=0.00, real=0.04 secs] 
4068.239: [GC (Allocation Failure) [PSYoungGen: 414613K->186773K(465920K)] 1318254K->1145750K(1864192K), 0.0452946 secs] [Times: user=0.21 sys=0.00, real=0.04 secs] 
4069.214: [GC (Allocation Failure) [PSYoungGen: 419733K->104556K(465920K)] 1378710K->1134101K(1864192K), 0.0455047 secs] [Times: user=0.23 sys=0.00, real=0.05 secs] 
4069.619: [GC (Allocation Failure) [PSYoungGen: 337516K->165331K(465920K)] 1367061K->1228705K(1864192K), 0.0794799 secs] [Times: user=0.40 sys=0.01, real=0.08 secs] 
4069.855: [GC (Allocation Failure) [PSYoungGen: 398291K->178357K(465920K)] 1461665K->1293446K(1864192K), 0.0418659 secs] [Times: user=0.19 sys=0.00, real=0.05 secs] 
4070.044: [GC (Allocation Failure) [PSYoungGen: 411317K->185591K(465920K)] 1526406K->1363464K(1864192K), 0.0719878 secs] [Times: user=0.36 sys=0.01, real=0.08 secs] 
4071.190: [GC (Allocation Failure) [PSYoungGen: 418551K->185173K(465920K)] 1596424K->1421838K(1864192K), 0.1066992 secs] [Times: user=0.56 sys=0.00, real=0.11 secs] 
4072.362: [GC (Allocation Failure) [PSYoungGen: 418133K->91450K(465920K)] 1654798K->1397988K(1864192K), 0.0610351 secs] [Times: user=0.32 sys=0.00, real=0.06 secs] 
4072.715: [GC (Allocation Failure) [PSYoungGen: 324410K->183158K(465920K)] 1630948K->1519331K(1864192K), 0.0387611 secs] [Times: user=0.17 sys=0.00, real=0.04 secs] 
4072.754: [Full GC (Ergonomics) [PSYoungGen: 183158K->0K(465920K)] [ParOldGen: 1336173K->228228K(1398272K)] 1519331K->228228K(1864192K), [Metaspace: 60380K->60380K(1105920K)], 0.2540690 secs] [Times: user=1.13 sys=0.00, real=0.26 secs] 
4073.138: [GC (Allocation Failure) [PSYoungGen: 232960K->180501K(465920K)] 461188K->408729K(1864192K), 0.0264070 secs] [Times: user=0.10 sys=0.00, real=0.02 secs] 
4073.592: [GC (Allocation Failure) [PSYoungGen: 413461K->186197K(465920K)] 641689K->469185K(1864192K), 0.0681771 secs] [Times: user=0.34 sys=0.00, real=0.07 secs] 
4074.722: [GC (Allocation Failure) [PSYoungGen: 419157K->103260K(465920K)] 702145K->456409K(1864192K), 0.0497076 secs] [Times: user=0.26 sys=0.00, real=0.05 secs] 
4075.301: [GC (Allocation Failure) [PSYoungGen: 336220K->163571K(465920K)] 689369K->549845K(1864192K), 0.0725064 secs] [Times: user=0.36 sys=0.00, real=0.07 secs] 
4075.564: [GC (Allocation Failure) [PSYoungGen: 396531K->181749K(465920K)] 782805K->619459K(1864192K), 0.0567561 secs] [Times: user=0.27 sys=0.00, real=0.06 secs] 
4075.794: [GC (Allocation Failure) [PSYoungGen: 414709K->185815K(465920K)] 852419K->687036K(1864192K), 0.0740780 secs] [Times: user=0.37 sys=0.00, real=0.08 secs] 
4075.983: [GC (Allocation Failure) [PSYoungGen: 418775K->183476K(465920K)] 919996K->743602K(1864192K), 0.0555300 secs] [Times: user=0.27 sys=0.00, real=0.06 secs] 
4077.043: [GC (Allocation Failure) [PSYoungGen: 416436K->90058K(465920K)] 976562K->719516K(1864192K), 0.0435656 secs] [Times: user=0.22 sys=0.00, real=0.05 secs] 
4077.445: [GC (Allocation Failure) [PSYoungGen: 323018K->182070K(465920K)] 952476K->839892K(1864192K), 0.0526857 secs] [Times: user=0.23 sys=0.00, real=0.06 secs] 
4077.637: [GC (Allocation Failure) [PSYoungGen: 415030K->184950K(465920K)] 1072852K->900048K(1864192K), 0.0442286 secs] [Times: user=0.20 sys=0.00, real=0.04 secs] 
4077.783: [GC (Allocation Failure) [PSYoungGen: 417910K->180212K(465920K)] 1133008K->951246K(1864192K), 0.0453080 secs] [Times: user=0.21 sys=0.00, real=0.05 secs] 
4078.788: [GC (Allocation Failure) [PSYoungGen: 413172K->112669K(465920K)] 1184206K->951952K(1864192K), 0.0461531 secs] [Times: user=0.24 sys=0.00, real=0.04 secs] 
4079.286: [GC (Allocation Failure) [PSYoungGen: 345629K->158803K(465920K)] 1184912K->1035393K(1864192K), 0.0670442 secs] [Times: user=0.34 sys=0.00, real=0.06 secs] 
4079.518: [GC (Allocation Failure) [PSYoungGen: 391763K->184374K(465920K)] 1268353K->1110116K(1864192K), 0.0575335 secs] [Times: user=0.27 sys=0.01, real=0.05 secs] 
4079.844: [GC (Allocation Failure) [PSYoungGen: 417334K->184983K(465920K)] 1343076K->1174869K(1864192K), 0.0758764 secs] [Times: user=0.38 sys=0.00, real=0.08 secs] 
4080.159: [GC (Allocation Failure) [PSYoungGen: 417943K->186101K(465920K)] 1407829K->1234507K(1864192K), 0.0689311 secs] [Times: user=0.35 sys=0.00, real=0.07 secs] 
4081.547: [GC (Allocation Failure) [PSYoungGen: 419061K->87530K(465920K)] 1467467K->1206144K(1864192K), 0.0656678 secs] [Times: user=0.36 sys=0.00, real=0.06 secs] 
4082.674: [GC (Allocation Failure) [PSYoungGen: 320490K->176437K(465920K)] 1439104K->1322400K(1864192K), 0.0486807 secs] [Times: user=0.21 sys=0.00, real=0.05 secs] 
4082.852: [GC (Allocation Failure) [PSYoungGen: 409397K->184566K(465920K)] 1555360K->1385557K(1864192K), 0.0439939 secs] [Times: user=0.19 sys=0.00, real=0.05 secs] 
4082.999: [GC (Allocation Failure) [PSYoungGen: 417526K->187189K(465920K)] 1618517K->1444012K(1864192K), 0.0463339 secs] [Times: user=0.21 sys=0.00, real=0.04 secs] 
4084.037: [GC (Allocation Failure) [PSYoungGen: 420149K->112846K(465920K)] 1676972K->1440237K(1864192K), 0.0470308 secs] [Times: user=0.24 sys=0.00, real=0.04 secs] 
4084.084: [Full GC (Ergonomics) [PSYoungGen: 112846K->0K(465920K)] [ParOldGen: 1327391K->95424K(1398272K)] 1440237K->95424K(1864192K), [Metaspace: 60380K->60380K(1105920K)], 0.0339137 secs] [Times: user=0.11 sys=0.00, real=0.04 secs] 
4084.573: [GC (Allocation Failure) [PSYoungGen: 232960K->150770K(465920K)] 328384K->246194K(1864192K), 0.0411431 secs] [Times: user=0.16 sys=0.00, real=0.04 secs] 
4084.834: [GC (Allocation Failure) [PSYoungGen: 383730K->183605K(465920K)] 479154K->325675K(1864192K), 0.0496302 secs] [Times: user=0.23 sys=0.00, real=0.05 secs] 
4084.991: [GC (Allocation Failure) [PSYoungGen: 416565K->185911K(465920K)] 558635K->392180K(1864192K), 0.0496316 secs] [Times: user=0.23 sys=0.00, real=0.05 secs] 
4085.143: [GC (Allocation Failure) [PSYoungGen: 418871K->186677K(465920K)] 625140K->451962K(1864192K), 0.0565972 secs] [Times: user=0.28 sys=0.00, real=0.06 secs] 
4086.409: [GC (Allocation Failure) [PSYoungGen: 419637K->87658K(465920K)] 684922K->423432K(1864192K), 0.0925300 secs] [Times: user=0.50 sys=0.00, real=0.09 secs] 
4087.068: [GC (Allocation Failure) [PSYoungGen: 320618K->177909K(465920K)] 656392K->542350K(1864192K), 0.0456618 secs] [Times: user=0.19 sys=0.00, real=0.04 secs] 
4087.274: [GC (Allocation Failure) [PSYoungGen: 410869K->184310K(465920K)] 775310K->603831K(1864192K), 0.0433152 secs] [Times: user=0.19 sys=0.00, real=0.05 secs] 
4087.519: [GC (Allocation Failure) [PSYoungGen: 417270K->186229K(465920K)] 836791K->661654K(1864192K), 0.0465598 secs] [Times: user=0.21 sys=0.00, real=0.04 secs] 
4088.772: [GC (Allocation Failure) [PSYoungGen: 419189K->120206K(465920K)] 894614K->665688K(1864192K), 0.0469146 secs] [Times: user=0.23 sys=0.00, real=0.05 secs] 
4090.327: [GC (Allocation Failure) [PSYoungGen: 352262K->141457K(465920K)] 897743K->725018K(1864192K), 0.1219148 secs] [Times: user=0.66 sys=0.00, real=0.12 secs] 
4090.601: [GC (Allocation Failure) [PSYoungGen: 374417K->175956K(465920K)] 957978K->804867K(1864192K), 0.0393157 secs] [Times: user=0.17 sys=0.00, real=0.04 secs] 
4090.809: [GC (Allocation Failure) [PSYoungGen: 408916K->185783K(465920K)] 1037827K->876205K(1864192K), 0.0743157 secs] [Times: user=0.37 sys=0.00, real=0.07 secs] 
4091.078: [GC (Allocation Failure) [PSYoungGen: 418743K->183252K(465920K)] 1109165K->932647K(1864192K), 0.0697623 secs] [Times: user=0.36 sys=0.00, real=0.07 secs] 
4092.144: [GC (Allocation Failure) [PSYoungGen: 416212K->93579K(465920K)] 1165607K->912197K(1864192K), 0.0472078 secs] [Times: user=0.25 sys=0.00, real=0.05 secs] 
4092.501: [GC (Allocation Failure) [PSYoungGen: 326447K->178037K(465920K)] 1145065K->1026976K(1864192K), 0.0549654 secs] [Times: user=0.24 sys=0.00, real=0.05 secs] 
4092.724: [GC (Allocation Failure) [PSYoungGen: 410997K->181109K(465920K)] 1259936K->1085492K(1864192K), 0.0434301 secs] [Times: user=0.20 sys=0.00, real=0.05 secs] 
4092.884: [GC (Allocation Failure) [PSYoungGen: 414069K->187061K(465920K)] 1318452K->1146292K(1864192K), 0.0498329 secs] [Times: user=0.24 sys=0.00, real=0.05 secs] 
4093.966: [GC (Allocation Failure) [PSYoungGen: 420021K->134608K(465920K)] 1379252K->1164464K(1864192K), 0.0498893 secs] [Times: user=0.25 sys=0.00, real=0.05 secs] 
4094.476: [GC (Allocation Failure) [PSYoungGen: 367568K->137264K(465920K)] 1397424K->1209791K(1864192K), 0.1453137 secs] [Times: user=0.78 sys=0.00, real=0.14 secs] 
4095.002: [GC (Allocation Failure) [PSYoungGen: 370224K->174484K(465920K)] 1442751K->1290436K(1864192K), 0.0453989 secs] [Times: user=0.21 sys=0.00, real=0.05 secs] 
4095.190: [GC (Allocation Failure) [PSYoungGen: 407444K->185335K(465920K)] 1523396K->1362499K(1864192K), 0.0711570 secs] [Times: user=0.34 sys=0.00, real=0.07 secs] 
4095.386: [GC (Allocation Failure) [PSYoungGen: 418295K->186869K(465920K)] 1595459K->1422841K(1864192K), 0.0586860 secs] [Times: user=0.29 sys=0.00, real=0.05 secs] 
4096.402: [GC (Allocation Failure) [PSYoungGen: 419829K->94651K(465920K)] 1655801K->1401055K(1864192K), 0.0488283 secs] [Times: user=0.26 sys=0.00, real=0.05 secs] 
4097.136: [GC (Allocation Failure) [PSYoungGen: 327611K->173845K(465920K)] 1634015K->1511021K(1864192K), 0.0521151 secs] [Times: user=0.23 sys=0.01, real=0.06 secs] 
4097.188: [Full GC (Ergonomics) [PSYoungGen: 173845K->0K(465920K)] [ParOldGen: 1337176K->207801K(1398272K)] 1511021K->207801K(1864192K), [Metaspace: 60380K->60380K(1105920K)], 0.2382813 secs] [Times: user=1.11 sys=0.00, real=0.24 secs] 
4097.533: [GC (Allocation Failure) [PSYoungGen: 232960K->181589K(465920K)] 440761K->389391K(1864192K), 0.0274870 secs] [Times: user=0.09 sys=0.00, real=0.03 secs] 
4097.696: [GC (Allocation Failure) [PSYoungGen: 414549K->187189K(465920K)] 622351K->450454K(1864192K), 0.0524591 secs] [Times: user=0.25 sys=0.00, real=0.05 secs] 
4098.680: [GC (Allocation Failure) [PSYoungGen: 420149K->141265K(465920K)] 683414K->475259K(1864192K), 0.0492166 secs] [Times: user=0.24 sys=0.00, real=0.05 secs] 
4099.322: [GC (Allocation Failure) [PSYoungGen: 374225K->128687K(465920K)] 708219K->507528K(1864192K), 0.1219515 secs] [Times: user=0.67 sys=0.00, real=0.12 secs] 
4099.591: [GC (Allocation Failure) [PSYoungGen: 361647K->175412K(465920K)] 740488K->595479K(1864192K), 0.0375684 secs] [Times: user=0.16 sys=0.00, real=0.04 secs] 
4099.739: [GC (Allocation Failure) [PSYoungGen: 408372K->185367K(465920K)] 828439K->666777K(1864192K), 0.0486384 secs] [Times: user=0.23 sys=0.01, real=0.05 secs] 
4099.948: [GC (Allocation Failure) [PSYoungGen: 418327K->183252K(465920K)] 899737K->723623K(1864192K), 0.0824589 secs] [Times: user=0.42 sys=0.00, real=0.08 secs] 
4101.029: [GC (Allocation Failure) [PSYoungGen: 416212K->98571K(465920K)] 956583K->708206K(1864192K), 0.0435357 secs] [Times: user=0.23 sys=0.00, real=0.04 secs] 
4101.530: [GC (GCLocker Initiated GC) [PSYoungGen: 331531K->175541K(465920K)] 941167K->816813K(1864192K), 0.0555638 secs] [Times: user=0.24 sys=0.00, real=0.05 secs] 
4101.749: [GC (Allocation Failure) [PSYoungGen: 408501K->189717K(465920K)] 1049776K->886004K(1864192K), 0.0428803 secs] [Times: user=0.19 sys=0.00, real=0.04 secs] 
4101.935: [GC (Allocation Failure) [PSYoungGen: 422677K->186837K(465920K)] 1118964K->938388K(1864192K), 0.0568013 secs] [Times: user=0.23 sys=0.00, real=0.06 secs] 
4102.931: [GC (Allocation Failure) [PSYoungGen: 419797K->147346K(465920K)] 1171348K->969281K(1864192K), 0.0505649 secs] [Times: user=0.25 sys=0.00, real=0.05 secs] 
4103.603: [GC (Allocation Failure) [PSYoungGen: 380306K->123118K(465920K)] 1202241K->991902K(1864192K), 0.1644220 secs] [Times: user=0.93 sys=0.00, real=0.17 secs] 
4104.057: [GC (Allocation Failure) [PSYoungGen: 356078K->177973K(465920K)] 1224862K->1085481K(1864192K), 0.0404806 secs] [Times: user=0.18 sys=0.00, real=0.04 secs] 
4104.204: [GC (Allocation Failure) [PSYoungGen: 410933K->185815K(465920K)] 1318441K->1155799K(1864192K), 0.0492990 secs] [Times: user=0.23 sys=0.00, real=0.05 secs] 
4104.358: [GC (Allocation Failure) [PSYoungGen: 418775K->186805K(465920K)] 1388759K->1215893K(1864192K), 0.0570540 secs] [Times: user=0.28 sys=0.00, real=0.05 secs] 
4105.648: [GC (Allocation Failure) [PSYoungGen: 419765K->89466K(465920K)] 1448853K->1189050K(1864192K), 0.0739275 secs] [Times: user=0.40 sys=0.00, real=0.07 secs] 
4106.242: [GC (Allocation Failure) [PSYoungGen: 322426K->174229K(465920K)] 1422010K->1302590K(1864192K), 0.0421640 secs] [Times: user=0.18 sys=0.00, real=0.04 secs] 
4106.405: [GC (Allocation Failure) [PSYoungGen: 407189K->184630K(465920K)] 1535550K->1367499K(1864192K), 0.0441393 secs] [Times: user=0.20 sys=0.00, real=0.05 secs] 
4106.551: [GC (Allocation Failure) [PSYoungGen: 417590K->187893K(465920K)] 1600459K->1426682K(1864192K), 0.0469191 secs] [Times: user=0.22 sys=0.00, real=0.05 secs] 
4107.475: [GC (Allocation Failure) [PSYoungGen: 420853K->151218K(465920K)] 1659642K->1460916K(1864192K), 0.0523558 secs] [Times: user=0.25 sys=0.00, real=0.06 secs] 
4108.199: [GC (Allocation Failure) [PSYoungGen: 384178K->116782K(465920K)] 1693876K->1474239K(1864192K), 0.1730004 secs] [Times: user=0.98 sys=0.00, real=0.17 secs] 
4108.372: [Full GC (Ergonomics) [PSYoungGen: 116782K->0K(465920K)] [ParOldGen: 1357457K->134461K(1398272K)] 1474239K->134461K(1864192K), [Metaspace: 60380K->60380K(1105920K)], 0.1711005 secs] [Times: user=0.78 sys=0.00, real=0.17 secs] 
4108.688: [GC (Allocation Failure) [PSYoungGen: 232960K->178133K(465920K)] 367421K->312594K(1864192K), 0.0265152 secs] [Times: user=0.09 sys=0.00, real=0.02 secs] 
4108.842: [GC (Allocation Failure) [PSYoungGen: 411093K->185367K(465920K)] 545554K->381836K(1864192K), 0.0479242 secs] [Times: user=0.21 sys=0.00, real=0.05 secs] 
4109.023: [GC (Allocation Failure) [PSYoungGen: 418327K->183220K(465920K)] 614796K->438522K(1864192K), 0.0570934 secs] [Times: user=0.28 sys=0.00, real=0.06 secs] 
4110.013: [GC (Allocation Failure) [PSYoungGen: 416180K->96075K(465920K)] 671482K->420569K(1864192K), 0.0450293 secs] [Times: user=0.23 sys=0.00, real=0.05 secs] 
4110.934: [GC (Allocation Failure) [PSYoungGen: 329035K->172884K(465920K)] 653529K->528570K(1864192K), 0.0680807 secs] [Times: user=0.32 sys=0.00, real=0.07 secs] 
4111.163: [GC (Allocation Failure) [PSYoungGen: 405844K->184630K(465920K)] 761530K->593471K(1864192K), 0.0424371 secs] [Times: user=0.19 sys=0.00, real=0.04 secs] 
4111.350: [GC (Allocation Failure) [PSYoungGen: 408917K->178838K(465920K)] 817759K->651944K(1864192K), 0.0723080 secs] [Times: user=0.36 sys=0.00, real=0.07 secs] 
4112.300: [GC (Allocation Failure) [PSYoungGen: 411798K->169619K(465920K)] 884904K->699492K(1864192K), 0.0563857 secs] [Times: user=0.28 sys=0.00, real=0.06 secs] 
4112.894: [GC (Allocation Failure) [PSYoungGen: 402579K->104876K(465920K)] 932452K->699742K(1864192K), 0.0862582 secs] [Times: user=0.46 sys=0.00, real=0.09 secs] 
4113.372: [GC (Allocation Failure) [PSYoungGen: 337326K->178261K(465920K)] 932192K->807232K(1864192K), 0.0519419 secs] [Times: user=0.23 sys=0.00, real=0.05 secs] 
4113.615: [GC (Allocation Failure) [PSYoungGen: 411221K->182965K(465920K)] 1040192K->867280K(1864192K), 0.0606013 secs] [Times: user=0.29 sys=0.00, real=0.06 secs] 
4113.829: [GC (Allocation Failure) [PSYoungGen: 415925K->230100K(465920K)] 1100240K->969759K(1864192K), 0.0708495 secs] [Times: user=0.35 sys=0.00, real=0.07 secs] 
4114.873: [GC (Allocation Failure) [PSYoungGen: 463060K->102732K(465920K)] 1202719K->910795K(1864192K), 0.0447870 secs] [Times: user=0.23 sys=0.00, real=0.05 secs] 
4115.287: [GC (Allocation Failure) [PSYoungGen: 335692K->168276K(465920K)] 1143755K->1009599K(1864192K), 0.0733551 secs] [Times: user=0.36 sys=0.00, real=0.07 secs] 
4115.563: [GC (GCLocker Initiated GC) [PSYoungGen: 401236K->178869K(465920K)] 1242561K->1072814K(1864192K), 0.0497753 secs] [Times: user=0.23 sys=0.01, real=0.05 secs] 
4115.752: [GC (Allocation Failure) [PSYoungGen: 411829K->185463K(465920K)] 1305941K->1141963K(1864192K), 0.0760104 secs] [Times: user=0.38 sys=0.00, real=0.08 secs] 
4115.999: [GC (Allocation Failure) [PSYoungGen: 418423K->200372K(465920K)] 1374923K->1215640K(1864192K), 0.0736289 secs] [Times: user=0.37 sys=0.01, real=0.07 secs] 
4117.292: [GC (Allocation Failure) [PSYoungGen: 433332K->92795K(465920K)] 1448600K->1177358K(1864192K), 0.0615281 secs] [Times: user=0.33 sys=0.00, real=0.06 secs] 
4118.019: [GC (Allocation Failure) [PSYoungGen: 325755K->175253K(465920K)] 1410318K->1289529K(1864192K), 0.0494110 secs] [Times: user=0.22 sys=0.00, real=0.05 secs] 
4118.197: [GC (Allocation Failure) [PSYoungGen: 408213K->184662K(465920K)] 1522489K->1354078K(1864192K), 0.0451055 secs] [Times: user=0.20 sys=0.00, real=0.04 secs] 
4118.388: [GC (Allocation Failure) [PSYoungGen: 417622K->186965K(465920K)] 1587038K->1412293K(1864192K), 0.0689932 secs] [Times: user=0.33 sys=0.00, real=0.07 secs] 
4119.424: [GC (GCLocker Initiated GC) [PSYoungGen: 419925K->102220K(465920K)] 1645253K->1398204K(1864192K), 0.0472327 secs] [Times: user=0.24 sys=0.00, real=0.05 secs] 
4120.170: [GC (Allocation Failure) [PSYoungGen: 335180K->168116K(465920K)] 1631331K->1496964K(1864192K), 0.0853516 secs] [Times: user=0.43 sys=0.00, real=0.08 secs] 
4120.255: [Full GC (Ergonomics) [PSYoungGen: 168116K->0K(465920K)] [ParOldGen: 1328847K->188833K(1398272K)] 1496964K->188833K(1864192K), [Metaspace: 60380K->60380K(1105920K)], 0.1988749 secs] [Times: user=0.92 sys=0.00, real=0.20 secs] 
4120.589: [GC (Allocation Failure) [PSYoungGen: 232960K->181909K(465920K)] 421793K->370743K(1864192K), 0.0333203 secs] [Times: user=0.14 sys=0.00, real=0.03 secs] 
4120.781: [GC (Allocation Failure) [PSYoungGen: 414869K->185975K(465920K)] 603703K->438400K(1864192K), 0.0570751 secs] [Times: user=0.27 sys=0.00, real=0.06 secs] 
4120.945: [GC (Allocation Failure) [PSYoungGen: 418919K->186293K(465920K)] 671345K->497670K(1864192K), 0.0543200 secs] [Times: user=0.26 sys=0.00, real=0.06 secs] 
4122.074: [GC (Allocation Failure) [PSYoungGen: 419253K->84698K(465920K)] 730630K->466347K(1864192K), 0.0746997 secs] [Times: user=0.40 sys=0.00, real=0.08 secs] 
4122.416: [GC (Allocation Failure) [PSYoungGen: 317658K->182870K(465920K)] 699307K->591824K(1864192K), 0.0428469 secs] [Times: user=0.18 sys=0.00, real=0.04 secs] 
4122.603: [GC (Allocation Failure) [PSYoungGen: 415830K->181365K(465920K)] 824784K->647268K(1864192K), 0.0573054 secs] [Times: user=0.27 sys=0.00, real=0.06 secs] 
4122.774: [GC (Allocation Failure) [PSYoungGen: 414325K->186709K(465920K)] 880228K->707819K(1864192K), 0.0457321 secs] [Times: user=0.21 sys=0.00, real=0.05 secs] 
4123.766: [GC (Allocation Failure) [PSYoungGen: 419669K->103196K(465920K)] 940779K->694779K(1864192K), 0.0498154 secs] [Times: user=0.26 sys=0.00, real=0.05 secs] 
4124.334: [GC (Allocation Failure) [PSYoungGen: 336156K->166163K(465920K)] 927739K->791958K(1864192K), 0.1017393 secs] [Times: user=0.53 sys=0.00, real=0.10 secs] 
4124.588: [GC (GCLocker Initiated GC) [PSYoungGen: 399123K->183253K(465920K)] 1024918K->859616K(1864192K), 0.0431972 secs] [Times: user=0.19 sys=0.00, real=0.04 secs] 
4124.767: [GC (Allocation Failure) [PSYoungGen: 416213K->185335K(465920K)] 1092743K->925852K(1864192K), 0.0735169 secs] [Times: user=0.36 sys=0.00, real=0.07 secs] 
4124.993: [GC (Allocation Failure) [PSYoungGen: 418295K->186485K(465920K)] 1158812K->985690K(1864192K), 0.0777572 secs] [Times: user=0.40 sys=0.00, real=0.08 secs] 
4126.678: [GC (Allocation Failure) [PSYoungGen: 419445K->86906K(465920K)] 1218650K->956547K(1864192K), 0.1146834 secs] [Times: user=0.63 sys=0.01, real=0.11 secs] 
4127.308: [GC (Allocation Failure) [PSYoungGen: 319866K->179157K(465920K)] 1189507K->1077168K(1864192K), 0.0471705 secs] [Times: user=0.20 sys=0.00, real=0.04 secs] 
4127.483: [GC (Allocation Failure) [PSYoungGen: 412117K->184406K(465920K)] 1310128K->1138232K(1864192K), 0.0440434 secs] [Times: user=0.20 sys=0.00, real=0.05 secs] 
4127.632: [GC (Allocation Failure) [PSYoungGen: 417366K->186485K(465920K)] 1371192K->1196224K(1864192K), 0.0460356 secs] [Times: user=0.22 sys=0.00, real=0.05 secs] 
4128.665: [GC (Allocation Failure) [PSYoungGen: 419445K->109533K(465920K)] 1429184K->1189568K(1864192K), 0.0464785 secs] [Times: user=0.24 sys=0.00, real=0.05 secs] 
4129.589: [GC (Allocation Failure) [PSYoungGen: 342493K->153810K(465920K)] 1422528K->1268882K(1864192K), 0.1224195 secs] [Times: user=0.65 sys=0.00, real=0.12 secs] 
4129.886: [GC (Allocation Failure) [PSYoungGen: 386770K->184694K(465920K)] 1501842K->1348145K(1864192K), 0.0421577 secs] [Times: user=0.19 sys=0.00, real=0.04 secs] 
4130.036: [GC (Allocation Failure) [PSYoungGen: 417654K->186135K(465920K)] 1581105K->1413779K(1864192K), 0.0540078 secs] [Times: user=0.25 sys=0.00, real=0.06 secs] 
4130.193: [GC (Allocation Failure) [PSYoungGen: 419037K->186581K(465920K)] 1646681K->1473157K(1864192K), 0.0588398 secs] [Times: user=0.30 sys=0.00, real=0.06 secs] 
4131.555: [GC (Allocation Failure) [PSYoungGen: 418952K->89610K(465920K)] 1705528K->1446614K(1864192K), 0.1153705 secs] [Times: user=0.64 sys=0.00, real=0.12 secs] 
4131.671: [Full GC (Ergonomics) [PSYoungGen: 89610K->0K(465920K)] [ParOldGen: 1357003K->102112K(1398272K)] 1446614K->102112K(1864192K), [Metaspace: 60380K->60380K(1105920K)], 0.1461234 secs] [Times: user=0.62 sys=0.01, real=0.15 secs] 
4132.567: [GC (Allocation Failure) [PSYoungGen: 232960K->170196K(465920K)] 335072K->272309K(1864192K), 0.0337635 secs] [Times: user=0.13 sys=0.00, real=0.03 secs] 
4132.815: [GC (Allocation Failure) [PSYoungGen: 403156K->184374K(465920K)] 505269K->339754K(1864192K), 0.0566063 secs] [Times: user=0.26 sys=0.00, real=0.06 secs] 
4132.981: [GC (Allocation Failure) [PSYoungGen: 417334K->203509K(465920K)] 572714K->414673K(1864192K), 0.0455894 secs] [Times: user=0.21 sys=0.01, real=0.05 secs] 
4133.953: [GC (Allocation Failure) [PSYoungGen: 436469K->120814K(465920K)] 647633K->402707K(1864192K), 0.0467074 secs] [Times: user=0.23 sys=0.00, real=0.05 secs] 
4135.939: [GC (Allocation Failure) [PSYoungGen: 351229K->141329K(465920K)] 633121K->461666K(1864192K), 0.1436051 secs] [Times: user=0.78 sys=0.00, real=0.14 secs] 
4136.366: [GC (Allocation Failure) [PSYoungGen: 374289K->195093K(465920K)] 694626K->560282K(1864192K), 0.0513551 secs] [Times: user=0.24 sys=0.00, real=0.05 secs] 
4136.530: [GC (Allocation Failure) [PSYoungGen: 428053K->183254K(465920K)] 793242K->610572K(1864192K), 0.0489596 secs] [Times: user=0.22 sys=0.00, real=0.05 secs] 
4136.719: [GC (Allocation Failure) [PSYoungGen: 416214K->186517K(465920K)] 843532K->672186K(1864192K), 0.0799233 secs] [Times: user=0.41 sys=0.00, real=0.08 secs] 
4137.736: [GC (Allocation Failure) [PSYoungGen: 419477K->90138K(465920K)] 905146K->646268K(1864192K), 0.0418988 secs] [Times: user=0.22 sys=0.00, real=0.04 secs] 
4138.173: [GC (Allocation Failure) [PSYoungGen: 323098K->177717K(465920K)] 879228K->762995K(1864192K), 0.0551005 secs] [Times: user=0.24 sys=0.00, real=0.06 secs] 
4138.380: [GC (Allocation Failure) [PSYoungGen: 410677K->181621K(465920K)] 995955K->822523K(1864192K), 0.0432195 secs] [Times: user=0.20 sys=0.00, real=0.04 secs] 
4138.529: [GC (Allocation Failure) [PSYoungGen: 414581K->186805K(465920K)] 1055483K->882743K(1864192K), 0.0451359 secs] [Times: user=0.21 sys=0.00, real=0.04 secs] 
4139.486: [GC (Allocation Failure) [PSYoungGen: 419765K->135216K(465920K)] 1115703K->901498K(1864192K), 0.0487496 secs] [Times: user=0.24 sys=0.00, real=0.05 secs] 
4140.315: [GC (Allocation Failure) [PSYoungGen: 368176K->133920K(465920K)] 1134458K->943170K(1864192K), 0.1190562 secs] [Times: user=0.64 sys=0.00, real=0.12 secs] 
4140.594: [GC (Allocation Failure) [PSYoungGen: 366880K->176116K(465920K)] 1176130K->1028486K(1864192K), 0.0379009 secs] [Times: user=0.16 sys=0.00, real=0.04 secs] 
4140.879: [GC (Allocation Failure) [PSYoungGen: 409076K->185079K(465920K)] 1261446K->1099192K(1864192K), 0.0710106 secs] [Times: user=0.34 sys=0.00, real=0.07 secs] 
4141.294: [GC (Allocation Failure) [PSYoungGen: 417923K->185397K(465920K)] 1332036K->1158118K(1864192K), 0.0874683 secs] [Times: user=0.45 sys=0.00, real=0.09 secs] 
4142.706: [GC (Allocation Failure) [PSYoungGen: 418357K->89562K(465920K)] 1391078K->1132196K(1864192K), 0.0746243 secs] [Times: user=0.40 sys=0.00, real=0.07 secs] 
4144.024: [GC (Allocation Failure) [PSYoungGen: 322522K->172852K(465920K)] 1365156K->1244027K(1864192K), 0.0621268 secs] [Times: user=0.25 sys=0.01, real=0.07 secs] 
4144.282: [GC (Allocation Failure) [PSYoungGen: 405812K->184694K(465920K)] 1476987K->1309784K(1864192K), 0.0567646 secs] [Times: user=0.27 sys=0.00, real=0.06 secs] 
4144.485: [GC (Allocation Failure) [PSYoungGen: 417654K->184853K(465920K)] 1542744K->1366007K(1864192K), 0.0642258 secs] [Times: user=0.31 sys=0.00, real=0.07 secs] 
4145.436: [GC (Allocation Failure) [PSYoungGen: 417813K->150482K(465920K)] 1598967K->1401277K(1864192K), 0.0515546 secs] [Times: user=0.26 sys=0.00, real=0.06 secs] 
4146.083: [GC (Allocation Failure) [PSYoungGen: 383442K->120414K(465920K)] 1634237K->1418865K(1864192K), 0.1735384 secs] [Times: user=0.91 sys=0.00, real=0.18 secs] 
4146.448: [GC (GCLocker Initiated GC) [PSYoungGen: 353374K->176564K(465920K)] 1651825K->1513108K(1864192K), 0.0370673 secs] [Times: user=0.16 sys=0.01, real=0.03 secs] 
4146.485: [Full GC (Ergonomics) [PSYoungGen: 176564K->0K(465920K)] [ParOldGen: 1336543K->232149K(1398272K)] 1513108K->232149K(1864192K), [Metaspace: 60380K->60380K(1105920K)], 0.2649385 secs] [Times: user=1.20 sys=0.00, real=0.27 secs] 
4146.859: [GC (Allocation Failure) [PSYoungGen: 232960K->183606K(465920K)] 465148K->415795K(1864192K), 0.0817967 secs] [Times: user=0.42 sys=0.00, real=0.08 secs] 
4147.047: [GC (Allocation Failure) [PSYoungGen: 416566K->203093K(465920K)] 648755K->493937K(1864192K), 0.0577077 secs] [Times: user=0.28 sys=0.00, real=0.05 secs] 
4148.049: [GC (Allocation Failure) [PSYoungGen: 436053K->94059K(465920K)] 726897K->455296K(1864192K), 0.0533538 secs] [Times: user=0.29 sys=0.00, real=0.05 secs] 
4148.777: [GC (Allocation Failure) [PSYoungGen: 327019K->174325K(465920K)] 688256K->566521K(1864192K), 0.0534602 secs] [Times: user=0.24 sys=0.00, real=0.05 secs] 
4148.966: [GC (Allocation Failure) [PSYoungGen: 407285K->184566K(465920K)] 799481K->630986K(1864192K), 0.0430852 secs] [Times: user=0.19 sys=0.00, real=0.05 secs] 
4149.149: [GC (Allocation Failure) [PSYoungGen: 405903K->171605K(465920K)] 852324K->682321K(1864192K), 0.0589700 secs] [Times: user=0.29 sys=0.00, real=0.06 secs] 
4150.589: [GC (Allocation Failure) [PSYoungGen: 404565K->170387K(465920K)] 915281K->735495K(1864192K), 0.0535984 secs] [Times: user=0.26 sys=0.00, real=0.05 secs] 
4151.728: [GC (Allocation Failure) [PSYoungGen: 403347K->96491K(465920K)] 968455K->726783K(1864192K), 0.1225118 secs] [Times: user=0.67 sys=0.00, real=0.12 secs] 
4152.215: [GC (Allocation Failure) [PSYoungGen: 329451K->183158K(465920K)] 959743K->844891K(1864192K), 0.0462077 secs] [Times: user=0.20 sys=0.00, real=0.05 secs] 
4152.374: [GC (Allocation Failure) [PSYoungGen: 416118K->182165K(465920K)] 1077851K->900547K(1864192K), 0.0439548 secs] [Times: user=0.20 sys=0.00, real=0.05 secs] 
4152.570: [GC (Allocation Failure) [PSYoungGen: 415125K->186773K(465920K)] 1133507K->960654K(1864192K), 0.0707738 secs] [Times: user=0.35 sys=0.00, real=0.07 secs] 
4153.590: [GC (Allocation Failure) [PSYoungGen: 419733K->96875K(465920K)] 1193614K->941193K(1864192K), 0.0447571 secs] [Times: user=0.23 sys=0.00, real=0.04 secs] 
4154.088: [GC (Allocation Failure) [PSYoungGen: 329835K->170708K(465920K)] 1174153K->1046722K(1864192K), 0.0915553 secs] [Times: user=0.44 sys=0.00, real=0.09 secs] 
4154.347: [GC (Allocation Failure) [PSYoungGen: 403668K->181333K(465920K)] 1279682K->1110359K(1864192K), 0.0424749 secs] [Times: user=0.19 sys=0.00, real=0.04 secs] 
4154.501: [GC (Allocation Failure) [PSYoungGen: 414293K->185783K(465920K)] 1343319K->1178264K(1864192K), 0.0500064 secs] [Times: user=0.23 sys=0.00, real=0.05 secs] 
4154.762: [GC (Allocation Failure) [PSYoungGen: 418036K->215028K(465920K)] 1410518K->1266502K(1864192K), 0.0662010 secs] [Times: user=0.34 sys=0.00, real=0.07 secs] 
4155.922: [GC (Allocation Failure) [PSYoungGen: 447988K->93851K(465920K)] 1499462K->1213885K(1864192K), 0.0617630 secs] [Times: user=0.32 sys=0.00, real=0.06 secs] 
4156.439: [GC (Allocation Failure) [PSYoungGen: 326811K->179285K(465920K)] 1446845K->1328976K(1864192K), 0.0570588 secs] [Times: user=0.21 sys=0.00, real=0.06 secs] 
4156.637: [GC (Allocation Failure) [PSYoungGen: 412245K->184214K(465920K)] 1561936K->1390172K(1864192K), 0.0444571 secs] [Times: user=0.20 sys=0.00, real=0.04 secs] 
4156.788: [GC (Allocation Failure) [PSYoungGen: 417174K->186613K(465920K)] 1623132K->1448436K(1864192K), 0.0463511 secs] [Times: user=0.22 sys=0.00, real=0.04 secs] 
4158.101: [GC (Allocation Failure) [PSYoungGen: 419573K->97691K(465920K)] 1681396K->1429946K(1864192K), 0.0452992 secs] [Times: user=0.24 sys=0.00, real=0.05 secs] 
4158.147: [Full GC (Ergonomics) [PSYoungGen: 97691K->0K(465920K)] [ParOldGen: 1332254K->87125K(1398272K)] 1429946K->87125K(1864192K), [Metaspace: 60380K->60380K(1105920K)], 0.0350094 secs] [Times: user=0.10 sys=0.00, real=0.03 secs] 
4158.720: [GC (Allocation Failure) [PSYoungGen: 232960K->165235K(465920K)] 320085K->252361K(1864192K), 0.0419002 secs] [Times: user=0.15 sys=0.01, real=0.04 secs] 
4158.933: [GC (Allocation Failure) [PSYoungGen: 398195K->184534K(465920K)] 485321K->323799K(1864192K), 0.0409955 secs] [Times: user=0.18 sys=0.00, real=0.04 secs] 
4159.086: [GC (Allocation Failure) [PSYoungGen: 417494K->185943K(465920K)] 556759K->389416K(1864192K), 0.0492467 secs] [Times: user=0.22 sys=0.00, real=0.05 secs] 
4159.257: [GC (Allocation Failure) [PSYoungGen: 418903K->183668K(465920K)] 622376K->446142K(1864192K), 0.0678287 secs] [Times: user=0.35 sys=0.00, real=0.06 secs] 
4160.389: [GC (Allocation Failure) [PSYoungGen: 416628K->88202K(465920K)] 679102K->420036K(1864192K), 0.0618864 secs] [Times: user=0.33 sys=0.00, real=0.06 secs] 
4160.731: [GC (GCLocker Initiated GC) [PSYoungGen: 321162K->182486K(465920K)] 652996K->542592K(1864192K), 0.0471240 secs] [Times: user=0.20 sys=0.00, real=0.05 secs] 
4160.908: [GC (Allocation Failure) [PSYoungGen: 415446K->184790K(465920K)] 775682K->601930K(1864192K), 0.0440576 secs] [Times: user=0.19 sys=0.00, real=0.04 secs] 
4161.075: [GC (Allocation Failure) [PSYoungGen: 417750K->181332K(465920K)] 834890K->654569K(1864192K), 0.0487522 secs] [Times: user=0.23 sys=0.00, real=0.05 secs] 
4162.129: [GC (Allocation Failure) [PSYoungGen: 414292K->106861K(465920K)] 887529K->648457K(1864192K), 0.0448427 secs] [Times: user=0.23 sys=0.00, real=0.04 secs] 
4162.822: [GC (Allocation Failure) [PSYoungGen: 339821K->164372K(465920K)] 881417K->741252K(1864192K), 0.0984574 secs] [Times: user=0.49 sys=0.01, real=0.10 secs] 
4163.077: [GC (GCLocker Initiated GC) [PSYoungGen: 397332K->182229K(465920K)] 974216K->809905K(1864192K), 0.0420721 secs] [Times: user=0.19 sys=0.00, real=0.04 secs] 
4163.226: [GC (Allocation Failure) [PSYoungGen: 415189K->182774K(465920K)] 1042867K->874013K(1864192K), 0.0497007 secs] [Times: user=0.23 sys=0.00, real=0.05 secs] 
4163.381: [GC (Allocation Failure) [PSYoungGen: 415734K->186709K(465920K)] 1106973K->936035K(1864192K), 0.0572807 secs] [Times: user=0.28 sys=0.00, real=0.06 secs] 
4164.570: [GC (Allocation Failure) [PSYoungGen: 419669K->87306K(465920K)] 1168995K->907280K(1864192K), 0.0631101 secs] [Times: user=0.34 sys=0.00, real=0.06 secs] 
4165.210: [GC (Allocation Failure) [PSYoungGen: 320266K->178549K(465920K)] 1140240K->1025992K(1864192K), 0.0495584 secs] [Times: user=0.22 sys=0.00, real=0.05 secs] 
4165.392: [GC (Allocation Failure) [PSYoungGen: 411509K->184566K(465920K)] 1258952K->1088341K(1864192K), 0.0445535 secs] [Times: user=0.20 sys=0.00, real=0.05 secs] 
4165.541: [GC (Allocation Failure) [PSYoungGen: 417526K->186709K(465920K)] 1321301K->1146432K(1864192K), 0.0468142 secs] [Times: user=0.22 sys=0.00, real=0.05 secs] 
4166.597: [GC (Allocation Failure) [PSYoungGen: 419669K->110397K(465920K)] 1379392K->1140608K(1864192K), 0.0478066 secs] [Times: user=0.24 sys=0.00, real=0.04 secs] 
4167.488: [GC (Allocation Failure) [PSYoungGen: 343357K->152466K(465920K)] 1373568K->1218342K(1864192K), 0.1102561 secs] [Times: user=0.58 sys=0.00, real=0.11 secs] 
4167.760: [GC (Allocation Failure) [PSYoungGen: 385426K->184502K(465920K)] 1451302K->1298158K(1864192K), 0.0411507 secs] [Times: user=0.18 sys=0.00, real=0.04 secs] 
4167.932: [GC (Allocation Failure) [PSYoungGen: 417462K->185943K(465920K)] 1531118K->1363887K(1864192K), 0.0554713 secs] [Times: user=0.26 sys=0.00, real=0.06 secs] 
4168.103: [GC (Allocation Failure) [PSYoungGen: 418903K->186869K(465920K)] 1596847K->1423697K(1864192K), 0.0576111 secs] [Times: user=0.29 sys=0.00, real=0.06 secs] 
4169.391: [GC (Allocation Failure) [PSYoungGen: 419829K->86906K(465920K)] 1656657K->1394499K(1864192K), 0.0642197 secs] [Times: user=0.34 sys=0.00, real=0.06 secs] 
4170.125: [GC (Allocation Failure) [PSYoungGen: 319866K->177269K(465920K)] 1627459K->1512615K(1864192K), 0.0494156 secs] [Times: user=0.22 sys=0.00, real=0.05 secs] 
4170.174: [Full GC (Ergonomics) [PSYoungGen: 177269K->0K(465920K)] [ParOldGen: 1335345K->216252K(1398272K)] 1512615K->216252K(1864192K), [Metaspace: 60380K->60380K(1105920K)], 0.2508841 secs] [Times: user=1.16 sys=0.00, real=0.25 secs] 
4170.531: [GC (Allocation Failure) [PSYoungGen: 232960K->184598K(465920K)] 449212K->400850K(1864192K), 0.0268430 secs] [Times: user=0.10 sys=0.00, real=0.03 secs] 
4170.659: [GC (Allocation Failure) [PSYoungGen: 417558K->183924K(465920K)] 633810K->456177K(1864192K), 0.0450145 secs] [Times: user=0.21 sys=0.00, real=0.04 secs] 
4171.644: [GC (Allocation Failure) [PSYoungGen: 416884K->120014K(465920K)] 689137K->461635K(1864192K), 0.0463701 secs] [Times: user=0.23 sys=0.00, real=0.05 secs] 
4172.981: [GC (Allocation Failure) [PSYoungGen: 352974K->145585K(465920K)] 694595K->525237K(1864192K), 0.1432547 secs] [Times: user=0.79 sys=0.00, real=0.14 secs] 
4173.319: [GC (Allocation Failure) [PSYoungGen: 378545K->180661K(465920K)] 758197K->606110K(1864192K), 0.0394211 secs] [Times: user=0.17 sys=0.00, real=0.04 secs] 
4173.470: [GC (Allocation Failure) [PSYoungGen: 413621K->185655K(465920K)] 839070K->674376K(1864192K), 0.0492211 secs] [Times: user=0.23 sys=0.00, real=0.05 secs] 
4173.624: [GC (Allocation Failure) [PSYoungGen: 418615K->186613K(465920K)] 907336K->734278K(1864192K), 0.0564810 secs] [Times: user=0.27 sys=0.00, real=0.06 secs] 
4174.700: [GC (GCLocker Initiated GC) [PSYoungGen: 419573K->92843K(465920K)] 967238K->711092K(1864192K), 0.0567792 secs] [Times: user=0.31 sys=0.00, real=0.06 secs] 
4175.261: [GC (Allocation Failure) [PSYoungGen: 325803K->170228K(465920K)] 944057K->818495K(1864192K), 0.0340643 secs] [Times: user=0.14 sys=0.00, real=0.03 secs] 
4175.453: [GC (Allocation Failure) [PSYoungGen: 403188K->184470K(465920K)] 1051455K->885957K(1864192K), 0.0589562 secs] [Times: user=0.28 sys=0.00, real=0.06 secs] 
4175.663: [GC (Allocation Failure) [PSYoungGen: 417430K->187029K(465920K)] 1118917K->944356K(1864192K), 0.0514612 secs] [Times: user=0.24 sys=0.00, real=0.05 secs] 
4176.627: [GC (Allocation Failure) [PSYoungGen: 419989K->131248K(465920K)] 1177316K->959263K(1864192K), 0.0489217 secs] [Times: user=0.25 sys=0.00, real=0.05 secs] 
4177.237: [GC (Allocation Failure) [PSYoungGen: 364208K->138528K(465920K)] 1192223K->1008187K(1864192K), 0.1706894 secs] [Times: user=0.95 sys=0.01, real=0.17 secs] 
4177.782: [GC (Allocation Failure) [PSYoungGen: 371488K->174388K(465920K)] 1241147K->1088715K(1864192K), 0.0454734 secs] [Times: user=0.21 sys=0.00, real=0.05 secs] 
4177.939: [GC (Allocation Failure) [PSYoungGen: 407348K->185687K(465920K)] 1321675K->1161242K(1864192K), 0.0521184 secs] [Times: user=0.24 sys=0.00, real=0.05 secs] 
4178.097: [GC (Allocation Failure) [PSYoungGen: 418647K->186357K(465920K)] 1394202K->1220784K(1864192K), 0.0603729 secs] [Times: user=0.30 sys=0.00, real=0.06 secs] 
4179.564: [GC (Allocation Failure) [PSYoungGen: 419317K->94539K(465920K)] 1453744K->1199174K(1864192K), 0.0576811 secs] [Times: user=0.31 sys=0.00, real=0.06 secs] 
4180.121: [GC (Allocation Failure) [PSYoungGen: 327499K->177749K(465920K)] 1432134K->1312373K(1864192K), 0.0425802 secs] [Times: user=0.18 sys=0.00, real=0.04 secs] 
4180.311: [GC (Allocation Failure) [PSYoungGen: 410709K->181877K(465920K)] 1545333K->1372465K(1864192K), 0.0623539 secs] [Times: user=0.30 sys=0.00, real=0.06 secs] 
4180.544: [GC (Allocation Failure) [PSYoungGen: 414837K->186933K(465920K)] 1605425K->1432689K(1864192K), 0.0665064 secs] [Times: user=0.33 sys=0.00, real=0.07 secs] 
4181.517: [GC (Allocation Failure) [PSYoungGen: 419893K->136464K(465920K)] 1665649K->1452812K(1864192K), 0.0509540 secs] [Times: user=0.25 sys=0.00, real=0.05 secs] 
4181.568: [Full GC (Ergonomics) [PSYoungGen: 136464K->0K(465920K)] [ParOldGen: 1316347K->347480K(1398272K)] 1452812K->347480K(1864192K), [Metaspace: 60380K->60380K(1105920K)], 0.5781659 secs] [Times: user=2.52 sys=0.00, real=0.58 secs] 
4183.026: [GC (Allocation Failure) [PSYoungGen: 232960K->126895K(465920K)] 580440K->474375K(1864192K), 0.0345444 secs] [Times: user=0.13 sys=0.00, real=0.03 secs] 
4183.363: [GC (Allocation Failure) [PSYoungGen: 359855K->178325K(465920K)] 707335K->567010K(1864192K), 0.0515607 secs] [Times: user=0.24 sys=0.01, real=0.05 secs] 
4183.596: [GC (Allocation Failure) [PSYoungGen: 411285K->185175K(465920K)] 799970K->635912K(1864192K), 0.0744140 secs] [Times: user=0.35 sys=0.00, real=0.07 secs] 
4183.785: [GC (Allocation Failure) [PSYoungGen: 418135K->184084K(465920K)] 868872K->693562K(1864192K), 0.0572515 secs] [Times: user=0.29 sys=0.00, real=0.06 secs] 
4184.800: [GC (Allocation Failure) [PSYoungGen: 417044K->95467K(465920K)] 926522K->674605K(1864192K), 0.0429127 secs] [Times: user=0.22 sys=0.00, real=0.04 secs] 
4185.714: [GC (Allocation Failure) [PSYoungGen: 328427K->173172K(465920K)] 907565K->783478K(1864192K), 0.0494025 secs] [Times: user=0.22 sys=0.00, real=0.05 secs] 
4185.973: [GC (Allocation Failure) [PSYoungGen: 406132K->182389K(465920K)] 1016438K->846551K(1864192K), 0.0589866 secs] [Times: user=0.28 sys=0.00, real=0.06 secs] 
4186.151: [GC (Allocation Failure) [PSYoungGen: 401319K->169141K(465920K)] 1065480K->896982K(1864192K), 0.0471210 secs] [Times: user=0.22 sys=0.00, real=0.05 secs] 
4187.092: [GC (Allocation Failure) [PSYoungGen: 402101K->168339K(401408K)] 1129942K->949744K(1799680K), 0.0623913 secs] [Times: user=0.29 sys=0.00, real=0.06 secs] 
4188.100: [GC (Allocation Failure) [PSYoungGen: 401299K->104332K(461824K)] 1182704K->950337K(1860096K), 0.0939954 secs] [Times: user=0.50 sys=0.00, real=0.09 secs] 
4189.032: [GC (Allocation Failure) [PSYoungGen: 335244K->174517K(463872K)] 1181249K->1053675K(1862144K), 0.0490292 secs] [Times: user=0.22 sys=0.00, real=0.05 secs] 
4189.203: [GC (Allocation Failure) [PSYoungGen: 405429K->182837K(465920K)] 1284587K->1116208K(1864192K), 0.0428405 secs] [Times: user=0.19 sys=0.00, real=0.05 secs] 
4189.372: [GC (Allocation Failure) [PSYoungGen: 415797K->187125K(465920K)] 1349168K->1175743K(1864192K), 0.0498535 secs] [Times: user=0.23 sys=0.00, real=0.05 secs] 
4190.403: [GC (Allocation Failure) [PSYoungGen: 420085K->100652K(465920K)] 1408703K->1159894K(1864192K), 0.0459574 secs] [Times: user=0.24 sys=0.01, real=0.05 secs] 
4191.477: [GC (Allocation Failure) [PSYoungGen: 333612K->167571K(465920K)] 1392854K->1259163K(1864192K), 0.0737175 secs] [Times: user=0.37 sys=0.01, real=0.07 secs] 
4191.692: [GC (Allocation Failure) [PSYoungGen: 400531K->189973K(465920K)] 1492123K->1332841K(1864192K), 0.0428249 secs] [Times: user=0.19 sys=0.00, real=0.04 secs] 
4191.845: [GC (Allocation Failure) [PSYoungGen: 422933K->185623K(465920K)] 1565801K->1391970K(1864192K), 0.0504506 secs] [Times: user=0.24 sys=0.00, real=0.05 secs] 
4192.003: [GC (Allocation Failure) [PSYoungGen: 418583K->185557K(465920K)] 1624930K->1450592K(1864192K), 0.0547958 secs] [Times: user=0.27 sys=0.01, real=0.06 secs] 
4193.088: [GC (Allocation Failure) [PSYoungGen: 418517K->92731K(465920K)] 1683552K->1428058K(1864192K), 0.0441202 secs] [Times: user=0.23 sys=0.00, real=0.04 secs] 
4193.132: [Full GC (Ergonomics) [PSYoungGen: 92731K->0K(465920K)] [ParOldGen: 1335327K->110170K(1398272K)] 1428058K->110170K(1864192K), [Metaspace: 60380K->60380K(1105920K)], 0.1015299 secs] [Times: user=0.42 sys=0.00, real=0.10 secs] 
4193.702: [GC (Allocation Failure) [PSYoungGen: 232960K->180117K(465920K)] 343130K->290288K(1864192K), 0.0253942 secs] [Times: user=0.09 sys=0.01, real=0.03 secs] 
4193.849: [GC (Allocation Failure) [PSYoungGen: 413077K->181333K(465920K)] 523248K->347940K(1864192K), 0.0452953 secs] [Times: user=0.21 sys=0.00, real=0.04 secs] 
4194.028: [GC (Allocation Failure) [PSYoungGen: 414293K->186805K(465920K)] 580900K->408556K(1864192K), 0.0625139 secs] [Times: user=0.31 sys=0.00, real=0.06 secs] 
4195.122: [GC (Allocation Failure) [PSYoungGen: 419765K->103052K(465920K)] 641516K->395139K(1864192K), 0.0445801 secs] [Times: user=0.22 sys=0.01, real=0.05 secs] 
4195.763: [GC (GCLocker Initiated GC) [PSYoungGen: 336012K->164947K(465920K)] 628099K->490359K(1864192K), 0.0779854 secs] [Times: user=0.39 sys=0.00, real=0.08 secs] 
4195.988: [GC (Allocation Failure) [PSYoungGen: 397907K->184662K(465920K)] 723486K->562108K(1864192K), 0.0418373 secs] [Times: user=0.19 sys=0.00, real=0.04 secs] 
4196.137: [GC (Allocation Failure) [PSYoungGen: 417622K->185847K(465920K)] 795068K->627413K(1864192K), 0.0499344 secs] [Times: user=0.23 sys=0.00, real=0.05 secs] 
4196.327: [GC (Allocation Failure) [PSYoungGen: 418807K->218901K(465920K)] 860373K->719403K(1864192K), 0.0586409 secs] [Times: user=0.29 sys=0.00, real=0.05 secs] 
4198.121: [GC (Allocation Failure) [PSYoungGen: 451861K->80777K(465920K)] 952363K->651536K(1864192K), 0.0994326 secs] [Times: user=0.55 sys=0.00, real=0.10 secs] 
4198.532: [GC (Allocation Failure) [PSYoungGen: 313737K->183446K(465920K)] 884496K->780546K(1864192K), 0.0442819 secs] [Times: user=0.19 sys=0.00, real=0.05 secs] 
4198.690: [GC (Allocation Failure) [PSYoungGen: 416406K->182069K(465920K)] 1013506K->835849K(1864192K), 0.0438483 secs] [Times: user=0.20 sys=0.00, real=0.04 secs] 
4198.887: [GC (Allocation Failure) [PSYoungGen: 415029K->186485K(465920K)] 1068809K->895592K(1864192K), 0.0615303 secs] [Times: user=0.30 sys=0.00, real=0.06 secs] 
4199.932: [GC (Allocation Failure) [PSYoungGen: 419445K->103324K(465920K)] 1128552K->882744K(1864192K), 0.0454486 secs] [Times: user=0.23 sys=0.00, real=0.05 secs] 
4200.651: [GC (Allocation Failure) [PSYoungGen: 336284K->164051K(465920K)] 1115704K->977124K(1864192K), 0.0906878 secs] [Times: user=0.46 sys=0.00, real=0.09 secs] 
4200.898: [GC (Allocation Failure) [PSYoungGen: 397011K->180981K(465920K)] 1210086K->1045348K(1864192K), 0.0417435 secs] [Times: user=0.19 sys=0.00, real=0.04 secs] 
4201.050: [GC (Allocation Failure) [PSYoungGen: 413941K->185271K(465920K)] 1278308K->1112997K(1864192K), 0.0498612 secs] [Times: user=0.23 sys=0.01, real=0.05 secs] 
4201.261: [GC (Allocation Failure) [PSYoungGen: 418231K->186421K(465920K)] 1345957K->1172980K(1864192K), 0.0583519 secs] [Times: user=0.29 sys=0.00, real=0.06 secs] 
4202.578: [GC (Allocation Failure) [PSYoungGen: 419381K->87290K(465920K)] 1405940K->1144241K(1864192K), 0.0563870 secs] [Times: user=0.30 sys=0.00, real=0.05 secs] 
4203.057: [GC (Allocation Failure) [PSYoungGen: 320250K->182390K(465920K)] 1377201K->1267449K(1864192K), 0.0368244 secs] [Times: user=0.16 sys=0.00, real=0.03 secs] 
4203.201: [GC (Allocation Failure) [PSYoungGen: 415350K->184566K(465920K)] 1500409K->1326485K(1864192K), 0.0465914 secs] [Times: user=0.21 sys=0.00, real=0.05 secs] 
4203.382: [GC (Allocation Failure) [PSYoungGen: 417526K->183732K(465920K)] 1559445K->1381668K(1864192K), 0.0522417 secs] [Times: user=0.25 sys=0.00, real=0.05 secs] 
4204.401: [GC (Allocation Failure) [PSYoungGen: 416692K->109293K(465920K)] 1614628K->1376764K(1864192K), 0.0483505 secs] [Times: user=0.25 sys=0.00, real=0.05 secs] 
4205.293: [GC (GCLocker Initiated GC) [PSYoungGen: 342253K->154674K(465920K)] 1609726K->1457128K(1864192K), 0.1308492 secs] [Times: user=0.69 sys=0.01, real=0.13 secs] 
4205.610: [GC (Allocation Failure) [PSYoungGen: 387634K->180533K(465920K)] 1690090K->1531800K(1864192K), 0.0442148 secs] [Times: user=0.20 sys=0.00, real=0.04 secs] 
4205.654: [Full GC (Ergonomics) [PSYoungGen: 180533K->0K(465920K)] [ParOldGen: 1351267K->247455K(1398272K)] 1531800K->247455K(1864192K), [Metaspace: 60380K->60380K(1105920K)], 0.3008677 secs] [Times: user=1.39 sys=0.00, real=0.30 secs] 
4206.064: [GC (Allocation Failure) [PSYoungGen: 232960K->185719K(465920K)] 480415K->433174K(1864192K), 0.0783850 secs] [Times: user=0.40 sys=0.00, real=0.08 secs] 
4206.263: [GC (Allocation Failure) [PSYoungGen: 418679K->186677K(465920K)] 666134K->493064K(1864192K), 0.0563261 secs] [Times: user=0.28 sys=0.00, real=0.06 secs] 
4207.297: [GC (Allocation Failure) [PSYoungGen: 419637K->92251K(465920K)] 726024K->468886K(1864192K), 0.0590268 secs] [Times: user=0.31 sys=0.01, real=0.06 secs] 
4208.232: [GC (Allocation Failure) [PSYoungGen: 325211K->170708K(465920K)] 701846K->576708K(1864192K), 0.0516712 secs] [Times: user=0.23 sys=0.00, real=0.05 secs] 
4208.440: [GC (Allocation Failure) [PSYoungGen: 403668K->184886K(465920K)] 809668K->644594K(1864192K), 0.0425881 secs] [Times: user=0.19 sys=0.00, real=0.04 secs] 
4208.640: [GC (Allocation Failure) [PSYoungGen: 417846K->184020K(465920K)] 877554K->699829K(1864192K), 0.0583974 secs] [Times: user=0.28 sys=0.00, real=0.06 secs] 
4209.664: [GC (Allocation Failure) [PSYoungGen: 416980K->123503K(465920K)] 932789K->708911K(1864192K), 0.0470806 secs] [Times: user=0.24 sys=0.00, real=0.05 secs] 
4210.626: [GC (Allocation Failure) [PSYoungGen: 356463K->147185K(465920K)] 941871K->771881K(1864192K), 0.1610863 secs] [Times: user=0.88 sys=0.00, real=0.16 secs] 
4210.968: [GC (Allocation Failure) [PSYoungGen: 380145K->180565K(465920K)] 1004841K->851226K(1864192K), 0.0430475 secs] [Times: user=0.16 sys=0.00, real=0.04 secs] 
4211.122: [GC (Allocation Failure) [PSYoungGen: 413525K->185975K(465920K)] 1084186K->919784K(1864192K), 0.0520074 secs] [Times: user=0.20 sys=0.00, real=0.05 secs] 
4211.279: [GC (Allocation Failure) [PSYoungGen: 418935K->186357K(465920K)] 1152744K->979326K(1864192K), 0.0603688 secs] [Times: user=0.25 sys=0.00, real=0.06 secs] 
4212.306: [GC (GCLocker Initiated GC) [PSYoungGen: 419317K->92123K(465920K)] 1212286K->955292K(1864192K), 0.0563650 secs] [Times: user=0.30 sys=0.00, real=0.06 secs] 
4212.754: [GC (Allocation Failure) [PSYoungGen: 325083K->175285K(465920K)] 1188383K->1068086K(1864192K), 0.0467817 secs] [Times: user=0.20 sys=0.00, real=0.05 secs] 
4212.932: [GC (Allocation Failure) [PSYoungGen: 408245K->184662K(465920K)] 1301046K->1132647K(1864192K), 0.0435523 secs] [Times: user=0.20 sys=0.00, real=0.05 secs] 
4213.105: [GC (Allocation Failure) [PSYoungGen: 417622K->186837K(465920K)] 1365607K->1190722K(1864192K), 0.0657788 secs] [Times: user=0.32 sys=0.00, real=0.07 secs] 
4214.121: [GC (Allocation Failure) [PSYoungGen: 419797K->125359K(465920K)] 1423682K->1199769K(1864192K), 0.0484803 secs] [Times: user=0.25 sys=0.00, real=0.05 secs] 
4214.932: [GC (Allocation Failure) [PSYoungGen: 358319K->140433K(465920K)] 1432729K->1254674K(1864192K), 0.1314115 secs] [Times: user=0.72 sys=0.00, real=0.13 secs] 
4215.266: [GC (Allocation Failure) [PSYoungGen: 373393K->178421K(465920K)] 1487634K->1337439K(1864192K), 0.0395285 secs] [Times: user=0.18 sys=0.00, real=0.03 secs] 
4215.438: [GC (Allocation Failure) [PSYoungGen: 411381K->186359K(465920K)] 1570399K->1407665K(1864192K), 0.0587278 secs] [Times: user=0.29 sys=0.00, real=0.06 secs] 
4215.622: [GC (Allocation Failure) [PSYoungGen: 419319K->183444K(465920K)] 1640625K->1463839K(1864192K), 0.0590043 secs] [Times: user=0.30 sys=0.01, real=0.06 secs] 
4216.678: [GC (Allocation Failure) [PSYoungGen: 416404K->91098K(465920K)] 1696799K->1440737K(1864192K), 0.0499578 secs] [Times: user=0.27 sys=0.00, real=0.05 secs] 
4216.728: [Full GC (Ergonomics) [PSYoungGen: 91098K->0K(465920K)] [ParOldGen: 1349638K->96297K(1398272K)] 1440737K->96297K(1864192K), [Metaspace: 60380K->60380K(1105920K)], 0.0676021 secs] [Times: user=0.25 sys=0.00, real=0.06 secs] 
4217.664: [GC (Allocation Failure) [PSYoungGen: 232960K->177077K(465920K)] 329257K->273375K(1864192K), 0.0376128 secs] [Times: user=0.14 sys=0.00, real=0.04 secs] 
4217.858: [GC (Allocation Failure) [PSYoungGen: 410037K->184214K(465920K)] 506335K->335503K(1864192K), 0.0455179 secs] [Times: user=0.18 sys=0.00, real=0.04 secs] 
4218.010: [GC (Allocation Failure) [PSYoungGen: 417174K->186837K(465920K)] 568463K->394062K(1864192K), 0.0447682 secs] [Times: user=0.21 sys=0.00, real=0.04 secs] 
4218.975: [GC (Allocation Failure) [PSYoungGen: 419797K->133168K(465920K)] 627022K->411066K(1864192K), 0.0480825 secs] [Times: user=0.24 sys=0.00, real=0.05 secs] 
4219.888: [GC (Allocation Failure) [PSYoungGen: 366128K->136848K(465920K)] 644026K->457018K(1864192K), 0.1548528 secs] [Times: user=0.86 sys=0.00, real=0.15 secs] 
4220.200: [GC (Allocation Failure) [PSYoungGen: 369808K->184276K(465920K)] 689978K->548198K(1864192K), 0.0382618 secs] [Times: user=0.16 sys=0.00, real=0.04 secs] 
4220.394: [GC (Allocation Failure) [PSYoungGen: 417173K->185687K(465920K)] 781094K->611480K(1864192K), 0.0765979 secs] [Times: user=0.38 sys=0.00, real=0.08 secs] 
4220.648: [GC (Allocation Failure) [PSYoungGen: 418647K->186197K(465920K)] 844440K->670795K(1864192K), 0.0739666 secs] [Times: user=0.39 sys=0.00, real=0.07 secs] 
4221.828: [GC (Allocation Failure) [PSYoungGen: 419157K->91034K(465920K)] 903755K->645932K(1864192K), 0.0698289 secs] [Times: user=0.37 sys=0.00, real=0.07 secs] 
4222.686: [GC (Allocation Failure) [PSYoungGen: 323994K->170388K(465920K)] 878892K->754251K(1864192K), 0.0479499 secs] [Times: user=0.21 sys=0.00, real=0.04 secs] 
4222.877: [GC (Allocation Failure) [PSYoungGen: 403348K->184726K(465920K)] 987211K->822232K(1864192K), 0.0430144 secs] [Times: user=0.19 sys=0.00, real=0.04 secs] 
4223.026: [GC (Allocation Failure) [PSYoungGen: 417686K->186997K(465920K)] 1055192K->880624K(1864192K), 0.0454640 secs] [Times: user=0.21 sys=0.00, real=0.05 secs] 
4224.012: [GC (Allocation Failure) [PSYoungGen: 419957K->144530K(465920K)] 1113584K->908724K(1864192K), 0.0501961 secs] [Times: user=0.25 sys=0.00, real=0.05 secs] 
4224.917: [GC (Allocation Failure) [PSYoungGen: 377490K->127775K(465920K)] 1141684K->937614K(1864192K), 0.1666528 secs] [Times: user=0.93 sys=0.01, real=0.16 secs] 
4225.271: [GC (Allocation Failure) [PSYoungGen: 360735K->174740K(465920K)] 1170574K->1025347K(1864192K), 0.0373879 secs] [Times: user=0.16 sys=0.00, real=0.04 secs] 
4225.441: [GC (Allocation Failure) [PSYoungGen: 407700K->184087K(465920K)] 1258307K->1096382K(1864192K), 0.0624471 secs] [Times: user=0.30 sys=0.01, real=0.06 secs] 
4225.628: [GC (Allocation Failure) [PSYoungGen: 417047K->186773K(465920K)] 1329342K->1157756K(1864192K), 0.0568771 secs] [Times: user=0.28 sys=0.00, real=0.05 secs] 
4226.650: [GC (GCLocker Initiated GC) [PSYoungGen: 419733K->97547K(465920K)] 1390716K->1138991K(1864192K), 0.0511654 secs] [Times: user=0.27 sys=0.00, real=0.05 secs] 
4227.413: [GC (Allocation Failure) [PSYoungGen: 330507K->173973K(465920K)] 1371989K->1246542K(1864192K), 0.0557520 secs] [Times: user=0.25 sys=0.00, real=0.06 secs] 
4227.623: [GC (Allocation Failure) [PSYoungGen: 406933K->184502K(465920K)] 1479502K->1311911K(1864192K), 0.0443130 secs] [Times: user=0.20 sys=0.00, real=0.05 secs] 
4227.770: [GC (Allocation Failure) [PSYoungGen: 417462K->184212K(465920K)] 1544871K->1367358K(1864192K), 0.0467784 secs] [Times: user=0.22 sys=0.00, real=0.05 secs] 
4228.775: [GC (Allocation Failure) [PSYoungGen: 417172K->149618K(465920K)] 1600318K->1402252K(1864192K), 0.0522184 secs] [Times: user=0.26 sys=0.00, real=0.06 secs] 
4229.328: [GC (Allocation Failure) [PSYoungGen: 382578K->120766K(465920K)] 1635212K->1420960K(1864192K), 0.1875619 secs] [Times: user=1.06 sys=0.00, real=0.19 secs] 
4229.776: [GC (Allocation Failure) [PSYoungGen: 353726K->172788K(465920K)] 1653920K->1511446K(1864192K), 0.0377004 secs] [Times: user=0.16 sys=0.00, real=0.03 secs] 
4229.814: [Full GC (Ergonomics) [PSYoungGen: 172788K->0K(465920K)] [ParOldGen: 1338658K->228339K(1398272K)] 1511446K->228339K(1864192K), [Metaspace: 60380K->60380K(1105920K)], 0.2625442 secs] [Times: user=1.20 sys=0.00, real=0.27 secs] 
4230.190: [GC (Allocation Failure) [PSYoungGen: 232960K->185143K(465920K)] 461299K->413483K(1864192K), 0.0886407 secs] [Times: user=0.46 sys=0.00, real=0.09 secs] 
4230.400: [GC (Allocation Failure) [PSYoungGen: 418103K->186805K(465920K)] 646443K->473801K(1864192K), 0.0574276 secs] [Times: user=0.28 sys=0.00, real=0.06 secs] 
4231.381: [GC (Allocation Failure) [PSYoungGen: 419765K->100092K(465920K)] 706761K->457728K(1864192K), 0.0456396 secs] [Times: user=0.24 sys=0.00, real=0.05 secs] 
4232.007: [GC (Allocation Failure) [PSYoungGen: 333052K->171028K(465920K)] 690688K->561108K(1864192K), 0.0591163 secs] [Times: user=0.26 sys=0.00, real=0.06 secs] 
4232.223: [GC (Allocation Failure) [PSYoungGen: 403988K->184342K(465920K)] 794068K->628481K(1864192K), 0.0427883 secs] [Times: user=0.19 sys=0.00, real=0.05 secs] 
4232.388: [GC (Allocation Failure) [PSYoungGen: 409115K->172565K(465920K)] 853255K->680721K(1864192K), 0.0595232 secs] [Times: user=0.30 sys=0.00, real=0.06 secs] 
4233.488: [GC (Allocation Failure) [PSYoungGen: 405525K->169043K(402432K)] 913681K->731798K(1800704K), 0.0546983 secs] [Times: user=0.28 sys=0.00, real=0.05 secs] 
4234.031: [GC (Allocation Failure) [PSYoungGen: 402003K->108877K(460288K)] 964758K->736424K(1858560K), 0.0775946 secs] [Times: user=0.41 sys=0.00, real=0.08 secs] 
4234.535: [GC (Allocation Failure) [PSYoungGen: 334468K->173685K(462848K)] 962016K->835705K(1861120K), 0.0487765 secs] [Times: user=0.21 sys=0.00, real=0.05 secs] 
4234.736: [GC (Allocation Failure) [PSYoungGen: 404085K->183125K(464896K)] 1066105K->899398K(1863168K), 0.0567407 secs] [Times: user=0.27 sys=0.00, real=0.05 secs] 
4234.950: [GC (Allocation Failure) [PSYoungGen: 417109K->184244K(418304K)] 1133382K->956005K(1816576K), 0.0637492 secs] [Times: user=0.31 sys=0.00, real=0.06 secs] 
4236.315: [GC (GCLocker Initiated GC) [PSYoungGen: 418228K->96507K(465920K)] 1189989K->937772K(1864192K), 0.0441461 secs] [Times: user=0.23 sys=0.00, real=0.05 secs] 
4237.736: [GC (Allocation Failure) [PSYoungGen: 329467K->161875K(395264K)] 1170735K->1033928K(1793536K), 0.0965436 secs] [Times: user=0.48 sys=0.00, real=0.09 secs] 
4238.020: [GC (Allocation Failure) [PSYoungGen: 394835K->184662K(462848K)] 1266888K->1107378K(1861120K), 0.0422757 secs] [Times: user=0.18 sys=0.00, real=0.04 secs] 
4238.169: [GC (Allocation Failure) [PSYoungGen: 416086K->184887K(464384K)] 1338802K->1171795K(1862656K), 0.0504456 secs] [Times: user=0.24 sys=0.00, real=0.05 secs] 
4238.321: [GC (Allocation Failure) [PSYoungGen: 416311K->185653K(465920K)] 1403219K->1231177K(1864192K), 0.0587281 secs] [Times: user=0.27 sys=0.00, real=0.06 secs] 
4239.642: [GC (Allocation Failure) [PSYoungGen: 418613K->87226K(465920K)] 1464137K->1202895K(1864192K), 0.0947127 secs] [Times: user=0.52 sys=0.00, real=0.10 secs] 
4240.459: [GC (Allocation Failure) [PSYoungGen: 320186K->176245K(465920K)] 1435855K->1319510K(1864192K), 0.0505715 secs] [Times: user=0.23 sys=0.00, real=0.05 secs] 
4240.694: [GC (Allocation Failure) [PSYoungGen: 409205K->184502K(465920K)] 1552470K->1383367K(1864192K), 0.0609851 secs] [Times: user=0.29 sys=0.00, real=0.06 secs] 
4240.869: [GC (GCLocker Initiated GC) [PSYoungGen: 417462K->184181K(465920K)] 1616328K->1438935K(1864192K), 0.0462955 secs] [Times: user=0.22 sys=0.00, real=0.04 secs] 
4242.265: [GC (Allocation Failure) [PSYoungGen: 417141K->109261K(465920K)] 1671896K->1433773K(1864192K), 0.0512627 secs] [Times: user=0.27 sys=0.00, real=0.06 secs] 
4242.316: [Full GC (Ergonomics) [PSYoungGen: 109261K->0K(465920K)] [ParOldGen: 1324512K->93868K(1398272K)] 1433773K->93868K(1864192K), [Metaspace: 60380K->60380K(1105920K)], 0.0335625 secs] [Times: user=0.10 sys=0.00, real=0.03 secs] 
4243.282: [GC (Allocation Failure) [PSYoungGen: 232960K->157010K(465920K)] 326828K->250878K(1864192K), 0.0446995 secs] [Times: user=0.18 sys=0.00, real=0.05 secs] 
4243.554: [GC (Allocation Failure) [PSYoungGen: 389970K->182101K(465920K)] 483838K->325593K(1864192K), 0.0540496 secs] [Times: user=0.24 sys=0.00, real=0.06 secs] 
4243.784: [GC (Allocation Failure) [PSYoungGen: 415061K->185463K(465920K)] 558553K->392435K(1864192K), 0.0687341 secs] [Times: user=0.33 sys=0.01, real=0.07 secs] 
4243.962: [GC (Allocation Failure) [PSYoungGen: 418423K->186837K(465920K)] 625395K->452921K(1864192K), 0.0557872 secs] [Times: user=0.27 sys=0.00, real=0.06 secs] 
4245.270: [GC (Allocation Failure) [PSYoungGen: 419797K->91226K(465920K)] 685881K->427847K(1864192K), 0.1073114 secs] [Times: user=0.58 sys=0.01, real=0.11 secs] 
4245.960: [GC (Allocation Failure) [PSYoungGen: 324186K->175701K(465920K)] 660807K->541226K(1864192K), 0.0444871 secs] [Times: user=0.19 sys=0.00, real=0.04 secs] 
4246.127: [GC (Allocation Failure) [PSYoungGen: 408661K->184118K(465920K)] 774186K->604331K(1864192K), 0.0428602 secs] [Times: user=0.19 sys=0.00, real=0.04 secs] 
4246.301: [GC (Allocation Failure) [PSYoungGen: 417078K->186837K(465920K)] 837291K->662866K(1864192K), 0.0643062 secs] [Times: user=0.31 sys=0.00, real=0.06 secs] 
4247.315: [GC (Allocation Failure) [PSYoungGen: 419797K->115438K(465920K)] 895826K->661999K(1864192K), 0.0463543 secs] [Times: user=0.23 sys=0.00, real=0.05 secs] 
4248.194: [GC (Allocation Failure) [PSYoungGen: 348398K->151506K(465920K)] 894959K->735288K(1864192K), 0.1360049 secs] [Times: user=0.73 sys=0.00, real=0.14 secs] 
4248.512: [GC (Allocation Failure) [PSYoungGen: 384466K->181109K(465920K)] 968248K->812311K(1864192K), 0.0403223 secs] [Times: user=0.17 sys=0.00, real=0.04 secs] 
4248.688: [GC (Allocation Failure) [PSYoungGen: 414069K->185623K(465920K)] 1045271K->879753K(1864192K), 0.0549016 secs] [Times: user=0.26 sys=0.00, real=0.05 secs] 
4248.847: [GC (Allocation Failure) [PSYoungGen: 418583K->186901K(465920K)] 1112713K->940095K(1864192K), 0.0561273 secs] [Times: user=0.27 sys=0.00, real=0.05 secs] 
4250.324: [GC (Allocation Failure) [PSYoungGen: 419861K->93899K(465920K)] 1173055K->917433K(1864192K), 0.0623093 secs] [Times: user=0.33 sys=0.00, real=0.07 secs] 
4251.508: [GC (Allocation Failure) [PSYoungGen: 326859K->170484K(465920K)] 1150393K->1023735K(1864192K), 0.0537180 secs] [Times: user=0.24 sys=0.01, real=0.05 secs] 
4251.711: [GC (Allocation Failure) [PSYoungGen: 403444K->184566K(465920K)] 1256695K->1091521K(1864192K), 0.0427998 secs] [Times: user=0.19 sys=0.00, real=0.04 secs] 
4251.859: [GC (Allocation Failure) [PSYoungGen: 417526K->186933K(465920K)] 1324481K->1149896K(1864192K), 0.0458650 secs] [Times: user=0.21 sys=0.00, real=0.04 secs] 
4252.863: [GC (Allocation Failure) [PSYoungGen: 419893K->121199K(465920K)] 1382856K->1154682K(1864192K), 0.0474073 secs] [Times: user=0.23 sys=0.00, real=0.05 secs] 
4254.486: [GC (Allocation Failure) [PSYoungGen: 354159K->140368K(465920K)] 1387642K->1212508K(1864192K), 0.1534071 secs] [Times: user=0.83 sys=0.01, real=0.15 secs] 
4254.917: [GC (Allocation Failure) [PSYoungGen: 373328K->178613K(465920K)] 1445468K->1295681K(1864192K), 0.0525716 secs] [Times: user=0.25 sys=0.00, real=0.05 secs] 
4255.084: [GC (Allocation Failure) [PSYoungGen: 411573K->185943K(465920K)] 1528641K->1365227K(1864192K), 0.0499164 secs] [Times: user=0.24 sys=0.00, real=0.05 secs] 
4255.255: [GC (Allocation Failure) [PSYoungGen: 418903K->186933K(465920K)] 1598187K->1425185K(1864192K), 0.0637076 secs] [Times: user=0.32 sys=0.00, real=0.07 secs] 
4256.415: [GC (Allocation Failure) [PSYoungGen: 419893K->91611K(465920K)] 1658145K->1400291K(1864192K), 0.0656630 secs] [Times: user=0.35 sys=0.00, real=0.07 secs] 
4257.376: [GC (Allocation Failure) [PSYoungGen: 324571K->173909K(465920K)] 1633251K->1512517K(1864192K), 0.0495094 secs] [Times: user=0.22 sys=0.01, real=0.04 secs] 
4257.426: [Full GC (Ergonomics) [PSYoungGen: 173909K->0K(465920K)] [ParOldGen: 1338607K->209474K(1398272K)] 1512517K->209474K(1864192K), [Metaspace: 60380K->60380K(1105920K)], 0.2404021 secs] [Times: user=1.11 sys=0.00, real=0.25 secs] 
4257.779: [GC (Allocation Failure) [PSYoungGen: 232960K->180949K(465920K)] 442434K->390423K(1864192K), 0.0272493 secs] [Times: user=0.10 sys=0.00, real=0.03 secs] 
4257.970: [GC (Allocation Failure) [PSYoungGen: 413909K->186133K(465920K)] 623383K->450863K(1864192K), 0.0595503 secs] [Times: user=0.29 sys=0.00, real=0.06 secs] 
4259.278: [GC (Allocation Failure) [PSYoungGen: 419093K->137073K(465920K)] 683823K->472155K(1864192K), 0.0490314 secs] [Times: user=0.24 sys=0.00, real=0.05 secs] 
4260.186: [GC (Allocation Failure) [PSYoungGen: 370033K->127023K(465920K)] 705115K->505457K(1864192K), 0.1374127 secs] [Times: user=0.77 sys=0.00, real=0.13 secs] 
4260.648: [GC (Allocation Failure) [PSYoungGen: 359983K->178293K(465920K)] 738417K->597824K(1864192K), 0.0383026 secs] [Times: user=0.16 sys=0.00, real=0.04 secs] 
4260.828: [GC (Allocation Failure) [PSYoungGen: 411253K->185527K(465920K)] 830784K->667114K(1864192K), 0.0802994 secs] [Times: user=0.40 sys=0.00, real=0.08 secs] 
4261.074: [GC (Allocation Failure) [PSYoungGen: 418487K->186517K(465920K)] 900074K->727072K(1864192K), 0.0751809 secs] [Times: user=0.38 sys=0.00, real=0.08 secs] 
4262.073: [GC (Allocation Failure) [PSYoungGen: 419477K->89258K(465920K)] 960032K->700318K(1864192K), 0.0451603 secs] [Times: user=0.23 sys=0.01, real=0.05 secs] 
4263.167: [GC (Allocation Failure) [PSYoungGen: 322218K->175061K(465920K)] 933278K->814613K(1864192K), 0.0588456 secs] [Times: user=0.27 sys=0.00, real=0.06 secs] 
4263.419: [GC (Allocation Failure) [PSYoungGen: 408021K->181173K(465920K)] 1047573K->875433K(1864192K), 0.0625823 secs] [Times: user=0.30 sys=0.00, real=0.06 secs] 
4263.600: [GC (Allocation Failure) [PSYoungGen: 414133K->187797K(465920K)] 1108393K->937313K(1864192K), 0.0460090 secs] [Times: user=0.22 sys=0.00, real=0.05 secs] 
4264.574: [GC (Allocation Failure) [PSYoungGen: 420757K->150962K(465920K)] 1170273K->971183K(1864192K), 0.0517203 secs] [Times: user=0.25 sys=0.00, real=0.05 secs] 
4265.270: [GC (Allocation Failure) [PSYoungGen: 383922K->118526K(465920K)] 1204143K->986570K(1864192K), 0.1465296 secs] [Times: user=0.82 sys=0.01, real=0.15 secs] 
4265.656: [GC (Allocation Failure) [PSYoungGen: 351486K->175028K(465920K)] 1219530K->1080517K(1864192K), 0.0371787 secs] [Times: user=0.16 sys=0.00, real=0.03 secs] 
4265.806: [GC (Allocation Failure) [PSYoungGen: 407988K->185431K(465920K)] 1313477K->1152688K(1864192K), 0.0499400 secs] [Times: user=0.23 sys=0.00, real=0.05 secs] 
4265.981: [GC (Allocation Failure) [PSYoungGen: 418391K->186741K(465920K)] 1385648K->1212998K(1864192K), 0.0686235 secs] [Times: user=0.35 sys=0.00, real=0.07 secs] 
4267.081: [GC (Allocation Failure) [PSYoungGen: 419701K->98091K(465920K)] 1445958K->1194885K(1864192K), 0.0529080 secs] [Times: user=0.28 sys=0.00, real=0.05 secs] 
4268.444: [GC (Allocation Failure) [PSYoungGen: 331051K->166100K(465920K)] 1427845K->1293962K(1864192K), 0.0648410 secs] [Times: user=0.32 sys=0.00, real=0.07 secs] 
4268.654: [GC (Allocation Failure) [PSYoungGen: 399060K->184694K(465920K)] 1526922K->1365124K(1864192K), 0.0436600 secs] [Times: user=0.19 sys=0.00, real=0.05 secs] 
4268.805: [GC (Allocation Failure) [PSYoungGen: 413048K->178902K(465920K)] 1593478K->1423460K(1864192K), 0.0502824 secs] [Times: user=0.24 sys=0.00, real=0.05 secs] 
4269.778: [GC (Allocation Failure) [PSYoungGen: 411862K->168755K(465920K)] 1656420K->1470173K(1864192K), 0.0567994 secs] [Times: user=0.28 sys=0.00, real=0.05 secs] 
4270.622: [GC (Allocation Failure) [PSYoungGen: 401715K->100892K(465920K)] 1703133K->1467046K(1864192K), 0.0956493 secs] [Times: user=0.51 sys=0.00, real=0.10 secs] 
4270.718: [Full GC (Ergonomics) [PSYoungGen: 100892K->0K(465920K)] [ParOldGen: 1366154K->118060K(1398272K)] 1467046K->118060K(1864192K), [Metaspace: 60380K->60380K(1105920K)], 0.1759179 secs] [Times: user=0.77 sys=0.01, real=0.17 secs] 
4271.395: [GC (Allocation Failure) [PSYoungGen: 232960K->179253K(465920K)] 351020K->297313K(1864192K), 0.0278121 secs] [Times: user=0.10 sys=0.01, real=0.03 secs] 
4271.532: [GC (Allocation Failure) [PSYoungGen: 412213K->184598K(465920K)] 530273K->358742K(1864192K), 0.0411993 secs] [Times: user=0.18 sys=0.00, real=0.04 secs] 
4271.679: [GC (Allocation Failure) [PSYoungGen: 417558K->186645K(465920K)] 591702K->416877K(1864192K), 0.0444547 secs] [Times: user=0.20 sys=0.00, real=0.04 secs] 
4272.688: [GC (Allocation Failure) [PSYoungGen: 419605K->102812K(465920K)] 649837K->403500K(1864192K), 0.0483353 secs] [Times: user=0.25 sys=0.00, real=0.05 secs] 
4273.108: [GC (Allocation Failure) [PSYoungGen: 335772K->170996K(465920K)] 636460K->505720K(1864192K), 0.0494638 secs] [Times: user=0.22 sys=0.00, real=0.05 secs] 
4273.269: [GC (Allocation Failure) [PSYoungGen: 403956K->183701K(465920K)] 738680K->571545K(1864192K), 0.0425642 secs] [Times: user=0.19 sys=0.00, real=0.04 secs] 
4273.468: [GC (Allocation Failure) [PSYoungGen: 416661K->184951K(465920K)] 804505K->636874K(1864192K), 0.0756361 secs] [Times: user=0.38 sys=0.00, real=0.07 secs] 
4274.327: [GC (Allocation Failure) [PSYoungGen: 415524K->207123K(465920K)] 867447K->717639K(1864192K), 0.0523291 secs] [Times: user=0.26 sys=0.00, real=0.05 secs] 
4275.329: [GC (Allocation Failure) [PSYoungGen: 440083K->94571K(465920K)] 950599K->670799K(1864192K), 0.0979348 secs] [Times: user=0.53 sys=0.00, real=0.10 secs] 
4275.750: [GC (Allocation Failure) [PSYoungGen: 327531K->183062K(465920K)] 903759K->789259K(1864192K), 0.0347519 secs] [Times: user=0.15 sys=0.00, real=0.03 secs] 
4275.891: [GC (Allocation Failure) [PSYoungGen: 416022K->185014K(465920K)] 1022219K->848370K(1864192K), 0.0444519 secs] [Times: user=0.21 sys=0.00, real=0.04 secs] 
4276.060: [GC (Allocation Failure) [PSYoungGen: 417925K->186613K(465920K)] 1081282K->905970K(1864192K), 0.0508687 secs] [Times: user=0.24 sys=0.00, real=0.05 secs] 
4277.098: [GC (Allocation Failure) [PSYoungGen: 419573K->95691K(465920K)] 1138930K->885492K(1864192K), 0.0436896 secs] [Times: user=0.23 sys=0.00, real=0.04 secs] 
4278.016: [GC (Allocation Failure) [PSYoungGen: 328651K->167636K(465920K)] 1118452K->988070K(1864192K), 0.0692283 secs] [Times: user=0.34 sys=0.00, real=0.07 secs] 
4278.230: [GC (Allocation Failure) [PSYoungGen: 400596K->184758K(465920K)] 1221030K->1057711K(1864192K), 0.0424288 secs] [Times: user=0.19 sys=0.00, real=0.04 secs] 
4278.379: [GC (Allocation Failure) [PSYoungGen: 417718K->186071K(465920K)] 1290671K->1123201K(1864192K), 0.0500379 secs] [Times: user=0.23 sys=0.00, real=0.05 secs] 
4278.569: [GC (Allocation Failure) [PSYoungGen: 419031K->215124K(465920K)] 1356161K->1211122K(1864192K), 0.0590870 secs] [Times: user=0.29 sys=0.00, real=0.06 secs] 
4280.313: [GC (Allocation Failure) [PSYoungGen: 448084K->86570K(465920K)] 1444082K->1151512K(1864192K), 0.1019830 secs] [Times: user=0.56 sys=0.00, real=0.10 secs] 
4280.922: [GC (Allocation Failure) [PSYoungGen: 319530K->181974K(465920K)] 1384472K->1273840K(1864192K), 0.0488643 secs] [Times: user=0.21 sys=0.00, real=0.05 secs] 
4281.095: [GC (Allocation Failure) [PSYoungGen: 414934K->179221K(465920K)] 1506800K->1328112K(1864192K), 0.0458529 secs] [Times: user=0.22 sys=0.00, real=0.05 secs] 
4281.303: [GC (Allocation Failure) [PSYoungGen: 412181K->186773K(465920K)] 1561072K->1390584K(1864192K), 0.0713320 secs] [Times: user=0.35 sys=0.01, real=0.07 secs] 
4282.330: [GC (Allocation Failure) [PSYoungGen: 419733K->106621K(465920K)] 1623544K->1380956K(1864192K), 0.0475425 secs] [Times: user=0.24 sys=0.00, real=0.05 secs] 
4283.458: [GC (GCLocker Initiated GC) [PSYoungGen: 339581K->161555K(465920K)] 1613916K->1470039K(1864192K), 0.1073561 secs] [Times: user=0.56 sys=0.00, real=0.10 secs] 
4283.742: [GC (Allocation Failure) [PSYoungGen: 394515K->182293K(465920K)] 1703002K->1541484K(1864192K), 0.0422121 secs] [Times: user=0.19 sys=0.00, real=0.04 secs] 
4283.784: [Full GC (Ergonomics) [PSYoungGen: 182293K->0K(465920K)] [ParOldGen: 1359191K->252127K(1398272K)] 1541484K->252127K(1864192K), [Metaspace: 60380K->60380K(1105920K)], 0.3087180 secs] [Times: user=1.41 sys=0.00, real=0.31 secs] 
4284.202: [GC (Allocation Failure) [PSYoungGen: 232837K->185879K(465920K)] 484965K->438006K(1864192K), 0.0919169 secs] [Times: user=0.49 sys=0.00, real=0.09 secs] 
4284.398: [GC (Allocation Failure) [PSYoungGen: 418839K->186549K(465920K)] 670966K->497653K(1864192K), 0.0545533 secs] [Times: user=0.26 sys=0.00, real=0.05 secs] 
4285.589: [GC (Allocation Failure) [PSYoungGen: 419509K->83433K(465920K)] 730613K->464937K(1864192K), 0.0758619 secs] [Times: user=0.40 sys=0.01, real=0.07 secs] 
4286.383: [GC (Allocation Failure) [PSYoungGen: 316393K->178197K(465920K)] 697897K->586574K(1864192K), 0.0543582 secs] [Times: user=0.24 sys=0.00, real=0.06 secs] 
4286.589: [GC (Allocation Failure) [PSYoungGen: 411157K->184342K(465920K)] 819534K->648386K(1864192K), 0.0433859 secs] [Times: user=0.19 sys=0.01, real=0.04 secs] 
4286.737: [GC (Allocation Failure) [PSYoungGen: 417302K->186805K(465920K)] 881346K->706730K(1864192K), 0.0453787 secs] [Times: user=0.21 sys=0.00, real=0.04 secs] 
4287.769: [GC (Allocation Failure) [PSYoungGen: 419765K->112349K(465920K)] 939690K->702726K(1864192K), 0.0457156 secs] [Times: user=0.23 sys=0.00, real=0.04 secs] 
4288.670: [GC (Allocation Failure) [PSYoungGen: 345309K->153522K(465920K)] 935686K->780884K(1864192K), 0.1446932 secs] [Times: user=0.78 sys=0.01, real=0.14 secs] 
4288.999: [GC (Allocation Failure) [PSYoungGen: 386482K->183797K(465920K)] 1013844K->858503K(1864192K), 0.0409403 secs] [Times: user=0.18 sys=0.00, real=0.04 secs] 
4289.173: [GC (Allocation Failure) [PSYoungGen: 416757K->185559K(465920K)] 1091463K->924233K(1864192K), 0.0561721 secs] [Times: user=0.26 sys=0.00, real=0.06 secs] 
4289.374: [GC (Allocation Failure) [PSYoungGen: 418519K->185877K(465920K)] 1157193K->983303K(1864192K), 0.0578180 secs] [Times: user=0.29 sys=0.00, real=0.06 secs] 
4290.957: [GC (Allocation Failure) [PSYoungGen: 418837K->87786K(465920K)] 1216263K->955412K(1864192K), 0.0809367 secs] [Times: user=0.44 sys=0.00, real=0.08 secs] 
4291.787: [GC (Allocation Failure) [PSYoungGen: 320746K->175829K(465920K)] 1188372K->1072140K(1864192K), 0.0484121 secs] [Times: user=0.21 sys=0.00, real=0.05 secs] 
4291.970: [GC (Allocation Failure) [PSYoungGen: 408789K->184406K(465920K)] 1305100K->1135400K(1864192K), 0.0436589 secs] [Times: user=0.20 sys=0.01, real=0.04 secs] 
4292.119: [GC (Allocation Failure) [PSYoungGen: 417366K->186837K(465920K)] 1368360K->1193724K(1864192K), 0.0463995 secs] [Times: user=0.21 sys=0.00, real=0.04 secs] 
4293.122: [GC (Allocation Failure) [PSYoungGen: 419797K->118734K(465920K)] 1426684K->1196113K(1864192K), 0.0473343 secs] [Times: user=0.24 sys=0.00, real=0.05 secs] 
4293.967: [GC (Allocation Failure) [PSYoungGen: 351694K->149137K(465920K)] 1429073K->1264248K(1864192K), 0.0917501 secs] [Times: user=0.49 sys=0.00, real=0.09 secs] 
4294.294: [GC (Allocation Failure) [PSYoungGen: 382097K->183509K(465920K)] 1497208K->1344197K(1864192K), 0.0402961 secs] [Times: user=0.18 sys=0.00, real=0.04 secs] 
4294.467: [GC (Allocation Failure) [PSYoungGen: 416469K->186199K(465920K)] 1577157K->1410559K(1864192K), 0.0614478 secs] [Times: user=0.30 sys=0.00, real=0.06 secs] 
4294.658: [GC (Allocation Failure) [PSYoungGen: 419159K->183220K(465920K)] 1643519K->1466788K(1864192K), 0.0700089 secs] [Times: user=0.36 sys=0.00, real=0.07 secs] 
4295.765: [GC (Allocation Failure) [PSYoungGen: 416180K->94107K(465920K)] 1699748K->1446987K(1864192K), 0.0532849 secs] [Times: user=0.28 sys=0.00, real=0.06 secs] 
4295.818: [Full GC (Ergonomics) [PSYoungGen: 94107K->0K(465920K)] [ParOldGen: 1352880K->100785K(1398272K)] 1446987K->100785K(1864192K), [Metaspace: 60380K->60380K(1105920K)], 0.0762458 secs] [Times: user=0.30 sys=0.00, real=0.07 secs] 
4296.529: [GC (Allocation Failure) [PSYoungGen: 232960K->174101K(465920K)] 333745K->274886K(1864192K), 0.0362999 secs] [Times: user=0.14 sys=0.00, real=0.03 secs] 
4296.765: [GC (Allocation Failure) [PSYoungGen: 407061K->184470K(465920K)] 507846K->339595K(1864192K), 0.0605661 secs] [Times: user=0.29 sys=0.00, real=0.06 secs] 
4296.941: [GC (Allocation Failure) [PSYoungGen: 417430K->187125K(465920K)] 572555K->398210K(1864192K), 0.0455799 secs] [Times: user=0.21 sys=0.00, real=0.05 secs] 
4297.899: [GC (Allocation Failure) [PSYoungGen: 420085K->126575K(465920K)] 631170K->408297K(1864192K), 0.0472746 secs] [Times: user=0.23 sys=0.00, real=0.05 secs] 
4299.125: [GC (Allocation Failure) [PSYoungGen: 359535K->140336K(465920K)] 641257K->462050K(1864192K), 0.1269900 secs] [Times: user=0.69 sys=0.01, real=0.13 secs] 
4299.498: [GC (Allocation Failure) [PSYoungGen: 373296K->178549K(465920K)] 695010K->545555K(1864192K), 0.0412249 secs] [Times: user=0.18 sys=0.00, real=0.04 secs] 
4299.649: [GC (Allocation Failure) [PSYoungGen: 411509K->185559K(465920K)] 778515K->614941K(1864192K), 0.0490306 secs] [Times: user=0.23 sys=0.00, real=0.05 secs] 
4299.825: [GC (Allocation Failure) [PSYoungGen: 418519K->186805K(465920K)] 847901K->674959K(1864192K), 0.0626522 secs] [Times: user=0.29 sys=0.00, real=0.07 secs] 
4301.173: [GC (Allocation Failure) [PSYoungGen: 419765K->91162K(465920K)] 907919K->649717K(1864192K), 0.1067249 secs] [Times: user=0.58 sys=0.00, real=0.11 secs] 
4302.198: [GC (Allocation Failure) [PSYoungGen: 324122K->173077K(465920K)] 882677K->760492K(1864192K), 0.0472064 secs] [Times: user=0.20 sys=0.00, real=0.04 secs] 
4302.380: [GC (Allocation Failure) [PSYoungGen: 406037K->181941K(465920K)] 993452K->823581K(1864192K), 0.0423923 secs] [Times: user=0.19 sys=0.00, real=0.04 secs] 
4302.562: [GC (Allocation Failure) [PSYoungGen: 414901K->186837K(465920K)] 1056541K->883732K(1864192K), 0.0643637 secs] [Times: user=0.32 sys=0.00, real=0.07 secs] 
4303.603: [GC (Allocation Failure) [PSYoungGen: 419797K->136913K(465920K)] 1116692K->904304K(1864192K), 0.0492179 secs] [Times: user=0.24 sys=0.00, real=0.05 secs] 
4304.074: [GC (Allocation Failure) [PSYoungGen: 369873K->135696K(465920K)] 1137264K->946499K(1864192K), 0.1052631 secs] [Times: user=0.57 sys=0.00, real=0.11 secs] 
4304.328: [GC (Allocation Failure) [PSYoungGen: 368656K->178229K(465920K)] 1179459K->1032596K(1864192K), 0.0384795 secs] [Times: user=0.17 sys=0.00, real=0.04 secs] 
4304.583: [GC (Allocation Failure) [PSYoungGen: 411189K->184791K(465920K)] 1265556K->1101222K(1864192K), 0.0495293 secs] [Times: user=0.23 sys=0.00, real=0.05 secs] 
4304.841: [GC (Allocation Failure) [PSYoungGen: 417751K->185109K(465920K)] 1334182K->1160212K(1864192K), 0.0576244 secs] [Times: user=0.28 sys=0.00, real=0.06 secs] 
4306.019: [GC (Allocation Failure) [PSYoungGen: 418069K->91739K(465920K)] 1393172K->1136770K(1864192K), 0.0558526 secs] [Times: user=0.30 sys=0.00, real=0.05 secs] 
4307.430: [GC (Allocation Failure) [PSYoungGen: 324699K->169620K(465920K)] 1369730K->1243504K(1864192K), 0.0515126 secs] [Times: user=0.23 sys=0.00, real=0.05 secs] 
4307.666: [GC (Allocation Failure) [PSYoungGen: 402580K->184630K(465920K)] 1476464K->1312026K(1864192K), 0.0614971 secs] [Times: user=0.30 sys=0.00, real=0.07 secs] 
4307.876: [GC (Allocation Failure) [PSYoungGen: 417590K->187029K(465920K)] 1544986K->1370313K(1864192K), 0.0637996 secs] [Times: user=0.31 sys=0.00, real=0.06 secs] 
4308.829: [GC (Allocation Failure) [PSYoungGen: 419989K->145362K(465920K)] 1603273K->1399294K(1864192K), 0.0511789 secs] [Times: user=0.25 sys=0.00, real=0.05 secs] 
4309.716: [GC (Allocation Failure) [PSYoungGen: 378322K->120654K(465920K)] 1632254K->1420490K(1864192K), 0.1243709 secs] [Times: user=0.69 sys=0.01, real=0.12 secs] 
4310.195: [GC (Allocation Failure) [PSYoungGen: 353614K->186581K(465920K)] 1653450K->1524746K(1864192K), 0.0385692 secs] [Times: user=0.17 sys=0.00, real=0.04 secs] 
4310.234: [Full GC (Ergonomics) [PSYoungGen: 186581K->0K(465920K)] [ParOldGen: 1338165K->233751K(1398272K)] 1524746K->233751K(1864192K), [Metaspace: 60380K->60380K(1105920K)], 0.2701322 secs] [Times: user=1.20 sys=0.00, real=0.27 secs] 
4310.639: [GC (Allocation Failure) [PSYoungGen: 232960K->185623K(465920K)] 466711K->419374K(1864192K), 0.0834386 secs] [Times: user=0.43 sys=0.01, real=0.08 secs] 
4310.835: [GC (Allocation Failure) [PSYoungGen: 418583K->183508K(465920K)] 652334K->476164K(1864192K), 0.0574817 secs] [Times: user=0.28 sys=0.00, real=0.06 secs] 
4311.962: [GC (Allocation Failure) [PSYoungGen: 416468K->94683K(465920K)] 709124K->456795K(1864192K), 0.0584791 secs] [Times: user=0.31 sys=0.00, real=0.06 secs] 
4312.573: [GC (Allocation Failure) [PSYoungGen: 327643K->172437K(465920K)] 689755K->565848K(1864192K), 0.0513578 secs] [Times: user=0.23 sys=0.00, real=0.05 secs] 
4312.910: [GC (GCLocker Initiated GC) [PSYoungGen: 405397K->183669K(465920K)] 798809K->630522K(1864192K), 0.0583241 secs] [Times: user=0.28 sys=0.01, real=0.06 secs] 
4313.148: [GC (GCLocker Initiated GC) [PSYoungGen: 416629K->183574K(465920K)] 879868K->702541K(1864192K), 0.1746609 secs] [Times: user=0.98 sys=0.01, real=0.17 secs] 
4314.273: [GC (Allocation Failure) [PSYoungGen: 416534K->142641K(465920K)] 935505K->719836K(1864192K), 0.1624300 secs] [Times: user=0.92 sys=0.00, real=0.16 secs] 
4315.647: [GC (Allocation Failure) [PSYoungGen: 375601K->120238K(465920K)] 952796K->742417K(1864192K), 0.1694050 secs] [Times: user=0.95 sys=0.00, real=0.17 secs] 
4316.086: [GC (Allocation Failure) [PSYoungGen: 353198K->175892K(465920K)] 975377K->836648K(1864192K), 0.0384208 secs] [Times: user=0.17 sys=0.01, real=0.03 secs] 
4316.258: [GC (Allocation Failure) [PSYoungGen: 408852K->185367K(465920K)] 1069608K->907778K(1864192K), 0.0645536 secs] [Times: user=0.32 sys=0.00, real=0.06 secs] 
4316.479: [GC (Allocation Failure) [PSYoungGen: 418327K->186549K(465920K)] 1140738K->967641K(1864192K), 0.0817151 secs] [Times: user=0.42 sys=0.00, real=0.08 secs] 
4317.598: [GC (Allocation Failure) [PSYoungGen: 419509K->92939K(465920K)] 1200601K->944415K(1864192K), 0.0445343 secs] [Times: user=0.24 sys=0.00, real=0.04 secs] 
4318.198: [GC (Allocation Failure) [PSYoungGen: 325899K->174453K(465920K)] 1177375K->1055525K(1864192K), 0.0546023 secs] [Times: user=0.25 sys=0.00, real=0.05 secs] 
4318.445: [GC (Allocation Failure) [PSYoungGen: 407413K->181269K(465920K)] 1288485K->1116994K(1864192K), 0.0627142 secs] [Times: user=0.31 sys=0.00, real=0.07 secs] 
4318.617: [GC (Allocation Failure) [PSYoungGen: 405557K->175605K(465920K)] 1341282K->1174234K(1864192K), 0.0517634 secs] [Times: user=0.24 sys=0.00, real=0.05 secs] 
4319.498: [GC (Allocation Failure) [PSYoungGen: 403661K->188242K(465920K)] 1402290K->1242703K(1864192K), 0.0527286 secs] [Times: user=0.26 sys=0.00, real=0.05 secs] 
4320.009: [GC (Allocation Failure) [PSYoungGen: 421202K->99980K(465920K)] 1475663K->1218816K(1864192K), 0.0469173 secs] [Times: user=0.24 sys=0.00, real=0.05 secs] 
4320.433: [GC (Allocation Failure) [PSYoungGen: 332940K->182262K(465920K)] 1451776K->1333386K(1864192K), 0.0367848 secs] [Times: user=0.15 sys=0.00, real=0.04 secs] 
4320.718: [GC (Allocation Failure) [PSYoungGen: 415222K->184438K(465920K)] 1566346K->1392018K(1864192K), 0.0474635 secs] [Times: user=0.21 sys=0.00, real=0.04 secs] 
4320.890: [GC (Allocation Failure) [PSYoungGen: 417398K->183380K(465920K)] 1624978K->1446785K(1864192K), 0.0574970 secs] [Times: user=0.28 sys=0.00, real=0.06 secs] 
4322.011: [GC (Allocation Failure) [PSYoungGen: 416340K->99356K(465920K)] 1679747K->1431722K(1864192K), 0.0461460 secs] [Times: user=0.24 sys=0.00, real=0.05 secs] 
4322.058: [Full GC (Ergonomics) [PSYoungGen: 99356K->0K(465920K)] [ParOldGen: 1332366K->90210K(1398272K)] 1431722K->90210K(1864192K), [Metaspace: 60380K->60380K(1105920K)], 0.0352127 secs] [Times: user=0.11 sys=0.00, real=0.03 secs] 
4323.056: [GC (Allocation Failure) [PSYoungGen: 232960K->166804K(465920K)] 323170K->257015K(1864192K), 0.0393382 secs] [Times: user=0.15 sys=0.00, real=0.03 secs] 
4323.257: [GC (Allocation Failure) [PSYoungGen: 399764K->192886K(465920K)] 489975K->335513K(1864192K), 0.0418929 secs] [Times: user=0.19 sys=0.00, real=0.04 secs] 
4323.445: [GC (Allocation Failure) [PSYoungGen: 425846K->183062K(465920K)] 568473K->389898K(1864192K), 0.0701381 secs] [Times: user=0.34 sys=0.00, real=0.07 secs] 
4323.825: [GC (Allocation Failure) [PSYoungGen: 414302K->216148K(465920K)] 621138K->481188K(1864192K), 0.0530750 secs] [Times: user=0.26 sys=0.00, real=0.06 secs] 
4325.217: [GC (Allocation Failure) [PSYoungGen: 449108K->87322K(465920K)] 714148K->421509K(1864192K), 0.1031894 secs] [Times: user=0.56 sys=0.00, real=0.10 secs] 
4326.101: [GC (Allocation Failure) [PSYoungGen: 320282K->178709K(465920K)] 654469K->540705K(1864192K), 0.0500109 secs] [Times: user=0.22 sys=0.00, real=0.05 secs] 
4326.284: [GC (Allocation Failure) [PSYoungGen: 411669K->185046K(465920K)] 773665K->602778K(1864192K), 0.0432590 secs] [Times: user=0.20 sys=0.00, real=0.05 secs] 
4326.430: [GC (Allocation Failure) [PSYoungGen: 418006K->187029K(465920K)] 835738K->660753K(1864192K), 0.0451924 secs] [Times: user=0.21 sys=0.00, real=0.04 secs] 
4327.470: [GC (Allocation Failure) [PSYoungGen: 419989K->101340K(465920K)] 893713K->645588K(1864192K), 0.0443319 secs] [Times: user=0.22 sys=0.00, real=0.04 secs] 
4328.308: [GC (GCLocker Initiated GC) [PSYoungGen: 334300K->161555K(465920K)] 878548K->739315K(1864192K), 0.0900655 secs] [Times: user=0.45 sys=0.00, real=0.09 secs] 
4328.568: [GC (Allocation Failure) [PSYoungGen: 394515K->184406K(465920K)] 972442K->812648K(1864192K), 0.0417441 secs] [Times: user=0.18 sys=0.00, real=0.04 secs] 
4328.739: [GC (Allocation Failure) [PSYoungGen: 417366K->186071K(465920K)] 1045608K->878462K(1864192K), 0.0554986 secs] [Times: user=0.26 sys=0.00, real=0.05 secs] 
4328.898: [GC (Allocation Failure) [PSYoungGen: 419031K->202933K(465920K)] 1111422K->954452K(1864192K), 0.0563366 secs] [Times: user=0.27 sys=0.00, real=0.05 secs] 
4330.341: [GC (Allocation Failure) [PSYoungGen: 435893K->89450K(465920K)] 1187412K->911425K(1864192K), 0.0995931 secs] [Times: user=0.54 sys=0.01, real=0.10 secs] 
4331.443: [GC (Allocation Failure) [PSYoungGen: 322410K->175285K(465920K)] 1144385K->1025440K(1864192K), 0.0497918 secs] [Times: user=0.22 sys=0.00, real=0.05 secs] 
4331.629: [GC (Allocation Failure) [PSYoungGen: 408245K->184694K(465920K)] 1258400K->1089973K(1864192K), 0.0432327 secs] [Times: user=0.19 sys=0.00, real=0.04 secs] 
4331.786: [GC (Allocation Failure) [PSYoungGen: 417654K->186453K(465920K)] 1322933K->1147701K(1864192K), 0.0461492 secs] [Times: user=0.22 sys=0.00, real=0.04 secs] 
4332.801: [GC (Allocation Failure) [PSYoungGen: 419413K->107565K(465920K)] 1380661K->1139117K(1864192K), 0.0460341 secs] [Times: user=0.24 sys=0.00, real=0.05 secs] 
4333.871: [GC (Allocation Failure) [PSYoungGen: 340525K->155058K(465920K)] 1372077K->1221507K(1864192K), 0.1259615 secs] [Times: user=0.66 sys=0.00, real=0.13 secs] 
4334.196: [GC (Allocation Failure) [PSYoungGen: 388018K->181301K(465920K)] 1454467K->1296130K(1864192K), 0.0445492 secs] [Times: user=0.20 sys=0.00, real=0.04 secs] 
4334.351: [GC (Allocation Failure) [PSYoungGen: 414261K->185943K(465920K)] 1529090K->1364196K(1864192K), 0.0503441 secs] [Times: user=0.24 sys=0.00, real=0.05 secs] 
4334.529: [GC (Allocation Failure) [PSYoungGen: 418903K->186549K(465920K)] 1597156K->1423682K(1864192K), 0.0667926 secs] [Times: user=0.34 sys=0.00, real=0.06 secs] 
4335.784: [GC (Allocation Failure) [PSYoungGen: 419509K->90474K(465920K)] 1656642K->1397931K(1864192K), 0.0803295 secs] [Times: user=0.44 sys=0.00, real=0.08 secs] 
4336.315: [GC (Allocation Failure) [PSYoungGen: 323434K->178357K(465920K)] 1630891K->1515583K(1864192K), 0.0489845 secs] [Times: user=0.21 sys=0.00, real=0.05 secs] 
4336.364: [Full GC (Ergonomics) [PSYoungGen: 178357K->0K(465920K)] [ParOldGen: 1337225K->219059K(1398272K)] 1515583K->219059K(1864192K), [Metaspace: 60380K->60380K(1105920K)], 0.2629669 secs] [Times: user=1.22 sys=0.01, real=0.27 secs] 
4336.740: [GC (Allocation Failure) [PSYoungGen: 232960K->181301K(465920K)] 452019K->400360K(1864192K), 0.0265468 secs] [Times: user=0.10 sys=0.00, real=0.03 secs] 
4336.872: [GC (Allocation Failure) [PSYoungGen: 414261K->186837K(465920K)] 633320K->461368K(1864192K), 0.0453321 secs] [Times: user=0.21 sys=0.00, real=0.05 secs] 
4337.948: [GC (Allocation Failure) [PSYoungGen: 419797K->117358K(465920K)] 694328K->462305K(1864192K), 0.0464868 secs] [Times: user=0.24 sys=0.00, real=0.04 secs] 
4338.490: [GC (GCLocker Initiated GC) [PSYoungGen: 350318K->148977K(465920K)] 695265K->531394K(1864192K), 0.0709989 secs] [Times: user=0.36 sys=0.00, real=0.07 secs] 
4338.730: [GC (Allocation Failure) [PSYoungGen: 381937K->184182K(465920K)] 764520K->613889K(1864192K), 0.0404823 secs] [Times: user=0.18 sys=0.00, real=0.04 secs] 
4338.883: [GC (Allocation Failure) [PSYoungGen: 417142K->185655K(465920K)] 846849K->679346K(1864192K), 0.0496521 secs] [Times: user=0.23 sys=0.00, real=0.05 secs] 
4339.036: [GC (Allocation Failure) [PSYoungGen: 418615K->183924K(465920K)] 912306K->736664K(1864192K), 0.0556895 secs] [Times: user=0.28 sys=0.00, real=0.05 secs] 
4340.124: [GC (Allocation Failure) [PSYoungGen: 416884K->93083K(465920K)] 969624K->715214K(1864192K), 0.0585682 secs] [Times: user=0.31 sys=0.01, real=0.06 secs] 
4340.724: [GC (Allocation Failure) [PSYoungGen: 326043K->174869K(465920K)] 948174K->826437K(1864192K), 0.0452396 secs] [Times: user=0.20 sys=0.00, real=0.05 secs] 
4340.902: [GC (Allocation Failure) [PSYoungGen: 407829K->184470K(465920K)] 1059397K->891234K(1864192K), 0.0519310 secs] [Times: user=0.18 sys=0.00, real=0.05 secs] 
4341.062: [GC (Allocation Failure) [PSYoungGen: 417430K->186901K(465920K)] 1124194K->949601K(1864192K), 0.0476063 secs] [Times: user=0.20 sys=0.00, real=0.05 secs] 
4342.082: [GC (Allocation Failure) [PSYoungGen: 419861K->121391K(465920K)] 1182561K->954643K(1864192K), 0.0474594 secs] [Times: user=0.24 sys=0.00, real=0.05 secs] 
4342.550: [GC (Allocation Failure) [PSYoungGen: 354351K->146737K(465920K)] 1187603K->1018525K(1864192K), 0.1095238 secs] [Times: user=0.58 sys=0.00, real=0.11 secs] 
4342.876: [GC (Allocation Failure) [PSYoungGen: 379697K->180341K(465920K)] 1251485K->1098017K(1864192K), 0.0402617 secs] [Times: user=0.18 sys=0.00, real=0.04 secs] 
4343.028: [GC (Allocation Failure) [PSYoungGen: 413301K->185399K(465920K)] 1330977K->1166551K(1864192K), 0.0498543 secs] [Times: user=0.23 sys=0.00, real=0.05 secs] 
4343.214: [GC (Allocation Failure) [PSYoungGen: 418359K->203381K(465920K)] 1399511K->1243441K(1864192K), 0.0810690 secs] [Times: user=0.42 sys=0.00, real=0.08 secs] 
4345.399: [GC (Allocation Failure) [PSYoungGen: 436341K->83978K(465920K)] 1476401K->1194794K(1864192K), 0.0672628 secs] [Times: user=0.36 sys=0.01, real=0.07 secs] 
4346.408: [GC (Allocation Failure) [PSYoungGen: 316938K->174741K(465920K)] 1427754K->1312334K(1864192K), 0.0559560 secs] [Times: user=0.25 sys=0.00, real=0.05 secs] 
4346.630: [GC (Allocation Failure) [PSYoungGen: 407701K->184790K(465920K)] 1545294K->1377159K(1864192K), 0.0436351 secs] [Times: user=0.19 sys=0.00, real=0.04 secs] 
4346.802: [GC (Allocation Failure) [PSYoungGen: 417750K->186869K(465920K)] 1610119K->1435286K(1864192K), 0.0585220 secs] [Times: user=0.28 sys=0.00, real=0.06 secs] 
4347.835: [GC (Allocation Failure) [PSYoungGen: 419829K->135120K(465920K)] 1668246K->1454114K(1864192K), 0.0498901 secs] [Times: user=0.25 sys=0.00, real=0.05 secs] 
4347.885: [Full GC (Ergonomics) [PSYoungGen: 135120K->0K(465920K)] [ParOldGen: 1318993K->346612K(1398272K)] 1454114K->346612K(1864192K), [Metaspace: 60380K->60380K(1105920K)], 0.5853041 secs] [Times: user=2.56 sys=0.00, real=0.59 secs] 
4349.426: [GC (Allocation Failure) [PSYoungGen: 232960K->127375K(465920K)] 579572K->473988K(1864192K), 0.0351501 secs] [Times: user=0.13 sys=0.00, real=0.03 secs] 
4350.086: [GC (Allocation Failure) [PSYoungGen: 360335K->175188K(465920K)] 706948K->562442K(1864192K), 0.0509659 secs] [Times: user=0.24 sys=0.00, real=0.05 secs] 
4350.258: [GC (Allocation Failure) [PSYoungGen: 408148K->185623K(465920K)] 795402K->634404K(1864192K), 0.0486975 secs] [Times: user=0.22 sys=0.00, real=0.05 secs] 
4350.448: [GC (Allocation Failure) [PSYoungGen: 418583K->183732K(465920K)] 867364K->691542K(1864192K), 0.0673838 secs] [Times: user=0.34 sys=0.00, real=0.06 secs] 
4351.472: [GC (Allocation Failure) [PSYoungGen: 416692K->98667K(465920K)] 924502K->675901K(1864192K), 0.0479496 secs] [Times: user=0.25 sys=0.00, real=0.05 secs] 
4351.996: [GC (Allocation Failure) [PSYoungGen: 331627K->177205K(465920K)] 908861K->786451K(1864192K), 0.0459471 secs] [Times: user=0.21 sys=0.00, real=0.04 secs] 
4352.164: [GC (Allocation Failure) [PSYoungGen: 410165K->184534K(465920K)] 1019411K->848968K(1864192K), 0.0431629 secs] [Times: user=0.20 sys=0.00, real=0.05 secs] 
4352.311: [GC (Allocation Failure) [PSYoungGen: 417494K->186645K(465920K)] 1081928K->906999K(1864192K), 0.0452716 secs] [Times: user=0.21 sys=0.00, real=0.05 secs] 
4353.250: [GC (Allocation Failure) [PSYoungGen: 419605K->143377K(465920K)] 1139959K->934227K(1864192K), 0.0499562 secs] [Times: user=0.25 sys=0.00, real=0.05 secs] 
4354.795: [GC (Allocation Failure) [PSYoungGen: 376337K->122574K(465920K)] 1167187K->959120K(1864192K), 0.1587369 secs] [Times: user=0.90 sys=0.01, real=0.16 secs] 
4355.897: [GC (Allocation Failure) [PSYoungGen: 355534K->171604K(465920K)] 1192080K->1047433K(1864192K), 0.0514351 secs] [Times: user=0.24 sys=0.00, real=0.05 secs] 
4356.073: [GC (Allocation Failure) [PSYoungGen: 404564K->184855K(465920K)] 1280393K->1120500K(1864192K), 0.0488558 secs] [Times: user=0.22 sys=0.00, real=0.05 secs] 
4356.245: [GC (Allocation Failure) [PSYoungGen: 417815K->186805K(465920K)] 1353460K->1181138K(1864192K), 0.0689108 secs] [Times: user=0.36 sys=0.00, real=0.07 secs] 
4357.290: [GC (Allocation Failure) [PSYoungGen: 419765K->94619K(465920K)] 1414098K->1159540K(1864192K), 0.0471910 secs] [Times: user=0.24 sys=0.00, real=0.05 secs] 
4358.225: [GC (Allocation Failure) [PSYoungGen: 327579K->169204K(465920K)] 1392500K->1264878K(1864192K), 0.0695147 secs] [Times: user=0.33 sys=0.00, real=0.07 secs] 
4358.446: [GC (Allocation Failure) [PSYoungGen: 402164K->184726K(465920K)] 1497838K->1333271K(1864192K), 0.0435748 secs] [Times: user=0.20 sys=0.00, real=0.04 secs] 
4358.594: [GC (Allocation Failure) [PSYoungGen: 409144K->177718K(465920K)] 1557689K->1390416K(1864192K), 0.0497487 secs] [Times: user=0.24 sys=0.00, real=0.05 secs] 
4359.485: [GC (Allocation Failure) [PSYoungGen: 410678K->168402K(465920K)] 1623376K->1437676K(1864192K), 0.0557187 secs] [Times: user=0.28 sys=0.00, real=0.06 secs] 
4360.137: [GC (Allocation Failure) [PSYoungGen: 401362K->105372K(465920K)] 1670636K->1439350K(1864192K), 0.0671088 secs] [Times: user=0.35 sys=0.00, real=0.06 secs] 
4360.204: [Full GC (Ergonomics) [PSYoungGen: 105372K->0K(465920K)] [ParOldGen: 1333977K->122490K(1398272K)] 1439350K->122490K(1864192K), [Metaspace: 60380K->60380K(1105920K)], 0.1426973 secs] [Times: user=0.65 sys=0.00, real=0.15 secs] 
4360.692: [GC (Allocation Failure) [PSYoungGen: 232628K->176885K(465920K)] 355119K->299376K(1864192K), 0.0247064 secs] [Times: user=0.08 sys=0.00, real=0.03 secs] 
4360.825: [GC (Allocation Failure) [PSYoungGen: 409845K->184406K(465920K)] 532336K->362392K(1864192K), 0.0416640 secs] [Times: user=0.19 sys=0.00, real=0.05 secs] 
4360.978: [GC (Allocation Failure) [PSYoungGen: 417366K->185621K(465920K)] 595352K->419384K(1864192K), 0.0451844 secs] [Times: user=0.20 sys=0.00, real=0.04 secs] 
4362.381: [GC (Allocation Failure) [PSYoungGen: 418581K->100124K(465920K)] 652344K->404103K(1864192K), 0.0440356 secs] [Times: user=0.22 sys=0.00, real=0.04 secs] 
4363.766: [GC (Allocation Failure) [PSYoungGen: 333084K->163443K(465920K)] 637063K->499219K(1864192K), 0.0927779 secs] [Times: user=0.46 sys=0.00, real=0.10 secs] 
4364.041: [GC (Allocation Failure) [PSYoungGen: 396403K->184438K(465920K)] 732179K->571685K(1864192K), 0.0411698 secs] [Times: user=0.18 sys=0.00, real=0.04 secs] 
4364.241: [GC (Allocation Failure) [PSYoungGen: 417398K->181910K(465920K)] 804645K->633286K(1864192K), 0.0766428 secs] [Times: user=0.38 sys=0.00, real=0.08 secs] 
4364.441: [GC (Allocation Failure) [PSYoungGen: 414870K->216852K(465920K)] 866246K->726028K(1864192K), 0.0549460 secs] [Times: user=0.26 sys=0.00, real=0.06 secs] 
4365.872: [GC (Allocation Failure) [PSYoungGen: 449812K->85706K(465920K)] 958988K->664206K(1864192K), 0.0963285 secs] [Times: user=0.53 sys=0.00, real=0.10 secs] 
4367.013: [GC (Allocation Failure) [PSYoungGen: 318666K->177333K(465920K)] 897166K->782798K(1864192K), 0.0504238 secs] [Times: user=0.22 sys=0.00, real=0.05 secs] 
4367.251: [GC (Allocation Failure) [PSYoungGen: 410293K->184822K(465920K)] 1015758K->845579K(1864192K), 0.0616174 secs] [Times: user=0.29 sys=0.00, real=0.06 secs] 
4367.427: [GC (Allocation Failure) [PSYoungGen: 417782K->187061K(465920K)] 1078539K->904042K(1864192K), 0.0458475 secs] [Times: user=0.22 sys=0.00, real=0.04 secs] 
4368.398: [GC (Allocation Failure) [PSYoungGen: 420021K->103612K(465920K)] 1137002K->891077K(1864192K), 0.0450927 secs] [Times: user=0.23 sys=0.00, real=0.04 secs] 
4369.541: [GC (Allocation Failure) [PSYoungGen: 336572K->160819K(465920K)] 1124037K->981853K(1864192K), 0.1030723 secs] [Times: user=0.53 sys=0.00, real=0.10 secs] 
4369.857: [GC (Allocation Failure) [PSYoungGen: 393779K->192342K(465920K)] 1214813K->1063451K(1864192K), 0.0508230 secs] [Times: user=0.24 sys=0.00, real=0.05 secs] 
4370.045: [GC (Allocation Failure) [PSYoungGen: 425302K->186359K(465920K)] 1296411K->1121797K(1864192K), 0.0683100 secs] [Times: user=0.33 sys=0.00, real=0.07 secs] 
4370.232: [GC (Allocation Failure) [PSYoungGen: 419319K->186549K(465920K)] 1354757K->1181107K(1864192K), 0.0565645 secs] [Times: user=0.28 sys=0.00, real=0.06 secs] 
4371.679: [GC (Allocation Failure) [PSYoungGen: 419509K->86202K(465920K)] 1414067K->1151164K(1864192K), 0.0932760 secs] [Times: user=0.50 sys=0.00, real=0.09 secs] 
4372.177: [GC (Allocation Failure) [PSYoungGen: 319162K->179381K(465920K)] 1384124K->1272596K(1864192K), 0.0437405 secs] [Times: user=0.19 sys=0.00, real=0.04 secs] 
4372.338: [GC (Allocation Failure) [PSYoungGen: 412341K->184406K(465920K)] 1505556K->1333173K(1864192K), 0.0437530 secs] [Times: user=0.20 sys=0.00, real=0.04 secs] 
4372.488: [GC (Allocation Failure) [PSYoungGen: 417366K->185685K(465920K)] 1566133K->1390532K(1864192K), 0.0460466 secs] [Times: user=0.21 sys=0.01, real=0.04 secs] 
4373.486: [GC (Allocation Failure) [PSYoungGen: 418645K->109325K(465920K)] 1623492K->1384220K(1864192K), 0.0461135 secs] [Times: user=0.23 sys=0.01, real=0.04 secs] 
4374.363: [GC (Allocation Failure) [PSYoungGen: 342285K->154322K(465920K)] 1617180K->1464922K(1864192K), 0.1130941 secs] [Times: user=0.59 sys=0.00, real=0.11 secs] 
4374.476: [Full GC (Ergonomics) [PSYoungGen: 154322K->0K(465920K)] [ParOldGen: 1310599K->174078K(1398272K)] 1464922K->174078K(1864192K), [Metaspace: 60440K->60440K(1105920K)], 0.2082866 secs] [Times: user=1.00 sys=0.00, real=0.21 secs] 
4374.808: [GC (Allocation Failure) [PSYoungGen: 232960K->184214K(465920K)] 407038K->358292K(1864192K), 0.0332778 secs] [Times: user=0.14 sys=0.00, real=0.03 secs] 
4374.949: [GC (Allocation Failure) [PSYoungGen: 417174K->185751K(465920K)] 591252K->432221K(1864192K), 0.0448550 secs] [Times: user=0.20 sys=0.00, real=0.04 secs] 
4375.096: [GC (Allocation Failure) [PSYoungGen: 418711K->186645K(465920K)] 665181K->492035K(1864192K), 0.0569126 secs] [Times: user=0.28 sys=0.00, real=0.05 secs] 
4376.374: [GC (Allocation Failure) [PSYoungGen: 419605K->89866K(465920K)] 724995K->465729K(1864192K), 0.0903936 secs] [Times: user=0.49 sys=0.00, real=0.09 secs] 
4377.178: [GC (Allocation Failure) [PSYoungGen: 322826K->173525K(465920K)] 698689K->578048K(1864192K), 0.0520123 secs] [Times: user=0.22 sys=0.00, real=0.05 secs] 
4377.375: [GC (Allocation Failure) [PSYoungGen: 406485K->184342K(465920K)] 811008K->643341K(1864192K), 0.0446625 secs] [Times: user=0.20 sys=0.00, real=0.05 secs] 
4377.525: [GC (Allocation Failure) [PSYoungGen: 417302K->186773K(465920K)] 876301K->701604K(1864192K), 0.0473563 secs] [Times: user=0.22 sys=0.00, real=0.05 secs] 
4378.520: [GC (Allocation Failure) [PSYoungGen: 419733K->116398K(465920K)] 934564K->701686K(1864192K), 0.0483877 secs] [Times: user=0.25 sys=0.00, real=0.05 secs] 
4379.633: [GC (Allocation Failure) [PSYoungGen: 349358K->145553K(465920K)] 934646K->767728K(1864192K), 0.1230367 secs] [Times: user=0.65 sys=0.00, real=0.13 secs] 
4380.088: [GC (Allocation Failure) [PSYoungGen: 378513K->180853K(465920K)] 1000688K->849070K(1864192K), 0.0564966 secs] [Times: user=0.26 sys=0.00, real=0.05 secs] 
4380.312: [GC (Allocation Failure) [PSYoungGen: 413813K->185559K(465920K)] 1082030K->917047K(1864192K), 0.0741279 secs] [Times: user=0.37 sys=0.00, real=0.08 secs] 
4380.532: [GC (Allocation Failure) [PSYoungGen: 418519K->183828K(465920K)] 1150007K->974129K(1864192K), 0.0774317 secs] [Times: user=0.39 sys=0.00, real=0.08 secs] 
4381.618: [GC (Allocation Failure) [PSYoungGen: 416788K->93819K(465920K)] 1207089K->953304K(1864192K), 0.0434066 secs] [Times: user=0.23 sys=0.00, real=0.04 secs] 
4382.098: [GC (Allocation Failure) [PSYoungGen: 326779K->173685K(465920K)] 1186264K->1063929K(1864192K), 0.0454817 secs] [Times: user=0.17 sys=0.00, real=0.04 secs] 
4382.298: [GC (Allocation Failure) [PSYoungGen: 406568K->184150K(465920K)] 1296812K->1128602K(1864192K), 0.0722834 secs] [Times: user=0.31 sys=0.00, real=0.07 secs] 
4382.501: [GC (Allocation Failure) [PSYoungGen: 417110K->186581K(465920K)] 1361562K->1186933K(1864192K), 0.0461806 secs] [Times: user=0.21 sys=0.00, real=0.05 secs] 
4383.938: [GC (Allocation Failure) [PSYoungGen: 419541K->129904K(465920K)] 1419893K->1200688K(1864192K), 0.0493024 secs] [Times: user=0.25 sys=0.00, real=0.05 secs] 
4384.587: [GC (GCLocker Initiated GC) [PSYoungGen: 362864K->140448K(465920K)] 1433648K->1252457K(1864192K), 0.1598855 secs] [Times: user=0.89 sys=0.01, real=0.16 secs] 
4384.935: [GC (Allocation Failure) [PSYoungGen: 373408K->178133K(465920K)] 1485712K->1334833K(1864192K), 0.0406152 secs] [Times: user=0.18 sys=0.00, real=0.04 secs] 
4385.109: [GC (Allocation Failure) [PSYoungGen: 411093K->185879K(465920K)] 1567793K->1404983K(1864192K), 0.0615045 secs] [Times: user=0.30 sys=0.00, real=0.06 secs] 
4385.295: [GC (Allocation Failure) [PSYoungGen: 418839K->183988K(465920K)] 1637943K->1461905K(1864192K), 0.0721510 secs] [Times: user=0.38 sys=0.00, real=0.08 secs] 
4386.699: [GC (Allocation Failure) [PSYoungGen: 416948K->89018K(465920K)] 1694865K->1436402K(1864192K), 0.0912131 secs] [Times: user=0.50 sys=0.00, real=0.09 secs] 
4386.790: [Full GC (Ergonomics) [PSYoungGen: 89018K->0K(465920K)] [ParOldGen: 1347384K->93332K(1398272K)] 1436402K->93332K(1864192K), [Metaspace: 60440K->60440K(1105920K)], 0.0976549 secs] [Times: user=0.37 sys=0.00, real=0.10 secs] 
4388.168: [GC (Allocation Failure) [PSYoungGen: 232960K->170388K(465920K)] 326292K->263720K(1864192K), 0.0379915 secs] [Times: user=0.15 sys=0.00, real=0.04 secs] 
4388.427: [GC (Allocation Failure) [PSYoungGen: 403348K->184502K(465920K)] 496680K->330670K(1864192K), 0.0554850 secs] [Times: user=0.27 sys=0.00, real=0.05 secs] 
4388.593: [GC (Allocation Failure) [PSYoungGen: 417462K->187221K(465920K)] 563630K->389301K(1864192K), 0.0443867 secs] [Times: user=0.20 sys=0.00, real=0.05 secs] 
4389.577: [GC (Allocation Failure) [PSYoungGen: 420181K->142769K(465920K)] 622261K->415474K(1864192K), 0.0494561 secs] [Times: user=0.24 sys=0.00, real=0.05 secs] 
4390.536: [GC (Allocation Failure) [PSYoungGen: 375729K->125135K(465920K)] 648434K->443319K(1864192K), 0.1428528 secs] [Times: user=0.79 sys=0.01, real=0.14 secs] 
4391.449: [GC (Allocation Failure) [PSYoungGen: 358095K->174644K(465920K)] 676279K->532366K(1864192K), 0.0516263 secs] [Times: user=0.24 sys=0.00, real=0.05 secs] 
4391.628: [GC (Allocation Failure) [PSYoungGen: 407604K->185559K(465920K)] 765326K->604848K(1864192K), 0.0483442 secs] [Times: user=0.23 sys=0.01, real=0.05 secs] 
4391.844: [GC (Allocation Failure) [PSYoungGen: 418519K->186421K(465920K)] 837808K->664574K(1864192K), 0.0842358 secs] [Times: user=0.43 sys=0.00, real=0.09 secs] 
4392.911: [GC (Allocation Failure) [PSYoungGen: 419381K->99100K(465920K)] 897534K->647537K(1864192K), 0.0529990 secs] [Times: user=0.28 sys=0.00, real=0.05 secs] 
4393.698: [GC (Allocation Failure) [PSYoungGen: 332060K->174005K(465920K)] 880497K->753967K(1864192K), 0.0571871 secs] [Times: user=0.26 sys=0.00, real=0.05 secs] 
4393.908: [GC (Allocation Failure) [PSYoungGen: 406965K->184470K(465920K)] 986927K->819312K(1864192K), 0.0433826 secs] [Times: user=0.20 sys=0.00, real=0.04 secs] 
4394.057: [GC (Allocation Failure) [PSYoungGen: 417430K->187125K(465920K)] 1052272K->877991K(1864192K), 0.0456121 secs] [Times: user=0.21 sys=0.01, real=0.04 secs] 
4394.998: [GC (Allocation Failure) [PSYoungGen: 420085K->146258K(465920K)] 1110951K->907688K(1864192K), 0.0507781 secs] [Times: user=0.25 sys=0.00, real=0.05 secs] 
4395.594: [GC (Allocation Failure) [PSYoungGen: 379218K->119566K(465920K)] 1140648K->927340K(1864192K), 0.0855223 secs] [Times: user=0.46 sys=0.01, real=0.09 secs] 
4396.174: [GC (Allocation Failure) [PSYoungGen: 352526K->176372K(465920K)] 1160300K->1022742K(1864192K), 0.0373152 secs] [Times: user=0.16 sys=0.00, real=0.04 secs] 
4396.323: [GC (Allocation Failure) [PSYoungGen: 409332K->185367K(465920K)] 1255702K->1093641K(1864192K), 0.0499678 secs] [Times: user=0.23 sys=0.00, real=0.05 secs] 
4396.501: [GC (Allocation Failure) [PSYoungGen: 418327K->186421K(465920K)] 1326601K->1153519K(1864192K), 0.0765901 secs] [Times: user=0.39 sys=0.00, real=0.08 secs] 
4397.615: [GC (Allocation Failure) [PSYoungGen: 419381K->96699K(465920K)] 1386479K->1134333K(1864192K), 0.0597990 secs] [Times: user=0.33 sys=0.00, real=0.06 secs] 
4398.492: [GC (Allocation Failure) [PSYoungGen: 329659K->169876K(465920K)] 1367293K->1238219K(1864192K), 0.0746675 secs] [Times: user=0.36 sys=0.00, real=0.08 secs] 
4398.780: [GC (Allocation Failure) [PSYoungGen: 402836K->181365K(465920K)] 1471179K->1302948K(1864192K), 0.0589741 secs] [Times: user=0.28 sys=0.00, real=0.06 secs] 
4399.009: [GC (Allocation Failure) [PSYoungGen: 408930K->177206K(465920K)] 1530513K->1361636K(1864192K), 0.0720330 secs] [Times: user=0.36 sys=0.00, real=0.07 secs] 
4399.947: [GC (Allocation Failure) [PSYoungGen: 410166K->168787K(463872K)] 1594596K->1409553K(1862144K), 0.0564845 secs] [Times: user=0.29 sys=0.00, real=0.05 secs] 
4400.877: [GC (Allocation Failure) [PSYoungGen: 401747K->106860K(464896K)] 1642513K->1412291K(1863168K), 0.1136582 secs] [Times: user=0.61 sys=0.00, real=0.11 secs] 
4401.573: [GC (Allocation Failure) [PSYoungGen: 335862K->175349K(465920K)] 1641293K->1515097K(1864192K), 0.0523009 secs] [Times: user=0.24 sys=0.01, real=0.05 secs] 
4401.626: [Full GC (Ergonomics) [PSYoungGen: 175349K->0K(465920K)] [ParOldGen: 1339747K->226773K(1398272K)] 1515097K->226773K(1864192K), [Metaspace: 60440K->60440K(1105920K)], 0.2798612 secs] [Times: user=1.28 sys=0.00, real=0.27 secs] 
4402.015: [GC (Allocation Failure) [PSYoungGen: 232960K->184822K(465920K)] 459733K->411595K(1864192K), 0.0261687 secs] [Times: user=0.09 sys=0.01, real=0.03 secs] 
4402.171: [GC (Allocation Failure) [PSYoungGen: 417782K->186901K(465920K)] 644555K->469707K(1864192K), 0.0557437 secs] [Times: user=0.28 sys=0.00, real=0.06 secs] 
4403.170: [GC (Allocation Failure) [PSYoungGen: 419861K->96987K(465920K)] 702667K->450437K(1864192K), 0.0437398 secs] [Times: user=0.23 sys=0.00, real=0.04 secs] 
4404.608: [GC (GCLocker Initiated GC) [PSYoungGen: 329947K->163187K(465920K)] 683398K->547531K(1864192K), 0.0863197 secs] [Times: user=0.43 sys=0.00, real=0.08 secs] 
4404.868: [GC (Allocation Failure) [PSYoungGen: 396147K->184310K(465920K)] 780621K->620036K(1864192K), 0.0418844 secs] [Times: user=0.19 sys=0.00, real=0.04 secs] 
4405.021: [GC (Allocation Failure) [PSYoungGen: 417270K->185719K(465920K)] 852996K->685469K(1864192K), 0.0499393 secs] [Times: user=0.23 sys=0.00, real=0.05 secs] 
4405.296: [GC (Allocation Failure) [PSYoungGen: 418679K->216340K(465920K)] 918429K->774995K(1864192K), 0.0573699 secs] [Times: user=0.29 sys=0.00, real=0.05 secs] 
4406.268: [GC (Allocation Failure) [PSYoungGen: 449300K->94763K(465920K)] 1007955K->722521K(1864192K), 0.0506593 secs] [Times: user=0.26 sys=0.01, real=0.05 secs] 
4406.645: [GC (Allocation Failure) [PSYoungGen: 327723K->179541K(465920K)] 955481K->837955K(1864192K), 0.0547924 secs] [Times: user=0.24 sys=0.00, real=0.06 secs] 
4406.840: [GC (Allocation Failure) [PSYoungGen: 412501K->184085K(465920K)] 1070915K->898483K(1864192K), 0.0441216 secs] [Times: user=0.20 sys=0.00, real=0.04 secs] 
4407.022: [GC (Allocation Failure) [PSYoungGen: 417045K->183124K(465920K)] 1131443K->953434K(1864192K), 0.0651950 secs] [Times: user=0.32 sys=0.00, real=0.07 secs] 
4408.045: [GC (Allocation Failure) [PSYoungGen: 416084K->103068K(465920K)] 1186394K->942674K(1864192K), 0.0491897 secs] [Times: user=0.25 sys=0.00, real=0.05 secs] 
4408.705: [GC (Allocation Failure) [PSYoungGen: 336028K->169076K(465920K)] 1175634K->1042654K(1864192K), 0.0726161 secs] [Times: user=0.36 sys=0.00, real=0.08 secs] 
4408.927: [GC (Allocation Failure) [PSYoungGen: 402036K->184406K(465920K)] 1275614K->1110599K(1864192K), 0.0431562 secs] [Times: user=0.20 sys=0.00, real=0.04 secs] 
4409.308: [GC (Allocation Failure) [PSYoungGen: 417366K->184599K(465920K)] 1343559K->1174944K(1864192K), 0.0722671 secs] [Times: user=0.36 sys=0.00, real=0.07 secs] 
4409.935: [GC (Allocation Failure) [PSYoungGen: 417559K->216436K(465920K)] 1407904K->1265406K(1864192K), 0.0554400 secs] [Times: user=0.27 sys=0.00, real=0.06 secs] 
4411.866: [GC (Allocation Failure) [PSYoungGen: 449396K->82761K(465920K)] 1498366K->1200579K(1864192K), 0.1152837 secs] [Times: user=0.63 sys=0.01, real=0.11 secs] 
4412.794: [GC (Allocation Failure) [PSYoungGen: 315721K->176149K(465920K)] 1433539K->1320712K(1864192K), 0.0483420 secs] [Times: user=0.21 sys=0.01, real=0.05 secs] 
4412.975: [GC (Allocation Failure) [PSYoungGen: 409109K->185078K(465920K)] 1553672K->1384472K(1864192K), 0.0439032 secs] [Times: user=0.20 sys=0.00, real=0.05 secs] 
4413.128: [GC (Allocation Failure) [PSYoungGen: 418038K->186613K(465920K)] 1617432K->1442159K(1864192K), 0.0464529 secs] [Times: user=0.22 sys=0.00, real=0.04 secs] 
4414.135: [GC (Allocation Failure) [PSYoungGen: 419573K->107021K(465920K)] 1675119K->1432891K(1864192K), 0.0458568 secs] [Times: user=0.24 sys=0.00, real=0.05 secs] 
4414.181: [Full GC (Ergonomics) [PSYoungGen: 107021K->0K(465920K)] [ParOldGen: 1325870K->92047K(1398272K)] 1432891K->92047K(1864192K), [Metaspace: 60441K->60441K(1105920K)], 0.0339554 secs] [Times: user=0.10 sys=0.00, real=0.03 secs] 
4414.682: [GC (GCLocker Initiated GC) [PSYoungGen: 232960K->160563K(465920K)] 325008K->252611K(1864192K), 0.0371461 secs] [Times: user=0.14 sys=0.00, real=0.04 secs] 
4414.879: [GC (Allocation Failure) [PSYoungGen: 393523K->182389K(465920K)] 485609K->324928K(1864192K), 0.0405816 secs] [Times: user=0.18 sys=0.00, real=0.04 secs] 
4415.031: [GC (Allocation Failure) [PSYoungGen: 415349K->185463K(465920K)] 557888K->391713K(1864192K), 0.0489237 secs] [Times: user=0.23 sys=0.00, real=0.05 secs] 
4415.186: [GC (Allocation Failure) [PSYoungGen: 418423K->186165K(465920K)] 624673K->451279K(1864192K), 0.0550005 secs] [Times: user=0.27 sys=0.00, real=0.05 secs] 
4416.773: [GC (Allocation Failure) [PSYoungGen: 419125K->90970K(465920K)] 684239K->426477K(1864192K), 0.0489892 secs] [Times: user=0.26 sys=0.00, real=0.05 secs] 
4417.239: [GC (GCLocker Initiated GC) [PSYoungGen: 323930K->180437K(465920K)] 659438K->544750K(1864192K), 0.0406360 secs] [Times: user=0.18 sys=0.00, real=0.04 secs] 
4417.405: [GC (Allocation Failure) [PSYoungGen: 413397K->183989K(465920K)] 777711K->604555K(1864192K), 0.0482315 secs] [Times: user=0.22 sys=0.00, real=0.05 secs] 
4417.581: [GC (Allocation Failure) [PSYoungGen: 416949K->186741K(465920K)] 837515K->663267K(1864192K), 0.0462858 secs] [Times: user=0.22 sys=0.00, real=0.05 secs] 
4418.614: [GC (Allocation Failure) [PSYoungGen: 419701K->107565K(465920K)] 896227K->654655K(1864192K), 0.0456106 secs] [Times: user=0.23 sys=0.00, real=0.05 secs] 
4420.056: [GC (Allocation Failure) [PSYoungGen: 340525K->152850K(465920K)] 887615K->734353K(1864192K), 0.0936055 secs] [Times: user=0.49 sys=0.00, real=0.09 secs] 
4420.675: [GC (Allocation Failure) [PSYoungGen: 385810K->180885K(465920K)] 967313K->810244K(1864192K), 0.0538592 secs] [Times: user=0.25 sys=0.00, real=0.06 secs] 
4420.847: [GC (Allocation Failure) [PSYoungGen: 413845K->185751K(465920K)] 1043204K->878326K(1864192K), 0.0500008 secs] [Times: user=0.23 sys=0.00, real=0.05 secs] 
4421.003: [GC (Allocation Failure) [PSYoungGen: 418711K->186773K(465920K)] 1111286K->938180K(1864192K), 0.0568278 secs] [Times: user=0.28 sys=0.00, real=0.06 secs] 
4422.080: [GC (Allocation Failure) [PSYoungGen: 419733K->90986K(465920K)] 1171140K->912973K(1864192K), 0.0421858 secs] [Times: user=0.22 sys=0.00, real=0.04 secs] 
4422.728: [GC (Allocation Failure) [PSYoungGen: 323946K->174261K(465920K)] 1145933K->1025975K(1864192K), 0.0436578 secs] [Times: user=0.18 sys=0.00, real=0.04 secs] 
4422.944: [GC (Allocation Failure) [PSYoungGen: 407221K->182165K(465920K)] 1258935K->1088008K(1864192K), 0.0591558 secs] [Times: user=0.28 sys=0.00, real=0.06 secs] 
4423.130: [GC (Allocation Failure) [PSYoungGen: 415125K->186549K(465920K)] 1320968K->1147791K(1864192K), 0.0487860 secs] [Times: user=0.20 sys=0.00, real=0.05 secs] 
4424.191: [GC (Allocation Failure) [PSYoungGen: 419509K->121679K(465920K)] 1380751K->1153265K(1864192K), 0.0482496 secs] [Times: user=0.25 sys=0.00, real=0.05 secs] 
4424.688: [GC (Allocation Failure) [PSYoungGen: 354639K->146913K(465920K)] 1386225K->1217124K(1864192K), 0.1463240 secs] [Times: user=0.80 sys=0.00, real=0.14 secs] 
4425.079: [GC (Allocation Failure) [PSYoungGen: 379873K->182997K(465920K)] 1450084K->1299708K(1864192K), 0.0409726 secs] [Times: user=0.19 sys=0.00, real=0.04 secs] 
4425.231: [GC (Allocation Failure) [PSYoungGen: 415957K->185719K(465920K)] 1532668K->1366258K(1864192K), 0.0506916 secs] [Times: user=0.23 sys=0.00, real=0.05 secs] 
4425.410: [GC (Allocation Failure) [PSYoungGen: 418679K->202869K(465920K)] 1599218K->1442168K(1864192K), 0.0780773 secs] [Times: user=0.40 sys=0.00, real=0.08 secs] 
4426.990: [GC (Allocation Failure) [PSYoungGen: 435829K->88538K(465920K)] 1675128K->1398269K(1864192K), 0.1101454 secs] [Times: user=0.61 sys=0.00, real=0.11 secs] 
4428.025: [GC (Allocation Failure) [PSYoungGen: 321498K->171604K(465920K)] 1631229K->1510140K(1864192K), 0.0539813 secs] [Times: user=0.24 sys=0.00, real=0.06 secs] 
4428.079: [Full GC (Ergonomics) [PSYoungGen: 171604K->0K(465920K)] [ParOldGen: 1338535K->208643K(1398272K)] 1510140K->208643K(1864192K), [Metaspace: 60441K->60441K(1105920K)], 0.2536986 secs] [Times: user=1.20 sys=0.00, real=0.25 secs] 
4428.441: [GC (Allocation Failure) [PSYoungGen: 232960K->184758K(465920K)] 441603K->393401K(1864192K), 0.0272856 secs] [Times: user=0.10 sys=0.00, real=0.03 secs] 
4428.591: [GC (Allocation Failure) [PSYoungGen: 417718K->202933K(465920K)] 626361K->467520K(1864192K), 0.0453424 secs] [Times: user=0.21 sys=0.00, real=0.05 secs] 
4429.555: [GC (Allocation Failure) [PSYoungGen: 435893K->130064K(465920K)] 700480K->465083K(1864192K), 0.0481061 secs] [Times: user=0.24 sys=0.00, real=0.05 secs] 
4430.327: [GC (Allocation Failure) [PSYoungGen: 363024K->139088K(465920K)] 698043K->515292K(1864192K), 0.1629376 secs] [Times: user=0.90 sys=0.00, real=0.16 secs] 
4430.733: [GC (Allocation Failure) [PSYoungGen: 372048K->186453K(465920K)] 748252K->606616K(1864192K), 0.0431074 secs] [Times: user=0.20 sys=0.00, real=0.04 secs] 
4431.436: [GC (Allocation Failure) [PSYoungGen: 419413K->185527K(465920K)] 839576K->667986K(1864192K), 0.0822171 secs] [Times: user=0.40 sys=0.00, real=0.08 secs] 
4431.917: [GC (Allocation Failure) [PSYoungGen: 418487K->178964K(465920K)] 900946K->720079K(1864192K), 0.1246832 secs] [Times: user=0.66 sys=0.00, real=0.12 secs] 
4433.733: [GC (Allocation Failure) [PSYoungGen: 411924K->93563K(465920K)] 953039K->702486K(1864192K), 0.0566794 secs] [Times: user=0.30 sys=0.00, real=0.06 secs] 
4434.410: [GC (Allocation Failure) [PSYoungGen: 326523K->177493K(465920K)] 935446K->816029K(1864192K), 0.0501567 secs] [Times: user=0.21 sys=0.00, real=0.05 secs] 
4434.597: [GC (Allocation Failure) [PSYoungGen: 410453K->181973K(465920K)] 1048989K->876146K(1864192K), 0.0438604 secs] [Times: user=0.20 sys=0.00, real=0.04 secs] 
4434.747: [GC (Allocation Failure) [PSYoungGen: 414933K->187349K(465920K)] 1109106K->937017K(1864192K), 0.0458197 secs] [Times: user=0.22 sys=0.00, real=0.04 secs] 
4435.703: [GC (Allocation Failure) [PSYoungGen: 420309K->140113K(465920K)] 1169977K->960365K(1864192K), 0.0503853 secs] [Times: user=0.25 sys=0.00, real=0.05 secs] 
4436.732: [GC (Allocation Failure) [PSYoungGen: 373073K->126095K(465920K)] 1193325K->990675K(1864192K), 0.1644825 secs] [Times: user=0.92 sys=0.00, real=0.17 secs] 
4437.615: [GC (Allocation Failure) [PSYoungGen: 359055K->174868K(465920K)] 1223635K->1080002K(1864192K), 0.0526037 secs] [Times: user=0.25 sys=0.00, real=0.06 secs] 
4437.793: [GC (Allocation Failure) [PSYoungGen: 407828K->185463K(465920K)] 1312962K->1151796K(1864192K), 0.0501727 secs] [Times: user=0.24 sys=0.00, real=0.05 secs] 
4437.949: [GC (Allocation Failure) [PSYoungGen: 418423K->186741K(465920K)] 1384756K->1211962K(1864192K), 0.0582659 secs] [Times: user=0.29 sys=0.00, real=0.06 secs] 
4438.958: [GC (Allocation Failure) [PSYoungGen: 419701K->95131K(465920K)] 1444922K->1190821K(1864192K), 0.0440494 secs] [Times: user=0.23 sys=0.00, real=0.04 secs] 
4439.719: [GC (Allocation Failure) [PSYoungGen: 328091K->170228K(465920K)] 1423781K->1296018K(1864192K), 0.0580353 secs] [Times: user=0.26 sys=0.00, real=0.06 secs] 
4439.938: [GC (Allocation Failure) [PSYoungGen: 403184K->184342K(465920K)] 1528975K->1363996K(1864192K), 0.0449604 secs] [Times: user=0.20 sys=0.00, real=0.04 secs] 
4440.104: [GC (Allocation Failure) [PSYoungGen: 401662K->170165K(465920K)] 1581316K->1413843K(1864192K), 0.0624200 secs] [Times: user=0.31 sys=0.00, real=0.07 secs] 
4441.083: [GC (Allocation Failure) [PSYoungGen: 403125K->168371K(462848K)] 1646803K->1466065K(1861120K), 0.0555805 secs] [Times: user=0.28 sys=0.00, real=0.06 secs] 
4441.771: [GC (Allocation Failure) [PSYoungGen: 401331K->107196K(464384K)] 1699025K->1469367K(1862656K), 0.1004540 secs] [Times: user=0.54 sys=0.01, real=0.10 secs] 
4441.872: [Full GC (Ergonomics) [PSYoungGen: 107196K->0K(464384K)] [ParOldGen: 1362170K->124185K(1398272K)] 1469367K->124185K(1862656K), [Metaspace: 60441K->60441K(1105920K)], 0.1875855 secs] [Times: user=0.81 sys=0.00, real=0.19 secs] 
4442.730: [GC (Allocation Failure) [PSYoungGen: 230419K->176117K(465920K)] 354604K->300302K(1864192K), 0.0344392 secs] [Times: user=0.12 sys=0.00, real=0.03 secs] 
4442.963: [GC (Allocation Failure) [PSYoungGen: 409077K->181909K(465920K)] 533262K->360627K(1864192K), 0.0587677 secs] [Times: user=0.28 sys=0.00, real=0.06 secs] 
4443.145: [GC (Allocation Failure) [PSYoungGen: 414869K->186805K(465920K)] 593587K->420962K(1864192K), 0.0448001 secs] [Times: user=0.21 sys=0.00, real=0.05 secs] 
4444.186: [GC (Allocation Failure) [PSYoungGen: 419765K->97451K(465920K)] 653922K->401977K(1864192K), 0.0434972 secs] [Times: user=0.22 sys=0.00, real=0.04 secs] 
4445.107: [GC (Allocation Failure) [PSYoungGen: 330411K->170068K(465920K)] 634937K->505806K(1864192K), 0.0612176 secs] [Times: user=0.29 sys=0.00, real=0.06 secs] 
4445.349: [GC (Allocation Failure) [PSYoungGen: 403028K->181589K(465920K)] 738766K->570659K(1864192K), 0.0568157 secs] [Times: user=0.27 sys=0.00, real=0.06 secs] 
4445.524: [GC (Allocation Failure) [PSYoungGen: 414549K->186263K(465920K)] 803619K->647061K(1864192K), 0.0497778 secs] [Times: user=0.23 sys=0.00, real=0.05 secs] 
4446.010: [GC (Allocation Failure) [PSYoungGen: 417681K->213300K(465920K)] 878480K->733146K(1864192K), 0.0542797 secs] [Times: user=0.27 sys=0.00, real=0.05 secs] 
4446.888: [GC (Allocation Failure) [PSYoungGen: 446260K->93979K(465920K)] 966106K->681369K(1864192K), 0.0588683 secs] [Times: user=0.31 sys=0.00, real=0.06 secs] 
4447.291: [GC (Allocation Failure) [PSYoungGen: 326939K->183158K(465920K)] 914329K->800848K(1864192K), 0.0487009 secs] [Times: user=0.21 sys=0.00, real=0.05 secs] 
4447.764: [GC (Allocation Failure) [PSYoungGen: 416118K->181781K(465920K)] 1033808K->856311K(1864192K), 0.0595320 secs] [Times: user=0.28 sys=0.00, real=0.06 secs] 
4448.237: [GC (Allocation Failure) [PSYoungGen: 414741K->183252K(465920K)] 1089271K->912838K(1864192K), 0.0747835 secs] [Times: user=0.37 sys=0.01, real=0.07 secs] 
4449.551: [GC (Allocation Failure) [PSYoungGen: 416212K->98764K(465920K)] 1145798K->897382K(1864192K), 0.0476966 secs] [Times: user=0.24 sys=0.00, real=0.05 secs] 
4450.201: [GC (Allocation Failure) [PSYoungGen: 331724K->167860K(465920K)] 1130342K->998363K(1864192K), 0.0716859 secs] [Times: user=0.35 sys=0.01, real=0.07 secs] 
4450.462: [GC (Allocation Failure) [PSYoungGen: 400820K->184502K(465920K)] 1231323K->1067448K(1864192K), 0.0589550 secs] [Times: user=0.28 sys=0.00, real=0.06 secs] 
4450.637: [GC (Allocation Failure) [PSYoungGen: 417462K->186071K(465920K)] 1300408K->1133490K(1864192K), 0.0509545 secs] [Times: user=0.24 sys=0.00, real=0.05 secs] 
4450.811: [GC (Allocation Failure) [PSYoungGen: 419031K->218709K(465920K)] 1366450K->1225144K(1864192K), 0.0562410 secs] [Times: user=0.27 sys=0.00, real=0.06 secs] 
4452.477: [GC (Allocation Failure) [PSYoungGen: 451669K->82553K(465920K)] 1458104K->1159044K(1864192K), 0.0950794 secs] [Times: user=0.51 sys=0.00, real=0.09 secs] 
4453.318: [GC (Allocation Failure) [PSYoungGen: 315513K->179093K(465920K)] 1392004K->1282049K(1864192K), 0.0514215 secs] [Times: user=0.23 sys=0.00, real=0.05 secs] 
4453.507: [GC (Allocation Failure) [PSYoungGen: 412053K->184630K(465920K)] 1515009K->1343630K(1864192K), 0.0436310 secs] [Times: user=0.19 sys=0.00, real=0.04 secs] 
4453.657: [GC (Allocation Failure) [PSYoungGen: 417590K->187029K(465920K)] 1576590K->1401925K(1864192K), 0.0459404 secs] [Times: user=0.21 sys=0.00, real=0.04 secs] 
4454.664: [GC (Allocation Failure) [PSYoungGen: 419989K->104092K(465920K)] 1634885K->1389524K(1864192K), 0.0458534 secs] [Times: user=0.24 sys=0.00, real=0.05 secs] 
4455.082: [GC (Allocation Failure) [PSYoungGen: 337052K->163699K(465920K)] 1622484K->1483499K(1864192K), 0.0603675 secs] [Times: user=0.30 sys=0.00, real=0.06 secs] 
4455.142: [Full GC (Ergonomics) [PSYoungGen: 163699K->0K(465920K)] [ParOldGen: 1319799K->183653K(1398272K)] 1483499K->183653K(1864192K), [Metaspace: 60441K->60441K(1105920K)], 0.1656797 secs] [Times: user=0.73 sys=0.00, real=0.17 secs] 
4455.433: [GC (Allocation Failure) [PSYoungGen: 232960K->183509K(465920K)] 416613K->367163K(1864192K), 0.0341966 secs] [Times: user=0.15 sys=0.00, real=0.04 secs] 
4455.599: [GC (Allocation Failure) [PSYoungGen: 416469K->182902K(465920K)] 600123K->430628K(1864192K), 0.0463907 secs] [Times: user=0.21 sys=0.00, real=0.04 secs] 
4456.031: [GC (Allocation Failure) [PSYoungGen: 415862K->202293K(465920K)] 663588K->508338K(1864192K), 0.1231600 secs] [Times: user=0.65 sys=0.00, real=0.12 secs] 
4457.573: [GC (GCLocker Initiated GC) [PSYoungGen: 435253K->87242K(465920K)] 741298K->463615K(1864192K), 0.1127701 secs] [Times: user=0.62 sys=0.00, real=0.12 secs] 
4458.549: [GC (Allocation Failure) [PSYoungGen: 320202K->178197K(465920K)] 696578K->581778K(1864192K), 0.0485840 secs] [Times: user=0.21 sys=0.00, real=0.05 secs] 
4458.731: [GC (Allocation Failure) [PSYoungGen: 411157K->184822K(465920K)] 814738K->644499K(1864192K), 0.0436584 secs] [Times: user=0.20 sys=0.00, real=0.04 secs] 
4458.925: [GC (Allocation Failure) [PSYoungGen: 417782K->186773K(465920K)] 877459K->702482K(1864192K), 0.0649748 secs] [Times: user=0.32 sys=0.00, real=0.07 secs] 
4460.001: [GC (Allocation Failure) [PSYoungGen: 419733K->111565K(465920K)] 935442K->697611K(1864192K), 0.0460492 secs] [Times: user=0.24 sys=0.00, real=0.05 secs] 
4461.150: [GC (Allocation Failure) [PSYoungGen: 344525K->152082K(465920K)] 930571K->773756K(1864192K), 0.1163777 secs] [Times: user=0.62 sys=0.00, real=0.12 secs] 
4461.526: [GC (Allocation Failure) [PSYoungGen: 385042K->181141K(465920K)] 1006716K->850612K(1864192K), 0.0417254 secs] [Times: user=0.19 sys=0.00, real=0.04 secs] 
4461.680: [GC (Allocation Failure) [PSYoungGen: 414101K->185751K(465920K)] 1083572K->918485K(1864192K), 0.0498547 secs] [Times: user=0.23 sys=0.00, real=0.05 secs] 
4461.871: [GC (Allocation Failure) [PSYoungGen: 418711K->186357K(465920K)] 1151445K->977991K(1864192K), 0.0801488 secs] [Times: user=0.41 sys=0.00, real=0.08 secs] 
4463.098: [GC (Allocation Failure) [PSYoungGen: 419317K->90698K(465920K)] 1210951K->952629K(1864192K), 0.0722274 secs] [Times: user=0.39 sys=0.00, real=0.07 secs] 
4463.511: [GC (Allocation Failure) [PSYoungGen: 323658K->178453K(465920K)] 1185589K->1070119K(1864192K), 0.0380417 secs] [Times: user=0.16 sys=0.00, real=0.04 secs] 
4463.689: [GC (Allocation Failure) [PSYoungGen: 411413K->181205K(465920K)] 1303079K->1128335K(1864192K), 0.0542355 secs] [Times: user=0.26 sys=0.00, real=0.05 secs] 
4464.132: [GC (Allocation Failure) [PSYoungGen: 414165K->183028K(465920K)] 1361295K->1184862K(1864192K), 0.1136608 secs] [Times: user=0.47 sys=0.01, real=0.12 secs] 
4465.300: [GC (Allocation Failure) [PSYoungGen: 415988K->124143K(465920K)] 1417822K->1195033K(1864192K), 0.0478274 secs] [Times: user=0.24 sys=0.00, real=0.05 secs] 
4465.918: [GC (GCLocker Initiated GC) [PSYoungGen: 357103K->148913K(465920K)] 1427993K->1259140K(1864192K), 0.1036768 secs] [Times: user=0.54 sys=0.00, real=0.10 secs] 
4466.325: [GC (Allocation Failure) [PSYoungGen: 381873K->181141K(465920K)] 1492266K->1338343K(1864192K), 0.0419192 secs] [Times: user=0.19 sys=0.00, real=0.05 secs] 
4466.478: [GC (Allocation Failure) [PSYoungGen: 414101K->185783K(465920K)] 1571303K->1406353K(1864192K), 0.0506631 secs] [Times: user=0.24 sys=0.00, real=0.05 secs] 
4466.661: [GC (Allocation Failure) [PSYoungGen: 418743K->181108K(465920K)] 1639313K->1460526K(1864192K), 0.0753052 secs] [Times: user=0.39 sys=0.00, real=0.08 secs] 
4467.981: [GC (GCLocker Initiated GC) [PSYoungGen: 414068K->93163K(465920K)] 1693486K->1441049K(1864192K), 0.0986003 secs] [Times: user=0.54 sys=0.01, real=0.10 secs] 
4468.080: [Full GC (Ergonomics) [PSYoungGen: 93163K->0K(465920K)] [ParOldGen: 1347886K->100006K(1398272K)] 1441049K->100006K(1864192K), [Metaspace: 60441K->60441K(1105920K)], 0.1228435 secs] [Times: user=0.49 sys=0.00, real=0.12 secs] 
4469.003: [GC (Allocation Failure) [PSYoungGen: 232960K->169076K(465920K)] 333133K->269249K(1864192K), 0.0350731 secs] [Times: user=0.13 sys=0.00, real=0.04 secs] 
4469.246: [GC (Allocation Failure) [PSYoungGen: 402036K->184758K(465920K)] 502209K->338095K(1864192K), 0.0589196 secs] [Times: user=0.28 sys=0.00, real=0.05 secs] 
4469.424: [GC (Allocation Failure) [PSYoungGen: 417718K->203477K(465920K)] 571055K->412750K(1864192K), 0.0452362 secs] [Times: user=0.21 sys=0.00, real=0.05 secs] 
4470.462: [GC (Allocation Failure) [PSYoungGen: 436437K->133328K(465920K)] 645710K->413210K(1864192K), 0.0484079 secs] [Times: user=0.24 sys=0.00, real=0.05 secs] 
4470.991: [GC (Allocation Failure) [PSYoungGen: 366288K->138848K(465920K)] 646170K->460998K(1864192K), 0.1422934 secs] [Times: user=0.79 sys=0.01, real=0.14 secs] 
4471.557: [GC (Allocation Failure) [PSYoungGen: 371808K->172212K(465920K)] 693958K->538354K(1864192K), 0.0466518 secs] [Times: user=0.22 sys=0.00, real=0.04 secs] 
4471.746: [GC (Allocation Failure) [PSYoungGen: 405172K->185719K(465920K)] 771314K->613101K(1864192K), 0.0773441 secs] [Times: user=0.38 sys=0.00, real=0.07 secs] 
4471.949: [GC (Allocation Failure) [PSYoungGen: 418679K->186645K(465920K)] 846061K->672891K(1864192K), 0.0576462 secs] [Times: user=0.28 sys=0.00, real=0.06 secs] 
4473.040: [GC (Allocation Failure) [PSYoungGen: 419605K->97275K(465920K)] 905851K->654097K(1864192K), 0.0559042 secs] [Times: user=0.30 sys=0.01, real=0.06 secs] 
4473.863: [GC (Allocation Failure) [PSYoungGen: 330118K->177173K(465920K)] 886940K->764932K(1864192K), 0.0583611 secs] [Times: user=0.26 sys=0.00, real=0.06 secs] 
4474.077: [GC (Allocation Failure) [PSYoungGen: 410133K->181909K(465920K)] 997892K->824968K(1864192K), 0.0428773 secs] [Times: user=0.20 sys=0.00, real=0.04 secs] 
4474.226: [GC (Allocation Failure) [PSYoungGen: 414869K->186389K(465920K)] 1057928K->884896K(1864192K), 0.0451489 secs] [Times: user=0.21 sys=0.00, real=0.04 secs] 
4475.285: [GC (Allocation Failure) [PSYoungGen: 419349K->137009K(465920K)] 1117856K->905579K(1864192K), 0.0492063 secs] [Times: user=0.25 sys=0.00, real=0.05 secs] 
4476.994: [GC (Allocation Failure) [PSYoungGen: 369969K->124783K(465920K)] 1138539K->936801K(1864192K), 0.1623479 secs] [Times: user=0.91 sys=0.00, real=0.17 secs] 
4477.779: [GC (GCLocker Initiated GC) [PSYoungGen: 357743K->172884K(465920K)] 1169765K->1025039K(1864192K), 0.0544151 secs] [Times: user=0.25 sys=0.00, real=0.05 secs] 
4477.962: [GC (Allocation Failure) [PSYoungGen: 405844K->185527K(465920K)] 1258164K->1098302K(1864192K), 0.0489496 secs] [Times: user=0.23 sys=0.00, real=0.05 secs] 
4478.162: [GC (Allocation Failure) [PSYoungGen: 418487K->186581K(465920K)] 1331262K->1158128K(1864192K), 0.0864676 secs] [Times: user=0.45 sys=0.00, real=0.09 secs] 
4479.199: [GC (Allocation Failure) [PSYoungGen: 419541K->96699K(465920K)] 1391088K->1138547K(1864192K), 0.0446184 secs] [Times: user=0.24 sys=0.00, real=0.04 secs] 
4480.037: [GC (Allocation Failure) [PSYoungGen: 329659K->171348K(465920K)] 1371507K->1243969K(1864192K), 0.0772526 secs] [Times: user=0.37 sys=0.00, real=0.07 secs] 
4480.286: [GC (Allocation Failure) [PSYoungGen: 404308K->184822K(465920K)] 1476929K->1311118K(1864192K), 0.0432427 secs] [Times: user=0.19 sys=0.00, real=0.04 secs] 
4480.465: [GC (Allocation Failure) [PSYoungGen: 404265K->170005K(465920K)] 1530562K->1360525K(1864192K), 0.0762510 secs] [Times: user=0.38 sys=0.00, real=0.08 secs] 
4481.451: [GC (Allocation Failure) [PSYoungGen: 402965K->168691K(461824K)] 1593485K->1413043K(1860096K), 0.0539558 secs] [Times: user=0.27 sys=0.00, real=0.05 secs] 
4482.361: [GC (Allocation Failure) [PSYoungGen: 401651K->102508K(463872K)] 1646003K->1411548K(1862144K), 0.1183970 secs] [Times: user=0.65 sys=0.00, real=0.12 secs] 
4483.120: [GC (Allocation Failure) [PSYoungGen: 335468K->179893K(465920K)] 1644508K->1521719K(1864192K), 0.0536429 secs] [Times: user=0.24 sys=0.00, real=0.05 secs] 
4483.174: [Full GC (Ergonomics) [PSYoungGen: 179893K->0K(465920K)] [ParOldGen: 1341825K->229803K(1398272K)] 1521719K->229803K(1864192K), [Metaspace: 60441K->60441K(1105920K)], 0.2911000 secs] [Times: user=1.37 sys=0.00, real=0.29 secs] 
4483.572: [GC (Allocation Failure) [PSYoungGen: 232960K->182197K(465920K)] 462763K->412000K(1864192K), 0.0257001 secs] [Times: user=0.09 sys=0.00, real=0.03 secs] 
4483.717: [GC (Allocation Failure) [PSYoungGen: 415157K->203221K(465920K)] 644960K->488512K(1864192K), 0.0450766 secs] [Times: user=0.21 sys=0.00, real=0.04 secs] 
4484.713: [GC (Allocation Failure) [PSYoungGen: 436181K->97099K(465920K)] 721472K->452902K(1864192K), 0.0500192 secs] [Times: user=0.26 sys=0.00, real=0.05 secs] 
4485.871: [GC (Allocation Failure) [PSYoungGen: 330059K->169940K(465920K)] 685862K->556756K(1864192K), 0.0762764 secs] [Times: user=0.37 sys=0.00, real=0.08 secs] 
4486.149: [GC (Allocation Failure) [PSYoungGen: 402900K->181525K(465920K)] 789716K->621521K(1864192K), 0.0536933 secs] [Times: user=0.26 sys=0.00, real=0.05 secs] 
4486.313: [GC (Allocation Failure) [PSYoungGen: 414485K->185975K(465920K)] 854481K->689403K(1864192K), 0.0510182 secs] [Times: user=0.24 sys=0.00, real=0.05 secs] 
4486.524: [GC (Allocation Failure) [PSYoungGen: 418935K->213428K(465920K)] 922363K->775800K(1864192K), 0.0541789 secs] [Times: user=0.26 sys=0.00, real=0.06 secs] 
4487.590: [GC (Allocation Failure) [PSYoungGen: 446388K->93547K(465920K)] 1008760K->723999K(1864192K), 0.0599016 secs] [Times: user=0.32 sys=0.00, real=0.06 secs] 
4487.903: [GC (Allocation Failure) [PSYoungGen: 326507K->182550K(465920K)] 956959K->843301K(1864192K), 0.0466659 secs] [Times: user=0.20 sys=0.00, real=0.05 secs] 
4488.114: [GC (Allocation Failure) [PSYoungGen: 415510K->181493K(465920K)] 1076261K->898885K(1864192K), 0.0454378 secs] [Times: user=0.21 sys=0.00, real=0.05 secs] 
4488.375: [GC (Allocation Failure) [PSYoungGen: 414453K->185653K(465920K)] 1131845K->958324K(1864192K), 0.0452419 secs] [Times: user=0.21 sys=0.00, real=0.05 secs] 
4489.449: [GC (Allocation Failure) [PSYoungGen: 418613K->101196K(465920K)] 1191284K->943700K(1864192K), 0.0449867 secs] [Times: user=0.24 sys=0.00, real=0.04 secs] 
4490.792: [GC (Allocation Failure) [PSYoungGen: 334156K->165844K(465920K)] 1176660K->1040784K(1864192K), 0.1180518 secs] [Times: user=0.60 sys=0.00, real=0.12 secs] 
4491.103: [GC (Allocation Failure) [PSYoungGen: 398804K->181717K(465920K)] 1273744K->1108390K(1864192K), 0.0425133 secs] [Times: user=0.19 sys=0.00, real=0.05 secs] 
4491.281: [GC (Allocation Failure) [PSYoungGen: 414677K->186071K(465920K)] 1341350K->1176351K(1864192K), 0.0673839 secs] [Times: user=0.33 sys=0.00, real=0.07 secs] 
4491.474: [GC (Allocation Failure) [PSYoungGen: 419031K->186485K(465920K)] 1409311K->1235882K(1864192K), 0.0564214 secs] [Times: user=0.28 sys=0.00, real=0.06 secs] 
4493.059: [GC (Allocation Failure) [PSYoungGen: 419445K->79625K(465920K)] 1468842K->1199358K(1864192K), 0.1090594 secs] [Times: user=0.60 sys=0.00, real=0.11 secs] 
4493.589: [GC (Allocation Failure) [PSYoungGen: 312585K->182358K(465920K)] 1432318K->1328207K(1864192K), 0.0379628 secs] [Times: user=0.16 sys=0.00, real=0.04 secs] 
4493.736: [GC (Allocation Failure) [PSYoungGen: 415272K->184598K(465920K)] 1561121K->1387075K(1864192K), 0.0447191 secs] [Times: user=0.20 sys=0.00, real=0.04 secs] 
4493.938: [GC (Allocation Failure) [PSYoungGen: 417558K->186709K(465920K)] 1620035K->1445051K(1864192K), 0.0663448 secs] [Times: user=0.32 sys=0.00, real=0.06 secs] 
4495.014: [GC (Allocation Failure) [PSYoungGen: 419669K->104252K(465920K)] 1678011K->1433098K(1864192K), 0.0462184 secs] [Times: user=0.24 sys=0.00, real=0.05 secs] 
4495.060: [Full GC (Ergonomics) [PSYoungGen: 104252K->0K(465920K)] [ParOldGen: 1328845K->89806K(1398272K)] 1433098K->89806K(1864192K), [Metaspace: 60448K->60448K(1105920K)], 0.0335468 secs] [Times: user=0.10 sys=0.00, real=0.03 secs] 
4495.782: [GC (Allocation Failure) [PSYoungGen: 232960K->158579K(465920K)] 322766K->248385K(1864192K), 0.0549528 secs] [Times: user=0.23 sys=0.00, real=0.06 secs] 
4496.070: [GC (Allocation Failure) [PSYoungGen: 391539K->184277K(465920K)] 481345K->323220K(1864192K), 0.0455445 secs] [Times: user=0.21 sys=0.00, real=0.04 secs] 
4496.254: [GC (Allocation Failure) [PSYoungGen: 417237K->186007K(465920K)] 556180K->389185K(1864192K), 0.0554588 secs] [Times: user=0.27 sys=0.00, real=0.06 secs] 
4496.812: [GC (Allocation Failure) [PSYoungGen: 418967K->186453K(465920K)] 622145K->448727K(1864192K), 0.0698437 secs] [Times: user=0.36 sys=0.00, real=0.07 secs] 
4498.353: [GC (Allocation Failure) [PSYoungGen: 419413K->88090K(465920K)] 681687K->420844K(1864192K), 0.1049829 secs] [Times: user=0.57 sys=0.00, real=0.11 secs] 
4499.707: [GC (Allocation Failure) [PSYoungGen: 321050K->174261K(465920K)] 653804K->534468K(1864192K), 0.0575650 secs] [Times: user=0.26 sys=0.01, real=0.05 secs] 
4499.931: [GC (Allocation Failure) [PSYoungGen: 407221K->185014K(465920K)] 767428K->600341K(1864192K), 0.0427886 secs] [Times: user=0.19 sys=0.00, real=0.04 secs] 
4500.081: [GC (Allocation Failure) [PSYoungGen: 417974K->186869K(465920K)] 833301K->658196K(1864192K), 0.0454064 secs] [Times: user=0.21 sys=0.00, real=0.05 secs] 
4501.078: [GC (Allocation Failure) [PSYoungGen: 419829K->114350K(465920K)] 891156K->656133K(1864192K), 0.0459051 secs] [Times: user=0.23 sys=0.00, real=0.04 secs] 
4501.849: [GC (Allocation Failure) [PSYoungGen: 347310K->148913K(465920K)] 889093K->727137K(1864192K), 0.1092835 secs] [Times: user=0.58 sys=0.01, real=0.11 secs] 
4502.659: [GC (Allocation Failure) [PSYoungGen: 381873K->179701K(465920K)] 960097K->804097K(1864192K), 0.0552286 secs] [Times: user=0.26 sys=0.00, real=0.05 secs] 
4502.889: [GC (Allocation Failure) [PSYoungGen: 412661K->182326K(465920K)] 1037057K->869454K(1864192K), 0.0666097 secs] [Times: user=0.33 sys=0.00, real=0.07 secs] 
4503.116: [GC (Allocation Failure) [PSYoungGen: 415286K->186485K(465920K)] 1102414K->931325K(1864192K), 0.0768558 secs] [Times: user=0.39 sys=0.00, real=0.08 secs] 
4504.270: [GC (Allocation Failure) [PSYoungGen: 419445K->94571K(465920K)] 1164285K->909859K(1864192K), 0.0674855 secs] [Times: user=0.36 sys=0.00, real=0.07 secs] 
4505.041: [GC (GCLocker Initiated GC) [PSYoungGen: 327531K->175285K(465920K)] 1142819K->1021201K(1864192K), 0.0554964 secs] [Times: user=0.24 sys=0.01, real=0.06 secs] 
4505.325: [GC (Allocation Failure) [PSYoungGen: 408245K->189525K(465920K)] 1254200K->1090233K(1864192K), 0.0550450 secs] [Times: user=0.26 sys=0.00, real=0.06 secs] 
4505.523: [GC (Allocation Failure) [PSYoungGen: 422485K->186773K(465920K)] 1323193K->1142904K(1864192K), 0.0667394 secs] [Times: user=0.32 sys=0.00, real=0.07 secs] 
4506.604: [GC (Allocation Failure) [PSYoungGen: 419733K->127759K(465920K)] 1375864K->1154331K(1864192K), 0.0485503 secs] [Times: user=0.25 sys=0.00, real=0.05 secs] 
4507.822: [GC (Allocation Failure) [PSYoungGen: 360719K->142033K(465920K)] 1387291K->1209212K(1864192K), 0.1526266 secs] [Times: user=0.84 sys=0.00, real=0.15 secs] 
4508.279: [GC (Allocation Failure) [PSYoungGen: 374993K->173268K(465920K)] 1442172K->1285973K(1864192K), 0.0470664 secs] [Times: user=0.22 sys=0.00, real=0.04 secs] 
4508.456: [GC (Allocation Failure) [PSYoungGen: 406228K->184983K(465920K)] 1518933K->1358543K(1864192K), 0.0576712 secs] [Times: user=0.28 sys=0.00, real=0.05 secs] 
4508.631: [GC (Allocation Failure) [PSYoungGen: 417943K->186325K(465920K)] 1591503K->1418773K(1864192K), 0.0618228 secs] [Times: user=0.31 sys=0.01, real=0.06 secs] 
4509.691: [GC (Allocation Failure) [PSYoungGen: 419285K->93883K(465920K)] 1651733K->1396615K(1864192K), 0.0632817 secs] [Times: user=0.34 sys=0.00, real=0.06 secs] 
4510.859: [GC (Allocation Failure) [PSYoungGen: 326843K->169748K(465920K)] 1629575K->1502061K(1864192K), 0.0593322 secs] [Times: user=0.27 sys=0.00, real=0.06 secs] 
4510.918: [Full GC (Ergonomics) [PSYoungGen: 169748K->0K(465920K)] [ParOldGen: 1332313K->203091K(1398272K)] 1502061K->203091K(1864192K), [Metaspace: 60448K->60448K(1105920K)], 0.2611791 secs] [Times: user=1.25 sys=0.00, real=0.26 secs] 
4511.295: [GC (Allocation Failure) [PSYoungGen: 232960K->184822K(465920K)] 436051K->387914K(1864192K), 0.0275500 secs] [Times: user=0.10 sys=0.00, real=0.03 secs] 
4511.470: [GC (Allocation Failure) [PSYoungGen: 417782K->186965K(465920K)] 620874K->446249K(1864192K), 0.0491558 secs] [Times: user=0.23 sys=0.00, real=0.05 secs] 
4512.411: [GC (Allocation Failure) [PSYoungGen: 419925K->140081K(465920K)] 679209K->469853K(1864192K), 0.0491505 secs] [Times: user=0.24 sys=0.00, real=0.05 secs] 
4513.040: [GC (Allocation Failure) [PSYoungGen: 373041K->130335K(465920K)] 702813K->504643K(1864192K), 0.1576173 secs] [Times: user=0.88 sys=0.01, real=0.16 secs] 
4513.449: [GC (Allocation Failure) [PSYoungGen: 363295K->177877K(465920K)] 737603K->593850K(1864192K), 0.0382344 secs] [Times: user=0.17 sys=0.00, real=0.04 secs] 
4513.644: [GC (Allocation Failure) [PSYoungGen: 410837K->185271K(465920K)] 826810K->663604K(1864192K), 0.0797772 secs] [Times: user=0.39 sys=0.00, real=0.08 secs] 
4513.897: [GC (Allocation Failure) [PSYoungGen: 418231K->183572K(465920K)] 896564K->720617K(1864192K), 0.0772549 secs] [Times: user=0.39 sys=0.01, real=0.07 secs] 
4515.059: [GC (Allocation Failure) [PSYoungGen: 416532K->94507K(465920K)] 953577K->700868K(1864192K), 0.0554838 secs] [Times: user=0.30 sys=0.00, real=0.05 secs] 
4515.815: [GC (Allocation Failure) [PSYoungGen: 327467K->174613K(465920K)] 933828K->811211K(1864192K), 0.0513514 secs] [Times: user=0.22 sys=0.00, real=0.06 secs] 
4516.013: [GC (Allocation Failure) [PSYoungGen: 407573K->184566K(465920K)] 1044171K->876036K(1864192K), 0.0431414 secs] [Times: user=0.20 sys=0.00, real=0.05 secs] 
4516.200: [GC (Allocation Failure) [PSYoungGen: 417526K->186901K(465920K)] 1108996K->934307K(1864192K), 0.0672512 secs] [Times: user=0.33 sys=0.00, real=0.07 secs] 
4517.207: [GC (Allocation Failure) [PSYoungGen: 419861K->145714K(465920K)] 1167267K->963688K(1864192K), 0.0505643 secs] [Times: user=0.24 sys=0.00, real=0.05 secs] 
4517.955: [GC (Allocation Failure) [PSYoungGen: 378674K->123630K(465920K)] 1196648K->987637K(1864192K), 0.1578037 secs] [Times: user=0.88 sys=0.00, real=0.16 secs] 
4518.520: [GC (Allocation Failure) [PSYoungGen: 356590K->175188K(465920K)] 1220597K->1078975K(1864192K), 0.0403051 secs] [Times: user=0.18 sys=0.00, real=0.04 secs] 
4518.669: [GC (Allocation Failure) [PSYoungGen: 408148K->182294K(465920K)] 1311935K->1147073K(1864192K), 0.0490991 secs] [Times: user=0.23 sys=0.00, real=0.05 secs] 
4518.851: [GC (Allocation Failure) [PSYoungGen: 415254K->186773K(465920K)] 1380033K->1209728K(1864192K), 0.0818470 secs] [Times: user=0.42 sys=0.00, real=0.08 secs] 
4519.996: [GC (Allocation Failure) [PSYoungGen: 419733K->97195K(465920K)] 1442688K->1190486K(1864192K), 0.0516587 secs] [Times: user=0.27 sys=0.00, real=0.05 secs] 
4521.013: [GC (Allocation Failure) [PSYoungGen: 330155K->169748K(465920K)] 1423446K->1293972K(1864192K), 0.0781498 secs] [Times: user=0.37 sys=0.00, real=0.08 secs] 
4521.277: [GC (Allocation Failure) [PSYoungGen: 402708K->184822K(465920K)] 1526932K->1362354K(1864192K), 0.0436140 secs] [Times: user=0.19 sys=0.00, real=0.04 secs] 
4521.422: [GC (Allocation Failure) [PSYoungGen: 417782K->232884K(465920K)] 1595314K->1470897K(1864192K), 0.0488987 secs] [Times: user=0.23 sys=0.00, real=0.05 secs] 
4522.356: [GC (Allocation Failure) [PSYoungGen: 465844K->152691K(465920K)] 1703857K->1461656K(1864192K), 0.0524283 secs] [Times: user=0.26 sys=0.00, real=0.06 secs] 
4523.683: [GC (Allocation Failure) [PSYoungGen: 385651K->112717K(465920K)] 1694616K->1469922K(1864192K), 0.1724228 secs] [Times: user=0.98 sys=0.00, real=0.17 secs] 
4523.856: [Full GC (Ergonomics) [PSYoungGen: 112717K->0K(465920K)] [ParOldGen: 1357204K->130877K(1398272K)] 1469922K->130877K(1864192K), [Metaspace: 60448K->60448K(1105920K)], 0.1623976 secs] [Times: user=0.73 sys=0.00, real=0.17 secs] 
4524.473: [GC (Allocation Failure) [PSYoungGen: 232960K->178389K(465920K)] 363837K->309266K(1864192K), 0.0262741 secs] [Times: user=0.10 sys=0.00, real=0.03 secs] 
4524.608: [GC (Allocation Failure) [PSYoungGen: 411349K->180278K(465920K)] 542226K->373316K(1864192K), 0.0467323 secs] [Times: user=0.22 sys=0.00, real=0.04 secs] 
4524.785: [GC (Allocation Failure) [PSYoungGen: 413238K->186805K(465920K)] 606276K->437667K(1864192K), 0.0831101 secs] [Times: user=0.43 sys=0.00, real=0.09 secs] 
4525.819: [GC (Allocation Failure) [PSYoungGen: 419765K->96139K(465920K)] 670627K->417373K(1864192K), 0.0456285 secs] [Times: user=0.24 sys=0.00, real=0.04 secs] 
4526.802: [GC (Allocation Failure) [PSYoungGen: 329099K->169236K(465920K)] 650333K->521363K(1864192K), 0.0782559 secs] [Times: user=0.37 sys=0.00, real=0.08 secs] 
4527.051: [GC (Allocation Failure) [PSYoungGen: 402196K->184182K(465920K)] 754323K->589292K(1864192K), 0.0425332 secs] [Times: user=0.19 sys=0.00, real=0.04 secs] 
4527.202: [GC (Allocation Failure) [PSYoungGen: 417142K->182742K(465920K)] 822252K->651869K(1864192K), 0.0496980 secs] [Times: user=0.23 sys=0.00, real=0.05 secs] 
4528.003: [GC (Allocation Failure) [PSYoungGen: 411196K->208915K(465920K)] 880323K->735978K(1864192K), 0.0557008 secs] [Times: user=0.28 sys=0.00, real=0.06 secs] 
4528.602: [GC (Allocation Failure) [PSYoungGen: 441875K->103308K(465920K)] 968938K->696123K(1864192K), 0.0524723 secs] [Times: user=0.28 sys=0.00, real=0.05 secs] 
4528.918: [GC (Allocation Failure) [PSYoungGen: 336268K->180630K(465920K)] 929083K->806200K(1864192K), 0.0356363 secs] [Times: user=0.15 sys=0.00, real=0.03 secs] 
4529.079: [GC (Allocation Failure) [PSYoungGen: 413590K->181493K(465920K)] 1039160K->863199K(1864192K), 0.0570839 secs] [Times: user=0.27 sys=0.00, real=0.06 secs] 
4529.301: [GC (Allocation Failure) [PSYoungGen: 414453K->202421K(465920K)] 1096159K->939511K(1864192K), 0.0696371 secs] [Times: user=0.34 sys=0.00, real=0.07 secs] 
4530.384: [GC (Allocation Failure) [PSYoungGen: 435381K->99868K(465920K)] 1172471K->907222K(1864192K), 0.0457112 secs] [Times: user=0.23 sys=0.00, real=0.05 secs] 
4531.735: [GC (Allocation Failure) [PSYoungGen: 332828K->166996K(465920K)] 1140182K->1006323K(1864192K), 0.1111053 secs] [Times: user=0.57 sys=0.00, real=0.12 secs] 
4532.046: [GC (Allocation Failure) [PSYoungGen: 399956K->179125K(465920K)] 1239283K->1070944K(1864192K), 0.0475066 secs] [Times: user=0.22 sys=0.00, real=0.04 secs] 
4532.226: [GC (Allocation Failure) [PSYoungGen: 412085K->185527K(465920K)] 1303904K->1140266K(1864192K), 0.0620232 secs] [Times: user=0.31 sys=0.00, real=0.07 secs] 
4532.504: [GC (Allocation Failure) [PSYoungGen: 418487K->218229K(465920K)] 1373226K->1231696K(1864192K), 0.0602406 secs] [Times: user=0.30 sys=0.00, real=0.06 secs] 
4533.596: [GC (Allocation Failure) [PSYoungGen: 451189K->90730K(465920K)] 1464656K->1174030K(1864192K), 0.0663909 secs] [Times: user=0.36 sys=0.01, real=0.07 secs] 
4534.433: [GC (Allocation Failure) [PSYoungGen: 323690K->178133K(465920K)] 1406990K->1289813K(1864192K), 0.0557618 secs] [Times: user=0.25 sys=0.01, real=0.06 secs] 
4534.631: [GC (Allocation Failure) [PSYoungGen: 411093K->181493K(465920K)] 1522773K->1349050K(1864192K), 0.0464469 secs] [Times: user=0.21 sys=0.00, real=0.05 secs] 
4534.825: [GC (Allocation Failure) [PSYoungGen: 414453K->185109K(465920K)] 1582010K->1407721K(1864192K), 0.0720170 secs] [Times: user=0.36 sys=0.00, real=0.08 secs] 
4535.886: [GC (Allocation Failure) [PSYoungGen: 418069K->105084K(465920K)] 1640681K->1397797K(1864192K), 0.0479851 secs] [Times: user=0.22 sys=0.00, real=0.04 secs] 
4536.572: [GC (Allocation Failure) [PSYoungGen: 338044K->163603K(465920K)] 1630757K->1490744K(1864192K), 0.0966853 secs] [Times: user=0.49 sys=0.00, real=0.10 secs] 
4536.668: [Full GC (Ergonomics) [PSYoungGen: 163603K->0K(465920K)] [ParOldGen: 1327140K->184148K(1398272K)] 1490744K->184148K(1864192K), [Metaspace: 60453K->60453K(1105920K)], 0.2196357 secs] [Times: user=1.04 sys=0.00, real=0.22 secs] 
4537.035: [GC (Allocation Failure) [PSYoungGen: 232960K->183957K(465920K)] 417108K->368106K(1864192K), 0.0340988 secs] [Times: user=0.14 sys=0.00, real=0.04 secs] 
4537.212: [GC (GCLocker Initiated GC) [PSYoungGen: 416917K->184151K(465920K)] 601066K->432487K(1864192K), 0.0537130 secs] [Times: user=0.25 sys=0.01, real=0.05 secs] 
4537.390: [GC (Allocation Failure) [PSYoungGen: 417111K->200500K(465920K)] 665742K->507715K(1864192K), 0.0590897 secs] [Times: user=0.29 sys=0.00, real=0.06 secs] 
4538.764: [GC (Allocation Failure) [PSYoungGen: 433460K->89290K(465920K)] 740675K->466089K(1864192K), 0.0993468 secs] [Times: user=0.53 sys=0.00, real=0.10 secs] 
4539.724: [GC (Allocation Failure) [PSYoungGen: 322250K->179541K(465920K)] 699049K->585109K(1864192K), 0.0495549 secs] [Times: user=0.22 sys=0.00, real=0.05 secs] 
4539.958: [GC (Allocation Failure) [PSYoungGen: 412501K->184790K(465920K)] 818069K->646342K(1864192K), 0.0599742 secs] [Times: user=0.28 sys=0.00, real=0.06 secs] 
4540.130: [GC (Allocation Failure) [PSYoungGen: 417750K->186517K(465920K)] 879302K->704109K(1864192K), 0.0453125 secs] [Times: user=0.21 sys=0.00, real=0.04 secs] 
4541.168: [GC (Allocation Failure) [PSYoungGen: 419477K->106108K(465920K)] 937069K->694165K(1864192K), 0.0454714 secs] [Times: user=0.23 sys=0.00, real=0.04 secs] 
4542.931: [GC (Allocation Failure) [PSYoungGen: 339068K->152722K(465920K)] 927125K->774703K(1864192K), 0.1403901 secs] [Times: user=0.75 sys=0.00, real=0.14 secs] 
4543.290: [GC (Allocation Failure) [PSYoungGen: 385682K->184694K(465920K)] 1007663K->854615K(1864192K), 0.0408150 secs] [Times: user=0.18 sys=0.00, real=0.04 secs] 
4543.459: [GC (Allocation Failure) [PSYoungGen: 417654K->185815K(465920K)] 1087575K->919920K(1864192K), 0.0546600 secs] [Times: user=0.26 sys=0.00, real=0.05 secs] 
4543.635: [GC (Allocation Failure) [PSYoungGen: 418775K->186933K(465920K)] 1152880K->979782K(1864192K), 0.0560837 secs] [Times: user=0.27 sys=0.00, real=0.06 secs] 
4544.874: [GC (Allocation Failure) [PSYoungGen: 419155K->90170K(465920K)] 1212004K->953668K(1864192K), 0.0773437 secs] [Times: user=0.42 sys=0.00, real=0.08 secs] 
4545.878: [GC (Allocation Failure) [PSYoungGen: 323130K->173525K(465920K)] 1186628K->1066038K(1864192K), 0.0527637 secs] [Times: user=0.23 sys=0.00, real=0.05 secs] 
4546.073: [GC (Allocation Failure) [PSYoungGen: 406485K->184598K(465920K)] 1298998K->1131135K(1864192K), 0.0461076 secs] [Times: user=0.19 sys=0.00, real=0.05 secs] 
4546.228: [GC (Allocation Failure) [PSYoungGen: 417558K->187061K(465920K)] 1364095K->1189582K(1864192K), 0.0460852 secs] [Times: user=0.22 sys=0.00, real=0.04 secs] 
4547.253: [GC (Allocation Failure) [PSYoungGen: 420021K->116494K(465920K)] 1422542K->1189659K(1864192K), 0.0475013 secs] [Times: user=0.24 sys=0.00, real=0.05 secs] 
4548.746: [GC (Allocation Failure) [PSYoungGen: 349454K->146609K(465920K)] 1422619K->1257083K(1864192K), 0.1283416 secs] [Times: user=0.69 sys=0.00, real=0.12 secs] 
4549.349: [GC (Allocation Failure) [PSYoungGen: 379569K->178357K(465920K)] 1490043K->1334863K(1864192K), 0.0539779 secs] [Times: user=0.25 sys=0.00, real=0.05 secs] 
4549.579: [GC (Allocation Failure) [PSYoungGen: 411317K->185559K(465920K)] 1567823K->1404745K(1864192K), 0.0742488 secs] [Times: user=0.37 sys=0.00, real=0.07 secs] 
4549.768: [GC (Allocation Failure) [PSYoungGen: 418519K->186261K(465920K)] 1637705K->1464295K(1864192K), 0.0589965 secs] [Times: user=0.29 sys=0.00, real=0.06 secs] 
4550.846: [GC (Allocation Failure) [PSYoungGen: 419221K->93979K(465920K)] 1697255K->1442322K(1864192K), 0.0436116 secs] [Times: user=0.23 sys=0.00, real=0.05 secs] 
4550.889: [Full GC (Ergonomics) [PSYoungGen: 93979K->0K(465920K)] [ParOldGen: 1348342K->101294K(1398272K)] 1442322K->101294K(1864192K), [Metaspace: 60453K->60453K(1105920K)], 0.0737734 secs] [Times: user=0.28 sys=0.00, real=0.07 secs] 
4551.423: [GC (Allocation Failure) [PSYoungGen: 232960K->177557K(465920K)] 334254K->278851K(1864192K), 0.0358886 secs] [Times: user=0.13 sys=0.00, real=0.04 secs] 
4551.598: [GC (Allocation Failure) [PSYoungGen: 410517K->184438K(465920K)] 511811K->340964K(1864192K), 0.0431623 secs] [Times: user=0.19 sys=0.00, real=0.04 secs] 
4551.782: [GC (Allocation Failure) [PSYoungGen: 417398K->183732K(465920K)] 573924K->396363K(1864192K), 0.0611799 secs] [Times: user=0.30 sys=0.00, real=0.06 secs] 
4552.816: [GC (Allocation Failure) [PSYoungGen: 416692K->126991K(465920K)] 629323K->408926K(1864192K), 0.0470064 secs] [Times: user=0.23 sys=0.00, real=0.04 secs] 
4553.598: [GC (Allocation Failure) [PSYoungGen: 357810K->141729K(465920K)] 639744K->463967K(1864192K), 0.1177014 secs] [Times: user=0.63 sys=0.00, real=0.12 secs] 
4553.960: [GC (GCLocker Initiated GC) [PSYoungGen: 374689K->175732K(465920K)] 696927K->542879K(1864192K), 0.0404905 secs] [Times: user=0.18 sys=0.01, real=0.04 secs] 
4554.110: [GC (Allocation Failure) [PSYoungGen: 408692K->185879K(465920K)] 776006K->614824K(1864192K), 0.0490331 secs] [Times: user=0.23 sys=0.00, real=0.05 secs] 
4554.490: [GC (Allocation Failure) [PSYoungGen: 418839K->183348K(465920K)] 847784K->671238K(1864192K), 0.0715347 secs] [Times: user=0.36 sys=0.00, real=0.07 secs] 
4555.963: [GC (Allocation Failure) [PSYoungGen: 416308K->86698K(465920K)] 904198K->643755K(1864192K), 0.0818729 secs] [Times: user=0.44 sys=0.00, real=0.08 secs] 
4557.141: [GC (Allocation Failure) [PSYoungGen: 319658K->174069K(465920K)] 876715K->759203K(1864192K), 0.0523415 secs] [Times: user=0.23 sys=0.00, real=0.05 secs] 
4557.346: [GC (Allocation Failure) [PSYoungGen: 407029K->184470K(465920K)] 992163K->823844K(1864192K), 0.0437480 secs] [Times: user=0.20 sys=0.00, real=0.04 secs] 
4557.493: [GC (Allocation Failure) [PSYoungGen: 417430K->184372K(465920K)] 1056804K->879699K(1864192K), 0.0460243 secs] [Times: user=0.21 sys=0.00, real=0.05 secs] 
4558.447: [GC (Allocation Failure) [PSYoungGen: 417332K->145618K(465920K)] 1112659K->910624K(1864192K), 0.0508184 secs] [Times: user=0.25 sys=0.00, real=0.05 secs] 
4558.833: [GC (Allocation Failure) [PSYoungGen: 378578K->129423K(465920K)] 1143584K->940725K(1864192K), 0.0765267 secs] [Times: user=0.41 sys=0.00, real=0.08 secs] 
4559.186: [GC (Allocation Failure) [PSYoungGen: 362383K->174740K(465920K)] 1173685K->1027299K(1864192K), 0.0375906 secs] [Times: user=0.16 sys=0.00, real=0.03 secs] 
4559.336: [GC (Allocation Failure) [PSYoungGen: 407700K->185399K(465920K)] 1260259K->1099485K(1864192K), 0.0495738 secs] [Times: user=0.23 sys=0.00, real=0.04 secs] 
4559.491: [GC (Allocation Failure) [PSYoungGen: 418359K->186133K(465920K)] 1332445K->1159075K(1864192K), 0.0576705 secs] [Times: user=0.29 sys=0.00, real=0.06 secs] 
4560.583: [GC (Allocation Failure) [PSYoungGen: 419093K->93067K(465920K)] 1392035K->1136185K(1864192K), 0.0436804 secs] [Times: user=0.23 sys=0.00, real=0.05 secs] 
4562.214: [GC (Allocation Failure) [PSYoungGen: 326027K->171092K(465920K)] 1369145K->1244084K(1864192K), 0.0758359 secs] [Times: user=0.35 sys=0.00, real=0.08 secs] 
4562.476: [GC (Allocation Failure) [PSYoungGen: 404052K->184502K(465920K)] 1477044K->1310985K(1864192K), 0.0436317 secs] [Times: user=0.20 sys=0.00, real=0.05 secs] 
4562.621: [GC (Allocation Failure) [PSYoungGen: 417462K->187637K(465920K)] 1543945K->1370152K(1864192K), 0.0468330 secs] [Times: user=0.22 sys=0.00, real=0.05 secs] 
4563.601: [GC (Allocation Failure) [PSYoungGen: 420597K->150002K(465920K)] 1603112K->1403182K(1864192K), 0.0520674 secs] [Times: user=0.26 sys=0.00, real=0.05 secs] 
4565.668: [GC (Allocation Failure) [PSYoungGen: 382962K->116334K(465920K)] 1636142K->1417073K(1864192K), 0.1618653 secs] [Times: user=0.91 sys=0.00, real=0.16 secs] 
4566.313: [GC (Allocation Failure) [PSYoungGen: 349294K->173428K(465920K)] 1650033K->1511253K(1864192K), 0.0509408 secs] [Times: user=0.23 sys=0.01, real=0.05 secs] 
4566.364: [Full GC (Ergonomics) [PSYoungGen: 173428K->0K(465920K)] [ParOldGen: 1337824K->227683K(1398272K)] 1511253K->227683K(1864192K), [Metaspace: 60454K->60454K(1105920K)], 0.2752716 secs] [Times: user=1.26 sys=0.00, real=0.28 secs] 
4566.769: [GC (Allocation Failure) [PSYoungGen: 232960K->184791K(465920K)] 460643K->412474K(1864192K), 0.0916840 secs] [Times: user=0.48 sys=0.00, real=0.09 secs] 
4566.965: [GC (Allocation Failure) [PSYoungGen: 417751K->186453K(465920K)] 645434K->472664K(1864192K), 0.0584890 secs] [Times: user=0.29 sys=0.00, real=0.06 secs] 
4567.949: [GC (Allocation Failure) [PSYoungGen: 419413K->97259K(465920K)] 705624K->453791K(1864192K), 0.0458716 secs] [Times: user=0.24 sys=0.00, real=0.04 secs] 
4568.761: [GC (Allocation Failure) [PSYoungGen: 330219K->167412K(465920K)] 686751K->555308K(1864192K), 0.0854689 secs] [Times: user=0.41 sys=0.00, real=0.09 secs] 
4569.045: [GC (Allocation Failure) [PSYoungGen: 400372K->181621K(465920K)] 788268K->621829K(1864192K), 0.0422164 secs] [Times: user=0.19 sys=0.00, real=0.05 secs] 
4569.248: [GC (Allocation Failure) [PSYoungGen: 414581K->184855K(465920K)] 854789K->688439K(1864192K), 0.0782892 secs] [Times: user=0.38 sys=0.00, real=0.08 secs] 
4570.197: [GC (Allocation Failure) [PSYoungGen: 417815K->168883K(465920K)] 921399K->731347K(1864192K), 0.0539147 secs] [Times: user=0.27 sys=0.00, real=0.05 secs] 
4570.574: [GC (Allocation Failure) [PSYoungGen: 401843K->109101K(465920K)] 964307K->736293K(1864192K), 0.0642024 secs] [Times: user=0.34 sys=0.00, real=0.07 secs] 
4571.075: [GC (Allocation Failure) [PSYoungGen: 335610K->173525K(465920K)] 962803K->835545K(1864192K), 0.0513493 secs] [Times: user=0.23 sys=0.00, real=0.06 secs] 
4571.290: [GC (Allocation Failure) [PSYoungGen: 406485K->184534K(465920K)] 1068505K->900594K(1864192K), 0.0575457 secs] [Times: user=0.27 sys=0.00, real=0.06 secs] 
4571.468: [GC (Allocation Failure) [PSYoungGen: 417494K->203093K(465920K)] 1133554K->975049K(1864192K), 0.0462982 secs] [Times: user=0.22 sys=0.00, real=0.04 secs] 
4572.436: [GC (Allocation Failure) [PSYoungGen: 436053K->97995K(465920K)] 1208009K->940536K(1864192K), 0.0452975 secs] [Times: user=0.23 sys=0.00, real=0.04 secs] 
4574.392: [GC (Allocation Failure) [PSYoungGen: 330955K->166068K(465920K)] 1173496K->1039821K(1864192K), 0.0785156 secs] [Times: user=0.38 sys=0.00, real=0.08 secs] 
4574.682: [GC (Allocation Failure) [PSYoungGen: 399028K->178837K(465920K)] 1272781K->1104578K(1864192K), 0.0491094 secs] [Times: user=0.22 sys=0.01, real=0.05 secs] 
4574.866: [GC (Allocation Failure) [PSYoungGen: 411797K->185687K(465920K)] 1337538K->1174220K(1864192K), 0.0680954 secs] [Times: user=0.33 sys=0.00, real=0.06 secs] 
4575.187: [GC (Allocation Failure) [PSYoungGen: 418384K->217460K(465920K)] 1406917K->1265050K(1864192K), 0.0569557 secs] [Times: user=0.28 sys=0.00, real=0.05 secs] 
4576.179: [GC (Allocation Failure) [PSYoungGen: 450420K->91882K(465920K)] 1498010K->1208904K(1864192K), 0.0422871 secs] [Times: user=0.22 sys=0.01, real=0.04 secs] 
4576.656: [GC (Allocation Failure) [PSYoungGen: 324842K->182262K(465920K)] 1441864K->1328507K(1864192K), 0.0534988 secs] [Times: user=0.23 sys=0.00, real=0.05 secs] 
4576.845: [GC (Allocation Failure) [PSYoungGen: 415222K->184438K(465920K)] 1561467K->1387767K(1864192K), 0.0480604 secs] [Times: user=0.20 sys=0.00, real=0.05 secs] 
4577.023: [GC (Allocation Failure) [PSYoungGen: 417398K->186613K(465920K)] 1620727K->1445815K(1864192K), 0.0580343 secs] [Times: user=0.29 sys=0.00, real=0.06 secs] 
4578.091: [GC (Allocation Failure) [PSYoungGen: 419573K->99084K(465920K)] 1678775K->1428550K(1864192K), 0.0456055 secs] [Times: user=0.23 sys=0.00, real=0.05 secs] 
4578.136: [Full GC (Ergonomics) [PSYoungGen: 99084K->0K(465920K)] [ParOldGen: 1329465K->88989K(1398272K)] 1428550K->88989K(1864192K), [Metaspace: 60454K->60454K(1105920K)], 0.0356223 secs] [Times: user=0.11 sys=0.00, real=0.03 secs] 
4578.668: [GC (Allocation Failure) [PSYoungGen: 232960K->177972K(465920K)] 321949K->266961K(1864192K), 0.0474116 secs] [Times: user=0.19 sys=0.00, real=0.04 secs] 
4578.956: [GC (Allocation Failure) [PSYoungGen: 410932K->180693K(465920K)] 499921K->322266K(1864192K), 0.0559432 secs] [Times: user=0.26 sys=0.01, real=0.05 secs] 
4579.192: [GC (Allocation Failure) [PSYoungGen: 413653K->185399K(465920K)] 555226K->389988K(1864192K), 0.0747350 secs] [Times: user=0.36 sys=0.00, real=0.08 secs] 
4579.774: [GC (Allocation Failure) [PSYoungGen: 418359K->183508K(465920K)] 622948K->446722K(1864192K), 0.0725566 secs] [Times: user=0.36 sys=0.00, real=0.08 secs] 
4581.641: [GC (Allocation Failure) [PSYoungGen: 416468K->87434K(465920K)] 679682K->420143K(1864192K), 0.1071190 secs] [Times: user=0.58 sys=0.00, real=0.11 secs] 
4583.319: [GC (Allocation Failure) [PSYoungGen: 320394K->176373K(465920K)] 653103K->537485K(1864192K), 0.0552946 secs] [Times: user=0.25 sys=0.00, real=0.05 secs] 
4583.582: [GC (Allocation Failure) [PSYoungGen: 409333K->184790K(465920K)] 770445K->599598K(1864192K), 0.0506272 secs] [Times: user=0.24 sys=0.00, real=0.05 secs] 
4583.756: [GC (Allocation Failure) [PSYoungGen: 417750K->186581K(465920K)] 832558K->657293K(1864192K), 0.0509414 secs] [Times: user=0.24 sys=0.00, real=0.05 secs] 
4584.781: [GC (Allocation Failure) [PSYoungGen: 419541K->105676K(465920K)] 890253K->646641K(1864192K), 0.0465594 secs] [Times: user=0.24 sys=0.00, real=0.05 secs] 
4585.395: [GC (GCLocker Initiated GC) [PSYoungGen: 338636K->158995K(465920K)] 879601K->734943K(1864192K), 0.1220711 secs] [Times: user=0.63 sys=0.01, real=0.13 secs] 
4585.765: [GC (Allocation Failure) [PSYoungGen: 391955K->183733K(465920K)] 967906K->809261K(1864192K), 0.0414827 secs] [Times: user=0.18 sys=0.00, real=0.05 secs] 
4585.918: [GC (Allocation Failure) [PSYoungGen: 416693K->185943K(465920K)] 1042221K->875606K(1864192K), 0.0503606 secs] [Times: user=0.24 sys=0.00, real=0.05 secs] 
4586.371: [GC (Allocation Failure) [PSYoungGen: 418903K->186453K(465920K)] 1108566K->935140K(1864192K), 0.0902942 secs] [Times: user=0.46 sys=0.00, real=0.09 secs] 
4587.740: [GC (Allocation Failure) [PSYoungGen: 419413K->88282K(465920K)] 1168100K->907297K(1864192K), 0.0730652 secs] [Times: user=0.39 sys=0.00, real=0.07 secs] 
4588.534: [GC (Allocation Failure) [PSYoungGen: 321242K->180693K(465920K)] 1140257K->1027386K(1864192K), 0.0549947 secs] [Times: user=0.24 sys=0.00, real=0.06 secs] 
4588.731: [GC (Allocation Failure) [PSYoungGen: 413653K->182069K(465920K)] 1260346K->1085454K(1864192K), 0.0434375 secs] [Times: user=0.20 sys=0.00, real=0.04 secs] 
4588.902: [GC (Allocation Failure) [PSYoungGen: 415029K->186805K(465920K)] 1318414K->1145701K(1864192K), 0.0517179 secs] [Times: user=0.25 sys=0.00, real=0.05 secs] 
4589.957: [GC (Allocation Failure) [PSYoungGen: 419765K->112669K(465920K)] 1378661K->1141982K(1864192K), 0.0469673 secs] [Times: user=0.23 sys=0.00, real=0.04 secs] 
4590.809: [GC (Allocation Failure) [PSYoungGen: 345629K->154322K(465920K)] 1374942K->1219815K(1864192K), 0.1146442 secs] [Times: user=0.61 sys=0.00, real=0.11 secs] 
4591.501: [GC (Allocation Failure) [PSYoungGen: 387282K->178421K(465920K)] 1452775K->1292226K(1864192K), 0.0532887 secs] [Times: user=0.25 sys=0.01, real=0.05 secs] 
4591.705: [GC (Allocation Failure) [PSYoungGen: 411381K->185591K(465920K)] 1525186K->1362308K(1864192K), 0.0751023 secs] [Times: user=0.37 sys=0.00, real=0.08 secs] 
4591.932: [GC (Allocation Failure) [PSYoungGen: 418551K->203093K(465920K)] 1595268K->1438570K(1864192K), 0.0799106 secs] [Times: user=0.41 sys=0.00, real=0.08 secs] 
4593.120: [GC (Allocation Failure) [PSYoungGen: 436053K->93787K(465920K)] 1671530K->1399784K(1864192K), 0.0624677 secs] [Times: user=0.34 sys=0.00, real=0.06 secs] 
4593.634: [GC (Allocation Failure) [PSYoungGen: 326747K->173717K(465920K)] 1632744K->1510310K(1864192K), 0.0542644 secs] [Times: user=0.24 sys=0.00, real=0.06 secs] 
4593.688: [Full GC (Ergonomics) [PSYoungGen: 173717K->0K(465920K)] [ParOldGen: 1336593K->214305K(1398272K)] 1510310K->214305K(1864192K), [Metaspace: 60454K->60454K(1105920K)], 0.2638873 secs] [Times: user=1.25 sys=0.00, real=0.26 secs] 
4594.059: [GC (GCLocker Initiated GC) [PSYoungGen: 232960K->183893K(465920K)] 447265K->398199K(1864192K), 0.0266436 secs] [Times: user=0.10 sys=0.00, real=0.03 secs] 
4594.189: [GC (Allocation Failure) [PSYoungGen: 416853K->184180K(465920K)] 631162K->454589K(1864192K), 0.0442494 secs] [Times: user=0.20 sys=0.01, real=0.04 secs] 
4595.265: [GC (Allocation Failure) [PSYoungGen: 417140K->123439K(465920K)] 687549K->463431K(1864192K), 0.0465438 secs] [Times: user=0.23 sys=0.00, real=0.05 secs] 
4596.160: [GC (Allocation Failure) [PSYoungGen: 356399K->146609K(465920K)] 696391K->525785K(1864192K), 0.1355980 secs] [Times: user=0.73 sys=0.00, real=0.13 secs] 
4596.490: [GC (Allocation Failure) [PSYoungGen: 379569K->181077K(465920K)] 758745K->606642K(1864192K), 0.0401769 secs] [Times: user=0.18 sys=0.00, real=0.04 secs] 
4596.641: [GC (Allocation Failure) [PSYoungGen: 414037K->185751K(465920K)] 839602K->674515K(1864192K), 0.0498882 secs] [Times: user=0.23 sys=0.00, real=0.05 secs] 
4596.824: [GC (Allocation Failure) [PSYoungGen: 418711K->186453K(465920K)] 907475K->734257K(1864192K), 0.0810906 secs] [Times: user=0.42 sys=0.00, real=0.08 secs] 
4598.684: [GC (GCLocker Initiated GC) [PSYoungGen: 419413K->87658K(465920K)] 967218K->705775K(1864192K), 0.0817063 secs] [Times: user=0.44 sys=0.01, real=0.08 secs] 
4599.894: [GC (Allocation Failure) [PSYoungGen: 320618K->169172K(465920K)] 938738K->815273K(1864192K), 0.0535832 secs] [Times: user=0.24 sys=0.00, real=0.06 secs] 
4600.103: [GC (Allocation Failure) [PSYoungGen: 402132K->184790K(465920K)] 1048233K->884175K(1864192K), 0.0430451 secs] [Times: user=0.20 sys=0.00, real=0.05 secs] 
4600.252: [GC (Allocation Failure) [PSYoungGen: 417750K->187029K(465920K)] 1117135K->942374K(1864192K), 0.0461257 secs] [Times: user=0.22 sys=0.00, real=0.05 secs] 
4601.302: [GC (Allocation Failure) [PSYoungGen: 419989K->136048K(465920K)] 1175334K->961794K(1864192K), 0.0499576 secs] [Times: user=0.25 sys=0.00, real=0.05 secs] 
4602.195: [GC (Allocation Failure) [PSYoungGen: 369008K->132383K(465920K)] 1194754K->1001193K(1864192K), 0.1774843 secs] [Times: user=0.99 sys=0.00, real=0.18 secs] 
4602.903: [GC (Allocation Failure) [PSYoungGen: 365343K->174676K(465920K)] 1234153K->1085706K(1864192K), 0.0522578 secs] [Times: user=0.24 sys=0.00, real=0.05 secs] 
4603.078: [GC (Allocation Failure) [PSYoungGen: 407636K->185591K(465920K)] 1318666K->1182592K(1864192K), 0.0500747 secs] [Times: user=0.23 sys=0.00, real=0.05 secs] 
4603.267: [GC (Allocation Failure) [PSYoungGen: 418551K->186581K(465920K)] 1415552K->1242655K(1864192K), 0.0789413 secs] [Times: user=0.40 sys=0.00, real=0.08 secs] 
4604.399: [GC (Allocation Failure) [PSYoungGen: 419541K->96155K(465920K)] 1475615K->1222645K(1864192K), 0.0643529 secs] [Times: user=0.35 sys=0.00, real=0.06 secs] 
4605.858: [GC (Allocation Failure) [PSYoungGen: 329115K->172788K(465920K)] 1455605K->1329587K(1864192K), 0.0686655 secs] [Times: user=0.31 sys=0.00, real=0.07 secs] 
4606.154: [GC (Allocation Failure) [PSYoungGen: 405748K->181749K(465920K)] 1562547K->1392600K(1864192K), 0.0579993 secs] [Times: user=0.28 sys=0.00, real=0.06 secs] 
4606.359: [GC (Allocation Failure) [PSYoungGen: 414709K->187285K(465920K)] 1625560K->1453536K(1864192K), 0.0614560 secs] [Times: user=0.30 sys=0.00, real=0.06 secs] 
4607.336: [GC (Allocation Failure) [PSYoungGen: 420245K->146290K(465920K)] 1686496K->1482965K(1864192K), 0.0516732 secs] [Times: user=0.25 sys=0.00, real=0.05 secs] 
4607.388: [Full GC (Ergonomics) [PSYoungGen: 146290K->0K(465920K)] [ParOldGen: 1336674K->354150K(1398272K)] 1482965K->354150K(1864192K), [Metaspace: 60454K->60454K(1105920K)], 0.5894444 secs] [Times: user=2.51 sys=0.00, real=0.59 secs] 
4609.622: [GC (GCLocker Initiated GC) [PSYoungGen: 232960K->117518K(465920K)] 587110K->471668K(1864192K), 0.0483625 secs] [Times: user=0.19 sys=0.00, real=0.05 secs] 
4610.373: [GC (Allocation Failure) [PSYoungGen: 350478K->172468K(465920K)] 704923K->564642K(1864192K), 0.0532493 secs] [Times: user=0.25 sys=0.00, real=0.06 secs] 
4610.559: [GC (Allocation Failure) [PSYoungGen: 405428K->185207K(465920K)] 797602K->637837K(1864192K), 0.0486674 secs] [Times: user=0.23 sys=0.00, real=0.05 secs] 
4610.713: [GC (Allocation Failure) [PSYoungGen: 418167K->186613K(465920K)] 870797K->698107K(1864192K), 0.0563892 secs] [Times: user=0.28 sys=0.00, real=0.06 secs] 
4611.764: [GC (Allocation Failure) [PSYoungGen: 419573K->95019K(465920K)] 931067K->676841K(1864192K), 0.0462630 secs] [Times: user=0.24 sys=0.00, real=0.05 secs] 
4612.607: [GC (Allocation Failure) [PSYoungGen: 327979K->173813K(465920K)] 909801K->786491K(1864192K), 0.0590376 secs] [Times: user=0.27 sys=0.01, real=0.06 secs] 
4612.829: [GC (Allocation Failure) [PSYoungGen: 406773K->181397K(465920K)] 1019451K->848172K(1864192K), 0.0425273 secs] [Times: user=0.19 sys=0.00, real=0.04 secs] 
4612.997: [GC (Allocation Failure) [PSYoungGen: 410125K->179670K(465920K)] 1076899K->909812K(1864192K), 0.0707716 secs] [Times: user=0.35 sys=0.00, real=0.07 secs] 
4614.034: [GC (Allocation Failure) [PSYoungGen: 412630K->168947K(465920K)] 1142772K->956273K(1864192K), 0.0567391 secs] [Times: user=0.28 sys=0.00, real=0.06 secs] 
4614.779: [GC (Allocation Failure) [PSYoungGen: 401907K->103980K(465920K)] 1189233K->955899K(1864192K), 0.1095146 secs] [Times: user=0.60 sys=0.00, real=0.11 secs] 
4616.006: [GC (Allocation Failure) [PSYoungGen: 336940K->173909K(465920K)] 1188859K->1059328K(1864192K), 0.0522887 secs] [Times: user=0.23 sys=0.00, real=0.05 secs] 
4616.192: [GC (Allocation Failure) [PSYoungGen: 406869K->184854K(465920K)] 1292288K->1124569K(1864192K), 0.0439293 secs] [Times: user=0.20 sys=0.00, real=0.04 secs] 
4616.375: [GC (Allocation Failure) [PSYoungGen: 417814K->186869K(465920K)] 1357529K->1182516K(1864192K), 0.0664264 secs] [Times: user=0.33 sys=0.00, real=0.07 secs] 
4617.399: [GC (Allocation Failure) [PSYoungGen: 419829K->100188K(465920K)] 1415476K->1166283K(1864192K), 0.0471648 secs] [Times: user=0.24 sys=0.00, real=0.05 secs] 
4618.520: [GC (Allocation Failure) [PSYoungGen: 333148K->164691K(465920K)] 1399243K->1262872K(1864192K), 0.0935948 secs] [Times: user=0.47 sys=0.00, real=0.09 secs] 
4618.838: [GC (Allocation Failure) [PSYoungGen: 397651K->181845K(465920K)] 1495832K->1331702K(1864192K), 0.0461524 secs] [Times: user=0.21 sys=0.00, real=0.04 secs] 
4618.997: [GC (Allocation Failure) [PSYoungGen: 414805K->185783K(465920K)] 1564662K->1399071K(1864192K), 0.0518465 secs] [Times: user=0.25 sys=0.00, real=0.05 secs] 
4619.275: [GC (Allocation Failure) [PSYoungGen: 417053K->200084K(465920K)] 1630341K->1472381K(1864192K), 0.0549682 secs] [Times: user=0.27 sys=0.00, real=0.06 secs] 
4620.409: [GC (Allocation Failure) [PSYoungGen: 433044K->92971K(465920K)] 1705341K->1434475K(1864192K), 0.0930142 secs] [Times: user=0.50 sys=0.00, real=0.09 secs] 
4620.503: [Full GC (Ergonomics) [PSYoungGen: 92971K->0K(465920K)] [ParOldGen: 1341504K->110287K(1398272K)] 1434475K->110287K(1864192K), [Metaspace: 60454K->60454K(1105920K)], 0.1457028 secs] [Times: user=0.66 sys=0.00, real=0.15 secs] 
4621.049: [GC (Allocation Failure) [PSYoungGen: 232960K->182294K(465920K)] 343247K->292581K(1864192K), 0.0327511 secs] [Times: user=0.12 sys=0.00, real=0.03 secs] 
4621.203: [GC (Allocation Failure) [PSYoungGen: 415254K->184278K(465920K)] 525541K->351221K(1864192K), 0.0413564 secs] [Times: user=0.18 sys=0.00, real=0.04 secs] 
4621.377: [GC (Allocation Failure) [PSYoungGen: 417238K->183700K(465920K)] 584181K->406724K(1864192K), 0.0508935 secs] [Times: user=0.24 sys=0.00, real=0.05 secs] 
4622.410: [GC (Allocation Failure) [PSYoungGen: 416660K->99932K(465920K)] 639684K->392363K(1864192K), 0.0436993 secs] [Times: user=0.23 sys=0.00, real=0.04 secs] 
4623.853: [GC (Allocation Failure) [PSYoungGen: 332892K->166580K(465920K)] 625323K->490824K(1864192K), 0.0809658 secs] [Times: user=0.40 sys=0.00, real=0.08 secs] 
4624.100: [GC (Allocation Failure) [PSYoungGen: 399540K->181717K(465920K)] 723784K->558333K(1864192K), 0.0409756 secs] [Times: user=0.18 sys=0.00, real=0.04 secs] 
4624.304: [GC (Allocation Failure) [PSYoungGen: 414677K->186071K(465920K)] 791293K->626271K(1864192K), 0.0783616 secs] [Times: user=0.39 sys=0.00, real=0.08 secs] 
4624.515: [GC (Allocation Failure) [PSYoungGen: 419031K->186197K(465920K)] 859231K->685253K(1864192K), 0.0536638 secs] [Times: user=0.26 sys=0.00, real=0.06 secs] 
4625.716: [GC (GCLocker Initiated GC) [PSYoungGen: 419157K->83673K(465920K)] 918213K->653102K(1864192K), 0.0601273 secs] [Times: user=0.32 sys=0.00, real=0.06 secs] 
4626.591: [GC (Allocation Failure) [PSYoungGen: 316633K->181718K(465920K)] 886229K->777422K(1864192K), 0.0518305 secs] [Times: user=0.22 sys=0.00, real=0.05 secs] 
4626.780: [GC (Allocation Failure) [PSYoungGen: 414678K->181429K(465920K)] 1010382K->833913K(1864192K), 0.0436050 secs] [Times: user=0.20 sys=0.00, real=0.04 secs] 
4626.929: [GC (Allocation Failure) [PSYoungGen: 414389K->186901K(465920K)] 1066873K->894369K(1864192K), 0.0452741 secs] [Times: user=0.21 sys=0.00, real=0.04 secs] 
4627.967: [GC (Allocation Failure) [PSYoungGen: 419861K->105821K(465920K)] 1127329K->883881K(1864192K), 0.0453938 secs] [Times: user=0.23 sys=0.00, real=0.04 secs] 
4628.968: [GC (Allocation Failure) [PSYoungGen: 338781K->159955K(465920K)] 1116841K->972787K(1864192K), 0.0952746 secs] [Times: user=0.48 sys=0.01, real=0.09 secs] 
4629.394: [GC (Allocation Failure) [PSYoungGen: 392915K->184085K(465920K)] 1205747K->1046858K(1864192K), 0.0454724 secs] [Times: user=0.20 sys=0.00, real=0.05 secs] 
4629.571: [GC (Allocation Failure) [PSYoungGen: 417045K->186199K(465920K)] 1279818K->1113095K(1864192K), 0.0562529 secs] [Times: user=0.26 sys=0.00, real=0.06 secs] 
4629.742: [GC (Allocation Failure) [PSYoungGen: 419159K->183604K(465920K)] 1346055K->1169501K(1864192K), 0.0557328 secs] [Times: user=0.27 sys=0.00, real=0.06 secs] 
4631.397: [GC (Allocation Failure) [PSYoungGen: 415080K->86346K(465920K)] 1400977K->1141594K(1864192K), 0.0997265 secs] [Times: user=0.54 sys=0.00, real=0.10 secs] 
4633.691: [GC (Allocation Failure) [PSYoungGen: 319306K->167348K(465920K)] 1374554K->1250925K(1864192K), 0.0567834 secs] [Times: user=0.26 sys=0.00, real=0.06 secs] 
4633.904: [GC (Allocation Failure) [PSYoungGen: 400308K->184662K(465920K)] 1483885K->1320327K(1864192K), 0.0429964 secs] [Times: user=0.19 sys=0.00, real=0.05 secs] 
4634.052: [GC (Allocation Failure) [PSYoungGen: 417622K->186773K(465920K)] 1553287K->1378350K(1864192K), 0.0460164 secs] [Times: user=0.22 sys=0.00, real=0.05 secs] 
4635.107: [GC (Allocation Failure) [PSYoungGen: 419733K->121455K(465920K)] 1611310K->1383464K(1864192K), 0.0479548 secs] [Times: user=0.24 sys=0.00, real=0.04 secs] 
4635.676: [GC (GCLocker Initiated GC) [PSYoungGen: 354415K->147857K(465920K)] 1616424K->1448347K(1864192K), 0.1350771 secs] [Times: user=0.73 sys=0.00, real=0.14 secs] 
4636.380: [GC (Allocation Failure) [PSYoungGen: 380817K->179957K(465920K)] 1681474K->1526813K(1864192K), 0.0546231 secs] [Times: user=0.25 sys=0.00, real=0.05 secs] 
4636.434: [Full GC (Ergonomics) [PSYoungGen: 179957K->0K(465920K)] [ParOldGen: 1346856K->243763K(1398272K)] 1526813K->243763K(1864192K), [Metaspace: 60454K->60454K(1105920K)], 0.3002764 secs] [Times: user=1.39 sys=0.00, real=0.30 secs] 
4636.846: [GC (Allocation Failure) [PSYoungGen: 232960K->185399K(465920K)] 476723K->429162K(1864192K), 0.0850122 secs] [Times: user=0.44 sys=0.00, real=0.08 secs] 
4637.960: [GC (Allocation Failure) [PSYoungGen: 418359K->179220K(465920K)] 662122K->481735K(1864192K), 0.1224785 secs] [Times: user=0.65 sys=0.00, real=0.12 secs] 
4639.219: [GC (Allocation Failure) [PSYoungGen: 412180K->93627K(465920K)] 714695K->464294K(1864192K), 0.0592284 secs] [Times: user=0.31 sys=0.00, real=0.06 secs] 
4640.483: [GC (Allocation Failure) [PSYoungGen: 326587K->169620K(465920K)] 697254K->570100K(1864192K), 0.0608936 secs] [Times: user=0.27 sys=0.00, real=0.06 secs] 
4640.711: [GC (Allocation Failure) [PSYoungGen: 402580K->182837K(465920K)] 803060K->636698K(1864192K), 0.0422626 secs] [Times: user=0.19 sys=0.00, real=0.04 secs] 
4640.859: [GC (Allocation Failure) [PSYoungGen: 415797K->187061K(465920K)] 869658K->696409K(1864192K), 0.0453619 secs] [Times: user=0.21 sys=0.00, real=0.04 secs] 
4641.885: [GC (Allocation Failure) [PSYoungGen: 420021K->139025K(465920K)] 929369K->719077K(1864192K), 0.0494975 secs] [Times: user=0.24 sys=0.00, real=0.05 secs] 
4642.795: [GC (Allocation Failure) [PSYoungGen: 371985K->133984K(465920K)] 952037K->757908K(1864192K), 0.1331123 secs] [Times: user=0.73 sys=0.00, real=0.14 secs] 
4643.428: [GC (Allocation Failure) [PSYoungGen: 366944K->175092K(465920K)] 990868K->841637K(1864192K), 0.0385465 secs] [Times: user=0.16 sys=0.00, real=0.04 secs] 
4643.610: [GC (Allocation Failure) [PSYoungGen: 408052K->182646K(465920K)] 1074597K->910311K(1864192K), 0.0597993 secs] [Times: user=0.29 sys=0.00, real=0.06 secs] 
4643.806: [GC (Allocation Failure) [PSYoungGen: 415606K->186517K(465920K)] 1143271K->972494K(1864192K), 0.0870599 secs] [Times: user=0.45 sys=0.00, real=0.08 secs] 
4644.887: [GC (Allocation Failure) [PSYoungGen: 419477K->94795K(465920K)] 1205454K->951028K(1864192K), 0.0543248 secs] [Times: user=0.30 sys=0.00, real=0.05 secs] 
4645.586: [GC (GCLocker Initiated GC) [PSYoungGen: 327755K->172468K(465920K)] 1183988K->1059490K(1864192K), 0.0681431 secs] [Times: user=0.30 sys=0.00, real=0.06 secs] 
4645.840: [GC (Allocation Failure) [PSYoungGen: 405428K->192310K(465920K)] 1292453K->1133430K(1864192K), 0.0428119 secs] [Times: user=0.19 sys=0.00, real=0.04 secs] 
4646.029: [GC (Allocation Failure) [PSYoungGen: 425270K->186965K(465920K)] 1366390K->1184013K(1864192K), 0.0667871 secs] [Times: user=0.32 sys=0.01, real=0.07 secs] 
4647.014: [GC (Allocation Failure) [PSYoungGen: 419925K->144530K(465920K)] 1416973K->1212058K(1864192K), 0.0503844 secs] [Times: user=0.25 sys=0.00, real=0.05 secs] 
4648.044: [GC (Allocation Failure) [PSYoungGen: 377401K->126335K(465920K)] 1444930K->1239703K(1864192K), 0.1850921 secs] [Times: user=1.04 sys=0.01, real=0.19 secs] 
4648.930: [GC (Allocation Failure) [PSYoungGen: 359295K->172500K(465920K)] 1472663K->1325893K(1864192K), 0.0555206 secs] [Times: user=0.25 sys=0.00, real=0.06 secs] 
4649.163: [GC (Allocation Failure) [PSYoungGen: 405460K->185399K(465920K)] 1558853K->1407736K(1864192K), 0.0680624 secs] [Times: user=0.33 sys=0.00, real=0.07 secs] 
4649.352: [GC (Allocation Failure) [PSYoungGen: 418359K->186677K(465920K)] 1640696K->1468110K(1864192K), 0.0582650 secs] [Times: user=0.29 sys=0.00, real=0.06 secs] 
4650.436: [GC (Allocation Failure) [PSYoungGen: 418993K->95851K(465920K)] 1700427K->1447589K(1864192K), 0.0517423 secs] [Times: user=0.27 sys=0.00, real=0.05 secs] 
4650.488: [Full GC (Ergonomics) [PSYoungGen: 95851K->0K(465920K)] [ParOldGen: 1351737K->95117K(1398272K)] 1447589K->95117K(1864192K), [Metaspace: 60454K->60454K(1105920K)], 0.0557005 secs] [Times: user=0.19 sys=0.01, real=0.05 secs] 
4651.566: [GC (Allocation Failure) [PSYoungGen: 232960K->166996K(465920K)] 328077K->262113K(1864192K), 0.0570656 secs] [Times: user=0.22 sys=0.00, real=0.05 secs] 
4651.829: [GC (Allocation Failure) [PSYoungGen: 399956K->184310K(465920K)] 495073K->331991K(1864192K), 0.0417773 secs] [Times: user=0.19 sys=0.00, real=0.04 secs] 
4652.002: [GC (Allocation Failure) [PSYoungGen: 404983K->174773K(465920K)] 552664K->386615K(1864192K), 0.0607370 secs] [Times: user=0.30 sys=0.01, real=0.06 secs] 
4652.951: [GC (Allocation Failure) [PSYoungGen: 407733K->169011K(461824K)] 619575K->436412K(1860096K), 0.0526039 secs] [Times: user=0.26 sys=0.00, real=0.05 secs] 
4653.320: [GC (Allocation Failure) [PSYoungGen: 401971K->108877K(463872K)] 669372K->441002K(1862144K), 0.0692203 secs] [Times: user=0.36 sys=0.00, real=0.07 secs] 
4653.687: [GC (Allocation Failure) [PSYoungGen: 338328K->174261K(466944K)] 670453K->541530K(1865216K), 0.0405909 secs] [Times: user=0.18 sys=0.01, real=0.04 secs] 
4653.872: [GC (Allocation Failure) [PSYoungGen: 408245K->185046K(465920K)] 775514K->606610K(1864192K), 0.0634473 secs] [Times: user=0.29 sys=0.00, real=0.06 secs] 
4654.057: [GC (Allocation Failure) [PSYoungGen: 419030K->187221K(465920K)] 840594K->664906K(1864192K), 0.0456579 secs] [Times: user=0.21 sys=0.00, real=0.04 secs] 
4655.026: [GC (Allocation Failure) [PSYoungGen: 420181K->97291K(465920K)] 897866K->645560K(1864192K), 0.0480021 secs] [Times: user=0.25 sys=0.00, real=0.04 secs] 
4656.222: [GC (GCLocker Initiated GC) [PSYoungGen: 330251K->169588K(465920K)] 878520K->749605K(1864192K), 0.0650351 secs] [Times: user=0.32 sys=0.01, real=0.07 secs] 
4656.431: [GC (Allocation Failure) [PSYoungGen: 402548K->181589K(465920K)] 982732K->814793K(1864192K), 0.0423076 secs] [Times: user=0.18 sys=0.00, real=0.04 secs] 
4656.584: [GC (Allocation Failure) [PSYoungGen: 414549K->186007K(465920K)] 1047753K->882915K(1864192K), 0.0499246 secs] [Times: user=0.23 sys=0.00, real=0.05 secs] 
4657.460: [GC (Allocation Failure) [PSYoungGen: 415764K->212307K(465920K)] 1112672K->968215K(1864192K), 0.0562886 secs] [Times: user=0.28 sys=0.00, real=0.06 secs] 
4658.375: [GC (Allocation Failure) [PSYoungGen: 445267K->95787K(465920K)] 1201175K->918423K(1864192K), 0.1026022 secs] [Times: user=0.56 sys=0.01, real=0.11 secs] 
4659.059: [GC (GCLocker Initiated GC) [PSYoungGen: 328747K->175509K(465920K)] 1151383K->1029473K(1864192K), 0.0515373 secs] [Times: user=0.23 sys=0.00, real=0.05 secs] 
4659.250: [GC (Allocation Failure) [PSYoungGen: 408469K->192598K(465920K)] 1262436K->1101309K(1864192K), 0.0433557 secs] [Times: user=0.19 sys=0.00, real=0.04 secs] 
4659.409: [GC (Allocation Failure) [PSYoungGen: 425558K->186581K(465920K)] 1334269K->1151220K(1864192K), 0.0458122 secs] [Times: user=0.21 sys=0.00, real=0.04 secs] 
4660.445: [GC (Allocation Failure) [PSYoungGen: 419541K->102972K(465920K)] 1384180K->1137919K(1864192K), 0.0453735 secs] [Times: user=0.23 sys=0.00, real=0.05 secs] 
4661.415: [GC (Allocation Failure) [PSYoungGen: 335932K->163091K(465920K)] 1370879K->1231922K(1864192K), 0.0932850 secs] [Times: user=0.46 sys=0.00, real=0.10 secs] 
4661.674: [GC (Allocation Failure) [PSYoungGen: 396051K->184053K(465920K)] 1464882K->1304012K(1864192K), 0.0427050 secs] [Times: user=0.19 sys=0.00, real=0.05 secs] 
4661.828: [GC (Allocation Failure) [PSYoungGen: 417013K->185911K(465920K)] 1536972K->1370074K(1864192K), 0.0507433 secs] [Times: user=0.24 sys=0.00, real=0.05 secs] 
4661.984: [GC (Allocation Failure) [PSYoungGen: 418871K->186741K(465920K)] 1603034K->1429984K(1864192K), 0.0566947 secs] [Times: user=0.28 sys=0.00, real=0.06 secs] 
4663.180: [GC (Allocation Failure) [PSYoungGen: 419701K->91226K(465920K)] 1662944K->1405033K(1864192K), 0.0755132 secs] [Times: user=0.41 sys=0.00, real=0.08 secs] 
4663.256: [Full GC (Ergonomics) [PSYoungGen: 91226K->0K(465920K)] [ParOldGen: 1313807K->108778K(1398272K)] 1405033K->108778K(1864192K), [Metaspace: 60455K->60455K(1105920K)], 0.1428872 secs] [Times: user=0.60 sys=0.00, real=0.14 secs] 
4664.313: [GC (Allocation Failure) [PSYoungGen: 232960K->178293K(465920K)] 341738K->287072K(1864192K), 0.0392461 secs] [Times: user=0.16 sys=0.00, real=0.04 secs] 
4664.508: [GC (Allocation Failure) [PSYoungGen: 411253K->184566K(465920K)] 520032K->349385K(1864192K), 0.0413604 secs] [Times: user=0.18 sys=0.00, real=0.04 secs] 
4664.673: [GC (Allocation Failure) [PSYoungGen: 417526K->186581K(465920K)] 582345K->407208K(1864192K), 0.0582605 secs] [Times: user=0.28 sys=0.00, real=0.06 secs] 
4665.721: [GC (Allocation Failure) [PSYoungGen: 419541K->102684K(465920K)] 640168K->393719K(1864192K), 0.0443887 secs] [Times: user=0.23 sys=0.00, real=0.04 secs] 
4666.966: [GC (Allocation Failure) [PSYoungGen: 335644K->164051K(465920K)] 626679K->487939K(1864192K), 0.0954269 secs] [Times: user=0.48 sys=0.00, real=0.09 secs] 
4667.342: [GC (Allocation Failure) [PSYoungGen: 397011K->178901K(465920K)] 720899K->554233K(1864192K), 0.0427033 secs] [Times: user=0.19 sys=0.00, real=0.04 secs] 
4667.496: [GC (GCLocker Initiated GC) [PSYoungGen: 411861K->185399K(465920K)] 787194K->623704K(1864192K), 0.0486437 secs] [Times: user=0.23 sys=0.00, real=0.05 secs] 
4667.692: [GC (Allocation Failure) [PSYoungGen: 418359K->186581K(465920K)] 856958K->684100K(1864192K), 0.0838278 secs] [Times: user=0.43 sys=0.00, real=0.09 secs] 
4668.857: [GC (Allocation Failure) [PSYoungGen: 419541K->89258K(465920K)] 917060K->657201K(1864192K), 0.0426513 secs] [Times: user=0.22 sys=0.00, real=0.04 secs] 
4669.229: [GC (GCLocker Initiated GC) [PSYoungGen: 322218K->181270K(465920K)] 890162K->778213K(1864192K), 0.0579887 secs] [Times: user=0.26 sys=0.00, real=0.06 secs] 
4669.467: [GC (Allocation Failure) [PSYoungGen: 414230K->181493K(465920K)] 1011339K->834683K(1864192K), 0.0444398 secs] [Times: user=0.20 sys=0.00, real=0.04 secs] 
4669.618: [GC (Allocation Failure) [PSYoungGen: 414453K->186357K(465920K)] 1067643K->894898K(1864192K), 0.0458809 secs] [Times: user=0.21 sys=0.00, real=0.04 secs] 
4670.764: [GC (GCLocker Initiated GC) [PSYoungGen: 419317K->106781K(465920K)] 1127861K->885605K(1864192K), 0.0453859 secs] [Times: user=0.23 sys=0.00, real=0.05 secs] 
4671.943: [GC (Allocation Failure) [PSYoungGen: 339741K->159155K(465920K)] 1118566K->972933K(1864192K), 0.1080757 secs] [Times: user=0.56 sys=0.01, real=0.11 secs] 
4672.263: [GC (Allocation Failure) [PSYoungGen: 392115K->184406K(465920K)] 1205893K->1047752K(1864192K), 0.0433466 secs] [Times: user=0.20 sys=0.00, real=0.05 secs] 
4672.415: [GC (Allocation Failure) [PSYoungGen: 417366K->185719K(465920K)] 1280712K->1113317K(1864192K), 0.0503916 secs] [Times: user=0.23 sys=0.00, real=0.06 secs] 
4672.633: [GC (GCLocker Initiated GC) [PSYoungGen: 418679K->186229K(465920K)] 1346278K->1172748K(1864192K), 0.0614410 secs] [Times: user=0.30 sys=0.00, real=0.06 secs] 
4674.485: [GC (Allocation Failure) [PSYoungGen: 419189K->87274K(465920K)] 1405710K->1144123K(1864192K), 0.1074162 secs] [Times: user=0.60 sys=0.00, real=0.11 secs] 
4675.898: [GC (Allocation Failure) [PSYoungGen: 320234K->172244K(465920K)] 1377083K->1258995K(1864192K), 0.0536128 secs] [Times: user=0.24 sys=0.00, real=0.05 secs] 
4676.105: [GC (Allocation Failure) [PSYoungGen: 405204K->185014K(465920K)] 1491955K->1325724K(1864192K), 0.0420111 secs] [Times: user=0.18 sys=0.00, real=0.05 secs] 
4676.253: [GC (Allocation Failure) [PSYoungGen: 417974K->186997K(465920K)] 1558684K->1383691K(1864192K), 0.0467644 secs] [Times: user=0.22 sys=0.00, real=0.05 secs] 
4677.264: [GC (Allocation Failure) [PSYoungGen: 419957K->116494K(465920K)] 1616651K->1383821K(1864192K), 0.0476252 secs] [Times: user=0.25 sys=0.00, real=0.05 secs] 
4677.785: [GC (Allocation Failure) [PSYoungGen: 349454K->152818K(465920K)] 1616781K->1457825K(1864192K), 0.0861901 secs] [Times: user=0.45 sys=0.00, real=0.09 secs] 
4678.071: [GC (Allocation Failure) [PSYoungGen: 385778K->183701K(465920K)] 1690785K->1535804K(1864192K), 0.0419592 secs] [Times: user=0.18 sys=0.00, real=0.04 secs] 
4678.113: [Full GC (Ergonomics) [PSYoungGen: 183701K->0K(465920K)] [ParOldGen: 1352102K->248697K(1398272K)] 1535804K->248697K(1864192K), [Metaspace: 60455K->60455K(1105920K)], 0.3062229 secs] [Times: user=1.42 sys=0.00, real=0.31 secs] 
4678.527: [GC (Allocation Failure) [PSYoungGen: 232960K->182358K(465920K)] 481657K->431055K(1864192K), 0.0908101 secs] [Times: user=0.48 sys=0.00, real=0.09 secs] 
4678.723: [GC (Allocation Failure) [PSYoungGen: 415318K->186453K(465920K)] 664015K->493134K(1864192K), 0.0552588 secs] [Times: user=0.27 sys=0.01, real=0.06 secs] 
4679.965: [GC (Allocation Failure) [PSYoungGen: 419413K->90714K(465920K)] 726094K->467704K(1864192K), 0.0689753 secs] [Times: user=0.36 sys=0.00, real=0.07 secs] 
4680.554: [GC (Allocation Failure) [PSYoungGen: 323674K->182485K(465920K)] 700664K->589114K(1864192K), 0.0503621 secs] [Times: user=0.22 sys=0.00, real=0.05 secs] 
4680.741: [GC (Allocation Failure) [PSYoungGen: 415445K->184438K(465920K)] 822074K->646626K(1864192K), 0.0436458 secs] [Times: user=0.19 sys=0.00, real=0.04 secs] 
4680.994: [GC (Allocation Failure) [PSYoungGen: 417398K->183572K(465920K)] 879586K->701697K(1864192K), 0.0486121 secs] [Times: user=0.23 sys=0.00, real=0.05 secs] 
4682.299: [GC (Allocation Failure) [PSYoungGen: 416532K->120847K(465920K)] 934657K->708299K(1864192K), 0.0471378 secs] [Times: user=0.24 sys=0.00, real=0.05 secs] 
4684.142: [GC (Allocation Failure) [PSYoungGen: 351969K->141009K(465920K)] 939422K->766677K(1864192K), 0.1136727 secs] [Times: user=0.61 sys=0.00, real=0.12 secs] 
4684.637: [GC (Allocation Failure) [PSYoungGen: 373969K->175444K(465920K)] 999637K->846358K(1864192K), 0.0414849 secs] [Times: user=0.18 sys=0.00, real=0.04 secs] 
4684.822: [GC (Allocation Failure) [PSYoungGen: 408404K->185783K(465920K)] 1079318K->917792K(1864192K), 0.0721925 secs] [Times: user=0.35 sys=0.00, real=0.07 secs] 
4685.019: [GC (Allocation Failure) [PSYoungGen: 418743K->183956K(465920K)] 1150752K->975054K(1864192K), 0.0572526 secs] [Times: user=0.29 sys=0.00, real=0.06 secs] 
4686.003: [GC (Allocation Failure) [PSYoungGen: 416916K->93947K(465920K)] 1208014K->954477K(1864192K), 0.0437699 secs] [Times: user=0.22 sys=0.00, real=0.05 secs] 
4686.473: [GC (Allocation Failure) [PSYoungGen: 326907K->177909K(465920K)] 1187437K->1068959K(1864192K), 0.0530421 secs] [Times: user=0.23 sys=0.00, real=0.05 secs] 
4686.679: [GC (Allocation Failure) [PSYoungGen: 410869K->184278K(465920K)] 1301919K->1130672K(1864192K), 0.0442383 secs] [Times: user=0.20 sys=0.00, real=0.04 secs] 
4686.849: [GC (Allocation Failure) [PSYoungGen: 417238K->186517K(465920K)] 1363632K->1188975K(1864192K), 0.0506811 secs] [Times: user=0.24 sys=0.00, real=0.05 secs] 
4687.842: [GC (Allocation Failure) [PSYoungGen: 419477K->132368K(465920K)] 1421935K->1205090K(1864192K), 0.0495016 secs] [Times: user=0.25 sys=0.00, real=0.05 secs] 
4688.874: [GC (Allocation Failure) [PSYoungGen: 365328K->136032K(465920K)] 1438050K->1250554K(1864192K), 0.1530355 secs] [Times: user=0.85 sys=0.00, real=0.16 secs] 
4689.345: [GC (GCLocker Initiated GC) [PSYoungGen: 368992K->178293K(465920K)] 1483514K->1336527K(1864192K), 0.0447391 secs] [Times: user=0.21 sys=0.00, real=0.05 secs] 
4689.721: [GC (Allocation Failure) [PSYoungGen: 411253K->182934K(465920K)] 1569489K->1403322K(1864192K), 0.0694639 secs] [Times: user=0.34 sys=0.00, real=0.07 secs] 
4689.908: [GC (GCLocker Initiated GC) [PSYoungGen: 415894K->183764K(465920K)] 1636283K->1462033K(1864192K), 0.0581278 secs] [Times: user=0.28 sys=0.00, real=0.06 secs] 
4691.020: [GC (Allocation Failure) [PSYoungGen: 416724K->92459K(465920K)] 1694996K->1439994K(1864192K), 0.0436216 secs] [Times: user=0.23 sys=0.00, real=0.04 secs] 
4691.064: [Full GC (Ergonomics) [PSYoungGen: 92459K->0K(465920K)] [ParOldGen: 1347535K->95261K(1398272K)] 1439994K->95261K(1864192K), [Metaspace: 60457K->60457K(1105920K)], 0.0662422 secs] [Times: user=0.23 sys=0.00, real=0.07 secs] 
4692.460: [GC (Allocation Failure) [PSYoungGen: 232960K->172564K(465920K)] 328221K->267826K(1864192K), 0.0494508 secs] [Times: user=0.19 sys=0.00, real=0.05 secs] 
4692.733: [GC (Allocation Failure) [PSYoungGen: 405524K->184726K(465920K)] 500786K->334079K(1864192K), 0.0509179 secs] [Times: user=0.25 sys=0.00, real=0.05 secs] 
4692.889: [GC (Allocation Failure) [PSYoungGen: 417686K->187381K(465920K)] 567039K->392839K(1864192K), 0.0447428 secs] [Times: user=0.21 sys=0.00, real=0.04 secs] 
4693.905: [GC (Allocation Failure) [PSYoungGen: 420341K->143633K(465920K)] 625799K->419763K(1864192K), 0.0495593 secs] [Times: user=0.24 sys=0.00, real=0.05 secs] 
4695.042: [GC (GCLocker Initiated GC) [PSYoungGen: 376593K->122622K(465920K)] 652723K->444424K(1864192K), 0.1355029 secs] [Times: user=0.75 sys=0.01, real=0.14 secs] 
4695.592: [GC (Allocation Failure) [PSYoungGen: 355582K->174932K(465920K)] 677387K->535378K(1864192K), 0.0520167 secs] [Times: user=0.23 sys=0.00, real=0.05 secs] 
4695.770: [GC (Allocation Failure) [PSYoungGen: 407892K->185271K(465920K)] 768338K->607444K(1864192K), 0.0506149 secs] [Times: user=0.20 sys=0.00, real=0.05 secs] 
4695.925: [GC (Allocation Failure) [PSYoungGen: 418231K->183092K(465920K)] 840409K->663943K(1864192K), 0.0563333 secs] [Times: user=0.28 sys=0.00, real=0.06 secs] 
4696.949: [GC (Allocation Failure) [PSYoungGen: 416052K->95947K(465920K)] 896903K->645997K(1864192K), 0.0459028 secs] [Times: user=0.24 sys=0.00, real=0.04 secs] 
4697.402: [GC (Allocation Failure) [PSYoungGen: 328907K->174965K(465920K)] 878957K->756791K(1864192K), 0.0362957 secs] [Times: user=0.15 sys=0.00, real=0.04 secs] 
4697.671: [GC (Allocation Failure) [PSYoungGen: 407880K->184374K(465920K)] 989706K->820264K(1864192K), 0.0531504 secs] [Times: user=0.26 sys=0.00, real=0.05 secs] 
4698.026: [GC (Allocation Failure) [PSYoungGen: 402658K->170709K(465920K)] 1038548K->870543K(1864192K), 0.0649532 secs] [Times: user=0.32 sys=0.00, real=0.06 secs] 
4699.116: [GC (Allocation Failure) [PSYoungGen: 399845K->206003K(465920K)] 1099679K->960077K(1864192K), 0.0531184 secs] [Times: user=0.26 sys=0.00, real=0.05 secs] 
4701.073: [GC (Allocation Failure) [PSYoungGen: 438963K->93931K(465920K)] 1193037K->912709K(1864192K), 0.1119436 secs] [Times: user=0.61 sys=0.00, real=0.11 secs] 
4701.831: [GC (Allocation Failure) [PSYoungGen: 326891K->180438K(465920K)] 1145669K->1029489K(1864192K), 0.0535312 secs] [Times: user=0.24 sys=0.01, real=0.05 secs] 
4702.031: [GC (Allocation Failure) [PSYoungGen: 413398K->184694K(465920K)] 1262449K->1090001K(1864192K), 0.0441692 secs] [Times: user=0.20 sys=0.00, real=0.04 secs] 
4702.205: [GC (Allocation Failure) [PSYoungGen: 417654K->186549K(465920K)] 1322961K->1147792K(1864192K), 0.0622677 secs] [Times: user=0.31 sys=0.00, real=0.07 secs] 
4703.227: [GC (Allocation Failure) [PSYoungGen: 419509K->98107K(465920K)] 1380752K->1129719K(1864192K), 0.0454509 secs] [Times: user=0.23 sys=0.00, real=0.04 secs] 
4704.066: [GC (Allocation Failure) [PSYoungGen: 331067K->165844K(465920K)] 1362679K->1229387K(1864192K), 0.0857221 secs] [Times: user=0.42 sys=0.01, real=0.08 secs] 
4704.510: [GC (Allocation Failure) [PSYoungGen: 398804K->181045K(465920K)] 1462347K->1296441K(1864192K), 0.0470455 secs] [Times: user=0.22 sys=0.00, real=0.05 secs] 
4704.693: [GC (Allocation Failure) [PSYoungGen: 414005K->183126K(465920K)] 1529401K->1361306K(1864192K), 0.0704475 secs] [Times: user=0.35 sys=0.00, real=0.07 secs] 
4704.886: [GC (GCLocker Initiated GC) [PSYoungGen: 416086K->185429K(465920K)] 1594267K->1422073K(1864192K), 0.0556275 secs] [Times: user=0.27 sys=0.00, real=0.05 secs] 
4706.141: [GC (Allocation Failure) [PSYoungGen: 418389K->89434K(465920K)] 1655035K->1396241K(1864192K), 0.0815863 secs] [Times: user=0.44 sys=0.00, real=0.08 secs] 
4707.327: [GC (Allocation Failure) [PSYoungGen: 322394K->171732K(465920K)] 1629201K->1506964K(1864192K), 0.0555608 secs] [Times: user=0.26 sys=0.00, real=0.05 secs] 
4707.383: [Full GC (Ergonomics) [PSYoungGen: 171732K->0K(465920K)] [ParOldGen: 1335231K->215727K(1398272K)] 1506964K->215727K(1864192K), [Metaspace: 60457K->60457K(1105920K)], 0.2876385 secs] [Times: user=1.35 sys=0.00, real=0.29 secs] 
4707.778: [GC (Allocation Failure) [PSYoungGen: 232960K->184662K(465920K)] 448687K->400390K(1864192K), 0.0265365 secs] [Times: user=0.10 sys=0.00, real=0.02 secs] 
4707.908: [GC (Allocation Failure) [PSYoungGen: 417622K->186901K(465920K)] 633350K->458637K(1864192K), 0.0446501 secs] [Times: user=0.21 sys=0.00, real=0.04 secs] 
4708.880: [GC (Allocation Failure) [PSYoungGen: 419861K->109949K(465920K)] 691597K->452149K(1864192K), 0.0452140 secs] [Times: user=0.23 sys=0.00, real=0.04 secs] 
4710.612: [GC (Allocation Failure) [PSYoungGen: 342909K->155922K(465920K)] 685109K->533279K(1864192K), 0.1353947 secs] [Times: user=0.73 sys=0.00, real=0.14 secs] 
4711.223: [GC (Allocation Failure) [PSYoungGen: 388882K->181525K(465920K)] 766239K->607634K(1864192K), 0.0559092 secs] [Times: user=0.26 sys=0.00, real=0.06 secs] 
4711.399: [GC (Allocation Failure) [PSYoungGen: 414485K->185783K(465920K)] 840594K->675500K(1864192K), 0.0496064 secs] [Times: user=0.23 sys=0.00, real=0.05 secs] 
4711.553: [GC (Allocation Failure) [PSYoungGen: 418743K->184148K(465920K)] 908460K->732937K(1864192K), 0.0562489 secs] [Times: user=0.27 sys=0.00, real=0.06 secs] 
4712.599: [GC (Allocation Failure) [PSYoungGen: 417108K->90154K(465920K)] 965897K->708523K(1864192K), 0.0411012 secs] [Times: user=0.21 sys=0.00, real=0.04 secs] 
4713.711: [GC (Allocation Failure) [PSYoungGen: 323114K->170676K(465920K)] 941483K->817506K(1864192K), 0.0599525 secs] [Times: user=0.27 sys=0.00, real=0.06 secs] 
4713.936: [GC (Allocation Failure) [PSYoungGen: 403636K->184662K(465920K)] 1050466K->885016K(1864192K), 0.0438755 secs] [Times: user=0.20 sys=0.00, real=0.05 secs] 
4714.133: [GC (Allocation Failure) [PSYoungGen: 417622K->183700K(465920K)] 1117976K->940038K(1864192K), 0.0647977 secs] [Times: user=0.32 sys=0.00, real=0.07 secs] 
4715.149: [GC (Allocation Failure) [PSYoungGen: 416660K->126447K(465920K)] 1172998K->952169K(1864192K), 0.0489569 secs] [Times: user=0.25 sys=0.00, real=0.05 secs] 
4715.687: [GC (Allocation Failure) [PSYoungGen: 359407K->149521K(465920K)] 1185129K->1015451K(1864192K), 0.1255877 secs] [Times: user=0.67 sys=0.01, real=0.12 secs] 
4716.124: [GC (Allocation Failure) [PSYoungGen: 382481K->183349K(465920K)] 1248411K->1096000K(1864192K), 0.0469975 secs] [Times: user=0.22 sys=0.01, real=0.05 secs] 
4716.281: [GC (Allocation Failure) [PSYoungGen: 416309K->185719K(465920K)] 1328960K->1162590K(1864192K), 0.0505650 secs] [Times: user=0.23 sys=0.00, real=0.05 secs] 
4716.458: [GC (Allocation Failure) [PSYoungGen: 418679K->186837K(465920K)] 1395550K->1222524K(1864192K), 0.0619180 secs] [Times: user=0.31 sys=0.00, real=0.06 secs] 
4718.318: [GC (Allocation Failure) [PSYoungGen: 419797K->86762K(465920K)] 1455484K->1193089K(1864192K), 0.1230399 secs] [Times: user=0.67 sys=0.01, real=0.12 secs] 
4719.968: [GC (GCLocker Initiated GC) [PSYoungGen: 319722K->172468K(465920K)] 1426050K->1306313K(1864192K), 0.0610961 secs] [Times: user=0.28 sys=0.00, real=0.06 secs] 
4720.192: [GC (Allocation Failure) [PSYoungGen: 405428K->181909K(465920K)] 1539438K->1369815K(1864192K), 0.0441633 secs] [Times: user=0.20 sys=0.00, real=0.05 secs] 
4720.342: [GC (Allocation Failure) [PSYoungGen: 414869K->186965K(465920K)] 1602775K->1430087K(1864192K), 0.0513297 secs] [Times: user=0.21 sys=0.00, real=0.05 secs] 
4721.333: [GC (Allocation Failure) [PSYoungGen: 419925K->130448K(465920K)] 1663047K->1443970K(1864192K), 0.0505033 secs] [Times: user=0.25 sys=0.00, real=0.05 secs] 
4721.384: [Full GC (Ergonomics) [PSYoungGen: 130448K->0K(465920K)] [ParOldGen: 1313521K->343557K(1398272K)] 1443970K->343557K(1864192K), [Metaspace: 60457K->60457K(1105920K)], 0.5810100 secs] [Times: user=2.54 sys=0.00, real=0.58 secs] 
4722.921: [GC (Allocation Failure) [PSYoungGen: 232960K->135760K(465920K)] 576517K->479317K(1864192K), 0.0293776 secs] [Times: user=0.11 sys=0.01, real=0.03 secs] 
4723.272: [GC (Allocation Failure) [PSYoungGen: 368720K->175348K(465920K)] 712277K->562206K(1864192K), 0.0381010 secs] [Times: user=0.16 sys=0.00, real=0.04 secs] 
4723.421: [GC (Allocation Failure) [PSYoungGen: 408308K->185655K(465920K)] 795166K->634033K(1864192K), 0.0484263 secs] [Times: user=0.22 sys=0.00, real=0.05 secs] 
4723.576: [GC (Allocation Failure) [PSYoungGen: 418615K->186485K(465920K)] 866993K->693711K(1864192K), 0.0569512 secs] [Times: user=0.29 sys=0.00, real=0.05 secs] 
4724.849: [GC (Allocation Failure) [PSYoungGen: 419445K->93275K(465920K)] 926671K->670837K(1864192K), 0.0642171 secs] [Times: user=0.34 sys=0.00, real=0.06 secs] 
4725.633: [GC (Allocation Failure) [PSYoungGen: 326235K->177109K(465920K)] 903797K->784951K(1864192K), 0.0459174 secs] [Times: user=0.20 sys=0.00, real=0.05 secs] 
4725.809: [GC (Allocation Failure) [PSYoungGen: 410069K->184502K(465920K)] 1017911K->847408K(1864192K), 0.0440535 secs] [Times: user=0.20 sys=0.00, real=0.04 secs] 
4725.955: [GC (Allocation Failure) [PSYoungGen: 417462K->183796K(465920K)] 1080368K->902671K(1864192K), 0.0453300 secs] [Times: user=0.21 sys=0.00, real=0.05 secs] 
4727.183: [GC (Allocation Failure) [PSYoungGen: 416756K->140465K(465920K)] 1135631K->928659K(1864192K), 0.0494037 secs] [Times: user=0.24 sys=0.00, real=0.05 secs] 
4728.581: [GC (Allocation Failure) [PSYoungGen: 373425K->123182K(465920K)] 1161619K->955945K(1864192K), 0.1563567 secs] [Times: user=0.87 sys=0.00, real=0.16 secs] 
4729.554: [GC (Allocation Failure) [PSYoungGen: 356142K->175508K(465920K)] 1188905K->1047812K(1864192K), 0.0546319 secs] [Times: user=0.25 sys=0.01, real=0.06 secs] 
4729.741: [GC (Allocation Failure) [PSYoungGen: 408468K->185367K(465920K)] 1280772K->1119110K(1864192K), 0.0488643 secs] [Times: user=0.23 sys=0.00, real=0.05 secs] 
4729.895: [GC (Allocation Failure) [PSYoungGen: 418327K->186741K(465920K)] 1352070K->1179404K(1864192K), 0.0568126 secs] [Times: user=0.28 sys=0.00, real=0.06 secs] 
4730.909: [GC (Allocation Failure) [PSYoungGen: 419701K->94347K(465920K)] 1412364K->1157462K(1864192K), 0.0441471 secs] [Times: user=0.23 sys=0.00, real=0.04 secs] 
4732.178: [GC (Allocation Failure) [PSYoungGen: 327307K->168884K(465920K)] 1390422K->1261836K(1864192K), 0.0678341 secs] [Times: user=0.31 sys=0.00, real=0.06 secs] 
4732.433: [GC (Allocation Failure) [PSYoungGen: 401844K->184950K(465920K)] 1494796K->1330818K(1864192K), 0.0435374 secs] [Times: user=0.19 sys=0.00, real=0.05 secs] 
4732.578: [GC (Allocation Failure) [PSYoungGen: 408614K->174005K(465920K)] 1554483K->1384274K(1864192K), 0.0487841 secs] [Times: user=0.23 sys=0.00, real=0.05 secs] 
4733.521: [GC (Allocation Failure) [PSYoungGen: 406965K->167922K(400896K)] 1617234K->1433127K(1799168K), 0.0549838 secs] [Times: user=0.27 sys=0.00, real=0.05 secs] 
4734.262: [GC (Allocation Failure) [PSYoungGen: 400882K->108941K(464896K)] 1666087K->1438569K(1863168K), 0.1188932 secs] [Times: user=0.64 sys=0.01, real=0.12 secs] 
4734.381: [Full GC (Ergonomics) [PSYoungGen: 108941K->0K(464896K)] [ParOldGen: 1329628K->126238K(1398272K)] 1438569K->126238K(1863168K), [Metaspace: 60463K->60463K(1105920K)], 0.1905123 secs] [Times: user=0.86 sys=0.00, real=0.19 secs] 
4735.044: [GC (Allocation Failure) [PSYoungGen: 230359K->174997K(465408K)] 356598K->301236K(1863680K), 0.0331180 secs] [Times: user=0.13 sys=0.00, real=0.04 secs] 
4735.257: [GC (Allocation Failure) [PSYoungGen: 407445K->184438K(465920K)] 533684K->365460K(1864192K), 0.0601538 secs] [Times: user=0.28 sys=0.00, real=0.06 secs] 
4735.498: [GC (Allocation Failure) [PSYoungGen: 417398K->186869K(465920K)] 598420K->423604K(1864192K), 0.0620808 secs] [Times: user=0.30 sys=0.00, real=0.06 secs] 
4736.899: [GC (Allocation Failure) [PSYoungGen: 419829K->99243K(465920K)] 656564K->406602K(1864192K), 0.0493798 secs] [Times: user=0.25 sys=0.00, real=0.05 secs] 
4738.879: [GC (Allocation Failure) [PSYoungGen: 332203K->162643K(465920K)] 639562K->501367K(1864192K), 0.0975706 secs] [Times: user=0.49 sys=0.00, real=0.10 secs] 
4739.165: [GC (Allocation Failure) [PSYoungGen: 395603K->181717K(465920K)] 734327K->571305K(1864192K), 0.0413849 secs] [Times: user=0.18 sys=0.00, real=0.05 secs] 
4739.346: [GC (Allocation Failure) [PSYoungGen: 414677K->185559K(465920K)] 804265K->638875K(1864192K), 0.0750604 secs] [Times: user=0.37 sys=0.00, real=0.07 secs] 
4739.820: [GC (Allocation Failure) [PSYoungGen: 418291K->217396K(465920K)] 871607K->729624K(1864192K), 0.0551057 secs] [Times: user=0.27 sys=0.00, real=0.05 secs] 
4740.823: [GC (Allocation Failure) [PSYoungGen: 450356K->90474K(465920K)] 962584K->671918K(1864192K), 0.0681266 secs] [Times: user=0.34 sys=0.00, real=0.07 secs] 
4741.326: [GC (Allocation Failure) [PSYoungGen: 323434K->182838K(465920K)] 904878K->793473K(1864192K), 0.0512503 secs] [Times: user=0.23 sys=0.00, real=0.05 secs] 
4741.515: [GC (Allocation Failure) [PSYoungGen: 415798K->189973K(465920K)] 1026433K->857249K(1864192K), 0.0447660 secs] [Times: user=0.20 sys=0.00, real=0.05 secs] 
4741.820: [GC (Allocation Failure) [PSYoungGen: 422933K->185845K(465920K)] 1090209K->908408K(1864192K), 0.0530065 secs] [Times: user=0.26 sys=0.00, real=0.05 secs] 
4743.029: [GC (Allocation Failure) [PSYoungGen: 418805K->103564K(465920K)] 1141368K->896152K(1864192K), 0.0462392 secs] [Times: user=0.24 sys=0.00, real=0.04 secs] 
4744.526: [GC (Allocation Failure) [PSYoungGen: 336524K->164275K(465920K)] 1129112K->990388K(1864192K), 0.1096260 secs] [Times: user=0.55 sys=0.01, real=0.11 secs] 
4744.911: [GC (Allocation Failure) [PSYoungGen: 397235K->181237K(465920K)] 1223348K->1058250K(1864192K), 0.0522201 secs] [Times: user=0.25 sys=0.00, real=0.05 secs] 
4745.119: [GC (Allocation Failure) [PSYoungGen: 414197K->185751K(465920K)] 1291210K->1126371K(1864192K), 0.0768392 secs] [Times: user=0.37 sys=0.00, real=0.07 secs] 
4745.317: [GC (Allocation Failure) [PSYoungGen: 418711K->186741K(465920K)] 1359331K->1186393K(1864192K), 0.0571594 secs] [Times: user=0.28 sys=0.00, real=0.05 secs] 
4746.706: [GC (Allocation Failure) [PSYoungGen: 419701K->83977K(465920K)] 1419353K->1154094K(1864192K), 0.0799114 secs] [Times: user=0.43 sys=0.00, real=0.07 secs] 
4747.432: [GC (Allocation Failure) [PSYoungGen: 316937K->179701K(465920K)] 1387054K->1276963K(1864192K), 0.0501717 secs] [Times: user=0.21 sys=0.00, real=0.05 secs] 
4747.614: [GC (Allocation Failure) [PSYoungGen: 412661K->184502K(465920K)] 1509923K->1337727K(1864192K), 0.0440308 secs] [Times: user=0.20 sys=0.00, real=0.05 secs] 
4747.764: [GC (Allocation Failure) [PSYoungGen: 417462K->186709K(465920K)] 1570687K->1395830K(1864192K), 0.0461033 secs] [Times: user=0.22 sys=0.00, real=0.05 secs] 
4748.774: [GC (Allocation Failure) [PSYoungGen: 419669K->106621K(465920K)] 1628790K->1386086K(1864192K), 0.0461178 secs] [Times: user=0.24 sys=0.00, real=0.05 secs] 
4749.197: [GC (Allocation Failure) [PSYoungGen: 339581K->164948K(465920K)] 1619046K->1479845K(1864192K), 0.0784279 secs] [Times: user=0.40 sys=0.01, real=0.07 secs] 
4749.276: [Full GC (Ergonomics) [PSYoungGen: 164948K->0K(465920K)] [ParOldGen: 1314897K->185699K(1398272K)] 1479845K->185699K(1864192K), [Metaspace: 60466K->60466K(1105920K)], 0.1908584 secs] [Times: user=0.87 sys=0.00, real=0.19 secs] 
4749.575: [GC (Allocation Failure) [PSYoungGen: 232960K->180981K(465920K)] 418659K->366680K(1864192K), 0.0327664 secs] [Times: user=0.14 sys=0.00, real=0.04 secs] 
4749.719: [GC (Allocation Failure) [PSYoungGen: 413941K->185783K(465920K)] 599640K->435182K(1864192K), 0.0443181 secs] [Times: user=0.20 sys=0.00, real=0.04 secs] 
4750.369: [GC (Allocation Failure) [PSYoungGen: 418743K->179476K(465920K)] 668142K->488011K(1864192K), 0.1333577 secs] [Times: user=0.72 sys=0.00, real=0.13 secs] 
4751.698: [GC (Allocation Failure) [PSYoungGen: 412436K->90986K(465920K)] 720971K->467658K(1864192K), 0.0608218 secs] [Times: user=0.33 sys=0.00, real=0.06 secs] 
4752.229: [GC (Allocation Failure) [PSYoungGen: 323946K->181750K(465920K)] 700618K->587274K(1864192K), 0.0491128 secs] [Times: user=0.21 sys=0.00, real=0.05 secs] 
4752.449: [GC (Allocation Failure) [PSYoungGen: 414710K->181717K(465920K)] 820234K->644034K(1864192K), 0.0647864 secs] [Times: user=0.31 sys=0.00, real=0.06 secs] 
4752.636: [GC (Allocation Failure) [PSYoungGen: 414677K->186837K(465920K)] 876994K->704569K(1864192K), 0.0453692 secs] [Times: user=0.21 sys=0.00, real=0.05 secs] 
4753.616: [GC (Allocation Failure) [PSYoungGen: 419797K->111805K(465920K)] 937529K->700022K(1864192K), 0.0461691 secs] [Times: user=0.24 sys=0.00, real=0.04 secs] 
4755.125: [GC (Allocation Failure) [PSYoungGen: 344765K->150706K(465920K)] 932982K->774919K(1864192K), 0.1418184 secs] [Times: user=0.76 sys=0.00, real=0.15 secs] 
4755.531: [GC (Allocation Failure) [PSYoungGen: 383666K->181301K(465920K)] 1007879K->852591K(1864192K), 0.0450053 secs] [Times: user=0.20 sys=0.00, real=0.04 secs] 
4755.719: [GC (Allocation Failure) [PSYoungGen: 414261K->185623K(465920K)] 1085551K->919984K(1864192K), 0.0703380 secs] [Times: user=0.34 sys=0.00, real=0.07 secs] 
4755.917: [GC (Allocation Failure) [PSYoungGen: 418583K->186837K(465920K)] 1152944K->980142K(1864192K), 0.0564192 secs] [Times: user=0.28 sys=0.00, real=0.05 secs] 
4756.980: [GC (Allocation Failure) [PSYoungGen: 419797K->91579K(465920K)] 1213102K->955308K(1864192K), 0.0651232 secs] [Times: user=0.35 sys=0.00, real=0.06 secs] 
4758.308: [GC (Allocation Failure) [PSYoungGen: 324539K->172821K(465920K)] 1188268K->1065942K(1864192K), 0.0537582 secs] [Times: user=0.23 sys=0.00, real=0.05 secs] 
4758.510: [GC (Allocation Failure) [PSYoungGen: 405781K->192950K(465920K)] 1298902K->1140115K(1864192K), 0.0440261 secs] [Times: user=0.20 sys=0.00, real=0.04 secs] 
4758.658: [GC (Allocation Failure) [PSYoungGen: 425910K->187221K(465920K)] 1373075K->1190459K(1864192K), 0.0465687 secs] [Times: user=0.22 sys=0.00, real=0.04 secs] 
4759.690: [GC (Allocation Failure) [PSYoungGen: 420181K->121487K(465920K)] 1423419K->1195341K(1864192K), 0.0482265 secs] [Times: user=0.24 sys=0.00, real=0.05 secs] 
4760.934: [GC (Allocation Failure) [PSYoungGen: 354447K->145985K(465920K)] 1428301K->1258207K(1864192K), 0.1414157 secs] [Times: user=0.77 sys=0.00, real=0.15 secs] 
4761.263: [GC (Allocation Failure) [PSYoungGen: 378945K->180853K(465920K)] 1491167K->1338976K(1864192K), 0.0401894 secs] [Times: user=0.18 sys=0.01, real=0.04 secs] 
4761.420: [GC (Allocation Failure) [PSYoungGen: 413813K->185783K(465920K)] 1571936K->1407138K(1864192K), 0.0512371 secs] [Times: user=0.24 sys=0.00, real=0.05 secs] 
4761.582: [GC (Allocation Failure) [PSYoungGen: 418743K->186549K(465920K)] 1640098K->1467032K(1864192K), 0.0588533 secs] [Times: user=0.29 sys=0.00, real=0.06 secs] 
4762.814: [GC (Allocation Failure) [PSYoungGen: 419509K->92939K(465920K)] 1699992K->1443894K(1864192K), 0.0695791 secs] [Times: user=0.38 sys=0.00, real=0.07 secs] 
4762.884: [Full GC (Ergonomics) [PSYoungGen: 92939K->0K(465920K)] [ParOldGen: 1350954K->100683K(1398272K)] 1443894K->100683K(1864192K), [Metaspace: 60466K->60466K(1105920K)], 0.1080830 secs] [Times: user=0.43 sys=0.00, real=0.11 secs] 
4763.582: [GC (Allocation Failure) [PSYoungGen: 232960K->175157K(465920K)] 333643K->275841K(1864192K), 0.0437366 secs] [Times: user=0.17 sys=0.00, real=0.05 secs] 
4763.834: [GC (Allocation Failure) [PSYoungGen: 408117K->180245K(465920K)] 508801K->335333K(1864192K), 0.0580336 secs] [Times: user=0.27 sys=0.00, real=0.06 secs] 
4764.007: [GC (Allocation Failure) [PSYoungGen: 413205K->185429K(465920K)] 568293K->395509K(1864192K), 0.0437397 secs] [Times: user=0.20 sys=0.00, real=0.04 secs] 
4765.069: [GC (Allocation Failure) [PSYoungGen: 418389K->131664K(465920K)] 628469K->411384K(1864192K), 0.0477512 secs] [Times: user=0.24 sys=0.00, real=0.05 secs] 
4765.569: [GC (Allocation Failure) [PSYoungGen: 364624K->156273K(465920K)] 644344K->477945K(1864192K), 0.1628514 secs] [Times: user=0.90 sys=0.00, real=0.16 secs] 
4766.470: [GC (Allocation Failure) [PSYoungGen: 389139K->174804K(408064K)] 710812K->541345K(1806336K), 0.0525705 secs] [Times: user=0.25 sys=0.00, real=0.05 secs] 
4766.641: [GC (Allocation Failure) [PSYoungGen: 407764K->185559K(464896K)] 774305K->613468K(1863168K), 0.0500577 secs] [Times: user=0.23 sys=0.00, real=0.05 secs] 
4766.821: [GC (Allocation Failure) [PSYoungGen: 418007K->183252K(465408K)] 845916K->670001K(1863680K), 0.0776653 secs] [Times: user=0.40 sys=0.00, real=0.08 secs] 
4767.956: [GC (Allocation Failure) [PSYoungGen: 415700K->95035K(465920K)] 902449K->651008K(1864192K), 0.0476304 secs] [Times: user=0.25 sys=0.00, real=0.04 secs] 
4768.399: [GC (Allocation Failure) [PSYoungGen: 327995K->177973K(465920K)] 883968K->765170K(1864192K), 0.0345449 secs] [Times: user=0.14 sys=0.00, real=0.03 secs] 
4768.541: [GC (Allocation Failure) [PSYoungGen: 410933K->184534K(465920K)] 998130K->827130K(1864192K), 0.0442567 secs] [Times: user=0.20 sys=0.00, real=0.04 secs] 
4768.715: [GC (Allocation Failure) [PSYoungGen: 417494K->183764K(465920K)] 1060090K->882481K(1864192K), 0.0516373 secs] [Times: user=0.24 sys=0.01, real=0.06 secs] 
4769.709: [GC (Allocation Failure) [PSYoungGen: 416724K->135248K(465920K)] 1115441K->903301K(1864192K), 0.0495490 secs] [Times: user=0.25 sys=0.00, real=0.05 secs] 
4770.561: [GC (Allocation Failure) [PSYoungGen: 368208K->138096K(465920K)] 1136261K->949133K(1864192K), 0.1494992 secs] [Times: user=0.82 sys=0.00, real=0.15 secs] 
4771.100: [GC (Allocation Failure) [PSYoungGen: 371056K->175572K(463872K)] 1182093K->1030954K(1862144K), 0.0470157 secs] [Times: user=0.22 sys=0.00, real=0.05 secs] 
4771.259: [GC (Allocation Failure) [PSYoungGen: 408532K->185719K(464896K)] 1263914K->1102612K(1863168K), 0.0511719 secs] [Times: user=0.23 sys=0.00, real=0.05 secs] 
4771.438: [GC (Allocation Failure) [PSYoungGen: 418679K->186549K(465920K)] 1335572K->1162338K(1864192K), 0.0825081 secs] [Times: user=0.43 sys=0.00, real=0.08 secs] 
4772.583: [GC (Allocation Failure) [PSYoungGen: 419509K->90874K(465920K)] 1395298K->1137024K(1864192K), 0.0641272 secs] [Times: user=0.35 sys=0.00, real=0.07 secs] 
4773.420: [GC (Allocation Failure) [PSYoungGen: 323834K->173781K(465920K)] 1369984K->1248735K(1864192K), 0.0674941 secs] [Times: user=0.29 sys=0.00, real=0.07 secs] 
4773.712: [GC (Allocation Failure) [PSYoungGen: 406741K->181749K(465920K)] 1481695K->1310932K(1864192K), 0.0609378 secs] [Times: user=0.29 sys=0.00, real=0.06 secs] 
4773.941: [GC (Allocation Failure) [PSYoungGen: 414709K->186837K(465920K)] 1543892K->1371355K(1864192K), 0.0681609 secs] [Times: user=0.34 sys=0.00, real=0.07 secs] 
4774.991: [GC (Allocation Failure) [PSYoungGen: 419797K->142033K(465920K)] 1604315K->1397064K(1864192K), 0.0524865 secs] [Times: user=0.26 sys=0.00, real=0.05 secs] 
4775.477: [GC (Allocation Failure) [PSYoungGen: 374993K->133776K(465920K)] 1630024K->1433926K(1864192K), 0.1137203 secs] [Times: user=0.62 sys=0.01, real=0.11 secs] 
4775.780: [GC (Allocation Failure) [PSYoungGen: 366736K->177941K(465920K)] 1666886K->1520752K(1864192K), 0.0395324 secs] [Times: user=0.18 sys=0.00, real=0.04 secs] 
4775.819: [Full GC (Ergonomics) [PSYoungGen: 177941K->0K(465920K)] [ParOldGen: 1342810K->238095K(1398272K)] 1520752K->238095K(1864192K), [Metaspace: 60467K->60467K(1105920K)], 0.2850260 secs] [Times: user=1.30 sys=0.00, real=0.28 secs] 
4776.214: [GC (Allocation Failure) [PSYoungGen: 232960K->184951K(465920K)] 471055K->423046K(1864192K), 0.0882832 secs] [Times: user=0.46 sys=0.00, real=0.09 secs] 
4776.406: [GC (Allocation Failure) [PSYoungGen: 417911K->183348K(465920K)] 656006K->480076K(1864192K), 0.0570698 secs] [Times: user=0.28 sys=0.00, real=0.06 secs] 
4777.591: [GC (Allocation Failure) [PSYoungGen: 416308K->91915K(465920K)] 713036K->458074K(1864192K), 0.0773399 secs] [Times: user=0.41 sys=0.00, real=0.08 secs] 
4778.949: [GC (Allocation Failure) [PSYoungGen: 324875K->175541K(465920K)] 691034K->570569K(1864192K), 0.0509853 secs] [Times: user=0.22 sys=0.00, real=0.05 secs] 
4779.203: [GC (Allocation Failure) [PSYoungGen: 408501K->184886K(465920K)] 803529K->634862K(1864192K), 0.0619014 secs] [Times: user=0.29 sys=0.00, real=0.06 secs] 
4779.381: [GC (Allocation Failure) [PSYoungGen: 417846K->186997K(465920K)] 867822K->693205K(1864192K), 0.0458727 secs] [Times: user=0.21 sys=0.00, real=0.05 secs] 
4780.341: [GC (Allocation Failure) [PSYoungGen: 419957K->143345K(465920K)] 926165K->720058K(1864192K), 0.0502953 secs] [Times: user=0.25 sys=0.00, real=0.05 secs] 
4781.076: [GC (Allocation Failure) [PSYoungGen: 376305K->124543K(465920K)] 953018K->746919K(1864192K), 0.1236013 secs] [Times: user=0.68 sys=0.01, real=0.12 secs] 
4781.697: [GC (Allocation Failure) [PSYoungGen: 357503K->178133K(465920K)] 979879K->839830K(1864192K), 0.0546713 secs] [Times: user=0.25 sys=0.00, real=0.05 secs] 
4781.927: [GC (Allocation Failure) [PSYoungGen: 411093K->186007K(465920K)] 1072790K->910224K(1864192K), 0.0713739 secs] [Times: user=0.34 sys=0.00, real=0.07 secs] 
4782.161: [GC (Allocation Failure) [PSYoungGen: 418967K->180884K(465920K)] 1143184K->964197K(1864192K), 0.0816783 secs] [Times: user=0.42 sys=0.00, real=0.08 secs] 
4783.382: [GC (Allocation Failure) [PSYoungGen: 413844K->96875K(465920K)] 1197157K->948701K(1864192K), 0.0553824 secs] [Times: user=0.30 sys=0.00, real=0.06 secs] 
4784.134: [GC (GCLocker Initiated GC) [PSYoungGen: 329835K->171700K(465920K)] 1181661K->1055306K(1864192K), 0.0605210 secs] [Times: user=0.28 sys=0.00, real=0.06 secs] 
4784.345: [GC (Allocation Failure) [PSYoungGen: 404660K->184149K(465920K)] 1288560K->1121489K(1864192K), 0.0441202 secs] [Times: user=0.19 sys=0.00, real=0.05 secs] 
4784.494: [GC (Allocation Failure) [PSYoungGen: 417109K->187605K(465920K)] 1354449K->1180833K(1864192K), 0.0468058 secs] [Times: user=0.22 sys=0.00, real=0.05 secs] 
4785.455: [GC (Allocation Failure) [PSYoungGen: 420565K->152370K(465920K)] 1413793K->1216383K(1864192K), 0.0523076 secs] [Times: user=0.26 sys=0.00, real=0.06 secs] 
4786.630: [GC (Allocation Failure) [PSYoungGen: 385330K->114781K(465920K)] 1449343K->1227033K(1864192K), 0.1469795 secs] [Times: user=0.83 sys=0.00, real=0.15 secs] 
4787.293: [GC (Allocation Failure) [PSYoungGen: 347741K->178261K(465920K)] 1459993K->1327150K(1864192K), 0.0467743 secs] [Times: user=0.22 sys=0.00, real=0.05 secs] 
4787.496: [GC (Allocation Failure) [PSYoungGen: 411221K->182582K(465920K)] 1560110K->1393847K(1864192K), 0.0739842 secs] [Times: user=0.36 sys=0.01, real=0.07 secs] 
4787.692: [GC (Allocation Failure) [PSYoungGen: 415542K->186677K(465920K)] 1626807K->1456126K(1864192K), 0.0599382 secs] [Times: user=0.30 sys=0.00, real=0.06 secs] 
4788.758: [GC (Allocation Failure) [PSYoungGen: 419637K->94859K(465920K)] 1689086K->1434812K(1864192K), 0.0485468 secs] [Times: user=0.25 sys=0.00, real=0.05 secs] 
4788.807: [Full GC (Ergonomics) [PSYoungGen: 94859K->0K(465920K)] [ParOldGen: 1339952K->91552K(1398272K)] 1434812K->91552K(1864192K), [Metaspace: 60468K->60468K(1105920K)], 0.0492493 secs] [Times: user=0.17 sys=0.00, real=0.05 secs] 
4789.795: [GC (Allocation Failure) [PSYoungGen: 232960K->167028K(465920K)] 324512K->258580K(1864192K), 0.0514003 secs] [Times: user=0.20 sys=0.01, real=0.06 secs] 
4790.037: [GC (Allocation Failure) [PSYoungGen: 399988K->184470K(465920K)] 491540K->328646K(1864192K), 0.0414434 secs] [Times: user=0.18 sys=0.00, real=0.04 secs] 
4790.189: [GC (Allocation Failure) [PSYoungGen: 417430K->184759K(465920K)] 561606K->393107K(1864192K), 0.0494378 secs] [Times: user=0.23 sys=0.00, real=0.05 secs] 
4791.074: [GC (Allocation Failure) [PSYoungGen: 417719K->168883K(465920K)] 626067K->435799K(1864192K), 0.0565953 secs] [Times: user=0.28 sys=0.00, real=0.06 secs] 
4791.579: [GC (Allocation Failure) [PSYoungGen: 401843K->109165K(465920K)] 668759K->441109K(1864192K), 0.0610582 secs] [Times: user=0.31 sys=0.00, real=0.06 secs] 
4792.104: [GC (Allocation Failure) [PSYoungGen: 339252K->173941K(465920K)] 671196K->540977K(1864192K), 0.0404010 secs] [Times: user=0.15 sys=0.00, real=0.04 secs] 
4792.257: [GC (Allocation Failure) [PSYoungGen: 406901K->184470K(465920K)] 773937K->606002K(1864192K), 0.0436473 secs] [Times: user=0.19 sys=0.00, real=0.04 secs] 
4792.465: [GC (Allocation Failure) [PSYoungGen: 417430K->186325K(465920K)] 838962K->663649K(1864192K), 0.0690065 secs] [Times: user=0.34 sys=0.00, real=0.07 secs] 
4793.532: [GC (Allocation Failure) [PSYoungGen: 419285K->99484K(465920K)] 896609K->647224K(1864192K), 0.0446649 secs] [Times: user=0.23 sys=0.00, real=0.05 secs] 
4794.514: [GC (Allocation Failure) [PSYoungGen: 332385K->169268K(465920K)] 880125K->749033K(1864192K), 0.0993764 secs] [Times: user=0.49 sys=0.00, real=0.10 secs] 
4794.828: [GC (Allocation Failure) [PSYoungGen: 402228K->183893K(465920K)] 981993K->816643K(1864192K), 0.0430777 secs] [Times: user=0.19 sys=0.00, real=0.04 secs] 
4795.002: [GC (Allocation Failure) [PSYoungGen: 416853K->186039K(465920K)] 1049603K->882756K(1864192K), 0.0565222 secs] [Times: user=0.27 sys=0.01, real=0.06 secs] 
4795.998: [GC (Allocation Failure) [PSYoungGen: 418999K->213779K(465920K)] 1115716K->969696K(1864192K), 0.0535508 secs] [Times: user=0.26 sys=0.01, real=0.05 secs] 
4796.765: [GC (Allocation Failure) [PSYoungGen: 446739K->97659K(465920K)] 1202656K->919752K(1864192K), 0.0787322 secs] [Times: user=0.42 sys=0.00, real=0.08 secs] 
4797.403: [GC (Allocation Failure) [PSYoungGen: 330619K->183190K(465920K)] 1152712K->1036572K(1864192K), 0.0506222 secs] [Times: user=0.22 sys=0.00, real=0.05 secs] 
4797.586: [GC (Allocation Failure) [PSYoungGen: 416150K->181877K(465920K)] 1269532K->1092303K(1864192K), 0.0437381 secs] [Times: user=0.20 sys=0.00, real=0.04 secs] 
4797.735: [GC (Allocation Failure) [PSYoungGen: 414837K->186549K(465920K)] 1325263K->1152383K(1864192K), 0.0451553 secs] [Times: user=0.21 sys=0.00, real=0.05 secs] 
4798.743: [GC (Allocation Failure) [PSYoungGen: 419509K->97323K(465920K)] 1385343K->1133422K(1864192K), 0.0491021 secs] [Times: user=0.26 sys=0.00, real=0.05 secs] 
4799.518: [GC (Allocation Failure) [PSYoungGen: 330283K->169908K(465920K)] 1366382K->1237723K(1864192K), 0.0669131 secs] [Times: user=0.33 sys=0.00, real=0.06 secs] 
4799.757: [GC (Allocation Failure) [PSYoungGen: 402868K->181333K(465920K)] 1470683K->1302140K(1864192K), 0.0589154 secs] [Times: user=0.28 sys=0.00, real=0.05 secs] 
4800.000: [GC (Allocation Failure) [PSYoungGen: 414293K->185623K(465920K)] 1535100K->1369565K(1864192K), 0.0699729 secs] [Times: user=0.34 sys=0.00, real=0.07 secs] 
4800.242: [GC (Allocation Failure) [PSYoungGen: 418583K->199508K(465920K)] 1602525K->1442283K(1864192K), 0.0554966 secs] [Times: user=0.27 sys=0.01, real=0.06 secs] 
4801.324: [GC (Allocation Failure) [PSYoungGen: 432468K->93131K(465920K)] 1675243K->1405001K(1864192K), 0.0692443 secs] [Times: user=0.37 sys=0.00, real=0.07 secs] 
4801.748: [GC (Allocation Failure) [PSYoungGen: 326091K->179509K(465920K)] 1637961K->1521160K(1864192K), 0.0512600 secs] [Times: user=0.23 sys=0.00, real=0.05 secs] 
4801.800: [Full GC (Ergonomics) [PSYoungGen: 179509K->0K(465920K)] [ParOldGen: 1341650K->226463K(1398272K)] 1521160K->226463K(1864192K), [Metaspace: 60468K->60468K(1105920K)], 0.2756852 secs] [Times: user=1.29 sys=0.00, real=0.27 secs] 
4802.184: [GC (Allocation Failure) [PSYoungGen: 232960K->184278K(465920K)] 459423K->410741K(1864192K), 0.0264932 secs] [Times: user=0.10 sys=0.00, real=0.03 secs] 
4802.317: [GC (Allocation Failure) [PSYoungGen: 417238K->186901K(465920K)] 643701K->469405K(1864192K), 0.0521164 secs] [Times: user=0.23 sys=0.00, real=0.05 secs] 
4804.100: [GC (Allocation Failure) [PSYoungGen: 419861K->99068K(465920K)] 702365K->452252K(1864192K), 0.0438128 secs] [Times: user=0.22 sys=0.00, real=0.04 secs] 
4805.393: [GC (Allocation Failure) [PSYoungGen: 332028K->164243K(465920K)] 685212K->548912K(1864192K), 0.1081535 secs] [Times: user=0.55 sys=0.00, real=0.11 secs] 
4805.710: [GC (Allocation Failure) [PSYoungGen: 397203K->181653K(465920K)] 781872K->617766K(1864192K), 0.0425300 secs] [Times: user=0.18 sys=0.00, real=0.04 secs] 
4805.884: [GC (Allocation Failure) [PSYoungGen: 414613K->185687K(465920K)] 850726K->685344K(1864192K), 0.0547507 secs] [Times: user=0.27 sys=0.00, real=0.06 secs] 
4806.087: [GC (Allocation Failure) [PSYoungGen: 418647K->186037K(465920K)] 918304K->744726K(1864192K), 0.0796087 secs] [Times: user=0.40 sys=0.00, real=0.08 secs] 
4807.296: [GC (Allocation Failure) [PSYoungGen: 418997K->85306K(465920K)] 977686K->714171K(1864192K), 0.0754754 secs] [Times: user=0.41 sys=0.00, real=0.08 secs] 
4808.044: [GC (Allocation Failure) [PSYoungGen: 318266K->178453K(465920K)] 947131K->834762K(1864192K), 0.0500356 secs] [Times: user=0.21 sys=0.00, real=0.05 secs] 
4808.301: [GC (Allocation Failure) [PSYoungGen: 411413K->184534K(465920K)] 1067722K->896687K(1864192K), 0.0567546 secs] [Times: user=0.27 sys=0.00, real=0.06 secs] 
4808.473: [GC (Allocation Failure) [PSYoungGen: 417494K->183956K(465920K)] 1129647K->952126K(1864192K), 0.0450184 secs] [Times: user=0.21 sys=0.01, real=0.05 secs] 
4809.455: [GC (Allocation Failure) [PSYoungGen: 416916K->111437K(465920K)] 1185086K->948974K(1864192K), 0.0460340 secs] [Times: user=0.24 sys=0.00, real=0.05 secs] 
4810.297: [GC (Allocation Failure) [PSYoungGen: 344397K->160051K(465920K)] 1181934K->1033641K(1864192K), 0.1362018 secs] [Times: user=0.73 sys=0.01, real=0.13 secs] 
4810.748: [GC (Allocation Failure) [PSYoungGen: 393011K->184374K(465920K)] 1266601K->1107840K(1864192K), 0.0527448 secs] [Times: user=0.25 sys=0.00, real=0.05 secs] 
4810.908: [GC (Allocation Failure) [PSYoungGen: 417334K->185751K(465920K)] 1340800K->1181625K(1864192K), 0.0506211 secs] [Times: user=0.24 sys=0.00, real=0.05 secs] 
4811.062: [GC (Allocation Failure) [PSYoungGen: 418711K->183572K(465920K)] 1414585K->1238239K(1864192K), 0.0565474 secs] [Times: user=0.27 sys=0.00, real=0.06 secs] 
4812.609: [GC (GCLocker Initiated GC) [PSYoungGen: 416532K->90570K(465920K)] 1471199K->1214557K(1864192K), 0.1228929 secs] [Times: user=0.59 sys=0.00, real=0.12 secs] 
4813.955: [GC (Allocation Failure) [PSYoungGen: 323530K->174293K(465920K)] 1447648K->1326711K(1864192K), 0.0585786 secs] [Times: user=0.26 sys=0.01, real=0.06 secs] 
4814.167: [GC (Allocation Failure) [PSYoungGen: 407253K->184758K(465920K)] 1559671K->1391896K(1864192K), 0.0462899 secs] [Times: user=0.22 sys=0.00, real=0.04 secs] 
4814.341: [GC (Allocation Failure) [PSYoungGen: 417718K->186997K(465920K)] 1624856K->1450095K(1864192K), 0.0553833 secs] [Times: user=0.27 sys=0.00, real=0.06 secs] 
4815.416: [GC (Allocation Failure) [PSYoungGen: 419957K->113517K(465920K)] 1683055K->1447136K(1864192K), 0.0496535 secs] [Times: user=0.26 sys=0.00, real=0.05 secs] 
4815.465: [Full GC (Ergonomics) [PSYoungGen: 113517K->0K(465920K)] [ParOldGen: 1333618K->96609K(1398272K)] 1447136K->96609K(1864192K), [Metaspace: 60468K->60468K(1105920K)], 0.0359257 secs] [Times: user=0.11 sys=0.00, real=0.04 secs] 
4816.639: [GC (Allocation Failure) [PSYoungGen: 232960K->150578K(465920K)] 329569K->247188K(1864192K), 0.0635225 secs] [Times: user=0.24 sys=0.00, real=0.06 secs] 
4817.070: [GC (Allocation Failure) [PSYoungGen: 383538K->183701K(465920K)] 480148K->327223K(1864192K), 0.0538902 secs] [Times: user=0.25 sys=0.00, real=0.05 secs] 
4817.241: [GC (Allocation Failure) [PSYoungGen: 416661K->182934K(465920K)] 560183K->390588K(1864192K), 0.0491034 secs] [Times: user=0.23 sys=0.00, real=0.05 secs] 
4817.397: [GC (Allocation Failure) [PSYoungGen: 415894K->203093K(465920K)] 623548K->469011K(1864192K), 0.0568041 secs] [Times: user=0.29 sys=0.00, real=0.05 secs] 
4818.459: [GC (Allocation Failure) [PSYoungGen: 436053K->96507K(465920K)] 701971K->432945K(1864192K), 0.0455465 secs] [Times: user=0.24 sys=0.00, real=0.04 secs] 
4818.891: [GC (Allocation Failure) [PSYoungGen: 329467K->175477K(465920K)] 665905K->543559K(1864192K), 0.0418668 secs] [Times: user=0.18 sys=0.00, real=0.04 secs] 
4819.088: [GC (GCLocker Initiated GC) [PSYoungGen: 408437K->183765K(465920K)] 776520K->606528K(1864192K), 0.0630322 secs] [Times: user=0.30 sys=0.00, real=0.06 secs] 
4819.282: [GC (Allocation Failure) [PSYoungGen: 416725K->202773K(465920K)] 839527K->681422K(1864192K), 0.0461572 secs] [Times: user=0.22 sys=0.00, real=0.05 secs] 
4820.788: [GC (Allocation Failure) [PSYoungGen: 435733K->115886K(465920K)] 914382K->664919K(1864192K), 0.0465753 secs] [Times: user=0.24 sys=0.00, real=0.04 secs] 
4821.490: [GC (Allocation Failure) [PSYoungGen: 348846K->151666K(465920K)] 897879K->737355K(1864192K), 0.1067576 secs] [Times: user=0.56 sys=0.01, real=0.11 secs] 
4821.900: [GC (Allocation Failure) [PSYoungGen: 384626K->181077K(465920K)] 970315K->814123K(1864192K), 0.0428364 secs] [Times: user=0.20 sys=0.00, real=0.04 secs] 
4822.052: [GC (Allocation Failure) [PSYoungGen: 414037K->185463K(465920K)] 1047083K->882045K(1864192K), 0.0503036 secs] [Times: user=0.23 sys=0.00, real=0.05 secs] 
4822.271: [GC (Allocation Failure) [PSYoungGen: 418423K->185877K(465920K)] 1115005K->941107K(1864192K), 0.0818882 secs] [Times: user=0.42 sys=0.00, real=0.08 secs] 
4823.652: [GC (Allocation Failure) [PSYoungGen: 418837K->91514K(465920K)] 1174067K->917097K(1864192K), 0.1016351 secs] [Times: user=0.55 sys=0.00, real=0.10 secs] 
4824.717: [GC (Allocation Failure) [PSYoungGen: 324474K->171252K(465920K)] 1150057K->1025983K(1864192K), 0.0597971 secs] [Times: user=0.27 sys=0.00, real=0.06 secs] 
4824.943: [GC (Allocation Failure) [PSYoungGen: 404212K->184438K(465920K)] 1258943K->1092949K(1864192K), 0.0430924 secs] [Times: user=0.19 sys=0.00, real=0.05 secs] 
4825.113: [GC (Allocation Failure) [PSYoungGen: 417398K->186933K(465920K)] 1325909K->1151212K(1864192K), 0.0554523 secs] [Times: user=0.27 sys=0.00, real=0.06 secs] 
4826.127: [GC (Allocation Failure) [PSYoungGen: 419893K->126191K(465920K)] 1384172K->1161046K(1864192K), 0.0484306 secs] [Times: user=0.25 sys=0.00, real=0.05 secs] 
4826.488: [GC (Allocation Failure) [PSYoungGen: 359151K->145841K(465920K)] 1394006K->1220748K(1864192K), 0.1116656 secs] [Times: user=0.60 sys=0.00, real=0.11 secs] 
4826.953: [GC (Allocation Failure) [PSYoungGen: 378801K->177332K(465920K)] 1453708K->1297532K(1864192K), 0.0582317 secs] [Times: user=0.27 sys=0.00, real=0.06 secs] 
4827.193: [GC (Allocation Failure) [PSYoungGen: 410292K->185335K(465920K)] 1530492K->1368379K(1864192K), 0.0709675 secs] [Times: user=0.35 sys=0.00, real=0.07 secs] 
4827.376: [GC (Allocation Failure) [PSYoungGen: 418295K->186613K(465920K)] 1601339K->1428425K(1864192K), 0.0581950 secs] [Times: user=0.28 sys=0.00, real=0.05 secs] 
4828.476: [GC (Allocation Failure) [PSYoungGen: 419573K->94251K(465920K)] 1661385K->1406439K(1864192K), 0.0466302 secs] [Times: user=0.24 sys=0.00, real=0.04 secs] 
4828.523: [Full GC (Ergonomics) [PSYoungGen: 94251K->0K(465920K)] [ParOldGen: 1312188K->100551K(1398272K)] 1406439K->100551K(1864192K), [Metaspace: 60468K->60468K(1105920K)], 0.0732289 secs] [Times: user=0.29 sys=0.00, real=0.08 secs] 
4829.197: [GC (Allocation Failure) [PSYoungGen: 232960K->177397K(465920K)] 333511K->277948K(1864192K), 0.0453003 secs] [Times: user=0.16 sys=0.00, real=0.04 secs] 
4829.409: [GC (Allocation Failure) [PSYoungGen: 410357K->184374K(465920K)] 510908K->339981K(1864192K), 0.0427556 secs] [Times: user=0.19 sys=0.01, real=0.04 secs] 
4829.556: [GC (Allocation Failure) [PSYoungGen: 417334K->186357K(465920K)] 572941K->397884K(1864192K), 0.0451064 secs] [Times: user=0.20 sys=0.00, real=0.04 secs] 
4830.863: [GC (Allocation Failure) [PSYoungGen: 419317K->126543K(465920K)] 630844K->408487K(1864192K), 0.0474309 secs] [Times: user=0.23 sys=0.00, real=0.05 secs] 
4831.887: [GC (Allocation Failure) [PSYoungGen: 359503K->139856K(465920K)] 641447K->461952K(1864192K), 0.1348512 secs] [Times: user=0.73 sys=0.01, real=0.13 secs] 
4832.460: [GC (Allocation Failure) [PSYoungGen: 372816K->175380K(465920K)] 694912K->542061K(1864192K), 0.0501081 secs] [Times: user=0.23 sys=0.00, real=0.05 secs] 
4832.688: [GC (Allocation Failure) [PSYoungGen: 408340K->185623K(465920K)] 775021K->613823K(1864192K), 0.0694071 secs] [Times: user=0.34 sys=0.00, real=0.07 secs] 
4832.910: [GC (Allocation Failure) [PSYoungGen: 418583K->186453K(465920K)] 846783K->673605K(1864192K), 0.0765020 secs] [Times: user=0.39 sys=0.01, real=0.08 secs] 
4834.108: [GC (Allocation Failure) [PSYoungGen: 419413K->90762K(465920K)] 906565K->648467K(1864192K), 0.0575209 secs] [Times: user=0.31 sys=0.01, real=0.05 secs] 
4834.630: [GC (Allocation Failure) [PSYoungGen: 323722K->174133K(465920K)] 881427K->761521K(1864192K), 0.0528733 secs] [Times: user=0.23 sys=0.01, real=0.05 secs] 
4834.880: [GC (GCLocker Initiated GC) [PSYoungGen: 407093K->183125K(465920K)] 994481K->825090K(1864192K), 0.0572333 secs] [Times: user=0.27 sys=0.01, real=0.06 secs] 
4835.045: [GC (Allocation Failure) [PSYoungGen: 416085K->187029K(465920K)] 1058053K->884708K(1864192K), 0.0454726 secs] [Times: user=0.21 sys=0.00, real=0.05 secs] 
4835.990: [GC (Allocation Failure) [PSYoungGen: 419989K->139345K(465920K)] 1117668K->907544K(1864192K), 0.0496114 secs] [Times: user=0.25 sys=0.00, real=0.05 secs] 
4837.055: [GC (Allocation Failure) [PSYoungGen: 372305K->131359K(465920K)] 1140504K->943647K(1864192K), 0.1813582 secs] [Times: user=1.02 sys=0.00, real=0.19 secs] 
4837.704: [GC (Allocation Failure) [PSYoungGen: 364319K->174708K(465920K)] 1176607K->1028876K(1864192K), 0.0489839 secs] [Times: user=0.23 sys=0.00, real=0.05 secs] 
4837.868: [GC (GCLocker Initiated GC) [PSYoungGen: 407668K->185175K(465920K)] 1261836K->1101139K(1864192K), 0.0497132 secs] [Times: user=0.23 sys=0.00, real=0.05 secs] 
4838.053: [GC (Allocation Failure) [PSYoungGen: 418135K->186581K(465920K)] 1334266K->1161408K(1864192K), 0.0626437 secs] [Times: user=0.32 sys=0.00, real=0.06 secs] 
4839.071: [GC (Allocation Failure) [PSYoungGen: 419541K->95099K(465920K)] 1394368K->1140326K(1864192K), 0.0617033 secs] [Times: user=0.33 sys=0.00, real=0.06 secs] 
4839.791: [GC (Allocation Failure) [PSYoungGen: 328059K->173749K(465920K)] 1373286K->1248996K(1864192K), 0.0653996 secs] [Times: user=0.31 sys=0.00, real=0.07 secs] 
4840.058: [GC (Allocation Failure) [PSYoungGen: 406709K->184534K(465920K)] 1481956K->1314465K(1864192K), 0.0610782 secs] [Times: user=0.30 sys=0.00, real=0.06 secs] 
4840.223: [GC (Allocation Failure) [PSYoungGen: 417494K->187029K(465920K)] 1547425K->1372881K(1864192K), 0.0501522 secs] [Times: user=0.23 sys=0.00, real=0.05 secs] 
4841.207: [GC (Allocation Failure) [PSYoungGen: 419989K->143505K(465920K)] 1605841K->1399829K(1864192K), 0.0544646 secs] [Times: user=0.28 sys=0.00, real=0.05 secs] 
4841.722: [GC (Allocation Failure) [PSYoungGen: 376465K->127167K(465920K)] 1632789K->1429123K(1864192K), 0.1482251 secs] [Times: user=0.82 sys=0.01, real=0.15 secs] 
4842.645: [GC (Allocation Failure) [PSYoungGen: 360127K->171220K(465920K)] 1662083K->1513373K(1864192K), 0.0540702 secs] [Times: user=0.25 sys=0.00, real=0.06 secs] 
4842.699: [Full GC (Ergonomics) [PSYoungGen: 171220K->0K(465920K)] [ParOldGen: 1342152K->228532K(1398272K)] 1513373K->228532K(1864192K), [Metaspace: 60468K->60468K(1105920K)], 0.2855842 secs] [Times: user=1.34 sys=0.00, real=0.28 secs] 
4843.104: [GC (Allocation Failure) [PSYoungGen: 232960K->185271K(465920K)] 461492K->413804K(1864192K), 0.0836281 secs] [Times: user=0.43 sys=0.00, real=0.09 secs] 
4843.305: [GC (Allocation Failure) [PSYoungGen: 418231K->183988K(465920K)] 646764K->471409K(1864192K), 0.0587562 secs] [Times: user=0.28 sys=0.00, real=0.06 secs] 
4844.295: [GC (Allocation Failure) [PSYoungGen: 416948K->99756K(465920K)] 704369K->456609K(1864192K), 0.0448826 secs] [Times: user=0.23 sys=0.00, real=0.05 secs] 
4844.810: [GC (GCLocker Initiated GC) [PSYoungGen: 332716K->176117K(465920K)] 689569K->565534K(1864192K), 0.0617960 secs] [Times: user=0.28 sys=0.00, real=0.06 secs] 
4845.032: [GC (Allocation Failure) [PSYoungGen: 409077K->180949K(465920K)] 798496K->625137K(1864192K), 0.0428452 secs] [Times: user=0.19 sys=0.01, real=0.04 secs] 
4845.181: [GC (Allocation Failure) [PSYoungGen: 413909K->187413K(465920K)] 858097K->686832K(1864192K), 0.0453948 secs] [Times: user=0.21 sys=0.00, real=0.05 secs] 
4846.169: [GC (Allocation Failure) [PSYoungGen: 420373K->150482K(465920K)] 919792K->720726K(1864192K), 0.0511342 secs] [Times: user=0.25 sys=0.00, real=0.05 secs] 
4847.494: [GC (Allocation Failure) [PSYoungGen: 383442K->118398K(465920K)] 953686K->736209K(1864192K), 0.1413220 secs] [Times: user=0.79 sys=0.01, real=0.14 secs] 
4848.543: [GC (Allocation Failure) [PSYoungGen: 351358K->182836K(465920K)] 969169K->838271K(1864192K), 0.0556493 secs] [Times: user=0.26 sys=0.00, real=0.06 secs] 
4848.732: [GC (Allocation Failure) [PSYoungGen: 415796K->185463K(465920K)] 1071231K->901990K(1864192K), 0.0491419 secs] [Times: user=0.22 sys=0.00, real=0.05 secs] 
4848.883: [GC (Allocation Failure) [PSYoungGen: 418423K->184084K(465920K)] 1134950K->959395K(1864192K), 0.0586239 secs] [Times: user=0.28 sys=0.01, real=0.06 secs] 
4849.904: [GC (Allocation Failure) [PSYoungGen: 417044K->94715K(465920K)] 1192355K->939530K(1864192K), 0.0458723 secs] [Times: user=0.24 sys=0.00, real=0.05 secs] 
4850.760: [GC (Allocation Failure) [PSYoungGen: 327675K->172468K(465920K)] 1172490K->1048064K(1864192K), 0.0605931 secs] [Times: user=0.28 sys=0.00, real=0.06 secs] 
4850.969: [GC (Allocation Failure) [PSYoungGen: 405428K->184438K(465920K)] 1281024K->1113601K(1864192K), 0.0448730 secs] [Times: user=0.20 sys=0.00, real=0.04 secs] 
4851.119: [GC (Allocation Failure) [PSYoungGen: 409860K->177654K(465920K)] 1339024K->1171049K(1864192K), 0.0509633 secs] [Times: user=0.24 sys=0.00, real=0.05 secs] 
4851.939: [GC (Allocation Failure) [PSYoungGen: 406443K->206003K(465920K)] 1399838K->1255854K(1864192K), 0.0559919 secs] [Times: user=0.28 sys=0.00, real=0.05 secs] 
4852.756: [GC (Allocation Failure) [PSYoungGen: 438963K->97819K(465920K)] 1488814K->1212374K(1864192K), 0.1234777 secs] [Times: user=0.68 sys=0.01, real=0.13 secs] 
4853.352: [GC (Allocation Failure) [PSYoungGen: 330779K->181942K(465920K)] 1445334K->1327414K(1864192K), 0.0619548 secs] [Times: user=0.28 sys=0.00, real=0.06 secs] 
4853.567: [GC (Allocation Failure) [PSYoungGen: 414902K->184822K(465920K)] 1560374K->1386934K(1864192K), 0.0470148 secs] [Times: user=0.21 sys=0.00, real=0.04 secs] 
4853.725: [GC (Allocation Failure) [PSYoungGen: 417782K->186485K(465920K)] 1619894K->1444669K(1864192K), 0.0472067 secs] [Times: user=0.22 sys=0.00, real=0.05 secs] 
4855.007: [GC (Allocation Failure) [PSYoungGen: 419445K->97019K(465920K)] 1677629K->1425652K(1864192K), 0.0501464 secs] [Times: user=0.26 sys=0.00, real=0.05 secs] 
4855.057: [Full GC (Ergonomics) [PSYoungGen: 97019K->0K(465920K)] [ParOldGen: 1328632K->88671K(1398272K)] 1425652K->88671K(1864192K), [Metaspace: 60468K->60468K(1105920K)], 0.0352694 secs] [Times: user=0.11 sys=0.00, real=0.03 secs] 
4856.051: [GC (Allocation Failure) [PSYoungGen: 232960K->167604K(465920K)] 321631K->256275K(1864192K), 0.0435955 secs] [Times: user=0.17 sys=0.00, real=0.04 secs] 
4856.288: [GC (Allocation Failure) [PSYoungGen: 400564K->189813K(465920K)] 489235K->331173K(1864192K), 0.0419032 secs] [Times: user=0.19 sys=0.00, real=0.04 secs] 
4856.441: [GC (Allocation Failure) [PSYoungGen: 422773K->185783K(465920K)] 564133K->390631K(1864192K), 0.0487113 secs] [Times: user=0.22 sys=0.01, real=0.05 secs] 
4856.661: [GC (Allocation Failure) [PSYoungGen: 418743K->215956K(465920K)] 623591K->479780K(1864192K), 0.0733093 secs] [Times: user=0.37 sys=0.00, real=0.07 secs] 
4857.927: [GC (Allocation Failure) [PSYoungGen: 448916K->87754K(465920K)] 712740K->420730K(1864192K), 0.0615071 secs] [Times: user=0.33 sys=0.00, real=0.06 secs] 
4858.507: [GC (Allocation Failure) [PSYoungGen: 320714K->176597K(465920K)] 653690K->537685K(1864192K), 0.0538575 secs] [Times: user=0.24 sys=0.00, real=0.05 secs] 
4858.711: [GC (Allocation Failure) [PSYoungGen: 409557K->192886K(465920K)] 770645K->609422K(1864192K), 0.0427672 secs] [Times: user=0.19 sys=0.00, real=0.04 secs] 
4858.902: [GC (Allocation Failure) [PSYoungGen: 425846K->186773K(465920K)] 842382K->659241K(1864192K), 0.0692203 secs] [Times: user=0.33 sys=0.00, real=0.07 secs] 
4859.932: [GC (Allocation Failure) [PSYoungGen: 419733K->104540K(465920K)] 892201K->647424K(1864192K), 0.0447738 secs] [Times: user=0.23 sys=0.00, real=0.05 secs] 
4860.430: [GC (Allocation Failure) [PSYoungGen: 337500K->164243K(465920K)] 880384K->741727K(1864192K), 0.0743635 secs] [Times: user=0.38 sys=0.00, real=0.07 secs] 
4860.695: [GC (Allocation Failure) [PSYoungGen: 397203K->183573K(465920K)] 974687K->812361K(1864192K), 0.0513791 secs] [Times: user=0.24 sys=0.00, real=0.06 secs] 
4860.891: [GC (Allocation Failure) [PSYoungGen: 416533K->183766K(465920K)] 1045321K->876458K(1864192K), 0.0787097 secs] [Times: user=0.39 sys=0.01, real=0.08 secs] 
4861.099: [GC (Allocation Failure) [PSYoungGen: 416726K->185397K(465920K)] 1109418K->936752K(1864192K), 0.0567726 secs] [Times: user=0.28 sys=0.00, real=0.06 secs] 
4862.523: [GC (Allocation Failure) [PSYoungGen: 418357K->91274K(465920K)] 1169712K->912678K(1864192K), 0.0732642 secs] [Times: user=0.39 sys=0.00, real=0.08 secs] 
4863.155: [GC (Allocation Failure) [PSYoungGen: 324234K->180502K(465920K)] 1145638K->1031378K(1864192K), 0.0496243 secs] [Times: user=0.22 sys=0.00, real=0.05 secs] 
4863.334: [GC (Allocation Failure) [PSYoungGen: 413462K->184245K(465920K)] 1264338K->1091106K(1864192K), 0.0446469 secs] [Times: user=0.20 sys=0.00, real=0.05 secs] 
4863.504: [GC (Allocation Failure) [PSYoungGen: 417205K->186293K(465920K)] 1324066K->1148969K(1864192K), 0.0517886 secs] [Times: user=0.25 sys=0.00, real=0.06 secs] 
4864.870: [GC (Allocation Failure) [PSYoungGen: 419253K->101884K(465920K)] 1381929K->1134728K(1864192K), 0.0461394 secs] [Times: user=0.24 sys=0.01, real=0.05 secs] 
4865.878: [GC (Allocation Failure) [PSYoungGen: 334844K->160723K(465920K)] 1367688K->1226891K(1864192K), 0.1002790 secs] [Times: user=0.50 sys=0.00, real=0.10 secs] 
4866.194: [GC (Allocation Failure) [PSYoungGen: 393683K->181397K(465920K)] 1459851K->1297745K(1864192K), 0.0426757 secs] [Times: user=0.19 sys=0.00, real=0.05 secs] 
4866.394: [GC (Allocation Failure) [PSYoungGen: 414357K->185879K(465920K)] 1530705K->1365611K(1864192K), 0.0757789 secs] [Times: user=0.38 sys=0.00, real=0.08 secs] 
4866.585: [GC (Allocation Failure) [PSYoungGen: 418839K->186517K(465920K)] 1598571K->1425177K(1864192K), 0.0596170 secs] [Times: user=0.29 sys=0.01, real=0.06 secs] 
4867.665: [GC (Allocation Failure) [PSYoungGen: 419477K->91450K(465920K)] 1658137K->1400515K(1864192K), 0.0557775 secs] [Times: user=0.29 sys=0.01, real=0.06 secs] 
4868.463: [GC (GCLocker Initiated GC) [PSYoungGen: 324410K->177717K(465920K)] 1633476K->1515747K(1864192K), 0.0518610 secs] [Times: user=0.23 sys=0.00, real=0.05 secs] 
4868.515: [Full GC (Ergonomics) [PSYoungGen: 177717K->0K(465920K)] [ParOldGen: 1338030K->220104K(1398272K)] 1515747K->220104K(1864192K), [Metaspace: 60468K->60468K(1105920K)], 0.2595107 secs] [Times: user=1.20 sys=0.00, real=0.26 secs] 
4868.882: [GC (Allocation Failure) [PSYoungGen: 232960K->181685K(465920K)] 453067K->401792K(1864192K), 0.0263842 secs] [Times: user=0.09 sys=0.00, real=0.03 secs] 
4869.014: [GC (Allocation Failure) [PSYoungGen: 414645K->187221K(465920K)] 634752K->462632K(1864192K), 0.0453153 secs] [Times: user=0.21 sys=0.00, real=0.05 secs] 
4870.523: [GC (Allocation Failure) [PSYoungGen: 420181K->111389K(465920K)] 695592K->457476K(1864192K), 0.0457271 secs] [Times: user=0.23 sys=0.00, real=0.05 secs] 
4871.084: [GC (Allocation Failure) [PSYoungGen: 344349K->156594K(465920K)] 690436K->539357K(1864192K), 0.0832169 secs] [Times: user=0.42 sys=0.01, real=0.09 secs] 
4871.368: [GC (Allocation Failure) [PSYoungGen: 389554K->181045K(465920K)] 772317K->612504K(1864192K), 0.0407988 secs] [Times: user=0.17 sys=0.00, real=0.04 secs] 
4871.519: [GC (Allocation Failure) [PSYoungGen: 414005K->185911K(465920K)] 845464K->680870K(1864192K), 0.0496085 secs] [Times: user=0.23 sys=0.00, real=0.05 secs] 
4871.675: [GC (Allocation Failure) [PSYoungGen: 418871K->186581K(465920K)] 913830K->740388K(1864192K), 0.0576452 secs] [Times: user=0.28 sys=0.00, real=0.06 secs] 
4872.974: [GC (Allocation Failure) [PSYoungGen: 419541K->88298K(465920K)] 973348K->712625K(1864192K), 0.0915691 secs] [Times: user=0.50 sys=0.01, real=0.09 secs] 
4874.103: [GC (Allocation Failure) [PSYoungGen: 321258K->177269K(465920K)] 945585K->829441K(1864192K), 0.0558951 secs] [Times: user=0.24 sys=0.00, real=0.06 secs] 
4874.357: [GC (Allocation Failure) [PSYoungGen: 410229K->185014K(465920K)] 1062401K->892573K(1864192K), 0.0601707 secs] [Times: user=0.29 sys=0.00, real=0.06 secs] 
4874.584: [GC (Allocation Failure) [PSYoungGen: 417974K->183956K(465920K)] 1125533K->947588K(1864192K), 0.0642176 secs] [Times: user=0.31 sys=0.00, real=0.07 secs] 
4875.590: [GC (Allocation Failure) [PSYoungGen: 416916K->117614K(465920K)] 1180548K->950494K(1864192K), 0.0467829 secs] [Times: user=0.23 sys=0.00, real=0.05 secs] 
4876.335: [GC (Allocation Failure) [PSYoungGen: 350574K->149537K(465920K)] 1183454K->1019789K(1864192K), 0.1203891 secs] [Times: user=0.64 sys=0.00, real=0.12 secs] 
4876.699: [GC (Allocation Failure) [PSYoungGen: 382497K->183733K(465920K)] 1252749K->1100550K(1864192K), 0.0411597 secs] [Times: user=0.18 sys=0.00, real=0.04 secs] 
4876.871: [GC (Allocation Failure) [PSYoungGen: 416693K->182742K(465920K)] 1333510K->1163551K(1864192K), 0.0608871 secs] [Times: user=0.30 sys=0.00, real=0.06 secs] 
4877.056: [GC (Allocation Failure) [PSYoungGen: 415702K->186325K(465920K)] 1396511K->1225286K(1864192K), 0.0571871 secs] [Times: user=0.28 sys=0.00, real=0.05 secs] 
4878.131: [GC (Allocation Failure) [PSYoungGen: 419285K->91450K(465920K)] 1458246K->1200715K(1864192K), 0.0532689 secs] [Times: user=0.28 sys=0.00, real=0.05 secs] 
4879.118: [GC (Allocation Failure) [PSYoungGen: 324410K->174517K(465920K)] 1433675K->1313322K(1864192K), 0.0612317 secs] [Times: user=0.27 sys=0.00, real=0.06 secs] 
4879.386: [GC (Allocation Failure) [PSYoungGen: 407477K->184438K(465920K)] 1546282K->1377875K(1864192K), 0.0574387 secs] [Times: user=0.28 sys=0.00, real=0.06 secs] 
4879.758: [GC (Allocation Failure) [PSYoungGen: 417398K->185941K(465920K)] 1610835K->1435458K(1864192K), 0.0616296 secs] [Times: user=0.31 sys=0.00, real=0.06 secs] 
4881.429: [GC (Allocation Failure) [PSYoungGen: 418901K->124687K(465920K)] 1668418K->1444204K(1864192K), 0.0501064 secs] [Times: user=0.25 sys=0.00, real=0.05 secs] 
4881.479: [Full GC (Ergonomics) [PSYoungGen: 124687K->0K(465920K)] [ParOldGen: 1319517K->339319K(1398272K)] 1444204K->339319K(1864192K), [Metaspace: 60468K->60468K(1105920K)], 0.5827674 secs] [Times: user=2.54 sys=0.00, real=0.58 secs] 
4883.525: [GC (Allocation Failure) [PSYoungGen: 232960K->140048K(465920K)] 572279K->479368K(1864192K), 0.0616363 secs] [Times: user=0.23 sys=0.00, real=0.07 secs] 
4884.063: [GC (GCLocker Initiated GC) [PSYoungGen: 373008K->174932K(465920K)] 712328K->558909K(1864192K), 0.0516794 secs] [Times: user=0.24 sys=0.00, real=0.05 secs] 
4884.282: [GC (Allocation Failure) [PSYoungGen: 407892K->185783K(465920K)] 791908K->638838K(1864192K), 0.0755713 secs] [Times: user=0.37 sys=0.00, real=0.08 secs] 
4884.530: [GC (Allocation Failure) [PSYoungGen: 418743K->182388K(465920K)] 871798K->694396K(1864192K), 0.0665065 secs] [Times: user=0.34 sys=0.01, real=0.07 secs] 
4885.590: [GC (Allocation Failure) [PSYoungGen: 415348K->95323K(465920K)] 927356K->676306K(1864192K), 0.0421069 secs] [Times: user=0.22 sys=0.00, real=0.04 secs] 
4887.044: [GC (Allocation Failure) [PSYoungGen: 328283K->172853K(465920K)] 909266K->784872K(1864192K), 0.0574742 secs] [Times: user=0.26 sys=0.01, real=0.06 secs] 
4887.259: [GC (Allocation Failure) [PSYoungGen: 405813K->184598K(465920K)] 1017832K->850193K(1864192K), 0.0428794 secs] [Times: user=0.19 sys=0.00, real=0.04 secs] 
4887.405: [GC (Allocation Failure) [PSYoungGen: 417558K->184180K(465920K)] 1083153K->905759K(1864192K), 0.0455091 secs] [Times: user=0.22 sys=0.00, real=0.05 secs] 
4888.748: [GC (Allocation Failure) [PSYoungGen: 417140K->141873K(465920K)] 1138719K->933092K(1864192K), 0.0499656 secs] [Times: user=0.24 sys=0.00, real=0.05 secs] 
4889.632: [GC (Allocation Failure) [PSYoungGen: 374833K->126543K(465920K)] 1166052K->962642K(1864192K), 0.1748977 secs] [Times: user=0.99 sys=0.00, real=0.18 secs] 
4890.321: [GC (Allocation Failure) [PSYoungGen: 359503K->186005K(465920K)] 1195602K->1061781K(1864192K), 0.0487813 secs] [Times: user=0.22 sys=0.00, real=0.05 secs] 
4890.498: [GC (Allocation Failure) [PSYoungGen: 418965K->185751K(465920K)] 1294741K->1123895K(1864192K), 0.0585319 secs] [Times: user=0.28 sys=0.00, real=0.06 secs] 
4890.682: [GC (Allocation Failure) [PSYoungGen: 418711K->186773K(465920K)] 1356855K->1183877K(1864192K), 0.0588146 secs] [Times: user=0.29 sys=0.00, real=0.06 secs] 
4891.707: [GC (Allocation Failure) [PSYoungGen: 419733K->92075K(465920K)] 1416837K->1159651K(1864192K), 0.0448084 secs] [Times: user=0.24 sys=0.00, real=0.04 secs] 
4893.068: [GC (Allocation Failure) [PSYoungGen: 325035K->171860K(465920K)] 1392611K->1268537K(1864192K), 0.0673709 secs] [Times: user=0.30 sys=0.00, real=0.06 secs] 
4893.318: [GC (Allocation Failure) [PSYoungGen: 404820K->184790K(465920K)] 1501497K->1335431K(1864192K), 0.0436461 secs] [Times: user=0.20 sys=0.00, real=0.04 secs] 
4893.464: [GC (Allocation Failure) [PSYoungGen: 417750K->187509K(465920K)] 1568391K->1394166K(1864192K), 0.0467319 secs] [Times: user=0.22 sys=0.00, real=0.05 secs] 
4894.407: [GC (Allocation Failure) [PSYoungGen: 420469K->149298K(465920K)] 1627126K->1426499K(1864192K), 0.0519609 secs] [Times: user=0.26 sys=0.00, real=0.05 secs] 
4895.001: [GC (Allocation Failure) [PSYoungGen: 382258K->116286K(465920K)] 1659459K->1440783K(1864192K), 0.1023631 secs] [Times: user=0.56 sys=0.00, real=0.10 secs] 
4895.103: [Full GC (Ergonomics) [PSYoungGen: 116286K->0K(465920K)] [ParOldGen: 1324497K->133571K(1398272K)] 1440783K->133571K(1864192K), [Metaspace: 60468K->59562K(1105920K)], 0.1422712 secs] [Times: user=0.60 sys=0.00, real=0.14 secs] 
4895.484: [GC (Allocation Failure) [PSYoungGen: 232960K->178069K(465920K)] 366531K->311640K(1864192K), 0.0265486 secs] [Times: user=0.09 sys=0.00, real=0.03 secs] 
4895.621: [GC (Allocation Failure) [PSYoungGen: 411029K->185559K(465920K)] 544600K->381562K(1864192K), 0.0480411 secs] [Times: user=0.22 sys=0.00, real=0.05 secs] 
4895.859: [GC (GCLocker Initiated GC) [PSYoungGen: 418519K->186261K(465920K)] 614522K->441232K(1864192K), 0.0591352 secs] [Times: user=0.29 sys=0.00, real=0.06 secs] 
4897.037: [GC (Allocation Failure) [PSYoungGen: 419221K->94699K(465920K)] 674322K->419992K(1864192K), 0.0444620 secs] [Times: user=0.23 sys=0.00, real=0.04 secs] 
4898.731: [GC (Allocation Failure) [PSYoungGen: 327659K->169908K(465920K)] 652952K->526757K(1864192K), 0.0546505 secs] [Times: user=0.25 sys=0.00, real=0.06 secs] 
4898.940: [GC (GCLocker Initiated GC) [PSYoungGen: 402868K->184054K(465920K)] 759717K->593454K(1864192K), 0.0423850 secs] [Times: user=0.19 sys=0.00, real=0.04 secs] 
4899.151: [GC (Allocation Failure) [PSYoungGen: 417014K->180790K(465920K)] 843093K->662662K(1864192K), 0.1481387 secs] [Times: user=0.82 sys=0.00, real=0.15 secs] 
4900.276: [GC (Allocation Failure) [PSYoungGen: 413750K->148946K(465920K)] 895622K->688178K(1864192K), 0.1562758 secs] [Times: user=0.88 sys=0.00, real=0.15 secs] 
4901.576: [GC (Allocation Failure) [PSYoungGen: 381906K->118862K(465920K)] 921138K->705109K(1864192K), 0.1497895 secs] [Times: user=0.84 sys=0.00, real=0.15 secs] 
4902.093: [GC (Allocation Failure) [PSYoungGen: 351822K->175668K(465920K)] 938069K->799781K(1864192K), 0.0412089 secs] [Times: user=0.19 sys=0.00, real=0.04 secs] 
4902.245: [GC (Allocation Failure) [PSYoungGen: 408628K->185495K(465920K)] 1032741K->871343K(1864192K), 0.0504035 secs] [Times: user=0.23 sys=0.00, real=0.05 secs] 
4902.402: [GC (Allocation Failure) [PSYoungGen: 418455K->186741K(465920K)] 1104303K->931493K(1864192K), 0.0579977 secs] [Times: user=0.29 sys=0.00, real=0.06 secs] 
4903.411: [GC (Allocation Failure) [PSYoungGen: 419701K->91115K(465920K)] 1164453K->906519K(1864192K), 0.0469608 secs] [Times: user=0.25 sys=0.00, real=0.05 secs] 
4903.905: [GC (Allocation Failure) [PSYoungGen: 324075K->174325K(465920K)] 1139479K->1019809K(1864192K), 0.0584493 secs] [Times: user=0.27 sys=0.00, real=0.06 secs] 
4904.121: [GC (Allocation Failure) [PSYoungGen: 407285K->181461K(465920K)] 1252769K->1081009K(1864192K), 0.0621563 secs] [Times: user=0.30 sys=0.00, real=0.06 secs] 
4904.332: [GC (Allocation Failure) [PSYoungGen: 410136K->179574K(465920K)] 1309684K->1142602K(1864192K), 0.0734494 secs] [Times: user=0.37 sys=0.00, real=0.07 secs] 
4905.847: [GC (Allocation Failure) [PSYoungGen: 412534K->195550K(465920K)] 1375562K->1215634K(1864192K), 0.0489834 secs] [Times: user=0.24 sys=0.00, real=0.04 secs] 
4906.788: [GC (Allocation Failure) [PSYoungGen: 428510K->100219K(465920K)] 1448594K->1184904K(1864192K), 0.1048940 secs] [Times: user=0.57 sys=0.00, real=0.10 secs] 
4907.318: [GC (GCLocker Initiated GC) [PSYoungGen: 333179K->180982K(465920K)] 1417864K->1297483K(1864192K), 0.0471713 secs] [Times: user=0.21 sys=0.00, real=0.04 secs] 
4907.478: [GC (Allocation Failure) [PSYoungGen: 413942K->181781K(465920K)] 1530482K->1354793K(1864192K), 0.0451196 secs] [Times: user=0.21 sys=0.00, real=0.04 secs] 
4907.653: [GC (Allocation Failure) [PSYoungGen: 414741K->186805K(465920K)] 1587753K->1415161K(1864192K), 0.0638427 secs] [Times: user=0.31 sys=0.00, real=0.07 secs] 
4908.731: [GC (Allocation Failure) [PSYoungGen: 419765K->99948K(465920K)] 1648121K->1398788K(1864192K), 0.0480567 secs] [Times: user=0.25 sys=0.00, real=0.05 secs] 
4909.748: [GC (Allocation Failure) [PSYoungGen: 332908K->166708K(465920K)] 1631748K->1497625K(1864192K), 0.0916836 secs] [Times: user=0.46 sys=0.00, real=0.09 secs] 
4909.840: [Full GC (Ergonomics) [PSYoungGen: 166708K->0K(465920K)] [ParOldGen: 1330917K->189764K(1398272K)] 1497625K->189764K(1864192K), [Metaspace: 59562K->59562K(1105920K)], 0.2481849 secs] [Times: user=1.21 sys=0.00, real=0.25 secs] 
4910.195: [GC (Allocation Failure) [PSYoungGen: 232960K->184598K(465920K)] 422724K->374362K(1864192K), 0.0331751 secs] [Times: user=0.13 sys=0.00, real=0.04 secs] 
4910.336: [GC (Allocation Failure) [PSYoungGen: 417433K->186071K(465920K)] 607198K->439916K(1864192K), 0.0443906 secs] [Times: user=0.20 sys=0.00, real=0.05 secs] 
4910.849: [GC (Allocation Failure) [PSYoungGen: 419031K->214996K(465920K)] 672876K->527929K(1864192K), 0.0542995 secs] [Times: user=0.26 sys=0.00, real=0.05 secs] 
4912.339: [GC (Allocation Failure) [PSYoungGen: 447956K->90106K(465920K)] 760889K->470655K(1864192K), 0.1178357 secs] [Times: user=0.65 sys=0.01, real=0.12 secs] 
4912.874: [GC (Allocation Failure) [PSYoungGen: 323066K->182966K(465920K)] 703615K->592303K(1864192K), 0.0549491 secs] [Times: user=0.25 sys=0.00, real=0.06 secs] 
4913.073: [GC (Allocation Failure) [PSYoungGen: 415926K->193238K(465920K)] 825263K->659595K(1864192K), 0.0445056 secs] [Times: user=0.20 sys=0.00, real=0.05 secs] 
4913.241: [GC (Allocation Failure) [PSYoungGen: 426198K->186709K(465920K)] 892555K->709250K(1864192K), 0.0505045 secs] [Times: user=0.24 sys=0.00, real=0.05 secs] 
4914.275: [GC (Allocation Failure) [PSYoungGen: 419669K->100060K(465920K)] 942210K->693153K(1864192K), 0.0444462 secs] [Times: user=0.23 sys=0.00, real=0.05 secs] 
4915.299: [GC (Allocation Failure) [PSYoungGen: 333020K->165043K(465920K)] 926113K->790521K(1864192K), 0.1041808 secs] [Times: user=0.52 sys=0.00, real=0.10 secs] 
4915.632: [GC (Allocation Failure) [PSYoungGen: 398003K->181717K(465920K)] 1023481K->858903K(1864192K), 0.0530038 secs] [Times: user=0.25 sys=0.00, real=0.05 secs] 
4915.831: [GC (Allocation Failure) [PSYoungGen: 414677K->185559K(465920K)] 1091863K->926321K(1864192K), 0.0749228 secs] [Times: user=0.37 sys=0.00, real=0.08 secs] 
4916.027: [GC (Allocation Failure) [PSYoungGen: 418519K->183700K(465920K)] 1159281K->983383K(1864192K), 0.0558398 secs] [Times: user=0.27 sys=0.00, real=0.05 secs] 
4917.203: [GC (Allocation Failure) [PSYoungGen: 416660K->94747K(465920K)] 1216343K->963693K(1864192K), 0.0531518 secs] [Times: user=0.29 sys=0.00, real=0.06 secs] 
4917.727: [GC (Allocation Failure) [PSYoungGen: 327707K->182134K(465920K)] 1196653K->1081727K(1864192K), 0.0556486 secs] [Times: user=0.24 sys=0.00, real=0.05 secs] 
4917.919: [GC (Allocation Failure) [PSYoungGen: 415094K->184117K(465920K)] 1314687K->1140103K(1864192K), 0.0443821 secs] [Times: user=0.19 sys=0.00, real=0.04 secs] 
4918.089: [GC (Allocation Failure) [PSYoungGen: 417077K->186165K(465920K)] 1373063K->1198183K(1864192K), 0.0504711 secs] [Times: user=0.24 sys=0.00, real=0.05 secs] 
4919.090: [GC (Allocation Failure) [PSYoungGen: 419125K->100092K(465920K)] 1431143K->1182398K(1864192K), 0.0487118 secs] [Times: user=0.26 sys=0.00, real=0.05 secs] 
4920.288: [GC (Allocation Failure) [PSYoungGen: 333052K->163347K(465920K)] 1415358K->1277762K(1864192K), 0.1024495 secs] [Times: user=0.52 sys=0.00, real=0.10 secs] 
4920.623: [GC (Allocation Failure) [PSYoungGen: 396307K->184662K(465920K)] 1510722K->1350108K(1864192K), 0.0439575 secs] [Times: user=0.20 sys=0.00, real=0.05 secs] 
4920.805: [GC (Allocation Failure) [PSYoungGen: 417622K->182486K(465920K)] 1583068K->1412165K(1864192K), 0.0680319 secs] [Times: user=0.33 sys=0.00, real=0.07 secs] 
4920.982: [GC (Allocation Failure) [PSYoungGen: 415446K->186901K(465920K)] 1645125K->1474396K(1864192K), 0.0562584 secs] [Times: user=0.28 sys=0.00, real=0.06 secs] 
4922.288: [GC (Allocation Failure) [PSYoungGen: 419745K->87034K(465920K)] 1707240K->1445153K(1864192K), 0.0849165 secs] [Times: user=0.46 sys=0.00, real=0.08 secs] 
4922.373: [Full GC (Ergonomics) [PSYoungGen: 87034K->0K(465920K)] [ParOldGen: 1358118K->103088K(1398272K)] 1445153K->103088K(1864192K), [Metaspace: 59563K->59563K(1105920K)], 0.1476675 secs] [Times: user=0.63 sys=0.00, real=0.15 secs] 
4922.907: [GC (Allocation Failure) [PSYoungGen: 232960K->182550K(465920K)] 336048K->285638K(1864192K), 0.0322750 secs] [Times: user=0.12 sys=0.00, real=0.03 secs] 
4923.055: [GC (Allocation Failure) [PSYoungGen: 415510K->184630K(465920K)] 518598K->344510K(1864192K), 0.0410567 secs] [Times: user=0.18 sys=0.00, real=0.05 secs] 
4923.201: [GC (Allocation Failure) [PSYoungGen: 417590K->186549K(465920K)] 577470K->402693K(1864192K), 0.0446260 secs] [Times: user=0.20 sys=0.00, real=0.04 secs] 
4924.408: [GC (Allocation Failure) [PSYoungGen: 419509K->102556K(465920K)] 635653K->389005K(1864192K), 0.0442952 secs] [Times: user=0.23 sys=0.00, real=0.04 secs] 
4925.916: [GC (Allocation Failure) [PSYoungGen: 335516K->160947K(465920K)] 621965K->480556K(1864192K), 0.1045620 secs] [Times: user=0.53 sys=0.00, real=0.10 secs] 
4926.239: [GC (Allocation Failure) [PSYoungGen: 393907K->184342K(465920K)] 713516K->553963K(1864192K), 0.0415156 secs] [Times: user=0.18 sys=0.00, real=0.04 secs] 
4926.410: [GC (Allocation Failure) [PSYoungGen: 417192K->186103K(465920K)] 786813K->619808K(1864192K), 0.0602122 secs] [Times: user=0.30 sys=0.00, real=0.06 secs] 
4926.591: [GC (Allocation Failure) [PSYoungGen: 419063K->186741K(465920K)] 852768K->679510K(1864192K), 0.0565103 secs] [Times: user=0.27 sys=0.00, real=0.06 secs] 
4927.705: [GC (Allocation Failure) [PSYoungGen: 419701K->88458K(465920K)] 912470K->651812K(1864192K), 0.0453639 secs] [Times: user=0.23 sys=0.00, real=0.05 secs] 
4928.824: [GC (Allocation Failure) [PSYoungGen: 321418K->176629K(465920K)] 884772K->767427K(1864192K), 0.0528747 secs] [Times: user=0.23 sys=0.00, real=0.06 secs] 
4929.015: [GC (Allocation Failure) [PSYoungGen: 409589K->184822K(465920K)] 1000387K->830840K(1864192K), 0.0434368 secs] [Times: user=0.19 sys=0.00, real=0.05 secs] 
4929.161: [GC (Allocation Failure) [PSYoungGen: 417782K->187125K(465920K)] 1063800K->889103K(1864192K), 0.0461013 secs] [Times: user=0.21 sys=0.00, real=0.05 secs] 
4930.161: [GC (Allocation Failure) [PSYoungGen: 420085K->107661K(465920K)] 1122063K->880207K(1864192K), 0.0465147 secs] [Times: user=0.24 sys=0.00, real=0.05 secs] 
4931.251: [GC (Allocation Failure) [PSYoungGen: 340621K->155090K(465920K)] 1113167K->962865K(1864192K), 0.0950832 secs] [Times: user=0.48 sys=0.00, real=0.10 secs] 
4931.575: [GC (Allocation Failure) [PSYoungGen: 388050K->184117K(465920K)] 1195825K->1040028K(1864192K), 0.0414895 secs] [Times: user=0.18 sys=0.00, real=0.05 secs] 
4931.750: [GC (Allocation Failure) [PSYoungGen: 417077K->185911K(465920K)] 1272988K->1105926K(1864192K), 0.0558307 secs] [Times: user=0.26 sys=0.00, real=0.05 secs] 
4931.931: [GC (Allocation Failure) [PSYoungGen: 418871K->183540K(465920K)] 1338886K->1162675K(1864192K), 0.0574775 secs] [Times: user=0.28 sys=0.00, real=0.06 secs] 
4933.256: [GC (Allocation Failure) [PSYoungGen: 416500K->90602K(465920K)] 1395635K->1139041K(1864192K), 0.0723023 secs] [Times: user=0.39 sys=0.00, real=0.08 secs] 
4934.301: [GC (Allocation Failure) [PSYoungGen: 323562K->174293K(465920K)] 1372001K->1252092K(1864192K), 0.0557132 secs] [Times: user=0.25 sys=0.00, real=0.06 secs] 
4934.507: [GC (Allocation Failure) [PSYoungGen: 407253K->184886K(465920K)] 1485052K->1317197K(1864192K), 0.0441677 secs] [Times: user=0.20 sys=0.00, real=0.04 secs] 
4934.681: [GC (Allocation Failure) [PSYoungGen: 417846K->187125K(465920K)] 1550157K->1375452K(1864192K), 0.0527222 secs] [Times: user=0.25 sys=0.00, real=0.05 secs] 
4935.717: [GC (Allocation Failure) [PSYoungGen: 420085K->116430K(465920K)] 1608412K->1375309K(1864192K), 0.0473622 secs] [Times: user=0.24 sys=0.01, real=0.04 secs] 
4936.681: [GC (Allocation Failure) [PSYoungGen: 349390K->146961K(465920K)] 1608269K->1442708K(1864192K), 0.1451769 secs] [Times: user=0.80 sys=0.00, real=0.15 secs] 
4937.438: [GC (Allocation Failure) [PSYoungGen: 379921K->179925K(465920K)] 1675668K->1521405K(1864192K), 0.0557534 secs] [Times: user=0.26 sys=0.00, real=0.05 secs] 
4937.494: [Full GC (Ergonomics) [PSYoungGen: 179925K->0K(465920K)] [ParOldGen: 1341480K->243059K(1398272K)] 1521405K->243059K(1864192K), [Metaspace: 59582K->59582K(1105920K)], 0.3050808 secs] [Times: user=1.42 sys=0.00, real=0.31 secs] 
4937.911: [GC (Allocation Failure) [PSYoungGen: 232960K->185847K(465920K)] 476019K->428906K(1864192K), 0.0924848 secs] [Times: user=0.48 sys=0.00, real=0.09 secs] 
4938.113: [GC (Allocation Failure) [PSYoungGen: 418807K->186709K(465920K)] 661866K->488872K(1864192K), 0.0572730 secs] [Times: user=0.29 sys=0.00, real=0.06 secs] 
4939.182: [GC (Allocation Failure) [PSYoungGen: 419669K->91066K(465920K)] 721832K->463806K(1864192K), 0.0603374 secs] [Times: user=0.31 sys=0.00, real=0.06 secs] 
4939.838: [GC (GCLocker Initiated GC) [PSYoungGen: 324026K->172148K(465920K)] 696766K->574652K(1864192K), 0.0473479 secs] [Times: user=0.20 sys=0.00, real=0.04 secs] 
4940.023: [GC (Allocation Failure) [PSYoungGen: 405108K->184534K(465920K)] 807615K->640808K(1864192K), 0.0430331 secs] [Times: user=0.19 sys=0.00, real=0.05 secs] 
4940.173: [GC (Allocation Failure) [PSYoungGen: 417494K->187157K(465920K)] 873768K->699424K(1864192K), 0.0458100 secs] [Times: user=0.22 sys=0.00, real=0.05 secs] 
4941.461: [GC (Allocation Failure) [PSYoungGen: 420117K->129776K(465920K)] 932384K->712722K(1864192K), 0.0484847 secs] [Times: user=0.24 sys=0.00, real=0.05 secs] 
4941.898: [GC (Allocation Failure) [PSYoungGen: 362736K->143521K(465920K)] 945682K->767659K(1864192K), 0.0934931 secs] [Times: user=0.50 sys=0.00, real=0.09 secs] 
4942.253: [GC (Allocation Failure) [PSYoungGen: 376481K->179445K(465920K)] 1000619K->848943K(1864192K), 0.0547842 secs] [Times: user=0.26 sys=0.00, real=0.06 secs] 
4942.441: [GC (Allocation Failure) [PSYoungGen: 412405K->185431K(465920K)] 1081903K->917905K(1864192K), 0.0504313 secs] [Times: user=0.23 sys=0.00, real=0.05 secs] 
4942.602: [GC (Allocation Failure) [PSYoungGen: 418391K->185973K(465920K)] 1150865K->977303K(1864192K), 0.0572189 secs] [Times: user=0.28 sys=0.00, real=0.06 secs] 
4943.731: [GC (Allocation Failure) [PSYoungGen: 418933K->91867K(465920K)] 1210263K->953293K(1864192K), 0.0601308 secs] [Times: user=0.32 sys=0.00, real=0.06 secs] 
4944.918: [GC (Allocation Failure) [PSYoungGen: 324827K->172628K(465920K)] 1186253K->1063563K(1864192K), 0.0515218 secs] [Times: user=0.23 sys=0.00, real=0.05 secs] 
4945.148: [GC (Allocation Failure) [PSYoungGen: 405588K->181941K(465920K)] 1296523K->1126816K(1864192K), 0.0608036 secs] [Times: user=0.29 sys=0.00, real=0.06 secs] 
4945.325: [GC (Allocation Failure) [PSYoungGen: 414901K->203285K(465920K)] 1359776K->1203264K(1864192K), 0.0465016 secs] [Times: user=0.22 sys=0.00, real=0.05 secs] 
4946.283: [GC (Allocation Failure) [PSYoungGen: 436245K->136241K(465920K)] 1436224K->1206803K(1864192K), 0.0499990 secs] [Times: user=0.25 sys=0.00, real=0.05 secs] 
4947.178: [GC (Allocation Failure) [PSYoungGen: 369201K->132784K(465920K)] 1439763K->1246442K(1864192K), 0.1557307 secs] [Times: user=0.86 sys=0.00, real=0.15 secs] 
4948.010: [GC (Allocation Failure) [PSYoungGen: 365744K->175124K(465920K)] 1479402K->1331232K(1864192K), 0.0528702 secs] [Times: user=0.25 sys=0.00, real=0.05 secs] 
4948.230: [GC (Allocation Failure) [PSYoungGen: 408084K->185751K(465920K)] 1564192K->1402786K(1864192K), 0.0797858 secs] [Times: user=0.39 sys=0.00, real=0.08 secs] 
4948.436: [GC (Allocation Failure) [PSYoungGen: 418711K->183860K(465920K)] 1635746K->1459936K(1864192K), 0.0596082 secs] [Times: user=0.30 sys=0.00, real=0.06 secs] 
4949.452: [GC (Allocation Failure) [PSYoungGen: 416820K->98187K(465920K)] 1692896K->1443527K(1864192K), 0.0482748 secs] [Times: user=0.25 sys=0.00, real=0.05 secs] 
4949.500: [Full GC (Ergonomics) [PSYoungGen: 98187K->0K(465920K)] [ParOldGen: 1345339K->99855K(1398272K)] 1443527K->99855K(1864192K), [Metaspace: 59582K->59582K(1105920K)], 0.0657581 secs] [Times: user=0.25 sys=0.00, real=0.06 secs] 
4950.513: [GC (Allocation Failure) [PSYoungGen: 232960K->174324K(465920K)] 332815K->274180K(1864192K), 0.0523614 secs] [Times: user=0.20 sys=0.01, real=0.05 secs] 
4950.754: [GC (Allocation Failure) [PSYoungGen: 407284K->184726K(465920K)] 507140K->338281K(1864192K), 0.0419487 secs] [Times: user=0.19 sys=0.00, real=0.05 secs] 
4950.900: [GC (Allocation Failure) [PSYoungGen: 417686K->187125K(465920K)] 571241K->396665K(1864192K), 0.0450284 secs] [Times: user=0.21 sys=0.00, real=0.04 secs] 
4951.833: [GC (Allocation Failure) [PSYoungGen: 420085K->143409K(465920K)] 629625K->423541K(1864192K), 0.0497358 secs] [Times: user=0.24 sys=0.00, real=0.05 secs] 
4952.435: [GC (Allocation Failure) [PSYoungGen: 376369K->130639K(465920K)] 656501K->456363K(1864192K), 0.1837061 secs] [Times: user=1.02 sys=0.01, real=0.19 secs] 
4952.911: [GC (Allocation Failure) [PSYoungGen: 363599K->177717K(465920K)] 689323K->544765K(1864192K), 0.0486803 secs] [Times: user=0.22 sys=0.00, real=0.05 secs] 
4953.071: [GC (Allocation Failure) [PSYoungGen: 410677K->181910K(465920K)] 777725K->611343K(1864192K), 0.0483568 secs] [Times: user=0.22 sys=0.00, real=0.05 secs] 
4953.226: [GC (Allocation Failure) [PSYoungGen: 414870K->186677K(465920K)] 844303K->673869K(1864192K), 0.0565640 secs] [Times: user=0.27 sys=0.00, real=0.05 secs] 
4954.239: [GC (Allocation Failure) [PSYoungGen: 419637K->93595K(465920K)] 906829K->651211K(1864192K), 0.0581091 secs] [Times: user=0.31 sys=0.00, real=0.06 secs] 
4954.683: [GC (Allocation Failure) [PSYoungGen: 326555K->177589K(465920K)] 884171K->765874K(1864192K), 0.0336483 secs] [Times: user=0.14 sys=0.00, real=0.04 secs] 
4954.824: [GC (Allocation Failure) [PSYoungGen: 410549K->184598K(465920K)] 998834K->828311K(1864192K), 0.0433587 secs] [Times: user=0.19 sys=0.00, real=0.05 secs] 
4954.968: [GC (Allocation Failure) [PSYoungGen: 417487K->183348K(465920K)] 1061199K->883037K(1864192K), 0.0454100 secs] [Times: user=0.21 sys=0.01, real=0.04 secs] 
4955.920: [GC (Allocation Failure) [PSYoungGen: 416308K->145554K(465920K)] 1115997K->914339K(1864192K), 0.0502484 secs] [Times: user=0.24 sys=0.00, real=0.05 secs] 
4956.614: [GC (Allocation Failure) [PSYoungGen: 378514K->125983K(465920K)] 1147299K->941000K(1864192K), 0.1524739 secs] [Times: user=0.85 sys=0.00, real=0.16 secs] 
4957.301: [GC (Allocation Failure) [PSYoungGen: 358943K->177717K(465920K)] 1173960K->1032519K(1864192K), 0.0544952 secs] [Times: user=0.25 sys=0.00, real=0.05 secs] 
4957.525: [GC (Allocation Failure) [PSYoungGen: 410677K->182230K(465920K)] 1265479K->1099180K(1864192K), 0.0688170 secs] [Times: user=0.34 sys=0.01, real=0.07 secs] 
4957.702: [GC (Allocation Failure) [PSYoungGen: 415190K->186709K(465920K)] 1332140K->1161595K(1864192K), 0.0594800 secs] [Times: user=0.29 sys=0.00, real=0.06 secs] 
4958.697: [GC (Allocation Failure) [PSYoungGen: 419669K->95499K(465920K)] 1394555K->1140801K(1864192K), 0.0467321 secs] [Times: user=0.25 sys=0.00, real=0.04 secs] 
4959.269: [GC (Allocation Failure) [PSYoungGen: 328459K->177717K(465920K)] 1373761K->1254340K(1864192K), 0.0639546 secs] [Times: user=0.30 sys=0.01, real=0.06 secs] 
4959.476: [GC (Allocation Failure) [PSYoungGen: 410677K->183701K(465920K)] 1487300K->1315492K(1864192K), 0.0441516 secs] [Times: user=0.20 sys=0.00, real=0.04 secs] 
4959.683: [GC (Allocation Failure) [PSYoungGen: 416661K->183220K(465920K)] 1548452K->1370419K(1864192K), 0.0463109 secs] [Times: user=0.22 sys=0.00, real=0.05 secs] 
4961.025: [GC (Allocation Failure) [PSYoungGen: 416180K->148722K(465920K)] 1603379K->1405080K(1864192K), 0.0515049 secs] [Times: user=0.25 sys=0.00, real=0.06 secs] 
4962.069: [GC (Allocation Failure) [PSYoungGen: 381682K->121246K(465920K)] 1638040K->1424589K(1864192K), 0.1742909 secs] [Times: user=0.98 sys=0.01, real=0.17 secs] 
4962.714: [GC (Allocation Failure) [PSYoungGen: 354206K->175348K(465920K)] 1657549K->1517396K(1864192K), 0.0501609 secs] [Times: user=0.23 sys=0.00, real=0.05 secs] 
4962.764: [Full GC (Ergonomics) [PSYoungGen: 175348K->0K(465920K)] [ParOldGen: 1342047K->231122K(1398272K)] 1517396K->231122K(1864192K), [Metaspace: 59582K->59582K(1105920K)], 0.2773326 secs] [Times: user=1.28 sys=0.00, real=0.28 secs] 
4963.153: [GC (Allocation Failure) [PSYoungGen: 232960K->185271K(465920K)] 464082K->416394K(1864192K), 0.0784797 secs] [Times: user=0.41 sys=0.00, real=0.08 secs] 
4963.359: [GC (Allocation Failure) [PSYoungGen: 418231K->186293K(465920K)] 649354K->476128K(1864192K), 0.0580079 secs] [Times: user=0.29 sys=0.00, real=0.06 secs] 
4964.351: [GC (Allocation Failure) [PSYoungGen: 419253K->98203K(465920K)] 709088K->458326K(1864192K), 0.0434812 secs] [Times: user=0.22 sys=0.00, real=0.04 secs] 
4965.354: [GC (Allocation Failure) [PSYoungGen: 331163K->167220K(465920K)] 691286K->558987K(1864192K), 0.0674610 secs] [Times: user=0.32 sys=0.00, real=0.07 secs] 
4965.580: [GC (Allocation Failure) [PSYoungGen: 400180K->184021K(465920K)] 791947K->628005K(1864192K), 0.0417320 secs] [Times: user=0.19 sys=0.00, real=0.04 secs] 
4965.726: [GC (Allocation Failure) [PSYoungGen: 407228K->174997K(465920K)] 851212K->683029K(1864192K), 0.0475902 secs] [Times: user=0.23 sys=0.00, real=0.04 secs] 
4966.625: [GC (Allocation Failure) [PSYoungGen: 407957K->169907K(460800K)] 915989K->733715K(1859072K), 0.0540329 secs] [Times: user=0.27 sys=0.00, real=0.06 secs] 
4967.345: [GC (Allocation Failure) [PSYoungGen: 402867K->108157K(463360K)] 966675K->736916K(1861632K), 0.1150896 secs] [Times: user=0.62 sys=0.00, real=0.12 secs] 
4967.879: [GC (Allocation Failure) [PSYoungGen: 334449K->174869K(466944K)] 963209K->838468K(1865216K), 0.0458684 secs] [Times: user=0.20 sys=0.00, real=0.04 secs] 
4968.039: [GC (Allocation Failure) [PSYoungGen: 408853K->185366K(465920K)] 1072452K->903477K(1864192K), 0.0439445 secs] [Times: user=0.20 sys=0.00, real=0.04 secs] 
4968.220: [GC (Allocation Failure) [PSYoungGen: 419350K->181460K(465920K)] 1137461K->955916K(1864192K), 0.0591637 secs] [Times: user=0.28 sys=0.00, real=0.06 secs] 
4969.520: [GC (GCLocker Initiated GC) [PSYoungGen: 414420K->98908K(465920K)] 1188876K->941819K(1864192K), 0.0450996 secs] [Times: user=0.23 sys=0.01, real=0.04 secs] 
4970.679: [GC (Allocation Failure) [PSYoungGen: 331868K->170324K(465920K)] 1174911K->1045923K(1864192K), 0.0853351 secs] [Times: user=0.42 sys=0.00, real=0.08 secs] 
4970.978: [GC (Allocation Failure) [PSYoungGen: 403284K->184085K(465920K)] 1278883K->1112588K(1864192K), 0.0459424 secs] [Times: user=0.21 sys=0.00, real=0.04 secs] 
4971.151: [GC (Allocation Failure) [PSYoungGen: 417045K->186103K(465920K)] 1345548K->1178733K(1864192K), 0.0567254 secs] [Times: user=0.27 sys=0.00, real=0.06 secs] 
4971.625: [GC (Allocation Failure) [PSYoungGen: 416272K->211508K(465920K)] 1408902K->1263154K(1864192K), 0.0542503 secs] [Times: user=0.27 sys=0.00, real=0.06 secs] 
4972.961: [GC (Allocation Failure) [PSYoungGen: 444468K->89594K(465920K)] 1496114K->1208477K(1864192K), 0.1032212 secs] [Times: user=0.55 sys=0.00, real=0.10 secs] 
4973.542: [GC (Allocation Failure) [PSYoungGen: 322554K->182678K(465920K)] 1441437K->1330397K(1864192K), 0.0517081 secs] [Times: user=0.23 sys=0.00, real=0.05 secs] 
4973.726: [GC (Allocation Failure) [PSYoungGen: 415638K->184694K(465920K)] 1563357K->1389148K(1864192K), 0.0447041 secs] [Times: user=0.20 sys=0.00, real=0.04 secs] 
4973.875: [GC (Allocation Failure) [PSYoungGen: 417654K->186581K(465920K)] 1622108K->1447060K(1864192K), 0.0462195 secs] [Times: user=0.22 sys=0.00, real=0.05 secs] 
4974.885: [GC (Allocation Failure) [PSYoungGen: 419541K->96907K(465920K)] 1680020K->1427986K(1864192K), 0.0449600 secs] [Times: user=0.23 sys=0.00, real=0.05 secs] 
4974.930: [Full GC (Ergonomics) [PSYoungGen: 96907K->0K(465920K)] [ParOldGen: 1331078K->86348K(1398272K)] 1427986K->86348K(1864192K), [Metaspace: 59584K->59584K(1105920K)], 0.0339926 secs] [Times: user=0.10 sys=0.00, real=0.03 secs] 
4975.876: [GC (Allocation Failure) [PSYoungGen: 232960K->168020K(465920K)] 319308K->254368K(1864192K), 0.0516967 secs] [Times: user=0.20 sys=0.00, real=0.05 secs] 
4976.209: [GC (Allocation Failure) [PSYoungGen: 400980K->184310K(465920K)] 487328K->322674K(1864192K), 0.0465463 secs] [Times: user=0.21 sys=0.00, real=0.04 secs] 
4976.518: [GC (Allocation Failure) [PSYoungGen: 417270K->184951K(465920K)] 555634K->387539K(1864192K), 0.0585380 secs] [Times: user=0.28 sys=0.00, real=0.06 secs] 
4977.112: [GC (Allocation Failure) [PSYoungGen: 417911K->183284K(465920K)] 620499K->444505K(1864192K), 0.0985290 secs] [Times: user=0.51 sys=0.00, real=0.10 secs] 
4978.523: [GC (Allocation Failure) [PSYoungGen: 416244K->87914K(465920K)] 677465K->418278K(1864192K), 0.1068238 secs] [Times: user=0.59 sys=0.00, real=0.11 secs] 
4979.419: [GC (Allocation Failure) [PSYoungGen: 320874K->181398K(465920K)] 651238K->539986K(1864192K), 0.0510085 secs] [Times: user=0.22 sys=0.00, real=0.05 secs] 
4979.642: [GC (Allocation Failure) [PSYoungGen: 414358K->183573K(465920K)] 772946K->598657K(1864192K), 0.0598907 secs] [Times: user=0.29 sys=0.00, real=0.06 secs] 
4979.819: [GC (Allocation Failure) [PSYoungGen: 416533K->186869K(465920K)] 831617K->657737K(1864192K), 0.0452912 secs] [Times: user=0.21 sys=0.00, real=0.04 secs] 
4980.830: [GC (Allocation Failure) [PSYoungGen: 419829K->102828K(465920K)] 890697K->644264K(1864192K), 0.0456014 secs] [Times: user=0.24 sys=0.00, real=0.04 secs] 
4981.366: [GC (Allocation Failure) [PSYoungGen: 335788K->159571K(465920K)] 877224K->734312K(1864192K), 0.0746068 secs] [Times: user=0.37 sys=0.00, real=0.08 secs] 
4981.737: [GC (Allocation Failure) [PSYoungGen: 392531K->184117K(465920K)] 967272K->809086K(1864192K), 0.0411593 secs] [Times: user=0.18 sys=0.00, real=0.04 secs] 
4981.889: [GC (Allocation Failure) [PSYoungGen: 417077K->185975K(465920K)] 1042046K->875084K(1864192K), 0.0501437 secs] [Times: user=0.24 sys=0.00, real=0.05 secs] 
4982.044: [GC (Allocation Failure) [PSYoungGen: 418935K->186581K(465920K)] 1108044K->934682K(1864192K), 0.0571914 secs] [Times: user=0.28 sys=0.00, real=0.06 secs] 
4983.113: [GC (Allocation Failure) [PSYoungGen: 419541K->87274K(465920K)] 1167642K->905771K(1864192K), 0.0409459 secs] [Times: user=0.21 sys=0.00, real=0.04 secs] 
4983.750: [GC (Allocation Failure) [PSYoungGen: 320234K->178933K(465920K)] 1138731K->1025379K(1864192K), 0.0337732 secs] [Times: user=0.14 sys=0.00, real=0.03 secs] 
4983.893: [GC (Allocation Failure) [PSYoungGen: 411893K->184278K(465920K)] 1258339K->1086747K(1864192K), 0.0440164 secs] [Times: user=0.20 sys=0.00, real=0.05 secs] 
4984.071: [GC (Allocation Failure) [PSYoungGen: 417238K->202869K(465920K)] 1319707K->1161234K(1864192K), 0.0677136 secs] [Times: user=0.32 sys=0.00, real=0.07 secs] 
4985.226: [GC (Allocation Failure) [PSYoungGen: 435829K->111101K(465920K)] 1394194K->1140051K(1864192K), 0.0465582 secs] [Times: user=0.24 sys=0.00, real=0.04 secs] 
4986.488: [GC (Allocation Failure) [PSYoungGen: 344061K->157299K(465920K)] 1373011K->1222803K(1864192K), 0.1021908 secs] [Times: user=0.53 sys=0.00, real=0.10 secs] 
4986.897: [GC (Allocation Failure) [PSYoungGen: 390259K->180757K(465920K)] 1455763K->1294982K(1864192K), 0.0499117 secs] [Times: user=0.18 sys=0.01, real=0.05 secs] 
4987.061: [GC (Allocation Failure) [PSYoungGen: 413717K->185559K(465920K)] 1527942K->1363376K(1864192K), 0.0497702 secs] [Times: user=0.23 sys=0.00, real=0.05 secs] 
4987.218: [GC (Allocation Failure) [PSYoungGen: 418519K->186549K(465920K)] 1596336K->1423102K(1864192K), 0.0560950 secs] [Times: user=0.27 sys=0.00, real=0.05 secs] 
4988.372: [GC (Allocation Failure) [PSYoungGen: 419509K->92715K(465920K)] 1656062K->1399536K(1864192K), 0.0569802 secs] [Times: user=0.30 sys=0.00, real=0.06 secs] 
4989.183: [GC (Allocation Failure) [PSYoungGen: 325675K->175413K(465920K)] 1632496K->1511375K(1864192K), 0.0565772 secs] [Times: user=0.24 sys=0.01, real=0.06 secs] 
4989.240: [Full GC (Ergonomics) [PSYoungGen: 175413K->0K(465920K)] [ParOldGen: 1335961K->216347K(1398272K)] 1511375K->216347K(1864192K), [Metaspace: 59586K->59586K(1105920K)], 0.2693022 secs] [Times: user=1.28 sys=0.00, real=0.27 secs] 
4989.622: [GC (Allocation Failure) [PSYoungGen: 232960K->184566K(465920K)] 449307K->400913K(1864192K), 0.0267243 secs] [Times: user=0.09 sys=0.00, real=0.03 secs] 
4989.751: [GC (Allocation Failure) [PSYoungGen: 417526K->183764K(465920K)] 633873K->456031K(1864192K), 0.0445444 secs] [Times: user=0.20 sys=0.00, real=0.04 secs] 
4990.727: [GC (Allocation Failure) [PSYoungGen: 416724K->119198K(465920K)] 688991K->460745K(1864192K), 0.0463550 secs] [Times: user=0.23 sys=0.00, real=0.04 secs] 
4991.322: [GC (Allocation Failure) [PSYoungGen: 352158K->152594K(465920K)] 693705K->532973K(1864192K), 0.1380751 secs] [Times: user=0.74 sys=0.00, real=0.14 secs] 
4992.085: [GC (Allocation Failure) [PSYoungGen: 385554K->180245K(465920K)] 765933K->608136K(1864192K), 0.0552231 secs] [Times: user=0.26 sys=0.00, real=0.06 secs] 
4992.315: [GC (Allocation Failure) [PSYoungGen: 413205K->182806K(465920K)] 841096K->673370K(1864192K), 0.0730161 secs] [Times: user=0.36 sys=0.00, real=0.08 secs] 
4992.530: [GC (Allocation Failure) [PSYoungGen: 415766K->186581K(465920K)] 906330K->735560K(1864192K), 0.0659216 secs] [Times: user=0.33 sys=0.01, real=0.06 secs] 
4993.572: [GC (Allocation Failure) [PSYoungGen: 419541K->98283K(465920K)] 968520K->717551K(1864192K), 0.0423704 secs] [Times: user=0.22 sys=0.00, real=0.04 secs] 
4994.602: [GC (Allocation Failure) [PSYoungGen: 331243K->177237K(465920K)] 950511K->828029K(1864192K), 0.0627462 secs] [Times: user=0.29 sys=0.00, real=0.06 secs] 
4994.858: [GC (GCLocker Initiated GC) [PSYoungGen: 410197K->180501K(465920K)] 1060990K->885458K(1864192K), 0.0512739 secs] [Times: user=0.24 sys=0.00, real=0.05 secs] 
4995.039: [GC (Allocation Failure) [PSYoungGen: 413461K->187029K(465920K)] 1118549K->947045K(1864192K), 0.0604920 secs] [Times: user=0.29 sys=0.00, real=0.06 secs] 
4996.055: [GC (Allocation Failure) [PSYoungGen: 419989K->121359K(465920K)] 1180005K->951891K(1864192K), 0.0480141 secs] [Times: user=0.24 sys=0.00, real=0.05 secs] 
4996.685: [GC (Allocation Failure) [PSYoungGen: 354319K->150818K(465920K)] 1184851K->1019773K(1864192K), 0.0994704 secs] [Times: user=0.53 sys=0.01, real=0.10 secs] 
4996.993: [GC (Allocation Failure) [PSYoungGen: 383778K->178933K(465920K)] 1252733K->1095329K(1864192K), 0.0409130 secs] [Times: user=0.17 sys=0.00, real=0.04 secs] 
4997.163: [GC (Allocation Failure) [PSYoungGen: 411893K->185623K(465920K)] 1328289K->1164883K(1864192K), 0.0505280 secs] [Times: user=0.22 sys=0.00, real=0.05 secs] 
4997.356: [GC (Allocation Failure) [PSYoungGen: 418583K->186165K(465920K)] 1397843K->1224209K(1864192K), 0.0574737 secs] [Times: user=0.28 sys=0.00, real=0.05 secs] 
4998.546: [GC (Allocation Failure) [PSYoungGen: 419125K->94475K(465920K)] 1457169K->1202815K(1864192K), 0.0665783 secs] [Times: user=0.35 sys=0.00, real=0.07 secs] 
5000.072: [GC (Allocation Failure) [PSYoungGen: 327435K->169044K(465920K)] 1435775K->1307333K(1864192K), 0.0604929 secs] [Times: user=0.27 sys=0.00, real=0.06 secs] 
5000.336: [GC (Allocation Failure) [PSYoungGen: 402004K->182261K(465920K)] 1540293K->1373338K(1864192K), 0.0575466 secs] [Times: user=0.27 sys=0.00, real=0.05 secs] 
5000.513: [GC (Allocation Failure) [PSYoungGen: 415221K->186613K(465920K)] 1606298K->1432930K(1864192K), 0.0460728 secs] [Times: user=0.21 sys=0.00, real=0.05 secs] 
5001.527: [GC (Allocation Failure) [PSYoungGen: 419573K->130064K(465920K)] 1665890K->1446637K(1864192K), 0.0491028 secs] [Times: user=0.25 sys=0.00, real=0.05 secs] 
5001.576: [Full GC (Ergonomics) [PSYoungGen: 130064K->0K(465920K)] [ParOldGen: 1316573K->342770K(1398272K)] 1446637K->342770K(1864192K), [Metaspace: 59586K->59586K(1105920K)], 0.5810376 secs] [Times: user=2.53 sys=0.00, real=0.58 secs] 
5003.553: [GC (Allocation Failure) [PSYoungGen: 232960K->138960K(465920K)] 575730K->481731K(1864192K), 0.0598520 secs] [Times: user=0.24 sys=0.00, real=0.06 secs] 
5004.079: [GC (Allocation Failure) [PSYoungGen: 371920K->177653K(465920K)] 714691K->564336K(1864192K), 0.0531932 secs] [Times: user=0.25 sys=0.00, real=0.05 secs] 
5004.258: [GC (Allocation Failure) [PSYoungGen: 410613K->182614K(465920K)] 797296K->631318K(1864192K), 0.0497040 secs] [Times: user=0.24 sys=0.00, real=0.05 secs] 
5004.446: [GC (Allocation Failure) [PSYoungGen: 415546K->186709K(465920K)] 864249K->693452K(1864192K), 0.0846947 secs] [Times: user=0.43 sys=0.00, real=0.09 secs] 
5005.476: [GC (Allocation Failure) [PSYoungGen: 419669K->95611K(465920K)] 926412K->672875K(1864192K), 0.0570604 secs] [Times: user=0.31 sys=0.01, real=0.05 secs] 
5006.326: [GC (Allocation Failure) [PSYoungGen: 328571K->177077K(465920K)] 905835K->784714K(1864192K), 0.0507748 secs] [Times: user=0.22 sys=0.00, real=0.05 secs] 
5006.570: [GC (Allocation Failure) [PSYoungGen: 410037K->181685K(465920K)] 1017674K->844650K(1864192K), 0.0607778 secs] [Times: user=0.29 sys=0.00, real=0.06 secs] 
5006.780: [GC (Allocation Failure) [PSYoungGen: 414645K->186613K(465920K)] 1077610K->904913K(1864192K), 0.0648785 secs] [Times: user=0.32 sys=0.00, real=0.06 secs] 
5007.901: [GC (Allocation Failure) [PSYoungGen: 419573K->136112K(465920K)] 1137873K->924685K(1864192K), 0.0498044 secs] [Times: user=0.25 sys=0.00, real=0.05 secs] 
5009.167: [GC (Allocation Failure) [PSYoungGen: 369072K->130783K(465920K)] 1157645K->962468K(1864192K), 0.1611044 secs] [Times: user=0.89 sys=0.01, real=0.16 secs] 
5009.722: [GC (Allocation Failure) [PSYoungGen: 363743K->178101K(465920K)] 1195428K->1051102K(1864192K), 0.0503767 secs] [Times: user=0.23 sys=0.00, real=0.05 secs] 
5009.920: [GC (Allocation Failure) [PSYoungGen: 411061K->185687K(465920K)] 1284062K->1120804K(1864192K), 0.0545989 secs] [Times: user=0.26 sys=0.00, real=0.05 secs] 
5010.089: [GC (Allocation Failure) [PSYoungGen: 418647K->186773K(465920K)] 1353764K->1180802K(1864192K), 0.0595221 secs] [Times: user=0.30 sys=0.00, real=0.06 secs] 
5011.093: [GC (Allocation Failure) [PSYoungGen: 419733K->94907K(465920K)] 1413762K->1159433K(1864192K), 0.0442287 secs] [Times: user=0.23 sys=0.00, real=0.05 secs] 
5012.102: [GC (Allocation Failure) [PSYoungGen: 327867K->167124K(465920K)] 1392393K->1262293K(1864192K), 0.0617258 secs] [Times: user=0.28 sys=0.00, real=0.06 secs] 
5012.368: [GC (Allocation Failure) [PSYoungGen: 400084K->184534K(465920K)] 1495253K->1332455K(1864192K), 0.0476795 secs] [Times: user=0.22 sys=0.00, real=0.04 secs] 
5012.519: [GC (Allocation Failure) [PSYoungGen: 417494K->187285K(465920K)] 1565415K->1391095K(1864192K), 0.0468674 secs] [Times: user=0.22 sys=0.00, real=0.05 secs] 
5013.455: [GC (Allocation Failure) [PSYoungGen: 420245K->145554K(465920K)] 1624055K->1419812K(1864192K), 0.0521619 secs] [Times: user=0.26 sys=0.00, real=0.06 secs] 
5014.110: [GC (Allocation Failure) [PSYoungGen: 378514K->129583K(465920K)] 1652772K->1450097K(1864192K), 0.1931416 secs] [Times: user=1.08 sys=0.00, real=0.19 secs] 
5014.304: [Full GC (Ergonomics) [PSYoungGen: 129583K->0K(465920K)] [ParOldGen: 1320513K->147800K(1398272K)] 1450097K->147800K(1864192K), [Metaspace: 59586K->59586K(1105920K)], 0.1765945 secs] [Times: user=0.84 sys=0.01, real=0.18 secs] 
5014.667: [GC (GCLocker Initiated GC) [PSYoungGen: 232960K->171444K(404480K)] 380762K->319246K(1802752K), 0.0257725 secs] [Times: user=0.09 sys=0.01, real=0.02 secs] 
5014.805: [GC (Allocation Failure) [PSYoungGen: 404404K->185399K(463872K)] 552373K->393944K(1862144K), 0.0476323 secs] [Times: user=0.22 sys=0.00, real=0.05 secs] 
5014.958: [GC (Allocation Failure) [PSYoungGen: 417335K->185813K(464896K)] 625880K->453158K(1863168K), 0.0579498 secs] [Times: user=0.29 sys=0.00, real=0.05 secs] 
5016.734: [GC (Allocation Failure) [PSYoungGen: 417629K->91883K(465920K)] 684974K->429380K(1864192K), 0.0434317 secs] [Times: user=0.22 sys=0.00, real=0.05 secs] 
5017.368: [GC (Allocation Failure) [PSYoungGen: 324723K->170772K(465920K)] 662220K->537466K(1864192K), 0.0434205 secs] [Times: user=0.19 sys=0.00, real=0.04 secs] 
5017.540: [GC (Allocation Failure) [PSYoungGen: 403732K->192918K(465920K)] 770426K->613448K(1864192K), 0.0425841 secs] [Times: user=0.19 sys=0.00, real=0.04 secs] 
5017.690: [GC (Allocation Failure) [PSYoungGen: 412597K->173045K(465920K)] 833127K->657871K(1864192K), 0.0496868 secs] [Times: user=0.22 sys=0.00, real=0.05 secs] 
5018.614: [GC (Allocation Failure) [PSYoungGen: 406005K->168787K(464896K)] 890831K->708533K(1863168K), 0.0545911 secs] [Times: user=0.28 sys=0.00, real=0.06 secs] 
5019.523: [GC (Allocation Failure) [PSYoungGen: 401747K->101500K(465408K)] 941493K->705894K(1863680K), 0.0986818 secs] [Times: user=0.53 sys=0.00, real=0.10 secs] 
5020.401: [GC (Allocation Failure) [PSYoungGen: 334460K->181430K(465920K)] 938854K->817673K(1864192K), 0.0499583 secs] [Times: user=0.22 sys=0.00, real=0.05 secs] 
5020.577: [GC (Allocation Failure) [PSYoungGen: 414390K->184758K(465920K)] 1050633K->877653K(1864192K), 0.0440393 secs] [Times: user=0.20 sys=0.00, real=0.04 secs] 
5020.745: [GC (Allocation Failure) [PSYoungGen: 417718K->186965K(465920K)] 1110613K->935972K(1864192K), 0.0501513 secs] [Times: user=0.24 sys=0.00, real=0.05 secs] 
5021.739: [GC (Allocation Failure) [PSYoungGen: 419925K->99020K(465920K)] 1168932K->918659K(1864192K), 0.0445615 secs] [Times: user=0.23 sys=0.00, real=0.04 secs] 
5022.358: [GC (Allocation Failure) [PSYoungGen: 331980K->167892K(465920K)] 1151619K->1020199K(1864192K), 0.0842937 secs] [Times: user=0.41 sys=0.00, real=0.08 secs] 
5022.611: [GC (Allocation Failure) [PSYoungGen: 400852K->183989K(465920K)] 1253159K->1088832K(1864192K), 0.0430290 secs] [Times: user=0.20 sys=0.00, real=0.04 secs] 
5022.766: [GC (Allocation Failure) [PSYoungGen: 416949K->185655K(465920K)] 1321792K->1154538K(1864192K), 0.0506593 secs] [Times: user=0.24 sys=0.00, real=0.05 secs] 
5023.205: [GC (Allocation Failure) [PSYoungGen: 414814K->209235K(465920K)] 1383697K->1237174K(1864192K), 0.0540528 secs] [Times: user=0.27 sys=0.00, real=0.06 secs] 
5024.186: [GC (Allocation Failure) [PSYoungGen: 442195K->94139K(465920K)] 1470134K->1188422K(1864192K), 0.0601217 secs] [Times: user=0.32 sys=0.01, real=0.07 secs] 
5024.856: [GC (Allocation Failure) [PSYoungGen: 327099K->179861K(465920K)] 1421382K->1304261K(1864192K), 0.0529400 secs] [Times: user=0.24 sys=0.00, real=0.05 secs] 
5025.078: [GC (Allocation Failure) [PSYoungGen: 412821K->184822K(465920K)] 1537221K->1365285K(1864192K), 0.0608750 secs] [Times: user=0.29 sys=0.00, real=0.06 secs] 
5025.263: [GC (Allocation Failure) [PSYoungGen: 417782K->183476K(465920K)] 1598245K->1420252K(1864192K), 0.0465910 secs] [Times: user=0.21 sys=0.01, real=0.05 secs] 
5026.293: [GC (Allocation Failure) [PSYoungGen: 416436K->102684K(465920K)] 1653212K->1408587K(1864192K), 0.0457638 secs] [Times: user=0.24 sys=0.00, real=0.05 secs] 
5026.956: [GC (GCLocker Initiated GC) [PSYoungGen: 335644K->163379K(465920K)] 1641548K->1502951K(1864192K), 0.1129267 secs] [Times: user=0.59 sys=0.00, real=0.11 secs] 
5027.069: [Full GC (Ergonomics) [PSYoungGen: 163379K->0K(465920K)] [ParOldGen: 1339571K->185582K(1398272K)] 1502951K->185582K(1864192K), [Metaspace: 59586K->59586K(1105920K)], 0.2250801 secs] [Times: user=1.07 sys=0.01, real=0.22 secs] 
5027.404: [GC (Allocation Failure) [PSYoungGen: 232960K->192470K(465920K)] 418837K->378347K(1864192K), 0.0334331 secs] [Times: user=0.14 sys=0.00, real=0.04 secs] 
5027.549: [GC (Allocation Failure) [PSYoungGen: 425430K->185687K(465920K)] 611307K->435692K(1864192K), 0.0440379 secs] [Times: user=0.20 sys=0.00, real=0.04 secs] 
5027.696: [GC (Allocation Failure) [PSYoungGen: 418647K->199572K(465920K)] 668652K->508370K(1864192K), 0.0550234 secs] [Times: user=0.27 sys=0.00, real=0.05 secs] 
5028.972: [GC (Allocation Failure) [PSYoungGen: 432532K->90826K(465920K)] 741330K->468848K(1864192K), 0.0640050 secs] [Times: user=0.33 sys=0.00, real=0.07 secs] 
5029.433: [GC (Allocation Failure) [PSYoungGen: 323786K->179189K(465920K)] 701808K->586595K(1864192K), 0.0492100 secs] [Times: user=0.22 sys=0.01, real=0.05 secs] 
5029.613: [GC (Allocation Failure) [PSYoungGen: 412149K->184278K(465920K)] 819555K->647331K(1864192K), 0.0437487 secs] [Times: user=0.19 sys=0.00, real=0.05 secs] 
5030.025: [GC (Allocation Failure) [PSYoungGen: 417238K->186261K(465920K)] 880291K->705226K(1864192K), 0.0685397 secs] [Times: user=0.34 sys=0.00, real=0.07 secs] 
5031.328: [GC (Allocation Failure) [PSYoungGen: 419221K->102764K(465920K)] 938186K->691993K(1864192K), 0.0451015 secs] [Times: user=0.23 sys=0.00, real=0.04 secs] 
5032.907: [GC (Allocation Failure) [PSYoungGen: 335724K->159283K(465920K)] 924953K->782148K(1864192K), 0.1190853 secs] [Times: user=0.61 sys=0.00, real=0.11 secs] 
5033.276: [GC (Allocation Failure) [PSYoungGen: 392243K->184406K(465920K)] 1015108K->857099K(1864192K), 0.0418771 secs] [Times: user=0.18 sys=0.00, real=0.04 secs] 
5033.451: [GC (Allocation Failure) [PSYoungGen: 417366K->186007K(465920K)] 1090059K->923008K(1864192K), 0.0598520 secs] [Times: user=0.29 sys=0.00, real=0.06 secs] 
5033.614: [GC (Allocation Failure) [PSYoungGen: 418967K->186805K(465920K)] 1155968K->982830K(1864192K), 0.0551982 secs] [Times: user=0.27 sys=0.00, real=0.06 secs] 
5034.801: [GC (Allocation Failure) [PSYoungGen: 419765K->86122K(465920K)] 1215790K->952603K(1864192K), 0.0562264 secs] [Times: user=0.30 sys=0.00, real=0.06 secs] 
5035.498: [GC (Allocation Failure) [PSYoungGen: 319082K->181846K(465920K)] 1185563K->1075824K(1864192K), 0.0506235 secs] [Times: user=0.22 sys=0.00, real=0.05 secs] 
5035.682: [GC (Allocation Failure) [PSYoungGen: 414806K->181589K(465920K)] 1308784K->1132147K(1864192K), 0.0442601 secs] [Times: user=0.20 sys=0.00, real=0.05 secs] 
5035.832: [GC (Allocation Failure) [PSYoungGen: 414549K->203445K(465920K)] 1365107K->1209171K(1864192K), 0.0461584 secs] [Times: user=0.21 sys=0.00, real=0.05 secs] 
5037.101: [GC (Allocation Failure) [PSYoungGen: 436405K->110397K(465920K)] 1442131K->1186731K(1864192K), 0.0471495 secs] [Times: user=0.24 sys=0.00, real=0.05 secs] 
5038.191: [GC (GCLocker Initiated GC) [PSYoungGen: 343357K->153074K(465920K)] 1419692K->1265776K(1864192K), 0.1050566 secs] [Times: user=0.47 sys=0.00, real=0.11 secs] 
5038.638: [GC (Allocation Failure) [PSYoungGen: 386034K->183573K(465920K)] 1498867K->1344031K(1864192K), 0.0492176 secs] [Times: user=0.23 sys=0.00, real=0.05 secs] 
5038.797: [GC (Allocation Failure) [PSYoungGen: 416533K->185783K(465920K)] 1576991K->1410260K(1864192K), 0.0512841 secs] [Times: user=0.24 sys=0.00, real=0.05 secs] 
5038.973: [GC (Allocation Failure) [PSYoungGen: 418743K->186453K(465920K)] 1643220K->1469986K(1864192K), 0.0653979 secs] [Times: user=0.33 sys=0.00, real=0.07 secs] 
5040.027: [GC (Allocation Failure) [PSYoungGen: 419413K->93291K(465920K)] 1702946K->1447104K(1864192K), 0.0662706 secs] [Times: user=0.35 sys=0.00, real=0.06 secs] 
5040.093: [Full GC (Ergonomics) [PSYoungGen: 93291K->0K(465920K)] [ParOldGen: 1353813K->104834K(1398272K)] 1447104K->104834K(1864192K), [Metaspace: 59586K->59586K(1105920K)], 0.1141510 secs] [Times: user=0.49 sys=0.00, real=0.12 secs] 
5041.644: [GC (Allocation Failure) [PSYoungGen: 232960K->172468K(465920K)] 337794K->277303K(1864192K), 0.0491210 secs] [Times: user=0.20 sys=0.00, real=0.05 secs] 
5041.856: [GC (Allocation Failure) [PSYoungGen: 405428K->184534K(465920K)] 510263K->343672K(1864192K), 0.0407772 secs] [Times: user=0.18 sys=0.00, real=0.04 secs] 
5042.024: [GC (Allocation Failure) [PSYoungGen: 417494K->186837K(465920K)] 576632K->402000K(1864192K), 0.0514006 secs] [Times: user=0.24 sys=0.00, real=0.05 secs] 
5043.011: [GC (Allocation Failure) [PSYoungGen: 419797K->118238K(465920K)] 634960K->403761K(1864192K), 0.0464052 secs] [Times: user=0.24 sys=0.00, real=0.05 secs] 
5044.096: [GC (Allocation Failure) [PSYoungGen: 351198K->147537K(465920K)] 636721K->470833K(1864192K), 0.1298370 secs] [Times: user=0.69 sys=0.00, real=0.13 secs] 
5044.596: [GC (Allocation Failure) [PSYoungGen: 380497K->181077K(465920K)] 703793K->550545K(1864192K), 0.0422471 secs] [Times: user=0.19 sys=0.00, real=0.04 secs] 
5044.750: [GC (Allocation Failure) [PSYoungGen: 414037K->185719K(465920K)] 783505K->618499K(1864192K), 0.0495017 secs] [Times: user=0.23 sys=0.00, real=0.05 secs] 
5044.905: [GC (Allocation Failure) [PSYoungGen: 418679K->202709K(465920K)] 851459K->694281K(1864192K), 0.0569249 secs] [Times: user=0.28 sys=0.00, real=0.06 secs] 
5045.939: [GC (Allocation Failure) [PSYoungGen: 435669K->94939K(465920K)] 927241K->656867K(1864192K), 0.0419001 secs] [Times: user=0.22 sys=0.00, real=0.04 secs] 
5047.313: [GC (Allocation Failure) [PSYoungGen: 327875K->170068K(465920K)] 889803K->762931K(1864192K), 0.0600641 secs] [Times: user=0.27 sys=0.01, real=0.06 secs] 
5047.536: [GC (Allocation Failure) [PSYoungGen: 403028K->184118K(465920K)] 995891K->830289K(1864192K), 0.0428376 secs] [Times: user=0.19 sys=0.00, real=0.05 secs] 
5047.683: [GC (Allocation Failure) [PSYoungGen: 417078K->187125K(465920K)] 1063249K->889176K(1864192K), 0.0454863 secs] [Times: user=0.21 sys=0.00, real=0.05 secs] 
5048.705: [GC (Allocation Failure) [PSYoungGen: 420085K->126095K(465920K)] 1122136K->898683K(1864192K), 0.0478601 secs] [Times: user=0.24 sys=0.00, real=0.05 secs] 
5049.922: [GC (Allocation Failure) [PSYoungGen: 357875K->142289K(465920K)] 1130463K->954932K(1864192K), 0.1520902 secs] [Times: user=0.83 sys=0.00, real=0.15 secs] 
5050.947: [GC (Allocation Failure) [PSYoungGen: 375249K->174196K(465920K)] 1187892K->1032173K(1864192K), 0.0546652 secs] [Times: user=0.26 sys=0.00, real=0.05 secs] 
5051.128: [GC (Allocation Failure) [PSYoungGen: 407156K->185911K(465920K)] 1265133K->1104623K(1864192K), 0.0492175 secs] [Times: user=0.23 sys=0.00, real=0.05 secs] 
5051.303: [GC (Allocation Failure) [PSYoungGen: 418871K->186709K(465920K)] 1337583K->1164413K(1864192K), 0.0605846 secs] [Times: user=0.31 sys=0.00, real=0.06 secs] 
5052.295: [GC (Allocation Failure) [PSYoungGen: 419669K->94267K(465920K)] 1397373K->1142483K(1864192K), 0.0458399 secs] [Times: user=0.24 sys=0.00, real=0.05 secs] 
5052.798: [GC (Allocation Failure) [PSYoungGen: 327227K->174613K(465920K)] 1375443K->1253042K(1864192K), 0.0597154 secs] [Times: user=0.26 sys=0.01, real=0.06 secs] 
5053.029: [GC (Allocation Failure) [PSYoungGen: 407573K->184342K(465920K)] 1486002K->1317835K(1864192K), 0.0445527 secs] [Times: user=0.20 sys=0.00, real=0.04 secs] 
5053.177: [GC (Allocation Failure) [PSYoungGen: 417302K->183764K(465920K)] 1550795K->1373178K(1864192K), 0.0466834 secs] [Times: user=0.22 sys=0.00, real=0.04 secs] 
5054.208: [GC (Allocation Failure) [PSYoungGen: 416724K->136113K(465920K)] 1606138K->1394790K(1864192K), 0.0502917 secs] [Times: user=0.24 sys=0.00, real=0.05 secs] 
5054.857: [GC (Allocation Failure) [PSYoungGen: 369073K->139664K(465920K)] 1627750K->1441346K(1864192K), 0.1454257 secs] [Times: user=0.80 sys=0.00, real=0.14 secs] 
5055.257: [GC (Allocation Failure) [PSYoungGen: 372624K->177909K(465920K)] 1674306K->1523799K(1864192K), 0.0421057 secs] [Times: user=0.19 sys=0.00, real=0.04 secs] 
5055.299: [Full GC (Ergonomics) [PSYoungGen: 177909K->0K(465920K)] [ParOldGen: 1345890K->239209K(1398272K)] 1523799K->239209K(1864192K), [Metaspace: 59586K->59586K(1105920K)], 0.2898859 secs] [Times: user=1.30 sys=0.00, real=0.29 secs] 
5055.697: [GC (Allocation Failure) [PSYoungGen: 232960K->182262K(465920K)] 472169K->421472K(1864192K), 0.0822722 secs] [Times: user=0.43 sys=0.00, real=0.08 secs] 
5055.888: [GC (Allocation Failure) [PSYoungGen: 415222K->186581K(465920K)] 654432K->483895K(1864192K), 0.0562608 secs] [Times: user=0.28 sys=0.00, real=0.05 secs] 
5057.724: [GC (Allocation Failure) [PSYoungGen: 419541K->91050K(465920K)] 716855K->458636K(1864192K), 0.0770710 secs] [Times: user=0.42 sys=0.00, real=0.08 secs] 
5059.019: [GC (Allocation Failure) [PSYoungGen: 324010K->173493K(465920K)] 691596K->570051K(1864192K), 0.0912788 secs] [Times: user=0.42 sys=0.01, real=0.09 secs] 
5059.442: [GC (Allocation Failure) [PSYoungGen: 406453K->184790K(465920K)] 803011K->635392K(1864192K), 0.0581664 secs] [Times: user=0.28 sys=0.00, real=0.06 secs] 
5059.618: [GC (Allocation Failure) [PSYoungGen: 417750K->184180K(465920K)] 868352K->690639K(1864192K), 0.0450104 secs] [Times: user=0.21 sys=0.00, real=0.04 secs] 
5060.632: [GC (Allocation Failure) [PSYoungGen: 417140K->142385K(465920K)] 923599K->718460K(1864192K), 0.0496752 secs] [Times: user=0.25 sys=0.00, real=0.05 secs] 
5061.135: [GC (Allocation Failure) [PSYoungGen: 375345K->135648K(465920K)] 951420K->756827K(1864192K), 0.1092922 secs] [Times: user=0.60 sys=0.00, real=0.11 secs] 
5061.595: [GC (Allocation Failure) [PSYoungGen: 368608K->174932K(464896K)] 989787K->839128K(1863168K), 0.0384215 secs] [Times: user=0.16 sys=0.00, real=0.04 secs] 
5061.745: [GC (Allocation Failure) [PSYoungGen: 407892K->185495K(465408K)] 1072088K->911126K(1863680K), 0.0486453 secs] [Times: user=0.22 sys=0.00, real=0.05 secs] 
5061.897: [GC (Allocation Failure) [PSYoungGen: 418455K->183316K(465920K)] 1144086K->967668K(1864192K), 0.0559974 secs] [Times: user=0.28 sys=0.00, real=0.05 secs] 
5062.965: [GC (GCLocker Initiated GC) [PSYoungGen: 416276K->93419K(465920K)] 1200629K->947131K(1864192K), 0.0432303 secs] [Times: user=0.23 sys=0.00, real=0.05 secs] 
5063.633: [GC (Allocation Failure) [PSYoungGen: 326379K->177365K(465920K)] 1180257K->1061696K(1864192K), 0.0604590 secs] [Times: user=0.26 sys=0.00, real=0.06 secs] 
5063.853: [GC (Allocation Failure) [PSYoungGen: 410325K->181621K(465920K)] 1294656K->1121232K(1864192K), 0.0439316 secs] [Times: user=0.20 sys=0.01, real=0.05 secs] 
5064.003: [GC (Allocation Failure) [PSYoungGen: 414581K->187157K(465920K)] 1354192K->1182199K(1864192K), 0.0460766 secs] [Times: user=0.22 sys=0.00, real=0.05 secs] 
5065.026: [GC (Allocation Failure) [PSYoungGen: 420117K->143153K(465920K)] 1415159K->1208764K(1864192K), 0.0507058 secs] [Times: user=0.25 sys=0.00, real=0.06 secs] 
5065.545: [GC (Allocation Failure) [PSYoungGen: 376113K->127487K(465920K)] 1441724K->1238706K(1864192K), 0.1213343 secs] [Times: user=0.67 sys=0.01, real=0.13 secs] 
5066.209: [GC (Allocation Failure) [PSYoungGen: 360447K->176533K(465920K)] 1471666K->1328231K(1864192K), 0.0487429 secs] [Times: user=0.22 sys=0.00, real=0.05 secs] 
5066.377: [GC (Allocation Failure) [PSYoungGen: 409493K->185687K(465920K)] 1561191K->1399058K(1864192K), 0.0514708 secs] [Times: user=0.24 sys=0.00, real=0.05 secs] 
5067.324: [GC (Allocation Failure) [PSYoungGen: 418647K->180308K(465920K)] 1632018K->1452559K(1864192K), 0.1016976 secs] [Times: user=0.53 sys=0.00, real=0.10 secs] 
5068.674: [GC (Allocation Failure) [PSYoungGen: 413268K->94091K(465920K)] 1685519K->1434710K(1864192K), 0.0464727 secs] [Times: user=0.24 sys=0.00, real=0.05 secs] 
5068.721: [Full GC (Ergonomics) [PSYoungGen: 94091K->0K(465920K)] [ParOldGen: 1340618K->93026K(1398272K)] 1434710K->93026K(1864192K), [Metaspace: 59586K->59586K(1105920K)], 0.0551861 secs] [Times: user=0.20 sys=0.00, real=0.06 secs] 
5069.692: [GC (Allocation Failure) [PSYoungGen: 232960K->172949K(465920K)] 325986K->265975K(1864192K), 0.0444480 secs] [Times: user=0.16 sys=0.00, real=0.05 secs] 
5069.966: [GC (Allocation Failure) [PSYoungGen: 405909K->181205K(465920K)] 498935K->328456K(1864192K), 0.0479767 secs] [Times: user=0.22 sys=0.00, real=0.04 secs] 
5070.120: [GC (Allocation Failure) [PSYoungGen: 403066K->173941K(465920K)] 550317K->384560K(1864192K), 0.0470838 secs] [Times: user=0.22 sys=0.00, real=0.05 secs] 
5070.974: [GC (Allocation Failure) [PSYoungGen: 406901K->213301K(465920K)] 617520K->479232K(1864192K), 0.0497889 secs] [Times: user=0.24 sys=0.00, real=0.05 secs] 
5071.586: [GC (Allocation Failure) [PSYoungGen: 446261K->101420K(465920K)] 712192K->432439K(1864192K), 0.0719447 secs] [Times: user=0.38 sys=0.00, real=0.08 secs] 
5072.502: [GC (Allocation Failure) [PSYoungGen: 334380K->178229K(465920K)] 665399K->541109K(1864192K), 0.0511187 secs] [Times: user=0.23 sys=0.00, real=0.05 secs] 
5072.686: [GC (Allocation Failure) [PSYoungGen: 411189K->184950K(465920K)] 774069K->603513K(1864192K), 0.0439152 secs] [Times: user=0.19 sys=0.00, real=0.04 secs] 
5072.832: [GC (Allocation Failure) [PSYoungGen: 417910K->186869K(465920K)] 836473K->661497K(1864192K), 0.0459390 secs] [Times: user=0.21 sys=0.00, real=0.05 secs] 
5073.821: [GC (Allocation Failure) [PSYoungGen: 419829K->97691K(465920K)] 894457K->642731K(1864192K), 0.0441026 secs] [Times: user=0.23 sys=0.00, real=0.04 secs] 
5075.440: [GC (Allocation Failure) [PSYoungGen: 330651K->166132K(465920K)] 875691K->742720K(1864192K), 0.1040430 secs] [Times: user=0.50 sys=0.00, real=0.10 secs] 
5075.737: [GC (Allocation Failure) [PSYoungGen: 399092K->184502K(465920K)] 975680K->813070K(1864192K), 0.0416987 secs] [Times: user=0.19 sys=0.00, real=0.04 secs] 
5075.911: [GC (Allocation Failure) [PSYoungGen: 417462K->186135K(465920K)] 1046030K->878796K(1864192K), 0.0559466 secs] [Times: user=0.27 sys=0.00, real=0.06 secs] 
5076.190: [GC (Allocation Failure) [PSYoungGen: 418434K->213940K(465920K)] 1111095K->965697K(1864192K), 0.0540839 secs] [Times: user=0.27 sys=0.00, real=0.05 secs] 
5077.363: [GC (Allocation Failure) [PSYoungGen: 446900K->91514K(465920K)] 1198657K->911687K(1864192K), 0.0802687 secs] [Times: user=0.44 sys=0.00, real=0.08 secs] 
5078.108: [GC (Allocation Failure) [PSYoungGen: 324474K->178581K(465920K)] 1144647K->1027810K(1864192K), 0.0536484 secs] [Times: user=0.24 sys=0.00, real=0.05 secs] 
5078.311: [GC (Allocation Failure) [PSYoungGen: 411541K->184278K(465920K)] 1260770K->1089527K(1864192K), 0.0437246 secs] [Times: user=0.20 sys=0.00, real=0.04 secs] 
5078.508: [GC (Allocation Failure) [PSYoungGen: 417238K->186549K(465920K)] 1322487K->1147710K(1864192K), 0.0755660 secs] [Times: user=0.38 sys=0.00, real=0.07 secs] 
5079.575: [GC (Allocation Failure) [PSYoungGen: 419509K->103228K(465920K)] 1380670K->1134721K(1864192K), 0.0518612 secs] [Times: user=0.28 sys=0.00, real=0.06 secs] 
5080.465: [GC (Allocation Failure) [PSYoungGen: 336188K->163955K(465920K)] 1367681K->1228685K(1864192K), 0.0974477 secs] [Times: user=0.50 sys=0.00, real=0.10 secs] 
5080.817: [GC (Allocation Failure) [PSYoungGen: 396915K->184726K(465920K)] 1461645K->1300780K(1864192K), 0.0457613 secs] [Times: user=0.21 sys=0.00, real=0.04 secs] 
5080.971: [GC (Allocation Failure) [PSYoungGen: 417686K->183062K(465920K)] 1533740K->1363389K(1864192K), 0.0509790 secs] [Times: user=0.24 sys=0.01, real=0.05 secs] 
5081.166: [GC (Allocation Failure) [PSYoungGen: 416022K->186741K(465920K)] 1596349K->1425107K(1864192K), 0.0676912 secs] [Times: user=0.35 sys=0.00, real=0.06 secs] 
5082.152: [GC (Allocation Failure) [PSYoungGen: 419701K->91114K(465920K)] 1658067K->1400045K(1864192K), 0.0416438 secs] [Times: user=0.22 sys=0.00, real=0.04 secs] 
5082.657: [GC (Allocation Failure) [PSYoungGen: 324074K->182326K(465920K)] 1633005K->1520792K(1864192K), 0.0506607 secs] [Times: user=0.23 sys=0.00, real=0.05 secs] 
5082.708: [Full GC (Ergonomics) [PSYoungGen: 182326K->0K(465920K)] [ParOldGen: 1338466K->227011K(1398272K)] 1520792K->227011K(1864192K), [Metaspace: 59587K->59587K(1105920K)], 0.2710875 secs] [Times: user=1.23 sys=0.00, real=0.27 secs] 
5083.088: [GC (Allocation Failure) [PSYoungGen: 232960K->180821K(465920K)] 459971K->407833K(1864192K), 0.0260702 secs] [Times: user=0.09 sys=0.00, real=0.02 secs] 
5083.236: [GC (Allocation Failure) [PSYoungGen: 413781K->186805K(465920K)] 640793K->468977K(1864192K), 0.0454308 secs] [Times: user=0.21 sys=0.00, real=0.04 secs] 
5084.270: [GC (Allocation Failure) [PSYoungGen: 419765K->102892K(465920K)] 701937K->455544K(1864192K), 0.0446938 secs] [Times: user=0.23 sys=0.00, real=0.04 secs] 
5085.344: [GC (Allocation Failure) [PSYoungGen: 335852K->164115K(465920K)] 688504K->549980K(1864192K), 0.1106749 secs] [Times: user=0.57 sys=0.00, real=0.11 secs] 
5085.675: [GC (Allocation Failure) [PSYoungGen: 397075K->180757K(465920K)] 782940K->618126K(1864192K), 0.0438057 secs] [Times: user=0.20 sys=0.00, real=0.05 secs] 
5085.830: [GC (Allocation Failure) [PSYoungGen: 413717K->185911K(465920K)] 851086K->686200K(1864192K), 0.0491541 secs] [Times: user=0.23 sys=0.00, real=0.05 secs] 
5085.985: [GC (Allocation Failure) [PSYoungGen: 418871K->186805K(465920K)] 919160K->746190K(1864192K), 0.0557042 secs] [Times: user=0.27 sys=0.00, real=0.06 secs] 
5087.037: [GC (GCLocker Initiated GC) [PSYoungGen: 419765K->91995K(465920K)] 979150K->721860K(1864192K), 0.0484481 secs] [Times: user=0.25 sys=0.00, real=0.04 secs] 
5088.026: [GC (GCLocker Initiated GC) [PSYoungGen: 324955K->176821K(465920K)] 954825K->835360K(1864192K), 0.0530535 secs] [Times: user=0.23 sys=0.00, real=0.05 secs] 
5088.220: [GC (Allocation Failure) [PSYoungGen: 409781K->192854K(465920K)] 1068359K->906691K(1864192K), 0.0442433 secs] [Times: user=0.20 sys=0.01, real=0.04 secs] 
5088.367: [GC (Allocation Failure) [PSYoungGen: 425814K->183316K(465920K)] 1139651K->953042K(1864192K), 0.0456070 secs] [Times: user=0.22 sys=0.00, real=0.04 secs] 
5089.364: [GC (Allocation Failure) [PSYoungGen: 416276K->107597K(465920K)] 1186002K->946483K(1864192K), 0.0492744 secs] [Times: user=0.21 sys=0.00, real=0.05 secs] 
5089.915: [GC (GCLocker Initiated GC) [PSYoungGen: 340557K->161939K(465920K)] 1179443K->1036437K(1864192K), 0.0653967 secs] [Times: user=0.33 sys=0.00, real=0.07 secs] 
5090.103: [GC (Allocation Failure) [PSYoungGen: 394899K->183989K(465920K)] 1269563K->1108990K(1864192K), 0.0429896 secs] [Times: user=0.19 sys=0.00, real=0.05 secs] 
5090.257: [GC (Allocation Failure) [PSYoungGen: 416949K->185591K(465920K)] 1341950K->1174643K(1864192K), 0.0520982 secs] [Times: user=0.25 sys=0.00, real=0.05 secs] 
5090.445: [GC (Allocation Failure) [PSYoungGen: 418551K->183252K(465920K)] 1407603K->1231257K(1864192K), 0.0624665 secs] [Times: user=0.32 sys=0.00, real=0.07 secs] 
5091.735: [GC (Allocation Failure) [PSYoungGen: 416212K->88394K(465920K)] 1464217K->1205614K(1864192K), 0.0629000 secs] [Times: user=0.34 sys=0.00, real=0.07 secs] 
5092.619: [GC (Allocation Failure) [PSYoungGen: 321354K->181302K(465920K)] 1438574K->1326985K(1864192K), 0.0639968 secs] [Times: user=0.29 sys=0.00, real=0.06 secs] 
5092.891: [GC (Allocation Failure) [PSYoungGen: 414262K->184502K(465920K)] 1559945K->1386537K(1864192K), 0.0563186 secs] [Times: user=0.27 sys=0.00, real=0.06 secs] 
5093.214: [GC (Allocation Failure) [PSYoungGen: 417462K->183124K(465920K)] 1619497K->1441120K(1864192K), 0.0656978 secs] [Times: user=0.32 sys=0.00, real=0.07 secs] 
5094.512: [GC (Allocation Failure) [PSYoungGen: 416084K->112317K(465920K)] 1674080K->1439505K(1864192K), 0.0483767 secs] [Times: user=0.25 sys=0.00, real=0.05 secs] 
5094.560: [Full GC (Ergonomics) [PSYoungGen: 112317K->0K(465920K)] [ParOldGen: 1327187K->94093K(1398272K)] 1439505K->94093K(1864192K), [Metaspace: 59587K->59587K(1105920K)], 0.0338293 secs] [Times: user=0.10 sys=0.00, real=0.03 secs] 
5095.462: [GC (GCLocker Initiated GC) [PSYoungGen: 232960K->153490K(465920K)] 327053K->247584K(1864192K), 0.0404973 secs] [Times: user=0.15 sys=0.00, real=0.04 secs] 
5095.871: [GC (Allocation Failure) [PSYoungGen: 386450K->181301K(465920K)] 480547K->323422K(1864192K), 0.0497086 secs] [Times: user=0.23 sys=0.00, real=0.05 secs] 
5096.032: [GC (Allocation Failure) [PSYoungGen: 414261K->185911K(465920K)] 556382K->391408K(1864192K), 0.0487304 secs] [Times: user=0.23 sys=0.00, real=0.05 secs] 
5096.186: [GC (Allocation Failure) [PSYoungGen: 418871K->186805K(465920K)] 624368K->451150K(1864192K), 0.0558572 secs] [Times: user=0.27 sys=0.00, real=0.05 secs] 
5097.297: [GC (Allocation Failure) [PSYoungGen: 418950K->93611K(465920K)] 683295K->428472K(1864192K), 0.0453718 secs] [Times: user=0.24 sys=0.00, real=0.04 secs] 
5098.986: [GC (Allocation Failure) [PSYoungGen: 326550K->168628K(465920K)] 661411K->533326K(1864192K), 0.0494552 secs] [Times: user=0.22 sys=0.00, real=0.05 secs] 
5099.230: [GC (Allocation Failure) [PSYoungGen: 401588K->184822K(465920K)] 766286K->602155K(1864192K), 0.0596238 secs] [Times: user=0.28 sys=0.00, real=0.06 secs] 
5099.405: [GC (Allocation Failure) [PSYoungGen: 417782K->187381K(465920K)] 835115K->660859K(1864192K), 0.0457993 secs] [Times: user=0.21 sys=0.00, real=0.05 secs] 
5100.418: [GC (Allocation Failure) [PSYoungGen: 420341K->119726K(465920K)] 893819K->663828K(1864192K), 0.0468716 secs] [Times: user=0.24 sys=0.00, real=0.04 secs] 
5100.891: [GC (Allocation Failure) [PSYoungGen: 352686K->149329K(465920K)] 896788K->731351K(1864192K), 0.1265534 secs] [Times: user=0.68 sys=0.00, real=0.13 secs] 
5101.259: [GC (Allocation Failure) [PSYoungGen: 382289K->180245K(465920K)] 964311K->809290K(1864192K), 0.0482663 secs] [Times: user=0.22 sys=0.01, real=0.05 secs] 
5101.486: [GC (GCLocker Initiated GC) [PSYoungGen: 413205K->183991K(465920K)] 1042250K->875844K(1864192K), 0.0674019 secs] [Times: user=0.32 sys=0.00, real=0.06 secs] 
5102.060: [GC (Allocation Failure) [PSYoungGen: 416951K->185685K(465920K)] 1108807K->935877K(1864192K), 0.0935694 secs] [Times: user=0.49 sys=0.00, real=0.09 secs] 
5103.147: [GC (Allocation Failure) [PSYoungGen: 418645K->94795K(465920K)] 1168837K->915052K(1864192K), 0.0571212 secs] [Times: user=0.30 sys=0.00, real=0.05 secs] 
5104.202: [GC (Allocation Failure) [PSYoungGen: 327755K->172820K(465920K)] 1148012K->1022994K(1864192K), 0.0555808 secs] [Times: user=0.24 sys=0.00, real=0.06 secs] 
5104.468: [GC (Allocation Failure) [PSYoungGen: 405780K->181269K(465920K)] 1255954K->1085499K(1864192K), 0.0553928 secs] [Times: user=0.27 sys=0.00, real=0.05 secs] 
5104.679: [GC (Allocation Failure) [PSYoungGen: 414229K->186837K(465920K)] 1318459K->1145842K(1864192K), 0.0701020 secs] [Times: user=0.35 sys=0.00, real=0.07 secs] 
5105.695: [GC (Allocation Failure) [PSYoungGen: 419797K->128432K(465920K)] 1378802K->1158053K(1864192K), 0.0504327 secs] [Times: user=0.26 sys=0.00, real=0.05 secs] 
5106.455: [GC (Allocation Failure) [PSYoungGen: 361392K->140528K(465920K)] 1391013K->1210958K(1864192K), 0.1636133 secs] [Times: user=0.92 sys=0.00, real=0.17 secs] 
5107.080: [GC (Allocation Failure) [PSYoungGen: 373488K->175380K(465920K)] 1443918K->1290538K(1864192K), 0.0572807 secs] [Times: user=0.27 sys=0.00, real=0.06 secs] 
5107.318: [GC (Allocation Failure) [PSYoungGen: 408340K->185815K(465920K)] 1523498K->1362508K(1864192K), 0.0755021 secs] [Times: user=0.38 sys=0.00, real=0.07 secs] 
5107.542: [GC (Allocation Failure) [PSYoungGen: 418775K->186389K(465920K)] 1595468K->1421970K(1864192K), 0.0822041 secs] [Times: user=0.43 sys=0.00, real=0.08 secs] 
5108.562: [GC (Allocation Failure) [PSYoungGen: 419247K->91883K(465920K)] 1654828K->1397812K(1864192K), 0.0447271 secs] [Times: user=0.24 sys=0.00, real=0.05 secs] 
5109.576: [GC (Allocation Failure) [PSYoungGen: 324843K->177621K(465920K)] 1630772K->1513587K(1864192K), 0.0540768 secs] [Times: user=0.24 sys=0.00, real=0.06 secs] 
5109.630: [Full GC (Ergonomics) [PSYoungGen: 177621K->0K(465920K)] [ParOldGen: 1335966K->210846K(1398272K)] 1513587K->210846K(1864192K), [Metaspace: 59587K->59587K(1105920K)], 0.2499083 secs] [Times: user=1.17 sys=0.01, real=0.25 secs] 
5110.005: [GC (Allocation Failure) [PSYoungGen: 232960K->180981K(465920K)] 443806K->391827K(1864192K), 0.0265344 secs] [Times: user=0.09 sys=0.00, real=0.03 secs] 
5111.135: [GC (Allocation Failure) [PSYoungGen: 413941K->186709K(465920K)] 624787K->452267K(1864192K), 0.0767670 secs] [Times: user=0.37 sys=0.00, real=0.08 secs] 
5112.953: [GC (Allocation Failure) [PSYoungGen: 419669K->136176K(465920K)] 685227K->472199K(1864192K), 0.0488154 secs] [Times: user=0.24 sys=0.00, real=0.05 secs] 
5113.374: [GC (Allocation Failure) [PSYoungGen: 369136K->130143K(465920K)] 705159K->509253K(1864192K), 0.1208639 secs] [Times: user=0.66 sys=0.01, real=0.12 secs] 
5113.737: [GC (Allocation Failure) [PSYoungGen: 363103K->178165K(465920K)] 742213K->598707K(1864192K), 0.0407980 secs] [Times: user=0.18 sys=0.00, real=0.04 secs] 
5113.912: [GC (Allocation Failure) [PSYoungGen: 411125K->185751K(465920K)] 831667K->668833K(1864192K), 0.0551102 secs] [Times: user=0.27 sys=0.00, real=0.06 secs] 
5114.088: [GC (Allocation Failure) [PSYoungGen: 418711K->183540K(465920K)] 901793K->725655K(1864192K), 0.0569509 secs] [Times: user=0.28 sys=0.00, real=0.05 secs] 
5115.083: [GC (GCLocker Initiated GC) [PSYoungGen: 416500K->91515K(465920K)] 958615K->702805K(1864192K), 0.0426615 secs] [Times: user=0.22 sys=0.00, real=0.04 secs] 
5116.296: [GC (Allocation Failure) [PSYoungGen: 324475K->172628K(465920K)] 935895K->813242K(1864192K), 0.0618795 secs] [Times: user=0.27 sys=0.01, real=0.07 secs] 
5116.528: [GC (Allocation Failure) [PSYoungGen: 405588K->184438K(465920K)] 1046202K->879311K(1864192K), 0.0442164 secs] [Times: user=0.21 sys=0.00, real=0.04 secs] 
5116.676: [GC (Allocation Failure) [PSYoungGen: 417398K->232884K(465920K)] 1112271K->984166K(1864192K), 0.0490517 secs] [Times: user=0.22 sys=0.01, real=0.04 secs] 
5117.611: [GC (Allocation Failure) [PSYoungGen: 465844K->151698K(465920K)] 1217126K->972388K(1864192K), 0.0527171 secs] [Times: user=0.26 sys=0.00, real=0.05 secs] 
5118.521: [GC (Allocation Failure) [PSYoungGen: 384658K->122526K(465920K)] 1205348K->991312K(1864192K), 0.1828045 secs] [Times: user=1.04 sys=0.00, real=0.18 secs] 
5119.032: [GC (Allocation Failure) [PSYoungGen: 355486K->178037K(465920K)] 1224272K->1086226K(1864192K), 0.0383411 secs] [Times: user=0.17 sys=0.00, real=0.04 secs] 
5119.204: [GC (Allocation Failure) [PSYoungGen: 410997K->185399K(465920K)] 1319186K->1155916K(1864192K), 0.0567829 secs] [Times: user=0.27 sys=0.00, real=0.06 secs] 
5119.817: [GC (GCLocker Initiated GC) [PSYoungGen: 418359K->180340K(465920K)] 1388876K->1209618K(1864192K), 0.1238955 secs] [Times: user=0.65 sys=0.00, real=0.12 secs] 
5121.222: [GC (Allocation Failure) [PSYoungGen: 413300K->93483K(465920K)] 1442580K->1191195K(1864192K), 0.0460969 secs] [Times: user=0.24 sys=0.00, real=0.05 secs] 
5121.981: [GC (Allocation Failure) [PSYoungGen: 326443K->171252K(465920K)] 1424155K->1299816K(1864192K), 0.0706803 secs] [Times: user=0.33 sys=0.00, real=0.07 secs] 
5122.224: [GC (Allocation Failure) [PSYoungGen: 404212K->184085K(465920K)] 1532776K->1365805K(1864192K), 0.0441513 secs] [Times: user=0.20 sys=0.00, real=0.05 secs] 
5122.394: [GC (Allocation Failure) [PSYoungGen: 406247K->177110K(465920K)] 1587966K->1423073K(1864192K), 0.0549284 secs] [Times: user=0.27 sys=0.00, real=0.06 secs] 
5123.312: [GC (Allocation Failure) [PSYoungGen: 410070K->168339K(465920K)] 1656033K->1470614K(1864192K), 0.0560653 secs] [Times: user=0.28 sys=0.00, real=0.06 secs] 
5123.734: [GC (Allocation Failure) [PSYoungGen: 401299K->105084K(465920K)] 1703574K->1471911K(1864192K), 0.0616405 secs] [Times: user=0.32 sys=0.01, real=0.06 secs] 
5123.795: [Full GC (Ergonomics) [PSYoungGen: 105084K->0K(465920K)] [ParOldGen: 1366827K->121093K(1398272K)] 1471911K->121093K(1864192K), [Metaspace: 59587K->59587K(1105920K)], 0.1352645 secs] [Times: user=0.60 sys=0.00, real=0.14 secs] 
5124.550: [GC (Allocation Failure) [PSYoungGen: 232960K->179509K(465920K)] 354053K->300602K(1864192K), 0.0335348 secs] [Times: user=0.13 sys=0.00, real=0.03 secs] 
5124.775: [GC (Allocation Failure) [PSYoungGen: 412469K->184662K(465920K)] 533562K->362015K(1864192K), 0.0610505 secs] [Times: user=0.29 sys=0.00, real=0.07 secs] 
5124.998: [GC (Allocation Failure) [PSYoungGen: 417622K->186837K(465920K)] 594975K->420182K(1864192K), 0.0647546 secs] [Times: user=0.31 sys=0.00, real=0.06 secs] 
5125.994: [GC (Allocation Failure) [PSYoungGen: 419797K->97707K(465920K)] 653142K->401449K(1864192K), 0.0433995 secs] [Times: user=0.22 sys=0.00, real=0.05 secs] 
5126.579: [GC (Allocation Failure) [PSYoungGen: 330667K->169524K(465920K)] 634409K->505697K(1864192K), 0.0833325 secs] [Times: user=0.39 sys=0.00, real=0.08 secs] 
5126.874: [GC (Allocation Failure) [PSYoungGen: 402484K->184502K(465920K)] 738657K->573718K(1864192K), 0.0513623 secs] [Times: user=0.24 sys=0.00, real=0.05 secs] 
5127.042: [GC (Allocation Failure) [PSYoungGen: 417462K->182806K(465920K)] 806678K->636199K(1864192K), 0.0488119 secs] [Times: user=0.22 sys=0.00, real=0.05 secs] 
5127.880: [GC (Allocation Failure) [PSYoungGen: 415378K->212243K(465920K)] 868771K->723436K(1864192K), 0.0542963 secs] [Times: user=0.27 sys=0.00, real=0.05 secs] 
5128.549: [GC (Allocation Failure) [PSYoungGen: 445203K->97611K(465920K)] 956396K->675668K(1864192K), 0.0657448 secs] [Times: user=0.35 sys=0.00, real=0.06 secs] 
5129.076: [GC (Allocation Failure) [PSYoungGen: 330571K->183286K(465920K)] 908628K->792822K(1864192K), 0.0534148 secs] [Times: user=0.23 sys=0.00, real=0.06 secs] 
5129.515: [GC (Allocation Failure) [PSYoungGen: 416246K->184053K(465920K)] 1025782K->850590K(1864192K), 0.0607457 secs] [Times: user=0.29 sys=0.00, real=0.06 secs] 
5129.802: [GC (Allocation Failure) [PSYoungGen: 417013K->186005K(465920K)] 1083550K->908261K(1864192K), 0.0452017 secs] [Times: user=0.21 sys=0.00, real=0.05 secs] 
5130.845: [GC (Allocation Failure) [PSYoungGen: 418965K->97979K(465920K)] 1141221K->890324K(1864192K), 0.0440451 secs] [Times: user=0.23 sys=0.00, real=0.05 secs] 
5131.730: [GC (GCLocker Initiated GC) [PSYoungGen: 330939K->164371K(465920K)] 1123286K->988760K(1864192K), 0.0724505 secs] [Times: user=0.36 sys=0.00, real=0.07 secs] 
5132.013: [GC (Allocation Failure) [PSYoungGen: 397331K->183893K(465920K)] 1221721K->1059599K(1864192K), 0.0457194 secs] [Times: user=0.21 sys=0.00, real=0.05 secs] 
5132.173: [GC (Allocation Failure) [PSYoungGen: 416737K->185847K(465920K)] 1292442K->1125560K(1864192K), 0.0499147 secs] [Times: user=0.23 sys=0.00, real=0.05 secs] 
5132.515: [GC (Allocation Failure) [PSYoungGen: 418465K->216500K(465920K)] 1358179K->1215110K(1864192K), 0.0559282 secs] [Times: user=0.28 sys=0.00, real=0.06 secs] 
5133.467: [GC (Allocation Failure) [PSYoungGen: 449460K->93019K(465920K)] 1448070K->1160916K(1864192K), 0.0635370 secs] [Times: user=0.34 sys=0.00, real=0.06 secs] 
5134.455: [GC (Allocation Failure) [PSYoungGen: 325979K->177973K(465920K)] 1393876K->1274979K(1864192K), 0.0556565 secs] [Times: user=0.25 sys=0.00, real=0.06 secs] 
5134.696: [GC (Allocation Failure) [PSYoungGen: 410933K->184662K(465920K)] 1507939K->1337620K(1864192K), 0.0613634 secs] [Times: user=0.29 sys=0.00, real=0.07 secs] 
5134.931: [GC (Allocation Failure) [PSYoungGen: 417622K->186229K(465920K)] 1570580K->1395099K(1864192K), 0.0645893 secs] [Times: user=0.32 sys=0.00, real=0.06 secs] 
5135.936: [GC (Allocation Failure) [PSYoungGen: 419189K->102524K(465920K)] 1628059K->1381578K(1864192K), 0.0450251 secs] [Times: user=0.23 sys=0.00, real=0.04 secs] 
5136.538: [GC (Allocation Failure) [PSYoungGen: 335484K->168532K(465920K)] 1614538K->1481530K(1864192K), 0.1016095 secs] [Times: user=0.51 sys=0.00, real=0.10 secs] 
5136.640: [Full GC (Ergonomics) [PSYoungGen: 168532K->0K(465920K)] [ParOldGen: 1312997K->189397K(1398272K)] 1481530K->189397K(1864192K), [Metaspace: 59622K->59622K(1105920K)], 0.2359377 secs] [Times: user=1.15 sys=0.00, real=0.23 secs] 
5136.990: [GC (Allocation Failure) [PSYoungGen: 232887K->181141K(465920K)] 422285K->370538K(1864192K), 0.0331441 secs] [Times: user=0.13 sys=0.01, real=0.03 secs] 
5137.150: [GC (Allocation Failure) [PSYoungGen: 414101K->185943K(465920K)] 603498K->438644K(1864192K), 0.0433106 secs] [Times: user=0.19 sys=0.00, real=0.04 secs] 
5137.324: [GC (Allocation Failure) [PSYoungGen: 418903K->218805K(465920K)] 671604K->530610K(1864192K), 0.0552882 secs] [Times: user=0.28 sys=0.00, real=0.06 secs] 
5138.675: [GC (Allocation Failure) [PSYoungGen: 451765K->87946K(465920K)] 763570K->469896K(1864192K), 0.0614532 secs] [Times: user=0.33 sys=0.00, real=0.07 secs] 
5139.129: [GC (Allocation Failure) [PSYoungGen: 320906K->182454K(465920K)] 702856K->592799K(1864192K), 0.0495969 secs] [Times: user=0.22 sys=0.00, real=0.05 secs] 
5139.371: [GC (Allocation Failure) [PSYoungGen: 415414K->181717K(465920K)] 825759K->648510K(1864192K), 0.0627342 secs] [Times: user=0.30 sys=0.00, real=0.06 secs] 
5139.596: [GC (Allocation Failure) [PSYoungGen: 414677K->186133K(465920K)] 881470K->707926K(1864192K), 0.0539015 secs] [Times: user=0.26 sys=0.00, real=0.05 secs] 
5140.812: [GC (Allocation Failure) [PSYoungGen: 419093K->100332K(465920K)] 940886K->692157K(1864192K), 0.0447392 secs] [Times: user=0.23 sys=0.00, real=0.05 secs] 
5141.790: [GC (GCLocker Initiated GC) [PSYoungGen: 333292K->161299K(465920K)] 925117K->785425K(1864192K), 0.1139466 secs] [Times: user=0.58 sys=0.00, real=0.11 secs] 
5142.504: [GC (Allocation Failure) [PSYoungGen: 394259K->181173K(465920K)] 1018388K->855734K(1864192K), 0.0537738 secs] [Times: user=0.25 sys=0.00, real=0.06 secs] 
5142.674: [GC (Allocation Failure) [PSYoungGen: 414133K->185911K(465920K)] 1088694K->923776K(1864192K), 0.0494786 secs] [Times: user=0.23 sys=0.01, real=0.05 secs] 
5142.830: [GC (Allocation Failure) [PSYoungGen: 418871K->186517K(465920K)] 1156736K->983366K(1864192K), 0.0554241 secs] [Times: user=0.27 sys=0.00, real=0.05 secs] 
5143.887: [GC (Allocation Failure) [PSYoungGen: 419477K->90090K(465920K)] 1216326K->957195K(1864192K), 0.0569893 secs] [Times: user=0.31 sys=0.01, real=0.05 secs] 
5144.294: [GC (Allocation Failure) [PSYoungGen: 323050K->178997K(465920K)] 1190155K->1075550K(1864192K), 0.0376363 secs] [Times: user=0.16 sys=0.00, real=0.04 secs] 
5144.439: [GC (Allocation Failure) [PSYoungGen: 411957K->184566K(465920K)] 1308510K->1137174K(1864192K), 0.0437173 secs] [Times: user=0.20 sys=0.01, real=0.04 secs] 
5144.588: [GC (Allocation Failure) [PSYoungGen: 417526K->186581K(465920K)] 1370134K->1195062K(1864192K), 0.0460982 secs] [Times: user=0.22 sys=0.00, real=0.04 secs] 
5145.680: [GC (Allocation Failure) [PSYoungGen: 419541K->107709K(465920K)] 1428022K->1186685K(1864192K), 0.0462548 secs] [Times: user=0.24 sys=0.00, real=0.05 secs] 
5146.458: [GC (Allocation Failure) [PSYoungGen: 340669K->161075K(465920K)] 1419645K->1275603K(1864192K), 0.1015161 secs] [Times: user=0.51 sys=0.00, real=0.10 secs] 
5146.759: [GC (Allocation Failure) [PSYoungGen: 394035K->184086K(465920K)] 1508563K->1348302K(1864192K), 0.0421425 secs] [Times: user=0.19 sys=0.00, real=0.04 secs] 
5147.011: [GC (Allocation Failure) [PSYoungGen: 417046K->184727K(465920K)] 1581262K->1412815K(1864192K), 0.0535549 secs] [Times: user=0.25 sys=0.00, real=0.05 secs] 
5147.286: [GC (GCLocker Initiated GC) [PSYoungGen: 417687K->183828K(465920K)] 1645776K->1470413K(1864192K), 0.0665020 secs] [Times: user=0.34 sys=0.00, real=0.06 secs] 
5148.288: [GC (Allocation Failure) [PSYoungGen: 416788K->88970K(465920K)] 1703540K->1445098K(1864192K), 0.0420297 secs] [Times: user=0.22 sys=0.00, real=0.04 secs] 
5148.330: [Full GC (Ergonomics) [PSYoungGen: 88970K->0K(465920K)] [ParOldGen: 1356127K->101583K(1398272K)] 1445098K->101583K(1864192K), [Metaspace: 59622K->59622K(1105920K)], 0.0918831 secs] [Times: user=0.35 sys=0.00, real=0.09 secs] 
5149.853: [GC (Allocation Failure) [PSYoungGen: 232960K->176117K(465920K)] 334543K->277700K(1864192K), 0.0396337 secs] [Times: user=0.16 sys=0.00, real=0.04 secs] 
5150.044: [GC (Allocation Failure) [PSYoungGen: 409077K->184982K(465920K)] 510660K->341721K(1864192K), 0.0412569 secs] [Times: user=0.18 sys=0.00, real=0.04 secs] 
5150.187: [GC (Allocation Failure) [PSYoungGen: 417942K->186933K(465920K)] 574681K->399760K(1864192K), 0.0450849 secs] [Times: user=0.20 sys=0.00, real=0.04 secs] 
5151.179: [GC (Allocation Failure) [PSYoungGen: 419893K->112733K(465920K)] 632720K->395929K(1864192K), 0.0456912 secs] [Times: user=0.23 sys=0.00, real=0.04 secs] 
5152.316: [GC (Allocation Failure) [PSYoungGen: 345693K->150258K(465920K)] 628889K->469686K(1864192K), 0.1467372 secs] [Times: user=0.79 sys=0.00, real=0.14 secs] 
5152.718: [GC (Allocation Failure) [PSYoungGen: 383218K->184118K(465920K)] 702646K->550982K(1864192K), 0.0423332 secs] [Times: user=0.18 sys=0.01, real=0.04 secs] 
5152.904: [GC (Allocation Failure) [PSYoungGen: 417014K->182262K(465920K)] 783878K->613023K(1864192K), 0.0777458 secs] [Times: user=0.39 sys=0.00, real=0.08 secs] 
5153.115: [GC (Allocation Failure) [PSYoungGen: 415222K->186901K(465920K)] 845983K->675805K(1864192K), 0.0560006 secs] [Times: user=0.28 sys=0.00, real=0.06 secs] 
5154.084: [GC (Allocation Failure) [PSYoungGen: 419861K->94411K(465920K)] 908765K->653940K(1864192K), 0.0421955 secs] [Times: user=0.22 sys=0.00, real=0.05 secs] 
5154.928: [GC (Allocation Failure) [PSYoungGen: 327371K->174645K(465920K)] 886900K->765002K(1864192K), 0.0547506 secs] [Times: user=0.25 sys=0.00, real=0.05 secs] 
5155.139: [GC (Allocation Failure) [PSYoungGen: 407605K->184310K(465920K)] 997962K->829338K(1864192K), 0.0438538 secs] [Times: user=0.20 sys=0.00, real=0.04 secs] 
5155.289: [GC (Allocation Failure) [PSYoungGen: 417270K->186485K(465920K)] 1062298K->887442K(1864192K), 0.0464549 secs] [Times: user=0.22 sys=0.00, real=0.04 secs] 
5156.615: [GC (Allocation Failure) [PSYoungGen: 419445K->119278K(465920K)] 1120402K->890579K(1864192K), 0.0477513 secs] [Times: user=0.24 sys=0.00, real=0.05 secs] 
5157.028: [GC (Allocation Failure) [PSYoungGen: 352238K->148881K(465920K)] 1123539K->957942K(1864192K), 0.1033196 secs] [Times: user=0.54 sys=0.00, real=0.10 secs] 
5157.449: [GC (Allocation Failure) [PSYoungGen: 381841K->179669K(465920K)] 1190902K->1035091K(1864192K), 0.0447132 secs] [Times: user=0.20 sys=0.00, real=0.04 secs] 
5157.630: [GC (Allocation Failure) [PSYoungGen: 412629K->185815K(465920K)] 1268051K->1104145K(1864192K), 0.0552978 secs] [Times: user=0.27 sys=0.00, real=0.05 secs] 
5157.859: [GC (Allocation Failure) [PSYoungGen: 418775K->186869K(465920K)] 1337105K->1164079K(1864192K), 0.0574378 secs] [Times: user=0.28 sys=0.00, real=0.06 secs] 
5158.841: [GC (Allocation Failure) [PSYoungGen: 419829K->90970K(465920K)] 1397039K->1138620K(1864192K), 0.0424165 secs] [Times: user=0.22 sys=0.00, real=0.04 secs] 
5159.810: [GC (Allocation Failure) [PSYoungGen: 323930K->171988K(465920K)] 1371580K->1248863K(1864192K), 0.0476074 secs] [Times: user=0.20 sys=0.00, real=0.05 secs] 
5159.990: [GC (Allocation Failure) [PSYoungGen: 404948K->184758K(465920K)] 1481823K->1315565K(1864192K), 0.0442725 secs] [Times: user=0.20 sys=0.01, real=0.04 secs] 
5160.140: [GC (Allocation Failure) [PSYoungGen: 417718K->186837K(465920K)] 1548525K->1373708K(1864192K), 0.0464497 secs] [Times: user=0.22 sys=0.00, real=0.05 secs] 
5161.122: [GC (Allocation Failure) [PSYoungGen: 419797K->128464K(465920K)] 1606668K->1385703K(1864192K), 0.0515230 secs] [Times: user=0.22 sys=0.00, real=0.05 secs] 
5162.172: [GC (Allocation Failure) [PSYoungGen: 361424K->141345K(465920K)] 1618663K->1439280K(1864192K), 0.1344971 secs] [Times: user=0.73 sys=0.01, real=0.14 secs] 
5162.916: [GC (Allocation Failure) [PSYoungGen: 374305K->174132K(465920K)] 1672240K->1516576K(1864192K), 0.0550483 secs] [Times: user=0.26 sys=0.00, real=0.06 secs] 
5162.971: [Full GC (Ergonomics) [PSYoungGen: 174132K->0K(465920K)] [ParOldGen: 1342443K->234686K(1398272K)] 1516576K->234686K(1864192K), [Metaspace: 59622K->59622K(1105920K)], 0.2966788 secs] [Times: user=1.37 sys=0.01, real=0.30 secs] 
5163.376: [GC (Allocation Failure) [PSYoungGen: 232960K->182614K(465920K)] 467646K->417301K(1864192K), 0.0769338 secs] [Times: user=0.39 sys=0.01, real=0.07 secs] 
5163.567: [GC (Allocation Failure) [PSYoungGen: 415574K->186677K(465920K)] 650261K->479628K(1864192K), 0.0567916 secs] [Times: user=0.28 sys=0.00, real=0.05 secs] 
5164.555: [GC (Allocation Failure) [PSYoungGen: 419637K->95163K(465920K)] 712588K->458562K(1864192K), 0.0473975 secs] [Times: user=0.25 sys=0.00, real=0.05 secs] 
5165.356: [GC (Allocation Failure) [PSYoungGen: 328123K->177685K(465920K)] 691522K->572136K(1864192K), 0.0511789 secs] [Times: user=0.23 sys=0.00, real=0.05 secs] 
5165.599: [GC (Allocation Failure) [PSYoungGen: 410645K->184277K(465920K)] 805096K->634008K(1864192K), 0.0597565 secs] [Times: user=0.28 sys=0.00, real=0.06 secs] 
5165.811: [GC (Allocation Failure) [PSYoungGen: 417237K->186453K(465920K)] 866968K->692247K(1864192K), 0.0515122 secs] [Times: user=0.25 sys=0.00, real=0.05 secs] 
5166.774: [GC (Allocation Failure) [PSYoungGen: 419413K->134096K(465920K)] 925207K->710115K(1864192K), 0.0493308 secs] [Times: user=0.25 sys=0.00, real=0.05 secs] 
5167.875: [GC (Allocation Failure) [PSYoungGen: 367056K->132031K(465920K)] 943075K->750562K(1864192K), 0.1628127 secs] [Times: user=0.91 sys=0.00, real=0.17 secs] 
5168.447: [GC (Allocation Failure) [PSYoungGen: 364991K->178453K(465920K)] 983522K->839196K(1864192K), 0.0504143 secs] [Times: user=0.24 sys=0.00, real=0.05 secs] 
5168.612: [GC (Allocation Failure) [PSYoungGen: 411413K->185655K(465920K)] 1072156K->908494K(1864192K), 0.0493685 secs] [Times: user=0.23 sys=0.00, real=0.05 secs] 
5168.766: [GC (Allocation Failure) [PSYoungGen: 418615K->186741K(465920K)] 1141454K->968556K(1864192K), 0.0576035 secs] [Times: user=0.29 sys=0.00, real=0.06 secs] 
5169.811: [GC (Allocation Failure) [PSYoungGen: 419701K->91723K(465920K)] 1201516K->943954K(1864192K), 0.0436516 secs] [Times: user=0.23 sys=0.00, real=0.04 secs] 
5171.193: [GC (Allocation Failure) [PSYoungGen: 324683K->170740K(465920K)] 1176914K->1052959K(1864192K), 0.0614256 secs] [Times: user=0.28 sys=0.01, real=0.06 secs] 
5171.416: [GC (Allocation Failure) [PSYoungGen: 403700K->184630K(465920K)] 1285919K->1120177K(1864192K), 0.0442259 secs] [Times: user=0.19 sys=0.00, real=0.04 secs] 
5171.567: [GC (Allocation Failure) [PSYoungGen: 417590K->187349K(465920K)] 1353137K->1178920K(1864192K), 0.0469889 secs] [Times: user=0.21 sys=0.00, real=0.04 secs] 
5172.514: [GC (Allocation Failure) [PSYoungGen: 420309K->143377K(465920K)] 1411880K->1205716K(1864192K), 0.0515174 secs] [Times: user=0.25 sys=0.00, real=0.06 secs] 
5173.229: [GC (Allocation Failure) [PSYoungGen: 376337K->125519K(465920K)] 1438676K->1233354K(1864192K), 0.1349909 secs] [Times: user=0.75 sys=0.00, real=0.13 secs] 
5173.987: [GC (Allocation Failure) [PSYoungGen: 358479K->173140K(465920K)] 1466314K->1320803K(1864192K), 0.0514595 secs] [Times: user=0.23 sys=0.01, real=0.05 secs] 
5174.165: [GC (Allocation Failure) [PSYoungGen: 406100K->185399K(465920K)] 1553763K->1394030K(1864192K), 0.0499570 secs] [Times: user=0.23 sys=0.00, real=0.05 secs] 
5175.274: [GC (Allocation Failure) [PSYoungGen: 418359K->185909K(465920K)] 1626990K->1453228K(1864192K), 0.1000933 secs] [Times: user=0.52 sys=0.00, real=0.10 secs] 
5176.528: [GC (Allocation Failure) [PSYoungGen: 418869K->95051K(465920K)] 1686188K->1432506K(1864192K), 0.0598310 secs] [Times: user=0.32 sys=0.00, real=0.06 secs] 
5176.588: [Full GC (Ergonomics) [PSYoungGen: 95051K->0K(465920K)] [ParOldGen: 1337455K->92859K(1398272K)] 1432506K->92859K(1864192K), [Metaspace: 59622K->59622K(1105920K)], 0.0620552 secs] [Times: user=0.23 sys=0.00, real=0.06 secs] 
5177.761: [GC (Allocation Failure) [PSYoungGen: 232960K->164659K(465920K)] 325819K->257519K(1864192K), 0.0519470 secs] [Times: user=0.20 sys=0.00, real=0.05 secs] 
5178.030: [GC (Allocation Failure) [PSYoungGen: 397619K->184854K(465920K)] 490479K->329693K(1864192K), 0.0518040 secs] [Times: user=0.25 sys=0.00, real=0.05 secs] 
5178.187: [GC (Allocation Failure) [PSYoungGen: 411298K->179286K(465920K)] 556137K->388277K(1864192K), 0.0489530 secs] [Times: user=0.23 sys=0.01, real=0.05 secs] 
5179.146: [GC (Allocation Failure) [PSYoungGen: 412246K->168051K(401408K)] 621237K->434018K(1799680K), 0.0534347 secs] [Times: user=0.26 sys=0.00, real=0.05 secs] 
5179.627: [GC (Allocation Failure) [PSYoungGen: 401011K->111725K(463872K)] 666978K->442004K(1862144K), 0.0599489 secs] [Times: user=0.31 sys=0.00, real=0.06 secs] 
5180.195: [GC (Allocation Failure) [PSYoungGen: 343661K->191860K(464896K)] 673940K->557376K(1863168K), 0.0451872 secs] [Times: user=0.21 sys=0.00, real=0.05 secs] 
5180.351: [GC (Allocation Failure) [PSYoungGen: 423796K->182774K(465920K)] 789312K->610119K(1864192K), 0.0492951 secs] [Times: user=0.23 sys=0.00, real=0.05 secs] 
5180.563: [GC (Allocation Failure) [PSYoungGen: 415734K->180020K(465920K)] 843079K->665248K(1864192K), 0.0692150 secs] [Times: user=0.35 sys=0.00, real=0.07 secs] 
5181.608: [GC (Allocation Failure) [PSYoungGen: 412980K->101932K(465920K)] 898208K->655224K(1864192K), 0.0493896 secs] [Times: user=0.21 sys=0.00, real=0.05 secs] 
5182.150: [GC (Allocation Failure) [PSYoungGen: 334892K->174805K(465920K)] 888184K->761633K(1864192K), 0.0701564 secs] [Times: user=0.34 sys=0.00, real=0.07 secs] 
5182.377: [GC (Allocation Failure) [PSYoungGen: 407765K->183573K(465920K)] 994593K->824617K(1864192K), 0.0441495 secs] [Times: user=0.20 sys=0.00, real=0.04 secs] 
5182.580: [GC (Allocation Failure) [PSYoungGen: 415139K->182358K(465920K)] 1056183K->887082K(1864192K), 0.0509481 secs] [Times: user=0.24 sys=0.00, real=0.05 secs] 
5183.605: [GC (Allocation Failure) [PSYoungGen: 415318K->168691K(465920K)] 1120042K->931366K(1864192K), 0.0581273 secs] [Times: user=0.29 sys=0.00, real=0.06 secs] 
5184.429: [GC (Allocation Failure) [PSYoungGen: 401651K->100860K(465920K)] 1164326K->928183K(1864192K), 0.0913709 secs] [Times: user=0.48 sys=0.01, real=0.09 secs] 
5185.244: [GC (Allocation Failure) [PSYoungGen: 333820K->178709K(465920K)] 1161143K->1038197K(1864192K), 0.0523240 secs] [Times: user=0.23 sys=0.00, real=0.06 secs] 
5185.497: [GC (Allocation Failure) [PSYoungGen: 411669K->184086K(465920K)] 1271157K->1099058K(1864192K), 0.0620632 secs] [Times: user=0.29 sys=0.00, real=0.06 secs] 
5185.670: [GC (Allocation Failure) [PSYoungGen: 417046K->183732K(465920K)] 1332018K->1154569K(1864192K), 0.0464919 secs] [Times: user=0.22 sys=0.00, real=0.05 secs] 
5186.703: [GC (Allocation Failure) [PSYoungGen: 416692K->101180K(465920K)] 1387529K->1141608K(1864192K), 0.0455273 secs] [Times: user=0.23 sys=0.00, real=0.05 secs] 
5187.311: [GC (Allocation Failure) [PSYoungGen: 334140K->168020K(465920K)] 1374568K->1241460K(1864192K), 0.0661499 secs] [Times: user=0.32 sys=0.00, real=0.07 secs] 
5187.510: [GC (Allocation Failure) [PSYoungGen: 400980K->184438K(465920K)] 1474420K->1310610K(1864192K), 0.0438070 secs] [Times: user=0.20 sys=0.00, real=0.04 secs] 
5187.662: [GC (Allocation Failure) [PSYoungGen: 417398K->182582K(465920K)] 1543570K->1372883K(1864192K), 0.0508572 secs] [Times: user=0.24 sys=0.00, real=0.05 secs] 
5188.106: [GC (Allocation Failure) [PSYoungGen: 414511K->216628K(465920K)] 1604811K->1464793K(1864192K), 0.0554556 secs] [Times: user=0.28 sys=0.00, real=0.05 secs] 
5189.034: [GC (GCLocker Initiated GC) [PSYoungGen: 449588K->90618K(465920K)] 1697753K->1407623K(1864192K), 0.0691842 secs] [Times: user=0.36 sys=0.00, real=0.07 secs] 
5189.103: [Full GC (Ergonomics) [PSYoungGen: 90618K->0K(465920K)] [ParOldGen: 1317005K->106965K(1398272K)] 1407623K->106965K(1864192K), [Metaspace: 59624K->59624K(1105920K)], 0.1363344 secs] [Times: user=0.61 sys=0.00, real=0.14 secs] 
5189.831: [GC (Allocation Failure) [PSYoungGen: 232960K->181910K(465920K)] 339928K->288878K(1864192K), 0.0342951 secs] [Times: user=0.13 sys=0.00, real=0.03 secs] 
5189.993: [GC (Allocation Failure) [PSYoungGen: 414870K->184662K(465920K)] 521838K->348302K(1864192K), 0.0413923 secs] [Times: user=0.18 sys=0.00, real=0.04 secs] 
5190.138: [GC (Allocation Failure) [PSYoungGen: 417622K->186357K(465920K)] 581262K->405981K(1864192K), 0.0443503 secs] [Times: user=0.20 sys=0.00, real=0.04 secs] 
5191.712: [GC (Allocation Failure) [PSYoungGen: 419317K->96891K(465920K)] 638941K->386907K(1864192K), 0.0439381 secs] [Times: user=0.23 sys=0.00, real=0.05 secs] 
5192.483: [GC (Allocation Failure) [PSYoungGen: 329851K->164307K(465920K)] 619867K->486188K(1864192K), 0.0950541 secs] [Times: user=0.47 sys=0.00, real=0.10 secs] 
5192.817: [GC (Allocation Failure) [PSYoungGen: 397267K->183989K(465920K)] 719148K->557326K(1864192K), 0.0411309 secs] [Times: user=0.18 sys=0.00, real=0.04 secs] 
5192.967: [GC (Allocation Failure) [PSYoungGen: 416949K->185847K(465920K)] 790286K->623387K(1864192K), 0.0499845 secs] [Times: user=0.23 sys=0.00, real=0.05 secs] 
5193.119: [GC (Allocation Failure) [PSYoungGen: 418807K->186677K(465920K)] 856347K->683145K(1864192K), 0.0559380 secs] [Times: user=0.28 sys=0.00, real=0.05 secs] 
5194.128: [GC (Allocation Failure) [PSYoungGen: 419637K->91098K(465920K)] 916105K->658071K(1864192K), 0.0568586 secs] [Times: user=0.30 sys=0.01, real=0.05 secs] 
5195.200: [GC (Allocation Failure) [PSYoungGen: 324058K->174421K(465920K)] 891031K->769814K(1864192K), 0.0496433 secs] [Times: user=0.22 sys=0.00, real=0.05 secs] 
5195.385: [GC (Allocation Failure) [PSYoungGen: 407381K->184886K(465920K)] 1002774K->835059K(1864192K), 0.0436873 secs] [Times: user=0.19 sys=0.00, real=0.05 secs] 
5195.578: [GC (Allocation Failure) [PSYoungGen: 417846K->186741K(465920K)] 1068019K->893018K(1864192K), 0.0655409 secs] [Times: user=0.32 sys=0.00, real=0.06 secs] 
5196.629: [GC (Allocation Failure) [PSYoungGen: 419701K->107661K(465920K)] 1125978K->884450K(1864192K), 0.0491487 secs] [Times: user=0.25 sys=0.00, real=0.05 secs] 
5197.758: [GC (Allocation Failure) [PSYoungGen: 340621K->163539K(465920K)] 1117410K->974790K(1864192K), 0.0881770 secs] [Times: user=0.46 sys=0.00, real=0.09 secs] 
5198.013: [GC (Allocation Failure) [PSYoungGen: 396499K->178037K(465920K)] 1207750K->1040415K(1864192K), 0.0414537 secs] [Times: user=0.18 sys=0.01, real=0.04 secs] 
5198.165: [GC (Allocation Failure) [PSYoungGen: 410997K->185879K(465920K)] 1273375K->1111001K(1864192K), 0.0496233 secs] [Times: user=0.23 sys=0.00, real=0.05 secs] 
5198.338: [GC (Allocation Failure) [PSYoungGen: 418839K->186805K(465920K)] 1343961K->1170879K(1864192K), 0.0682394 secs] [Times: user=0.35 sys=0.00, real=0.07 secs] 
5199.426: [GC (Allocation Failure) [PSYoungGen: 419765K->94379K(465920K)] 1403839K->1148949K(1864192K), 0.0548744 secs] [Times: user=0.29 sys=0.00, real=0.05 secs] 
5199.977: [GC (Allocation Failure) [PSYoungGen: 327339K->181942K(465920K)] 1381909K->1266740K(1864192K), 0.0557281 secs] [Times: user=0.24 sys=0.00, real=0.05 secs] 
5200.173: [GC (Allocation Failure) [PSYoungGen: 414902K->180853K(465920K)] 1499700K->1322484K(1864192K), 0.0443416 secs] [Times: user=0.20 sys=0.00, real=0.05 secs] 
5200.323: [GC (Allocation Failure) [PSYoungGen: 413813K->186485K(465920K)] 1555444K->1383163K(1864192K), 0.0460160 secs] [Times: user=0.22 sys=0.00, real=0.05 secs] 
5201.422: [GC (Allocation Failure) [PSYoungGen: 419445K->103948K(465920K)] 1616123K->1371059K(1864192K), 0.0459936 secs] [Times: user=0.24 sys=0.00, real=0.05 secs] 
5201.893: [GC (Allocation Failure) [PSYoungGen: 336908K->164308K(465920K)] 1604019K->1466006K(1864192K), 0.1079338 secs] [Times: user=0.56 sys=0.00, real=0.11 secs] 
5202.220: [GC (Allocation Failure) [PSYoungGen: 397268K->183509K(465920K)] 1698966K->1535880K(1864192K), 0.0429562 secs] [Times: user=0.19 sys=0.00, real=0.04 secs] 
5202.263: [Full GC (Ergonomics) [PSYoungGen: 183509K->0K(465920K)] [ParOldGen: 1352370K->252684K(1398272K)] 1535880K->252684K(1864192K), [Metaspace: 59624K->59624K(1105920K)], 0.3155552 secs] [Times: user=1.44 sys=0.00, real=0.32 secs] 
5202.699: [GC (Allocation Failure) [PSYoungGen: 232960K->184278K(465920K)] 485644K->436963K(1864192K), 0.0884556 secs] [Times: user=0.47 sys=0.00, real=0.09 secs] 
5202.894: [GC (Allocation Failure) [PSYoungGen: 417238K->186645K(465920K)] 669923K->498105K(1864192K), 0.0565176 secs] [Times: user=0.28 sys=0.00, real=0.06 secs] 
5203.993: [GC (Allocation Failure) [PSYoungGen: 419605K->85706K(465920K)] 731065K->467638K(1864192K), 0.0528419 secs] [Times: user=0.28 sys=0.01, real=0.06 secs] 
5205.303: [GC (Allocation Failure) [PSYoungGen: 318666K->177237K(465920K)] 700598K->585894K(1864192K), 0.0463473 secs] [Times: user=0.20 sys=0.01, real=0.05 secs] 
5205.517: [GC (Allocation Failure) [PSYoungGen: 410197K->181557K(465920K)] 818854K->645922K(1864192K), 0.0597471 secs] [Times: user=0.28 sys=0.00, real=0.06 secs] 
5205.717: [GC (Allocation Failure) [PSYoungGen: 414517K->186837K(465920K)] 878882K->706258K(1864192K), 0.0525364 secs] [Times: user=0.26 sys=0.00, real=0.05 secs] 
5206.768: [GC (Allocation Failure) [PSYoungGen: 419797K->113854K(465920K)] 939218K->703691K(1864192K), 0.0464113 secs] [Times: user=0.24 sys=0.00, real=0.04 secs] 
5207.598: [GC (Allocation Failure) [PSYoungGen: 346814K->152914K(465920K)] 936651K->779744K(1864192K), 0.1499185 secs] [Times: user=0.82 sys=0.00, real=0.15 secs] 
5208.060: [GC (Allocation Failure) [PSYoungGen: 385874K->178453K(465920K)] 1012704K->853175K(1864192K), 0.0480128 secs] [Times: user=0.23 sys=0.00, real=0.05 secs] 
5208.254: [GC (Allocation Failure) [PSYoungGen: 411413K->185719K(465920K)] 1086135K->923041K(1864192K), 0.0745558 secs] [Times: user=0.36 sys=0.00, real=0.08 secs] 
5208.463: [GC (Allocation Failure) [PSYoungGen: 418679K->186101K(465920K)] 1156001K->982367K(1864192K), 0.0568898 secs] [Times: user=0.28 sys=0.00, real=0.06 secs] 
5209.452: [GC (Allocation Failure) [PSYoungGen: 419061K->98235K(465920K)] 1215327K->964670K(1864192K), 0.0563538 secs] [Times: user=0.30 sys=0.00, real=0.06 secs] 
5210.066: [GC (Allocation Failure) [PSYoungGen: 331195K->177173K(465920K)] 1197630K->1074692K(1864192K), 0.0554880 secs] [Times: user=0.25 sys=0.00, real=0.06 secs] 
5210.318: [GC (Allocation Failure) [PSYoungGen: 410133K->184406K(465920K)] 1307652K->1137657K(1864192K), 0.0621513 secs] [Times: user=0.30 sys=0.00, real=0.06 secs] 
5210.499: [GC (Allocation Failure) [PSYoungGen: 417366K->186965K(465920K)] 1370617K->1196200K(1864192K), 0.0470306 secs] [Times: user=0.22 sys=0.00, real=0.05 secs] 
5211.549: [GC (Allocation Failure) [PSYoungGen: 419925K->113694K(465920K)] 1429160K->1193425K(1864192K), 0.0480274 secs] [Times: user=0.25 sys=0.00, real=0.05 secs] 
5212.582: [GC (Allocation Failure) [PSYoungGen: 346654K->148177K(465920K)] 1426385K->1264217K(1864192K), 0.1036003 secs] [Times: user=0.55 sys=0.01, real=0.11 secs] 
5213.069: [GC (Allocation Failure) [PSYoungGen: 381137K->180757K(465920K)] 1497177K->1343133K(1864192K), 0.0563595 secs] [Times: user=0.27 sys=0.00, real=0.05 secs] 
5213.251: [GC (Allocation Failure) [PSYoungGen: 413717K->185751K(465920K)] 1576093K->1411191K(1864192K), 0.0501108 secs] [Times: user=0.24 sys=0.00, real=0.05 secs] 
5213.405: [GC (GCLocker Initiated GC) [PSYoungGen: 418711K->183028K(465920K)] 1644152K->1467278K(1864192K), 0.0586118 secs] [Times: user=0.29 sys=0.01, real=0.06 secs] 
5214.440: [GC (Allocation Failure) [PSYoungGen: 415988K->97291K(465920K)] 1700404K->1450959K(1864192K), 0.0628441 secs] [Times: user=0.33 sys=0.00, real=0.06 secs] 
5214.503: [Full GC (Ergonomics) [PSYoungGen: 97291K->0K(465920K)] [ParOldGen: 1353667K->103879K(1398272K)] 1450959K->103879K(1864192K), [Metaspace: 59624K->59624K(1105920K)], 0.0962755 secs] [Times: user=0.39 sys=0.00, real=0.10 secs] 
5215.692: [GC (Allocation Failure) [PSYoungGen: 232960K->170260K(465920K)] 336839K->274140K(1864192K), 0.0435029 secs] [Times: user=0.16 sys=0.00, real=0.05 secs] 
5215.909: [GC (Allocation Failure) [PSYoungGen: 403220K->184502K(465920K)] 507100K->341689K(1864192K), 0.0422234 secs] [Times: user=0.19 sys=0.00, real=0.04 secs] 
5216.084: [GC (Allocation Failure) [PSYoungGen: 417462K->183700K(465920K)] 574649K->396792K(1864192K), 0.0508693 secs] [Times: user=0.25 sys=0.00, real=0.05 secs] 
5217.077: [GC (Allocation Failure) [PSYoungGen: 416660K->129872K(465920K)] 629752K->412403K(1864192K), 0.0473852 secs] [Times: user=0.24 sys=0.00, real=0.04 secs] 
5217.741: [GC (Allocation Failure) [PSYoungGen: 362832K->143937K(465920K)] 645363K->467748K(1864192K), 0.1650278 secs] [Times: user=0.92 sys=0.00, real=0.17 secs] 
5218.370: [GC (Allocation Failure) [PSYoungGen: 376897K->180853K(465920K)] 700708K->549338K(1864192K), 0.0498296 secs] [Times: user=0.24 sys=0.00, real=0.05 secs] 
5218.559: [GC (Allocation Failure) [PSYoungGen: 413813K->185623K(465920K)] 782298K->617499K(1864192K), 0.0547562 secs] [Times: user=0.26 sys=0.00, real=0.05 secs] 
5218.735: [GC (Allocation Failure) [PSYoungGen: 418583K->186485K(465920K)] 850459K->677442K(1864192K), 0.0577241 secs] [Times: user=0.28 sys=0.01, real=0.06 secs] 
5219.734: [GC (Allocation Failure) [PSYoungGen: 419445K->88874K(465920K)] 910402K->650287K(1864192K), 0.0420863 secs] [Times: user=0.22 sys=0.00, real=0.05 secs] 
5220.894: [GC (Allocation Failure) [PSYoungGen: 321834K->172628K(465920K)] 883247K->762314K(1864192K), 0.0543603 secs] [Times: user=0.24 sys=0.00, real=0.06 secs] 
5221.102: [GC (Allocation Failure) [PSYoungGen: 405588K->184918K(465920K)] 995274K->828715K(1864192K), 0.0434500 secs] [Times: user=0.20 sys=0.00, real=0.04 secs] 
5221.267: [GC (Allocation Failure) [PSYoungGen: 417878K->187157K(465920K)] 1061675K->887043K(1864192K), 0.0506002 secs] [Times: user=0.24 sys=0.00, real=0.05 secs] 
5222.270: [GC (Allocation Failure) [PSYoungGen: 420117K->133680K(465920K)] 1120003K->904230K(1864192K), 0.0487683 secs] [Times: user=0.24 sys=0.01, real=0.05 secs] 
5223.234: [GC (Allocation Failure) [PSYoungGen: 366640K->135856K(465920K)] 1137190K->948814K(1864192K), 0.1617887 secs] [Times: user=0.89 sys=0.00, real=0.17 secs] 
5223.886: [GC (Allocation Failure) [PSYoungGen: 368816K->175732K(465920K)] 1181774K->1032299K(1864192K), 0.0578507 secs] [Times: user=0.27 sys=0.01, real=0.05 secs] 
5224.082: [GC (Allocation Failure) [PSYoungGen: 408692K->185335K(465920K)] 1265259K->1103421K(1864192K), 0.0493240 secs] [Times: user=0.23 sys=0.00, real=0.05 secs] 
5224.254: [GC (Allocation Failure) [PSYoungGen: 418295K->183412K(465920K)] 1336381K->1160155K(1864192K), 0.0645251 secs] [Times: user=0.32 sys=0.00, real=0.07 secs] 
5225.257: [GC (Allocation Failure) [PSYoungGen: 416372K->98187K(465920K)] 1393115K->1144226K(1864192K), 0.0438469 secs] [Times: user=0.22 sys=0.00, real=0.04 secs] 
5225.796: [GC (GCLocker Initiated GC) [PSYoungGen: 331147K->172852K(465920K)] 1377187K->1251215K(1864192K), 0.0637169 secs] [Times: user=0.29 sys=0.01, real=0.06 secs] 
5226.020: [GC (Allocation Failure) [PSYoungGen: 405812K->184246K(465920K)] 1484178K->1316659K(1864192K), 0.0437259 secs] [Times: user=0.20 sys=0.00, real=0.04 secs] 
5226.202: [GC (Allocation Failure) [PSYoungGen: 417206K->186709K(465920K)] 1549619K->1375123K(1864192K), 0.0674478 secs] [Times: user=0.33 sys=0.00, real=0.07 secs] 
5227.243: [GC (Allocation Failure) [PSYoungGen: 419669K->138929K(465920K)] 1608083K->1397743K(1864192K), 0.0499052 secs] [Times: user=0.25 sys=0.00, real=0.05 secs] 
5227.766: [GC (Allocation Failure) [PSYoungGen: 371889K->132832K(465920K)] 1630703K->1435709K(1864192K), 0.1442035 secs] [Times: user=0.80 sys=0.01, real=0.15 secs] 
5228.310: [GC (Allocation Failure) [PSYoungGen: 365792K->177941K(465920K)] 1668669K->1522727K(1864192K), 0.0487336 secs] [Times: user=0.23 sys=0.00, real=0.05 secs] 
5228.359: [Full GC (Ergonomics) [PSYoungGen: 177941K->0K(465920K)] [ParOldGen: 1344786K->235889K(1398272K)] 1522727K->235889K(1864192K), [Metaspace: 59624K->59624K(1105920K)], 0.2820163 secs] [Times: user=1.29 sys=0.00, real=0.28 secs] 
5228.754: [GC (Allocation Failure) [PSYoungGen: 232960K->181814K(465920K)] 468849K->417703K(1864192K), 0.0813223 secs] [Times: user=0.42 sys=0.00, real=0.09 secs] 
5228.939: [GC (Allocation Failure) [PSYoungGen: 414774K->186677K(465920K)] 650663K->480382K(1864192K), 0.0576263 secs] [Times: user=0.28 sys=0.00, real=0.06 secs] 
5229.931: [GC (Allocation Failure) [PSYoungGen: 419637K->95115K(465920K)] 713342K->459236K(1864192K), 0.0422449 secs] [Times: user=0.22 sys=0.01, real=0.04 secs] 
5231.050: [GC (Allocation Failure) [PSYoungGen: 328075K->169588K(465920K)] 692196K->564510K(1864192K), 0.0658991 secs] [Times: user=0.29 sys=0.01, real=0.07 secs] 
5231.322: [GC (Allocation Failure) [PSYoungGen: 402548K->184310K(465920K)] 797470K->632211K(1864192K), 0.0563093 secs] [Times: user=0.27 sys=0.00, real=0.06 secs] 
5231.486: [GC (Allocation Failure) [PSYoungGen: 417270K->187061K(465920K)] 865171K->691155K(1864192K), 0.0453383 secs] [Times: user=0.21 sys=0.00, real=0.05 secs] 
5232.457: [GC (Allocation Failure) [PSYoungGen: 420021K->146482K(465920K)] 924115K->720999K(1864192K), 0.0504505 secs] [Times: user=0.24 sys=0.00, real=0.05 secs] 
5233.143: [GC (GCLocker Initiated GC) [PSYoungGen: 379442K->122862K(465920K)] 953960K->743740K(1864192K), 0.1544400 secs] [Times: user=0.86 sys=0.01, real=0.16 secs] 
5234.079: [GC (Allocation Failure) [PSYoungGen: 355822K->174036K(465920K)] 976831K->833554K(1864192K), 0.0535567 secs] [Times: user=0.25 sys=0.00, real=0.05 secs] 
5234.262: [GC (Allocation Failure) [PSYoungGen: 406955K->185527K(465920K)] 1066473K->906492K(1864192K), 0.0491883 secs] [Times: user=0.23 sys=0.00, real=0.05 secs] 
5234.449: [GC (Allocation Failure) [PSYoungGen: 418487K->186581K(465920K)] 1139452K->966315K(1864192K), 0.0835214 secs] [Times: user=0.43 sys=0.00, real=0.08 secs] 
5235.528: [GC (Allocation Failure) [PSYoungGen: 419541K->97803K(465920K)] 1199275K->948081K(1864192K), 0.0541461 secs] [Times: user=0.29 sys=0.00, real=0.05 secs] 
5236.024: [GC (GCLocker Initiated GC) [PSYoungGen: 330763K->173237K(465920K)] 1181041K->1055746K(1864192K), 0.0712644 secs] [Times: user=0.33 sys=0.00, real=0.07 secs] 
5236.314: [GC (Allocation Failure) [PSYoungGen: 406197K->184470K(465920K)] 1288708K->1120922K(1864192K), 0.0521833 secs] [Times: user=0.25 sys=0.00, real=0.06 secs] 
5236.487: [GC (Allocation Failure) [PSYoungGen: 417430K->186997K(465920K)] 1353882K->1179545K(1864192K), 0.0506587 secs] [Times: user=0.24 sys=0.00, real=0.05 secs] 
5237.421: [GC (Allocation Failure) [PSYoungGen: 419957K->150034K(465920K)] 1412505K->1212990K(1864192K), 0.0514154 secs] [Times: user=0.25 sys=0.01, real=0.05 secs] 
5238.022: [GC (GCLocker Initiated GC) [PSYoungGen: 382994K->120302K(465920K)] 1445950K->1230874K(1864192K), 0.1279605 secs] [Times: user=0.70 sys=0.00, real=0.13 secs] 
5238.798: [GC (Allocation Failure) [PSYoungGen: 353262K->182292K(465920K)] 1463965K->1330856K(1864192K), 0.0488375 secs] [Times: user=0.23 sys=0.00, real=0.05 secs] 
5238.962: [GC (Allocation Failure) [PSYoungGen: 415252K->182230K(465920K)] 1563816K->1392018K(1864192K), 0.0490079 secs] [Times: user=0.22 sys=0.00, real=0.05 secs] 
5239.140: [GC (Allocation Failure) [PSYoungGen: 415190K->186901K(465920K)] 1624978K->1454697K(1864192K), 0.0632128 secs] [Times: user=0.32 sys=0.00, real=0.06 secs] 
5240.193: [GC (Allocation Failure) [PSYoungGen: 419861K->98027K(465920K)] 1687657K->1436311K(1864192K), 0.0484902 secs] [Times: user=0.25 sys=0.00, real=0.05 secs] 
5240.242: [Full GC (Ergonomics) [PSYoungGen: 98027K->0K(465920K)] [ParOldGen: 1338284K->94025K(1398272K)] 1436311K->94025K(1864192K), [Metaspace: 59624K->59624K(1105920K)], 0.0531257 secs] [Times: user=0.19 sys=0.00, real=0.05 secs] 
5241.540: [GC (Allocation Failure) [PSYoungGen: 232960K->166324K(465920K)] 326985K->260349K(1864192K), 0.0422302 secs] [Times: user=0.15 sys=0.01, real=0.04 secs] 
5241.811: [GC (Allocation Failure) [PSYoungGen: 399284K->184406K(465920K)] 493309K->330787K(1864192K), 0.0567108 secs] [Times: user=0.27 sys=0.00, real=0.06 secs] 
5242.011: [GC (Allocation Failure) [PSYoungGen: 411754K->180374K(465920K)] 558136K->390988K(1864192K), 0.0591883 secs] [Times: user=0.29 sys=0.00, real=0.06 secs] 
5242.902: [GC (Allocation Failure) [PSYoungGen: 413334K->169043K(463872K)] 623948K->436953K(1862144K), 0.0560850 secs] [Times: user=0.29 sys=0.00, real=0.06 secs] 
5243.322: [GC (Allocation Failure) [PSYoungGen: 401976K->112301K(464896K)] 669886K->445035K(1863168K), 0.0552516 secs] [Times: user=0.28 sys=0.00, real=0.06 secs] 
5243.725: [GC (Allocation Failure) [PSYoungGen: 345261K->177973K(465920K)] 677995K->546954K(1864192K), 0.0521149 secs] [Times: user=0.24 sys=0.00, real=0.06 secs] 
5243.941: [GC (GCLocker Initiated GC) [PSYoungGen: 410933K->177014K(410112K)] 779914K->608395K(1808384K), 0.0745018 secs] [Times: user=0.37 sys=0.00, real=0.07 secs] 
5244.136: [GC (Allocation Failure) [PSYoungGen: 409974K->203253K(464896K)] 841394K->691217K(1863168K), 0.0568758 secs] [Times: user=0.28 sys=0.00, real=0.05 secs] 
5245.193: [GC (Allocation Failure) [PSYoungGen: 435701K->97595K(465408K)] 923665K->656248K(1863680K), 0.0498540 secs] [Times: user=0.26 sys=0.00, real=0.05 secs] 
5245.788: [GC (Allocation Failure) [PSYoungGen: 330043K->171604K(465920K)] 888696K->762364K(1864192K), 0.0783994 secs] [Times: user=0.38 sys=0.00, real=0.08 secs] 
5246.042: [GC (Allocation Failure) [PSYoungGen: 404564K->184053K(465920K)] 995324K->828230K(1864192K), 0.0434844 secs] [Times: user=0.19 sys=0.00, real=0.04 secs] 
5246.196: [GC (Allocation Failure) [PSYoungGen: 417013K->185111K(465920K)] 1061190K->893335K(1864192K), 0.0507473 secs] [Times: user=0.24 sys=0.01, real=0.05 secs] 
5247.248: [GC (Allocation Failure) [PSYoungGen: 418071K->169107K(465920K)] 1126295K->936275K(1864192K), 0.0560517 secs] [Times: user=0.28 sys=0.00, real=0.05 secs] 
5247.795: [GC (Allocation Failure) [PSYoungGen: 402067K->104700K(465920K)] 1169235K->936548K(1864192K), 0.0625818 secs] [Times: user=0.33 sys=0.00, real=0.07 secs] 
5249.164: [GC (Allocation Failure) [PSYoungGen: 337660K->177749K(465920K)] 1169508K->1042410K(1864192K), 0.0580355 secs] [Times: user=0.26 sys=0.00, real=0.06 secs] 
5249.367: [GC (Allocation Failure) [PSYoungGen: 410709K->184886K(465920K)] 1275370K->1105043K(1864192K), 0.0455572 secs] [Times: user=0.21 sys=0.00, real=0.04 secs] 
5249.515: [GC (Allocation Failure) [PSYoungGen: 417846K->186901K(465920K)] 1338003K->1162938K(1864192K), 0.0475009 secs] [Times: user=0.22 sys=0.00, real=0.05 secs] 
5250.506: [GC (Allocation Failure) [PSYoungGen: 419861K->97003K(465920K)] 1395898K->1143640K(1864192K), 0.0492802 secs] [Times: user=0.26 sys=0.00, real=0.04 secs] 
5251.956: [GC (Allocation Failure) [PSYoungGen: 329963K->167444K(465920K)] 1376600K->1245681K(1864192K), 0.0990426 secs] [Times: user=0.50 sys=0.00, real=0.09 secs] 
5252.248: [GC (Allocation Failure) [PSYoungGen: 400404K->184566K(465920K)] 1478641K->1314835K(1864192K), 0.0448146 secs] [Times: user=0.20 sys=0.00, real=0.04 secs] 
5252.566: [GC (Allocation Failure) [PSYoungGen: 417526K->186039K(465920K)] 1547795K->1380404K(1864192K), 0.0743058 secs] [Times: user=0.37 sys=0.00, real=0.07 secs] 
5253.682: [GC (Allocation Failure) [PSYoungGen: 418999K->192435K(465920K)] 1613364K->1445985K(1864192K), 0.1364421 secs] [Times: user=0.73 sys=0.00, real=0.14 secs] 
5254.888: [GC (Allocation Failure) [PSYoungGen: 425395K->91114K(465920K)] 1678945K->1411288K(1864192K), 0.0580585 secs] [Times: user=0.30 sys=0.01, real=0.06 secs] 
5254.946: [Full GC (Ergonomics) [PSYoungGen: 91114K->0K(465920K)] [ParOldGen: 1320173K->107949K(1398272K)] 1411288K->107949K(1864192K), [Metaspace: 59624K->59624K(1105920K)], 0.1087101 secs] [Times: user=0.47 sys=0.00, real=0.10 secs] 
5255.722: [GC (GCLocker Initiated GC) [PSYoungGen: 232960K->175285K(465920K)] 340909K->283235K(1864192K), 0.0366640 secs] [Times: user=0.14 sys=0.01, real=0.04 secs] 
5255.900: [GC (Allocation Failure) [PSYoungGen: 408245K->192758K(465920K)] 516233K->355934K(1864192K), 0.0410341 secs] [Times: user=0.18 sys=0.00, real=0.04 secs] 
5256.047: [GC (Allocation Failure) [PSYoungGen: 425718K->186613K(465920K)] 588894K->405782K(1864192K), 0.0445647 secs] [Times: user=0.20 sys=0.00, real=0.04 secs] 
5257.043: [GC (GCLocker Initiated GC) [PSYoungGen: 419573K->105772K(465920K)] 638742K->395325K(1864192K), 0.0493458 secs] [Times: user=0.26 sys=0.00, real=0.05 secs] 
5257.588: [GC (Allocation Failure) [PSYoungGen: 338732K->171892K(465920K)] 628580K->496424K(1864192K), 0.0677939 secs] [Times: user=0.34 sys=0.00, real=0.07 secs] 
5257.789: [GC (Allocation Failure) [PSYoungGen: 404852K->184406K(465920K)] 729384K->561441K(1864192K), 0.0422256 secs] [Times: user=0.19 sys=0.00, real=0.04 secs] 
5257.940: [GC (Allocation Failure) [PSYoungGen: 417366K->186071K(465920K)] 794401K->627083K(1864192K), 0.0498423 secs] [Times: user=0.23 sys=0.00, real=0.05 secs] 
5258.114: [GC (Allocation Failure) [PSYoungGen: 419031K->200212K(465920K)] 860043K->700344K(1864192K), 0.0630758 secs] [Times: user=0.30 sys=0.01, real=0.07 secs] 
5259.181: [GC (Allocation Failure) [PSYoungGen: 433172K->91210K(465920K)] 933304K->660670K(1864192K), 0.0439336 secs] [Times: user=0.23 sys=0.00, real=0.04 secs] 
5260.225: [GC (Allocation Failure) [PSYoungGen: 324170K->177237K(465920K)] 893630K->775992K(1864192K), 0.0504536 secs] [Times: user=0.22 sys=0.00, real=0.05 secs] 
5260.408: [GC (Allocation Failure) [PSYoungGen: 410197K->184470K(465920K)] 1008952K->838457K(1864192K), 0.0438696 secs] [Times: user=0.20 sys=0.00, real=0.04 secs] 
5260.579: [GC (Allocation Failure) [PSYoungGen: 417430K->183636K(465920K)] 1071417K->893576K(1864192K), 0.0483034 secs] [Times: user=0.22 sys=0.01, real=0.05 secs] 
5261.737: [GC (Allocation Failure) [PSYoungGen: 416596K->104044K(465920K)] 1126536K->883312K(1864192K), 0.0454760 secs] [Times: user=0.24 sys=0.00, real=0.04 secs] 
5262.583: [GC (Allocation Failure) [PSYoungGen: 337004K->160691K(465920K)] 1116272K->974063K(1864192K), 0.0964217 secs] [Times: user=0.48 sys=0.00, real=0.10 secs] 
5262.863: [GC (Allocation Failure) [PSYoungGen: 393651K->184149K(465920K)] 1207023K->1047497K(1864192K), 0.0434226 secs] [Times: user=0.20 sys=0.00, real=0.05 secs] 
5263.018: [GC (Allocation Failure) [PSYoungGen: 417109K->186135K(465920K)] 1280457K->1113591K(1864192K), 0.0510878 secs] [Times: user=0.24 sys=0.00, real=0.05 secs] 
5263.171: [GC (Allocation Failure) [PSYoungGen: 418978K->186325K(465920K)] 1346434K->1173077K(1864192K), 0.0571786 secs] [Times: user=0.28 sys=0.00, real=0.06 secs] 
5264.228: [GC (Allocation Failure) [PSYoungGen: 419285K->90922K(465920K)] 1406037K->1147746K(1864192K), 0.0519524 secs] [Times: user=0.28 sys=0.00, real=0.05 secs] 
5265.377: [GC (GCLocker Initiated GC) [PSYoungGen: 323882K->172276K(465920K)] 1380707K->1257938K(1864192K), 0.0543249 secs] [Times: user=0.25 sys=0.00, real=0.05 secs] 
5265.582: [GC (Allocation Failure) [PSYoungGen: 405236K->184502K(465920K)] 1491029K->1323778K(1864192K), 0.0443665 secs] [Times: user=0.20 sys=0.00, real=0.05 secs] 
5265.732: [GC (Allocation Failure) [PSYoungGen: 417462K->186965K(465920K)] 1556738K->1382234K(1864192K), 0.0467205 secs] [Times: user=0.22 sys=0.00, real=0.05 secs] 
5267.307: [GC (Allocation Failure) [PSYoungGen: 419925K->108781K(465920K)] 1615194K->1374546K(1864192K), 0.0476767 secs] [Times: user=0.24 sys=0.01, real=0.04 secs] 
5268.480: [GC (Allocation Failure) [PSYoungGen: 341741K->158195K(465920K)] 1607506K->1458844K(1864192K), 0.1356283 secs] [Times: user=0.72 sys=0.00, real=0.13 secs] 
5268.831: [GC (Allocation Failure) [PSYoungGen: 391155K->177973K(465920K)] 1691804K->1528298K(1864192K), 0.0426230 secs] [Times: user=0.19 sys=0.00, real=0.04 secs] 
5268.874: [Full GC (Ergonomics) [PSYoungGen: 177973K->0K(465920K)] [ParOldGen: 1350325K->244941K(1398272K)] 1528298K->244941K(1864192K), [Metaspace: 59624K->59624K(1105920K)], 0.2967077 secs] [Times: user=1.36 sys=0.00, real=0.30 secs] 
5269.282: [GC (Allocation Failure) [PSYoungGen: 232960K->185847K(465920K)] 477901K->430788K(1864192K), 0.0886170 secs] [Times: user=0.47 sys=0.00, real=0.09 secs] 
5269.476: [GC (GCLocker Initiated GC) [PSYoungGen: 418807K->185461K(465920K)] 663748K->489330K(1864192K), 0.0556425 secs] [Times: user=0.28 sys=0.00, real=0.05 secs] 
5270.457: [GC (Allocation Failure) [PSYoungGen: 418421K->95243K(465920K)] 722456K->469523K(1864192K), 0.0409965 secs] [Times: user=0.22 sys=0.00, real=0.04 secs] 
5271.298: [GC (GCLocker Initiated GC) [PSYoungGen: 328203K->172916K(465920K)] 702484K->577466K(1864192K), 0.0527285 secs] [Times: user=0.23 sys=0.00, real=0.05 secs] 
5271.495: [GC (Allocation Failure) [PSYoungGen: 405876K->192726K(465920K)] 810429K->651486K(1864192K), 0.0425807 secs] [Times: user=0.18 sys=0.00, real=0.05 secs] 
5271.644: [GC (Allocation Failure) [PSYoungGen: 425686K->186645K(465920K)] 884446K->701397K(1864192K), 0.0449013 secs] [Times: user=0.20 sys=0.00, real=0.05 secs] 
5272.635: [GC (Allocation Failure) [PSYoungGen: 419605K->117262K(465920K)] 934357K->702431K(1864192K), 0.0464267 secs] [Times: user=0.23 sys=0.00, real=0.05 secs] 
5273.139: [GC (Allocation Failure) [PSYoungGen: 350222K->150498K(465920K)] 935391K->773770K(1864192K), 0.0915119 secs] [Times: user=0.48 sys=0.00, real=0.09 secs] 
5273.519: [GC (Allocation Failure) [PSYoungGen: 383458K->183445K(465920K)] 1006730K->853374K(1864192K), 0.0401594 secs] [Times: user=0.17 sys=0.00, real=0.04 secs] 
5273.668: [GC (Allocation Failure) [PSYoungGen: 416405K->185783K(465920K)] 1086334K->919576K(1864192K), 0.0493811 secs] [Times: user=0.23 sys=0.00, real=0.05 secs] 
5273.820: [GC (Allocation Failure) [PSYoungGen: 418743K->186837K(465920K)] 1152536K->979654K(1864192K), 0.0581787 secs] [Times: user=0.27 sys=0.00, real=0.06 secs] 
5274.809: [GC (Allocation Failure) [PSYoungGen: 419797K->91515K(465920K)] 1212614K->954763K(1864192K), 0.0415711 secs] [Times: user=0.21 sys=0.01, real=0.04 secs] 
5276.565: [GC (Allocation Failure) [PSYoungGen: 324426K->173044K(465920K)] 1187675K->1065066K(1864192K), 0.0582852 secs] [Times: user=0.27 sys=0.00, real=0.06 secs] 
5276.788: [GC (Allocation Failure) [PSYoungGen: 406004K->181333K(465920K)] 1298026K->1127327K(1864192K), 0.0426398 secs] [Times: user=0.19 sys=0.00, real=0.04 secs] 
5276.935: [GC (Allocation Failure) [PSYoungGen: 414293K->187125K(465920K)] 1360287K->1188367K(1864192K), 0.0453721 secs] [Times: user=0.21 sys=0.00, real=0.05 secs] 
5277.920: [GC (Allocation Failure) [PSYoungGen: 420085K->123151K(465920K)] 1421327K->1194825K(1864192K), 0.0478342 secs] [Times: user=0.24 sys=0.00, real=0.05 secs] 
5278.576: [GC (Allocation Failure) [PSYoungGen: 356111K->144241K(465920K)] 1427785K->1254954K(1864192K), 0.1070904 secs] [Times: user=0.57 sys=0.00, real=0.10 secs] 
5279.270: [GC (Allocation Failure) [PSYoungGen: 377201K->178037K(465920K)] 1487914K->1333915K(1864192K), 0.0532045 secs] [Times: user=0.24 sys=0.00, real=0.05 secs] 
5279.519: [GC (Allocation Failure) [PSYoungGen: 410997K->185207K(465920K)] 1566875K->1403289K(1864192K), 0.0692242 secs] [Times: user=0.34 sys=0.00, real=0.07 secs] 
5279.698: [GC (Allocation Failure) [PSYoungGen: 418167K->186901K(465920K)] 1636249K->1463655K(1864192K), 0.0581408 secs] [Times: user=0.29 sys=0.00, real=0.06 secs] 
5280.690: [GC (Allocation Failure) [PSYoungGen: 419861K->95579K(465920K)] 1696615K->1442989K(1864192K), 0.0456424 secs] [Times: user=0.24 sys=0.00, real=0.04 secs] 
5280.735: [Full GC (Ergonomics) [PSYoungGen: 95579K->0K(465920K)] [ParOldGen: 1347410K->100691K(1398272K)] 1442989K->100691K(1864192K), [Metaspace: 59624K->59624K(1105920K)], 0.0809217 secs] [Times: user=0.31 sys=0.00, real=0.09 secs] 
5281.534: [GC (Allocation Failure) [PSYoungGen: 232960K->177397K(465920K)] 333651K->278089K(1864192K), 0.0384033 secs] [Times: user=0.14 sys=0.00, real=0.04 secs] 
5281.770: [GC (Allocation Failure) [PSYoungGen: 410357K->181589K(465920K)] 511049K->337609K(1864192K), 0.0602321 secs] [Times: user=0.29 sys=0.00, real=0.06 secs] 
5281.946: [GC (Allocation Failure) [PSYoungGen: 414549K->186325K(465920K)] 570569K->397481K(1864192K), 0.0447370 secs] [Times: user=0.21 sys=0.00, real=0.04 secs] 
5282.983: [GC (Allocation Failure) [PSYoungGen: 419285K->128944K(465920K)] 630441K->410379K(1864192K), 0.0478432 secs] [Times: user=0.24 sys=0.00, real=0.05 secs] 
5283.632: [GC (Allocation Failure) [PSYoungGen: 361904K->142113K(465920K)] 643339K->464597K(1864192K), 0.1486791 secs] [Times: user=0.81 sys=0.01, real=0.15 secs] 
5284.211: [GC (GCLocker Initiated GC) [PSYoungGen: 375073K->177685K(465920K)] 697557K->545450K(1864192K), 0.0527277 secs] [Times: user=0.24 sys=0.00, real=0.05 secs] 
5284.424: [GC (Allocation Failure) [PSYoungGen: 410645K->185783K(465920K)] 778448K->615602K(1864192K), 0.0542765 secs] [Times: user=0.26 sys=0.00, real=0.06 secs] 
5284.592: [GC (Allocation Failure) [PSYoungGen: 418743K->186517K(465920K)] 848562K->675352K(1864192K), 0.0561760 secs] [Times: user=0.27 sys=0.00, real=0.06 secs] 
5285.596: [GC (Allocation Failure) [PSYoungGen: 419477K->91467K(465920K)] 908312K->650646K(1864192K), 0.0418065 secs] [Times: user=0.21 sys=0.00, real=0.05 secs] 
5286.539: [GC (Allocation Failure) [PSYoungGen: 324427K->173524K(465920K)] 883606K->762152K(1864192K), 0.0501952 secs] [Times: user=0.22 sys=0.00, real=0.05 secs] 
5286.810: [GC (Allocation Failure) [PSYoungGen: 406484K->184182K(465920K)] 995112K->827566K(1864192K), 0.0569573 secs] [Times: user=0.27 sys=0.00, real=0.06 secs] 
5286.978: [GC (Allocation Failure) [PSYoungGen: 417142K->187093K(465920K)] 1060526K->886389K(1864192K), 0.0448745 secs] [Times: user=0.21 sys=0.00, real=0.04 secs] 
5287.942: [GC (Allocation Failure) [PSYoungGen: 420053K->133168K(465920K)] 1119349K->903120K(1864192K), 0.0484195 secs] [Times: user=0.25 sys=0.00, real=0.05 secs] 
5288.440: [GC (Allocation Failure) [PSYoungGen: 366128K->138832K(465920K)] 1136080K->951048K(1864192K), 0.1361248 secs] [Times: user=0.75 sys=0.01, real=0.13 secs] 
5288.999: [GC (Allocation Failure) [PSYoungGen: 371792K->174516K(465920K)] 1184008K->1030544K(1864192K), 0.0543906 secs] [Times: user=0.25 sys=0.00, real=0.05 secs] 
5289.228: [GC (GCLocker Initiated GC) [PSYoungGen: 407476K->184727K(465920K)] 1263505K->1102556K(1864192K), 0.0619431 secs] [Times: user=0.30 sys=0.00, real=0.06 secs] 
5289.426: [GC (Allocation Failure) [PSYoungGen: 417687K->203221K(465920K)] 1335683K->1180009K(1864192K), 0.0765409 secs] [Times: user=0.40 sys=0.00, real=0.07 secs] 
5290.428: [GC (Allocation Failure) [PSYoungGen: 436181K->96187K(465920K)] 1412969K->1143527K(1864192K), 0.0437888 secs] [Times: user=0.23 sys=0.00, real=0.04 secs] 
5291.267: [GC (Allocation Failure) [PSYoungGen: 329147K->173973K(465920K)] 1376487K->1251821K(1864192K), 0.0657094 secs] [Times: user=0.29 sys=0.00, real=0.06 secs] 
5291.505: [GC (Allocation Failure) [PSYoungGen: 406933K->181237K(465920K)] 1484781K->1313534K(1864192K), 0.0427717 secs] [Times: user=0.19 sys=0.00, real=0.05 secs] 
5291.676: [GC (Allocation Failure) [PSYoungGen: 414197K->187253K(465920K)] 1546494K->1374510K(1864192K), 0.0625696 secs] [Times: user=0.30 sys=0.00, real=0.06 secs] 
5292.673: [GC (Allocation Failure) [PSYoungGen: 420213K->139345K(465920K)] 1607470K->1397210K(1864192K), 0.0502199 secs] [Times: user=0.25 sys=0.00, real=0.05 secs] 
5293.168: [GC (Allocation Failure) [PSYoungGen: 372305K->134896K(465920K)] 1630170K->1437017K(1864192K), 0.1397590 secs] [Times: user=0.78 sys=0.00, real=0.14 secs] 
5293.759: [GC (Allocation Failure) [PSYoungGen: 367856K->175092K(465920K)] 1669977K->1520042K(1864192K), 0.0466987 secs] [Times: user=0.22 sys=0.00, real=0.05 secs] 
5293.806: [Full GC (Ergonomics) [PSYoungGen: 175092K->0K(465920K)] [ParOldGen: 1344949K->233991K(1398272K)] 1520042K->233991K(1864192K), [Metaspace: 59624K->59624K(1105920K)], 0.2809845 secs] [Times: user=1.27 sys=0.00, real=0.28 secs] 
5294.205: [GC (Allocation Failure) [PSYoungGen: 232960K->185623K(465920K)] 466951K->419615K(1864192K), 0.0833825 secs] [Times: user=0.43 sys=0.00, real=0.09 secs] 
5294.394: [GC (Allocation Failure) [PSYoungGen: 418583K->183476K(465920K)] 652575K->476444K(1864192K), 0.0571394 secs] [Times: user=0.26 sys=0.00, real=0.06 secs] 
5295.383: [GC (Allocation Failure) [PSYoungGen: 416436K->94779K(465920K)] 709404K->457099K(1864192K), 0.0419753 secs] [Times: user=0.22 sys=0.00, real=0.04 secs] 
5296.276: [GC (Allocation Failure) [PSYoungGen: 327739K->173045K(465920K)] 690059K->566424K(1864192K), 0.0678692 secs] [Times: user=0.31 sys=0.00, real=0.06 secs] 
5296.583: [GC (Allocation Failure) [PSYoungGen: 406005K->184470K(465920K)] 799384K->631629K(1864192K), 0.0557590 secs] [Times: user=0.26 sys=0.00, real=0.06 secs] 
5296.753: [GC (Allocation Failure) [PSYoungGen: 417430K->183956K(465920K)] 864589K->687204K(1864192K), 0.0449265 secs] [Times: user=0.21 sys=0.00, real=0.05 secs] 
5297.837: [GC (Allocation Failure) [PSYoungGen: 416916K->146386K(465920K)] 920164K->719090K(1864192K), 0.0502466 secs] [Times: user=0.24 sys=0.00, real=0.05 secs] 
5298.600: [GC (Allocation Failure) [PSYoungGen: 379346K->127535K(465920K)] 952050K->746611K(1864192K), 0.1835595 secs] [Times: user=1.03 sys=0.00, real=0.18 secs] 
5299.088: [GC (Allocation Failure) [PSYoungGen: 360495K->202965K(465920K)] 979571K->862680K(1864192K), 0.0438571 secs] [Times: user=0.20 sys=0.00, real=0.04 secs] 
5299.240: [GC (Allocation Failure) [PSYoungGen: 435925K->185591K(465920K)] 1095640K->907522K(1864192K), 0.0505216 secs] [Times: user=0.23 sys=0.00, real=0.05 secs] 
5299.397: [GC (Allocation Failure) [PSYoungGen: 418551K->180244K(465920K)] 1140482K->960967K(1864192K), 0.0696630 secs] [Times: user=0.36 sys=0.00, real=0.07 secs] 
5300.441: [GC (Allocation Failure) [PSYoungGen: 413204K->98347K(465920K)] 1193927K->947238K(1864192K), 0.0437366 secs] [Times: user=0.22 sys=0.00, real=0.04 secs] 
5301.571: [GC (Allocation Failure) [PSYoungGen: 331307K->172756K(465920K)] 1180198K->1053044K(1864192K), 0.0621917 secs] [Times: user=0.28 sys=0.00, real=0.06 secs] 
5301.839: [GC (Allocation Failure) [PSYoungGen: 405716K->181301K(465920K)] 1286004K->1115713K(1864192K), 0.0568117 secs] [Times: user=0.28 sys=0.01, real=0.05 secs] 
5302.026: [GC (Allocation Failure) [PSYoungGen: 414261K->187573K(465920K)] 1348673K->1177081K(1864192K), 0.0617648 secs] [Times: user=0.31 sys=0.00, real=0.07 secs] 
5302.989: [GC (Allocation Failure) [PSYoungGen: 420533K->150706K(465920K)] 1410041K->1210814K(1864192K), 0.0522871 secs] [Times: user=0.25 sys=0.00, real=0.05 secs] 
5303.427: [GC (Allocation Failure) [PSYoungGen: 383666K->124270K(465920K)] 1443774K->1232271K(1864192K), 0.1022226 secs] [Times: user=0.57 sys=0.00, real=0.10 secs] 
5303.700: [GC (Allocation Failure) [PSYoungGen: 357230K->174900K(465920K)] 1465231K->1322781K(1864192K), 0.0374699 secs] [Times: user=0.16 sys=0.00, real=0.04 secs] 
5303.894: [GC (Allocation Failure) [PSYoungGen: 407860K->185335K(465920K)] 1555741K->1394819K(1864192K), 0.0748612 secs] [Times: user=0.36 sys=0.01, real=0.08 secs] 
5304.109: [GC (Allocation Failure) [PSYoungGen: 418295K->183316K(465920K)] 1627779K->1451705K(1864192K), 0.0587931 secs] [Times: user=0.29 sys=0.00, real=0.06 secs] 
5305.151: [GC (Allocation Failure) [PSYoungGen: 416276K->97451K(465920K)] 1684665K->1435240K(1864192K), 0.0452542 secs] [Times: user=0.24 sys=0.00, real=0.05 secs] 
5305.196: [Full GC (Ergonomics) [PSYoungGen: 97451K->0K(465920K)] [ParOldGen: 1337788K->94337K(1398272K)] 1435240K->94337K(1864192K), [Metaspace: 59624K->59624K(1105920K)], 0.0551242 secs] [Times: user=0.20 sys=0.00, real=0.05 secs] 
5305.717: [GC (Allocation Failure) [PSYoungGen: 232960K->174389K(465920K)] 327297K->268726K(1864192K), 0.0464830 secs] [Times: user=0.18 sys=0.00, real=0.04 secs] 
5305.988: [GC (Allocation Failure) [PSYoungGen: 407349K->183989K(465920K)] 501686K->332423K(1864192K), 0.0531254 secs] [Times: user=0.25 sys=0.00, real=0.05 secs] 
5306.144: [GC (Allocation Failure) [PSYoungGen: 416949K->187381K(465920K)] 565383K->391726K(1864192K), 0.0448121 secs] [Times: user=0.20 sys=0.00, real=0.05 secs] 
5307.131: [GC (Allocation Failure) [PSYoungGen: 420341K->150770K(465920K)] 624686K->425844K(1864192K), 0.0506299 secs] [Times: user=0.24 sys=0.01, real=0.05 secs] 
5307.974: [GC (Allocation Failure) [PSYoungGen: 383730K->115645K(465920K)] 658804K->438431K(1864192K), 0.1472059 secs] [Times: user=0.82 sys=0.00, real=0.15 secs] 
5308.924: [GC (Allocation Failure) [PSYoungGen: 348605K->177813K(465920K)] 671391K->536883K(1864192K), 0.0549028 secs] [Times: user=0.25 sys=0.00, real=0.06 secs] 
5309.112: [GC (Allocation Failure) [PSYoungGen: 410773K->185463K(465920K)] 769843K->606941K(1864192K), 0.0494160 secs] [Times: user=0.22 sys=0.00, real=0.05 secs] 
5309.265: [GC (Allocation Failure) [PSYoungGen: 418423K->183252K(465920K)] 839901K->663555K(1864192K), 0.0583470 secs] [Times: user=0.28 sys=0.01, real=0.06 secs] 
5310.265: [GC (Allocation Failure) [PSYoungGen: 416212K->97419K(465920K)] 896515K->647050K(1864192K), 0.0460516 secs] [Times: user=0.24 sys=0.00, real=0.05 secs] 
5310.881: [GC (Allocation Failure) [PSYoungGen: 330379K->170420K(465920K)] 880010K->751575K(1864192K), 0.0518065 secs] [Times: user=0.22 sys=0.01, real=0.05 secs] 
5311.101: [GC (Allocation Failure) [PSYoungGen: 403380K->184374K(465920K)] 984535K->819177K(1864192K), 0.0584529 secs] [Times: user=0.27 sys=0.00, real=0.06 secs] 
5311.280: [GC (Allocation Failure) [PSYoungGen: 409105K->178646K(465920K)] 1043908K->877589K(1864192K), 0.0485615 secs] [Times: user=0.22 sys=0.00, real=0.05 secs] 
5312.184: [GC (Allocation Failure) [PSYoungGen: 411606K->169139K(463872K)] 1110549K->924778K(1862144K), 0.0567332 secs] [Times: user=0.29 sys=0.00, real=0.06 secs] 
5312.717: [GC (Allocation Failure) [PSYoungGen: 402099K->105404K(464896K)] 1157738K->925884K(1863168K), 0.0616366 secs] [Times: user=0.32 sys=0.00, real=0.06 secs] 
5313.337: [GC (Allocation Failure) [PSYoungGen: 334858K->176597K(465920K)] 1155337K->1030940K(1864192K), 0.0663269 secs] [Times: user=0.31 sys=0.00, real=0.06 secs] 
5313.679: [GC (Allocation Failure) [PSYoungGen: 409557K->184149K(465920K)] 1263900K->1093268K(1864192K), 0.0593984 secs] [Times: user=0.28 sys=0.00, real=0.06 secs] 
5313.942: [GC (Allocation Failure) [PSYoungGen: 417109K->186389K(465920K)] 1326228K->1151284K(1864192K), 0.0483977 secs] [Times: user=0.23 sys=0.00, real=0.05 secs] 
5315.124: [GC (Allocation Failure) [PSYoungGen: 419349K->96571K(465920K)] 1384244K->1131490K(1864192K), 0.0454063 secs] [Times: user=0.24 sys=0.00, real=0.05 secs] 
5315.929: [GC (Allocation Failure) [PSYoungGen: 329531K->165588K(465920K)] 1364450K->1232334K(1864192K), 0.0903798 secs] [Times: user=0.45 sys=0.00, real=0.09 secs] 
5316.202: [GC (GCLocker Initiated GC) [PSYoungGen: 398548K->184181K(465920K)] 1465294K->1302736K(1864192K), 0.0423713 secs] [Times: user=0.19 sys=0.00, real=0.04 secs] 
5316.397: [GC (Allocation Failure) [PSYoungGen: 417141K->186039K(465920K)] 1535735K->1368916K(1864192K), 0.0710358 secs] [Times: user=0.35 sys=0.00, real=0.07 secs] 
5316.764: [GC (Allocation Failure) [PSYoungGen: 418228K->214484K(465920K)] 1601105K->1456490K(1864192K), 0.0553715 secs] [Times: user=0.28 sys=0.00, real=0.06 secs] 
5317.829: [GC (Allocation Failure) [PSYoungGen: 447444K->91146K(465920K)] 1689450K->1401752K(1864192K), 0.0495787 secs] [Times: user=0.26 sys=0.01, real=0.05 secs] 
5318.585: [GC (Allocation Failure) [PSYoungGen: 324106K->178645K(465920K)] 1634712K->1517936K(1864192K), 0.0537406 secs] [Times: user=0.24 sys=0.00, real=0.06 secs] 
5318.639: [Full GC (Ergonomics) [PSYoungGen: 178645K->0K(465920K)] [ParOldGen: 1339290K->223414K(1398272K)] 1517936K->223414K(1864192K), [Metaspace: 59624K->59624K(1105920K)], 0.2900568 secs] [Times: user=1.36 sys=0.00, real=0.29 secs] 
5319.047: [GC (Allocation Failure) [PSYoungGen: 232960K->180405K(465920K)] 456374K->403819K(1864192K), 0.0262669 secs] [Times: user=0.10 sys=0.00, real=0.02 secs] 
5319.183: [GC (Allocation Failure) [PSYoungGen: 413365K->186901K(465920K)] 636779K->465435K(1864192K), 0.0455951 secs] [Times: user=0.21 sys=0.00, real=0.05 secs] 
5320.171: [GC (Allocation Failure) [PSYoungGen: 419861K->102876K(465920K)] 698395K->451750K(1864192K), 0.0448204 secs] [Times: user=0.23 sys=0.00, real=0.05 secs] 
5320.893: [GC (Allocation Failure) [PSYoungGen: 335836K->165780K(465920K)] 684710K->548689K(1864192K), 0.0726531 secs] [Times: user=0.35 sys=0.01, real=0.07 secs] 
5321.188: [GC (Allocation Failure) [PSYoungGen: 398740K->184150K(465920K)] 781649K->618595K(1864192K), 0.0422283 secs] [Times: user=0.18 sys=0.00, real=0.04 secs] 
5321.340: [GC (Allocation Failure) [PSYoungGen: 417110K->185463K(465920K)] 851555K->684100K(1864192K), 0.0503846 secs] [Times: user=0.23 sys=0.00, real=0.05 secs] 
5321.514: [GC (Allocation Failure) [PSYoungGen: 418409K->182964K(465920K)] 917047K->740578K(1864192K), 0.0692520 secs] [Times: user=0.36 sys=0.00, real=0.07 secs] 
5322.502: [GC (Allocation Failure) [PSYoungGen: 415924K->91226K(465920K)] 973538K->717864K(1864192K), 0.0407250 secs] [Times: user=0.21 sys=0.00, real=0.04 secs] 
5323.034: [GC (Allocation Failure) [PSYoungGen: 324186K->176437K(465920K)] 950824K->832622K(1864192K), 0.0510914 secs] [Times: user=0.23 sys=0.00, real=0.05 secs] 
5323.223: [GC (Allocation Failure) [PSYoungGen: 409397K->184406K(465920K)] 1065582K->895647K(1864192K), 0.0431736 secs] [Times: user=0.20 sys=0.00, real=0.05 secs] 
5323.373: [GC (Allocation Failure) [PSYoungGen: 417366K->186709K(465920K)] 1128607K->953846K(1864192K), 0.0453902 secs] [Times: user=0.21 sys=0.00, real=0.05 secs] 
5324.356: [GC (Allocation Failure) [PSYoungGen: 419669K->107101K(465920K)] 1186806K->944702K(1864192K), 0.0458567 secs] [Times: user=0.23 sys=0.01, real=0.04 secs] 
5325.736: [GC (Allocation Failure) [PSYoungGen: 340061K->157202K(465920K)] 1177662K->1029081K(1864192K), 0.1090782 secs] [Times: user=0.57 sys=0.00, real=0.11 secs] 
5326.439: [GC (Allocation Failure) [PSYoungGen: 390162K->184054K(465920K)] 1262041K->1105008K(1864192K), 0.0562687 secs] [Times: user=0.26 sys=0.00, real=0.05 secs] 
5326.651: [GC (Allocation Failure) [PSYoungGen: 417014K->186071K(465920K)] 1337968K->1170769K(1864192K), 0.0561505 secs] [Times: user=0.27 sys=0.00, real=0.06 secs] 
5326.822: [GC (Allocation Failure) [PSYoungGen: 419031K->186997K(465920K)] 1403729K->1230703K(1864192K), 0.0581535 secs] [Times: user=0.29 sys=0.00, real=0.06 secs] 
5327.827: [GC (Allocation Failure) [PSYoungGen: 419957K->91898K(465920K)] 1463663K->1206261K(1864192K), 0.0431684 secs] [Times: user=0.23 sys=0.01, real=0.04 secs] 
5329.405: [GC (Allocation Failure) [PSYoungGen: 324858K->170324K(465920K)] 1439221K->1313147K(1864192K), 0.0521957 secs] [Times: user=0.24 sys=0.00, real=0.06 secs] 
5329.597: [GC (Allocation Failure) [PSYoungGen: 403284K->183189K(465920K)] 1546107K->1379389K(1864192K), 0.0441584 secs] [Times: user=0.20 sys=0.00, real=0.04 secs] 
5329.790: [GC (Allocation Failure) [PSYoungGen: 416149K->186869K(465920K)] 1612349K->1438468K(1864192K), 0.0697937 secs] [Times: user=0.34 sys=0.00, real=0.07 secs] 
5330.816: [GC (Allocation Failure) [PSYoungGen: 419829K->115774K(465920K)] 1671428K->1437861K(1864192K), 0.0486716 secs] [Times: user=0.25 sys=0.00, real=0.04 secs] 
5330.865: [Full GC (Ergonomics) [PSYoungGen: 115774K->0K(465920K)] [ParOldGen: 1322087K->97085K(1398272K)] 1437861K->97085K(1864192K), [Metaspace: 59624K->59624K(1105920K)], 0.0341561 secs] [Times: user=0.10 sys=0.00, real=0.04 secs] 
5331.369: [GC (Allocation Failure) [PSYoungGen: 232960K->152882K(465920K)] 330045K->249968K(1864192K), 0.0398454 secs] [Times: user=0.15 sys=0.01, real=0.04 secs] 
5331.838: [GC (Allocation Failure) [PSYoungGen: 385842K->183477K(465920K)] 482928K->328011K(1864192K), 0.0535311 secs] [Times: user=0.25 sys=0.00, real=0.05 secs] 
5332.045: [GC (Allocation Failure) [PSYoungGen: 416437K->185943K(465920K)] 560971K->394457K(1864192K), 0.0544896 secs] [Times: user=0.26 sys=0.00, real=0.06 secs] 
5332.206: [GC (Allocation Failure) [PSYoungGen: 418903K->182964K(465920K)] 627417K->450342K(1864192K), 0.0563918 secs] [Times: user=0.27 sys=0.01, real=0.05 secs] 
5333.205: [GC (Allocation Failure) [PSYoungGen: 415924K->94363K(465920K)] 683302K->430749K(1864192K), 0.0408222 secs] [Times: user=0.21 sys=0.00, real=0.05 secs] 
5334.588: [GC (Allocation Failure) [PSYoungGen: 327323K->169812K(465920K)] 663709K->535859K(1864192K), 0.0568371 secs] [Times: user=0.25 sys=0.00, real=0.05 secs] 
5334.811: [GC (Allocation Failure) [PSYoungGen: 402772K->184822K(465920K)] 768819K->604305K(1864192K), 0.0426671 secs] [Times: user=0.19 sys=0.00, real=0.04 secs] 
5334.959: [GC (Allocation Failure) [PSYoungGen: 417782K->185141K(465920K)] 837265K->660688K(1864192K), 0.0454245 secs] [Times: user=0.21 sys=0.00, real=0.04 secs] 
5335.949: [GC (Allocation Failure) [PSYoungGen: 418101K->122671K(465920K)] 893648K->668282K(1864192K), 0.0473130 secs] [Times: user=0.24 sys=0.00, real=0.05 secs] 
5336.353: [GC (Allocation Failure) [PSYoungGen: 355631K->146449K(465920K)] 901242K->730876K(1864192K), 0.1010956 secs] [Times: user=0.53 sys=0.01, real=0.10 secs] 
5337.118: [GC (Allocation Failure) [PSYoungGen: 379409K->179573K(465920K)] 963836K->809461K(1864192K), 0.0521756 secs] [Times: user=0.24 sys=0.00, real=0.05 secs] 
5337.287: [GC (Allocation Failure) [PSYoungGen: 412533K->185783K(465920K)] 1042421K->878827K(1864192K), 0.0497707 secs] [Times: user=0.23 sys=0.00, real=0.05 secs] 
5337.476: [GC (Allocation Failure) [PSYoungGen: 418743K->186901K(465920K)] 1111787K->938781K(1864192K), 0.0780627 secs] [Times: user=0.40 sys=0.00, real=0.07 secs] 
5338.523: [GC (GCLocker Initiated GC) [PSYoungGen: 419861K->94107K(465920K)] 1171742K->916716K(1864192K), 0.0604524 secs] [Times: user=0.32 sys=0.00, real=0.06 secs] 
5339.081: [GC (GCLocker Initiated GC) [PSYoungGen: 327067K->175861K(465920K)] 1149677K->1029271K(1864192K), 0.0476366 secs] [Times: user=0.20 sys=0.00, real=0.05 secs] 
5339.292: [GC (Allocation Failure) [PSYoungGen: 408821K->184438K(465920K)] 1262397K->1092694K(1864192K), 0.0598160 secs] [Times: user=0.29 sys=0.00, real=0.06 secs] 
5339.505: [GC (Allocation Failure) [PSYoungGen: 417398K->186645K(465920K)] 1325654K->1150829K(1864192K), 0.0509532 secs] [Times: user=0.24 sys=0.00, real=0.05 secs] 
5340.499: [GC (Allocation Failure) [PSYoungGen: 419605K->124111K(465920K)] 1383789K->1158592K(1864192K), 0.0484737 secs] [Times: user=0.25 sys=0.00, real=0.05 secs] 
5341.510: [GC (GCLocker Initiated GC) [PSYoungGen: 357071K->138640K(465920K)] 1391553K->1212562K(1864192K), 0.1443574 secs] [Times: user=0.79 sys=0.01, real=0.14 secs] 
5342.210: [GC (Allocation Failure) [PSYoungGen: 371600K->178613K(465920K)] 1445523K->1296941K(1864192K), 0.0559219 secs] [Times: user=0.26 sys=0.00, real=0.05 secs] 
5342.388: [GC (Allocation Failure) [PSYoungGen: 411573K->186007K(465920K)] 1529901K->1366663K(1864192K), 0.0511508 secs] [Times: user=0.24 sys=0.00, real=0.05 secs] 
5342.541: [GC (Allocation Failure) [PSYoungGen: 418967K->186869K(465920K)] 1599623K->1426581K(1864192K), 0.0591398 secs] [Times: user=0.30 sys=0.00, real=0.06 secs] 
5343.566: [GC (Allocation Failure) [PSYoungGen: 419829K->90458K(465920K)] 1659541K->1400515K(1864192K), 0.0596897 secs] [Times: user=0.32 sys=0.00, real=0.06 secs] 
5344.920: [GC (Allocation Failure) [PSYoungGen: 323418K->172948K(465920K)] 1633475K->1512049K(1864192K), 0.0512838 secs] [Times: user=0.23 sys=0.00, real=0.05 secs] 
5344.971: [Full GC (Ergonomics) [PSYoungGen: 172948K->0K(465920K)] [ParOldGen: 1339100K->206314K(1398272K)] 1512049K->206314K(1864192K), [Metaspace: 59624K->59624K(1105920K)], 0.2491335 secs] [Times: user=1.17 sys=0.00, real=0.25 secs] 
5345.333: [GC (Allocation Failure) [PSYoungGen: 232960K->181525K(465920K)] 439274K->387839K(1864192K), 0.0268120 secs] [Times: user=0.10 sys=0.00, real=0.03 secs] 
5345.470: [GC (Allocation Failure) [PSYoungGen: 414485K->187093K(465920K)] 620799K->448551K(1864192K), 0.0441474 secs] [Times: user=0.21 sys=0.00, real=0.04 secs] 
5346.423: [GC (Allocation Failure) [PSYoungGen: 420053K->139025K(465920K)] 681511K->470979K(1864192K), 0.0491128 secs] [Times: user=0.25 sys=0.00, real=0.05 secs] 
5347.029: [GC (Allocation Failure) [PSYoungGen: 371985K->133328K(465920K)] 703939K->509474K(1864192K), 0.1527271 secs] [Times: user=0.86 sys=0.00, real=0.15 secs] 
5347.594: [GC (Allocation Failure) [PSYoungGen: 366288K->174036K(465920K)] 742434K->592898K(1864192K), 0.0502212 secs] [Times: user=0.23 sys=0.00, real=0.05 secs] 
5347.764: [GC (Allocation Failure) [PSYoungGen: 406996K->185047K(465920K)] 825858K->664852K(1864192K), 0.0490535 secs] [Times: user=0.23 sys=0.00, real=0.05 secs] 
5347.939: [GC (Allocation Failure) [PSYoungGen: 418007K->186485K(465920K)] 897812K->725146K(1864192K), 0.0623152 secs] [Times: user=0.31 sys=0.00, real=0.06 secs] 
5348.987: [GC (Allocation Failure) [PSYoungGen: 419445K->95323K(465920K)] 958106K->704377K(1864192K), 0.0450108 secs] [Times: user=0.23 sys=0.01, real=0.04 secs] 
5350.003: [GC (Allocation Failure) [PSYoungGen: 328283K->172660K(465920K)] 937337K->811903K(1864192K), 0.0574019 secs] [Times: user=0.25 sys=0.01, real=0.06 secs] 
5350.217: [GC (Allocation Failure) [PSYoungGen: 405620K->181333K(465920K)] 1044863K->874576K(1864192K), 0.0426204 secs] [Times: user=0.20 sys=0.00, real=0.04 secs] 
5350.406: [GC (Allocation Failure) [PSYoungGen: 414293K->187413K(465920K)] 1107536K->935852K(1864192K), 0.0687911 secs] [Times: user=0.34 sys=0.00, real=0.07 secs] 
5351.379: [GC (Allocation Failure) [PSYoungGen: 420373K->145682K(465920K)] 1168812K->964696K(1864192K), 0.0518437 secs] [Times: user=0.26 sys=0.00, real=0.05 secs] 
5351.974: [GC (Allocation Failure) [PSYoungGen: 378642K->128431K(465920K)] 1197656K->993694K(1864192K), 0.1480501 secs] [Times: user=0.82 sys=0.00, real=0.15 secs] 
5352.760: [GC (Allocation Failure) [PSYoungGen: 361391K->172628K(464896K)] 1226654K->1078848K(1863168K), 0.0549569 secs] [Times: user=0.25 sys=0.00, real=0.05 secs] 
5352.991: [GC (Allocation Failure) [PSYoungGen: 405588K->185239K(465408K)] 1311808K->1152398K(1863680K), 0.0669531 secs] [Times: user=0.33 sys=0.00, real=0.07 secs] 
5353.164: [GC (Allocation Failure) [PSYoungGen: 418199K->186101K(465920K)] 1385358K->1211940K(1864192K), 0.0586880 secs] [Times: user=0.29 sys=0.00, real=0.06 secs] 
5354.156: [GC (Allocation Failure) [PSYoungGen: 419061K->98443K(465920K)] 1444900K->1194507K(1864192K), 0.0450243 secs] [Times: user=0.23 sys=0.00, real=0.04 secs] 
5354.617: [GC (Allocation Failure) [PSYoungGen: 331403K->177333K(465920K)] 1427467K->1305840K(1864192K), 0.0642457 secs] [Times: user=0.28 sys=0.01, real=0.06 secs] 
5354.847: [GC (Allocation Failure) [PSYoungGen: 410293K->181045K(465920K)] 1538800K->1364872K(1864192K), 0.0449953 secs] [Times: user=0.21 sys=0.00, real=0.04 secs] 
5355.042: [GC (Allocation Failure) [PSYoungGen: 414005K->186901K(465920K)] 1597832K->1425728K(1864192K), 0.0693322 secs] [Times: user=0.34 sys=0.00, real=0.07 secs] 
5356.054: [GC (Allocation Failure) [PSYoungGen: 419861K->145810K(465920K)] 1658688K->1455109K(1864192K), 0.0524738 secs] [Times: user=0.26 sys=0.00, real=0.06 secs] 
5356.547: [GC (Allocation Failure) [PSYoungGen: 378770K->125775K(465920K)] 1688069K->1481410K(1864192K), 0.1223274 secs] [Times: user=0.67 sys=0.00, real=0.12 secs] 
5356.669: [Full GC (Ergonomics) [PSYoungGen: 125775K->0K(465920K)] [ParOldGen: 1355635K->141985K(1398272K)] 1481410K->141985K(1864192K), [Metaspace: 59624K->59624K(1105920K)], 0.1699861 secs] [Times: user=0.75 sys=0.01, real=0.17 secs] 
5357.017: [GC (Allocation Failure) [PSYoungGen: 232960K->177813K(465920K)] 374945K->319798K(1864192K), 0.0260479 secs] [Times: user=0.09 sys=0.01, real=0.02 secs] 
5357.153: [GC (Allocation Failure) [PSYoungGen: 410773K->185719K(465920K)] 552758K->390056K(1864192K), 0.0481420 secs] [Times: user=0.22 sys=0.00, real=0.05 secs] 
5357.305: [GC (Allocation Failure) [PSYoungGen: 418679K->186197K(465920K)] 623016K->449678K(1864192K), 0.0566819 secs] [Times: user=0.28 sys=0.00, real=0.06 secs] 
5358.304: [GC (Allocation Failure) [PSYoungGen: 419157K->91931K(465920K)] 682638K->425676K(1864192K), 0.0428127 secs] [Times: user=0.22 sys=0.00, real=0.05 secs] 
5359.642: [GC (Allocation Failure) [PSYoungGen: 324891K->171732K(465920K)] 658636K->534642K(1864192K), 0.0678461 secs] [Times: user=0.31 sys=0.00, real=0.07 secs] 
5359.896: [GC (Allocation Failure) [PSYoungGen: 404692K->184886K(465920K)] 767602K->601484K(1864192K), 0.0428652 secs] [Times: user=0.19 sys=0.00, real=0.04 secs] 
5360.038: [GC (Allocation Failure) [PSYoungGen: 404052K->168565K(465920K)] 820650K->649483K(1864192K), 0.0475170 secs] [Times: user=0.22 sys=0.01, real=0.05 secs] 
5360.936: [GC (Allocation Failure) [PSYoungGen: 401525K->168883K(459776K)] 882443K->703225K(1858048K), 0.0526703 secs] [Times: user=0.26 sys=0.00, real=0.05 secs] 
5361.364: [GC (Allocation Failure) [PSYoungGen: 401843K->106892K(462848K)] 936185K->705835K(1861120K), 0.0513790 secs] [Times: user=0.27 sys=0.00, real=0.05 secs] 
5362.166: [GC (Allocation Failure) [PSYoungGen: 339494K->176085K(466432K)] 938436K->808552K(1864704K), 0.0495582 secs] [Times: user=0.22 sys=0.00, real=0.04 secs] 
5362.339: [GC (Allocation Failure) [PSYoungGen: 409557K->185270K(465920K)] 1042024K->872765K(1864192K), 0.0432604 secs] [Times: user=0.20 sys=0.00, real=0.04 secs] 
5362.502: [GC (Allocation Failure) [PSYoungGen: 418742K->187285K(465920K)] 1106237K->930932K(1864192K), 0.0508863 secs] [Times: user=0.24 sys=0.00, real=0.05 secs] 
5363.513: [GC (Allocation Failure) [PSYoungGen: 420245K->96443K(465920K)] 1163892K->910667K(1864192K), 0.0437826 secs] [Times: user=0.23 sys=0.00, real=0.05 secs] 
5364.011: [GC (Allocation Failure) [PSYoungGen: 329403K->171476K(465920K)] 1143627K->1017651K(1864192K), 0.0873299 secs] [Times: user=0.42 sys=0.00, real=0.09 secs] 
5364.279: [GC (Allocation Failure) [PSYoungGen: 404436K->184438K(465920K)] 1250611K->1083716K(1864192K), 0.0432606 secs] [Times: user=0.19 sys=0.00, real=0.04 secs] 
5364.474: [GC (Allocation Failure) [PSYoungGen: 417398K->181462K(465920K)] 1316676K->1145085K(1864192K), 0.0663926 secs] [Times: user=0.33 sys=0.01, real=0.07 secs] 
5365.565: [GC (Allocation Failure) [PSYoungGen: 414422K->216595K(465920K)] 1378045K->1237666K(1864192K), 0.0587533 secs] [Times: user=0.29 sys=0.00, real=0.06 secs] 
5366.159: [GC (Allocation Failure) [PSYoungGen: 449555K->96523K(465920K)] 1470626K->1184306K(1864192K), 0.0554916 secs] [Times: user=0.29 sys=0.01, real=0.05 secs] 
5367.429: [GC (Allocation Failure) [PSYoungGen: 329483K->177781K(465920K)] 1417266K->1295761K(1864192K), 0.0540255 secs] [Times: user=0.25 sys=0.00, real=0.05 secs] 
5367.621: [GC (Allocation Failure) [PSYoungGen: 410741K->184758K(465920K)] 1528721K->1358265K(1864192K), 0.0446905 secs] [Times: user=0.20 sys=0.00, real=0.05 secs] 
5367.771: [GC (Allocation Failure) [PSYoungGen: 417718K->203157K(465920K)] 1591225K->1432561K(1864192K), 0.0471122 secs] [Times: user=0.21 sys=0.00, real=0.05 secs] 
5368.796: [GC (Allocation Failure) [PSYoungGen: 436117K->100796K(465920K)] 1665521K->1400720K(1864192K), 0.0519010 secs] [Times: user=0.27 sys=0.00, real=0.05 secs] 
5369.511: [GC (Allocation Failure) [PSYoungGen: 333756K->167060K(465920K)] 1633680K->1499640K(1864192K), 0.1175620 secs] [Times: user=0.61 sys=0.00, real=0.12 secs] 
5369.629: [Full GC (Ergonomics) [PSYoungGen: 167060K->0K(465920K)] [ParOldGen: 1332580K->188530K(1398272K)] 1499640K->188530K(1864192K), [Metaspace: 59624K->59624K(1105920K)], 0.2553774 secs] [Times: user=1.25 sys=0.00, real=0.25 secs] 
5369.996: [GC (Allocation Failure) [PSYoungGen: 232960K->184374K(465920K)] 421490K->372904K(1864192K), 0.0338872 secs] [Times: user=0.13 sys=0.00, real=0.03 secs] 
5370.148: [GC (Allocation Failure) [PSYoungGen: 417334K->179350K(465920K)] 605864K->432152K(1864192K), 0.0439714 secs] [Times: user=0.18 sys=0.01, real=0.04 secs] 
5370.296: [GC (Allocation Failure) [PSYoungGen: 412310K->186645K(465920K)] 665112K->496895K(1864192K), 0.0542487 secs] [Times: user=0.27 sys=0.00, real=0.05 secs] 
5371.419: [GC (Allocation Failure) [PSYoungGen: 419605K->93803K(465920K)] 729855K->474533K(1864192K), 0.0625069 secs] [Times: user=0.33 sys=0.01, real=0.06 secs] 
5372.180: [GC (Allocation Failure) [PSYoungGen: 326763K->177877K(465920K)] 707493K->588060K(1864192K), 0.0534223 secs] [Times: user=0.23 sys=0.00, real=0.05 secs] 
5372.423: [GC (Allocation Failure) [PSYoungGen: 410837K->184950K(465920K)] 821020K->650753K(1864192K), 0.0591320 secs] [Times: user=0.29 sys=0.00, real=0.06 secs] 
5372.595: [GC (Allocation Failure) [PSYoungGen: 417910K->183412K(465920K)] 883713K->705152K(1864192K), 0.0454208 secs] [Times: user=0.21 sys=0.00, real=0.05 secs] 
5373.609: [GC (Allocation Failure) [PSYoungGen: 416372K->103452K(465920K)] 938112K->694568K(1864192K), 0.0453681 secs] [Times: user=0.23 sys=0.00, real=0.04 secs] 
5374.138: [GC (Allocation Failure) [PSYoungGen: 336412K->167828K(465920K)] 927528K->792979K(1864192K), 0.0927657 secs] [Times: user=0.46 sys=0.00, real=0.09 secs] 
5374.456: [GC (Allocation Failure) [PSYoungGen: 400722K->184534K(465920K)] 1025874K->862029K(1864192K), 0.0426057 secs] [Times: user=0.19 sys=0.00, real=0.04 secs] 
5374.607: [GC (Allocation Failure) [PSYoungGen: 417494K->182550K(465920K)] 1094989K->924246K(1864192K), 0.0497605 secs] [Times: user=0.22 sys=0.01, real=0.05 secs] 
5374.784: [GC (Allocation Failure) [PSYoungGen: 415510K->186389K(465920K)] 1157206K->986276K(1864192K), 0.0728946 secs] [Times: user=0.36 sys=0.00, real=0.08 secs] 
5375.779: [GC (Allocation Failure) [PSYoungGen: 419349K->87498K(465920K)] 1219236K->957658K(1864192K), 0.0410627 secs] [Times: user=0.21 sys=0.00, real=0.04 secs] 
5376.966: [GC (Allocation Failure) [PSYoungGen: 320458K->177685K(465920K)] 1190618K->1075058K(1864192K), 0.0463281 secs] [Times: user=0.20 sys=0.01, real=0.04 secs] 
5377.132: [GC (Allocation Failure) [PSYoungGen: 410645K->184886K(465920K)] 1308018K->1137974K(1864192K), 0.0440170 secs] [Times: user=0.19 sys=0.00, real=0.05 secs] 
5377.282: [GC (Allocation Failure) [PSYoungGen: 417846K->186837K(465920K)] 1370934K->1196054K(1864192K), 0.0460072 secs] [Times: user=0.21 sys=0.00, real=0.05 secs] 
5378.327: [GC (Allocation Failure) [PSYoungGen: 419797K->105868K(465920K)] 1429014K->1185365K(1864192K), 0.0460192 secs] [Times: user=0.24 sys=0.00, real=0.04 secs] 
5379.245: [GC (Allocation Failure) [PSYoungGen: 338828K->162611K(465920K)] 1418325K->1277271K(1864192K), 0.1194431 secs] [Times: user=0.62 sys=0.00, real=0.12 secs] 
5379.590: [GC (Allocation Failure) [PSYoungGen: 395571K->180629K(465920K)] 1510231K->1345609K(1864192K), 0.0477887 secs] [Times: user=0.22 sys=0.00, real=0.05 secs] 
5379.792: [GC (Allocation Failure) [PSYoungGen: 413589K->184247K(465920K)] 1578569K->1412555K(1864192K), 0.0798054 secs] [Times: user=0.39 sys=0.00, real=0.08 secs] 
5380.360: [GC (Allocation Failure) [PSYoungGen: 417207K->186229K(465920K)] 1645515K->1473113K(1864192K), 0.0941649 secs] [Times: user=0.49 sys=0.00, real=0.09 secs] 
5381.479: [GC (Allocation Failure) [PSYoungGen: 419189K->91418K(465920K)] 1706073K->1448455K(1864192K), 0.0430764 secs] [Times: user=0.22 sys=0.00, real=0.04 secs] 
5381.522: [Full GC (Ergonomics) [PSYoungGen: 91418K->0K(465920K)] [ParOldGen: 1357036K->105245K(1398272K)] 1448455K->105245K(1864192K), [Metaspace: 59625K->59625K(1105920K)], 0.0896132 secs] [Times: user=0.36 sys=0.00, real=0.09 secs] 
5383.175: [GC (Allocation Failure) [PSYoungGen: 232960K->172692K(465920K)] 338205K->277938K(1864192K), 0.0418442 secs] [Times: user=0.16 sys=0.00, real=0.05 secs] 
5383.431: [GC (Allocation Failure) [PSYoungGen: 405652K->184982K(465920K)] 510898K->344391K(1864192K), 0.0533779 secs] [Times: user=0.25 sys=0.00, real=0.05 secs] 
5383.594: [GC (Allocation Failure) [PSYoungGen: 417942K->187029K(465920K)] 577351K->402414K(1864192K), 0.0447044 secs] [Times: user=0.20 sys=0.00, real=0.05 secs] 
5384.600: [GC (Allocation Failure) [PSYoungGen: 419989K->111421K(465920K)] 635374K->397279K(1864192K), 0.0450065 secs] [Times: user=0.23 sys=0.01, real=0.04 secs] 
5385.844: [GC (Allocation Failure) [PSYoungGen: 344381K->152466K(465920K)] 630239K->473968K(1864192K), 0.1313138 secs] [Times: user=0.70 sys=0.00, real=0.13 secs] 
5386.273: [GC (Allocation Failure) [PSYoungGen: 385426K->184438K(465920K)] 706928K->553568K(1864192K), 0.0541762 secs] [Times: user=0.25 sys=0.00, real=0.06 secs] 
5386.444: [GC (Allocation Failure) [PSYoungGen: 417398K->186071K(465920K)] 786528K->619393K(1864192K), 0.0499233 secs] [Times: user=0.23 sys=0.00, real=0.05 secs] 
5386.628: [GC (Allocation Failure) [PSYoungGen: 419031K->183476K(465920K)] 852353K->675687K(1864192K), 0.0786390 secs] [Times: user=0.36 sys=0.00, real=0.08 secs] 
5387.644: [GC (GCLocker Initiated GC) [PSYoungGen: 416436K->93883K(465920K)] 908647K->655501K(1864192K), 0.0415378 secs] [Times: user=0.21 sys=0.00, real=0.04 secs] 
5388.445: [GC (Allocation Failure) [PSYoungGen: 326843K->173301K(465920K)] 888628K->765861K(1864192K), 0.0588370 secs] [Times: user=0.26 sys=0.00, real=0.06 secs] 
5388.669: [GC (Allocation Failure) [PSYoungGen: 406261K->184534K(465920K)] 998821K->831078K(1864192K), 0.0429401 secs] [Times: user=0.19 sys=0.00, real=0.04 secs] 
5388.839: [GC (Allocation Failure) [PSYoungGen: 417494K->186997K(465920K)] 1064038K->889398K(1864192K), 0.0504061 secs] [Times: user=0.24 sys=0.00, real=0.05 secs] 
5389.862: [GC (Allocation Failure) [PSYoungGen: 419957K->116270K(465920K)] 1122358K->889207K(1864192K), 0.0468272 secs] [Times: user=0.24 sys=0.00, real=0.05 secs] 
5390.284: [GC (Allocation Failure) [PSYoungGen: 349230K->151714K(465920K)] 1122167K->961571K(1864192K), 0.0988156 secs] [Times: user=0.52 sys=0.00, real=0.10 secs] 
5390.613: [GC (Allocation Failure) [PSYoungGen: 384674K->180565K(465920K)] 1194531K->1038309K(1864192K), 0.0443146 secs] [Times: user=0.20 sys=0.01, real=0.05 secs] 
5390.797: [GC (Allocation Failure) [PSYoungGen: 413525K->185559K(465920K)] 1271269K->1106543K(1864192K), 0.0499053 secs] [Times: user=0.23 sys=0.00, real=0.05 secs] 
5390.982: [GC (Allocation Failure) [PSYoungGen: 418519K->186293K(465920K)] 1339503K->1166381K(1864192K), 0.0782730 secs] [Times: user=0.40 sys=0.00, real=0.08 secs] 
5392.062: [GC (Allocation Failure) [PSYoungGen: 419253K->94827K(465920K)] 1399341K->1145243K(1864192K), 0.0560634 secs] [Times: user=0.29 sys=0.00, real=0.06 secs] 
5393.846: [GC (Allocation Failure) [PSYoungGen: 327787K->169940K(465920K)] 1378203K->1250353K(1864192K), 0.0626718 secs] [Times: user=0.28 sys=0.00, real=0.06 secs] 
5394.121: [GC (Allocation Failure) [PSYoungGen: 402900K->184598K(465920K)] 1483313K->1318579K(1864192K), 0.0576174 secs] [Times: user=0.27 sys=0.00, real=0.06 secs] 
5394.349: [GC (Allocation Failure) [PSYoungGen: 417558K->186933K(465920K)] 1551539K->1376962K(1864192K), 0.0650417 secs] [Times: user=0.32 sys=0.00, real=0.06 secs] 
5395.410: [GC (Allocation Failure) [PSYoungGen: 419893K->125103K(465920K)] 1609922K->1385645K(1864192K), 0.0487701 secs] [Times: user=0.25 sys=0.00, real=0.05 secs] 
5396.691: [GC (Allocation Failure) [PSYoungGen: 356413K->141297K(465920K)] 1616954K->1441486K(1864192K), 0.1577250 secs] [Times: user=0.87 sys=0.00, real=0.16 secs] 
5397.073: [GC (Allocation Failure) [PSYoungGen: 374257K->178453K(465920K)] 1674446K->1524046K(1864192K), 0.0432641 secs] [Times: user=0.20 sys=0.00, real=0.05 secs] 
5397.116: [Full GC (Ergonomics) [PSYoungGen: 178453K->0K(465920K)] [ParOldGen: 1345593K->239910K(1398272K)] 1524046K->239910K(1864192K), [Metaspace: 59625K->59625K(1105920K)], 0.2848487 secs] [Times: user=1.29 sys=0.00, real=0.28 secs] 
5397.511: [GC (Allocation Failure) [PSYoungGen: 232960K->185655K(465920K)] 472870K->425565K(1864192K), 0.0829031 secs] [Times: user=0.43 sys=0.00, real=0.08 secs] 
5398.107: [GC (Allocation Failure) [PSYoungGen: 418615K->232916K(465920K)] 658525K->533907K(1864192K), 0.0732063 secs] [Times: user=0.37 sys=0.00, real=0.07 secs] 
5399.151: [GC (Allocation Failure) [PSYoungGen: 465876K->88842K(465920K)] 766867K->460009K(1864192K), 0.0418998 secs] [Times: user=0.22 sys=0.00, real=0.04 secs] 
5400.104: [GC (Allocation Failure) [PSYoungGen: 321802K->172948K(465920K)] 692969K->572608K(1864192K), 0.0565077 secs] [Times: user=0.25 sys=0.00, real=0.06 secs] 
5400.369: [GC (Allocation Failure) [PSYoungGen: 405908K->185014K(465920K)] 805568K->638806K(1864192K), 0.0570034 secs] [Times: user=0.27 sys=0.00, real=0.05 secs] 
5400.573: [GC (Allocation Failure) [PSYoungGen: 417974K->187029K(465920K)] 871766K->697141K(1864192K), 0.0507485 secs] [Times: user=0.24 sys=0.00, real=0.05 secs] 
5401.542: [GC (Allocation Failure) [PSYoungGen: 419989K->136337K(465920K)] 930101K->717001K(1864192K), 0.0493632 secs] [Times: user=0.25 sys=0.00, real=0.05 secs] 
5402.498: [GC (Allocation Failure) [PSYoungGen: 369297K->131055K(465920K)] 949961K->754959K(1864192K), 0.1192795 secs] [Times: user=0.65 sys=0.00, real=0.12 secs] 
5403.356: [GC (Allocation Failure) [PSYoungGen: 364015K->177813K(465920K)] 987919K->843046K(1864192K), 0.0528460 secs] [Times: user=0.25 sys=0.00, real=0.05 secs] 
5403.530: [GC (Allocation Failure) [PSYoungGen: 410773K->182422K(465920K)] 1076006K->909867K(1864192K), 0.0493683 secs] [Times: user=0.23 sys=0.00, real=0.05 secs] 
5403.685: [GC (Allocation Failure) [PSYoungGen: 415382K->186805K(465920K)] 1142827K->972258K(1864192K), 0.0573444 secs] [Times: user=0.29 sys=0.00, real=0.06 secs] 
5404.749: [GC (GCLocker Initiated GC) [PSYoungGen: 419765K->92043K(465920K)] 1205219K->948001K(1864192K), 0.0609474 secs] [Times: user=0.32 sys=0.00, real=0.06 secs] 
5405.631: [GC (Allocation Failure) [PSYoungGen: 325003K->173141K(465920K)] 1181092K->1058734K(1864192K), 0.0641505 secs] [Times: user=0.29 sys=0.00, real=0.06 secs] 
5405.906: [GC (GCLocker Initiated GC) [PSYoungGen: 406101K->181813K(465920K)] 1291695K->1121592K(1864192K), 0.0498782 secs] [Times: user=0.23 sys=0.01, real=0.05 secs] 
5406.071: [GC (Allocation Failure) [PSYoungGen: 414773K->203669K(465920K)] 1354590K->1198702K(1864192K), 0.0461391 secs] [Times: user=0.21 sys=0.00, real=0.05 secs] 
5407.087: [GC (Allocation Failure) [PSYoungGen: 436629K->150610K(465920K)] 1431662K->1216372K(1864192K), 0.0535759 secs] [Times: user=0.25 sys=0.00, real=0.05 secs] 
5407.508: [GC (Allocation Failure) [PSYoungGen: 383570K->124287K(465920K)] 1449332K->1237864K(1864192K), 0.0891546 secs] [Times: user=0.49 sys=0.00, real=0.09 secs] 
5407.808: [GC (Allocation Failure) [PSYoungGen: 357247K->174932K(465920K)] 1470824K->1327949K(1864192K), 0.0378920 secs] [Times: user=0.16 sys=0.00, real=0.04 secs] 
5407.957: [GC (Allocation Failure) [PSYoungGen: 407892K->185591K(465920K)] 1560909K->1400127K(1864192K), 0.0509179 secs] [Times: user=0.24 sys=0.00, real=0.05 secs] 
5408.143: [GC (Allocation Failure) [PSYoungGen: 418551K->186197K(465920K)] 1633087K->1459661K(1864192K), 0.0807337 secs] [Times: user=0.41 sys=0.01, real=0.08 secs] 
5409.200: [GC (Allocation Failure) [PSYoungGen: 419157K->95755K(465920K)] 1692621K->1439516K(1864192K), 0.0478248 secs] [Times: user=0.25 sys=0.00, real=0.05 secs] 
5409.247: [Full GC (Ergonomics) [PSYoungGen: 95755K->0K(465920K)] [ParOldGen: 1343760K->93989K(1398272K)] 1439516K->93989K(1864192K), [Metaspace: 59625K->59625K(1105920K)], 0.0557310 secs] [Times: user=0.20 sys=0.00, real=0.05 secs] 
5410.438: [GC (Allocation Failure) [PSYoungGen: 232960K->175188K(465920K)] 326949K->269178K(1864192K), 0.0494628 secs] [Times: user=0.19 sys=0.00, real=0.05 secs] 
5410.704: [GC (Allocation Failure) [PSYoungGen: 408148K->181269K(465920K)] 502138K->328907K(1864192K), 0.0559030 secs] [Times: user=0.26 sys=0.00, real=0.06 secs] 
5410.908: [GC (Allocation Failure) [PSYoungGen: 403770K->174197K(465920K)] 551407K->385227K(1864192K), 0.0678403 secs] [Times: user=0.33 sys=0.00, real=0.07 secs] 
5411.894: [GC (Allocation Failure) [PSYoungGen: 407157K->168723K(465920K)] 618187K->435064K(1864192K), 0.0547831 secs] [Times: user=0.27 sys=0.00, real=0.06 secs] 
5412.268: [GC (Allocation Failure) [PSYoungGen: 401683K->108316K(465920K)] 668024K->439242K(1864192K), 0.0539576 secs] [Times: user=0.28 sys=0.00, real=0.05 secs] 
5412.823: [GC (Allocation Failure) [PSYoungGen: 338705K->175221K(465920K)] 669631K->540783K(1864192K), 0.0526495 secs] [Times: user=0.23 sys=0.00, real=0.05 secs] 
5413.010: [GC (Allocation Failure) [PSYoungGen: 408181K->184694K(465920K)] 773743K->604880K(1864192K), 0.0427910 secs] [Times: user=0.19 sys=0.00, real=0.04 secs] 
5413.157: [GC (Allocation Failure) [PSYoungGen: 417654K->186869K(465920K)] 837840K->662895K(1864192K), 0.0449814 secs] [Times: user=0.21 sys=0.00, real=0.04 secs] 
5414.197: [GC (Allocation Failure) [PSYoungGen: 419829K->96619K(465920K)] 895855K->643173K(1864192K), 0.0438307 secs] [Times: user=0.23 sys=0.00, real=0.04 secs] 
5414.712: [GC (Allocation Failure) [PSYoungGen: 329579K->170708K(465920K)] 876133K->749151K(1864192K), 0.0706269 secs] [Times: user=0.34 sys=0.00, real=0.07 secs] 
5414.939: [GC (Allocation Failure) [PSYoungGen: 403668K->184149K(465920K)] 982111K->815608K(1864192K), 0.0425538 secs] [Times: user=0.19 sys=0.00, real=0.04 secs] 
5415.091: [GC (Allocation Failure) [PSYoungGen: 417109K->185367K(465920K)] 1048568K->880913K(1864192K), 0.0502590 secs] [Times: user=0.23 sys=0.00, real=0.05 secs] 
5416.262: [GC (Allocation Failure) [PSYoungGen: 416006K->208851K(465920K)] 1111553K->963213K(1864192K), 0.0554330 secs] [Times: user=0.28 sys=0.00, real=0.06 secs] 
5416.826: [GC (Allocation Failure) [PSYoungGen: 441811K->95387K(465920K)] 1196173K->915421K(1864192K), 0.0559830 secs] [Times: user=0.30 sys=0.00, real=0.06 secs] 
5417.546: [GC (GCLocker Initiated GC) [PSYoungGen: 328347K->175605K(465920K)] 1148381K->1025856K(1864192K), 0.0443569 secs] [Times: user=0.19 sys=0.01, real=0.04 secs] 
5417.753: [GC (Allocation Failure) [PSYoungGen: 408565K->184982K(465920K)] 1258819K->1090444K(1864192K), 0.0611455 secs] [Times: user=0.30 sys=0.00, real=0.06 secs] 
5417.931: [GC (Allocation Failure) [PSYoungGen: 417942K->187029K(465920K)] 1323404K->1148387K(1864192K), 0.0462388 secs] [Times: user=0.22 sys=0.00, real=0.05 secs] 
5418.942: [GC (Allocation Failure) [PSYoungGen: 419989K->103212K(465920K)] 1381347K->1135139K(1864192K), 0.0460495 secs] [Times: user=0.24 sys=0.00, real=0.05 secs] 
5419.932: [GC (Allocation Failure) [PSYoungGen: 336172K->166484K(465920K)] 1368099K->1231487K(1864192K), 0.1123295 secs] [Times: user=0.57 sys=0.00, real=0.11 secs] 
5420.223: [GC (Allocation Failure) [PSYoungGen: 399444K->184502K(465920K)] 1464447K->1301537K(1864192K), 0.0436260 secs] [Times: user=0.20 sys=0.00, real=0.05 secs] 
5420.400: [GC (Allocation Failure) [PSYoungGen: 417462K->185879K(465920K)] 1534497K->1367110K(1864192K), 0.0565135 secs] [Times: user=0.27 sys=0.00, real=0.06 secs] 
5420.571: [GC (Allocation Failure) [PSYoungGen: 418839K->183348K(465920K)] 1600070K->1423660K(1864192K), 0.0554142 secs] [Times: user=0.27 sys=0.01, real=0.06 secs] 
5421.590: [GC (Allocation Failure) [PSYoungGen: 416308K->90842K(465920K)] 1656620K->1400306K(1864192K), 0.0416132 secs] [Times: user=0.21 sys=0.00, real=0.04 secs] 
5422.411: [GC (Allocation Failure) [PSYoungGen: 323802K->177589K(465920K)] 1633266K->1515801K(1864192K), 0.0568608 secs] [Times: user=0.25 sys=0.00, real=0.06 secs] 
5422.468: [Full GC (Ergonomics) [PSYoungGen: 177589K->0K(465920K)] [ParOldGen: 1338212K->222355K(1398272K)] 1515801K->222355K(1864192K), [Metaspace: 59625K->59625K(1105920K)], 0.2800559 secs] [Times: user=1.32 sys=0.00, real=0.28 secs] 
5422.853: [GC (Allocation Failure) [PSYoungGen: 232960K->181109K(465920K)] 455315K->403465K(1864192K), 0.0261865 secs] [Times: user=0.10 sys=0.00, real=0.03 secs] 
5422.983: [GC (Allocation Failure) [PSYoungGen: 414069K->186869K(465920K)] 636425K->464101K(1864192K), 0.0449504 secs] [Times: user=0.21 sys=0.00, real=0.05 secs] 
5424.139: [GC (Allocation Failure) [PSYoungGen: 419829K->103932K(465920K)] 697061K->451556K(1864192K), 0.0442262 secs] [Times: user=0.22 sys=0.00, real=0.04 secs] 
5424.668: [GC (GCLocker Initiated GC) [PSYoungGen: 336892K->166484K(465920K)] 684517K->548480K(1864192K), 0.1179184 secs] [Times: user=0.60 sys=0.01, real=0.12 secs] 
5425.001: [GC (Allocation Failure) [PSYoungGen: 399444K->180853K(465920K)] 781441K->614595K(1864192K), 0.0439045 secs] [Times: user=0.19 sys=0.00, real=0.04 secs] 
5425.154: [GC (Allocation Failure) [PSYoungGen: 413813K->182614K(465920K)] 847555K->679884K(1864192K), 0.0491381 secs] [Times: user=0.23 sys=0.00, real=0.05 secs] 
5425.308: [GC (Allocation Failure) [PSYoungGen: 415574K->186869K(465920K)] 912844K->742331K(1864192K), 0.0553356 secs] [Times: user=0.27 sys=0.00, real=0.05 secs] 
5426.296: [GC (Allocation Failure) [PSYoungGen: 419829K->91098K(465920K)] 975291K->717032K(1864192K), 0.0404733 secs] [Times: user=0.21 sys=0.00, real=0.04 secs] 
5427.313: [GC (Allocation Failure) [PSYoungGen: 324058K->181142K(465920K)] 949992K->835552K(1864192K), 0.0466030 secs] [Times: user=0.21 sys=0.00, real=0.05 secs] 
5427.522: [GC (Allocation Failure) [PSYoungGen: 414102K->181461K(465920K)] 1068512K->892508K(1864192K), 0.0566275 secs] [Times: user=0.25 sys=0.01, real=0.06 secs] 
5427.712: [GC (Allocation Failure) [PSYoungGen: 414421K->186645K(465920K)] 1125468K->952756K(1864192K), 0.0658673 secs] [Times: user=0.32 sys=0.00, real=0.07 secs] 
5428.786: [GC (Allocation Failure) [PSYoungGen: 419605K->106365K(465920K)] 1185716K->942939K(1864192K), 0.0456491 secs] [Times: user=0.23 sys=0.00, real=0.04 secs] 
5429.592: [GC (Allocation Failure) [PSYoungGen: 339325K->160435K(465920K)] 1175899K->1031547K(1864192K), 0.1181382 secs] [Times: user=0.62 sys=0.00, real=0.12 secs] 
5429.889: [GC (Allocation Failure) [PSYoungGen: 393395K->184214K(465920K)] 1264507K->1105569K(1864192K), 0.0419133 secs] [Times: user=0.19 sys=0.00, real=0.04 secs] 
5430.038: [GC (Allocation Failure) [PSYoungGen: 417174K->185847K(465920K)] 1338529K->1171323K(1864192K), 0.0505215 secs] [Times: user=0.24 sys=0.00, real=0.05 secs] 
5430.213: [GC (Allocation Failure) [PSYoungGen: 418807K->186421K(465920K)] 1404283K->1230809K(1864192K), 0.0601244 secs] [Times: user=0.30 sys=0.00, real=0.06 secs] 
5431.318: [GC (Allocation Failure) [PSYoungGen: 419381K->85658K(465920K)] 1463769K->1200290K(1864192K), 0.0674868 secs] [Times: user=0.36 sys=0.00, real=0.06 secs] 
5432.217: [GC (Allocation Failure) [PSYoungGen: 318618K->176693K(465920K)] 1433250K->1318342K(1864192K), 0.0571405 secs] [Times: user=0.26 sys=0.00, real=0.05 secs] 
5432.477: [GC (Allocation Failure) [PSYoungGen: 409653K->184790K(465920K)] 1551302K->1381610K(1864192K), 0.0588723 secs] [Times: user=0.28 sys=0.00, real=0.06 secs] 
5432.643: [GC (Allocation Failure) [PSYoungGen: 417750K->186965K(465920K)] 1614570K->1439834K(1864192K), 0.0467780 secs] [Times: user=0.22 sys=0.00, real=0.05 secs] 
5433.648: [GC (Allocation Failure) [PSYoungGen: 419925K->111005K(465920K)] 1672794K->1434394K(1864192K), 0.0474151 secs] [Times: user=0.24 sys=0.00, real=0.04 secs] 
5433.695: [Full GC (Ergonomics) [PSYoungGen: 111005K->0K(465920K)] [ParOldGen: 1323388K->93880K(1398272K)] 1434394K->93880K(1864192K), [Metaspace: 59625K->59609K(1105920K)], 0.0371886 secs] [Times: user=0.11 sys=0.00, real=0.04 secs] 
5434.619: [GC (Allocation Failure) [PSYoungGen: 232960K->154514K(465920K)] 326840K->248395K(1864192K), 0.0651867 secs] [Times: user=0.26 sys=0.00, real=0.06 secs] 
5435.394: [GC (Allocation Failure) [PSYoungGen: 387474K->181045K(465920K)] 481355K->323386K(1864192K), 0.0541361 secs] [Times: user=0.25 sys=0.00, real=0.06 secs] 
5435.565: [GC (Allocation Failure) [PSYoungGen: 414005K->185719K(465920K)] 556346K->391396K(1864192K), 0.0492257 secs] [Times: user=0.23 sys=0.00, real=0.05 secs] 
5435.742: [GC (Allocation Failure) [PSYoungGen: 418679K->183636K(465920K)] 624356K->448225K(1864192K), 0.0596293 secs] [Times: user=0.29 sys=0.00, real=0.06 secs] 
5436.749: [GC (Allocation Failure) [PSYoungGen: 416596K->92779K(465920K)] 681185K->426440K(1864192K), 0.0412950 secs] [Times: user=0.21 sys=0.01, real=0.04 secs] 
5437.918: [GC (Allocation Failure) [PSYoungGen: 325739K->169780K(465920K)] 659400K->533066K(1864192K), 0.0644253 secs] [Times: user=0.25 sys=0.00, real=0.06 secs] 
5438.197: [GC (Allocation Failure) [PSYoungGen: 402740K->184630K(465920K)] 766026K->601079K(1864192K), 0.0509346 secs] [Times: user=0.24 sys=0.00, real=0.05 secs] 
5438.372: [GC (Allocation Failure) [PSYoungGen: 417590K->187157K(465920K)] 834039K->659487K(1864192K), 0.0493480 secs] [Times: user=0.23 sys=0.00, real=0.05 secs] 
5439.350: [GC (Allocation Failure) [PSYoungGen: 420117K->123759K(465920K)] 892447K->666729K(1864192K), 0.0471028 secs] [Times: user=0.23 sys=0.00, real=0.05 secs] 
5439.693: [GC (Allocation Failure) [PSYoungGen: 356719K->149089K(465920K)] 899689K->731980K(1864192K), 0.0757608 secs] [Times: user=0.38 sys=0.00, real=0.08 secs] 
5440.176: [GC (Allocation Failure) [PSYoungGen: 382049K->179861K(465920K)] 964940K->808792K(1864192K), 0.0553360 secs] [Times: user=0.26 sys=0.00, real=0.05 secs] 
5440.394: [GC (Allocation Failure) [PSYoungGen: 412821K->185879K(465920K)] 1041752K->877846K(1864192K), 0.0718167 secs] [Times: user=0.35 sys=0.00, real=0.07 secs] 
5440.587: [GC (Allocation Failure) [PSYoungGen: 418839K->183444K(465920K)] 1110806K->934467K(1864192K), 0.0558938 secs] [Times: user=0.27 sys=0.00, real=0.05 secs] 
5441.557: [GC (Allocation Failure) [PSYoungGen: 416404K->98155K(465920K)] 1167427K->918314K(1864192K), 0.0424475 secs] [Times: user=0.21 sys=0.00, real=0.04 secs] 
5442.141: [GC (Allocation Failure) [PSYoungGen: 331115K->177557K(465920K)] 1151274K->1028841K(1864192K), 0.0641356 secs] [Times: user=0.29 sys=0.00, real=0.06 secs] 
5442.381: [GC (Allocation Failure) [PSYoungGen: 410517K->184662K(465920K)] 1261801K->1091473K(1864192K), 0.0436439 secs] [Times: user=0.20 sys=0.00, real=0.04 secs] 
5442.527: [GC (Allocation Failure) [PSYoungGen: 417622K->186741K(465920K)] 1324433K->1149417K(1864192K), 0.0461215 secs] [Times: user=0.21 sys=0.00, real=0.04 secs] 
5443.580: [GC (Allocation Failure) [PSYoungGen: 419701K->117614K(465920K)] 1382377K->1150706K(1864192K), 0.0473632 secs] [Times: user=0.24 sys=0.00, real=0.05 secs] 
5444.488: [GC (Allocation Failure) [PSYoungGen: 350574K->144465K(465920K)] 1383666K->1214837K(1864192K), 0.1008697 secs] [Times: user=0.53 sys=0.00, real=0.10 secs] 
5445.149: [GC (Allocation Failure) [PSYoungGen: 377425K->181845K(465920K)] 1447797K->1297658K(1864192K), 0.0445798 secs] [Times: user=0.20 sys=0.00, real=0.04 secs] 
5445.363: [GC (Allocation Failure) [PSYoungGen: 414805K->182326K(465920K)] 1530618K->1361291K(1864192K), 0.0758572 secs] [Times: user=0.37 sys=0.00, real=0.08 secs] 
5445.604: [GC (Allocation Failure) [PSYoungGen: 415286K->186581K(465920K)] 1594251K->1423354K(1864192K), 0.0769278 secs] [Times: user=0.40 sys=0.00, real=0.08 secs] 
5446.666: [GC (Allocation Failure) [PSYoungGen: 419541K->88906K(465920K)] 1656316K->1396097K(1864192K), 0.0467231 secs] [Times: user=0.25 sys=0.00, real=0.04 secs] 
5447.570: [GC (Allocation Failure) [PSYoungGen: 321866K->177301K(465920K)] 1629057K->1513675K(1864192K), 0.0569861 secs] [Times: user=0.26 sys=0.00, real=0.06 secs] 
5447.627: [Full GC (Ergonomics) [PSYoungGen: 177301K->0K(465920K)] [ParOldGen: 1336374K->211739K(1398272K)] 1513675K->211739K(1864192K), [Metaspace: 59609K->59609K(1105920K)], 0.2710921 secs] [Times: user=1.29 sys=0.00, real=0.27 secs] 
5448.004: [GC (Allocation Failure) [PSYoungGen: 232960K->189397K(465920K)] 444699K->401137K(1864192K), 0.0267453 secs] [Times: user=0.10 sys=0.00, real=0.03 secs] 
5448.150: [GC (Allocation Failure) [PSYoungGen: 422357K->187157K(465920K)] 634097K->454337K(1864192K), 0.0456523 secs] [Times: user=0.19 sys=0.00, real=0.05 secs] 
5449.108: [GC (Allocation Failure) [PSYoungGen: 420117K->132944K(465920K)] 687297K->470572K(1864192K), 0.0485019 secs] [Times: user=0.24 sys=0.00, real=0.05 secs] 
5449.837: [GC (Allocation Failure) [PSYoungGen: 365904K->137664K(465920K)] 703532K->517500K(1864192K), 0.1435747 secs] [Times: user=0.78 sys=0.00, real=0.14 secs] 
5450.629: [GC (Allocation Failure) [PSYoungGen: 370624K->178389K(465920K)] 750460K->601986K(1864192K), 0.0547392 secs] [Times: user=0.26 sys=0.00, real=0.05 secs] 
5450.806: [GC (Allocation Failure) [PSYoungGen: 411293K->182678K(465920K)] 834890K->668535K(1864192K), 0.0490027 secs] [Times: user=0.22 sys=0.00, real=0.04 secs] 
5450.976: [GC (Allocation Failure) [PSYoungGen: 415614K->186869K(465920K)] 901470K->730854K(1864192K), 0.0627903 secs] [Times: user=0.32 sys=0.00, real=0.06 secs] 
5451.978: [GC (Allocation Failure) [PSYoungGen: 419829K->91131K(465920K)] 963814K->705667K(1864192K), 0.0552312 secs] [Times: user=0.29 sys=0.00, real=0.05 secs] 
5453.087: [GC (Allocation Failure) [PSYoungGen: 324091K->176725K(465920K)] 938627K->820423K(1864192K), 0.0518975 secs] [Times: user=0.22 sys=0.00, real=0.05 secs] 
5453.286: [GC (Allocation Failure) [PSYoungGen: 409685K->184438K(465920K)] 1053383K->883335K(1864192K), 0.0432607 secs] [Times: user=0.19 sys=0.00, real=0.04 secs] 
5453.433: [GC (Allocation Failure) [PSYoungGen: 417398K->183956K(465920K)] 1116295K->938814K(1864192K), 0.0449109 secs] [Times: user=0.21 sys=0.00, real=0.05 secs] 
5454.389: [GC (Allocation Failure) [PSYoungGen: 416916K->140529K(465920K)] 1171774K->964967K(1864192K), 0.0495417 secs] [Times: user=0.25 sys=0.00, real=0.05 secs] 
5454.735: [GC (Allocation Failure) [PSYoungGen: 373489K->134720K(465920K)] 1197927K->1003790K(1864192K), 0.0812659 secs] [Times: user=0.44 sys=0.00, real=0.09 secs] 
5455.334: [GC (Allocation Failure) [PSYoungGen: 367680K->173844K(465920K)] 1236750K->1085910K(1864192K), 0.0377478 secs] [Times: user=0.17 sys=0.00, real=0.04 secs] 
5455.484: [GC (Allocation Failure) [PSYoungGen: 406804K->185623K(465920K)] 1318870K->1158769K(1864192K), 0.0496540 secs] [Times: user=0.23 sys=0.00, real=0.05 secs] 
5455.637: [GC (Allocation Failure) [PSYoungGen: 418583K->182772K(465920K)] 1391729K->1214951K(1864192K), 0.0582354 secs] [Times: user=0.28 sys=0.00, real=0.05 secs] 
5456.684: [GC (Allocation Failure) [PSYoungGen: 415732K->98379K(465920K)] 1447911K->1199694K(1864192K), 0.0450828 secs] [Times: user=0.24 sys=0.00, real=0.05 secs] 
5457.327: [GC (Allocation Failure) [PSYoungGen: 331339K->174197K(465920K)] 1432654K->1306724K(1864192K), 0.0724572 secs] [Times: user=0.33 sys=0.00, real=0.07 secs] 
5457.582: [GC (Allocation Failure) [PSYoungGen: 407157K->184726K(465920K)] 1539684K->1372269K(1864192K), 0.0433540 secs] [Times: user=0.20 sys=0.01, real=0.04 secs] 
5457.730: [GC (Allocation Failure) [PSYoungGen: 417686K->186613K(465920K)] 1605229K->1430236K(1864192K), 0.0460441 secs] [Times: user=0.21 sys=0.00, real=0.05 secs] 
5458.692: [GC (Allocation Failure) [PSYoungGen: 419573K->141937K(465920K)] 1663196K->1455977K(1864192K), 0.0504154 secs] [Times: user=0.25 sys=0.00, real=0.05 secs] 
5458.742: [Full GC (Ergonomics) [PSYoungGen: 141937K->0K(465920K)] [ParOldGen: 1314039K->350428K(1398272K)] 1455977K->350428K(1864192K), [Metaspace: 59609K->59609K(1105920K)], 0.5892168 secs] [Times: user=2.57 sys=0.00, real=0.59 secs] 
5459.960: [GC (Allocation Failure) [PSYoungGen: 232960K->124270K(465920K)] 583388K->474699K(1864192K), 0.0261823 secs] [Times: user=0.10 sys=0.00, real=0.03 secs] 
5460.867: [GC (Allocation Failure) [PSYoungGen: 357230K->175124K(465920K)] 707659K->565466K(1864192K), 0.0557412 secs] [Times: user=0.26 sys=0.00, real=0.05 secs] 
5461.059: [GC (Allocation Failure) [PSYoungGen: 408084K->185655K(465920K)] 798426K->637124K(1864192K), 0.0490348 secs] [Times: user=0.23 sys=0.00, real=0.05 secs] 
5461.215: [GC (Allocation Failure) [PSYoungGen: 418615K->186997K(465920K)] 870084K->697534K(1864192K), 0.0570301 secs] [Times: user=0.28 sys=0.01, real=0.06 secs] 
5462.241: [GC (Allocation Failure) [PSYoungGen: 419957K->95403K(465920K)] 930494K->676404K(1864192K), 0.0440981 secs] [Times: user=0.23 sys=0.00, real=0.04 secs] 
5463.037: [GC (GCLocker Initiated GC) [PSYoungGen: 328363K->167924K(465920K)] 909364K->779726K(1864192K), 0.0715157 secs] [Times: user=0.33 sys=0.01, real=0.07 secs] 
5463.325: [GC (Allocation Failure) [PSYoungGen: 400884K->184342K(465920K)] 1012689K->848651K(1864192K), 0.0487758 secs] [Times: user=0.23 sys=0.00, real=0.05 secs] 
5463.524: [GC (Allocation Failure) [PSYoungGen: 402799K->173237K(465920K)] 1067109K->901643K(1864192K), 0.0787636 secs] [Times: user=0.40 sys=0.00, real=0.08 secs] 
5464.516: [GC (Allocation Failure) [PSYoungGen: 406197K->169043K(402432K)] 1134603K->952480K(1800704K), 0.0565401 secs] [Times: user=0.28 sys=0.00, real=0.06 secs] 
5464.899: [GC (Allocation Failure) [PSYoungGen: 402003K->108557K(460800K)] 1185440K->956802K(1859072K), 0.0452912 secs] [Times: user=0.23 sys=0.00, real=0.04 secs] 
5465.290: [GC (Allocation Failure) [PSYoungGen: 331559K->174133K(463360K)] 1179805K->1057514K(1861632K), 0.0629135 secs] [Times: user=0.30 sys=0.00, real=0.06 secs] 
5465.512: [GC (Allocation Failure) [PSYoungGen: 404533K->182741K(464896K)] 1287914K->1120314K(1863168K), 0.0444270 secs] [Times: user=0.20 sys=0.00, real=0.05 secs] 
5465.659: [GC (Allocation Failure) [PSYoungGen: 415701K->186645K(465920K)] 1353274K->1179750K(1864192K), 0.0465135 secs] [Times: user=0.22 sys=0.00, real=0.04 secs] 
5466.653: [GC (Allocation Failure) [PSYoungGen: 419605K->94763K(465920K)] 1412710K->1158436K(1864192K), 0.0448376 secs] [Times: user=0.24 sys=0.00, real=0.05 secs] 
5467.666: [GC (GCLocker Initiated GC) [PSYoungGen: 327723K->167604K(465920K)] 1391396K->1262832K(1864192K), 0.1069584 secs] [Times: user=0.54 sys=0.00, real=0.10 secs] 
5467.982: [GC (GCLocker Initiated GC) [PSYoungGen: 400564K->182709K(465920K)] 1495794K->1330076K(1864192K), 0.0507851 secs] [Times: user=0.24 sys=0.00, real=0.05 secs] 
5468.142: [GC (Allocation Failure) [PSYoungGen: 415669K->186039K(465920K)] 1563166K->1405520K(1864192K), 0.0515299 secs] [Times: user=0.24 sys=0.00, real=0.05 secs] 
5468.457: [GC (Allocation Failure) [PSYoungGen: 417360K->216052K(465920K)] 1636842K->1494557K(1864192K), 0.0565885 secs] [Times: user=0.28 sys=0.00, real=0.05 secs] 
5469.626: [GC (Allocation Failure) [PSYoungGen: 449012K->86986K(465920K)] 1727517K->1434555K(1864192K), 0.0792467 secs] [Times: user=0.43 sys=0.00, real=0.07 secs] 
5469.705: [Full GC (Ergonomics) [PSYoungGen: 86986K->0K(465920K)] [ParOldGen: 1347569K->103163K(1398272K)] 1434555K->103163K(1864192K), [Metaspace: 59609K->59609K(1105920K)], 0.1471563 secs] [Times: user=0.62 sys=0.00, real=0.15 secs] 
5470.942: [GC (GCLocker Initiated GC) [PSYoungGen: 232960K->177461K(465920K)] 336123K->280625K(1864192K), 0.0345746 secs] [Times: user=0.13 sys=0.00, real=0.04 secs] 
5471.159: [GC (Allocation Failure) [PSYoungGen: 410421K->193046K(465920K)] 513716K->351960K(1864192K), 0.0590726 secs] [Times: user=0.28 sys=0.00, real=0.06 secs] 
5471.339: [GC (Allocation Failure) [PSYoungGen: 426006K->186997K(465920K)] 584920K->401976K(1864192K), 0.0449569 secs] [Times: user=0.21 sys=0.00, real=0.04 secs] 
5472.351: [GC (Allocation Failure) [PSYoungGen: 419957K->101260K(465920K)] 634936K->386487K(1864192K), 0.0442264 secs] [Times: user=0.23 sys=0.00, real=0.04 secs] 
5473.228: [GC (Allocation Failure) [PSYoungGen: 334220K->160179K(465920K)] 619447K->478933K(1864192K), 0.1149256 secs] [Times: user=0.60 sys=0.01, real=0.11 secs] 
5473.587: [GC (Allocation Failure) [PSYoungGen: 393139K->184085K(465920K)] 711893K->552328K(1864192K), 0.0415925 secs] [Times: user=0.19 sys=0.00, real=0.04 secs] 
5473.761: [GC (Allocation Failure) [PSYoungGen: 417045K->185719K(465920K)] 785288K->618373K(1864192K), 0.0556148 secs] [Times: user=0.26 sys=0.00, real=0.06 secs] 
5473.930: [GC (Allocation Failure) [PSYoungGen: 418679K->186869K(465920K)] 851333K->678507K(1864192K), 0.0556449 secs] [Times: user=0.27 sys=0.00, real=0.05 secs] 
5474.902: [GC (Allocation Failure) [PSYoungGen: 419829K->91738K(465920K)] 911467K->654033K(1864192K), 0.0524373 secs] [Times: user=0.28 sys=0.00, real=0.05 secs] 
5475.778: [GC (Allocation Failure) [PSYoungGen: 324698K->177557K(465920K)] 886993K->768860K(1864192K), 0.0505437 secs] [Times: user=0.22 sys=0.00, real=0.05 secs] 
5475.965: [GC (Allocation Failure) [PSYoungGen: 410517K->184566K(465920K)] 1001820K->831225K(1864192K), 0.0437248 secs] [Times: user=0.20 sys=0.00, real=0.05 secs] 
5476.149: [GC (Allocation Failure) [PSYoungGen: 417526K->183252K(465920K)] 1064185K->885936K(1864192K), 0.0631787 secs] [Times: user=0.31 sys=0.00, real=0.06 secs] 
5477.230: [GC (Allocation Failure) [PSYoungGen: 416212K->110845K(465920K)] 1118896K->882752K(1864192K), 0.0468003 secs] [Times: user=0.24 sys=0.00, real=0.05 secs] 
5478.767: [GC (Allocation Failure) [PSYoungGen: 343805K->152786K(465920K)] 1115712K->960426K(1864192K), 0.1280264 secs] [Times: user=0.66 sys=0.00, real=0.12 secs] 
5479.590: [GC (Allocation Failure) [PSYoungGen: 385746K->183349K(465920K)] 1193386K->1039062K(1864192K), 0.0545995 secs] [Times: user=0.26 sys=0.00, real=0.05 secs] 
5479.762: [GC (Allocation Failure) [PSYoungGen: 416309K->186007K(465920K)] 1272022K->1113559K(1864192K), 0.0498311 secs] [Times: user=0.23 sys=0.00, real=0.05 secs] 
5479.917: [GC (Allocation Failure) [PSYoungGen: 418967K->186869K(465920K)] 1346519K->1173577K(1864192K), 0.0566632 secs] [Times: user=0.28 sys=0.00, real=0.05 secs] 
5480.903: [GC (Allocation Failure) [PSYoungGen: 419829K->91355K(465920K)] 1406537K->1148623K(1864192K), 0.0434271 secs] [Times: user=0.22 sys=0.00, real=0.05 secs] 
5482.121: [GC (Allocation Failure) [PSYoungGen: 324315K->173141K(465920K)] 1381583K->1259785K(1864192K), 0.0561138 secs] [Times: user=0.25 sys=0.00, real=0.06 secs] 
5482.373: [GC (GCLocker Initiated GC) [PSYoungGen: 406101K->183317K(465920K)] 1492746K->1323903K(1864192K), 0.0583775 secs] [Times: user=0.28 sys=0.00, real=0.06 secs] 
5482.576: [GC (Allocation Failure) [PSYoungGen: 416277K->203413K(465920K)] 1556866K->1399530K(1864192K), 0.0516361 secs] [Times: user=0.24 sys=0.00, real=0.05 secs] 
5483.703: [GC (Allocation Failure) [PSYoungGen: 436373K->117934K(465920K)] 1632490K->1384651K(1864192K), 0.0488946 secs] [Times: user=0.24 sys=0.01, real=0.05 secs] 
5484.949: [GC (Allocation Failure) [PSYoungGen: 350894K->144481K(465920K)] 1617611K->1448454K(1864192K), 0.1441832 secs] [Times: user=0.79 sys=0.01, real=0.14 secs] 
5485.708: [GC (Allocation Failure) [PSYoungGen: 377441K->181237K(465920K)] 1681414K->1529711K(1864192K), 0.0514935 secs] [Times: user=0.23 sys=0.01, real=0.05 secs] 
5485.759: [Full GC (Ergonomics) [PSYoungGen: 181237K->0K(465920K)] [ParOldGen: 1348473K->242100K(1398272K)] 1529711K->242100K(1864192K), [Metaspace: 59609K->59609K(1105920K)], 0.2894895 secs] [Times: user=1.30 sys=0.00, real=0.29 secs] 
5486.160: [GC (Allocation Failure) [PSYoungGen: 232960K->185751K(465920K)] 475060K->427851K(1864192K), 0.0888391 secs] [Times: user=0.47 sys=0.00, real=0.09 secs] 
5486.351: [GC (Allocation Failure) [PSYoungGen: 418711K->186837K(465920K)] 660811K->487785K(1864192K), 0.0569561 secs] [Times: user=0.28 sys=0.00, real=0.06 secs] 
5487.353: [GC (Allocation Failure) [PSYoungGen: 419797K->91035K(465920K)] 720745K->462563K(1864192K), 0.0576394 secs] [Times: user=0.30 sys=0.00, real=0.06 secs] 
5488.803: [GC (Allocation Failure) [PSYoungGen: 323995K->172916K(465920K)] 695523K->573177K(1864192K), 0.0530530 secs] [Times: user=0.24 sys=0.00, real=0.06 secs] 
5489.051: [GC (Allocation Failure) [PSYoungGen: 405876K->184950K(465920K)] 806137K->639283K(1864192K), 0.0581606 secs] [Times: user=0.28 sys=0.00, real=0.06 secs] 
5489.227: [GC (Allocation Failure) [PSYoungGen: 417910K->183764K(465920K)] 872243K->694145K(1864192K), 0.0453563 secs] [Times: user=0.21 sys=0.00, real=0.04 secs] 
5490.208: [GC (Allocation Failure) [PSYoungGen: 416724K->132848K(465920K)] 927105K->712469K(1864192K), 0.0479274 secs] [Times: user=0.24 sys=0.00, real=0.05 secs] 
5490.818: [GC (Allocation Failure) [PSYoungGen: 365808K->138128K(465920K)] 945429K->760077K(1864192K), 0.1154229 secs] [Times: user=0.62 sys=0.01, real=0.11 secs] 
5491.392: [GC (Allocation Failure) [PSYoungGen: 371088K->178037K(465920K)] 993037K->843834K(1864192K), 0.0582975 secs] [Times: user=0.27 sys=0.00, real=0.06 secs] 
5491.620: [GC (Allocation Failure) [PSYoungGen: 410997K->186007K(465920K)] 1076794K->914128K(1864192K), 0.0637572 secs] [Times: user=0.32 sys=0.00, real=0.06 secs] 
5491.785: [GC (Allocation Failure) [PSYoungGen: 418967K->186485K(465920K)] 1147088K->973630K(1864192K), 0.0572455 secs] [Times: user=0.28 sys=0.00, real=0.06 secs] 
5492.764: [GC (Allocation Failure) [PSYoungGen: 419445K->90778K(465920K)] 1206590K->948132K(1864192K), 0.0427549 secs] [Times: user=0.22 sys=0.00, real=0.05 secs] 
5493.347: [GC (Allocation Failure) [PSYoungGen: 323738K->177717K(465920K)] 1181092K->1064671K(1864192K), 0.0618444 secs] [Times: user=0.28 sys=0.00, real=0.06 secs] 
5493.572: [GC (Allocation Failure) [PSYoungGen: 410677K->184502K(465920K)] 1297631K->1126999K(1864192K), 0.0446681 secs] [Times: user=0.20 sys=0.00, real=0.05 secs] 
5493.737: [GC (Allocation Failure) [PSYoungGen: 417462K->183348K(465920K)] 1359959K->1181846K(1864192K), 0.0514847 secs] [Times: user=0.25 sys=0.00, real=0.05 secs] 
5494.702: [GC (Allocation Failure) [PSYoungGen: 416308K->136913K(465920K)] 1414806K->1204666K(1864192K), 0.0509281 secs] [Times: user=0.25 sys=0.01, real=0.05 secs] 
5496.246: [GC (Allocation Failure) [PSYoungGen: 369873K->131119K(465920K)] 1437626K->1242129K(1864192K), 0.1616398 secs] [Times: user=0.90 sys=0.01, real=0.17 secs] 
5496.804: [GC (Allocation Failure) [PSYoungGen: 364079K->177973K(465920K)] 1475089K->1330554K(1864192K), 0.0507963 secs] [Times: user=0.23 sys=0.00, real=0.05 secs] 
5496.971: [GC (Allocation Failure) [PSYoungGen: 410933K->185655K(465920K)] 1563514K->1400412K(1864192K), 0.0501916 secs] [Times: user=0.24 sys=0.00, real=0.05 secs] 
5497.174: [GC (Allocation Failure) [PSYoungGen: 418615K->183604K(465920K)] 1633372K->1457225K(1864192K), 0.0920160 secs] [Times: user=0.47 sys=0.01, real=0.10 secs] 
5498.222: [GC (Allocation Failure) [PSYoungGen: 416564K->94747K(465920K)] 1690185K->1437672K(1864192K), 0.0447412 secs] [Times: user=0.24 sys=0.00, real=0.05 secs] 
5498.267: [Full GC (Ergonomics) [PSYoungGen: 94747K->0K(465920K)] [ParOldGen: 1342925K->95823K(1398272K)] 1437672K->95823K(1864192K), [Metaspace: 59609K->59609K(1105920K)], 0.0647872 secs] [Times: user=0.23 sys=0.00, real=0.06 secs] 
5499.276: [GC (Allocation Failure) [PSYoungGen: 232960K->172820K(465920K)] 328783K->268644K(1864192K), 0.0462595 secs] [Times: user=0.18 sys=0.00, real=0.04 secs] 
5499.571: [GC (GCLocker Initiated GC) [PSYoungGen: 405780K->177333K(465920K)] 501605K->327385K(1864192K), 0.0576169 secs] [Times: user=0.27 sys=0.00, real=0.06 secs] 
5499.745: [GC (Allocation Failure) [PSYoungGen: 410293K->187701K(465920K)] 560512K->391608K(1864192K), 0.0443185 secs] [Times: user=0.21 sys=0.00, real=0.05 secs] 
5500.702: [GC (Allocation Failure) [PSYoungGen: 420661K->150546K(465920K)] 624568K->441446K(1864192K), 0.0508881 secs] [Times: user=0.25 sys=0.00, real=0.05 secs] 
5501.565: [GC (Allocation Failure) [PSYoungGen: 383506K->124975K(465920K)] 674406K->463602K(1864192K), 0.1757498 secs] [Times: user=0.99 sys=0.01, real=0.18 secs] 
5502.513: [GC (Allocation Failure) [PSYoungGen: 357935K->179412K(465920K)] 696562K->557308K(1864192K), 0.0533315 secs] [Times: user=0.25 sys=0.00, real=0.06 secs] 
5502.698: [GC (Allocation Failure) [PSYoungGen: 412372K->185047K(465920K)] 790268K->623327K(1864192K), 0.0479536 secs] [Times: user=0.22 sys=0.00, real=0.04 secs] 
5502.878: [GC (Allocation Failure) [PSYoungGen: 418007K->203189K(465920K)] 856287K->700213K(1864192K), 0.0765292 secs] [Times: user=0.39 sys=0.00, real=0.07 secs] 
5503.899: [GC (Allocation Failure) [PSYoungGen: 436149K->97259K(465920K)] 933173K->664940K(1864192K), 0.0461480 secs] [Times: user=0.24 sys=0.00, real=0.04 secs] 
5505.441: [GC (Allocation Failure) [PSYoungGen: 330219K->166260K(465920K)] 897900K->764793K(1864192K), 0.0817502 secs] [Times: user=0.39 sys=0.00, real=0.08 secs] 
5505.715: [GC (Allocation Failure) [PSYoungGen: 399220K->184694K(465920K)] 997753K->835443K(1864192K), 0.0429725 secs] [Times: user=0.19 sys=0.00, real=0.05 secs] 
5505.881: [GC (Allocation Failure) [PSYoungGen: 408481K->176566K(465920K)] 1059230K->891571K(1864192K), 0.0536108 secs] [Times: user=0.26 sys=0.00, real=0.05 secs] 
5506.787: [GC (Allocation Failure) [PSYoungGen: 409526K->169171K(465920K)] 1124531K->940224K(1864192K), 0.0541100 secs] [Times: user=0.27 sys=0.00, real=0.05 secs] 
5507.093: [GC (Allocation Failure) [PSYoungGen: 402131K->105084K(465920K)] 1173184K->940961K(1864192K), 0.0411071 secs] [Times: user=0.20 sys=0.01, real=0.04 secs] 
5507.992: [GC (Allocation Failure) [PSYoungGen: 338044K->178261K(465920K)] 1173921K->1047031K(1864192K), 0.0543282 secs] [Times: user=0.25 sys=0.00, real=0.06 secs] 
5508.183: [GC (Allocation Failure) [PSYoungGen: 411221K->184726K(465920K)] 1279991K->1109172K(1864192K), 0.0442630 secs] [Times: user=0.20 sys=0.00, real=0.05 secs] 
5508.330: [GC (Allocation Failure) [PSYoungGen: 417686K->186965K(465920K)] 1342132K->1167491K(1864192K), 0.0463526 secs] [Times: user=0.22 sys=0.00, real=0.05 secs] 
5509.303: [GC (GCLocker Initiated GC) [PSYoungGen: 419925K->100300K(465920K)] 1400453K->1151292K(1864192K), 0.0449589 secs] [Times: user=0.23 sys=0.00, real=0.05 secs] 
5509.850: [GC (Allocation Failure) [PSYoungGen: 333260K->173364K(465920K)] 1384291K->1256868K(1864192K), 0.0729911 secs] [Times: user=0.35 sys=0.00, real=0.07 secs] 
5510.079: [GC (Allocation Failure) [PSYoungGen: 406324K->184662K(465920K)] 1489828K->1321298K(1864192K), 0.0450491 secs] [Times: user=0.21 sys=0.00, real=0.04 secs] 
5510.260: [GC (GCLocker Initiated GC) [PSYoungGen: 417622K->177398K(465920K)] 1554258K->1378026K(1864192K), 0.0589384 secs] [Times: user=0.29 sys=0.00, real=0.06 secs] 
5511.188: [GC (Allocation Failure) [PSYoungGen: 410358K->179252K(465920K)] 1620318K->1445444K(1864192K), 0.0764416 secs] [Times: user=0.40 sys=0.00, real=0.07 secs] 
5511.526: [GC (Allocation Failure) [PSYoungGen: 412212K->107084K(465920K)] 1678404K->1441257K(1864192K), 0.0596673 secs] [Times: user=0.32 sys=0.00, real=0.06 secs] 
5511.586: [Full GC (Ergonomics) [PSYoungGen: 107084K->0K(465920K)] [ParOldGen: 1334172K->124862K(1398272K)] 1441257K->124862K(1864192K), [Metaspace: 59609K->59609K(1105920K)], 0.1127803 secs] [Times: user=0.47 sys=0.01, real=0.11 secs] 
5512.170: [GC (Allocation Failure) [PSYoungGen: 232960K->178965K(465920K)] 357822K->303827K(1864192K), 0.0428834 secs] [Times: user=0.16 sys=0.01, real=0.04 secs] 
5512.373: [GC (Allocation Failure) [PSYoungGen: 411925K->181045K(465920K)] 536787K->360304K(1864192K), 0.0405051 secs] [Times: user=0.18 sys=0.00, real=0.04 secs] 
5512.518: [GC (Allocation Failure) [PSYoungGen: 414005K->186709K(465920K)] 593264K->420680K(1864192K), 0.0443505 secs] [Times: user=0.21 sys=0.00, real=0.04 secs] 
5513.489: [GC (Allocation Failure) [PSYoungGen: 419669K->103404K(465920K)] 653640K->407615K(1864192K), 0.0475109 secs] [Times: user=0.25 sys=0.00, real=0.05 secs] 
5513.793: [GC (Allocation Failure) [PSYoungGen: 336364K->171252K(465920K)] 640575K->508692K(1864192K), 0.0477240 secs] [Times: user=0.22 sys=0.00, real=0.05 secs] 
5513.997: [GC (Allocation Failure) [PSYoungGen: 404212K->178069K(465920K)] 741652K->569732K(1864192K), 0.0430193 secs] [Times: user=0.19 sys=0.00, real=0.04 secs] 
5514.168: [GC (Allocation Failure) [PSYoungGen: 411029K->182422K(465920K)] 802692K->636046K(1864192K), 0.0497969 secs] [Times: user=0.22 sys=0.01, real=0.05 secs] 
5514.619: [GC (Allocation Failure) [PSYoungGen: 415286K->200404K(465920K)] 868910K->711724K(1864192K), 0.0543213 secs] [Times: user=0.26 sys=0.00, real=0.05 secs] 
5515.309: [GC (Allocation Failure) [PSYoungGen: 433364K->98011K(465920K)] 944684K->678227K(1864192K), 0.0445994 secs] [Times: user=0.23 sys=0.00, real=0.04 secs] 
5515.585: [GC (Allocation Failure) [PSYoungGen: 330971K->182358K(465920K)] 911187K->793418K(1864192K), 0.0508392 secs] [Times: user=0.22 sys=0.00, real=0.05 secs] 
5515.810: [GC (Allocation Failure) [PSYoungGen: 415318K->184726K(465920K)] 1026378K->853134K(1864192K), 0.0484176 secs] [Times: user=0.22 sys=0.00, real=0.05 secs] 
5515.961: [GC (Allocation Failure) [PSYoungGen: 417686K->186581K(465920K)] 1086094K->910989K(1864192K), 0.0452353 secs] [Times: user=0.22 sys=0.00, real=0.05 secs] 
Heap
 PSYoungGen      total 465920K, used 385182K [0x00000000d5580000, 0x0000000100000000, 0x0000000100000000)
  eden space 232960