6.266: [GC (Allocation Failure) [PSYoungGen: 128000K->12488K(148992K)] 128000K->12568K(488960K), 0.0279336 secs] [Times: user=0.02 sys=0.00, real=0.03 secs] 
6.714: [GC (Metadata GC Threshold) [PSYoungGen: 48883K->5996K(148992K)] 48963K->6092K(488960K), 0.0041584 secs] [Times: user=0.02 sys=0.00, real=0.00 secs] 
6.719: [Full GC (Metadata GC Threshold) [PSYoungGen: 5996K->0K(148992K)] [ParOldGen: 96K->5941K(134144K)] 6092K->5941K(283136K), [Metaspace: 20460K->20460K(1067008K)], 0.0192819 secs] [Times: user=0.06 sys=0.01, real=0.02 secs] 
8.009: [GC (Allocation Failure) [PSYoungGen: 128000K->9769K(148992K)] 133941K->15719K(283136K), 0.0033092 secs] [Times: user=0.01 sys=0.00, real=0.01 secs] 
8.639: [GC (Metadata GC Threshold) [PSYoungGen: 39763K->4644K(148992K)] 45713K->10601K(283136K), 0.0043012 secs] [Times: user=0.02 sys=0.00, real=0.01 secs] 
8.643: [Full GC (Metadata GC Threshold) [PSYoungGen: 4644K->0K(148992K)] [ParOldGen: 5957K->8908K(230912K)] 10601K->8908K(379904K), [Metaspace: 33743K->33743K(1079296K)], 0.0461077 secs] [Times: user=0.12 sys=0.00, real=0.04 secs] 
10.196: [GC (Allocation Failure) [PSYoungGen: 128000K->12737K(148992K)] 136908K->21654K(379904K), 0.0063954 secs] [Times: user=0.02 sys=0.00, real=0.01 secs] 
11.806: [GC (Allocation Failure) [PSYoungGen: 137061K->12155K(177152K)] 145978K->53856K(408064K), 0.0260975 secs] [Times: user=0.11 sys=0.03, real=0.03 secs] 
13.205: [GC (Allocation Failure) [PSYoungGen: 173435K->4502K(177664K)] 215136K->111747K(408576K), 0.0161101 secs] [Times: user=0.08 sys=0.02, real=0.02 secs] 
13.733: [GC (Allocation Failure) [PSYoungGen: 162141K->4518K(241664K)] 269386K->177307K(472576K), 0.0097277 secs] [Times: user=0.05 sys=0.01, real=0.01 secs] 
13.742: [Full GC (Ergonomics) [PSYoungGen: 4518K->0K(241664K)] [ParOldGen: 172789K->159523K(521216K)] 177307K->159523K(762880K), [Metaspace: 52277K->52277K(1097728K)], 0.0777271 secs] [Times: user=0.34 sys=0.01, real=0.07 secs] 
16.005: [GC (Allocation Failure) [PSYoungGen: 224768K->10371K(241664K)] 384291K->169903K(762880K), 0.0063025 secs] [Times: user=0.02 sys=0.00, real=0.01 secs] 
17.612: [GC (Allocation Failure) [PSYoungGen: 235139K->1762K(290304K)] 394671K->226838K(811520K), 0.0096358 secs] [Times: user=0.05 sys=0.00, real=0.01 secs] 
20.549: [GC (Allocation Failure) [PSYoungGen: 277218K->1778K(292352K)] 502294K->226862K(813568K), 0.0022547 secs] [Times: user=0.01 sys=0.00, real=0.00 secs] 
23.210: [GC (Allocation Failure) [PSYoungGen: 277234K->10034K(330240K)] 502318K->243310K(851456K), 0.0031280 secs] [Times: user=0.02 sys=0.00, real=0.01 secs] 
26.386: [GC (Allocation Failure) [PSYoungGen: 330034K->17170K(337408K)] 563310K->251478K(858624K), 0.0064114 secs] [Times: user=0.03 sys=0.00, real=0.01 secs] 
31.406: [GC (Allocation Failure) [PSYoungGen: 337170K->10357K(368128K)] 571478K->244673K(889344K), 0.0032000 secs] [Times: user=0.01 sys=0.01, real=0.00 secs] 
34.693: [GC (Allocation Failure) [PSYoungGen: 367733K->10162K(376832K)] 602049K->244486K(898048K), 0.0027535 secs] [Times: user=0.01 sys=0.00, real=0.00 secs] 
39.642: [GC (Allocation Failure) [PSYoungGen: 367538K->18386K(408576K)] 601862K->252718K(929792K), 0.0080222 secs] [Times: user=0.03 sys=0.01, real=0.00 secs] 
42.697: [GC (Allocation Failure) [PSYoungGen: 408018K->1970K(411136K)] 642350K->236302K(932352K), 0.0024044 secs] [Times: user=0.01 sys=0.00, real=0.00 secs] 
46.418: [GC (Allocation Failure) [PSYoungGen: 391602K->2002K(425984K)] 625934K->236334K(947200K), 0.0028825 secs] [Times: user=0.01 sys=0.00, real=0.00 secs] 
50.877: [GC (Allocation Failure) [PSYoungGen: 409042K->1970K(428544K)] 643374K->236302K(949760K), 0.0025925 secs] [Times: user=0.01 sys=0.00, real=0.00 secs] 
54.669: [GC (Allocation Failure) [PSYoungGen: 409010K->1970K(444416K)] 643342K->301846K(965632K), 0.0084750 secs] [Times: user=0.04 sys=0.00, real=0.01 secs] 
58.389: [GC (Allocation Failure) [PSYoungGen: 424882K->18354K(443904K)] 724758K->318238K(965120K), 0.0042058 secs] [Times: user=0.01 sys=0.00, real=0.01 secs] 
62.531: [GC (Allocation Failure) [PSYoungGen: 441266K->2002K(458240K)] 741150K->301886K(979456K), 0.0028426 secs] [Times: user=0.01 sys=0.00, real=0.00 secs] 
66.328: [GC (Allocation Failure) [PSYoungGen: 439250K->10226K(460800K)] 739134K->310118K(982016K), 0.0023447 secs] [Times: user=0.01 sys=0.00, real=0.00 secs] 
69.316: [GC (Allocation Failure) [PSYoungGen: 447474K->1616K(472064K)] 747366K->301884K(993280K), 0.0030134 secs] [Times: user=0.01 sys=0.00, real=0.00 secs] 
75.156: [GC (Allocation Failure) [PSYoungGen: 451664K->1613K(472576K)] 751932K->301897K(993792K), 0.0014878 secs] [Times: user=0.01 sys=0.00, real=0.00 secs] 
78.567: [GC (Allocation Failure) [PSYoungGen: 451661K->1648K(477184K)] 751945K->301988K(998400K), 0.0024756 secs] [Times: user=0.01 sys=0.00, real=0.00 secs] 
82.026: [GC (Allocation Failure) [PSYoungGen: 459376K->1680K(478720K)] 759716K->302068K(999936K), 0.0021526 secs] [Times: user=0.01 sys=0.00, real=0.00 secs] 
87.038: [GC (Allocation Failure) [PSYoungGen: 459408K->1600K(445952K)] 759796K->302036K(967168K), 0.0024656 secs] [Times: user=0.01 sys=0.00, real=0.00 secs] 
92.384: [GC (Allocation Failure) [PSYoungGen: 445504K->1488K(432128K)] 745940K->302116K(953344K), 0.0020639 secs] [Times: user=0.01 sys=0.01, real=0.00 secs] 
98.054: [GC (Allocation Failure) [PSYoungGen: 432080K->17856K(436224K)] 732708K->318500K(957440K), 0.0034312 secs] [Times: user=0.02 sys=0.01, real=0.00 secs] 
102.324: [GC (Allocation Failure) [PSYoungGen: 436160K->1440K(408064K)] 736804K->302132K(929280K), 0.0022886 secs] [Times: user=0.01 sys=0.00, real=0.00 secs] 
105.162: [GC (Allocation Failure) [PSYoungGen: 407968K->1472K(396800K)] 708660K->302212K(918016K), 0.0025669 secs] [Times: user=0.01 sys=0.00, real=0.00 secs] 
109.966: [GC (Allocation Failure) [PSYoungGen: 396736K->17888K(401920K)] 697476K->318644K(923136K), 0.0046318 secs] [Times: user=0.02 sys=0.00, real=0.00 secs] 
114.375: [GC (Allocation Failure) [PSYoungGen: 401888K->1472K(374784K)] 702644K->302236K(896000K), 0.0020558 secs] [Times: user=0.01 sys=0.00, real=0.00 secs] 
119.483: [GC (Allocation Failure) [PSYoungGen: 374720K->1440K(386048K)] 675484K->302244K(907264K), 0.0025396 secs] [Times: user=0.01 sys=0.00, real=0.00 secs] 
122.540: [GC (Allocation Failure) [PSYoungGen: 364448K->1504K(354816K)] 665252K->302356K(876032K), 0.0017297 secs] [Times: user=0.01 sys=0.00, real=0.01 secs] 
124.664: [GC (Allocation Failure) [PSYoungGen: 354784K->1421K(345600K)] 655636K->302289K(866816K), 0.0015537 secs] [Times: user=0.01 sys=0.00, real=0.00 secs] 
128.154: [GC (Allocation Failure) [PSYoungGen: 345485K->3520K(338432K)] 646353K->304436K(859648K), 0.0022911 secs] [Times: user=0.01 sys=0.00, real=0.00 secs] 
131.947: [GC (Allocation Failure) [PSYoungGen: 338368K->9664K(335872K)] 639284K->310620K(857088K), 0.0056684 secs] [Times: user=0.02 sys=0.00, real=0.01 secs] 
135.957: [GC (Allocation Failure) [PSYoungGen: 335808K->17856K(335872K)] 636764K->318828K(857088K), 0.0038560 secs] [Times: user=0.02 sys=0.00, real=0.00 secs] 
139.150: [GC (Allocation Failure) [PSYoungGen: 335808K->17824K(327680K)] 636780K->318820K(848896K), 0.0062577 secs] [Times: user=0.02 sys=0.00, real=0.01 secs] 
143.167: [GC (Allocation Failure) [PSYoungGen: 327584K->9664K(311808K)] 628580K->318868K(833024K), 0.0057148 secs] [Times: user=0.03 sys=0.00, real=0.01 secs] 
145.737: [GC (Allocation Failure) [PSYoungGen: 311744K->17856K(312832K)] 620948K->327084K(834048K), 0.0027917 secs] [Times: user=0.01 sys=0.00, real=0.00 secs] 
148.391: [GC (Allocation Failure) [PSYoungGen: 312768K->17872K(305664K)] 621996K->327116K(826880K), 0.0027656 secs] [Times: user=0.02 sys=0.01, real=0.01 secs] 
150.113: [GC (Allocation Failure) [PSYoungGen: 305616K->9664K(290816K)] 614860K->318948K(812032K), 0.0021952 secs] [Times: user=0.01 sys=0.00, real=0.00 secs] 
152.101: [GC (Allocation Failure) [PSYoungGen: 290752K->5568K(291840K)] 600036K->314868K(813056K), 0.0024006 secs] [Times: user=0.01 sys=0.00, real=0.00 secs] 
153.967: [GC (Allocation Failure) [PSYoungGen: 280000K->1392K(269824K)] 589300K->310700K(791040K), 0.0020469 secs] [Times: user=0.01 sys=0.00, real=0.00 secs] 
156.390: [GC (Allocation Failure) [PSYoungGen: 269680K->1440K(280064K)] 578988K->310772K(801280K), 0.0036910 secs] [Times: user=0.02 sys=0.00, real=0.01 secs] 
158.400: [GC (Allocation Failure) [PSYoungGen: 263584K->1440K(257536K)] 572916K->310788K(778752K), 0.0036977 secs] [Times: user=0.02 sys=0.00, real=0.01 secs] 
160.314: [GC (Allocation Failure) [PSYoungGen: 257440K->1408K(267776K)] 566788K->310764K(788992K), 0.0017386 secs] [Times: user=0.01 sys=0.00, real=0.00 secs] 
162.773: [GC (Allocation Failure) [PSYoungGen: 251776K->17856K(262656K)] 561132K->327220K(783872K), 0.0057490 secs] [Times: user=0.02 sys=0.00, real=0.00 secs] 
166.586: [GC (Allocation Failure) [PSYoungGen: 262592K->2464K(258560K)] 571956K->311852K(779776K), 0.0048061 secs] [Times: user=0.02 sys=0.00, real=0.01 secs] 
169.077: [GC (Allocation Failure) [PSYoungGen: 242080K->1408K(236032K)] 551468K->310844K(757248K), 0.0046081 secs] [Times: user=0.01 sys=0.00, real=0.01 secs] 
171.237: [GC (Allocation Failure) [PSYoungGen: 235904K->1472K(247296K)] 545340K->310924K(768512K), 0.0022713 secs] [Times: user=0.01 sys=0.00, real=0.00 secs] 
174.088: [GC (Allocation Failure) [PSYoungGen: 230848K->17824K(242688K)] 540300K->327284K(763904K), 0.0053662 secs] [Times: user=0.03 sys=0.00, real=0.01 secs] 
175.793: [GC (Allocation Failure) [PSYoungGen: 242592K->1408K(239616K)] 552052K->310868K(760832K), 0.0017509 secs] [Times: user=0.00 sys=0.00, real=0.00 secs] 
178.419: [GC (Allocation Failure) [PSYoungGen: 221568K->1376K(217088K)] 531028K->310836K(738304K), 0.0044967 secs] [Times: user=0.02 sys=0.00, real=0.01 secs] 
180.717: [GC (Allocation Failure) [PSYoungGen: 216928K->17824K(235520K)] 526388K->327284K(756736K), 0.0025710 secs] [Times: user=0.01 sys=0.00, real=0.00 secs] 
182.761: [GC (Allocation Failure) [PSYoungGen: 228381K->3488K(210944K)] 537842K->312956K(732160K), 0.0020650 secs] [Times: user=0.01 sys=0.00, real=0.00 secs] 
184.035: [GC (Allocation Failure) [PSYoungGen: 210848K->1440K(222720K)] 520316K->310908K(743936K), 0.0021168 secs] [Times: user=0.00 sys=0.00, real=0.00 secs] 
185.686: [GC (Allocation Failure) [PSYoungGen: 204704K->17824K(217088K)] 514172K->327308K(738304K), 0.0025872 secs] [Times: user=0.01 sys=0.00, real=0.00 secs] 
187.285: [GC (Allocation Failure) [PSYoungGen: 216234K->256K(217088K)] 525719K->309740K(738304K), 0.0017043 secs] [Times: user=0.01 sys=0.00, real=0.00 secs] 
189.852: [GC (Allocation Failure) [PSYoungGen: 195840K->1408K(193536K)] 505324K->310892K(714752K), 0.0027716 secs] [Times: user=0.01 sys=0.01, real=0.00 secs] 
192.829: [GC (Allocation Failure) [PSYoungGen: 186764K->9664K(208896K)] 496248K->319164K(730112K), 0.0043341 secs] [Times: user=0.02 sys=0.00, real=0.01 secs] 
194.914: [GC (Allocation Failure) [PSYoungGen: 198080K->1440K(186368K)] 507580K->310948K(707584K), 0.0029154 secs] [Times: user=0.01 sys=0.00, real=0.00 secs] 
198.055: [GC (Allocation Failure) [PSYoungGen: 186272K->17824K(205824K)] 495780K->327340K(727040K), 0.0046132 secs] [Times: user=0.02 sys=0.00, real=0.00 secs] 
199.975: [GC (Allocation Failure) [PSYoungGen: 199584K->1360K(180224K)] 509100K->310876K(701440K), 0.0015326 secs] [Times: user=0.01 sys=0.00, real=0.00 secs] 
200.987: [GC (Allocation Failure) [PSYoungGen: 180048K->1440K(196096K)] 489564K->310964K(717312K), 0.0019464 secs] [Times: user=0.00 sys=0.01, real=0.00 secs] 
202.875: [GC (Allocation Failure) [PSYoungGen: 177056K->5520K(178176K)] 486580K->315052K(699392K), 0.0021881 secs] [Times: user=0.01 sys=0.00, real=0.00 secs] 
204.600: [GC (Allocation Failure) [PSYoungGen: 178064K->1408K(187392K)] 487596K->310956K(708608K), 0.0042406 secs] [Times: user=0.02 sys=0.00, real=0.01 secs] 
206.584: [GC (Allocation Failure) [PSYoungGen: 170880K->9664K(176128K)] 480428K->319228K(697344K), 0.0051720 secs] [Times: user=0.02 sys=0.00, real=0.00 secs] 
207.936: [GC (Allocation Failure) [PSYoungGen: 176064K->1408K(181248K)] 485628K->310972K(702464K), 0.0029299 secs] [Times: user=0.01 sys=0.00, real=0.00 secs] 
209.473: [GC (Allocation Failure) [PSYoungGen: 165248K->17856K(182272K)] 474812K->327444K(703488K), 0.0021949 secs] [Times: user=0.01 sys=0.00, real=0.00 secs] 
210.176: [GC (Allocation Failure) [PSYoungGen: 179136K->1440K(179200K)] 488724K->311044K(700416K), 0.0018560 secs] [Times: user=0.01 sys=0.00, real=0.00 secs] 
212.288: [GC (Allocation Failure) [PSYoungGen: 160160K->17856K(179712K)] 469764K->327460K(700928K), 0.0038265 secs] [Times: user=0.02 sys=0.00, real=0.01 secs] 
214.455: [GC (Allocation Failure) [PSYoungGen: 174016K->1408K(175104K)] 483620K->311012K(696320K), 0.0029685 secs] [Times: user=0.01 sys=0.00, real=0.00 secs] 
216.199: [GC (Allocation Failure) [PSYoungGen: 155008K->17824K(176128K)] 464612K->327428K(697344K), 0.0025358 secs] [Times: user=0.01 sys=0.00, real=0.01 secs] 
217.510: [GC (Allocation Failure) [PSYoungGen: 168864K->1408K(172544K)] 478468K->311012K(693760K), 0.0025381 secs] [Times: user=0.01 sys=0.00, real=0.01 secs] 
219.806: [GC (Allocation Failure) [PSYoungGen: 148589K->9616K(156672K)] 458194K->319236K(677888K), 0.0055688 secs] [Times: user=0.02 sys=0.00, real=0.01 secs] 
221.823: [GC (Allocation Failure) [PSYoungGen: 156560K->1376K(166400K)] 466180K->311004K(687616K), 0.0027155 secs] [Times: user=0.00 sys=0.00, real=0.00 secs] 
223.518: [GC (Allocation Failure) [PSYoungGen: 146272K->9632K(152576K)] 455900K->319276K(673792K), 0.0043518 secs] [Times: user=0.02 sys=0.00, real=0.01 secs] 
224.880: [GC (Allocation Failure) [PSYoungGen: 152480K->1440K(161792K)] 462124K->311084K(683008K), 0.0028627 secs] [Times: user=0.01 sys=0.00, real=0.01 secs] 
226.498: [GC (Allocation Failure) [PSYoungGen: 142240K->2464K(141312K)] 451884K->312116K(662528K), 0.0021749 secs] [Times: user=0.00 sys=0.00, real=0.00 secs] 
227.716: [GC (Allocation Failure) [PSYoungGen: 141216K->1424K(155136K)] 450868K->311084K(676352K), 0.0042652 secs] [Times: user=0.01 sys=0.00, real=0.00 secs] 
229.366: [GC (Allocation Failure) [PSYoungGen: 138128K->1408K(136192K)] 447788K->311068K(657408K), 0.0035910 secs] [Times: user=0.02 sys=0.00, real=0.00 secs] 
230.534: [GC (Allocation Failure) [PSYoungGen: 136064K->17856K(152576K)] 445724K->327516K(673792K), 0.0027956 secs] [Times: user=0.01 sys=0.00, real=0.00 secs] 
231.082: [GC (Allocation Failure) [PSYoungGen: 149440K->1440K(131584K)] 459100K->311100K(652800K), 0.0019575 secs] [Times: user=0.00 sys=0.00, real=0.00 secs] 
232.515: [GC (Allocation Failure) [PSYoungGen: 131488K->9632K(148992K)] 441148K->319300K(670208K), 0.0026454 secs] [Times: user=0.02 sys=0.00, real=0.00 secs] 
233.809: [GC (Allocation Failure) [PSYoungGen: 138144K->1408K(128512K)] 447812K->311076K(649728K), 0.0029860 secs] [Times: user=0.01 sys=0.00, real=0.01 secs] 
235.501: [GC (Allocation Failure) [PSYoungGen: 128384K->160K(144896K)] 438052K->309828K(666112K), 0.0014404 secs] [Times: user=0.00 sys=0.00, real=0.00 secs] 
237.236: [GC (Allocation Failure) [PSYoungGen: 125600K->17824K(145408K)] 435268K->327492K(666624K), 0.0047930 secs] [Times: user=0.02 sys=0.00, real=0.00 secs] 
239.001: [GC (Allocation Failure) [PSYoungGen: 141728K->1376K(143360K)] 451396K->311044K(664576K), 0.0041696 secs] [Times: user=0.02 sys=0.00, real=0.00 secs] 
240.985: [GC (Allocation Failure) [PSYoungGen: 123744K->9632K(130560K)] 433412K->319300K(651776K), 0.0027130 secs] [Times: user=0.01 sys=0.00, real=0.00 secs] 
242.487: [GC (Allocation Failure) [PSYoungGen: 130464K->1376K(139776K)] 440132K->311060K(660992K), 0.0036243 secs] [Times: user=0.01 sys=0.00, real=0.00 secs] 
244.032: [GC (Allocation Failure) [PSYoungGen: 120672K->1357K(119296K)] 430356K->311041K(640512K), 0.0029337 secs] [Times: user=0.01 sys=0.00, real=0.00 secs] 
245.036: [GC (Allocation Failure) [PSYoungGen: 119117K->17856K(136192K)] 428801K->327540K(657408K), 0.0022098 secs] [Times: user=0.00 sys=0.00, real=0.00 secs] 
245.573: [GC (Allocation Failure) [PSYoungGen: 132544K->1408K(114688K)] 442228K->311092K(635904K), 0.0021424 secs] [Times: user=0.01 sys=0.00, real=0.00 secs] 
246.566: [GC (Allocation Failure) [PSYoungGen: 114560K->3520K(131584K)] 424244K->313212K(652800K), 0.0020371 secs] [Times: user=0.01 sys=0.00, real=0.00 secs] 
247.018: [GC (Allocation Failure) [PSYoungGen: 115136K->1440K(112128K)] 424828K->311140K(633344K), 0.0018319 secs] [Times: user=0.00 sys=0.00, real=0.00 secs] 
247.515: [GC (Allocation Failure) [PSYoungGen: 112032K->1360K(128000K)] 421732K->311060K(649216K), 0.0021020 secs] [Times: user=0.01 sys=0.00, real=0.00 secs] 
249.611: [GC (Allocation Failure) [PSYoungGen: 108528K->5536K(114176K)] 418228K->315236K(635392K), 0.0048648 secs] [Times: user=0.01 sys=0.00, real=0.01 secs] 
250.800: [GC (Allocation Failure) [PSYoungGen: 114080K->1424K(123904K)] 423780K->311124K(645120K), 0.0030647 secs] [Times: user=0.02 sys=0.00, real=0.01 secs] 
252.182: [GC (Allocation Failure) [PSYoungGen: 108944K->1408K(108032K)] 418644K->311124K(629248K), 0.0028930 secs] [Times: user=0.01 sys=0.00, real=0.00 secs] 
254.110: [GC (Allocation Failure) [PSYoungGen: 107904K->9664K(123392K)] 417620K->319380K(644608K), 0.0024181 secs] [Times: user=0.01 sys=0.00, real=0.01 secs] 
254.903: [GC (Allocation Failure) [PSYoungGen: 115136K->1376K(105984K)] 424852K->311092K(627200K), 0.0026687 secs] [Times: user=0.01 sys=0.00, real=0.00 secs] 
256.169: [GC (Allocation Failure) [PSYoungGen: 105824K->1408K(118784K)] 415540K->311132K(640000K), 0.0033579 secs] [Times: user=0.01 sys=0.01, real=0.01 secs] 
257.340: [GC (Allocation Failure) [PSYoungGen: 104832K->9616K(112128K)] 414556K->319348K(633344K), 0.0021178 secs] [Times: user=0.01 sys=0.00, real=0.01 secs] 
257.744: [GC (Allocation Failure) [PSYoungGen: 112016K->1408K(116736K)] 421748K->311140K(637952K), 0.0020366 secs] [Times: user=0.01 sys=0.00, real=0.00 secs] 
258.165: [GC (Allocation Failure) [PSYoungGen: 102784K->1344K(101888K)] 412516K->311076K(623104K), 0.0021070 secs] [Times: user=0.01 sys=0.00, real=0.00 secs] 
259.144: [GC (Allocation Failure) [PSYoungGen: 101696K->5536K(112640K)] 411428K->315268K(633856K), 0.0024636 secs] [Times: user=0.01 sys=0.00, real=0.00 secs] 
259.519: [GC (Allocation Failure) [PSYoungGen: 104864K->1408K(99840K)] 414596K->311148K(621056K), 0.0021977 secs] [Times: user=0.00 sys=0.00, real=0.01 secs] 
260.008: [GC (Allocation Failure) [PSYoungGen: 99712K->1376K(110080K)] 409452K->311116K(631296K), 0.0022507 secs] [Times: user=0.01 sys=0.00, real=0.00 secs] 
261.259: [GC (Allocation Failure) [PSYoungGen: 98656K->2464K(98816K)] 408396K->312212K(620032K), 0.0020336 secs] [Times: user=0.01 sys=0.00, real=0.01 secs] 
262.280: [GC (Allocation Failure) [PSYoungGen: 98720K->9600K(108032K)] 408468K->327540K(629248K), 0.0058186 secs] [Times: user=0.03 sys=0.00, real=0.01 secs] 
263.231: [GC (Allocation Failure) [PSYoungGen: 104320K->1424K(95232K)] 422260K->319364K(616448K), 0.0026180 secs] [Times: user=0.01 sys=0.00, real=0.01 secs] 
263.942: [GC (Allocation Failure) [PSYoungGen: 95120K->1328K(104960K)] 413060K->319284K(626176K), 0.0015559 secs] [Times: user=0.01 sys=0.00, real=0.00 secs] 
264.944: [GC (Allocation Failure) [PSYoungGen: 94000K->9664K(105472K)] 411956K->335820K(626688K), 0.0044428 secs] [Times: user=0.02 sys=0.00, real=0.00 secs] 
265.336: [GC (Allocation Failure) [PSYoungGen: 101312K->1376K(103424K)] 427468K->327532K(624640K), 0.0022388 secs] [Times: user=0.01 sys=0.00, real=0.00 secs] 
265.768: [GC (Allocation Failure) [PSYoungGen: 92000K->1424K(91136K)] 418156K->327580K(612352K), 0.0019811 secs] [Times: user=0.01 sys=0.00, real=0.00 secs] 
266.781: [GC (Allocation Failure) [PSYoungGen: 88815K->5552K(100352K)] 414972K->331708K(621568K), 0.0022388 secs] [Times: user=0.01 sys=0.00, real=0.00 secs] 
267.491: [GC (Allocation Failure) [PSYoungGen: 94128K->9600K(101376K)] 420284K->343948K(622592K), 0.0037138 secs] [Times: user=0.01 sys=0.00, real=0.01 secs] 
268.295: [GC (Allocation Failure) [PSYoungGen: 97664K->1376K(100864K)] 432012K->335724K(622080K), 0.0021003 secs] [Times: user=0.01 sys=0.00, real=0.00 secs] 
268.728: [GC (Allocation Failure) [PSYoungGen: 88526K->288K(87552K)] 422874K->334644K(608768K), 0.0020981 secs] [Times: user=0.00 sys=0.00, real=0.00 secs] 
269.729: [GC (Allocation Failure) [PSYoungGen: 83754K->9632K(99840K)] 418110K->343988K(621056K), 0.0018942 secs] [Times: user=0.00 sys=0.00, real=0.01 secs] 
270.676: [GC (Allocation Failure) [PSYoungGen: 95648K->1344K(87040K)] 430004K->335708K(608256K), 0.0034474 secs] [Times: user=0.02 sys=0.00, real=0.00 secs] 
271.637: [GC (Allocation Failure) [PSYoungGen: 86848K->1408K(97792K)] 421212K->335772K(619008K), 0.0031020 secs] [Times: user=0.01 sys=0.00, real=0.00 secs] 
272.933: [GC (Allocation Failure) [PSYoungGen: 86400K->1920K(86528K)] 420764K->336292K(607744K), 0.0019799 secs] [Times: user=0.01 sys=0.00, real=0.00 secs] 
273.579: [GC (Allocation Failure) [PSYoungGen: 86400K->9664K(96768K)] 420772K->352260K(617984K), 0.0033085 secs] [Times: user=0.02 sys=0.00, real=0.01 secs] 
274.630: [GC (Allocation Failure) [PSYoungGen: 93120K->1392K(84480K)] 435716K->343988K(605696K), 0.0023635 secs] [Times: user=0.00 sys=0.00, real=0.01 secs] 
275.390: [GC (Allocation Failure) [PSYoungGen: 84336K->1408K(94720K)] 426932K->344004K(615936K), 0.0024936 secs] [Times: user=0.01 sys=0.00, real=0.01 secs] 
276.554: [GC (Allocation Failure) [PSYoungGen: 83840K->3520K(85504K)] 426436K->346124K(606720K), 0.0021631 secs] [Times: user=0.01 sys=0.00, real=0.00 secs] 
276.938: [GC (Allocation Failure) [PSYoungGen: 85440K->9600K(93696K)] 428044K->360404K(614912K), 0.0031246 secs] [Times: user=0.01 sys=0.00, real=0.01 secs] 
277.524: [GC (Allocation Failure) [PSYoungGen: 90496K->1376K(81920K)] 441300K->352180K(603136K), 0.0020030 secs] [Times: user=0.00 sys=0.00, real=0.00 secs] 
278.176: [GC (Allocation Failure) [PSYoungGen: 81760K->1376K(91648K)] 432564K->352180K(612864K), 0.0025760 secs] [Times: user=0.01 sys=0.01, real=0.00 secs] 
279.301: [GC (Allocation Failure) [PSYoungGen: 78932K->5584K(84992K)] 429737K->356404K(606208K), 0.0022161 secs] [Times: user=0.00 sys=0.00, real=0.00 secs] 
280.617: [GC (Allocation Failure) [PSYoungGen: 84944K->9600K(91136K)] 435764K->368612K(612352K), 0.0084712 secs] [Times: user=0.04 sys=0.00, real=0.01 secs] 
281.804: [GC (Allocation Failure) [PSYoungGen: 87936K->1408K(79360K)] 446948K->360428K(600576K), 0.0036147 secs] [Times: user=0.01 sys=0.00, real=0.00 secs] 
282.648: [GC (Allocation Failure) [PSYoungGen: 79232K->1344K(89600K)] 438252K->360364K(610816K), 0.0031817 secs] [Times: user=0.01 sys=0.00, real=0.01 secs] 
284.487: [GC (Allocation Failure) [PSYoungGen: 78656K->3424K(80384K)] 437676K->362444K(601600K), 0.0048925 secs] [Times: user=0.02 sys=0.00, real=0.01 secs] 
285.379: [GC (Allocation Failure) [PSYoungGen: 80224K->9632K(87552K)] 439244K->376844K(608768K), 0.0080116 secs] [Times: user=0.03 sys=0.01, real=0.01 secs] 
286.674: [GC (Allocation Failure) [PSYoungGen: 84896K->1408K(76288K)] 452108K->368620K(597504K), 0.0039975 secs] [Times: user=0.02 sys=0.00, real=0.00 secs] 
287.547: [GC (Allocation Failure) [PSYoungGen: 76160K->1440K(86016K)] 443372K->368660K(607232K), 0.0036189 secs] [Times: user=0.02 sys=0.00, real=0.00 secs] 
288.820: [GC (Allocation Failure) [PSYoungGen: 73978K->3488K(77312K)] 441199K->370708K(598528K), 0.0042022 secs] [Times: user=0.02 sys=0.00, real=0.01 secs] 
289.477: [GC (Allocation Failure) [PSYoungGen: 77216K->9600K(83968K)] 444436K->385012K(605184K), 0.0062888 secs] [Times: user=0.03 sys=0.01, real=0.01 secs] 
290.342: [GC (Allocation Failure) [PSYoungGen: 81792K->1408K(73216K)] 457204K->376820K(594432K), 0.0024820 secs] [Times: user=0.01 sys=0.00, real=0.00 secs] 
291.302: [GC (Allocation Failure) [PSYoungGen: 73088K->1376K(83456K)] 448500K->376796K(604672K), 0.0050181 secs] [Times: user=0.02 sys=0.00, real=0.00 secs] 
292.472: [GC (Allocation Failure) [PSYoungGen: 72544K->1389K(72192K)] 447964K->376809K(593408K), 0.0015737 secs] [Times: user=0.01 sys=0.00, real=0.00 secs] 
293.228: [GC (Allocation Failure) [PSYoungGen: 72045K->9632K(81920K)] 447465K->385052K(603136K), 0.0023707 secs] [Times: user=0.01 sys=0.00, real=0.00 secs] 
293.660: [GC (Allocation Failure) [PSYoungGen: 79264K->1424K(70656K)] 454684K->376852K(591872K), 0.0023364 secs] [Times: user=0.01 sys=0.00, real=0.01 secs] 
294.167: [GC (Allocation Failure) [PSYoungGen: 70544K->1408K(80384K)] 445972K->376836K(601600K), 0.0040452 secs] [Times: user=0.01 sys=0.00, real=0.01 secs] 
294.949: [GC (Allocation Failure) [PSYoungGen: 70016K->1440K(69632K)] 445444K->376868K(590848K), 0.0046301 secs] [Times: user=0.01 sys=0.00, real=0.01 secs] 
295.994: [GC (Allocation Failure) [PSYoungGen: 69536K->5536K(79360K)] 444964K->380964K(600576K), 0.0020734 secs] [Times: user=0.01 sys=0.00, real=0.00 secs] 
296.249: [GC (Allocation Failure) [PSYoungGen: 73120K->9600K(79360K)] 448548K->393220K(600576K), 0.0031535 secs] [Times: user=0.02 sys=0.00, real=0.01 secs] 
296.562: [GC (Allocation Failure) [PSYoungGen: 76672K->1392K(79360K)] 460292K->385012K(600576K), 0.0020491 secs] [Times: user=0.00 sys=0.00, real=0.00 secs] 
296.889: [GC (Allocation Failure) [PSYoungGen: 67952K->1392K(67584K)] 451572K->385012K(588800K), 0.0022710 secs] [Times: user=0.01 sys=0.00, real=0.01 secs] 
297.237: [GC (Allocation Failure) [PSYoungGen: 67440K->1408K(76800K)] 451060K->385036K(598016K), 0.0027001 secs] [Times: user=0.01 sys=0.01, real=0.00 secs] 
298.235: [GC (Allocation Failure) [PSYoungGen: 66944K->9664K(77312K)] 450572K->393292K(598528K), 0.0022453 secs] [Times: user=0.01 sys=0.01, real=0.00 secs] 
298.790: [GC (Allocation Failure) [PSYoungGen: 74688K->9632K(77824K)] 458316K->401476K(599040K), 0.0033711 secs] [Times: user=0.02 sys=0.00, real=0.01 secs] 
299.313: [GC (Allocation Failure) [PSYoungGen: 73632K->1408K(65024K)] 465476K->393252K(586240K), 0.0030474 secs] [Times: user=0.01 sys=0.00, real=0.00 secs] 
299.707: [GC (Allocation Failure) [PSYoungGen: 64896K->1376K(75776K)] 456740K->393220K(596992K), 0.0022529 secs] [Times: user=0.01 sys=0.00, real=0.00 secs] 
300.259: [GC (Allocation Failure) [PSYoungGen: 64352K->1376K(64000K)] 456196K->393220K(585216K), 0.0015390 secs] [Times: user=0.00 sys=0.00, real=0.00 secs] 
301.008: [GC (Allocation Failure) [PSYoungGen: 63840K->9664K(74752K)] 455684K->401508K(595968K), 0.0023702 secs] [Times: user=0.01 sys=0.00, real=0.00 secs] 
301.502: [GC (Allocation Failure) [PSYoungGen: 71104K->9568K(75264K)] 462948K->409604K(596480K), 0.0075630 secs] [Times: user=0.03 sys=0.00, real=0.00 secs] 
302.011: [GC (Allocation Failure) [PSYoungGen: 70496K->1376K(74240K)] 470532K->401412K(595456K), 0.0028499 secs] [Times: user=0.01 sys=0.00, real=0.00 secs] 
302.292: [GC (Allocation Failure) [PSYoungGen: 61792K->1440K(61440K)] 461828K->401476K(582656K), 0.0022760 secs] [Times: user=0.01 sys=0.00, real=0.00 secs] 
302.695: [GC (Allocation Failure) [PSYoungGen: 61344K->1440K(73216K)] 461380K->401476K(594432K), 0.0022498 secs] [Times: user=0.00 sys=0.00, real=0.00 secs] 
305.138: [GC (Allocation Failure) [PSYoungGen: 61344K->9632K(73728K)] 461380K->409668K(594944K), 0.0053530 secs] [Times: user=0.02 sys=0.00, real=0.01 secs] 
306.210: [GC (Allocation Failure) [PSYoungGen: 69536K->9616K(74752K)] 469572K->417844K(595968K), 0.0078004 secs] [Times: user=0.04 sys=0.00, real=0.01 secs] 
306.863: [GC (Allocation Failure) [PSYoungGen: 69008K->1440K(60928K)] 477236K->409668K(582144K), 0.0033751 secs] [Times: user=0.01 sys=0.00, real=0.00 secs] 
307.292: [GC (Allocation Failure) [PSYoungGen: 60832K->1408K(73728K)] 469060K->409636K(594944K), 0.0027250 secs] [Times: user=0.01 sys=0.00, real=0.00 secs] 
307.750: [GC (Allocation Failure) [PSYoungGen: 60800K->1440K(60928K)] 469028K->409668K(582144K), 0.0023362 secs] [Times: user=0.01 sys=0.00, real=0.01 secs] 
308.736: [GC (Allocation Failure) [PSYoungGen: 60832K->5536K(72704K)] 469060K->413780K(593920K), 0.0022053 secs] [Times: user=0.00 sys=0.01, real=0.00 secs] 
309.173: [GC (Allocation Failure) [PSYoungGen: 64928K->9600K(73216K)] 473172K->426036K(594432K), 0.0034604 secs] [Times: user=0.02 sys=0.00, real=0.00 secs] 
309.674: [GC (Allocation Failure) [PSYoungGen: 68992K->1472K(74240K)] 485428K->417908K(595456K), 0.0020568 secs] [Times: user=0.01 sys=0.00, real=0.00 secs] 
310.166: [GC (Allocation Failure) [PSYoungGen: 60864K->1408K(60928K)] 477300K->417844K(582144K), 0.0026071 secs] [Times: user=0.01 sys=0.00, real=0.00 secs] 
310.749: [GC (Allocation Failure) [PSYoungGen: 60800K->1408K(72704K)] 477236K->417844K(593920K), 0.0032982 secs] [Times: user=0.01 sys=0.01, real=0.01 secs] 
311.760: [GC (Allocation Failure) [PSYoungGen: 60800K->2432K(61952K)] 477236K->418868K(583168K), 0.0020254 secs] [Times: user=0.00 sys=0.00, real=0.01 secs] 
312.241: [GC (Allocation Failure) [PSYoungGen: 60629K->9616K(70656K)] 477066K->426052K(591872K), 0.0024322 secs] [Times: user=0.01 sys=0.00, real=0.00 secs] 
312.693: [GC (Allocation Failure) [PSYoungGen: 67472K->9600K(72192K)] 483908K->434228K(593408K), 0.0038487 secs] [Times: user=0.02 sys=0.00, real=0.00 secs] 
313.210: [GC (Allocation Failure) [PSYoungGen: 67456K->1408K(72192K)] 492084K->426036K(593408K), 0.0029339 secs] [Times: user=0.01 sys=0.00, real=0.01 secs] 
313.759: [GC (Allocation Failure) [PSYoungGen: 59264K->1408K(59392K)] 483892K->426036K(580608K), 0.0035510 secs] [Times: user=0.01 sys=0.00, real=0.01 secs] 
314.248: [GC (Allocation Failure) [PSYoungGen: 59264K->1408K(71168K)] 483892K->426036K(592384K), 0.0029217 secs] [Times: user=0.01 sys=0.00, real=0.01 secs] 
315.497: [GC (Allocation Failure) [PSYoungGen: 59264K->9664K(71680K)] 483892K->434292K(592896K), 0.0038991 secs] [Times: user=0.02 sys=0.00, real=0.00 secs] 
316.006: [GC (Allocation Failure) [PSYoungGen: 67520K->9584K(71680K)] 492148K->442404K(592896K), 0.0037502 secs] [Times: user=0.02 sys=0.00, real=0.00 secs] 
316.673: [GC (Allocation Failure) [PSYoungGen: 66416K->1408K(58368K)] 499236K->434228K(579584K), 0.0026945 secs] [Times: user=0.02 sys=0.00, real=0.00 secs] 
317.332: [GC (Allocation Failure) [PSYoungGen: 58240K->1376K(71168K)] 491060K->434220K(592384K), 0.0026450 secs] [Times: user=0.01 sys=0.00, real=0.00 secs] 
317.859: [GC (Allocation Failure) [PSYoungGen: 58208K->1376K(58368K)] 491052K->434220K(579584K), 0.0037119 secs] [Times: user=0.01 sys=0.00, real=0.01 secs] 
319.075: [GC (Allocation Failure) [PSYoungGen: 58208K->2464K(70144K)] 491052K->435308K(591360K), 0.0031064 secs] [Times: user=0.02 sys=0.00, real=0.00 secs] 
319.717: [GC (Allocation Failure) [PSYoungGen: 55176K->9568K(70656K)] 488021K->442412K(591872K), 0.0047143 secs] [Times: user=0.02 sys=0.00, real=0.01 secs] 
320.474: [GC (Allocation Failure) [PSYoungGen: 66400K->9600K(70656K)] 499244K->450636K(591872K), 0.0076996 secs] [Times: user=0.03 sys=0.00, real=0.01 secs] 
320.947: [GC (Allocation Failure) [PSYoungGen: 65408K->1376K(57344K)] 506444K->442412K(578560K), 0.0025701 secs] [Times: user=0.01 sys=0.01, real=0.00 secs] 
321.396: [GC (Allocation Failure) [PSYoungGen: 57184K->1376K(70144K)] 498220K->442412K(591360K), 0.0031264 secs] [Times: user=0.01 sys=0.00, real=0.00 secs] 
321.834: [GC (Allocation Failure) [PSYoungGen: 57184K->1408K(57344K)] 498220K->442444K(578560K), 0.0021279 secs] [Times: user=0.01 sys=0.00, real=0.00 secs] 
322.557: [GC (Allocation Failure) [PSYoungGen: 57216K->3472K(68096K)] 498252K->444516K(589312K), 0.0021949 secs] [Times: user=0.00 sys=0.00, real=0.00 secs] 
322.739: [GC (Allocation Failure) [PSYoungGen: 59280K->9600K(69120K)] 500324K->458836K(590336K), 0.0031712 secs] [Times: user=0.01 sys=0.00, real=0.01 secs] 
322.972: [GC (Allocation Failure) [PSYoungGen: 65408K->1408K(73728K)] 514644K->450644K(594944K), 0.0020946 secs] [Times: user=0.01 sys=0.00, real=0.00 secs] 
323.223: [GC (Allocation Failure) [PSYoungGen: 61824K->1376K(74240K)] 511060K->450612K(595456K), 0.0020037 secs] [Times: user=0.01 sys=0.00, real=0.00 secs] 
323.474: [GC (Allocation Failure) [PSYoungGen: 61792K->1376K(77312K)] 511028K->450612K(598528K), 0.0022179 secs] [Times: user=0.01 sys=0.00, real=0.00 secs] 
324.542: [GC (Allocation Failure) [PSYoungGen: 66400K->3488K(68096K)] 515636K->452724K(589312K), 0.0023882 secs] [Times: user=0.01 sys=0.00, real=0.00 secs] 
325.348: [GC (Allocation Failure) [PSYoungGen: 68000K->9600K(75776K)] 517236K->467028K(596992K), 0.0051320 secs] [Times: user=0.02 sys=0.00, real=0.01 secs] 
326.001: [GC (Allocation Failure) [PSYoungGen: 73088K->1376K(64512K)] 530516K->458804K(585728K), 0.0024627 secs] [Times: user=0.01 sys=0.00, real=0.00 secs] 
326.345: [GC (Allocation Failure) [PSYoungGen: 64352K->1344K(74240K)] 521780K->458796K(595456K), 0.0022791 secs] [Times: user=0.01 sys=0.01, real=0.00 secs] 
326.604: [GC (Allocation Failure) [PSYoungGen: 63808K->1376K(63488K)] 521260K->458828K(584704K), 0.0021025 secs] [Times: user=0.01 sys=0.00, real=0.00 secs] 
327.635: [GC (Allocation Failure) [PSYoungGen: 63312K->3488K(71168K)] 520765K->460948K(592384K), 0.0029942 secs] [Times: user=0.02 sys=0.00, real=0.00 secs] 
328.221: [GC (Allocation Failure) [PSYoungGen: 64928K->9600K(72192K)] 522388K->475252K(593408K), 0.0063488 secs] [Times: user=0.02 sys=0.00, real=0.01 secs] 
328.767: [GC (Allocation Failure) [PSYoungGen: 70528K->1376K(71680K)] 536180K->467028K(592896K), 0.0036641 secs] [Times: user=0.01 sys=0.00, real=0.00 secs] 
329.283: [GC (Allocation Failure) [PSYoungGen: 61792K->1376K(61440K)] 527444K->467028K(582656K), 0.0036553 secs] [Times: user=0.01 sys=0.00, real=0.00 secs] 
329.682: [GC (Allocation Failure) [PSYoungGen: 61280K->1408K(71168K)] 526932K->467060K(592384K), 0.0024691 secs] [Times: user=0.01 sys=0.00, real=0.00 secs] 
330.492: [GC (Allocation Failure) [PSYoungGen: 61312K->1920K(61952K)] 526964K->467580K(583168K), 0.0021663 secs] [Times: user=0.00 sys=0.00, real=0.00 secs] 
331.147: [GC (Allocation Failure) [PSYoungGen: 60542K->9616K(69632K)] 526203K->475277K(590848K), 0.0027564 secs] [Times: user=0.01 sys=0.00, real=0.00 secs] 
331.666: [GC (Allocation Failure) [PSYoungGen: 67984K->9632K(71168K)] 533645K->483485K(592384K), 0.0051040 secs] [Times: user=0.03 sys=0.00, real=0.00 secs] 
332.454: [GC (Allocation Failure) [PSYoungGen: 68000K->1376K(71168K)] 541853K->475228K(592384K), 0.0038028 secs] [Times: user=0.02 sys=0.00, real=0.00 secs] 
333.202: [GC (Allocation Failure) [PSYoungGen: 59744K->1408K(71680K)] 533596K->475260K(592896K), 0.0039199 secs] [Times: user=0.01 sys=0.00, real=0.00 secs] 
333.865: [GC (Allocation Failure) [PSYoungGen: 59776K->1360K(70656K)] 533628K->475221K(591872K), 0.0039387 secs] [Times: user=0.02 sys=0.00, real=0.00 secs] 
334.552: [GC (Allocation Failure) [PSYoungGen: 59728K->9600K(71168K)] 533589K->483461K(592384K), 0.0021593 secs] [Times: user=0.01 sys=0.00, real=0.00 secs] 
334.760: [GC (Allocation Failure) [PSYoungGen: 67968K->9568K(71168K)] 541829K->491621K(592384K), 0.0032272 secs] [Times: user=0.02 sys=0.00, real=0.01 secs] 
335.000: [GC (Allocation Failure) [PSYoungGen: 66912K->1408K(58880K)] 548965K->483461K(580096K), 0.0020102 secs] [Times: user=0.01 sys=0.00, real=0.01 secs] 
335.238: [GC (Allocation Failure) [PSYoungGen: 58752K->1376K(70656K)] 540805K->483429K(591872K), 0.0020551 secs] [Times: user=0.01 sys=0.00, real=0.00 secs] 
335.476: [GC (Allocation Failure) [PSYoungGen: 58720K->1408K(58880K)] 540773K->483485K(580096K), 0.0018134 secs] [Times: user=0.01 sys=0.00, real=0.00 secs] 
336.217: [GC (Allocation Failure) [PSYoungGen: 58752K->3472K(69632K)] 540829K->485549K(590848K), 0.0020842 secs] [Times: user=0.01 sys=0.00, real=0.00 secs] 
336.581: [GC (Allocation Failure) [PSYoungGen: 60816K->9568K(70144K)] 542893K->499837K(591360K), 0.0033275 secs] [Times: user=0.01 sys=0.01, real=0.00 secs] 
337.071: [GC (Allocation Failure) [PSYoungGen: 66912K->1408K(70144K)] 557181K->491677K(591360K), 0.0022917 secs] [Times: user=0.01 sys=0.00, real=0.00 secs] 
337.544: [GC (Allocation Failure) [PSYoungGen: 58752K->1376K(70656K)] 549021K->491645K(591872K), 0.0024685 secs] [Times: user=0.01 sys=0.00, real=0.00 secs] 
338.021: [GC (Allocation Failure) [PSYoungGen: 58720K->1376K(69632K)] 548989K->491669K(590848K), 0.0022757 secs] [Times: user=0.01 sys=0.00, real=0.00 secs] 
338.607: [GC (Allocation Failure) [PSYoungGen: 58720K->1376K(58880K)] 549013K->491669K(580096K), 0.0016801 secs] [Times: user=0.01 sys=0.00, real=0.00 secs] 
339.353: [GC (Allocation Failure) [PSYoungGen: 58720K->9632K(68608K)] 549013K->499925K(589824K), 0.0024099 secs] [Times: user=0.01 sys=0.00, real=0.00 secs] 
339.841: [GC (Allocation Failure) [PSYoungGen: 65952K->9568K(69632K)] 556245K->508053K(590848K), 0.0060250 secs] [Times: user=0.02 sys=0.00, real=0.01 secs] 
340.079: [GC (Allocation Failure) [PSYoungGen: 65888K->1376K(71680K)] 564373K->499861K(592896K), 0.0031798 secs] [Times: user=0.01 sys=0.00, real=0.01 secs] 
340.312: [GC (Allocation Failure) [PSYoungGen: 58208K->1440K(71168K)] 556693K->499925K(592384K), 0.0023870 secs] [Times: user=0.01 sys=0.00, real=0.00 secs] 
340.549: [GC (Allocation Failure) [PSYoungGen: 58272K->1408K(74240K)] 556757K->499893K(595456K), 0.0019826 secs] [Times: user=0.01 sys=0.00, real=0.00 secs] 
341.246: [GC (Allocation Failure) [PSYoungGen: 62848K->5504K(66560K)] 561333K->503989K(587776K), 0.0022709 secs] [Times: user=0.01 sys=0.00, real=0.00 secs] 
341.449: [GC (Allocation Failure) [PSYoungGen: 66432K->9584K(72192K)] 564917K->516261K(593408K), 0.0033663 secs] [Times: user=0.01 sys=0.01, real=0.01 secs] 
341.452: [Full GC (Ergonomics) [PSYoungGen: 9584K->0K(72192K)] [ParOldGen: 506677K->102932K(507392K)] 516261K->102932K(579584K), [Metaspace: 54825K->54817K(1099776K)], 0.0333755 secs] [Times: user=0.09 sys=0.00, real=0.03 secs] 
341.665: [GC (Allocation Failure) [PSYoungGen: 59392K->96K(73728K)] 162324K->135796K(581120K), 0.0030441 secs] [Times: user=0.02 sys=0.00, real=0.00 secs] 
341.777: [GC (Allocation Failure) [PSYoungGen: 59488K->64K(79872K)] 195188K->168532K(587264K), 0.0043656 secs] [Times: user=0.03 sys=0.00, real=0.01 secs] 
342.002: [GC (Allocation Failure) [PSYoungGen: 54216K->64K(79872K)] 222685K->168532K(587264K), 0.0016158 secs] [Times: user=0.01 sys=0.00, real=0.00 secs] 
342.118: [GC (Allocation Failure) [PSYoungGen: 61643K->128K(88064K)] 230111K->201364K(595456K), 0.0050153 secs] [Times: user=0.02 sys=0.01, real=0.01 secs] 
342.271: [GC (Allocation Failure) [PSYoungGen: 68494K->96K(87552K)] 269731K->266868K(594944K), 0.0049213 secs] [Times: user=0.02 sys=0.00, real=0.00 secs] 
342.850: [GC (Allocation Failure) [PSYoungGen: 74848K->1248K(95744K)] 341620K->300788K(603136K), 0.0039653 secs] [Times: user=0.02 sys=0.00, real=0.01 secs] 
344.632: [GC (Allocation Failure) [PSYoungGen: 86240K->1408K(96768K)] 385780K->300948K(604160K), 0.0029076 secs] [Times: user=0.01 sys=0.00, real=0.00 secs] 
345.368: [GC (Allocation Failure) [PSYoungGen: 86400K->1408K(103424K)] 385940K->300948K(610816K), 0.0027079 secs] [Times: user=0.01 sys=0.00, real=0.01 secs] 
345.962: [GC (Allocation Failure) [PSYoungGen: 96128K->1421K(104960K)] 395668K->300970K(612352K), 0.0019223 secs] [Times: user=0.01 sys=0.00, real=0.00 secs] 
347.993: [GC (Allocation Failure) [PSYoungGen: 96141K->9696K(112128K)] 395690K->309245K(619520K), 0.0031459 secs] [Times: user=0.01 sys=0.00, real=0.00 secs] 
348.807: [GC (Allocation Failure) [PSYoungGen: 112096K->1373K(114176K)] 411645K->300922K(621568K), 0.0019273 secs] [Times: user=0.01 sys=0.01, real=0.00 secs] 
350.498: [GC (Allocation Failure) [PSYoungGen: 103773K->1405K(118784K)] 403322K->300954K(626176K), 0.0025399 secs] [Times: user=0.01 sys=0.00, real=0.00 secs] 
352.314: [GC (Allocation Failure) [PSYoungGen: 110973K->9629K(120320K)] 410522K->309178K(627712K), 0.0019941 secs] [Times: user=0.01 sys=0.00, real=0.00 secs] 
353.206: [GC (Allocation Failure) [PSYoungGen: 119197K->1440K(126464K)] 418746K->300988K(633856K), 0.0022689 secs] [Times: user=0.01 sys=0.01, real=0.00 secs] 
354.376: [GC (Allocation Failure) [PSYoungGen: 117152K->1424K(127488K)] 416700K->300973K(634880K), 0.0033941 secs] [Times: user=0.01 sys=0.00, real=0.00 secs] 
355.405: [GC (Allocation Failure) [PSYoungGen: 117136K->1440K(131072K)] 416685K->300988K(638464K), 0.0020316 secs] [Times: user=0.01 sys=0.00, real=0.00 secs] 
355.985: [GC (Allocation Failure) [PSYoungGen: 122784K->1389K(132096K)] 422332K->300938K(639488K), 0.0018840 secs] [Times: user=0.01 sys=0.00, real=0.00 secs] 
357.194: [GC (Allocation Failure) [PSYoungGen: 122387K->5584K(136704K)] 421936K->305141K(644096K), 0.0020149 secs] [Times: user=0.01 sys=0.00, real=0.00 secs] 
357.858: [GC (Allocation Failure) [PSYoungGen: 132048K->1405K(137216K)] 431605K->300962K(644608K), 0.0018481 secs] [Times: user=0.00 sys=0.00, real=0.00 secs] 
358.383: [GC (Allocation Failure) [PSYoungGen: 127869K->1405K(141312K)] 427426K->300970K(648704K), 0.0018567 secs] [Times: user=0.01 sys=0.00, real=0.00 secs] 
359.445: [GC (Allocation Failure) [PSYoungGen: 133501K->1408K(141824K)] 433066K->301018K(649216K), 0.0019175 secs] [Times: user=0.00 sys=0.00, real=0.00 secs] 
359.994: [GC (Allocation Failure) [PSYoungGen: 133504K->1424K(146944K)] 433114K->301050K(654336K), 0.0020118 secs] [Times: user=0.01 sys=0.00, real=0.00 secs] 
362.077: [GC (Allocation Failure) [PSYoungGen: 139664K->1440K(146944K)] 439290K->301066K(654336K), 0.0021768 secs] [Times: user=0.01 sys=0.00, real=0.00 secs] 
363.482: [GC (Allocation Failure) [PSYoungGen: 139680K->1376K(150528K)] 439306K->301002K(657920K), 0.0029947 secs] [Times: user=0.01 sys=0.01, real=0.00 secs] 
364.900: [GC (Allocation Failure) [PSYoungGen: 144736K->5568K(151040K)] 444362K->309298K(658432K), 0.0019808 secs] [Times: user=0.01 sys=0.00, real=0.01 secs] 
365.495: [GC (Allocation Failure) [PSYoungGen: 148928K->1408K(156160K)] 452658K->305138K(663552K), 0.0017613 secs] [Times: user=0.01 sys=0.00, real=0.00 secs] 
367.051: [GC (Allocation Failure) [PSYoungGen: 149888K->1408K(156672K)] 453618K->305138K(664064K), 0.0020943 secs] [Times: user=0.01 sys=0.00, real=0.00 secs] 
368.852: [GC (Allocation Failure) [PSYoungGen: 149888K->1408K(160256K)] 453618K->305138K(667648K), 0.0024182 secs] [Times: user=0.00 sys=0.00, real=0.00 secs] 
370.318: [GC (Allocation Failure) [PSYoungGen: 154496K->1408K(160768K)] 458226K->305146K(668160K), 0.0024866 secs] [Times: user=0.01 sys=0.01, real=0.00 secs] 
371.727: [GC (Allocation Failure) [PSYoungGen: 154496K->1392K(163840K)] 458234K->305130K(671232K), 0.0024280 secs] [Times: user=0.01 sys=0.00, real=0.00 secs] 
374.043: [GC (Allocation Failure) [PSYoungGen: 159088K->1408K(164352K)] 462826K->305146K(671744K), 0.0017978 secs] [Times: user=0.00 sys=0.00, real=0.00 secs] 
375.981: [GC (Allocation Failure) [PSYoungGen: 159104K->1376K(167424K)] 462842K->305114K(674816K), 0.0028123 secs] [Times: user=0.01 sys=0.00, real=0.00 secs] 
377.803: [GC (Allocation Failure) [PSYoungGen: 163168K->1408K(167936K)] 466906K->305170K(675328K), 0.0016784 secs] [Times: user=0.00 sys=0.00, real=0.00 secs] 
378.972: [GC (Allocation Failure) [PSYoungGen: 163200K->1376K(171520K)] 466962K->305138K(678912K), 0.0021480 secs] [Times: user=0.01 sys=0.00, real=0.00 secs] 
380.534: [GC (Allocation Failure) [PSYoungGen: 167264K->1408K(171520K)] 471026K->305170K(678912K), 0.0018073 secs] [Times: user=0.01 sys=0.00, real=0.00 secs] 
382.508: [GC (Allocation Failure) [PSYoungGen: 167296K->1376K(175104K)] 471058K->305146K(682496K), 0.0026994 secs] [Times: user=0.01 sys=0.00, real=0.00 secs] 
383.491: [GC (Allocation Failure) [PSYoungGen: 171360K->1344K(175104K)] 475130K->305114K(682496K), 0.0018620 secs] [Times: user=0.01 sys=0.00, real=0.01 secs] 
385.177: [GC (Allocation Failure) [PSYoungGen: 171328K->1376K(178176K)] 475098K->305146K(685568K), 0.0018350 secs] [Times: user=0.00 sys=0.01, real=0.00 secs] 
385.900: [GC (Allocation Failure) [PSYoungGen: 175456K->1376K(178688K)] 479226K->305146K(686080K), 0.0019108 secs] [Times: user=0.01 sys=0.00, real=0.01 secs] 
387.078: [GC (Allocation Failure) [PSYoungGen: 175456K->1376K(181760K)] 479226K->305154K(689152K), 0.0016147 secs] [Times: user=0.01 sys=0.00, real=0.00 secs] 
388.274: [GC (Allocation Failure) [PSYoungGen: 180064K->3488K(182784K)] 483842K->309322K(690176K), 0.0019192 secs] [Times: user=0.01 sys=0.00, real=0.00 secs] 
389.015: [GC (Allocation Failure) [PSYoungGen: 182176K->1424K(188416K)] 488010K->307258K(695808K), 0.0017907 secs] [Times: user=0.00 sys=0.00, real=0.00 secs] 
391.257: [GC (Allocation Failure) [PSYoungGen: 185232K->1440K(188416K)] 491066K->307282K(695808K), 0.0020723 secs] [Times: user=0.01 sys=0.00, real=0.00 secs] 
393.054: [GC (Allocation Failure) [PSYoungGen: 185248K->1344K(192000K)] 491090K->307194K(699392K), 0.0019292 secs] [Times: user=0.01 sys=0.00, real=0.00 secs] 
395.071: [GC (Allocation Failure) [PSYoungGen: 189760K->1408K(192512K)] 495610K->307266K(699904K), 0.0027846 secs] [Times: user=0.01 sys=0.00, real=0.01 secs] 
396.409: [GC (Allocation Failure) [PSYoungGen: 189824K->1408K(196096K)] 495682K->307266K(703488K), 0.0018655 secs] [Times: user=0.01 sys=0.00, real=0.01 secs] 
397.318: [GC (Allocation Failure) [PSYoungGen: 194432K->1408K(196608K)] 500290K->307266K(704000K), 0.0020355 secs] [Times: user=0.01 sys=0.00, real=0.00 secs] 
400.636: [GC (Allocation Failure) [PSYoungGen: 194432K->1440K(200704K)] 500290K->307306K(708096K), 0.0026347 secs] [Times: user=0.01 sys=0.00, real=0.00 secs] 
402.779: [GC (Allocation Failure) [PSYoungGen: 199072K->3520K(201216K)] 504938K->311442K(708608K), 0.0017858 secs] [Times: user=0.01 sys=0.00, real=0.01 secs] 
405.047: [GC (Allocation Failure) [PSYoungGen: 201152K->1440K(206336K)] 509074K->309362K(713728K), 0.0031222 secs] [Times: user=0.01 sys=0.00, real=0.00 secs] 
407.126: [GC (Allocation Failure) [PSYoungGen: 203680K->1392K(206336K)] 511602K->309322K(713728K), 0.0025086 secs] [Times: user=0.01 sys=0.00, real=0.00 secs] 
409.520: [GC (Allocation Failure) [PSYoungGen: 203632K->3520K(209920K)] 511562K->313498K(717312K), 0.0018730 secs] [Times: user=0.00 sys=0.01, real=0.01 secs] 
412.445: [GC (Allocation Failure) [PSYoungGen: 209856K->1408K(210432K)] 519834K->311386K(717824K), 0.0044340 secs] [Times: user=0.02 sys=0.00, real=0.00 secs] 
414.964: [GC (Allocation Failure) [PSYoungGen: 207744K->1408K(214016K)] 517722K->311386K(721408K), 0.0018473 secs] [Times: user=0.01 sys=0.00, real=0.00 secs] 
417.246: [GC (Allocation Failure) [PSYoungGen: 211840K->1440K(214528K)] 521818K->311426K(721920K), 0.0027049 secs] [Times: user=0.01 sys=0.00, real=0.00 secs] 
418.917: [GC (Allocation Failure) [PSYoungGen: 211872K->1408K(218624K)] 521858K->311402K(726016K), 0.0020018 secs] [Times: user=0.01 sys=0.00, real=0.00 secs] 
420.760: [GC (Allocation Failure) [PSYoungGen: 216448K->1408K(218624K)] 526442K->311410K(726016K), 0.0024954 secs] [Times: user=0.00 sys=0.00, real=0.01 secs] 
422.797: [GC (Allocation Failure) [PSYoungGen: 216448K->1408K(223232K)] 526450K->311410K(730624K), 0.0026875 secs] [Times: user=0.01 sys=0.01, real=0.00 secs] 
424.931: [GC (Allocation Failure) [PSYoungGen: 221056K->1344K(223232K)] 531058K->311346K(730624K), 0.0015048 secs] [Times: user=0.00 sys=0.00, real=0.01 secs] 
427.512: [GC (Allocation Failure) [PSYoungGen: 220992K->1408K(226304K)] 530994K->311426K(733696K), 0.0027710 secs] [Times: user=0.01 sys=0.00, real=0.00 secs] 
429.890: [GC (Allocation Failure) [PSYoungGen: 225152K->1408K(226816K)] 535170K->311426K(734208K), 0.0041622 secs] [Times: user=0.01 sys=0.00, real=0.01 secs] 
432.730: [GC (Allocation Failure) [PSYoungGen: 225152K->1440K(230912K)] 535170K->311458K(738304K), 0.0019717 secs] [Times: user=0.01 sys=0.00, real=0.01 secs] 
434.023: [GC (Allocation Failure) [PSYoungGen: 229792K->1373K(231424K)] 539810K->311399K(738816K), 0.0014799 secs] [Times: user=0.01 sys=0.00, real=0.00 secs] 
436.222: [GC (Allocation Failure) [PSYoungGen: 229725K->1408K(236032K)] 539751K->311442K(743424K), 0.0019587 secs] [Times: user=0.01 sys=0.00, real=0.00 secs] 
439.359: [GC (Allocation Failure) [PSYoungGen: 234368K->1376K(236032K)] 544402K->311410K(743424K), 0.0026924 secs] [Times: user=0.01 sys=0.00, real=0.01 secs] 
442.480: [GC (Allocation Failure) [PSYoungGen: 234336K->1440K(239104K)] 544370K->311482K(746496K), 0.0018997 secs] [Times: user=0.01 sys=0.00, real=0.01 secs] 
444.148: [GC (Allocation Failure) [PSYoungGen: 238379K->2432K(239616K)] 548421K->313498K(747008K), 0.0017776 secs] [Times: user=0.01 sys=0.00, real=0.00 secs] 
446.324: [GC (Allocation Failure) [PSYoungGen: 239488K->1392K(244224K)] 550554K->312458K(751616K), 0.0020299 secs] [Times: user=0.01 sys=0.00, real=0.00 secs] 
448.010: [GC (Allocation Failure) [PSYoungGen: 242544K->1408K(244224K)] 553610K->312482K(751616K), 0.0018594 secs] [Times: user=0.00 sys=0.00, real=0.01 secs] 
450.513: [GC (Allocation Failure) [PSYoungGen: 242560K->1440K(247296K)] 553634K->312522K(754688K), 0.0022098 secs] [Times: user=0.00 sys=0.01, real=0.00 secs] 
454.069: [GC (Allocation Failure) [PSYoungGen: 246688K->1408K(247808K)] 557770K->312498K(755200K), 0.0018480 secs] [Times: user=0.00 sys=0.00, real=0.01 secs] 
457.761: [GC (Allocation Failure) [PSYoungGen: 246656K->1424K(251904K)] 557746K->314570K(759296K), 0.0043615 secs] [Times: user=0.01 sys=0.01, real=0.00 secs] 
460.043: [GC (Allocation Failure) [PSYoungGen: 250768K->1376K(251904K)] 563914K->314522K(759296K), 0.0034783 secs] [Times: user=0.01 sys=0.01, real=0.00 secs] 
461.880: [GC (Allocation Failure) [PSYoungGen: 250720K->1472K(256512K)] 563866K->314626K(763904K), 0.0019366 secs] [Times: user=0.00 sys=0.00, real=0.01 secs] 
463.905: [GC (Allocation Failure) [PSYoungGen: 255424K->1456K(256512K)] 568578K->314610K(763904K), 0.0018654 secs] [Times: user=0.00 sys=0.00, real=0.00 secs] 
466.068: [GC (Allocation Failure) [PSYoungGen: 255408K->1424K(261120K)] 568562K->314578K(768512K), 0.0027433 secs] [Times: user=0.01 sys=0.00, real=0.01 secs] 
468.217: [GC (Allocation Failure) [PSYoungGen: 259984K->1440K(261120K)] 573138K->314610K(768512K), 0.0023661 secs] [Times: user=0.01 sys=0.00, real=0.00 secs] 
470.059: [GC (Allocation Failure) [PSYoungGen: 260000K->1440K(265216K)] 573170K->314610K(772608K), 0.0026085 secs] [Times: user=0.01 sys=0.00, real=0.01 secs] 
473.486: [GC (Allocation Failure) [PSYoungGen: 265120K->1440K(265728K)] 578290K->314610K(773120K), 0.0022503 secs] [Times: user=0.01 sys=0.00, real=0.00 secs] 
476.708: [GC (Allocation Failure) [PSYoungGen: 265120K->1437K(269312K)] 578290K->314615K(776704K), 0.0015731 secs] [Times: user=0.00 sys=0.00, real=0.00 secs] 
479.183: [GC (Allocation Failure) [PSYoungGen: 269213K->1440K(269824K)] 582391K->314618K(777216K), 0.0020078 secs] [Times: user=0.00 sys=0.00, real=0.00 secs] 
482.921: [GC (Allocation Failure) [PSYoungGen: 269216K->1440K(273920K)] 582394K->314618K(781312K), 0.0030573 secs] [Times: user=0.01 sys=0.01, real=0.00 secs] 
487.047: [GC (Allocation Failure) [PSYoungGen: 273312K->1408K(273920K)] 586490K->314594K(781312K), 0.0023291 secs] [Times: user=0.01 sys=0.00, real=0.00 secs] 
491.077: [GC (Allocation Failure) [PSYoungGen: 273280K->1408K(278016K)] 586466K->314602K(785408K), 0.0027486 secs] [Times: user=0.01 sys=0.00, real=0.00 secs] 
494.075: [GC (Allocation Failure) [PSYoungGen: 277376K->1440K(278016K)] 590570K->314642K(785408K), 0.0028445 secs] [Times: user=0.00 sys=0.00, real=0.00 secs] 
497.387: [GC (Allocation Failure) [PSYoungGen: 277408K->1440K(282112K)] 590610K->314650K(789504K), 0.0024546 secs] [Times: user=0.01 sys=0.00, real=0.00 secs] 
500.959: [GC (Allocation Failure) [PSYoungGen: 281504K->1456K(282112K)] 594714K->314674K(789504K), 0.0019784 secs] [Times: user=0.01 sys=0.00, real=0.00 secs] 
504.228: [GC (Allocation Failure) [PSYoungGen: 281520K->1376K(285696K)] 594738K->314602K(793088K), 0.0028975 secs] [Times: user=0.01 sys=0.00, real=0.01 secs] 
507.365: [GC (Allocation Failure) [PSYoungGen: 285024K->1472K(285696K)] 598250K->314706K(793088K), 0.0017229 secs] [Times: user=0.00 sys=0.00, real=0.00 secs] 
510.555: [GC (Allocation Failure) [PSYoungGen: 285120K->1440K(289280K)] 598354K->314690K(796672K), 0.0030619 secs] [Times: user=0.01 sys=0.00, real=0.00 secs] 
513.860: [GC (Allocation Failure) [PSYoungGen: 288672K->1392K(289280K)] 601922K->314650K(796672K), 0.0023689 secs] [Times: user=0.01 sys=0.00, real=0.01 secs] 
516.389: [GC (Allocation Failure) [PSYoungGen: 288624K->1408K(293376K)] 601882K->314674K(800768K), 0.0041217 secs] [Times: user=0.01 sys=0.00, real=0.01 secs] 
520.946: [GC (Allocation Failure) [PSYoungGen: 292736K->1440K(293376K)] 606002K->314714K(800768K), 0.0045719 secs] [Times: user=0.01 sys=0.00, real=0.00 secs] 
523.793: [GC (Allocation Failure) [PSYoungGen: 292768K->1424K(297472K)] 606042K->314706K(804864K), 0.0018600 secs] [Times: user=0.00 sys=0.00, real=0.00 secs] 
525.999: [GC (Allocation Failure) [PSYoungGen: 297360K->1472K(297984K)] 610642K->314754K(805376K), 0.0017601 secs] [Times: user=0.01 sys=0.00, real=0.00 secs] 
527.672: [GC (Allocation Failure) [PSYoungGen: 297408K->1472K(302592K)] 610690K->314754K(809984K), 0.0019833 secs] [Times: user=0.01 sys=0.01, real=0.00 secs] 
529.868: [GC (Allocation Failure) [PSYoungGen: 302016K->1440K(302592K)] 615298K->314730K(809984K), 0.0027219 secs] [Times: user=0.01 sys=0.00, real=0.00 secs] 
532.979: [GC (Allocation Failure) [PSYoungGen: 301984K->1440K(308224K)] 615274K->314730K(815616K), 0.0041401 secs] [Times: user=0.02 sys=0.00, real=0.01 secs] 
537.731: [GC (Allocation Failure) [PSYoungGen: 307616K->1408K(308224K)] 620906K->314706K(815616K), 0.0018867 secs] [Times: user=0.01 sys=0.00, real=0.00 secs] 
541.139: [GC (Allocation Failure) [PSYoungGen: 307584K->1456K(312320K)] 620882K->314762K(819712K), 0.0020050 secs] [Times: user=0.00 sys=0.00, real=0.01 secs] 
544.836: [GC (Allocation Failure) [PSYoungGen: 312240K->1424K(312832K)] 625546K->314730K(820224K), 0.0016632 secs] [Times: user=0.01 sys=0.00, real=0.00 secs] 
548.957: [GC (Allocation Failure) [PSYoungGen: 312208K->1440K(316928K)] 625514K->314778K(824320K), 0.0035294 secs] [Times: user=0.01 sys=0.00, real=0.00 secs] 
552.938: [GC (Allocation Failure) [PSYoungGen: 316832K->1408K(316928K)] 630170K->314746K(824320K), 0.0038861 secs] [Times: user=0.01 sys=0.00, real=0.01 secs] 
557.875: [GC (Allocation Failure) [PSYoungGen: 316800K->1440K(321536K)] 630138K->314778K(828928K), 0.0040967 secs] [Times: user=0.01 sys=0.01, real=0.00 secs] 
562.174: [GC (Allocation Failure) [PSYoungGen: 321440K->1408K(321536K)] 634778K->314754K(828928K), 0.0031735 secs] [Times: user=0.01 sys=0.00, real=0.00 secs] 
567.706: [GC (Allocation Failure) [PSYoungGen: 321408K->1456K(326144K)] 634754K->314810K(833536K), 0.0031077 secs] [Times: user=0.01 sys=0.00, real=0.00 secs] 
571.226: [GC (Allocation Failure) [PSYoungGen: 326064K->1440K(326144K)] 639418K->314794K(833536K), 0.0035037 secs] [Times: user=0.01 sys=0.00, real=0.00 secs] 
575.510: [GC (Allocation Failure) [PSYoungGen: 326048K->1440K(330752K)] 639402K->314802K(838144K), 0.0028716 secs] [Times: user=0.01 sys=0.01, real=0.01 secs] 
578.151: [GC (Allocation Failure) [PSYoungGen: 330656K->1440K(330752K)] 644018K->314810K(838144K), 0.0018658 secs] [Times: user=0.01 sys=0.00, real=0.00 secs] 
580.090: [GC (Allocation Failure) [PSYoungGen: 330656K->1440K(335360K)] 644026K->314810K(842752K), 0.0018891 secs] [Times: user=0.01 sys=0.01, real=0.01 secs] 
582.483: [GC (Allocation Failure) [PSYoungGen: 335264K->1405K(335360K)] 648634K->314775K(842752K), 0.0014767 secs] [Times: user=0.01 sys=0.00, real=0.00 secs] 
585.434: [GC (Allocation Failure) [PSYoungGen: 335229K->1408K(339968K)] 648599K->314794K(847360K), 0.0020267 secs] [Times: user=0.01 sys=0.00, real=0.00 secs] 
590.028: [GC (Allocation Failure) [PSYoungGen: 339840K->1472K(339968K)] 653226K->314858K(847360K), 0.0023554 secs] [Times: user=0.01 sys=0.00, real=0.00 secs] 
594.965: [GC (Allocation Failure) [PSYoungGen: 339904K->1424K(344064K)] 653290K->314810K(851456K), 0.0021823 secs] [Times: user=0.01 sys=0.00, real=0.00 secs] 
598.893: [GC (Allocation Failure) [PSYoungGen: 343952K->1408K(344064K)] 657338K->314802K(851456K), 0.0026265 secs] [Times: user=0.01 sys=0.00, real=0.00 secs] 
603.863: [GC (Allocation Failure) [PSYoungGen: 343936K->1440K(347648K)] 657330K->314834K(855040K), 0.0020012 secs] [Times: user=0.01 sys=0.01, real=0.00 secs] 
606.693: [GC (Allocation Failure) [PSYoungGen: 347552K->1408K(348160K)] 660946K->314810K(855552K), 0.0017495 secs] [Times: user=0.01 sys=0.00, real=0.00 secs] 
609.917: [GC (Allocation Failure) [PSYoungGen: 348032K->192K(351232K)] 661434K->313594K(858624K), 0.0015821 secs] [Times: user=0.00 sys=0.00, real=0.00 secs] 
614.148: [GC (Allocation Failure) [PSYoungGen: 349888K->1440K(351744K)] 663290K->314858K(859136K), 0.0020639 secs] [Times: user=0.01 sys=0.00, real=0.00 secs] 
617.874: [GC (Allocation Failure) [PSYoungGen: 351136K->1408K(355328K)] 664554K->314834K(862720K), 0.0021006 secs] [Times: user=0.01 sys=0.00, real=0.00 secs] 
621.561: [GC (Allocation Failure) [PSYoungGen: 354688K->1456K(355328K)] 668114K->314882K(862720K), 0.0023080 secs] [Times: user=0.00 sys=0.00, real=0.01 secs] 
625.289: [GC (Allocation Failure) [PSYoungGen: 354736K->1440K(358912K)] 668162K->314866K(866304K), 0.0028653 secs] [Times: user=0.01 sys=0.00, real=0.01 secs] 
630.058: [GC (Allocation Failure) [PSYoungGen: 358304K->1440K(358912K)] 671730K->314874K(866304K), 0.0053459 secs] [Times: user=0.02 sys=0.00, real=0.01 secs] 
634.067: [GC (Allocation Failure) [PSYoungGen: 358304K->1408K(363008K)] 671738K->314858K(870400K), 0.0019553 secs] [Times: user=0.00 sys=0.00, real=0.00 secs] 
636.789: [GC (Allocation Failure) [PSYoungGen: 362880K->1440K(363520K)] 676330K->314898K(870912K), 0.0018928 secs] [Times: user=0.01 sys=0.00, real=0.01 secs] 
641.517: [GC (Allocation Failure) [PSYoungGen: 362912K->1456K(368128K)] 676370K->314922K(875520K), 0.0026904 secs] [Times: user=0.01 sys=0.00, real=0.00 secs] 
647.106: [GC (Allocation Failure) [PSYoungGen: 367536K->1408K(368128K)] 681002K->314874K(875520K), 0.0026910 secs] [Times: user=0.01 sys=0.00, real=0.00 secs] 
651.607: [GC (Allocation Failure) [PSYoungGen: 367488K->1373K(371200K)] 680954K->314839K(878592K), 0.0015024 secs] [Times: user=0.00 sys=0.00, real=0.00 secs] 
655.625: [GC (Allocation Failure) [PSYoungGen: 371037K->1424K(371712K)] 684503K->314890K(879104K), 0.0019264 secs] [Times: user=0.01 sys=0.01, real=0.00 secs] 
659.019: [GC (Allocation Failure) [PSYoungGen: 371088K->1408K(375296K)] 684554K->314874K(882688K), 0.0034398 secs] [Times: user=0.01 sys=0.01, real=0.01 secs] 
662.041: [GC (Allocation Failure) [PSYoungGen: 374656K->1456K(375296K)] 688122K->314930K(882688K), 0.0025253 secs] [Times: user=0.01 sys=0.00, real=0.00 secs] 
665.796: [GC (Allocation Failure) [PSYoungGen: 374704K->1405K(379904K)] 688178K->314879K(887296K), 0.0016018 secs] [Times: user=0.01 sys=0.00, real=0.00 secs] 
669.964: [GC (Allocation Failure) [PSYoungGen: 379261K->1408K(379904K)] 692735K->314898K(887296K), 0.0021423 secs] [Times: user=0.01 sys=0.00, real=0.00 secs] 
674.383: [GC (Allocation Failure) [PSYoungGen: 379264K->1440K(384000K)] 692754K->314930K(891392K), 0.0032823 secs] [Times: user=0.01 sys=0.00, real=0.00 secs] 
677.878: [GC (Allocation Failure) [PSYoungGen: 383392K->1472K(384000K)] 696882K->314970K(891392K), 0.0026294 secs] [Times: user=0.01 sys=0.00, real=0.00 secs] 
683.353: [GC (Allocation Failure) [PSYoungGen: 383424K->1440K(387584K)] 696922K->314954K(894976K), 0.0022176 secs] [Times: user=0.01 sys=0.00, real=0.00 secs] 
688.967: [GC (Allocation Failure) [PSYoungGen: 387488K->1408K(388096K)] 701002K->314930K(895488K), 0.0017126 secs] [Times: user=0.00 sys=0.00, real=0.00 secs] 
693.403: [GC (Allocation Failure) [PSYoungGen: 387456K->1472K(392192K)] 700978K->315010K(899584K), 0.0031962 secs] [Times: user=0.01 sys=0.01, real=0.00 secs] 
698.463: [GC (Allocation Failure) [PSYoungGen: 391616K->1405K(392192K)] 705154K->314951K(899584K), 0.0014323 secs] [Times: user=0.01 sys=0.00, real=0.00 secs] 
702.147: [GC (Allocation Failure) [PSYoungGen: 391549K->1472K(395776K)] 705095K->315026K(903168K), 0.0027327 secs] [Times: user=0.01 sys=0.00, real=0.00 secs] 
706.728: [GC (Allocation Failure) [PSYoungGen: 395200K->1472K(395776K)] 708754K->315034K(903168K), 0.0019256 secs] [Times: user=0.01 sys=0.00, real=0.00 secs] 
711.691: [GC (Allocation Failure) [PSYoungGen: 395200K->1472K(399872K)] 708762K->315034K(907264K), 0.0024746 secs] [Times: user=0.01 sys=0.00, real=0.01 secs] 
715.287: [GC (Allocation Failure) [PSYoungGen: 399296K->1472K(399872K)] 712858K->315042K(907264K), 0.0021117 secs] [Times: user=0.01 sys=0.00, real=0.00 secs] 
719.370: [GC (Allocation Failure) [PSYoungGen: 399296K->1472K(403968K)] 712866K->315050K(911360K), 0.0029854 secs] [Times: user=0.01 sys=0.00, real=0.01 secs] 
724.702: [GC (Allocation Failure) [PSYoungGen: 403392K->1424K(403968K)] 716970K->315002K(911360K), 0.0028179 secs] [Times: user=0.01 sys=0.00, real=0.00 secs] 
728.397: [GC (Allocation Failure) [PSYoungGen: 403344K->1440K(408064K)] 716922K->315018K(915456K), 0.0028509 secs] [Times: user=0.01 sys=0.00, real=0.00 secs] 
731.892: [GC (Allocation Failure) [PSYoungGen: 407456K->1408K(408064K)] 721034K->314986K(915456K), 0.0021292 secs] [Times: user=0.01 sys=0.00, real=0.00 secs] 
735.871: [GC (Allocation Failure) [PSYoungGen: 407424K->1952K(412672K)] 721002K->315538K(920064K), 0.0017001 secs] [Times: user=0.01 sys=0.00, real=0.01 secs] 
738.774: [GC (Allocation Failure) [PSYoungGen: 412576K->1504K(412672K)] 726162K->315090K(920064K), 0.0015109 secs] [Times: user=0.01 sys=0.00, real=0.00 secs] 
743.013: [GC (Allocation Failure) [PSYoungGen: 412128K->1440K(416768K)] 725714K->315034K(924160K), 0.0024333 secs] [Times: user=0.01 sys=0.00, real=0.00 secs] 
747.758: [GC (Allocation Failure) [PSYoungGen: 416160K->1440K(416768K)] 729754K->315042K(924160K), 0.0019549 secs] [Times: user=0.01 sys=0.00, real=0.00 secs] 
752.189: [GC (Allocation Failure) [PSYoungGen: 416160K->1456K(420864K)] 729762K->315066K(928256K), 0.0023512 secs] [Times: user=0.01 sys=0.00, real=0.01 secs] 
756.206: [GC (Allocation Failure) [PSYoungGen: 420272K->1344K(420864K)] 733882K->314962K(928256K), 0.0046840 secs] [Times: user=0.02 sys=0.00, real=0.00 secs] 
761.345: [GC (Allocation Failure) [PSYoungGen: 420160K->1440K(425984K)] 733778K->315066K(933376K), 0.0023427 secs] [Times: user=0.01 sys=0.00, real=0.00 secs] 
764.304: [GC (Allocation Failure) [PSYoungGen: 425376K->1408K(425984K)] 739002K->315042K(933376K), 0.0016598 secs] [Times: user=0.01 sys=0.00, real=0.00 secs] 
767.989: [GC (Allocation Failure) [PSYoungGen: 425344K->1424K(430592K)] 738978K->315058K(937984K), 0.0026349 secs] [Times: user=0.01 sys=0.00, real=0.01 secs] 
774.350: [GC (Allocation Failure) [PSYoungGen: 429968K->1405K(430592K)] 743602K->315039K(937984K), 0.0015705 secs] [Times: user=0.01 sys=0.00, real=0.01 secs] 
781.170: [GC (Allocation Failure) [PSYoungGen: 429949K->1440K(434176K)] 743583K->315082K(941568K), 0.0024608 secs] [Times: user=0.01 sys=0.00, real=0.01 secs] 
784.263: [GC (Allocation Failure) [PSYoungGen: 434080K->1408K(434688K)] 747722K->315058K(942080K), 0.0028652 secs] [Times: user=0.01 sys=0.00, real=0.00 secs] 
787.828: [GC (Allocation Failure) [PSYoungGen: 434048K->1440K(439296K)] 747698K->315098K(946688K), 0.0028330 secs] [Times: user=0.01 sys=0.00, real=0.00 secs] 
792.894: [GC (Allocation Failure) [PSYoungGen: 438688K->1392K(439296K)] 752346K->315058K(946688K), 0.0025055 secs] [Times: user=0.01 sys=0.00, real=0.00 secs] 
800.013: [GC (Allocation Failure) [PSYoungGen: 438640K->1456K(443392K)] 752306K->315138K(950784K), 0.0036085 secs] [Times: user=0.02 sys=0.00, real=0.00 secs] 
805.085: [GC (Allocation Failure) [PSYoungGen: 443312K->1456K(443904K)] 756994K->315138K(951296K), 0.0025302 secs] [Times: user=0.01 sys=0.00, real=0.00 secs] 
809.852: [GC (Allocation Failure) [PSYoungGen: 443312K->1408K(448512K)] 756994K->315106K(955904K), 0.0021495 secs] [Times: user=0.00 sys=0.00, real=0.00 secs] 
815.091: [GC (Allocation Failure) [PSYoungGen: 447872K->1376K(448512K)] 761570K->315074K(955904K), 0.0023322 secs] [Times: user=0.01 sys=0.00, real=0.01 secs] 
820.038: [GC (Allocation Failure) [PSYoungGen: 447840K->1472K(452608K)] 761538K->315178K(960000K), 0.0019345 secs] [Times: user=0.01 sys=0.00, real=0.00 secs] 
823.254: [GC (Allocation Failure) [PSYoungGen: 452032K->1440K(452608K)] 765738K->315154K(960000K), 0.0019507 secs] [Times: user=0.01 sys=0.00, real=0.00 secs] 
828.713: [GC (Allocation Failure) [PSYoungGen: 452000K->1408K(457216K)] 765714K->315130K(964608K), 0.0036254 secs] [Times: user=0.01 sys=0.00, real=0.00 secs] 
832.849: [GC (Allocation Failure) [PSYoungGen: 456576K->1472K(457216K)] 770298K->315202K(964608K), 0.0018969 secs] [Times: user=0.01 sys=0.00, real=0.00 secs] 
838.577: [GC (Allocation Failure) [PSYoungGen: 456640K->1440K(461312K)] 770370K->315178K(968704K), 0.0029318 secs] [Times: user=0.01 sys=0.00, real=0.00 secs] 
846.117: [GC (Allocation Failure) [PSYoungGen: 461216K->1440K(461824K)] 774954K->315186K(969216K), 0.0023871 secs] [Times: user=0.01 sys=0.00, real=0.00 secs] 
852.573: [GC (Allocation Failure) [PSYoungGen: 461728K->1472K(465408K)] 775474K->315226K(972800K), 0.0019928 secs] [Times: user=0.00 sys=0.01, real=0.00 secs] 
856.938: [GC (Allocation Failure) [PSYoungGen: 465344K->1424K(465408K)] 779098K->315178K(972800K), 0.0022073 secs] [Times: user=0.01 sys=0.00, real=0.00 secs] 
864.293: [GC (Allocation Failure) [PSYoungGen: 465296K->1440K(468992K)] 779050K->315202K(976384K), 0.0025741 secs] [Times: user=0.00 sys=0.00, real=0.00 secs] 
870.468: [GC (Allocation Failure) [PSYoungGen: 468896K->1440K(469504K)] 782658K->315202K(976896K), 0.0018197 secs] [Times: user=0.01 sys=0.00, real=0.00 secs] 
874.252: [GC (Allocation Failure) [PSYoungGen: 469408K->1440K(472576K)] 783170K->315218K(979968K), 0.0020758 secs] [Times: user=0.01 sys=0.00, real=0.00 secs] 
877.867: [GC (Allocation Failure) [PSYoungGen: 472480K->1456K(472576K)] 786258K->315234K(979968K), 0.0021355 secs] [Times: user=0.01 sys=0.00, real=0.00 secs] 
883.585: [GC (Allocation Failure) [PSYoungGen: 472496K->1472K(476672K)] 786274K->315250K(984064K), 0.0023328 secs] [Times: user=0.01 sys=0.00, real=0.00 secs] 
888.554: [GC (Allocation Failure) [PSYoungGen: 476608K->1408K(476672K)] 790386K->315194K(984064K), 0.0019466 secs] [Times: user=0.01 sys=0.00, real=0.00 secs] 
891.360: [GC (Allocation Failure) [PSYoungGen: 476544K->1405K(480768K)] 790330K->315207K(988160K), 0.0016619 secs] [Times: user=0.01 sys=0.00, real=0.01 secs] 
896.974: [GC (Allocation Failure) [PSYoungGen: 480637K->1440K(480768K)] 794439K->315250K(988160K), 0.0022663 secs] [Times: user=0.01 sys=0.00, real=0.00 secs] 
902.296: [GC (Allocation Failure) [PSYoungGen: 480672K->1440K(484864K)] 794482K->315266K(992256K), 0.0036943 secs] [Times: user=0.02 sys=0.00, real=0.00 secs] 
906.375: [GC (Allocation Failure) [PSYoungGen: 484768K->1472K(484864K)] 798594K->315314K(992256K), 0.0019537 secs] [Times: user=0.00 sys=0.00, real=0.00 secs] 
913.041: [GC (Allocation Failure) [PSYoungGen: 484800K->1440K(488960K)] 798642K->315290K(996352K), 0.0020345 secs] [Times: user=0.00 sys=0.00, real=0.00 secs] 
919.073: [GC (Allocation Failure) [PSYoungGen: 488864K->1408K(489472K)] 802714K->315266K(996864K), 0.0016809 secs] [Times: user=0.01 sys=0.00, real=0.00 secs] 
924.436: [GC (Allocation Failure) [PSYoungGen: 489344K->1440K(493056K)] 803202K->315306K(1000448K), 0.0021573 secs] [Times: user=0.01 sys=0.00, real=0.00 secs] 
931.850: [GC (Allocation Failure) [PSYoungGen: 492960K->1440K(493056K)] 806826K->315314K(1000448K), 0.0020385 secs] [Times: user=0.00 sys=0.00, real=0.01 secs] 
936.703: [GC (Allocation Failure) [PSYoungGen: 492960K->1408K(496640K)] 806834K->315282K(1004032K), 0.0015061 secs] [Times: user=0.00 sys=0.00, real=0.00 secs] 
940.932: [GC (Allocation Failure) [PSYoungGen: 496512K->1472K(496640K)] 810386K->315362K(1004032K), 0.0018904 secs] [Times: user=0.01 sys=0.00, real=0.00 secs] 
945.829: [GC (Allocation Failure) [PSYoungGen: 496576K->1440K(500224K)] 810466K->315338K(1007616K), 0.0017503 secs] [Times: user=0.01 sys=0.00, real=0.00 secs] 
951.721: [GC (Allocation Failure) [PSYoungGen: 500128K->1373K(500224K)] 814026K->315287K(1007616K), 0.0015451 secs] [Times: user=0.01 sys=0.00, real=0.00 secs] 
959.362: [GC (Allocation Failure) [PSYoungGen: 500061K->1408K(503808K)] 813975K->315330K(1011200K), 0.0038115 secs] [Times: user=0.01 sys=0.00, real=0.00 secs] 
965.231: [GC (Allocation Failure) [PSYoungGen: 503680K->1440K(503808K)] 817602K->315362K(1011200K), 0.0019931 secs] [Times: user=0.01 sys=0.00, real=0.00 secs] 
971.129: [GC (Allocation Failure) [PSYoungGen: 503712K->1456K(507392K)] 817634K->315378K(1014784K), 0.0015845 secs] [Times: user=0.01 sys=0.00, real=0.00 secs] 
978.165: [GC (Allocation Failure) [PSYoungGen: 507312K->1440K(507392K)] 821234K->315362K(1014784K), 0.0023884 secs] [Times: user=0.00 sys=0.00, real=0.00 secs] 
982.824: [GC (Allocation Failure) [PSYoungGen: 507296K->1440K(510976K)] 821218K->315362K(1018368K), 0.0017112 secs] [Times: user=0.01 sys=0.00, real=0.00 secs] 
987.606: [GC (Allocation Failure) [PSYoungGen: 510880K->1456K(510976K)] 824802K->315386K(1018368K), 0.0042661 secs] [Times: user=0.01 sys=0.00, real=0.00 secs] 
992.768: [GC (Allocation Failure) [PSYoungGen: 510896K->1440K(515584K)] 824826K->315378K(1022976K), 0.0022132 secs] [Times: user=0.01 sys=0.00, real=0.00 secs] 
998.671: [GC (Allocation Failure) [PSYoungGen: 515488K->1408K(515584K)] 829426K->315346K(1022976K), 0.0031435 secs] [Times: user=0.02 sys=0.00, real=0.01 secs] 
1005.798: [GC (Allocation Failure) [PSYoungGen: 515456K->1440K(520192K)] 829394K->315378K(1027584K), 0.0039115 secs] [Times: user=0.01 sys=0.00, real=0.01 secs] 
1011.912: [GC (Allocation Failure) [PSYoungGen: 520096K->1405K(520192K)] 834034K->315359K(1027584K), 0.0015873 secs] [Times: user=0.00 sys=0.00, real=0.00 secs] 
1017.286: [GC (Allocation Failure) [PSYoungGen: 520061K->1488K(524800K)] 834015K->315442K(1032192K), 0.0036166 secs] [Times: user=0.01 sys=0.00, real=0.00 secs] 
1024.898: [GC (Allocation Failure) [PSYoungGen: 524752K->1504K(524800K)] 838706K->315466K(1032192K), 0.0026132 secs] [Times: user=0.01 sys=0.00, real=0.01 secs] 
1029.825: [GC (Allocation Failure) [PSYoungGen: 524768K->1472K(529408K)] 838730K->315442K(1036800K), 0.0020467 secs] [Times: user=0.01 sys=0.00, real=0.00 secs] 
1035.410: [GC (Allocation Failure) [PSYoungGen: 529344K->672K(529408K)] 843314K->315666K(1036800K), 0.0020674 secs] [Times: user=0.01 sys=0.00, real=0.01 secs] 
1043.744: [GC (Allocation Failure) [PSYoungGen: 528544K->1440K(534016K)] 843538K->316458K(1041408K), 0.0037290 secs] [Times: user=0.01 sys=0.00, real=0.00 secs] 
1050.900: [GC (Allocation Failure) [PSYoungGen: 533408K->1472K(534016K)] 848426K->316506K(1041408K), 0.0022695 secs] [Times: user=0.00 sys=0.00, real=0.01 secs] 
1057.719: [GC (Allocation Failure) [PSYoungGen: 533440K->1440K(538112K)] 848474K->316482K(1045504K), 0.0020247 secs] [Times: user=0.01 sys=0.00, real=0.01 secs] 
1060.834: [GC (Allocation Failure) [PSYoungGen: 537504K->1440K(538112K)] 852546K->316498K(1045504K), 0.0015205 secs] [Times: user=0.01 sys=0.00, real=0.00 secs] 
1064.932: [GC (Allocation Failure) [PSYoungGen: 537504K->1424K(542208K)] 852562K->316490K(1049600K), 0.0014110 secs] [Times: user=0.01 sys=0.00, real=0.00 secs] 
1071.133: [GC (Allocation Failure) [PSYoungGen: 541584K->1440K(542208K)] 856650K->316506K(1049600K), 0.0019434 secs] [Times: user=0.01 sys=0.00, real=0.00 secs] 
1076.092: [GC (Allocation Failure) [PSYoungGen: 541600K->1408K(546304K)] 856666K->316482K(1053696K), 0.0042338 secs] [Times: user=0.01 sys=0.00, real=0.00 secs] 
1080.928: [GC (Allocation Failure) [PSYoungGen: 545664K->1472K(546304K)] 860738K->316554K(1053696K), 0.0018696 secs] [Times: user=0.00 sys=0.00, real=0.00 secs] 
1085.027: [GC (Allocation Failure) [PSYoungGen: 545728K->1440K(550912K)] 860810K->316522K(1058304K), 0.0040476 secs] [Times: user=0.02 sys=0.01, real=0.00 secs] 
1091.348: [GC (Allocation Failure) [PSYoungGen: 550304K->1456K(550912K)] 865386K->316538K(1058304K), 0.0021949 secs] [Times: user=0.01 sys=0.00, real=0.00 secs] 
1098.665: [GC (Allocation Failure) [PSYoungGen: 550320K->1472K(555008K)] 865402K->316554K(1062400K), 0.0017271 secs] [Times: user=0.01 sys=0.00, real=0.00 secs] 
1104.205: [GC (Allocation Failure) [PSYoungGen: 554944K->1440K(556032K)] 870026K->316530K(1063424K), 0.0026755 secs] [Times: user=0.01 sys=0.00, real=0.00 secs] 
1108.039: [GC (Allocation Failure) [PSYoungGen: 555424K->1424K(560640K)] 870514K->316514K(1068032K), 0.0019073 secs] [Times: user=0.00 sys=0.00, real=0.01 secs] 
1113.336: [GC (Allocation Failure) [PSYoungGen: 560016K->1408K(560640K)] 875106K->316498K(1068032K), 0.0021480 secs] [Times: user=0.01 sys=0.00, real=0.00 secs] 
1119.922: [GC (Allocation Failure) [PSYoungGen: 560000K->1440K(565248K)] 875090K->316530K(1072640K), 0.0023599 secs] [Times: user=0.01 sys=0.01, real=0.00 secs] 
1126.609: [GC (Allocation Failure) [PSYoungGen: 564640K->1440K(565248K)] 879730K->316530K(1072640K), 0.0037959 secs] [Times: user=0.01 sys=0.00, real=0.01 secs] 
1134.378: [GC (Allocation Failure) [PSYoungGen: 564640K->1440K(569344K)] 879730K->316546K(1076736K), 0.0024593 secs] [Times: user=0.01 sys=0.01, real=0.00 secs] 
1139.843: [GC (Allocation Failure) [PSYoungGen: 569248K->1472K(569856K)] 884354K->316602K(1077248K), 0.0035516 secs] [Times: user=0.01 sys=0.00, real=0.00 secs] 
1147.698: [GC (Allocation Failure) [PSYoungGen: 569280K->1280K(573952K)] 884410K->316426K(1081344K), 0.0017283 secs] [Times: user=0.00 sys=0.00, real=0.00 secs] 
1153.182: [GC (Allocation Failure) [PSYoungGen: 573696K->1440K(574464K)] 888842K->316586K(1081856K), 0.0019878 secs] [Times: user=0.01 sys=0.00, real=0.00 secs] 
1162.993: [GC (Allocation Failure) [PSYoungGen: 573856K->1472K(578048K)] 889002K->316626K(1085440K), 0.0027865 secs] [Times: user=0.01 sys=0.00, real=0.00 secs] 
1167.053: [GC (Allocation Failure) [PSYoungGen: 577984K->1376K(578560K)] 893138K->316530K(1085952K), 0.0016874 secs] [Times: user=0.00 sys=0.00, real=0.00 secs] 
1175.266: [GC (Allocation Failure) [PSYoungGen: 577888K->1408K(582656K)] 893042K->316570K(1090048K), 0.0025739 secs] [Times: user=0.01 sys=0.01, real=0.00 secs] 
1179.357: [GC (Allocation Failure) [PSYoungGen: 582016K->1424K(582656K)] 897178K->316586K(1090048K), 0.0019094 secs] [Times: user=0.01 sys=0.00, real=0.00 secs] 
1184.287: [GC (Allocation Failure) [PSYoungGen: 582032K->1472K(586240K)] 897194K->316642K(1093632K), 0.0021905 secs] [Times: user=0.01 sys=0.00, real=0.00 secs] 
1189.169: [GC (Allocation Failure) [PSYoungGen: 586176K->1440K(586752K)] 901346K->316618K(1094144K), 0.0018854 secs] [Times: user=0.01 sys=0.00, real=0.01 secs] 
1196.565: [GC (Allocation Failure) [PSYoungGen: 586144K->1376K(590336K)] 901322K->316554K(1097728K), 0.0022352 secs] [Times: user=0.01 sys=0.00, real=0.00 secs] 
1203.067: [GC (Allocation Failure) [PSYoungGen: 590176K->1456K(590848K)] 905354K->316634K(1098240K), 0.0029886 secs] [Times: user=0.01 sys=0.00, real=0.00 secs] 
1208.898: [GC (Allocation Failure) [PSYoungGen: 590768K->1408K(594944K)] 905946K->316602K(1102336K), 0.0018786 secs] [Times: user=0.01 sys=0.00, real=0.00 secs] 
1215.620: [GC (Allocation Failure) [PSYoungGen: 594816K->1408K(594944K)] 910010K->316602K(1102336K), 0.0021998 secs] [Times: user=0.01 sys=0.00, real=0.01 secs] 
1223.388: [GC (Allocation Failure) [PSYoungGen: 594816K->1424K(599040K)] 910010K->316618K(1106432K), 0.0026544 secs] [Times: user=0.01 sys=0.01, real=0.01 secs] 
1228.024: [GC (Allocation Failure) [PSYoungGen: 598928K->1440K(599040K)] 914122K->316634K(1106432K), 0.0020055 secs] [Times: user=0.01 sys=0.00, real=0.00 secs] 
1233.613: [GC (Allocation Failure) [PSYoungGen: 598944K->1440K(603136K)] 914138K->316634K(1110528K), 0.0041981 secs] [Times: user=0.01 sys=0.00, real=0.00 secs] 
1238.264: [GC (Allocation Failure) [PSYoungGen: 603040K->1440K(603136K)] 918234K->316642K(1110528K), 0.0017703 secs] [Times: user=0.01 sys=0.00, real=0.00 secs] 
1243.014: [GC (Allocation Failure) [PSYoungGen: 603040K->1440K(608256K)] 918242K->316650K(1115648K), 0.0021023 secs] [Times: user=0.01 sys=0.00, real=0.00 secs] 
1249.675: [GC (Allocation Failure) [PSYoungGen: 608160K->1440K(608256K)] 923370K->316658K(1115648K), 0.0024559 secs] [Times: user=0.01 sys=0.00, real=0.00 secs] 
1255.752: [GC (Allocation Failure) [PSYoungGen: 608160K->1440K(613376K)] 923378K->316658K(1120768K), 0.0033618 secs] [Times: user=0.01 sys=0.00, real=0.00 secs] 
1263.005: [GC (Allocation Failure) [PSYoungGen: 613280K->1440K(613376K)] 928498K->316674K(1120768K), 0.0021858 secs] [Times: user=0.01 sys=0.00, real=0.00 secs] 
1271.489: [GC (Allocation Failure) [PSYoungGen: 613280K->1424K(594944K)] 928514K->316666K(1102336K), 0.0036507 secs] [Times: user=0.01 sys=0.00, real=0.01 secs] 
1278.733: [GC (Allocation Failure) [PSYoungGen: 594832K->1408K(577536K)] 910074K->316650K(1084928K), 0.0032106 secs] [Times: user=0.01 sys=0.00, real=0.00 secs] 
1285.799: [GC (Allocation Failure) [PSYoungGen: 577408K->384K(559616K)] 892650K->316650K(1067008K), 0.0030129 secs] [Times: user=0.01 sys=0.00, real=0.01 secs] 
1291.150: [GC (Allocation Failure) [PSYoungGen: 559488K->1440K(544768K)] 875754K->317706K(1052160K), 0.0026384 secs] [Times: user=0.01 sys=0.00, real=0.01 secs] 
1298.961: [GC (Allocation Failure) [PSYoungGen: 544160K->1472K(528896K)] 860426K->317746K(1036288K), 0.0023858 secs] [Times: user=0.00 sys=0.00, real=0.01 secs] 
1306.416: [GC (Allocation Failure) [PSYoungGen: 528832K->1440K(514048K)] 845106K->317722K(1021440K), 0.0022325 secs] [Times: user=0.00 sys=0.00, real=0.00 secs] 
1312.693: [GC (Allocation Failure) [PSYoungGen: 513952K->1440K(499712K)] 830234K->317730K(1007104K), 0.0022558 secs] [Times: user=0.01 sys=0.00, real=0.00 secs] 
1317.187: [GC (Allocation Failure) [PSYoungGen: 499616K->1408K(485888K)] 815906K->317698K(993280K), 0.0017958 secs] [Times: user=0.01 sys=0.00, real=0.00 secs] 
1320.132: [GC (Allocation Failure) [PSYoungGen: 485760K->1408K(472576K)] 802050K->317698K(979968K), 0.0017157 secs] [Times: user=0.00 sys=0.00, real=0.00 secs] 
1324.927: [GC (Allocation Failure) [PSYoungGen: 472448K->1408K(459776K)] 788738K->317706K(967168K), 0.0032756 secs] [Times: user=0.01 sys=0.01, real=0.00 secs] 
1329.383: [GC (Allocation Failure) [PSYoungGen: 459648K->1440K(447488K)] 775946K->317746K(954880K), 0.0018173 secs] [Times: user=0.01 sys=0.00, real=0.00 secs] 
1332.862: [GC (Allocation Failure) [PSYoungGen: 447392K->1440K(435712K)] 763698K->317754K(943104K), 0.0021722 secs] [Times: user=0.01 sys=0.00, real=0.00 secs] 
1337.103: [GC (Allocation Failure) [PSYoungGen: 435616K->1440K(424448K)] 751930K->317762K(931840K), 0.0027228 secs] [Times: user=0.01 sys=0.00, real=0.00 secs] 
1341.147: [GC (Allocation Failure) [PSYoungGen: 424352K->1408K(413696K)] 740674K->317730K(921088K), 0.0020522 secs] [Times: user=0.01 sys=0.00, real=0.00 secs] 
1343.464: [GC (Allocation Failure) [PSYoungGen: 413568K->1392K(403456K)] 729890K->317722K(910848K), 0.0014730 secs] [Times: user=0.01 sys=0.00, real=0.00 secs] 
1347.197: [GC (Allocation Failure) [PSYoungGen: 403312K->1376K(393728K)] 719642K->317714K(901120K), 0.0028212 secs] [Times: user=0.01 sys=0.00, real=0.00 secs] 
1351.948: [GC (Allocation Failure) [PSYoungGen: 393568K->1424K(384000K)] 709906K->317762K(891392K), 0.0022269 secs] [Times: user=0.01 sys=0.00, real=0.00 secs] 
1355.230: [GC (Allocation Failure) [PSYoungGen: 383888K->1408K(374784K)] 700226K->317746K(882176K), 0.0018782 secs] [Times: user=0.01 sys=0.00, real=0.01 secs] 
1358.810: [GC (Allocation Failure) [PSYoungGen: 374656K->1440K(366080K)] 690994K->317778K(873472K), 0.0032396 secs] [Times: user=0.01 sys=0.00, real=0.01 secs] 
1361.026: [GC (Allocation Failure) [PSYoungGen: 365984K->1408K(357376K)] 682322K->317746K(864768K), 0.0018425 secs] [Times: user=0.01 sys=0.00, real=0.00 secs] 
1363.124: [GC (Allocation Failure) [PSYoungGen: 357248K->1392K(349184K)] 673586K->317730K(856576K), 0.0016868 secs] [Times: user=0.00 sys=0.00, real=0.00 secs] 
1365.427: [GC (Allocation Failure) [PSYoungGen: 349040K->1472K(340992K)] 665378K->317810K(848384K), 0.0018039 secs] [Times: user=0.01 sys=0.00, real=0.00 secs] 
1368.941: [GC (Allocation Failure) [PSYoungGen: 340928K->320K(332288K)] 657266K->317690K(839680K), 0.0022963 secs] [Times: user=0.01 sys=0.00, real=0.00 secs] 
1372.615: [GC (Allocation Failure) [PSYoungGen: 332096K->224K(326656K)] 649466K->317602K(834048K), 0.0012717 secs] [Times: user=0.01 sys=0.00, real=0.00 secs] 
1376.386: [GC (Allocation Failure) [PSYoungGen: 324832K->1376K(318976K)] 642210K->318754K(826368K), 0.0022642 secs] [Times: user=0.01 sys=0.00, real=0.00 secs] 
1381.055: [GC (Allocation Failure) [PSYoungGen: 318816K->1408K(312320K)] 636194K->318794K(819712K), 0.0022723 secs] [Times: user=0.01 sys=0.00, real=0.00 secs] 
1384.163: [GC (Allocation Failure) [PSYoungGen: 312192K->1408K(305664K)] 629578K->318802K(813056K), 0.0018332 secs] [Times: user=0.01 sys=0.00, real=0.00 secs] 
1385.956: [GC (Allocation Failure) [PSYoungGen: 305536K->1408K(299008K)] 622930K->318802K(806400K), 0.0022301 secs] [Times: user=0.00 sys=0.01, real=0.00 secs] 
1387.999: [GC (Allocation Failure) [PSYoungGen: 298880K->1440K(292864K)] 616274K->318834K(800256K), 0.0017475 secs] [Times: user=0.00 sys=0.00, real=0.00 secs] 
1391.709: [GC (Allocation Failure) [PSYoungGen: 292768K->1376K(286720K)] 610162K->318770K(794112K), 0.0028443 secs] [Times: user=0.01 sys=0.00, real=0.01 secs] 
1395.449: [GC (Allocation Failure) [PSYoungGen: 286560K->1440K(281088K)] 603954K->318834K(788480K), 0.0019021 secs] [Times: user=0.01 sys=0.00, real=0.01 secs] 
1398.219: [GC (Allocation Failure) [PSYoungGen: 280992K->1376K(275456K)] 598386K->318770K(782848K), 0.0042501 secs] [Times: user=0.01 sys=0.00, real=0.01 secs] 
1401.397: [GC (Allocation Failure) [PSYoungGen: 275296K->1504K(269824K)] 592690K->318906K(777216K), 0.0015574 secs] [Times: user=0.01 sys=0.00, real=0.00 secs] 
1403.007: [GC (Allocation Failure) [PSYoungGen: 269792K->1408K(264704K)] 587194K->318810K(772096K), 0.0021869 secs] [Times: user=0.01 sys=0.00, real=0.00 secs] 
1404.706: [GC (Allocation Failure) [PSYoungGen: 264576K->1408K(259584K)] 581978K->318810K(766976K), 0.0023288 secs] [Times: user=0.01 sys=0.00, real=0.00 secs] 
1407.863: [GC (Allocation Failure) [PSYoungGen: 259456K->1440K(254464K)] 576858K->318850K(761856K), 0.0025816 secs] [Times: user=0.01 sys=0.00, real=0.00 secs] 
1411.874: [GC (Allocation Failure) [PSYoungGen: 254368K->1360K(249856K)] 571778K->318770K(757248K), 0.0027101 secs] [Times: user=0.01 sys=0.00, real=0.00 secs] 
1414.275: [GC (Allocation Failure) [PSYoungGen: 249680K->1408K(245248K)] 567090K->318818K(752640K), 0.0019703 secs] [Times: user=0.01 sys=0.00, real=0.00 secs] 
1415.730: [GC (Allocation Failure) [PSYoungGen: 245120K->1392K(240640K)] 562530K->318802K(748032K), 0.0016882 secs] [Times: user=0.00 sys=0.00, real=0.01 secs] 
1416.983: [GC (Allocation Failure) [PSYoungGen: 240496K->1341K(236544K)] 557906K->318751K(743936K), 0.0016461 secs] [Times: user=0.01 sys=0.00, real=0.00 secs] 
1418.731: [GC (Allocation Failure) [PSYoungGen: 236349K->1440K(232448K)] 553759K->318850K(739840K), 0.0019120 secs] [Times: user=0.01 sys=0.00, real=0.01 secs] 
1420.736: [GC (Allocation Failure) [PSYoungGen: 232352K->1408K(228352K)] 549762K->318818K(735744K), 0.0018136 secs] [Times: user=0.01 sys=0.00, real=0.00 secs] 
1424.837: [GC (Allocation Failure) [PSYoungGen: 228224K->1408K(224256K)] 545634K->318818K(731648K), 0.0029110 secs] [Times: user=0.01 sys=0.00, real=0.00 secs] 
1428.141: [GC (Allocation Failure) [PSYoungGen: 224128K->1408K(220672K)] 541538K->318826K(728064K), 0.0017647 secs] [Times: user=0.00 sys=0.00, real=0.00 secs] 
1429.274: [GC (Allocation Failure) [PSYoungGen: 220544K->1408K(217088K)] 537962K->318826K(724480K), 0.0019767 secs] [Times: user=0.00 sys=0.00, real=0.00 secs] 
1430.753: [GC (Allocation Failure) [PSYoungGen: 216960K->1440K(213504K)] 534378K->318858K(720896K), 0.0019312 secs] [Times: user=0.00 sys=0.00, real=0.00 secs] 
1432.536: [GC (Allocation Failure) [PSYoungGen: 213408K->1408K(209920K)] 530826K->318826K(717312K), 0.0020462 secs] [Times: user=0.01 sys=0.00, real=0.00 secs] 
1434.024: [GC (Allocation Failure) [PSYoungGen: 209792K->1392K(206336K)] 527210K->318810K(713728K), 0.0026774 secs] [Times: user=0.01 sys=0.00, real=0.00 secs] 
1436.965: [GC (Allocation Failure) [PSYoungGen: 206192K->1440K(203264K)] 523610K->318858K(710656K), 0.0019073 secs] [Times: user=0.00 sys=0.00, real=0.00 secs] 
1438.801: [GC (Allocation Failure) [PSYoungGen: 203168K->1408K(200192K)] 520586K->318834K(707584K), 0.0017224 secs] [Times: user=0.01 sys=0.00, real=0.00 secs] 
1440.594: [GC (Allocation Failure) [PSYoungGen: 200064K->1341K(197120K)] 517490K->318775K(704512K), 0.0020266 secs] [Times: user=0.01 sys=0.00, real=0.00 secs] 
1443.184: [GC (Allocation Failure) [PSYoungGen: 196925K->1408K(194048K)] 514359K->318842K(701440K), 0.0026673 secs] [Times: user=0.01 sys=0.00, real=0.00 secs] 
1445.942: [GC (Allocation Failure) [PSYoungGen: 193920K->1424K(190976K)] 511354K->318858K(698368K), 0.0018278 secs] [Times: user=0.01 sys=0.00, real=0.00 secs] 
1447.874: [GC (Allocation Failure) [PSYoungGen: 190864K->1312K(187904K)] 508298K->318746K(695296K), 0.0032173 secs] [Times: user=0.01 sys=0.00, real=0.00 secs] 
1449.480: [GC (Allocation Failure) [PSYoungGen: 187680K->1472K(185344K)] 505114K->318906K(692736K), 0.0016793 secs] [Times: user=0.01 sys=0.00, real=0.01 secs] 
1452.332: [GC (Allocation Failure) [PSYoungGen: 185280K->1408K(182784K)] 502714K->318842K(690176K), 0.0036907 secs] [Times: user=0.01 sys=0.00, real=0.00 secs] 
1456.048: [GC (Allocation Failure) [PSYoungGen: 182656K->1344K(180224K)] 500090K->318778K(687616K), 0.0039027 secs] [Times: user=0.01 sys=0.00, real=0.01 secs] 
1458.013: [GC (Allocation Failure) [PSYoungGen: 180032K->1408K(177664K)] 497466K->318850K(685056K), 0.0015571 secs] [Times: user=0.00 sys=0.01, real=0.00 secs] 
1458.743: [GC (Allocation Failure) [PSYoungGen: 177536K->1376K(175104K)] 494978K->318818K(682496K), 0.0019635 secs] [Times: user=0.01 sys=0.00, real=0.00 secs] 
1461.249: [GC (Allocation Failure) [PSYoungGen: 174944K->1408K(172544K)] 492386K->318850K(679936K), 0.0026569 secs] [Times: user=0.01 sys=0.00, real=0.01 secs] 
1463.943: [GC (Allocation Failure) [PSYoungGen: 172416K->416K(168960K)] 489858K->318882K(676352K), 0.0025364 secs] [Times: user=0.01 sys=0.00, real=0.00 secs] 
1464.632: [GC (Allocation Failure) [PSYoungGen: 168864K->352K(168448K)] 487330K->318818K(675840K), 0.0019944 secs] [Times: user=0.00 sys=0.00, real=0.00 secs] 
1466.054: [GC (Allocation Failure) [PSYoungGen: 166752K->1456K(165888K)] 485218K->319922K(673280K), 0.0018675 secs] [Times: user=0.01 sys=0.00, real=0.00 secs] 
1467.300: [GC (Allocation Failure) [PSYoungGen: 165808K->1408K(163840K)] 484274K->319874K(671232K), 0.0020398 secs] [Times: user=0.00 sys=0.00, real=0.01 secs] 
1468.924: [GC (Allocation Failure) [PSYoungGen: 163712K->1408K(161792K)] 482178K->319882K(669184K), 0.0018912 secs] [Times: user=0.00 sys=0.00, real=0.00 secs] 
1469.590: [GC (Allocation Failure) [PSYoungGen: 161664K->1376K(159744K)] 480138K->319850K(667136K), 0.0019366 secs] [Times: user=0.01 sys=0.00, real=0.01 secs] 
1471.659: [GC (Allocation Failure) [PSYoungGen: 159584K->1376K(157696K)] 478058K->319850K(665088K), 0.0033374 secs] [Times: user=0.02 sys=0.00, real=0.01 secs] 
1473.679: [GC (Allocation Failure) [PSYoungGen: 157536K->1376K(155648K)] 476010K->319850K(663040K), 0.0030937 secs] [Times: user=0.01 sys=0.00, real=0.01 secs] 
1474.980: [GC (Allocation Failure) [PSYoungGen: 155488K->1440K(153600K)] 473962K->319914K(660992K), 0.0016683 secs] [Times: user=0.00 sys=0.00, real=0.01 secs] 
1475.726: [GC (Allocation Failure) [PSYoungGen: 153504K->1344K(151552K)] 471978K->319826K(658944K), 0.0018267 secs] [Times: user=0.01 sys=0.00, real=0.00 secs] 
1478.011: [GC (Allocation Failure) [PSYoungGen: 151360K->1440K(149504K)] 469842K->319930K(656896K), 0.0022929 secs] [Times: user=0.01 sys=0.00, real=0.01 secs] 
1479.855: [GC (Allocation Failure) [PSYoungGen: 149408K->1344K(147968K)] 467898K->319834K(655360K), 0.0025918 secs] [Times: user=0.01 sys=0.00, real=0.00 secs] 
1481.762: [GC (Allocation Failure) [PSYoungGen: 147776K->1472K(146432K)] 466266K->319962K(653824K), 0.0025968 secs] [Times: user=0.01 sys=0.00, real=0.00 secs] 
1483.201: [GC (Allocation Failure) [PSYoungGen: 146368K->1376K(144896K)] 464858K->319866K(652288K), 0.0045796 secs] [Times: user=0.02 sys=0.00, real=0.01 secs] 
1485.570: [GC (Allocation Failure) [PSYoungGen: 144736K->1408K(143360K)] 463226K->319914K(650752K), 0.0028609 secs] [Times: user=0.01 sys=0.00, real=0.01 secs] 
1487.141: [GC (Allocation Failure) [PSYoungGen: 143232K->1344K(141824K)] 461738K->319850K(649216K), 0.0028736 secs] [Times: user=0.01 sys=0.00, real=0.00 secs] 
1489.429: [GC (Allocation Failure) [PSYoungGen: 141632K->1408K(140288K)] 460138K->319914K(647680K), 0.0023556 secs] [Times: user=0.01 sys=0.00, real=0.01 secs] 
1490.552: [GC (Allocation Failure) [PSYoungGen: 140160K->1360K(138752K)] 458666K->319866K(646144K), 0.0020264 secs] [Times: user=0.01 sys=0.00, real=0.00 secs] 
1492.314: [GC (Allocation Failure) [PSYoungGen: 138576K->1408K(137216K)] 457082K->319914K(644608K), 0.0026798 secs] [Times: user=0.01 sys=0.00, real=0.00 secs] 
1493.048: [GC (Allocation Failure) [PSYoungGen: 137088K->1424K(135680K)] 455594K->319938K(643072K), 0.0020794 secs] [Times: user=0.01 sys=0.00, real=0.00 secs] 
1494.223: [GC (Allocation Failure) [PSYoungGen: 135568K->1376K(134144K)] 454082K->319890K(641536K), 0.0019563 secs] [Times: user=0.00 sys=0.00, real=0.00 secs] 
1494.827: [GC (Allocation Failure) [PSYoungGen: 133984K->1376K(132608K)] 452498K->319890K(640000K), 0.0021128 secs] [Times: user=0.00 sys=0.00, real=0.00 secs] 
1496.214: [GC (Allocation Failure) [PSYoungGen: 132448K->1408K(131072K)] 450962K->319922K(638464K), 0.0025000 secs] [Times: user=0.01 sys=0.00, real=0.00 secs] 
1497.485: [GC (Allocation Failure) [PSYoungGen: 130944K->1392K(129536K)] 449458K->319906K(636928K), 0.0026661 secs] [Times: user=0.01 sys=0.00, real=0.00 secs] 
1498.429: [GC (Allocation Failure) [PSYoungGen: 129392K->1344K(128000K)] 447906K->319858K(635392K), 0.0028912 secs] [Times: user=0.01 sys=0.00, real=0.01 secs] 
1499.828: [GC (Allocation Failure) [PSYoungGen: 127808K->1376K(126464K)] 446322K->319890K(633856K), 0.0018611 secs] [Times: user=0.01 sys=0.00, real=0.00 secs] 
1500.625: [GC (Allocation Failure) [PSYoungGen: 126304K->1376K(125440K)] 444818K->319890K(632832K), 0.0024026 secs] [Times: user=0.01 sys=0.00, real=0.00 secs] 
1501.958: [GC (Allocation Failure) [PSYoungGen: 125280K->1408K(124416K)] 443794K->319930K(631808K), 0.0018509 secs] [Times: user=0.01 sys=0.00, real=0.00 secs] 
1502.469: [GC (Allocation Failure) [PSYoungGen: 124288K->352K(128512K)] 442810K->319898K(635904K), 0.0021769 secs] [Times: user=0.00 sys=0.00, real=0.01 secs] 
1503.731: [GC (Allocation Failure) [PSYoungGen: 128352K->1920K(128512K)] 447898K->321466K(635904K), 0.0017316 secs] [Times: user=0.01 sys=0.00, real=0.00 secs] 
1505.166: [GC (Allocation Failure) [PSYoungGen: 128384K->1344K(126464K)] 447930K->320890K(633856K), 0.0027679 secs] [Times: user=0.01 sys=0.00, real=0.00 secs] 
1506.247: [GC (Allocation Failure) [PSYoungGen: 126272K->1376K(125440K)] 445818K->320938K(632832K), 0.0025584 secs] [Times: user=0.01 sys=0.00, real=0.00 secs] 
1508.627: [GC (Allocation Failure) [PSYoungGen: 125280K->1376K(124416K)] 444842K->320938K(631808K), 0.0037886 secs] [Times: user=0.02 sys=0.00, real=0.00 secs] 
1510.186: [GC (Allocation Failure) [PSYoungGen: 124256K->1312K(123392K)] 443818K->320874K(630784K), 0.0036093 secs] [Times: user=0.02 sys=0.00, real=0.00 secs] 
1512.124: [GC (Allocation Failure) [PSYoungGen: 123168K->1376K(122368K)] 442730K->320938K(629760K), 0.0020651 secs] [Times: user=0.01 sys=0.00, real=0.00 secs] 
1514.141: [GC (Allocation Failure) [PSYoungGen: 122208K->1344K(121344K)] 441770K->320906K(628736K), 0.0037756 secs] [Times: user=0.01 sys=0.00, real=0.00 secs] 
1515.385: [GC (Allocation Failure) [PSYoungGen: 121152K->1376K(120320K)] 440714K->320938K(627712K), 0.0023536 secs] [Times: user=0.01 sys=0.00, real=0.00 secs] 
1517.529: [GC (Allocation Failure) [PSYoungGen: 120160K->1440K(119296K)] 439722K->321002K(626688K), 0.0047214 secs] [Times: user=0.02 sys=0.00, real=0.01 secs] 
1518.246: [GC (Allocation Failure) [PSYoungGen: 119200K->1376K(118272K)] 438762K->320946K(625664K), 0.0019666 secs] [Times: user=0.01 sys=0.00, real=0.00 secs] 
1519.162: [GC (Allocation Failure) [PSYoungGen: 118112K->1408K(117248K)] 437682K->320978K(624640K), 0.0016341 secs] [Times: user=0.01 sys=0.00, real=0.00 secs] 
1520.129: [GC (Allocation Failure) [PSYoungGen: 117120K->1392K(116224K)] 436690K->320962K(623616K), 0.0015845 secs] [Times: user=0.01 sys=0.00, real=0.00 secs] 
1521.372: [GC (Allocation Failure) [PSYoungGen: 116080K->1392K(115200K)] 435650K->320962K(622592K), 0.0034251 secs] [Times: user=0.01 sys=0.00, real=0.00 secs] 
1523.658: [GC (Allocation Failure) [PSYoungGen: 115056K->1408K(114176K)] 434626K->320978K(621568K), 0.0029098 secs] [Times: user=0.02 sys=0.00, real=0.01 secs] 
1525.103: [GC (Allocation Failure) [PSYoungGen: 114048K->1344K(113152K)] 433618K->320914K(620544K), 0.0029115 secs] [Times: user=0.02 sys=0.00, real=0.00 secs] 
1526.485: [GC (Allocation Failure) [PSYoungGen: 112960K->1373K(112128K)] 432530K->320943K(619520K), 0.0014846 secs] [Times: user=0.01 sys=0.00, real=0.00 secs] 
1527.418: [GC (Allocation Failure) [PSYoungGen: 111965K->1408K(111104K)] 431535K->320978K(618496K), 0.0027579 secs] [Times: user=0.01 sys=0.00, real=0.00 secs] 
1528.336: [GC (Allocation Failure) [PSYoungGen: 110976K->1376K(110080K)] 430546K->320946K(617472K), 0.0021485 secs] [Times: user=0.01 sys=0.00, real=0.00 secs] 
1529.829: [GC (Allocation Failure) [PSYoungGen: 109920K->1408K(109056K)] 429490K->320978K(616448K), 0.0021053 secs] [Times: user=0.01 sys=0.00, real=0.00 secs] 
1531.135: [GC (Allocation Failure) [PSYoungGen: 108928K->352K(107008K)] 428498K->320946K(614400K), 0.0027509 secs] [Times: user=0.01 sys=0.00, real=0.00 secs] 
1532.041: [GC (Allocation Failure) [PSYoungGen: 106848K->288K(107520K)] 427442K->320882K(614912K), 0.0023859 secs] [Times: user=0.01 sys=0.00, real=0.00 secs] 
1533.985: [GC (Allocation Failure) [PSYoungGen: 105760K->1408K(105984K)] 426354K->322002K(613376K), 0.0037489 secs] [Times: user=0.01 sys=0.00, real=0.00 secs] 
1535.064: [GC (Allocation Failure) [PSYoungGen: 105856K->1360K(104960K)] 426450K->321954K(612352K), 0.0025264 secs] [Times: user=0.01 sys=0.01, real=0.00 secs] 
1536.244: [GC (Allocation Failure) [PSYoungGen: 104784K->1376K(103936K)] 425378K->321970K(611328K), 0.0022849 secs] [Times: user=0.01 sys=0.00, real=0.00 secs] 
1537.430: [GC (Allocation Failure) [PSYoungGen: 103776K->1440K(102912K)] 424370K->322042K(610304K), 0.0017221 secs] [Times: user=0.00 sys=0.00, real=0.01 secs] 
1538.313: [GC (Allocation Failure) [PSYoungGen: 102816K->1344K(101888K)] 423418K->321946K(609280K), 0.0033370 secs] [Times: user=0.01 sys=0.00, real=0.00 secs] 
1539.269: [GC (Allocation Failure) [PSYoungGen: 101696K->1328K(100864K)] 422298K->321930K(608256K), 0.0034537 secs] [Times: user=0.01 sys=0.00, real=0.01 secs] 
1540.803: [GC (Allocation Failure) [PSYoungGen: 100656K->1408K(100352K)] 421258K->322010K(607744K), 0.0021279 secs] [Times: user=0.01 sys=0.00, real=0.00 secs] 
1541.537: [GC (Allocation Failure) [PSYoungGen: 100224K->1376K(99840K)] 420826K->321978K(607232K), 0.0019648 secs] [Times: user=0.01 sys=0.00, real=0.00 secs] 
1542.319: [GC (Allocation Failure) [PSYoungGen: 99680K->1376K(99328K)] 420282K->321978K(606720K), 0.0019310 secs] [Times: user=0.00 sys=0.00, real=0.00 secs] 
1544.152: [GC (Allocation Failure) [PSYoungGen: 99168K->1408K(98816K)] 419770K->322010K(606208K), 0.0031080 secs] [Times: user=0.01 sys=0.00, real=0.00 secs] 
1545.321: [GC (Allocation Failure) [PSYoungGen: 98688K->1376K(98304K)] 419290K->321978K(605696K), 0.0026677 secs] [Times: user=0.01 sys=0.00, real=0.00 secs] 
1546.123: [GC (Allocation Failure) [PSYoungGen: 98144K->1408K(97792K)] 418746K->322018K(605184K), 0.0026760 secs] [Times: user=0.01 sys=0.00, real=0.00 secs] 
1547.766: [GC (Allocation Failure) [PSYoungGen: 97664K->1376K(97280K)] 418274K->321986K(604672K), 0.0027311 secs] [Times: user=0.01 sys=0.00, real=0.00 secs] 
1549.172: [GC (Allocation Failure) [PSYoungGen: 97120K->1312K(96768K)] 417730K->321922K(604160K), 0.0035605 secs] [Times: user=0.01 sys=0.00, real=0.00 secs] 
1550.169: [GC (Allocation Failure) [PSYoungGen: 96544K->1376K(96256K)] 417154K->321986K(603648K), 0.0024147 secs] [Times: user=0.01 sys=0.00, real=0.01 secs] 
1551.733: [GC (Allocation Failure) [PSYoungGen: 96096K->1440K(95744K)] 416706K->322050K(603136K), 0.0039493 secs] [Times: user=0.02 sys=0.00, real=0.00 secs] 
1552.645: [GC (Allocation Failure) [PSYoungGen: 95648K->1408K(95232K)] 416258K->322018K(602624K), 0.0023324 secs] [Times: user=0.01 sys=0.00, real=0.00 secs] 
1553.073: [GC (Allocation Failure) [PSYoungGen: 95104K->1376K(99328K)] 415714K->321986K(606720K), 0.0020719 secs] [Times: user=0.01 sys=0.00, real=0.00 secs] 
1554.182: [GC (Allocation Failure) [PSYoungGen: 99168K->1408K(98816K)] 419778K->322018K(606208K), 0.0016774 secs] [Times: user=0.01 sys=0.00, real=0.00 secs] 
1555.164: [GC (Allocation Failure) [PSYoungGen: 98688K->1376K(102912K)] 419298K->322002K(610304K), 0.0039011 secs] [Times: user=0.01 sys=0.01, real=0.00 secs] 
1556.576: [GC (Allocation Failure) [PSYoungGen: 102752K->1376K(101888K)] 423378K->322002K(609280K), 0.0021969 secs] [Times: user=0.01 sys=0.00, real=0.00 secs] 
1558.168: [GC (Allocation Failure) [PSYoungGen: 101728K->1408K(100864K)] 422354K->322034K(608256K), 0.0019272 secs] [Times: user=0.00 sys=0.00, real=0.00 secs] 
1558.581: [GC (Allocation Failure) [PSYoungGen: 100736K->1408K(100352K)] 421362K->322034K(607744K), 0.0017518 secs] [Times: user=0.00 sys=0.01, real=0.01 secs] 
1558.991: [GC (Allocation Failure) [PSYoungGen: 100224K->1408K(104960K)] 420850K->322034K(612352K), 0.0018895 secs] [Times: user=0.01 sys=0.00, real=0.01 secs] 
1560.150: [GC (Allocation Failure) [PSYoungGen: 104832K->1408K(103936K)] 425458K->322034K(611328K), 0.0018423 secs] [Times: user=0.01 sys=0.00, real=0.01 secs] 
1561.113: [GC (Allocation Failure) [PSYoungGen: 103808K->1376K(108544K)] 424434K->322002K(615936K), 0.0034827 secs] [Times: user=0.01 sys=0.01, real=0.00 secs] 
1562.205: [GC (Allocation Failure) [PSYoungGen: 108384K->1312K(107520K)] 429010K->321938K(614912K), 0.0022248 secs] [Times: user=0.01 sys=0.00, real=0.00 secs] 
1563.138: [GC (Allocation Failure) [PSYoungGen: 107296K->1440K(106496K)] 427922K->322074K(613888K), 0.0018453 secs] [Times: user=0.01 sys=0.00, real=0.00 secs] 
1563.620: [GC (Allocation Failure) [PSYoungGen: 106400K->1408K(105472K)] 427034K->322042K(612864K), 0.0017346 secs] [Times: user=0.00 sys=0.00, real=0.01 secs] 
1564.170: [GC (Allocation Failure) [PSYoungGen: 105344K->1392K(104448K)] 425978K->322026K(611840K), 0.0018344 secs] [Times: user=0.01 sys=0.00, real=0.01 secs] 
1565.642: [GC (Allocation Failure) [PSYoungGen: 104304K->1440K(103424K)] 424938K->322074K(610816K), 0.0020692 secs] [Times: user=0.01 sys=0.00, real=0.00 secs] 
1566.142: [GC (Allocation Failure) [PSYoungGen: 103328K->1408K(108032K)] 423962K->322042K(615424K), 0.0023693 secs] [Times: user=0.01 sys=0.00, real=0.00 secs] 
1566.980: [GC (Allocation Failure) [PSYoungGen: 107904K->352K(112128K)] 428538K->322010K(619520K), 0.0032577 secs] [Times: user=0.01 sys=0.00, real=0.01 secs] 
1568.081: [GC (Allocation Failure) [PSYoungGen: 111968K->1408K(112640K)] 433626K->323066K(620032K), 0.0017441 secs] [Times: user=0.01 sys=0.00, real=0.01 secs] 
1568.540: [GC (Allocation Failure) [PSYoungGen: 112000K->1376K(117248K)] 433658K->323034K(624640K), 0.0019500 secs] [Times: user=0.01 sys=0.00, real=0.01 secs] 
1569.564: [GC (Allocation Failure) [PSYoungGen: 117088K->1376K(116224K)] 438746K->323034K(623616K), 0.0020625 secs] [Times: user=0.01 sys=0.00, real=0.00 secs] 
1570.041: [GC (Allocation Failure) [PSYoungGen: 116064K->1408K(121856K)] 437722K->323074K(629248K), 0.0019259 secs] [Times: user=0.00 sys=0.00, real=0.01 secs] 
1570.540: [GC (Allocation Failure) [PSYoungGen: 121728K->1440K(127488K)] 443394K->323106K(634880K), 0.0020060 secs] [Times: user=0.01 sys=0.00, real=0.01 secs] 
1571.594: [GC (Allocation Failure) [PSYoungGen: 127392K->1472K(125952K)] 449058K->323138K(633344K), 0.0015795 secs] [Times: user=0.00 sys=0.00, real=0.00 secs] 
1572.620: [GC (Allocation Failure) [PSYoungGen: 125888K->1376K(124928K)] 447554K->323042K(632320K), 0.0026474 secs] [Times: user=0.01 sys=0.00, real=0.01 secs] 
1573.952: [GC (Allocation Failure) [PSYoungGen: 124768K->1376K(123904K)] 446434K->323042K(631296K), 0.0016474 secs] [Times: user=0.01 sys=0.00, real=0.00 secs] 
1574.805: [GC (Allocation Failure) [PSYoungGen: 123744K->1376K(122880K)] 445410K->323042K(630272K), 0.0020680 secs] [Times: user=0.01 sys=0.00, real=0.00 secs] 
1575.999: [GC (Allocation Failure) [PSYoungGen: 122720K->1424K(121856K)] 444386K->323090K(629248K), 0.0018656 secs] [Times: user=0.01 sys=0.00, real=0.01 secs] 
1577.631: [GC (Allocation Failure) [PSYoungGen: 121744K->1440K(120832K)] 443410K->323106K(628224K), 0.0021770 secs] [Times: user=0.00 sys=0.00, real=0.01 secs] 
1578.897: [GC (Allocation Failure) [PSYoungGen: 120736K->1408K(119808K)] 442402K->323074K(627200K), 0.0023046 secs] [Times: user=0.01 sys=0.00, real=0.00 secs] 
1580.252: [GC (Allocation Failure) [PSYoungGen: 119680K->1408K(118784K)] 441346K->323074K(626176K), 0.0019530 secs] [Times: user=0.00 sys=0.00, real=0.00 secs] 
1580.956: [GC (Allocation Failure) [PSYoungGen: 118656K->1392K(117760K)] 440322K->323058K(625152K), 0.0019080 secs] [Times: user=0.00 sys=0.00, real=0.00 secs] 
1581.966: [GC (Allocation Failure) [PSYoungGen: 117616K->1408K(116736K)] 439282K->323074K(624128K), 0.0020715 secs] [Times: user=0.00 sys=0.00, real=0.00 secs] 
1583.798: [GC (Allocation Failure) [PSYoungGen: 116608K->1440K(115712K)] 438274K->323114K(623104K), 0.0020228 secs] [Times: user=0.01 sys=0.00, real=0.00 secs] 
1585.124: [GC (Allocation Failure) [PSYoungGen: 115616K->1376K(114688K)] 437290K->323050K(622080K), 0.0027703 secs] [Times: user=0.01 sys=0.00, real=0.00 secs] 
1586.789: [GC (Allocation Failure) [PSYoungGen: 114528K->1408K(113664K)] 436202K->323090K(621056K), 0.0016124 secs] [Times: user=0.01 sys=0.00, real=0.00 secs] 
1587.910: [GC (Allocation Failure) [PSYoungGen: 113536K->1360K(112640K)] 435218K->323058K(620032K), 0.0024215 secs] [Times: user=0.01 sys=0.00, real=0.01 secs] 
1588.922: [GC (Allocation Failure) [PSYoungGen: 112464K->1376K(111616K)] 434162K->323074K(619008K), 0.0020029 secs] [Times: user=0.01 sys=0.00, real=0.00 secs] 
1591.265: [GC (Allocation Failure) [PSYoungGen: 111456K->1408K(110592K)] 433154K->323106K(617984K), 0.0031581 secs] [Times: user=0.01 sys=0.00, real=0.00 secs] 
1592.651: [GC (Allocation Failure) [PSYoungGen: 110464K->320K(108544K)] 432162K->323042K(615936K), 0.0028430 secs] [Times: user=0.01 sys=0.01, real=0.00 secs] 
1594.025: [GC (Allocation Failure) [PSYoungGen: 108352K->352K(109056K)] 431074K->323074K(616448K), 0.0023890 secs] [Times: user=0.01 sys=0.00, real=0.00 secs] 
1595.870: [GC (Allocation Failure) [PSYoungGen: 107360K->1440K(107520K)] 430082K->324162K(614912K), 0.0017610 secs] [Times: user=0.01 sys=0.00, real=0.01 secs] 
1596.836: [GC (Allocation Failure) [PSYoungGen: 107424K->1376K(106496K)] 430146K->324098K(613888K), 0.0018542 secs] [Times: user=0.00 sys=0.00, real=0.00 secs] 
1597.437: [GC (Allocation Failure) [PSYoungGen: 106336K->1392K(105472K)] 429058K->324130K(612864K), 0.0015585 secs] [Times: user=0.00 sys=0.00, real=0.00 secs] 
1598.702: [GC (Allocation Failure) [PSYoungGen: 105328K->1440K(104448K)] 428066K->324178K(611840K), 0.0018328 secs] [Times: user=0.01 sys=0.01, real=0.00 secs] 
1599.280: [GC (Allocation Failure) [PSYoungGen: 104352K->1376K(103424K)] 427090K->324114K(610816K), 0.0015851 secs] [Times: user=0.00 sys=0.00, real=0.01 secs] 
1600.189: [GC (Allocation Failure) [PSYoungGen: 103264K->1341K(102400K)] 426002K->324079K(609792K), 0.0016156 secs] [Times: user=0.00 sys=0.00, real=0.00 secs] 
1601.564: [GC (Allocation Failure) [PSYoungGen: 102205K->1392K(101376K)] 424943K->324130K(608768K), 0.0033835 secs] [Times: user=0.01 sys=0.00, real=0.00 secs] 
1602.961: [GC (Allocation Failure) [PSYoungGen: 101232K->1344K(100864K)] 423970K->324082K(608256K), 0.0025458 secs] [Times: user=0.01 sys=0.01, real=0.00 secs] 
1604.421: [GC (Allocation Failure) [PSYoungGen: 100672K->224K(99328K)] 423410K->322962K(606720K), 0.0014278 secs] [Times: user=0.01 sys=0.00, real=0.00 secs] 
1604.862: [GC (Allocation Failure) [PSYoungGen: 99040K->1344K(105984K)] 421778K->324082K(613376K), 0.0035242 secs] [Times: user=0.01 sys=0.00, real=0.00 secs] 
1605.295: [GC (Allocation Failure) [PSYoungGen: 105280K->1376K(111104K)] 428018K->324122K(618496K), 0.0022644 secs] [Times: user=0.01 sys=0.00, real=0.00 secs] 
1606.856: [GC (Allocation Failure) [PSYoungGen: 110944K->1376K(116736K)] 433690K->324122K(624128K), 0.0033177 secs] [Times: user=0.01 sys=0.01, real=0.00 secs] 
1608.487: [GC (Allocation Failure) [PSYoungGen: 116576K->1376K(115712K)] 439322K->324122K(623104K), 0.0026056 secs] [Times: user=0.00 sys=0.00, real=0.00 secs] 
1609.930: [GC (Allocation Failure) [PSYoungGen: 115552K->1376K(114688K)] 438298K->324122K(622080K), 0.0032371 secs] [Times: user=0.01 sys=0.00, real=0.01 secs] 
1612.215: [GC (Allocation Failure) [PSYoungGen: 114528K->1408K(113664K)] 437274K->324154K(621056K), 0.0062289 secs] [Times: user=0.02 sys=0.00, real=0.01 secs] 
1613.369: [GC (Allocation Failure) [PSYoungGen: 113536K->1392K(112640K)] 436282K->324138K(620032K), 0.0040024 secs] [Times: user=0.02 sys=0.00, real=0.01 secs] 
1614.478: [GC (Allocation Failure) [PSYoungGen: 112496K->1360K(111616K)] 435242K->324106K(619008K), 0.0020285 secs] [Times: user=0.00 sys=0.00, real=0.00 secs] 
1615.888: [GC (Allocation Failure) [PSYoungGen: 111440K->1408K(110592K)] 434186K->324154K(617984K), 0.0021077 secs] [Times: user=0.01 sys=0.00, real=0.00 secs] 
1617.249: [GC (Allocation Failure) [PSYoungGen: 110464K->1328K(109568K)] 433210K->324090K(616960K), 0.0033312 secs] [Times: user=0.01 sys=0.01, real=0.01 secs] 
1619.096: [GC (Allocation Failure) [PSYoungGen: 109360K->1408K(108544K)] 432122K->324170K(615936K), 0.0021039 secs] [Times: user=0.01 sys=0.00, real=0.00 secs] 
1621.319: [GC (Allocation Failure) [PSYoungGen: 108416K->1376K(107520K)] 431178K->324138K(614912K), 0.0028542 secs] [Times: user=0.01 sys=0.00, real=0.01 secs] 
1623.127: [GC (Allocation Failure) [PSYoungGen: 107360K->1376K(106496K)] 430122K->324138K(613888K), 0.0028819 secs] [Times: user=0.01 sys=0.00, real=0.00 secs] 
1625.127: [GC (Allocation Failure) [PSYoungGen: 106336K->1408K(105472K)] 429098K->324170K(612864K), 0.0020384 secs] [Times: user=0.00 sys=0.00, real=0.00 secs] 
1626.689: [GC (Allocation Failure) [PSYoungGen: 105344K->1328K(104448K)] 428106K->324090K(611840K), 0.0023407 secs] [Times: user=0.00 sys=0.01, real=0.01 secs] 
1627.386: [GC (Allocation Failure) [PSYoungGen: 104240K->1344K(103424K)] 427002K->324106K(610816K), 0.0020559 secs] [Times: user=0.01 sys=0.00, real=0.00 secs] 
1628.866: [GC (Allocation Failure) [PSYoungGen: 103232K->1440K(102400K)] 425994K->324202K(609792K), 0.0019529 secs] [Times: user=0.01 sys=0.00, real=0.00 secs] 
1629.468: [GC (Allocation Failure) [PSYoungGen: 102304K->1392K(101376K)] 425066K->324154K(608768K), 0.0018227 secs] [Times: user=0.00 sys=0.00, real=0.00 secs] 
1629.996: [GC (Allocation Failure) [PSYoungGen: 101232K->1376K(100864K)] 423994K->324138K(608256K), 0.0018257 secs] [Times: user=0.01 sys=0.00, real=0.00 secs] 
1631.522: [GC (Allocation Failure) [PSYoungGen: 100704K->1408K(100352K)] 423466K->324170K(607744K), 0.0020513 secs] [Times: user=0.01 sys=0.00, real=0.00 secs] 
1632.242: [GC (Allocation Failure) [PSYoungGen: 100224K->1408K(99840K)] 422986K->324170K(607232K), 0.0020596 secs] [Times: user=0.01 sys=0.00, real=0.00 secs] 
1632.650: [GC (Allocation Failure) [PSYoungGen: 99712K->1376K(99328K)] 422474K->324138K(606720K), 0.0019583 secs] [Times: user=0.01 sys=0.00, real=0.01 secs] 
1634.080: [GC (Allocation Failure) [PSYoungGen: 99168K->1408K(98816K)] 421930K->324170K(606208K), 0.0020099 secs] [Times: user=0.00 sys=0.00, real=0.01 secs] 
1635.692: [GC (Allocation Failure) [PSYoungGen: 98688K->1376K(98304K)] 421450K->324146K(605696K), 0.0034172 secs] [Times: user=0.02 sys=0.00, real=0.00 secs] 
1636.983: [GC (Allocation Failure) [PSYoungGen: 98144K->1344K(97792K)] 420914K->324114K(605184K), 0.0027302 secs] [Times: user=0.01 sys=0.00, real=0.00 secs] 
1639.134: [GC (Allocation Failure) [PSYoungGen: 97600K->1408K(97280K)] 420370K->324178K(604672K), 0.0019981 secs] [Times: user=0.01 sys=0.00, real=0.00 secs] 
1640.162: [GC (Allocation Failure) [PSYoungGen: 97152K->1344K(96768K)] 419922K->324114K(604160K), 0.0023236 secs] [Times: user=0.01 sys=0.00, real=0.00 secs] 
1641.146: [GC (Allocation Failure) [PSYoungGen: 96576K->320K(95232K)] 419346K->324114K(602624K), 0.0024063 secs] [Times: user=0.01 sys=0.00, real=0.00 secs] 
1642.745: [GC (Allocation Failure) [PSYoungGen: 95040K->1408K(96256K)] 418834K->325202K(603648K), 0.0023277 secs] [Times: user=0.01 sys=0.00, real=0.00 secs] 
1643.698: [GC (Allocation Failure) [PSYoungGen: 95616K->1376K(95232K)] 419410K->325170K(602624K), 0.0026465 secs] [Times: user=0.01 sys=0.00, real=0.00 secs] 
1644.497: [GC (Allocation Failure) [PSYoungGen: 95072K->1376K(94720K)] 418866K->325170K(602112K), 0.0027718 secs] [Times: user=0.01 sys=0.00, real=0.00 secs] 
1645.765: [GC (Allocation Failure) [PSYoungGen: 94560K->1504K(94208K)] 418354K->325314K(601600K), 0.0017882 secs] [Times: user=0.01 sys=0.00, real=0.00 secs] 
1646.184: [GC (Allocation Failure) [PSYoungGen: 94176K->1376K(93696K)] 417986K->325186K(601088K), 0.0017511 secs] [Times: user=0.00 sys=0.00, real=0.00 secs] 
1646.599: [GC (Allocation Failure) [PSYoungGen: 93536K->1376K(93184K)] 417346K->325186K(600576K), 0.0018259 secs] [Times: user=0.01 sys=0.00, real=0.00 secs] 
1646.979: [GC (Allocation Failure) [PSYoungGen: 93024K->1408K(98304K)] 416834K->325218K(605696K), 0.0021324 secs] [Times: user=0.01 sys=0.00, real=0.01 secs] 
1647.877: [GC (Allocation Failure) [PSYoungGen: 98176K->1408K(97792K)] 421986K->325226K(605184K), 0.0017544 secs] [Times: user=0.00 sys=0.00, real=0.00 secs] 
1648.379: [GC (Allocation Failure) [PSYoungGen: 97664K->1360K(97280K)] 421482K->325178K(604672K), 0.0019626 secs] [Times: user=0.00 sys=0.01, real=0.01 secs] 
1649.111: [GC (Allocation Failure) [PSYoungGen: 97104K->1408K(96768K)] 420922K->325226K(604160K), 0.0021597 secs] [Times: user=0.01 sys=0.00, real=0.01 secs] 
1650.374: [GC (Allocation Failure) [PSYoungGen: 96640K->1424K(96256K)] 420458K->325242K(603648K), 0.0019827 secs] [Times: user=0.01 sys=0.00, real=0.00 secs] 
1650.891: [GC (Allocation Failure) [PSYoungGen: 96144K->1376K(95744K)] 419962K->325194K(603136K), 0.0019456 secs] [Times: user=0.01 sys=0.00, real=0.00 secs] 
1651.302: [GC (Allocation Failure) [PSYoungGen: 95584K->1344K(100352K)] 419402K->325170K(607744K), 0.0019289 secs] [Times: user=0.01 sys=0.00, real=0.00 secs] 
1654.385: [GC (Allocation Failure) [PSYoungGen: 100160K->1408K(99840K)] 423986K->325234K(607232K), 0.0037475 secs] [Times: user=0.02 sys=0.00, real=0.00 secs] 
1655.334: [GC (Allocation Failure) [PSYoungGen: 99712K->1376K(99328K)] 423538K->325202K(606720K), 0.0022150 secs] [Times: user=0.01 sys=0.00, real=0.00 secs] 
1656.294: [GC (Allocation Failure) [PSYoungGen: 99168K->1440K(98816K)] 422994K->325266K(606208K), 0.0022693 secs] [Times: user=0.01 sys=0.00, real=0.00 secs] 
1657.371: [GC (Allocation Failure) [PSYoungGen: 98720K->1408K(98304K)] 422546K->325234K(605696K), 0.0018036 secs] [Times: user=0.01 sys=0.00, real=0.00 secs] 
1658.020: [GC (Allocation Failure) [PSYoungGen: 98176K->1408K(97792K)] 422002K->325234K(605184K), 0.0032243 secs] [Times: user=0.01 sys=0.00, real=0.01 secs] 
1658.746: [GC (Allocation Failure) [PSYoungGen: 97664K->1408K(97280K)] 421490K->325234K(604672K), 0.0028532 secs] [Times: user=0.01 sys=0.00, real=0.00 secs] 
1660.173: [GC (Allocation Failure) [PSYoungGen: 97152K->1408K(96768K)] 420978K->325234K(604160K), 0.0016657 secs] [Times: user=0.00 sys=0.00, real=0.00 secs] 
1661.030: [GC (Allocation Failure) [PSYoungGen: 96640K->1376K(96256K)] 420466K->325202K(603648K), 0.0038250 secs] [Times: user=0.02 sys=0.00, real=0.01 secs] 
1661.690: [GC (Allocation Failure) [PSYoungGen: 96096K->1328K(95744K)] 419922K->325154K(603136K), 0.0022948 secs] [Times: user=0.00 sys=0.00, real=0.01 secs] 
1662.839: [GC (Allocation Failure) [PSYoungGen: 95536K->1408K(95232K)] 419362K->325242K(602624K), 0.0017663 secs] [Times: user=0.00 sys=0.00, real=0.00 secs] 
1663.281: [GC (Allocation Failure) [PSYoungGen: 95104K->288K(93696K)] 418938K->325146K(601088K), 0.0016705 secs] [Times: user=0.01 sys=0.00, real=0.00 secs] 
1663.668: [GC (Allocation Failure) [PSYoungGen: 93472K->352K(94720K)] 418330K->325210K(602112K), 0.0016285 secs] [Times: user=0.01 sys=0.00, real=0.00 secs] 
1664.579: [GC (Allocation Failure) [PSYoungGen: 93024K->1408K(93696K)] 417882K->326266K(601088K), 0.0017108 secs] [Times: user=0.00 sys=0.00, real=0.00 secs] 
1665.667: [GC (Allocation Failure) [PSYoungGen: 93568K->1376K(93184K)] 418426K->326234K(600576K), 0.0024398 secs] [Times: user=0.01 sys=0.00, real=0.00 secs] 
1666.640: [GC (Allocation Failure) [PSYoungGen: 93024K->1376K(92672K)] 417882K->326234K(600064K), 0.0022372 secs] [Times: user=0.01 sys=0.00, real=0.01 secs] 
1667.564: [GC (Allocation Failure) [PSYoungGen: 92512K->1373K(92160K)] 417370K->326231K(599552K), 0.0015419 secs] [Times: user=0.01 sys=0.00, real=0.00 secs] 
1668.949: [GC (Allocation Failure) [PSYoungGen: 91997K->1440K(91648K)] 416855K->326298K(599040K), 0.0021573 secs] [Times: user=0.01 sys=0.00, real=0.01 secs] 
1669.697: [GC (Allocation Failure) [PSYoungGen: 91552K->1376K(91136K)] 416410K->326234K(598528K), 0.0022463 secs] [Times: user=0.01 sys=0.00, real=0.00 secs] 
1670.411: [GC (Allocation Failure) [PSYoungGen: 90976K->1376K(90624K)] 415834K->326234K(598016K), 0.0026594 secs] [Times: user=0.01 sys=0.00, real=0.01 secs] 
1671.454: [GC (Allocation Failure) [PSYoungGen: 90464K->1408K(90112K)] 415322K->326274K(597504K), 0.0017941 secs] [Times: user=0.01 sys=0.00, real=0.00 secs] 
1671.895: [GC (Allocation Failure) [PSYoungGen: 89984K->1344K(89600K)] 414850K->326210K(596992K), 0.0024119 secs] [Times: user=0.01 sys=0.00, real=0.00 secs] 
1672.631: [GC (Allocation Failure) [PSYoungGen: 89408K->1376K(89088K)] 414274K->326242K(596480K), 0.0022150 secs] [Times: user=0.01 sys=0.00, real=0.01 secs] 
1673.993: [GC (Allocation Failure) [PSYoungGen: 88928K->1440K(88576K)] 413794K->326306K(595968K), 0.0022381 secs] [Times: user=0.01 sys=0.00, real=0.00 secs] 
1674.817: [GC (Allocation Failure) [PSYoungGen: 88480K->1344K(88064K)] 413346K->326210K(595456K), 0.0027848 secs] [Times: user=0.01 sys=0.00, real=0.00 secs] 
1675.562: [GC (Allocation Failure) [PSYoungGen: 87872K->1376K(87552K)] 412738K->326242K(594944K), 0.0022410 secs] [Times: user=0.01 sys=0.00, real=0.00 secs] 
1675.953: [GC (Allocation Failure) [PSYoungGen: 87392K->1376K(87040K)] 412258K->326242K(594432K), 0.0017771 secs] [Times: user=0.00 sys=0.00, real=0.00 secs] 
1676.756: [GC (Allocation Failure) [PSYoungGen: 86880K->1440K(86528K)] 411746K->326306K(593920K), 0.0013713 secs] [Times: user=0.00 sys=0.00, real=0.00 secs] 
1677.119: [GC (Allocation Failure) [PSYoungGen: 86432K->1376K(86016K)] 411298K->326242K(593408K), 0.0014138 secs] [Times: user=0.01 sys=0.00, real=0.00 secs] 
1677.469: [GC (Allocation Failure) [PSYoungGen: 85856K->1392K(85504K)] 410722K->326258K(592896K), 0.0014458 secs] [Times: user=0.00 sys=0.00, real=0.00 secs] 
1678.441: [GC (Allocation Failure) [PSYoungGen: 85360K->1376K(84992K)] 410226K->326242K(592384K), 0.0018399 secs] [Times: user=0.00 sys=0.00, real=0.00 secs] 
1679.186: [GC (Allocation Failure) [PSYoungGen: 84832K->1376K(84480K)] 409698K->326242K(591872K), 0.0018410 secs] [Times: user=0.01 sys=0.00, real=0.00 secs] 
1679.797: [GC (Allocation Failure) [PSYoungGen: 84320K->1408K(83968K)] 409186K->326282K(591360K), 0.0019038 secs] [Times: user=0.01 sys=0.00, real=0.00 secs] 
1680.465: [GC (Allocation Failure) [PSYoungGen: 83840K->1408K(83456K)] 408714K->326282K(590848K), 0.0018326 secs] [Times: user=0.01 sys=0.00, real=0.00 secs] 
1681.751: [GC (Allocation Failure) [PSYoungGen: 83328K->1440K(82944K)] 408202K->326314K(590336K), 0.0020769 secs] [Times: user=0.01 sys=0.00, real=0.01 secs] 
1682.507: [GC (Allocation Failure) [PSYoungGen: 82848K->1408K(82432K)] 407722K->326282K(589824K), 0.0024494 secs] [Times: user=0.01 sys=0.00, real=0.00 secs] 
1683.359: [GC (Allocation Failure) [PSYoungGen: 82304K->1344K(81920K)] 407178K->326218K(589312K), 0.0029223 secs] [Times: user=0.01 sys=0.00, real=0.01 secs] 
1684.746: [GC (Allocation Failure) [PSYoungGen: 81728K->1373K(81408K)] 406602K->326247K(588800K), 0.0014192 secs] [Times: user=0.00 sys=0.00, real=0.00 secs] 
1685.658: [GC (Allocation Failure) [PSYoungGen: 81245K->1408K(80896K)] 406119K->326290K(588288K), 0.0022709 secs] [Times: user=0.01 sys=0.00, real=0.00 secs] 
1686.472: [GC (Allocation Failure) [PSYoungGen: 80768K->1344K(80384K)] 405650K->326226K(587776K), 0.0026955 secs] [Times: user=0.01 sys=0.00, real=0.00 secs] 
1687.322: [GC (Allocation Failure) [PSYoungGen: 80192K->1376K(79872K)] 405074K->326258K(587264K), 0.0027271 secs] [Times: user=0.01 sys=0.00, real=0.00 secs] 
1688.570: [GC (Allocation Failure) [PSYoungGen: 79712K->448K(78336K)] 404594K->326354K(585728K), 0.0019464 secs] [Times: user=0.01 sys=0.00, real=0.01 secs] 
1689.710: [GC (Allocation Failure) [PSYoungGen: 78272K->320K(79360K)] 404178K->326226K(586752K), 0.0024455 secs] [Times: user=0.01 sys=0.00, real=0.01 secs] 
1690.651: [GC (Allocation Failure) [PSYoungGen: 77632K->384K(77312K)] 403538K->326290K(584704K), 0.0024442 secs] [Times: user=0.01 sys=0.00, real=0.00 secs] 
1691.661: [GC (Allocation Failure) [PSYoungGen: 77184K->368K(78336K)] 403090K->326274K(585728K), 0.0024755 secs] [Times: user=0.01 sys=0.00, real=0.00 secs] 
1693.214: [GC (Allocation Failure) [PSYoungGen: 76656K->1408K(77312K)] 402562K->327330K(584704K), 0.0018493 secs] [Times: user=0.00 sys=0.00, real=0.00 secs] 
1694.555: [GC (Allocation Failure) [PSYoungGen: 77184K->1408K(76800K)] 403106K->327330K(584192K), 0.0024734 secs] [Times: user=0.01 sys=0.00, real=0.00 secs] 
1695.193: [GC (Allocation Failure) [PSYoungGen: 76672K->1376K(76288K)] 402594K->327298K(583680K), 0.0021983 secs] [Times: user=0.01 sys=0.00, real=0.00 secs] 
1696.216: [GC (Allocation Failure) [PSYoungGen: 76128K->1408K(75776K)] 402050K->327330K(583168K), 0.0026211 secs] [Times: user=0.01 sys=0.00, real=0.00 secs] 
1697.336: [GC (Allocation Failure) [PSYoungGen: 75648K->1392K(75264K)] 401570K->327314K(582656K), 0.0018170 secs] [Times: user=0.01 sys=0.00, real=0.00 secs] 
1697.981: [GC (Allocation Failure) [PSYoungGen: 75120K->1408K(74752K)] 401042K->327330K(582144K), 0.0020350 secs] [Times: user=0.01 sys=0.00, real=0.00 secs] 
1698.477: [GC (Allocation Failure) [PSYoungGen: 74624K->1408K(74240K)] 400546K->327330K(581632K), 0.0019219 secs] [Times: user=0.01 sys=0.00, real=0.00 secs] 
1698.780: [GC (Allocation Failure) [PSYoungGen: 74112K->1376K(78336K)] 400034K->327298K(585728K), 0.0019629 secs] [Times: user=0.00 sys=0.00, real=0.01 secs] 
1699.893: [GC (Allocation Failure) [PSYoungGen: 78176K->1408K(77824K)] 404098K->327330K(585216K), 0.0034437 secs] [Times: user=0.01 sys=0.00, real=0.00 secs] 
1700.541: [GC (Allocation Failure) [PSYoungGen: 77696K->1344K(77312K)] 403618K->327266K(584704K), 0.0023565 secs] [Times: user=0.00 sys=0.00, real=0.01 secs] 
1700.861: [GC (Allocation Failure) [PSYoungGen: 77120K->1392K(81920K)] 403042K->327314K(589312K), 0.0019192 secs] [Times: user=0.01 sys=0.00, real=0.01 secs] 
1701.282: [GC (Allocation Failure) [PSYoungGen: 81776K->1440K(86528K)] 407698K->327378K(593920K), 0.0019082 secs] [Times: user=0.01 sys=0.01, real=0.00 secs] 
1702.267: [GC (Allocation Failure) [PSYoungGen: 86432K->1472K(86016K)] 412370K->327418K(593408K), 0.0016370 secs] [Times: user=0.01 sys=0.00, real=0.00 secs] 
1702.634: [GC (Allocation Failure) [PSYoungGen: 85952K->1376K(90624K)] 411898K->327330K(598016K), 0.0018135 secs] [Times: user=0.00 sys=0.00, real=0.00 secs] 
1703.003: [GC (Allocation Failure) [PSYoungGen: 90464K->1408K(95744K)] 416418K->327362K(603136K), 0.0017227 secs] [Times: user=0.01 sys=0.00, real=0.00 secs] 
1703.954: [GC (Allocation Failure) [PSYoungGen: 95616K->1408K(95232K)] 421570K->327370K(602624K), 0.0017518 secs] [Times: user=0.01 sys=0.00, real=0.00 secs] 
1704.702: [GC (Allocation Failure) [PSYoungGen: 95104K->1360K(94720K)] 421066K->327322K(602112K), 0.0016732 secs] [Times: user=0.01 sys=0.00, real=0.00 secs] 
1705.652: [GC (Allocation Failure) [PSYoungGen: 94544K->1376K(94208K)] 420506K->327338K(601600K), 0.0029300 secs] [Times: user=0.01 sys=0.00, real=0.00 secs] 
1706.804: [GC (Allocation Failure) [PSYoungGen: 94048K->1373K(93696K)] 420010K->327335K(601088K), 0.0014215 secs] [Times: user=0.01 sys=0.00, real=0.00 secs] 
1707.400: [GC (Allocation Failure) [PSYoungGen: 93533K->1376K(93184K)] 419495K->327338K(600576K), 0.0024345 secs] [Times: user=0.00 sys=0.01, real=0.01 secs] 
1707.878: [GC (Allocation Failure) [PSYoungGen: 93024K->1344K(92672K)] 418986K->327314K(600064K), 0.0018494 secs] [Times: user=0.00 sys=0.00, real=0.00 secs] 
1708.305: [GC (Allocation Failure) [PSYoungGen: 92480K->1408K(92160K)] 418450K->327378K(599552K), 0.0020818 secs] [Times: user=0.01 sys=0.00, real=0.00 secs] 
1709.477: [GC (Allocation Failure) [PSYoungGen: 92032K->1344K(91648K)] 418002K->327314K(599040K), 0.0023928 secs] [Times: user=0.01 sys=0.00, real=0.00 secs] 
1710.304: [GC (Allocation Failure) [PSYoungGen: 91456K->1312K(91136K)] 417426K->327282K(598528K), 0.0023641 secs] [Times: user=0.00 sys=0.00, real=0.00 secs] 
1711.095: [GC (Allocation Failure) [PSYoungGen: 90912K->1376K(90624K)] 416882K->327346K(598016K), 0.0024149 secs] [Times: user=0.01 sys=0.00, real=0.00 secs] 
1712.465: [GC (Allocation Failure) [PSYoungGen: 90464K->1408K(90112K)] 416434K->327378K(597504K), 0.0020068 secs] [Times: user=0.01 sys=0.00, real=0.00 secs] 
1713.826: [GC (Allocation Failure) [PSYoungGen: 89984K->1376K(89600K)] 415954K->327346K(596992K), 0.0038089 secs] [Times: user=0.01 sys=0.01, real=0.00 secs] 
1715.349: [GC (Allocation Failure) [PSYoungGen: 89440K->1376K(89088K)] 415410K->327354K(596480K), 0.0040682 secs] [Times: user=0.02 sys=0.00, real=0.01 secs] 
1716.887: [GC (Allocation Failure) [PSYoungGen: 88928K->1440K(88576K)] 414906K->327418K(595968K), 0.0016187 secs] [Times: user=0.00 sys=0.00, real=0.00 secs] 
1717.919: [GC (Allocation Failure) [PSYoungGen: 88480K->1344K(88064K)] 414458K->327322K(595456K), 0.0026953 secs] [Times: user=0.01 sys=0.00, real=0.01 secs] 
1719.012: [GC (Allocation Failure) [PSYoungGen: 87872K->1344K(87552K)] 413850K->327322K(594944K), 0.0028066 secs] [Times: user=0.01 sys=0.00, real=0.00 secs] 
1719.928: [GC (Allocation Failure) [PSYoungGen: 87360K->1376K(87040K)] 413338K->327354K(594432K), 0.0029430 secs] [Times: user=0.01 sys=0.00, real=0.01 secs] 
1721.282: [GC (Allocation Failure) [PSYoungGen: 86880K->1408K(86528K)] 412858K->327386K(593920K), 0.0017374 secs] [Times: user=0.01 sys=0.00, real=0.00 secs] 
1722.058: [GC (Allocation Failure) [PSYoungGen: 86400K->1440K(86016K)] 412378K->327418K(593408K), 0.0023294 secs] [Times: user=0.01 sys=0.00, real=0.00 secs] 
1722.788: [GC (Allocation Failure) [PSYoungGen: 85920K->384K(84480K)] 411898K->327394K(591872K), 0.0020773 secs] [Times: user=0.00 sys=0.00, real=0.00 secs] 
1723.998: [GC (Allocation Failure) [PSYoungGen: 84352K->1664K(85504K)] 411362K->328682K(592896K), 0.0015037 secs] [Times: user=0.01 sys=0.00, real=0.00 secs] 
1725.027: [GC (Allocation Failure) [PSYoungGen: 85120K->1376K(84480K)] 412138K->328394K(591872K), 0.0018094 secs] [Times: user=0.01 sys=0.01, real=0.00 secs] 
1725.950: [GC (Allocation Failure) [PSYoungGen: 84320K->1344K(83968K)] 411338K->328362K(591360K), 0.0022035 secs] [Times: user=0.01 sys=0.00, real=0.01 secs] 
1726.660: [GC (Allocation Failure) [PSYoungGen: 83776K->1376K(83456K)] 410794K->328394K(590848K), 0.0020987 secs] [Times: user=0.00 sys=0.00, real=0.01 secs] 
1728.229: [GC (Allocation Failure) [PSYoungGen: 83296K->1376K(82944K)] 410314K->328394K(590336K), 0.0036408 secs] [Times: user=0.01 sys=0.00, real=0.01 secs] 
1729.384: [GC (Allocation Failure) [PSYoungGen: 82784K->1344K(82432K)] 409802K->328362K(589824K), 0.0031735 secs] [Times: user=0.02 sys=0.00, real=0.00 secs] 
1730.609: [GC (Allocation Failure) [PSYoungGen: 82240K->1328K(81920K)] 409258K->328346K(589312K), 0.0039814 secs] [Times: user=0.01 sys=0.00, real=0.01 secs] 
1732.171: [GC (Allocation Failure) [PSYoungGen: 81712K->1344K(81408K)] 408730K->328362K(588800K), 0.0046190 secs] [Times: user=0.02 sys=0.00, real=0.00 secs] 
1733.583: [GC (Allocation Failure) [PSYoungGen: 81216K->1376K(80896K)] 408234K->328394K(588288K), 0.0030815 secs] [Times: user=0.01 sys=0.00, real=0.00 secs] 
1734.027: [GC (Allocation Failure) [PSYoungGen: 80736K->1376K(80384K)] 407754K->328402K(587776K), 0.0018947 secs] [Times: user=0.01 sys=0.00, real=0.00 secs] 
1734.711: [GC (Allocation Failure) [PSYoungGen: 80224K->1408K(79872K)] 407250K->328434K(587264K), 0.0019872 secs] [Times: user=0.00 sys=0.00, real=0.00 secs] 
1735.787: [GC (Allocation Failure) [PSYoungGen: 79744K->1392K(79360K)] 406770K->328418K(586752K), 0.0014991 secs] [Times: user=0.00 sys=0.00, real=0.00 secs] 
1738.086: [GC (Allocation Failure) [PSYoungGen: 79216K->1408K(78848K)] 406242K->328434K(586240K), 0.0031132 secs] [Times: user=0.02 sys=0.00, real=0.00 secs] 
1738.758: [GC (Allocation Failure) [PSYoungGen: 78720K->1408K(78336K)] 405746K->328434K(585728K), 0.0020219 secs] [Times: user=0.01 sys=0.00, real=0.00 secs] 
1739.385: [GC (Allocation Failure) [PSYoungGen: 78208K->1376K(77824K)] 405234K->328402K(585216K), 0.0023887 secs] [Times: user=0.01 sys=0.00, real=0.00 secs] 
1740.456: [GC (Allocation Failure) [PSYoungGen: 77664K->896K(76800K)] 404690K->328946K(584192K), 0.0017233 secs] [Times: user=0.01 sys=0.00, real=0.00 secs] 
1741.097: [GC (Allocation Failure) [PSYoungGen: 76672K->384K(75776K)] 404722K->328434K(583168K), 0.0016400 secs] [Times: user=0.00 sys=0.00, real=0.00 secs] 
1741.864: [GC (Allocation Failure) [PSYoungGen: 75648K->352K(75264K)] 403698K->328402K(582656K), 0.0020295 secs] [Times: user=0.01 sys=0.00, real=0.00 secs] 
1742.579: [GC (Allocation Failure) [PSYoungGen: 75104K->336K(76288K)] 403154K->328386K(583680K), 0.0021990 secs] [Times: user=0.01 sys=0.00, real=0.01 secs] 
1743.510: [GC (Allocation Failure) [PSYoungGen: 74576K->1408K(75264K)] 402626K->329466K(582656K), 0.0017774 secs] [Times: user=0.01 sys=0.00, real=0.01 secs] 
1744.361: [GC (Allocation Failure) [PSYoungGen: 75136K->1376K(74752K)] 403194K->329434K(582144K), 0.0022900 secs] [Times: user=0.01 sys=0.00, real=0.00 secs] 
1744.969: [GC (Allocation Failure) [PSYoungGen: 74592K->1344K(74240K)] 402650K->329402K(581632K), 0.0019075 secs] [Times: user=0.01 sys=0.00, real=0.01 secs] 
1745.308: [GC (Allocation Failure) [PSYoungGen: 74048K->1376K(73728K)] 402106K->329434K(581120K), 0.0020528 secs] [Times: user=0.01 sys=0.00, real=0.00 secs] 
1746.120: [GC (Allocation Failure) [PSYoungGen: 73568K->1504K(73216K)] 401626K->329674K(580608K), 0.0016577 secs] [Times: user=0.01 sys=0.00, real=0.01 secs] 
1747.061: [GC (Allocation Failure) [PSYoungGen: 73184K->1312K(72704K)] 401354K->329482K(580096K), 0.0030257 secs] [Times: user=0.01 sys=0.00, real=0.01 secs] 
1748.007: [GC (Allocation Failure) [PSYoungGen: 72480K->1312K(72192K)] 400650K->329482K(579584K), 0.0046324 secs] [Times: user=0.02 sys=0.00, real=0.01 secs] 
1748.883: [GC (Allocation Failure) [PSYoungGen: 71968K->1312K(71680K)] 400138K->329482K(579072K), 0.0038217 secs] [Times: user=0.02 sys=0.00, real=0.00 secs] 
1749.619: [GC (Allocation Failure) [PSYoungGen: 71456K->1309K(71168K)] 399626K->329487K(578560K), 0.0015449 secs] [Times: user=0.01 sys=0.00, real=0.00 secs] 
1750.416: [GC (Allocation Failure) [PSYoungGen: 70941K->1392K(70656K)] 399119K->329570K(578048K), 0.0021356 secs] [Times: user=0.01 sys=0.00, real=0.00 secs] 
1750.831: [GC (Allocation Failure) [PSYoungGen: 70512K->1360K(70144K)] 398690K->329538K(577536K), 0.0021069 secs] [Times: user=0.01 sys=0.00, real=0.00 secs] 
1751.117: [GC (Allocation Failure) [PSYoungGen: 69968K->1312K(74752K)] 398146K->329490K(582144K), 0.0022953 secs] [Times: user=0.00 sys=0.00, real=0.00 secs] 
1751.528: [GC (Allocation Failure) [PSYoungGen: 74528K->1328K(79360K)] 402706K->329506K(586752K), 0.0021421 secs] [Times: user=0.01 sys=0.00, real=0.00 secs] 
1752.363: [GC (Allocation Failure) [PSYoungGen: 79152K->1408K(83968K)] 407330K->329586K(591360K), 0.0018801 secs] [Times: user=0.00 sys=0.00, real=0.00 secs] 
1752.764: [GC (Allocation Failure) [PSYoungGen: 83840K->1376K(89088K)] 412018K->329554K(596480K), 0.0017121 secs] [Times: user=0.00 sys=0.00, real=0.00 secs] 
1753.175: [GC (Allocation Failure) [PSYoungGen: 88928K->1312K(94720K)] 417106K->329490K(602112K), 0.0022484 secs] [Times: user=0.00 sys=0.00, real=0.00 secs] 
1754.105: [GC (Allocation Failure) [PSYoungGen: 94496K->1376K(94208K)] 422674K->329554K(601600K), 0.0019157 secs] [Times: user=0.01 sys=0.00, real=0.00 secs] 
1755.005: [GC (Allocation Failure) [PSYoungGen: 94048K->1392K(93696K)] 422226K->329570K(601088K), 0.0036541 secs] [Times: user=0.02 sys=0.00, real=0.00 secs] 
1755.778: [GC (Allocation Failure) [PSYoungGen: 93552K->1344K(93184K)] 421730K->329522K(600576K), 0.0023734 secs] [Times: user=0.01 sys=0.00, real=0.00 secs] 
1756.993: [GC (Allocation Failure) [PSYoungGen: 92992K->1373K(92672K)] 421170K->329567K(600064K), 0.0015060 secs] [Times: user=0.00 sys=0.00, real=0.00 secs] 
1757.993: [GC (Allocation Failure) [PSYoungGen: 92509K->1376K(92160K)] 420703K->329570K(599552K), 0.0038673 secs] [Times: user=0.02 sys=0.00, real=0.00 secs] 
1758.779: [GC (Allocation Failure) [PSYoungGen: 92000K->1376K(91648K)] 420194K->329578K(599040K), 0.0027952 secs] [Times: user=0.02 sys=0.00, real=0.01 secs] 
1759.457: [GC (Allocation Failure) [PSYoungGen: 91488K->1344K(91136K)] 419690K->329546K(598528K), 0.0023559 secs] [Times: user=0.01 sys=0.00, real=0.00 secs] 
1760.456: [GC (Allocation Failure) [PSYoungGen: 90944K->1472K(90624K)] 419146K->329674K(598016K), 0.0019080 secs] [Times: user=0.01 sys=0.00, real=0.00 secs] 
1760.834: [GC (Allocation Failure) [PSYoungGen: 90560K->1376K(90112K)] 418762K->329578K(597504K), 0.0017802 secs] [Times: user=0.00 sys=0.00, real=0.00 secs] 
1761.202: [GC (Allocation Failure) [PSYoungGen: 89952K->1376K(89600K)] 418154K->329578K(596992K), 0.0019009 secs] [Times: user=0.01 sys=0.00, real=0.00 secs] 
1762.263: [GC (Allocation Failure) [PSYoungGen: 89440K->1392K(89088K)] 417642K->329594K(596480K), 0.0018130 secs] [Times: user=0.01 sys=0.00, real=0.00 secs] 
1763.216: [GC (Allocation Failure) [PSYoungGen: 88944K->1344K(88576K)] 417146K->329546K(595968K), 0.0039295 secs] [Times: user=0.02 sys=0.01, real=0.00 secs] 
1764.687: [GC (Allocation Failure) [PSYoungGen: 88384K->1360K(88064K)] 416586K->329562K(595456K), 0.0038538 secs] [Times: user=0.01 sys=0.01, real=0.00 secs] 
1765.987: [GC (Allocation Failure) [PSYoungGen: 87888K->1360K(87552K)] 416090K->329562K(594944K), 0.0016156 secs] [Times: user=0.01 sys=0.00, real=0.00 secs] 
1766.899: [GC (Allocation Failure) [PSYoungGen: 87376K->1408K(87040K)] 415578K->329610K(594432K), 0.0019900 secs] [Times: user=0.01 sys=0.00, real=0.01 secs] 
1767.259: [GC (Allocation Failure) [PSYoungGen: 86912K->1376K(86528K)] 415114K->329578K(593920K), 0.0023241 secs] [Times: user=0.01 sys=0.00, real=0.01 secs] 
1767.878: [GC (Allocation Failure) [PSYoungGen: 86368K->320K(84992K)] 414570K->329546K(592384K), 0.0021420 secs] [Times: user=0.01 sys=0.00, real=0.00 secs] 
1769.043: [GC (Allocation Failure) [PSYoungGen: 84800K->1408K(86016K)] 414026K->330634K(593408K), 0.0026096 secs] [Times: user=0.01 sys=0.00, real=0.00 secs] 
1769.395: [GC (Allocation Failure) [PSYoungGen: 85376K->1344K(84992K)] 414602K->330570K(592384K), 0.0020098 secs] [Times: user=0.01 sys=0.00, real=0.00 secs] 
1769.919: [GC (Allocation Failure) [PSYoungGen: 84800K->1376K(84480K)] 414026K->330610K(591872K), 0.0019336 secs] [Times: user=0.01 sys=0.00, real=0.00 secs] 
1770.665: [GC (Allocation Failure) [PSYoungGen: 84320K->1373K(83968K)] 413554K->330607K(591360K), 0.0018233 secs] [Times: user=0.01 sys=0.00, real=0.00 secs] 
1771.579: [GC (Allocation Failure) [PSYoungGen: 83805K->1408K(83456K)] 413039K->330642K(590848K), 0.0018073 secs] [Times: user=0.01 sys=0.00, real=0.01 secs] 
1771.935: [GC (Allocation Failure) [PSYoungGen: 83328K->1376K(82944K)] 412562K->330610K(590336K), 0.0017787 secs] [Times: user=0.00 sys=0.00, real=0.00 secs] 
1772.273: [GC (Allocation Failure) [PSYoungGen: 82784K->1376K(82432K)] 412018K->330610K(589824K), 0.0018577 secs] [Times: user=0.01 sys=0.00, real=0.00 secs] 
1773.073: [GC (Allocation Failure) [PSYoungGen: 82272K->1408K(81920K)] 411506K->330642K(589312K), 0.0016415 secs] [Times: user=0.00 sys=0.00, real=0.00 secs] 
1773.407: [GC (Allocation Failure) [PSYoungGen: 81792K->1376K(81408K)] 411026K->330610K(588800K), 0.0017370 secs] [Times: user=0.01 sys=0.00, real=0.00 secs] 
1773.739: [GC (Allocation Failure) [PSYoungGen: 81248K->1408K(86016K)] 410482K->330642K(593408K), 0.0016433 secs] [Times: user=0.01 sys=0.00, real=0.00 secs] 
1774.134: [GC (Allocation Failure) [PSYoungGen: 85888K->1408K(91136K)] 415122K->330642K(598528K), 0.0018175 secs] [Times: user=0.00 sys=0.00, real=0.00 secs] 
1775.043: [GC (Allocation Failure) [PSYoungGen: 91008K->1392K(90624K)] 420242K->330626K(598016K), 0.0016263 secs] [Times: user=0.01 sys=0.00, real=0.00 secs] 
1775.725: [GC (Allocation Failure) [PSYoungGen: 90480K->1408K(90112K)] 419714K->330642K(597504K), 0.0016889 secs] [Times: user=0.00 sys=0.00, real=0.00 secs] 
1776.420: [GC (Allocation Failure) [PSYoungGen: 89984K->1344K(89600K)] 419218K->330578K(596992K), 0.0017189 secs] [Times: user=0.01 sys=0.00, real=0.01 secs] 
1778.183: [GC (Allocation Failure) [PSYoungGen: 89408K->1344K(89088K)] 418642K->330586K(596480K), 0.0026491 secs] [Times: user=0.00 sys=0.00, real=0.00 secs] 
1779.182: [GC (Allocation Failure) [PSYoungGen: 88896K->1376K(88576K)] 418138K->330618K(595968K), 0.0046204 secs] [Times: user=0.01 sys=0.00, real=0.00 secs] 
1779.919: [GC (Allocation Failure) [PSYoungGen: 88416K->1376K(88064K)] 417658K->330618K(595456K), 0.0022415 secs] [Times: user=0.01 sys=0.00, real=0.01 secs] 
1780.699: [GC (Allocation Failure) [PSYoungGen: 87904K->1408K(87552K)] 417146K->330650K(594944K), 0.0023160 secs] [Times: user=0.01 sys=0.00, real=0.01 secs] 
1781.601: [GC (Allocation Failure) [PSYoungGen: 87424K->1440K(87040K)] 416666K->330682K(594432K), 0.0019077 secs] [Times: user=0.01 sys=0.00, real=0.01 secs] 
1782.435: [GC (Allocation Failure) [PSYoungGen: 86944K->1440K(86528K)] 416186K->330682K(593920K), 0.0027175 secs] [Times: user=0.01 sys=0.00, real=0.00 secs] 
1783.527: [GC (Allocation Failure) [PSYoungGen: 86432K->1376K(86016K)] 415674K->330618K(593408K), 0.0036352 secs] [Times: user=0.01 sys=0.00, real=0.00 secs] 
1785.401: [GC (Allocation Failure) [PSYoungGen: 85856K->1408K(85504K)] 415098K->330650K(592896K), 0.0037988 secs] [Times: user=0.01 sys=0.00, real=0.01 secs] 
1786.394: [GC (Allocation Failure) [PSYoungGen: 85376K->1376K(84992K)] 414618K->330618K(592384K), 0.0024381 secs] [Times: user=0.01 sys=0.00, real=0.00 secs] 
1787.862: [GC (Allocation Failure) [PSYoungGen: 84832K->384K(83456K)] 414074K->330650K(590848K), 0.0034808 secs] [Times: user=0.01 sys=0.00, real=0.00 secs] 
1789.021: [GC (Allocation Failure) [PSYoungGen: 83328K->384K(84480K)] 413594K->330650K(591872K), 0.0027871 secs] [Times: user=0.01 sys=0.00, real=0.00 secs] 
1790.051: [GC (Allocation Failure) [PSYoungGen: 82816K->1472K(83456K)] 413082K->331738K(590848K), 0.0016678 secs] [Times: user=0.01 sys=0.00, real=0.01 secs] 
1790.530: [GC (Allocation Failure) [PSYoungGen: 83392K->1376K(82944K)] 413658K->331642K(590336K), 0.0020763 secs] [Times: user=0.01 sys=0.00, real=0.01 secs] 
1791.211: [GC (Allocation Failure) [PSYoungGen: 82784K->1376K(82432K)] 413050K->331642K(589824K), 0.0019922 secs] [Times: user=0.01 sys=0.00, real=0.01 secs] 
1792.344: [GC (Allocation Failure) [PSYoungGen: 82272K->1696K(82432K)] 412538K->331962K(589824K), 0.0017811 secs] [Times: user=0.01 sys=0.00, real=0.00 secs] 
1793.261: [GC (Allocation Failure) [PSYoungGen: 82080K->384K(80384K)] 412346K->331698K(587776K), 0.0019955 secs] [Times: user=0.00 sys=0.00, real=0.01 secs] 
1793.926: [GC (Allocation Failure) [PSYoungGen: 80256K->384K(79872K)] 411570K->331698K(587264K), 0.0017956 secs] [Times: user=0.01 sys=0.00, real=0.00 secs] 
1794.623: [GC (Allocation Failure) [PSYoungGen: 79744K->352K(79360K)] 411058K->331666K(586752K), 0.0030175 secs] [Times: user=0.01 sys=0.00, real=0.00 secs] 
1795.906: [GC (Allocation Failure) [PSYoungGen: 79200K->1408K(80896K)] 410514K->332722K(588288K), 0.0019355 secs] [Times: user=0.01 sys=0.00, real=0.00 secs] 
1797.056: [GC (Allocation Failure) [PSYoungGen: 79744K->1376K(79360K)] 411058K->332690K(586752K), 0.0042292 secs] [Times: user=0.01 sys=0.00, real=0.00 secs] 
1798.064: [GC (Allocation Failure) [PSYoungGen: 79200K->1376K(78848K)] 410514K->332690K(586240K), 0.0034805 secs] [Times: user=0.01 sys=0.00, real=0.00 secs] 
1799.224: [GC (Allocation Failure) [PSYoungGen: 78688K->1344K(78336K)] 410002K->332658K(585728K), 0.0034819 secs] [Times: user=0.01 sys=0.00, real=0.00 secs] 
1800.602: [GC (Allocation Failure) [PSYoungGen: 78144K->1344K(77824K)] 409458K->332674K(585216K), 0.0040550 secs] [Times: user=0.01 sys=0.01, real=0.00 secs] 
1801.102: [GC (Allocation Failure) [PSYoungGen: 77632K->1408K(77312K)] 408962K->332738K(584704K), 0.0021009 secs] [Times: user=0.00 sys=0.00, real=0.00 secs] 
1801.415: [GC (Allocation Failure) [PSYoungGen: 77184K->1408K(76800K)] 408514K->332746K(584192K), 0.0020150 secs] [Times: user=0.01 sys=0.00, real=0.00 secs] 
1801.888: [GC (Allocation Failure) [PSYoungGen: 76672K->1408K(76288K)] 408010K->332746K(583680K), 0.0019344 secs] [Times: user=0.01 sys=0.00, real=0.00 secs] 
1803.007: [GC (Allocation Failure) [PSYoungGen: 76160K->1408K(75776K)] 407498K->332746K(583168K), 0.0022392 secs] [Times: user=0.01 sys=0.00, real=0.00 secs] 
1803.324: [GC (Allocation Failure) [PSYoungGen: 75648K->1376K(79872K)] 406986K->332714K(587264K), 0.0021255 secs] [Times: user=0.01 sys=0.00, real=0.00 secs] 
1803.653: [GC (Allocation Failure) [PSYoungGen: 79712K->1344K(84992K)] 411050K->332682K(592384K), 0.0019118 secs] [Times: user=0.01 sys=0.00, real=0.00 secs] 
1804.091: [GC (Allocation Failure) [PSYoungGen: 84800K->1376K(90112K)] 416138K->332714K(597504K), 0.0018789 secs] [Times: user=0.01 sys=0.00, real=0.00 secs] 
1806.464: [GC (Allocation Failure) [PSYoungGen: 89952K->1392K(89600K)] 421290K->332730K(596992K), 0.0039477 secs] [Times: user=0.01 sys=0.00, real=0.00 secs] 
1807.281: [GC (Allocation Failure) [PSYoungGen: 89456K->1344K(89088K)] 420794K->332682K(596480K), 0.0024081 secs] [Times: user=0.01 sys=0.01, real=0.00 secs] 
1808.040: [GC (Allocation Failure) [PSYoungGen: 88896K->1296K(88576K)] 420234K->332634K(595968K), 0.0020322 secs] [Times: user=0.01 sys=0.00, real=0.01 secs] 
1809.032: [GC (Allocation Failure) [PSYoungGen: 88336K->1408K(88064K)] 419674K->332746K(595456K), 0.0017584 secs] [Times: user=0.01 sys=0.00, real=0.00 secs] 
1809.391: [GC (Allocation Failure) [PSYoungGen: 87936K->1376K(87552K)] 419274K->332714K(594944K), 0.0017846 secs] [Times: user=0.01 sys=0.00, real=0.01 secs] 
1809.747: [GC (Allocation Failure) [PSYoungGen: 87392K->1376K(87040K)] 418730K->332730K(594432K), 0.0016122 secs] [Times: user=0.01 sys=0.00, real=0.00 secs] 
1810.412: [GC (Allocation Failure) [PSYoungGen: 86880K->1392K(86528K)] 418234K->332746K(593920K), 0.0015455 secs] [Times: user=0.01 sys=0.00, real=0.00 secs] 
1811.767: [GC (Allocation Failure) [PSYoungGen: 86384K->1376K(86016K)] 417738K->332730K(593408K), 0.0026694 secs] [Times: user=0.01 sys=0.00, real=0.00 secs] 
1812.913: [GC (Allocation Failure) [PSYoungGen: 85856K->1344K(85504K)] 417210K->332698K(592896K), 0.0035420 secs] [Times: user=0.01 sys=0.00, real=0.00 secs] 
1813.796: [GC (Allocation Failure) [PSYoungGen: 85312K->1344K(84992K)] 416666K->332698K(592384K), 0.0027508 secs] [Times: user=0.01 sys=0.00, real=0.00 secs] 
1815.099: [GC (Allocation Failure) [PSYoungGen: 84800K->1408K(84480K)] 416154K->332762K(591872K), 0.0021107 secs] [Times: user=0.01 sys=0.00, real=0.01 secs] 
1815.444: [GC (Allocation Failure) [PSYoungGen: 84352K->1376K(83968K)] 415706K->332730K(591360K), 0.0020176 secs] [Times: user=0.00 sys=0.00, real=0.00 secs] 
1815.786: [GC (Allocation Failure) [PSYoungGen: 83808K->1376K(83456K)] 415162K->332730K(590848K), 0.0020177 secs] [Times: user=0.01 sys=0.00, real=0.00 secs] 
1816.287: [GC (Allocation Failure) [PSYoungGen: 83296K->1360K(82944K)] 414650K->332714K(590336K), 0.0018414 secs] [Times: user=0.00 sys=0.00, real=0.00 secs] 
1817.329: [GC (Allocation Failure) [PSYoungGen: 82768K->1408K(82432K)] 414122K->332762K(589824K), 0.0020715 secs] [Times: user=0.01 sys=0.00, real=0.01 secs] 
1817.723: [GC (Allocation Failure) [PSYoungGen: 82304K->1360K(87552K)] 413658K->332714K(594944K), 0.0033573 secs] [Times: user=0.01 sys=0.00, real=0.00 secs] 
1818.311: [GC (Allocation Failure) [PSYoungGen: 87376K->1312K(93184K)] 418730K->332666K(600576K), 0.0025446 secs] [Times: user=0.01 sys=0.00, real=0.01 secs] 
1819.768: [GC (Allocation Failure) [PSYoungGen: 92960K->1408K(92672K)] 424314K->332778K(600064K), 0.0020172 secs] [Times: user=0.01 sys=0.00, real=0.00 secs] 
1820.456: [GC (Allocation Failure) [PSYoungGen: 92544K->1376K(92160K)] 423914K->332746K(599552K), 0.0020169 secs] [Times: user=0.00 sys=0.00, real=0.00 secs] 
1821.208: [GC (Allocation Failure) [PSYoungGen: 92000K->1344K(91648K)] 423370K->332722K(599040K), 0.0018217 secs] [Times: user=0.01 sys=0.00, real=0.00 secs] 
1822.322: [GC (Allocation Failure) [PSYoungGen: 91455K->160K(90112K)] 422834K->331538K(597504K), 0.0014549 secs] [Times: user=0.00 sys=0.00, real=0.00 secs] 
1823.644: [GC (Allocation Failure) [PSYoungGen: 89760K->1360K(90624K)] 421138K->332746K(598016K), 0.0025297 secs] [Times: user=0.01 sys=0.00, real=0.00 secs] 
1824.669: [GC (Allocation Failure) [PSYoungGen: 90448K->1360K(90112K)] 421834K->332762K(597504K), 0.0028876 secs] [Times: user=0.01 sys=0.00, real=0.01 secs] 
1825.716: [GC (Allocation Failure) [PSYoungGen: 89936K->1312K(89600K)] 421338K->332714K(596992K), 0.0024676 secs] [Times: user=0.01 sys=0.00, real=0.00 secs] 
1826.783: [GC (Allocation Failure) [PSYoungGen: 89376K->1408K(89088K)] 420778K->332810K(596480K), 0.0019552 secs] [Times: user=0.01 sys=0.00, real=0.00 secs] 
1827.579: [GC (Allocation Failure) [PSYoungGen: 88960K->1360K(88576K)] 420362K->332762K(595968K), 0.0019730 secs] [Times: user=0.01 sys=0.00, real=0.00 secs] 
1828.347: [GC (Allocation Failure) [PSYoungGen: 88400K->1344K(88064K)] 419802K->332746K(595456K), 0.0027233 secs] [Times: user=0.01 sys=0.00, real=0.00 secs] 
1829.456: [GC (Allocation Failure) [PSYoungGen: 87872K->1392K(87552K)] 419274K->332794K(594944K), 0.0016695 secs] [Times: user=0.01 sys=0.00, real=0.00 secs] 
1830.454: [GC (Allocation Failure) [PSYoungGen: 87408K->1408K(87040K)] 418810K->332810K(594432K), 0.0018941 secs] [Times: user=0.01 sys=0.00, real=0.00 secs] 
1831.507: [GC (Allocation Failure) [PSYoungGen: 86912K->1376K(86528K)] 418314K->332778K(593920K), 0.0021736 secs] [Times: user=0.01 sys=0.00, real=0.00 secs] 
1832.425: [GC (Allocation Failure) [PSYoungGen: 86368K->1344K(86016K)] 417770K->332754K(593408K), 0.0025195 secs] [Times: user=0.01 sys=0.01, real=0.00 secs] 
1835.493: [GC (Allocation Failure) [PSYoungGen: 85824K->1408K(85504K)] 417234K->332818K(592896K), 0.0039188 secs] [Times: user=0.01 sys=0.00, real=0.00 secs] 
1836.861: [GC (Allocation Failure) [PSYoungGen: 85376K->1344K(84992K)] 416786K->332754K(592384K), 0.0022897 secs] [Times: user=0.00 sys=0.00, real=0.01 secs] 
1837.487: [GC (Allocation Failure) [PSYoungGen: 84800K->1360K(84480K)] 416210K->332770K(591872K), 0.0021831 secs] [Times: user=0.01 sys=0.00, real=0.00 secs] 
1838.753: [GC (Allocation Failure) [PSYoungGen: 84304K->1440K(83968K)] 415714K->332850K(591360K), 0.0017708 secs] [Times: user=0.01 sys=0.00, real=0.00 secs] 
1839.408: [GC (Allocation Failure) [PSYoungGen: 83872K->1392K(83456K)] 415282K->332802K(590848K), 0.0018037 secs] [Times: user=0.01 sys=0.00, real=0.00 secs] 
1840.098: [GC (Allocation Failure) [PSYoungGen: 83312K->1376K(82944K)] 414722K->332786K(590336K), 0.0019788 secs] [Times: user=0.01 sys=0.01, real=0.00 secs] 
1840.780: [GC (Allocation Failure) [PSYoungGen: 82784K->1408K(82432K)] 414194K->332818K(589824K), 0.0017902 secs] [Times: user=0.01 sys=0.00, real=0.01 secs] 
1842.812: [GC (Allocation Failure) [PSYoungGen: 82304K->1376K(81920K)] 413714K->332786K(589312K), 0.0033706 secs] [Times: user=0.01 sys=0.00, real=0.00 secs] 
1843.501: [GC (Allocation Failure) [PSYoungGen: 81760K->1344K(81408K)] 413170K->332754K(588800K), 0.0021751 secs] [Times: user=0.01 sys=0.01, real=0.01 secs] 
1844.766: [GC (Allocation Failure) [PSYoungGen: 81216K->1376K(80896K)] 412626K->332786K(588288K), 0.0030423 secs] [Times: user=0.02 sys=0.00, real=0.00 secs] 
1845.748: [GC (Allocation Failure) [PSYoungGen: 80725K->256K(79360K)] 412135K->331674K(586752K), 0.0029669 secs] [Times: user=0.01 sys=0.00, real=0.01 secs] 
1846.624: [GC (Allocation Failure) [PSYoungGen: 79104K->1408K(80384K)] 410522K->332842K(587776K), 0.0017836 secs] [Times: user=0.01 sys=0.01, real=0.00 secs] 
1847.033: [GC (Allocation Failure) [PSYoungGen: 79744K->1408K(79360K)] 411178K->332842K(586752K), 0.0019218 secs] [Times: user=0.01 sys=0.00, real=0.00 secs] 
1847.390: [GC (Allocation Failure) [PSYoungGen: 79232K->1376K(78848K)] 410666K->332810K(586240K), 0.0020031 secs] [Times: user=0.00 sys=0.01, real=0.01 secs] 
1848.290: [GC (Allocation Failure) [PSYoungGen: 78688K->1373K(78336K)] 410122K->332807K(585728K), 0.0014335 secs] [Times: user=0.00 sys=0.00, real=0.01 secs] 
1849.191: [GC (Allocation Failure) [PSYoungGen: 78173K->1408K(77824K)] 409607K->332842K(585216K), 0.0022213 secs] [Times: user=0.01 sys=0.00, real=0.00 secs] 
1849.647: [GC (Allocation Failure) [PSYoungGen: 77696K->1408K(77312K)] 409130K->332842K(584704K), 0.0019239 secs] [Times: user=0.01 sys=0.00, real=0.00 secs] 
1849.995: [GC (Allocation Failure) [PSYoungGen: 77184K->1344K(76800K)] 408618K->332778K(584192K), 0.0020500 secs] [Times: user=0.01 sys=0.00, real=0.00 secs] 
1850.815: [GC (Allocation Failure) [PSYoungGen: 76608K->1504K(76288K)] 408042K->332954K(583680K), 0.0018752 secs] [Times: user=0.01 sys=0.00, real=0.00 secs] 
1851.218: [GC (Allocation Failure) [PSYoungGen: 76256K->1312K(75776K)] 407706K->332762K(583168K), 0.0020894 secs] [Times: user=0.01 sys=0.00, real=0.00 secs] 
1851.590: [GC (Allocation Failure) [PSYoungGen: 75552K->1376K(75264K)] 407002K->332826K(582656K), 0.0019769 secs] [Times: user=0.01 sys=0.00, real=0.01 secs] 
1851.953: [GC (Allocation Failure) [PSYoungGen: 75104K->1344K(79872K)] 406554K->332794K(587264K), 0.0020108 secs] [Times: user=0.01 sys=0.00, real=0.00 secs] 
1852.911: [GC (Allocation Failure) [PSYoungGen: 79680K->1392K(79360K)] 411130K->333354K(586752K), 0.0018518 secs] [Times: user=0.01 sys=0.00, real=0.01 secs] 
1853.736: [GC (Allocation Failure) [PSYoungGen: 79216K->1376K(78848K)] 411178K->333338K(586240K), 0.0019823 secs] [Times: user=0.01 sys=0.00, real=0.00 secs] 
1854.291: [GC (Allocation Failure) [PSYoungGen: 78688K->1328K(78336K)] 410650K->333290K(585728K), 0.0018216 secs] [Times: user=0.01 sys=0.00, real=0.00 secs] 
1854.953: [GC (Allocation Failure) [PSYoungGen: 78128K->1328K(77824K)] 410090K->333290K(585216K), 0.0021548 secs] [Times: user=0.01 sys=0.00, real=0.00 secs] 
1856.235: [GC (Allocation Failure) [PSYoungGen: 77616K->1376K(77312K)] 409578K->333346K(584704K), 0.0017343 secs] [Times: user=0.01 sys=0.00, real=0.00 secs] 
1857.135: [GC (Allocation Failure) [PSYoungGen: 77152K->1312K(76800K)] 409122K->333282K(584192K), 0.0020623 secs] [Times: user=0.00 sys=0.00, real=0.00 secs] 
1859.726: [GC (Allocation Failure) [PSYoungGen: 76576K->1392K(76288K)] 408546K->333362K(583680K), 0.0036083 secs] [Times: user=0.01 sys=0.00, real=0.00 secs] 
1861.453: [GC (Allocation Failure) [PSYoungGen: 76144K->1312K(75776K)] 408114K->333290K(583168K), 0.0037851 secs] [Times: user=0.01 sys=0.00, real=0.00 secs] 
1862.547: [GC (Allocation Failure) [PSYoungGen: 75552K->368K(74240K)] 407530K->333370K(581632K), 0.0019987 secs] [Times: user=0.00 sys=0.01, real=0.00 secs] 
1863.533: [GC (Allocation Failure) [PSYoungGen: 74096K->352K(75264K)] 407098K->333354K(582656K), 0.0021279 secs] [Times: user=0.01 sys=0.00, real=0.00 secs] 
1864.544: [GC (Allocation Failure) [PSYoungGen: 73568K->304K(73216K)] 406570K->333306K(580608K), 0.0034334 secs] [Times: user=0.02 sys=0.00, real=0.00 secs] 
1865.329: [GC (Allocation Failure) [PSYoungGen: 73008K->320K(74240K)] 406010K->333322K(581632K), 0.0024925 secs] [Times: user=0.01 sys=0.00, real=0.01 secs] 
1866.276: [GC (Allocation Failure) [PSYoungGen: 72512K->1408K(73216K)] 405514K->334410K(580608K), 0.0019245 secs] [Times: user=0.01 sys=0.00, real=0.00 secs] 
1866.627: [GC (Allocation Failure) [PSYoungGen: 73088K->1392K(72704K)] 406090K->334394K(580096K), 0.0018368 secs] [Times: user=0.00 sys=0.00, real=0.00 secs] 
1866.939: [GC (Allocation Failure) [PSYoungGen: 72560K->1392K(72192K)] 405562K->334394K(579584K), 0.0017244 secs] [Times: user=0.01 sys=0.00, real=0.00 secs] 
1867.299: [GC (Allocation Failure) [PSYoungGen: 72048K->1344K(71680K)] 405050K->334346K(579072K), 0.0018800 secs] [Times: user=0.01 sys=0.00, real=0.01 secs] 
1868.110: [GC (Allocation Failure) [PSYoungGen: 71488K->160K(70144K)] 404490K->333162K(577536K), 0.0014635 secs] [Times: user=0.00 sys=0.00, real=0.01 secs] 
1868.442: [GC (Allocation Failure) [PSYoungGen: 69792K->1360K(71680K)] 402794K->334362K(579072K), 0.0018599 secs] [Times: user=0.00 sys=0.00, real=0.00 secs] 
1868.791: [GC (Allocation Failure) [PSYoungGen: 70480K->1328K(70144K)] 403482K->334330K(577536K), 0.0020552 secs] [Times: user=0.01 sys=0.00, real=0.00 secs] 
1869.391: [GC (Allocation Failure) [PSYoungGen: 69936K->1344K(69632K)] 402938K->334346K(577024K), 0.0019561 secs] [Times: user=0.01 sys=0.00, real=0.00 secs] 
1870.131: [GC (Allocation Failure) [PSYoungGen: 69440K->1328K(69632K)] 402442K->334330K(577024K), 0.0023232 secs] [Times: user=0.01 sys=0.00, real=0.00 secs] 
1871.035: [GC (Allocation Failure) [PSYoungGen: 69424K->1408K(69632K)] 402426K->334418K(577024K), 0.0029084 secs] [Times: user=0.01 sys=0.00, real=0.00 secs] 
1871.331: [GC (Allocation Failure) [PSYoungGen: 69504K->1376K(73728K)] 402514K->334386K(581120K), 0.0021575 secs] [Times: user=0.00 sys=0.00, real=0.01 secs] 
1871.631: [GC (Allocation Failure) [PSYoungGen: 73568K->1376K(78336K)] 406578K->334386K(585728K), 0.0019278 secs] [Times: user=0.01 sys=0.00, real=0.00 secs] 
1871.950: [GC (Allocation Failure) [PSYoungGen: 78176K->1408K(83456K)] 411186K->334418K(590848K), 0.0019222 secs] [Times: user=0.01 sys=0.00, real=0.01 secs] 
1872.794: [GC (Allocation Failure) [PSYoungGen: 83328K->1440K(82944K)] 416338K->334450K(590336K), 0.0017286 secs] [Times: user=0.00 sys=0.00, real=0.00 secs] 
1873.449: [GC (Allocation Failure) [PSYoungGen: 82848K->1376K(82432K)] 415858K->334386K(589824K), 0.0017919 secs] [Times: user=0.01 sys=0.00, real=0.01 secs] 
1874.213: [GC (Allocation Failure) [PSYoungGen: 82272K->1376K(81920K)] 415282K->334394K(589312K), 0.0026903 secs] [Times: user=0.01 sys=0.00, real=0.00 secs] 
1875.267: [GC (Allocation Failure) [PSYoungGen: 81760K->1373K(81408K)] 414778K->334391K(588800K), 0.0014816 secs] [Times: user=0.01 sys=0.00, real=0.00 secs] 
1876.530: [GC (Allocation Failure) [PSYoungGen: 81245K->1376K(80896K)] 414263K->334394K(588288K), 0.0030579 secs] [Times: user=0.01 sys=0.00, real=0.01 secs] 
1877.706: [GC (Allocation Failure) [PSYoungGen: 80736K->1376K(80384K)] 413754K->334394K(587776K), 0.0037354 secs] [Times: user=0.01 sys=0.00, real=0.00 secs] 
1878.384: [GC (Allocation Failure) [PSYoungGen: 80224K->1344K(79872K)] 413242K->334370K(587264K), 0.0025618 secs] [Times: user=0.01 sys=0.00, real=0.00 secs] 
1879.959: [GC (Allocation Failure) [PSYoungGen: 79680K->864K(78848K)] 412706K->334914K(586240K), 0.0040897 secs] [Times: user=0.02 sys=0.00, real=0.01 secs] 
1880.919: [GC (Allocation Failure) [PSYoungGen: 78688K->352K(77824K)] 412738K->334402K(585216K), 0.0026447 secs] [Times: user=0.01 sys=0.00, real=0.01 secs] 
1881.721: [GC (Allocation Failure) [PSYoungGen: 77664K->352K(77312K)] 411714K->334402K(584704K), 0.0023129 secs] [Times: user=0.00 sys=0.00, real=0.01 secs] 
1882.400: [GC (Allocation Failure) [PSYoungGen: 77152K->352K(76800K)] 411202K->334402K(584192K), 0.0029132 secs] [Times: user=0.01 sys=0.00, real=0.01 secs] 
1883.723: [GC (Allocation Failure) [PSYoungGen: 76640K->1408K(77312K)] 410690K->335458K(584704K), 0.0026267 secs] [Times: user=0.01 sys=0.01, real=0.00 secs] 
1884.550: [GC (Allocation Failure) [PSYoungGen: 77184K->1344K(76800K)] 411234K->335394K(584192K), 0.0037598 secs] [Times: user=0.02 sys=0.00, real=0.01 secs] 
1885.238: [GC (Allocation Failure) [PSYoungGen: 76608K->1344K(76288K)] 410658K->335394K(583680K), 0.0024213 secs] [Times: user=0.01 sys=0.00, real=0.00 secs] 
1885.995: [GC (Allocation Failure) [PSYoungGen: 76096K->1344K(75776K)] 410146K->335394K(583168K), 0.0022911 secs] [Times: user=0.01 sys=0.00, real=0.00 secs] 
1887.246: [GC (Allocation Failure) [PSYoungGen: 75584K->1408K(75264K)] 409634K->335458K(582656K), 0.0020806 secs] [Times: user=0.01 sys=0.00, real=0.00 secs] 
1887.553: [GC (Allocation Failure) [PSYoungGen: 75136K->1344K(74752K)] 409186K->335394K(582144K), 0.0019941 secs] [Times: user=0.00 sys=0.00, real=0.00 secs] 
1887.857: [GC (Allocation Failure) [PSYoungGen: 74560K->1344K(74240K)] 408610K->335394K(581632K), 0.0020480 secs] [Times: user=0.00 sys=0.00, real=0.00 secs] 
1888.176: [GC (Allocation Failure) [PSYoungGen: 74048K->1344K(78848K)] 408098K->335394K(586240K), 0.0018950 secs] [Times: user=0.00 sys=0.00, real=0.00 secs] 
1889.060: [GC (Allocation Failure) [PSYoungGen: 78656K->1376K(78336K)] 412706K->335426K(585728K), 0.0017045 secs] [Times: user=0.00 sys=0.01, real=0.01 secs] 
1890.183: [GC (Allocation Failure) [PSYoungGen: 78176K->1408K(77824K)] 412226K->335466K(585216K), 0.0038016 secs] [Times: user=0.02 sys=0.00, real=0.00 secs] 
1891.017: [GC (Allocation Failure) [PSYoungGen: 77696K->1376K(82432K)] 411754K->335434K(589824K), 0.0055848 secs] [Times: user=0.02 sys=0.00, real=0.01 secs] 
1892.065: [GC (Allocation Failure) [PSYoungGen: 82272K->1376K(81920K)] 416330K->335434K(589312K), 0.0036345 secs] [Times: user=0.02 sys=0.00, real=0.00 secs] 
1893.532: [GC (Allocation Failure) [PSYoungGen: 81760K->1408K(81408K)] 415818K->335466K(588800K), 0.0020708 secs] [Times: user=0.01 sys=0.00, real=0.00 secs] 
1894.660: [GC (Allocation Failure) [PSYoungGen: 81280K->1408K(80896K)] 415338K->335466K(588288K), 0.0035572 secs] [Times: user=0.01 sys=0.00, real=0.01 secs] 
1895.109: [GC (Allocation Failure) [PSYoungGen: 80768K->1376K(80384K)] 414826K->335434K(587776K), 0.0019117 secs] [Times: user=0.01 sys=0.00, real=0.00 secs] 
1895.600: [GC (Allocation Failure) [PSYoungGen: 80224K->1376K(79872K)] 414282K->335442K(587264K), 0.0027320 secs] [Times: user=0.01 sys=0.00, real=0.01 secs] 
1896.737: [GC (Allocation Failure) [PSYoungGen: 79712K->1376K(79360K)] 413778K->335442K(586752K), 0.0027528 secs] [Times: user=0.01 sys=0.00, real=0.00 secs] 
1897.305: [GC (Allocation Failure) [PSYoungGen: 79200K->1344K(78848K)] 413266K->335410K(586240K), 0.0023619 secs] [Times: user=0.00 sys=0.00, real=0.00 secs] 
1897.725: [GC (Allocation Failure) [PSYoungGen: 78656K->1376K(78336K)] 412722K->335442K(585728K), 0.0020043 secs] [Times: user=0.01 sys=0.00, real=0.00 secs] 
1898.449: [GC (Allocation Failure) [PSYoungGen: 78176K->1392K(77824K)] 412242K->335458K(585216K), 0.0015893 secs] [Times: user=0.00 sys=0.00, real=0.00 secs] 
1900.170: [GC (Allocation Failure) [PSYoungGen: 77680K->1376K(77312K)] 411746K->335442K(584704K), 0.0038247 secs] [Times: user=0.01 sys=0.00, real=0.01 secs] 
1901.522: [GC (Allocation Failure) [PSYoungGen: 77152K->1376K(76800K)] 411218K->335458K(584192K), 0.0032632 secs] [Times: user=0.01 sys=0.00, real=0.00 secs] 
1902.485: [GC (Allocation Failure) [PSYoungGen: 76640K->1376K(76288K)] 410722K->335458K(583680K), 0.0031622 secs] [Times: user=0.01 sys=0.00, real=0.00 secs] 
1903.232: [GC (Allocation Failure) [PSYoungGen: 76128K->1392K(75776K)] 410210K->335474K(583168K), 0.0015794 secs] [Times: user=0.00 sys=0.00, real=0.00 secs] 
1904.039: [GC (Allocation Failure) [PSYoungGen: 75632K->1440K(75264K)] 409714K->335522K(582656K), 0.0027729 secs] [Times: user=0.01 sys=0.00, real=0.01 secs] 
1905.016: [GC (Allocation Failure) [PSYoungGen: 75168K->1344K(74752K)] 409250K->335426K(582144K), 0.0037588 secs] [Times: user=0.01 sys=0.00, real=0.00 secs] 
1905.983: [GC (Allocation Failure) [PSYoungGen: 74560K->1376K(74240K)] 408642K->335458K(581632K), 0.0033670 secs] [Times: user=0.02 sys=0.00, real=0.00 secs] 
1907.023: [GC (Allocation Failure) [PSYoungGen: 74080K->1360K(73728K)] 408162K->335442K(581120K), 0.0015466 secs] [Times: user=0.01 sys=0.00, real=0.00 secs] 
1907.980: [GC (Allocation Failure) [PSYoungGen: 73552K->1408K(73216K)] 407634K->335498K(580608K), 0.0023726 secs] [Times: user=0.01 sys=0.00, real=0.01 secs] 
1908.592: [GC (Allocation Failure) [PSYoungGen: 73088K->1408K(72704K)] 407178K->335498K(580096K), 0.0026725 secs] [Times: user=0.01 sys=0.00, real=0.00 secs] 
1909.092: [GC (Allocation Failure) [PSYoungGen: 72576K->1408K(72192K)] 406666K->335498K(579584K), 0.0019594 secs] [Times: user=0.00 sys=0.00, real=0.00 secs] 
1909.386: [GC (Allocation Failure) [PSYoungGen: 72064K->1408K(71680K)] 406154K->335498K(579072K), 0.0019443 secs] [Times: user=0.00 sys=0.00, real=0.00 secs] 
1910.468: [GC (Allocation Failure) [PSYoungGen: 71552K->1376K(71168K)] 405642K->335466K(578560K), 0.0018767 secs] [Times: user=0.01 sys=0.00, real=0.00 secs] 
1911.261: [GC (Allocation Failure) [PSYoungGen: 71008K->1408K(70656K)] 405098K->335506K(578048K), 0.0034876 secs] [Times: user=0.01 sys=0.00, real=0.00 secs] 
1911.997: [GC (Allocation Failure) [PSYoungGen: 70528K->1376K(70144K)] 404626K->335474K(577536K), 0.0025572 secs] [Times: user=0.01 sys=0.00, real=0.00 secs] 
1912.514: [GC (Allocation Failure) [PSYoungGen: 69984K->1376K(69632K)] 404082K->335474K(577024K), 0.0023044 secs] [Times: user=0.01 sys=0.00, real=0.00 secs] 
1913.574: [GC (Allocation Failure) [PSYoungGen: 69472K->352K(68608K)] 403570K->335474K(576000K), 0.0020478 secs] [Times: user=0.01 sys=0.00, real=0.00 secs] 
1913.860: [GC (Allocation Failure) [PSYoungGen: 68448K->400K(70144K)] 403570K->335522K(577536K), 0.0019514 secs] [Times: user=0.01 sys=0.00, real=0.01 secs] 
1914.143: [GC (Allocation Failure) [PSYoungGen: 68496K->320K(73216K)] 403618K->335442K(580608K), 0.0019649 secs] [Times: user=0.00 sys=0.00, real=0.00 secs] 
1914.482: [GC (Allocation Failure) [PSYoungGen: 73024K->352K(79872K)] 408146K->335474K(587264K), 0.0017760 secs] [Times: user=0.00 sys=0.00, real=0.00 secs] 
1915.471: [GC (Allocation Failure) [PSYoungGen: 78176K->1440K(78848K)] 413298K->336562K(586240K), 0.0019488 secs] [Times: user=0.00 sys=0.00, real=0.00 secs] 
1916.317: [GC (Allocation Failure) [PSYoungGen: 78752K->1408K(78336K)] 413874K->336530K(585728K), 0.0037285 secs] [Times: user=0.01 sys=0.00, real=0.00 secs] 
1917.101: [GC (Allocation Failure) [PSYoungGen: 78208K->1312K(77824K)] 413330K->336434K(585216K), 0.0024265 secs] [Times: user=0.01 sys=0.00, real=0.01 secs] 
1918.024: [GC (Allocation Failure) [PSYoungGen: 77600K->1376K(77312K)] 412722K->336514K(584704K), 0.0046152 secs] [Times: user=0.02 sys=0.00, real=0.00 secs] 
1919.224: [GC (Allocation Failure) [PSYoungGen: 77152K->1408K(76800K)] 412290K->336546K(584192K), 0.0018881 secs] [Times: user=0.00 sys=0.00, real=0.00 secs] 
1919.723: [GC (Allocation Failure) [PSYoungGen: 76672K->1408K(76288K)] 411810K->336546K(583680K), 0.0020779 secs] [Times: user=0.01 sys=0.00, real=0.00 secs] 
1920.034: [GC (Allocation Failure) [PSYoungGen: 76160K->1440K(75776K)] 411298K->336578K(583168K), 0.0020262 secs] [Times: user=0.01 sys=0.00, real=0.00 secs] 
1920.342: [GC (Allocation Failure) [PSYoungGen: 75680K->1440K(80896K)] 410818K->336586K(588288K), 0.0020894 secs] [Times: user=0.00 sys=0.00, real=0.00 secs] 
1921.428: [GC (Allocation Failure) [PSYoungGen: 80800K->1408K(80384K)] 415946K->336554K(587776K), 0.0017564 secs] [Times: user=0.01 sys=0.00, real=0.00 secs] 
1922.770: [GC (Allocation Failure) [PSYoungGen: 80256K->1344K(79872K)] 415402K->336490K(587264K), 0.0061120 secs] [Times: user=0.02 sys=0.00, real=0.01 secs] 
1923.676: [GC (Allocation Failure) [PSYoungGen: 79680K->1344K(79360K)] 414826K->336490K(586752K), 0.0031286 secs] [Times: user=0.02 sys=0.00, real=0.00 secs] 
1924.604: [GC (Allocation Failure) [PSYoungGen: 79168K->1344K(78848K)] 414314K->336490K(586240K), 0.0030437 secs] [Times: user=0.02 sys=0.00, real=0.00 secs] 
1925.723: [GC (Allocation Failure) [PSYoungGen: 78656K->1376K(78336K)] 413802K->336522K(585728K), 0.0017981 secs] [Times: user=0.01 sys=0.00, real=0.00 secs] 
1926.527: [GC (Allocation Failure) [PSYoungGen: 78176K->1344K(77824K)] 413322K->336490K(585216K), 0.0035512 secs] [Times: user=0.02 sys=0.00, real=0.00 secs] 
1927.205: [GC (Allocation Failure) [PSYoungGen: 77632K->1376K(77312K)] 412778K->336522K(584704K), 0.0022492 secs] [Times: user=0.01 sys=0.00, real=0.00 secs] 
1927.601: [GC (Allocation Failure) [PSYoungGen: 77152K->1376K(76800K)] 412298K->336522K(584192K), 0.0020095 secs] [Times: user=0.01 sys=0.00, real=0.00 secs] 
1928.562: [GC (Allocation Failure) [PSYoungGen: 76640K->1424K(76288K)] 411786K->336570K(583680K), 0.0017852 secs] [Times: user=0.01 sys=0.00, real=0.00 secs] 
1929.234: [GC (Allocation Failure) [PSYoungGen: 76176K->1376K(75776K)] 411322K->336522K(583168K), 0.0022360 secs] [Times: user=0.01 sys=0.00, real=0.00 secs] 
1929.898: [GC (Allocation Failure) [PSYoungGen: 75616K->1376K(75264K)] 410762K->336530K(582656K), 0.0019187 secs] [Times: user=0.00 sys=0.00, real=0.00 secs] 
1930.622: [GC (Allocation Failure) [PSYoungGen: 75104K->1376K(74752K)] 410258K->336530K(582144K), 0.0021632 secs] [Times: user=0.01 sys=0.00, real=0.00 secs] 
1931.797: [GC (Allocation Failure) [PSYoungGen: 74592K->1440K(74240K)] 409746K->336594K(581632K), 0.0017750 secs] [Times: user=0.00 sys=0.00, real=0.00 secs] 
1932.393: [GC (Allocation Failure) [PSYoungGen: 74144K->1376K(73728K)] 409298K->336530K(581120K), 0.0023512 secs] [Times: user=0.00 sys=0.00, real=0.00 secs] 
1933.321: [GC (Allocation Failure) [PSYoungGen: 73568K->1408K(73216K)] 408722K->336562K(580608K), 0.0022334 secs] [Times: user=0.01 sys=0.00, real=0.00 secs] 
1934.258: [GC (Allocation Failure) [PSYoungGen: 73088K->1376K(72704K)] 408242K->336530K(580096K), 0.0026512 secs] [Times: user=0.01 sys=0.00, real=0.01 secs] 
1935.411: [GC (Allocation Failure) [PSYoungGen: 72544K->1440K(72192K)] 407698K->336594K(579584K), 0.0018526 secs] [Times: user=0.01 sys=0.00, real=0.00 secs] 
1935.969: [GC (Allocation Failure) [PSYoungGen: 72096K->1376K(71680K)] 407250K->336530K(579072K), 0.0021343 secs] [Times: user=0.01 sys=0.00, real=0.00 secs] 
1936.597: [GC (Allocation Failure) [PSYoungGen: 71520K->1376K(71168K)] 406674K->336530K(578560K), 0.0021452 secs] [Times: user=0.00 sys=0.00, real=0.00 secs] 
1937.302: [GC (Allocation Failure) [PSYoungGen: 71008K->1376K(70656K)] 406162K->336530K(578048K), 0.0027403 secs] [Times: user=0.01 sys=0.00, real=0.00 secs] 
1938.980: [GC (Allocation Failure) [PSYoungGen: 70496K->1376K(70144K)] 405650K->336538K(577536K), 0.0043590 secs] [Times: user=0.02 sys=0.00, real=0.01 secs] 
1939.561: [GC (Allocation Failure) [PSYoungGen: 69984K->1376K(69632K)] 405146K->336538K(577024K), 0.0031427 secs] [Times: user=0.02 sys=0.00, real=0.00 secs] 
1940.167: [GC (Allocation Failure) [PSYoungGen: 69472K->1408K(69632K)] 404634K->336570K(577024K), 0.0019985 secs] [Times: user=0.01 sys=0.01, real=0.00 secs] 
1940.894: [GC (Allocation Failure) [PSYoungGen: 69504K->1440K(69632K)] 404666K->336618K(577024K), 0.0022956 secs] [Times: user=0.01 sys=0.00, real=0.00 secs] 
1941.964: [GC (Allocation Failure) [PSYoungGen: 69536K->1373K(69632K)] 404714K->336551K(577024K), 0.0014488 secs] [Times: user=0.01 sys=0.00, real=0.00 secs] 
1942.493: [GC (Allocation Failure) [PSYoungGen: 69469K->1440K(69632K)] 404647K->336626K(577024K), 0.0020353 secs] [Times: user=0.01 sys=0.00, real=0.00 secs] 
1942.783: [GC (Allocation Failure) [PSYoungGen: 69536K->384K(68608K)] 404722K->336594K(576000K), 0.0017328 secs] [Times: user=0.00 sys=0.00, real=0.00 secs] 
1943.124: [GC (Allocation Failure) [PSYoungGen: 68480K->384K(70144K)] 404690K->336594K(577536K), 0.0019545 secs] [Times: user=0.01 sys=0.00, real=0.00 secs] 
1943.459: [GC (Allocation Failure) [PSYoungGen: 68480K->384K(73216K)] 404690K->336594K(580608K), 0.0020977 secs] [Times: user=0.01 sys=0.01, real=0.01 secs] 
1944.287: [GC (Allocation Failure) [PSYoungGen: 73088K->1440K(74240K)] 409298K->337650K(581632K), 0.0017006 secs] [Times: user=0.01 sys=0.00, real=0.00 secs] 
1944.844: [GC (Allocation Failure) [PSYoungGen: 73632K->1408K(73216K)] 409842K->337618K(580608K), 0.0019486 secs] [Times: user=0.00 sys=0.00, real=0.00 secs] 
1945.418: [GC (Allocation Failure) [PSYoungGen: 73088K->1440K(72704K)] 409298K->337650K(580096K), 0.0033304 secs] [Times: user=0.01 sys=0.01, real=0.01 secs] 
1945.961: [GC (Allocation Failure) [PSYoungGen: 72608K->1408K(72192K)] 408818K->337618K(579584K), 0.0024065 secs] [Times: user=0.00 sys=0.00, real=0.00 secs] 
1947.033: [GC (Allocation Failure) [PSYoungGen: 72064K->1440K(71680K)] 408274K->337650K(579072K), 0.0019168 secs] [Times: user=0.01 sys=0.00, real=0.00 secs] 
1947.748: [GC (Allocation Failure) [PSYoungGen: 71584K->1408K(71168K)] 407794K->337618K(578560K), 0.0019677 secs] [Times: user=0.01 sys=0.00, real=0.00 secs] 
1948.833: [GC (Allocation Failure) [PSYoungGen: 71040K->1344K(70656K)] 407250K->337570K(578048K), 0.0048768 secs] [Times: user=0.02 sys=0.00, real=0.00 secs] 
1949.889: [GC (Allocation Failure) [PSYoungGen: 70464K->1344K(70144K)] 406690K->337570K(577536K), 0.0026796 secs] [Times: user=0.01 sys=0.00, real=0.01 secs] 
1951.304: [GC (Allocation Failure) [PSYoungGen: 69952K->1888K(70144K)] 406178K->338114K(577536K), 0.0023133 secs] [Times: user=0.01 sys=0.00, real=0.00 secs] 
1951.832: [GC (Allocation Failure) [PSYoungGen: 69984K->352K(68608K)] 406210K->337602K(576000K), 0.0022277 secs] [Times: user=0.01 sys=0.00, real=0.00 secs] 
1952.600: [GC (Allocation Failure) [PSYoungGen: 68448K->352K(70656K)] 405698K->337602K(578048K), 0.0019584 secs] [Times: user=0.01 sys=0.00, real=0.01 secs] 
1953.806: [GC (Allocation Failure) [PSYoungGen: 68448K->320K(68608K)] 405698K->337570K(576000K), 0.0048314 secs] [Times: user=0.01 sys=0.00, real=0.00 secs] 
1954.934: [GC (Allocation Failure) [PSYoungGen: 68416K->368K(70656K)] 405666K->337618K(578048K), 0.0031973 secs] [Times: user=0.01 sys=0.00, real=0.00 secs] 
1955.867: [GC (Allocation Failure) [PSYoungGen: 68464K->1440K(69632K)] 405714K->338690K(577024K), 0.0019124 secs] [Times: user=0.01 sys=0.00, real=0.00 secs] 
1956.240: [GC (Allocation Failure) [PSYoungGen: 69536K->1344K(69632K)] 406786K->338594K(577024K), 0.0024482 secs] [Times: user=0.01 sys=0.00, real=0.01 secs] 
1956.552: [GC (Allocation Failure) [PSYoungGen: 69440K->1376K(69632K)] 406690K->338634K(577024K), 0.0018005 secs] [Times: user=0.01 sys=0.00, real=0.00 secs] 
1957.075: [GC (Allocation Failure) [PSYoungGen: 69472K->1344K(69632K)] 406730K->338602K(577024K), 0.0022049 secs] [Times: user=0.01 sys=0.00, real=0.00 secs] 
1958.209: [GC (Allocation Failure) [PSYoungGen: 69440K->1376K(69632K)] 406698K->338634K(577024K), 0.0027146 secs] [Times: user=0.01 sys=0.00, real=0.01 secs] 
1958.549: [GC (Allocation Failure) [PSYoungGen: 69472K->1344K(69632K)] 406730K->338602K(577024K), 0.0020583 secs] [Times: user=0.01 sys=0.00, real=0.01 secs] 
1958.832: [GC (Allocation Failure) [PSYoungGen: 69440K->1376K(74240K)] 406698K->338634K(581632K), 0.0020370 secs] [Times: user=0.01 sys=0.00, real=0.00 secs] 
1959.162: [GC (Allocation Failure) [PSYoungGen: 74080K->1376K(79360K)] 411338K->338650K(586752K), 0.0018702 secs] [Times: user=0.01 sys=0.00, real=0.00 secs] 
1960.070: [GC (Allocation Failure) [PSYoungGen: 79200K->1408K(78848K)] 416474K->338682K(586240K), 0.0020669 secs] [Times: user=0.01 sys=0.00, real=0.01 secs] 
1960.804: [GC (Allocation Failure) [PSYoungGen: 78720K->1408K(78336K)] 415994K->338682K(585728K), 0.0028035 secs] [Times: user=0.01 sys=0.00, real=0.00 secs] 
1961.623: [GC (Allocation Failure) [PSYoungGen: 78208K->1392K(77824K)] 415482K->338666K(585216K), 0.0031550 secs] [Times: user=0.01 sys=0.00, real=0.00 secs] 
1962.479: [GC (Allocation Failure) [PSYoungGen: 77680K->1408K(77312K)] 414954K->338682K(584704K), 0.0028883 secs] [Times: user=0.01 sys=0.00, real=0.01 secs] 
1963.508: [GC (Allocation Failure) [PSYoungGen: 77184K->1376K(76800K)] 414458K->338650K(584192K), 0.0017066 secs] [Times: user=0.00 sys=0.00, real=0.00 secs] 
1963.832: [GC (Allocation Failure) [PSYoungGen: 76640K->1344K(76288K)] 413914K->338618K(583680K), 0.0017135 secs] [Times: user=0.00 sys=0.00, real=0.00 secs] 
1964.261: [GC (Allocation Failure) [PSYoungGen: 76096K->1376K(75776K)] 413370K->338650K(583168K), 0.0017070 secs] [Times: user=0.01 sys=0.00, real=0.00 secs] 
1964.620: [GC (Allocation Failure) [PSYoungGen: 75616K->1376K(75264K)] 412890K->338650K(582656K), 0.0020018 secs] [Times: user=0.01 sys=0.00, real=0.01 secs] 
1965.557: [GC (Allocation Failure) [PSYoungGen: 75104K->1376K(74752K)] 412378K->338650K(582144K), 0.0020706 secs] [Times: user=0.01 sys=0.00, real=0.00 secs] 
1966.488: [GC (Allocation Failure) [PSYoungGen: 74592K->1344K(74240K)] 411866K->338618K(581632K), 0.0039470 secs] [Times: user=0.02 sys=0.00, real=0.01 secs] 
1967.360: [GC (Allocation Failure) [PSYoungGen: 74048K->1408K(73728K)] 411322K->338682K(581120K), 0.0027508 secs] [Times: user=0.01 sys=0.00, real=0.01 secs] 
1968.399: [GC (Allocation Failure) [PSYoungGen: 73600K->1344K(73216K)] 410874K->338626K(580608K), 0.0039825 secs] [Times: user=0.02 sys=0.00, real=0.01 secs] 
1969.456: [GC (Allocation Failure) [PSYoungGen: 73024K->1424K(72704K)] 410306K->338706K(580096K), 0.0015904 secs] [Times: user=0.01 sys=0.00, real=0.00 secs] 
1970.079: [GC (Allocation Failure) [PSYoungGen: 72592K->1344K(72192K)] 409874K->338626K(579584K), 0.0020734 secs] [Times: user=0.01 sys=0.00, real=0.01 secs] 
1970.704: [GC (Allocation Failure) [PSYoungGen: 72000K->1376K(71680K)] 409282K->338658K(579072K), 0.0021100 secs] [Times: user=0.01 sys=0.00, real=0.00 secs] 
1971.028: [GC (Allocation Failure) [PSYoungGen: 71520K->1344K(71168K)] 408802K->338626K(578560K), 0.0021174 secs] [Times: user=0.01 sys=0.00, real=0.00 secs] 
1971.812: [GC (Allocation Failure) [PSYoungGen: 70976K->1392K(70656K)] 408258K->338674K(578048K), 0.0014587 secs] [Times: user=0.00 sys=0.00, real=0.00 secs] 
1972.608: [GC (Allocation Failure) [PSYoungGen: 70512K->1408K(70144K)] 407794K->338690K(577536K), 0.0036390 secs] [Times: user=0.01 sys=0.00, real=0.01 secs] 
1973.019: [GC (Allocation Failure) [PSYoungGen: 70016K->1376K(69632K)] 407298K->338658K(577024K), 0.0018999 secs] [Times: user=0.01 sys=0.00, real=0.00 secs] 
1973.302: [GC (Allocation Failure) [PSYoungGen: 69472K->1376K(69632K)] 406754K->338658K(577024K), 0.0019589 secs] [Times: user=0.00 sys=0.00, real=0.00 secs] 
1973.722: [GC (Allocation Failure) [PSYoungGen: 69472K->1344K(69632K)] 406754K->338626K(577024K), 0.0018819 secs] [Times: user=0.01 sys=0.00, real=0.00 secs] 
1974.542: [GC (Allocation Failure) [PSYoungGen: 69440K->1376K(69632K)] 406722K->338658K(577024K), 0.0019049 secs] [Times: user=0.01 sys=0.00, real=0.00 secs] 
1975.015: [GC (Allocation Failure) [PSYoungGen: 69472K->1344K(69632K)] 406754K->338626K(577024K), 0.0017369 secs] [Times: user=0.01 sys=0.00, real=0.00 secs] 
1975.660: [GC (Allocation Failure) [PSYoungGen: 69440K->1312K(69632K)] 406722K->338594K(577024K), 0.0036707 secs] [Times: user=0.02 sys=0.01, real=0.01 secs] 
1976.238: [GC (Allocation Failure) [PSYoungGen: 69408K->1344K(69632K)] 406690K->338626K(577024K), 0.0023867 secs] [Times: user=0.01 sys=0.00, real=0.00 secs] 
1977.263: [GC (Allocation Failure) [PSYoungGen: 69440K->1376K(69632K)] 406722K->338658K(577024K), 0.0020237 secs] [Times: user=0.01 sys=0.00, real=0.00 secs] 
1978.139: [GC (Allocation Failure) [PSYoungGen: 69472K->288K(68608K)] 406754K->338602K(576000K), 0.0020029 secs] [Times: user=0.01 sys=0.00, real=0.01 secs] 
1978.851: [GC (Allocation Failure) [PSYoungGen: 68384K->368K(70144K)] 406698K->338682K(577536K), 0.0019082 secs] [Times: user=0.01 sys=0.00, real=0.00 secs] 
1979.239: [GC (Allocation Failure) [PSYoungGen: 68464K->352K(68608K)] 406778K->338666K(576000K), 0.0020709 secs] [Times: user=0.01 sys=0.00, real=0.01 secs] 
1979.847: [GC (Allocation Failure) [PSYoungGen: 68448K->1373K(70144K)] 406762K->339687K(577536K), 0.0015554 secs] [Times: user=0.00 sys=0.00, real=0.00 secs] 
1982.094: [GC (Allocation Failure) [PSYoungGen: 69469K->1344K(69632K)] 407783K->339658K(577024K), 0.0030167 secs] [Times: user=0.01 sys=0.01, real=0.00 secs] 
1982.491: [GC (Allocation Failure) [PSYoungGen: 69440K->1392K(69632K)] 407754K->339706K(577024K), 0.0018545 secs] [Times: user=0.01 sys=0.00, real=0.01 secs] 
1982.786: [GC (Allocation Failure) [PSYoungGen: 69488K->1376K(69632K)] 407802K->339690K(577024K), 0.0018977 secs] [Times: user=0.01 sys=0.00, real=0.00 secs] 
1983.338: [GC (Allocation Failure) [PSYoungGen: 69472K->1408K(69632K)] 407786K->339722K(577024K), 0.0021096 secs] [Times: user=0.00 sys=0.00, real=0.00 secs] 
1984.433: [GC (Allocation Failure) [PSYoungGen: 69504K->1376K(69632K)] 407818K->339690K(577024K), 0.0016754 secs] [Times: user=0.00 sys=0.01, real=0.00 secs] 
1984.985: [GC (Allocation Failure) [PSYoungGen: 69472K->1376K(69632K)] 407786K->339690K(577024K), 0.0020319 secs] [Times: user=0.01 sys=0.00, real=0.00 secs] 
1985.388: [GC (Allocation Failure) [PSYoungGen: 69472K->1376K(69632K)] 407786K->339690K(577024K), 0.0018799 secs] [Times: user=0.00 sys=0.00, real=0.00 secs] 
1985.885: [GC (Allocation Failure) [PSYoungGen: 69472K->1408K(69632K)] 407786K->339722K(577024K), 0.0023095 secs] [Times: user=0.00 sys=0.00, real=0.00 secs] 
1986.956: [GC (Allocation Failure) [PSYoungGen: 69504K->1408K(69632K)] 407818K->339722K(577024K), 0.0017944 secs] [Times: user=0.00 sys=0.00, real=0.00 secs] 
1987.239: [GC (Allocation Failure) [PSYoungGen: 69504K->1408K(69632K)] 407818K->339722K(577024K), 0.0019351 secs] [Times: user=0.01 sys=0.00, real=0.01 secs] 
1987.522: [GC (Allocation Failure) [PSYoungGen: 69504K->1408K(69632K)] 407818K->339722K(577024K), 0.0017431 secs] [Times: user=0.01 sys=0.00, real=0.00 secs] 
1987.805: [GC (Allocation Failure) [PSYoungGen: 69504K->1344K(74240K)] 407818K->339674K(581632K), 0.0018662 secs] [Times: user=0.00 sys=0.00, real=0.00 secs] 
1988.405: [GC (Allocation Failure) [PSYoungGen: 74048K->1424K(73728K)] 412378K->339754K(581120K), 0.0015690 secs] [Times: user=0.01 sys=0.00, real=0.00 secs] 
1989.720: [GC (Allocation Failure) [PSYoungGen: 73616K->1408K(73216K)] 411946K->339738K(580608K), 0.0041123 secs] [Times: user=0.01 sys=0.01, real=0.01 secs] 
1990.540: [GC (Allocation Failure) [PSYoungGen: 73088K->1376K(72704K)] 411418K->339706K(580096K), 0.0025136 secs] [Times: user=0.01 sys=0.00, real=0.01 secs] 
1991.349: [GC (Allocation Failure) [PSYoungGen: 72544K->1376K(72192K)] 410874K->339706K(579584K), 0.0042975 secs] [Times: user=0.01 sys=0.01, real=0.01 secs] 
1992.044: [GC (Allocation Failure) [PSYoungGen: 72032K->1344K(71680K)] 410362K->339674K(579072K), 0.0027030 secs] [Times: user=0.01 sys=0.00, real=0.00 secs] 
1993.254: [GC (Allocation Failure) [PSYoungGen: 71488K->1408K(71168K)] 409818K->339738K(578560K), 0.0019177 secs] [Times: user=0.00 sys=0.00, real=0.00 secs] 
1994.268: [GC (Allocation Failure) [PSYoungGen: 71040K->1376K(70656K)] 409370K->339706K(578048K), 0.0025478 secs] [Times: user=0.01 sys=0.00, real=0.00 secs] 
1995.272: [GC (Allocation Failure) [PSYoungGen: 70496K->1376K(70144K)] 408826K->339706K(577536K), 0.0029410 secs] [Times: user=0.00 sys=0.00, real=0.00 secs] 
1996.215: [GC (Allocation Failure) [PSYoungGen: 69984K->1376K(69632K)] 408314K->339706K(577024K), 0.0029920 secs] [Times: user=0.01 sys=0.00, real=0.00 secs] 
1997.456: [GC (Allocation Failure) [PSYoungGen: 69472K->1440K(69632K)] 407802K->339770K(577024K), 0.0019464 secs] [Times: user=0.01 sys=0.00, real=0.00 secs] 
1998.094: [GC (Allocation Failure) [PSYoungGen: 69536K->1440K(69632K)] 407866K->339770K(577024K), 0.0032186 secs] [Times: user=0.01 sys=0.00, real=0.00 secs] 
1998.582: [GC (Allocation Failure) [PSYoungGen: 69536K->1408K(69632K)] 407866K->339738K(577024K), 0.0022334 secs] [Times: user=0.01 sys=0.00, real=0.00 secs] 
1998.864: [GC (Allocation Failure) [PSYoungGen: 69504K->1376K(69632K)] 407834K->339706K(577024K), 0.0020326 secs] [Times: user=0.01 sys=0.00, real=0.00 secs] 
1999.570: [GC (Allocation Failure) [PSYoungGen: 69472K->1392K(69632K)] 407802K->339722K(577024K), 0.0016162 secs] [Times: user=0.01 sys=0.00, real=0.01 secs] 
2000.411: [GC (Allocation Failure) [PSYoungGen: 69488K->1408K(69632K)] 407818K->339754K(577024K), 0.0021536 secs] [Times: user=0.01 sys=0.00, real=0.00 secs] 
2001.286: [GC (Allocation Failure) [PSYoungGen: 69504K->1344K(69632K)] 407850K->339690K(577024K), 0.0026162 secs] [Times: user=0.01 sys=0.00, real=0.00 secs] 
2002.167: [GC (Allocation Failure) [PSYoungGen: 69440K->1296K(69632K)] 407786K->339642K(577024K), 0.0029498 secs] [Times: user=0.01 sys=0.00, real=0.00 secs] 
2003.059: [GC (Allocation Failure) [PSYoungGen: 69392K->1312K(69632K)] 407738K->339658K(577024K), 0.0025425 secs] [Times: user=0.01 sys=0.00, real=0.01 secs] 
2003.964: [GC (Allocation Failure) [PSYoungGen: 69408K->1376K(69632K)] 407754K->339722K(577024K), 0.0015919 secs] [Times: user=0.00 sys=0.00, real=0.00 secs] 
2004.280: [GC (Allocation Failure) [PSYoungGen: 69472K->1376K(69632K)] 407818K->339722K(577024K), 0.0020777 secs] [Times: user=0.01 sys=0.00, real=0.01 secs] 
2004.592: [GC (Allocation Failure) [PSYoungGen: 69472K->352K(68608K)] 407818K->339722K(576000K), 0.0016117 secs] [Times: user=0.01 sys=0.00, real=0.00 secs] 
2004.874: [GC (Allocation Failure) [PSYoungGen: 68448K->320K(70144K)] 407818K->339690K(577536K), 0.0015059 secs] [Times: user=0.00 sys=0.00, real=0.00 secs] 
2006.671: [GC (Allocation Failure) [PSYoungGen: 68416K->1440K(69632K)] 407786K->340810K(577024K), 0.0035590 secs] [Times: user=0.01 sys=0.00, real=0.01 secs] 
2007.999: [GC (Allocation Failure) [PSYoungGen: 69536K->1408K(69632K)] 408906K->340778K(577024K), 0.0029374 secs] [Times: user=0.01 sys=0.00, real=0.01 secs] 
2008.547: [GC (Allocation Failure) [PSYoungGen: 69504K->1344K(69632K)] 408874K->340714K(577024K), 0.0025103 secs] [Times: user=0.01 sys=0.00, real=0.00 secs] 
2008.953: [GC (Allocation Failure) [PSYoungGen: 69440K->1376K(69632K)] 408810K->340754K(577024K), 0.0023266 secs] [Times: user=0.01 sys=0.00, real=0.00 secs] 
2009.749: [GC (Allocation Failure) [PSYoungGen: 69472K->1392K(69632K)] 408850K->340770K(577024K), 0.0015505 secs] [Times: user=0.01 sys=0.00, real=0.00 secs] 
2010.725: [GC (Allocation Failure) [PSYoungGen: 69488K->1376K(69632K)] 408866K->340754K(577024K), 0.0043483 secs] [Times: user=0.02 sys=0.00, real=0.00 secs] 
2011.479: [GC (Allocation Failure) [PSYoungGen: 69472K->1376K(69632K)] 408850K->340754K(577024K), 0.0030481 secs] [Times: user=0.01 sys=0.00, real=0.01 secs] 
2012.036: [GC (Allocation Failure) [PSYoungGen: 69472K->1376K(69632K)] 408850K->340754K(577024K), 0.0029571 secs] [Times: user=0.01 sys=0.01, real=0.00 secs] 
2012.449: [GC (Allocation Failure) [PSYoungGen: 69472K->1376K(69632K)] 408850K->340754K(577024K), 0.0019150 secs] [Times: user=0.01 sys=0.00, real=0.01 secs] 
2013.296: [GC (Allocation Failure) [PSYoungGen: 69472K->1408K(69632K)] 408850K->340786K(577024K), 0.0017901 secs] [Times: user=0.01 sys=0.00, real=0.00 secs] 
2013.848: [GC (Allocation Failure) [PSYoungGen: 69504K->1312K(69632K)] 408882K->340690K(577024K), 0.0015947 secs] [Times: user=0.01 sys=0.00, real=0.00 secs] 
2014.484: [GC (Allocation Failure) [PSYoungGen: 69408K->1376K(69632K)] 408786K->340754K(577024K), 0.0017613 secs] [Times: user=0.01 sys=0.00, real=0.00 secs] 
2015.141: [GC (Allocation Failure) [PSYoungGen: 69472K->1376K(69632K)] 408850K->340754K(577024K), 0.0018308 secs] [Times: user=0.00 sys=0.00, real=0.00 secs] 
2015.984: [GC (Allocation Failure) [PSYoungGen: 69472K->1888K(70144K)] 408850K->341266K(577536K), 0.0018033 secs] [Times: user=0.00 sys=0.00, real=0.00 secs] 
2016.695: [GC (Allocation Failure) [PSYoungGen: 69984K->384K(68608K)] 409362K->340786K(576000K), 0.0023265 secs] [Times: user=0.01 sys=0.00, real=0.00 secs] 
2017.265: [GC (Allocation Failure) [PSYoungGen: 68480K->384K(68608K)] 408882K->340786K(576000K), 0.0018651 secs] [Times: user=0.01 sys=0.00, real=0.00 secs] 
2017.852: [GC (Allocation Failure) [PSYoungGen: 68480K->352K(68608K)] 408882K->340762K(576000K), 0.0024390 secs] [Times: user=0.01 sys=0.00, real=0.00 secs] 
2018.203: [GC (Allocation Failure) [PSYoungGen: 68448K->384K(70656K)] 408858K->340794K(578048K), 0.0019823 secs] [Times: user=0.01 sys=0.00, real=0.00 secs] 
2019.612: [GC (Allocation Failure) [PSYoungGen: 68480K->1328K(69632K)] 408890K->341738K(577024K), 0.0020848 secs] [Times: user=0.01 sys=0.00, real=0.00 secs] 
2020.942: [GC (Allocation Failure) [PSYoungGen: 69424K->1344K(69632K)] 409834K->341754K(577024K), 0.0026064 secs] [Times: user=0.01 sys=0.01, real=0.00 secs] 
2022.293: [GC (Allocation Failure) [PSYoungGen: 69440K->1376K(69632K)] 409850K->341786K(577024K), 0.0032325 secs] [Times: user=0.01 sys=0.00, real=0.00 secs] 
2022.849: [GC (Allocation Failure) [PSYoungGen: 69472K->1344K(69632K)] 409882K->341754K(577024K), 0.0021645 secs] [Times: user=0.01 sys=0.00, real=0.00 secs] 
2023.670: [GC (Allocation Failure) [PSYoungGen: 69440K->1376K(69632K)] 409850K->341786K(577024K), 0.0018411 secs] [Times: user=0.00 sys=0.00, real=0.01 secs] 
2024.317: [GC (Allocation Failure) [PSYoungGen: 69472K->1344K(69632K)] 409882K->341754K(577024K), 0.0026470 secs] [Times: user=0.00 sys=0.01, real=0.00 secs] 
2024.882: [GC (Allocation Failure) [PSYoungGen: 69440K->1344K(69632K)] 409850K->341754K(577024K), 0.0030491 secs] [Times: user=0.01 sys=0.01, real=0.00 secs] 
2025.225: [GC (Allocation Failure) [PSYoungGen: 69440K->1392K(69632K)] 409850K->341802K(577024K), 0.0019155 secs] [Times: user=0.01 sys=0.00, real=0.00 secs] 
2025.883: [GC (Allocation Failure) [PSYoungGen: 69488K->1373K(69632K)] 409898K->341783K(577024K), 0.0014182 secs] [Times: user=0.01 sys=0.00, real=0.00 secs] 
2027.733: [GC (Allocation Failure) [PSYoungGen: 69469K->1344K(69632K)] 409879K->341754K(577024K), 0.0039950 secs] [Times: user=0.01 sys=0.00, real=0.00 secs] 
2028.595: [GC (Allocation Failure) [PSYoungGen: 69440K->1312K(69632K)] 409850K->341722K(577024K), 0.0022631 secs] [Times: user=0.01 sys=0.00, real=0.00 secs] 
2029.136: [GC (Allocation Failure) [PSYoungGen: 69408K->1376K(69632K)] 409818K->341786K(577024K), 0.0047147 secs] [Times: user=0.02 sys=0.00, real=0.00 secs] 
2029.700: [GC (Allocation Failure) [PSYoungGen: 69472K->1328K(69632K)] 409882K->341738K(577024K), 0.0023620 secs] [Times: user=0.01 sys=0.00, real=0.01 secs] 
2031.402: [GC (Allocation Failure) [PSYoungGen: 69424K->1376K(69632K)] 409834K->341794K(577024K), 0.0029157 secs] [Times: user=0.01 sys=0.00, real=0.00 secs] 
2032.186: [GC (Allocation Failure) [PSYoungGen: 69472K->1376K(69632K)] 409890K->341794K(577024K), 0.0025470 secs] [Times: user=0.01 sys=0.00, real=0.00 secs] 
2033.113: [GC (Allocation Failure) [PSYoungGen: 69472K->1344K(69632K)] 409890K->341762K(577024K), 0.0026929 secs] [Times: user=0.01 sys=0.00, real=0.00 secs] 
2033.995: [GC (Allocation Failure) [PSYoungGen: 69440K->1344K(69632K)] 409858K->341762K(577024K), 0.0024527 secs] [Times: user=0.01 sys=0.00, real=0.00 secs] 
2035.226: [GC (Allocation Failure) [PSYoungGen: 69440K->1376K(69632K)] 409858K->341794K(577024K), 0.0018037 secs] [Times: user=0.00 sys=0.00, real=0.00 secs] 
2035.509: [GC (Allocation Failure) [PSYoungGen: 69472K->1376K(69632K)] 409890K->341794K(577024K), 0.0018323 secs] [Times: user=0.01 sys=0.00, real=0.00 secs] 
2036.068: [GC (Allocation Failure) [PSYoungGen: 69472K->1328K(69632K)] 409890K->341746K(577024K), 0.0021789 secs] [Times: user=0.00 sys=0.01, real=0.00 secs] 
2036.657: [GC (Allocation Failure) [PSYoungGen: 69424K->1376K(69632K)] 409842K->341794K(577024K), 0.0020824 secs] [Times: user=0.01 sys=0.00, real=0.00 secs] 
2037.404: [GC (Allocation Failure) [PSYoungGen: 69472K->1392K(69632K)] 409890K->341810K(577024K), 0.0016411 secs] [Times: user=0.01 sys=0.00, real=0.00 secs] 
2038.389: [GC (Allocation Failure) [PSYoungGen: 69488K->1440K(69632K)] 409906K->341858K(577024K), 0.0018050 secs] [Times: user=0.01 sys=0.00, real=0.01 secs] 
2038.990: [GC (Allocation Failure) [PSYoungGen: 69536K->1376K(69632K)] 409954K->341794K(577024K), 0.0027607 secs] [Times: user=0.01 sys=0.00, real=0.01 secs] 
2039.711: [GC (Allocation Failure) [PSYoungGen: 69472K->1376K(69632K)] 409890K->341810K(577024K), 0.0023641 secs] [Times: user=0.01 sys=0.00, real=0.01 secs] 
2040.215: [GC (Allocation Failure) [PSYoungGen: 69472K->1376K(69632K)] 409906K->341810K(577024K), 0.0022687 secs] [Times: user=0.01 sys=0.00, real=0.00 secs] 
2041.326: [GC (Allocation Failure) [PSYoungGen: 69472K->1392K(69632K)] 409906K->341826K(577024K), 0.0017584 secs] [Times: user=0.01 sys=0.00, real=0.00 secs] 
2042.074: [GC (Allocation Failure) [PSYoungGen: 69488K->1344K(69632K)] 409922K->341778K(577024K), 0.0034675 secs] [Times: user=0.01 sys=0.00, real=0.00 secs] 
2042.654: [GC (Allocation Failure) [PSYoungGen: 69440K->1312K(69632K)] 409874K->341746K(577024K), 0.0022999 secs] [Times: user=0.01 sys=0.00, real=0.00 secs] 
2043.290: [GC (Allocation Failure) [PSYoungGen: 69408K->1344K(69632K)] 409842K->341778K(577024K), 0.0024068 secs] [Times: user=0.01 sys=0.00, real=0.01 secs] 
2044.358: [GC (Allocation Failure) [PSYoungGen: 69440K->1504K(69632K)] 409874K->342034K(577024K), 0.0017951 secs] [Times: user=0.00 sys=0.00, real=0.00 secs] 
2045.031: [GC (Allocation Failure) [PSYoungGen: 69600K->1312K(69632K)] 410130K->341850K(577024K), 0.0028503 secs] [Times: user=0.01 sys=0.00, real=0.01 secs] 
2045.641: [GC (Allocation Failure) [PSYoungGen: 69408K->1264K(74752K)] 409946K->341802K(582144K), 0.0087457 secs] [Times: user=0.04 sys=0.00, real=0.01 secs] 
2046.206: [GC (Allocation Failure) [PSYoungGen: 74480K->1280K(79872K)] 415018K->341818K(587264K), 0.0022376 secs] [Times: user=0.01 sys=0.00, real=0.00 secs] 
2046.865: [GC (Allocation Failure) [PSYoungGen: 79616K->1373K(79360K)] 420154K->341911K(586752K), 0.0015621 secs] [Times: user=0.01 sys=0.00, real=0.00 secs] 
2047.735: [GC (Allocation Failure) [PSYoungGen: 79197K->1408K(78848K)] 419735K->341946K(586240K), 0.0023292 secs] [Times: user=0.01 sys=0.01, real=0.00 secs] 
2048.402: [GC (Allocation Failure) [PSYoungGen: 78720K->1376K(78336K)] 419258K->341914K(585728K), 0.0021157 secs] [Times: user=0.00 sys=0.00, real=0.00 secs] 
2049.024: [GC (Allocation Failure) [PSYoungGen: 78176K->1344K(77824K)] 418714K->341890K(585216K), 0.0022655 secs] [Times: user=0.01 sys=0.00, real=0.00 secs] 
2049.878: [GC (Allocation Failure) [PSYoungGen: 77632K->1520K(77312K)] 418178K->342122K(584704K), 0.0016889 secs] [Times: user=0.00 sys=0.00, real=0.00 secs] 
2050.610: [GC (Allocation Failure) [PSYoungGen: 77296K->1344K(76800K)] 417898K->341946K(584192K), 0.0018582 secs] [Times: user=0.01 sys=0.00, real=0.01 secs] 
2051.110: [GC (Allocation Failure) [PSYoungGen: 76608K->1344K(76288K)] 417210K->341946K(583680K), 0.0020055 secs] [Times: user=0.01 sys=0.00, real=0.01 secs] 
2051.421: [GC (Allocation Failure) [PSYoungGen: 76096K->1344K(75776K)] 416698K->341946K(583168K), 0.0020148 secs] [Times: user=0.01 sys=0.00, real=0.00 secs] 
2052.163: [GC (Allocation Failure) [PSYoungGen: 75584K->896K(74752K)] 416186K->342522K(582144K), 0.0015342 secs] [Times: user=0.01 sys=0.00, real=0.00 secs] 
2052.538: [GC (Allocation Failure) [PSYoungGen: 74624K->416K(73728K)] 416250K->342042K(581120K), 0.0016125 secs] [Times: user=0.01 sys=0.00, real=0.00 secs] 
2053.012: [GC (Allocation Failure) [PSYoungGen: 73632K->400K(73216K)] 415258K->342026K(580608K), 0.0032648 secs] [Times: user=0.02 sys=0.00, real=0.00 secs] 
2053.513: [GC (Allocation Failure) [PSYoungGen: 73104K->352K(74240K)] 414730K->341986K(581632K), 0.0026291 secs] [Times: user=0.01 sys=0.00, real=0.00 secs] 
2054.536: [GC (Allocation Failure) [PSYoungGen: 72544K->128K(72192K)] 414178K->341762K(579584K), 0.0013889 secs] [Times: user=0.01 sys=0.00, real=0.00 secs] 
2055.283: [GC (Allocation Failure) [PSYoungGen: 71808K->1376K(73216K)] 413442K->343018K(580608K), 0.0019853 secs] [Times: user=0.01 sys=0.00, real=0.00 secs] 
2055.924: [GC (Allocation Failure) [PSYoungGen: 72544K->1408K(72192K)] 414186K->343050K(579584K), 0.0019929 secs] [Times: user=0.01 sys=0.00, real=0.00 secs] 
2056.513: [GC (Allocation Failure) [PSYoungGen: 72064K->1408K(71680K)] 413706K->343050K(579072K), 0.0023421 secs] [Times: user=0.01 sys=0.00, real=0.00 secs] 
2056.885: [GC (Allocation Failure) [PSYoungGen: 71552K->1437K(71168K)] 413194K->343103K(578560K), 0.0016958 secs] [Times: user=0.00 sys=0.00, real=0.00 secs] 
2057.649: [GC (Allocation Failure) [PSYoungGen: 71069K->1504K(70656K)] 412735K->343178K(578048K), 0.0019336 secs] [Times: user=0.01 sys=0.00, real=0.01 secs] 
2057.937: [GC (Allocation Failure) [PSYoungGen: 70624K->1472K(70144K)] 412298K->343146K(577536K), 0.0019276 secs] [Times: user=0.00 sys=0.00, real=0.00 secs] 
2058.440: [GC (Allocation Failure) [PSYoungGen: 70080K->1408K(69632K)] 411754K->343114K(577024K), 0.0020930 secs] [Times: user=0.01 sys=0.00, real=0.01 secs] 
2059.010: [GC (Allocation Failure) [PSYoungGen: 69504K->1408K(69632K)] 411210K->343114K(577024K), 0.0022786 secs] [Times: user=0.01 sys=0.00, real=0.01 secs] 
2060.012: [GC (Allocation Failure) [PSYoungGen: 69504K->1408K(69632K)] 411210K->343114K(577024K), 0.0027939 secs] [Times: user=0.01 sys=0.00, real=0.00 secs] 
2060.392: [GC (Allocation Failure) [PSYoungGen: 69504K->1376K(69632K)] 411210K->343082K(577024K), 0.0020674 secs] [Times: user=0.01 sys=0.00, real=0.00 secs] 
2061.022: [GC (Allocation Failure) [PSYoungGen: 69472K->1408K(69632K)] 411178K->343114K(577024K), 0.0019709 secs] [Times: user=0.01 sys=0.00, real=0.00 secs] 
2061.756: [GC (Allocation Failure) [PSYoungGen: 69504K->1408K(69632K)] 411210K->343114K(577024K), 0.0022918 secs] [Times: user=0.01 sys=0.00, real=0.00 secs] 
2062.806: [GC (Allocation Failure) [PSYoungGen: 69504K->1664K(70144K)] 411210K->343370K(577536K), 0.0019887 secs] [Times: user=0.01 sys=0.00, real=0.00 secs] 
2063.095: [GC (Allocation Failure) [PSYoungGen: 69760K->384K(68608K)] 411466K->343114K(576000K), 0.0018672 secs] [Times: user=0.01 sys=0.00, real=0.00 secs] 
2063.521: [GC (Allocation Failure) [PSYoungGen: 68480K->320K(70656K)] 411210K->343050K(578048K), 0.0018011 secs] [Times: user=0.01 sys=0.00, real=0.00 secs] 
2064.093: [GC (Allocation Failure) [PSYoungGen: 68416K->352K(68608K)] 411146K->343098K(576000K), 0.0023010 secs] [Times: user=0.01 sys=0.00, real=0.00 secs] 
2064.709: [GC (Allocation Failure) [PSYoungGen: 68448K->352K(70656K)] 411194K->343098K(578048K), 0.0019037 secs] [Times: user=0.01 sys=0.00, real=0.01 secs] 
2065.943: [GC (Allocation Failure) [PSYoungGen: 68448K->1376K(69632K)] 411194K->344122K(577024K), 0.0036541 secs] [Times: user=0.02 sys=0.00, real=0.00 secs] 
2066.734: [GC (Allocation Failure) [PSYoungGen: 69472K->1344K(69632K)] 412218K->344090K(577024K), 0.0032781 secs] [Times: user=0.01 sys=0.00, real=0.00 secs] 
2067.500: [GC (Allocation Failure) [PSYoungGen: 69440K->1408K(69632K)] 412186K->344170K(577024K), 0.0035487 secs] [Times: user=0.02 sys=0.01, real=0.01 secs] 
2068.169: [GC (Allocation Failure) [PSYoungGen: 69504K->1344K(69632K)] 412266K->344106K(577024K), 0.0030656 secs] [Times: user=0.01 sys=0.00, real=0.01 secs] 
2069.183: [GC (Allocation Failure) [PSYoungGen: 69440K->1376K(69632K)] 412202K->344138K(577024K), 0.0018362 secs] [Times: user=0.01 sys=0.00, real=0.00 secs] 
2070.169: [GC (Allocation Failure) [PSYoungGen: 69472K->1344K(69632K)] 412234K->344106K(577024K), 0.0039307 secs] [Times: user=0.02 sys=0.00, real=0.01 secs] 
2070.930: [GC (Allocation Failure) [PSYoungGen: 69440K->1344K(69632K)] 412202K->344106K(577024K), 0.0027798 secs] [Times: user=0.01 sys=0.00, real=0.01 secs] 
2071.551: [GC (Allocation Failure) [PSYoungGen: 69440K->1408K(69632K)] 412202K->344170K(577024K), 0.0028511 secs] [Times: user=0.01 sys=0.00, real=0.01 secs] 
2072.553: [GC (Allocation Failure) [PSYoungGen: 69504K->1341K(69632K)] 412266K->344103K(577024K), 0.0016389 secs] [Times: user=0.01 sys=0.00, real=0.00 secs] 
2073.245: [GC (Allocation Failure) [PSYoungGen: 69437K->1440K(69632K)] 412199K->344202K(577024K), 0.0019897 secs] [Times: user=0.01 sys=0.00, real=0.00 secs] 
2073.804: [GC (Allocation Failure) [PSYoungGen: 69536K->1376K(69632K)] 412298K->344138K(577024K), 0.0022333 secs] [Times: user=0.01 sys=0.00, real=0.00 secs] 
2074.369: [GC (Allocation Failure) [PSYoungGen: 69472K->1408K(69632K)] 412234K->344170K(577024K), 0.0025450 secs] [Times: user=0.01 sys=0.00, real=0.01 secs] 
2074.896: [GC (Allocation Failure) [PSYoungGen: 69504K->1344K(69632K)] 412266K->344106K(577024K), 0.0025476 secs] [Times: user=0.01 sys=0.00, real=0.00 secs] 
2075.954: [GC (Allocation Failure) [PSYoungGen: 69440K->1440K(69632K)] 412202K->344202K(577024K), 0.0020276 secs] [Times: user=0.00 sys=0.00, real=0.00 secs] 
2076.667: [GC (Allocation Failure) [PSYoungGen: 69536K->1408K(69632K)] 412298K->344170K(577024K), 0.0018513 secs] [Times: user=0.01 sys=0.00, real=0.00 secs] 
2077.503: [GC (Allocation Failure) [PSYoungGen: 69504K->1344K(69632K)] 412266K->344106K(577024K), 0.0030646 secs] [Times: user=0.01 sys=0.00, real=0.00 secs] 
2078.219: [GC (Allocation Failure) [PSYoungGen: 69440K->1408K(69632K)] 412202K->344170K(577024K), 0.0027088 secs] [Times: user=0.01 sys=0.00, real=0.01 secs] 
2079.288: [GC (Allocation Failure) [PSYoungGen: 69504K->1376K(69632K)] 412266K->344138K(577024K), 0.0020930 secs] [Times: user=0.01 sys=0.00, real=0.00 secs] 
2079.888: [GC (Allocation Failure) [PSYoungGen: 69472K->1408K(69632K)] 412234K->344178K(577024K), 0.0022805 secs] [Times: user=0.01 sys=0.00, real=0.00 secs] 
2080.662: [GC (Allocation Failure) [PSYoungGen: 69504K->1344K(69632K)] 412274K->344114K(577024K), 0.0029763 secs] [Times: user=0.01 sys=0.00, real=0.00 secs] 
2081.572: [GC (Allocation Failure) [PSYoungGen: 69440K->1344K(69632K)] 412210K->344114K(577024K), 0.0034130 secs] [Times: user=0.01 sys=0.00, real=0.00 secs] 
2082.520: [GC (Allocation Failure) [PSYoungGen: 69440K->1341K(69632K)] 412210K->344111K(577024K), 0.0018719 secs] [Times: user=0.00 sys=0.00, real=0.01 secs] 
2083.437: [GC (Allocation Failure) [PSYoungGen: 69437K->1440K(69632K)] 412207K->344210K(577024K), 0.0017995 secs] [Times: user=0.00 sys=0.00, real=0.00 secs] 
2083.843: [GC (Allocation Failure) [PSYoungGen: 69536K->1376K(69632K)] 412306K->344146K(577024K), 0.0021690 secs] [Times: user=0.01 sys=0.00, real=0.00 secs] 
2084.127: [GC (Allocation Failure) [PSYoungGen: 69472K->1344K(69632K)] 412242K->344122K(577024K), 0.0021925 secs] [Times: user=0.01 sys=0.00, real=0.00 secs] 
2084.746: [GC (Allocation Failure) [PSYoungGen: 69440K->1296K(69632K)] 412218K->344074K(577024K), 0.0031642 secs] [Times: user=0.01 sys=0.00, real=0.00 secs] 
2085.764: [GC (Allocation Failure) [PSYoungGen: 69392K->1376K(69632K)] 412170K->344154K(577024K), 0.0014377 secs] [Times: user=0.01 sys=0.00, real=0.00 secs] 
2086.270: [GC (Allocation Failure) [PSYoungGen: 69472K->1360K(69632K)] 412250K->344138K(577024K), 0.0018541 secs] [Times: user=0.01 sys=0.00, real=0.01 secs] 
2086.867: [GC (Allocation Failure) [PSYoungGen: 69456K->1376K(69632K)] 412234K->344154K(577024K), 0.0019735 secs] [Times: user=0.01 sys=0.01, real=0.00 secs] 
2087.467: [GC (Allocation Failure) [PSYoungGen: 69472K->1408K(69632K)] 412250K->344186K(577024K), 0.0025207 secs] [Times: user=0.01 sys=0.00, real=0.00 secs] 
2088.754: [GC (Allocation Failure) [PSYoungGen: 69504K->1504K(69632K)] 412282K->344378K(577024K), 0.0018388 secs] [Times: user=0.01 sys=0.00, real=0.00 secs] 
2090.005: [GC (Allocation Failure) [PSYoungGen: 69600K->1312K(69632K)] 412474K->344202K(577024K), 0.0021457 secs] [Times: user=0.00 sys=0.00, real=0.00 secs] 
2090.970: [GC (Allocation Failure) [PSYoungGen: 69408K->1344K(69632K)] 412298K->344234K(577024K), 0.0022761 secs] [Times: user=0.01 sys=0.00, real=0.01 secs] 
2091.384: [GC (Allocation Failure) [PSYoungGen: 69440K->1328K(69632K)] 412330K->344218K(577024K), 0.0021205 secs] [Times: user=0.01 sys=0.00, real=0.00 secs] 
2091.736: [GC (Allocation Failure) [PSYoungGen: 69424K->1312K(69632K)] 412314K->344202K(577024K), 0.0016607 secs] [Times: user=0.00 sys=0.00, real=0.00 secs] 
2092.968: [GC (Allocation Failure) [PSYoungGen: 69408K->1504K(69632K)] 412298K->344394K(577024K), 0.0019970 secs] [Times: user=0.01 sys=0.00, real=0.00 secs] 
2093.990: [GC (Allocation Failure) [PSYoungGen: 69600K->1440K(69632K)] 412490K->344330K(577024K), 0.0025471 secs] [Times: user=0.01 sys=0.00, real=0.01 secs] 
2095.103: [GC (Allocation Failure) [PSYoungGen: 69536K->1408K(69632K)] 412426K->344298K(577024K), 0.0041026 secs] [Times: user=0.02 sys=0.00, real=0.00 secs] 
2095.655: [GC (Allocation Failure) [PSYoungGen: 69504K->1472K(69632K)] 412394K->344362K(577024K), 0.0026030 secs] [Times: user=0.01 sys=0.00, real=0.00 secs] 
2096.927: [GC (Allocation Failure) [PSYoungGen: 69568K->1456K(69632K)] 412458K->344346K(577024K), 0.0015782 secs] [Times: user=0.01 sys=0.01, real=0.00 secs] 
2097.456: [GC (Allocation Failure) [PSYoungGen: 69552K->1440K(69632K)] 412442K->344330K(577024K), 0.0030724 secs] [Times: user=0.00 sys=0.01, real=0.00 secs] 
2098.214: [GC (Allocation Failure) [PSYoungGen: 69536K->1456K(69632K)] 412426K->344346K(577024K), 0.0029266 secs] [Times: user=0.01 sys=0.00, real=0.00 secs] 
2098.951: [GC (Allocation Failure) [PSYoungGen: 69552K->1440K(69632K)] 412442K->344330K(577024K), 0.0023131 secs] [Times: user=0.01 sys=0.00, real=0.00 secs] 
2099.794: [GC (Allocation Failure) [PSYoungGen: 69536K->1424K(69632K)] 412426K->344314K(577024K), 0.0013534 secs] [Times: user=0.01 sys=0.00, real=0.00 secs] 
2100.863: [GC (Allocation Failure) [PSYoungGen: 69520K->1504K(69632K)] 412410K->344394K(577024K), 0.0019035 secs] [Times: user=0.01 sys=0.00, real=0.00 secs] 
2101.756: [GC (Allocation Failure) [PSYoungGen: 69600K->1408K(69632K)] 412490K->344370K(577024K), 0.0022647 secs] [Times: user=0.01 sys=0.00, real=0.00 secs] 
2102.621: [GC (Allocation Failure) [PSYoungGen: 69504K->1408K(69632K)] 412466K->344370K(577024K), 0.0024423 secs] [Times: user=0.01 sys=0.00, real=0.00 secs] 
2103.342: [GC (Allocation Failure) [PSYoungGen: 69504K->1408K(69632K)] 412466K->344370K(577024K), 0.0025877 secs] [Times: user=0.01 sys=0.00, real=0.00 secs] 
2104.671: [GC (Allocation Failure) [PSYoungGen: 69504K->1440K(69632K)] 412466K->344402K(577024K), 0.0018410 secs] [Times: user=0.01 sys=0.01, real=0.01 secs] 
2105.722: [GC (Allocation Failure) [PSYoungGen: 69536K->1376K(69632K)] 412498K->344338K(577024K), 0.0031308 secs] [Times: user=0.00 sys=0.00, real=0.00 secs] 
2106.201: [GC (Allocation Failure) [PSYoungGen: 69472K->1376K(69632K)] 412434K->344346K(577024K), 0.0021419 secs] [Times: user=0.00 sys=0.00, real=0.01 secs] 
2106.834: [GC (Allocation Failure) [PSYoungGen: 69472K->1376K(69632K)] 412442K->344346K(577024K), 0.0025252 secs] [Times: user=0.00 sys=0.00, real=0.00 secs] 
2107.930: [GC (Allocation Failure) [PSYoungGen: 69472K->1408K(69632K)] 412442K->344378K(577024K), 0.0016827 secs] [Times: user=0.00 sys=0.00, real=0.01 secs] 
2108.235: [GC (Allocation Failure) [PSYoungGen: 69504K->1376K(69632K)] 412474K->344346K(577024K), 0.0022098 secs] [Times: user=0.00 sys=0.00, real=0.00 secs] 
2108.717: [GC (Allocation Failure) [PSYoungGen: 69472K->352K(68608K)] 412442K->344346K(576000K), 0.0017853 secs] [Times: user=0.00 sys=0.00, real=0.00 secs] 
2109.430: [GC (Allocation Failure) [PSYoungGen: 68448K->352K(70144K)] 412442K->344346K(577536K), 0.0022583 secs] [Times: user=0.01 sys=0.00, real=0.01 secs] 
2110.452: [GC (Allocation Failure) [PSYoungGen: 68448K->1341K(69632K)] 412442K->345351K(577024K), 0.0022870 secs] [Times: user=0.01 sys=0.00, real=0.00 secs] 
2111.154: [GC (Allocation Failure) [PSYoungGen: 69437K->1376K(69632K)] 413447K->345386K(577024K), 0.0016145 secs] [Times: user=0.01 sys=0.00, real=0.00 secs] 
2111.441: [GC (Allocation Failure) [PSYoungGen: 69472K->1376K(69632K)] 413482K->345386K(577024K), 0.0015175 secs] [Times: user=0.00 sys=0.00, real=0.01 secs] 
2111.736: [GC (Allocation Failure) [PSYoungGen: 69472K->1344K(69632K)] 413482K->345354K(577024K), 0.0016205 secs] [Times: user=0.01 sys=0.00, real=0.00 secs] 
2112.352: [GC (Allocation Failure) [PSYoungGen: 69440K->1408K(69632K)] 413450K->345418K(577024K), 0.0019644 secs] [Times: user=0.01 sys=0.00, real=0.00 secs] 
2113.713: [GC (Allocation Failure) [PSYoungGen: 69504K->1376K(69632K)] 413514K->345386K(577024K), 0.0023090 secs] [Times: user=0.00 sys=0.00, real=0.00 secs] 
2114.873: [GC (Allocation Failure) [PSYoungGen: 69472K->1344K(69632K)] 413482K->345354K(577024K), 0.0026289 secs] [Times: user=0.01 sys=0.00, real=0.00 secs] 
2115.942: [GC (Allocation Failure) [PSYoungGen: 69440K->1344K(69632K)] 413450K->345354K(577024K), 0.0033871 secs] [Times: user=0.01 sys=0.00, real=0.00 secs] 
2117.081: [GC (Allocation Failure) [PSYoungGen: 69440K->1360K(69632K)] 413450K->345370K(577024K), 0.0033030 secs] [Times: user=0.01 sys=0.00, real=0.00 secs] 
2118.076: [GC (Allocation Failure) [PSYoungGen: 69456K->1312K(69632K)] 413466K->345322K(577024K), 0.0015255 secs] [Times: user=0.01 sys=0.00, real=0.00 secs] 
2120.456: [GC (Allocation Failure) [PSYoungGen: 69408K->1344K(69632K)] 413418K->345354K(577024K), 0.0042229 secs] [Times: user=0.02 sys=0.00, real=0.00 secs] 
2121.012: [GC (Allocation Failure) [PSYoungGen: 69440K->1376K(69632K)] 413450K->345394K(577024K), 0.0023644 secs] [Times: user=0.01 sys=0.01, real=0.00 secs] 
2121.301: [GC (Allocation Failure) [PSYoungGen: 69472K->1376K(69632K)] 413490K->345394K(577024K), 0.0019491 secs] [Times: user=0.01 sys=0.00, real=0.01 secs] 
2121.817: [GC (Allocation Failure) [PSYoungGen: 69472K->1376K(69632K)] 413490K->345394K(577024K), 0.0020021 secs] [Times: user=0.00 sys=0.00, real=0.00 secs] 
2123.194: [GC (Allocation Failure) [PSYoungGen: 69472K->1440K(69632K)] 413490K->345458K(577024K), 0.0026598 secs] [Times: user=0.01 sys=0.00, real=0.00 secs] 
2123.923: [GC (Allocation Failure) [PSYoungGen: 69536K->1344K(69632K)] 413554K->345362K(577024K), 0.0024872 secs] [Times: user=0.01 sys=0.01, real=0.00 secs] 
2124.749: [GC (Allocation Failure) [PSYoungGen: 69440K->1312K(69632K)] 413458K->345330K(577024K), 0.0026259 secs] [Times: user=0.01 sys=0.00, real=0.01 secs] 
2125.801: [GC (Allocation Failure) [PSYoungGen: 69408K->1344K(69632K)] 413426K->345362K(577024K), 0.0061927 secs] [Times: user=0.03 sys=0.00, real=0.01 secs] 
2127.381: [GC (Allocation Failure) [PSYoungGen: 69440K->1376K(69632K)] 413458K->345394K(577024K), 0.0018358 secs] [Times: user=0.01 sys=0.00, real=0.01 secs] 
2128.010: [GC (Allocation Failure) [PSYoungGen: 69472K->1408K(69632K)] 413490K->345426K(577024K), 0.0020362 secs] [Times: user=0.01 sys=0.00, real=0.01 secs] 
2128.581: [GC (Allocation Failure) [PSYoungGen: 69504K->1408K(69632K)] 413522K->345426K(577024K), 0.0019352 secs] [Times: user=0.00 sys=0.00, real=0.00 secs] 
2129.190: [GC (Allocation Failure) [PSYoungGen: 69504K->1344K(69632K)] 413522K->345362K(577024K), 0.0023788 secs] [Times: user=0.00 sys=0.00, real=0.01 secs] 
2130.185: [GC (Allocation Failure) [PSYoungGen: 69440K->1389K(69632K)] 413458K->345407K(577024K), 0.0015411 secs] [Times: user=0.00 sys=0.00, real=0.00 secs] 
2130.753: [GC (Allocation Failure) [PSYoungGen: 69485K->1408K(69632K)] 413503K->345426K(577024K), 0.0025447 secs] [Times: user=0.01 sys=0.00, real=0.00 secs] 
2131.051: [GC (Allocation Failure) [PSYoungGen: 69504K->384K(68608K)] 413522K->345434K(576000K), 0.0019184 secs] [Times: user=0.01 sys=0.00, real=0.00 secs] 
2131.362: [GC (Allocation Failure) [PSYoungGen: 68480K->352K(70144K)] 413530K->345410K(577536K), 0.0019667 secs] [Times: user=0.00 sys=0.00, real=0.00 secs] 
2131.661: [GC (Allocation Failure) [PSYoungGen: 68448K->352K(68608K)] 413506K->345410K(576000K), 0.0018900 secs] [Times: user=0.01 sys=0.00, real=0.01 secs] 
2132.421: [GC (Allocation Failure) [PSYoungGen: 68448K->1408K(70144K)] 413506K->346466K(577536K), 0.0015952 secs] [Times: user=0.00 sys=0.00, real=0.01 secs] 
2132.708: [GC (Allocation Failure) [PSYoungGen: 69504K->1376K(69632K)] 414562K->346434K(577024K), 0.0017525 secs] [Times: user=0.01 sys=0.00, real=0.00 secs] 
2132.990: [GC (Allocation Failure) [PSYoungGen: 69472K->1376K(69632K)] 414530K->346434K(577024K), 0.0017294 secs] [Times: user=0.01 sys=0.00, real=0.01 secs] 
2133.273: [GC (Allocation Failure) [PSYoungGen: 69472K->1376K(74240K)] 414530K->346434K(581632K), 0.0017350 secs] [Times: user=0.01 sys=0.00, real=0.00 secs] 
2134.298: [GC (Allocation Failure) [PSYoungGen: 74080K->1440K(73728K)] 419138K->346498K(581120K), 0.0023223 secs] [Times: user=0.01 sys=0.00, real=0.00 secs] 
2135.760: [GC (Allocation Failure) [PSYoungGen: 73632K->1312K(73216K)] 418690K->346370K(580608K), 0.0039046 secs] [Times: user=0.02 sys=0.00, real=0.01 secs] 
2136.352: [GC (Allocation Failure) [PSYoungGen: 72992K->1376K(72704K)] 418050K->346434K(580096K), 0.0037985 secs] [Times: user=0.01 sys=0.01, real=0.00 secs] 
2137.312: [GC (Allocation Failure) [PSYoungGen: 72544K->1344K(72192K)] 417602K->346418K(579584K), 0.0027541 secs] [Times: user=0.01 sys=0.00, real=0.00 secs] 
2138.841: [GC (Allocation Failure) [PSYoungGen: 72000K->160K(70656K)] 417074K->345234K(578048K), 0.0016094 secs] [Times: user=0.01 sys=0.00, real=0.00 secs] 
2139.191: [GC (Allocation Failure) [PSYoungGen: 70304K->1376K(71168K)] 415378K->346450K(578560K), 0.0017854 secs] [Times: user=0.01 sys=0.00, real=0.01 secs] 
2139.480: [GC (Allocation Failure) [PSYoungGen: 71008K->1392K(70656K)] 416082K->346466K(578048K), 0.0018315 secs] [Times: user=0.00 sys=0.00, real=0.01 secs] 
2139.766: [GC (Allocation Failure) [PSYoungGen: 70512K->1376K(70144K)] 415586K->346450K(577536K), 0.0019885 secs] [Times: user=0.01 sys=0.00, real=0.00 secs] 
2140.080: [GC (Allocation Failure) [PSYoungGen: 69984K->1344K(74752K)] 415058K->346418K(582144K), 0.0021088 secs] [Times: user=0.01 sys=0.00, real=0.01 secs] 
2141.671: [GC (Allocation Failure) [PSYoungGen: 74560K->1440K(74240K)] 419634K->346514K(581632K), 0.0020621 secs] [Times: user=0.01 sys=0.00, real=0.00 secs] 
2142.449: [GC (Allocation Failure) [PSYoungGen: 74144K->1360K(73728K)] 419218K->346434K(581120K), 0.0024970 secs] [Times: user=0.01 sys=0.00, real=0.01 secs] 
2143.420: [GC (Allocation Failure) [PSYoungGen: 73552K->1344K(73216K)] 418626K->346418K(580608K), 0.0029411 secs] [Times: user=0.01 sys=0.00, real=0.01 secs] 
2144.232: [GC (Allocation Failure) [PSYoungGen: 73024K->1312K(72704K)] 418098K->346386K(580096K), 0.0028659 secs] [Times: user=0.01 sys=0.00, real=0.00 secs] 
2145.371: [GC (Allocation Failure) [PSYoungGen: 72480K->1408K(72192K)] 417554K->346482K(579584K), 0.0021354 secs] [Times: user=0.01 sys=0.00, real=0.01 secs] 
2146.066: [GC (Allocation Failure) [PSYoungGen: 72064K->1376K(71680K)] 417138K->346450K(579072K), 0.0029548 secs] [Times: user=0.01 sys=0.00, real=0.00 secs] 
2146.667: [GC (Allocation Failure) [PSYoungGen: 71520K->1376K(71168K)] 416594K->346450K(578560K), 0.0024199 secs] [Times: user=0.01 sys=0.00, real=0.00 secs] 
2147.161: [GC (Allocation Failure) [PSYoungGen: 71008K->1376K(70656K)] 416082K->346450K(578048K), 0.0020939 secs] [Times: user=0.00 sys=0.00, real=0.00 secs] 
2148.007: [GC (Allocation Failure) [PSYoungGen: 70496K->1408K(70144K)] 415570K->346482K(577536K), 0.0018344 secs] [Times: user=0.00 sys=0.00, real=0.00 secs] 
2148.604: [GC (Allocation Failure) [PSYoungGen: 70016K->1376K(69632K)] 415090K->346450K(577024K), 0.0023205 secs] [Times: user=0.01 sys=0.00, real=0.00 secs] 
2149.295: [GC (Allocation Failure) [PSYoungGen: 69472K->1408K(69632K)] 414546K->346498K(577024K), 0.0025659 secs] [Times: user=0.00 sys=0.00, real=0.00 secs] 
2150.014: [GC (Allocation Failure) [PSYoungGen: 69504K->1344K(69632K)] 414594K->346434K(577024K), 0.0034651 secs] [Times: user=0.01 sys=0.00, real=0.00 secs] 
2151.082: [GC (Allocation Failure) [PSYoungGen: 69440K->1373K(69632K)] 414530K->346463K(577024K), 0.0014884 secs] [Times: user=0.01 sys=0.00, real=0.00 secs] 
2151.758: [GC (Allocation Failure) [PSYoungGen: 69469K->1376K(69632K)] 414559K->346466K(577024K), 0.0033113 secs] [Times: user=0.01 sys=0.00, real=0.01 secs] 
2152.354: [GC (Allocation Failure) [PSYoungGen: 69472K->1408K(75776K)] 414562K->346498K(583168K), 0.0114874 secs] [Times: user=0.06 sys=0.00, real=0.01 secs] 
2152.760: [GC (Allocation Failure) [PSYoungGen: 75648K->1376K(81920K)] 420738K->346466K(589312K), 0.0021444 secs] [Times: user=0.01 sys=0.00, real=0.01 secs] 
2153.457: [GC (Allocation Failure) [PSYoungGen: 81760K->1341K(88064K)] 426850K->346431K(595456K), 0.0014792 secs] [Times: user=0.00 sys=0.00, real=0.00 secs] 
2154.069: [GC (Allocation Failure) [PSYoungGen: 87869K->1408K(87552K)] 432959K->346498K(594944K), 0.0019064 secs] [Times: user=0.00 sys=0.00, real=0.00 secs] 
2154.426: [GC (Allocation Failure) [PSYoungGen: 87424K->1376K(87040K)] 432514K->346466K(594432K), 0.0018275 secs] [Times: user=0.00 sys=0.00, real=0.00 secs] 
2154.900: [GC (Allocation Failure) [PSYoungGen: 86880K->1392K(86528K)] 431970K->346482K(593920K), 0.0019065 secs] [Times: user=0.01 sys=0.00, real=0.01 secs] 
2156.138: [GC (Allocation Failure) [PSYoungGen: 86384K->1440K(86016K)] 431474K->346530K(593408K), 0.0021263 secs] [Times: user=0.00 sys=0.00, real=0.00 secs] 
2156.832: [GC (Allocation Failure) [PSYoungGen: 85920K->1408K(85504K)] 431010K->346498K(592896K), 0.0020722 secs] [Times: user=0.01 sys=0.01, real=0.00 secs] 
2157.526: [GC (Allocation Failure) [PSYoungGen: 85376K->1376K(84992K)] 430466K->346466K(592384K), 0.0027744 secs] [Times: user=0.01 sys=0.00, real=0.00 secs] 
2158.462: [GC (Allocation Failure) [PSYoungGen: 84832K->1392K(84480K)] 429922K->346490K(591872K), 0.0014274 secs] [Times: user=0.00 sys=0.00, real=0.00 secs] 
2159.288: [GC (Allocation Failure) [PSYoungGen: 84336K->1408K(83968K)] 429434K->346506K(591360K), 0.0017399 secs] [Times: user=0.00 sys=0.00, real=0.00 secs] 
2160.062: [GC (Allocation Failure) [PSYoungGen: 83840K->1376K(83456K)] 428938K->346474K(590848K), 0.0028064 secs] [Times: user=0.01 sys=0.00, real=0.00 secs] 
2160.773: [GC (Allocation Failure) [PSYoungGen: 83296K->1344K(82944K)] 428394K->346442K(590336K), 0.0025594 secs] [Times: user=0.01 sys=0.00, real=0.00 secs] 
2162.263: [GC (Allocation Failure) [PSYoungGen: 82752K->1376K(82432K)] 427850K->346474K(589824K), 0.0028161 secs] [Times: user=0.01 sys=0.00, real=0.00 secs] 
2162.598: [GC (Allocation Failure) [PSYoungGen: 82272K->320K(80896K)] 427370K->346442K(588288K), 0.0019791 secs] [Times: user=0.01 sys=0.00, real=0.00 secs] 
2163.044: [GC (Allocation Failure) [PSYoungGen: 80704K->352K(81920K)] 426826K->346474K(589312K), 0.0019744 secs] [Times: user=0.01 sys=0.00, real=0.00 secs] 
2163.981: [GC (Allocation Failure) [PSYoungGen: 80224K->352K(79872K)] 426346K->346474K(587264K), 0.0026938 secs] [Times: user=0.01 sys=0.00, real=0.01 secs] 
2165.797: [GC (Allocation Failure) [PSYoungGen: 79712K->1360K(80896K)] 425834K->347482K(588288K), 0.0020124 secs] [Times: user=0.01 sys=0.00, real=0.00 secs] 
2166.989: [GC (Allocation Failure) [PSYoungGen: 80208K->1344K(79872K)] 426330K->347466K(587264K), 0.0036136 secs] [Times: user=0.01 sys=0.00, real=0.01 secs] 
2168.422: [GC (Allocation Failure) [PSYoungGen: 79680K->1360K(79360K)] 425802K->347482K(586752K), 0.0042802 secs] [Times: user=0.01 sys=0.00, real=0.00 secs] 
2169.061: [GC (Allocation Failure) [PSYoungGen: 79184K->1376K(78848K)] 425306K->347498K(586240K), 0.0019700 secs] [Times: user=0.01 sys=0.00, real=0.00 secs] 
2170.460: [GC (Allocation Failure) [PSYoungGen: 78688K->1376K(78336K)] 424810K->347498K(585728K), 0.0035775 secs] [Times: user=0.02 sys=0.00, real=0.01 secs] 
2171.403: [GC (Allocation Failure) [PSYoungGen: 78176K->1344K(77824K)] 424298K->347466K(585216K), 0.0028614 secs] [Times: user=0.01 sys=0.00, real=0.00 secs] 
2172.011: [GC (Allocation Failure) [PSYoungGen: 77632K->1376K(77312K)] 423754K->347498K(584704K), 0.0028055 secs] [Times: user=0.01 sys=0.00, real=0.01 secs] 
2172.527: [GC (Allocation Failure) [PSYoungGen: 77152K->1341K(76800K)] 423274K->347471K(584192K), 0.0014285 secs] [Times: user=0.00 sys=0.00, real=0.00 secs] 
2173.177: [GC (Allocation Failure) [PSYoungGen: 76605K->1328K(76288K)] 422735K->347458K(583680K), 0.0021352 secs] [Times: user=0.00 sys=0.00, real=0.00 secs] 
2173.718: [GC (Allocation Failure) [PSYoungGen: 76080K->1408K(75776K)] 422210K->347538K(583168K), 0.0019781 secs] [Times: user=0.01 sys=0.00, real=0.00 secs] 
2174.319: [GC (Allocation Failure) [PSYoungGen: 75648K->1344K(75264K)] 421778K->347474K(582656K), 0.0022938 secs] [Times: user=0.01 sys=0.00, real=0.01 secs] 
2175.132: [GC (Allocation Failure) [PSYoungGen: 75072K->1389K(74752K)] 421202K->347519K(582144K), 0.0015690 secs] [Times: user=0.00 sys=0.00, real=0.00 secs] 
2176.452: [GC (Allocation Failure) [PSYoungGen: 74605K->1408K(74240K)] 420735K->347538K(581632K), 0.0025530 secs] [Times: user=0.01 sys=0.00, real=0.00 secs] 
2177.696: [GC (Allocation Failure) [PSYoungGen: 74112K->1312K(73728K)] 420242K->347442K(581120K), 0.0037655 secs] [Times: user=0.02 sys=0.00, real=0.00 secs] 
2178.939: [GC (Allocation Failure) [PSYoungGen: 73504K->1344K(73216K)] 419634K->347474K(580608K), 0.0053664 secs] [Times: user=0.02 sys=0.00, real=0.01 secs] 
2179.857: [GC (Allocation Failure) [PSYoungGen: 73024K->1344K(72704K)] 419154K->347474K(580096K), 0.0034187 secs] [Times: user=0.01 sys=0.00, real=0.00 secs] 
2181.364: [GC (Allocation Failure) [PSYoungGen: 72512K->1376K(72192K)] 418642K->347506K(579584K), 0.0039443 secs] [Times: user=0.02 sys=0.00, real=0.00 secs] 
2182.344: [GC (Allocation Failure) [PSYoungGen: 72032K->1344K(71680K)] 418162K->347482K(579072K), 0.0034251 secs] [Times: user=0.01 sys=0.00, real=0.00 secs] 
2183.553: [GC (Allocation Failure) [PSYoungGen: 71488K->1408K(71168K)] 417626K->347546K(578560K), 0.0046045 secs] [Times: user=0.01 sys=0.01, real=0.00 secs] 
2184.423: [GC (Allocation Failure) [PSYoungGen: 71040K->1344K(70656K)] 417178K->347490K(578048K), 0.0025120 secs] [Times: user=0.00 sys=0.00, real=0.00 secs] 
2185.350: [GC (Allocation Failure) [PSYoungGen: 70464K->1408K(70144K)] 416610K->347554K(577536K), 0.0017413 secs] [Times: user=0.00 sys=0.00, real=0.01 secs] 
2185.837: [GC (Allocation Failure) [PSYoungGen: 70016K->1376K(69632K)] 416162K->347522K(577024K), 0.0019470 secs] [Times: user=0.01 sys=0.00, real=0.00 secs] 
2186.368: [GC (Allocation Failure) [PSYoungGen: 69472K->1376K(69632K)] 415618K->347522K(577024K), 0.0020300 secs] [Times: user=0.01 sys=0.00, real=0.00 secs] 
2186.941: [GC (Allocation Failure) [PSYoungGen: 69472K->1376K(69632K)] 415618K->347522K(577024K), 0.0019582 secs] [Times: user=0.00 sys=0.00, real=0.01 secs] 
2187.894: [GC (Allocation Failure) [PSYoungGen: 69472K->1440K(69632K)] 415618K->347586K(577024K), 0.0017971 secs] [Times: user=0.01 sys=0.00, real=0.00 secs] 
2188.208: [GC (Allocation Failure) [PSYoungGen: 69536K->1344K(69632K)] 415682K->347490K(577024K), 0.0017725 secs] [Times: user=0.01 sys=0.00, real=0.00 secs] 
2188.624: [GC (Allocation Failure) [PSYoungGen: 69440K->1376K(69632K)] 415586K->347522K(577024K), 0.0018275 secs] [Times: user=0.01 sys=0.00, real=0.00 secs] 
2189.242: [GC (Allocation Failure) [PSYoungGen: 69472K->1376K(69632K)] 415618K->347522K(577024K), 0.0018111 secs] [Times: user=0.01 sys=0.00, real=0.00 secs] 
2189.807: [GC (Allocation Failure) [PSYoungGen: 69472K->1392K(69632K)] 415618K->347546K(577024K), 0.0019854 secs] [Times: user=0.00 sys=0.00, real=0.00 secs] 
2190.523: [GC (Allocation Failure) [PSYoungGen: 69488K->1440K(69632K)] 415642K->347594K(577024K), 0.0016178 secs] [Times: user=0.01 sys=0.00, real=0.00 secs] 
2190.878: [GC (Allocation Failure) [PSYoungGen: 69536K->1376K(69632K)] 415690K->347530K(577024K), 0.0018925 secs] [Times: user=0.00 sys=0.00, real=0.00 secs] 
2191.439: [GC (Allocation Failure) [PSYoungGen: 69472K->1376K(69632K)] 415626K->347530K(577024K), 0.0018911 secs] [Times: user=0.00 sys=0.00, real=0.00 secs] 
2191.971: [GC (Allocation Failure) [PSYoungGen: 69472K->1376K(69632K)] 415626K->347530K(577024K), 0.0020675 secs] [Times: user=0.00 sys=0.00, real=0.01 secs] 
2193.071: [GC (Allocation Failure) [PSYoungGen: 69472K->416K(68608K)] 415626K->347594K(576000K), 0.0017925 secs] [Times: user=0.01 sys=0.00, real=0.00 secs] 
2194.057: [GC (Allocation Failure) [PSYoungGen: 68512K->352K(70144K)] 415690K->347530K(577536K), 0.0033199 secs] [Times: user=0.01 sys=0.00, real=0.00 secs] 
2194.772: [GC (Allocation Failure) [PSYoungGen: 68448K->352K(68608K)] 415626K->347530K(576000K), 0.0027228 secs] [Times: user=0.01 sys=0.00, real=0.00 secs] 
2195.691: [GC (Allocation Failure) [PSYoungGen: 68448K->368K(70144K)] 415626K->347546K(577536K), 0.0026432 secs] [Times: user=0.01 sys=0.00, real=0.01 secs] 
2197.008: [GC (Allocation Failure) [PSYoungGen: 68162K->160K(68608K)] 415340K->347338K(576000K), 0.0015212 secs] [Times: user=0.00 sys=0.00, real=0.00 secs] 
2198.078: [GC (Allocation Failure) [PSYoungGen: 68256K->1376K(70144K)] 415434K->348554K(577536K), 0.0019649 secs] [Times: user=0.01 sys=0.00, real=0.00 secs] 
2198.352: [GC (Allocation Failure) [PSYoungGen: 69472K->1408K(69632K)] 416650K->348594K(577024K), 0.0019944 secs] [Times: user=0.01 sys=0.00, real=0.00 secs] 
2198.635: [GC (Allocation Failure) [PSYoungGen: 69504K->1360K(69632K)] 416690K->348546K(577024K), 0.0019415 secs] [Times: user=0.01 sys=0.00, real=0.00 secs] 
2198.948: [GC (Allocation Failure) [PSYoungGen: 69456K->1408K(69632K)] 416642K->348594K(577024K), 0.0020650 secs] [Times: user=0.01 sys=0.01, real=0.00 secs] 
2199.860: [GC (Allocation Failure) [PSYoungGen: 69504K->1408K(69632K)] 416690K->348594K(577024K), 0.0021972 secs] [Times: user=0.00 sys=0.01, real=0.01 secs] 
2200.427: [GC (Allocation Failure) [PSYoungGen: 69504K->1344K(69632K)] 416690K->348530K(577024K), 0.0023338 secs] [Times: user=0.01 sys=0.00, real=0.00 secs] 
2200.969: [GC (Allocation Failure) [PSYoungGen: 69440K->1344K(69632K)] 416626K->348530K(577024K), 0.0021731 secs] [Times: user=0.01 sys=0.00, real=0.00 secs] 
2201.251: [GC (Allocation Failure) [PSYoungGen: 69440K->1360K(69632K)] 416626K->348546K(577024K), 0.0020874 secs] [Times: user=0.01 sys=0.00, real=0.00 secs] 
2202.173: [GC (Allocation Failure) [PSYoungGen: 69456K->1376K(69632K)] 416642K->348562K(577024K), 0.0017299 secs] [Times: user=0.01 sys=0.00, real=0.00 secs] 
2202.809: [GC (Allocation Failure) [PSYoungGen: 69472K->1376K(69632K)] 416658K->348562K(577024K), 0.0028005 secs] [Times: user=0.01 sys=0.00, real=0.01 secs] 
2203.161: [GC (Allocation Failure) [PSYoungGen: 69472K->1376K(69632K)] 416658K->348562K(577024K), 0.0021627 secs] [Times: user=0.01 sys=0.00, real=0.01 secs] 
2203.502: [GC (Allocation Failure) [PSYoungGen: 69472K->1344K(69632K)] 416658K->348530K(577024K), 0.0018653 secs] [Times: user=0.01 sys=0.00, real=0.00 secs] 
2204.112: [GC (Allocation Failure) [PSYoungGen: 69440K->1389K(69632K)] 416626K->348575K(577024K), 0.0015162 secs] [Times: user=0.01 sys=0.00, real=0.00 secs] 
2205.089: [GC (Allocation Failure) [PSYoungGen: 69485K->1408K(69632K)] 416671K->348594K(577024K), 0.0023809 secs] [Times: user=0.01 sys=0.00, real=0.01 secs] 
2205.930: [GC (Allocation Failure) [PSYoungGen: 69504K->1344K(69632K)] 416690K->348530K(577024K), 0.0026180 secs] [Times: user=0.01 sys=0.00, real=0.01 secs] 
2206.737: [GC (Allocation Failure) [PSYoungGen: 69440K->1328K(69632K)] 416626K->348538K(577024K), 0.0024035 secs] [Times: user=0.00 sys=0.00, real=0.00 secs] 
2207.605: [GC (Allocation Failure) [PSYoungGen: 69424K->1376K(69632K)] 416634K->348586K(577024K), 0.0027813 secs] [Times: user=0.01 sys=0.00, real=0.00 secs] 
2208.623: [GC (Allocation Failure) [PSYoungGen: 69472K->1376K(69632K)] 416682K->348586K(577024K), 0.0018012 secs] [Times: user=0.01 sys=0.00, real=0.00 secs] 
2209.355: [GC (Allocation Failure) [PSYoungGen: 69472K->1344K(69632K)] 416682K->348554K(577024K), 0.0022033 secs] [Times: user=0.01 sys=0.00, real=0.00 secs] 
2210.221: [GC (Allocation Failure) [PSYoungGen: 69440K->1344K(69632K)] 416650K->348562K(577024K), 0.0024453 secs] [Times: user=0.01 sys=0.00, real=0.00 secs] 
2210.852: [GC (Allocation Failure) [PSYoungGen: 69440K->1376K(69632K)] 416658K->348594K(577024K), 0.0027240 secs] [Times: user=0.01 sys=0.00, real=0.00 secs] 
2212.150: [GC (Allocation Failure) [PSYoungGen: 69472K->912K(69120K)] 416690K->349154K(576512K), 0.0017661 secs] [Times: user=0.01 sys=0.00, real=0.01 secs] 
2212.518: [GC (Allocation Failure) [PSYoungGen: 69008K->352K(68608K)] 417250K->348594K(576000K), 0.0017350 secs] [Times: user=0.01 sys=0.00, real=0.00 secs] 
2212.813: [GC (Allocation Failure) [PSYoungGen: 68448K->320K(68608K)] 416690K->348562K(576000K), 0.0015375 secs] [Times: user=0.01 sys=0.00, real=0.00 secs] 
2213.095: [GC (Allocation Failure) [PSYoungGen: 68416K->320K(70144K)] 416658K->348562K(577536K), 0.0014249 secs] [Times: user=0.01 sys=0.00, real=0.00 secs] 
2213.455: [GC (Allocation Failure) [PSYoungGen: 68408K->288K(68608K)] 416651K->348530K(576000K), 0.0018214 secs] [Times: user=0.00 sys=0.00, real=0.00 secs] 
2214.468: [GC (Allocation Failure) [PSYoungGen: 68384K->1440K(69632K)] 416626K->349682K(577024K), 0.0019093 secs] [Times: user=0.01 sys=0.00, real=0.00 secs] 
2215.070: [GC (Allocation Failure) [PSYoungGen: 69536K->1376K(69632K)] 417778K->349618K(577024K), 0.0027997 secs] [Times: user=0.01 sys=0.00, real=0.01 secs] 
2215.702: [GC (Allocation Failure) [PSYoungGen: 69472K->1344K(69632K)] 417714K->349594K(577024K), 0.0025382 secs] [Times: user=0.01 sys=0.00, real=0.00 secs] 
2216.340: [GC (Allocation Failure) [PSYoungGen: 69440K->1344K(69632K)] 417690K->349594K(577024K), 0.0025996 secs] [Times: user=0.01 sys=0.00, real=0.01 secs] 
2217.830: [GC (Allocation Failure) [PSYoungGen: 69440K->1376K(69632K)] 417690K->349626K(577024K), 0.0039517 secs] [Times: user=0.01 sys=0.00, real=0.01 secs] 
2219.538: [GC (Allocation Failure) [PSYoungGen: 69472K->1344K(69632K)] 417722K->349594K(577024K), 0.0040225 secs] [Times: user=0.01 sys=0.00, real=0.01 secs] 
2220.074: [GC (Allocation Failure) [PSYoungGen: 69440K->1344K(69632K)] 417690K->349602K(577024K), 0.0021564 secs] [Times: user=0.01 sys=0.00, real=0.00 secs] 
2220.642: [GC (Allocation Failure) [PSYoungGen: 69440K->1312K(69632K)] 417698K->349570K(577024K), 0.0021752 secs] [Times: user=0.01 sys=0.00, real=0.00 secs] 
2222.758: [GC (Allocation Failure) [PSYoungGen: 69408K->1309K(69632K)] 417666K->349567K(577024K), 0.0017957 secs] [Times: user=0.01 sys=0.00, real=0.00 secs] 
2223.161: [GC (Allocation Failure) [PSYoungGen: 69405K->1376K(69632K)] 417663K->349634K(577024K), 0.0019119 secs] [Times: user=0.01 sys=0.00, real=0.00 secs] 
2223.573: [GC (Allocation Failure) [PSYoungGen: 69472K->1376K(69632K)] 417730K->349634K(577024K), 0.0019611 secs] [Times: user=0.00 sys=0.00, real=0.00 secs] 
2224.393: [GC (Allocation Failure) [PSYoungGen: 69472K->1360K(69632K)] 417730K->349618K(577024K), 0.0018314 secs] [Times: user=0.01 sys=0.00, real=0.00 secs] 
2225.256: [GC (Allocation Failure) [PSYoungGen: 69456K->1328K(69632K)] 417714K->349586K(577024K), 0.0022421 secs] [Times: user=0.01 sys=0.00, real=0.00 secs] 
2226.417: [GC (Allocation Failure) [PSYoungGen: 69424K->1344K(69632K)] 417682K->349602K(577024K), 0.0020780 secs] [Times: user=0.01 sys=0.00, real=0.00 secs] 
2227.168: [GC (Allocation Failure) [PSYoungGen: 69440K->1280K(69632K)] 417698K->349538K(577024K), 0.0028642 secs] [Times: user=0.01 sys=0.01, real=0.00 secs] 
2227.459: [GC (Allocation Failure) [PSYoungGen: 69376K->1328K(69632K)] 417634K->349586K(577024K), 0.0019355 secs] [Times: user=0.01 sys=0.00, real=0.01 secs] 
2227.756: [GC (Allocation Failure) [PSYoungGen: 69424K->1312K(69632K)] 417682K->349570K(577024K), 0.0021930 secs] [Times: user=0.01 sys=0.00, real=0.00 secs] 
2228.533: [GC (Allocation Failure) [PSYoungGen: 69408K->1392K(69632K)] 417666K->349650K(577024K), 0.0018366 secs] [Times: user=0.00 sys=0.00, real=0.00 secs] 
2228.816: [GC (Allocation Failure) [PSYoungGen: 69488K->1312K(69632K)] 417746K->349570K(577024K), 0.0019465 secs] [Times: user=0.01 sys=0.00, real=0.00 secs] 
2229.128: [GC (Allocation Failure) [PSYoungGen: 69408K->1312K(69632K)] 417666K->349578K(577024K), 0.0018400 secs] [Times: user=0.01 sys=0.00, real=0.00 secs] 
2229.423: [GC (Allocation Failure) [PSYoungGen: 69408K->1312K(69632K)] 417674K->349578K(577024K), 0.0020014 secs] [Times: user=0.01 sys=0.00, real=0.00 secs] 
2229.940: [GC (Allocation Failure) [PSYoungGen: 69408K->1389K(69632K)] 417674K->349655K(577024K), 0.0015649 secs] [Times: user=0.00 sys=0.00, real=0.01 secs] 
2232.211: [GC (Allocation Failure) [PSYoungGen: 69485K->1376K(69632K)] 417751K->349642K(577024K), 0.0042940 secs] [Times: user=0.02 sys=0.00, real=0.00 secs] 
2233.181: [GC (Allocation Failure) [PSYoungGen: 69472K->1376K(69632K)] 417738K->349642K(577024K), 0.0023538 secs] [Times: user=0.01 sys=0.00, real=0.00 secs] 
2233.827: [GC (Allocation Failure) [PSYoungGen: 69472K->1360K(69632K)] 417738K->349626K(577024K), 0.0026262 secs] [Times: user=0.01 sys=0.00, real=0.00 secs] 
2234.622: [GC (Allocation Failure) [PSYoungGen: 69456K->1344K(69632K)] 417722K->349610K(577024K), 0.0027074 secs] [Times: user=0.01 sys=0.00, real=0.00 secs] 
2235.998: [GC (Allocation Failure) [PSYoungGen: 69440K->1440K(69632K)] 417706K->349706K(577024K), 0.0020822 secs] [Times: user=0.01 sys=0.00, real=0.00 secs] 
2236.995: [GC (Allocation Failure) [PSYoungGen: 69536K->1376K(69632K)] 417802K->349642K(577024K), 0.0019551 secs] [Times: user=0.00 sys=0.00, real=0.00 secs] 
2237.546: [GC (Allocation Failure) [PSYoungGen: 69472K->1376K(69632K)] 417738K->349650K(577024K), 0.0022191 secs] [Times: user=0.01 sys=0.00, real=0.00 secs] 
2238.170: [GC (Allocation Failure) [PSYoungGen: 69472K->1376K(69632K)] 417746K->349650K(577024K), 0.0020837 secs] [Times: user=0.01 sys=0.00, real=0.01 secs] 
2239.080: [GC (Allocation Failure) [PSYoungGen: 69472K->1888K(70144K)] 417746K->350674K(577536K), 0.0018736 secs] [Times: user=0.01 sys=0.00, real=0.01 secs] 
2239.688: [GC (Allocation Failure) [PSYoungGen: 69984K->352K(68608K)] 418770K->350170K(576000K), 0.0018955 secs] [Times: user=0.01 sys=0.00, real=0.00 secs] 
2240.087: [GC (Allocation Failure) [PSYoungGen: 68448K->320K(70144K)] 418266K->350138K(577536K), 0.0018330 secs] [Times: user=0.01 sys=0.00, real=0.00 secs] 
2240.370: [GC (Allocation Failure) [PSYoungGen: 68416K->304K(68608K)] 418234K->350122K(576000K), 0.0028507 secs] [Times: user=0.01 sys=0.00, real=0.01 secs] 
2240.654: [GC (Allocation Failure) [PSYoungGen: 68400K->384K(70656K)] 418218K->350202K(578048K), 0.0017186 secs] [Times: user=0.01 sys=0.00, real=0.00 secs] 
2241.879: [GC (Allocation Failure) [PSYoungGen: 68480K->1376K(69632K)] 418298K->351194K(577024K), 0.0022721 secs] [Times: user=0.01 sys=0.00, real=0.01 secs] 
2242.904: [GC (Allocation Failure) [PSYoungGen: 69472K->1408K(69632K)] 419290K->351226K(577024K), 0.0029399 secs] [Times: user=0.01 sys=0.00, real=0.00 secs] 
2243.961: [GC (Allocation Failure) [PSYoungGen: 69504K->1376K(69632K)] 419322K->351194K(577024K), 0.0033547 secs] [Times: user=0.01 sys=0.00, real=0.01 secs] 
2244.902: [GC (Allocation Failure) [PSYoungGen: 69472K->1376K(69632K)] 419290K->351194K(577024K), 0.0032160 secs] [Times: user=0.01 sys=0.00, real=0.00 secs] 
2246.175: [GC (Allocation Failure) [PSYoungGen: 69472K->1376K(69632K)] 419290K->351194K(577024K), 0.0020815 secs] [Times: user=0.00 sys=0.00, real=0.00 secs] 
2246.927: [GC (Allocation Failure) [PSYoungGen: 69472K->1376K(69632K)] 419290K->351194K(577024K), 0.0037593 secs] [Times: user=0.01 sys=0.01, real=0.01 secs] 
2247.601: [GC (Allocation Failure) [PSYoungGen: 69472K->1376K(69632K)] 419290K->351194K(577024K), 0.0028939 secs] [Times: user=0.01 sys=0.00, real=0.00 secs] 
2248.342: [GC (Allocation Failure) [PSYoungGen: 69472K->1376K(69632K)] 419290K->351194K(577024K), 0.0037643 secs] [Times: user=0.02 sys=0.00, real=0.00 secs] 
2249.530: [GC (GCLocker Initiated GC) [PSYoungGen: 69472K->1357K(69632K)] 419290K->351176K(577024K), 0.0015732 secs] [Times: user=0.01 sys=0.00, real=0.01 secs] 
2250.133: [GC (Allocation Failure) [PSYoungGen: 69453K->1376K(69632K)] 419275K->351206K(577024K), 0.0019558 secs] [Times: user=0.01 sys=0.00, real=0.00 secs] 
2250.687: [GC (Allocation Failure) [PSYoungGen: 69472K->1360K(69632K)] 419302K->351190K(577024K), 0.0019698 secs] [Times: user=0.01 sys=0.00, real=0.00 secs] 
2251.308: [GC (Allocation Failure) [PSYoungGen: 69456K->1344K(69632K)] 419286K->351174K(577024K), 0.0030601 secs] [Times: user=0.01 sys=0.01, real=0.01 secs] 
2251.975: [GC (Allocation Failure) [PSYoungGen: 69440K->1344K(69632K)] 419270K->351174K(577024K), 0.0040296 secs] [Times: user=0.02 sys=0.00, real=0.00 secs] 
2253.086: [GC (Allocation Failure) [PSYoungGen: 69440K->1440K(69632K)] 419270K->351270K(577024K), 0.0037490 secs] [Times: user=0.02 sys=0.00, real=0.00 secs] 
2253.643: [GC (Allocation Failure) [PSYoungGen: 69536K->1408K(69632K)] 419366K->351238K(577024K), 0.0031356 secs] [Times: user=0.02 sys=0.01, real=0.00 secs] 
2254.070: [GC (Allocation Failure) [PSYoungGen: 69504K->1408K(69632K)] 419334K->351246K(577024K), 0.0024241 secs] [Times: user=0.01 sys=0.00, real=0.01 secs] 
2254.353: [GC (Allocation Failure) [PSYoungGen: 69504K->1392K(69632K)] 419342K->351230K(577024K), 0.0020193 secs] [Times: user=0.01 sys=0.00, real=0.00 secs] 
2255.380: [GC (Allocation Failure) [PSYoungGen: 69488K->1472K(69632K)] 419326K->351310K(577024K), 0.0022526 secs] [Times: user=0.01 sys=0.00, real=0.01 secs] 
2256.081: [GC (Allocation Failure) [PSYoungGen: 69568K->1376K(69632K)] 419406K->351214K(577024K), 0.0034359 secs] [Times: user=0.01 sys=0.00, real=0.00 secs] 
2256.726: [GC (Allocation Failure) [PSYoungGen: 69472K->1376K(69632K)] 419310K->351222K(577024K), 0.0023837 secs] [Times: user=0.01 sys=0.00, real=0.00 secs] 
2257.534: [GC (Allocation Failure) [PSYoungGen: 69472K->1408K(69632K)] 419318K->351254K(577024K), 0.0041941 secs] [Times: user=0.01 sys=0.00, real=0.00 secs] 
2258.272: [GC (Allocation Failure) [PSYoungGen: 69504K->1376K(69632K)] 419350K->351222K(577024K), 0.0015737 secs] [Times: user=0.01 sys=0.00, real=0.00 secs] 
2259.329: [GC (Allocation Failure) [PSYoungGen: 69472K->1472K(69632K)] 419318K->351334K(577024K), 0.0020594 secs] [Times: user=0.01 sys=0.00, real=0.00 secs] 
2259.893: [GC (Allocation Failure) [PSYoungGen: 69568K->1376K(69632K)] 419430K->351246K(577024K), 0.0020908 secs] [Times: user=0.01 sys=0.00, real=0.00 secs] 
2260.269: [GC (Allocation Failure) [PSYoungGen: 69472K->1376K(70144K)] 419342K->351302K(577536K), 0.0021091 secs] [Times: user=0.01 sys=0.00, real=0.00 secs] 
2260.778: [GC (Allocation Failure) [PSYoungGen: 69472K->1376K(70144K)] 419398K->351302K(577536K), 0.0020118 secs] [Times: user=0.00 sys=0.00, real=0.00 secs] 
2261.994: [GC (Allocation Failure) [PSYoungGen: 69472K->1440K(70144K)] 419398K->351366K(577536K), 0.0018873 secs] [Times: user=0.00 sys=0.00, real=0.00 secs] 
2262.277: [GC (Allocation Failure) [PSYoungGen: 69536K->1344K(70144K)] 419462K->351270K(577536K), 0.0017918 secs] [Times: user=0.00 sys=0.00, real=0.00 secs] 
2262.642: [GC (Allocation Failure) [PSYoungGen: 69440K->1344K(70144K)] 419366K->351278K(577536K), 0.0020014 secs] [Times: user=0.01 sys=0.00, real=0.00 secs] 
2263.281: [GC (Allocation Failure) [PSYoungGen: 69440K->1376K(70144K)] 419374K->351310K(577536K), 0.0023220 secs] [Times: user=0.01 sys=0.00, real=0.00 secs] 
2264.310: [GC (Allocation Failure) [PSYoungGen: 69472K->1632K(70144K)] 419406K->351566K(577536K), 0.0017478 secs] [Times: user=0.01 sys=0.00, real=0.01 secs] 
2264.644: [GC (Allocation Failure) [PSYoungGen: 69728K->1344K(70144K)] 419662K->351278K(577536K), 0.0016161 secs] [Times: user=0.01 sys=0.00, real=0.00 secs] 
2265.014: [GC (Allocation Failure) [PSYoungGen: 69440K->1408K(70144K)] 419374K->351342K(577536K), 0.0017997 secs] [Times: user=0.01 sys=0.00, real=0.00 secs] 
2265.570: [GC (Allocation Failure) [PSYoungGen: 69504K->1376K(70144K)] 419438K->351310K(577536K), 0.0018655 secs] [Times: user=0.00 sys=0.00, real=0.01 secs] 
2266.139: [GC (Allocation Failure) [PSYoungGen: 69472K->1344K(70144K)] 419406K->351278K(577536K), 0.0033890 secs] [Times: user=0.02 sys=0.00, real=0.01 secs] 
2267.242: [GC (Allocation Failure) [PSYoungGen: 69440K->1376K(70144K)] 419374K->351310K(577536K), 0.0027580 secs] [Times: user=0.01 sys=0.00, real=0.00 secs] 
2267.591: [GC (Allocation Failure) [PSYoungGen: 69472K->1376K(70144K)] 419406K->351326K(577536K), 0.0019260 secs] [Times: user=0.01 sys=0.00, real=0.01 secs] 
2267.873: [GC (Allocation Failure) [PSYoungGen: 69472K->1360K(69632K)] 419422K->351310K(577024K), 0.0021356 secs] [Times: user=0.01 sys=0.00, real=0.00 secs] 
2268.338: [GC (Allocation Failure) [PSYoungGen: 69456K->1376K(69632K)] 419406K->351326K(577024K), 0.0019042 secs] [Times: user=0.01 sys=0.00, real=0.00 secs] 
2269.331: [GC (Allocation Failure) [PSYoungGen: 69472K->1376K(69632K)] 419422K->351326K(577024K), 0.0018412 secs] [Times: user=0.01 sys=0.00, real=0.00 secs] 
2269.911: [GC (Allocation Failure) [PSYoungGen: 69472K->1376K(69632K)] 419422K->351326K(577024K), 0.0020492 secs] [Times: user=0.01 sys=0.00, real=0.00 secs] 
2270.209: [GC (Allocation Failure) [PSYoungGen: 69472K->1344K(69632K)] 419422K->351302K(577024K), 0.0022800 secs] [Times: user=0.01 sys=0.00, real=0.01 secs] 
2270.774: [GC (Allocation Failure) [PSYoungGen: 69440K->1408K(69632K)] 419398K->351366K(577024K), 0.0028085 secs] [Times: user=0.02 sys=0.00, real=0.00 secs] 
2271.781: [GC (Allocation Failure) [PSYoungGen: 69504K->1341K(69632K)] 419462K->351299K(577024K), 0.0014893 secs] [Times: user=0.01 sys=0.00, real=0.01 secs] 
2274.320: [GC (Allocation Failure) [PSYoungGen: 69437K->1376K(69632K)] 419395K->351334K(577024K), 0.0027539 secs] [Times: user=0.01 sys=0.00, real=0.01 secs] 
2274.712: [GC (Allocation Failure) [PSYoungGen: 69472K->1376K(69632K)] 419430K->351334K(577024K), 0.0019254 secs] [Times: user=0.01 sys=0.00, real=0.00 secs] 
2274.995: [GC (Allocation Failure) [PSYoungGen: 69472K->1344K(69632K)] 419430K->351302K(577024K), 0.0019139 secs] [Times: user=0.01 sys=0.00, real=0.00 secs] 
2275.401: [GC (Allocation Failure) [PSYoungGen: 69440K->1376K(69632K)] 419398K->351334K(577024K), 0.0019699 secs] [Times: user=0.00 sys=0.00, real=0.01 secs] 
2276.786: [GC (Allocation Failure) [PSYoungGen: 69472K->1344K(69632K)] 419430K->351302K(577024K), 0.0022447 secs] [Times: user=0.01 sys=0.00, real=0.00 secs] 
2277.299: [GC (Allocation Failure) [PSYoungGen: 69440K->1376K(69632K)] 419398K->351334K(577024K), 0.0020479 secs] [Times: user=0.00 sys=0.00, real=0.01 secs] 
2277.624: [GC (Allocation Failure) [PSYoungGen: 69472K->1344K(69632K)] 419430K->351302K(577024K), 0.0019522 secs] [Times: user=0.01 sys=0.00, real=0.00 secs] 
2277.916: [GC (Allocation Failure) [PSYoungGen: 69440K->1376K(69632K)] 419398K->351334K(577024K), 0.0021304 secs] [Times: user=0.01 sys=0.00, real=0.00 secs] 
2279.230: [GC (Allocation Failure) [PSYoungGen: 69472K->1376K(69632K)] 419430K->351342K(577024K), 0.0044715 secs] [Times: user=0.01 sys=0.00, real=0.01 secs] 
2280.497: [GC (Allocation Failure) [PSYoungGen: 69472K->1312K(69632K)] 419438K->351278K(577024K), 0.0034847 secs] [Times: user=0.01 sys=0.00, real=0.00 secs] 
2281.299: [GC (Allocation Failure) [PSYoungGen: 69408K->1344K(69632K)] 419374K->351310K(577024K), 0.0033088 secs] [Times: user=0.01 sys=0.00, real=0.01 secs] 
2281.956: [GC (Allocation Failure) [PSYoungGen: 69440K->1344K(69632K)] 419406K->351310K(577024K), 0.0036805 secs] [Times: user=0.02 sys=0.00, real=0.00 secs] 
2282.799: [GC (Allocation Failure) [PSYoungGen: 69440K->1309K(69632K)] 419406K->351275K(577024K), 0.0014934 secs] [Times: user=0.00 sys=0.00, real=0.00 secs] 
2283.832: [GC (Allocation Failure) [PSYoungGen: 69405K->1376K(69632K)] 419371K->351342K(577024K), 0.0029313 secs] [Times: user=0.01 sys=0.00, real=0.00 secs] 
2284.467: [GC (Allocation Failure) [PSYoungGen: 69472K->1376K(69632K)] 419438K->351342K(577024K), 0.0028042 secs] [Times: user=0.01 sys=0.00, real=0.00 secs] 
2284.801: [GC (Allocation Failure) [PSYoungGen: 69472K->1344K(69632K)] 419438K->351310K(577024K), 0.0019127 secs] [Times: user=0.01 sys=0.00, real=0.00 secs] 
2285.348: [GC (Allocation Failure) [PSYoungGen: 69440K->1344K(69632K)] 419406K->351310K(577024K), 0.0021173 secs] [Times: user=0.01 sys=0.00, real=0.00 secs] 
2286.508: [GC (Allocation Failure) [PSYoungGen: 69440K->1376K(69632K)] 419406K->351342K(577024K), 0.0017640 secs] [Times: user=0.01 sys=0.00, real=0.00 secs] 
2287.124: [GC (Allocation Failure) [PSYoungGen: 69472K->1344K(69632K)] 419438K->351310K(577024K), 0.0024814 secs] [Times: user=0.01 sys=0.00, real=0.00 secs] 
2287.908: [GC (Allocation Failure) [PSYoungGen: 69440K->1376K(69632K)] 419406K->351342K(577024K), 0.0023933 secs] [Times: user=0.01 sys=0.00, real=0.00 secs] 
2288.697: [GC (Allocation Failure) [PSYoungGen: 69472K->1312K(69632K)] 419438K->351278K(577024K), 0.0030411 secs] [Times: user=0.01 sys=0.00, real=0.00 secs] 
2290.151: [GC (Allocation Failure) [PSYoungGen: 69408K->1504K(69632K)] 419374K->351566K(577024K), 0.0023544 secs] [Times: user=0.01 sys=0.00, real=0.00 secs] 
2291.020: [GC (Allocation Failure) [PSYoungGen: 69600K->1312K(69632K)] 419662K->351374K(577024K), 0.0023692 secs] [Times: user=0.01 sys=0.00, real=0.01 secs] 
2291.556: [GC (Allocation Failure) [PSYoungGen: 69408K->1312K(69632K)] 419470K->351374K(577024K), 0.0027643 secs] [Times: user=0.01 sys=0.00, real=0.00 secs] 
2292.166: [GC (Allocation Failure) [PSYoungGen: 69408K->1344K(69632K)] 419470K->351406K(577024K), 0.0042236 secs] [Times: user=0.01 sys=0.00, real=0.00 secs] 
2292.856: [GC (Allocation Failure) [PSYoungGen: 69440K->1344K(69632K)] 419502K->351406K(577024K), 0.0027322 secs] [Times: user=0.01 sys=0.01, real=0.00 secs] 
2293.923: [GC (Allocation Failure) [PSYoungGen: 69440K->1504K(69632K)] 419502K->351566K(577024K), 0.0019991 secs] [Times: user=0.01 sys=0.00, real=0.00 secs] 
2294.516: [GC (Allocation Failure) [PSYoungGen: 69600K->1472K(69632K)] 419662K->351534K(577024K), 0.0021437 secs] [Times: user=0.01 sys=0.00, real=0.00 secs] 
2295.117: [GC (Allocation Failure) [PSYoungGen: 69568K->1440K(70144K)] 419630K->351502K(577536K), 0.0021469 secs] [Times: user=0.00 sys=0.01, real=0.00 secs] 
2295.608: [GC (Allocation Failure) [PSYoungGen: 69536K->1456K(70144K)] 419598K->351518K(577536K), 0.0035009 secs] [Times: user=0.01 sys=0.00, real=0.01 secs] 
2296.686: [GC (Allocation Failure) [PSYoungGen: 69552K->1472K(70144K)] 419614K->351534K(577536K), 0.0017580 secs] [Times: user=0.00 sys=0.00, real=0.00 secs] 
2297.131: [GC (Allocation Failure) [PSYoungGen: 69568K->1440K(70144K)] 419630K->351502K(577536K), 0.0023877 secs] [Times: user=0.01 sys=0.00, real=0.00 secs] 
2297.415: [GC (Allocation Failure) [PSYoungGen: 69536K->1472K(70144K)] 419598K->351534K(577536K), 0.0023024 secs] [Times: user=0.01 sys=0.00, real=0.00 secs] 
2297.704: [GC (Allocation Failure) [PSYoungGen: 69568K->1440K(70144K)] 419630K->351502K(577536K), 0.0028574 secs] [Times: user=0.01 sys=0.00, real=0.00 secs] 
2298.355: [GC (Allocation Failure) [PSYoungGen: 69536K->1469K(69632K)] 419598K->351539K(577024K), 0.0014661 secs] [Times: user=0.00 sys=0.00, real=0.00 secs] 
2298.976: [GC (Allocation Failure) [PSYoungGen: 69565K->1472K(69632K)] 419635K->351550K(577024K), 0.0020216 secs] [Times: user=0.01 sys=0.01, real=0.00 secs] 
2299.557: [GC (Allocation Failure) [PSYoungGen: 69568K->1344K(69632K)] 419646K->351494K(577024K), 0.0032806 secs] [Times: user=0.01 sys=0.00, real=0.00 secs] 
2300.223: [GC (Allocation Failure) [PSYoungGen: 69440K->1376K(69632K)] 419590K->351526K(577024K), 0.0037127 secs] [Times: user=0.02 sys=0.00, real=0.00 secs] 
2300.753: [GC (Allocation Failure) [PSYoungGen: 69472K->1440K(69632K)] 419622K->351590K(577024K), 0.0029106 secs] [Times: user=0.01 sys=0.00, real=0.00 secs] 
2301.941: [GC (Allocation Failure) [PSYoungGen: 69536K->1440K(69632K)] 419686K->351590K(577024K), 0.0019937 secs] [Times: user=0.00 sys=0.00, real=0.00 secs] 
2302.536: [GC (Allocation Failure) [PSYoungGen: 69536K->1392K(69632K)] 419686K->351542K(577024K), 0.0022959 secs] [Times: user=0.00 sys=0.00, real=0.00 secs] 
2302.876: [GC (Allocation Failure) [PSYoungGen: 69488K->1344K(69632K)] 419638K->351502K(577024K), 0.0021155 secs] [Times: user=0.01 sys=0.00, real=0.00 secs] 
2303.365: [GC (Allocation Failure) [PSYoungGen: 69440K->1392K(69632K)] 419598K->351550K(577024K), 0.0021258 secs] [Times: user=0.01 sys=0.00, real=0.00 secs] 
2305.077: [GC (Allocation Failure) [PSYoungGen: 69488K->1360K(69632K)] 419646K->351518K(577024K), 0.0044505 secs] [Times: user=0.02 sys=0.00, real=0.01 secs] 
2306.279: [GC (Allocation Failure) [PSYoungGen: 69456K->368K(68608K)] 419614K->351550K(576000K), 0.0035403 secs] [Times: user=0.02 sys=0.00, real=0.01 secs] 
2306.990: [GC (Allocation Failure) [PSYoungGen: 68464K->336K(70144K)] 419646K->351518K(577536K), 0.0043836 secs] [Times: user=0.02 sys=0.00, real=0.01 secs] 
2307.875: [GC (Allocation Failure) [PSYoungGen: 68432K->368K(70144K)] 419614K->351550K(577536K), 0.0043037 secs] [Times: user=0.01 sys=0.00, real=0.00 secs] 
2309.034: [GC (Allocation Failure) [PSYoungGen: 68464K->1357K(70144K)] 419646K->352539K(577536K), 0.0018502 secs] [Times: user=0.01 sys=0.00, real=0.00 secs] 
2309.711: [GC (Allocation Failure) [PSYoungGen: 69453K->1360K(70144K)] 420635K->352550K(577536K), 0.0018354 secs] [Times: user=0.01 sys=0.00, real=0.01 secs] 
2310.361: [GC (Allocation Failure) [PSYoungGen: 69456K->1360K(70144K)] 420646K->352550K(577536K), 0.0028411 secs] [Times: user=0.01 sys=0.01, real=0.01 secs] 
2311.238: [GC (Allocation Failure) [PSYoungGen: 69456K->1376K(70144K)] 420646K->352566K(577536K), 0.0030727 secs] [Times: user=0.01 sys=0.00, real=0.01 secs] 
2311.977: [GC (Allocation Failure) [PSYoungGen: 69472K->1408K(70144K)] 420662K->352598K(577536K), 0.0028467 secs] [Times: user=0.01 sys=0.00, real=0.00 secs] 
2312.992: [GC (Allocation Failure) [PSYoungGen: 69504K->1440K(70144K)] 420694K->352630K(577536K), 0.0017755 secs] [Times: user=0.00 sys=0.00, real=0.00 secs] 
2313.275: [GC (Allocation Failure) [PSYoungGen: 69536K->1376K(70144K)] 420726K->352566K(577536K), 0.0017198 secs] [Times: user=0.00 sys=0.00, real=0.00 secs] 
2313.558: [GC (Allocation Failure) [PSYoungGen: 69472K->1344K(70144K)] 420662K->352566K(577536K), 0.0016212 secs] [Times: user=0.01 sys=0.00, real=0.00 secs] 
2313.841: [GC (Allocation Failure) [PSYoungGen: 69440K->1344K(70144K)] 420662K->352566K(577536K), 0.0016962 secs] [Times: user=0.00 sys=0.00, real=0.01 secs] 
2314.727: [GC (Allocation Failure) [PSYoungGen: 69440K->1888K(70144K)] 420662K->353110K(577536K), 0.0019731 secs] [Times: user=0.01 sys=0.00, real=0.00 secs] 
2315.713: [GC (Allocation Failure) [PSYoungGen: 69984K->1344K(70144K)] 421206K->352566K(577536K), 0.0028051 secs] [Times: user=0.01 sys=0.00, real=0.00 secs] 
2316.332: [GC (Allocation Failure) [PSYoungGen: 69440K->1344K(70144K)] 420662K->352566K(577536K), 0.0026187 secs] [Times: user=0.01 sys=0.00, real=0.00 secs] 
2316.830: [GC (Allocation Failure) [PSYoungGen: 69440K->1344K(70144K)] 420662K->352566K(577536K), 0.0025956 secs] [Times: user=0.01 sys=0.00, real=0.01 secs] 
2317.569: [GC (Allocation Failure) [PSYoungGen: 69440K->1328K(70144K)] 420662K->352550K(577536K), 0.0034675 secs] [Times: user=0.01 sys=0.00, real=0.01 secs] 
2318.700: [GC (Allocation Failure) [PSYoungGen: 69424K->1376K(70144K)] 420646K->352606K(577536K), 0.0016911 secs] [Times: user=0.00 sys=0.00, real=0.01 secs] 
2319.281: [GC (Allocation Failure) [PSYoungGen: 69472K->1376K(70144K)] 420702K->352606K(577536K), 0.0018987 secs] [Times: user=0.01 sys=0.00, real=0.01 secs] 
2319.770: [GC (Allocation Failure) [PSYoungGen: 69472K->1376K(70144K)] 420702K->352614K(577536K), 0.0019934 secs] [Times: user=0.01 sys=0.00, real=0.01 secs] 
2320.065: [GC (Allocation Failure) [PSYoungGen: 69472K->1344K(70144K)] 420710K->352582K(577536K), 0.0020270 secs] [Times: user=0.00 sys=0.00, real=0.00 secs] 
2321.485: [GC (Allocation Failure) [PSYoungGen: 69440K->1408K(70144K)] 420678K->352646K(577536K), 0.0043876 secs] [Times: user=0.01 sys=0.00, real=0.00 secs] 
2322.688: [GC (Allocation Failure) [PSYoungGen: 69504K->1312K(70144K)] 420742K->352550K(577536K), 0.0027539 secs] [Times: user=0.01 sys=0.00, real=0.01 secs] 
2323.899: [GC (Allocation Failure) [PSYoungGen: 69408K->1344K(70144K)] 420646K->352582K(577536K), 0.0035135 secs] [Times: user=0.02 sys=0.00, real=0.01 secs] 
2324.810: [GC (Allocation Failure) [PSYoungGen: 69440K->1328K(70144K)] 420678K->352566K(577536K), 0.0025705 secs] [Times: user=0.01 sys=0.00, real=0.01 secs] 
2325.903: [GC (Allocation Failure) [PSYoungGen: 69424K->1389K(70144K)] 420662K->352627K(577536K), 0.0014769 secs] [Times: user=0.01 sys=0.00, real=0.00 secs] 
2327.075: [GC (Allocation Failure) [PSYoungGen: 69485K->1408K(70144K)] 420723K->352646K(577536K), 0.0040326 secs] [Times: user=0.02 sys=0.00, real=0.00 secs] 
2327.941: [GC (Allocation Failure) [PSYoungGen: 69504K->1344K(70144K)] 420742K->352582K(577536K), 0.0026435 secs] [Times: user=0.01 sys=0.00, real=0.00 secs] 
2328.575: [GC (Allocation Failure) [PSYoungGen: 69440K->1344K(70144K)] 420678K->352582K(577536K), 0.0028407 secs] [Times: user=0.01 sys=0.00, real=0.00 secs] 
2329.051: [GC (Allocation Failure) [PSYoungGen: 69440K->1344K(69632K)] 420678K->352582K(577024K), 0.0024760 secs] [Times: user=0.01 sys=0.00, real=0.00 secs] 
2330.126: [GC (Allocation Failure) [PSYoungGen: 69440K->1440K(69632K)] 420678K->352678K(577024K), 0.0020899 secs] [Times: user=0.01 sys=0.00, real=0.00 secs] 
2330.729: [GC (Allocation Failure) [PSYoungGen: 69536K->1376K(69632K)] 420774K->352614K(577024K), 0.0027541 secs] [Times: user=0.01 sys=0.00, real=0.01 secs] 
2331.282: [GC (Allocation Failure) [PSYoungGen: 69472K->1408K(69632K)] 420710K->352654K(577024K), 0.0026425 secs] [Times: user=0.01 sys=0.00, real=0.00 secs] 
2331.585: [GC (Allocation Failure) [PSYoungGen: 69504K->1376K(69632K)] 420750K->352622K(577024K), 0.0019188 secs] [Times: user=0.01 sys=0.00, real=0.00 secs] 
2332.441: [GC (Allocation Failure) [PSYoungGen: 69472K->1408K(69632K)] 420718K->352654K(577024K), 0.0017119 secs] [Times: user=0.00 sys=0.00, real=0.00 secs] 
2333.436: [GC (Allocation Failure) [PSYoungGen: 69504K->1376K(69632K)] 420750K->352622K(577024K), 0.0022737 secs] [Times: user=0.01 sys=0.00, real=0.00 secs] 
2334.503: [GC (Allocation Failure) [PSYoungGen: 69472K->1376K(69632K)] 420718K->352622K(577024K), 0.0039236 secs] [Times: user=0.02 sys=0.00, real=0.00 secs] 
2335.575: [GC (Allocation Failure) [PSYoungGen: 69472K->1344K(69632K)] 420718K->352590K(577024K), 0.0040080 secs] [Times: user=0.01 sys=0.00, real=0.00 secs] 
2336.286: [GC (Allocation Failure) [PSYoungGen: 69440K->1309K(69632K)] 420686K->352555K(577024K), 0.0018719 secs] [Times: user=0.01 sys=0.00, real=0.00 secs] 
2337.065: [GC (Allocation Failure) [PSYoungGen: 69405K->1408K(69632K)] 420651K->352654K(577024K), 0.0019783 secs] [Times: user=0.00 sys=0.00, real=0.00 secs] 
2337.481: [GC (Allocation Failure) [PSYoungGen: 69504K->1328K(69632K)] 420750K->352574K(577024K), 0.0022174 secs] [Times: user=0.01 sys=0.00, real=0.00 secs] 
2338.006: [GC (Allocation Failure) [PSYoungGen: 69424K->1344K(69632K)] 420670K->352590K(577024K), 0.0019673 secs] [Times: user=0.01 sys=0.00, real=0.00 secs] 
2338.568: [GC (Allocation Failure) [PSYoungGen: 69440K->1344K(69632K)] 420686K->352598K(577024K), 0.0034360 secs] [Times: user=0.01 sys=0.00, real=0.01 secs] 
2339.651: [GC (Allocation Failure) [PSYoungGen: 69440K->1376K(69632K)] 420694K->352630K(577024K), 0.0025200 secs] [Times: user=0.01 sys=0.00, real=0.00 secs] 
2339.939: [GC (Allocation Failure) [PSYoungGen: 69472K->1360K(69632K)] 420726K->352614K(577024K), 0.0019844 secs] [Times: user=0.01 sys=0.00, real=0.01 secs] 
2340.379: [GC (Allocation Failure) [PSYoungGen: 69456K->1376K(69632K)] 420710K->352630K(577024K), 0.0021028 secs] [Times: user=0.01 sys=0.00, real=0.00 secs] 
2340.924: [GC (Allocation Failure) [PSYoungGen: 69472K->1408K(69632K)] 420726K->352662K(577024K), 0.0021412 secs] [Times: user=0.00 sys=0.00, real=0.00 secs] 
2342.080: [GC (Allocation Failure) [PSYoungGen: 69504K->1376K(69632K)] 420758K->353142K(577024K), 0.0018807 secs] [Times: user=0.01 sys=0.00, real=0.01 secs] 
2342.879: [GC (Allocation Failure) [PSYoungGen: 69472K->1376K(69632K)] 421238K->353142K(577024K), 0.0034353 secs] [Times: user=0.01 sys=0.00, real=0.01 secs] 
2343.525: [GC (Allocation Failure) [PSYoungGen: 69472K->1376K(69632K)] 421238K->353142K(577024K), 0.0025364 secs] [Times: user=0.01 sys=0.00, real=0.00 secs] 
2344.128: [GC (Allocation Failure) [PSYoungGen: 69472K->1344K(69632K)] 421238K->353110K(577024K), 0.0028010 secs] [Times: user=0.01 sys=0.00, real=0.00 secs] 
2344.637: [GC (Allocation Failure) [PSYoungGen: 69440K->1344K(69632K)] 421206K->353110K(577024K), 0.0020224 secs] [Times: user=0.01 sys=0.00, real=0.00 secs] 
2345.858: [GC (Allocation Failure) [PSYoungGen: 69440K->1408K(69632K)] 421206K->353174K(577024K), 0.0025716 secs] [Times: user=0.01 sys=0.00, real=0.00 secs] 
2346.383: [GC (Allocation Failure) [PSYoungGen: 69504K->1376K(69632K)] 421270K->353142K(577024K), 0.0021680 secs] [Times: user=0.01 sys=0.00, real=0.00 secs] 
2346.666: [GC (Allocation Failure) [PSYoungGen: 69472K->1376K(69632K)] 421238K->353150K(577024K), 0.0019746 secs] [Times: user=0.01 sys=0.00, real=0.00 secs] 
2346.994: [GC (Allocation Failure) [PSYoungGen: 69472K->1376K(69632K)] 421246K->353150K(577024K), 0.0018259 secs] [Times: user=0.01 sys=0.00, real=0.00 secs] 
2347.995: [GC (Allocation Failure) [PSYoungGen: 69472K->1376K(69632K)] 421246K->353158K(577024K), 0.0018083 secs] [Times: user=0.01 sys=0.00, real=0.00 secs] 
2348.660: [GC (Allocation Failure) [PSYoungGen: 69472K->1360K(69632K)] 421254K->353142K(577024K), 0.0020020 secs] [Times: user=0.01 sys=0.00, real=0.01 secs] 
2348.956: [GC (Allocation Failure) [PSYoungGen: 69456K->1344K(69632K)] 421238K->353126K(577024K), 0.0020847 secs] [Times: user=0.01 sys=0.00, real=0.00 secs] 
2349.240: [GC (Allocation Failure) [PSYoungGen: 69440K->1344K(69632K)] 421222K->353126K(577024K), 0.0020050 secs] [Times: user=0.00 sys=0.00, real=0.01 secs] 
2349.864: [GC (Allocation Failure) [PSYoungGen: 69440K->1341K(69632K)] 421222K->353123K(577024K), 0.0014747 secs] [Times: user=0.01 sys=0.00, real=0.00 secs] 
2351.462: [GC (Allocation Failure) [PSYoungGen: 69437K->1376K(69632K)] 421219K->353158K(577024K), 0.0035509 secs] [Times: user=0.02 sys=0.00, real=0.00 secs] 
2352.041: [GC (Allocation Failure) [PSYoungGen: 69472K->1376K(69632K)] 421254K->353158K(577024K), 0.0023640 secs] [Times: user=0.00 sys=0.00, real=0.00 secs] 
2352.557: [GC (Allocation Failure) [PSYoungGen: 69472K->1344K(69632K)] 421254K->353126K(577024K), 0.0024036 secs] [Times: user=0.01 sys=0.00, real=0.00 secs] 
2353.157: [GC (Allocation Failure) [PSYoungGen: 69440K->1408K(69632K)] 421222K->353190K(577024K), 0.0023419 secs] [Times: user=0.01 sys=0.00, real=0.00 secs] 
2354.029: [GC (Allocation Failure) [PSYoungGen: 69504K->1376K(69632K)] 421286K->353158K(577024K), 0.0018561 secs] [Times: user=0.01 sys=0.00, real=0.00 secs] 
2354.312: [GC (Allocation Failure) [PSYoungGen: 69472K->1376K(69632K)] 421254K->353158K(577024K), 0.0017849 secs] [Times: user=0.01 sys=0.00, real=0.00 secs] 
2354.596: [GC (Allocation Failure) [PSYoungGen: 69472K->1344K(69632K)] 421254K->353126K(577024K), 0.0017676 secs] [Times: user=0.01 sys=0.00, real=0.00 secs] 
2354.920: [GC (Allocation Failure) [PSYoungGen: 69440K->1376K(69632K)] 421222K->353158K(577024K), 0.0017612 secs] [Times: user=0.01 sys=0.00, real=0.01 secs] 
2355.846: [GC (Allocation Failure) [PSYoungGen: 69472K->1424K(69632K)] 421254K->353206K(577024K), 0.0018533 secs] [Times: user=0.01 sys=0.00, real=0.00 secs] 
2356.452: [GC (Allocation Failure) [PSYoungGen: 69520K->1376K(69632K)] 421302K->353158K(577024K), 0.0018753 secs] [Times: user=0.01 sys=0.00, real=0.00 secs] 
2357.071: [GC (Allocation Failure) [PSYoungGen: 69472K->1376K(69632K)] 421254K->353166K(577024K), 0.0020177 secs] [Times: user=0.00 sys=0.00, real=0.00 secs] 
2357.485: [GC (Allocation Failure) [PSYoungGen: 69472K->1344K(69632K)] 421262K->353134K(577024K), 0.0020853 secs] [Times: user=0.01 sys=0.00, real=0.00 secs] 
2357.943: [GC (Allocation Failure) [PSYoungGen: 69440K->1360K(69632K)] 421230K->353150K(577024K), 0.0016250 secs] [Times: user=0.01 sys=0.00, real=0.00 secs] 
2358.552: [GC (Allocation Failure) [PSYoungGen: 69456K->1440K(69632K)] 421246K->353230K(577024K), 0.0017783 secs] [Times: user=0.00 sys=0.00, real=0.00 secs] 
2358.883: [GC (Allocation Failure) [PSYoungGen: 69536K->1344K(69632K)] 421326K->353134K(577024K), 0.0018509 secs] [Times: user=0.01 sys=0.00, real=0.00 secs] 
2359.170: [GC (Allocation Failure) [PSYoungGen: 69440K->1408K(69632K)] 421230K->353198K(577024K), 0.0019378 secs] [Times: user=0.01 sys=0.00, real=0.01 secs] 
2359.504: [GC (Allocation Failure) [PSYoungGen: 69504K->1376K(69632K)] 421294K->353166K(577024K), 0.0018871 secs] [Times: user=0.01 sys=0.00, real=0.00 secs] 
2360.306: [GC (Allocation Failure) [PSYoungGen: 69472K->1408K(69632K)] 421262K->353198K(577024K), 0.0015111 secs] [Times: user=0.01 sys=0.00, real=0.00 secs] 
2360.589: [GC (Allocation Failure) [PSYoungGen: 69504K->1344K(69632K)] 421294K->353134K(577024K), 0.0015928 secs] [Times: user=0.00 sys=0.00, real=0.00 secs] 
2360.907: [GC (Allocation Failure) [PSYoungGen: 69440K->1344K(69632K)] 421230K->353134K(577024K), 0.0017662 secs] [Times: user=0.01 sys=0.00, real=0.00 secs] 
2361.190: [GC (Allocation Failure) [PSYoungGen: 69440K->1408K(69632K)] 421230K->353198K(577024K), 0.0016538 secs] [Times: user=0.01 sys=0.00, real=0.01 secs] 
2361.925: [GC (Allocation Failure) [PSYoungGen: 69504K->1504K(69632K)] 421294K->353382K(577024K), 0.0016699 secs] [Times: user=0.00 sys=0.00, real=0.00 secs] 
2362.250: [GC (Allocation Failure) [PSYoungGen: 69600K->1264K(69632K)] 421478K->353142K(577024K), 0.0017962 secs] [Times: user=0.00 sys=0.00, real=0.01 secs] 
2362.543: [GC (Allocation Failure) [PSYoungGen: 69360K->1248K(69120K)] 421238K->353126K(576512K), 0.0016206 secs] [Times: user=0.00 sys=0.00, real=0.00 secs] 
2362.824: [GC (Allocation Failure) [PSYoungGen: 68832K->1296K(69632K)] 420710K->353174K(577024K), 0.0017734 secs] [Times: user=0.00 sys=0.00, real=0.00 secs] 
2363.104: [GC (Allocation Failure) [PSYoungGen: 68880K->1280K(69120K)] 420758K->353158K(576512K), 0.0017653 secs] [Times: user=0.01 sys=0.00, real=0.00 secs] 
2364.289: [GC (Allocation Failure) [PSYoungGen: 68864K->1376K(69120K)] 420742K->353254K(576512K), 0.0022356 secs] [Times: user=0.01 sys=0.00, real=0.01 secs] 
2364.906: [GC (Allocation Failure) [PSYoungGen: 68960K->320K(68608K)] 420838K->353238K(576000K), 0.0026167 secs] [Times: user=0.01 sys=0.00, real=0.00 secs] 
2365.528: [GC (Allocation Failure) [PSYoungGen: 67904K->288K(69632K)] 420822K->353206K(577024K), 0.0023957 secs] [Times: user=0.01 sys=0.00, real=0.00 secs] 
2366.082: [GC (Allocation Failure) [PSYoungGen: 67872K->416K(69632K)] 420790K->353334K(577024K), 0.0026475 secs] [Times: user=0.01 sys=0.00, real=0.00 secs] 
2366.997: [GC (Allocation Failure) [PSYoungGen: 68000K->1376K(69632K)] 420918K->354294K(577024K), 0.0019769 secs] [Times: user=0.00 sys=0.00, real=0.00 secs] 
2367.360: [GC (Allocation Failure) [PSYoungGen: 68960K->1376K(69632K)] 421878K->354294K(577024K), 0.0019346 secs] [Times: user=0.01 sys=0.00, real=0.01 secs] 
2367.865: [GC (Allocation Failure) [PSYoungGen: 68960K->1360K(69632K)] 421878K->354278K(577024K), 0.0027246 secs] [Times: user=0.01 sys=0.00, real=0.00 secs] 
2368.405: [GC (Allocation Failure) [PSYoungGen: 68944K->1376K(69632K)] 421862K->354294K(577024K), 0.0027539 secs] [Times: user=0.01 sys=0.00, real=0.00 secs] 
2369.212: [GC (Allocation Failure) [PSYoungGen: 68960K->1373K(69632K)] 421878K->354291K(577024K), 0.0015130 secs] [Times: user=0.00 sys=0.00, real=0.00 secs] 
2370.134: [GC (Allocation Failure) [PSYoungGen: 68957K->1408K(69632K)] 421875K->354326K(577024K), 0.0019328 secs] [Times: user=0.01 sys=0.00, real=0.00 secs] 
2370.666: [GC (Allocation Failure) [PSYoungGen: 68992K->1440K(69632K)] 421910K->354366K(577024K), 0.0020180 secs] [Times: user=0.01 sys=0.00, real=0.00 secs] 
2371.293: [GC (Allocation Failure) [PSYoungGen: 69024K->1376K(69632K)] 421950K->354302K(577024K), 0.0021798 secs] [Times: user=0.01 sys=0.00, real=0.00 secs] 
2371.915: [GC (Allocation Failure) [PSYoungGen: 68960K->1344K(69632K)] 421886K->354270K(577024K), 0.0021789 secs] [Times: user=0.01 sys=0.00, real=0.00 secs] 
2372.792: [GC (Allocation Failure) [PSYoungGen: 68928K->1408K(69632K)] 421854K->354334K(577024K), 0.0014551 secs] [Times: user=0.01 sys=0.00, real=0.00 secs] 
2373.291: [GC (Allocation Failure) [PSYoungGen: 68992K->1376K(69632K)] 421918K->354302K(577024K), 0.0017352 secs] [Times: user=0.01 sys=0.00, real=0.00 secs] 
2373.917: [GC (Allocation Failure) [PSYoungGen: 68960K->1376K(69632K)] 421886K->354302K(577024K), 0.0021970 secs] [Times: user=0.01 sys=0.00, real=0.00 secs] 
2374.626: [GC (Allocation Failure) [PSYoungGen: 68960K->1408K(69632K)] 421886K->354334K(577024K), 0.0027340 secs] [Times: user=0.01 sys=0.00, real=0.00 secs] 
2375.803: [GC (Allocation Failure) [PSYoungGen: 68992K->1376K(69632K)] 421918K->354302K(577024K), 0.0013031 secs] [Times: user=0.00 sys=0.00, real=0.00 secs] 
2376.284: [GC (Allocation Failure) [PSYoungGen: 68960K->1376K(69632K)] 421886K->354302K(577024K), 0.0018279 secs] [Times: user=0.01 sys=0.00, real=0.00 secs] 
2376.889: [GC (Allocation Failure) [PSYoungGen: 68960K->1376K(69632K)] 421886K->354302K(577024K), 0.0028170 secs] [Times: user=0.01 sys=0.00, real=0.01 secs] 
2377.471: [GC (Allocation Failure) [PSYoungGen: 68960K->1376K(69632K)] 421886K->354302K(577024K), 0.0028407 secs] [Times: user=0.01 sys=0.00, real=0.01 secs] 
2378.143: [GC (Allocation Failure) [PSYoungGen: 68960K->1376K(69632K)] 421886K->354310K(577024K), 0.0030718 secs] [Times: user=0.01 sys=0.00, real=0.00 secs] 
2379.160: [GC (Allocation Failure) [PSYoungGen: 68960K->1440K(69632K)] 421894K->354374K(577024K), 0.0018996 secs] [Times: user=0.01 sys=0.00, real=0.01 secs] 
2379.744: [GC (Allocation Failure) [PSYoungGen: 69024K->1376K(69632K)] 421958K->354310K(577024K), 0.0023710 secs] [Times: user=0.01 sys=0.00, real=0.00 secs] 
2380.345: [GC (Allocation Failure) [PSYoungGen: 68960K->1376K(69632K)] 421894K->354310K(577024K), 0.0025586 secs] [Times: user=0.01 sys=0.00, real=0.00 secs] 
2380.784: [GC (Allocation Failure) [PSYoungGen: 68960K->1376K(69632K)] 421894K->354310K(577024K), 0.0024320 secs] [Times: user=0.01 sys=0.00, real=0.00 secs] 
2381.888: [GC (Allocation Failure) [PSYoungGen: 68960K->1408K(69632K)] 421894K->354342K(577024K), 0.0020079 secs] [Times: user=0.01 sys=0.00, real=0.00 secs] 
2382.940: [GC (Allocation Failure) [PSYoungGen: 68992K->1408K(69632K)] 421926K->354342K(577024K), 0.0036697 secs] [Times: user=0.01 sys=0.00, real=0.01 secs] 
2383.787: [GC (Allocation Failure) [PSYoungGen: 68992K->1408K(69632K)] 421926K->354342K(577024K), 0.0028732 secs] [Times: user=0.01 sys=0.00, real=0.00 secs] 
2384.506: [GC (Allocation Failure) [PSYoungGen: 68992K->1328K(69632K)] 421926K->354262K(577024K), 0.0027949 secs] [Times: user=0.01 sys=0.00, real=0.00 secs] 
2385.128: [GC (Allocation Failure) [PSYoungGen: 68912K->1373K(69632K)] 421846K->354307K(577024K), 0.0018383 secs] [Times: user=0.01 sys=0.00, real=0.00 secs] 
2386.132: [GC (Allocation Failure) [PSYoungGen: 68957K->1440K(69632K)] 421891K->354374K(577024K), 0.0024327 secs] [Times: user=0.01 sys=0.00, real=0.00 secs] 
2386.490: [GC (Allocation Failure) [PSYoungGen: 69024K->1408K(69632K)] 421958K->354342K(577024K), 0.0020824 secs] [Times: user=0.01 sys=0.00, real=0.01 secs] 
2386.771: [GC (Allocation Failure) [PSYoungGen: 68992K->1376K(69632K)] 421926K->354310K(577024K), 0.0020980 secs] [Times: user=0.01 sys=0.00, real=0.01 secs] 
2387.266: [GC (Allocation Failure) [PSYoungGen: 68960K->1408K(69632K)] 421894K->354342K(577024K), 0.0021235 secs] [Times: user=0.01 sys=0.00, real=0.00 secs] 
2388.119: [GC (Allocation Failure) [PSYoungGen: 68992K->1408K(69632K)] 421926K->354342K(577024K), 0.0017685 secs] [Times: user=0.01 sys=0.00, real=0.01 secs] 
2388.716: [GC (Allocation Failure) [PSYoungGen: 68992K->1376K(69120K)] 421926K->354326K(576512K), 0.0022505 secs] [Times: user=0.01 sys=0.00, real=0.00 secs] 
2389.310: [GC (Allocation Failure) [PSYoungGen: 68960K->1376K(69120K)] 421910K->354326K(576512K), 0.0024644 secs] [Times: user=0.01 sys=0.00, real=0.01 secs] 
2389.934: [GC (Allocation Failure) [PSYoungGen: 68960K->1344K(69120K)] 421910K->354294K(576512K), 0.0033684 secs] [Times: user=0.01 sys=0.00, real=0.00 secs] 
2391.034: [GC (Allocation Failure) [PSYoungGen: 68928K->1309K(69120K)] 421878K->354259K(576512K), 0.0014827 secs] [Times: user=0.01 sys=0.00, real=0.00 secs] 
2391.394: [GC (Allocation Failure) [PSYoungGen: 68893K->1376K(69120K)] 421843K->354326K(576512K), 0.0018656 secs] [Times: user=0.00 sys=0.00, real=0.00 secs] 
2391.676: [GC (Allocation Failure) [PSYoungGen: 68960K->1344K(69120K)] 421910K->354294K(576512K), 0.0018247 secs] [Times: user=0.00 sys=0.00, real=0.00 secs] 
2391.956: [GC (Allocation Failure) [PSYoungGen: 68928K->1376K(69120K)] 421878K->354326K(576512K), 0.0020153 secs] [Times: user=0.01 sys=0.00, real=0.00 secs] 
2392.237: [GC (Allocation Failure) [PSYoungGen: 68960K->1376K(69120K)] 421910K->354326K(576512K), 0.0019466 secs] [Times: user=0.01 sys=0.00, real=0.00 secs] 
2392.990: [GC (Allocation Failure) [PSYoungGen: 68960K->1408K(69120K)] 421910K->354358K(576512K), 0.0017195 secs] [Times: user=0.01 sys=0.00, real=0.01 secs] 
2393.280: [GC (Allocation Failure) [PSYoungGen: 68992K->1376K(69120K)] 421942K->354326K(576512K), 0.0017430 secs] [Times: user=0.01 sys=0.00, real=0.01 secs] 
2393.561: [GC (Allocation Failure) [PSYoungGen: 68960K->1344K(69120K)] 421910K->354294K(576512K), 0.0016598 secs] [Times: user=0.01 sys=0.00, real=0.00 secs] 
2393.841: [GC (Allocation Failure) [PSYoungGen: 68928K->1344K(69120K)] 421878K->354294K(576512K), 0.0017643 secs] [Times: user=0.01 sys=0.00, real=0.00 secs] 
2394.610: [GC (Allocation Failure) [PSYoungGen: 68928K->1376K(69120K)] 421878K->354326K(576512K), 0.0017648 secs] [Times: user=0.01 sys=0.00, real=0.01 secs] 
2395.191: [GC (Allocation Failure) [PSYoungGen: 68960K->1376K(69120K)] 421910K->354326K(576512K), 0.0016226 secs] [Times: user=0.00 sys=0.00, real=0.00 secs] 
2395.753: [GC (Allocation Failure) [PSYoungGen: 68960K->1360K(69120K)] 421910K->354326K(576512K), 0.0020225 secs] [Times: user=0.01 sys=0.00, real=0.00 secs] 
2396.051: [GC (Allocation Failure) [PSYoungGen: 68944K->1376K(69120K)] 421910K->354342K(576512K), 0.0018772 secs] [Times: user=0.01 sys=0.01, real=0.01 secs] 
2396.356: [GC (Allocation Failure) [PSYoungGen: 68960K->1360K(69120K)] 421926K->354326K(576512K), 0.0018824 secs] [Times: user=0.01 sys=0.00, real=0.00 secs] 
2397.056: [GC (Allocation Failure) [PSYoungGen: 68944K->1424K(69120K)] 421910K->354390K(576512K), 0.0016938 secs] [Times: user=0.00 sys=0.00, real=0.00 secs] 
2397.336: [GC (Allocation Failure) [PSYoungGen: 69008K->1344K(69120K)] 421974K->354310K(576512K), 0.0016853 secs] [Times: user=0.00 sys=0.00, real=0.00 secs] 
2397.697: [GC (Allocation Failure) [PSYoungGen: 68928K->1376K(69120K)] 421894K->354350K(576512K), 0.0016953 secs] [Times: user=0.01 sys=0.00, real=0.00 secs] 
2398.158: [GC (Allocation Failure) [PSYoungGen: 68960K->1344K(69120K)] 421934K->354318K(576512K), 0.0020205 secs] [Times: user=0.01 sys=0.00, real=0.00 secs] 
2399.166: [GC (Allocation Failure) [PSYoungGen: 68928K->1376K(69120K)] 421902K->354350K(576512K), 0.0018331 secs] [Times: user=0.01 sys=0.00, real=0.00 secs] 
2399.535: [GC (Allocation Failure) [PSYoungGen: 68960K->1376K(69120K)] 421934K->354350K(576512K), 0.0019230 secs] [Times: user=0.01 sys=0.00, real=0.00 secs] 
2399.877: [GC (Allocation Failure) [PSYoungGen: 68960K->1376K(69120K)] 421934K->354350K(576512K), 0.0020984 secs] [Times: user=0.01 sys=0.00, real=0.00 secs] 
2400.665: [GC (Allocation Failure) [PSYoungGen: 68960K->1376K(69120K)] 421934K->354350K(576512K), 0.0027519 secs] [Times: user=0.01 sys=0.00, real=0.00 secs] 
2401.666: [GC (Allocation Failure) [PSYoungGen: 68960K->1373K(69120K)] 421934K->354347K(576512K), 0.0015462 secs] [Times: user=0.00 sys=0.00, real=0.00 secs] 
2402.293: [GC (Allocation Failure) [PSYoungGen: 68957K->1408K(69120K)] 421931K->354382K(576512K), 0.0021362 secs] [Times: user=0.01 sys=0.00, real=0.00 secs] 
2402.574: [GC (Allocation Failure) [PSYoungGen: 68992K->1376K(69120K)] 421966K->354350K(576512K), 0.0019984 secs] [Times: user=0.01 sys=0.00, real=0.00 secs] 
2403.202: [GC (Allocation Failure) [PSYoungGen: 68960K->1376K(69120K)] 421934K->354350K(576512K), 0.0028933 secs] [Times: user=0.02 sys=0.00, real=0.00 secs] 
2403.883: [GC (Allocation Failure) [PSYoungGen: 68960K->1344K(69120K)] 421934K->354318K(576512K), 0.0028034 secs] [Times: user=0.01 sys=0.00, real=0.00 secs] 
2405.310: [GC (Allocation Failure) [PSYoungGen: 68928K->1440K(69120K)] 421902K->354414K(576512K), 0.0017407 secs] [Times: user=0.01 sys=0.00, real=0.01 secs] 
2406.191: [GC (Allocation Failure) [PSYoungGen: 69024K->1344K(69120K)] 421998K->354318K(576512K), 0.0023666 secs] [Times: user=0.01 sys=0.00, real=0.01 secs] 
2406.687: [GC (Allocation Failure) [PSYoungGen: 68928K->1376K(69120K)] 421902K->354350K(576512K), 0.0023776 secs] [Times: user=0.01 sys=0.00, real=0.00 secs] 
2407.398: [GC (Allocation Failure) [PSYoungGen: 68960K->1376K(69120K)] 421934K->354350K(576512K), 0.0021266 secs] [Times: user=0.01 sys=0.00, real=0.00 secs] 
2408.574: [GC (Allocation Failure) [PSYoungGen: 68960K->864K(69120K)] 421934K->354870K(576512K), 0.0016205 secs] [Times: user=0.01 sys=0.00, real=0.00 secs] 
2409.237: [GC (Allocation Failure) [PSYoungGen: 68448K->320K(68608K)] 422454K->354326K(576000K), 0.0021483 secs] [Times: user=0.00 sys=0.01, real=0.00 secs] 
2409.803: [GC (Allocation Failure) [PSYoungGen: 67392K->288K(69120K)] 421398K->354294K(576512K), 0.0021720 secs] [Times: user=0.01 sys=0.00, real=0.00 secs] 
2410.356: [GC (Allocation Failure) [PSYoungGen: 67360K->352K(69120K)] 421366K->354358K(576512K), 0.0026374 secs] [Times: user=0.01 sys=0.00, real=0.00 secs] 
2410.680: [GC (Allocation Failure) [PSYoungGen: 67424K->352K(69120K)] 421430K->354358K(576512K), 0.0020634 secs] [Times: user=0.00 sys=0.00, real=0.01 secs] 
2411.841: [GC (Allocation Failure) [PSYoungGen: 67424K->1408K(69120K)] 421430K->355414K(576512K), 0.0019576 secs] [Times: user=0.00 sys=0.00, real=0.00 secs] 
2412.436: [GC (Allocation Failure) [PSYoungGen: 68480K->1312K(69120K)] 422486K->355318K(576512K), 0.0027437 secs] [Times: user=0.01 sys=0.00, real=0.00 secs] 
2412.992: [GC (Allocation Failure) [PSYoungGen: 68384K->1312K(69120K)] 422390K->355318K(576512K), 0.0025146 secs] [Times: user=0.01 sys=0.00, real=0.00 secs] 
2413.466: [GC (Allocation Failure) [PSYoungGen: 68384K->1344K(69120K)] 422390K->355350K(576512K), 0.0024343 secs] [Times: user=0.01 sys=0.00, real=0.00 secs] 
2414.384: [GC (Allocation Failure) [PSYoungGen: 68416K->1376K(69120K)] 422422K->355382K(576512K), 0.0017086 secs] [Times: user=0.01 sys=0.00, real=0.00 secs] 
2414.684: [GC (Allocation Failure) [PSYoungGen: 68448K->1344K(69120K)] 422454K->355350K(576512K), 0.0018107 secs] [Times: user=0.01 sys=0.00, real=0.00 secs] 
2414.977: [GC (Allocation Failure) [PSYoungGen: 68416K->1344K(69120K)] 422422K->355350K(576512K), 0.0017276 secs] [Times: user=0.01 sys=0.00, real=0.00 secs] 
2415.298: [GC (Allocation Failure) [PSYoungGen: 68416K->1376K(69120K)] 422422K->355382K(576512K), 0.0018093 secs] [Times: user=0.01 sys=0.00, real=0.00 secs] 
2415.736: [GC (Allocation Failure) [PSYoungGen: 68448K->1373K(69120K)] 422454K->355379K(576512K), 0.0015194 secs] [Times: user=0.00 sys=0.00, real=0.00 secs] 
2416.353: [GC (Allocation Failure) [PSYoungGen: 68445K->1440K(69120K)] 422451K->355446K(576512K), 0.0017899 secs] [Times: user=0.01 sys=0.00, real=0.00 secs] 
2416.741: [GC (Allocation Failure) [PSYoungGen: 68512K->1408K(69120K)] 422518K->355430K(576512K), 0.0018518 secs] [Times: user=0.00 sys=0.00, real=0.01 secs] 
2417.286: [GC (Allocation Failure) [PSYoungGen: 68480K->1376K(69120K)] 422502K->355398K(576512K), 0.0033164 secs] [Times: user=0.01 sys=0.00, real=0.00 secs] 
2418.055: [GC (Allocation Failure) [PSYoungGen: 68448K->1344K(69120K)] 422470K->355374K(576512K), 0.0032273 secs] [Times: user=0.01 sys=0.00, real=0.00 secs] 
2419.384: [GC (Allocation Failure) [PSYoungGen: 68416K->1408K(69120K)] 422446K->355438K(576512K), 0.0019342 secs] [Times: user=0.00 sys=0.00, real=0.00 secs] 
2420.410: [GC (Allocation Failure) [PSYoungGen: 68480K->1344K(69120K)] 422510K->355374K(576512K), 0.0039865 secs] [Times: user=0.02 sys=0.00, real=0.01 secs] 
2421.305: [GC (Allocation Failure) [PSYoungGen: 68416K->1312K(69120K)] 422446K->355342K(576512K), 0.0038428 secs] [Times: user=0.02 sys=0.00, real=0.00 secs] 
2421.871: [GC (Allocation Failure) [PSYoungGen: 68384K->1408K(69120K)] 422414K->355438K(576512K), 0.0023654 secs] [Times: user=0.01 sys=0.00, real=0.00 secs] 
2422.566: [GC (Allocation Failure) [PSYoungGen: 68480K->1389K(69120K)] 422510K->355419K(576512K), 0.0014877 secs] [Times: user=0.01 sys=0.00, real=0.00 secs] 
2425.916: [GC (Allocation Failure) [PSYoungGen: 68461K->1376K(69120K)] 422491K->355406K(576512K), 0.0035921 secs] [Times: user=0.02 sys=0.01, real=0.00 secs] 
2426.298: [GC (Allocation Failure) [PSYoungGen: 68448K->1344K(69120K)] 422478K->355374K(576512K), 0.0019553 secs] [Times: user=0.01 sys=0.00, real=0.00 secs] 
2426.739: [GC (Allocation Failure) [PSYoungGen: 68416K->1344K(69120K)] 422446K->355374K(576512K), 0.0020381 secs] [Times: user=0.01 sys=0.00, real=0.01 secs] 
2427.253: [GC (Allocation Failure) [PSYoungGen: 68416K->1344K(69120K)] 422446K->355374K(576512K), 0.0018869 secs] [Times: user=0.00 sys=0.00, real=0.00 secs] 
2428.201: [GC (Allocation Failure) [PSYoungGen: 68416K->1408K(69120K)] 422446K->355438K(576512K), 0.0018414 secs] [Times: user=0.00 sys=0.00, real=0.00 secs] 
2428.536: [GC (Allocation Failure) [PSYoungGen: 68480K->1376K(69120K)] 422510K->355406K(576512K), 0.0019112 secs] [Times: user=0.01 sys=0.00, real=0.00 secs] 
2428.815: [GC (Allocation Failure) [PSYoungGen: 68448K->1376K(69120K)] 422478K->355406K(576512K), 0.0020811 secs] [Times: user=0.01 sys=0.00, real=0.00 secs] 
2429.214: [GC (Allocation Failure) [PSYoungGen: 68448K->1376K(69120K)] 422478K->355406K(576512K), 0.0020377 secs] [Times: user=0.01 sys=0.00, real=0.00 secs] 
2430.040: [GC (Allocation Failure) [PSYoungGen: 68448K->1376K(69120K)] 422478K->355406K(576512K), 0.0014995 secs] [Times: user=0.01 sys=0.00, real=0.01 secs] 
2430.716: [GC (Allocation Failure) [PSYoungGen: 68448K->1344K(69120K)] 422478K->355390K(576512K), 0.0019055 secs] [Times: user=0.01 sys=0.00, real=0.00 secs] 
2431.054: [GC (Allocation Failure) [PSYoungGen: 68416K->1376K(69120K)] 422462K->355422K(576512K), 0.0019246 secs] [Times: user=0.01 sys=0.00, real=0.00 secs] 
2431.333: [GC (Allocation Failure) [PSYoungGen: 68448K->1376K(69120K)] 422494K->355422K(576512K), 0.0020808 secs] [Times: user=0.01 sys=0.00, real=0.00 secs] 
2431.720: [GC (Allocation Failure) [PSYoungGen: 68448K->1376K(68608K)] 422494K->355422K(576000K), 0.0020037 secs] [Times: user=0.01 sys=0.00, real=0.01 secs] 
2432.772: [GC (Allocation Failure) [PSYoungGen: 68448K->1408K(68608K)] 422494K->355454K(576000K), 0.0018816 secs] [Times: user=0.00 sys=0.00, real=0.00 secs] 
2433.605: [GC (Allocation Failure) [PSYoungGen: 68480K->320K(68096K)] 422526K->355390K(575488K), 0.0033864 secs] [Times: user=0.02 sys=0.00, real=0.00 secs] 
2434.189: [GC (Allocation Failure) [PSYoungGen: 67392K->320K(69120K)] 422462K->355390K(576512K), 0.0023548 secs] [Times: user=0.01 sys=0.00, real=0.01 secs] 
2434.952: [GC (Allocation Failure) [PSYoungGen: 67392K->352K(69120K)] 422462K->355422K(576512K), 0.0022960 secs] [Times: user=0.00 sys=0.00, real=0.00 secs] 
2436.206: [GC (Allocation Failure) [PSYoungGen: 67424K->1920K(69120K)] 422494K->356990K(576512K), 0.0017525 secs] [Times: user=0.01 sys=0.00, real=0.00 secs] 
2436.536: [GC (Allocation Failure) [PSYoungGen: 68992K->1344K(69632K)] 424062K->356414K(577024K), 0.0018884 secs] [Times: user=0.00 sys=0.00, real=0.00 secs] 
2436.992: [GC (Allocation Failure) [PSYoungGen: 68416K->1344K(69632K)] 423486K->356422K(577024K), 0.0019189 secs] [Times: user=0.01 sys=0.00, real=0.00 secs] 
2437.638: [GC (Allocation Failure) [PSYoungGen: 68416K->1376K(68608K)] 423494K->356462K(576000K), 0.0025652 secs] [Times: user=0.01 sys=0.00, real=0.00 secs] 
2438.145: [GC (Allocation Failure) [PSYoungGen: 68448K->1376K(69120K)] 423534K->356462K(576512K), 0.0034065 secs] [Times: user=0.01 sys=0.00, real=0.00 secs] 
2439.023: [GC (Allocation Failure) [PSYoungGen: 68448K->1408K(69120K)] 423534K->356494K(576512K), 0.0025646 secs] [Times: user=0.01 sys=0.00, real=0.00 secs] 
2439.325: [GC (Allocation Failure) [PSYoungGen: 68480K->1408K(69120K)] 423566K->356494K(576512K), 0.0019489 secs] [Times: user=0.01 sys=0.00, real=0.00 secs] 
2439.916: [GC (Allocation Failure) [PSYoungGen: 68480K->1408K(69120K)] 423566K->356494K(576512K), 0.0021104 secs] [Times: user=0.01 sys=0.00, real=0.00 secs] 
2440.444: [GC (Allocation Failure) [PSYoungGen: 68480K->1376K(69120K)] 423566K->356462K(576512K), 0.0026355 secs] [Times: user=0.01 sys=0.00, real=0.00 secs] 
2441.841: [GC (Allocation Failure) [PSYoungGen: 68448K->1408K(69120K)] 423534K->356494K(576512K), 0.0022376 secs] [Times: user=0.01 sys=0.00, real=0.00 secs] 
2442.120: [GC (Allocation Failure) [PSYoungGen: 68480K->1408K(69120K)] 423566K->356494K(576512K), 0.0021029 secs] [Times: user=0.01 sys=0.00, real=0.01 secs] 
2442.597: [GC (Allocation Failure) [PSYoungGen: 68480K->1376K(69120K)] 423566K->356462K(576512K), 0.0019705 secs] [Times: user=0.01 sys=0.00, real=0.00 secs] 
2443.106: [GC (Allocation Failure) [PSYoungGen: 68448K->1408K(69120K)] 423534K->356494K(576512K), 0.0019977 secs] [Times: user=0.00 sys=0.00, real=0.00 secs] 
2443.977: [GC (GCLocker Initiated GC) [PSYoungGen: 68480K->1424K(69120K)] 423566K->356510K(576512K), 0.0019835 secs] [Times: user=0.01 sys=0.00, real=0.00 secs] 
2444.654: [GC (Allocation Failure) [PSYoungGen: 68496K->1376K(69120K)] 423585K->356465K(576512K), 0.0022027 secs] [Times: user=0.01 sys=0.00, real=0.00 secs] 
2444.934: [GC (Allocation Failure) [PSYoungGen: 68448K->1408K(69120K)] 423537K->356497K(576512K), 0.0020276 secs] [Times: user=0.01 sys=0.00, real=0.00 secs] 
2445.231: [GC (Allocation Failure) [PSYoungGen: 68480K->1408K(69120K)] 423569K->356497K(576512K), 0.0018021 secs] [Times: user=0.01 sys=0.00, real=0.01 secs] 
2445.654: [GC (Allocation Failure) [PSYoungGen: 68480K->1408K(69120K)] 423569K->356497K(576512K), 0.0036029 secs] [Times: user=0.02 sys=0.00, real=0.00 secs] 
2446.544: [GC (Allocation Failure) [PSYoungGen: 68480K->1472K(69120K)] 423569K->356577K(576512K), 0.0016015 secs] [Times: user=0.01 sys=0.00, real=0.00 secs] 
2447.138: [GC (Allocation Failure) [PSYoungGen: 68544K->1408K(69120K)] 423649K->356513K(576512K), 0.0016836 secs] [Times: user=0.01 sys=0.00, real=0.00 secs] 
2447.420: [GC (Allocation Failure) [PSYoungGen: 68480K->1440K(69120K)] 423585K->356545K(576512K), 0.0027150 secs] [Times: user=0.01 sys=0.00, real=0.01 secs] 
2447.699: [GC (Allocation Failure) [PSYoungGen: 68512K->1472K(69120K)] 423617K->356577K(576512K), 0.0021137 secs] [Times: user=0.01 sys=0.00, real=0.01 secs] 
2448.300: [GC (Allocation Failure) [PSYoungGen: 68544K->1405K(69120K)] 423649K->356510K(576512K), 0.0015222 secs] [Times: user=0.00 sys=0.00, real=0.01 secs] 
2451.443: [GC (Allocation Failure) [PSYoungGen: 68477K->1472K(69120K)] 423582K->356585K(576512K), 0.0037325 secs] [Times: user=0.02 sys=0.00, real=0.00 secs] 
2451.805: [GC (Allocation Failure) [PSYoungGen: 68544K->1440K(69120K)] 423657K->356553K(576512K), 0.0023831 secs] [Times: user=0.01 sys=0.00, real=0.00 secs] 
2452.351: [GC (Allocation Failure) [PSYoungGen: 68512K->1472K(69120K)] 423625K->356585K(576512K), 0.0024622 secs] [Times: user=0.00 sys=0.00, real=0.00 secs] 
2452.858: [GC (Allocation Failure) [PSYoungGen: 68544K->1440K(69120K)] 423657K->356553K(576512K), 0.0026437 secs] [Times: user=0.01 sys=0.00, real=0.00 secs] 
2454.463: [GC (Allocation Failure) [PSYoungGen: 68512K->1440K(69120K)] 423625K->356553K(576512K), 0.0038317 secs] [Times: user=0.02 sys=0.00, real=0.00 secs] 
2455.146: [GC (Allocation Failure) [PSYoungGen: 68512K->1456K(69120K)] 423625K->356569K(576512K), 0.0026755 secs] [Times: user=0.01 sys=0.00, real=0.00 secs] 
2455.862: [GC (Allocation Failure) [PSYoungGen: 68528K->1376K(69120K)] 423641K->356553K(576512K), 0.0040451 secs] [Times: user=0.01 sys=0.00, real=0.00 secs] 
2456.591: [GC (Allocation Failure) [PSYoungGen: 68448K->1376K(69120K)] 423625K->356553K(576512K), 0.0040739 secs] [Times: user=0.02 sys=0.00, real=0.01 secs] 
2457.707: [GC (Allocation Failure) [PSYoungGen: 68448K->1408K(69120K)] 423625K->356585K(576512K), 0.0014837 secs] [Times: user=0.01 sys=0.00, real=0.00 secs] 
2459.977: [GC (Allocation Failure) [PSYoungGen: 68480K->1408K(69120K)] 423657K->356585K(576512K), 0.0036624 secs] [Times: user=0.02 sys=0.00, real=0.01 secs] 
2460.762: [GC (Allocation Failure) [PSYoungGen: 68480K->1408K(69120K)] 423657K->356593K(576512K), 0.0025935 secs] [Times: user=0.01 sys=0.00, real=0.00 secs] 
2461.407: [GC (Allocation Failure) [PSYoungGen: 68480K->1440K(69120K)] 423665K->356625K(576512K), 0.0027104 secs] [Times: user=0.01 sys=0.00, real=0.00 secs] 
2462.035: [GC (Allocation Failure) [PSYoungGen: 68512K->1440K(69120K)] 423697K->356625K(576512K), 0.0022004 secs] [Times: user=0.00 sys=0.00, real=0.00 secs] 
2463.287: [GC (Allocation Failure) [PSYoungGen: 68512K->1408K(68608K)] 423697K->356601K(576000K), 0.0018774 secs] [Times: user=0.01 sys=0.00, real=0.00 secs] 
2464.160: [GC (Allocation Failure) [PSYoungGen: 68480K->1376K(68608K)] 423673K->356569K(576000K), 0.0028041 secs] [Times: user=0.01 sys=0.00, real=0.01 secs] 
2465.101: [GC (Allocation Failure) [PSYoungGen: 68448K->1376K(68608K)] 423641K->356577K(576000K), 0.0029784 secs] [Times: user=0.01 sys=0.00, real=0.00 secs] 
2465.948: [GC (Allocation Failure) [PSYoungGen: 68448K->1376K(68608K)] 423649K->356577K(576000K), 0.0028253 secs] [Times: user=0.01 sys=0.00, real=0.01 secs] 
2467.213: [GC (Allocation Failure) [PSYoungGen: 68448K->864K(68608K)] 423649K->357089K(576000K), 0.0020042 secs] [Times: user=0.01 sys=0.00, real=0.00 secs] 
2467.494: [GC (Allocation Failure) [PSYoungGen: 67936K->320K(69120K)] 424161K->356545K(576512K), 0.0019729 secs] [Times: user=0.01 sys=0.00, real=0.00 secs] 
2467.773: [GC (Allocation Failure) [PSYoungGen: 67392K->352K(69120K)] 423617K->356577K(576512K), 0.0019712 secs] [Times: user=0.01 sys=0.00, real=0.00 secs] 
2468.051: [GC (Allocation Failure) [PSYoungGen: 67424K->288K(69120K)] 423649K->356513K(576512K), 0.0019771 secs] [Times: user=0.01 sys=0.00, real=0.00 secs] 
2468.466: [GC (Allocation Failure) [PSYoungGen: 67360K->320K(69120K)] 423585K->356545K(576512K), 0.0018149 secs] [Times: user=0.00 sys=0.00, real=0.00 secs] 
2469.616: [GC (Allocation Failure) [PSYoungGen: 67392K->1376K(69120K)] 423617K->357601K(576512K), 0.0029130 secs] [Times: user=0.01 sys=0.00, real=0.00 secs] 
2470.198: [GC (Allocation Failure) [PSYoungGen: 68448K->1408K(69120K)] 424673K->357641K(576512K), 0.0031073 secs] [Times: user=0.01 sys=0.00, real=0.01 secs] 
2470.776: [GC (Allocation Failure) [PSYoungGen: 68480K->1376K(69632K)] 424713K->357609K(577024K), 0.0024539 secs] [Times: user=0.01 sys=0.00, real=0.00 secs] 
2471.388: [GC (Allocation Failure) [PSYoungGen: 68448K->1344K(69632K)] 424681K->357577K(577024K), 0.0020925 secs] [Times: user=0.01 sys=0.00, real=0.00 secs] 
2472.328: [GC (Allocation Failure) [PSYoungGen: 68416K->1408K(69632K)] 424649K->357641K(577024K), 0.0017493 secs] [Times: user=0.00 sys=0.00, real=0.00 secs] 
2472.606: [GC (Allocation Failure) [PSYoungGen: 68480K->1312K(68608K)] 424713K->357545K(576000K), 0.0017608 secs] [Times: user=0.01 sys=0.00, real=0.00 secs] 
2472.885: [GC (Allocation Failure) [PSYoungGen: 68384K->1360K(69120K)] 424617K->357593K(576512K), 0.0016773 secs] [Times: user=0.00 sys=0.00, real=0.00 secs] 
2473.163: [GC (Allocation Failure) [PSYoungGen: 68432K->1344K(69120K)] 424665K->357577K(576512K), 0.0017204 secs] [Times: user=0.01 sys=0.00, real=0.00 secs] 
2473.556: [GC (Allocation Failure) [PSYoungGen: 68416K->1360K(69120K)] 424649K->357593K(576512K), 0.0015331 secs] [Times: user=0.00 sys=0.00, real=0.00 secs] 
2474.891: [GC (Allocation Failure) [PSYoungGen: 68432K->1408K(69120K)] 424665K->357641K(576512K), 0.0019955 secs] [Times: user=0.01 sys=0.01, real=0.00 secs] 
2475.478: [GC (Allocation Failure) [PSYoungGen: 68480K->1376K(69120K)] 424713K->357609K(576512K), 0.0022523 secs] [Times: user=0.01 sys=0.00, real=0.00 secs] 
2476.049: [GC (Allocation Failure) [PSYoungGen: 68448K->1376K(69120K)] 424681K->357609K(576512K), 0.0023842 secs] [Times: user=0.01 sys=0.00, real=0.01 secs] 
2476.513: [GC (Allocation Failure) [PSYoungGen: 68448K->1408K(69120K)] 424681K->357657K(576512K), 0.0020699 secs] [Times: user=0.01 sys=0.00, real=0.00 secs] 
2477.547: [GC (Allocation Failure) [PSYoungGen: 68480K->1376K(69120K)] 424729K->357625K(576512K), 0.0031654 secs] [Times: user=0.01 sys=0.00, real=0.00 secs] 
2478.314: [GC (Allocation Failure) [PSYoungGen: 68448K->1408K(69120K)] 424697K->357657K(576512K), 0.0021581 secs] [Times: user=0.01 sys=0.00, real=0.00 secs] 
2479.206: [GC (Allocation Failure) [PSYoungGen: 68480K->1360K(69120K)] 424729K->357609K(576512K), 0.0022245 secs] [Times: user=0.01 sys=0.00, real=0.00 secs] 
2480.277: [GC (Allocation Failure) [PSYoungGen: 68432K->1312K(69120K)] 424681K->357561K(576512K), 0.0040888 secs] [Times: user=0.02 sys=0.00, real=0.01 secs] 
2481.623: [GC (Allocation Failure) [PSYoungGen: 68384K->1360K(69120K)] 424633K->357609K(576512K), 0.0015130 secs] [Times: user=0.01 sys=0.00, real=0.00 secs] 
2482.569: [GC (Allocation Failure) [PSYoungGen: 68432K->1408K(69120K)] 424681K->357657K(576512K), 0.0019684 secs] [Times: user=0.00 sys=0.00, real=0.01 secs] 
2483.498: [GC (Allocation Failure) [PSYoungGen: 68480K->1344K(69120K)] 424729K->357593K(576512K), 0.0036673 secs] [Times: user=0.01 sys=0.00, real=0.01 secs] 
2484.354: [GC (Allocation Failure) [PSYoungGen: 68416K->1312K(69120K)] 424665K->357561K(576512K), 0.0038690 secs] [Times: user=0.02 sys=0.00, real=0.00 secs] 
2485.219: [GC (Allocation Failure) [PSYoungGen: 68384K->1344K(69120K)] 424633K->357593K(576512K), 0.0030268 secs] [Times: user=0.01 sys=0.00, real=0.01 secs] 
2486.195: [GC (Allocation Failure) [PSYoungGen: 68416K->1376K(69120K)] 424665K->357625K(576512K), 0.0019723 secs] [Times: user=0.00 sys=0.00, real=0.00 secs] 
2486.736: [GC (Allocation Failure) [PSYoungGen: 68448K->1344K(69120K)] 424697K->357593K(576512K), 0.0037981 secs] [Times: user=0.02 sys=0.00, real=0.00 secs] 
2487.286: [GC (Allocation Failure) [PSYoungGen: 68416K->1376K(69120K)] 424665K->357625K(576512K), 0.0026919 secs] [Times: user=0.02 sys=0.00, real=0.00 secs] 
2487.838: [GC (Allocation Failure) [PSYoungGen: 68448K->1344K(69120K)] 424697K->357593K(576512K), 0.0024306 secs] [Times: user=0.01 sys=0.00, real=0.01 secs] 
2488.689: [GC (Allocation Failure) [PSYoungGen: 68116K->224K(69120K)] 424365K->356473K(576512K), 0.0014473 secs] [Times: user=0.01 sys=0.00, real=0.00 secs] 
2489.567: [GC (Allocation Failure) [PSYoungGen: 67296K->1376K(69120K)] 423545K->357625K(576512K), 0.0023921 secs] [Times: user=0.01 sys=0.00, real=0.00 secs] 
2490.854: [GC (Allocation Failure) [PSYoungGen: 68448K->1344K(69120K)] 424697K->357593K(576512K), 0.0037012 secs] [Times: user=0.02 sys=0.00, real=0.00 secs] 
2491.717: [GC (Allocation Failure) [PSYoungGen: 68416K->1344K(69120K)] 424665K->357609K(576512K), 0.0034163 secs] [Times: user=0.02 sys=0.00, real=0.00 secs] 
2492.062: [GC (Allocation Failure) [PSYoungGen: 68416K->1376K(69120K)] 424681K->357641K(576512K), 0.0019761 secs] [Times: user=0.01 sys=0.00, real=0.00 secs] 
2493.008: [GC (Allocation Failure) [PSYoungGen: 68448K->1376K(69120K)] 424713K->357641K(576512K), 0.0018236 secs] [Times: user=0.01 sys=0.00, real=0.00 secs] 
2493.588: [GC (Allocation Failure) [PSYoungGen: 68448K->1328K(69120K)] 424713K->357593K(576512K), 0.0020732 secs] [Times: user=0.01 sys=0.00, real=0.00 secs] 
2493.987: [GC (Allocation Failure) [PSYoungGen: 68400K->1376K(69120K)] 424665K->357641K(576512K), 0.0021547 secs] [Times: user=0.01 sys=0.00, real=0.00 secs] 
2494.266: [GC (Allocation Failure) [PSYoungGen: 68448K->1376K(69120K)] 424713K->357641K(576512K), 0.0019465 secs] [Times: user=0.01 sys=0.00, real=0.00 secs] 
2495.090: [GC (Allocation Failure) [PSYoungGen: 68448K->1920K(69120K)] 424713K->358185K(576512K), 0.0018390 secs] [Times: user=0.01 sys=0.00, real=0.01 secs] 
2495.688: [GC (Allocation Failure) [PSYoungGen: 68992K->1376K(69120K)] 425257K->357641K(576512K), 0.0028106 secs] [Times: user=0.01 sys=0.00, real=0.01 secs] 
2496.276: [GC (Allocation Failure) [PSYoungGen: 68448K->1376K(69120K)] 424713K->357641K(576512K), 0.0028849 secs] [Times: user=0.01 sys=0.00, real=0.00 secs] 
2496.863: [GC (Allocation Failure) [PSYoungGen: 68448K->1408K(69120K)] 424713K->357673K(576512K), 0.0039002 secs] [Times: user=0.02 sys=0.00, real=0.00 secs] 
2497.166: [GC (Allocation Failure) [PSYoungGen: 68480K->1408K(69120K)] 424745K->357673K(576512K), 0.0031408 secs] [Times: user=0.02 sys=0.00, real=0.00 secs] 
2497.925: [GC (Allocation Failure) [PSYoungGen: 68480K->1408K(68608K)] 424745K->357689K(576000K), 0.0016909 secs] [Times: user=0.00 sys=0.00, real=0.00 secs] 
2498.271: [GC (Allocation Failure) [PSYoungGen: 68480K->1376K(68608K)] 424761K->357657K(576000K), 0.0019335 secs] [Times: user=0.01 sys=0.00, real=0.00 secs] 
2498.736: [GC (Allocation Failure) [PSYoungGen: 68448K->1376K(68608K)] 424729K->357657K(576000K), 0.0022704 secs] [Times: user=0.01 sys=0.00, real=0.00 secs] 
2499.325: [GC (Allocation Failure) [PSYoungGen: 68448K->1344K(68608K)] 424729K->357625K(576000K), 0.0027353 secs] [Times: user=0.01 sys=0.00, real=0.00 secs] 
2500.382: [GC (Allocation Failure) [PSYoungGen: 68416K->1408K(68608K)] 424697K->357689K(576000K), 0.0019703 secs] [Times: user=0.00 sys=0.00, real=0.00 secs] 
2500.662: [GC (Allocation Failure) [PSYoungGen: 68480K->1344K(68608K)] 424761K->357625K(576000K), 0.0022151 secs] [Times: user=0.01 sys=0.00, real=0.00 secs] 
2500.941: [GC (Allocation Failure) [PSYoungGen: 68416K->1344K(68608K)] 424697K->357625K(576000K), 0.0019623 secs] [Times: user=0.01 sys=0.00, real=0.00 secs] 
2501.220: [GC (Allocation Failure) [PSYoungGen: 68416K->1376K(68608K)] 424697K->357657K(576000K), 0.0019827 secs] [Times: user=0.01 sys=0.00, real=0.01 secs] 
2501.706: [GC (Allocation Failure) [PSYoungGen: 68448K->1389K(68608K)] 424729K->357670K(576000K), 0.0015519 secs] [Times: user=0.00 sys=0.00, real=0.00 secs] 
2502.546: [GC (Allocation Failure) [PSYoungGen: 68461K->1408K(68608K)] 424742K->357689K(576000K), 0.0018240 secs] [Times: user=0.01 sys=0.00, real=0.00 secs] 
2503.128: [GC (Allocation Failure) [PSYoungGen: 68480K->1376K(68608K)] 424761K->357657K(576000K), 0.0023289 secs] [Times: user=0.01 sys=0.00, real=0.00 secs] 
2503.420: [GC (Allocation Failure) [PSYoungGen: 68448K->1376K(68608K)] 424729K->357657K(576000K), 0.0022124 secs] [Times: user=0.01 sys=0.00, real=0.01 secs] 
2503.699: [GC (Allocation Failure) [PSYoungGen: 68448K->368K(67584K)] 424729K->357673K(574976K), 0.0020149 secs] [Times: user=0.01 sys=0.00, real=0.00 secs] 
2505.047: [GC (Allocation Failure) [PSYoungGen: 67440K->1376K(69120K)] 424745K->358681K(576512K), 0.0027991 secs] [Times: user=0.01 sys=0.00, real=0.00 secs] 
2505.643: [GC (Allocation Failure) [PSYoungGen: 68448K->1312K(69120K)] 425753K->358617K(576512K), 0.0023657 secs] [Times: user=0.00 sys=0.00, real=0.00 secs] 
2506.281: [GC (Allocation Failure) [PSYoungGen: 68384K->1344K(69120K)] 425689K->358657K(576512K), 0.0023813 secs] [Times: user=0.01 sys=0.00, real=0.01 secs] 
2506.844: [GC (Allocation Failure) [PSYoungGen: 68416K->1344K(69120K)] 425729K->358657K(576512K), 0.0023207 secs] [Times: user=0.01 sys=0.00, real=0.00 secs] 
2507.771: [GC (Allocation Failure) [PSYoungGen: 68416K->1341K(69120K)] 425729K->358654K(576512K), 0.0015269 secs] [Times: user=0.00 sys=0.00, real=0.00 secs] 
2508.203: [GC (Allocation Failure) [PSYoungGen: 68413K->1408K(69120K)] 425726K->358721K(576512K), 0.0017200 secs] [Times: user=0.01 sys=0.00, real=0.00 secs] 
2508.482: [GC (Allocation Failure) [PSYoungGen: 68480K->1376K(69120K)] 425793K->358689K(576512K), 0.0018054 secs] [Times: user=0.01 sys=0.00, real=0.00 secs] 
2508.843: [GC (Allocation Failure) [PSYoungGen: 68448K->1344K(69120K)] 425761K->358657K(576512K), 0.0018293 secs] [Times: user=0.01 sys=0.00, real=0.00 secs] 
2509.256: [GC (Allocation Failure) [PSYoungGen: 68416K->1344K(69120K)] 425729K->358657K(576512K), 0.0020281 secs] [Times: user=0.01 sys=0.00, real=0.00 secs] 
2510.213: [GC (Allocation Failure) [PSYoungGen: 68416K->1408K(69120K)] 425729K->358721K(576512K), 0.0019783 secs] [Times: user=0.01 sys=0.00, real=0.00 secs] 
2510.694: [GC (Allocation Failure) [PSYoungGen: 68480K->1376K(69120K)] 425793K->358689K(576512K), 0.0018677 secs] [Times: user=0.00 sys=0.00, real=0.00 secs] 
2511.132: [GC (Allocation Failure) [PSYoungGen: 68448K->1344K(69120K)] 425761K->358657K(576512K), 0.0022141 secs] [Times: user=0.01 sys=0.00, real=0.00 secs] 
2511.988: [GC (Allocation Failure) [PSYoungGen: 68416K->1344K(68608K)] 425729K->358657K(576000K), 0.0024474 secs] [Times: user=0.01 sys=0.00, real=0.00 secs] 
2513.364: [GC (Allocation Failure) [PSYoungGen: 68416K->1440K(68096K)] 425729K->358753K(575488K), 0.0022257 secs] [Times: user=0.01 sys=0.00, real=0.00 secs] 
2515.049: [GC (Allocation Failure) [PSYoungGen: 68000K->1376K(68096K)] 425313K->358689K(575488K), 0.0037435 secs] [Times: user=0.01 sys=0.00, real=0.01 secs] 
2515.613: [GC (Allocation Failure) [PSYoungGen: 67936K->1344K(68096K)] 425249K->358657K(575488K), 0.0026007 secs] [Times: user=0.01 sys=0.00, real=0.00 secs] 
2515.993: [GC (Allocation Failure) [PSYoungGen: 67904K->1376K(68096K)] 425217K->358689K(575488K), 0.0020083 secs] [Times: user=0.00 sys=0.00, real=0.00 secs] 
2516.292: [GC (Allocation Failure) [PSYoungGen: 67936K->1376K(68096K)] 425249K->358689K(575488K), 0.0019327 secs] [Times: user=0.01 sys=0.00, real=0.00 secs] 
2517.974: [GC (Allocation Failure) [PSYoungGen: 67936K->1408K(68096K)] 425249K->358721K(575488K), 0.0022132 secs] [Times: user=0.01 sys=0.00, real=0.00 secs] 
2518.250: [GC (Allocation Failure) [PSYoungGen: 67968K->1344K(68096K)] 425281K->358665K(575488K), 0.0020489 secs] [Times: user=0.01 sys=0.00, real=0.01 secs] 
2518.527: [GC (Allocation Failure) [PSYoungGen: 67904K->1344K(68096K)] 425225K->358665K(575488K), 0.0019057 secs] [Times: user=0.01 sys=0.00, real=0.00 secs] 
2518.852: [GC (Allocation Failure) [PSYoungGen: 67904K->1344K(68096K)] 425225K->358665K(575488K), 0.0019376 secs] [Times: user=0.00 sys=0.00, real=0.00 secs] 
2519.884: [GC (Allocation Failure) [PSYoungGen: 67904K->1392K(68096K)] 425225K->359225K(575488K), 0.0021423 secs] [Times: user=0.01 sys=0.00, real=0.00 secs] 
2521.183: [GC (Allocation Failure) [PSYoungGen: 67952K->1360K(68096K)] 425785K->359193K(575488K), 0.0026962 secs] [Times: user=0.01 sys=0.00, real=0.00 secs] 
2521.733: [GC (Allocation Failure) [PSYoungGen: 67920K->1344K(68096K)] 425753K->359177K(575488K), 0.0024342 secs] [Times: user=0.01 sys=0.01, real=0.00 secs] 
2522.446: [GC (Allocation Failure) [PSYoungGen: 67904K->1376K(68096K)] 425737K->359209K(575488K), 0.0026283 secs] [Times: user=0.01 sys=0.00, real=0.00 secs] 
2523.281: [GC (Allocation Failure) [PSYoungGen: 67936K->1376K(68096K)] 425769K->359209K(575488K), 0.0024713 secs] [Times: user=0.01 sys=0.00, real=0.00 secs] 
2524.589: [GC (Allocation Failure) [PSYoungGen: 67936K->1408K(68096K)] 425769K->359241K(575488K), 0.0019357 secs] [Times: user=0.00 sys=0.00, real=0.01 secs] 
2525.705: [GC (Allocation Failure) [PSYoungGen: 67968K->1376K(68096K)] 425801K->359209K(575488K), 0.0021601 secs] [Times: user=0.01 sys=0.00, real=0.00 secs] 
2526.568: [GC (Allocation Failure) [PSYoungGen: 67936K->1376K(68096K)] 425769K->359209K(575488K), 0.0026159 secs] [Times: user=0.01 sys=0.00, real=0.00 secs] 
2527.528: [GC (Allocation Failure) [PSYoungGen: 67936K->1344K(68096K)] 425769K->359177K(575488K), 0.0029473 secs] [Times: user=0.01 sys=0.00, real=0.01 secs] 
2528.838: [GC (Allocation Failure) [PSYoungGen: 67904K->1392K(68096K)] 425737K->359737K(575488K), 0.0020007 secs] [Times: user=0.00 sys=0.00, real=0.00 secs] 
2529.798: [GC (Allocation Failure) [PSYoungGen: 67952K->1344K(68096K)] 426297K->359689K(575488K), 0.0024311 secs] [Times: user=0.01 sys=0.00, real=0.00 secs] 
2530.717: [GC (Allocation Failure) [PSYoungGen: 67904K->1344K(68096K)] 426249K->359705K(575488K), 0.0026072 secs] [Times: user=0.01 sys=0.00, real=0.00 secs] 
2531.706: [GC (Allocation Failure) [PSYoungGen: 67904K->1344K(68096K)] 426265K->359705K(575488K), 0.0027562 secs] [Times: user=0.01 sys=0.00, real=0.00 secs] 
2532.105: [GC (Allocation Failure) [PSYoungGen: 67904K->1344K(68096K)] 426265K->359705K(575488K), 0.0019883 secs] [Times: user=0.01 sys=0.00, real=0.00 secs] 
2532.841: [GC (Allocation Failure) [PSYoungGen: 67904K->1376K(68096K)] 426265K->359737K(575488K), 0.0015769 secs] [Times: user=0.01 sys=0.00, real=0.01 secs] 
2533.117: [GC (Allocation Failure) [PSYoungGen: 67936K->1344K(68096K)] 426297K->359705K(575488K), 0.0016412 secs] [Times: user=0.01 sys=0.00, real=0.00 secs] 
2533.394: [GC (Allocation Failure) [PSYoungGen: 67904K->1408K(68096K)] 426265K->359769K(575488K), 0.0017195 secs] [Times: user=0.01 sys=0.00, real=0.00 secs] 
2533.670: [GC (Allocation Failure) [PSYoungGen: 67968K->1376K(68096K)] 426329K->359737K(575488K), 0.0018656 secs] [Times: user=0.00 sys=0.00, real=0.01 secs] 
2535.095: [GC (Allocation Failure) [PSYoungGen: 67936K->1408K(68096K)] 426297K->359769K(575488K), 0.0036788 secs] [Times: user=0.01 sys=0.00, real=0.00 secs] 
2536.292: [GC (Allocation Failure) [PSYoungGen: 67968K->1344K(68096K)] 426329K->359705K(575488K), 0.0037618 secs] [Times: user=0.02 sys=0.00, real=0.00 secs] 
2537.013: [GC (Allocation Failure) [PSYoungGen: 67904K->1344K(68096K)] 426265K->359713K(575488K), 0.0028463 secs] [Times: user=0.02 sys=0.00, real=0.00 secs] 
2537.724: [GC (Allocation Failure) [PSYoungGen: 67904K->1328K(68096K)] 426273K->359697K(575488K), 0.0024000 secs] [Times: user=0.01 sys=0.00, real=0.00 secs] 
2538.177: [GC (Allocation Failure) [PSYoungGen: 67888K->1376K(68096K)] 426257K->359745K(575488K), 0.0027771 secs] [Times: user=0.01 sys=0.00, real=0.00 secs] 
2539.579: [GC (Allocation Failure) [PSYoungGen: 67936K->1376K(68096K)] 426305K->359745K(575488K), 0.0035749 secs] [Times: user=0.02 sys=0.00, real=0.01 secs] 
2540.456: [GC (Allocation Failure) [PSYoungGen: 67936K->1360K(68096K)] 426305K->359745K(575488K), 0.0035453 secs] [Times: user=0.02 sys=0.00, real=0.00 secs] 
2541.129: [GC (Allocation Failure) [PSYoungGen: 67920K->1312K(68096K)] 426305K->359705K(575488K), 0.0035484 secs] [Times: user=0.01 sys=0.00, real=0.01 secs] 
2541.851: [GC (Allocation Failure) [PSYoungGen: 67872K->1344K(68096K)] 426265K->359737K(575488K), 0.0037813 secs] [Times: user=0.02 sys=0.00, real=0.00 secs] 
2542.971: [GC (Allocation Failure) [PSYoungGen: 67904K->1376K(68096K)] 426297K->359769K(575488K), 0.0019155 secs] [Times: user=0.01 sys=0.00, real=0.01 secs] 
2543.574: [GC (Allocation Failure) [PSYoungGen: 67936K->1376K(68096K)] 426329K->359769K(575488K), 0.0020932 secs] [Times: user=0.00 sys=0.00, real=0.00 secs] 
2544.190: [GC (Allocation Failure) [PSYoungGen: 67936K->1376K(68096K)] 426329K->359769K(575488K), 0.0020852 secs] [Times: user=0.01 sys=0.00, real=0.01 secs] 
2544.750: [GC (Allocation Failure) [PSYoungGen: 67936K->1408K(68096K)] 426329K->359801K(575488K), 0.0021949 secs] [Times: user=0.00 sys=0.00, real=0.01 secs] 
2545.501: [GC (Allocation Failure) [PSYoungGen: 67968K->1376K(68096K)] 426361K->359769K(575488K), 0.0023804 secs] [Times: user=0.01 sys=0.00, real=0.01 secs] 
2546.520: [GC (Allocation Failure) [PSYoungGen: 67936K->1408K(68096K)] 426329K->359801K(575488K), 0.0021671 secs] [Times: user=0.01 sys=0.00, real=0.01 secs] 
2547.127: [GC (Allocation Failure) [PSYoungGen: 67968K->1376K(68096K)] 426361K->359769K(575488K), 0.0026184 secs] [Times: user=0.01 sys=0.00, real=0.00 secs] 
2547.518: [GC (Allocation Failure) [PSYoungGen: 67936K->1344K(68096K)] 426329K->359737K(575488K), 0.0020845 secs] [Times: user=0.01 sys=0.00, real=0.00 secs] 
2547.801: [GC (Allocation Failure) [PSYoungGen: 67904K->1344K(68096K)] 426297K->359737K(575488K), 0.0018885 secs] [Times: user=0.00 sys=0.00, real=0.00 secs] 
2549.025: [GC (Allocation Failure) [PSYoungGen: 67904K->1376K(68096K)] 426297K->359777K(575488K), 0.0028194 secs] [Times: user=0.01 sys=0.00, real=0.00 secs] 
2549.619: [GC (Allocation Failure) [PSYoungGen: 67936K->1344K(68096K)] 426337K->359745K(575488K), 0.0026861 secs] [Times: user=0.01 sys=0.00, real=0.01 secs] 
2550.206: [GC (Allocation Failure) [PSYoungGen: 67904K->1376K(68096K)] 426305K->359777K(575488K), 0.0026457 secs] [Times: user=0.01 sys=0.00, real=0.00 secs] 
2550.813: [GC (Allocation Failure) [PSYoungGen: 67936K->1408K(68096K)] 426337K->359809K(575488K), 0.0033723 secs] [Times: user=0.01 sys=0.00, real=0.00 secs] 
2551.382: [GC (Allocation Failure) [PSYoungGen: 67968K->1309K(68096K)] 426369K->359710K(575488K), 0.0026740 secs] [Times: user=0.01 sys=0.00, real=0.00 secs] 
2552.517: [GC (Allocation Failure) [PSYoungGen: 67869K->1408K(68096K)] 426270K->359809K(575488K), 0.0037968 secs] [Times: user=0.01 sys=0.00, real=0.01 secs] 
2553.428: [GC (Allocation Failure) [PSYoungGen: 67968K->1344K(68096K)] 426369K->359745K(575488K), 0.0034785 secs] [Times: user=0.01 sys=0.00, real=0.01 secs] 
2554.004: [GC (Allocation Failure) [PSYoungGen: 67904K->1344K(68096K)] 426305K->359745K(575488K), 0.0026761 secs] [Times: user=0.01 sys=0.00, real=0.00 secs] 
2554.472: [GC (Allocation Failure) [PSYoungGen: 67904K->1344K(68096K)] 426305K->359745K(575488K), 0.0020910 secs] [Times: user=0.01 sys=0.00, real=0.00 secs] 
2555.438: [GC (Allocation Failure) [PSYoungGen: 67904K->1408K(68096K)] 426305K->359809K(575488K), 0.0020633 secs] [Times: user=0.01 sys=0.00, real=0.00 secs] 
2556.149: [GC (Allocation Failure) [PSYoungGen: 67968K->1376K(68096K)] 426369K->359777K(575488K), 0.0022050 secs] [Times: user=0.00 sys=0.00, real=0.01 secs] 
2556.681: [GC (Allocation Failure) [PSYoungGen: 67936K->1408K(68096K)] 426337K->359809K(575488K), 0.0023909 secs] [Times: user=0.01 sys=0.00, real=0.00 secs] 
2557.095: [GC (Allocation Failure) [PSYoungGen: 67968K->1344K(68096K)] 426369K->359745K(575488K), 0.0021791 secs] [Times: user=0.00 sys=0.00, real=0.00 secs] 
2557.914: [GC (Allocation Failure) [PSYoungGen: 67904K->1357K(68096K)] 426305K->359758K(575488K), 0.0015482 secs] [Times: user=0.01 sys=0.00, real=0.00 secs] 
2558.815: [GC (Allocation Failure) [PSYoungGen: 67917K->1376K(68096K)] 426318K->359785K(575488K), 0.0020175 secs] [Times: user=0.01 sys=0.00, real=0.00 secs] 
2559.102: [GC (Allocation Failure) [PSYoungGen: 67936K->1344K(68096K)] 426345K->359753K(575488K), 0.0020604 secs] [Times: user=0.01 sys=0.00, real=0.00 secs] 
2559.380: [GC (Allocation Failure) [PSYoungGen: 67904K->1344K(68096K)] 426313K->359753K(575488K), 0.0020594 secs] [Times: user=0.01 sys=0.00, real=0.01 secs] 
2559.765: [GC (Allocation Failure) [PSYoungGen: 67904K->1344K(68096K)] 426313K->359753K(575488K), 0.0020758 secs] [Times: user=0.01 sys=0.00, real=0.00 secs] 
2560.667: [GC (Allocation Failure) [PSYoungGen: 67904K->1376K(68096K)] 426313K->359785K(575488K), 0.0018717 secs] [Times: user=0.01 sys=0.00, real=0.00 secs] 
2561.253: [GC (Allocation Failure) [PSYoungGen: 67936K->1376K(68096K)] 426345K->359785K(575488K), 0.0024712 secs] [Times: user=0.01 sys=0.00, real=0.00 secs] 
2561.763: [GC (Allocation Failure) [PSYoungGen: 67936K->1344K(68096K)] 426345K->359753K(575488K), 0.0024273 secs] [Times: user=0.01 sys=0.00, real=0.00 secs] 
2562.147: [GC (Allocation Failure) [PSYoungGen: 67904K->1376K(68096K)] 426313K->359785K(575488K), 0.0019825 secs] [Times: user=0.01 sys=0.00, real=0.00 secs] 
2562.852: [GC (Allocation Failure) [PSYoungGen: 67936K->1309K(68096K)] 426345K->359718K(575488K), 0.0014578 secs] [Times: user=0.00 sys=0.00, real=0.00 secs] 
2563.656: [GC (Allocation Failure) [PSYoungGen: 67869K->1344K(68096K)] 426278K->359753K(575488K), 0.0019154 secs] [Times: user=0.01 sys=0.00, real=0.00 secs] 
2564.332: [GC (Allocation Failure) [PSYoungGen: 67904K->1344K(68096K)] 426313K->359753K(575488K), 0.0024022 secs] [Times: user=0.01 sys=0.00, real=0.00 secs] 
2564.842: [GC (Allocation Failure) [PSYoungGen: 67904K->1408K(68096K)] 426313K->359817K(575488K), 0.0019293 secs] [Times: user=0.01 sys=0.00, real=0.00 secs] 
2565.117: [GC (Allocation Failure) [PSYoungGen: 67968K->1312K(68096K)] 426377K->359721K(575488K), 0.0018761 secs] [Times: user=0.01 sys=0.00, real=0.00 secs] 
2565.992: [GC (Allocation Failure) [PSYoungGen: 67872K->1376K(68096K)] 426281K->359785K(575488K), 0.0017390 secs] [Times: user=0.01 sys=0.00, real=0.00 secs] 
2566.632: [GC (Allocation Failure) [PSYoungGen: 67936K->1360K(68096K)] 426345K->359785K(575488K), 0.0042111 secs] [Times: user=0.02 sys=0.00, real=0.00 secs] 
2567.033: [GC (Allocation Failure) [PSYoungGen: 67920K->1344K(68096K)] 426345K->359769K(575488K), 0.0021088 secs] [Times: user=0.01 sys=0.00, real=0.00 secs] 
2567.393: [GC (Allocation Failure) [PSYoungGen: 67904K->1376K(68096K)] 426329K->359801K(575488K), 0.0022024 secs] [Times: user=0.01 sys=0.00, real=0.00 secs] 
2568.184: [GC (Allocation Failure) [PSYoungGen: 67936K->1309K(68096K)] 426361K->359742K(575488K), 0.0016274 secs] [Times: user=0.01 sys=0.00, real=0.00 secs] 
2569.279: [GC (Allocation Failure) [PSYoungGen: 67869K->1376K(68096K)] 426302K->359809K(575488K), 0.0020907 secs] [Times: user=0.01 sys=0.00, real=0.01 secs] 
2570.372: [GC (Allocation Failure) [PSYoungGen: 67936K->1376K(68096K)] 426369K->359809K(575488K), 0.0029053 secs] [Times: user=0.01 sys=0.00, real=0.00 secs] 
2571.329: [GC (Allocation Failure) [PSYoungGen: 67936K->1376K(68096K)] 426369K->359809K(575488K), 0.0027665 secs] [Times: user=0.01 sys=0.00, real=0.01 secs] 
2572.188: [GC (Allocation Failure) [PSYoungGen: 67936K->1376K(68096K)] 426369K->359809K(575488K), 0.0027872 secs] [Times: user=0.01 sys=0.00, real=0.00 secs] 
2573.430: [GC (Allocation Failure) [PSYoungGen: 67936K->1376K(68096K)] 426369K->359809K(575488K), 0.0018733 secs] [Times: user=0.01 sys=0.00, real=0.01 secs] 
2574.106: [GC (Allocation Failure) [PSYoungGen: 67936K->1344K(68096K)] 426369K->359777K(575488K), 0.0022896 secs] [Times: user=0.01 sys=0.00, real=0.00 secs] 
2574.391: [GC (Allocation Failure) [PSYoungGen: 67904K->1376K(68096K)] 426337K->359809K(575488K), 0.0018775 secs] [Times: user=0.01 sys=0.00, real=0.01 secs] 
2574.839: [GC (Allocation Failure) [PSYoungGen: 67936K->1376K(68096K)] 426369K->359809K(575488K), 0.0018436 secs] [Times: user=0.01 sys=0.00, real=0.01 secs] 
2575.713: [GC (Allocation Failure) [PSYoungGen: 67936K->1373K(68096K)] 426369K->359806K(575488K), 0.0016190 secs] [Times: user=0.01 sys=0.00, real=0.00 secs] 
2576.697: [GC (Allocation Failure) [PSYoungGen: 67933K->1376K(68096K)] 426366K->359809K(575488K), 0.0022248 secs] [Times: user=0.01 sys=0.00, real=0.00 secs] 
2577.306: [GC (Allocation Failure) [PSYoungGen: 67936K->1376K(68096K)] 426369K->359809K(575488K), 0.0019895 secs] [Times: user=0.01 sys=0.00, real=0.00 secs] 
2577.996: [GC (Allocation Failure) [PSYoungGen: 67936K->1408K(68096K)] 426369K->359849K(575488K), 0.0027408 secs] [Times: user=0.01 sys=0.00, real=0.00 secs] 
2578.746: [GC (Allocation Failure) [PSYoungGen: 67968K->1376K(68096K)] 426409K->359817K(575488K), 0.0027466 secs] [Times: user=0.01 sys=0.00, real=0.00 secs] 
2580.011: [GC (Allocation Failure) [PSYoungGen: 67936K->1440K(68096K)] 426377K->359881K(575488K), 0.0023740 secs] [Times: user=0.01 sys=0.00, real=0.00 secs] 
2580.830: [GC (Allocation Failure) [PSYoungGen: 68000K->1408K(68096K)] 426441K->359865K(575488K), 0.0031836 secs] [Times: user=0.01 sys=0.00, real=0.01 secs] 
2581.519: [GC (Allocation Failure) [PSYoungGen: 67968K->1376K(68096K)] 426425K->359833K(575488K), 0.0023392 secs] [Times: user=0.01 sys=0.00, real=0.01 secs] 
2582.088: [GC (Allocation Failure) [PSYoungGen: 67936K->1328K(68096K)] 426393K->359785K(575488K), 0.0024901 secs] [Times: user=0.01 sys=0.00, real=0.01 secs] 
2583.110: [GC (Allocation Failure) [PSYoungGen: 67888K->1421K(68096K)] 426345K->359878K(575488K), 0.0014937 secs] [Times: user=0.01 sys=0.00, real=0.01 secs] 
2584.372: [GC (Allocation Failure) [PSYoungGen: 67981K->1376K(68096K)] 426438K->359833K(575488K), 0.0027619 secs] [Times: user=0.01 sys=0.00, real=0.00 secs] 
2585.098: [GC (Allocation Failure) [PSYoungGen: 67936K->1360K(68096K)] 426393K->359817K(575488K), 0.0024540 secs] [Times: user=0.01 sys=0.00, real=0.00 secs] 
2585.743: [GC (Allocation Failure) [PSYoungGen: 67920K->1376K(68096K)] 426377K->359833K(575488K), 0.0036316 secs] [Times: user=0.01 sys=0.00, real=0.00 secs] 
2586.740: [GC (Allocation Failure) [PSYoungGen: 67936K->1408K(68096K)] 426393K->359865K(575488K), 0.0027412 secs] [Times: user=0.01 sys=0.00, real=0.01 secs] 
2587.772: [GC (Allocation Failure) [PSYoungGen: 67968K->1424K(68096K)] 426425K->359881K(575488K), 0.0016389 secs] [Times: user=0.01 sys=0.00, real=0.00 secs] 
2588.081: [GC (Allocation Failure) [PSYoungGen: 67984K->1408K(68096K)] 426441K->359865K(575488K), 0.0017797 secs] [Times: user=0.00 sys=0.00, real=0.00 secs] 
2588.429: [GC (Allocation Failure) [PSYoungGen: 67968K->1408K(68096K)] 426425K->359865K(575488K), 0.0017478 secs] [Times: user=0.00 sys=0.00, real=0.00 secs] 
2588.725: [GC (Allocation Failure) [PSYoungGen: 67968K->1424K(68096K)] 426425K->359881K(575488K), 0.0017379 secs] [Times: user=0.01 sys=0.00, real=0.00 secs] 
2589.582: [GC (Allocation Failure) [PSYoungGen: 67984K->1440K(68096K)] 426441K->359913K(575488K), 0.0017691 secs] [Times: user=0.00 sys=0.00, real=0.00 secs] 
2590.660: [GC (Allocation Failure) [PSYoungGen: 68000K->1344K(68096K)] 426473K->359817K(575488K), 0.0028032 secs] [Times: user=0.01 sys=0.00, real=0.01 secs] 
2591.656: [GC (Allocation Failure) [PSYoungGen: 67904K->1344K(68096K)] 426377K->359817K(575488K), 0.0039623 secs] [Times: user=0.02 sys=0.00, real=0.00 secs] 
2592.312: [GC (Allocation Failure) [PSYoungGen: 67904K->1376K(68096K)] 426377K->359849K(575488K), 0.0033962 secs] [Times: user=0.01 sys=0.00, real=0.00 secs] 
2592.970: [GC (Allocation Failure) [PSYoungGen: 67936K->1360K(68096K)] 426409K->359833K(575488K), 0.0028845 secs] [Times: user=0.01 sys=0.00, real=0.01 secs] 
2593.819: [GC (Allocation Failure) [PSYoungGen: 67920K->1408K(68096K)] 426393K->359881K(575488K), 0.0015010 secs] [Times: user=0.01 sys=0.00, real=0.00 secs] 
2594.161: [GC (Allocation Failure) [PSYoungGen: 67968K->1344K(68096K)] 426441K->359817K(575488K), 0.0016955 secs] [Times: user=0.00 sys=0.00, real=0.00 secs] 
2594.572: [GC (Allocation Failure) [PSYoungGen: 67904K->1344K(68096K)] 426377K->359825K(575488K), 0.0021839 secs] [Times: user=0.01 sys=0.00, real=0.00 secs] 
2595.025: [GC (Allocation Failure) [PSYoungGen: 67904K->1344K(68096K)] 426385K->359825K(575488K), 0.0022425 secs] [Times: user=0.01 sys=0.00, real=0.00 secs] 
2596.048: [GC (Allocation Failure) [PSYoungGen: 67904K->1408K(68096K)] 426385K->360145K(575488K), 0.0022688 secs] [Times: user=0.01 sys=0.00, real=0.00 secs] 
2596.510: [GC (Allocation Failure) [PSYoungGen: 67968K->1376K(68096K)] 426705K->360113K(575488K), 0.0023754 secs] [Times: user=0.01 sys=0.00, real=0.01 secs] 
2596.968: [GC (Allocation Failure) [PSYoungGen: 67936K->1344K(68096K)] 426673K->360089K(575488K), 0.0024943 secs] [Times: user=0.01 sys=0.00, real=0.00 secs] 
2597.530: [GC (Allocation Failure) [PSYoungGen: 67904K->1344K(68096K)] 426649K->360089K(575488K), 0.0027194 secs] [Times: user=0.02 sys=0.00, real=0.01 secs] 
2598.037: [GC (Allocation Failure) [PSYoungGen: 67904K->1376K(68096K)] 426649K->360121K(575488K), 0.0024545 secs] [Times: user=0.01 sys=0.00, real=0.00 secs] 
2599.064: [GC (Allocation Failure) [PSYoungGen: 67936K->1440K(68096K)] 426681K->360185K(575488K), 0.0018028 secs] [Times: user=0.00 sys=0.00, real=0.00 secs] 
2599.586: [GC (Allocation Failure) [PSYoungGen: 68000K->1360K(68096K)] 426745K->360105K(575488K), 0.0022063 secs] [Times: user=0.01 sys=0.00, real=0.00 secs] 
2600.221: [GC (Allocation Failure) [PSYoungGen: 67920K->1344K(68096K)] 426665K->360089K(575488K), 0.0034487 secs] [Times: user=0.01 sys=0.00, real=0.00 secs] 
2600.896: [GC (Allocation Failure) [PSYoungGen: 67904K->1328K(68096K)] 426649K->360073K(575488K), 0.0028576 secs] [Times: user=0.01 sys=0.00, real=0.00 secs] 
2602.081: [GC (Allocation Failure) [PSYoungGen: 67888K->1408K(68096K)] 426633K->360665K(575488K), 0.0020222 secs] [Times: user=0.01 sys=0.00, real=0.00 secs] 
2602.851: [GC (Allocation Failure) [PSYoungGen: 67968K->1344K(68096K)] 427225K->360601K(575488K), 0.0036702 secs] [Times: user=0.01 sys=0.00, real=0.00 secs] 
2603.662: [GC (Allocation Failure) [PSYoungGen: 67904K->1344K(68096K)] 427161K->360601K(575488K), 0.0033307 secs] [Times: user=0.02 sys=0.00, real=0.00 secs] 
2604.178: [GC (Allocation Failure) [PSYoungGen: 67904K->1344K(68096K)] 427161K->360601K(575488K), 0.0029179 secs] [Times: user=0.01 sys=0.00, real=0.00 secs] 
2604.949: [GC (Allocation Failure) [PSYoungGen: 67904K->1344K(68096K)] 427161K->360601K(575488K), 0.0025110 secs] [Times: user=0.01 sys=0.00, real=0.01 secs] 
2606.551: [GC (Allocation Failure) [PSYoungGen: 67904K->1408K(68096K)] 427161K->360665K(575488K), 0.0056565 secs] [Times: user=0.02 sys=0.00, real=0.00 secs] 
2606.818: [GC (Allocation Failure) [PSYoungGen: 67968K->1312K(68096K)] 427225K->360569K(575488K), 0.0021182 secs] [Times: user=0.00 sys=0.00, real=0.00 secs] 
2607.094: [GC (Allocation Failure) [PSYoungGen: 67872K->1376K(68096K)] 427129K->360633K(575488K), 0.0020662 secs] [Times: user=0.01 sys=0.00, real=0.00 secs] 
2607.593: [GC (Allocation Failure) [PSYoungGen: 67936K->1344K(68096K)] 427193K->360601K(575488K), 0.0021486 secs] [Times: user=0.01 sys=0.00, real=0.00 secs] 
2608.528: [GC (Allocation Failure) [PSYoungGen: 67904K->1440K(68096K)] 427161K->360697K(575488K), 0.0020322 secs] [Times: user=0.01 sys=0.00, real=0.00 secs] 
2608.813: [GC (Allocation Failure) [PSYoungGen: 68000K->1408K(68096K)] 427257K->360673K(575488K), 0.0019677 secs] [Times: user=0.01 sys=0.00, real=0.00 secs] 
2609.147: [GC (Allocation Failure) [PSYoungGen: 67968K->1360K(68096K)] 427233K->360625K(575488K), 0.0019597 secs] [Times: user=0.01 sys=0.00, real=0.00 secs] 
2609.483: [GC (Allocation Failure) [PSYoungGen: 67920K->1376K(68096K)] 427185K->360641K(575488K), 0.0019699 secs] [Times: user=0.00 sys=0.00, real=0.00 secs] 
2609.788: [GC (Allocation Failure) [PSYoungGen: 67936K->1344K(68096K)] 427201K->360609K(575488K), 0.0018589 secs] [Times: user=0.01 sys=0.00, real=0.00 secs] 
2610.948: [GC (Allocation Failure) [PSYoungGen: 67904K->1392K(68096K)] 427169K->360657K(575488K), 0.0022437 secs] [Times: user=0.01 sys=0.00, real=0.00 secs] 
2611.567: [GC (Allocation Failure) [PSYoungGen: 67952K->1344K(68096K)] 427217K->360609K(575488K), 0.0024038 secs] [Times: user=0.01 sys=0.00, real=0.00 secs] 
2612.554: [GC (Allocation Failure) [PSYoungGen: 67904K->1312K(68096K)] 427169K->360577K(575488K), 0.0024165 secs] [Times: user=0.01 sys=0.00, real=0.00 secs] 
2613.538: [GC (Allocation Failure) [PSYoungGen: 67872K->1408K(68096K)] 427137K->360673K(575488K), 0.0031061 secs] [Times: user=0.01 sys=0.00, real=0.01 secs] 
2615.054: [GC (Allocation Failure) [PSYoungGen: 67968K->1376K(68096K)] 427233K->360641K(575488K), 0.0028974 secs] [Times: user=0.01 sys=0.00, real=0.00 secs] 
2615.749: [GC (Allocation Failure) [PSYoungGen: 67936K->1392K(68096K)] 427201K->360657K(575488K), 0.0021932 secs] [Times: user=0.00 sys=0.00, real=0.00 secs] 
2616.070: [GC (Allocation Failure) [PSYoungGen: 67952K->1376K(68096K)] 427217K->360641K(575488K), 0.0018829 secs] [Times: user=0.01 sys=0.00, real=0.01 secs] 
2616.877: [GC (Allocation Failure) [PSYoungGen: 67936K->1344K(68096K)] 427201K->360609K(575488K), 0.0024171 secs] [Times: user=0.01 sys=0.00, real=0.00 secs] 
2617.406: [GC (Allocation Failure) [PSYoungGen: 67904K->1309K(68096K)] 427169K->360574K(575488K), 0.0019632 secs] [Times: user=0.01 sys=0.00, real=0.00 secs] 
2619.070: [GC (Allocation Failure) [PSYoungGen: 67869K->1376K(68096K)] 427134K->360641K(575488K), 0.0028569 secs] [Times: user=0.01 sys=0.00, real=0.01 secs] 
2619.701: [GC (Allocation Failure) [PSYoungGen: 67936K->1376K(68096K)] 427201K->360649K(575488K), 0.0027843 secs] [Times: user=0.01 sys=0.00, real=0.01 secs] 
2620.262: [GC (Allocation Failure) [PSYoungGen: 67936K->1344K(68096K)] 427209K->360617K(575488K), 0.0027766 secs] [Times: user=0.01 sys=0.00, real=0.00 secs] 
2620.733: [GC (Allocation Failure) [PSYoungGen: 67904K->1344K(68096K)] 427177K->360617K(575488K), 0.0028201 secs] [Times: user=0.01 sys=0.01, real=0.00 secs] 
2621.660: [GC (Allocation Failure) [PSYoungGen: 67904K->1376K(68096K)] 427177K->360649K(575488K), 0.0018531 secs] [Times: user=0.00 sys=0.00, real=0.01 secs] 
2621.937: [GC (Allocation Failure) [PSYoungGen: 67936K->1344K(68096K)] 427209K->360617K(575488K), 0.0017459 secs] [Times: user=0.01 sys=0.00, real=0.00 secs] 
2622.213: [GC (Allocation Failure) [PSYoungGen: 67904K->1344K(68096K)] 427177K->360617K(575488K), 0.0017658 secs] [Times: user=0.01 sys=0.00, real=0.00 secs] 
2622.490: [GC (Allocation Failure) [PSYoungGen: 67904K->1344K(68096K)] 427177K->360617K(575488K), 0.0018258 secs] [Times: user=0.01 sys=0.00, real=0.01 secs] 
2622.920: [GC (Allocation Failure) [PSYoungGen: 67904K->1309K(68096K)] 427177K->360582K(575488K), 0.0016087 secs] [Times: user=0.00 sys=0.00, real=0.01 secs] 
2623.553: [GC (Allocation Failure) [PSYoungGen: 67869K->1408K(68096K)] 427142K->360681K(575488K), 0.0018097 secs] [Times: user=0.00 sys=0.00, real=0.00 secs] 
2623.830: [GC (Allocation Failure) [PSYoungGen: 67968K->1376K(68096K)] 427241K->360649K(575488K), 0.0017936 secs] [Times: user=0.01 sys=0.00, real=0.01 secs] 
2624.106: [GC (Allocation Failure) [PSYoungGen: 67936K->1344K(68096K)] 427209K->360617K(575488K), 0.0017971 secs] [Times: user=0.01 sys=0.00, real=0.00 secs] 
2624.383: [GC (Allocation Failure) [PSYoungGen: 67904K->1408K(68096K)] 427177K->360681K(575488K), 0.0018673 secs] [Times: user=0.01 sys=0.00, real=0.00 secs] 
2625.658: [GC (Allocation Failure) [PSYoungGen: 67968K->1408K(68096K)] 427241K->360681K(575488K), 0.0032248 secs] [Times: user=0.01 sys=0.01, real=0.01 secs] 
2626.259: [GC (Allocation Failure) [PSYoungGen: 67968K->1376K(68096K)] 427241K->360649K(575488K), 0.0027433 secs] [Times: user=0.01 sys=0.00, real=0.01 secs] 
2626.845: [GC (Allocation Failure) [PSYoungGen: 67936K->1344K(68096K)] 427209K->360633K(575488K), 0.0035280 secs] [Times: user=0.02 sys=0.00, real=0.00 secs] 
2627.232: [GC (Allocation Failure) [PSYoungGen: 67904K->1376K(68096K)] 427193K->360665K(575488K), 0.0020101 secs] [Times: user=0.01 sys=0.00, real=0.00 secs] 
2627.778: [GC (Allocation Failure) [PSYoungGen: 67936K->1373K(68096K)] 427225K->360662K(575488K), 0.0015664 secs] [Times: user=0.00 sys=0.00, real=0.00 secs] 
2631.432: [GC (Allocation Failure) [PSYoungGen: 67933K->1344K(68096K)] 427222K->360633K(575488K), 0.0037254 secs] [Times: user=0.01 sys=0.00, real=0.00 secs] 
2631.837: [GC (Allocation Failure) [PSYoungGen: 67904K->1376K(68096K)] 427193K->360665K(575488K), 0.0022156 secs] [Times: user=0.01 sys=0.00, real=0.00 secs] 
2632.303: [GC (Allocation Failure) [PSYoungGen: 67936K->1360K(68096K)] 427225K->360649K(575488K), 0.0026604 secs] [Times: user=0.01 sys=0.00, real=0.00 secs] 
2633.052: [GC (Allocation Failure) [PSYoungGen: 67920K->1360K(68096K)] 427209K->360649K(575488K), 0.0039558 secs] [Times: user=0.01 sys=0.00, real=0.00 secs] 
2634.062: [GC (Allocation Failure) [PSYoungGen: 67920K->1408K(68096K)] 427209K->360697K(575488K), 0.0018337 secs] [Times: user=0.00 sys=0.00, real=0.00 secs] 
2634.339: [GC (Allocation Failure) [PSYoungGen: 67968K->1344K(68096K)] 427257K->360633K(575488K), 0.0017980 secs] [Times: user=0.01 sys=0.00, real=0.01 secs] 
2634.616: [GC (Allocation Failure) [PSYoungGen: 67904K->1344K(68096K)] 427193K->360633K(575488K), 0.0018596 secs] [Times: user=0.00 sys=0.00, real=0.00 secs] 
2634.927: [GC (Allocation Failure) [PSYoungGen: 67904K->1344K(68096K)] 427193K->360633K(575488K), 0.0022187 secs] [Times: user=0.01 sys=0.00, real=0.00 secs] 
2635.617: [GC (Allocation Failure) [PSYoungGen: 67904K->1357K(68096K)] 427193K->360646K(575488K), 0.0014825 secs] [Times: user=0.00 sys=0.00, real=0.00 secs] 
2636.224: [GC (Allocation Failure) [PSYoungGen: 67917K->1376K(68096K)] 427206K->360665K(575488K), 0.0018979 secs] [Times: user=0.01 sys=0.00, real=0.00 secs] 
2636.680: [GC (Allocation Failure) [PSYoungGen: 67936K->1376K(68096K)] 427225K->360665K(575488K), 0.0019777 secs] [Times: user=0.01 sys=0.00, real=0.01 secs] 
2637.220: [GC (Allocation Failure) [PSYoungGen: 67936K->1312K(68096K)] 427225K->360601K(575488K), 0.0028643 secs] [Times: user=0.01 sys=0.00, real=0.01 secs] 
2637.732: [GC (Allocation Failure) [PSYoungGen: 67872K->1376K(68096K)] 427161K->360665K(575488K), 0.0027719 secs] [Times: user=0.01 sys=0.00, real=0.00 secs] 
2638.933: [GC (Allocation Failure) [PSYoungGen: 67936K->1408K(68096K)] 427225K->360697K(575488K), 0.0016717 secs] [Times: user=0.01 sys=0.00, real=0.00 secs] 
2639.675: [GC (Allocation Failure) [PSYoungGen: 67968K->1344K(68096K)] 427257K->360641K(575488K), 0.0019104 secs] [Times: user=0.01 sys=0.00, real=0.00 secs] 
2640.466: [GC (Allocation Failure) [PSYoungGen: 67904K->1344K(68096K)] 427201K->360641K(575488K), 0.0046071 secs] [Times: user=0.01 sys=0.00, real=0.00 secs] 
2641.016: [GC (Allocation Failure) [PSYoungGen: 67904K->1408K(68096K)] 427201K->360705K(575488K), 0.0028199 secs] [Times: user=0.01 sys=0.00, real=0.00 secs] 
2642.302: [GC (Allocation Failure) [PSYoungGen: 67968K->1360K(68096K)] 427265K->360657K(575488K), 0.0015286 secs] [Times: user=0.00 sys=0.00, real=0.00 secs] 
2642.986: [GC (Allocation Failure) [PSYoungGen: 67920K->1424K(68096K)] 427217K->360721K(575488K), 0.0019289 secs] [Times: user=0.01 sys=0.00, real=0.00 secs] 
2643.553: [GC (Allocation Failure) [PSYoungGen: 67984K->1312K(68096K)] 427281K->360609K(575488K), 0.0020612 secs] [Times: user=0.01 sys=0.00, real=0.00 secs] 
2643.851: [GC (Allocation Failure) [PSYoungGen: 67872K->1408K(68096K)] 427169K->360705K(575488K), 0.0020568 secs] [Times: user=0.01 sys=0.00, real=0.01 secs] 
2644.129: [GC (Allocation Failure) [PSYoungGen: 67968K->1328K(68096K)] 427265K->360625K(575488K), 0.0020873 secs] [Times: user=0.01 sys=0.00, real=0.00 secs] 
2645.208: [GC (Allocation Failure) [PSYoungGen: 67888K->1344K(68096K)] 427185K->360641K(575488K), 0.0019655 secs] [Times: user=0.01 sys=0.00, real=0.00 secs] 
2645.603: [GC (Allocation Failure) [PSYoungGen: 67904K->1376K(68096K)] 427201K->360673K(575488K), 0.0019890 secs] [Times: user=0.00 sys=0.00, real=0.00 secs] 
2645.965: [GC (Allocation Failure) [PSYoungGen: 67936K->1408K(68096K)] 427233K->360705K(575488K), 0.0019725 secs] [Times: user=0.01 sys=0.00, real=0.00 secs] 
2646.521: [GC (Allocation Failure) [PSYoungGen: 67968K->1376K(68096K)] 427265K->360673K(575488K), 0.0020681 secs] [Times: user=0.01 sys=0.00, real=0.01 secs] 
2647.444: [GC (Allocation Failure) [PSYoungGen: 67689K->224K(67584K)] 426987K->359521K(574976K), 0.0014907 secs] [Times: user=0.00 sys=0.00, real=0.00 secs] 
2648.055: [GC (Allocation Failure) [PSYoungGen: 66272K->1376K(68096K)] 425569K->360689K(575488K), 0.0018659 secs] [Times: user=0.00 sys=0.00, real=0.00 secs] 
2648.426: [GC (Allocation Failure) [PSYoungGen: 67424K->1408K(68096K)] 426737K->360721K(575488K), 0.0020818 secs] [Times: user=0.01 sys=0.00, real=0.00 secs] 
2648.953: [GC (Allocation Failure) [PSYoungGen: 67456K->1344K(68096K)] 426769K->360657K(575488K), 0.0022139 secs] [Times: user=0.01 sys=0.00, real=0.00 secs] 
2649.686: [GC (Allocation Failure) [PSYoungGen: 67392K->1360K(68096K)] 426705K->360673K(575488K), 0.0022696 secs] [Times: user=0.01 sys=0.00, real=0.00 secs] 
2651.225: [GC (Allocation Failure) [PSYoungGen: 67408K->1344K(68096K)] 426721K->360657K(575488K), 0.0033508 secs] [Times: user=0.02 sys=0.00, real=0.00 secs] 
2652.305: [GC (Allocation Failure) [PSYoungGen: 67392K->1376K(68096K)] 426705K->360689K(575488K), 0.0030714 secs] [Times: user=0.00 sys=0.00, real=0.00 secs] 
2653.011: [GC (Allocation Failure) [PSYoungGen: 67424K->1344K(68096K)] 426737K->360657K(575488K), 0.0028351 secs] [Times: user=0.01 sys=0.00, real=0.00 secs] 
2653.673: [GC (Allocation Failure) [PSYoungGen: 67392K->1376K(68096K)] 426705K->360689K(575488K), 0.0025351 secs] [Times: user=0.01 sys=0.00, real=0.00 secs] 
2654.648: [GC (Allocation Failure) [PSYoungGen: 67424K->1309K(68096K)] 426737K->360622K(575488K), 0.0015031 secs] [Times: user=0.01 sys=0.00, real=0.00 secs] 
2654.992: [GC (Allocation Failure) [PSYoungGen: 67357K->1408K(68096K)] 426670K->360721K(575488K), 0.0016849 secs] [Times: user=0.00 sys=0.00, real=0.00 secs] 
2655.267: [GC (Allocation Failure) [PSYoungGen: 67456K->1344K(68096K)] 426769K->360657K(575488K), 0.0016888 secs] [Times: user=0.01 sys=0.00, real=0.00 secs] 
2655.550: [GC (Allocation Failure) [PSYoungGen: 67392K->1344K(68096K)] 426705K->360657K(575488K), 0.0017392 secs] [Times: user=0.00 sys=0.00, real=0.01 secs] 
2655.824: [GC (Allocation Failure) [PSYoungGen: 67392K->1360K(67584K)] 426705K->360673K(574976K), 0.0017872 secs] [Times: user=0.01 sys=0.00, real=0.00 secs] 
2657.235: [GC (Allocation Failure) [PSYoungGen: 67408K->1376K(67584K)] 426721K->360689K(574976K), 0.0028163 secs] [Times: user=0.01 sys=0.00, real=0.00 secs] 
2658.064: [GC (Allocation Failure) [PSYoungGen: 67424K->1344K(67584K)] 426737K->360657K(574976K), 0.0034042 secs] [Times: user=0.01 sys=0.00, real=0.00 secs] 
2658.933: [GC (Allocation Failure) [PSYoungGen: 67392K->1344K(67584K)] 426705K->360673K(574976K), 0.0028066 secs] [Times: user=0.01 sys=0.00, real=0.00 secs] 
2659.518: [GC (Allocation Failure) [PSYoungGen: 67392K->1344K(67584K)] 426721K->360673K(574976K), 0.0028941 secs] [Times: user=0.01 sys=0.00, real=0.00 secs] 
2660.558: [GC (Allocation Failure) [PSYoungGen: 67392K->1360K(67584K)] 426721K->360689K(574976K), 0.0014687 secs] [Times: user=0.01 sys=0.00, real=0.00 secs] 
2661.232: [GC (Allocation Failure) [PSYoungGen: 67408K->1376K(67584K)] 426737K->360705K(574976K), 0.0020480 secs] [Times: user=0.01 sys=0.00, real=0.00 secs] 
2661.764: [GC (Allocation Failure) [PSYoungGen: 67424K->1376K(67584K)] 426753K->360713K(574976K), 0.0019381 secs] [Times: user=0.01 sys=0.00, real=0.00 secs] 
2662.290: [GC (Allocation Failure) [PSYoungGen: 67424K->1344K(67584K)] 426761K->360681K(574976K), 0.0021204 secs] [Times: user=0.01 sys=0.00, real=0.01 secs] 
2662.784: [GC (Allocation Failure) [PSYoungGen: 67392K->1344K(67584K)] 426729K->360681K(574976K), 0.0019864 secs] [Times: user=0.01 sys=0.00, real=0.00 secs] 
2663.654: [GC (Allocation Failure) [PSYoungGen: 67392K->1376K(67584K)] 426729K->360713K(574976K), 0.0016604 secs] [Times: user=0.01 sys=0.00, real=0.00 secs] 
2664.241: [GC (Allocation Failure) [PSYoungGen: 67424K->1344K(67584K)] 426761K->360681K(574976K), 0.0018517 secs] [Times: user=0.01 sys=0.00, real=0.00 secs] 
2664.990: [GC (Allocation Failure) [PSYoungGen: 67392K->1344K(67584K)] 426729K->360681K(574976K), 0.0020878 secs] [Times: user=0.00 sys=0.00, real=0.01 secs] 
2665.795: [GC (Allocation Failure) [PSYoungGen: 67392K->1312K(67584K)] 426729K->360649K(574976K), 0.0020646 secs] [Times: user=0.01 sys=0.00, real=0.00 secs] 
2666.956: [GC (Allocation Failure) [PSYoungGen: 67360K->1373K(67584K)] 426697K->360710K(574976K), 0.0015208 secs] [Times: user=0.01 sys=0.00, real=0.00 secs] 
2668.054: [GC (Allocation Failure) [PSYoungGen: 67421K->1392K(67584K)] 426758K->360729K(574976K), 0.0036583 secs] [Times: user=0.01 sys=0.00, real=0.00 secs] 
2668.735: [GC (Allocation Failure) [PSYoungGen: 67440K->1344K(67584K)] 426777K->360681K(574976K), 0.0025382 secs] [Times: user=0.01 sys=0.00, real=0.00 secs] 
2669.222: [GC (Allocation Failure) [PSYoungGen: 67392K->1328K(67584K)] 426729K->360673K(574976K), 0.0020895 secs] [Times: user=0.01 sys=0.00, real=0.00 secs] 
2669.812: [GC (Allocation Failure) [PSYoungGen: 67376K->1344K(67584K)] 426721K->360689K(574976K), 0.0020756 secs] [Times: user=0.01 sys=0.00, real=0.00 secs] 
2671.504: [GC (Allocation Failure) [PSYoungGen: 67392K->1360K(67584K)] 426737K->360705K(574976K), 0.0024165 secs] [Times: user=0.01 sys=0.00, real=0.00 secs] 
2672.356: [GC (Allocation Failure) [PSYoungGen: 67408K->1312K(67584K)] 426753K->360657K(574976K), 0.0027633 secs] [Times: user=0.01 sys=0.00, real=0.00 secs] 
2672.877: [GC (Allocation Failure) [PSYoungGen: 67360K->1312K(67584K)] 426705K->360657K(574976K), 0.0025833 secs] [Times: user=0.01 sys=0.00, real=0.00 secs] 
2673.392: [GC (Allocation Failure) [PSYoungGen: 67360K->1344K(67584K)] 426705K->360689K(574976K), 0.0020513 secs] [Times: user=0.01 sys=0.00, real=0.00 secs] 
2674.124: [GC (Allocation Failure) [PSYoungGen: 67392K->1341K(67584K)] 426737K->360686K(574976K), 0.0015841 secs] [Times: user=0.01 sys=0.01, real=0.00 secs] 
2674.630: [GC (Allocation Failure) [PSYoungGen: 67389K->1408K(67584K)] 426734K->360753K(574976K), 0.0017934 secs] [Times: user=0.01 sys=0.00, real=0.01 secs] 
2674.904: [GC (Allocation Failure) [PSYoungGen: 67456K->1344K(67584K)] 426801K->360689K(574976K), 0.0016819 secs] [Times: user=0.01 sys=0.00, real=0.00 secs] 
2675.178: [GC (Allocation Failure) [PSYoungGen: 67392K->1344K(67584K)] 426737K->360689K(574976K), 0.0016923 secs] [Times: user=0.00 sys=0.00, real=0.00 secs] 
2675.452: [GC (Allocation Failure) [PSYoungGen: 67392K->1376K(67584K)] 426737K->360721K(574976K), 0.0039270 secs] [Times: user=0.01 sys=0.00, real=0.00 secs] 
2676.191: [GC (Allocation Failure) [PSYoungGen: 67424K->1408K(67584K)] 426769K->360753K(574976K), 0.0017335 secs] [Times: user=0.01 sys=0.00, real=0.00 secs] 
2676.527: [GC (Allocation Failure) [PSYoungGen: 67456K->1376K(67584K)] 426801K->360721K(574976K), 0.0019321 secs] [Times: user=0.01 sys=0.00, real=0.00 secs] 
2676.801: [GC (Allocation Failure) [PSYoungGen: 67424K->1312K(67584K)] 426769K->360665K(574976K), 0.0019138 secs] [Times: user=0.01 sys=0.00, real=0.00 secs] 
2677.076: [GC (Allocation Failure) [PSYoungGen: 67360K->1344K(67584K)] 426713K->360697K(574976K), 0.0019196 secs] [Times: user=0.01 sys=0.00, real=0.00 secs] 
2677.774: [GC (Allocation Failure) [PSYoungGen: 67392K->1373K(67584K)] 426745K->360726K(574976K), 0.0015270 secs] [Times: user=0.01 sys=0.00, real=0.00 secs] 
2678.763: [GC (Allocation Failure) [PSYoungGen: 67421K->1392K(67584K)] 426774K->360745K(574976K), 0.0021332 secs] [Times: user=0.01 sys=0.00, real=0.00 secs] 
2679.381: [GC (Allocation Failure) [PSYoungGen: 67440K->1376K(67584K)] 426793K->360729K(574976K), 0.0039068 secs] [Times: user=0.01 sys=0.00, real=0.00 secs] 
2679.989: [GC (Allocation Failure) [PSYoungGen: 67424K->1376K(67584K)] 426777K->360729K(574976K), 0.0023584 secs] [Times: user=0.01 sys=0.00, real=0.01 secs] 
2680.673: [GC (Allocation Failure) [PSYoungGen: 67424K->1376K(67584K)] 426777K->360729K(574976K), 0.0028426 secs] [Times: user=0.01 sys=0.00, real=0.00 secs] 
2681.746: [GC (Allocation Failure) [PSYoungGen: 67424K->1408K(67584K)] 426777K->360761K(574976K), 0.0016862 secs] [Times: user=0.01 sys=0.00, real=0.00 secs] 
2682.265: [GC (Allocation Failure) [PSYoungGen: 67456K->1376K(67584K)] 426809K->360729K(574976K), 0.0015657 secs] [Times: user=0.00 sys=0.00, real=0.00 secs] 
2682.544: [GC (Allocation Failure) [PSYoungGen: 67424K->1344K(67584K)] 426777K->360697K(574976K), 0.0022699 secs] [Times: user=0.01 sys=0.00, real=0.00 secs] 
2682.903: [GC (Allocation Failure) [PSYoungGen: 67392K->1344K(67584K)] 426745K->360697K(574976K), 0.0021237 secs] [Times: user=0.01 sys=0.00, real=0.00 secs] 
2683.721: [GC (Allocation Failure) [PSYoungGen: 67392K->1341K(67584K)] 426745K->360694K(574976K), 0.0015084 secs] [Times: user=0.01 sys=0.00, real=0.00 secs] 
2684.553: [GC (Allocation Failure) [PSYoungGen: 67389K->1376K(67584K)] 426742K->360729K(574976K), 0.0028197 secs] [Times: user=0.01 sys=0.00, real=0.00 secs] 
2685.071: [GC (Allocation Failure) [PSYoungGen: 67424K->1344K(67584K)] 426777K->360697K(574976K), 0.0024366 secs] [Times: user=0.01 sys=0.00, real=0.00 secs] 
2685.513: [GC (Allocation Failure) [PSYoungGen: 67392K->1376K(67584K)] 426745K->360729K(574976K), 0.0020714 secs] [Times: user=0.01 sys=0.00, real=0.00 secs] 
2685.793: [GC (Allocation Failure) [PSYoungGen: 67424K->1344K(67584K)] 426777K->360697K(574976K), 0.0020147 secs] [Times: user=0.01 sys=0.00, real=0.00 secs] 
2686.525: [GC (Allocation Failure) [PSYoungGen: 67392K->1392K(67584K)] 426745K->360745K(574976K), 0.0018523 secs] [Times: user=0.00 sys=0.00, real=0.00 secs] 
2686.973: [GC (Allocation Failure) [PSYoungGen: 67440K->1376K(67584K)] 426793K->360745K(574976K), 0.0017952 secs] [Times: user=0.01 sys=0.00, real=0.00 secs] 
2687.560: [GC (Allocation Failure) [PSYoungGen: 67424K->1344K(67584K)] 426793K->360713K(574976K), 0.0038795 secs] [Times: user=0.02 sys=0.00, real=0.01 secs] 
2688.104: [GC (Allocation Failure) [PSYoungGen: 67392K->1296K(67584K)] 426761K->360665K(574976K), 0.0027103 secs] [Times: user=0.01 sys=0.00, real=0.00 secs] 
2688.878: [GC (Allocation Failure) [PSYoungGen: 67344K->1357K(67584K)] 426713K->360726K(574976K), 0.0016467 secs] [Times: user=0.00 sys=0.00, real=0.00 secs] 
2689.457: [GC (Allocation Failure) [PSYoungGen: 67405K->1408K(67584K)] 426774K->360777K(574976K), 0.0017461 secs] [Times: user=0.01 sys=0.00, real=0.00 secs] 
2689.899: [GC (Allocation Failure) [PSYoungGen: 67456K->1344K(67584K)] 426825K->360713K(574976K), 0.0017560 secs] [Times: user=0.01 sys=0.00, real=0.00 secs] 
2690.454: [GC (Allocation Failure) [PSYoungGen: 67392K->1376K(67584K)] 426761K->360745K(574976K), 0.0020726 secs] [Times: user=0.00 sys=0.01, real=0.00 secs] 
2691.041: [GC (Allocation Failure) [PSYoungGen: 67424K->1344K(67584K)] 426793K->360713K(574976K), 0.0027384 secs] [Times: user=0.01 sys=0.00, real=0.00 secs] 
2692.069: [GC (Allocation Failure) [PSYoungGen: 67392K->1408K(67584K)] 426761K->360777K(574976K), 0.0019005 secs] [Times: user=0.01 sys=0.00, real=0.01 secs] 
2693.144: [GC (Allocation Failure) [PSYoungGen: 67456K->1312K(67584K)] 426825K->360681K(574976K), 0.0038997 secs] [Times: user=0.01 sys=0.01, real=0.00 secs] 
2694.252: [GC (Allocation Failure) [PSYoungGen: 67360K->1344K(67584K)] 426729K->360713K(574976K), 0.0041030 secs] [Times: user=0.01 sys=0.00, real=0.00 secs] 
2695.171: [GC (Allocation Failure) [PSYoungGen: 67392K->1344K(67584K)] 426761K->360713K(574976K), 0.0027741 secs] [Times: user=0.01 sys=0.00, real=0.01 secs] 
2696.062: [GC (Allocation Failure) [PSYoungGen: 67392K->1373K(67584K)] 426761K->360742K(574976K), 0.0019675 secs] [Times: user=0.00 sys=0.00, real=0.00 secs] 
2696.683: [GC (Allocation Failure) [PSYoungGen: 67421K->1392K(67584K)] 426790K->360761K(574976K), 0.0014484 secs] [Times: user=0.01 sys=0.00, real=0.00 secs] 
2696.957: [GC (Allocation Failure) [PSYoungGen: 67440K->1376K(67584K)] 426809K->360745K(574976K), 0.0014561 secs] [Times: user=0.01 sys=0.00, real=0.00 secs] 
2697.230: [GC (Allocation Failure) [PSYoungGen: 67424K->1344K(67584K)] 426793K->360713K(574976K), 0.0016068 secs] [Times: user=0.01 sys=0.00, real=0.01 secs] 
2697.504: [GC (Allocation Failure) [PSYoungGen: 67392K->1344K(67584K)] 426761K->360713K(574976K), 0.0019513 secs] [Times: user=0.01 sys=0.00, real=0.00 secs] 
2698.278: [GC (Allocation Failure) [PSYoungGen: 67392K->1408K(67584K)] 426761K->360785K(574976K), 0.0018861 secs] [Times: user=0.00 sys=0.00, real=0.00 secs] 
2698.555: [GC (Allocation Failure) [PSYoungGen: 67456K->1376K(67584K)] 426833K->360753K(574976K), 0.0020704 secs] [Times: user=0.01 sys=0.00, real=0.00 secs] 
2698.827: [GC (Allocation Failure) [PSYoungGen: 67424K->1408K(67584K)] 426801K->360785K(574976K), 0.0019531 secs] [Times: user=0.01 sys=0.00, real=0.00 secs] 
2699.102: [GC (Allocation Failure) [PSYoungGen: 67456K->1408K(67584K)] 426833K->360785K(574976K), 0.0020204 secs] [Times: user=0.01 sys=0.00, real=0.00 secs] 
2699.577: [GC (Allocation Failure) [PSYoungGen: 67456K->1357K(67584K)] 426833K->360734K(574976K), 0.0015344 secs] [Times: user=0.01 sys=0.00, real=0.00 secs] 
2700.257: [GC (Allocation Failure) [PSYoungGen: 67405K->1344K(67584K)] 426782K->360721K(574976K), 0.0017966 secs] [Times: user=0.00 sys=0.00, real=0.00 secs] 
2700.577: [GC (Allocation Failure) [PSYoungGen: 67392K->1376K(67584K)] 426769K->360753K(574976K), 0.0017015 secs] [Times: user=0.00 sys=0.00, real=0.00 secs] 
2700.851: [GC (Allocation Failure) [PSYoungGen: 67424K->1408K(67584K)] 426801K->360785K(574976K), 0.0017784 secs] [Times: user=0.01 sys=0.00, real=0.00 secs] 
2701.694: [GC (Allocation Failure) [PSYoungGen: 67456K->1408K(67584K)] 426833K->360785K(574976K), 0.0021201 secs] [Times: user=0.01 sys=0.00, real=0.00 secs] 
2702.740: [GC (Allocation Failure) [PSYoungGen: 67456K->1360K(67584K)] 426833K->360737K(574976K), 0.0018285 secs] [Times: user=0.01 sys=0.00, real=0.01 secs] 
2703.600: [GC (Allocation Failure) [PSYoungGen: 67408K->1344K(67584K)] 426785K->360721K(574976K), 0.0025267 secs] [Times: user=0.01 sys=0.00, real=0.01 secs] 
2704.315: [GC (Allocation Failure) [PSYoungGen: 67392K->1376K(67584K)] 426769K->360761K(574976K), 0.0048525 secs] [Times: user=0.02 sys=0.00, real=0.00 secs] 
2704.843: [GC (Allocation Failure) [PSYoungGen: 67424K->1376K(67584K)] 426809K->360761K(574976K), 0.0024026 secs] [Times: user=0.01 sys=0.00, real=0.00 secs] 
2705.373: [GC (Allocation Failure) [PSYoungGen: 67424K->1341K(67584K)] 426809K->360726K(574976K), 0.0020769 secs] [Times: user=0.01 sys=0.00, real=0.00 secs] 
2706.432: [GC (Allocation Failure) [PSYoungGen: 67389K->1376K(67584K)] 426774K->360761K(574976K), 0.0017790 secs] [Times: user=0.01 sys=0.00, real=0.00 secs] 
2707.353: [GC (Allocation Failure) [PSYoungGen: 67424K->1344K(67584K)] 426809K->360745K(574976K), 0.0042101 secs] [Times: user=0.01 sys=0.00, real=0.00 secs] 
2708.000: [GC (Allocation Failure) [PSYoungGen: 67392K->1376K(67584K)] 426793K->360777K(574976K), 0.0031887 secs] [Times: user=0.01 sys=0.00, real=0.01 secs] 
2708.482: [GC (Allocation Failure) [PSYoungGen: 67424K->1408K(67584K)] 426825K->360809K(574976K), 0.0023328 secs] [Times: user=0.01 sys=0.00, real=0.00 secs] 
2709.395: [GC (Allocation Failure) [PSYoungGen: 67456K->1376K(67584K)] 426857K->360777K(574976K), 0.0018631 secs] [Times: user=0.00 sys=0.00, real=0.00 secs] 
2710.043: [GC (Allocation Failure) [PSYoungGen: 67424K->1344K(67584K)] 426825K->360745K(574976K), 0.0024248 secs] [Times: user=0.01 sys=0.00, real=0.00 secs] 
2710.466: [GC (Allocation Failure) [PSYoungGen: 67392K->1344K(67584K)] 426793K->360745K(574976K), 0.0020110 secs] [Times: user=0.01 sys=0.00, real=0.00 secs] 
2710.800: [GC (Allocation Failure) [PSYoungGen: 67392K->1376K(67584K)] 426793K->360777K(574976K), 0.0019964 secs] [Times: user=0.01 sys=0.00, real=0.01 secs] 
2711.103: [GC (Allocation Failure) [PSYoungGen: 67416K->256K(67584K)] 426818K->359657K(574976K), 0.0018015 secs] [Times: user=0.01 sys=0.00, real=0.00 secs] 
2712.029: [GC (Allocation Failure) [PSYoungGen: 66304K->1376K(68096K)] 425705K->360777K(575488K), 0.0020374 secs] [Times: user=0.00 sys=0.00, real=0.00 secs] 
2712.607: [GC (Allocation Failure) [PSYoungGen: 67424K->1344K(68096K)] 426825K->360745K(575488K), 0.0025138 secs] [Times: user=0.01 sys=0.00, real=0.00 secs] 
2713.218: [GC (Allocation Failure) [PSYoungGen: 67392K->1344K(68096K)] 426793K->360745K(575488K), 0.0022338 secs] [Times: user=0.01 sys=0.00, real=0.00 secs] 
2713.891: [GC (Allocation Failure) [PSYoungGen: 67392K->1376K(68096K)] 426793K->360777K(575488K), 0.0023717 secs] [Times: user=0.01 sys=0.00, real=0.00 secs] 
2714.856: [GC (Allocation Failure) [PSYoungGen: 67424K->1440K(68096K)] 426825K->360841K(575488K), 0.0018407 secs] [Times: user=0.00 sys=0.00, real=0.00 secs] 
2715.131: [GC (Allocation Failure) [PSYoungGen: 67488K->1408K(68096K)] 426889K->360809K(575488K), 0.0017515 secs] [Times: user=0.01 sys=0.00, real=0.01 secs] 
2715.405: [GC (Allocation Failure) [PSYoungGen: 67456K->1376K(68096K)] 426857K->360777K(575488K), 0.0017497 secs] [Times: user=0.01 sys=0.00, real=0.00 secs] 
2715.932: [GC (Allocation Failure) [PSYoungGen: 67424K->1408K(68096K)] 426825K->360809K(575488K), 0.0025846 secs] [Times: user=0.01 sys=0.00, real=0.00 secs] 
2716.492: [GC (Allocation Failure) [PSYoungGen: 67456K->1344K(68096K)] 426857K->360761K(575488K), 0.0026855 secs] [Times: user=0.01 sys=0.00, real=0.00 secs] 
2717.271: [GC (Allocation Failure) [PSYoungGen: 67392K->1408K(68096K)] 426809K->360825K(575488K), 0.0015434 secs] [Times: user=0.01 sys=0.00, real=0.00 secs] 
2717.554: [GC (Allocation Failure) [PSYoungGen: 67456K->1376K(68096K)] 426873K->360801K(575488K), 0.0017899 secs] [Times: user=0.00 sys=0.00, real=0.00 secs] 
2717.831: [GC (Allocation Failure) [PSYoungGen: 67424K->1312K(68096K)] 426849K->360737K(575488K), 0.0020435 secs] [Times: user=0.00 sys=0.00, real=0.00 secs] 
2718.138: [GC (Allocation Failure) [PSYoungGen: 67360K->1408K(68096K)] 426785K->360833K(575488K), 0.0019058 secs] [Times: user=0.00 sys=0.00, real=0.00 secs] 
2719.472: [GC (Allocation Failure) [PSYoungGen: 67456K->1408K(68096K)] 426881K->360833K(575488K), 0.0038219 secs] [Times: user=0.01 sys=0.00, real=0.00 secs] 
2720.394: [GC (Allocation Failure) [PSYoungGen: 67456K->1344K(68096K)] 426881K->360769K(575488K), 0.0024433 secs] [Times: user=0.01 sys=0.00, real=0.00 secs] 
2720.922: [GC (Allocation Failure) [PSYoungGen: 67392K->1376K(68096K)] 426817K->360801K(575488K), 0.0023650 secs] [Times: user=0.01 sys=0.00, real=0.00 secs] 
2721.441: [GC (Allocation Failure) [PSYoungGen: 67424K->1376K(67584K)] 426849K->360801K(574976K), 0.0023681 secs] [Times: user=0.01 sys=0.00, real=0.01 secs] 
2721.963: [GC (Allocation Failure) [PSYoungGen: 67424K->1344K(67584K)] 426849K->360769K(574976K), 0.0024276 secs] [Times: user=0.01 sys=0.00, real=0.00 secs] 
2723.080: [GC (Allocation Failure) [PSYoungGen: 67392K->384K(67072K)] 426817K->360833K(574464K), 0.0019702 secs] [Times: user=0.01 sys=0.00, real=0.01 secs] 
2723.835: [GC (Allocation Failure) [PSYoungGen: 66432K->352K(68096K)] 426881K->360801K(575488K), 0.0019118 secs] [Times: user=0.01 sys=0.00, real=0.00 secs] 
2724.649: [GC (Allocation Failure) [PSYoungGen: 66400K->288K(68096K)] 426849K->360737K(575488K), 0.0023520 secs] [Times: user=0.01 sys=0.00, real=0.01 secs] 
2725.636: [GC (Allocation Failure) [PSYoungGen: 66336K->336K(68096K)] 426785K->360785K(575488K), 0.0022891 secs] [Times: user=0.01 sys=0.00, real=0.00 secs] 
2726.836: [GC (Allocation Failure) [PSYoungGen: 66384K->1408K(68096K)] 426833K->361857K(575488K), 0.0017515 secs] [Times: user=0.01 sys=0.00, real=0.00 secs] 
2727.134: [GC (Allocation Failure) [PSYoungGen: 67456K->1392K(68096K)] 427905K->361841K(575488K), 0.0016806 secs] [Times: user=0.00 sys=0.00, real=0.00 secs] 
2727.796: [GC (Allocation Failure) [PSYoungGen: 67440K->1376K(68096K)] 427889K->361825K(575488K), 0.0068148 secs] [Times: user=0.03 sys=0.00, real=0.01 secs] 
2728.438: [GC (Allocation Failure) [PSYoungGen: 67424K->1376K(68096K)] 427873K->361825K(575488K), 0.0024565 secs] [Times: user=0.01 sys=0.00, real=0.00 secs] 
2728.985: [GC (Allocation Failure) [PSYoungGen: 67424K->1344K(68096K)] 427873K->361809K(575488K), 0.0026388 secs] [Times: user=0.01 sys=0.00, real=0.00 secs] 
2730.607: [GC (Allocation Failure) [PSYoungGen: 67392K->1376K(68096K)] 427857K->361841K(575488K), 0.0028943 secs] [Times: user=0.01 sys=0.00, real=0.00 secs] 
2731.121: [GC (Allocation Failure) [PSYoungGen: 67424K->1344K(68096K)] 427889K->361809K(575488K), 0.0022338 secs] [Times: user=0.01 sys=0.00, real=0.00 secs] 
2731.890: [GC (Allocation Failure) [PSYoungGen: 67392K->1376K(68096K)] 427857K->361841K(575488K), 0.0036183 secs] [Times: user=0.01 sys=0.00, real=0.01 secs] 
2732.667: [GC (Allocation Failure) [PSYoungGen: 67424K->1344K(68096K)] 427889K->361809K(575488K), 0.0026510 secs] [Times: user=0.01 sys=0.00, real=0.00 secs] 
2733.907: [GC (Allocation Failure) [PSYoungGen: 67392K->1408K(68096K)] 427857K->361873K(575488K), 0.0019634 secs] [Times: user=0.01 sys=0.00, real=0.00 secs] 
2734.441: [GC (Allocation Failure) [PSYoungGen: 67456K->1376K(68096K)] 427921K->361841K(575488K), 0.0019119 secs] [Times: user=0.01 sys=0.00, real=0.00 secs] 
2735.206: [GC (Allocation Failure) [PSYoungGen: 67424K->1376K(68096K)] 427889K->361841K(575488K), 0.0026357 secs] [Times: user=0.01 sys=0.00, real=0.00 secs] 
2735.753: [GC (Allocation Failure) [PSYoungGen: 67424K->1408K(68096K)] 427889K->361873K(575488K), 0.0021554 secs] [Times: user=0.01 sys=0.01, real=0.00 secs] 
2736.389: [GC (Allocation Failure) [PSYoungGen: 67456K->1344K(68096K)] 427921K->361809K(575488K), 0.0024475 secs] [Times: user=0.01 sys=0.00, real=0.01 secs] 
2737.871: [GC (Allocation Failure) [PSYoungGen: 67392K->1376K(68096K)] 427857K->361841K(575488K), 0.0024124 secs] [Times: user=0.01 sys=0.00, real=0.00 secs] 
2738.724: [GC (Allocation Failure) [PSYoungGen: 67424K->1408K(68096K)] 427889K->361873K(575488K), 0.0033076 secs] [Times: user=0.01 sys=0.00, real=0.00 secs] 
2739.811: [GC (Allocation Failure) [PSYoungGen: 67456K->1344K(68096K)] 427921K->361809K(575488K), 0.0024611 secs] [Times: user=0.01 sys=0.00, real=0.00 secs] 
2740.680: [GC (Allocation Failure) [PSYoungGen: 67392K->1344K(68096K)] 427857K->361817K(575488K), 0.0028452 secs] [Times: user=0.01 sys=0.00, real=0.01 secs] 
2742.346: [GC (Allocation Failure) [PSYoungGen: 67392K->1952K(68096K)] 427865K->362425K(575488K), 0.0019555 secs] [Times: user=0.01 sys=0.00, real=0.00 secs] 
2742.746: [GC (Allocation Failure) [PSYoungGen: 68000K->1344K(68096K)] 428473K->361817K(575488K), 0.0019481 secs] [Times: user=0.00 sys=0.00, real=0.00 secs] 
2743.020: [GC (Allocation Failure) [PSYoungGen: 67392K->1344K(68096K)] 427865K->361817K(575488K), 0.0019581 secs] [Times: user=0.00 sys=0.00, real=0.01 secs] 
2743.295: [GC (Allocation Failure) [PSYoungGen: 67392K->1344K(68096K)] 427865K->361817K(575488K), 0.0019361 secs] [Times: user=0.01 sys=0.00, real=0.00 secs] 
2743.569: [GC (Allocation Failure) [PSYoungGen: 67392K->1376K(68096K)] 427865K->361849K(575488K), 0.0018731 secs] [Times: user=0.01 sys=0.00, real=0.01 secs] 
2744.821: [GC (Allocation Failure) [PSYoungGen: 67424K->1408K(68096K)] 427897K->361881K(575488K), 0.0023168 secs] [Times: user=0.01 sys=0.00, real=0.00 secs] 
2745.546: [GC (Allocation Failure) [PSYoungGen: 67456K->1376K(68096K)] 427929K->361857K(575488K), 0.0030036 secs] [Times: user=0.01 sys=0.00, real=0.00 secs] 
2746.130: [GC (Allocation Failure) [PSYoungGen: 67424K->1344K(68096K)] 427905K->361825K(575488K), 0.0019646 secs] [Times: user=0.01 sys=0.00, real=0.01 secs] 
2746.882: [GC (Allocation Failure) [PSYoungGen: 67392K->1328K(68096K)] 427873K->361809K(575488K), 0.0022293 secs] [Times: user=0.01 sys=0.00, real=0.00 secs] 
2748.047: [GC (Allocation Failure) [PSYoungGen: 67376K->1920K(68096K)] 427857K->362401K(575488K), 0.0018825 secs] [Times: user=0.01 sys=0.00, real=0.00 secs] 
2748.764: [GC (Allocation Failure) [PSYoungGen: 67968K->1408K(68096K)] 428449K->361889K(575488K), 0.0020131 secs] [Times: user=0.01 sys=0.00, real=0.00 secs] 
2749.401: [GC (Allocation Failure) [PSYoungGen: 67456K->1376K(68096K)] 427937K->361865K(575488K), 0.0021820 secs] [Times: user=0.01 sys=0.00, real=0.00 secs] 
2749.706: [GC (Allocation Failure) [PSYoungGen: 67424K->1376K(68096K)] 427913K->361865K(575488K), 0.0021258 secs] [Times: user=0.00 sys=0.00, real=0.00 secs] 
2750.033: [GC (Allocation Failure) [PSYoungGen: 67424K->1344K(68096K)] 427913K->361833K(575488K), 0.0020055 secs] [Times: user=0.00 sys=0.00, real=0.00 secs] 
2751.002: [GC (Allocation Failure) [PSYoungGen: 67392K->1376K(68096K)] 427881K->361865K(575488K), 0.0019953 secs] [Times: user=0.01 sys=0.00, real=0.00 secs] 
2751.364: [GC (Allocation Failure) [PSYoungGen: 67424K->1376K(68096K)] 427913K->361865K(575488K), 0.0019221 secs] [Times: user=0.00 sys=0.00, real=0.00 secs] 
2751.876: [GC (Allocation Failure) [PSYoungGen: 67424K->1328K(68096K)] 427913K->361817K(575488K), 0.0022684 secs] [Times: user=0.01 sys=0.00, real=0.00 secs] 
2752.443: [GC (Allocation Failure) [PSYoungGen: 67376K->1344K(68096K)] 427865K->361833K(575488K), 0.0021411 secs] [Times: user=0.01 sys=0.00, real=0.00 secs] 
2753.464: [GC (Allocation Failure) [PSYoungGen: 67151K->1664K(68096K)] 427640K->362153K(575488K), 0.0019383 secs] [Times: user=0.01 sys=0.01, real=0.00 secs] 
2754.078: [GC (Allocation Failure) [PSYoungGen: 67712K->1344K(68096K)] 428201K->361833K(575488K), 0.0024000 secs] [Times: user=0.01 sys=0.00, real=0.00 secs] 
2754.663: [GC (Allocation Failure) [PSYoungGen: 67392K->1344K(68096K)] 427881K->361833K(575488K), 0.0024620 secs] [Times: user=0.01 sys=0.00, real=0.00 secs] 
2755.270: [GC (Allocation Failure) [PSYoungGen: 67392K->1408K(68096K)] 427881K->361897K(575488K), 0.0023358 secs] [Times: user=0.01 sys=0.00, real=0.01 secs] 
2755.748: [GC (Allocation Failure) [PSYoungGen: 67456K->1312K(68096K)] 427945K->361801K(575488K), 0.0021990 secs] [Times: user=0.01 sys=0.00, real=0.00 secs] 
2756.963: [GC (Allocation Failure) [PSYoungGen: 67360K->1408K(68096K)] 427849K->361897K(575488K), 0.0020566 secs] [Times: user=0.00 sys=0.00, real=0.00 secs] 
2757.600: [GC (Allocation Failure) [PSYoungGen: 67456K->1376K(68096K)] 427945K->361881K(575488K), 0.0027413 secs] [Times: user=0.01 sys=0.00, real=0.01 secs] 
2758.150: [GC (Allocation Failure) [PSYoungGen: 67424K->1344K(68096K)] 427929K->361849K(575488K), 0.0027339 secs] [Times: user=0.01 sys=0.00, real=0.01 secs] 
2758.734: [GC (Allocation Failure) [PSYoungGen: 67392K->1344K(68096K)] 427897K->361849K(575488K), 0.0023602 secs] [Times: user=0.01 sys=0.00, real=0.00 secs] 
2759.764: [GC (Allocation Failure) [PSYoungGen: 67392K->1504K(68096K)] 427897K->362009K(575488K), 0.0013412 secs] [Times: user=0.00 sys=0.00, real=0.00 secs] 
2760.043: [GC (Allocation Failure) [PSYoungGen: 67552K->1344K(68096K)] 428057K->361849K(575488K), 0.0014692 secs] [Times: user=0.01 sys=0.00, real=0.00 secs] 
2760.317: [GC (Allocation Failure) [PSYoungGen: 67392K->1376K(68096K)] 427897K->361881K(575488K), 0.0016186 secs] [Times: user=0.01 sys=0.00, real=0.00 secs] 
2760.590: [GC (Allocation Failure) [PSYoungGen: 67424K->1344K(68096K)] 427929K->361849K(575488K), 0.0015140 secs] [Times: user=0.00 sys=0.00, real=0.01 secs] 
2760.865: [GC (Allocation Failure) [PSYoungGen: 67392K->1344K(68096K)] 427897K->361849K(575488K), 0.0015660 secs] [Times: user=0.00 sys=0.00, real=0.00 secs] 
2761.743: [GC (Allocation Failure) [PSYoungGen: 67392K->1440K(68096K)] 427897K->361945K(575488K), 0.0015969 secs] [Times: user=0.01 sys=0.00, real=0.00 secs] 
2762.254: [GC (Allocation Failure) [PSYoungGen: 67488K->1376K(68096K)] 427993K->361881K(575488K), 0.0017360 secs] [Times: user=0.00 sys=0.00, real=0.00 secs] 
2762.759: [GC (Allocation Failure) [PSYoungGen: 67424K->1344K(67584K)] 427929K->361849K(574976K), 0.0017127 secs] [Times: user=0.00 sys=0.00, real=0.00 secs] 
2763.295: [GC (Allocation Failure) [PSYoungGen: 67392K->1408K(67584K)] 427897K->361913K(574976K), 0.0017806 secs] [Times: user=0.01 sys=0.00, real=0.00 secs] 
2764.190: [GC (Allocation Failure) [PSYoungGen: 67183K->224K(67072K)] 427688K->360729K(574464K), 0.0014310 secs] [Times: user=0.01 sys=0.00, real=0.01 secs] 
2764.983: [GC (Allocation Failure) [PSYoungGen: 66272K->1392K(68096K)] 426777K->361897K(575488K), 0.0021191 secs] [Times: user=0.01 sys=0.00, real=0.00 secs] 
2765.565: [GC (Allocation Failure) [PSYoungGen: 67440K->1344K(68096K)] 427945K->361857K(575488K), 0.0021956 secs] [Times: user=0.01 sys=0.00, real=0.00 secs] 
2766.035: [GC (Allocation Failure) [PSYoungGen: 67392K->1344K(68096K)] 427905K->361857K(575488K), 0.0019968 secs] [Times: user=0.01 sys=0.00, real=0.00 secs] 
2766.360: [GC (Allocation Failure) [PSYoungGen: 67392K->1408K(68096K)] 427905K->361945K(575488K), 0.0021470 secs] [Times: user=0.01 sys=0.00, real=0.01 secs] 
2767.395: [GC (Allocation Failure) [PSYoungGen: 67456K->1376K(68096K)] 427993K->361913K(575488K), 0.0020267 secs] [Times: user=0.01 sys=0.00, real=0.00 secs] 
2768.020: [GC (Allocation Failure) [PSYoungGen: 67424K->1344K(68096K)] 427961K->361881K(575488K), 0.0022553 secs] [Times: user=0.01 sys=0.00, real=0.01 secs] 
2768.596: [GC (Allocation Failure) [PSYoungGen: 67392K->1344K(68096K)] 427929K->361881K(575488K), 0.0025416 secs] [Times: user=0.01 sys=0.00, real=0.00 secs] 
2768.903: [GC (Allocation Failure) [PSYoungGen: 67392K->1376K(68096K)] 427929K->361913K(575488K), 0.0019108 secs] [Times: user=0.00 sys=0.00, real=0.00 secs] 
2769.572: [GC (Allocation Failure) [PSYoungGen: 67424K->1357K(68096K)] 427961K->361894K(575488K), 0.0014700 secs] [Times: user=0.01 sys=0.00, real=0.00 secs] 
2769.914: [GC (Allocation Failure) [PSYoungGen: 67405K->1376K(68096K)] 427942K->361913K(575488K), 0.0017103 secs] [Times: user=0.00 sys=0.00, real=0.00 secs] 
2770.189: [GC (Allocation Failure) [PSYoungGen: 67424K->1344K(68096K)] 427961K->361881K(575488K), 0.0017342 secs] [Times: user=0.01 sys=0.00, real=0.00 secs] 
2770.463: [GC (Allocation Failure) [PSYoungGen: 67392K->1376K(68096K)] 427929K->361913K(575488K), 0.0017969 secs] [Times: user=0.01 sys=0.00, real=0.00 secs] 
2770.737: [GC (Allocation Failure) [PSYoungGen: 67424K->1376K(68096K)] 427961K->361913K(575488K), 0.0017734 secs] [Times: user=0.00 sys=0.00, real=0.00 secs] 
2771.470: [GC (Allocation Failure) [PSYoungGen: 67424K->1440K(68096K)] 427961K->361977K(575488K), 0.0018270 secs] [Times: user=0.01 sys=0.00, real=0.01 secs] 
2771.754: [GC (Allocation Failure) [PSYoungGen: 67488K->1440K(68096K)] 428025K->361977K(575488K), 0.0018080 secs] [Times: user=0.00 sys=0.00, real=0.00 secs] 
2772.029: [GC (Allocation Failure) [PSYoungGen: 67488K->1376K(68096K)] 428025K->361913K(575488K), 0.0017013 secs] [Times: user=0.01 sys=0.00, real=0.00 secs] 
2772.303: [GC (Allocation Failure) [PSYoungGen: 67424K->1408K(68096K)] 427961K->361945K(575488K), 0.0017451 secs] [Times: user=0.01 sys=0.00, real=0.00 secs] 
2772.950: [GC (Allocation Failure) [PSYoungGen: 67456K->1341K(68096K)] 427993K->361878K(575488K), 0.0013948 secs] [Times: user=0.01 sys=0.00, real=0.01 secs] 
2773.288: [GC (Allocation Failure) [PSYoungGen: 67389K->1376K(67584K)] 427926K->361913K(574976K), 0.0015963 secs] [Times: user=0.01 sys=0.00, real=0.00 secs] 
2773.562: [GC (Allocation Failure) [PSYoungGen: 67424K->1344K(67584K)] 427961K->361881K(574976K), 0.0016177 secs] [Times: user=0.01 sys=0.00, real=0.00 secs] 
2773.853: [GC (Allocation Failure) [PSYoungGen: 67392K->1408K(67584K)] 427929K->361961K(574976K), 0.0016528 secs] [Times: user=0.01 sys=0.00, real=0.00 secs] 
2774.291: [GC (Allocation Failure) [PSYoungGen: 67456K->1312K(67584K)] 428009K->361865K(574976K), 0.0017381 secs] [Times: user=0.01 sys=0.00, real=0.01 secs] 
2775.259: [GC (Allocation Failure) [PSYoungGen: 67360K->1408K(67584K)] 427913K->361961K(574976K), 0.0018759 secs] [Times: user=0.00 sys=0.00, real=0.01 secs] 
2775.668: [GC (Allocation Failure) [PSYoungGen: 67456K->1344K(67584K)] 428009K->361897K(574976K), 0.0020067 secs] [Times: user=0.01 sys=0.00, real=0.00 secs] 
2776.046: [GC (Allocation Failure) [PSYoungGen: 67392K->1376K(67584K)] 427945K->361937K(574976K), 0.0020453 secs] [Times: user=0.01 sys=0.00, real=0.00 secs] 
2776.488: [GC (Allocation Failure) [PSYoungGen: 67424K->1344K(67584K)] 427985K->361905K(574976K), 0.0019159 secs] [Times: user=0.01 sys=0.00, real=0.00 secs] 
2777.335: [GC (Allocation Failure) [PSYoungGen: 67392K->1341K(67584K)] 427953K->361902K(574976K), 0.0015098 secs] [Times: user=0.01 sys=0.00, real=0.00 secs] 
2778.049: [GC (Allocation Failure) [PSYoungGen: 67389K->1408K(67584K)] 427950K->361969K(574976K), 0.0017655 secs] [Times: user=0.01 sys=0.00, real=0.00 secs] 
2778.416: [GC (Allocation Failure) [PSYoungGen: 67456K->1344K(67584K)] 428017K->361905K(574976K), 0.0026872 secs] [Times: user=0.01 sys=0.00, real=0.00 secs] 
2779.004: [GC (Allocation Failure) [PSYoungGen: 67392K->1376K(67584K)] 427953K->361937K(574976K), 0.0024309 secs] [Times: user=0.01 sys=0.00, real=0.00 secs] 
2779.565: [GC (Allocation Failure) [PSYoungGen: 67424K->1344K(67584K)] 427985K->361905K(574976K), 0.0025206 secs] [Times: user=0.01 sys=0.00, real=0.00 secs] 
2780.817: [GC (Allocation Failure) [PSYoungGen: 67392K->1408K(67584K)] 427953K->361969K(574976K), 0.0021083 secs] [Times: user=0.01 sys=0.01, real=0.00 secs] 
2781.569: [GC (Allocation Failure) [PSYoungGen: 67456K->1344K(67584K)] 428017K->361905K(574976K), 0.0041062 secs] [Times: user=0.02 sys=0.00, real=0.01 secs] 
2782.209: [GC (Allocation Failure) [PSYoungGen: 67392K->1344K(67584K)] 427953K->361905K(574976K), 0.0024579 secs] [Times: user=0.01 sys=0.00, real=0.01 secs] 
2782.810: [GC (Allocation Failure) [PSYoungGen: 67392K->1344K(67584K)] 427953K->361905K(574976K), 0.0023581 secs] [Times: user=0.00 sys=0.00, real=0.01 secs] 
2783.869: [GC (Allocation Failure) [PSYoungGen: 67392K->1392K(67584K)] 427953K->361953K(574976K), 0.0014134 secs] [Times: user=0.00 sys=0.00, real=0.00 secs] 
2784.398: [GC (Allocation Failure) [PSYoungGen: 67440K->1376K(67584K)] 428001K->361937K(574976K), 0.0026272 secs] [Times: user=0.01 sys=0.01, real=0.00 secs] 
2784.675: [GC (Allocation Failure) [PSYoungGen: 67424K->1360K(67584K)] 427985K->361921K(574976K), 0.0019748 secs] [Times: user=0.00 sys=0.00, real=0.00 secs] 
2784.961: [GC (Allocation Failure) [PSYoungGen: 67408K->1376K(67584K)] 427969K->361937K(574976K), 0.0020434 secs] [Times: user=0.01 sys=0.00, real=0.00 secs] 
2785.243: [GC (Allocation Failure) [PSYoungGen: 67424K->1376K(67584K)] 427985K->361937K(574976K), 0.0018341 secs] [Times: user=0.01 sys=0.00, real=0.00 secs] 
2786.272: [GC (Allocation Failure) [PSYoungGen: 67424K->1376K(67584K)] 427985K->361937K(574976K), 0.0024339 secs] [Times: user=0.01 sys=0.00, real=0.00 secs] 
2787.097: [GC (Allocation Failure) [PSYoungGen: 67424K->1376K(67584K)] 427985K->361937K(574976K), 0.0029439 secs] [Times: user=0.01 sys=0.00, real=0.00 secs] 
2788.058: [GC (Allocation Failure) [PSYoungGen: 67424K->1344K(67584K)] 427985K->361921K(574976K), 0.0037461 secs] [Times: user=0.02 sys=0.00, real=0.01 secs] 
2788.977: [GC (Allocation Failure) [PSYoungGen: 67392K->1344K(67584K)] 427969K->361921K(574976K), 0.0027551 secs] [Times: user=0.02 sys=0.00, real=0.00 secs] 
2789.939: [GC (Allocation Failure) [PSYoungGen: 67392K->1389K(67584K)] 427969K->361966K(574976K), 0.0015442 secs] [Times: user=0.00 sys=0.00, real=0.00 secs] 
2790.869: [GC (Allocation Failure) [PSYoungGen: 67437K->1376K(67584K)] 428014K->361953K(574976K), 0.0018411 secs] [Times: user=0.01 sys=0.00, real=0.00 secs] 
2791.744: [GC (Allocation Failure) [PSYoungGen: 67424K->1408K(67584K)] 428001K->361985K(574976K), 0.0017631 secs] [Times: user=0.00 sys=0.00, real=0.00 secs] 
2792.470: [GC (Allocation Failure) [PSYoungGen: 67456K->1408K(67584K)] 428033K->361985K(574976K), 0.0018545 secs] [Times: user=0.01 sys=0.00, real=0.01 secs] 
2792.745: [GC (Allocation Failure) [PSYoungGen: 67456K->1408K(67584K)] 428033K->361985K(574976K), 0.0018568 secs] [Times: user=0.01 sys=0.00, real=0.00 secs] 
2793.801: [GC (Allocation Failure) [PSYoungGen: 67456K->1408K(67584K)] 428033K->361985K(574976K), 0.0021283 secs] [Times: user=0.01 sys=0.00, real=0.00 secs] 
2794.663: [GC (Allocation Failure) [PSYoungGen: 67456K->1376K(67584K)] 428033K->361953K(574976K), 0.0028820 secs] [Times: user=0.01 sys=0.00, real=0.00 secs] 
2795.307: [GC (Allocation Failure) [PSYoungGen: 67424K->1408K(67584K)] 428001K->361985K(574976K), 0.0026031 secs] [Times: user=0.01 sys=0.00, real=0.00 secs] 
2795.989: [GC (Allocation Failure) [PSYoungGen: 67456K->1376K(67584K)] 428033K->361953K(574976K), 0.0027434 secs] [Times: user=0.01 sys=0.00, real=0.01 secs] 
2796.891: [GC (Allocation Failure) [PSYoungGen: 67424K->1373K(67584K)] 428001K->361950K(574976K), 0.0015440 secs] [Times: user=0.01 sys=0.00, real=0.00 secs] 
2798.162: [GC (Allocation Failure) [PSYoungGen: 67421K->1440K(67584K)] 427998K->362017K(574976K), 0.0020957 secs] [Times: user=0.01 sys=0.00, real=0.00 secs] 
2799.237: [GC (Allocation Failure) [PSYoungGen: 67488K->1408K(67584K)] 428065K->361985K(574976K), 0.0025980 secs] [Times: user=0.01 sys=0.01, real=0.00 secs] 
2800.144: [GC (Allocation Failure) [PSYoungGen: 67456K->1408K(67584K)] 428033K->361985K(574976K), 0.0030147 secs] [Times: user=0.01 sys=0.00, real=0.00 secs] 
2800.633: [GC (Allocation Failure) [PSYoungGen: 67456K->1408K(67584K)] 428033K->361993K(574976K), 0.0019227 secs] [Times: user=0.01 sys=0.00, real=0.00 secs] 
2801.637: [GC (Allocation Failure) [PSYoungGen: 67456K->1376K(67584K)] 428041K->361961K(574976K), 0.0022626 secs] [Times: user=0.01 sys=0.00, real=0.00 secs] 
2802.477: [GC (Allocation Failure) [PSYoungGen: 67424K->1344K(67584K)] 428009K->361929K(574976K), 0.0035073 secs] [Times: user=0.01 sys=0.00, real=0.00 secs] 
2803.308: [GC (Allocation Failure) [PSYoungGen: 67392K->1376K(67584K)] 427977K->361961K(574976K), 0.0033387 secs] [Times: user=0.02 sys=0.00, real=0.01 secs] 
2803.983: [GC (Allocation Failure) [PSYoungGen: 67424K->1344K(67584K)] 428009K->361929K(574976K), 0.0028531 secs] [Times: user=0.01 sys=0.00, real=0.00 secs] 
2804.828: [GC (Allocation Failure) [PSYoungGen: 67392K->1392K(67584K)] 427977K->361977K(574976K), 0.0019485 secs] [Times: user=0.00 sys=0.00, real=0.00 secs] 
2806.022: [GC (Allocation Failure) [PSYoungGen: 67440K->1408K(67584K)] 428025K->361993K(574976K), 0.0035038 secs] [Times: user=0.02 sys=0.00, real=0.00 secs] 
2806.887: [GC (Allocation Failure) [PSYoungGen: 67456K->1328K(67584K)] 428041K->361913K(574976K), 0.0028358 secs] [Times: user=0.01 sys=0.00, real=0.00 secs] 
2807.700: [GC (Allocation Failure) [PSYoungGen: 67376K->1376K(67584K)] 427961K->361961K(574976K), 0.0033863 secs] [Times: user=0.01 sys=0.00, real=0.01 secs] 
2808.487: [GC (Allocation Failure) [PSYoungGen: 67424K->1344K(67584K)] 428009K->361929K(574976K), 0.0030776 secs] [Times: user=0.01 sys=0.00, real=0.00 secs] 
2810.083: [GC (Allocation Failure) [PSYoungGen: 67392K->1376K(67584K)] 427977K->361961K(574976K), 0.0026568 secs] [Times: user=0.01 sys=0.00, real=0.00 secs] 
2811.049: [GC (Allocation Failure) [PSYoungGen: 67424K->1408K(67584K)] 428009K->361993K(574976K), 0.0026436 secs] [Times: user=0.01 sys=0.00, real=0.01 secs] 
2811.851: [GC (Allocation Failure) [PSYoungGen: 67456K->1376K(67584K)] 428041K->361969K(574976K), 0.0026211 secs] [Times: user=0.01 sys=0.00, real=0.00 secs] 
2812.722: [GC (Allocation Failure) [PSYoungGen: 67424K->1344K(67584K)] 428017K->361937K(574976K), 0.0030758 secs] [Times: user=0.01 sys=0.00, real=0.00 secs] 
2814.073: [GC (Allocation Failure) [PSYoungGen: 67392K->1392K(67584K)] 427985K->361985K(574976K), 0.0021651 secs] [Times: user=0.01 sys=0.00, real=0.00 secs] 
2815.029: [GC (Allocation Failure) [PSYoungGen: 67440K->1392K(67584K)] 428033K->361985K(574976K), 0.0027859 secs] [Times: user=0.01 sys=0.00, real=0.01 secs] 
2815.528: [GC (Allocation Failure) [PSYoungGen: 67440K->1376K(67584K)] 428033K->361969K(574976K), 0.0023795 secs] [Times: user=0.00 sys=0.00, real=0.00 secs] 
2816.026: [GC (Allocation Failure) [PSYoungGen: 67424K->1344K(67584K)] 428017K->361937K(574976K), 0.0022089 secs] [Times: user=0.01 sys=0.00, real=0.00 secs] 
2816.568: [GC (Allocation Failure) [PSYoungGen: 67392K->1344K(67584K)] 427985K->361937K(574976K), 0.0021011 secs] [Times: user=0.01 sys=0.00, real=0.00 secs] 
2817.851: [GC (Allocation Failure) [PSYoungGen: 67392K->1376K(67584K)] 427985K->361969K(574976K), 0.0022599 secs] [Times: user=0.01 sys=0.00, real=0.00 secs] 
2818.498: [GC (Allocation Failure) [PSYoungGen: 67424K->1344K(67584K)] 428017K->361937K(574976K), 0.0022519 secs] [Times: user=0.01 sys=0.00, real=0.00 secs] 
2819.209: [GC (Allocation Failure) [PSYoungGen: 67392K->1344K(67584K)] 427985K->361937K(574976K), 0.0024308 secs] [Times: user=0.01 sys=0.00, real=0.01 secs] 
2820.084: [GC (Allocation Failure) [PSYoungGen: 67392K->1344K(67584K)] 427985K->361937K(574976K), 0.0027798 secs] [Times: user=0.01 sys=0.00, real=0.00 secs] 
2820.974: [GC (Allocation Failure) [PSYoungGen: 67380K->256K(67584K)] 427973K->360857K(574976K), 0.0024988 secs] [Times: user=0.01 sys=0.00, real=0.00 secs] 
2822.747: [GC (Allocation Failure) [PSYoungGen: 66304K->1408K(68096K)] 426905K->362009K(575488K), 0.0024306 secs] [Times: user=0.01 sys=0.00, real=0.00 secs] 
2823.338: [GC (Allocation Failure) [PSYoungGen: 67456K->1408K(68096K)] 428057K->362009K(575488K), 0.0023227 secs] [Times: user=0.01 sys=0.00, real=0.00 secs] 
2823.888: [GC (Allocation Failure) [PSYoungGen: 67456K->1344K(68096K)] 428057K->361945K(575488K), 0.0021500 secs] [Times: user=0.01 sys=0.00, real=0.00 secs] 
2824.627: [GC (Allocation Failure) [PSYoungGen: 67392K->1344K(68096K)] 427993K->361945K(575488K), 0.0024715 secs] [Times: user=0.01 sys=0.00, real=0.00 secs] 
2825.805: [GC (Allocation Failure) [PSYoungGen: 67392K->1376K(68096K)] 427993K->361977K(575488K), 0.0018164 secs] [Times: user=0.01 sys=0.00, real=0.00 secs] 
2826.627: [GC (Allocation Failure) [PSYoungGen: 67424K->1344K(68096K)] 428025K->361945K(575488K), 0.0017947 secs] [Times: user=0.00 sys=0.00, real=0.00 secs] 
2827.735: [GC (Allocation Failure) [PSYoungGen: 67392K->1328K(68096K)] 427993K->361929K(575488K), 0.0022534 secs] [Times: user=0.01 sys=0.00, real=0.00 secs] 
2828.718: [GC (Allocation Failure) [PSYoungGen: 67376K->1344K(68096K)] 427977K->361945K(575488K), 0.0023788 secs] [Times: user=0.01 sys=0.00, real=0.00 secs] 
2829.518: [GC (Allocation Failure) [PSYoungGen: 67392K->1376K(68096K)] 427993K->361977K(575488K), 0.0034252 secs] [Times: user=0.01 sys=0.00, real=0.01 secs] 
2830.836: [GC (Allocation Failure) [PSYoungGen: 67424K->1376K(68096K)] 428025K->361977K(575488K), 0.0039854 secs] [Times: user=0.02 sys=0.00, real=0.00 secs] 
2831.606: [GC (Allocation Failure) [PSYoungGen: 67424K->1344K(68096K)] 428025K->361953K(575488K), 0.0035537 secs] [Times: user=0.01 sys=0.00, real=0.00 secs] 
2832.072: [GC (Allocation Failure) [PSYoungGen: 67392K->1344K(67584K)] 428001K->361953K(574976K), 0.0028822 secs] [Times: user=0.01 sys=0.00, real=0.00 secs] 
2832.507: [GC (Allocation Failure) [PSYoungGen: 67392K->1344K(67584K)] 428001K->361953K(574976K), 0.0026747 secs] [Times: user=0.01 sys=0.00, real=0.00 secs] 
2833.392: [GC (Allocation Failure) [PSYoungGen: 67392K->1440K(67584K)] 428001K->362049K(574976K), 0.0017130 secs] [Times: user=0.01 sys=0.00, real=0.00 secs] 
2833.666: [GC (Allocation Failure) [PSYoungGen: 67488K->1408K(67072K)] 428097K->362017K(574464K), 0.0017126 secs] [Times: user=0.00 sys=0.00, real=0.00 secs] 
2833.947: [GC (Allocation Failure) [PSYoungGen: 66944K->1344K(67072K)] 427553K->361953K(574464K), 0.0017786 secs] [Times: user=0.01 sys=0.00, real=0.00 secs] 
2834.219: [GC (Allocation Failure) [PSYoungGen: 66880K->1344K(67072K)] 427489K->361953K(574464K), 0.0017497 secs] [Times: user=0.01 sys=0.00, real=0.00 secs] 
2834.491: [GC (Allocation Failure) [PSYoungGen: 66880K->1408K(67072K)] 427489K->362017K(574464K), 0.0016983 secs] [Times: user=0.00 sys=0.00, real=0.01 secs] 
2835.184: [GC (Allocation Failure) [PSYoungGen: 66944K->1376K(67072K)] 427553K->361985K(574464K), 0.0079114 secs] [Times: user=0.04 sys=0.00, real=0.01 secs] 
2835.463: [GC (Allocation Failure) [PSYoungGen: 66912K->1376K(67072K)] 427521K->361985K(574464K), 0.0016957 secs] [Times: user=0.01 sys=0.00, real=0.00 secs] 
2835.735: [GC (Allocation Failure) [PSYoungGen: 66912K->1376K(67072K)] 427521K->361985K(574464K), 0.0016198 secs] [Times: user=0.01 sys=0.00, real=0.00 secs] 
2836.052: [GC (Allocation Failure) [PSYoungGen: 66912K->1344K(67072K)] 427521K->361969K(574464K), 0.0019135 secs] [Times: user=0.00 sys=0.00, real=0.00 secs] 
2836.900: [GC (Allocation Failure) [PSYoungGen: 66880K->960K(66560K)] 427505K->362609K(573952K), 0.0017760 secs] [Times: user=0.01 sys=0.00, real=0.01 secs] 
2837.449: [GC (Allocation Failure) [PSYoungGen: 66496K->320K(66048K)] 428145K->361969K(573440K), 0.0017698 secs] [Times: user=0.00 sys=0.00, real=0.00 secs] 
2837.943: [GC (Allocation Failure) [PSYoungGen: 65856K->320K(66048K)] 427505K->361969K(573440K), 0.0018802 secs] [Times: user=0.01 sys=0.00, real=0.00 secs] 
2838.331: [GC (Allocation Failure) [PSYoungGen: 65856K->352K(67584K)] 427505K->362001K(574976K), 0.0018864 secs] [Times: user=0.01 sys=0.00, real=0.00 secs] 
2838.793: [GC (Allocation Failure) [PSYoungGen: 65888K->352K(66560K)] 427537K->362001K(573952K), 0.0019128 secs] [Times: user=0.00 sys=0.00, real=0.00 secs] 
2839.777: [GC (Allocation Failure) [PSYoungGen: 65888K->1376K(67584K)] 427537K->363025K(574976K), 0.0018520 secs] [Times: user=0.01 sys=0.00, real=0.00 secs] 
2840.409: [GC (Allocation Failure) [PSYoungGen: 66912K->1344K(67584K)] 428561K->362993K(574976K), 0.0034181 secs] [Times: user=0.02 sys=0.00, real=0.01 secs] 
2841.041: [GC (Allocation Failure) [PSYoungGen: 66880K->1344K(67584K)] 428529K->362993K(574976K), 0.0027747 secs] [Times: user=0.01 sys=0.00, real=0.01 secs] 
2841.331: [GC (Allocation Failure) [PSYoungGen: 66880K->1344K(67584K)] 428529K->362993K(574976K), 0.0019297 secs] [Times: user=0.01 sys=0.00, real=0.01 secs] 
2842.133: [GC (Allocation Failure) [PSYoungGen: 66621K->256K(67584K)] 428270K->361905K(574976K), 0.0014252 secs] [Times: user=0.00 sys=0.00, real=0.00 secs] 
2842.718: [GC (Allocation Failure) [PSYoungGen: 65792K->1344K(68096K)] 427441K->362993K(575488K), 0.0018290 secs] [Times: user=0.01 sys=0.00, real=0.00 secs] 
2842.991: [GC (Allocation Failure) [PSYoungGen: 66880K->1344K(68096K)] 428529K->362993K(575488K), 0.0018121 secs] [Times: user=0.01 sys=0.00, real=0.01 secs] 
2843.290: [GC (Allocation Failure) [PSYoungGen: 66880K->1376K(68096K)] 428529K->363025K(575488K), 0.0019024 secs] [Times: user=0.00 sys=0.00, real=0.01 secs] 
2843.856: [GC (Allocation Failure) [PSYoungGen: 66912K->1344K(68096K)] 428561K->362993K(575488K), 0.0018352 secs] [Times: user=0.01 sys=0.00, real=0.00 secs] 
2845.344: [GC (Allocation Failure) [PSYoungGen: 66880K->1392K(68096K)] 428529K->363041K(575488K), 0.0067548 secs] [Times: user=0.03 sys=0.00, real=0.01 secs] 
2846.255: [GC (Allocation Failure) [PSYoungGen: 66928K->1344K(68096K)] 428577K->362993K(575488K), 0.0028582 secs] [Times: user=0.01 sys=0.00, real=0.00 secs] 
2847.114: [GC (Allocation Failure) [PSYoungGen: 66880K->1376K(67072K)] 428529K->363025K(574464K), 0.0033998 secs] [Times: user=0.02 sys=0.00, real=0.00 secs] 
2848.048: [GC (Allocation Failure) [PSYoungGen: 66912K->1344K(67584K)] 428561K->363001K(574976K), 0.0036282 secs] [Times: user=0.01 sys=0.00, real=0.01 secs] 
2848.944: [GC (Allocation Failure) [PSYoungGen: 66880K->1357K(67584K)] 428537K->363014K(574976K), 0.0015436 secs] [Times: user=0.01 sys=0.00, real=0.00 secs] 
2849.976: [GC (Allocation Failure) [PSYoungGen: 66893K->1440K(67584K)] 428550K->363097K(574976K), 0.0019617 secs] [Times: user=0.00 sys=0.00, real=0.00 secs] 
2850.900: [GC (Allocation Failure) [PSYoungGen: 66976K->1312K(67584K)] 428633K->362969K(574976K), 0.0035115 secs] [Times: user=0.01 sys=0.00, real=0.01 secs] 
2851.538: [GC (Allocation Failure) [PSYoungGen: 66848K->1344K(67584K)] 428505K->363001K(574976K), 0.0025250 secs] [Times: user=0.01 sys=0.00, real=0.00 secs] 
2852.005: [GC (Allocation Failure) [PSYoungGen: 66880K->1344K(67584K)] 428537K->363001K(574976K), 0.0021340 secs] [Times: user=0.01 sys=0.00, real=0.00 secs] 
2854.077: [GC (Allocation Failure) [PSYoungGen: 66880K->1376K(67584K)] 428537K->363033K(574976K), 0.0043142 secs] [Times: user=0.02 sys=0.00, real=0.01 secs] 
2854.534: [GC (Allocation Failure) [PSYoungGen: 66912K->1344K(67584K)] 428569K->363001K(574976K), 0.0022230 secs] [Times: user=0.01 sys=0.00, real=0.00 secs] 
2854.806: [GC (Allocation Failure) [PSYoungGen: 66880K->1376K(67584K)] 428537K->363033K(574976K), 0.0021274 secs] [Times: user=0.01 sys=0.00, real=0.00 secs] 
2855.376: [GC (Allocation Failure) [PSYoungGen: 66912K->1344K(67584K)] 428569K->363001K(574976K), 0.0027698 secs] [Times: user=0.01 sys=0.00, real=0.00 secs] 
2856.078: [GC (Allocation Failure) [PSYoungGen: 66880K->1392K(67584K)] 428537K->363049K(574976K), 0.0018145 secs] [Times: user=0.01 sys=0.00, real=0.00 secs] 
2856.700: [GC (Allocation Failure) [PSYoungGen: 66928K->1392K(67584K)] 428585K->363049K(574976K), 0.0015841 secs] [Times: user=0.00 sys=0.00, real=0.01 secs] 
2857.054: [GC (Allocation Failure) [PSYoungGen: 66928K->1344K(67584K)] 428585K->363001K(574976K), 0.0019978 secs] [Times: user=0.01 sys=0.00, real=0.00 secs] 
2857.326: [GC (Allocation Failure) [PSYoungGen: 66880K->1376K(67584K)] 428537K->363033K(574976K), 0.0020354 secs] [Times: user=0.00 sys=0.00, real=0.00 secs] 
2857.598: [GC (Allocation Failure) [PSYoungGen: 66912K->1408K(67584K)] 428569K->363065K(574976K), 0.0019021 secs] [Times: user=0.01 sys=0.00, real=0.00 secs] 
2858.324: [GC (Allocation Failure) [PSYoungGen: 66944K->1440K(67584K)] 428601K->363105K(574976K), 0.0016359 secs] [Times: user=0.01 sys=0.00, real=0.00 secs] 
2858.595: [GC (Allocation Failure) [PSYoungGen: 66976K->1408K(67584K)] 428641K->363073K(574976K), 0.0016799 secs] [Times: user=0.01 sys=0.00, real=0.00 secs] 
2858.867: [GC (Allocation Failure) [PSYoungGen: 66944K->1376K(67584K)] 428609K->363041K(574976K), 0.0017277 secs] [Times: user=0.00 sys=0.00, real=0.00 secs] 
2859.139: [GC (Allocation Failure) [PSYoungGen: 66912K->1408K(67584K)] 428577K->363073K(574976K), 0.0016899 secs] [Times: user=0.01 sys=0.00, real=0.00 secs] 
2859.411: [GC (Allocation Failure) [PSYoungGen: 66944K->1440K(67584K)] 428609K->363105K(574976K), 0.0019587 secs] [Times: user=0.01 sys=0.00, real=0.01 secs] 
2860.199: [GC (Allocation Failure) [PSYoungGen: 66976K->1376K(67584K)] 428641K->363041K(574976K), 0.0017032 secs] [Times: user=0.01 sys=0.00, real=0.00 secs] 
2860.470: [GC (Allocation Failure) [PSYoungGen: 66912K->1344K(67584K)] 428577K->363017K(574976K), 0.0016989 secs] [Times: user=0.00 sys=0.00, real=0.01 secs] 
2860.742: [GC (Allocation Failure) [PSYoungGen: 66880K->1376K(67584K)] 428553K->363049K(574976K), 0.0017477 secs] [Times: user=0.00 sys=0.00, real=0.00 secs] 
2861.014: [GC (Allocation Failure) [PSYoungGen: 66912K->1376K(67584K)] 428585K->363049K(574976K), 0.0017195 secs] [Times: user=0.01 sys=0.00, real=0.00 secs] 
2861.815: [GC (Allocation Failure) [PSYoungGen: 66912K->1408K(67584K)] 428585K->363081K(574976K), 0.0018913 secs] [Times: user=0.00 sys=0.00, real=0.00 secs] 
2862.088: [GC (Allocation Failure) [PSYoungGen: 66944K->1344K(67584K)] 428617K->363017K(574976K), 0.0019323 secs] [Times: user=0.00 sys=0.00, real=0.00 secs] 
2862.436: [GC (Allocation Failure) [PSYoungGen: 66880K->1376K(67072K)] 428553K->363049K(574464K), 0.0020531 secs] [Times: user=0.01 sys=0.00, real=0.00 secs] 
2862.827: [GC (Allocation Failure) [PSYoungGen: 66912K->1376K(67072K)] 428585K->363049K(574464K), 0.0018962 secs] [Times: user=0.01 sys=0.00, real=0.00 secs] 
2863.226: [GC (Allocation Failure) [PSYoungGen: 66912K->1344K(67072K)] 428585K->363017K(574464K), 0.0018450 secs] [Times: user=0.00 sys=0.00, real=0.00 secs] 
2864.517: [GC (Allocation Failure) [PSYoungGen: 66880K->1440K(67072K)] 428553K->363113K(574464K), 0.0028010 secs] [Times: user=0.01 sys=0.00, real=0.00 secs] 
2865.059: [GC (Allocation Failure) [PSYoungGen: 66976K->1344K(67072K)] 428649K->363033K(574464K), 0.0023774 secs] [Times: user=0.01 sys=0.00, real=0.01 secs] 
2865.669: [GC (Allocation Failure) [PSYoungGen: 66880K->1344K(67072K)] 428569K->363033K(574464K), 0.0027248 secs] [Times: user=0.01 sys=0.00, real=0.01 secs] 
2866.390: [GC (Allocation Failure) [PSYoungGen: 66880K->1312K(67072K)] 428569K->363001K(574464K), 0.0041039 secs] [Times: user=0.02 sys=0.00, real=0.01 secs] 
2867.627: [GC (Allocation Failure) [PSYoungGen: 66848K->1376K(67072K)] 428537K->363321K(574464K), 0.0017518 secs] [Times: user=0.01 sys=0.00, real=0.00 secs] 
2868.102: [GC (Allocation Failure) [PSYoungGen: 66912K->1376K(67072K)] 428857K->363321K(574464K), 0.0017654 secs] [Times: user=0.01 sys=0.00, real=0.00 secs] 
2868.733: [GC (Allocation Failure) [PSYoungGen: 66912K->1408K(67072K)] 428857K->363353K(574464K), 0.0026403 secs] [Times: user=0.01 sys=0.00, real=0.00 secs] 
2869.344: [GC (Allocation Failure) [PSYoungGen: 66944K->1344K(67072K)] 428889K->363289K(574464K), 0.0025548 secs] [Times: user=0.01 sys=0.00, real=0.00 secs] 
2870.085: [GC (Allocation Failure) [PSYoungGen: 66880K->1408K(67072K)] 428825K->363353K(574464K), 0.0027137 secs] [Times: user=0.01 sys=0.00, real=0.00 secs] 
2871.299: [GC (Allocation Failure) [PSYoungGen: 66944K->1408K(67072K)] 428889K->363353K(574464K), 0.0038809 secs] [Times: user=0.01 sys=0.00, real=0.01 secs] 
2871.855: [GC (Allocation Failure) [PSYoungGen: 66944K->1344K(67072K)] 428889K->363289K(574464K), 0.0025140 secs] [Times: user=0.01 sys=0.00, real=0.00 secs] 
2872.156: [GC (Allocation Failure) [PSYoungGen: 66880K->1408K(67072K)] 428825K->363353K(574464K), 0.0021383 secs] [Times: user=0.01 sys=0.00, real=0.00 secs] 
2872.599: [GC (Allocation Failure) [PSYoungGen: 66944K->1376K(67072K)] 428889K->363321K(574464K), 0.0019963 secs] [Times: user=0.01 sys=0.00, real=0.00 secs] 
2873.453: [GC (Allocation Failure) [PSYoungGen: 66912K->1360K(67072K)] 428857K->363305K(574464K), 0.0015006 secs] [Times: user=0.01 sys=0.00, real=0.00 secs] 
2874.123: [GC (Allocation Failure) [PSYoungGen: 66896K->1408K(67072K)] 428841K->363353K(574464K), 0.0022274 secs] [Times: user=0.01 sys=0.00, real=0.00 secs] 
2874.637: [GC (Allocation Failure) [PSYoungGen: 66944K->1344K(67072K)] 428889K->363289K(574464K), 0.0028011 secs] [Times: user=0.01 sys=0.00, real=0.00 secs] 
2875.078: [GC (Allocation Failure) [PSYoungGen: 66880K->1344K(67072K)] 428825K->363289K(574464K), 0.0025855 secs] [Times: user=0.01 sys=0.00, real=0.00 secs] 
2875.678: [GC (Allocation Failure) [PSYoungGen: 66880K->1344K(67072K)] 428825K->363289K(574464K), 0.0025926 secs] [Times: user=0.01 sys=0.00, real=0.00 secs] 
2876.900: [GC (Allocation Failure) [PSYoungGen: 66880K->1376K(67072K)] 428825K->363321K(574464K), 0.0021062 secs] [Times: user=0.01 sys=0.00, real=0.01 secs] 
2877.599: [GC (Allocation Failure) [PSYoungGen: 66912K->1408K(67072K)] 428857K->363369K(574464K), 0.0033895 secs] [Times: user=0.02 sys=0.00, real=0.01 secs] 
2878.181: [GC (Allocation Failure) [PSYoungGen: 66944K->1344K(67072K)] 428905K->363305K(574464K), 0.0028909 secs] [Times: user=0.01 sys=0.00, real=0.00 secs] 
2878.793: [GC (Allocation Failure) [PSYoungGen: 66880K->1376K(67072K)] 428841K->363337K(574464K), 0.0025806 secs] [Times: user=0.01 sys=0.01, real=0.00 secs] 
2879.617: [GC (Allocation Failure) [PSYoungGen: 66912K->1373K(67072K)] 428873K->363334K(574464K), 0.0014880 secs] [Times: user=0.01 sys=0.00, real=0.00 secs] 
2880.273: [GC (Allocation Failure) [PSYoungGen: 66909K->1392K(67072K)] 428870K->363353K(574464K), 0.0021317 secs] [Times: user=0.01 sys=0.00, real=0.00 secs] 
2880.545: [GC (Allocation Failure) [PSYoungGen: 66928K->1392K(67072K)] 428889K->363353K(574464K), 0.0020122 secs] [Times: user=0.01 sys=0.00, real=0.00 secs] 
2880.898: [GC (Allocation Failure) [PSYoungGen: 66928K->1344K(67072K)] 428889K->363305K(574464K), 0.0020325 secs] [Times: user=0.01 sys=0.00, real=0.00 secs] 
2881.457: [GC (Allocation Failure) [PSYoungGen: 66880K->1344K(67072K)] 428841K->363305K(574464K), 0.0034279 secs] [Times: user=0.01 sys=0.00, real=0.00 secs] 
2882.595: [GC (Allocation Failure) [PSYoungGen: 66880K->1408K(67072K)] 428841K->363369K(574464K), 0.0029464 secs] [Times: user=0.01 sys=0.00, real=0.00 secs] 
2883.740: [GC (Allocation Failure) [PSYoungGen: 66944K->1344K(67072K)] 428905K->363305K(574464K), 0.0044198 secs] [Times: user=0.02 sys=0.00, real=0.01 secs] 
2884.647: [GC (Allocation Failure) [PSYoungGen: 66880K->1344K(67072K)] 428841K->363305K(574464K), 0.0037874 secs] [Times: user=0.01 sys=0.00, real=0.01 secs] 
2885.415: [GC (Allocation Failure) [PSYoungGen: 66880K->1376K(67072K)] 428841K->363337K(574464K), 0.0027165 secs] [Times: user=0.01 sys=0.00, real=0.00 secs] 
2886.404: [GC (Allocation Failure) [PSYoungGen: 66912K->1421K(67072K)] 428873K->363382K(574464K), 0.0021349 secs] [Times: user=0.01 sys=0.00, real=0.00 secs] 
2888.094: [GC (Allocation Failure) [PSYoungGen: 66957K->1376K(67072K)] 428918K->363337K(574464K), 0.0034024 secs] [Times: user=0.01 sys=0.00, real=0.00 secs] 
2889.345: [GC (Allocation Failure) [PSYoungGen: 66912K->1344K(67072K)] 428873K->363305K(574464K), 0.0037227 secs] [Times: user=0.02 sys=0.00, real=0.00 secs] 
2889.995: [GC (Allocation Failure) [PSYoungGen: 66880K->1408K(67072K)] 428841K->363369K(574464K), 0.0026379 secs] [Times: user=0.01 sys=0.00, real=0.00 secs] 
2890.525: [GC (Allocation Failure) [PSYoungGen: 66944K->1344K(67072K)] 428905K->363313K(574464K), 0.0022255 secs] [Times: user=0.01 sys=0.00, real=0.00 secs] 
2891.851: [GC (Allocation Failure) [PSYoungGen: 66880K->1408K(67072K)] 428849K->363377K(574464K), 0.0028886 secs] [Times: user=0.02 sys=0.00, real=0.00 secs] 
2892.617: [GC (Allocation Failure) [PSYoungGen: 66944K->1328K(67072K)] 428913K->363297K(574464K), 0.0026339 secs] [Times: user=0.01 sys=0.00, real=0.00 secs] 
2893.163: [GC (Allocation Failure) [PSYoungGen: 66864K->1344K(67072K)] 428833K->363313K(574464K), 0.0024328 secs] [Times: user=0.01 sys=0.00, real=0.00 secs] 
2893.545: [GC (Allocation Failure) [PSYoungGen: 66880K->1376K(67072K)] 428849K->363345K(574464K), 0.0020096 secs] [Times: user=0.01 sys=0.00, real=0.00 secs] 
2893.975: [GC (Allocation Failure) [PSYoungGen: 66912K->1376K(67072K)] 428881K->363345K(574464K), 0.0019192 secs] [Times: user=0.01 sys=0.00, real=0.00 secs] 
2894.948: [GC (Allocation Failure) [PSYoungGen: 66912K->1376K(67072K)] 428881K->363345K(574464K), 0.0021391 secs] [Times: user=0.00 sys=0.00, real=0.00 secs] 
2895.521: [GC (Allocation Failure) [PSYoungGen: 66912K->1344K(67072K)] 428881K->363313K(574464K), 0.0029547 secs] [Times: user=0.02 sys=0.00, real=0.00 secs] 
2896.171: [GC (Allocation Failure) [PSYoungGen: 66880K->1344K(67072K)] 428849K->363313K(574464K), 0.0023886 secs] [Times: user=0.01 sys=0.00, real=0.00 secs] 
2896.735: [GC (Allocation Failure) [PSYoungGen: 66880K->1376K(67072K)] 428849K->363345K(574464K), 0.0034445 secs] [Times: user=0.01 sys=0.00, real=0.00 secs] 
2897.667: [GC (Allocation Failure) [PSYoungGen: 66912K->1408K(67072K)] 428881K->363377K(574464K), 0.0018701 secs] [Times: user=0.01 sys=0.00, real=0.00 secs] 
2898.316: [GC (Allocation Failure) [PSYoungGen: 66944K->1376K(67072K)] 428913K->363345K(574464K), 0.0017457 secs] [Times: user=0.01 sys=0.00, real=0.00 secs] 
2898.983: [GC (Allocation Failure) [PSYoungGen: 66912K->1344K(67072K)] 428881K->363321K(574464K), 0.0021015 secs] [Times: user=0.01 sys=0.00, real=0.00 secs] 
2899.511: [GC (Allocation Failure) [PSYoungGen: 66880K->1344K(67072K)] 428857K->363321K(574464K), 0.0028935 secs] [Times: user=0.01 sys=0.00, real=0.00 secs] 
2899.973: [GC (Allocation Failure) [PSYoungGen: 66880K->1408K(67072K)] 428857K->363393K(574464K), 0.0027202 secs] [Times: user=0.01 sys=0.00, real=0.00 secs] 
2901.632: [GC (Allocation Failure) [PSYoungGen: 66944K->1376K(67072K)] 428929K->363361K(574464K), 0.0038604 secs] [Times: user=0.02 sys=0.00, real=0.00 secs] 
2902.618: [GC (Allocation Failure) [PSYoungGen: 66912K->1296K(67072K)] 428897K->363289K(574464K), 0.0027908 secs] [Times: user=0.01 sys=0.00, real=0.01 secs] 
2903.116: [GC (Allocation Failure) [PSYoungGen: 66832K->1408K(67072K)] 428825K->363401K(574464K), 0.0026363 secs] [Times: user=0.01 sys=0.00, real=0.00 secs] 
2903.674: [GC (Allocation Failure) [PSYoungGen: 66944K->1344K(67072K)] 428937K->363337K(574464K), 0.0025902 secs] [Times: user=0.01 sys=0.00, real=0.00 secs] 
2904.662: [GC (Allocation Failure) [PSYoungGen: 66880K->1504K(67072K)] 428873K->363497K(574464K), 0.0018487 secs] [Times: user=0.01 sys=0.00, real=0.00 secs] 
2905.365: [GC (Allocation Failure) [PSYoungGen: 67040K->1408K(67072K)] 429033K->363401K(574464K), 0.0020206 secs] [Times: user=0.01 sys=0.00, real=0.00 secs] 
2906.044: [GC (Allocation Failure) [PSYoungGen: 66944K->1376K(67072K)] 428937K->363369K(574464K), 0.0029786 secs] [Times: user=0.01 sys=0.00, real=0.00 secs] 
2906.700: [GC (Allocation Failure) [PSYoungGen: 66912K->1312K(67072K)] 428905K->363305K(574464K), 0.0023787 secs] [Times: user=0.01 sys=0.00, real=0.01 secs] 
2907.245: [GC (Allocation Failure) [PSYoungGen: 66848K->1344K(67072K)] 428841K->363337K(574464K), 0.0026138 secs] [Times: user=0.01 sys=0.00, real=0.00 secs] 
2908.226: [GC (Allocation Failure) [PSYoungGen: 66880K->1376K(67072K)] 428873K->363369K(574464K), 0.0019721 secs] [Times: user=0.00 sys=0.00, real=0.00 secs] 
2909.186: [GC (Allocation Failure) [PSYoungGen: 66912K->1344K(67072K)] 428905K->363345K(574464K), 0.0030573 secs] [Times: user=0.01 sys=0.00, real=0.00 secs] 
2909.795: [GC (Allocation Failure) [PSYoungGen: 66880K->1344K(67072K)] 428881K->363345K(574464K), 0.0029131 secs] [Times: user=0.01 sys=0.00, real=0.00 secs] 
2910.398: [GC (Allocation Failure) [PSYoungGen: 66880K->1344K(67072K)] 428881K->363345K(574464K), 0.0024787 secs] [Times: user=0.01 sys=0.00, real=0.00 secs] 
2911.467: [GC (Allocation Failure) [PSYoungGen: 66880K->1309K(67072K)] 428881K->363310K(574464K), 0.0015568 secs] [Times: user=0.00 sys=0.00, real=0.00 secs] 
2912.295: [GC (Allocation Failure) [PSYoungGen: 66845K->1408K(67072K)] 428846K->363409K(574464K), 0.0019917 secs] [Times: user=0.01 sys=0.00, real=0.00 secs] 
2912.926: [GC (Allocation Failure) [PSYoungGen: 66944K->1328K(67072K)] 428945K->363329K(574464K), 0.0028127 secs] [Times: user=0.01 sys=0.00, real=0.00 secs] 
2913.505: [GC (Allocation Failure) [PSYoungGen: 66864K->1344K(67072K)] 428865K->363345K(574464K), 0.0027493 secs] [Times: user=0.02 sys=0.00, real=0.00 secs] 
2914.097: [GC (Allocation Failure) [PSYoungGen: 66880K->1376K(67072K)] 428881K->363377K(574464K), 0.0023958 secs] [Times: user=0.01 sys=0.00, real=0.00 secs] 
2915.063: [GC (Allocation Failure) [PSYoungGen: 66912K->1408K(67072K)] 428913K->363409K(574464K), 0.0018167 secs] [Times: user=0.00 sys=0.00, real=0.00 secs] 
2915.336: [GC (Allocation Failure) [PSYoungGen: 66944K->1376K(67072K)] 428945K->363377K(574464K), 0.0016918 secs] [Times: user=0.00 sys=0.00, real=0.00 secs] 
2915.608: [GC (Allocation Failure) [PSYoungGen: 66912K->1376K(67072K)] 428913K->363377K(574464K), 0.0016696 secs] [Times: user=0.01 sys=0.00, real=0.00 secs] 
2916.035: [GC (Allocation Failure) [PSYoungGen: 66912K->1408K(67072K)] 428913K->363409K(574464K), 0.0019278 secs] [Times: user=0.01 sys=0.00, real=0.00 secs] 
2916.581: [GC (Allocation Failure) [PSYoungGen: 66944K->1405K(67072K)] 428945K->363406K(574464K), 0.0014902 secs] [Times: user=0.01 sys=0.00, real=0.00 secs] 
2917.340: [GC (Allocation Failure) [PSYoungGen: 66941K->1376K(67072K)] 428942K->363377K(574464K), 0.0019433 secs] [Times: user=0.01 sys=0.00, real=0.01 secs] 
2917.821: [GC (Allocation Failure) [PSYoungGen: 66912K->1344K(67072K)] 428913K->363353K(574464K), 0.0039105 secs] [Times: user=0.01 sys=0.01, real=0.00 secs] 
2918.332: [GC (Allocation Failure) [PSYoungGen: 66880K->1344K(67072K)] 428889K->363353K(574464K), 0.0028711 secs] [Times: user=0.01 sys=0.00, real=0.00 secs] 
2918.885: [GC (Allocation Failure) [PSYoungGen: 66880K->1376K(67072K)] 428889K->363385K(574464K), 0.0023772 secs] [Times: user=0.01 sys=0.00, real=0.00 secs] 
2919.842: [GC (Allocation Failure) [PSYoungGen: 66912K->1408K(67072K)] 428921K->363417K(574464K), 0.0017979 secs] [Times: user=0.01 sys=0.00, real=0.00 secs] 
2920.217: [GC (Allocation Failure) [PSYoungGen: 66944K->1360K(67072K)] 428953K->363369K(574464K), 0.0020054 secs] [Times: user=0.01 sys=0.00, real=0.00 secs] 
2920.587: [GC (Allocation Failure) [PSYoungGen: 66896K->1376K(67072K)] 428905K->363385K(574464K), 0.0019581 secs] [Times: user=0.01 sys=0.00, real=0.00 secs] 
2920.860: [GC (Allocation Failure) [PSYoungGen: 66912K->1376K(67072K)] 428921K->363385K(574464K), 0.0020703 secs] [Times: user=0.01 sys=0.00, real=0.01 secs] 
2921.260: [GC (Allocation Failure) [PSYoungGen: 66912K->1373K(67072K)] 428921K->363382K(574464K), 0.0019985 secs] [Times: user=0.01 sys=0.00, real=0.01 secs] 
2921.963: [GC (Allocation Failure) [PSYoungGen: 66909K->1344K(67072K)] 428918K->363353K(574464K), 0.0017628 secs] [Times: user=0.01 sys=0.00, real=0.00 secs] 
2922.272: [GC (Allocation Failure) [PSYoungGen: 66880K->1312K(67072K)] 428889K->363321K(574464K), 0.0019516 secs] [Times: user=0.01 sys=0.00, real=0.00 secs] 
2922.607: [GC (Allocation Failure) [PSYoungGen: 66848K->1312K(67072K)] 428857K->363321K(574464K), 0.0018475 secs] [Times: user=0.00 sys=0.00, real=0.00 secs] 
2922.957: [GC (Allocation Failure) [PSYoungGen: 66848K->1312K(67072K)] 428857K->363321K(574464K), 0.0019418 secs] [Times: user=0.00 sys=0.00, real=0.00 secs] 
2924.180: [GC (Allocation Failure) [PSYoungGen: 66848K->1344K(67072K)] 428857K->363353K(574464K), 0.0036885 secs] [Times: user=0.02 sys=0.00, real=0.01 secs] 
2925.400: [GC (Allocation Failure) [PSYoungGen: 66880K->1344K(67072K)] 428889K->363353K(574464K), 0.0035223 secs] [Times: user=0.01 sys=0.00, real=0.01 secs] 
2926.066: [GC (Allocation Failure) [PSYoungGen: 66880K->1376K(67072K)] 428889K->363385K(574464K), 0.0025852 secs] [Times: user=0.01 sys=0.00, real=0.00 secs] 
2926.742: [GC (Allocation Failure) [PSYoungGen: 66912K->1360K(67072K)] 428921K->363385K(574464K), 0.0027434 secs] [Times: user=0.01 sys=0.00, real=0.00 secs] 
2927.505: [GC (Allocation Failure) [PSYoungGen: 66896K->1376K(67072K)] 428921K->363401K(574464K), 0.0022763 secs] [Times: user=0.00 sys=0.00, real=0.00 secs] 
2929.260: [GC (Allocation Failure) [PSYoungGen: 66912K->1392K(67072K)] 428937K->363417K(574464K), 0.0037001 secs] [Times: user=0.01 sys=0.00, real=0.01 secs] 
2929.983: [GC (Allocation Failure) [PSYoungGen: 66928K->1344K(67072K)] 428953K->363369K(574464K), 0.0028017 secs] [Times: user=0.01 sys=0.00, real=0.00 secs] 
2930.531: [GC (Allocation Failure) [PSYoungGen: 66880K->1408K(67072K)] 428905K->363433K(574464K), 0.0026534 secs] [Times: user=0.01 sys=0.00, real=0.00 secs] 
2931.068: [GC (Allocation Failure) [PSYoungGen: 66944K->1344K(67072K)] 428969K->363369K(574464K), 0.0021826 secs] [Times: user=0.01 sys=0.00, real=0.00 secs] 
2932.020: [GC (Allocation Failure) [PSYoungGen: 66880K->1408K(67072K)] 428905K->364457K(574464K), 0.0019028 secs] [Times: user=0.00 sys=0.00, real=0.01 secs] 
2932.679: [GC (Allocation Failure) [PSYoungGen: 66944K->1376K(67072K)] 429993K->364425K(574464K), 0.0022812 secs] [Times: user=0.01 sys=0.00, real=0.01 secs] 
2933.271: [GC (Allocation Failure) [PSYoungGen: 66912K->1344K(67072K)] 429961K->364393K(574464K), 0.0028962 secs] [Times: user=0.01 sys=0.00, real=0.00 secs] 
2933.637: [GC (Allocation Failure) [PSYoungGen: 66880K->1344K(67072K)] 429929K->364393K(574464K), 0.0020389 secs] [Times: user=0.01 sys=0.01, real=0.00 secs] 
2933.910: [GC (Allocation Failure) [PSYoungGen: 66880K->1376K(67072K)] 429929K->364425K(574464K), 0.0019314 secs] [Times: user=0.00 sys=0.00, real=0.01 secs] 
2934.744: [GC (Allocation Failure) [PSYoungGen: 66912K->1392K(67072K)] 429961K->364441K(574464K), 0.0019488 secs] [Times: user=0.00 sys=0.00, real=0.00 secs] 
2935.340: [GC (Allocation Failure) [PSYoungGen: 66928K->1408K(67072K)] 429977K->364457K(574464K), 0.0022724 secs] [Times: user=0.01 sys=0.00, real=0.01 secs] 
2935.968: [GC (Allocation Failure) [PSYoungGen: 66944K->1344K(67072K)] 429993K->364393K(574464K), 0.0037131 secs] [Times: user=0.02 sys=0.00, real=0.01 secs] 
2936.654: [GC (Allocation Failure) [PSYoungGen: 66880K->1344K(67072K)] 429929K->364393K(574464K), 0.0028993 secs] [Times: user=0.01 sys=0.00, real=0.00 secs] 
2937.909: [GC (Allocation Failure) [PSYoungGen: 66880K->1472K(67072K)] 429929K->364521K(574464K), 0.0019210 secs] [Times: user=0.00 sys=0.00, real=0.00 secs] 
2938.187: [GC (Allocation Failure) [PSYoungGen: 67008K->1344K(67072K)] 430057K->364393K(574464K), 0.0021352 secs] [Times: user=0.01 sys=0.00, real=0.00 secs] 
2938.813: [GC (Allocation Failure) [PSYoungGen: 66880K->1344K(67072K)] 429929K->364401K(574464K), 0.0020725 secs] [Times: user=0.01 sys=0.00, real=0.00 secs] 
2939.346: [GC (Allocation Failure) [PSYoungGen: 66880K->1312K(67072K)] 429937K->364369K(574464K), 0.0021859 secs] [Times: user=0.01 sys=0.00, real=0.00 secs] 
2939.935: [GC (Allocation Failure) [PSYoungGen: 66848K->1344K(67072K)] 429905K->364401K(574464K), 0.0023026 secs] [Times: user=0.01 sys=0.00, real=0.00 secs] 
2942.535: [GC (Allocation Failure) [PSYoungGen: 66880K->1504K(67072K)] 429937K->365171K(574464K), 0.0038043 secs] [Times: user=0.02 sys=0.00, real=0.00 secs] 
2944.331: [GC (Allocation Failure) [PSYoungGen: 67040K->2016K(65536K)] 430707K->371002K(572928K), 0.0076599 secs] [Times: user=0.03 sys=0.00, real=0.00 secs] 
2947.505: [GC (Allocation Failure) [PSYoungGen: 65504K->4064K(67584K)] 434490K->387324K(574976K), 0.0261120 secs] [Times: user=0.15 sys=0.00, real=0.03 secs] 
2951.976: [GC (Allocation Failure) [PSYoungGen: 67552K->9696K(62976K)] 450812K->415797K(570368K), 0.0398553 secs] [Times: user=0.22 sys=0.01, real=0.04 secs] 
2952.322: [GC (Allocation Failure) [PSYoungGen: 62944K->19936K(73216K)] 469045K->440597K(580608K), 0.0198205 secs] [Times: user=0.11 sys=0.01, real=0.02 secs] 
2954.324: [GC (Allocation Failure) [PSYoungGen: 67048K->29152K(79360K)] 487709K->463165K(586752K), 0.0460389 secs] [Times: user=0.24 sys=0.03, real=0.04 secs] 
2955.342: [GC (Allocation Failure) [PSYoungGen: 79328K->39392K(89600K)] 513341K->486237K(596992K), 0.0320352 secs] [Times: user=0.18 sys=0.00, real=0.03 secs] 
2959.666: [GC (Allocation Failure) [PSYoungGen: 89568K->51168K(94720K)] 536413K->510101K(602112K), 0.0600329 secs] [Times: user=0.19 sys=0.14, real=0.06 secs] 
2959.797: [GC (Allocation Failure) [PSYoungGen: 94688K->64992K(108544K)] 553621K->531494K(615936K), 0.0294880 secs] [Times: user=0.17 sys=0.00, real=0.03 secs] 
2960.313: [GC (Allocation Failure) [PSYoungGen: 108512K->79840K(114688K)] 575014K->552862K(622080K), 0.0556204 secs] [Times: user=0.23 sys=0.10, real=0.05 secs] 
2960.405: [GC (Allocation Failure) [PSYoungGen: 114656K->96032K(131584K)] 587678K->569078K(638976K), 0.0433256 secs] [Times: user=0.25 sys=0.00, real=0.04 secs] 
2960.499: [GC (Allocation Failure) [PSYoungGen: 130848K->84192K(145920K)] 603894K->586094K(653312K), 0.0499271 secs] [Times: user=0.26 sys=0.04, real=0.05 secs] 
2960.549: [Full GC (Ergonomics) [PSYoungGen: 84192K->0K(145920K)] [ParOldGen: 501902K->229965K(650240K)] 586094K->229965K(796160K), [Metaspace: 59810K->59721K(1105920K)], 0.5711292 secs] [Times: user=2.70 sys=0.00, real=0.57 secs] 
2961.146: [GC (Allocation Failure) [PSYoungGen: 32256K->16000K(155648K)] 262221K->245965K(805888K), 0.0183616 secs] [Times: user=0.11 sys=0.00, real=0.02 secs] 
2962.062: [GC (Allocation Failure) [PSYoungGen: 48256K->23805K(148480K)] 278221K->253771K(798720K), 0.0402719 secs] [Times: user=0.24 sys=0.00, real=0.04 secs] 
2962.184: [GC (Allocation Failure) [PSYoungGen: 62717K->128K(153600K)] 292683K->253861K(803840K), 0.0306271 secs] [Times: user=0.18 sys=0.00, real=0.03 secs] 
2962.371: [GC (Allocation Failure) [PSYoungGen: 39040K->2656K(156672K)] 292773K->256389K(806912K), 0.0053332 secs] [Times: user=0.02 sys=0.00, real=0.00 secs] 
2962.440: [GC (Allocation Failure) [PSYoungGen: 49760K->15712K(158720K)] 303493K->271646K(808960K), 0.0061476 secs] [Times: user=0.03 sys=0.00, real=0.01 secs] 
2962.494: [GC (Allocation Failure) [PSYoungGen: 62816K->22720K(150528K)] 318750K->293194K(800768K), 0.0171206 secs] [Times: user=0.10 sys=0.01, real=0.02 secs] 
2962.747: [GC (Allocation Failure) [PSYoungGen: 79552K->28608K(156672K)] 350026K->319670K(806912K), 0.0148495 secs] [Times: user=0.09 sys=0.00, real=0.02 secs] 
2962.807: [GC (Allocation Failure) [PSYoungGen: 85440K->28064K(150016K)] 376502K->347634K(800256K), 0.0205594 secs] [Times: user=0.12 sys=0.00, real=0.02 secs] 
2962.874: [GC (Allocation Failure) [PSYoungGen: 96672K->36800K(155648K)] 416242K->384354K(805888K), 0.0214500 secs] [Times: user=0.12 sys=0.00, real=0.02 secs] 
2962.946: [GC (Allocation Failure) [PSYoungGen: 105408K->34112K(159232K)] 452962K->418414K(809472K), 0.0221333 secs] [Times: user=0.13 sys=0.00, real=0.02 secs] 
2964.332: [GC (Allocation Failure) [PSYoungGen: 116544K->47328K(162816K)] 500846K->465742K(813056K), 0.0606452 secs] [Times: user=0.36 sys=0.00, real=0.06 secs] 
2967.303: [GC (Allocation Failure) [PSYoungGen: 129760K->36288K(174080K)] 548174K->502034K(824320K), 0.0327855 secs] [Times: user=0.19 sys=0.01, real=0.03 secs] 
2968.301: [GC (Allocation Failure) [PSYoungGen: 135104K->8032K(177152K)] 600850K->509834K(827392K), 0.0564395 secs] [Times: user=0.33 sys=0.00, real=0.05 secs] 
2970.376: [GC (Allocation Failure) [PSYoungGen: 106848K->34784K(189440K)] 608650K->543367K(839680K), 0.0289937 secs] [Times: user=0.16 sys=0.00, real=0.03 secs] 
2970.579: [GC (Allocation Failure) [PSYoungGen: 152544K->58944K(192512K)] 661127K->599715K(842752K), 0.0345443 secs] [Times: user=0.17 sys=0.04, real=0.04 secs] 
2970.695: [GC (Allocation Failure) [PSYoungGen: 176704K->69376K(212480K)] 717475K->664899K(862720K), 0.0400681 secs] [Times: user=0.16 sys=0.08, real=0.04 secs] 
2970.735: [Full GC (Ergonomics) [PSYoungGen: 69376K->0K(212480K)] [ParOldGen: 595523K->163784K(639488K)] 664899K->163784K(851968K), [Metaspace: 59958K->59958K(1105920K)], 0.3783042 secs] [Times: user=1.76 sys=0.00, real=0.38 secs] 
2971.197: [GC (Allocation Failure) [PSYoungGen: 131584K->87328K(221184K)] 295368K->251112K(860672K), 0.0234569 secs] [Times: user=0.13 sys=0.00, real=0.02 secs] 
2972.105: [GC (Allocation Failure) [PSYoungGen: 218912K->29472K(249344K)] 382696K->263748K(888832K), 0.0389747 secs] [Times: user=0.23 sys=0.00, real=0.04 secs] 
2972.347: [GC (Allocation Failure) [PSYoungGen: 184608K->55296K(253952K)] 418884K->319108K(893440K), 0.0679608 secs] [Times: user=0.41 sys=0.00, real=0.07 secs] 
2972.570: [GC (Allocation Failure) [PSYoungGen: 210432K->79360K(273920K)] 474244K->392842K(913408K), 0.0329391 secs] [Times: user=0.18 sys=0.01, real=0.04 secs] 
2972.990: [GC (Allocation Failure) [PSYoungGen: 254976K->90528K(282112K)] 568458K->474774K(921600K), 0.0786865 secs] [Times: user=0.47 sys=0.00, real=0.08 secs] 
2976.661: [GC (Allocation Failure) [PSYoungGen: 266144K->35616K(315904K)] 650390K->510446K(955392K), 0.0964010 secs] [Times: user=0.57 sys=0.00, real=0.10 secs] 
2978.480: [GC (Allocation Failure) [PSYoungGen: 242976K->91904K(320512K)] 717806K->600535K(960000K), 0.0450419 secs] [Times: user=0.27 sys=0.00, real=0.05 secs] 
2978.750: [GC (GCLocker Initiated GC) [PSYoungGen: 299264K->108992K(352256K)] 807895K->700295K(991744K), 0.0699648 secs] [Times: user=0.35 sys=0.07, real=0.07 secs] 
2978.820: [Full GC (Ergonomics) [PSYoungGen: 108992K->0K(352256K)] [ParOldGen: 591303K->213126K(751104K)] 700295K->213126K(1103360K), [Metaspace: 59964K->59964K(1105920K)], 0.4917746 secs] [Times: user=2.23 sys=0.00, real=0.50 secs] 
2980.292: [GC (Allocation Failure) [PSYoungGen: 229888K->58432K(366080K)] 443017K->271561K(1117184K), 0.0585086 secs] [Times: user=0.35 sys=0.01, real=0.05 secs] 
2980.583: [GC (Allocation Failure) [PSYoungGen: 288320K->108096K(384512K)] 501449K->377629K(1135616K), 0.0458824 secs] [Times: user=0.25 sys=0.03, real=0.04 secs] 
2984.277: [GC (Allocation Failure) [PSYoungGen: 362146K->139744K(395776K)] 631680K->528365K(1146880K), 0.0606753 secs] [Times: user=0.35 sys=0.00, real=0.06 secs] 
2985.131: [GC (Allocation Failure) [PSYoungGen: 395744K->74624K(487424K)] 784365K->568397K(1238528K), 0.1010473 secs] [Times: user=0.54 sys=0.05, real=0.10 secs] 
2985.793: [GC (Allocation Failure) [PSYoungGen: 371584K->145856K(491008K)] 865357K->708810K(1242112K), 0.1058656 secs] [Times: user=0.63 sys=0.00, real=0.10 secs] 
2988.102: [GC (Allocation Failure) [PSYoungGen: 442816K->87648K(493056K)] 1005770K->796482K(1244160K), 0.1149198 secs] [Times: user=0.43 sys=0.25, real=0.11 secs] 
2988.217: [Full GC (Ergonomics) [PSYoungGen: 87648K->0K(493056K)] [ParOldGen: 708834K->80929K(701440K)] 796482K->80929K(1194496K), [Metaspace: 59979K->59979K(1105920K)], 0.1717332 secs] [Times: user=0.74 sys=0.01, real=0.17 secs] 
2988.640: [GC (Allocation Failure) [PSYoungGen: 297984K->147648K(492544K)] 378913K->228577K(1193984K), 0.0324334 secs] [Times: user=0.19 sys=0.00, real=0.04 secs] 
2993.793: [GC (Allocation Failure) [PSYoungGen: 445632K->85920K(494592K)] 526561K->314313K(1196032K), 0.1295893 secs] [Times: user=0.77 sys=0.00, real=0.13 secs] 
2994.194: [GC (Allocation Failure) [PSYoungGen: 382880K->148928K(445952K)] 611273K->457394K(1147392K), 0.0521279 secs] [Times: user=0.31 sys=0.00, real=0.05 secs] 
2996.110: [GC (Allocation Failure) [PSYoungGen: 445888K->88448K(501248K)] 754354K->546034K(1202688K), 0.1443063 secs] [Times: user=0.86 sys=0.00, real=0.15 secs] 
2996.519: [GC (Allocation Failure) [PSYoungGen: 374367K->140192K(492544K)] 831953K->682355K(1193984K), 0.0490258 secs] [Times: user=0.28 sys=0.01, real=0.05 secs] 
2996.568: [Full GC (Ergonomics) [PSYoungGen: 140192K->0K(492544K)] [ParOldGen: 542163K->198821K(870400K)] 682355K->198821K(1362944K), [Metaspace: 59982K->59982K(1105920K)], 0.4766904 secs] [Times: user=2.24 sys=0.00, real=0.48 secs] 
2998.067: [GC (Allocation Failure) [PSYoungGen: 294912K->95200K(489472K)] 493733K->294029K(1359872K), 0.0321237 secs] [Times: user=0.17 sys=0.02, real=0.03 secs] 
2999.144: [GC (Allocation Failure) [PSYoungGen: 393184K->143840K(492544K)] 592013K->434955K(1362944K), 0.0904447 secs] [Times: user=0.54 sys=0.01, real=0.09 secs] 
3002.022: [GC (Allocation Failure) [PSYoungGen: 441824K->100384K(493056K)] 732939K->526979K(1363456K), 0.0935432 secs] [Times: user=0.55 sys=0.00, real=0.09 secs] 
3002.565: [GC (Allocation Failure) [PSYoungGen: 404000K->144672K(495616K)] 830595K->670085K(1366016K), 0.0564214 secs] [Times: user=0.33 sys=0.00, real=0.06 secs] 
3005.505: [GC (Allocation Failure) [PSYoungGen: 448288K->98880K(498688K)] 973701K->760445K(1369088K), 0.0653127 secs] [Times: user=0.38 sys=0.01, real=0.06 secs] 
3006.221: [GC (Allocation Failure) [PSYoungGen: 407616K->145120K(499712K)] 1069181K->903700K(1370112K), 0.1169986 secs] [Times: user=0.67 sys=0.02, real=0.12 secs] 
3006.338: [Full GC (Ergonomics) [PSYoungGen: 145120K->0K(499712K)] [ParOldGen: 758580K->178948K(892416K)] 903700K->178948K(1392128K), [Metaspace: 59993K->59993K(1105920K)], 0.4673900 secs] [Times: user=2.23 sys=0.01, real=0.47 secs] 
3010.023: [GC (Allocation Failure) [PSYoungGen: 308736K->102720K(499200K)] 487684K->281668K(1391616K), 0.0899329 secs] [Times: user=0.52 sys=0.00, real=0.09 secs] 
3010.746: [GC (Allocation Failure) [PSYoungGen: 414016K->149280K(500736K)] 592964K->428137K(1393152K), 0.0520501 secs] [Times: user=0.31 sys=0.00, real=0.05 secs] 
3011.918: [GC (Allocation Failure) [PSYoungGen: 460576K->107904K(501760K)] 739433K->527153K(1394176K), 0.0788308 secs] [Times: user=0.47 sys=0.00, real=0.08 secs] 
3012.443: [GC (Allocation Failure) [PSYoungGen: 421248K->148480K(502272K)] 840497K->673718K(1394688K), 0.0740722 secs] [Times: user=0.44 sys=0.00, real=0.07 secs] 
3017.028: [GC (Allocation Failure) [PSYoungGen: 461824K->101760K(505344K)] 987062K->767310K(1397760K), 0.1390712 secs] [Times: user=0.83 sys=0.00, real=0.14 secs] 
3017.656: [GC (Allocation Failure) [PSYoungGen: 417152K->157152K(472576K)] 1082702K->922090K(1364992K), 0.0541005 secs] [Times: user=0.30 sys=0.02, real=0.05 secs] 
3017.711: [Full GC (Ergonomics) [PSYoungGen: 157152K->0K(472576K)] [ParOldGen: 764938K->188316K(941056K)] 922090K->188316K(1413632K), [Metaspace: 60008K->60008K(1105920K)], 0.4468051 secs] [Times: user=2.09 sys=0.00, real=0.45 secs] 
3019.725: [GC (Allocation Failure) [PSYoungGen: 315392K->108288K(507392K)] 503708K->296613K(1448448K), 0.0507534 secs] [Times: user=0.30 sys=0.00, real=0.05 secs] 
3020.589: [GC (Allocation Failure) [PSYoungGen: 418560K->149120K(501760K)] 606885K->442618K(1442816K), 0.1243377 secs] [Times: user=0.73 sys=0.00, real=0.13 secs] 
3024.817: [GC (Allocation Failure) [PSYoungGen: 459392K->97952K(503808K)] 752890K->532158K(1444864K), 0.1640265 secs] [Times: user=0.98 sys=0.00, real=0.17 secs] 
3025.945: [GC (Allocation Failure) [PSYoungGen: 409248K->158880K(470528K)] 843454K->687042K(1411584K), 0.0502846 secs] [Times: user=0.30 sys=0.00, real=0.05 secs] 
3027.394: [GC (Allocation Failure) [PSYoungGen: 470176K->108320K(504320K)] 998338K->778874K(1445376K), 0.0658222 secs] [Times: user=0.39 sys=0.00, real=0.06 secs] 
3028.028: [GC (GCLocker Initiated GC) [PSYoungGen: 412960K->141632K(499200K)] 1083514K->917428K(1440256K), 0.0860464 secs] [Times: user=0.50 sys=0.00, real=0.09 secs] 
3028.114: [Full GC (Ergonomics) [PSYoungGen: 141632K->0K(499200K)] [ParOldGen: 775796K->191240K(983040K)] 917428K->191240K(1482240K), [Metaspace: 60021K->60021K(1105920K)], 0.4741847 secs] [Times: user=2.24 sys=0.00, real=0.47 secs] 
3031.755: [GC (Allocation Failure) [PSYoungGen: 304640K->104320K(500736K)] 495883K->295563K(1483776K), 0.0967824 secs] [Times: user=0.57 sys=0.01, real=0.10 secs] 
3032.859: [GC (Allocation Failure) [PSYoungGen: 412544K->147648K(499200K)] 603787K->439588K(1482240K), 0.0507175 secs] [Times: user=0.30 sys=0.00, real=0.05 secs] 
3034.820: [GC (Allocation Failure) [PSYoungGen: 455872K->102080K(504320K)] 747812K->532796K(1487360K), 0.1022459 secs] [Times: user=0.61 sys=0.00, real=0.11 secs] 
3035.232: [GC (Allocation Failure) [PSYoungGen: 416448K->154656K(469504K)] 847164K->683589K(1452544K), 0.0510153 secs] [Times: user=0.31 sys=0.00, real=0.05 secs] 
3038.426: [GC (Allocation Failure) [PSYoungGen: 469024K->101856K(506368K)] 997957K->776841K(1489408K), 0.1734021 secs] [Times: user=1.03 sys=0.00, real=0.17 secs] 
3039.516: [GC (Allocation Failure) [PSYoungGen: 412640K->150336K(503296K)] 1087625K->923534K(1486336K), 0.0504600 secs] [Times: user=0.30 sys=0.00, real=0.05 secs] 
3042.319: [GC (Allocation Failure) [PSYoungGen: 461120K->98080K(504320K)] 1234318K->1013102K(1487360K), 0.2010297 secs] [Times: user=0.78 sys=0.42, real=0.20 secs] 
3042.520: [Full GC (Ergonomics) [PSYoungGen: 98080K->0K(504320K)] [ParOldGen: 915022K->50465K(884224K)] 1013102K->50465K(1388544K), [Metaspace: 60047K->60047K(1105920K)], 0.1248368 secs] [Times: user=0.56 sys=0.00, real=0.13 secs] 
3042.944: [GC (Allocation Failure) [PSYoungGen: 309760K->151008K(460800K)] 360225K->201474K(1345024K), 0.0300467 secs] [Times: user=0.18 sys=0.00, real=0.03 secs] 
3045.897: [GC (Allocation Failure) [PSYoungGen: 460768K->101696K(504832K)] 511234K->294638K(1389056K), 0.1647731 secs] [Times: user=0.98 sys=0.00, real=0.17 secs] 
3046.605: [GC (Allocation Failure) [PSYoungGen: 409408K->151360K(501760K)] 602350K->441574K(1385984K), 0.0494825 secs] [Times: user=0.29 sys=0.00, real=0.05 secs] 
3048.146: [GC (Allocation Failure) [PSYoungGen: 459072K->103648K(501760K)] 749286K->536654K(1385984K), 0.0822428 secs] [Times: user=0.49 sys=0.00, real=0.08 secs] 
3049.056: [GC (GCLocker Initiated GC) [PSYoungGen: 411360K->148480K(501760K)] 844367K->679124K(1385984K), 0.0880485 secs] [Times: user=0.52 sys=0.00, real=0.09 secs] 
3050.787: [GC (Allocation Failure) [PSYoungGen: 456192K->104672K(500736K)] 986839K->775695K(1384960K), 0.1308495 secs] [Times: user=0.74 sys=0.00, real=0.13 secs] 
3051.363: [GC (Allocation Failure) [PSYoungGen: 408450K->147296K(501760K)] 1079473K->919349K(1385984K), 0.0505335 secs] [Times: user=0.30 sys=0.00, real=0.05 secs] 
3051.414: [Full GC (Ergonomics) [PSYoungGen: 147296K->0K(501760K)] [ParOldGen: 772053K->199488K(1069568K)] 919349K->199488K(1571328K), [Metaspace: 60051K->60051K(1105920K)], 0.4793307 secs] [Times: user=2.24 sys=0.00, real=0.48 secs] 
3054.362: [GC (Allocation Failure) [PSYoungGen: 308736K->101440K(502272K)] 508224K->300937K(1571840K), 0.0376666 secs] [Times: user=0.22 sys=0.00, real=0.03 secs] 
3054.747: [GC (Allocation Failure) [PSYoungGen: 409032K->149184K(503296K)] 608529K->446933K(1572864K), 0.0533749 secs] [Times: user=0.31 sys=0.00, real=0.05 secs] 
3056.506: [GC (Allocation Failure) [PSYoungGen: 460480K->101696K(504320K)] 758229K->540541K(1573888K), 0.1226748 secs] [Times: user=0.72 sys=0.01, real=0.12 secs] 
3057.937: [GC (Allocation Failure) [PSYoungGen: 411586K->148736K(504320K)] 850432K->685295K(1573888K), 0.0821967 secs] [Times: user=0.48 sys=0.00, real=0.08 secs] 
3061.456: [GC (Allocation Failure) [PSYoungGen: 461056K->103264K(503296K)] 997615K->780423K(1572864K), 0.1517790 secs] [Times: user=0.91 sys=0.00, real=0.15 secs] 
3062.159: [GC (Allocation Failure) [PSYoungGen: 414892K->148288K(503808K)] 1092052K->925015K(1573376K), 0.0502369 secs] [Times: user=0.30 sys=0.00, real=0.05 secs] 
3064.473: [GC (Allocation Failure) [PSYoungGen: 460608K->102144K(505344K)] 1237335K->1018191K(1574912K), 0.1575018 secs] [Times: user=0.91 sys=0.03, real=0.15 secs] 
3064.631: [Full GC (Ergonomics) [PSYoungGen: 102144K->0K(505344K)] [ParOldGen: 916047K->55337K(965632K)] 1018191K->55337K(1470976K), [Metaspace: 60055K->60055K(1105920K)], 0.1412989 secs] [Times: user=0.64 sys=0.00, real=0.15 secs] 
3065.477: [GC (Allocation Failure) [PSYoungGen: 310161K->148448K(505344K)] 365498K->203785K(1470976K), 0.0295150 secs] [Times: user=0.17 sys=0.00, real=0.03 secs] 
3068.694: [GC (Allocation Failure) [PSYoungGen: 462304K->101984K(504320K)] 517641K->297737K(1469952K), 0.1630117 secs] [Times: user=0.97 sys=0.00, real=0.16 secs] 
3069.150: [GC (Allocation Failure) [PSYoungGen: 411647K->148576K(504832K)] 607401K->442936K(1470464K), 0.0489989 secs] [Times: user=0.29 sys=0.00, real=0.05 secs] 
3070.773: [GC (Allocation Failure) [PSYoungGen: 462432K->104768K(504320K)] 756792K->539260K(1469952K), 0.1004773 secs] [Times: user=0.59 sys=0.01, real=0.10 secs] 
3071.891: [GC (Allocation Failure) [PSYoungGen: 409723K->145120K(504832K)] 844215K->681089K(1470464K), 0.1114662 secs] [Times: user=0.66 sys=0.00, real=0.12 secs] 
3074.812: [GC (Allocation Failure) [PSYoungGen: 459488K->104352K(504320K)] 995457K->777329K(1469952K), 0.1538141 secs] [Times: user=0.91 sys=0.00, real=0.15 secs] 
3075.301: [GC (Allocation Failure) [PSYoungGen: 407451K->146848K(505856K)] 1080428K->920550K(1471488K), 0.0503642 secs] [Times: user=0.30 sys=0.00, real=0.05 secs] 
3077.240: [GC (Allocation Failure) [PSYoungGen: 463776K->105952K(505856K)] 1237478K->1017838K(1471488K), 0.0915256 secs] [Times: user=0.54 sys=0.00, real=0.10 secs] 
3077.332: [Full GC (Ergonomics) [PSYoungGen: 105952K->0K(505856K)] [ParOldGen: 911886K->59866K(1004544K)] 1017838K->59866K(1510400K), [Metaspace: 60064K->60064K(1105920K)], 0.1206035 secs] [Times: user=0.52 sys=0.00, real=0.12 secs] 
3078.242: [GC (Allocation Failure) [PSYoungGen: 318976K->168512K(487936K)] 378842K->228378K(1492480K), 0.0745862 secs] [Times: user=0.44 sys=0.00, real=0.07 secs] 
3081.471: [GC (Allocation Failure) [PSYoungGen: 487488K->96480K(502272K)] 547354K->308594K(1506816K), 0.1491959 secs] [Times: user=0.85 sys=0.00, real=0.15 secs] 
3081.880: [GC (Allocation Failure) [PSYoungGen: 401120K->149440K(454144K)] 613234K->454003K(1458688K), 0.0551369 secs] [Times: user=0.32 sys=0.01, real=0.06 secs] 
3083.273: [GC (Allocation Failure) [PSYoungGen: 454080K->92064K(501760K)] 758643K->546155K(1506304K), 0.1099742 secs] [Times: user=0.65 sys=0.01, real=0.11 secs] 
3083.880: [GC (Allocation Failure) [PSYoungGen: 382316K->139360K(443392K)] 836407K->682278K(1447936K), 0.0634854 secs] [Times: user=0.38 sys=0.00, real=0.07 secs] 
3085.814: [GC (Allocation Failure) [PSYoungGen: 442976K->101792K(502272K)] 985894K->775974K(1506816K), 0.1154153 secs] [Times: user=0.68 sys=0.00, real=0.11 secs] 
3086.678: [GC (Allocation Failure) [PSYoungGen: 408480K->149440K(499200K)] 1082662K->921274K(1503744K), 0.0496832 secs] [Times: user=0.29 sys=0.00, real=0.05 secs] 
3089.014: [GC (Allocation Failure) [PSYoungGen: 456128K->98176K(504320K)] 1227962K->1010663K(1508864K), 0.1648305 secs] [Times: user=0.98 sys=0.00, real=0.16 secs] 
3089.179: [Full GC (Ergonomics) [PSYoungGen: 98176K->0K(504320K)] [ParOldGen: 912486K->51738K(1035776K)] 1010663K->51738K(1540096K), [Metaspace: 60079K->60079K(1105920K)], 0.1425559 secs] [Times: user=0.66 sys=0.00, real=0.15 secs] 
3089.852: [GC (Allocation Failure) [PSYoungGen: 309760K->152512K(462336K)] 361498K->204250K(1498112K), 0.0299930 secs] [Times: user=0.17 sys=0.00, real=0.03 secs] 
3091.337: [GC (Allocation Failure) [PSYoungGen: 462272K->102976K(504832K)] 514010K->299178K(1540608K), 0.0983635 secs] [Times: user=0.59 sys=0.00, real=0.10 secs] 
3091.964: [GC (GCLocker Initiated GC) [PSYoungGen: 410688K->147104K(501760K)] 606890K->443195K(1537536K), 0.0749083 secs] [Times: user=0.44 sys=0.00, real=0.07 secs] 
3095.612: [GC (Allocation Failure) [PSYoungGen: 454816K->99008K(502272K)] 750910K->533662K(1538048K), 0.1533056 secs] [Times: user=0.91 sys=0.00, real=0.15 secs] 
3096.281: [GC (Allocation Failure) [PSYoungGen: 408256K->150880K(460288K)] 842910K->680479K(1496064K), 0.0486400 secs] [Times: user=0.29 sys=0.00, real=0.04 secs] 
3100.060: [GC (Allocation Failure) [PSYoungGen: 460128K->100448K(504832K)] 989727K->772151K(1540608K), 0.1616808 secs] [Times: user=0.96 sys=0.00, real=0.17 secs] 
3100.997: [GC (Allocation Failure) [PSYoungGen: 408672K->149728K(502272K)] 1080375K->918688K(1538048K), 0.0698655 secs] [Times: user=0.41 sys=0.01, real=0.07 secs] 
3104.640: [GC (Allocation Failure) [PSYoungGen: 457952K->98272K(502272K)] 1226912K->1008880K(1538048K), 0.1598696 secs] [Times: user=0.96 sys=0.00, real=0.16 secs] 
3104.800: [Full GC (Ergonomics) [PSYoungGen: 98272K->0K(502272K)] [ParOldGen: 910608K->49771K(1070592K)] 1008880K->49771K(1572864K), [Metaspace: 60093K->60093K(1105920K)], 0.1394070 secs] [Times: user=0.60 sys=0.00, real=0.14 secs] 
3105.833: [GC (Allocation Failure) [PSYoungGen: 308224K->149440K(502272K)] 357995K->199211K(1572864K), 0.0295661 secs] [Times: user=0.18 sys=0.00, real=0.03 secs] 
3108.586: [GC (Allocation Failure) [PSYoungGen: 457664K->100960K(502272K)] 507435K->291915K(1572864K), 0.1704908 secs] [Times: user=1.01 sys=0.00, real=0.17 secs] 
3109.350: [GC (Allocation Failure) [PSYoungGen: 409184K->151136K(459776K)] 600139K->439721K(1530368K), 0.0495173 secs] [Times: user=0.29 sys=0.00, real=0.05 secs] 
3112.023: [GC (Allocation Failure) [PSYoungGen: 459360K->98848K(503808K)] 747945K->530393K(1574400K), 0.1716932 secs] [Times: user=1.02 sys=0.00, real=0.17 secs] 
3112.569: [GC (Allocation Failure) [PSYoungGen: 405536K->147552K(501760K)] 837081K->674871K(1572352K), 0.0491231 secs] [Times: user=0.29 sys=0.00, real=0.05 secs] 
3116.452: [GC (Allocation Failure) [PSYoungGen: 454240K->100704K(500224K)] 981559K->766951K(1570816K), 0.1518318 secs] [Times: user=0.90 sys=0.01, real=0.15 secs] 
3117.853: [GC (Allocation Failure) [PSYoungGen: 407904K->147456K(501248K)] 1074151K->910600K(1571840K), 0.0502294 secs] [Times: user=0.29 sys=0.00, real=0.05 secs] 
3120.121: [GC (GCLocker Initiated GC) [PSYoungGen: 454656K->101216K(501248K)] 1217800K->1002992K(1571840K), 0.1584646 secs] [Times: user=0.94 sys=0.00, real=0.16 secs] 
3120.279: [Full GC (Ergonomics) [PSYoungGen: 101216K->0K(501248K)] [ParOldGen: 901776K->43135K(1096704K)] 1002992K->43135K(1597952K), [Metaspace: 60104K->60104K(1105920K)], 0.1222097 secs] [Times: user=0.51 sys=0.00, real=0.13 secs] 
3121.231: [GC (Allocation Failure) [PSYoungGen: 309248K->144928K(502272K)] 352386K->188066K(1598976K), 0.0386533 secs] [Times: user=0.23 sys=0.00, real=0.03 secs] 
3124.519: [GC (Allocation Failure) [PSYoungGen: 454176K->105344K(499712K)] 497314K->285314K(1596416K), 0.1317515 secs] [Times: user=0.78 sys=0.00, real=0.14 secs] 
3126.386: [GC (Allocation Failure) [PSYoungGen: 417152K->145568K(502272K)] 597122K->428138K(1598976K), 0.0513342 secs] [Times: user=0.31 sys=0.00, real=0.05 secs] 
3127.710: [GC (Allocation Failure) [PSYoungGen: 457376K->108448K(502784K)] 739946K->527322K(1599488K), 0.0752068 secs] [Times: user=0.44 sys=0.01, real=0.08 secs] 
3128.117: [GC (Allocation Failure) [PSYoungGen: 424864K->152576K(504832K)] 843738K->676428K(1601536K), 0.0528783 secs] [Times: user=0.32 sys=0.00, real=0.05 secs] 
3130.794: [GC (GCLocker Initiated GC) [PSYoungGen: 468992K->104640K(507904K)] 992845K->772925K(1604608K), 0.1696874 secs] [Times: user=1.00 sys=0.00, real=0.17 secs] 
3131.415: [GC (Allocation Failure) [PSYoungGen: 421056K->146208K(506368K)] 1105727K->932457K(1603072K), 0.2112220 secs] [Times: user=1.25 sys=0.01, real=0.21 secs] 
3135.026: [GC (Allocation Failure) [PSYoungGen: 462624K->94368K(507904K)] 1248873K->1027345K(1604608K), 0.3852770 secs] [Times: user=2.30 sys=0.00, real=0.38 secs] 
3135.411: [Full GC (Ergonomics) [PSYoungGen: 94368K->0K(507904K)] [ParOldGen: 932977K->69465K(1139712K)] 1027345K->69465K(1647616K), [Metaspace: 60106K->60106K(1105920K)], 0.1381300 secs] [Times: user=0.60 sys=0.00, real=0.14 secs] 
3136.170: [GC (Allocation Failure) [PSYoungGen: 316928K->153792K(471040K)] 386393K->223257K(1610752K), 0.0604292 secs] [Times: user=0.36 sys=0.00, real=0.06 secs] 
3138.182: [GC (Allocation Failure) [PSYoungGen: 470720K->99808K(506368K)] 540185K->322953K(1646080K), 0.1170431 secs] [Times: user=0.69 sys=0.00, real=0.11 secs] 
3138.631: [GC (Allocation Failure) [PSYoungGen: 411104K->155360K(466944K)] 634249K->472432K(1606656K), 0.0652841 secs] [Times: user=0.39 sys=0.00, real=0.06 secs] 
3141.625: [GC (Allocation Failure) [PSYoungGen: 466656K->91744K(502272K)] 783728K->564296K(1641984K), 0.1134792 secs] [Times: user=0.68 sys=0.00, real=0.11 secs] 
3142.018: [GC (Allocation Failure) [PSYoungGen: 396384K->152768K(457728K)] 868936K->710921K(1597440K), 0.0547737 secs] [Times: user=0.32 sys=0.01, real=0.06 secs] 
3144.673: [GC (Allocation Failure) [PSYoungGen: 457408K->89152K(499712K)] 1015561K->800225K(1639424K), 0.1112184 secs] [Times: user=0.66 sys=0.00, real=0.11 secs] 
3145.613: [GC (Allocation Failure) [PSYoungGen: 388672K->149248K(449024K)] 1099745K->944195K(1588736K), 0.0702857 secs] [Times: user=0.42 sys=0.00, real=0.07 secs] 
3149.305: [GC (Allocation Failure) [PSYoungGen: 448768K->86112K(498688K)] 1243715K->1030507K(1638400K), 0.1403387 secs] [Times: user=0.82 sys=0.01, real=0.14 secs] 
3149.445: [Full GC (Ergonomics) [PSYoungGen: 86112K->0K(498688K)] [ParOldGen: 944395K->70117K(1185280K)] 1030507K->70117K(1683968K), [Metaspace: 60107K->60107K(1105920K)], 0.1716620 secs] [Times: user=0.80 sys=0.00, real=0.17 secs] 
3149.819: [GC (Allocation Failure) [PSYoungGen: 297472K->147616K(445440K)] 367589K->217733K(1630720K), 0.0336760 secs] [Times: user=0.20 sys=0.00, real=0.04 secs] 
3152.187: [GC (Allocation Failure) [PSYoungGen: 445088K->88864K(498688K)] 515205K->306357K(1683968K), 0.1573004 secs] [Times: user=0.94 sys=0.00, real=0.16 secs] 
3152.922: [GC (Allocation Failure) [PSYoungGen: 385312K->143264K(496640K)] 602805K->445845K(1681920K), 0.0862628 secs] [Times: user=0.51 sys=0.00, real=0.08 secs] 
3155.484: [GC (Allocation Failure) [PSYoungGen: 439712K->95360K(494080K)] 742293K->532701K(1679360K), 0.1468427 secs] [Times: user=0.87 sys=0.01, real=0.14 secs] 
3156.754: [GC (Allocation Failure) [PSYoungGen: 393344K->142464K(495616K)] 830685K->671450K(1680896K), 0.0473959 secs] [Times: user=0.28 sys=0.00, real=0.05 secs] 
3158.350: [GC (Allocation Failure) [PSYoungGen: 440448K->100608K(494592K)] 969434K->762890K(1679872K), 0.1335682 secs] [Times: user=0.79 sys=0.00, real=0.14 secs] 
3158.995: [GC (Allocation Failure) [PSYoungGen: 403712K->144640K(497664K)] 1065994K->905407K(1682944K), 0.0508114 secs] [Times: user=0.30 sys=0.00, real=0.05 secs] 
3161.223: [GC (Allocation Failure) [PSYoungGen: 447744K->103008K(497664K)] 1208511K->999719K(1682944K), 0.0989200 secs] [Times: user=0.59 sys=0.00, real=0.10 secs] 
3162.086: [GC (Allocation Failure) [PSYoungGen: 411232K->155264K(500224K)] 1307943K->1153050K(1685504K), 0.0768509 secs] [Times: user=0.36 sys=0.08, real=0.08 secs] 
3162.163: [Full GC (Ergonomics) [PSYoungGen: 155264K->0K(500224K)] [ParOldGen: 997786K->182458K(1314304K)] 1153050K->182458K(1814528K), [Metaspace: 60107K->60107K(1105920K)], 0.4327038 secs] [Times: user=2.02 sys=0.00, real=0.43 secs] 
3166.747: [GC (Allocation Failure) [PSYoungGen: 308224K->97440K(503808K)] 490682K->279898K(1818112K), 0.0855448 secs] [Times: user=0.51 sys=0.00, real=0.09 secs] 
3168.352: [GC (Allocation Failure) [PSYoungGen: 403616K->146304K(501248K)] 586074K->423931K(1815552K), 0.0505364 secs] [Times: user=0.30 sys=0.00, real=0.05 secs] 
3170.494: [GC (Allocation Failure) [PSYoungGen: 452480K->103264K(498176K)] 730107K->518995K(1812480K), 0.1547710 secs] [Times: user=0.91 sys=0.00, real=0.15 secs] 
3171.739: [GC (Allocation Failure) [PSYoungGen: 410464K->153408K(500224K)] 826195K->670285K(1814528K), 0.0813638 secs] [Times: user=0.48 sys=0.00, real=0.08 secs] 
3173.763: [GC (Allocation Failure) [PSYoungGen: 460608K->104352K(502272K)] 977485K->758185K(1816576K), 0.0715378 secs] [Times: user=0.43 sys=0.01, real=0.07 secs] 
3175.028: [GC (Allocation Failure) [PSYoungGen: 411552K->142496K(501248K)] 1065385K->898282K(1815552K), 0.0524991 secs] [Times: user=0.31 sys=0.00, real=0.06 secs] 
3177.532: [GC (Allocation Failure) [PSYoungGen: 449696K->107488K(497664K)] 1205482K->996306K(1811968K), 0.0871984 secs] [Times: user=0.52 sys=0.01, real=0.08 secs] 
3178.893: [GC (Allocation Failure) [PSYoungGen: 418272K->143712K(500736K)] 1307090K->1137447K(1815040K), 0.0531924 secs] [Times: user=0.32 sys=0.00, real=0.05 secs] 
3180.345: [GC (Allocation Failure) [PSYoungGen: 454496K->109504K(502784K)] 1448231K->1237331K(1817088K), 0.1178845 secs] [Times: user=0.57 sys=0.13, real=0.12 secs] 
3181.159: [GC (Allocation Failure) [PSYoungGen: 427456K->150880K(505344K)] 1555283K->1386120K(1819648K), 0.0662186 secs] [Times: user=0.32 sys=0.07, real=0.07 secs] 
3181.225: [Full GC (Ergonomics) [PSYoungGen: 150880K->0K(505344K)] [ParOldGen: 1235240K->183568K(1342464K)] 1386120K->183568K(1847808K), [Metaspace: 60109K->60109K(1105920K)], 0.4343184 secs] [Times: user=2.03 sys=0.00, real=0.43 secs] 
3183.292: [GC (Allocation Failure) [PSYoungGen: 317952K->108160K(507904K)] 501520K->291728K(1850368K), 0.0743641 secs] [Times: user=0.44 sys=0.01, real=0.07 secs] 
3184.335: [GC (GCLocker Initiated GC) [PSYoungGen: 428672K->155360K(476160K)] 612240K->444014K(1818624K), 0.0627496 secs] [Times: user=0.37 sys=0.00, real=0.06 secs] 
3187.135: [GC (Allocation Failure) [PSYoungGen: 475872K->100576K(507904K)] 764529K->536445K(1850368K), 0.1810890 secs] [Times: user=1.08 sys=0.00, real=0.18 secs] 
3187.929: [GC (Allocation Failure) [PSYoungGen: 415968K->153728K(469504K)] 851837K->686234K(1811968K), 0.0503887 secs] [Times: user=0.29 sys=0.00, real=0.05 secs] 
3191.012: [GC (Allocation Failure) [PSYoungGen: 469120K->101440K(506368K)] 1001626K->778846K(1848832K), 0.1478312 secs] [Times: user=0.88 sys=0.00, real=0.14 secs] 
3192.278: [GC (Allocation Failure) [PSYoungGen: 412251K->149696K(503808K)] 1089658K->925188K(1846272K), 0.1381545 secs] [Times: user=0.82 sys=0.00, real=0.14 secs] 
3194.176: [GC (Allocation Failure) [PSYoungGen: 460992K->105568K(502784K)] 1236484K->1022268K(1845248K), 0.1192759 secs] [Times: user=0.71 sys=0.00, real=0.12 secs] 
3194.832: [GC (Allocation Failure) [PSYoungGen: 409930K->144704K(503296K)] 1326630K->1164029K(1845760K), 0.0732814 secs] [Times: user=0.43 sys=0.00, real=0.07 secs] 
3197.509: [GC (Allocation Failure) [PSYoungGen: 456000K->103200K(502272K)] 1475325K->1258785K(1844736K), 0.0807411 secs] [Times: user=0.48 sys=0.00, real=0.08 secs] 
3198.248: [GC (Allocation Failure) [PSYoungGen: 404672K->146848K(504320K)] 1560257K->1402438K(1846784K), 0.0785330 secs] [Times: user=0.44 sys=0.02, real=0.08 secs] 
3198.327: [Full GC (Ergonomics) [PSYoungGen: 146848K->0K(504320K)] [ParOldGen: 1255590K->196413K(1398272K)] 1402438K->196413K(1902592K), [Metaspace: 60135K->60135K(1105920K)], 0.5200121 secs] [Times: user=2.44 sys=0.00, real=0.52 secs] 
3200.908: [GC (Allocation Failure) [PSYoungGen: 314368K->102656K(505856K)] 510781K->299069K(1904128K), 0.0506776 secs] [Times: user=0.29 sys=0.01, real=0.05 secs] 
3201.731: [GC (Allocation Failure) [PSYoungGen: 409276K->147680K(506368K)] 605690K->443258K(1904640K), 0.0843899 secs] [Times: user=0.50 sys=0.00, real=0.08 secs] 
3204.881: [GC (Allocation Failure) [PSYoungGen: 464608K->101632K(507392K)] 760186K->536826K(1905664K), 0.1309807 secs] [Times: user=0.74 sys=0.01, real=0.13 secs] 
3205.725: [GC (Allocation Failure) [PSYoungGen: 413288K->149696K(467968K)] 848483K->682764K(1866240K), 0.0495003 secs] [Times: user=0.30 sys=0.01, real=0.05 secs] 
3209.608: [GC (Allocation Failure) [PSYoungGen: 467648K->104096K(508928K)] 1000716K->778552K(1907200K), 0.1683507 secs] [Times: user=1.00 sys=0.00, real=0.17 secs] 
3210.118: [GC (Allocation Failure) [PSYoungGen: 408595K->147744K(506368K)] 1083052K->922017K(1904640K), 0.0502821 secs] [Times: user=0.30 sys=0.00, real=0.05 secs] 
3212.561: [GC (Allocation Failure) [PSYoungGen: 464160K->106752K(504832K)] 1238433K->1020389K(1903104K), 0.1755788 secs] [Times: user=1.05 sys=0.00, real=0.18 secs] 
3212.991: [GC (Allocation Failure) [PSYoungGen: 410094K->144704K(505856K)] 1323732K->1161578K(1904128K), 0.0516084 secs] [Times: user=0.31 sys=0.00, real=0.05 secs] 
3214.891: [GC (Allocation Failure) [PSYoungGen: 461632K->108672K(504320K)] 1478506K->1261186K(1902592K), 0.1203912 secs] [Times: user=0.71 sys=0.00, real=0.12 secs] 
3216.267: [GC (Allocation Failure) [PSYoungGen: 429184K->153472K(506880K)] 1581698K->1411051K(1905152K), 0.1296917 secs] [Times: user=0.78 sys=0.00, real=0.13 secs] 
3216.397: [Full GC (Ergonomics) [PSYoungGen: 153472K->0K(506880K)] [ParOldGen: 1257579K->208431K(1398272K)] 1411051K->208431K(1905152K), [Metaspace: 60137K->60137K(1105920K)], 0.5391276 secs] [Times: user=2.59 sys=0.00, real=0.54 secs] 
3218.838: [GC (Allocation Failure) [PSYoungGen: 320512K->98464K(509440K)] 528943K->306903K(1907712K), 0.1150487 secs] [Times: user=0.68 sys=0.01, real=0.12 secs] 
3219.239: [GC (Allocation Failure) [PSYoungGen: 416928K->157504K(476160K)] 625367K->458832K(1874432K), 0.0546963 secs] [Times: user=0.33 sys=0.00, real=0.06 secs] 
3223.333: [GC (Allocation Failure) [PSYoungGen: 475968K->93920K(504320K)] 777296K->552416K(1902592K), 0.1263119 secs] [Times: user=0.76 sys=0.00, real=0.12 secs] 
3223.695: [GC (Allocation Failure) [PSYoungGen: 403168K->153216K(462848K)] 861664K->700045K(1861120K), 0.0552810 secs] [Times: user=0.32 sys=0.00, real=0.05 secs] 
3225.116: [GC (Allocation Failure) [PSYoungGen: 462464K->94976K(502272K)] 1009293K->794857K(1900544K), 0.0644054 secs] [Times: user=0.38 sys=0.00, real=0.06 secs] 
3226.063: [GC (Allocation Failure) [PSYoungGen: 399104K->149216K(453632K)] 1098985K->938323K(1851904K), 0.0958215 secs] [Times: user=0.57 sys=0.00, real=0.09 secs] 
3228.649: [GC (Allocation Failure) [PSYoungGen: 453344K->89504K(501248K)] 1242451K->1027939K(1899520K), 0.1123244 secs] [Times: user=0.66 sys=0.01, real=0.12 secs] 
3229.081: [GC (Allocation Failure) [PSYoungGen: 392096K->150912K(453632K)] 1330531K->1172886K(1851904K), 0.0610702 secs] [Times: user=0.37 sys=0.00, real=0.06 secs] 
3233.561: [GC (Allocation Failure) [PSYoungGen: 452167K->82944K(498176K)] 1474142K->1255966K(1896448K), 0.1493103 secs] [Times: user=0.89 sys=0.00, real=0.15 secs] 
3233.973: [GC (Allocation Failure) [PSYoungGen: 369271K->138048K(435712K)] 1542294K->1390619K(1833984K), 0.0471436 secs] [Times: user=0.28 sys=0.00, real=0.04 secs] 
3234.020: [Full GC (Ergonomics) [PSYoungGen: 138048K->0K(435712K)] [ParOldGen: 1252571K->196909K(1398272K)] 1390619K->196909K(1833984K), [Metaspace: 60143K->60143K(1105920K)], 0.4834000 secs] [Times: user=2.26 sys=0.00, real=0.49 secs] 
3238.193: [GC (Allocation Failure) [PSYoungGen: 297472K->93856K(498688K)] 494381K->290765K(1896960K), 0.0779690 secs] [Times: user=0.47 sys=0.00, real=0.07 secs] 
3238.823: [GC (Allocation Failure) [PSYoungGen: 393888K->147168K(496128K)] 590797K->434786K(1894400K), 0.0470162 secs] [Times: user=0.28 sys=0.00, real=0.04 secs] 
3241.880: [GC (Allocation Failure) [PSYoungGen: 447200K->97536K(499200K)] 734818K->524090K(1897472K), 0.1609481 secs] [Times: user=0.96 sys=0.01, real=0.16 secs] 
3243.138: [GC (Allocation Failure) [PSYoungGen: 401664K->143744K(499712K)] 828218K->664987K(1897984K), 0.0491102 secs] [Times: user=0.29 sys=0.00, real=0.05 secs] 
3244.602: [GC (Allocation Failure) [PSYoungGen: 447872K->103712K(496128K)] 969115K->760083K(1894400K), 0.0768741 secs] [Times: user=0.46 sys=0.00, real=0.07 secs] 
3245.218: [GC (Allocation Failure) [PSYoungGen: 410400K->164704K(471552K)] 1066771K->922420K(1869824K), 0.0530417 secs] [Times: user=0.32 sys=0.00, real=0.06 secs] 
3247.398: [GC (Allocation Failure) [PSYoungGen: 471392K->101504K(500736K)] 1229108K->998892K(1899008K), 0.1524303 secs] [Times: user=0.91 sys=0.01, real=0.15 secs] 
3248.791: [GC (Allocation Failure) [PSYoungGen: 400512K->143488K(497152K)] 1297900K->1140122K(1895424K), 0.0510014 secs] [Times: user=0.31 sys=0.00, real=0.05 secs] 
3250.345: [GC (Allocation Failure) [PSYoungGen: 442496K->100320K(497664K)] 1439130K->1232094K(1895936K), 0.0999525 secs] [Times: user=0.59 sys=0.01, real=0.10 secs] 
3251.581: [GC (Allocation Failure) [PSYoungGen: 402400K->142656K(497152K)] 1534174K->1372383K(1895424K), 0.0507836 secs] [Times: user=0.30 sys=0.00, real=0.05 secs] 
3251.632: [Full GC (Ergonomics) [PSYoungGen: 142656K->0K(497152K)] [ParOldGen: 1229726K->170551K(1398272K)] 1372383K->170551K(1895424K), [Metaspace: 60148K->60148K(1105920K)], 0.4075499 secs] [Times: user=1.90 sys=0.00, real=0.40 secs] 
3254.690: [GC (Allocation Failure) [PSYoungGen: 302080K->99328K(499200K)] 472631K->269879K(1897472K), 0.0398133 secs] [Times: user=0.24 sys=0.00, real=0.04 secs] 
3256.514: [GC (Allocation Failure) [PSYoungGen: 408064K->141792K(501248K)] 578615K->410588K(1899520K), 0.0519362 secs] [Times: user=0.30 sys=0.00, real=0.05 secs] 
3258.691: [GC (Allocation Failure) [PSYoungGen: 450528K->107424K(499200K)] 719324K->509452K(1897472K), 0.1111808 secs] [Times: user=0.67 sys=0.00, real=0.11 secs] 
3260.595: [GC (Allocation Failure) [PSYoungGen: 421280K->143104K(502784K)] 823308K->650661K(1901056K), 0.0527757 secs] [Times: user=0.31 sys=0.00, real=0.05 secs] 
3261.954: [GC (Allocation Failure) [PSYoungGen: 456960K->110688K(502784K)] 964517K->751861K(1901056K), 0.0873973 secs] [Times: user=0.52 sys=0.00, real=0.09 secs] 
3263.307: [GC (Allocation Failure) [PSYoungGen: 430688K->147648K(505856K)] 1071861K->898254K(1904128K), 0.1445393 secs] [Times: user=0.86 sys=0.00, real=0.15 secs] 
3266.393: [GC (Allocation Failure) [PSYoungGen: 467648K->110784K(508416K)] 1218254K->1000558K(1906688K), 0.1709097 secs] [Times: user=1.03 sys=0.00, real=0.17 secs] 
3267.605: [GC (Allocation Failure) [PSYoungGen: 435392K->152288K(509440K)] 1325166K->1150652K(1907712K), 0.0566631 secs] [Times: user=0.34 sys=0.00, real=0.06 secs] 
3270.328: [GC (Allocation Failure) [PSYoungGen: 476896K->110592K(510976K)] 1475260K->1252540K(1909248K), 0.1265239 secs] [Times: user=0.76 sys=0.00, real=0.13 secs] 
3271.378: [GC (Allocation Failure) [PSYoungGen: 427574K->151168K(475648K)] 1569522K->1400233K(1873920K), 0.0552186 secs] [Times: user=0.33 sys=0.00, real=0.06 secs] 
3271.433: [Full GC (Ergonomics) [PSYoungGen: 151168K->0K(475648K)] [ParOldGen: 1249065K->197096K(1398272K)] 1400233K->197096K(1873920K), [Metaspace: 60164K->60164K(1105920K)], 0.4846882 secs] [Times: user=2.27 sys=0.00, real=0.48 secs] 
3274.100: [GC (Allocation Failure) [PSYoungGen: 324096K->111232K(513024K)] 521192K->308328K(1911296K), 0.0942765 secs] [Times: user=0.54 sys=0.01, real=0.10 secs] 
3274.496: [GC (Allocation Failure) [PSYoungGen: 434816K->158880K(482816K)] 631912K->463549K(1881088K), 0.0532867 secs] [Times: user=0.32 sys=0.00, real=0.05 secs] 
3277.135: [GC (Allocation Failure) [PSYoungGen: 482464K->96384K(507392K)] 787133K->559857K(1905664K), 0.1199376 secs] [Times: user=0.71 sys=0.01, real=0.12 secs] 
3277.915: [GC (Allocation Failure) [PSYoungGen: 411776K->153280K(468992K)] 875249K->707579K(1867264K), 0.0966267 secs] [Times: user=0.58 sys=0.00, real=0.10 secs] 
3281.812: [GC (Allocation Failure) [PSYoungGen: 468672K->91488K(504320K)] 1022971K->798851K(1902592K), 0.1185215 secs] [Times: user=0.71 sys=0.00, real=0.12 secs] 
3282.491: [GC (Allocation Failure) [PSYoungGen: 400736K->154816K(464384K)] 1108099K->947652K(1862656K), 0.1213585 secs] [Times: user=0.72 sys=0.00, real=0.12 secs] 
3284.824: [GC (GCLocker Initiated GC) [PSYoungGen: 464064K->94944K(501248K)] 1256900K->1042788K(1899520K), 0.1104697 secs] [Times: user=0.66 sys=0.00, real=0.11 secs] 
3285.357: [GC (GCLocker Initiated GC) [PSYoungGen: 397536K->151136K(454144K)] 1345383K->1188452K(1852416K), 0.0912063 secs] [Times: user=0.54 sys=0.00, real=0.09 secs] 
3288.230: [GC (Allocation Failure) [PSYoungGen: 453728K->87648K(499200K)] 1491046K->1276310K(1897472K), 0.1199553 secs] [Times: user=0.71 sys=0.00, real=0.12 secs] 
3288.573: [GC (Allocation Failure) [PSYoungGen: 387168K->148352K(448000K)] 1575830K->1418767K(1846272K), 0.0558572 secs] [Times: user=0.29 sys=0.04, real=0.05 secs] 
3288.629: [Full GC (Ergonomics) [PSYoungGen: 148352K->0K(448000K)] [ParOldGen: 1270415K->216650K(1398272K)] 1418767K->216650K(1846272K), [Metaspace: 60164K->60164K(1105920K)], 0.5173212 secs] [Times: user=2.42 sys=0.00, real=0.52 secs] 
3292.195: [GC (Allocation Failure) [PSYoungGen: 299520K->85152K(498176K)] 516170K->301802K(1896448K), 0.0973033 secs] [Times: user=0.58 sys=0.00, real=0.10 secs] 
3292.521: [GC (Allocation Failure) [PSYoungGen: 369280K->137728K(435200K)] 585931K->436144K(1833472K), 0.0466057 secs] [Times: user=0.27 sys=0.00, real=0.05 secs] 
3294.267: [GC (Allocation Failure) [PSYoungGen: 434688K->98304K(498688K)] 733104K->526328K(1896960K), 0.1208585 secs] [Times: user=0.72 sys=0.00, real=0.12 secs] 
3295.411: [GC (Allocation Failure) [PSYoungGen: 398336K->147392K(495616K)] 826360K->670949K(1893888K), 0.1102588 secs] [Times: user=0.65 sys=0.00, real=0.11 secs] 
3298.201: [GC (Allocation Failure) [PSYoungGen: 447424K->95584K(500224K)] 970981K->758421K(1898496K), 0.1613554 secs] [Times: user=0.96 sys=0.00, real=0.16 secs] 
3298.950: [GC (Allocation Failure) [PSYoungGen: 401248K->149504K(500736K)] 1064085K->904378K(1899008K), 0.0487385 secs] [Times: user=0.29 sys=0.01, real=0.05 secs] 
3301.509: [GC (Allocation Failure) [PSYoungGen: 455168K->100544K(499712K)] 1210042K->996554K(1897984K), 0.1703732 secs] [Times: user=1.02 sys=0.01, real=0.17 secs] 
3302.963: [GC (Allocation Failure) [PSYoungGen: 406208K->147968K(500224K)] 1302218K->1140443K(1898496K), 0.0501646 secs] [Times: user=0.30 sys=0.00, real=0.05 secs] 
3305.168: [GC (Allocation Failure) [PSYoungGen: 453632K->99872K(500736K)] 1446107K->1231619K(1899008K), 0.1693606 secs] [Times: user=1.02 sys=0.00, real=0.17 secs] 
3306.339: [GC (Allocation Failure) [PSYoungGen: 407072K->146656K(501248K)] 1538819K->1375700K(1899520K), 0.0507184 secs] [Times: user=0.29 sys=0.00, real=0.05 secs] 
3306.390: [Full GC (Ergonomics) [PSYoungGen: 146656K->0K(501248K)] [ParOldGen: 1229044K->182518K(1398272K)] 1375700K->182518K(1899520K), [Metaspace: 60168K->60168K(1105920K)], 0.4379657 secs] [Times: user=2.03 sys=0.00, real=0.44 secs] 
3308.828: [GC (Allocation Failure) [PSYoungGen: 307200K->102624K(499712K)] 489718K->285150K(1897984K), 0.0926676 secs] [Times: user=0.55 sys=0.00, real=0.09 secs] 
3309.956: [GC (Allocation Failure) [PSYoungGen: 411360K->147872K(501248K)] 593886K->430031K(1899520K), 0.0511990 secs] [Times: user=0.30 sys=0.00, real=0.05 secs] 
3311.575: [GC (Allocation Failure) [PSYoungGen: 456608K->107584K(500736K)] 738767K->528551K(1899008K), 0.1248165 secs] [Times: user=0.75 sys=0.00, real=0.12 secs] 
3312.280: [GC (Allocation Failure) [PSYoungGen: 418880K->160000K(471552K)] 839847K->683406K(1869824K), 0.0526221 secs] [Times: user=0.32 sys=0.00, real=0.06 secs] 
3315.362: [GC (Allocation Failure) [PSYoungGen: 471296K->101024K(503808K)] 994702K->767970K(1902080K), 0.1744138 secs] [Times: user=1.03 sys=0.00, real=0.17 secs] 
3316.175: [GC (Allocation Failure) [PSYoungGen: 406688K->149216K(500736K)] 1073634K->914107K(1899008K), 0.0598750 secs] [Times: user=0.36 sys=0.00, real=0.06 secs] 
3318.881: [GC (Allocation Failure) [PSYoungGen: 454880K->98624K(501248K)] 1219771K->1004643K(1899520K), 0.1522462 secs] [Times: user=0.91 sys=0.00, real=0.16 secs] 
3319.629: [GC (Allocation Failure) [PSYoungGen: 404800K->149600K(501248K)] 1310819K->1151201K(1899520K), 0.0500251 secs] [Times: user=0.30 sys=0.00, real=0.05 secs] 
3322.679: [GC (GCLocker Initiated GC) [PSYoungGen: 455776K->98528K(501248K)] 1457377K->1241546K(1899520K), 0.1648910 secs] [Times: user=0.96 sys=0.02, real=0.17 secs] 
3323.389: [GC (Allocation Failure) [PSYoungGen: 404704K->146656K(501248K)] 1547756K->1385017K(1899520K), 0.0505295 secs] [Times: user=0.31 sys=0.00, real=0.05 secs] 
3323.439: [Full GC (Ergonomics) [PSYoungGen: 146656K->0K(501248K)] [ParOldGen: 1238361K->183193K(1398272K)] 1385017K->183193K(1899520K), [Metaspace: 60182K->60182K(1105920K)], 0.4471321 secs] [Times: user=2.10 sys=0.00, real=0.45 secs] 
3325.456: [GC (Allocation Failure) [PSYoungGen: 306176K->104192K(498176K)] 489369K->287385K(1896448K), 0.0554941 secs] [Times: user=0.32 sys=0.00, real=0.06 secs] 
3326.877: [GC (Allocation Failure) [PSYoungGen: 411392K->145216K(500224K)] 594585K->429518K(1898496K), 0.0513646 secs] [Times: user=0.30 sys=0.00, real=0.05 secs] 
3328.899: [GC (Allocation Failure) [PSYoungGen: 452416K->104992K(500736K)] 736718K->524894K(1899008K), 0.1607989 secs] [Times: user=0.96 sys=0.01, real=0.16 secs] 
3329.963: [GC (Allocation Failure) [PSYoungGen: 416800K->146528K(502784K)] 836702K->668628K(1901056K), 0.0523272 secs] [Times: user=0.31 sys=0.00, real=0.05 secs] 
3332.165: [GC (Allocation Failure) [PSYoungGen: 458336K->106432K(503296K)] 980436K->765784K(1901568K), 0.1684766 secs] [Times: user=1.01 sys=0.00, real=0.17 secs] 
3332.839: [GC (Allocation Failure) [PSYoungGen: 421824K->152800K(504832K)] 1081176K->914980K(1903104K), 0.0537703 secs] [Times: user=0.31 sys=0.00, real=0.06 secs] 
3337.244: [GC (Allocation Failure) [PSYoungGen: 468192K->103200K(506880K)] 1230372K->1009632K(1905152K), 0.1513537 secs] [Times: user=0.90 sys=0.01, real=0.15 secs] 
3338.017: [GC (Allocation Failure) [PSYoungGen: 417568K->150368K(464896K)] 1324000K->1156741K(1863168K), 0.0730564 secs] [Times: user=0.44 sys=0.00, real=0.07 secs] 
3341.266: [GC (GCLocker Initiated GC) [PSYoungGen: 464736K->101152K(507392K)] 1471109K->1249778K(1905664K), 0.1728870 secs] [Times: user=1.01 sys=0.01, real=0.17 secs] 
3342.765: [GC (Allocation Failure) [PSYoungGen: 414496K->159840K(473600K)] 1563124K->1405329K(1871872K), 0.0515212 secs] [Times: user=0.31 sys=0.00, real=0.05 secs] 
3342.816: [Full GC (Ergonomics) [PSYoungGen: 159840K->0K(473600K)] [ParOldGen: 1245489K->195319K(1398272K)] 1405329K->195319K(1871872K), [Metaspace: 60183K->60183K(1105920K)], 0.4664238 secs] [Times: user=2.18 sys=0.00, real=0.47 secs] 
3344.759: [GC (Allocation Failure) [PSYoungGen: 313344K->102464K(503296K)] 508663K->297783K(1901568K), 0.0613091 secs] [Times: user=0.36 sys=0.00, real=0.06 secs] 
3345.651: [GC (Allocation Failure) [PSYoungGen: 407616K->148544K(500736K)] 602935K->442867K(1899008K), 0.0751815 secs] [Times: user=0.44 sys=0.01, real=0.07 secs] 
3347.654: [GC (Allocation Failure) [PSYoungGen: 453696K->102976K(498688K)] 748019K->537700K(1896960K), 0.0994387 secs] [Times: user=0.59 sys=0.00, real=0.10 secs] 
3348.240: [GC (Allocation Failure) [PSYoungGen: 408675K->148192K(500224K)] 843399K->682897K(1898496K), 0.0578237 secs] [Times: user=0.35 sys=0.00, real=0.06 secs] 
3350.759: [GC (Allocation Failure) [PSYoungGen: 454368K->98432K(502784K)] 989073K->773273K(1901056K), 0.1621797 secs] [Times: user=0.97 sys=0.00, real=0.17 secs] 
3351.705: [GC (Allocation Failure) [PSYoungGen: 407168K->148224K(502784K)] 1082009K->918679K(1901056K), 0.1224947 secs] [Times: user=0.73 sys=0.00, real=0.12 secs] 
3354.509: [GC (Allocation Failure) [PSYoungGen: 456960K->100864K(501760K)] 1227415K->1011023K(1900032K), 0.1545720 secs] [Times: user=0.93 sys=0.00, real=0.16 secs] 
3355.113: [GC (Allocation Failure) [PSYoungGen: 409600K->160544K(469504K)] 1319759K->1167751K(1867776K), 0.0509643 secs] [Times: user=0.30 sys=0.00, real=0.05 secs] 
3358.098: [GC (Allocation Failure) [PSYoungGen: 469280K->100640K(501248K)] 1476487K->1252055K(1899520K), 0.1660387 secs] [Times: user=0.99 sys=0.00, real=0.17 secs] 
3359.273: [GC (Allocation Failure) [PSYoungGen: 402208K->148352K(499200K)] 1553623K->1395687K(1897472K), 0.0504484 secs] [Times: user=0.30 sys=0.00, real=0.05 secs] 
3359.323: [Full GC (Ergonomics) [PSYoungGen: 148352K->0K(499200K)] [ParOldGen: 1247335K->192367K(1398272K)] 1395687K->192367K(1897472K), [Metaspace: 60186K->60186K(1105920K)], 0.4771685 secs] [Times: user=2.24 sys=0.00, real=0.47 secs] 
3362.001: [GC (Allocation Failure) [PSYoungGen: 301568K->96768K(499200K)] 493935K->289135K(1897472K), 0.0918498 secs] [Times: user=0.54 sys=0.01, real=0.09 secs] 
3362.659: [GC (Allocation Failure) [PSYoungGen: 399360K->146528K(499712K)] 591727K->432324K(1897984K), 0.0488819 secs] [Times: user=0.29 sys=0.00, real=0.05 secs] 
3365.269: [GC (Allocation Failure) [PSYoungGen: 449120K->98912K(498176K)] 734916K->522472K(1896448K), 0.1540901 secs] [Times: user=0.91 sys=0.01, real=0.16 secs] 
3367.052: [GC (Allocation Failure) [PSYoungGen: 403040K->142752K(499712K)] 826600K->661825K(1897984K), 0.0496471 secs] [Times: user=0.30 sys=0.00, real=0.05 secs] 
3368.415: [GC (Allocation Failure) [PSYoungGen: 446880K->104384K(496640K)] 965953K->757073K(1894912K), 0.0857415 secs] [Times: user=0.51 sys=0.00, real=0.09 secs] 
3369.254: [GC (Allocation Failure) [PSYoungGen: 412608K->148640K(500224K)] 1065297K->903830K(1898496K), 0.0672940 secs] [Times: user=0.40 sys=0.00, real=0.07 secs] 
3371.668: [GC (Allocation Failure) [PSYoungGen: 456864K->102432K(503296K)] 1212054K->998062K(1901568K), 0.1710554 secs] [Times: user=1.01 sys=0.00, real=0.17 secs] 
3373.657: [GC (Allocation Failure) [PSYoungGen: 414752K->149056K(503808K)] 1310382K->1143939K(1902080K), 0.0517304 secs] [Times: user=0.31 sys=0.00, real=0.05 secs] 
3376.422: [GC (Allocation Failure) [PSYoungGen: 461376K->104128K(504832K)] 1456259K->1239311K(1903104K), 0.1392426 secs] [Times: user=0.82 sys=0.00, real=0.14 secs] 
3377.587: [GC (Allocation Failure) [PSYoungGen: 417472K->150272K(504832K)] 1552655K->1387044K(1903104K), 0.0526620 secs] [Times: user=0.31 sys=0.00, real=0.05 secs] 
3377.640: [Full GC (Ergonomics) [PSYoungGen: 150272K->0K(504832K)] [ParOldGen: 1236772K->185881K(1398272K)] 1387044K->185881K(1903104K), [Metaspace: 60197K->60197K(1105920K)], 0.4545015 secs] [Times: user=2.13 sys=0.00, real=0.46 secs] 
3380.623: [GC (Allocation Failure) [PSYoungGen: 313344K->104064K(504832K)] 499225K->289945K(1903104K), 0.1010443 secs] [Times: user=0.60 sys=0.00, real=0.10 secs] 
3381.752: [GC (Allocation Failure) [PSYoungGen: 417408K->150112K(504832K)] 603289K->435805K(1903104K), 0.0513446 secs] [Times: user=0.30 sys=0.00, real=0.05 secs] 
3384.254: [GC (GCLocker Initiated GC) [PSYoungGen: 463456K->103296K(504832K)] 749150K->530294K(1903104K), 0.1552115 secs] [Times: user=0.92 sys=0.00, real=0.15 secs] 
3384.885: [GC (Allocation Failure) [PSYoungGen: 416640K->152096K(465920K)] 843641K->678433K(1864192K), 0.0512348 secs] [Times: user=0.30 sys=0.00, real=0.05 secs] 
3387.693: [GC (Allocation Failure) [PSYoungGen: 465440K->100640K(505856K)] 991777K->770518K(1904128K), 0.1698676 secs] [Times: user=1.00 sys=0.00, real=0.17 secs] 
3388.644: [GC (Allocation Failure) [PSYoungGen: 411420K->152736K(463872K)] 1081298K->919290K(1862144K), 0.0508060 secs] [Times: user=0.30 sys=0.00, real=0.05 secs] 
3390.689: [GC (Allocation Failure) [PSYoungGen: 463520K->102176K(504832K)] 1230074K->1013230K(1903104K), 0.1616161 secs] [Times: user=0.96 sys=0.00, real=0.17 secs] 
3391.510: [GC (GCLocker Initiated GC) [PSYoungGen: 410400K->148224K(502272K)] 1321455K->1157292K(1900544K), 0.0500924 secs] [Times: user=0.30 sys=0.00, real=0.05 secs] 
3393.902: [GC (Allocation Failure) [PSYoungGen: 456448K->103744K(501248K)] 1465518K->1251678K(1899520K), 0.1404029 secs] [Times: user=0.83 sys=0.01, real=0.14 secs] 
3394.414: [GC (Allocation Failure) [PSYoungGen: 412992K->150784K(502272K)] 1560926K->1398591K(1900544K), 0.0511935 secs] [Times: user=0.31 sys=0.00, real=0.05 secs] 
3394.465: [Full GC (Ergonomics) [PSYoungGen: 150784K->0K(502272K)] [ParOldGen: 1247807K->196891K(1398272K)] 1398591K->196891K(1900544K), [Metaspace: 60203K->60203K(1105920K)], 0.4783642 secs] [Times: user=2.23 sys=0.00, real=0.48 secs] 
3397.140: [GC (Allocation Failure) [PSYoungGen: 309248K->102336K(503296K)] 506139K->299227K(1901568K), 0.0834157 secs] [Times: user=0.49 sys=0.01, real=0.09 secs] 
3397.683: [GC (Allocation Failure) [PSYoungGen: 409324K->149216K(503296K)] 606215K->444518K(1901568K), 0.0492008 secs] [Times: user=0.29 sys=0.00, real=0.05 secs] 
3399.158: [GC (Allocation Failure) [PSYoungGen: 459488K->107264K(501760K)] 754790K->543010K(1900032K), 0.0802132 secs] [Times: user=0.48 sys=0.00, real=0.08 secs] 
3399.950: [GC (Allocation Failure) [PSYoungGen: 411413K->145280K(502784K)] 847159K->683175K(1901056K), 0.0837450 secs] [Times: user=0.50 sys=0.00, real=0.09 secs] 
3402.257: [GC (Allocation Failure) [PSYoungGen: 456064K->100224K(504320K)] 993959K->775215K(1902592K), 0.1291884 secs] [Times: user=0.77 sys=0.00, real=0.13 secs] 
3403.460: [GC (Allocation Failure) [PSYoungGen: 409581K->150368K(505344K)] 1084572K->921696K(1903616K), 0.0491021 secs] [Times: user=0.29 sys=0.00, real=0.05 secs] 
3405.968: [GC (Allocation Failure) [PSYoungGen: 464736K->105248K(505344K)] 1236064K->1018328K(1903616K), 0.1473060 secs] [Times: user=0.88 sys=0.00, real=0.15 secs] 
3406.393: [GC (Allocation Failure) [PSYoungGen: 408839K->145728K(505344K)] 1321919K->1160137K(1903616K), 0.0501781 secs] [Times: user=0.30 sys=0.00, real=0.05 secs] 
3409.956: [GC (Allocation Failure) [PSYoungGen: 460096K->103520K(503808K)] 1474505K->1255173K(1902080K), 0.1543446 secs] [Times: user=0.91 sys=0.00, real=0.15 secs] 
3411.237: [GC (Allocation Failure) [PSYoungGen: 412059K->147104K(505344K)] 1563713K->1398743K(1903616K), 0.0750080 secs] [Times: user=0.45 sys=0.00, real=0.08 secs] 
3411.312: [Full GC (Ergonomics) [PSYoungGen: 147104K->0K(505344K)] [ParOldGen: 1251639K->196771K(1398272K)] 1398743K->196771K(1903616K), [Metaspace: 60218K->60218K(1105920K)], 0.4908141 secs] [Times: user=2.30 sys=0.00, real=0.49 secs] 
3413.760: [GC (Allocation Failure) [PSYoungGen: 315904K->105344K(505344K)] 512675K->302115K(1903616K), 0.0613620 secs] [Times: user=0.36 sys=0.00, real=0.07 secs] 
3414.267: [GC (Allocation Failure) [PSYoungGen: 410865K->145760K(506368K)] 607637K->444784K(1904640K), 0.0490187 secs] [Times: user=0.28 sys=0.00, real=0.05 secs] 
3417.867: [GC (Allocation Failure) [PSYoungGen: 463712K->108128K(505856K)] 762736K->543712K(1904128K), 0.1540701 secs] [Times: user=0.92 sys=0.00, real=0.16 secs] 
3418.453: [GC (Allocation Failure) [PSYoungGen: 428640K->154816K(475648K)] 864224K->695026K(1873920K), 0.0750939 secs] [Times: user=0.45 sys=0.00, real=0.07 secs] 
3420.821: [GC (GCLocker Initiated GC) [PSYoungGen: 475328K->99840K(508928K)] 1015538K->794586K(1907200K), 0.1335791 secs] [Times: user=0.79 sys=0.00, real=0.13 secs] 
3422.664: [GC (Allocation Failure) [PSYoungGen: 416768K->169472K(486912K)] 1111517K->959009K(1885184K), 0.1175574 secs] [Times: user=0.70 sys=0.00, real=0.12 secs] 
3425.810: [GC (Allocation Failure) [PSYoungGen: 486400K->95872K(500224K)] 1275937K->1038329K(1898496K), 0.1286061 secs] [Times: user=0.76 sys=0.00, real=0.13 secs] 
3426.171: [GC (Allocation Failure) [PSYoungGen: 395904K->150400K(450560K)] 1338361K->1182747K(1848832K), 0.0554929 secs] [Times: user=0.33 sys=0.00, real=0.05 secs] 
3428.817: [GC (Allocation Failure) [PSYoungGen: 450432K->88224K(498688K)] 1482779K->1271055K(1896960K), 0.1397772 secs] [Times: user=0.83 sys=0.00, real=0.14 secs] 
3429.219: [GC (Allocation Failure) [PSYoungGen: 386208K->147648K(445952K)] 1569039K->1412920K(1844224K), 0.0528687 secs] [Times: user=0.32 sys=0.01, real=0.06 secs] 
3429.272: [Full GC (Ergonomics) [PSYoungGen: 147648K->0K(445952K)] [ParOldGen: 1265272K->210611K(1398272K)] 1412920K->210611K(1844224K), [Metaspace: 60220K->60220K(1105920K)], 0.5004248 secs] [Times: user=2.34 sys=0.00, real=0.50 secs] 
3431.725: [GC (Allocation Failure) [PSYoungGen: 297984K->90624K(498688K)] 508595K->301235K(1896960K), 0.1354153 secs] [Times: user=0.80 sys=0.01, real=0.13 secs] 
3432.092: [GC (Allocation Failure) [PSYoungGen: 375298K->138144K(435712K)] 585909K->435992K(1833984K), 0.0480335 secs] [Times: user=0.28 sys=0.00, real=0.04 secs] 
3434.347: [GC (Allocation Failure) [PSYoungGen: 435616K->95680K(497152K)] 733464K->523444K(1895424K), 0.1237555 secs] [Times: user=0.74 sys=0.00, real=0.13 secs] 
3435.245: [GC (Allocation Failure) [PSYoungGen: 395200K->144000K(495104K)] 822964K->664477K(1893376K), 0.1101246 secs] [Times: user=0.65 sys=0.00, real=0.11 secs] 
3438.856: [GC (Allocation Failure) [PSYoungGen: 443520K->96128K(499200K)] 963997K->752317K(1897472K), 0.1523945 secs] [Times: user=0.90 sys=0.00, real=0.15 secs] 
3439.630: [GC (Allocation Failure) [PSYoungGen: 402816K->146816K(500736K)] 1059005K->896502K(1899008K), 0.0497766 secs] [Times: user=0.29 sys=0.00, real=0.05 secs] 
3441.763: [GC (Allocation Failure) [PSYoungGen: 453504K->102752K(499712K)] 1203190K->990342K(1897984K), 0.1145371 secs] [Times: user=0.68 sys=0.00, real=0.11 secs] 
3442.829: [GC (Allocation Failure) [PSYoungGen: 411488K->148192K(501248K)] 1299078K->1136683K(1899520K), 0.0869157 secs] [Times: user=0.51 sys=0.00, real=0.09 secs] 
3445.277: [GC (Allocation Failure) [PSYoungGen: 456928K->99456K(503808K)] 1445419K->1227963K(1902080K), 0.1650922 secs] [Times: user=0.98 sys=0.00, real=0.17 secs] 
3446.539: [GC (Allocation Failure) [PSYoungGen: 410752K->156256K(467968K)] 1539259K->1381596K(1866240K), 0.0513631 secs] [Times: user=0.31 sys=0.00, real=0.05 secs] 
3446.591: [Full GC (Ergonomics) [PSYoungGen: 156256K->0K(467968K)] [ParOldGen: 1225340K->179531K(1398272K)] 1381596K->179531K(1866240K), [Metaspace: 60221K->60221K(1105920K)], 0.4349686 secs] [Times: user=2.02 sys=0.01, real=0.44 secs] 
3449.390: [GC (Allocation Failure) [PSYoungGen: 311296K->105056K(504832K)] 490827K->284587K(1903104K), 0.0935850 secs] [Times: user=0.55 sys=0.01, real=0.10 secs] 
3450.501: [GC (Allocation Failure) [PSYoungGen: 411744K->145088K(500736K)] 591275K->426616K(1899008K), 0.0516590 secs] [Times: user=0.31 sys=0.00, real=0.05 secs] 
3451.879: [GC (Allocation Failure) [PSYoungGen: 451776K->105120K(501760K)] 733304K->522044K(1900032K), 0.0838811 secs] [Times: user=0.50 sys=0.00, real=0.09 secs] 
3453.006: [GC (Allocation Failure) [PSYoungGen: 414880K->146432K(501760K)] 831804K->667114K(1900032K), 0.0801837 secs] [Times: user=0.47 sys=0.00, real=0.08 secs] 
3455.513: [GC (Allocation Failure) [PSYoungGen: 456192K->103136K(502272K)] 976874K->761826K(1900544K), 0.1176558 secs] [Times: user=0.70 sys=0.00, real=0.11 secs] 
3456.978: [GC (Allocation Failure) [PSYoungGen: 416480K->146880K(503808K)] 1075170K->906602K(1902080K), 0.0518877 secs] [Times: user=0.31 sys=0.00, real=0.05 secs] 
3460.747: [GC (GCLocker Initiated GC) [PSYoungGen: 460224K->104352K(504320K)] 1219946K->1001959K(1902592K), 0.1465519 secs] [Times: user=0.87 sys=0.00, real=0.15 secs] 
3462.382: [GC (Allocation Failure) [PSYoungGen: 420256K->148160K(505344K)] 1317866K->1147734K(1903616K), 0.0526729 secs] [Times: user=0.32 sys=0.00, real=0.05 secs] 
3465.442: [GC (Allocation Failure) [PSYoungGen: 464064K->108512K(504832K)] 1463638K->1247518K(1903104K), 0.1317904 secs] [Times: user=0.79 sys=0.00, real=0.13 secs] 
3466.423: [GC (GCLocker Initiated GC) [PSYoungGen: 425952K->152992K(505856K)] 1564958K->1397731K(1904128K), 0.0999161 secs] [Times: user=0.60 sys=0.01, real=0.10 secs] 
3466.523: [Full GC (Ergonomics) [PSYoungGen: 152992K->0K(505856K)] [ParOldGen: 1244739K->195117K(1398272K)] 1397731K->195117K(1904128K), [Metaspace: 60221K->60221K(1105920K)], 0.4970976 secs] [Times: user=2.35 sys=0.00, real=0.49 secs] 
3469.393: [GC (Allocation Failure) [PSYoungGen: 317440K->105376K(507904K)] 512560K->300496K(1906176K), 0.0734624 secs] [Times: user=0.43 sys=0.00, real=0.07 secs] 
3470.145: [GC (Allocation Failure) [PSYoungGen: 411135K->147648K(506368K)] 606255K->444413K(1904640K), 0.0504449 secs] [Times: user=0.30 sys=0.00, real=0.05 secs] 
3472.254: [GC (Allocation Failure) [PSYoungGen: 464064K->103040K(505856K)] 760829K->538737K(1904128K), 0.1526509 secs] [Times: user=0.91 sys=0.00, real=0.15 secs] 
3472.816: [GC (Allocation Failure) [PSYoungGen: 408717K->147616K(506368K)] 844414K->683270K(1904640K), 0.0522908 secs] [Times: user=0.31 sys=0.00, real=0.05 secs] 
3476.956: [GC (Allocation Failure) [PSYoungGen: 464544K->100224K(507392K)] 1000198K->775431K(1905664K), 0.1636561 secs] [Times: user=0.98 sys=0.00, real=0.16 secs] 
3478.574: [GC (Allocation Failure) [PSYoungGen: 417363K->150464K(468480K)] 1092570K->922099K(1866752K), 0.1303857 secs] [Times: user=0.77 sys=0.01, real=0.13 secs] 
3481.730: [GC (Allocation Failure) [PSYoungGen: 468416K->104640K(508928K)] 1240051K->1018219K(1907200K), 0.1221838 secs] [Times: user=0.72 sys=0.00, real=0.13 secs] 
3483.260: [GC (Allocation Failure) [PSYoungGen: 407459K->145824K(505856K)] 1321039K->1160677K(1904128K), 0.1367231 secs] [Times: user=0.80 sys=0.01, real=0.14 secs] 
3485.430: [GC (Allocation Failure) [PSYoungGen: 461728K->107616K(504320K)] 1476581K->1259805K(1902592K), 0.1380824 secs] [Times: user=0.81 sys=0.01, real=0.14 secs] 
3486.003: [GC (Allocation Failure) [PSYoungGen: 425056K->169536K(487424K)] 1577245K->1426062K(1885696K), 0.0667054 secs] [Times: user=0.39 sys=0.00, real=0.06 secs] 
3486.070: [Full GC (Ergonomics) [PSYoungGen: 169536K->0K(487424K)] [ParOldGen: 1256526K->207330K(1398272K)] 1426062K->207330K(1885696K), [Metaspace: 60222K->60222K(1105920K)], 0.4931232 secs] [Times: user=2.31 sys=0.00, real=0.50 secs] 
3488.795: [GC (Allocation Failure) [PSYoungGen: 317440K->97792K(501760K)] 524770K->305130K(1900032K), 0.1474144 secs] [Times: user=0.87 sys=0.01, real=0.15 secs] 
3489.201: [GC (Allocation Failure) [PSYoungGen: 401408K->150080K(454144K)] 608746K->449630K(1852416K), 0.0544167 secs] [Times: user=0.32 sys=0.00, real=0.05 secs] 
3491.807: [GC (Allocation Failure) [PSYoungGen: 453696K->88864K(500224K)] 753246K->538034K(1898496K), 0.1682947 secs] [Times: user=0.99 sys=0.01, real=0.17 secs] 
3492.446: [GC (Allocation Failure) [PSYoungGen: 380872K->141280K(442880K)] 830042K->675347K(1841152K), 0.0496120 secs] [Times: user=0.29 sys=0.00, real=0.05 secs] 
3494.897: [GC (Allocation Failure) [PSYoungGen: 442848K->101440K(501248K)] 976915K->768439K(1899520K), 0.1594481 secs] [Times: user=0.95 sys=0.01, real=0.16 secs] 
3495.449: [GC (Allocation Failure) [PSYoungGen: 405568K->147488K(498688K)] 1072567K->913152K(1896960K), 0.0499511 secs] [Times: user=0.29 sys=0.00, real=0.05 secs] 
3497.441: [GC (GCLocker Initiated GC) [PSYoungGen: 451616K->100704K(500736K)] 1217282K->1005338K(1899008K), 0.1508619 secs] [Times: user=0.89 sys=0.00, real=0.15 secs] 
3498.839: [GC (Allocation Failure) [PSYoungGen: 408928K->149376K(501760K)] 1313565K->1150793K(1900032K), 0.0495489 secs] [Times: user=0.30 sys=0.00, real=0.05 secs] 
3501.348: [GC (Allocation Failure) [PSYoungGen: 457600K->99072K(502784K)] 1459017K->1241157K(1901056K), 0.1705567 secs] [Times: user=1.02 sys=0.00, real=0.17 secs] 
3502.714: [GC (Allocation Failure) [PSYoungGen: 408320K->149824K(459264K)] 1550405K->1386990K(1857536K), 0.0510678 secs] [Times: user=0.30 sys=0.01, real=0.05 secs] 
3502.765: [Full GC (Ergonomics) [PSYoungGen: 149824K->0K(459264K)] [ParOldGen: 1237166K->192185K(1398272K)] 1386990K->192185K(1857536K), [Metaspace: 60225K->60225K(1105920K)], 0.4701499 secs] [Times: user=2.19 sys=0.00, real=0.47 secs] 
3506.036: [GC (Allocation Failure) [PSYoungGen: 309248K->99936K(504832K)] 501433K->292121K(1903104K), 0.0949600 secs] [Times: user=0.56 sys=0.00, real=0.09 secs] 
3507.110: [GC (Allocation Failure) [PSYoungGen: 408160K->151136K(459776K)] 600345K->439242K(1858048K), 0.0490521 secs] [Times: user=0.29 sys=0.00, real=0.05 secs] 
3509.500: [GC (Allocation Failure) [PSYoungGen: 459360K->99968K(504320K)] 747466K->530634K(1902592K), 0.1624252 secs] [Times: user=0.97 sys=0.00, real=0.17 secs] 
3510.592: [GC (Allocation Failure) [PSYoungGen: 407168K->150688K(458240K)] 837834K->678228K(1856512K), 0.0502969 secs] [Times: user=0.30 sys=0.00, real=0.05 secs] 
3512.713: [GC (Allocation Failure) [PSYoungGen: 457888K->98848K(503808K)] 985428K->768840K(1902080K), 0.1432818 secs] [Times: user=0.84 sys=0.00, real=0.14 secs] 
3514.210: [GC (Allocation Failure) [PSYoungGen: 405024K->148736K(501248K)] 1075016K->913828K(1899520K), 0.0500609 secs] [Times: user=0.30 sys=0.00, real=0.05 secs] 
3516.307: [GC (Allocation Failure) [PSYoungGen: 454912K->101152K(500736K)] 1220004K->1006404K(1899008K), 0.1298776 secs] [Times: user=0.78 sys=0.00, real=0.13 secs] 
3517.108: [GC (GCLocker Initiated GC) [PSYoungGen: 407840K->147552K(501248K)] 1313093K->1150706K(1899520K), 0.0761614 secs] [Times: user=0.45 sys=0.00, real=0.08 secs] 
3520.056: [GC (Allocation Failure) [PSYoungGen: 454240K->101056K(500736K)] 1457401K->1243329K(1899008K), 0.1098605 secs] [Times: user=0.65 sys=0.00, real=0.11 secs] 
3520.642: [GC (Allocation Failure) [PSYoungGen: 409280K->150656K(501760K)] 1551553K->1393166K(1900032K), 0.0521532 secs] [Times: user=0.31 sys=0.00, real=0.05 secs] 
3520.694: [Full GC (Ergonomics) [PSYoungGen: 150656K->0K(501760K)] [ParOldGen: 1242510K->189002K(1398272K)] 1393166K->189002K(1900032K), [Metaspace: 60228K->60228K(1105920K)], 0.4626541 secs] [Times: user=2.17 sys=0.00, real=0.46 secs] 
3523.747: [GC (Allocation Failure) [PSYoungGen: 308224K->99040K(502784K)] 497226K->288042K(1901056K), 0.0699081 secs] [Times: user=0.41 sys=0.01, real=0.07 secs] 
3524.558: [GC (Allocation Failure) [PSYoungGen: 407264K->147360K(502272K)] 596266K->431343K(1900544K), 0.0489278 secs] [Times: user=0.29 sys=0.01, real=0.05 secs] 
3526.395: [GC (Allocation Failure) [PSYoungGen: 455584K->103296K(500736K)] 739567K->525279K(1899008K), 0.1632342 secs] [Times: user=0.97 sys=0.00, real=0.16 secs] 
3527.617: [GC (Allocation Failure) [PSYoungGen: 412032K->149696K(501760K)] 834015K->671900K(1900032K), 0.0515941 secs] [Times: user=0.30 sys=0.00, real=0.05 secs] 
3529.133: [GC (Allocation Failure) [PSYoungGen: 458432K->105440K(501248K)] 980636K->769028K(1899520K), 0.1066704 secs] [Times: user=0.64 sys=0.00, real=0.10 secs] 
3530.570: [GC (Allocation Failure) [PSYoungGen: 415712K->151136K(502272K)] 1079300K->915990K(1900544K), 0.0518774 secs] [Times: user=0.31 sys=0.00, real=0.06 secs] 
3532.811: [GC (Allocation Failure) [PSYoungGen: 461408K->103328K(503808K)] 1226262K->1010130K(1902080K), 0.1146999 secs] [Times: user=0.69 sys=0.00, real=0.12 secs] 
3533.244: [GC (Allocation Failure) [PSYoungGen: 414112K->153152K(464384K)] 1320914K->1159591K(1862656K), 0.0515991 secs] [Times: user=0.31 sys=0.00, real=0.05 secs] 
3536.185: [GC (Allocation Failure) [PSYoungGen: 463936K->100512K(504832K)] 1470375K->1251975K(1903104K), 0.1506267 secs] [Times: user=0.90 sys=0.00, real=0.15 secs] 
3536.881: [GC (Allocation Failure) [PSYoungGen: 408723K->149920K(502272K)] 1560187K->1398776K(1900544K), 0.0524631 secs] [Times: user=0.31 sys=0.00, real=0.05 secs] 
3536.934: [Full GC (Ergonomics) [PSYoungGen: 149920K->0K(502272K)] [ParOldGen: 1248856K->196571K(1398272K)] 1398776K->196571K(1900544K), [Metaspace: 60229K->60229K(1105920K)], 0.4819676 secs] [Times: user=2.24 sys=0.01, real=0.48 secs] 
3540.439: [GC (GCLocker Initiated GC) [PSYoungGen: 308224K->98528K(502784K)] 504795K->295099K(1901056K), 0.0765927 secs] [Times: user=0.45 sys=0.00, real=0.08 secs] 
3541.090: [GC (Allocation Failure) [PSYoungGen: 406240K->149920K(457728K)] 602859K->441172K(1856000K), 0.0482441 secs] [Times: user=0.29 sys=0.00, real=0.05 secs] 
3543.384: [GC (Allocation Failure) [PSYoungGen: 457632K->99712K(504320K)] 748884K->531952K(1902592K), 0.1567096 secs] [Times: user=0.93 sys=0.00, real=0.15 secs] 
3544.294: [GC (Allocation Failure) [PSYoungGen: 406912K->147808K(501760K)] 839152K->676929K(1900032K), 0.0776951 secs] [Times: user=0.46 sys=0.00, real=0.08 secs] 
3547.013: [GC (Allocation Failure) [PSYoungGen: 455008K->103392K(500736K)] 984129K->771793K(1899008K), 0.1435936 secs] [Times: user=0.85 sys=0.01, real=0.14 secs] 
3547.704: [GC (Allocation Failure) [PSYoungGen: 411616K->149120K(501760K)] 1080017K->916962K(1900032K), 0.0507606 secs] [Times: user=0.30 sys=0.00, real=0.05 secs] 
3550.172: [GC (Allocation Failure) [PSYoungGen: 457344K->101856K(502272K)] 1225186K->1010182K(1900544K), 0.1681449 secs] [Times: user=1.00 sys=0.00, real=0.16 secs] 
3550.757: [GC (Allocation Failure) [PSYoungGen: 411616K->152640K(462848K)] 1319942K->1159103K(1861120K), 0.0502681 secs] [Times: user=0.30 sys=0.00, real=0.05 secs] 
3554.289: [GC (Allocation Failure) [PSYoungGen: 462400K->98784K(504320K)] 1468863K->1249711K(1902592K), 0.1812032 secs] [Times: user=1.08 sys=0.00, real=0.18 secs] 
3555.913: [GC (Allocation Failure) [PSYoungGen: 406496K->159264K(467456K)] 1557423K->1404535K(1865728K), 0.0493133 secs] [Times: user=0.30 sys=0.00, real=0.05 secs] 
3555.962: [Full GC (Ergonomics) [PSYoungGen: 159264K->0K(467456K)] [ParOldGen: 1245271K->194958K(1398272K)] 1404535K->194958K(1865728K), [Metaspace: 60234K->60234K(1105920K)], 0.4715057 secs] [Times: user=2.20 sys=0.00, real=0.47 secs] 
3558.599: [GC (Allocation Failure) [PSYoungGen: 307712K->100288K(500736K)] 502670K->295246K(1899008K), 0.0859459 secs] [Times: user=0.50 sys=0.00, real=0.09 secs] 
3559.572: [GC (Allocation Failure) [PSYoungGen: 400320K->145280K(498176K)] 595278K->436755K(1896448K), 0.0486724 secs] [Times: user=0.29 sys=0.00, real=0.05 secs] 
3563.013: [GC (Allocation Failure) [PSYoungGen: 445294K->97856K(498688K)] 736769K->526003K(1896960K), 0.1643325 secs] [Times: user=0.98 sys=0.00, real=0.16 secs] 
3563.939: [GC (Allocation Failure) [PSYoungGen: 399936K->142272K(498176K)] 828083K->665628K(1896448K), 0.0491870 secs] [Times: user=0.29 sys=0.00, real=0.05 secs] 
3565.965: [GC (Allocation Failure) [PSYoungGen: 444352K->104960K(496640K)] 967708K->761448K(1894912K), 0.0885576 secs] [Times: user=0.52 sys=0.01, real=0.09 secs] 
3566.715: [GC (GCLocker Initiated GC) [PSYoungGen: 412160K->144672K(499200K)] 1068648K->903693K(1897472K), 0.0524888 secs] [Times: user=0.31 sys=0.00, real=0.05 secs] 
3569.075: [GC (Allocation Failure) [PSYoungGen: 451872K->103296K(502784K)] 1210896K->998016K(1901056K), 0.1502739 secs] [Times: user=0.90 sys=0.00, real=0.15 secs] 
3570.046: [GC (Allocation Failure) [PSYoungGen: 417152K->151200K(504320K)] 1311872K->1147086K(1902592K), 0.0525717 secs] [Times: user=0.31 sys=0.00, real=0.05 secs] 
3572.643: [GC (Allocation Failure) [PSYoungGen: 465056K->103584K(505344K)] 1460942K->1242270K(1903616K), 0.1742955 secs] [Times: user=1.04 sys=0.00, real=0.17 secs] 
3573.942: [GC (Allocation Failure) [PSYoungGen: 417440K->149696K(504832K)] 1556126K->1388763K(1903104K), 0.0522659 secs] [Times: user=0.31 sys=0.00, real=0.05 secs] 
3573.994: [Full GC (Ergonomics) [PSYoungGen: 149696K->0K(504832K)] [ParOldGen: 1239067K->186358K(1398272K)] 1388763K->186358K(1903104K), [Metaspace: 60234K->60234K(1105920K)], 0.4621251 secs] [Times: user=2.15 sys=0.00, real=0.46 secs] 
3576.159: [GC (Allocation Failure) [PSYoungGen: 313856K->107680K(504320K)] 500214K->294038K(1902592K), 0.0639142 secs] [Times: user=0.38 sys=0.00, real=0.07 secs] 
3576.902: [GC (Allocation Failure) [PSYoungGen: 422048K->153920K(468480K)] 608406K->444471K(1866752K), 0.0525923 secs] [Times: user=0.31 sys=0.00, real=0.05 secs] 
3579.075: [GC (Allocation Failure) [PSYoungGen: 468288K->103008K(506880K)] 758839K->539279K(1905152K), 0.1779538 secs] [Times: user=1.06 sys=0.00, real=0.18 secs] 
3579.697: [GC (Allocation Failure) [PSYoungGen: 407024K->147968K(504320K)] 843295K->683684K(1902592K), 0.0500449 secs] [Times: user=0.29 sys=0.00, real=0.05 secs] 
3581.881: [GC (Allocation Failure) [PSYoungGen: 460288K->104352K(502784K)] 996004K->779180K(1901056K), 0.1329094 secs] [Times: user=0.79 sys=0.00, real=0.13 secs] 
3582.630: [GC (Allocation Failure) [PSYoungGen: 404197K->146432K(503808K)] 1079025K->921560K(1902080K), 0.0730046 secs] [Times: user=0.43 sys=0.00, real=0.08 secs] 
3585.506: [GC (Allocation Failure) [PSYoungGen: 459264K->100000K(505344K)] 1234392K->1013456K(1903616K), 0.1464500 secs] [Times: user=0.87 sys=0.00, real=0.15 secs] 
3586.251: [GC (Allocation Failure) [PSYoungGen: 410860K->151040K(466944K)] 1324317K->1160529K(1865216K), 0.0494085 secs] [Times: user=0.29 sys=0.00, real=0.04 secs] 
3588.173: [GC (Allocation Failure) [PSYoungGen: 466432K->106560K(508416K)] 1475921K->1258645K(1906688K), 0.1383375 secs] [Times: user=0.82 sys=0.00, real=0.14 secs] 
3588.855: [GC (Allocation Failure) [PSYoungGen: 420928K->152448K(504832K)] 1573013K->1407534K(1903104K), 0.0528076 secs] [Times: user=0.31 sys=0.00, real=0.05 secs] 
3588.907: [Full GC (Ergonomics) [PSYoungGen: 152448K->0K(504832K)] [ParOldGen: 1255086K->205431K(1398272K)] 1407534K->205431K(1903104K), [Metaspace: 60234K->60234K(1105920K)], 0.4860022 secs] [Times: user=2.28 sys=0.00, real=0.49 secs] 
3592.346: [GC (Allocation Failure) [PSYoungGen: 314368K->95104K(505856K)] 519799K->300535K(1904128K), 0.1746911 secs] [Times: user=1.05 sys=0.00, real=0.17 secs] 
3592.781: [GC (Allocation Failure) [PSYoungGen: 406912K->152800K(464896K)] 612343K->449867K(1863168K), 0.0553123 secs] [Times: user=0.33 sys=0.00, real=0.06 secs] 
3596.567: [GC (Allocation Failure) [PSYoungGen: 464608K->92320K(502784K)] 761675K->542259K(1901056K), 0.1603195 secs] [Times: user=0.96 sys=0.00, real=0.16 secs] 
3597.005: [GC (Allocation Failure) [PSYoungGen: 398496K->152800K(459264K)] 848435K->689684K(1857536K), 0.0539379 secs] [Times: user=0.32 sys=0.00, real=0.05 secs] 
3600.381: [GC (Allocation Failure) [PSYoungGen: 458976K->90272K(500736K)] 995860K->779932K(1899008K), 0.1515928 secs] [Times: user=0.90 sys=0.01, real=0.15 secs] 
3600.983: [GC (Allocation Failure) [PSYoungGen: 391840K->146592K(448512K)] 1081500K->921494K(1846784K), 0.0743629 secs] [Times: user=0.44 sys=0.00, real=0.07 secs] 
3604.144: [GC (GCLocker Initiated GC) [PSYoungGen: 448160K->87808K(500224K)] 1223062K->1009342K(1898496K), 0.1584394 secs] [Times: user=0.94 sys=0.01, real=0.16 secs] 
3604.616: [GC (Allocation Failure) [PSYoungGen: 388352K->138848K(439808K)] 1326273K->1161498K(1838080K), 0.2417131 secs] [Times: user=1.44 sys=0.00, real=0.24 secs] 
3608.214: [GC (Allocation Failure) [PSYoungGen: 439392K->86464K(498688K)] 1462042K->1248434K(1896960K), 0.4452851 secs] [Times: user=2.67 sys=0.01, real=0.44 secs] 
3608.980: [GC (Allocation Failure) [PSYoungGen: 388032K->146080K(497664K)] 1550002K->1391043K(1895936K), 0.0495935 secs] [Times: user=0.30 sys=0.00, real=0.05 secs] 
3609.030: [Full GC (Ergonomics) [PSYoungGen: 146080K->0K(497664K)] [ParOldGen: 1244963K->196875K(1398272K)] 1391043K->196875K(1895936K), [Metaspace: 60356K->60356K(1105920K)], 0.4815581 secs] [Times: user=2.24 sys=0.01, real=0.49 secs] 
3612.364: [GC (Allocation Failure) [PSYoungGen: 301568K->94976K(499712K)] 498443K->291851K(1897984K), 0.0885539 secs] [Times: user=0.52 sys=0.00, real=0.09 secs] 
3613.597: [GC (Allocation Failure) [PSYoungGen: 399616K->156832K(461824K)] 596491K->444748K(1860096K), 0.0474128 secs] [Times: user=0.28 sys=0.00, real=0.05 secs] 
3617.648: [GC (Allocation Failure) [PSYoungGen: 461472K->98400K(500736K)] 749388K->526716K(1899008K), 0.1476633 secs] [Times: user=0.87 sys=0.00, real=0.15 secs] 
3618.871: [GC (Allocation Failure) [PSYoungGen: 397408K->141280K(497152K)] 825724K->664973K(1895424K), 0.1474199 secs] [Times: user=0.87 sys=0.01, real=0.14 secs] 
3621.251: [GC (Allocation Failure) [PSYoungGen: 440288K->99072K(497152K)] 963981K->755517K(1895424K), 0.0910118 secs] [Times: user=0.54 sys=0.00, real=0.09 secs] 
3621.809: [GC (Allocation Failure) [PSYoungGen: 401664K->144192K(497152K)] 1058109K->897822K(1895424K), 0.0507420 secs] [Times: user=0.30 sys=0.00, real=0.05 secs] 
3624.143: [GC (Allocation Failure) [PSYoungGen: 446784K->100544K(498688K)] 1200414K->989670K(1896960K), 0.0713771 secs] [Times: user=0.42 sys=0.00, real=0.07 secs] 
3625.183: [GC (Allocation Failure) [PSYoungGen: 408768K->145600K(500736K)] 1297894K->1134176K(1899008K), 0.0954379 secs] [Times: user=0.57 sys=0.00, real=0.09 secs] 
3627.924: [GC (Allocation Failure) [PSYoungGen: 453824K->103264K(501248K)] 1442400K->1229248K(1899520K), 0.0929159 secs] [Times: user=0.55 sys=0.01, real=0.09 secs] 
3629.292: [GC (Allocation Failure) [PSYoungGen: 415072K->153472K(502784K)] 1541056K->1381197K(1901056K), 0.1008980 secs] [Times: user=0.60 sys=0.00, real=0.10 secs] 
3629.393: [Full GC (Ergonomics) [PSYoungGen: 153472K->0K(502784K)] [ParOldGen: 1227725K->170495K(1398272K)] 1381197K->170495K(1901056K), [Metaspace: 60359K->60359K(1105920K)], 0.4430385 secs] [Times: user=2.10 sys=0.00, real=0.44 secs] 
3632.817: [GC (Allocation Failure) [PSYoungGen: 311808K->102368K(504832K)] 482303K->272863K(1903104K), 0.0529840 secs] [Times: user=0.31 sys=0.00, real=0.05 secs] 
3634.534: [GC (Allocation Failure) [PSYoungGen: 413152K->145376K(503296K)] 583647K->417088K(1901568K), 0.1208144 secs] [Times: user=0.72 sys=0.01, real=0.12 secs] 
3637.052: [GC (Allocation Failure) [PSYoungGen: 456160K->103296K(500736K)] 727872K->511872K(1899008K), 0.1027157 secs] [Times: user=0.61 sys=0.00, real=0.10 secs] 
3638.198: [GC (GCLocker Initiated GC) [PSYoungGen: 415616K->145312K(502784K)] 824192K->655569K(1901056K), 0.0517121 secs] [Times: user=0.31 sys=0.00, real=0.05 secs] 
3640.353: [GC (Allocation Failure) [PSYoungGen: 457632K->107104K(502272K)] 967891K->753835K(1900544K), 0.0756987 secs] [Times: user=0.45 sys=0.00, real=0.07 secs] 
3641.333: [GC (Allocation Failure) [PSYoungGen: 423008K->150304K(504320K)] 1069739K->902072K(1902592K), 0.0533354 secs] [Times: user=0.32 sys=0.00, real=0.05 secs] 
3643.602: [GC (Allocation Failure) [PSYoungGen: 466208K->107168K(507392K)] 1217976K->1000328K(1905664K), 0.0912114 secs] [Times: user=0.54 sys=0.00, real=0.09 secs] 
3644.913: [GC (Allocation Failure) [PSYoungGen: 425120K->150880K(468992K)] 1318280K->1149121K(1867264K), 0.1270764 secs] [Times: user=0.76 sys=0.00, real=0.12 secs] 
3647.649: [GC (Allocation Failure) [PSYoungGen: 468832K->106176K(509952K)] 1467073K->1247161K(1908224K), 0.0692053 secs] [Times: user=0.42 sys=0.00, real=0.07 secs] 
3648.711: [GC (GCLocker Initiated GC) [PSYoungGen: 423616K->152288K(470016K)] 1564602K->1396496K(1868288K), 0.1010862 secs] [Times: user=0.58 sys=0.00, real=0.11 secs] 
3648.812: [Full GC (Ergonomics) [PSYoungGen: 152288K->0K(470016K)] [ParOldGen: 1244208K->194156K(1398272K)] 1396496K->194156K(1868288K), [Metaspace: 60373K->60373K(1105920K)], 0.5146776 secs] [Times: user=2.45 sys=0.00, real=0.51 secs] 
3651.516: [GC (Allocation Failure) [PSYoungGen: 317440K->106560K(508928K)] 511629K->300749K(1907200K), 0.0631722 secs] [Times: user=0.37 sys=0.00, real=0.06 secs] 
3652.325: [GC (Allocation Failure) [PSYoungGen: 413172K->146080K(505856K)] 607361K->443967K(1904128K), 0.0687693 secs] [Times: user=0.40 sys=0.01, real=0.07 secs] 
3654.884: [GC (Allocation Failure) [PSYoungGen: 461984K->105536K(504320K)] 759871K->541159K(1902592K), 0.1464153 secs] [Times: user=0.87 sys=0.00, real=0.14 secs] 
3655.732: [GC (Allocation Failure) [PSYoungGen: 407972K->144608K(505856K)] 843595K->682744K(1904128K), 0.0894051 secs] [Times: user=0.53 sys=0.00, real=0.09 secs] 
3658.670: [GC (Allocation Failure) [PSYoungGen: 462048K->105728K(506368K)] 1000184K->780080K(1904640K), 0.1337833 secs] [Times: user=0.79 sys=0.01, real=0.14 secs] 
3659.253: [GC (Allocation Failure) [PSYoungGen: 426752K->155168K(476672K)] 1101104K->931821K(1874944K), 0.0749131 secs] [Times: user=0.45 sys=0.00, real=0.07 secs] 
3661.884: [GC (Allocation Failure) [PSYoungGen: 476192K->98560K(508416K)] 1252845K->1030133K(1906688K), 0.1439596 secs] [Times: user=0.86 sys=0.00, real=0.14 secs] 
3662.362: [GC (Allocation Failure) [PSYoungGen: 414976K->156768K(473600K)] 1346549K->1181518K(1871872K), 0.0594253 secs] [Times: user=0.35 sys=0.00, real=0.06 secs] 
3665.655: [GC (Allocation Failure) [PSYoungGen: 473184K->97984K(504832K)] 1497934K->1279298K(1903104K), 0.1382629 secs] [Times: user=0.82 sys=0.00, real=0.14 secs] 
3666.029: [GC (Allocation Failure) [PSYoungGen: 407232K->153312K(462848K)] 1588546K->1426705K(1861120K), 0.0575953 secs] [Times: user=0.35 sys=0.00, real=0.06 secs] 
3666.086: [Full GC (Ergonomics) [PSYoungGen: 153312K->0K(462848K)] [ParOldGen: 1273393K->224028K(1398272K)] 1426705K->224028K(1861120K), [Metaspace: 60377K->60377K(1105920K)], 0.5446525 secs] [Times: user=2.56 sys=0.00, real=0.54 secs] 
3669.768: [GC (Allocation Failure) [PSYoungGen: 309248K->93376K(502272K)] 533276K->317404K(1900544K), 0.0807449 secs] [Times: user=0.47 sys=0.00, real=0.08 secs] 
3670.302: [GC (Allocation Failure) [PSYoungGen: 398016K->152160K(457216K)] 622044K->464237K(1855488K), 0.0626929 secs] [Times: user=0.37 sys=0.00, real=0.06 secs] 
3673.933: [GC (Allocation Failure) [PSYoungGen: 456800K->88576K(499712K)] 768877K->553005K(1897984K), 0.1348430 secs] [Times: user=0.80 sys=0.00, real=0.13 secs] 
3674.302: [GC (Allocation Failure) [PSYoungGen: 388608K->150144K(450560K)] 853037K->697390K(1848832K), 0.0540578 secs] [Times: user=0.33 sys=0.00, real=0.05 secs] 
3677.891: [GC (Allocation Failure) [PSYoungGen: 450176K->86336K(498176K)] 997422K->783766K(1896448K), 0.1433314 secs] [Times: user=0.85 sys=0.00, real=0.14 secs] 
3678.272: [GC (GCLocker Initiated GC) [PSYoungGen: 383296K->146592K(443904K)] 1080726K->924767K(1842176K), 0.0514884 secs] [Times: user=0.31 sys=0.00, real=0.05 secs] 
3682.239: [GC (Allocation Failure) [PSYoungGen: 443552K->85792K(498176K)] 1221729K->1009993K(1896448K), 0.1698012 secs] [Times: user=1.02 sys=0.00, real=0.17 secs] 
3683.098: [GC (Allocation Failure) [PSYoungGen: 382240K->144448K(497152K)] 1306441K->1150262K(1895424K), 0.0484695 secs] [Times: user=0.28 sys=0.00, real=0.05 secs] 
3685.576: [GC (Allocation Failure) [PSYoungGen: 440896K->98080K(492032K)] 1446710K->1239670K(1890304K), 0.1413835 secs] [Times: user=0.85 sys=0.00, real=0.14 secs] 
3686.810: [GC (Allocation Failure) [PSYoungGen: 394528K->144256K(494592K)] 1536118K->1380543K(1892864K), 0.0822010 secs] [Times: user=0.48 sys=0.00, real=0.09 secs] 
3686.892: [Full GC (Ergonomics) [PSYoungGen: 144256K->0K(494592K)] [ParOldGen: 1236287K->187273K(1398272K)] 1380543K->187273K(1892864K), [Metaspace: 60384K->60384K(1105920K)], 0.4797857 secs] [Times: user=2.19 sys=0.00, real=0.48 secs] 
3689.768: [GC (Allocation Failure) [PSYoungGen: 296448K->95360K(495616K)] 483721K->282641K(1893888K), 0.0652201 secs] [Times: user=0.38 sys=0.00, real=0.07 secs] 
3690.679: [GC (Allocation Failure) [PSYoungGen: 396928K->143776K(497664K)] 584209K->423462K(1895936K), 0.0487261 secs] [Times: user=0.29 sys=0.00, real=0.05 secs] 
3692.117: [GC (Allocation Failure) [PSYoungGen: 445344K->105632K(494592K)] 725030K->519950K(1892864K), 0.1006446 secs] [Times: user=0.61 sys=0.00, real=0.10 secs] 
3692.861: [GC (Allocation Failure) [PSYoungGen: 411296K->145536K(498176K)] 825614K->663511K(1896448K), 0.0518509 secs] [Times: user=0.31 sys=0.00, real=0.05 secs] 
3694.943: [GC (Allocation Failure) [PSYoungGen: 451200K->102944K(501248K)] 969175K->757703K(1899520K), 0.1002502 secs] [Times: user=0.60 sys=0.00, real=0.10 secs] 
3696.241: [GC (Allocation Failure) [PSYoungGen: 414752K->148672K(502784K)] 1069511K->904508K(1901056K), 0.0599922 secs] [Times: user=0.35 sys=0.01, real=0.06 secs] 
3699.341: [GC (Allocation Failure) [PSYoungGen: 460480K->102560K(504832K)] 1216316K->998864K(1903104K), 0.1612368 secs] [Times: user=0.97 sys=0.00, real=0.16 secs] 
3700.812: [GC (Allocation Failure) [PSYoungGen: 416416K->148960K(504832K)] 1312720K->1146209K(1903104K), 0.1010133 secs] [Times: user=0.59 sys=0.00, real=0.10 secs] 
3703.204: [GC (Allocation Failure) [PSYoungGen: 460993K->104512K(503808K)] 1458242K->1242329K(1902080K), 0.1465346 secs] [Times: user=0.88 sys=0.00, real=0.15 secs] 
3704.891: [GC (Allocation Failure) [PSYoungGen: 418368K->148768K(504320K)] 1556185K->1388870K(1902592K), 0.0526429 secs] [Times: user=0.31 sys=0.00, real=0.05 secs] 
3704.944: [Full GC (Ergonomics) [PSYoungGen: 148768K->0K(504320K)] [ParOldGen: 1240102K->185877K(1398272K)] 1388870K->185877K(1902592K), [Metaspace: 60393K->60393K(1105920K)], 0.4542652 secs] [Times: user=2.12 sys=0.00, real=0.45 secs] 
3707.066: [GC (Allocation Failure) [PSYoungGen: 313856K->105408K(504320K)] 499733K->291285K(1902592K), 0.0856638 secs] [Times: user=0.50 sys=0.00, real=0.09 secs] 
3708.107: [GC (Allocation Failure) [PSYoungGen: 420288K->160160K(475136K)] 606165K->448454K(1873408K), 0.0527419 secs] [Times: user=0.31 sys=0.00, real=0.05 secs] 
3711.151: [GC (Allocation Failure) [PSYoungGen: 475040K->104800K(504832K)] 763334K->536678K(1903104K), 0.1700484 secs] [Times: user=1.01 sys=0.01, real=0.17 secs] 
3712.011: [GC (Allocation Failure) [PSYoungGen: 412512K->149760K(501760K)] 844390K->682411K(1900032K), 0.0509212 secs] [Times: user=0.31 sys=0.00, real=0.05 secs] 
3714.116: [GC (GCLocker Initiated GC) [PSYoungGen: 457472K->100832K(502784K)] 990123K->774435K(1901056K), 0.1653111 secs] [Times: user=0.98 sys=0.00, real=0.17 secs] 
3715.131: [GC (Allocation Failure) [PSYoungGen: 409568K->158432K(467456K)] 1083206K->928421K(1865728K), 0.0505477 secs] [Times: user=0.30 sys=0.00, real=0.05 secs] 
3716.853: [GC (Allocation Failure) [PSYoungGen: 467168K->104928K(502784K)] 1237157K->1016465K(1901056K), 0.1380933 secs] [Times: user=0.80 sys=0.00, real=0.14 secs] 
3717.659: [GC (Allocation Failure) [PSYoungGen: 408025K->147904K(499200K)] 1319562K->1160496K(1897472K), 0.0504640 secs] [Times: user=0.30 sys=0.01, real=0.05 secs] 
3719.856: [GC (Allocation Failure) [PSYoungGen: 451008K->100416K(499712K)] 1463600K->1252460K(1897984K), 0.1262115 secs] [Times: user=0.75 sys=0.00, real=0.13 secs] 
3721.050: [GC (Allocation Failure) [PSYoungGen: 405568K->147136K(500224K)] 1557612K->1395813K(1898496K), 0.0505604 secs] [Times: user=0.30 sys=0.00, real=0.05 secs] 
3721.100: [Full GC (Ergonomics) [PSYoungGen: 147136K->0K(500224K)] [ParOldGen: 1248677K->193461K(1398272K)] 1395813K->193461K(1898496K), [Metaspace: 60394K->60394K(1105920K)], 0.4685744 secs] [Times: user=2.17 sys=0.00, real=0.47 secs] 
3723.534: [GC (Allocation Failure) [PSYoungGen: 305152K->98496K(501760K)] 498613K->291957K(1900032K), 0.0953583 secs] [Times: user=0.56 sys=0.00, real=0.09 secs] 
3724.701: [GC (Allocation Failure) [PSYoungGen: 406208K->149344K(502272K)] 599669K->437745K(1900544K), 0.0488178 secs] [Times: user=0.29 sys=0.00, real=0.05 secs] 
3726.686: [GC (Allocation Failure) [PSYoungGen: 457056K->103264K(500224K)] 745457K->532233K(1898496K), 0.1479835 secs] [Times: user=0.88 sys=0.00, real=0.15 secs] 
3728.089: [GC (GCLocker Initiated GC) [PSYoungGen: 410976K->147808K(501248K)] 839946K->677183K(1899520K), 0.1263490 secs] [Times: user=0.68 sys=0.00, real=0.13 secs] 
3730.503: [GC (Allocation Failure) [PSYoungGen: 455520K->101024K(502272K)] 984897K->770073K(1900544K), 0.1623192 secs] [Times: user=0.97 sys=0.00, real=0.16 secs] 
3731.497: [GC (Allocation Failure) [PSYoungGen: 410784K->150304K(502784K)] 1079833K->916950K(1901056K), 0.0512588 secs] [Times: user=0.30 sys=0.00, real=0.05 secs] 
3734.847: [GC (Allocation Failure) [PSYoungGen: 460064K->100064K(503808K)] 1226710K->1008570K(1902080K), 0.1594987 secs] [Times: user=0.95 sys=0.01, real=0.16 secs] 
3735.984: [GC (Allocation Failure) [PSYoungGen: 409824K->150560K(460800K)] 1318330K->1155523K(1859072K), 0.0508609 secs] [Times: user=0.30 sys=0.01, real=0.05 secs] 
3738.697: [GC (Allocation Failure) [PSYoungGen: 460320K->101856K(505344K)] 1465283K->1248827K(1903616K), 0.1113691 secs] [Times: user=0.67 sys=0.00, real=0.11 secs] 
3740.440: [GC (GCLocker Initiated GC) [PSYoungGen: 411104K->147264K(502784K)] 1558075K->1393148K(1901056K), 0.1030663 secs] [Times: user=0.62 sys=0.00, real=0.11 secs] 
3740.543: [Full GC (Ergonomics) [PSYoungGen: 147264K->0K(502784K)] [ParOldGen: 1245884K->190303K(1398272K)] 1393148K->190303K(1901056K), [Metaspace: 60394K->60394K(1105920K)], 0.4980168 secs] [Times: user=2.37 sys=0.00, real=0.49 secs] 
3744.335: [GC (Allocation Failure) [PSYoungGen: 309248K->104448K(500736K)] 499554K->294754K(1899008K), 0.0966809 secs] [Times: user=0.57 sys=0.00, real=0.10 secs] 
3745.602: [GC (Allocation Failure) [PSYoungGen: 414720K->157408K(467968K)] 605026K->448183K(1866240K), 0.0509187 secs] [Times: user=0.31 sys=0.00, real=0.05 secs] 
3747.301: [GC (Allocation Failure) [PSYoungGen: 467680K->106848K(504832K)] 758455K->537887K(1903104K), 0.1508681 secs] [Times: user=0.89 sys=0.01, real=0.16 secs] 
3747.836: [GC (Allocation Failure) [PSYoungGen: 414048K->148672K(501248K)] 845087K->682721K(1899520K), 0.0512247 secs] [Times: user=0.31 sys=0.00, real=0.05 secs] 
3750.735: [GC (Allocation Failure) [PSYoungGen: 455872K->98816K(502784K)] 989921K->772817K(1901056K), 0.1643789 secs] [Times: user=0.98 sys=0.01, real=0.16 secs] 
3752.008: [GC (Allocation Failure) [PSYoungGen: 407552K->147456K(502784K)] 1081553K->916605K(1901056K), 0.0501783 secs] [Times: user=0.29 sys=0.00, real=0.05 secs] 
3754.328: [GC (Allocation Failure) [PSYoungGen: 456192K->104480K(500224K)] 1225341K->1011938K(1898496K), 0.1589757 secs] [Times: user=0.95 sys=0.00, real=0.16 secs] 
3754.939: [GC (Allocation Failure) [PSYoungGen: 413728K->150496K(501760K)] 1321186K->1159307K(1900032K), 0.0533446 secs] [Times: user=0.32 sys=0.00, real=0.06 secs] 
3757.529: [GC (Allocation Failure) [PSYoungGen: 459744K->100896K(504320K)] 1468555K->1252027K(1902592K), 0.1625035 secs] [Times: user=0.96 sys=0.01, real=0.17 secs] 
3758.656: [GC (Allocation Failure) [PSYoungGen: 411680K->149888K(460800K)] 1562811K->1397687K(1859072K), 0.0513409 secs] [Times: user=0.31 sys=0.00, real=0.05 secs] 
3758.707: [Full GC (Ergonomics) [PSYoungGen: 149888K->0K(460800K)] [ParOldGen: 1247799K->197074K(1398272K)] 1397687K->197074K(1859072K), [Metaspace: 60394K->60394K(1105920K)], 0.4767581 secs] [Times: user=2.13 sys=0.00, real=0.48 secs] 
3761.976: [GC (Allocation Failure) [PSYoungGen: 310784K->103424K(505856K)] 507858K->300498K(1904128K), 0.0950529 secs] [Times: user=0.56 sys=0.00, real=0.09 secs] 
3763.352: [GC (Allocation Failure) [PSYoungGen: 412139K->150080K(503296K)] 609214K->444130K(1901568K), 0.0490913 secs] [Times: user=0.29 sys=0.00, real=0.05 secs] 
3766.259: [GC (Allocation Failure) [PSYoungGen: 460352K->100320K(503296K)] 754402K->535922K(1901568K), 0.1535948 secs] [Times: user=0.91 sys=0.01, real=0.16 secs] 
3767.546: [GC (Allocation Failure) [PSYoungGen: 410592K->159008K(469504K)] 846194K->690647K(1867776K), 0.0492410 secs] [Times: user=0.29 sys=0.00, real=0.05 secs] 
3769.815: [GC (Allocation Failure) [PSYoungGen: 469280K->104768K(502784K)] 1000919K->778535K(1901056K), 0.1335720 secs] [Times: user=0.79 sys=0.00, real=0.13 secs] 
3770.255: [GC (Allocation Failure) [PSYoungGen: 406713K->146784K(499712K)] 1080481K->921624K(1897984K), 0.0500713 secs] [Times: user=0.30 sys=0.00, real=0.05 secs] 
3772.331: [GC (Allocation Failure) [PSYoungGen: 450400K->98720K(501248K)] 1225240K->1012228K(1899520K), 0.0820811 secs] [Times: user=0.49 sys=0.00, real=0.08 secs] 
3773.451: [GC (Allocation Failure) [PSYoungGen: 403872K->146304K(500224K)] 1317380K->1155818K(1898496K), 0.1095150 secs] [Times: user=0.65 sys=0.00, real=0.10 secs] 
3776.137: [GC (Allocation Failure) [PSYoungGen: 451456K->100512K(500224K)] 1460970K->1248026K(1898496K), 0.1631175 secs] [Times: user=0.97 sys=0.01, real=0.16 secs] 
3777.342: [GC (Allocation Failure) [PSYoungGen: 408736K->147424K(501760K)] 1556250K->1392492K(1900032K), 0.0948854 secs] [Times: user=0.56 sys=0.00, real=0.09 secs] 
3777.437: [Full GC (Ergonomics) [PSYoungGen: 147424K->0K(501760K)] [ParOldGen: 1245068K->189796K(1398272K)] 1392492K->189796K(1900032K), [Metaspace: 60395K->60395K(1105920K)], 0.4840158 secs] [Times: user=2.29 sys=0.00, real=0.49 secs] 
3781.382: [GC (Allocation Failure) [PSYoungGen: 308224K->99232K(502784K)] 498020K->289028K(1901056K), 0.0923780 secs] [Times: user=0.55 sys=0.00, real=0.09 secs] 
3782.201: [GC (Allocation Failure) [PSYoungGen: 409504K->152192K(462848K)] 599300K->438322K(1861120K), 0.0497621 secs] [Times: user=0.30 sys=0.00, real=0.05 secs] 
3784.579: [GC (Allocation Failure) [PSYoungGen: 462464K->101856K(504832K)] 748594K->532010K(1903104K), 0.1434390 secs] [Times: user=0.85 sys=0.00, real=0.15 secs] 
3785.252: [GC (Allocation Failure) [PSYoungGen: 410080K->151360K(459776K)] 840234K->679582K(1858048K), 0.0505073 secs] [Times: user=0.30 sys=0.00, real=0.05 secs] 
3787.936: [GC (Allocation Failure) [PSYoungGen: 459584K->100736K(504320K)] 987806K->771802K(1902592K), 0.1661978 secs] [Times: user=0.99 sys=0.01, real=0.17 secs] 
3789.426: [GC (Allocation Failure) [PSYoungGen: 407936K->148032K(501760K)] 1079002K->915642K(1900032K), 0.0493834 secs] [Times: user=0.30 sys=0.00, real=0.05 secs] 
3791.288: [GC (Allocation Failure) [PSYoungGen: 455232K->104480K(499712K)] 1222842K->1011319K(1897984K), 0.1366915 secs] [Times: user=0.80 sys=0.01, real=0.14 secs] 
3792.368: [GC (Allocation Failure) [PSYoungGen: 412704K->148704K(501248K)] 1319543K->1156191K(1899520K), 0.0509366 secs] [Times: user=0.30 sys=0.00, real=0.05 secs] 
3795.401: [GC (Allocation Failure) [PSYoungGen: 456928K->101632K(502784K)] 1464415K->1248807K(1901056K), 0.1710433 secs] [Times: user=1.02 sys=0.00, real=0.18 secs] 
3797.068: [GC (Allocation Failure) [PSYoungGen: 412416K->149248K(503296K)] 1559591K->1394208K(1901568K), 0.0502055 secs] [Times: user=0.30 sys=0.00, real=0.05 secs] 
3797.118: [Full GC (Ergonomics) [PSYoungGen: 149248K->0K(503296K)] [ParOldGen: 1244960K->193069K(1398272K)] 1394208K->193069K(1901568K), [Metaspace: 60397K->60397K(1105920K)], 0.4668216 secs] [Times: user=2.18 sys=0.00, real=0.47 secs] 
3799.172: [GC (Allocation Failure) [PSYoungGen: 310784K->101696K(503808K)] 503853K->294765K(1902080K), 0.0759894 secs] [Times: user=0.45 sys=0.01, real=0.07 secs] 
3800.061: [GC (Allocation Failure) [PSYoungGen: 412992K->152224K(463872K)] 606061K->442954K(1862144K), 0.0495293 secs] [Times: user=0.29 sys=0.00, real=0.04 secs] 
3802.229: [GC (Allocation Failure) [PSYoungGen: 463520K->104000K(505856K)] 754250K->538158K(1904128K), 0.1589676 secs] [Times: user=0.95 sys=0.00, real=0.16 secs] 
3803.014: [GC (Allocation Failure) [PSYoungGen: 413465K->147584K(502784K)] 847623K->683024K(1901056K), 0.0506407 secs] [Times: user=0.30 sys=0.00, real=0.05 secs] 
3805.436: [GC (Allocation Failure) [PSYoungGen: 457344K->103360K(502272K)] 992784K->777872K(1900544K), 0.1413930 secs] [Times: user=0.84 sys=0.00, real=0.14 secs] 
3806.107: [GC (Allocation Failure) [PSYoungGen: 412899K->147232K(503296K)] 1087412K->921641K(1901568K), 0.0500816 secs] [Times: user=0.30 sys=0.00, real=0.05 secs] 
3808.783: [GC (Allocation Failure) [PSYoungGen: 458528K->101312K(504320K)] 1232937K->1014261K(1902592K), 0.1616904 secs] [Times: user=0.96 sys=0.01, real=0.16 secs] 
3809.676: [GC (Allocation Failure) [PSYoungGen: 410306K->149088K(504832K)] 1323255K->1160333K(1903104K), 0.0504950 secs] [Times: user=0.30 sys=0.00, real=0.05 secs] 
3813.078: [GC (Allocation Failure) [PSYoungGen: 462432K->104128K(503808K)] 1473677K->1256229K(1902080K), 0.1547362 secs] [Times: user=0.92 sys=0.00, real=0.16 secs] 
3813.821: [GC (Allocation Failure) [PSYoungGen: 407740K->147296K(504320K)] 1559841K->1399794K(1902592K), 0.0510268 secs] [Times: user=0.30 sys=0.00, real=0.05 secs] 
3813.872: [Full GC (Ergonomics) [PSYoungGen: 147296K->0K(504320K)] [ParOldGen: 1252498K->197515K(1398272K)] 1399794K->197515K(1902592K), [Metaspace: 60398K->60398K(1105920K)], 0.4798613 secs] [Times: user=2.25 sys=0.00, real=0.48 secs] 
3816.941: [GC (Allocation Failure) [PSYoungGen: 313344K->102240K(504832K)] 510859K->299755K(1903104K), 0.0831724 secs] [Times: user=0.49 sys=0.00, real=0.08 secs] 
3817.419: [GC (Allocation Failure) [PSYoungGen: 408190K->148832K(505344K)] 605706K->444756K(1903616K), 0.0491809 secs] [Times: user=0.29 sys=0.01, real=0.05 secs] 
3819.749: [GC (Allocation Failure) [PSYoungGen: 463712K->103872K(505856K)] 759636K->539820K(1904128K), 0.1379091 secs] [Times: user=0.82 sys=0.00, real=0.14 secs] 
3820.411: [GC (Allocation Failure) [PSYoungGen: 407528K->147040K(505856K)] 843477K->683002K(1904128K), 0.0503121 secs] [Times: user=0.29 sys=0.00, real=0.05 secs] 
3824.080: [GC (Allocation Failure) [PSYoungGen: 462432K->100448K(505856K)] 998394K->775066K(1904128K), 0.1632407 secs] [Times: user=0.97 sys=0.00, real=0.17 secs] 
3824.875: [GC (Allocation Failure) [PSYoungGen: 412060K->150752K(467456K)] 1086678K->921855K(1865728K), 0.0506211 secs] [Times: user=0.30 sys=0.00, real=0.05 secs] 
3827.813: [GC (Allocation Failure) [PSYoungGen: 467168K->106080K(508928K)] 1238271K->1019415K(1907200K), 0.1458535 secs] [Times: user=0.86 sys=0.00, real=0.14 secs] 
3828.699: [GC (Allocation Failure) [PSYoungGen: 421984K->169664K(485888K)] 1335319K->1185084K(1884160K), 0.0531819 secs] [Times: user=0.31 sys=0.00, real=0.06 secs] 
3831.720: [GC (Allocation Failure) [PSYoungGen: 485568K->92672K(499712K)] 1500988K->1260960K(1897984K), 0.1509217 secs] [Times: user=0.90 sys=0.01, real=0.16 secs] 
3832.347: [GC (Allocation Failure) [PSYoungGen: 385346K->141632K(441344K)] 1553634K->1398977K(1839616K), 0.0497879 secs] [Times: user=0.30 sys=0.00, real=0.05 secs] 
3832.397: [Full GC (Ergonomics) [PSYoungGen: 141632K->0K(441344K)] [ParOldGen: 1257345K->196907K(1398272K)] 1398977K->196907K(1839616K), [Metaspace: 60400K->60400K(1105920K)], 0.4829464 secs] [Times: user=2.27 sys=0.00, real=0.48 secs] 
3834.349: [GC (Allocation Failure) [PSYoungGen: 299520K->97504K(499712K)] 496427K->294411K(1897984K), 0.0561544 secs] [Times: user=0.33 sys=0.00, real=0.06 secs] 
3835.065: [GC (Allocation Failure) [PSYoungGen: 399072K->146624K(497664K)] 595979K->437411K(1895936K), 0.0476047 secs] [Times: user=0.28 sys=0.00, real=0.05 secs] 
3837.937: [GC (Allocation Failure) [PSYoungGen: 448192K->100160K(498688K)] 738979K->528907K(1896960K), 0.1634366 secs] [Times: user=0.97 sys=0.01, real=0.16 secs] 
3840.013: [GC (Allocation Failure) [PSYoungGen: 405824K->146464K(500224K)] 834571K->669312K(1898496K), 0.0482255 secs] [Times: user=0.28 sys=0.00, real=0.05 secs] 
3841.513: [GC (Allocation Failure) [PSYoungGen: 452128K->104768K(498688K)] 974976K->765008K(1896960K), 0.0972391 secs] [Times: user=0.57 sys=0.00, real=0.09 secs] 
3842.624: [GC (Allocation Failure) [PSYoungGen: 412992K->147680K(500736K)] 1073232K->909292K(1899008K), 0.0518999 secs] [Times: user=0.31 sys=0.00, real=0.05 secs] 
3844.500: [GC (GCLocker Initiated GC) [PSYoungGen: 455904K->104864K(502272K)] 1217516K->1005196K(1900544K), 0.1553984 secs] [Times: user=0.92 sys=0.00, real=0.16 secs] 
3846.000: [GC (Allocation Failure) [PSYoungGen: 416672K->148480K(503296K)] 1317007K->1150340K(1901568K), 0.0523451 secs] [Times: user=0.32 sys=0.00, real=0.06 secs] 
3847.384: [GC (Allocation Failure) [PSYoungGen: 460288K->108992K(502272K)] 1462148K->1250568K(1900544K), 0.1219008 secs] [Times: user=0.72 sys=0.00, real=0.12 secs] 
3847.956: [GC (Allocation Failure) [PSYoungGen: 419236K->151360K(503808K)] 1560813K->1399294K(1902080K), 0.0546408 secs] [Times: user=0.32 sys=0.00, real=0.06 secs] 
3848.011: [Full GC (Ergonomics) [PSYoungGen: 151360K->0K(503808K)] [ParOldGen: 1247934K->196848K(1398272K)] 1399294K->196848K(1902080K), [Metaspace: 60405K->60405K(1105920K)], 0.4790536 secs] [Times: user=2.24 sys=0.00, real=0.47 secs] 
3851.216: [GC (Allocation Failure) [PSYoungGen: 313856K->100384K(506880K)] 510704K->297232K(1905152K), 0.0837525 secs] [Times: user=0.45 sys=0.00, real=0.08 secs] 
3852.316: [GC (Allocation Failure) [PSYoungGen: 414096K->151168K(465408K)] 610945K->444161K(1863680K), 0.0484873 secs] [Times: user=0.28 sys=0.00, real=0.05 secs] 
3856.554: [GC (Allocation Failure) [PSYoungGen: 465024K->102656K(506880K)] 758017K->538061K(1905152K), 0.1686043 secs] [Times: user=0.99 sys=0.00, real=0.17 secs] 
3857.792: [GC (Allocation Failure) [PSYoungGen: 412201K->148448K(504320K)] 847607K->682418K(1902592K), 0.0498384 secs] [Times: user=0.29 sys=0.00, real=0.05 secs] 
3859.954: [GC (Allocation Failure) [PSYoungGen: 460768K->105632K(502784K)] 994738K->779446K(1901056K), 0.1558206 secs] [Times: user=0.92 sys=0.00, real=0.15 secs] 
3860.686: [GC (Allocation Failure) [PSYoungGen: 409386K->146368K(503808K)] 1083200K->921727K(1902080K), 0.0511393 secs] [Times: user=0.30 sys=0.01, real=0.05 secs] 
3862.822: [GC (Allocation Failure) [PSYoungGen: 459200K->107040K(503296K)] 1234559K->1019863K(1901568K), 0.1492720 secs] [Times: user=0.88 sys=0.01, real=0.15 secs] 
3863.481: [GC (Allocation Failure) [PSYoungGen: 407246K->143840K(504832K)] 1320069K->1159864K(1903104K), 0.0507648 secs] [Times: user=0.30 sys=0.00, real=0.06 secs] 
3865.694: [GC (Allocation Failure) [PSYoungGen: 459232K->105600K(504832K)] 1475256K->1256868K(1903104K), 0.1279568 secs] [Times: user=0.76 sys=0.00, real=0.13 secs] 
3866.382: [GC (Allocation Failure) [PSYoungGen: 425088K->156192K(476160K)] 1576356K->1409510K(1874432K), 0.0824559 secs] [Times: user=0.49 sys=0.00, real=0.08 secs] 
3866.464: [Full GC (Ergonomics) [PSYoungGen: 156192K->0K(476160K)] [ParOldGen: 1253318K->207794K(1398272K)] 1409510K->207794K(1874432K), [Metaspace: 60421K->60421K(1105920K)], 0.5032326 secs] [Times: user=2.37 sys=0.00, real=0.50 secs] 
3871.609: [GC (Allocation Failure) [PSYoungGen: 317865K->93216K(506880K)] 525660K->301010K(1905152K), 0.1748724 secs] [Times: user=0.93 sys=0.00, real=0.18 secs] 
3872.206: [GC (Allocation Failure) [PSYoungGen: 407584K->152448K(466944K)] 615378K->449659K(1865216K), 0.0535115 secs] [Times: user=0.32 sys=0.00, real=0.05 secs] 
3875.077: [GC (Allocation Failure) [PSYoungGen: 466816K->103040K(505856K)] 764027K->552139K(1904128K), 0.1535244 secs] [Times: user=0.92 sys=0.00, real=0.15 secs] 
3875.650: [GC (Allocation Failure) [PSYoungGen: 413312K->155072K(465408K)] 862411K->693248K(1863680K), 0.0547963 secs] [Times: user=0.32 sys=0.00, real=0.06 secs] 
3877.463: [GC (Allocation Failure) [PSYoungGen: 465344K->97984K(503296K)] 1003520K->791416K(1901568K), 0.0979090 secs] [Times: user=0.58 sys=0.00, real=0.09 secs] 
3877.774: [GC (GCLocker Initiated GC) [PSYoungGen: 404160K->151648K(458240K)] 1097592K->937397K(1856512K), 0.0557489 secs] [Times: user=0.33 sys=0.00, real=0.05 secs] 
3880.584: [GC (Allocation Failure) [PSYoungGen: 457824K->96288K(502272K)] 1243608K->1033512K(1900544K), 0.1106980 secs] [Times: user=0.65 sys=0.00, real=0.11 secs] 
3881.248: [GC (Allocation Failure) [PSYoungGen: 400416K->149824K(454144K)] 1337640K->1173884K(1852416K), 0.0817420 secs] [Times: user=0.48 sys=0.01, real=0.08 secs] 
3883.482: [GC (Allocation Failure) [PSYoungGen: 453952K->93440K(501248K)] 1478012K->1267109K(1899520K), 0.1414422 secs] [Times: user=0.84 sys=0.01, real=0.14 secs] 
3884.034: [GC (Allocation Failure) [PSYoungGen: 396032K->149216K(452096K)] 1569701K->1411147K(1850368K), 0.0547879 secs] [Times: user=0.33 sys=0.00, real=0.05 secs] 
3884.088: [Full GC (Ergonomics) [PSYoungGen: 149216K->0K(452096K)] [ParOldGen: 1261931K->217370K(1398272K)] 1411147K->217370K(1850368K), [Metaspace: 60436K->60436K(1105920K)], 0.5083496 secs] [Times: user=2.37 sys=0.00, real=0.51 secs] 
3888.079: [GC (Allocation Failure) [PSYoungGen: 299456K->84256K(499712K)] 516826K->301626K(1897984K), 0.1500684 secs] [Times: user=0.89 sys=0.00, real=0.15 secs] 
3888.900: [GC (Allocation Failure) [PSYoungGen: 384288K->147136K(447488K)] 601658K->444791K(1845760K), 0.0502168 secs] [Times: user=0.30 sys=0.00, real=0.05 secs] 
3894.220: [GC (Allocation Failure) [PSYoungGen: 447168K->85408K(498688K)] 744823K->530327K(1896960K), 0.0901768 secs] [Times: user=0.54 sys=0.00, real=0.09 secs] 
3895.286: [GC (Allocation Failure) [PSYoungGen: 383392K->142336K(498176K)] 828311K->668976K(1896448K), 0.0468489 secs] [Times: user=0.27 sys=0.00, real=0.05 secs] 
3896.961: [GC (Allocation Failure) [PSYoungGen: 440320K->101824K(491008K)] 966960K->761812K(1889280K), 0.0905897 secs] [Times: user=0.54 sys=0.00, real=0.10 secs] 
3898.224: [GC (Allocation Failure) [PSYoungGen: 400320K->145184K(494592K)] 1060308K->902217K(1892864K), 0.0930641 secs] [Times: user=0.55 sys=0.00, real=0.09 secs] 
3900.884: [GC (Allocation Failure) [PSYoungGen: 443680K->98528K(497152K)] 1200713K->992593K(1895424K), 0.1599723 secs] [Times: user=0.95 sys=0.01, real=0.16 secs] 
3901.632: [GC (Allocation Failure) [PSYoungGen: 403680K->145024K(499200K)] 1297745K->1135246K(1897472K), 0.0510783 secs] [Times: user=0.30 sys=0.00, real=0.05 secs] 
3904.682: [GC (Allocation Failure) [PSYoungGen: 450176K->98688K(500736K)] 1440398K->1225590K(1899008K), 0.1628155 secs] [Times: user=0.97 sys=0.01, real=0.16 secs] 
3905.976: [GC (Allocation Failure) [PSYoungGen: 407424K->148256K(501760K)] 1534326K->1371315K(1900032K), 0.0520138 secs] [Times: user=0.31 sys=0.00, real=0.05 secs] 
3906.028: [Full GC (Ergonomics) [PSYoungGen: 148256K->0K(501760K)] [ParOldGen: 1223059K->177409K(1398272K)] 1371315K->177409K(1900032K), [Metaspace: 60436K->60436K(1105920K)], 0.4287584 secs] [Times: user=1.99 sys=0.00, real=0.43 secs] 
3907.758: [GC (GCLocker Initiated GC) [PSYoungGen: 308736K->105152K(500736K)] 486146K->282563K(1899008K), 0.0582801 secs] [Times: user=0.35 sys=0.00, real=0.06 secs] 
3909.812: [GC (Allocation Failure) [PSYoungGen: 414912K->145984K(501760K)] 592325K->425899K(1900032K), 0.0526605 secs] [Times: user=0.31 sys=0.00, real=0.05 secs] 
3912.420: [GC (Allocation Failure) [PSYoungGen: 455744K->105888K(501248K)] 735659K->522323K(1899520K), 0.1408196 secs] [Times: user=0.83 sys=0.01, real=0.15 secs] 
3913.633: [GC (Allocation Failure) [PSYoungGen: 419232K->149856K(503296K)] 835667K->669793K(1901568K), 0.0520205 secs] [Times: user=0.31 sys=0.01, real=0.05 secs] 
3915.255: [GC (Allocation Failure) [PSYoungGen: 463200K->109056K(504320K)] 983137K->770005K(1902592K), 0.0816770 secs] [Times: user=0.48 sys=0.00, real=0.08 secs] 
3916.650: [GC (Allocation Failure) [PSYoungGen: 424448K->151136K(504832K)] 1085397K->917446K(1903104K), 0.0534479 secs] [Times: user=0.32 sys=0.00, real=0.06 secs] 
3918.814: [GC (Allocation Failure) [PSYoungGen: 466528K->107552K(505856K)] 1232838K->1016018K(1904128K), 0.1369810 secs] [Times: user=0.81 sys=0.00, real=0.14 secs] 
3919.404: [GC (Allocation Failure) [PSYoungGen: 412439K->147840K(505856K)] 1320905K->1160575K(1904128K), 0.0519804 secs] [Times: user=0.30 sys=0.00, real=0.05 secs] 
3922.805: [GC (Allocation Failure) [PSYoungGen: 464256K->103104K(507392K)] 1476991K->1255519K(1905664K), 0.1294397 secs] [Times: user=0.77 sys=0.00, real=0.13 secs] 
3923.491: [GC (Allocation Failure) [PSYoungGen: 411675K->147552K(507392K)] 1564090K->1399648K(1905664K), 0.0711545 secs] [Times: user=0.41 sys=0.00, real=0.07 secs] 
3923.562: [Full GC (Ergonomics) [PSYoungGen: 147552K->0K(507392K)] [ParOldGen: 1252096K->196878K(1398272K)] 1399648K->196878K(1905664K), [Metaspace: 60437K->60437K(1105920K)], 0.4866703 secs] [Times: user=2.28 sys=0.00, real=0.48 secs] 
3926.717: [GC (Allocation Failure) [PSYoungGen: 317952K->105056K(505344K)] 514830K->301934K(1903616K), 0.0729698 secs] [Times: user=0.43 sys=0.00, real=0.07 secs] 
3927.554: [GC (Allocation Failure) [PSYoungGen: 423008K->153984K(472064K)] 619886K->452663K(1870336K), 0.1053241 secs] [Times: user=0.63 sys=0.01, real=0.10 secs] 
3931.055: [GC (Allocation Failure) [PSYoungGen: 470517K->95872K(506880K)] 769196K->548195K(1905152K), 0.1569099 secs] [Times: user=0.92 sys=0.00, real=0.16 secs] 
3931.748: [GC (Allocation Failure) [PSYoungGen: 409728K->151488K(465408K)] 862051K->695624K(1863680K), 0.0538667 secs] [Times: user=0.32 sys=0.00, real=0.06 secs] 
3934.023: [GC (Allocation Failure) [PSYoungGen: 465344K->96608K(505344K)] 1009480K->792012K(1903616K), 0.1732699 secs] [Times: user=1.03 sys=0.00, real=0.17 secs] 
3934.482: [GC (Allocation Failure) [PSYoungGen: 406880K->154752K(465408K)] 1102284K->941333K(1863680K), 0.0550288 secs] [Times: user=0.33 sys=0.00, real=0.05 secs] 
3937.914: [GC (Allocation Failure) [PSYoungGen: 465024K->89920K(501760K)] 1251605K->1031373K(1900032K), 0.1675264 secs] [Times: user=0.99 sys=0.00, real=0.17 secs] 
3938.584: [GC (Allocation Failure) [PSYoungGen: 393536K->150016K(454144K)] 1334989K->1175046K(1852416K), 0.0535430 secs] [Times: user=0.32 sys=0.00, real=0.05 secs] 
3942.000: [GC (Allocation Failure) [PSYoungGen: 453632K->89440K(500224K)] 1478662K->1263838K(1898496K), 0.1611937 secs] [Times: user=0.96 sys=0.00, real=0.16 secs] 
3942.459: [GC (Allocation Failure) [PSYoungGen: 373987K->137920K(438784K)] 1548385K->1398079K(1837056K), 0.0489534 secs] [Times: user=0.29 sys=0.00, real=0.05 secs] 
3942.508: [Full GC (Ergonomics) [PSYoungGen: 137920K->0K(438784K)] [ParOldGen: 1260159K->196557K(1398272K)] 1398079K->196557K(1837056K), [Metaspace: 60439K->60439K(1105920K)], 0.4816229 secs] [Times: user=2.25 sys=0.00, real=0.48 secs] 
3945.193: [GC (GCLocker Initiated GC) [PSYoungGen: 300544K->97600K(499712K)] 497102K->294158K(1897984K), 0.0863436 secs] [Times: user=0.51 sys=0.01, real=0.08 secs] 
3946.643: [GC (Allocation Failure) [PSYoungGen: 400704K->144960K(497152K)] 597265K->434974K(1895424K), 0.0476885 secs] [Times: user=0.29 sys=0.00, real=0.04 secs] 
3948.162: [GC (Allocation Failure) [PSYoungGen: 448064K->102592K(499200K)] 738078K->528574K(1897472K), 0.1379862 secs] [Times: user=0.82 sys=0.00, real=0.13 secs] 
3949.550: [GC (Allocation Failure) [PSYoungGen: 411840K->151488K(501248K)] 837822K->676967K(1899520K), 0.1066145 secs] [Times: user=0.63 sys=0.00, real=0.11 secs] 
3953.283: [GC (Allocation Failure) [PSYoungGen: 460736K->98784K(504320K)] 986215K->767623K(1902592K), 0.1729537 secs] [Times: user=1.01 sys=0.01, real=0.17 secs] 
3955.252: [GC (Allocation Failure) [PSYoungGen: 408032K->148064K(502784K)] 1076871K->911900K(1901056K), 0.0500598 secs] [Times: user=0.30 sys=0.00, real=0.05 secs] 
3959.108: [GC (Allocation Failure) [PSYoungGen: 457312K->101568K(501248K)] 1221148K->1004700K(1899520K), 0.1718027 secs] [Times: user=1.03 sys=0.01, real=0.17 secs] 
3960.695: [GC (Allocation Failure) [PSYoungGen: 411328K->148864K(502272K)] 1314460K->1150493K(1900544K), 0.0734518 secs] [Times: user=0.44 sys=0.00, real=0.07 secs] 
3963.240: [GC (Allocation Failure) [PSYoungGen: 458624K->104192K(502272K)] 1460253K->1246129K(1900544K), 0.1320010 secs] [Times: user=0.79 sys=0.00, real=0.14 secs] 
3964.411: [GC (Allocation Failure) [PSYoungGen: 414976K->146688K(502784K)] 1556913K->1389402K(1901056K), 0.0525241 secs] [Times: user=0.32 sys=0.00, real=0.05 secs] 
3964.464: [Full GC (Ergonomics) [PSYoungGen: 146688K->0K(502784K)] [ParOldGen: 1242714K->187164K(1398272K)] 1389402K->187164K(1901056K), [Metaspace: 60448K->60448K(1105920K)], 0.4605453 secs] [Times: user=2.14 sys=0.00, real=0.46 secs] 
3966.882: [GC (Allocation Failure) [PSYoungGen: 310784K->102528K(502784K)] 497948K->289692K(1901056K), 0.0705243 secs] [Times: user=0.41 sys=0.00, real=0.07 secs] 
3968.299: [GC (Allocation Failure) [PSYoungGen: 415360K->150016K(503808K)] 602524K->435729K(1902080K), 0.0507425 secs] [Times: user=0.30 sys=0.00, real=0.05 secs] 
3970.948: [GC (Allocation Failure) [PSYoungGen: 462848K->106752K(503808K)] 748561K->533293K(1902080K), 0.1716726 secs] [Times: user=1.02 sys=0.00, real=0.17 secs] 
3972.763: [GC (Allocation Failure) [PSYoungGen: 420608K->151776K(504320K)] 847149K->681626K(1902592K), 0.1287834 secs] [Times: user=0.76 sys=0.01, real=0.13 secs] 
3976.736: [GC (Allocation Failure) [PSYoungGen: 465632K->101824K(505856K)] 995482K->774858K(1904128K), 0.1554265 secs] [Times: user=0.93 sys=0.00, real=0.16 secs] 
3977.573: [GC (Allocation Failure) [PSYoungGen: 415168K->150144K(463872K)] 1088202K->921891K(1862144K), 0.0756420 secs] [Times: user=0.45 sys=0.01, real=0.07 secs] 
3980.409: [GC (Allocation Failure) [PSYoungGen: 463488K->101824K(506880K)] 1235235K->1015239K(1905152K), 0.1124885 secs] [Times: user=0.67 sys=0.00, real=0.12 secs] 
3981.790: [GC (Allocation Failure) [PSYoungGen: 409311K->147872K(504320K)] 1322726K->1160108K(1902592K), 0.1062571 secs] [Times: user=0.63 sys=0.00, real=0.11 secs] 
3985.112: [GC (Allocation Failure) [PSYoungGen: 460192K->101312K(503808K)] 1472428K->1253260K(1902080K), 0.1684497 secs] [Times: user=1.01 sys=0.00, real=0.16 secs] 
3986.032: [GC (Allocation Failure) [PSYoungGen: 413028K->149312K(504320K)] 1564977K->1399602K(1902592K), 0.0810493 secs] [Times: user=0.48 sys=0.01, real=0.08 secs] 
3986.113: [Full GC (Ergonomics) [PSYoungGen: 149312K->0K(504320K)] [ParOldGen: 1250290K->197056K(1398272K)] 1399602K->197056K(1902592K), [Metaspace: 60449K->60449K(1105920K)], 0.4921827 secs] [Times: user=2.30 sys=0.00, real=0.49 secs] 
3989.606: [GC (Allocation Failure) [PSYoungGen: 312832K->103392K(504832K)] 509888K->300448K(1903104K), 0.0894597 secs] [Times: user=0.53 sys=0.00, real=0.09 secs] 
3990.345: [GC (Allocation Failure) [PSYoungGen: 407380K->147232K(504832K)] 604437K->444261K(1903104K), 0.0496801 secs] [Times: user=0.29 sys=0.00, real=0.05 secs] 
3993.347: [GC (Allocation Failure) [PSYoungGen: 460576K->102624K(503808K)] 757605K->538485K(1902080K), 0.1686619 secs] [Times: user=1.00 sys=0.00, real=0.17 secs] 
3994.539: [GC (Allocation Failure) [PSYoungGen: 412095K->148608K(504832K)] 847957K->683450K(1903104K), 0.0498178 secs] [Times: user=0.29 sys=0.00, real=0.05 secs] 
3997.105: [GC (Allocation Failure) [PSYoungGen: 462976K->105344K(504832K)] 997818K->779858K(1903104K), 0.0716071 secs] [Times: user=0.43 sys=0.00, real=0.07 secs] 
3998.387: [GC (Allocation Failure) [PSYoungGen: 412197K->144864K(505344K)] 1086712K->921735K(1903616K), 0.1433752 secs] [Times: user=0.86 sys=0.01, real=0.14 secs] 
4001.015: [GC (Allocation Failure) [PSYoungGen: 460256K->107648K(503808K)] 1237127K->1020999K(1902080K), 0.1536953 secs] [Times: user=0.91 sys=0.00, real=0.15 secs] 
4002.202: [GC (Allocation Failure) [PSYoungGen: 425600K->153312K(505856K)] 1338951K->1171100K(1904128K), 0.1392274 secs] [Times: user=0.83 sys=0.00, real=0.14 secs] 
4006.049: [GC (Allocation Failure) [PSYoungGen: 467400K->94272K(507392K)] 1485189K->1265048K(1905664K), 0.1571128 secs] [Times: user=0.93 sys=0.01, real=0.16 secs] 
4006.923: [GC (Allocation Failure) [PSYoungGen: 409664K->154400K(470016K)] 1580440K->1415621K(1868288K), 0.0547153 secs] [Times: user=0.32 sys=0.00, real=0.05 secs] 
4006.978: [Full GC (Ergonomics) [PSYoungGen: 154400K->0K(470016K)] [ParOldGen: 1261221K->213335K(1398272K)] 1415621K->213335K(1868288K), [Metaspace: 60452K->60452K(1105920K)], 0.5105593 secs] [Times: user=2.41 sys=0.00, real=0.51 secs] 
4010.232: [GC (Allocation Failure) [PSYoungGen: 315392K->96352K(504832K)] 528727K->309687K(1903104K), 0.1008172 secs] [Times: user=0.59 sys=0.01, real=0.10 secs] 
4011.079: [GC (Allocation Failure) [PSYoungGen: 405088K->150848K(459776K)] 618423K->455140K(1858048K), 0.0895926 secs] [Times: user=0.53 sys=0.00, real=0.09 secs] 
4014.694: [GC (Allocation Failure) [PSYoungGen: 459584K->91584K(502784K)] 763876K->546896K(1901056K), 0.1491602 secs] [Times: user=0.89 sys=0.00, real=0.15 secs] 
4015.248: [GC (Allocation Failure) [PSYoungGen: 397248K->151616K(457728K)] 852560K->692756K(1856000K), 0.0545024 secs] [Times: user=0.33 sys=0.00, real=0.06 secs] 
4017.860: [GC (Allocation Failure) [PSYoungGen: 457280K->94208K(501248K)] 998420K->786652K(1899520K), 0.1627404 secs] [Times: user=0.97 sys=0.00, real=0.17 secs] 
4018.310: [GC (Allocation Failure) [PSYoungGen: 396288K->151168K(453632K)] 1088732K->932609K(1851904K), 0.0544217 secs] [Times: user=0.32 sys=0.00, real=0.06 secs] 
4022.607: [GC (Allocation Failure) [PSYoungGen: 453248K->84640K(498688K)] 1234689K->1017341K(1896960K), 0.1573628 secs] [Times: user=0.93 sys=0.00, real=0.16 secs] 
4023.227: [GC (Allocation Failure) [PSYoungGen: 368290K->137984K(436224K)] 1300992K->1151586K(1834496K), 0.0479716 secs] [Times: user=0.28 sys=0.00, real=0.05 secs] 
4025.337: [GC (Allocation Failure) [PSYoungGen: 435968K->96160K(498688K)] 1449570K->1239366K(1896960K), 0.1331882 secs] [Times: user=0.79 sys=0.00, real=0.13 secs] 
4027.128: [GC (Allocation Failure) [PSYoungGen: 396704K->146336K(496128K)] 1539910K->1382004K(1894400K), 0.0671314 secs] [Times: user=0.40 sys=0.00, real=0.07 secs] 
4027.195: [Full GC (Ergonomics) [PSYoungGen: 146336K->0K(496128K)] [ParOldGen: 1235668K->188614K(1398272K)] 1382004K->188614K(1894400K), [Metaspace: 60452K->60452K(1105920K)], 0.4604040 secs] [Times: user=2.15 sys=0.00, real=0.46 secs] 
4031.055: [GC (Allocation Failure) [PSYoungGen: 300533K->93120K(500224K)] 489147K->281734K(1898496K), 0.0675987 secs] [Times: user=0.40 sys=0.00, real=0.07 secs] 
4032.437: [GC (Allocation Failure) [PSYoungGen: 398784K->145248K(500736K)] 587398K->424395K(1899008K), 0.0482847 secs] [Times: user=0.29 sys=0.00, real=0.05 secs] 
4034.734: [GC (Allocation Failure) [PSYoungGen: 450912K->104608K(496640K)] 730059K->520031K(1894912K), 0.0912081 secs] [Times: user=0.54 sys=0.00, real=0.09 secs] 
4035.681: [GC (Allocation Failure) [PSYoungGen: 411296K->144448K(499200K)] 826719K->662949K(1897472K), 0.0555995 secs] [Times: user=0.33 sys=0.00, real=0.05 secs] 
4038.030: [GC (Allocation Failure) [PSYoungGen: 451136K->104256K(500736K)] 969637K->758621K(1899008K), 0.0808150 secs] [Times: user=0.48 sys=0.00, real=0.09 secs] 
4038.567: [GC (Allocation Failure) [PSYoungGen: 416576K->150848K(502784K)] 1070941K->907414K(1901056K), 0.0528053 secs] [Times: user=0.32 sys=0.00, real=0.05 secs] 
4041.178: [GC (Allocation Failure) [PSYoungGen: 463168K->103392K(504832K)] 1219734K->1002302K(1903104K), 0.1366257 secs] [Times: user=0.82 sys=0.00, real=0.14 secs] 
4042.290: [GC (Allocation Failure) [PSYoungGen: 416736K->149312K(504320K)] 1315646K->1149827K(1902592K), 0.0629552 secs] [Times: user=0.37 sys=0.00, real=0.07 secs] 
4045.866: [GC (Allocation Failure) [PSYoungGen: 462656K->102592K(504832K)] 1463171K->1243939K(1903104K), 0.1726400 secs] [Times: user=1.01 sys=0.00, real=0.17 secs] 
4046.585: [GC (Allocation Failure) [PSYoungGen: 416448K->152544K(466432K)] 1557795K->1392879K(1864704K), 0.0529272 secs] [Times: user=0.29 sys=0.01, real=0.05 secs] 
4046.638: [Full GC (Ergonomics) [PSYoungGen: 152544K->0K(466432K)] [ParOldGen: 1240335K->190780K(1398272K)] 1392879K->190780K(1864704K), [Metaspace: 60452K->60452K(1105920K)], 0.4442081 secs] [Times: user=1.94 sys=0.00, real=0.45 secs] 
4051.499: [GC (Allocation Failure) [PSYoungGen: 313856K->104032K(506880K)] 504636K->294812K(1905152K), 0.0939357 secs] [Times: user=0.55 sys=0.00, real=0.10 secs] 
4052.489: [GC (Allocation Failure) [PSYoungGen: 415840K->151104K(463360K)] 606620K->440379K(1861632K), 0.0503143 secs] [Times: user=0.30 sys=0.00, real=0.05 secs] 
4054.973: [GC (Allocation Failure) [PSYoungGen: 462912K->103904K(506368K)] 752187K->535915K(1904640K), 0.1197190 secs] [Times: user=0.71 sys=0.00, real=0.12 secs] 
4056.005: [GC (Allocation Failure) [PSYoungGen: 414688K->149888K(503296K)] 846699K->683172K(1901568K), 0.0788990 secs] [Times: user=0.47 sys=0.00, real=0.08 secs] 
4059.034: [GC (Allocation Failure) [PSYoungGen: 460672K->102400K(503808K)] 993956K->777052K(1902080K), 0.1566528 secs] [Times: user=0.93 sys=0.01, real=0.15 secs] 
4059.994: [GC (Allocation Failure) [PSYoungGen: 413696K->149120K(503808K)] 1088348K->922049K(1902080K), 0.0498300 secs] [Times: user=0.30 sys=0.00, real=0.05 secs] 
4063.054: [GC (Allocation Failure) [PSYoungGen: 460416K->103360K(502784K)] 1233345K->1016701K(1901056K), 0.1792970 secs] [Times: user=1.07 sys=0.00, real=0.18 secs] 
4064.048: [GC (Allocation Failure) [PSYoungGen: 412250K->147328K(503296K)] 1325592K->1160559K(1901568K), 0.0500887 secs] [Times: user=0.30 sys=0.00, real=0.05 secs] 
4067.002: [GC (Allocation Failure) [PSYoungGen: 458624K->102048K(504320K)] 1471855K->1254111K(1902592K), 0.1217807 secs] [Times: user=0.71 sys=0.01, real=0.12 secs] 
4068.355: [GC (Allocation Failure) [PSYoungGen: 404968K->148160K(504832K)] 1557031K->1398992K(1903104K), 0.0982004 secs] [Times: user=0.59 sys=0.00, real=0.10 secs] 
4068.453: [Full GC (Ergonomics) [PSYoungGen: 148160K->0K(504832K)] [ParOldGen: 1250832K->196401K(1398272K)] 1398992K->196401K(1903104K), [Metaspace: 60452K->60452K(1105920K)], 0.5130129 secs] [Times: user=2.44 sys=0.00, real=0.51 secs] 
4073.231: [GC (Allocation Failure) [PSYoungGen: 313344K->101152K(504320K)] 509745K->297553K(1902592K), 0.0741736 secs] [Times: user=0.44 sys=0.01, real=0.08 secs] 
4073.749: [GC (Allocation Failure) [PSYoungGen: 412364K->149376K(504832K)] 608765K->443673K(1903104K), 0.0489270 secs] [Times: user=0.29 sys=0.00, real=0.05 secs] 
4076.357: [GC (Allocation Failure) [PSYoungGen: 463232K->105344K(503808K)] 757529K->540402K(1902080K), 0.1528296 secs] [Times: user=0.91 sys=0.00, real=0.15 secs] 
4077.622: [GC (Allocation Failure) [PSYoungGen: 405882K->144768K(504320K)] 840940K->681658K(1902592K), 0.0631198 secs] [Times: user=0.37 sys=0.00, real=0.06 secs] 
4080.836: [GC (Allocation Failure) [PSYoungGen: 458624K->101056K(505344K)] 995514K->774590K(1903616K), 0.1623332 secs] [Times: user=0.97 sys=0.00, real=0.16 secs] 
4082.204: [GC (Allocation Failure) [PSYoungGen: 414419K->149632K(506368K)] 1087954K->920795K(1904640K), 0.0502540 secs] [Times: user=0.30 sys=0.00, real=0.05 secs] 
4084.721: [GC (Allocation Failure) [PSYoungGen: 466560K->105472K(506368K)] 1237723K->1017843K(1904640K), 0.1647163 secs] [Times: user=0.98 sys=0.00, real=0.17 secs] 
4085.404: [GC (Allocation Failure) [PSYoungGen: 422400K->155680K(473088K)] 1334771K->1169872K(1871360K), 0.0518911 secs] [Times: user=0.31 sys=0.00, real=0.05 secs] 
4089.538: [GC (Allocation Failure) [PSYoungGen: 472608K->95872K(505856K)] 1486800K->1265784K(1904128K), 0.1649672 secs] [Times: user=0.98 sys=0.00, real=0.17 secs] 
4090.266: [GC (Allocation Failure) [PSYoungGen: 407168K->152192K(463872K)] 1577080K->1412545K(1862144K), 0.0557168 secs] [Times: user=0.33 sys=0.00, real=0.06 secs] 
4090.322: [Full GC (Ergonomics) [PSYoungGen: 152192K->0K(463872K)] [ParOldGen: 1260353K->210941K(1398272K)] 1412545K->210941K(1862144K), [Metaspace: 60452K->60452K(1105920K)], 0.5038392 secs] [Times: user=2.36 sys=0.00, real=0.50 secs] 
4094.664: [GC (Allocation Failure) [PSYoungGen: 311296K->92512K(503296K)] 522237K->303453K(1901568K), 0.1418897 secs] [Times: user=0.84 sys=0.00, real=0.14 secs] 
4095.728: [GC (Allocation Failure) [PSYoungGen: 399200K->148704K(455680K)] 610141K->447017K(1853952K), 0.0636049 secs] [Times: user=0.37 sys=0.01, real=0.07 secs] 
4100.602: [GC (Allocation Failure) [PSYoungGen: 455392K->90432K(502272K)] 753705K->537097K(1900544K), 0.1473401 secs] [Times: user=0.88 sys=0.00, real=0.14 secs] 
4102.952: [GC (Allocation Failure) [PSYoungGen: 383418K->140864K(445952K)] 830083K->674141K(1844224K), 0.1271909 secs] [Times: user=0.76 sys=0.00, real=0.12 secs] 
4106.079: [GC (Allocation Failure) [PSYoungGen: 445504K->97408K(503296K)] 978781K->763425K(1901568K), 0.1585315 secs] [Times: user=0.94 sys=0.00, real=0.16 secs] 
4107.837: [GC (Allocation Failure) [PSYoungGen: 404608K->145536K(500736K)] 1070625K->905834K(1899008K), 0.0570550 secs] [Times: user=0.34 sys=0.00, real=0.06 secs] 
4111.255: [GC (Allocation Failure) [PSYoungGen: 452736K->98368K(501760K)] 1213034K->996026K(1900032K), 0.1788745 secs] [Times: user=1.05 sys=0.01, real=0.18 secs] 
4112.392: [GC (Allocation Failure) [PSYoungGen: 408640K->151936K(462336K)] 1306298K->1143799K(1860608K), 0.0502036 secs] [Times: user=0.30 sys=0.00, real=0.05 secs] 
4115.329: [GC (Allocation Failure) [PSYoungGen: 462208K->100928K(505344K)] 1454071K->1236111K(1903616K), 0.1688636 secs] [Times: user=0.99 sys=0.01, real=0.17 secs] 
4116.536: [GC (Allocation Failure) [PSYoungGen: 409664K->157952K(466944K)] 1544847K->1389984K(1865216K), 0.0512092 secs] [Times: user=0.31 sys=0.00, real=0.05 secs] 
4116.588: [Full GC (Ergonomics) [PSYoungGen: 157952K->0K(466944K)] [ParOldGen: 1232032K->188556K(1398272K)] 1389984K->188556K(1865216K), [Metaspace: 60452K->60452K(1105920K)], 0.4539495 secs] [Times: user=2.12 sys=0.00, real=0.46 secs] 
4120.283: [GC (Allocation Failure) [PSYoungGen: 308736K->101184K(502272K)] 497292K->289740K(1900544K), 0.0928559 secs] [Times: user=0.55 sys=0.00, real=0.09 secs] 
4121.328: [GC (Allocation Failure) [PSYoungGen: 403776K->152672K(455680K)] 592332K->439277K(1853952K), 0.0501093 secs] [Times: user=0.29 sys=0.00, real=0.05 secs] 
4123.470: [GC (Allocation Failure) [PSYoungGen: 453519K->103552K(502272K)] 740124K->525573K(1900544K), 0.1366466 secs] [Times: user=0.81 sys=0.00, real=0.14 secs] 
4124.714: [GC (Allocation Failure) [PSYoungGen: 405632K->142912K(445440K)] 827653K->666509K(1843712K), 0.0510320 secs] [Times: user=0.30 sys=0.00, real=0.05 secs] 
4128.464: [GC (Allocation Failure) [PSYoungGen: 444992K->96224K(499712K)] 968589K->754157K(1897984K), 0.0900297 secs] [Times: user=0.54 sys=0.01, real=0.09 secs] 
4129.277: [GC (Allocation Failure) [PSYoungGen: 399840K->144384K(498176K)] 1057773K->896554K(1896448K), 0.0499304 secs] [Times: user=0.30 sys=0.00, real=0.05 secs] 
4131.733: [GC (Allocation Failure) [PSYoungGen: 448000K->101600K(499200K)] 1200170K->989458K(1897472K), 0.1435924 secs] [Times: user=0.86 sys=0.00, real=0.14 secs] 
4133.345: [GC (Allocation Failure) [PSYoungGen: 410848K->144256K(501248K)] 1298706K->1132363K(1899520K), 0.1170438 secs] [Times: user=0.70 sys=0.01, real=0.12 secs] 
4135.762: [GC (Allocation Failure) [PSYoungGen: 453504K->105984K(500736K)] 1441611K->1229883K(1899008K), 0.1158690 secs] [Times: user=0.69 sys=0.00, real=0.11 secs] 
4137.413: [GC (Allocation Failure) [PSYoungGen: 419840K->147360K(503296K)] 1543739K->1375588K(1901568K), 0.0795452 secs] [Times: user=0.47 sys=0.00, real=0.08 secs] 
4137.492: [Full GC (Ergonomics) [PSYoungGen: 147360K->0K(503296K)] [ParOldGen: 1228228K->173351K(1398272K)] 1375588K->173351K(1901568K), [Metaspace: 60452K->60452K(1105920K)], 0.4270004 secs] [Times: user=2.00 sys=0.00, real=0.42 secs] 
4140.874: [GC (Allocation Failure) [PSYoungGen: 313856K->106272K(504832K)] 487207K->279623K(1903104K), 0.0788000 secs] [Times: user=0.46 sys=0.00, real=0.08 secs] 
4142.080: [GC (Allocation Failure) [PSYoungGen: 423712K->151040K(505856K)] 597063K->428873K(1904128K), 0.0772658 secs] [Times: user=0.46 sys=0.00, real=0.08 secs] 
4145.472: [GC (Allocation Failure) [PSYoungGen: 468480K->104832K(507392K)] 746313K->525593K(1905664K), 0.1671384 secs] [Times: user=1.00 sys=0.00, real=0.16 secs] 
4146.392: [GC (Allocation Failure) [PSYoungGen: 421760K->152704K(470016K)] 842521K->676238K(1868288K), 0.0747714 secs] [Times: user=0.44 sys=0.00, real=0.07 secs] 
4149.763: [GC (Allocation Failure) [PSYoungGen: 469632K->104672K(508416K)] 993166K->772766K(1906688K), 0.1755095 secs] [Times: user=1.05 sys=0.00, real=0.17 secs] 
4150.887: [GC (Allocation Failure) [PSYoungGen: 418992K->152320K(467456K)] 1087086K->921935K(1865728K), 0.0634058 secs] [Times: user=0.38 sys=0.00, real=0.06 secs] 
4154.065: [GC (Allocation Failure) [PSYoungGen: 467200K->102432K(506880K)] 1236815K->1016227K(1905152K), 0.1622463 secs] [Times: user=0.97 sys=0.00, real=0.16 secs] 
4154.945: [GC (Allocation Failure) [PSYoungGen: 410919K->148640K(504832K)] 1324715K->1161036K(1903104K), 0.0503810 secs] [Times: user=0.30 sys=0.00, real=0.05 secs] 
4158.402: [GC (Allocation Failure) [PSYoungGen: 461472K->99616K(504832K)] 1473868K->1251964K(1903104K), 0.1743689 secs] [Times: user=1.04 sys=0.01, real=0.17 secs] 
4159.136: [GC (Allocation Failure) [PSYoungGen: 411336K->151296K(464384K)] 1563684K->1399309K(1862656K), 0.0503310 secs] [Times: user=0.30 sys=0.00, real=0.05 secs] 
4159.187: [Full GC (Ergonomics) [PSYoungGen: 151296K->0K(464384K)] [ParOldGen: 1248012K->196695K(1398272K)] 1399309K->196695K(1862656K), [Metaspace: 60454K->60454K(1105920K)], 0.4784676 secs] [Times: user=2.21 sys=0.00, real=0.48 secs] 
4162.579: [GC (Allocation Failure) [PSYoungGen: 312832K->103712K(506368K)] 509527K->300407K(1904640K), 0.0936674 secs] [Times: user=0.55 sys=0.00, real=0.10 secs] 
4163.446: [GC (Allocation Failure) [PSYoungGen: 409100K->147424K(503808K)] 605795K->443996K(1902080K), 0.0492425 secs] [Times: user=0.29 sys=0.00, real=0.05 secs] 
4166.089: [GC (Allocation Failure) [PSYoungGen: 458720K->102880K(502784K)] 755292K->538516K(1901056K), 0.1470040 secs] [Times: user=0.87 sys=0.00, real=0.15 secs] 
4167.578: [GC (Allocation Failure) [PSYoungGen: 410621K->147936K(503808K)] 846257K->682492K(1902080K), 0.0494792 secs] [Times: user=0.29 sys=0.00, real=0.05 secs] 
4169.367: [GC (Allocation Failure) [PSYoungGen: 460256K->104320K(503296K)] 994812K->778280K(1901568K), 0.1563508 secs] [Times: user=0.92 sys=0.01, real=0.16 secs] 
4170.982: [GC (Allocation Failure) [PSYoungGen: 412477K->147040K(504320K)] 1086438K->921097K(1902592K), 0.0498341 secs] [Times: user=0.29 sys=0.00, real=0.05 secs] 
4172.697: [GC (GCLocker Initiated GC) [PSYoungGen: 460896K->105824K(504320K)] 1234953K->1018025K(1902592K), 0.1443772 secs] [Times: user=0.85 sys=0.00, real=0.15 secs] 
4174.021: [GC (Allocation Failure) [PSYoungGen: 421728K->143968K(505344K)] 1350361K->1174745K(1903616K), 0.2429143 secs] [Times: user=1.45 sys=0.00, real=0.25 secs] 
4179.314: [GC (Allocation Failure) [PSYoungGen: 459872K->92704K(508928K)] 1490649K->1267529K(1907200K), 0.3835101 secs] [Times: user=2.30 sys=0.00, real=0.38 secs] 
4180.238: [GC (Allocation Failure) [PSYoungGen: 412192K->157504K(477184K)] 1587017K->1419618K(1875456K), 0.0958758 secs] [Times: user=0.57 sys=0.01, real=0.10 secs] 
4180.334: [Full GC (Ergonomics) [PSYoungGen: 157504K->0K(477184K)] [ParOldGen: 1262114K->218095K(1398272K)] 1419618K->218095K(1875456K), [Metaspace: 60454K->60454K(1105920K)], 0.5362901 secs] [Times: user=2.54 sys=0.00, real=0.53 secs] 
4183.910: [GC (Allocation Failure) [PSYoungGen: 319488K->97024K(504832K)] 537583K->315119K(1903104K), 0.1253251 secs] [Times: user=0.74 sys=0.01, real=0.13 secs] 
4184.580: [GC (Allocation Failure) [PSYoungGen: 406272K->152735K(462336K)] 624367K->462615K(1860608K), 0.1164576 secs] [Times: user=0.69 sys=0.00, real=0.12 secs] 
4188.101: [GC (GCLocker Initiated GC) [PSYoungGen: 461983K->90208K(502272K)] 771864K->552956K(1900544K), 0.1320875 secs] [Times: user=0.78 sys=0.01, real=0.14 secs] 
4188.700: [GC (GCLocker Initiated GC) [PSYoungGen: 394848K->151168K(456192K)] 857599K->698671K(1854464K), 0.0617660 secs] [Times: user=0.36 sys=0.00, real=0.07 secs] 
4192.552: [GC (Allocation Failure) [PSYoungGen: 455808K->87808K(500224K)] 1003314K->786634K(1898496K), 0.1659460 secs] [Times: user=0.99 sys=0.00, real=0.16 secs] 
4193.156: [GC (Allocation Failure) [PSYoungGen: 388352K->148800K(449536K)] 1087178K->929702K(1847808K), 0.0528594 secs] [Times: user=0.31 sys=0.00, real=0.05 secs] 
4195.254: [GC (Allocation Failure) [PSYoungGen: 449344K->92416K(499712K)] 1230246K->1021982K(1897984K), 0.1351365 secs] [Times: user=0.81 sys=0.00, real=0.13 secs] 
4196.157: [GC (GCLocker Initiated GC) [PSYoungGen: 390912K->147232K(497664K)] 1320479K->1163984K(1895936K), 0.0870545 secs] [Times: user=0.52 sys=0.00, real=0.09 secs] 
4200.213: [GC (Allocation Failure) [PSYoungGen: 445728K->84928K(498688K)] 1462482K->1249002K(1896960K), 0.1419192 secs] [Times: user=0.85 sys=0.00, real=0.14 secs] 
4201.071: [GC (Allocation Failure) [PSYoungGen: 383424K->145024K(443904K)] 1547498K->1390031K(1842176K), 0.0478935 secs] [Times: user=0.28 sys=0.00, real=0.04 secs] 
4201.119: [Full GC (Ergonomics) [PSYoungGen: 145024K->0K(443904K)] [ParOldGen: 1245007K->196786K(1398272K)] 1390031K->196786K(1842176K), [Metaspace: 60454K->60454K(1105920K)], 0.4831078 secs] [Times: user=2.26 sys=0.00, real=0.49 secs] 
4204.554: [GC (GCLocker Initiated GC) [PSYoungGen: 298496K->94784K(500736K)] 495282K->291570K(1899008K), 0.0999055 secs] [Times: user=0.59 sys=0.00, real=0.10 secs] 
4206.145: [GC (Allocation Failure) [PSYoungGen: 394304K->144736K(497664K)] 591093K->432512K(1895936K), 0.0464354 secs] [Times: user=0.28 sys=0.00, real=0.05 secs] 
4207.872: [GC (Allocation Failure) [PSYoungGen: 444256K->101440K(494592K)] 732032K->525176K(1892864K), 0.1324594 secs] [Times: user=0.79 sys=0.00, real=0.13 secs] 
4208.736: [GC (Allocation Failure) [PSYoungGen: 403008K->146048K(496640K)] 826744K->668922K(1894912K), 0.0503960 secs] [Times: user=0.30 sys=0.00, real=0.05 secs] 
4212.706: [GC (Allocation Failure) [PSYoungGen: 447616K->97664K(499712K)] 970490K->758378K(1897984K), 0.1686314 secs] [Times: user=1.00 sys=0.00, real=0.17 secs] 
4213.754: [GC (Allocation Failure) [PSYoungGen: 404352K->148096K(500736K)] 1065066K->904403K(1899008K), 0.0510454 secs] [Times: user=0.30 sys=0.00, real=0.05 secs] 
4217.746: [GC (Allocation Failure) [PSYoungGen: 454784K->99904K(500736K)] 1211091K->996163K(1899008K), 0.1711996 secs] [Times: user=1.02 sys=0.01, real=0.17 secs] 
4220.505: [GC (Allocation Failure) [PSYoungGen: 407616K->144000K(501248K)] 1303875K->1136932K(1899520K), 0.0510486 secs] [Times: user=0.30 sys=0.00, real=0.05 secs] 
4222.249: [GC (Allocation Failure) [PSYoungGen: 451712K->106432K(497664K)] 1444644K->1234132K(1895936K), 0.1288130 secs] [Times: user=0.77 sys=0.00, real=0.13 secs] 
4223.311: [GC (Allocation Failure) [PSYoungGen: 416704K->146144K(500736K)] 1544404K->1378413K(1899008K), 0.0537092 secs] [Times: user=0.32 sys=0.00, real=0.05 secs] 
4223.365: [Full GC (Ergonomics) [PSYoungGen: 146144K->0K(500736K)] [ParOldGen: 1232269K->176444K(1398272K)] 1378413K->176444K(1899008K), [Metaspace: 60454K->60454K(1105920K)], 0.4235394 secs] [Times: user=1.97 sys=0.00, real=0.42 secs] 
4226.363: [GC (Allocation Failure) [PSYoungGen: 310272K->103296K(503808K)] 486716K->279740K(1902080K), 0.1059132 secs] [Times: user=0.63 sys=0.00, real=0.10 secs] 
4227.704: [GC (Allocation Failure) [PSYoungGen: 418688K->148288K(504832K)] 595132K->426228K(1903104K), 0.1142846 secs] [Times: user=0.67 sys=0.01, real=0.11 secs] 
4231.003: [GC (Allocation Failure) [PSYoungGen: 463680K->106080K(505344K)] 741620K->523837K(1903616K), 0.1731859 secs] [Times: user=1.04 sys=0.00, real=0.17 secs] 
4231.789: [GC (Allocation Failure) [PSYoungGen: 423008K->152320K(469504K)] 840765K->674385K(1867776K), 0.0635271 secs] [Times: user=0.37 sys=0.00, real=0.07 secs] 
4234.869: [GC (Allocation Failure) [PSYoungGen: 469248K->103935K(508416K)] 991313K->770201K(1906688K), 0.1587515 secs] [Times: user=0.95 sys=0.00, real=0.16 secs] 
4236.891: [GC (Allocation Failure) [PSYoungGen: 418815K->150208K(505344K)] 1085081K->916366K(1903616K), 0.0511458 secs] [Times: user=0.30 sys=0.00, real=0.06 secs] 
4238.761: [GC (Allocation Failure) [PSYoungGen: 465088K->108448K(504320K)] 1231246K->1015778K(1902592K), 0.1760040 secs] [Times: user=1.03 sys=0.01, real=0.17 secs] 
4239.959: [GC (Allocation Failure) [PSYoungGen: 420149K->148672K(504832K)] 1327479K->1160783K(1903104K), 0.0522387 secs] [Times: user=0.31 sys=0.00, real=0.06 secs] 
4242.722: [GC (Allocation Failure) [PSYoungGen: 463552K->105664K(505344K)] 1475663K->1257775K(1903616K), 0.1608027 secs] [Times: user=0.95 sys=0.01, real=0.16 secs] 
4245.301: [GC (Allocation Failure) [PSYoungGen: 417441K->145344K(505856K)] 1569553K->1399200K(1904128K), 0.1174144 secs] [Times: user=0.69 sys=0.00, real=0.11 secs] 
4245.418: [Full GC (Ergonomics) [PSYoungGen: 145344K->0K(505856K)] [ParOldGen: 1253856K->196723K(1398272K)] 1399200K->196723K(1904128K), [Metaspace: 60454K->60454K(1105920K)], 0.5151803 secs] [Times: user=2.46 sys=0.00, real=0.52 secs] 
4249.389: [GC (GCLocker Initiated GC) [PSYoungGen: 316416K->105536K(505344K)] 513139K->302259K(1903616K), 0.0980541 secs] [Times: user=0.57 sys=0.01, real=0.10 secs] 
4250.723: [GC (Allocation Failure) [PSYoungGen: 424512K->153376K(506880K)] 621240K->452201K(1905152K), 0.0526245 secs] [Times: user=0.32 sys=0.00, real=0.05 secs] 
4253.336: [GC (Allocation Failure) [PSYoungGen: 468376K->95520K(507904K)] 767201K->580361K(1906176K), 0.1533978 secs] [Times: user=0.91 sys=0.00, real=0.15 secs] 
4254.807: [GC (GCLocker Initiated GC) [PSYoungGen: 411424K->152064K(468480K)] 896265K->729302K(1866752K), 0.1227555 secs] [Times: user=0.73 sys=0.00, real=0.12 secs] 
4258.753: [GC (Allocation Failure) [PSYoungGen: 467968K->98368K(505856K)] 1045209K->827417K(1904128K), 0.1458200 secs] [Times: user=0.87 sys=0.00, real=0.14 secs] 
4259.450: [GC (Allocation Failure) [PSYoungGen: 409664K->154078K(465408K)] 1138713K->971256K(1863680K), 0.0536696 secs] [Times: user=0.32 sys=0.00, real=0.06 secs] 
4261.534: [GC (Allocation Failure) [PSYoungGen: 465374K->97536K(503808K)] 1282552K->1068418K(1902080K), 0.1127909 secs] [Times: user=0.68 sys=0.00, real=0.11 secs] 
4263.553: [GC (Allocation Failure) [PSYoungGen: 404224K->151648K(458752K)] 1375106K->1214991K(1857024K), 0.1050339 secs] [Times: user=0.62 sys=0.01, real=0.10 secs] 
4268.371: [GC (Allocation Failure) [PSYoungGen: 458336K->87616K(501248K)] 1521679K->1302671K(1899520K), 0.1661659 secs] [Times: user=0.99 sys=0.00, real=0.16 secs] 
4268.537: [Full GC (Ergonomics) [PSYoungGen: 87616K->0K(501248K)] [ParOldGen: 1215055K->68774K(1398272K)] 1302671K->68774K(1899520K), [Metaspace: 60454K->60454K(1105920K)], 0.1905695 secs] [Times: user=0.90 sys=0.00, real=0.19 secs] 
4269.040: [GC (Allocation Failure) [PSYoungGen: 303104K->167872K(471040K)] 371878K->236646K(1869312K), 0.0351575 secs] [Times: user=0.21 sys=0.00, real=0.04 secs] 
4271.684: [GC (Allocation Failure) [PSYoungGen: 470976K->90528K(493568K)] 539750K->310870K(1891840K), 0.1489893 secs] [Times: user=0.89 sys=0.00, real=0.15 secs] 
4272.711: [GC (Allocation Failure) [PSYoungGen: 370146K->136512K(423424K)] 590488K->442059K(1821696K), 0.1088331 secs] [Times: user=0.65 sys=0.01, real=0.10 secs] 
4276.104: [GC (Allocation Failure) [PSYoungGen: 423232K->93888K(490496K)] 728779K->527835K(1888768K), 0.1330611 secs] [Times: user=0.79 sys=0.00, real=0.13 secs] 
4277.609: [GC (Allocation Failure) [PSYoungGen: 382656K->137440K(488448K)] 816603K->659268K(1886720K), 0.0459779 secs] [Times: user=0.27 sys=0.00, real=0.05 secs] 
4279.912: [GC (Allocation Failure) [PSYoungGen: 426208K->98080K(496128K)] 948036K->748060K(1894400K), 0.0632978 secs] [Times: user=0.38 sys=0.00, real=0.06 secs] 
4280.755: [GC (Allocation Failure) [PSYoungGen: 398624K->140576K(495104K)] 1048604K->887581K(1893376K), 0.0661397 secs] [Times: user=0.40 sys=0.00, real=0.07 secs] 
4283.774: [GC (Allocation Failure) [PSYoungGen: 441120K->103040K(497152K)] 1188125K->982173K(1895424K), 0.1028412 secs] [Times: user=0.61 sys=0.00, real=0.10 secs] 
4285.280: [GC (Allocation Failure) [PSYoungGen: 412800K->145184K(500224K)] 1291933K->1125994K(1898496K), 0.0523015 secs] [Times: user=0.31 sys=0.00, real=0.06 secs] 
4286.795: [GC (Allocation Failure) [PSYoungGen: 454944K->107232K(502272K)] 1435754K->1224418K(1900544K), 0.0863703 secs] [Times: user=0.51 sys=0.01, real=0.09 secs] 
4289.946: [GC (Allocation Failure) [PSYoungGen: 423136K->144640K(504320K)] 1540322K->1367175K(1902592K), 0.0545407 secs] [Times: user=0.32 sys=0.00, real=0.05 secs] 
4290.001: [Full GC (Ergonomics) [PSYoungGen: 144640K->0K(504320K)] [ParOldGen: 1222535K->166623K(1398272K)] 1367175K->166623K(1902592K), [Metaspace: 60454K->60454K(1105920K)], 0.4006483 secs] [Times: user=1.86 sys=0.00, real=0.41 secs] 
4291.994: [GC (Allocation Failure) [PSYoungGen: 315904K->106848K(505344K)] 482527K->273471K(1903616K), 0.1012783 secs] [Times: user=0.60 sys=0.00, real=0.10 secs] 
4294.082: [GC (Allocation Failure) [PSYoungGen: 426848K->150464K(506880K)] 593471K->421588K(1905152K), 0.0544896 secs] [Times: user=0.32 sys=0.00, real=0.05 secs] 
4295.648: [GC (Allocation Failure) [PSYoungGen: 470464K->112320K(507392K)] 741588K->524628K(1905664K), 0.1092126 secs] [Times: user=0.65 sys=0.00, real=0.11 secs] 
4297.524: [GC (Allocation Failure) [PSYoungGen: 433856K->151040K(507904K)] 846164K->673745K(1906176K), 0.0545527 secs] [Times: user=0.32 sys=0.00, real=0.05 secs] 
4301.512: [GC (Allocation Failure) [PSYoungGen: 472576K->107552K(509440K)] 995281K->772553K(1907712K), 0.1361914 secs] [Times: user=0.81 sys=0.00, real=0.13 secs] 
4303.398: [GC (Allocation Failure) [PSYoungGen: 428697K->153568K(475648K)] 1093699K->922386K(1873920K), 0.0526957 secs] [Times: user=0.31 sys=0.01, real=0.06 secs] 
4305.735: [GC (Allocation Failure) [PSYoungGen: 475616K->111584K(510976K)] 1244434K->1025282K(1909248K), 0.1568027 secs] [Times: user=0.94 sys=0.00, real=0.16 secs] 
4307.114: [GC (Allocation Failure) [PSYoungGen: 431072K->171776K(491520K)] 1344770K->1193781K(1889792K), 0.1489529 secs] [Times: user=0.89 sys=0.00, real=0.15 secs] 
4311.094: [GC (Allocation Failure) [PSYoungGen: 491264K->93952K(500736K)] 1513269K->1271453K(1899008K), 0.1580246 secs] [Times: user=0.94 sys=0.00, real=0.16 secs] 
4311.577: [GC (Allocation Failure) [PSYoungGen: 396032K->149728K(452096K)] 1573533K->1415738K(1850368K), 0.0543805 secs] [Times: user=0.32 sys=0.00, real=0.06 secs] 
4311.632: [Full GC (Ergonomics) [PSYoungGen: 149728K->0K(452096K)] [ParOldGen: 1266010K->213113K(1398272K)] 1415738K->213113K(1850368K), [Metaspace: 60454K->60454K(1105920K)], 0.5111909 secs] [Times: user=2.40 sys=0.00, real=0.51 secs] 
4317.444: [GC (Allocation Failure) [PSYoungGen: 302080K->85920K(499200K)] 515193K->299033K(1897472K), 0.1443171 secs] [Times: user=0.85 sys=0.01, real=0.14 secs] 
4318.081: [GC (Allocation Failure) [PSYoungGen: 377203K->140160K(439808K)] 590316K->435874K(1838080K), 0.0469138 secs] [Times: user=0.28 sys=0.00, real=0.04 secs] 
4320.283: [GC (Allocation Failure) [PSYoungGen: 439680K->98624K(500224K)] 735394K->526138K(1898496K), 0.1246680 secs] [Times: user=0.74 sys=0.01, real=0.12 secs] 
4321.262: [GC (GCLocker Initiated GC) [PSYoungGen: 400704K->146688K(497664K)] 828218K->669811K(1895936K), 0.0900015 secs] [Times: user=0.54 sys=0.00, real=0.09 secs] 
4324.246: [GC (Allocation Failure) [PSYoungGen: 448768K->98368K(499712K)] 971894K->760038K(1897984K), 0.1362256 secs] [Times: user=0.80 sys=0.00, real=0.14 secs] 
4326.289: [GC (Allocation Failure) [PSYoungGen: 404544K->148896K(500736K)] 1066214K->905331K(1899008K), 0.0547036 secs] [Times: user=0.33 sys=0.00, real=0.06 secs] 
4329.994: [GC (Allocation Failure) [PSYoungGen: 455072K->99168K(501760K)] 1211507K->996323K(1900032K), 0.1668664 secs] [Times: user=0.99 sys=0.00, real=0.17 secs] 
4331.880: [GC (Allocation Failure) [PSYoungGen: 406368K->146208K(501760K)] 1303523K->1138324K(1900032K), 0.0497371 secs] [Times: user=0.29 sys=0.00, real=0.05 secs] 
4333.916: [GC (GCLocker Initiated GC) [PSYoungGen: 453408K->102976K(499200K)] 1445524K->1232216K(1897472K), 0.1466970 secs] [Times: user=0.78 sys=0.00, real=0.15 secs] 
4335.707: [GC (Allocation Failure) [PSYoungGen: 411712K->155072K(501248K)] 1540987K->1384768K(1899520K), 0.0519058 secs] [Times: user=0.31 sys=0.00, real=0.05 secs] 
4335.759: [Full GC (Ergonomics) [PSYoungGen: 155072K->0K(501248K)] [ParOldGen: 1229696K->182854K(1398272K)] 1384768K->182854K(1899520K), [Metaspace: 60454K->60454K(1105920K)], 0.4387832 secs] [Times: user=2.03 sys=0.00, real=0.44 secs] 
4339.234: [GC (Allocation Failure) [PSYoungGen: 308736K->103520K(503296K)] 491590K->286374K(1901568K), 0.0716885 secs] [Times: user=0.43 sys=0.00, real=0.07 secs] 
4340.770: [GC (Allocation Failure) [PSYoungGen: 410208K->146720K(501248K)] 593062K->430131K(1899520K), 0.0521615 secs] [Times: user=0.31 sys=0.00, real=0.06 secs] 
4342.959: [GC (GCLocker Initiated GC) [PSYoungGen: 453408K->103072K(499200K)] 736819K->524415K(1897472K), 0.1114174 secs] [Times: user=0.66 sys=0.00, real=0.11 secs] 
4344.778: [GC (Allocation Failure) [PSYoungGen: 411808K->154592K(501248K)] 833199K->676717K(1899520K), 0.0519921 secs] [Times: user=0.31 sys=0.00, real=0.05 secs] 
4347.064: [GC (Allocation Failure) [PSYoungGen: 463328K->106208K(502784K)] 985453K->765989K(1901056K), 0.1316189 secs] [Times: user=0.78 sys=0.00, real=0.13 secs] 
4347.852: [GC (Allocation Failure) [PSYoungGen: 414432K->147904K(501760K)] 1074213K->911272K(1900032K), 0.0741265 secs] [Times: user=0.44 sys=0.00, real=0.07 secs] 
4350.832: [GC (Allocation Failure) [PSYoungGen: 456128K->101856K(502272K)] 1219496K->1004576K(1900544K), 0.1434968 secs] [Times: user=0.85 sys=0.00, real=0.14 secs] 
4351.683: [GC (Allocation Failure) [PSYoungGen: 411616K->150016K(502784K)] 1314336K->1152185K(1901056K), 0.0513243 secs] [Times: user=0.30 sys=0.00, real=0.05 secs] 
4355.656: [GC (Allocation Failure) [PSYoungGen: 459776K->100480K(503296K)] 1461945K->1244449K(1901568K), 0.1762060 secs] [Times: user=1.05 sys=0.01, real=0.18 secs] 
4357.831: [GC (Allocation Failure) [PSYoungGen: 410752K->157568K(467968K)] 1554721K->1398022K(1866240K), 0.0513163 secs] [Times: user=0.31 sys=0.00, real=0.05 secs] 
4357.883: [Full GC (Ergonomics) [PSYoungGen: 157568K->0K(467968K)] [ParOldGen: 1240454K->186599K(1398272K)] 1398022K->186599K(1866240K), [Metaspace: 60454K->60454K(1105920K)], 0.4539935 secs] [Times: user=2.12 sys=0.00, real=0.45 secs] 
4360.591: [GC (Allocation Failure) [PSYoungGen: 310272K->103456K(503296K)] 496871K->290055K(1901568K), 0.0980680 secs] [Times: user=0.58 sys=0.00, real=0.10 secs] 
4362.694: [GC (Allocation Failure) [PSYoungGen: 408096K->145472K(500224K)] 594695K->431408K(1898496K), 0.0500112 secs] [Times: user=0.29 sys=0.00, real=0.05 secs] 
4364.371: [GC (Allocation Failure) [PSYoungGen: 450112K->105120K(499712K)] 736048K->527804K(1897984K), 0.1689370 secs] [Times: user=0.99 sys=0.02, real=0.16 secs] 
4367.042: [GC (Allocation Failure) [PSYoungGen: 412320K->144448K(500224K)] 835004K->668421K(1898496K), 0.0523975 secs] [Times: user=0.31 sys=0.00, real=0.05 secs] 
4369.447: [GC (Allocation Failure) [PSYoungGen: 451648K->101408K(501248K)] 975621K->760773K(1899520K), 0.1572332 secs] [Times: user=0.94 sys=0.00, real=0.16 secs] 
4370.841: [GC (Allocation Failure) [PSYoungGen: 413728K->150496K(503296K)] 1073093K->908831K(1901568K), 0.0544068 secs] [Times: user=0.32 sys=0.00, real=0.05 secs] 
4373.551: [GC (GCLocker Initiated GC) [PSYoungGen: 462816K->102784K(505344K)] 1221151K->1003567K(1903616K), 0.1269379 secs] [Times: user=0.76 sys=0.00, real=0.13 secs] 
4374.842: [GC (Allocation Failure) [PSYoungGen: 416128K->150816K(464384K)] 1316914K->1151067K(1862656K), 0.0538284 secs] [Times: user=0.29 sys=0.00, real=0.05 secs] 
4377.698: [GC (Allocation Failure) [PSYoungGen: 464160K->104352K(506880K)] 1464411K->1247175K(1905152K), 0.1428861 secs] [Times: user=0.85 sys=0.00, real=0.15 secs] 
4379.158: [GC (Allocation Failure) [PSYoungGen: 416672K->150976K(504320K)] 1559495K->1394559K(1902592K), 0.0519201 secs] [Times: user=0.30 sys=0.00, real=0.05 secs] 
4379.210: [Full GC (Ergonomics) [PSYoungGen: 150976K->0K(504320K)] [ParOldGen: 1243583K->193268K(1398272K)] 1394559K->193268K(1902592K), [Metaspace: 60454K->60454K(1105920K)], 0.4753442 secs] [Times: user=2.23 sys=0.00, real=0.48 secs] 
4382.718: [GC (Allocation Failure) [PSYoungGen: 312320K->103296K(504320K)] 505588K->296564K(1902592K), 0.0947375 secs] [Times: user=0.56 sys=0.00, real=0.10 secs] 
4384.342: [GC (Allocation Failure) [PSYoungGen: 415616K->149760K(504320K)] 608884K->442717K(1902592K), 0.0504060 secs] [Times: user=0.29 sys=0.00, real=0.05 secs] 
4386.547: [GC (Allocation Failure) [PSYoungGen: 462080K->101760K(504832K)] 755037K->535989K(1903104K), 0.1715829 secs] [Times: user=1.03 sys=0.00, real=0.17 secs] 
4387.539: [GC (Allocation Failure) [PSYoungGen: 409828K->150496K(462336K)] 844058K->682711K(1860608K), 0.0499665 secs] [Times: user=0.29 sys=0.00, real=0.05 secs] 
4390.445: [GC (Allocation Failure) [PSYoungGen: 462304K->99904K(505856K)] 994519K->774351K(1904128K), 0.1710982 secs] [Times: user=1.01 sys=0.00, real=0.17 secs] 
4391.752: [GC (Allocation Failure) [PSYoungGen: 410688K->151040K(462336K)] 1085135K->921647K(1860608K), 0.0494038 secs] [Times: user=0.29 sys=0.00, real=0.05 secs] 
4394.538: [GC (Allocation Failure) [PSYoungGen: 461824K->103072K(505856K)] 1232431K->1016403K(1904128K), 0.1553898 secs] [Times: user=0.92 sys=0.00, real=0.16 secs] 
4395.185: [GC (Allocation Failure) [PSYoungGen: 409742K->147392K(502784K)] 1323073K->1160428K(1901056K), 0.0625739 secs] [Times: user=0.37 sys=0.00, real=0.06 secs] 
4398.412: [GC (Allocation Failure) [PSYoungGen: 457152K->99776K(503296K)] 1470188K->1251772K(1901568K), 0.1692694 secs] [Times: user=1.01 sys=0.00, real=0.17 secs] 
4399.475: [GC (Allocation Failure) [PSYoungGen: 408611K->149952K(503808K)] 1560607K->1398789K(1902080K), 0.0812003 secs] [Times: user=0.49 sys=0.00, real=0.08 secs] 
4399.556: [Full GC (Ergonomics) [PSYoungGen: 149952K->0K(503808K)] [ParOldGen: 1248837K->197110K(1398272K)] 1398789K->197110K(1902080K), [Metaspace: 60454K->60454K(1105920K)], 0.4939520 secs] [Times: user=2.33 sys=0.00, real=0.49 secs] 
4403.665: [GC (Allocation Failure) [PSYoungGen: 311296K->99808K(504320K)] 508406K->296919K(1902592K), 0.0823203 secs] [Times: user=0.48 sys=0.01, real=0.08 secs] 
4404.965: [GC (Allocation Failure) [PSYoungGen: 410592K->149024K(460288K)] 607703K->442416K(1858560K), 0.0484070 secs] [Times: user=0.29 sys=0.00, real=0.05 secs] 
4407.779: [GC (Allocation Failure) [PSYoungGen: 459808K->102240K(505856K)] 753200K->536048K(1904128K), 0.1505165 secs] [Times: user=0.90 sys=0.00, real=0.15 secs] 
4408.824: [GC (Allocation Failure) [PSYoungGen: 412512K->150464K(503296K)] 846320K->682737K(1901568K), 0.0498882 secs] [Times: user=0.30 sys=0.00, real=0.05 secs] 
4410.723: [GC (Allocation Failure) [PSYoungGen: 460736K->104832K(502272K)] 993009K->778957K(1900544K), 0.1649309 secs] [Times: user=0.97 sys=0.01, real=0.16 secs] 
4412.018: [GC (Allocation Failure) [PSYoungGen: 411686K->146496K(502784K)] 1085812K->921186K(1901056K), 0.0503212 secs] [Times: user=0.30 sys=0.00, real=0.05 secs] 
4413.540: [GC (Allocation Failure) [PSYoungGen: 456768K->104608K(501760K)] 1231458K->1016706K(1900032K), 0.1408312 secs] [Times: user=0.84 sys=0.00, real=0.14 secs] 
4415.275: [GC (Allocation Failure) [PSYoungGen: 404883K->145312K(503296K)] 1316982K->1158599K(1901568K), 0.0830808 secs] [Times: user=0.49 sys=0.00, real=0.08 secs] 
4418.371: [GC (Allocation Failure) [PSYoungGen: 457632K->99552K(504832K)] 1470919K->1250031K(1903104K), 0.1653719 secs] [Times: user=0.99 sys=0.00, real=0.17 secs] 
4420.202: [GC (Allocation Failure) [PSYoungGen: 415456K->151968K(467968K)] 1565935K->1397900K(1866240K), 0.0499736 secs] [Times: user=0.30 sys=0.00, real=0.05 secs] 
4420.252: [Full GC (Ergonomics) [PSYoungGen: 151968K->0K(467968K)] [ParOldGen: 1245932K->196890K(1398272K)] 1397900K->196890K(1866240K), [Metaspace: 60457K->60457K(1105920K)], 0.4802512 secs] [Times: user=2.25 sys=0.00, real=0.48 secs] 
4422.756: [GC (Allocation Failure) [PSYoungGen: 315904K->105984K(507904K)] 512794K->302874K(1906176K), 0.0959303 secs] [Times: user=0.57 sys=0.00, real=0.10 secs] 
4423.819: [GC (Allocation Failure) [PSYoungGen: 404517K->144864K(504832K)] 601407K->443766K(1903104K), 0.0494939 secs] [Times: user=0.29 sys=0.00, real=0.05 secs] 
4426.853: [GC (Allocation Failure) [PSYoungGen: 458720K->103040K(505344K)] 757622K->538402K(1903616K), 0.1657627 secs] [Times: user=0.98 sys=0.01, real=0.16 secs] 
4428.360: [GC (Allocation Failure) [PSYoungGen: 409328K->148192K(505344K)] 844691K->682739K(1903616K), 0.0499173 secs] [Times: user=0.30 sys=0.00, real=0.05 secs] 
4430.682: [GC (Allocation Failure) [PSYoungGen: 464608K->105760K(506368K)] 999155K->780155K(1904640K), 0.1166774 secs] [Times: user=0.69 sys=0.00, real=0.11 secs] 
4431.732: [GC (Allocation Failure) [PSYoungGen: 424224K->186880K(505856K)] 1098619K->963392K(1904128K), 0.0531626 secs] [Times: user=0.31 sys=0.00, real=0.05 secs] 
4433.906: [GC (Allocation Failure) [PSYoungGen: 505344K->99200K(485376K)] 1281856K->1029104K(1883648K), 0.1216548 secs] [Times: user=0.73 sys=0.00, real=0.12 secs] 
4434.967: [GC (Allocation Failure) [PSYoungGen: 380498K->136512K(495616K)] 1310403K->1160601K(1893888K), 0.0928524 secs] [Times: user=0.55 sys=0.00, real=0.09 secs] 
4437.552: [GC (Allocation Failure) [PSYoungGen: 428864K->95232K(488448K)] 1452953K->1247457K(1886720K), 0.1490773 secs] [Times: user=0.89 sys=0.00, real=0.15 secs] 
4439.219: [GC (Allocation Failure) [PSYoungGen: 391680K->142080K(494080K)] 1543905K->1385894K(1892352K), 0.0480018 secs] [Times: user=0.29 sys=0.00, real=0.05 secs] 
4439.267: [Full GC (Ergonomics) [PSYoungGen: 142080K->0K(494080K)] [ParOldGen: 1243814K->183456K(1398272K)] 1385894K->183456K(1892352K), [Metaspace: 60473K->60473K(1105920K)], 0.4469866 secs] [Times: user=2.09 sys=0.00, real=0.45 secs] 
4441.789: [GC (Allocation Failure) [PSYoungGen: 296448K->99200K(496128K)] 479904K->282656K(1894400K), 0.1008344 secs] [Times: user=0.59 sys=0.00, real=0.10 secs] 
4444.251: [GC (Allocation Failure) [PSYoungGen: 403840K->142880K(499200K)] 587296K->422800K(1897472K), 0.0498104 secs] [Times: user=0.30 sys=0.01, real=0.05 secs] 
4445.851: [GC (Allocation Failure) [PSYoungGen: 447520K->104416K(497152K)] 727440K->518348K(1895424K), 0.0867690 secs] [Times: user=0.52 sys=0.01, real=0.08 secs] 
4447.229: [GC (Allocation Failure) [PSYoungGen: 414176K->148736K(500736K)] 828108K->664953K(1899008K), 0.0517676 secs] [Times: user=0.30 sys=0.00, real=0.06 secs] 
4450.746: [GC (Allocation Failure) [PSYoungGen: 458496K->102624K(505344K)] 974713K->759313K(1903616K), 0.1388078 secs] [Times: user=0.82 sys=0.00, real=0.14 secs] 
4452.209: [GC (Allocation Failure) [PSYoungGen: 416992K->148608K(505344K)] 1073681K->905942K(1903616K), 0.1162278 secs] [Times: user=0.69 sys=0.00, real=0.12 secs] 
4456.449: [GC (Allocation Failure) [PSYoungGen: 462976K->103264K(505344K)] 1220310K->1000710K(1903616K), 0.1044804 secs] [Times: user=0.62 sys=0.00, real=0.11 secs] 
4457.362: [GC (Allocation Failure) [PSYoungGen: 417632K->148320K(505344K)] 1315078K->1147151K(1903616K), 0.0514131 secs] [Times: user=0.30 sys=0.01, real=0.05 secs] 
4460.536: [GC (Allocation Failure) [PSYoungGen: 462688K->105376K(503808K)] 1461519K->1243999K(1902080K), 0.1540571 secs] [Times: user=0.90 sys=0.00, real=0.15 secs] 
4462.451: [GC (Allocation Failure) [PSYoungGen: 420256K->151232K(504832K)] 1558879K->1391112K(1903104K), 0.0526386 secs] [Times: user=0.31 sys=0.00, real=0.05 secs] 
4462.504: [Full GC (Ergonomics) [PSYoungGen: 151232K->0K(504832K)] [ParOldGen: 1239880K->189113K(1398272K)] 1391112K->189113K(1903104K), [Metaspace: 60473K->60473K(1105920K)], 0.4539068 secs] [Times: user=2.12 sys=0.00, real=0.45 secs] 
4465.029: [GC (Allocation Failure) [PSYoungGen: 314880K->107808K(505344K)] 503993K->296921K(1903616K), 0.0784386 secs] [Times: user=0.46 sys=0.00, real=0.08 secs] 
4466.713: [GC (Allocation Failure) [PSYoungGen: 423200K->150976K(505344K)] 612313K->444403K(1903616K), 0.0522955 secs] [Times: user=0.31 sys=0.00, real=0.05 secs] 
4470.923: [GC (Allocation Failure) [PSYoungGen: 466368K->103616K(506880K)] 759795K->539355K(1905152K), 0.1413816 secs] [Times: user=0.85 sys=0.00, real=0.14 secs] 
4472.300: [GC (Allocation Failure) [PSYoungGen: 414614K->148800K(505856K)] 850353K->684484K(1904128K), 0.0504414 secs] [Times: user=0.29 sys=0.01, real=0.05 secs] 
4473.858: [GC (Allocation Failure) [PSYoungGen: 463680K->109600K(502784K)] 999364K->785212K(1901056K), 0.1046293 secs] [Times: user=0.62 sys=0.00, real=0.11 secs] 
4474.460: [GC (Allocation Failure) [PSYoungGen: 424480K->153728K(504320K)] 1100092K->935660K(1902592K), 0.0533113 secs] [Times: user=0.31 sys=0.00, real=0.06 secs] 
4477.815: [GC (Allocation Failure) [PSYoungGen: 468608K->93568K(505856K)] 1250540K->1029148K(1904128K), 0.1565006 secs] [Times: user=0.93 sys=0.01, real=0.16 secs] 
4478.567: [GC (Allocation Failure) [PSYoungGen: 405867K->153504K(465920K)] 1341448K->1176982K(1864192K), 0.0551588 secs] [Times: user=0.33 sys=0.00, real=0.06 secs] 
4483.853: [GC (Allocation Failure) [PSYoungGen: 463634K->88736K(502272K)] 1487113K->1265498K(1900544K), 0.1556769 secs] [Times: user=0.92 sys=0.01, real=0.15 secs] 
4484.321: [GC (Allocation Failure) [PSYoungGen: 394400K->149920K(455680K)] 1571162K->1411943K(1853952K), 0.0529636 secs] [Times: user=0.32 sys=0.01, real=0.05 secs] 
4484.374: [Full GC (Ergonomics) [PSYoungGen: 149920K->0K(455680K)] [ParOldGen: 1262023K->208931K(1398272K)] 1411943K->208931K(1853952K), [Metaspace: 60474K->60474K(1105920K)], 0.4989732 secs] [Times: user=2.35 sys=0.00, real=0.50 secs] 
4487.605: [GC (Allocation Failure) [PSYoungGen: 305664K->91520K(501248K)] 514595K->300451K(1899520K), 0.1462019 secs] [Times: user=0.71 sys=0.00, real=0.15 secs] 
4488.259: [GC (Allocation Failure) [PSYoungGen: 394112K->146944K(450048K)] 603043K->444467K(1848320K), 0.0546318 secs] [Times: user=0.32 sys=0.00, real=0.06 secs] 
4491.456: [GC (Allocation Failure) [PSYoungGen: 449536K->88704K(500736K)] 747059K->533227K(1899008K), 0.1511240 secs] [Times: user=0.90 sys=0.00, real=0.15 secs] 
4492.420: [GC (Allocation Failure) [PSYoungGen: 382597K->144000K(499712K)] 827121K->674012K(1897984K), 0.0486869 secs] [Times: user=0.29 sys=0.00, real=0.05 secs] 
4495.172: [GC (Allocation Failure) [PSYoungGen: 445568K->96800K(495104K)] 975580K->762732K(1893376K), 0.1173262 secs] [Times: user=0.69 sys=0.00, real=0.11 secs] 
4496.364: [GC (Allocation Failure) [PSYoungGen: 398880K->147776K(497664K)] 1064812K->906469K(1895936K), 0.0482009 secs] [Times: user=0.29 sys=0.00, real=0.05 secs] 
4499.074: [GC (Allocation Failure) [PSYoungGen: 449856K->99360K(499712K)] 1208549K->997333K(1897984K), 0.1659600 secs] [Times: user=0.99 sys=0.01, real=0.16 secs] 
4500.427: [GC (Allocation Failure) [PSYoungGen: 404512K->147232K(500224K)] 1302485K->1141190K(1898496K), 0.0500518 secs] [Times: user=0.29 sys=0.00, real=0.05 secs] 
4504.467: [GC (Allocation Failure) [PSYoungGen: 452384K->98016K(499712K)] 1446342K->1230918K(1897984K), 0.1581331 secs] [Times: user=0.93 sys=0.00, real=0.16 secs] 
4505.544: [GC (Allocation Failure) [PSYoungGen: 404704K->146304K(500736K)] 1537606K->1374363K(1899008K), 0.0501000 secs] [Times: user=0.30 sys=0.00, real=0.05 secs] 
4505.594: [Full GC (Ergonomics) [PSYoungGen: 146304K->0K(500736K)] [ParOldGen: 1228059K->180970K(1398272K)] 1374363K->180970K(1899008K), [Metaspace: 60481K->60481K(1105920K)], 0.4401598 secs] [Times: user=2.06 sys=0.00, real=0.44 secs] 
4507.745: [GC (Allocation Failure) [PSYoungGen: 306688K->102912K(499712K)] 487658K->283882K(1897984K), 0.0748601 secs] [Times: user=0.44 sys=0.00, real=0.07 secs] 
4509.795: [GC (Allocation Failure) [PSYoungGen: 411648K->146560K(501248K)] 592618K->427767K(1899520K), 0.0516147 secs] [Times: user=0.30 sys=0.00, real=0.05 secs] 
4513.295: [GC (Allocation Failure) [PSYoungGen: 455296K->101856K(502272K)] 736503K->520763K(1900544K), 0.1252179 secs] [Times: user=0.75 sys=0.01, real=0.12 secs] 
4515.020: [GC (Allocation Failure) [PSYoungGen: 413664K->148064K(503296K)] 832571K->666400K(1901568K), 0.0509424 secs] [Times: user=0.30 sys=0.01, real=0.06 secs] 
4517.741: [GC (Allocation Failure) [PSYoungGen: 458492K->106528K(502784K)] 976828K->764296K(1901056K), 0.0837892 secs] [Times: user=0.50 sys=0.00, real=0.08 secs] 
4518.711: [GC (Allocation Failure) [PSYoungGen: 419872K->149088K(503808K)] 1077640K->910929K(1902080K), 0.0523775 secs] [Times: user=0.31 sys=0.00, real=0.05 secs] 
4521.429: [GC (Allocation Failure) [PSYoungGen: 462432K->104864K(504320K)] 1224273K->1007229K(1902592K), 0.1594622 secs] [Times: user=0.95 sys=0.00, real=0.16 secs] 
4522.391: [GC (Allocation Failure) [PSYoungGen: 419744K->154720K(470016K)] 1322109K->1158414K(1868288K), 0.0888004 secs] [Times: user=0.53 sys=0.00, real=0.09 secs] 
4525.535: [GC (Allocation Failure) [PSYoungGen: 469600K->102080K(506368K)] 1473294K->1252366K(1904640K), 0.1692010 secs] [Times: user=1.01 sys=0.00, real=0.17 secs] 
4527.019: [GC (Allocation Failure) [PSYoungGen: 412819K->149664K(503808K)] 1563105K->1398486K(1902080K), 0.0830480 secs] [Times: user=0.50 sys=0.00, real=0.09 secs] 
4527.102: [Full GC (Ergonomics) [PSYoungGen: 149664K->0K(503808K)] [ParOldGen: 1248822K->196593K(1398272K)] 1398486K->196593K(1902080K), [Metaspace: 60483K->60483K(1105920K)], 0.4965379 secs] [Times: user=2.33 sys=0.00, real=0.49 secs] 
4531.284: [GC (Allocation Failure) [PSYoungGen: 311296K->98560K(504320K)] 507889K->295153K(1902592K), 0.0465768 secs] [Times: user=0.27 sys=0.00, real=0.05 secs] 
4532.671: [GC (Allocation Failure) [PSYoungGen: 409344K->147520K(503808K)] 605937K->439762K(1902080K), 0.0960409 secs] [Times: user=0.58 sys=0.00, real=0.10 secs] 
4536.082: [GC (Allocation Failure) [PSYoungGen: 458304K->105248K(500736K)] 750546K->536482K(1899008K), 0.0910174 secs] [Times: user=0.54 sys=0.00, real=0.09 secs] 
4537.149: [GC (Allocation Failure) [PSYoungGen: 416032K->148928K(502272K)] 847266K->682287K(1900544K), 0.1250162 secs] [Times: user=0.74 sys=0.00, real=0.13 secs] 
4540.047: [GC (Allocation Failure) [PSYoungGen: 459712K->102912K(504832K)] 993071K->776679K(1903104K), 0.1287611 secs] [Times: user=0.77 sys=0.00, real=0.13 secs] 
4540.986: [GC (Allocation Failure) [PSYoungGen: 408331K->146848K(504832K)] 1082098K->920508K(1903104K), 0.1149315 secs] [Times: user=0.68 sys=0.00, real=0.11 secs] 
4543.513: [GC (Allocation Failure) [PSYoungGen: 460192K->104480K(502784K)] 1233852K->1016748K(1901056K), 0.1188356 secs] [Times: user=0.70 sys=0.00, real=0.12 secs] 
4545.480: [GC (Allocation Failure) [PSYoungGen: 405345K->145600K(504320K)] 1317613K->1159216K(1902592K), 0.1167578 secs] [Times: user=0.69 sys=0.01, real=0.12 secs] 
4548.852: [GC (Allocation Failure) [PSYoungGen: 459968K->100000K(506368K)] 1473584K->1251080K(1904640K), 0.1537315 secs] [Times: user=0.91 sys=0.00, real=0.15 secs] 
4550.597: [GC (Allocation Failure) [PSYoungGen: 417440K->151328K(468992K)] 1568520K->1398593K(1867264K), 0.0501706 secs] [Times: user=0.30 sys=0.00, real=0.05 secs] 
4550.647: [Full GC (Ergonomics) [PSYoungGen: 151328K->0K(468992K)] [ParOldGen: 1247265K->197177K(1398272K)] 1398593K->197177K(1867264K), [Metaspace: 60483K->60483K(1105920K)], 0.4810801 secs] [Times: user=2.26 sys=0.00, real=0.48 secs] 
4553.307: [GC (Allocation Failure) [PSYoungGen: 317440K->108320K(509440K)] 514617K->305497K(1907712K), 0.0990813 secs] [Times: user=0.58 sys=0.00, real=0.10 secs] 
4554.605: [GC (Allocation Failure) [PSYoungGen: 424736K->189408K(505856K)] 621913K->504010K(1904128K), 0.0557717 secs] [Times: user=0.33 sys=0.00, real=0.05 secs] 
4557.018: [GC (Allocation Failure) [PSYoungGen: 505824K->98720K(425984K)] 820426K->553342K(1824256K), 0.1468625 secs] [Times: user=0.87 sys=0.00, real=0.15 secs] 
4557.533: [GC (Allocation Failure) [PSYoungGen: 331680K->116704K(465920K)] 786302K->664767K(1864192K), 0.0505321 secs] [Times: user=0.30 sys=0.00, real=0.05 secs] 
4558.622: [GC (Allocation Failure) [PSYoungGen: 349664K->83456K(465920K)] 897727K->739743K(1864192K), 0.0548737 secs] [Times: user=0.33 sys=0.00, real=0.05 secs] 
4562.230: [GC (Allocation Failure) [PSYoungGen: 316416K->91168K(465920K)] 972703K->830711K(1864192K), 0.0740496 secs] [Times: user=0.44 sys=0.00, real=0.08 secs] 
4562.482: [GC (Allocation Failure) [PSYoungGen: 324128K->115936K(451584K)] 1063671K->941288K(1849856K), 0.0500686 secs] [Times: user=0.29 sys=0.00, real=0.05 secs] 
4564.121: [GC (Allocation Failure) [PSYoungGen: 348896K->61728K(458752K)] 1174248K->1002756K(1857024K), 0.1504916 secs] [Times: user=0.88 sys=0.01, real=0.16 secs] 
4565.979: [GC (Allocation Failure) [PSYoungGen: 294688K->110048K(455680K)] 1235716K->1110113K(1853952K), 0.0471771 secs] [Times: user=0.28 sys=0.00, real=0.05 secs] 
4567.701: [GC (Allocation Failure) [PSYoungGen: 356320K->116544K(463872K)] 1356385K->1217545K(1862144K), 0.0587886 secs] [Times: user=0.34 sys=0.01, real=0.05 secs] 
4569.986: [GC (Allocation Failure) [PSYoungGen: 362816K->72960K(479232K)] 1463817K->1290297K(1877504K), 0.1023876 secs] [Times: user=0.54 sys=0.00, real=0.10 secs] 
4570.301: [GC (Allocation Failure) [PSYoungGen: 345856K->135584K(479744K)] 1563193K->1420238K(1878016K), 0.0530893 secs] [Times: user=0.31 sys=0.01, real=0.05 secs] 
4570.354: [Full GC (Ergonomics) [PSYoungGen: 135584K->0K(479744K)] [ParOldGen: 1284654K->217187K(1398272K)] 1420238K->217187K(1878016K), [Metaspace: 60483K->60483K(1105920K)], 0.5165731 secs] [Times: user=2.42 sys=0.00, real=0.51 secs] 
4573.480: [GC (Allocation Failure) [PSYoungGen: 272896K->77504K(487424K)] 490083K->294691K(1885696K), 0.1349851 secs] [Times: user=0.81 sys=0.00, real=0.14 secs] 
4574.289: [GC (Allocation Failure) [PSYoungGen: 363712K->140160K(489472K)] 580899K->432000K(1887744K), 0.0641024 secs] [Times: user=0.38 sys=0.01, real=0.07 secs] 
4577.049: [GC (Allocation Failure) [PSYoungGen: 426368K->90592K(486912K)] 718208K->514528K(1885184K), 0.1397447 secs] [Times: user=0.83 sys=0.00, real=0.14 secs] 
4578.662: [GC (Allocation Failure) [PSYoungGen: 381408K->137600K(490496K)] 805344K->649253K(1888768K), 0.0463895 secs] [Times: user=0.27 sys=0.00, real=0.04 secs] 
4579.900: [GC (Allocation Failure) [PSYoungGen: 428416K->100128K(488448K)] 940069K->740069K(1886720K), 0.0658998 secs] [Times: user=0.39 sys=0.00, real=0.07 secs] 
4581.395: [GC (GCLocker Initiated GC) [PSYoungGen: 399136K->139136K(493568K)] 1039077K->877931K(1891840K), 0.1205386 secs] [Times: user=0.72 sys=0.00, real=0.12 secs] 
4584.199: [GC (Allocation Failure) [PSYoungGen: 438144K->103424K(494080K)] 1176941K->972925K(1892352K), 0.0636670 secs] [Times: user=0.38 sys=0.00, real=0.07 secs] 
4585.074: [GC (Allocation Failure) [PSYoungGen: 412160K->150656K(498688K)] 1281661K->1122990K(1896960K), 0.0525480 secs] [Times: user=0.31 sys=0.00, real=0.05 secs] 
4587.957: [GC (Allocation Failure) [PSYoungGen: 459392K->109152K(502272K)] 1431726K->1215518K(1900544K), 0.0653955 secs] [Times: user=0.39 sys=0.00, real=0.07 secs] 
4590.202: [GC (Allocation Failure) [PSYoungGen: 422496K->143136K(502784K)] 1528862K->1357059K(1901056K), 0.0534153 secs] [Times: user=0.32 sys=0.01, real=0.05 secs] 
4591.448: [GC (Allocation Failure) [PSYoungGen: 456480K->110080K(500736K)] 1670403K->1457699K(1899008K), 0.0850424 secs] [Times: user=0.44 sys=0.06, real=0.09 secs] 
4591.533: [Full GC (Ergonomics) [PSYoungGen: 110080K->0K(500736K)] [ParOldGen: 1347619K->26099K(1398272K)] 1457699K->26099K(1899008K), [Metaspace: 60483K->60483K(1105920K)], 0.0463284 secs] [Times: user=0.15 sys=0.00, real=0.04 secs] 
4592.759: [GC (Allocation Failure) [PSYoungGen: 317440K->157536K(503808K)] 343539K->183636K(1902080K), 0.0295316 secs] [Times: user=0.17 sys=0.00, real=0.03 secs] 
4595.054: [GC (Allocation Failure) [PSYoungGen: 474976K->109280K(507904K)] 501076K->275868K(1906176K), 0.1654859 secs] [Times: user=0.98 sys=0.01, real=0.16 secs] 
4596.668: [GC (Allocation Failure) [PSYoungGen: 424672K->151040K(504832K)] 591260K->424393K(1903104K), 0.0531708 secs] [Times: user=0.31 sys=0.00, real=0.06 secs] 
4599.189: [GC (Allocation Failure) [PSYoungGen: 466432K->103552K(505856K)] 739785K->519405K(1904128K), 0.1592119 secs] [Times: user=0.94 sys=0.01, real=0.16 secs] 
4600.670: [GC (Allocation Failure) [PSYoungGen: 418944K->150592K(505344K)] 834797K->667314K(1903616K), 0.0515162 secs] [Times: user=0.30 sys=0.01, real=0.06 secs] 
4603.712: [GC (Allocation Failure) [PSYoungGen: 465984K->105216K(505856K)] 982706K->763902K(1904128K), 0.1676449 secs] [Times: user=1.01 sys=0.00, real=0.16 secs] 
4605.167: [GC (Allocation Failure) [PSYoungGen: 420096K->152160K(467456K)] 1078782K->912943K(1865728K), 0.1260371 secs] [Times: user=0.74 sys=0.01, real=0.13 secs] 
4612.733: [GC (Allocation Failure) [PSYoungGen: 467040K->97792K(506368K)] 1227823K->1002343K(1904640K), 0.1659306 secs] [Times: user=0.99 sys=0.00, real=0.16 secs] 
4614.653: [GC (Allocation Failure) [PSYoungGen: 409600K->149888K(461824K)] 1314151K->1148004K(1860096K), 0.0491905 secs] [Times: user=0.30 sys=0.00, real=0.05 secs] 
4616.525: [GC (Allocation Failure) [PSYoungGen: 461696K->104480K(506880K)] 1459812K->1243612K(1905152K), 0.1623830 secs] [Times: user=0.96 sys=0.02, real=0.16 secs] 
4617.703: [GC (Allocation Failure) [PSYoungGen: 415776K->151136K(503296K)] 1554908K->1391281K(1901568K), 0.0750980 secs] [Times: user=0.44 sys=0.00, real=0.07 secs] 
4617.778: [Full GC (Ergonomics) [PSYoungGen: 151136K->0K(503296K)] [ParOldGen: 1240145K->196010K(1398272K)] 1391281K->196010K(1901568K), [Metaspace: 60484K->60484K(1105920K)], 0.4855496 secs] [Times: user=2.28 sys=0.00, real=0.49 secs] 
4621.827: [GC (Allocation Failure) [PSYoungGen: 311296K->103136K(503808K)] 507306K->299146K(1902080K), 0.0989902 secs] [Times: user=0.59 sys=0.00, real=0.10 secs] 
4623.282: [GC (Allocation Failure) [PSYoungGen: 413920K->149664K(503296K)] 609930K->444399K(1901568K), 0.0492518 secs] [Times: user=0.29 sys=0.00, real=0.05 secs] 
4624.786: [GC (Allocation Failure) [PSYoungGen: 460448K->106240K(502784K)] 755183K->541839K(1901056K), 0.1206270 secs] [Times: user=0.72 sys=0.00, real=0.12 secs] 
4625.551: [GC (Allocation Failure) [PSYoungGen: 404420K->145312K(503296K)] 840020K->682884K(1901568K), 0.0512131 secs] [Times: user=0.30 sys=0.00, real=0.05 secs] 
4628.155: [GC (GCLocker Initiated GC) [PSYoungGen: 456608K->103424K(502272K)] 994180K->777844K(1900544K), 0.1647828 secs] [Times: user=0.98 sys=0.01, real=0.16 secs] 
4631.123: [GC (Allocation Failure) [PSYoungGen: 417792K->138816K(504320K)] 1108598K->929973K(1902592K), 0.3648062 secs] [Times: user=2.18 sys=0.01, real=0.36 secs] 
4634.160: [GC (Allocation Failure) [PSYoungGen: 450022K->95808K(505856K)] 1241180K->1025990K(1904128K), 0.3614092 secs] [Times: user=2.16 sys=0.00, real=0.37 secs] 
4634.796: [GC (Allocation Failure) [PSYoungGen: 415808K->155008K(475136K)] 1345990K->1177690K(1873408K), 0.0556593 secs] [Times: user=0.33 sys=0.00, real=0.06 secs] 
4639.219: [GC (Allocation Failure) [PSYoungGen: 475008K->95424K(507392K)] 1497690K->1272806K(1905664K), 0.1443116 secs] [Times: user=0.85 sys=0.00, real=0.15 secs] 
4640.237: [GC (Allocation Failure) [PSYoungGen: 409792K->153344K(467968K)] 1587174K->1420643K(1866240K), 0.1263192 secs] [Times: user=0.75 sys=0.00, real=0.13 secs] 
4640.363: [Full GC (Ergonomics) [PSYoungGen: 153344K->0K(467968K)] [ParOldGen: 1267299K->217729K(1398272K)] 1420643K->217729K(1866240K), [Metaspace: 60484K->60484K(1105920K)], 0.5577962 secs] [Times: user=2.66 sys=0.00, real=0.56 secs] 
4643.475: [GC (Allocation Failure) [PSYoungGen: 314368K->94880K(504320K)] 532097K->312609K(1902592K), 0.1251331 secs] [Times: user=0.74 sys=0.01, real=0.12 secs] 
4643.867: [GC (Allocation Failure) [PSYoungGen: 403104K->154592K(462848K)] 620833K->461582K(1861120K), 0.0547671 secs] [Times: user=0.33 sys=0.00, real=0.06 secs] 
4647.860: [GC (Allocation Failure) [PSYoungGen: 462816K->89600K(500736K)] 769806K->551218K(1899008K), 0.1404181 secs] [Times: user=0.83 sys=0.00, real=0.14 secs] 
4648.370: [GC (Allocation Failure) [PSYoungGen: 391168K->149696K(451584K)] 852786K->695307K(1849856K), 0.0641469 secs] [Times: user=0.38 sys=0.00, real=0.07 secs] 
4652.019: [GC (Allocation Failure) [PSYoungGen: 451264K->87424K(499712K)] 996875K->782835K(1897984K), 0.1325723 secs] [Times: user=0.77 sys=0.00, real=0.14 secs] 
4653.020: [GC (GCLocker Initiated GC) [PSYoungGen: 386432K->148896K(448000K)] 1081843K->926388K(1846272K), 0.0927318 secs] [Times: user=0.56 sys=0.00, real=0.10 secs] 
4656.936: [GC (Allocation Failure) [PSYoungGen: 447904K->86656K(498688K)] 1225406K->1013134K(1896960K), 0.1618979 secs] [Times: user=0.97 sys=0.00, real=0.16 secs] 
4658.164: [GC (Allocation Failure) [PSYoungGen: 383616K->141856K(497152K)] 1310094K->1150971K(1895424K), 0.0485193 secs] [Times: user=0.29 sys=0.00, real=0.05 secs] 
4660.680: [GC (Allocation Failure) [PSYoungGen: 438816K->95968K(494080K)] 1447931K->1238595K(1892352K), 0.1627196 secs] [Times: user=0.97 sys=0.00, real=0.17 secs] 
4662.135: [GC (Allocation Failure) [PSYoungGen: 394464K->144608K(495616K)] 1537091K->1378807K(1893888K), 0.0487520 secs] [Times: user=0.29 sys=0.01, real=0.05 secs] 
4662.184: [Full GC (Ergonomics) [PSYoungGen: 144608K->0K(495616K)] [ParOldGen: 1234199K->186015K(1398272K)] 1378807K->186015K(1893888K), [Metaspace: 60484K->60484K(1105920K)], 0.4515290 secs] [Times: user=2.04 sys=0.00, real=0.45 secs] 
4664.426: [GC (Allocation Failure) [PSYoungGen: 298496K->100896K(495104K)] 484511K->286911K(1893376K), 0.0994697 secs] [Times: user=0.59 sys=0.00, real=0.10 secs] 
4666.553: [GC (Allocation Failure) [PSYoungGen: 404000K->143296K(497664K)] 590015K->427637K(1895936K), 0.0500468 secs] [Times: user=0.30 sys=0.00, real=0.05 secs] 
4668.109: [GC (Allocation Failure) [PSYoungGen: 446400K->105216K(497152K)] 730741K->523837K(1895424K), 0.0815563 secs] [Times: user=0.48 sys=0.00, real=0.08 secs] 
4669.520: [GC (Allocation Failure) [PSYoungGen: 413952K->147264K(500224K)] 832573K->668482K(1898496K), 0.0521936 secs] [Times: user=0.31 sys=0.00, real=0.06 secs] 
4671.482: [GC (Allocation Failure) [PSYoungGen: 456000K->103904K(502784K)] 977218K->763114K(1901056K), 0.1612594 secs] [Times: user=0.96 sys=0.01, real=0.16 secs] 
4673.601: [GC (Allocation Failure) [PSYoungGen: 417248K->146656K(503808K)] 1076458K->907367K(1902080K), 0.0517569 secs] [Times: user=0.31 sys=0.00, real=0.05 secs] 
4675.451: [GC (Allocation Failure) [PSYoungGen: 460000K->107872K(502784K)] 1220711K->1006539K(1901056K), 0.1457566 secs] [Times: user=0.87 sys=0.00, real=0.14 secs] 
4676.838: [GC (Allocation Failure) [PSYoungGen: 423264K->150496K(504320K)] 1321931K->1153408K(1902592K), 0.1210335 secs] [Times: user=0.72 sys=0.00, real=0.12 secs] 
4679.289: [GC (Allocation Failure) [PSYoungGen: 465888K->105472K(506880K)] 1468800K->1250216K(1905152K), 0.0889343 secs] [Times: user=0.53 sys=0.00, real=0.09 secs] 
4680.330: [GC (Allocation Failure) [PSYoungGen: 422400K->150432K(506368K)] 1567144K->1397893K(1904640K), 0.1166619 secs] [Times: user=0.70 sys=0.00, real=0.12 secs] 
4680.446: [Full GC (Ergonomics) [PSYoungGen: 150432K->0K(506368K)] [ParOldGen: 1247461K->196620K(1398272K)] 1397893K->196620K(1904640K), [Metaspace: 60484K->60484K(1105920K)], 0.5260519 secs] [Times: user=2.51 sys=0.00, real=0.53 secs] 
4685.359: [GC (Allocation Failure) [PSYoungGen: 316928K->104288K(506880K)] 513548K->300908K(1905152K), 0.0783355 secs] [Times: user=0.46 sys=0.01, real=0.08 secs] 
4686.921: [GC (Allocation Failure) [PSYoungGen: 412001K->147232K(506368K)] 608622K->445210K(1904640K), 0.0918354 secs] [Times: user=0.54 sys=0.00, real=0.09 secs] 
4689.132: [GC (Allocation Failure) [PSYoungGen: 463648K->108064K(503808K)] 761626K->544706K(1902080K), 0.1454798 secs] [Times: user=0.87 sys=0.00, real=0.14 secs] 
4690.333: [GC (Allocation Failure) [PSYoungGen: 424992K->183360K(500736K)] 861634K->724856K(1899008K), 0.1310155 secs] [Times: user=0.78 sys=0.00, real=0.13 secs] 
4693.475: [GC (Allocation Failure) [PSYoungGen: 499466K->95840K(492544K)] 1040963K->787832K(1890816K), 0.1102906 secs] [Times: user=0.66 sys=0.00, real=0.11 secs] 
4694.923: [GC (Allocation Failure) [PSYoungGen: 385998K->137760K(496640K)] 1077990K->922273K(1894912K), 0.1262228 secs] [Times: user=0.76 sys=0.00, real=0.12 secs] 
4697.559: [GC (Allocation Failure) [PSYoungGen: 432160K->95328K(493056K)] 1216673K->1009441K(1891328K), 0.1561002 secs] [Times: user=0.93 sys=0.00, real=0.16 secs] 
4698.679: [GC (Allocation Failure) [PSYoungGen: 393312K->145632K(495104K)] 1307425K->1152022K(1893376K), 0.0919444 secs] [Times: user=0.55 sys=0.00, real=0.10 secs] 
4701.302: [GC (Allocation Failure) [PSYoungGen: 443616K->96608K(499200K)] 1450006K->1240534K(1897472K), 0.1493374 secs] [Times: user=0.88 sys=0.00, real=0.15 secs] 
4702.540: [GC (GCLocker Initiated GC) [PSYoungGen: 400736K->142848K(500224K)] 1544662K->1381148K(1898496K), 0.0636459 secs] [Times: user=0.38 sys=0.00, real=0.07 secs] 
4702.603: [Full GC (Ergonomics) [PSYoungGen: 142848K->0K(500224K)] [ParOldGen: 1238300K->177865K(1398272K)] 1381148K->177865K(1898496K), [Metaspace: 60484K->60484K(1105920K)], 0.4266910 secs] [Times: user=1.97 sys=0.01, real=0.42 secs] 
4705.140: [GC (Allocation Failure) [PSYoungGen: 304128K->104224K(496128K)] 481996K->282092K(1894400K), 0.0690361 secs] [Times: user=0.41 sys=0.00, real=0.07 secs] 
4707.330: [GC (Allocation Failure) [PSYoungGen: 411424K->142688K(499712K)] 589292K->422444K(1897984K), 0.0521014 secs] [Times: user=0.31 sys=0.00, real=0.06 secs] 
4709.607: [GC (Allocation Failure) [PSYoungGen: 449888K->104864K(500224K)] 729644K->518628K(1898496K), 0.1291394 secs] [Times: user=0.77 sys=0.00, real=0.13 secs] 
4711.931: [GC (Allocation Failure) [PSYoungGen: 418720K->148064K(503296K)] 832484K->664093K(1901568K), 0.0520620 secs] [Times: user=0.31 sys=0.00, real=0.06 secs] 
4714.720: [GC (Allocation Failure) [PSYoungGen: 461920K->104384K(505856K)] 977949K->759645K(1904128K), 0.0649746 secs] [Times: user=0.39 sys=0.00, real=0.07 secs] 
4716.125: [GC (Allocation Failure) [PSYoungGen: 421824K->151008K(506368K)] 1077085K->908891K(1904640K), 0.1112394 secs] [Times: user=0.66 sys=0.01, real=0.11 secs] 
4718.992: [GC (Allocation Failure) [PSYoungGen: 468448K->106464K(506880K)] 1226331K->1006811K(1905152K), 0.0764291 secs] [Times: user=0.45 sys=0.00, real=0.07 secs] 
4720.133: [GC (GCLocker Initiated GC) [PSYoungGen: 423392K->152544K(469504K)] 1323739K->1156340K(1867776K), 0.1191382 secs] [Times: user=0.71 sys=0.00, real=0.12 secs] 
4722.859: [GC (Allocation Failure) [PSYoungGen: 469472K->105792K(508416K)] 1473303K->1253583K(1906688K), 0.1032044 secs] [Times: user=0.62 sys=0.00, real=0.11 secs] 
4723.993: [GC (Allocation Failure) [PSYoungGen: 411774K->149408K(505344K)] 1559565K->1399740K(1903616K), 0.1245431 secs] [Times: user=0.75 sys=0.00, real=0.12 secs] 
4724.117: [Full GC (Ergonomics) [PSYoungGen: 149408K->0K(505344K)] [ParOldGen: 1250332K->196992K(1398272K)] 1399740K->196992K(1903616K), [Metaspace: 60486K->60486K(1105920K)], 0.5287430 secs] [Times: user=2.53 sys=0.00, real=0.53 secs] 
4727.438: [GC (Allocation Failure) [PSYoungGen: 314880K->102528K(505856K)] 511872K->299520K(1904128K), 0.0942940 secs] [Times: user=0.56 sys=0.00, real=0.10 secs] 
4728.374: [GC (Allocation Failure) [PSYoungGen: 409356K->148768K(505856K)] 606348K->444021K(1904128K), 0.0494188 secs] [Times: user=0.30 sys=0.00, real=0.05 secs] 
4731.039: [GC (Allocation Failure) [PSYoungGen: 464160K->104032K(505856K)] 759413K->539449K(1904128K), 0.1587003 secs] [Times: user=0.94 sys=0.00, real=0.16 secs] 
4732.157: [GC (Allocation Failure) [PSYoungGen: 407674K->147232K(505856K)] 843091K->682813K(1904128K), 0.0504388 secs] [Times: user=0.30 sys=0.00, real=0.05 secs] 
4734.725: [GC (Allocation Failure) [PSYoungGen: 462624K->106144K(504832K)] 998205K->780158K(1903104K), 0.1604348 secs] [Times: user=0.95 sys=0.00, real=0.16 secs] 
4735.526: [GC (Allocation Failure) [PSYoungGen: 422560K->154208K(471040K)] 1096574K->930166K(1869312K), 0.0521938 secs] [Times: user=0.31 sys=0.00, real=0.05 secs] 
4738.473: [GC (Allocation Failure) [PSYoungGen: 470624K->99552K(506880K)] 1246582K->1029390K(1905152K), 0.1673836 secs] [Times: user=1.00 sys=0.00, real=0.16 secs] 
4739.586: [GC (Allocation Failure) [PSYoungGen: 412896K->154272K(467968K)] 1342734K->1178159K(1866240K), 0.0937044 secs] [Times: user=0.56 sys=0.01, real=0.09 secs] 
4742.703: [GC (Allocation Failure) [PSYoungGen: 467616K->93792K(503808K)] 1491503K->1271751K(1902080K), 0.1721047 secs] [Times: user=1.02 sys=0.01, real=0.17 secs] 
4743.327: [GC (Allocation Failure) [PSYoungGen: 401504K->154048K(461824K)] 1579463K->1419920K(1860096K), 0.0550788 secs] [Times: user=0.33 sys=0.00, real=0.06 secs] 
4743.383: [Full GC (Ergonomics) [PSYoungGen: 154048K->0K(461824K)] [ParOldGen: 1265872K->218724K(1398272K)] 1419920K->218724K(1860096K), [Metaspace: 60489K->60489K(1105920K)], 0.5269075 secs] [Times: user=2.47 sys=0.00, real=0.52 secs] 
4746.782: [GC (Allocation Failure) [PSYoungGen: 307712K->90560K(500736K)] 526436K->309284K(1899008K), 0.0936148 secs] [Times: user=0.55 sys=0.00, real=0.09 secs] 
4747.481: [GC (Allocation Failure) [PSYoungGen: 392128K->148480K(450560K)] 610852K->452429K(1848832K), 0.0661412 secs] [Times: user=0.39 sys=0.00, real=0.07 secs] 
4752.128: [GC (Allocation Failure) [PSYoungGen: 447791K->86304K(499712K)] 751741K->538405K(1897984K), 0.1557634 secs] [Times: user=0.93 sys=0.00, real=0.16 secs] 
4752.892: [GC (Allocation Failure) [PSYoungGen: 373324K->138016K(438272K)] 825426K->673382K(1836544K), 0.0487837 secs] [Times: user=0.29 sys=0.00, real=0.04 secs] 
4755.349: [GC (Allocation Failure) [PSYoungGen: 438048K->97184K(500736K)] 973414K->762170K(1899008K), 0.1528968 secs] [Times: user=0.91 sys=0.00, real=0.16 secs] 
4756.611: [GC (Allocation Failure) [PSYoungGen: 400288K->147072K(497664K)] 1065274K->905391K(1895936K), 0.0491710 secs] [Times: user=0.30 sys=0.00, real=0.04 secs] 
4758.895: [GC (Allocation Failure) [PSYoungGen: 450176K->101728K(499712K)] 1208495K->998255K(1897984K), 0.1521678 secs] [Times: user=0.91 sys=0.00, real=0.15 secs] 
4760.012: [GC (Allocation Failure) [PSYoungGen: 408928K->148256K(500736K)] 1305455K->1143668K(1899008K), 0.0730651 secs] [Times: user=0.44 sys=0.00, real=0.07 secs] 
4761.963: [GC (Allocation Failure) [PSYoungGen: 455456K->103616K(500736K)] 1450868K->1238724K(1899008K), 0.0673255 secs] [Times: user=0.40 sys=0.00, real=0.06 secs] 
4763.130: [GC (Allocation Failure) [PSYoungGen: 412864K->149568K(501760K)] 1547972K->1385317K(1900032K), 0.1005203 secs] [Times: user=0.60 sys=0.00, real=0.10 secs] 
4763.230: [Full GC (Ergonomics) [PSYoungGen: 149568K->0K(501760K)] [ParOldGen: 1235749K->192865K(1398272K)] 1385317K->192865K(1900032K), [Metaspace: 60489K->60489K(1105920K)], 0.5008662 secs] [Times: user=2.38 sys=0.00, real=0.51 secs] 
4766.419: [GC (Allocation Failure) [PSYoungGen: 309248K->101312K(503296K)] 502113K->294177K(1901568K), 0.0863853 secs] [Times: user=0.51 sys=0.01, real=0.09 secs] 
4767.261: [GC (Allocation Failure) [PSYoungGen: 412096K->151008K(461824K)] 604961K->441959K(1860096K), 0.0493703 secs] [Times: user=0.29 sys=0.00, real=0.04 secs] 
4770.332: [GC (Allocation Failure) [PSYoungGen: 461792K->102560K(505856K)] 752743K->535871K(1904128K), 0.1652238 secs] [Times: user=0.99 sys=0.00, real=0.16 secs] 
4772.068: [GC (Allocation Failure) [PSYoungGen: 412320K->147328K(502784K)] 845631K->679780K(1901056K), 0.1322347 secs] [Times: user=0.79 sys=0.00, real=0.13 secs] 
4775.303: [GC (Allocation Failure) [PSYoungGen: 457088K->102400K(501760K)] 989540K->773652K(1900032K), 0.1132607 secs] [Times: user=0.67 sys=0.00, real=0.11 secs] 
4776.845: [GC (Allocation Failure) [PSYoungGen: 413184K->145632K(502784K)] 1084436K->916021K(1901056K), 0.0527116 secs] [Times: user=0.31 sys=0.01, real=0.05 secs] 
4779.974: [GC (Allocation Failure) [PSYoungGen: 456416K->103520K(502272K)] 1226805K->1011049K(1900544K), 0.0933708 secs] [Times: user=0.55 sys=0.00, real=0.09 secs] 
4780.908: [GC (Allocation Failure) [PSYoungGen: 416864K->151616K(503808K)] 1324393K->1159075K(1902080K), 0.0522415 secs] [Times: user=0.31 sys=0.00, real=0.05 secs] 
4783.238: [GC (Allocation Failure) [PSYoungGen: 464960K->106272K(505344K)] 1472419K->1256931K(1903616K), 0.1555085 secs] [Times: user=0.92 sys=0.00, real=0.16 secs] 
4784.104: [GC (Allocation Failure) [PSYoungGen: 411309K->145280K(504832K)] 1561969K->1399312K(1903104K), 0.1015155 secs] [Times: user=0.60 sys=0.00, real=0.10 secs] 
4784.206: [Full GC (Ergonomics) [PSYoungGen: 145280K->0K(504832K)] [ParOldGen: 1254032K->197577K(1398272K)] 1399312K->197577K(1903104K), [Metaspace: 60489K->60489K(1105920K)], 0.5147160 secs] [Times: user=2.44 sys=0.00, real=0.51 secs] 
4787.247: [GC (Allocation Failure) [PSYoungGen: 313856K->103552K(503808K)] 511433K->301129K(1902080K), 0.0751161 secs] [Times: user=0.44 sys=0.00, real=0.08 secs] 
4788.326: [GC (Allocation Failure) [PSYoungGen: 409232K->147040K(505344K)] 606809K->444205K(1903616K), 0.0495843 secs] [Times: user=0.30 sys=0.00, real=0.05 secs] 
4790.534: [GC (Allocation Failure) [PSYoungGen: 462944K->108512K(504320K)] 760109K->544269K(1902592K), 0.1370828 secs] [Times: user=0.82 sys=0.00, real=0.13 secs] 
4791.262: [GC (GCLocker Initiated GC) [PSYoungGen: 426464K->153056K(505856K)] 862222K->694302K(1904128K), 0.0525421 secs] [Times: user=0.31 sys=0.00, real=0.05 secs] 
4794.905: [GC (Allocation Failure) [PSYoungGen: 471008K->95296K(507904K)] 1012258K->789266K(1906176K), 0.1607336 secs] [Times: user=0.95 sys=0.00, real=0.16 secs] 
4795.569: [GC (Allocation Failure) [PSYoungGen: 411200K->172832K(488960K)] 1105170K->956259K(1887232K), 0.0601337 secs] [Times: user=0.33 sys=0.00, real=0.06 secs] 
4799.976: [GC (Allocation Failure) [PSYoungGen: 488736K->92736K(497664K)] 1272163K->1032643K(1895936K), 0.1364937 secs] [Times: user=0.81 sys=0.00, real=0.14 secs] 
4800.383: [GC (Allocation Failure) [PSYoungGen: 388160K->146624K(496640K)] 1328067K->1173236K(1894912K), 0.0526222 secs] [Times: user=0.30 sys=0.00, real=0.05 secs] 
4803.553: [GC (Allocation Failure) [PSYoungGen: 442048K->87168K(497152K)] 1468660K->1259756K(1895424K), 0.1664086 secs] [Times: user=0.99 sys=0.00, real=0.16 secs] 
4804.077: [GC (Allocation Failure) [PSYoungGen: 378252K->141696K(437760K)] 1550841K->1397825K(1836032K), 0.0491058 secs] [Times: user=0.29 sys=0.00, real=0.05 secs] 
4804.126: [Full GC (Ergonomics) [PSYoungGen: 141696K->0K(437760K)] [ParOldGen: 1256129K->196503K(1398272K)] 1397825K->196503K(1836032K), [Metaspace: 60489K->59586K(1105920K)], 0.4859379 secs] [Times: user=2.26 sys=0.00, real=0.49 secs] 
4806.694: [GC (Allocation Failure) [PSYoungGen: 295936K->95520K(499200K)] 492439K->292023K(1897472K), 0.0942513 secs] [Times: user=0.56 sys=0.00, real=0.09 secs] 
4808.378: [GC (Allocation Failure) [PSYoungGen: 394528K->142720K(496640K)] 591031K->431188K(1894912K), 0.0472919 secs] [Times: user=0.28 sys=0.00, real=0.05 secs] 
4810.259: [GC (Allocation Failure) [PSYoungGen: 441728K->100096K(497664K)] 730196K->522060K(1895936K), 0.1608347 secs] [Times: user=0.96 sys=0.00, real=0.16 secs] 
4812.165: [GC (Allocation Failure) [PSYoungGen: 403712K->141792K(498176K)] 825676K->660905K(1896448K), 0.0500744 secs] [Times: user=0.30 sys=0.00, real=0.05 secs] 
4813.497: [GC (Allocation Failure) [PSYoungGen: 445408K->104768K(497152K)] 964521K->756561K(1895424K), 0.0956517 secs] [Times: user=0.56 sys=0.01, real=0.10 secs] 
4815.404: [GC (Allocation Failure) [PSYoungGen: 414528K->145504K(500736K)] 1066321K->899318K(1899008K), 0.0523536 secs] [Times: user=0.31 sys=0.00, real=0.05 secs] 
4816.883: [GC (Allocation Failure) [PSYoungGen: 455264K->107744K(502272K)] 1209078K->997850K(1900544K), 0.0917221 secs] [Times: user=0.53 sys=0.00, real=0.09 secs] 
4818.758: [GC (Allocation Failure) [PSYoungGen: 423136K->148768K(504320K)] 1313242K->1143535K(1902592K), 0.0533909 secs] [Times: user=0.31 sys=0.01, real=0.06 secs] 
4820.092: [GC (Allocation Failure) [PSYoungGen: 464160K->110400K(504832K)] 1458927K->1244395K(1903104K), 0.0903766 secs] [Times: user=0.53 sys=0.00, real=0.09 secs] 
4821.254: [GC (Allocation Failure) [PSYoungGen: 428352K->154272K(505856K)] 1562347K->1395789K(1904128K), 0.0864705 secs] [Times: user=0.52 sys=0.00, real=0.08 secs] 
4821.340: [Full GC (Ergonomics) [PSYoungGen: 154272K->0K(505856K)] [ParOldGen: 1241517K->195443K(1398272K)] 1395789K->195443K(1904128K), [Metaspace: 59589K->59584K(1105920K)], 0.4931053 secs] [Times: user=2.31 sys=0.00, real=0.50 secs] 
4824.771: [GC (Allocation Failure) [PSYoungGen: 317952K->102848K(508416K)] 513395K->298291K(1906688K), 0.0885950 secs] [Times: user=0.52 sys=0.00, real=0.08 secs] 
4826.029: [GC (Allocation Failure) [PSYoungGen: 414295K->149408K(465920K)] 609738K->444256K(1864192K), 0.0494082 secs] [Times: user=0.29 sys=0.00, real=0.05 secs] 
4829.729: [GC (GCLocker Initiated GC) [PSYoungGen: 465824K->102112K(508416K)] 760673K->537773K(1906688K), 0.1482645 secs] [Times: user=0.89 sys=0.00, real=0.15 secs] 
4830.457: [GC (Allocation Failure) [PSYoungGen: 417504K->145792K(505856K)] 869552K->696827K(1904128K), 0.2723542 secs] [Times: user=1.63 sys=0.01, real=0.27 secs] 
4835.984: [GC (Allocation Failure) [PSYoungGen: 461184K->88832K(507392K)] 1012219K->786215K(1905664K), 0.4567386 secs] [Times: user=2.73 sys=0.01, real=0.45 secs] 
4837.592: [GC (GCLocker Initiated GC) [PSYoungGen: 404224K->149504K(465408K)] 1101608K->932442K(1863680K), 0.0955911 secs] [Times: user=0.57 sys=0.00, real=0.09 secs] 
4843.057: [GC (GCLocker Initiated GC) [PSYoungGen: 464896K->91968K(505344K)] 1247836K->1024108K(1903616K), 0.1535422 secs] [Times: user=0.92 sys=0.00, real=0.16 secs] 
4843.838: [GC (Allocation Failure) [PSYoungGen: 402752K->150688K(461824K)] 1334895K->1170992K(1860096K), 0.0550563 secs] [Times: user=0.33 sys=0.00, real=0.06 secs] 
4846.251: [GC (Allocation Failure) [PSYoungGen: 461472K->96896K(504320K)] 1481776K->1267520K(1902592K), 0.1355997 secs] [Times: user=0.81 sys=0.00, real=0.14 secs] 
4846.910: [GC (Allocation Failure) [PSYoungGen: 404096K->149984K(457216K)] 1574720K->1412289K(1855488K), 0.0886544 secs] [Times: user=0.49 sys=0.01, real=0.09 secs] 
4846.998: [Full GC (Ergonomics) [PSYoungGen: 149984K->0K(457216K)] [ParOldGen: 1262305K->209770K(1398272K)] 1412289K->209770K(1855488K), [Metaspace: 59584K->59584K(1105920K)], 0.5140729 secs] [Times: user=2.42 sys=0.00, real=0.52 secs] 
4850.180: [GC (Allocation Failure) [PSYoungGen: 304872K->91328K(502784K)] 514642K->301098K(1901056K), 0.1289660 secs] [Times: user=0.76 sys=0.01, real=0.13 secs] 
4850.687: [GC (Allocation Failure) [PSYoungGen: 396480K->149536K(455168K)] 606250K->447027K(1853440K), 0.0535683 secs] [Times: user=0.32 sys=0.00, real=0.06 secs] 
4853.685: [GC (Allocation Failure) [PSYoungGen: 454688K->90944K(501760K)] 752179K->537947K(1900032K), 0.1585108 secs] [Times: user=0.95 sys=0.00, real=0.16 secs] 
4854.968: [GC (Allocation Failure) [PSYoungGen: 385359K->140320K(443392K)] 832362K->674736K(1841664K), 0.0777860 secs] [Times: user=0.46 sys=0.00, real=0.08 secs] 
4858.676: [GC (Allocation Failure) [PSYoungGen: 442912K->96736K(501760K)] 977328K->762664K(1900032K), 0.1697879 secs] [Times: user=1.01 sys=0.01, real=0.17 secs] 
4860.271: [GC (Allocation Failure) [PSYoungGen: 401888K->156320K(499200K)] 1067816K->914777K(1897472K), 0.0482248 secs] [Times: user=0.29 sys=0.00, real=0.05 secs] 
4862.313: [GC (Allocation Failure) [PSYoungGen: 461472K->102784K(501248K)] 1219929K->1000329K(1899520K), 0.1661438 secs] [Times: user=0.98 sys=0.01, real=0.16 secs] 
4863.634: [GC (Allocation Failure) [PSYoungGen: 405888K->144960K(499200K)] 1303433K->1141422K(1897472K), 0.0507600 secs] [Times: user=0.30 sys=0.00, real=0.05 secs] 
4865.187: [GC (Allocation Failure) [PSYoungGen: 448064K->101824K(496640K)] 1444526K->1234138K(1894912K), 0.1585583 secs] [Times: user=0.94 sys=0.01, real=0.16 secs] 
4867.304: [GC (Allocation Failure) [PSYoungGen: 407488K->155296K(499200K)] 1539802K->1385287K(1897472K), 0.0528594 secs] [Times: user=0.30 sys=0.00, real=0.05 secs] 
4867.356: [Full GC (Ergonomics) [PSYoungGen: 155296K->0K(499200K)] [ParOldGen: 1229991K->182879K(1398272K)] 1385287K->182879K(1897472K), [Metaspace: 59586K->59586K(1105920K)], 0.4475570 secs] [Times: user=1.99 sys=0.00, real=0.45 secs] 
4869.999: [GC (Allocation Failure) [PSYoungGen: 305664K->102592K(502272K)] 488543K->285471K(1900544K), 0.1037242 secs] [Times: user=0.62 sys=0.00, real=0.11 secs] 
4872.496: [GC (Allocation Failure) [PSYoungGen: 407232K->143200K(500224K)] 590111K->425560K(1898496K), 0.0501790 secs] [Times: user=0.30 sys=0.00, real=0.05 secs] 
4873.903: [GC (Allocation Failure) [PSYoungGen: 447840K->106592K(497152K)] 730200K->522772K(1895424K), 0.0958125 secs] [Times: user=0.57 sys=0.00, real=0.09 secs] 
4874.692: [GC (Allocation Failure) [PSYoungGen: 414304K->147520K(499200K)] 830484K->667829K(1897472K), 0.0525792 secs] [Times: user=0.31 sys=0.00, real=0.05 secs] 
4877.542: [GC (Allocation Failure) [PSYoungGen: 455232K->102656K(503808K)] 975541K->761553K(1902080K), 0.1591588 secs] [Times: user=0.95 sys=0.00, real=0.16 secs] 
4878.578: [GC (Allocation Failure) [PSYoungGen: 416000K->159776K(473600K)] 1074897K->919103K(1871872K), 0.0521469 secs] [Times: user=0.31 sys=0.00, real=0.05 secs] 
4880.816: [GC (Allocation Failure) [PSYoungGen: 473120K->104000K(504320K)] 1232447K->1006511K(1902592K), 0.0737034 secs] [Times: user=0.44 sys=0.00, real=0.07 secs] 
4882.234: [GC (Allocation Failure) [PSYoungGen: 410688K->147456K(501248K)] 1313199K->1150884K(1899520K), 0.0516407 secs] [Times: user=0.31 sys=0.00, real=0.05 secs] 
4886.349: [GC (Allocation Failure) [PSYoungGen: 454144K->95680K(502784K)] 1457572K->1238348K(1901056K), 0.1691072 secs] [Times: user=1.00 sys=0.00, real=0.17 secs] 
4889.261: [GC (Allocation Failure) [PSYoungGen: 403904K->144736K(502784K)] 1546572K->1379873K(1901056K), 0.0491876 secs] [Times: user=0.29 sys=0.00, real=0.05 secs] 
4889.310: [Full GC (Ergonomics) [PSYoungGen: 144736K->0K(502784K)] [ParOldGen: 1235137K->178147K(1398272K)] 1379873K->178147K(1901056K), [Metaspace: 59586K->59586K(1105920K)], 0.4289683 secs] [Times: user=2.00 sys=0.00, real=0.43 secs] 
4891.089: [GC (Allocation Failure) [PSYoungGen: 308224K->107872K(497664K)] 486371K->286019K(1895936K), 0.0574426 secs] [Times: user=0.34 sys=0.00, real=0.06 secs] 
4892.505: [GC (Allocation Failure) [PSYoungGen: 417120K->144288K(500736K)] 595267K->427616K(1899008K), 0.0523603 secs] [Times: user=0.31 sys=0.00, real=0.05 secs] 
4894.221: [GC (Allocation Failure) [PSYoungGen: 453536K->109760K(500736K)] 736864K->527872K(1899008K), 0.1130472 secs] [Times: user=0.67 sys=0.00, real=0.11 secs] 
4895.357: [GC (GCLocker Initiated GC) [PSYoungGen: 425152K->152832K(503808K)] 843265K->675401K(1902080K), 0.0529639 secs] [Times: user=0.32 sys=0.00, real=0.05 secs] 
4898.645: [GC (Allocation Failure) [PSYoungGen: 468224K->102912K(507904K)] 990796K->770104K(1906176K), 0.1562003 secs] [Times: user=0.93 sys=0.00, real=0.15 secs] 
4899.861: [GC (Allocation Failure) [PSYoungGen: 419328K->152672K(469504K)] 1086520K->919924K(1867776K), 0.0766063 secs] [Times: user=0.45 sys=0.00, real=0.08 secs] 
4902.907: [GC (Allocation Failure) [PSYoungGen: 469088K->104096K(507392K)] 1236340K->1015900K(1905664K), 0.1622173 secs] [Times: user=0.95 sys=0.00, real=0.16 secs] 
4904.290: [GC (Allocation Failure) [PSYoungGen: 415673K->148032K(504832K)] 1327478K->1159793K(1903104K), 0.0502452 secs] [Times: user=0.30 sys=0.00, real=0.05 secs] 
4906.644: [GC (Allocation Failure) [PSYoungGen: 461376K->105344K(503808K)] 1473137K->1256241K(1902080K), 0.1597521 secs] [Times: user=0.95 sys=0.00, real=0.16 secs] 
4908.248: [GC (Allocation Failure) [PSYoungGen: 410963K->145600K(504832K)] 1561860K->1398086K(1903104K), 0.0515245 secs] [Times: user=0.30 sys=0.00, real=0.05 secs] 
4908.299: [Full GC (Ergonomics) [PSYoungGen: 145600K->0K(504832K)] [ParOldGen: 1252486K->195760K(1398272K)] 1398086K->195760K(1903104K), [Metaspace: 59586K->59586K(1105920K)], 0.4963093 secs] [Times: user=2.27 sys=0.00, real=0.50 secs] 
4910.760: [GC (Allocation Failure) [PSYoungGen: 314368K->105152K(504320K)] 510128K->300912K(1902592K), 0.0799217 secs] [Times: user=0.47 sys=0.00, real=0.08 secs] 
4912.106: [GC (Allocation Failure) [PSYoungGen: 409674K->146624K(505856K)] 605434K->443409K(1904128K), 0.0491726 secs] [Times: user=0.29 sys=0.00, real=0.05 secs] 
4914.209: [GC (GCLocker Initiated GC) [PSYoungGen: 463552K->107648K(505344K)] 760337K->542113K(1903616K), 0.1667347 secs] [Times: user=0.99 sys=0.00, real=0.17 secs] 
4915.135: [GC (Allocation Failure) [PSYoungGen: 427136K->156064K(475648K)] 861603K->694820K(1873920K), 0.0860138 secs] [Times: user=0.51 sys=0.00, real=0.08 secs] 
4918.395: [GC (Allocation Failure) [PSYoungGen: 475552K->93792K(506880K)] 1014308K->788716K(1905152K), 0.1678305 secs] [Times: user=1.00 sys=0.00, real=0.17 secs] 
4919.357: [GC (Allocation Failure) [PSYoungGen: 408160K->155872K(470528K)] 1103084K->939096K(1868800K), 0.0611596 secs] [Times: user=0.36 sys=0.00, real=0.06 secs] 
4922.561: [GC (GCLocker Initiated GC) [PSYoungGen: 470240K->94272K(503296K)] 1253466K->1033578K(1901568K), 0.1649273 secs] [Times: user=0.97 sys=0.01, real=0.17 secs] 
4923.509: [GC (Allocation Failure) [PSYoungGen: 400448K->152512K(458752K)] 1339754K->1180043K(1857024K), 0.0550777 secs] [Times: user=0.33 sys=0.01, real=0.06 secs] 
4925.534: [GC (GCLocker Initiated GC) [PSYoungGen: 458688K->93024K(501248K)] 1486219K->1272995K(1899520K), 0.1560537 secs] [Times: user=0.93 sys=0.01, real=0.15 secs] 
4926.144: [GC (Allocation Failure) [PSYoungGen: 395104K->165888K(468480K)] 1575110K->1432963K(1866752K), 0.0550186 secs] [Times: user=0.32 sys=0.01, real=0.05 secs] 
4926.199: [Full GC (Ergonomics) [PSYoungGen: 165888K->0K(468480K)] [ParOldGen: 1267075K->214882K(1398272K)] 1432963K->214882K(1866752K), [Metaspace: 59586K->59586K(1105920K)], 0.5142542 secs] [Times: user=2.41 sys=0.00, real=0.52 secs] 
4929.767: [GC (Allocation Failure) [PSYoungGen: 302080K->89536K(494080K)] 516962K->304418K(1892352K), 0.0943953 secs] [Times: user=0.56 sys=0.00, real=0.10 secs] 
4930.121: [GC (Allocation Failure) [PSYoungGen: 364332K->135776K(424448K)] 579215K->434635K(1822720K), 0.0468441 secs] [Times: user=0.28 sys=0.00, real=0.04 secs] 
4931.887: [GC (Allocation Failure) [PSYoungGen: 424032K->92864K(490496K)] 722891K->518851K(1888768K), 0.0796016 secs] [Times: user=0.47 sys=0.00, real=0.08 secs] 
4933.281: [GC (Allocation Failure) [PSYoungGen: 382656K->137312K(488960K)] 808643K->653312K(1887232K), 0.0468958 secs] [Times: user=0.27 sys=0.00, real=0.04 secs] 
4935.186: [GC (Allocation Failure) [PSYoungGen: 427104K->96256K(496640K)] 943104K->741112K(1894912K), 0.0618269 secs] [Times: user=0.37 sys=0.00, real=0.06 secs] 
4936.630: [GC (Allocation Failure) [PSYoungGen: 398336K->143520K(496128K)] 1043192K->883469K(1894400K), 0.0670148 secs] [Times: user=0.40 sys=0.00, real=0.07 secs] 
4938.573: [GC (Allocation Failure) [PSYoungGen: 445600K->101984K(498688K)] 1185549K->977261K(1896960K), 0.0684281 secs] [Times: user=0.41 sys=0.00, real=0.07 secs] 
4941.097: [GC (Allocation Failure) [PSYoungGen: 411744K->142560K(501248K)] 1287021K->1118174K(1899520K), 0.0518608 secs] [Times: user=0.30 sys=0.01, real=0.05 secs] 
4942.671: [GC (Allocation Failure) [PSYoungGen: 452320K->108288K(500224K)] 1427934K->1217382K(1898496K), 0.0652898 secs] [Times: user=0.39 sys=0.00, real=0.06 secs] 
4943.918: [GC (Allocation Failure) [PSYoungGen: 423168K->146752K(503296K)] 1532262K->1363031K(1901568K), 0.0546194 secs] [Times: user=0.32 sys=0.00, real=0.06 secs] 
4946.246: [GC (Allocation Failure) [PSYoungGen: 461632K->107072K(505856K)] 1677911K->1461111K(1904128K), 0.0656069 secs] [Times: user=0.39 sys=0.00, real=0.07 secs] 
4946.312: [Full GC (Ergonomics) [PSYoungGen: 107072K->0K(505856K)] [ParOldGen: 1354039K->28869K(1398272K)] 1461111K->28869K(1904128K), [Metaspace: 59589K->59589K(1105920K)], 0.0566731 secs] [Times: user=0.19 sys=0.00, real=0.05 secs] 
4947.605: [GC (Allocation Failure) [PSYoungGen: 319488K->151392K(506880K)] 348357K->180261K(1905152K), 0.0436144 secs] [Times: user=0.26 sys=0.00, real=0.04 secs] 
4951.885: [GC (Allocation Failure) [PSYoungGen: 470880K->104096K(508416K)] 499749K->276149K(1906688K), 0.0774482 secs] [Times: user=0.46 sys=0.00, real=0.08 secs] 
4953.785: [GC (Allocation Failure) [PSYoungGen: 423072K->149632K(507392K)] 595125K->423710K(1905664K), 0.0516896 secs] [Times: user=0.30 sys=0.00, real=0.05 secs] 
4955.914: [GC (Allocation Failure) [PSYoungGen: 468608K->111584K(505344K)] 742686K->526510K(1903616K), 0.0942123 secs] [Times: user=0.56 sys=0.00, real=0.09 secs] 
4957.993: [GC (Allocation Failure) [PSYoungGen: 430560K->149920K(506368K)] 845486K->671259K(1904640K), 0.0799123 secs] [Times: user=0.47 sys=0.00, real=0.08 secs] 
4960.789: [GC (Allocation Failure) [PSYoungGen: 468896K->109024K(507904K)] 990235K->771699K(1906176K), 0.1289677 secs] [Times: user=0.77 sys=0.00, real=0.13 secs] 
4961.621: [GC (Allocation Failure) [PSYoungGen: 416009K->146272K(507904K)] 1078684K->914793K(1906176K), 0.0652313 secs] [Times: user=0.39 sys=0.00, real=0.07 secs] 
4964.765: [GC (Allocation Failure) [PSYoungGen: 466784K->106784K(507904K)] 1235305K->1012829K(1906176K), 0.1713608 secs] [Times: user=1.02 sys=0.00, real=0.17 secs] 
4966.061: [GC (Allocation Failure) [PSYoungGen: 429344K->157088K(479744K)] 1335389K->1166333K(1878016K), 0.0522825 secs] [Times: user=0.31 sys=0.00, real=0.05 secs] 
4968.695: [GC (GCLocker Initiated GC) [PSYoungGen: 479648K->98624K(507904K)] 1488894K->1265022K(1906176K), 0.1684995 secs] [Times: user=1.00 sys=0.00, real=0.17 secs] 
4969.494: [GC (Allocation Failure) [PSYoungGen: 414528K->156352K(472576K)] 1580928K->1416173K(1870848K), 0.0667562 secs] [Times: user=0.39 sys=0.00, real=0.06 secs] 
4969.561: [Full GC (Ergonomics) [PSYoungGen: 156352K->0K(472576K)] [ParOldGen: 1259821K->220019K(1398272K)] 1416173K->220019K(1870848K), [Metaspace: 59662K->59662K(1105920K)], 0.5303093 secs] [Times: user=2.49 sys=0.00, real=0.54 secs] 
4973.870: [GC (Allocation Failure) [PSYoungGen: 315904K->92160K(503808K)] 535923K->312179K(1902080K), 0.1128644 secs] [Times: user=0.67 sys=0.00, real=0.12 secs] 
4974.253: [GC (Allocation Failure) [PSYoungGen: 400384K->151936K(460288K)] 620403K->458260K(1858560K), 0.0543305 secs] [Times: user=0.32 sys=0.00, real=0.05 secs] 
4977.225: [GC (Allocation Failure) [PSYoungGen: 460160K->91168K(501760K)] 766484K->548704K(1900032K), 0.1536912 secs] [Times: user=0.91 sys=0.01, real=0.15 secs] 
4977.775: [GC (Allocation Failure) [PSYoungGen: 394784K->152032K(455680K)] 852320K->694769K(1853952K), 0.0538212 secs] [Times: user=0.32 sys=0.00, real=0.05 secs] 
4981.135: [GC (Allocation Failure) [PSYoungGen: 455648K->88384K(499200K)] 998385K->783081K(1897472K), 0.1320874 secs] [Times: user=0.79 sys=0.00, real=0.13 secs] 
4981.575: [GC (Allocation Failure) [PSYoungGen: 387392K->149536K(449024K)] 1082089K->926814K(1847296K), 0.0540365 secs] [Times: user=0.32 sys=0.00, real=0.05 secs] 
4984.755: [GC (Allocation Failure) [PSYoungGen: 448544K->86688K(498176K)] 1225822K->1013634K(1896448K), 0.1757965 secs] [Times: user=1.04 sys=0.01, real=0.18 secs] 
4985.530: [GC (Allocation Failure) [PSYoungGen: 377040K->140384K(437248K)] 1303986K->1150295K(1835520K), 0.0478699 secs] [Times: user=0.28 sys=0.00, real=0.05 secs] 
4989.447: [GC (GCLocker Initiated GC) [PSYoungGen: 436832K->94048K(498688K)] 1446744K->1235608K(1896960K), 0.1017095 secs] [Times: user=0.60 sys=0.00, real=0.10 secs] 
4991.245: [GC (Allocation Failure) [PSYoungGen: 393056K->143616K(496128K)] 1534664K->1375877K(1894400K), 0.0607717 secs] [Times: user=0.36 sys=0.00, real=0.06 secs] 
4991.306: [Full GC (Ergonomics) [PSYoungGen: 143616K->0K(496128K)] [ParOldGen: 1232261K->182886K(1398272K)] 1375877K->182886K(1894400K), [Metaspace: 59665K->59665K(1105920K)], 0.4464234 secs] [Times: user=2.09 sys=0.00, real=0.45 secs] 
4993.910: [GC (Allocation Failure) [PSYoungGen: 299008K->99168K(496128K)] 481894K->282054K(1894400K), 0.0318400 secs] [Times: user=0.18 sys=0.00, real=0.04 secs] 
4994.584: [GC (Allocation Failure) [PSYoungGen: 402784K->144864K(498176K)] 585670K->425427K(1896448K), 0.0570471 secs] [Times: user=0.34 sys=0.00, real=0.06 secs] 
4996.990: [GC (Allocation Failure) [PSYoungGen: 448480K->99776K(499712K)] 729043K->517035K(1897984K), 0.0667584 secs] [Times: user=0.39 sys=0.00, real=0.07 secs] 
4998.218: [GC (Allocation Failure) [PSYoungGen: 408000K->146112K(501248K)] 825259K->661008K(1899520K), 0.0505332 secs] [Times: user=0.30 sys=0.00, real=0.05 secs] 
5000.443: [GC (Allocation Failure) [PSYoungGen: 454336K->104192K(499712K)] 969232K->756512K(1897984K), 0.0817087 secs] [Times: user=0.49 sys=0.00, real=0.08 secs] 
5001.457: [GC (Allocation Failure) [PSYoungGen: 414976K->148928K(501760K)] 1067296K->903573K(1900032K), 0.0675614 secs] [Times: user=0.40 sys=0.00, real=0.07 secs] 
5003.955: [GC (Allocation Failure) [PSYoungGen: 459712K->103808K(504320K)] 1214357K->999301K(1902592K), 0.0747402 secs] [Times: user=0.44 sys=0.00, real=0.07 secs] 
5005.621: [GC (Allocation Failure) [PSYoungGen: 417152K->148928K(504320K)] 1312645K->1145950K(1902592K), 0.0658917 secs] [Times: user=0.39 sys=0.00, real=0.06 secs] 
5008.798: [GC (Allocation Failure) [PSYoungGen: 462272K->102272K(504832K)] 1459294K->1240094K(1903104K), 0.1657226 secs] [Times: user=0.98 sys=0.01, real=0.17 secs] 
5010.318: [GC (Allocation Failure) [PSYoungGen: 416128K->147648K(504832K)] 1553950K->1385091K(1903104K), 0.0517076 secs] [Times: user=0.30 sys=0.00, real=0.05 secs] 
5010.370: [Full GC (Ergonomics) [PSYoungGen: 147648K->0K(504832K)] [ParOldGen: 1237443K->182190K(1398272K)] 1385091K->182190K(1903104K), [Metaspace: 59665K->59665K(1105920K)], 0.4473166 secs] [Times: user=2.10 sys=0.00, real=0.45 secs] 
5012.922: [GC (Allocation Failure) [PSYoungGen: 313856K->107072K(502272K)] 496046K->289262K(1900544K), 0.0964302 secs] [Times: user=0.57 sys=0.00, real=0.09 secs] 
5013.936: [GC (Allocation Failure) [PSYoungGen: 421440K->151840K(503808K)] 603630K->437599K(1902080K), 0.0523862 secs] [Times: user=0.31 sys=0.00, real=0.05 secs] 
5016.404: [GC (Allocation Failure) [PSYoungGen: 466208K->104384K(506368K)] 751967K->533615K(1904640K), 0.1600207 secs] [Times: user=0.94 sys=0.00, real=0.16 secs] 
5018.054: [GC (Allocation Failure) [PSYoungGen: 419264K->152000K(466944K)] 848495K->681412K(1865216K), 0.0511452 secs] [Times: user=0.30 sys=0.00, real=0.05 secs] 
5021.026: [GC (Allocation Failure) [PSYoungGen: 466880K->104192K(507392K)] 996292K->777044K(1905664K), 0.1621392 secs] [Times: user=0.96 sys=0.01, real=0.16 secs] 
5022.350: [GC (Allocation Failure) [PSYoungGen: 415418K->148160K(504320K)] 1088270K->921341K(1902592K), 0.0517918 secs] [Times: user=0.30 sys=0.00, real=0.06 secs] 
5024.882: [GC (Allocation Failure) [PSYoungGen: 460992K->101216K(504320K)] 1234173K->1013553K(1902592K), 0.1604613 secs] [Times: user=0.96 sys=0.00, real=0.16 secs] 
5026.337: [GC (Allocation Failure) [PSYoungGen: 415072K->150560K(504832K)] 1327409K->1160186K(1903104K), 0.0503343 secs] [Times: user=0.29 sys=0.00, real=0.05 secs] 
5029.091: [GC (Allocation Failure) [PSYoungGen: 464416K->105728K(504832K)] 1474042K->1257034K(1903104K), 0.1693047 secs] [Times: user=1.01 sys=0.00, real=0.16 secs] 
5030.581: [GC (Allocation Failure) [PSYoungGen: 413263K->145088K(504832K)] 1564570K->1398491K(1903104K), 0.0520373 secs] [Times: user=0.31 sys=0.00, real=0.06 secs] 
5030.633: [Full GC (Ergonomics) [PSYoungGen: 145088K->0K(504832K)] [ParOldGen: 1253403K->196131K(1398272K)] 1398491K->196131K(1903104K), [Metaspace: 59665K->59665K(1105920K)], 0.4835497 secs] [Times: user=2.27 sys=0.00, real=0.48 secs] 
5033.147: [GC (Allocation Failure) [PSYoungGen: 313856K->107072K(502784K)] 509987K->303203K(1901056K), 0.0907870 secs] [Times: user=0.53 sys=0.00, real=0.09 secs] 
5034.637: [GC (Allocation Failure) [PSYoungGen: 409991K->144544K(504832K)] 606123K->443946K(1903104K), 0.0502471 secs] [Times: user=0.30 sys=0.00, real=0.05 secs] 
5037.632: [GC (Allocation Failure) [PSYoungGen: 460448K->105888K(504832K)] 759850K->540890K(1903104K), 0.1655072 secs] [Times: user=0.99 sys=0.00, real=0.16 secs] 
5038.808: [GC (Allocation Failure) [PSYoungGen: 417415K->145312K(506880K)] 852418K->682671K(1905152K), 0.0498290 secs] [Times: user=0.29 sys=0.00, real=0.05 secs] 
5040.840: [GC (Allocation Failure) [PSYoungGen: 465312K->111200K(506368K)] 1002671K->784683K(1904640K), 0.1422069 secs] [Times: user=0.84 sys=0.00, real=0.15 secs] 
5041.612: [GC (Allocation Failure) [PSYoungGen: 434784K->158304K(482304K)] 1108267K->939625K(1880576K), 0.0540871 secs] [Times: user=0.32 sys=0.00, real=0.05 secs] 
5045.134: [GC (Allocation Failure) [PSYoungGen: 481888K->97920K(508416K)] 1263209K->1037657K(1906688K), 0.1310010 secs] [Times: user=0.78 sys=0.00, real=0.13 secs] 
5045.626: [GC (Allocation Failure) [PSYoungGen: 414848K->157664K(474624K)] 1354585K->1189847K(1872896K), 0.0585338 secs] [Times: user=0.35 sys=0.00, real=0.06 secs] 
5048.797: [GC (Allocation Failure) [PSYoungGen: 474592K->94752K(504320K)] 1506775K->1284743K(1902592K), 0.1349904 secs] [Times: user=0.80 sys=0.00, real=0.14 secs] 
5050.091: [GC (Allocation Failure) [PSYoungGen: 403488K->154304K(463360K)] 1593479K->1433184K(1861632K), 0.1058782 secs] [Times: user=0.63 sys=0.00, real=0.11 secs] 
5050.197: [Full GC (Ergonomics) [PSYoungGen: 154304K->0K(463360K)] [ParOldGen: 1278880K->231039K(1398272K)] 1433184K->231039K(1861632K), [Metaspace: 59667K->59667K(1105920K)], 0.5831269 secs] [Times: user=2.77 sys=0.00, real=0.58 secs] 
5054.979: [GC (Allocation Failure) [PSYoungGen: 308733K->87648K(500224K)] 539772K->318687K(1898496K), 0.0741467 secs] [Times: user=0.43 sys=0.00, real=0.08 secs] 
5055.355: [GC (Allocation Failure) [PSYoungGen: 389216K->149440K(451072K)] 620255K->462396K(1849344K), 0.0539394 secs] [Times: user=0.32 sys=0.00, real=0.05 secs] 
5058.540: [GC (Allocation Failure) [PSYoungGen: 451008K->86368K(498688K)] 763964K->548636K(1896960K), 0.1230988 secs] [Times: user=0.74 sys=0.00, real=0.13 secs] 
5059.370: [GC (Allocation Failure) [PSYoungGen: 384864K->146592K(445440K)] 847132K->689613K(1843712K), 0.1471655 secs] [Times: user=0.88 sys=0.01, real=0.15 secs] 
5062.580: [GC (Allocation Failure) [PSYoungGen: 445088K->87136K(498688K)] 988109K->776813K(1896960K), 0.1432783 secs] [Times: user=0.79 sys=0.01, real=0.15 secs] 
5063.460: [GC (Allocation Failure) [PSYoungGen: 369358K->138400K(436224K)] 1059035K->911246K(1834496K), 0.0490199 secs] [Times: user=0.30 sys=0.00, real=0.05 secs] 
5065.858: [GC (Allocation Failure) [PSYoungGen: 435872K->97856K(499712K)] 1208718K->1000690K(1897984K), 0.1578333 secs] [Times: user=0.94 sys=0.00, real=0.16 secs] 
5067.192: [GC (Allocation Failure) [PSYoungGen: 398912K->145120K(496128K)] 1301746K->1142426K(1894400K), 0.0489101 secs] [Times: user=0.29 sys=0.00, real=0.05 secs] 
5069.915: [GC (Allocation Failure) [PSYoungGen: 446176K->99744K(498688K)] 1443482K->1233522K(1896960K), 0.1762068 secs] [Times: user=1.04 sys=0.00, real=0.18 secs] 
5073.045: [GC (Allocation Failure) [PSYoungGen: 406432K->155296K(462336K)] 1540210K->1384475K(1860608K), 0.0507260 secs] [Times: user=0.30 sys=0.00, real=0.05 secs] 
5073.096: [Full GC (Ergonomics) [PSYoungGen: 155296K->0K(462336K)] [ParOldGen: 1229179K->183843K(1398272K)] 1384475K->183843K(1860608K), [Metaspace: 59667K->59667K(1105920K)], 0.4459250 secs] [Times: user=2.07 sys=0.00, real=0.45 secs] 
5075.797: [GC (Allocation Failure) [PSYoungGen: 306688K->100512K(503296K)] 490531K->284355K(1901568K), 0.0512508 secs] [Times: user=0.31 sys=0.00, real=0.05 secs] 
5076.804: [GC (Allocation Failure) [PSYoungGen: 404640K->144960K(499712K)] 588483K->427020K(1897984K), 0.0506827 secs] [Times: user=0.30 sys=0.00, real=0.05 secs] 
5078.598: [GC (Allocation Failure) [PSYoungGen: 449088K->104416K(498688K)] 731148K->522564K(1896960K), 0.0666935 secs] [Times: user=0.40 sys=0.00, real=0.07 secs] 
5079.616: [GC (GCLocker Initiated GC) [PSYoungGen: 411104K->147360K(499712K)] 829252K->668293K(1897984K), 0.0552449 secs] [Times: user=0.32 sys=0.00, real=0.06 secs] 
5082.534: [GC (Allocation Failure) [PSYoungGen: 454048K->100640K(501760K)] 974984K->760792K(1900032K), 0.0970661 secs] [Times: user=0.57 sys=0.00, real=0.09 secs] 
5084.183: [GC (Allocation Failure) [PSYoungGen: 411424K->149568K(502784K)] 1071576K->908237K(1901056K), 0.1013599 secs] [Times: user=0.60 sys=0.00, real=0.10 secs] 
5086.669: [GC (Allocation Failure) [PSYoungGen: 460352K->104000K(503296K)] 1219021K->1004125K(1901568K), 0.1712511 secs] [Times: user=1.01 sys=0.01, real=0.17 secs] 
5088.828: [GC (Allocation Failure) [PSYoungGen: 415296K->146560K(503296K)] 1315421K->1147009K(1901568K), 0.0513873 secs] [Times: user=0.30 sys=0.00, real=0.05 secs] 
5090.809: [GC (Allocation Failure) [PSYoungGen: 457856K->105536K(501760K)] 1458305K->1243801K(1900032K), 0.1567879 secs] [Times: user=0.94 sys=0.00, real=0.16 secs] 
5092.925: [GC (Allocation Failure) [PSYoungGen: 418368K->150624K(503296K)] 1556633K->1390794K(1901568K), 0.0532029 secs] [Times: user=0.32 sys=0.00, real=0.05 secs] 
5092.979: [Full GC (Ergonomics) [PSYoungGen: 150624K->0K(503296K)] [ParOldGen: 1240170K->188302K(1398272K)] 1390794K->188302K(1901568K), [Metaspace: 59667K->59667K(1105920K)], 0.4645900 secs] [Times: user=2.14 sys=0.01, real=0.47 secs] 
5095.412: [GC (Allocation Failure) [PSYoungGen: 312832K->102080K(505856K)] 501134K->290382K(1904128K), 0.0978831 secs] [Times: user=0.58 sys=0.00, real=0.09 secs] 
5097.570: [GC (Allocation Failure) [PSYoungGen: 416448K->150240K(464896K)] 604750K->436555K(1863168K), 0.0503768 secs] [Times: user=0.30 sys=0.00, real=0.05 secs] 
5099.232: [GC (Allocation Failure) [PSYoungGen: 464608K->105728K(507904K)] 750923K->533363K(1906176K), 0.1588745 secs] [Times: user=0.95 sys=0.00, real=0.16 secs] 
5100.496: [GC (Allocation Failure) [PSYoungGen: 416851K->151680K(465920K)] 844486K->680791K(1864192K), 0.0509724 secs] [Times: user=0.31 sys=0.00, real=0.05 secs] 
5102.240: [GC (Allocation Failure) [PSYoungGen: 465536K->105408K(507392K)] 994647K->777531K(1905664K), 0.1262663 secs] [Times: user=0.75 sys=0.00, real=0.13 secs] 
5103.271: [GC (Allocation Failure) [PSYoungGen: 403014K->144800K(504320K)] 1075138K->918840K(1902592K), 0.0501077 secs] [Times: user=0.30 sys=0.00, real=0.05 secs] 
5105.598: [GC (Allocation Failure) [PSYoungGen: 457632K->103360K(504832K)] 1231672K->1013680K(1903104K), 0.1627977 secs] [Times: user=0.97 sys=0.00, real=0.17 secs] 
5106.212: [GC (Allocation Failure) [PSYoungGen: 405630K->146752K(504832K)] 1315951K->1157145K(1903104K), 0.0499376 secs] [Times: user=0.30 sys=0.00, real=0.05 secs] 
5109.101: [GC (Allocation Failure) [PSYoungGen: 462144K->103264K(506368K)] 1472537K->1252337K(1904640K), 0.1123929 secs] [Times: user=0.67 sys=0.00, real=0.11 secs] 
5110.207: [GC (Allocation Failure) [PSYoungGen: 407885K->146144K(506880K)] 1556959K->1395598K(1905152K), 0.0734051 secs] [Times: user=0.44 sys=0.00, real=0.07 secs] 
5110.280: [Full GC (Ergonomics) [PSYoungGen: 146144K->0K(506880K)] [ParOldGen: 1249454K->195504K(1398272K)] 1395598K->195504K(1905152K), [Metaspace: 59667K->59667K(1105920K)], 0.4884158 secs] [Times: user=2.28 sys=0.00, real=0.49 secs] 
5113.324: [GC (Allocation Failure) [PSYoungGen: 317952K->106976K(505344K)] 513456K->302480K(1903616K), 0.0989547 secs] [Times: user=0.58 sys=0.00, real=0.10 secs] 
5114.117: [GC (Allocation Failure) [PSYoungGen: 426464K->156000K(475648K)] 621968K->452949K(1873920K), 0.0514861 secs] [Times: user=0.30 sys=0.00, real=0.05 secs] 
5117.025: [GC (Allocation Failure) [PSYoungGen: 473752K->94528K(506880K)] 770701K->547373K(1905152K), 0.1623578 secs] [Times: user=0.96 sys=0.00, real=0.16 secs] 
5117.734: [GC (Allocation Failure) [PSYoungGen: 408384K->152128K(466432K)] 861229K->695762K(1864704K), 0.0551647 secs] [Times: user=0.33 sys=0.00, real=0.05 secs] 
5121.271: [GC (Allocation Failure) [PSYoungGen: 465984K->93344K(504320K)] 1009618K->788850K(1902592K), 0.1678475 secs] [Times: user=1.00 sys=0.01, real=0.17 secs] 
5122.185: [GC (Allocation Failure) [PSYoungGen: 402080K->153888K(462848K)] 1097586K->936715K(1861120K), 0.0547517 secs] [Times: user=0.32 sys=0.01, real=0.05 secs] 
5125.852: [GC (Allocation Failure) [PSYoungGen: 462624K->91648K(501248K)] 1245451K->1028431K(1899520K), 0.1775644 secs] [Times: user=1.06 sys=0.00, real=0.17 secs] 
5126.617: [GC (Allocation Failure) [PSYoungGen: 394240K->148128K(451072K)] 1331023K->1170970K(1849344K), 0.0532022 secs] [Times: user=0.31 sys=0.00, real=0.05 secs] 
5129.454: [GC (Allocation Failure) [PSYoungGen: 450154K->93024K(501248K)] 1472997K->1263142K(1899520K), 0.1513424 secs] [Times: user=0.90 sys=0.00, real=0.15 secs] 
5130.679: [GC (Allocation Failure) [PSYoungGen: 395104K->195616K(498176K)] 1565222K->1454887K(1896448K), 0.0556928 secs] [Times: user=0.33 sys=0.00, real=0.06 secs] 
5130.735: [Full GC (Ergonomics) [PSYoungGen: 195616K->0K(498176K)] [ParOldGen: 1259271K->204175K(1398272K)] 1454887K->204175K(1896448K), [Metaspace: 59667K->59667K(1105920K)], 0.4838850 secs] [Times: user=2.27 sys=0.00, real=0.48 secs] 
5133.164: [GC (Allocation Failure) [PSYoungGen: 302080K->89248K(469504K)] 506255K->293423K(1867776K), 0.1533624 secs] [Times: user=0.91 sys=0.00, real=0.15 secs] 
5134.115: [GC (Allocation Failure) [PSYoungGen: 358048K->129376K(483840K)] 562223K->418984K(1882112K), 0.0450567 secs] [Times: user=0.27 sys=0.00, real=0.04 secs] 
5135.456: [GC (Allocation Failure) [PSYoungGen: 398176K->89472K(472576K)] 687784K->499272K(1870848K), 0.0586256 secs] [Times: user=0.35 sys=0.00, real=0.06 secs] 
5136.466: [GC (Allocation Failure) [PSYoungGen: 365440K->127584K(481792K)] 775240K->625557K(1880064K), 0.0478906 secs] [Times: user=0.29 sys=0.00, real=0.05 secs] 
5138.410: [GC (Allocation Failure) [PSYoungGen: 403552K->113632K(479232K)] 901525K->730069K(1877504K), 0.0621260 secs] [Times: user=0.37 sys=0.00, real=0.07 secs] 
5139.906: [GC (Allocation Failure) [PSYoungGen: 407520K->114496K(487424K)] 1023957K->844269K(1885696K), 0.0724879 secs] [Times: user=0.43 sys=0.00, real=0.07 secs] 
5142.303: [GC (Allocation Failure) [PSYoungGen: 408384K->132928K(499200K)] 1138157K->967098K(1897472K), 0.0623756 secs] [Times: user=0.37 sys=0.00, real=0.06 secs] 
5144.850: [GC (Allocation Failure) [PSYoungGen: 450880K->107840K(503296K)] 1285050K->1074994K(1901568K), 0.0963952 secs] [Times: user=0.57 sys=0.00, real=0.10 secs] 
5146.068: [GC (Allocation Failure) [PSYoungGen: 425792K->140384K(512000K)] 1392946K->1204739K(1910272K), 0.0614655 secs] [Times: user=0.37 sys=0.00, real=0.06 secs] 
5147.741: [GC (Allocation Failure) [PSYoungGen: 471136K->126880K(457728K)] 1535491K->1331819K(1856000K), 0.0743131 secs] [Times: user=0.45 sys=0.00, real=0.07 secs] 
5149.765: [GC (Allocation Failure) [PSYoungGen: 457632K->2816K(491008K)] 1662571K->1207795K(1889280K), 0.0038104 secs] [Times: user=0.01 sys=0.01, real=0.00 secs] 
5151.765: [GC (Allocation Failure) [PSYoungGen: 315648K->140704K(453632K)] 1520627K->1347164K(1851904K), 0.0302887 secs] [Times: user=0.18 sys=0.00, real=0.03 secs] 
5151.796: [Full GC (Ergonomics) [PSYoungGen: 140704K->0K(453632K)] [ParOldGen: 1206460K->155604K(1398272K)] 1347164K->155604K(1851904K), [Metaspace: 59705K->59705K(1105920K)], 0.3731933 secs] [Times: user=1.72 sys=0.01, real=0.37 secs] 
5153.258: [GC (Allocation Failure) [PSYoungGen: 312832K->110784K(510464K)] 468436K->266388K(1908736K), 0.0402806 secs] [Times: user=0.24 sys=0.00, real=0.04 secs] 
5155.838: [GC (Allocation Failure) [PSYoungGen: 425152K->143808K(502784K)] 580756K->408505K(1901056K), 0.0593544 secs] [Times: user=0.35 sys=0.00, real=0.06 secs] 
5157.027: [GC (Allocation Failure) [PSYoungGen: 458176K->110304K(502272K)] 722873K->509825K(1900544K), 0.0651120 secs] [Times: user=0.39 sys=0.00, real=0.07 secs] 
5159.765: [GC (Allocation Failure) [PSYoungGen: 428768K->148064K(504320K)] 828289K->655694K(1902592K), 0.0543924 secs] [Times: user=0.32 sys=0.00, real=0.05 secs] 
5161.120: [GC (Allocation Failure) [PSYoungGen: 466528K->109344K(507392K)] 974158K->756038K(1905664K), 0.0660685 secs] [Times: user=0.39 sys=0.00, real=0.07 secs] 
5162.229: [GC (Allocation Failure) [PSYoungGen: 431904K->153760K(476672K)] 1078598K->908151K(1874944K), 0.0546920 secs] [Times: user=0.32 sys=0.00, real=0.06 secs] 
5165.253: [GC (Allocation Failure) [PSYoungGen: 476320K->110592K(512512K)] 1230711K->1010019K(1910784K), 0.0785562 secs] [Times: user=0.46 sys=0.00, real=0.08 secs] 
5166.556: [GC (Allocation Failure) [PSYoungGen: 431616K->152832K(474112K)] 1331043K->1159332K(1872384K), 0.0548422 secs] [Times: user=0.32 sys=0.00, real=0.05 secs] 
5168.714: [GC (Allocation Failure) [PSYoungGen: 473856K->109984K(511488K)] 1480356K->1260452K(1909760K), 0.1509796 secs] [Times: user=0.90 sys=0.00, real=0.15 secs] 
5169.403: [GC (Allocation Failure) [PSYoungGen: 429472K->184992K(504832K)] 1579940K->1442264K(1903104K), 0.0992455 secs] [Times: user=0.59 sys=0.00, real=0.10 secs] 
5169.502: [Full GC (Ergonomics) [PSYoungGen: 184992K->0K(504832K)] [ParOldGen: 1257272K->207724K(1398272K)] 1442264K->207724K(1903104K), [Metaspace: 59705K->59705K(1105920K)], 0.5154528 secs] [Times: user=2.43 sys=0.00, real=0.51 secs] 
5172.856: [GC (Allocation Failure) [PSYoungGen: 319488K->97856K(489472K)] 527212K->305580K(1887744K), 0.1601333 secs] [Times: user=0.95 sys=0.00, real=0.16 secs] 
5173.351: [GC (Allocation Failure) [PSYoungGen: 393280K->147872K(443392K)] 601004K->447585K(1841664K), 0.0532953 secs] [Times: user=0.32 sys=0.00, real=0.06 secs] 
5176.542: [GC (Allocation Failure) [PSYoungGen: 443296K->85696K(496640K)] 743009K->533245K(1894912K), 0.1590504 secs] [Times: user=0.95 sys=0.00, real=0.15 secs] 
5177.432: [GC (Allocation Failure) [PSYoungGen: 377138K->142784K(437248K)] 824687K->672638K(1835520K), 0.0479465 secs] [Times: user=0.29 sys=0.01, real=0.04 secs] 
5180.091: [GC (Allocation Failure) [PSYoungGen: 437184K->93376K(497664K)] 967038K->757822K(1895936K), 0.1542468 secs] [Times: user=0.92 sys=0.00, real=0.15 secs] 
5182.283: [GC (Allocation Failure) [PSYoungGen: 389824K->144800K(495616K)] 1054270K->898187K(1893888K), 0.0467994 secs] [Times: user=0.28 sys=0.00, real=0.04 secs] 
5183.737: [GC (Allocation Failure) [PSYoungGen: 441248K->95520K(495616K)] 1194635K->984987K(1893888K), 0.0965308 secs] [Times: user=0.56 sys=0.01, real=0.10 secs] 
5186.210: [GC (Allocation Failure) [PSYoungGen: 395040K->140736K(497152K)] 1284507K->1122608K(1895424K), 0.0482042 secs] [Times: user=0.29 sys=0.00, real=0.05 secs] 
5187.362: [GC (Allocation Failure) [PSYoungGen: 440256K->104160K(492544K)] 1422128K->1217520K(1890816K), 0.0626120 secs] [Times: user=0.37 sys=0.00, real=0.06 secs] 
5188.901: [GC (Allocation Failure) [PSYoungGen: 408288K->142272K(497152K)] 1521648K->1358224K(1895424K), 0.0516843 secs] [Times: user=0.31 sys=0.00, real=0.06 secs] 
5188.952: [Full GC (Ergonomics) [PSYoungGen: 142272K->0K(497152K)] [ParOldGen: 1215952K->165920K(1398272K)] 1358224K->165920K(1895424K), [Metaspace: 59705K->59705K(1105920K)], 0.3964307 secs] [Times: user=1.84 sys=0.00, real=0.39 secs] 
5192.309: [GC (Allocation Failure) [PSYoungGen: 304128K->103456K(499200K)] 470048K->269376K(1897472K), 0.0367904 secs] [Times: user=0.22 sys=0.00, real=0.04 secs] 
5194.283: [GC (Allocation Failure) [PSYoungGen: 415776K->141920K(502272K)] 581696K->409557K(1900544K), 0.0530415 secs] [Times: user=0.31 sys=0.00, real=0.05 secs] 
5195.518: [GC (GCLocker Initiated GC) [PSYoungGen: 454240K->111488K(500224K)] 721877K->511205K(1898496K), 0.0650531 secs] [Times: user=0.39 sys=0.00, real=0.07 secs] 
5196.928: [GC (Allocation Failure) [PSYoungGen: 429952K->149568K(504320K)] 829717K->659406K(1902592K), 0.0546393 secs] [Times: user=0.32 sys=0.00, real=0.06 secs] 
5199.373: [GC (Allocation Failure) [PSYoungGen: 468032K->108896K(508928K)] 977870K->759814K(1907200K), 0.0692736 secs] [Times: user=0.41 sys=0.00, real=0.07 secs] 
5201.508: [GC (Allocation Failure) [PSYoungGen: 431968K->152192K(475648K)] 1082886K->909688K(1873920K), 0.0530017 secs] [Times: user=0.32 sys=0.00, real=0.06 secs] 
5203.975: [GC (Allocation Failure) [PSYoungGen: 475264K->110528K(512000K)] 1232760K->1011664K(1910272K), 0.1655296 secs] [Times: user=0.99 sys=0.00, real=0.16 secs] 
5205.571: [GC (Allocation Failure) [PSYoungGen: 429019K->151712K(508416K)] 1330155K->1159681K(1906688K), 0.0532729 secs] [Times: user=0.32 sys=0.00, real=0.06 secs] 
5208.346: [GC (Allocation Failure) [PSYoungGen: 473248K->110880K(508416K)] 1481217K->1261529K(1906688K), 0.1605238 secs] [Times: user=0.96 sys=0.01, real=0.16 secs] 
5209.947: [GC (Allocation Failure) [PSYoungGen: 432416K->153952K(475648K)] 1583065K->1411050K(1873920K), 0.0535138 secs] [Times: user=0.32 sys=0.00, real=0.05 secs] 
5210.000: [Full GC (Ergonomics) [PSYoungGen: 153952K->0K(475648K)] [ParOldGen: 1257098K->208807K(1398272K)] 1411050K->208807K(1873920K), [Metaspace: 59705K->59705K(1105920K)], 0.4971912 secs] [Times: user=2.33 sys=0.00, real=0.50 secs] 
5213.669: [GC (Allocation Failure) [PSYoungGen: 321536K->101376K(508928K)] 530343K->310183K(1907200K), 0.1427894 secs] [Times: user=0.85 sys=0.00, real=0.15 secs] 
5214.543: [GC (Allocation Failure) [PSYoungGen: 418816K->158688K(476160K)] 627623K->458488K(1874432K), 0.0545644 secs] [Times: user=0.33 sys=0.00, real=0.05 secs] 
5217.853: [GC (Allocation Failure) [PSYoungGen: 476128K->96416K(504320K)] 775928K->555032K(1902592K), 0.1583374 secs] [Times: user=0.94 sys=0.00, real=0.16 secs] 
5218.259: [GC (Allocation Failure) [PSYoungGen: 405152K->153344K(462336K)] 863768K->702645K(1860608K), 0.0561405 secs] [Times: user=0.33 sys=0.00, real=0.06 secs] 
5220.918: [GC (Allocation Failure) [PSYoungGen: 462080K->92992K(501760K)] 1011381K->795405K(1900032K), 0.1434116 secs] [Times: user=0.85 sys=0.00, real=0.15 secs] 
5221.336: [GC (Allocation Failure) [PSYoungGen: 397120K->152512K(456704K)] 1099533K->942090K(1854976K), 0.0548682 secs] [Times: user=0.33 sys=0.00, real=0.05 secs] 
5224.342: [GC (Allocation Failure) [PSYoungGen: 456640K->90464K(499712K)] 1246218K->1032730K(1897984K), 0.1607363 secs] [Times: user=0.96 sys=0.00, real=0.16 secs] 
5224.754: [GC (Allocation Failure) [PSYoungGen: 389984K->148640K(448512K)] 1332250K->1175419K(1846784K), 0.0541255 secs] [Times: user=0.33 sys=0.00, real=0.05 secs] 
5228.027: [GC (Allocation Failure) [PSYoungGen: 448160K->87712K(498688K)] 1474939K->1262907K(1896960K), 0.1692842 secs] [Times: user=1.01 sys=0.01, real=0.17 secs] 
5228.645: [GC (Allocation Failure) [PSYoungGen: 385696K->147904K(445952K)] 1560891K->1405004K(1844224K), 0.0533238 secs] [Times: user=0.32 sys=0.00, real=0.05 secs] 
5228.699: [Full GC (Ergonomics) [PSYoungGen: 147904K->0K(445952K)] [ParOldGen: 1257100K->210722K(1398272K)] 1405004K->210722K(1844224K), [Metaspace: 59705K->59705K(1105920K)], 0.5056968 secs] [Times: user=2.38 sys=0.00, real=0.51 secs] 
5231.753: [GC (Allocation Failure) [PSYoungGen: 297984K->86976K(498176K)] 508706K->297698K(1896448K), 0.1471424 secs] [Times: user=0.88 sys=0.00, real=0.14 secs] 
5233.080: [GC (Allocation Failure) [PSYoungGen: 380084K->140320K(437248K)] 590806K->434311K(1835520K), 0.0468831 secs] [Times: user=0.28 sys=0.00, real=0.05 secs] 
5234.716: [GC (Allocation Failure) [PSYoungGen: 436768K->100864K(500224K)] 730759K->526683K(1898496K), 0.1064472 secs] [Times: user=0.63 sys=0.00, real=0.11 secs] 
5236.133: [GC (Allocation Failure) [PSYoungGen: 401408K->143616K(496128K)] 827227K->663904K(1894400K), 0.0475662 secs] [Times: user=0.29 sys=0.00, real=0.04 secs] 
5237.807: [GC (Allocation Failure) [PSYoungGen: 444160K->100928K(499200K)] 964448K->755672K(1897472K), 0.1026792 secs] [Times: user=0.60 sys=0.00, real=0.10 secs] 
5238.576: [GC (Allocation Failure) [PSYoungGen: 407616K->146752K(499712K)] 1062360K->899425K(1897984K), 0.0655981 secs] [Times: user=0.39 sys=0.00, real=0.07 secs] 
5240.582: [GC (Allocation Failure) [PSYoungGen: 453440K->103808K(500224K)] 1206113K->994689K(1898496K), 0.0992842 secs] [Times: user=0.60 sys=0.01, real=0.10 secs] 
5242.033: [GC (Allocation Failure) [PSYoungGen: 414080K->147744K(501760K)] 1304961K->1139723K(1900032K), 0.0515264 secs] [Times: user=0.31 sys=0.00, real=0.05 secs] 
5245.451: [GC (Allocation Failure) [PSYoungGen: 458016K->102144K(503296K)] 1449995K->1233475K(1901568K), 0.1798102 secs] [Times: user=1.07 sys=0.00, real=0.18 secs] 
5247.540: [GC (Allocation Failure) [PSYoungGen: 414976K->148032K(503808K)] 1546307K->1377375K(1902080K), 0.0504434 secs] [Times: user=0.30 sys=0.00, real=0.05 secs] 
5247.590: [Full GC (Ergonomics) [PSYoungGen: 148032K->0K(503808K)] [ParOldGen: 1229343K->184276K(1398272K)] 1377375K->184276K(1902080K), [Metaspace: 59705K->59705K(1105920K)], 0.4494335 secs] [Times: user=2.10 sys=0.00, real=0.45 secs] 
5249.417: [GC (Allocation Failure) [PSYoungGen: 312832K->105120K(503808K)] 497108K->289396K(1902080K), 0.0515313 secs] [Times: user=0.30 sys=0.00, real=0.05 secs] 
5251.568: [GC (Allocation Failure) [PSYoungGen: 418976K->149760K(504320K)] 603252K->435105K(1902592K), 0.0516591 secs] [Times: user=0.30 sys=0.00, real=0.05 secs] 
5253.228: [GC (Allocation Failure) [PSYoungGen: 463616K->107456K(504320K)] 748961K->533401K(1902592K), 0.1373370 secs] [Times: user=0.82 sys=0.00, real=0.14 secs] 
5254.215: [GC (Allocation Failure) [PSYoungGen: 422336K->151392K(504832K)] 848281K->681406K(1903104K), 0.0523715 secs] [Times: user=0.31 sys=0.00, real=0.05 secs] 
5256.092: [GC (GCLocker Initiated GC) [PSYoungGen: 466272K->105728K(505856K)] 996286K->778686K(1904128K), 0.1485383 secs] [Times: user=0.88 sys=0.01, real=0.14 secs] 
5257.647: [GC (Allocation Failure) [PSYoungGen: 420608K->140832K(505344K)] 1109952K->932741K(1903616K), 0.2680956 secs] [Times: user=1.53 sys=0.00, real=0.27 secs] 
5262.654: [GC (Allocation Failure) [PSYoungGen: 455712K->94144K(507392K)] 1247621K->1027157K(1905664K), 0.4364798 secs] [Times: user=2.62 sys=0.01, real=0.43 secs] 
5264.172: [GC (Allocation Failure) [PSYoungGen: 412608K->155968K(474624K)] 1345621K->1177102K(1872896K), 0.0551501 secs] [Times: user=0.32 sys=0.00, real=0.05 secs] 
5266.409: [GC (Allocation Failure) [PSYoungGen: 474432K->97600K(506368K)] 1495566K->1274594K(1904640K), 0.1719543 secs] [Times: user=1.02 sys=0.01, real=0.18 secs] 
5266.909: [GC (Allocation Failure) [PSYoungGen: 409408K->154592K(466432K)] 1586402K->1423302K(1864704K), 0.0561572 secs] [Times: user=0.34 sys=0.00, real=0.06 secs] 
5266.965: [Full GC (Ergonomics) [PSYoungGen: 154592K->0K(466432K)] [ParOldGen: 1268710K->220788K(1398272K)] 1423302K->220788K(1864704K), [Metaspace: 59705K->59705K(1105920K)], 0.5247008 secs] [Times: user=2.46 sys=0.00, real=0.52 secs] 
5270.716: [GC (Allocation Failure) [PSYoungGen: 311808K->94048K(503296K)] 532596K->314836K(1901568K), 0.1030910 secs] [Times: user=0.61 sys=0.00, real=0.10 secs] 
5271.707: [GC (GCLocker Initiated GC) [PSYoungGen: 400224K->148640K(455168K)] 621013K->457793K(1853440K), 0.1340778 secs] [Times: user=0.80 sys=0.00, real=0.14 secs] 
5274.492: [GC (Allocation Failure) [PSYoungGen: 454816K->93888K(502784K)] 763972K->551148K(1901056K), 0.0885730 secs] [Times: user=0.53 sys=0.01, real=0.08 secs] 
5275.428: [GC (Allocation Failure) [PSYoungGen: 398528K->149280K(454144K)] 855788K->695192K(1852416K), 0.1059939 secs] [Times: user=0.64 sys=0.00, real=0.11 secs] 
5277.800: [GC (Allocation Failure) [PSYoungGen: 453920K->91872K(501760K)] 999832K->787161K(1900032K), 0.1066922 secs] [Times: user=0.63 sys=0.00, real=0.11 secs] 
5279.221: [GC (Allocation Failure) [PSYoungGen: 394976K->148736K(452096K)] 1090265K->930609K(1850368K), 0.1414323 secs] [Times: user=0.85 sys=0.00, real=0.14 secs] 
5281.845: [GC (Allocation Failure) [PSYoungGen: 451840K->90656K(501248K)] 1233713K->1021073K(1899520K), 0.0992500 secs] [Times: user=0.59 sys=0.00, real=0.10 secs] 
5282.630: [GC (Allocation Failure) [PSYoungGen: 392224K->150208K(452096K)] 1322641K->1165778K(1850368K), 0.0703948 secs] [Times: user=0.42 sys=0.00, real=0.07 secs] 
5285.651: [GC (Allocation Failure) [PSYoungGen: 451363K->88064K(499712K)] 1466933K->1254018K(1897984K), 0.1660288 secs] [Times: user=0.99 sys=0.00, real=0.16 secs] 
5286.365: [GC (Allocation Failure) [PSYoungGen: 387072K->163008K(462336K)] 1553026K->1413180K(1860608K), 0.0530319 secs] [Times: user=0.31 sys=0.00, real=0.05 secs] 
5286.418: [Full GC (Ergonomics) [PSYoungGen: 163008K->0K(462336K)] [ParOldGen: 1250172K->204127K(1398272K)] 1413180K->204127K(1860608K), [Metaspace: 59705K->59705K(1105920K)], 0.4871015 secs] [Times: user=2.28 sys=0.00, real=0.49 secs] 
5289.744: [GC (Allocation Failure) [PSYoungGen: 299008K->87456K(493568K)] 503135K->291583K(1891840K), 0.1543432 secs] [Times: user=0.92 sys=0.00, real=0.15 secs] 
5290.273: [GC (Allocation Failure) [PSYoungGen: 373664K->137952K(424448K)] 577791K->426508K(1822720K), 0.0477249 secs] [Times: user=0.28 sys=0.00, real=0.04 secs] 
5293.456: [GC (Allocation Failure) [PSYoungGen: 424160K->90080K(492032K)] 712716K->508100K(1890304K), 0.0696166 secs] [Times: user=0.42 sys=0.00, real=0.07 secs] 
5294.716: [GC (Allocation Failure) [PSYoungGen: 378848K->136384K(489472K)] 796868K->642653K(1887744K), 0.0795317 secs] [Times: user=0.47 sys=0.00, real=0.08 secs] 
5297.395: [GC (Allocation Failure) [PSYoungGen: 425152K->99200K(494592K)] 931421K->733461K(1892864K), 0.0636753 secs] [Times: user=0.38 sys=0.00, real=0.06 secs] 
5298.763: [GC (Allocation Failure) [PSYoungGen: 397696K->137504K(493568K)] 1031957K->870158K(1891840K), 0.1269226 secs] [Times: user=0.76 sys=0.00, real=0.12 secs] 
5301.094: [GC (Allocation Failure) [PSYoungGen: 436000K->109664K(495616K)] 1168654K->971526K(1893888K), 0.0642340 secs] [Times: user=0.38 sys=0.01, real=0.06 secs] 
5303.134: [GC (Allocation Failure) [PSYoungGen: 419424K->135360K(498688K)] 1281286K->1105539K(1896960K), 0.0575970 secs] [Times: user=0.34 sys=0.00, real=0.06 secs] 
5304.715: [GC (Allocation Failure) [PSYoungGen: 445120K->2816K(484352K)] 1415299K->973091K(1882624K), 0.0034112 secs] [Times: user=0.02 sys=0.00, real=0.00 secs] 
5306.432: [GC (Allocation Failure) [PSYoungGen: 299264K->127808K(497664K)] 1269539K->1099335K(1895936K), 0.0266936 secs] [Times: user=0.15 sys=0.00, real=0.02 secs] 
5308.021: [GC (Allocation Failure) [PSYoungGen: 424256K->119136K(483840K)] 1395783K->1208839K(1882112K), 0.0640291 secs] [Times: user=0.38 sys=0.00, real=0.07 secs] 
5309.054: [GC (Allocation Failure) [PSYoungGen: 418144K->120992K(492032K)] 1507847K->1329960K(1890304K), 0.0788876 secs] [Times: user=0.46 sys=0.01, real=0.08 secs] 
5309.133: [Full GC (Ergonomics) [PSYoungGen: 120992K->0K(492032K)] [ParOldGen: 1208967K->134452K(1398272K)] 1329960K->134452K(1890304K), [Metaspace: 59705K->59705K(1105920K)], 0.3160799 secs] [Times: user=1.46 sys=0.00, real=0.31 secs] 
5311.080: [GC (Allocation Failure) [PSYoungGen: 299008K->126976K(497152K)] 433460K->261428K(1895424K), 0.0460181 secs] [Times: user=0.28 sys=0.00, real=0.05 secs] 
5313.117: [GC (Allocation Failure) [PSYoungGen: 444416K->121440K(503296K)] 578868K->383096K(1901568K), 0.0784399 secs] [Times: user=0.47 sys=0.01, real=0.08 secs] 
5314.784: [GC (Allocation Failure) [PSYoungGen: 438880K->126592K(507392K)] 700536K->499119K(1905664K), 0.0615034 secs] [Times: user=0.37 sys=0.00, real=0.06 secs] 
5316.985: [GC (Allocation Failure) [PSYoungGen: 458368K->138240K(510976K)] 830895K->637503K(1909248K), 0.0639492 secs] [Times: user=0.38 sys=0.01, real=0.06 secs] 
5319.161: [GC (Allocation Failure) [PSYoungGen: 470016K->8480K(493056K)] 969279K->507767K(1891328K), 0.0030439 secs] [Times: user=0.01 sys=0.00, real=0.00 secs] 
5320.242: [GC (Allocation Failure) [PSYoungGen: 320288K->144896K(457216K)] 819575K->651260K(1855488K), 0.0413157 secs] [Times: user=0.25 sys=0.00, real=0.04 secs] 
5323.019: [GC (Allocation Failure) [PSYoungGen: 456704K->107008K(508416K)] 963068K->749896K(1906688K), 0.0642625 secs] [Times: user=0.38 sys=0.00, real=0.07 secs] 
5325.533: [GC (Allocation Failure) [PSYoungGen: 416768K->142144K(500224K)] 1059656K->890377K(1898496K), 0.0528444 secs] [Times: user=0.31 sys=0.00, real=0.05 secs] 
5327.725: [GC (Allocation Failure) [PSYoungGen: 451904K->105984K(499200K)] 1200137K->987357K(1897472K), 0.0646317 secs] [Times: user=0.38 sys=0.00, real=0.06 secs] 
5328.552: [GC (Allocation Failure) [PSYoungGen: 419840K->146464K(501760K)] 1301213K->1132710K(1900032K), 0.0537251 secs] [Times: user=0.32 sys=0.00, real=0.05 secs] 
5330.978: [GC (Allocation Failure) [PSYoungGen: 460320K->105248K(504320K)] 1446566K->1229838K(1902592K), 0.0653412 secs] [Times: user=0.39 sys=0.00, real=0.07 secs] 
5332.369: [GC (Allocation Failure) [PSYoungGen: 423712K->152256K(505344K)] 1548302K->1380552K(1903616K), 0.0574000 secs] [Times: user=0.34 sys=0.00, real=0.06 secs] 
5332.427: [Full GC (Ergonomics) [PSYoungGen: 152256K->0K(505344K)] [ParOldGen: 1228296K->178117K(1398272K)] 1380552K->178117K(1903616K), [Metaspace: 59705K->59705K(1105920K)], 0.4290904 secs] [Times: user=1.97 sys=0.00, real=0.43 secs] 
5335.190: [GC (Allocation Failure) [PSYoungGen: 318464K->105152K(506880K)] 496581K->283269K(1905152K), 0.0481763 secs] [Times: user=0.28 sys=0.00, real=0.05 secs] 
5336.154: [GC (Allocation Failure) [PSYoungGen: 422080K->160672K(477696K)] 600197K->442074K(1875968K), 0.0542239 secs] [Times: user=0.32 sys=0.00, real=0.05 secs] 
5338.591: [GC (Allocation Failure) [PSYoungGen: 477600K->103136K(505856K)] 759002K->528882K(1904128K), 0.1211316 secs] [Times: user=0.72 sys=0.00, real=0.13 secs] 
5340.152: [GC (Allocation Failure) [PSYoungGen: 411872K->150880K(501760K)] 837618K->676423K(1900032K), 0.0727372 secs] [Times: user=0.43 sys=0.00, real=0.07 secs] 
5342.225: [GC (Allocation Failure) [PSYoungGen: 459616K->100928K(502272K)] 985159K->769195K(1900544K), 0.1501051 secs] [Times: user=0.89 sys=0.00, real=0.15 secs] 
5344.350: [GC (Allocation Failure) [PSYoungGen: 409152K->146144K(501760K)] 1077419K->911668K(1900032K), 0.0499795 secs] [Times: user=0.30 sys=0.00, real=0.05 secs] 
5346.571: [GC (Allocation Failure) [PSYoungGen: 454368K->101568K(500224K)] 1219892K->1004424K(1898496K), 0.1330838 secs] [Times: user=0.79 sys=0.00, real=0.14 secs] 
5348.214: [GC (Allocation Failure) [PSYoungGen: 411328K->148960K(501760K)] 1314184K->1149541K(1900032K), 0.0514352 secs] [Times: user=0.31 sys=0.00, real=0.05 secs] 
5350.013: [GC (Allocation Failure) [PSYoungGen: 458720K->102688K(503808K)] 1459301K->1243373K(1902080K), 0.1582265 secs] [Times: user=0.89 sys=0.00, real=0.15 secs] 
5352.391: [GC (Allocation Failure) [PSYoungGen: 414496K->147520K(503808K)] 1555181K->1386602K(1902080K), 0.0512526 secs] [Times: user=0.31 sys=0.00, real=0.06 secs] 
5352.442: [Full GC (Ergonomics) [PSYoungGen: 147520K->0K(503808K)] [ParOldGen: 1239082K->184298K(1398272K)] 1386602K->184298K(1902080K), [Metaspace: 59705K->59705K(1105920K)], 0.4528917 secs] [Times: user=2.12 sys=0.00, real=0.45 secs] 
5354.649: [GC (Allocation Failure) [PSYoungGen: 311808K->106336K(501248K)] 496106K->290634K(1899520K), 0.0723189 secs] [Times: user=0.43 sys=0.00, real=0.08 secs] 
5356.348: [GC (Allocation Failure) [PSYoungGen: 418656K->148768K(502784K)] 602954K->435307K(1901056K), 0.0519985 secs] [Times: user=0.31 sys=0.00, real=0.05 secs] 
5358.117: [GC (Allocation Failure) [PSYoungGen: 461088K->108736K(503296K)] 747627K->535159K(1901568K), 0.1030258 secs] [Times: user=0.61 sys=0.00, real=0.10 secs] 
5359.186: [GC (Allocation Failure) [PSYoungGen: 421744K->151424K(504320K)] 848168K->681121K(1902592K), 0.0520225 secs] [Times: user=0.31 sys=0.00, real=0.05 secs] 
5362.118: [GC (Allocation Failure) [PSYoungGen: 466304K->102368K(506880K)] 996001K->775201K(1905152K), 0.1653090 secs] [Times: user=0.98 sys=0.00, real=0.17 secs] 
5362.891: [GC (Allocation Failure) [PSYoungGen: 411937K->148640K(505856K)] 1084770K->920103K(1904128K), 0.0496354 secs] [Times: user=0.29 sys=0.00, real=0.04 secs] 
5365.208: [GC (Allocation Failure) [PSYoungGen: 464032K->105760K(504832K)] 1235495K->1017395K(1903104K), 0.1709607 secs] [Times: user=1.01 sys=0.01, real=0.17 secs] 
5366.838: [GC (Allocation Failure) [PSYoungGen: 414643K->145696K(505344K)] 1326279K->1158980K(1903616K), 0.0509809 secs] [Times: user=0.30 sys=0.00, real=0.05 secs] 
5369.635: [GC (Allocation Failure) [PSYoungGen: 461088K->105856K(504320K)] 1474372K->1255796K(1902592K), 0.1180881 secs] [Times: user=0.70 sys=0.00, real=0.12 secs] 
5370.570: [GC (GCLocker Initiated GC) [PSYoungGen: 423296K->153248K(505856K)] 1573236K->1405941K(1904128K), 0.0843657 secs] [Times: user=0.50 sys=0.00, real=0.09 secs] 
5370.655: [Full GC (Ergonomics) [PSYoungGen: 153248K->0K(505856K)] [ParOldGen: 1252693K->204863K(1398272K)] 1405941K->204863K(1904128K), [Metaspace: 59705K->59705K(1105920K)], 0.4895249 secs] [Times: user=2.30 sys=0.00, real=0.49 secs] 
5375.596: [GC (Allocation Failure) [PSYoungGen: 317440K->93408K(506880K)] 522305K->298274K(1905152K), 0.1818451 secs] [Times: user=1.09 sys=0.00, real=0.18 secs] 
5377.292: [GC (Allocation Failure) [PSYoungGen: 407776K->151712K(466432K)] 612642K->445562K(1864704K), 0.0537384 secs] [Times: user=0.32 sys=0.01, real=0.05 secs] 
5379.137: [GC (Allocation Failure) [PSYoungGen: 466080K->103008K(506368K)] 759930K->548463K(1904640K), 0.1530190 secs] [Times: user=0.92 sys=0.00, real=0.15 secs] 
5379.885: [GC (Allocation Failure) [PSYoungGen: 413792K->152320K(463360K)] 859247K->690823K(1861632K), 0.0555597 secs] [Times: user=0.33 sys=0.00, real=0.05 secs] 
5382.508: [GC (GCLocker Initiated GC) [PSYoungGen: 463104K->93504K(503808K)] 1001608K->783460K(1902080K), 0.1699264 secs] [Times: user=1.01 sys=0.00, real=0.17 secs] 
5383.557: [GC (Allocation Failure) [PSYoungGen: 401216K->151584K(459776K)] 1091175K->929088K(1858048K), 0.0536383 secs] [Times: user=0.32 sys=0.00, real=0.05 secs] 
5385.461: [GC (Allocation Failure) [PSYoungGen: 459296K->95392K(502784K)] 1236800K->1024184K(1901056K), 0.1592361 secs] [Times: user=0.95 sys=0.00, real=0.16 secs] 
5386.189: [GC (Allocation Failure) [PSYoungGen: 400032K->150304K(455168K)] 1328824K->1168909K(1853440K), 0.0551827 secs] [Times: user=0.33 sys=0.00, real=0.06 secs] 
5388.735: [GC (Allocation Failure) [PSYoungGen: 454944K->91712K(501248K)] 1473549K->1260501K(1899520K), 0.1443809 secs] [Times: user=0.86 sys=0.00, real=0.14 secs] 
5389.666: [GC (Allocation Failure) [PSYoungGen: 393792K->148576K(451072K)] 1562581K->1403674K(1849344K), 0.0918049 secs] [Times: user=0.54 sys=0.01, real=0.09 secs] 
5389.758: [Full GC (Ergonomics) [PSYoungGen: 148576K->0K(451072K)] [ParOldGen: 1255098K->210010K(1398272K)] 1403674K->210010K(1849344K), [Metaspace: 59705K->59705K(1105920K)], 0.5174509 secs] [Times: user=2.43 sys=0.00, real=0.52 secs] 
5393.046: [GC (Allocation Failure) [PSYoungGen: 302080K->90208K(500736K)] 512090K->300218K(1899008K), 0.1485622 secs] [Times: user=0.88 sys=0.01, real=0.15 secs] 
5394.165: [GC (Allocation Failure) [PSYoungGen: 380175K->137952K(439296K)] 590185K->434035K(1837568K), 0.0482338 secs] [Times: user=0.29 sys=0.00, real=0.05 secs] 
5396.573: [GC (Allocation Failure) [PSYoungGen: 439008K->100128K(500736K)] 735091K->525827K(1899008K), 0.1717239 secs] [Times: user=1.02 sys=0.01, real=0.17 secs] 
5398.849: [GC (Allocation Failure) [PSYoungGen: 404256K->145824K(497664K)] 829955K->667832K(1895936K), 0.0481486 secs] [Times: user=0.28 sys=0.00, real=0.05 secs] 
5401.603: [GC (Allocation Failure) [PSYoungGen: 449952K->97792K(501760K)] 971960K->757308K(1900032K), 0.1065789 secs] [Times: user=0.63 sys=0.00, real=0.10 secs] 
5403.173: [GC (Allocation Failure) [PSYoungGen: 408064K->147840K(502784K)] 1067580K->901688K(1901056K), 0.0485862 secs] [Times: user=0.29 sys=0.00, real=0.05 secs] 
5405.548: [GC (Allocation Failure) [PSYoungGen: 458112K->105504K(501760K)] 1211960K->998168K(1900032K), 0.0743037 secs] [Times: user=0.44 sys=0.00, real=0.08 secs] 
5406.261: [GC (Allocation Failure) [PSYoungGen: 416800K->150784K(502784K)] 1309464K->1145485K(1901056K), 0.0519147 secs] [Times: user=0.31 sys=0.00, real=0.06 secs] 
5408.964: [GC (Allocation Failure) [PSYoungGen: 462080K->103456K(503808K)] 1456781K->1240573K(1902080K), 0.0729204 secs] [Times: user=0.44 sys=0.00, real=0.07 secs] 
5409.672: [GC (Allocation Failure) [PSYoungGen: 413765K->150976K(503808K)] 1550882K->1388518K(1902080K), 0.0551657 secs] [Times: user=0.33 sys=0.00, real=0.05 secs] 
5409.728: [Full GC (Ergonomics) [PSYoungGen: 150976K->0K(503808K)] [ParOldGen: 1237542K->195626K(1398272K)] 1388518K->195626K(1902080K), [Metaspace: 59705K->59705K(1105920K)], 0.4835688 secs] [Times: user=2.25 sys=0.00, real=0.49 secs] 
5412.654: [GC (Allocation Failure) [PSYoungGen: 312320K->101888K(504832K)] 507946K->297514K(1903104K), 0.0790816 secs] [Times: user=0.46 sys=0.00, real=0.08 secs] 
5413.611: [GC (Allocation Failure) [PSYoungGen: 413184K->149632K(503808K)] 608810K->443487K(1902080K), 0.0489393 secs] [Times: user=0.29 sys=0.00, real=0.04 secs] 
5416.224: [GC (Allocation Failure) [PSYoungGen: 460928K->103200K(502784K)] 754783K->538055K(1901056K), 0.1592677 secs] [Times: user=0.94 sys=0.01, real=0.16 secs] 
5417.056: [GC (Allocation Failure) [PSYoungGen: 410962K->147392K(503296K)] 845817K->682221K(1901568K), 0.0898242 secs] [Times: user=0.52 sys=0.00, real=0.09 secs] 
5419.421: [GC (Allocation Failure) [PSYoungGen: 458688K->103744K(502784K)] 993517K->777485K(1901056K), 0.1229398 secs] [Times: user=0.73 sys=0.00, real=0.13 secs] 
5420.777: [GC (Allocation Failure) [PSYoungGen: 413569K->146656K(503808K)] 1087310K->920694K(1902080K), 0.1034879 secs] [Times: user=0.62 sys=0.00, real=0.10 secs] 
5423.586: [GC (Allocation Failure) [PSYoungGen: 459488K->103744K(503808K)] 1233526K->1016066K(1902080K), 0.1584068 secs] [Times: user=0.95 sys=0.00, real=0.16 secs] 
5424.235: [GC (Allocation Failure) [PSYoungGen: 402281K->146240K(504832K)] 1314603K->1159260K(1903104K), 0.0501918 secs] [Times: user=0.30 sys=0.00, real=0.05 secs] 
5427.156: [GC (Allocation Failure) [PSYoungGen: 461120K->103136K(505344K)] 1474140K->1254284K(1903616K), 0.1650531 secs] [Times: user=0.99 sys=0.00, real=0.16 secs] 
5428.447: [GC (Allocation Failure) [PSYoungGen: 413222K->147584K(506368K)] 1564370K->1398056K(1904640K), 0.0502856 secs] [Times: user=0.30 sys=0.00, real=0.05 secs] 
5428.497: [Full GC (Ergonomics) [PSYoungGen: 147584K->0K(506368K)] [ParOldGen: 1250472K->195723K(1398272K)] 1398056K->195723K(1904640K), [Metaspace: 59705K->59705K(1105920K)], 0.4779542 secs] [Times: user=2.23 sys=0.00, real=0.48 secs] 
5431.088: [GC (Allocation Failure) [PSYoungGen: 317440K->106560K(506368K)] 513163K->302283K(1904640K), 0.0907457 secs] [Times: user=0.53 sys=0.00, real=0.09 secs] 
5431.873: [GC (Allocation Failure) [PSYoungGen: 425024K->153728K(472576K)] 620747K->452152K(1870848K), 0.0528213 secs] [Times: user=0.29 sys=0.00, real=0.05 secs] 
5434.996: [GC (Allocation Failure) [PSYoungGen: 472192K->97536K(507392K)] 770616K->549072K(1905664K), 0.1426931 secs] [Times: user=0.85 sys=0.00, real=0.14 secs] 
5435.916: [GC (Allocation Failure) [PSYoungGen: 411904K->152800K(467456K)] 863440K->696045K(1865728K), 0.0557630 secs] [Times: user=0.33 sys=0.00, real=0.06 secs] 
5438.558: [GC (GCLocker Initiated GC) [PSYoungGen: 467168K->97344K(505344K)] 1010413K->792973K(1903616K), 0.1642702 secs] [Times: user=0.98 sys=0.00, real=0.17 secs] 
5439.132: [GC (Allocation Failure) [PSYoungGen: 407616K->170048K(480768K)] 1103280K->956885K(1879040K), 0.0569115 secs] [Times: user=0.33 sys=0.01, real=0.05 secs] 
5443.081: [GC (Allocation Failure) [PSYoungGen: 480320K->91456K(496640K)] 1267157K->1031781K(1894912K), 0.1629464 secs] [Times: user=0.97 sys=0.00, real=0.17 secs] 
5443.694: [GC (Allocation Failure) [PSYoungGen: 384320K->145376K(495104K)] 1324645K->1171298K(1893376K), 0.0529355 secs] [Times: user=0.31 sys=0.00, real=0.05 secs] 
5446.420: [GC (Allocation Failure) [PSYoungGen: 438240K->86496K(495616K)] 1464162K->1257474K(1893888K), 0.1699559 secs] [Times: user=1.01 sys=0.00, real=0.17 secs] 
5447.362: [GC (Allocation Failure) [PSYoungGen: 379872K->142560K(495104K)] 1550850K->1396059K(1893376K), 0.0486994 secs] [Times: user=0.29 sys=0.00, real=0.04 secs] 
5447.411: [Full GC (Ergonomics) [PSYoungGen: 142560K->0K(495104K)] [ParOldGen: 1253499K->194861K(1398272K)] 1396059K->194861K(1893376K), [Metaspace: 59705K->59705K(1105920K)], 0.4819257 secs] [Times: user=2.27 sys=0.00, real=0.48 secs] 
5449.752: [GC (Allocation Failure) [PSYoungGen: 293376K->95584K(493056K)] 488237K->290445K(1891328K), 0.0955197 secs] [Times: user=0.55 sys=0.01, real=0.09 secs] 
5451.926: [GC (Allocation Failure) [PSYoungGen: 391520K->138848K(494592K)] 586381K->425457K(1892864K), 0.0467117 secs] [Times: user=0.28 sys=0.00, real=0.05 secs] 
5453.095: [GC (Allocation Failure) [PSYoungGen: 434784K->99616K(494080K)] 721393K->516122K(1892352K), 0.0634431 secs] [Times: user=0.38 sys=0.00, real=0.06 secs] 
5454.228: [GC (Allocation Failure) [PSYoungGen: 402720K->143616K(497152K)] 819226K->657554K(1895424K), 0.0512925 secs] [Times: user=0.30 sys=0.00, real=0.05 secs] 
5456.807: [GC (Allocation Failure) [PSYoungGen: 446720K->101952K(498688K)] 960658K->750914K(1896960K), 0.0677001 secs] [Times: user=0.41 sys=0.00, real=0.07 secs] 
5457.753: [GC (Allocation Failure) [PSYoungGen: 411712K->146720K(501248K)] 1060674K->896407K(1899520K), 0.0616459 secs] [Times: user=0.36 sys=0.00, real=0.06 secs] 
5460.653: [GC (Allocation Failure) [PSYoungGen: 456480K->100608K(503808K)] 1206167K->988847K(1902080K), 0.0644101 secs] [Times: user=0.38 sys=0.00, real=0.06 secs] 
5461.207: [GC (GCLocker Initiated GC) [PSYoungGen: 413952K->148192K(504320K)] 1302191K->1135940K(1902592K), 0.0523950 secs] [Times: user=0.31 sys=0.00, real=0.05 secs] 
5463.985: [GC (Allocation Failure) [PSYoungGen: 461536K->105120K(503296K)] 1449319K->1232863K(1901568K), 0.0650940 secs] [Times: user=0.38 sys=0.00, real=0.06 secs] 
5465.296: [GC (Allocation Failure) [PSYoungGen: 419488K->150912K(504320K)] 1547231K->1381048K(1902592K), 0.0871629 secs] [Times: user=0.52 sys=0.00, real=0.09 secs] 
5465.383: [Full GC (Ergonomics) [PSYoungGen: 150912K->0K(504320K)] [ParOldGen: 1230136K->179089K(1398272K)] 1381048K->179089K(1902592K), [Metaspace: 59709K->59689K(1105920K)], 0.4580730 secs] [Times: user=2.12 sys=0.00, real=0.45 secs] 
5468.648: [GC (Allocation Failure) [PSYoungGen: 314368K->103776K(505344K)] 493457K->282865K(1903616K), 0.0333488 secs] [Times: user=0.20 sys=0.00, real=0.04 secs] 
5469.377: [GC (Allocation Failure) [PSYoungGen: 418144K->151712K(466432K)] 597233K->432254K(1864704K), 0.0525337 secs] [Times: user=0.31 sys=0.00, real=0.05 secs] 
5471.495: [GC (Allocation Failure) [PSYoungGen: 466080K->103360K(507392K)] 746622K->527102K(1905664K), 0.1666430 secs] [Times: user=1.00 sys=0.00, real=0.17 secs] 
5472.888: [GC (Allocation Failure) [PSYoungGen: 416192K->150496K(504320K)] 839934K->674135K(1902592K), 0.0509818 secs] [Times: user=0.30 sys=0.00, real=0.05 secs] 
5475.506: [GC (Allocation Failure) [PSYoungGen: 463328K->104608K(504320K)] 986967K->769983K(1902592K), 0.1480731 secs] [Times: user=0.88 sys=0.00, real=0.15 secs] 
5477.017: [GC (Allocation Failure) [PSYoungGen: 417440K->151296K(464384K)] 1082815K->917564K(1862656K), 0.0516868 secs] [Times: user=0.30 sys=0.00, real=0.05 secs] 
5480.073: [GC (Allocation Failure) [PSYoungGen: 464128K->103552K(506880K)] 1230396K->1012212K(1905152K), 0.1572804 secs] [Times: user=0.94 sys=0.00, real=0.15 secs] 
5480.887: [GC (Allocation Failure) [PSYoungGen: 412839K->150464K(503808K)] 1321499K->1158981K(1902080K), 0.0512295 secs] [Times: user=0.30 sys=0.00, real=0.05 secs] 
5483.662: [GC (Allocation Failure) [PSYoungGen: 462272K->100032K(504832K)] 1470789K->1250673K(1903104K), 0.1728145 secs] [Times: user=1.03 sys=0.01, real=0.17 secs] 
5485.140: [GC (Allocation Failure) [PSYoungGen: 410816K->151168K(462336K)] 1561457K->1397542K(1860608K), 0.0504871 secs] [Times: user=0.30 sys=0.00, real=0.05 secs] 
5485.191: [Full GC (Ergonomics) [PSYoungGen: 151168K->0K(462336K)] [ParOldGen: 1246374K->195493K(1398272K)] 1397542K->195493K(1860608K), [Metaspace: 59689K->59689K(1105920K)], 0.4824927 secs] [Times: user=2.27 sys=0.00, real=0.49 secs] 
5487.662: [GC (Allocation Failure) [PSYoungGen: 310784K->100768K(505344K)] 506277K->296261K(1903616K), 0.0997222 secs] [Times: user=0.59 sys=0.00, real=0.10 secs] 
5489.318: [GC (Allocation Failure) [PSYoungGen: 410016K->148384K(502784K)] 605509K->441134K(1901056K), 0.0491520 secs] [Times: user=0.29 sys=0.00, real=0.05 secs] 
5491.795: [GC (GCLocker Initiated GC) [PSYoungGen: 457632K->102080K(502272K)] 750382K->534706K(1900544K), 0.1646180 secs] [Times: user=0.98 sys=0.00, real=0.16 secs] 
5493.070: [GC (Allocation Failure) [PSYoungGen: 411840K->149536K(502784K)] 844469K->679894K(1901056K), 0.0496070 secs] [Times: user=0.29 sys=0.00, real=0.05 secs] 
5495.460: [GC (Allocation Failure) [PSYoungGen: 459296K->103808K(502272K)] 989654K->774342K(1900544K), 0.1625497 secs] [Times: user=0.97 sys=0.00, real=0.17 secs] 
5497.399: [GC (Allocation Failure) [PSYoungGen: 414080K->148640K(502784K)] 1084614K->919019K(1901056K), 0.0501042 secs] [Times: user=0.29 sys=0.01, real=0.05 secs] 
5499.456: [GC (Allocation Failure) [PSYoungGen: 458912K->103072K(503296K)] 1229291K->1013411K(1901568K), 0.1645112 secs] [Times: user=0.98 sys=0.00, real=0.17 secs] 
5500.707: [GC (Allocation Failure) [PSYoungGen: 414251K->149408K(503808K)] 1324590K->1158500K(1902080K), 0.0499763 secs] [Times: user=0.30 sys=0.00, real=0.05 secs] 
5502.894: [GC (Allocation Failure) [PSYoungGen: 461216K->104224K(503296K)] 1470308K->1253832K(1901568K), 0.1645806 secs] [Times: user=0.98 sys=0.00, real=0.16 secs] 
5504.996: [GC (Allocation Failure) [PSYoungGen: 416544K->147392K(503808K)] 1566152K->1396844K(1902080K), 0.0509622 secs] [Times: user=0.31 sys=0.00, real=0.05 secs] 
5505.047: [Full GC (Ergonomics) [PSYoungGen: 147392K->0K(503808K)] [ParOldGen: 1249452K->195863K(1398272K)] 1396844K->195863K(1902080K), [Metaspace: 59689K->59689K(1105920K)], 0.4778971 secs] [Times: user=2.23 sys=0.00, real=0.48 secs] 
5507.859: [GC (Allocation Failure) [PSYoungGen: 312320K->107232K(502272K)] 508183K->303095K(1900544K), 0.0948517 secs] [Times: user=0.56 sys=0.00, real=0.10 secs] 
5509.143: [GC (Allocation Failure) [PSYoungGen: 412164K->145440K(503808K)] 608027K->442972K(1902080K), 0.0495375 secs] [Times: user=0.29 sys=0.00, real=0.05 secs] 
5510.879: [GC (Allocation Failure) [PSYoungGen: 459296K->104160K(504832K)] 756828K->538688K(1903104K), 0.1596227 secs] [Times: user=0.94 sys=0.01, real=0.16 secs] 
5512.144: [GC (Allocation Failure) [PSYoungGen: 414842K->147904K(506368K)] 849370K->682264K(1904640K), 0.0493656 secs] [Times: user=0.29 sys=0.00, real=0.05 secs] 
5514.218: [GC (Allocation Failure) [PSYoungGen: 465856K->110048K(505856K)] 1000216K->783249K(1904128K), 0.1470152 secs] [Times: user=0.80 sys=0.00, real=0.15 secs] 
5514.778: [GC (GCLocker Initiated GC) [PSYoungGen: 429536K->155488K(475136K)] 1102737K->935686K(1873408K), 0.0555287 secs] [Times: user=0.33 sys=0.00, real=0.06 secs] 
5518.028: [GC (Allocation Failure) [PSYoungGen: 474976K->94080K(506880K)] 1255177K->1029929K(1905152K), 0.1816682 secs] [Times: user=1.08 sys=0.00, real=0.18 secs] 
5518.809: [GC (Allocation Failure) [PSYoungGen: 408448K->154976K(469504K)] 1344297K->1179393K(1867776K), 0.0819091 secs] [Times: user=0.48 sys=0.01, real=0.08 secs] 
5521.688: [GC (GCLocker Initiated GC) [PSYoungGen: 469344K->95712K(503808K)] 1493761K->1275098K(1902080K), 0.1388322 secs] [Times: user=0.83 sys=0.00, real=0.14 secs] 
5522.362: [GC (Allocation Failure) [PSYoungGen: 403424K->153696K(461824K)] 1582812K->1423224K(1860096K), 0.0760981 secs] [Times: user=0.45 sys=0.00, real=0.07 secs] 
5522.438: [Full GC (Ergonomics) [PSYoungGen: 153696K->0K(461824K)] [ParOldGen: 1269528K->221408K(1398272K)] 1423224K->221408K(1860096K), [Metaspace: 59689K->59689K(1105920K)], 0.5321078 secs] [Times: user=2.49 sys=0.00, real=0.53 secs] 
5526.461: [GC (Allocation Failure) [PSYoungGen: 307712K->86048K(500224K)] 529120K->307456K(1898496K), 0.1148522 secs] [Times: user=0.68 sys=0.01, real=0.11 secs] 
5526.978: [GC (Allocation Failure) [PSYoungGen: 387616K->166016K(467968K)] 609024K->467325K(1866240K), 0.0528072 secs] [Times: user=0.31 sys=0.00, real=0.05 secs] 
5530.582: [GC (Allocation Failure) [PSYoungGen: 467584K->90080K(493568K)] 768893K->540457K(1891840K), 0.1586447 secs] [Times: user=0.94 sys=0.00, real=0.15 secs] 
5531.211: [GC (Allocation Failure) [PSYoungGen: 373804K->138592K(425472K)] 824181K->673046K(1823744K), 0.0491639 secs] [Times: user=0.29 sys=0.00, real=0.04 secs] 
5533.282: [GC (Allocation Failure) [PSYoungGen: 425312K->91936K(491520K)] 959766K->755998K(1889792K), 0.0978115 secs] [Times: user=0.58 sys=0.00, real=0.09 secs] 
5534.612: [GC (Allocation Failure) [PSYoungGen: 380704K->139680K(489472K)] 1044766K->891515K(1887744K), 0.0482309 secs] [Times: user=0.25 sys=0.00, real=0.04 secs] 
5537.341: [GC (Allocation Failure) [PSYoungGen: 428448K->95584K(495616K)] 1180283K->978179K(1893888K), 0.0629236 secs] [Times: user=0.38 sys=0.00, real=0.06 secs] 
5538.433: [GC (Allocation Failure) [PSYoungGen: 393568K->141184K(494592K)] 1276163K->1118024K(1892864K), 0.0497464 secs] [Times: user=0.29 sys=0.00, real=0.05 secs] 
5540.896: [GC (Allocation Failure) [PSYoungGen: 439168K->100544K(496128K)] 1416008K->1210101K(1894400K), 0.0645011 secs] [Times: user=0.38 sys=0.00, real=0.07 secs] 
5541.585: [GC (Allocation Failure) [PSYoungGen: 406208K->142240K(498688K)] 1515765K->1351730K(1896960K), 0.0517045 secs] [Times: user=0.30 sys=0.00, real=0.05 secs] 
5544.301: [GC (Allocation Failure) [PSYoungGen: 447904K->105440K(498688K)] 1657394K->1448814K(1896960K), 0.0650780 secs] [Times: user=0.39 sys=0.00, real=0.07 secs] 
5544.366: [Full GC (Ergonomics) [PSYoungGen: 105440K->0K(498688K)] [ParOldGen: 1343374K->16977K(1398272K)] 1448814K->16977K(1896960K), [Metaspace: 59689K->59689K(1105920K)], 0.0279130 secs] [Times: user=0.06 sys=0.00, real=0.03 secs] 
5545.325: [GC (GCLocker Initiated GC) [PSYoungGen: 311808K->141632K(501760K)] 328786K->158610K(1900032K), 0.0470431 secs] [Times: user=0.28 sys=0.00, real=0.05 secs] 
5548.430: [GC (Allocation Failure) [PSYoungGen: 453440K->107296K(501248K)] 470422K->257662K(1899520K), 0.0641059 secs] [Times: user=0.38 sys=0.00, real=0.07 secs] 
5549.010: [GC (Allocation Failure) [PSYoungGen: 425760K->148000K(504832K)] 576126K->405187K(1903104K), 0.0582479 secs] [Times: user=0.35 sys=0.00, real=0.06 secs] 
5551.202: [GC (Allocation Failure) [PSYoungGen: 466464K->107808K(507904K)] 723651K->504555K(1906176K), 0.0671340 secs] [Times: user=0.40 sys=0.00, real=0.06 secs] 
5552.898: [GC (Allocation Failure) [PSYoungGen: 430368K->151328K(508416K)] 827115K->653920K(1906688K), 0.0531010 secs] [Times: user=0.31 sys=0.00, real=0.06 secs] 
5555.216: [GC (Allocation Failure) [PSYoungGen: 473888K->111744K(508928K)] 976480K->756576K(1907200K), 0.0652505 secs] [Times: user=0.39 sys=0.00, real=0.07 secs] 
5557.335: [GC (Allocation Failure) [PSYoungGen: 433792K->150816K(508416K)] 1078624K->904581K(1906688K), 0.0543619 secs] [Times: user=0.32 sys=0.00, real=0.05 secs] 
5559.833: [GC (Allocation Failure) [PSYoungGen: 472864K->109632K(508928K)] 1226629K->1004821K(1907200K), 0.1799067 secs] [Times: user=1.07 sys=0.01, real=0.18 secs] 
5560.427: [GC (Allocation Failure) [PSYoungGen: 426477K->151072K(508928K)] 1321667K->1152782K(1907200K), 0.0530639 secs] [Times: user=0.31 sys=0.00, real=0.05 secs] 
5563.129: [GC (Allocation Failure) [PSYoungGen: 473632K->109088K(509440K)] 1475342K->1253642K(1907712K), 0.1215873 secs] [Times: user=0.72 sys=0.00, real=0.13 secs] 
5563.842: [GC (Allocation Failure) [PSYoungGen: 431136K->156352K(478720K)] 1575690K->1406559K(1876992K), 0.0603025 secs] [Times: user=0.36 sys=0.00, real=0.06 secs] 
5563.902: [Full GC (Ergonomics) [PSYoungGen: 156352K->0K(478720K)] [ParOldGen: 1250207K->210794K(1398272K)] 1406559K->210794K(1876992K), [Metaspace: 59689K->59689K(1105920K)], 0.5000404 secs] [Times: user=2.33 sys=0.00, real=0.50 secs] 
5567.573: [GC (Allocation Failure) [PSYoungGen: 322048K->95488K(507392K)] 532842K->306282K(1905664K), 0.1367278 secs] [Times: user=0.81 sys=0.00, real=0.13 secs] 
5568.762: [GC (Allocation Failure) [PSYoungGen: 410880K->155264K(471040K)] 621674K->455619K(1869312K), 0.1330782 secs] [Times: user=0.79 sys=0.00, real=0.13 secs] 
5573.231: [GC (Allocation Failure) [PSYoungGen: 470656K->89280K(502784K)] 771011K->544651K(1901056K), 0.1287161 secs] [Times: user=0.76 sys=0.01, real=0.12 secs] 
5573.933: [GC (Allocation Failure) [PSYoungGen: 395968K->152992K(459776K)] 851339K->691696K(1858048K), 0.0524940 secs] [Times: user=0.31 sys=0.00, real=0.05 secs] 
5575.746: [GC (GCLocker Initiated GC) [PSYoungGen: 459680K->92736K(500736K)] 998385K->784553K(1899008K), 0.1126161 secs] [Times: user=0.66 sys=0.01, real=0.11 secs] 
5576.347: [GC (Allocation Failure) [PSYoungGen: 394304K->147680K(449536K)] 1086123K->926689K(1847808K), 0.0586209 secs] [Times: user=0.35 sys=0.00, real=0.06 secs] 
5579.075: [GC (Allocation Failure) [PSYoungGen: 449248K->91968K(500736K)] 1228257K->1018249K(1899008K), 0.1074838 secs] [Times: user=0.64 sys=0.01, real=0.11 secs] 
5579.716: [GC (Allocation Failure) [PSYoungGen: 393024K->147008K(499200K)] 1319305K->1160166K(1897472K), 0.0776023 secs] [Times: user=0.46 sys=0.00, real=0.08 secs] 
5582.647: [GC (Allocation Failure) [PSYoungGen: 448064K->86752K(499712K)] 1461222K->1247022K(1897984K), 0.1457489 secs] [Times: user=0.87 sys=0.00, real=0.15 secs] 
5583.538: [GC (Allocation Failure) [PSYoungGen: 386578K->144640K(499200K)] 1546848K->1388522K(1897472K), 0.0866506 secs] [Times: user=0.52 sys=0.00, real=0.09 secs] 
5583.625: [Full GC (Ergonomics) [PSYoungGen: 144640K->0K(499200K)] [ParOldGen: 1243882K->195671K(1398272K)] 1388522K->195671K(1897472K), [Metaspace: 59689K->59689K(1105920K)], 0.5100648 secs] [Times: user=2.42 sys=0.00, real=0.51 secs] 
5586.278: [GC (Allocation Failure) [PSYoungGen: 300544K->97248K(495104K)] 496215K->292919K(1893376K), 0.0991448 secs] [Times: user=0.59 sys=0.01, real=0.10 secs] 
5587.512: [GC (Allocation Failure) [PSYoungGen: 397792K->145024K(497152K)] 593463K->433932K(1895424K), 0.0477595 secs] [Times: user=0.28 sys=0.00, real=0.04 secs] 
5589.052: [GC (Allocation Failure) [PSYoungGen: 445568K->100160K(497152K)] 734476K->525236K(1895424K), 0.0981658 secs] [Times: user=0.58 sys=0.01, real=0.09 secs] 
5591.516: [GC (Allocation Failure) [PSYoungGen: 404800K->143840K(499200K)] 829876K->665781K(1897472K), 0.0502325 secs] [Times: user=0.30 sys=0.00, real=0.05 secs] 
5593.652: [GC (Allocation Failure) [PSYoungGen: 448480K->104992K(497152K)] 970421K->762293K(1895424K), 0.0670442 secs] [Times: user=0.40 sys=0.00, real=0.06 secs] 
5595.768: [GC (Allocation Failure) [PSYoungGen: 413728K->143456K(500224K)] 1071029K->903714K(1898496K), 0.0562705 secs] [Times: user=0.33 sys=0.00, real=0.06 secs] 
5598.100: [GC (Allocation Failure) [PSYoungGen: 452192K->102656K(502272K)] 1212450K->997758K(1900544K), 0.0959604 secs] [Times: user=0.57 sys=0.00, real=0.10 secs] 
5600.525: [GC (Allocation Failure) [PSYoungGen: 417536K->150688K(504320K)] 1312638K->1145675K(1902592K), 0.0528183 secs] [Times: user=0.31 sys=0.00, real=0.05 secs] 
5603.096: [GC (Allocation Failure) [PSYoungGen: 465568K->104800K(505856K)] 1460555K->1242079K(1904128K), 0.0997991 secs] [Times: user=0.60 sys=0.00, real=0.10 secs] 
5604.362: [GC (Allocation Failure) [PSYoungGen: 420192K->151456K(505344K)] 1557471K->1389784K(1903616K), 0.0536569 secs] [Times: user=0.32 sys=0.00, real=0.05 secs] 
5604.415: [Full GC (Ergonomics) [PSYoungGen: 151456K->0K(505344K)] [ParOldGen: 1238328K->188805K(1398272K)] 1389784K->188805K(1903616K), [Metaspace: 59689K->59689K(1105920K)], 0.4608509 secs] [Times: user=2.15 sys=0.00, real=0.46 secs] 
5606.806: [GC (Allocation Failure) [PSYoungGen: 315392K->106720K(505344K)] 504197K->295525K(1903616K), 0.0925860 secs] [Times: user=0.54 sys=0.00, real=0.09 secs] 
5607.770: [GC (Allocation Failure) [PSYoungGen: 421049K->152064K(467968K)] 609854K->444190K(1866240K), 0.0546958 secs] [Times: user=0.32 sys=0.00, real=0.06 secs] 
5610.506: [GC (Allocation Failure) [PSYoungGen: 467456K->103360K(507392K)] 759582K->539438K(1905664K), 0.1163847 secs] [Times: user=0.69 sys=0.01, real=0.12 secs] 
5611.446: [GC (Allocation Failure) [PSYoungGen: 413872K->147520K(504832K)] 849950K->683531K(1903104K), 0.0502882 secs] [Times: user=0.29 sys=0.00, real=0.05 secs] 
5614.683: [GC (Allocation Failure) [PSYoungGen: 460864K->103040K(503808K)] 996875K->778031K(1902080K), 0.1710213 secs] [Times: user=1.02 sys=0.01, real=0.17 secs] 
5615.835: [GC (Allocation Failure) [PSYoungGen: 413911K->148480K(504832K)] 1088902K->922480K(1903104K), 0.0494683 secs] [Times: user=0.29 sys=0.01, real=0.05 secs] 
5617.876: [GC (Allocation Failure) [PSYoungGen: 462848K->107648K(503808K)] 1236848K->1021204K(1902080K), 0.1674171 secs] [Times: user=1.00 sys=0.01, real=0.17 secs] 
5618.681: [GC (Allocation Failure) [PSYoungGen: 423040K->154528K(504832K)] 1336596K->1171984K(1903104K), 0.0525325 secs] [Times: user=0.32 sys=0.00, real=0.06 secs] 
5621.121: [GC (Allocation Failure) [PSYoungGen: 467888K->93152K(505344K)] 1485345K->1264856K(1903616K), 0.1527092 secs] [Times: user=0.90 sys=0.00, real=0.15 secs] 
5622.267: [GC (Allocation Failure) [PSYoungGen: 404448K->150272K(461824K)] 1576152K->1411125K(1860096K), 0.0555221 secs] [Times: user=0.33 sys=0.00, real=0.06 secs] 
5622.323: [Full GC (Ergonomics) [PSYoungGen: 150272K->0K(461824K)] [ParOldGen: 1260853K->207792K(1398272K)] 1411125K->207792K(1860096K), [Metaspace: 59689K->59689K(1105920K)], 0.4914587 secs] [Times: user=2.31 sys=0.00, real=0.49 secs] 
5624.117: [GC (Allocation Failure) [PSYoungGen: 311296K->99936K(504832K)] 519088K->307729K(1903104K), 0.0755182 secs] [Times: user=0.44 sys=0.00, real=0.08 secs] 
5624.728: [GC (Allocation Failure) [PSYoungGen: 408672K->149536K(502784K)] 616465K->451909K(1901056K), 0.0827843 secs] [Times: user=0.50 sys=0.00, real=0.09 secs] 
5628.290: [GC (GCLocker Initiated GC) [PSYoungGen: 458272K->90784K(503296K)] 760645K->542525K(1901568K), 0.1544443 secs] [Times: user=0.92 sys=0.01, real=0.16 secs] 
5628.885: [GC (Allocation Failure) [PSYoungGen: 397984K->151840K(459264K)] 849728K->688141K(1857536K), 0.0530332 secs] [Times: user=0.32 sys=0.00, real=0.05 secs] 
5631.332: [GC (Allocation Failure) [PSYoungGen: 459040K->94976K(502272K)] 995341K->782501K(1900544K), 0.0894684 secs] [Times: user=0.54 sys=0.00, real=0.09 secs] 
5631.925: [GC (Allocation Failure) [PSYoungGen: 398592K->151392K(455168K)] 1086117K->928746K(1853440K), 0.0833798 secs] [Times: user=0.49 sys=0.00, real=0.08 secs] 
5634.823: [GC (Allocation Failure) [PSYoungGen: 451093K->87200K(499712K)] 1228448K->1016006K(1897984K), 0.1599478 secs] [Times: user=0.94 sys=0.01, real=0.16 secs] 
5635.460: [GC (Allocation Failure) [PSYoungGen: 386720K->195840K(495616K)] 1315526K->1208439K(1893888K), 0.0716837 secs] [Times: user=0.42 sys=0.00, real=0.08 secs] 
5638.410: [GC (Allocation Failure) [PSYoungGen: 495360K->87456K(467968K)] 1507959K->1246847K(1866240K), 0.1520478 secs] [Times: user=0.90 sys=0.01, real=0.16 secs] 
5639.289: [GC (Allocation Failure) [PSYoungGen: 352160K->128576K(481792K)] 1511551K->1371632K(1880064K), 0.0488038 secs] [Times: user=0.29 sys=0.00, real=0.05 secs] 
5639.337: [Full GC (Ergonomics) [PSYoungGen: 128576K->0K(481792K)] [ParOldGen: 1243056K->178458K(1398272K)] 1371632K->178458K(1880064K), [Metaspace: 59689K->59689K(1105920K)], 0.4328789 secs] [Times: user=2.01 sys=0.00, real=0.43 secs] 
5642.172: [GC (Allocation Failure) [PSYoungGen: 264704K->86560K(473088K)] 443162K->265018K(1871360K), 0.0334138 secs] [Times: user=0.20 sys=0.00, real=0.03 secs] 
5644.774: [GC (Allocation Failure) [PSYoungGen: 359456K->119744K(480256K)] 537914K->383603K(1878528K), 0.0649964 secs] [Times: user=0.38 sys=0.00, real=0.06 secs] 
5646.564: [GC (Allocation Failure) [PSYoungGen: 392640K->126112K(480256K)] 656499K->499659K(1878528K), 0.0616781 secs] [Times: user=0.37 sys=0.00, real=0.06 secs] 
5647.746: [GC (Allocation Failure) [PSYoungGen: 418464K->97952K(485376K)] 792011K->597779K(1883648K), 0.0841397 secs] [Times: user=0.49 sys=0.01, real=0.08 secs] 
5650.185: [GC (GCLocker Initiated GC) [PSYoungGen: 390304K->149920K(499712K)] 890132K->737241K(1897984K), 0.1389124 secs] [Times: user=0.82 sys=0.01, real=0.14 secs] 
5651.891: [GC (Allocation Failure) [PSYoungGen: 459680K->91296K(504320K)] 1055194K->836914K(1902592K), 0.1069970 secs] [Times: user=0.63 sys=0.01, real=0.10 secs] 
5655.168: [GC (Allocation Failure) [PSYoungGen: 400314K->184096K(473600K)] 1145933K->1019103K(1871872K), 0.0816377 secs] [Times: user=0.47 sys=0.02, real=0.08 secs] 
5656.752: [GC (Allocation Failure) [PSYoungGen: 465184K->81760K(489984K)] 1300191K->1066375K(1888256K), 0.1380474 secs] [Times: user=0.82 sys=0.01, real=0.13 secs] 
5657.845: [GC (Allocation Failure) [PSYoungGen: 362848K->140640K(486400K)] 1347463K->1200836K(1884672K), 0.1379117 secs] [Times: user=0.82 sys=0.00, real=0.14 secs] 
5662.242: [GC (Allocation Failure) [PSYoungGen: 422240K->74176K(488448K)] 1482436K->1275176K(1886720K), 0.1620038 secs] [Times: user=0.96 sys=0.00, real=0.16 secs] 
5662.404: [Full GC (Ergonomics) [PSYoungGen: 74176K->0K(488448K)] [ParOldGen: 1201000K->66367K(1398272K)] 1275176K->66367K(1886720K), [Metaspace: 59689K->59689K(1105920K)], 0.1923681 secs] [Times: user=0.91 sys=0.00, real=0.19 secs] 
5663.052: [GC (Allocation Failure) [PSYoungGen: 276344K->136352K(487936K)] 342712K->202719K(1886208K), 0.0356310 secs] [Times: user=0.21 sys=0.00, real=0.03 secs] 
5664.234: [GC (Allocation Failure) [PSYoungGen: 421536K->93920K(489984K)] 487903K->287983K(1888256K), 0.0637742 secs] [Times: user=0.38 sys=0.00, real=0.06 secs] 
5666.487: [GC (Allocation Failure) [PSYoungGen: 379104K->134048K(492032K)] 573167K->418644K(1890304K), 0.0461319 secs] [Times: user=0.27 sys=0.00, real=0.05 secs] 
5667.675: [GC (Allocation Failure) [PSYoungGen: 427424K->100576K(492032K)] 712020K->510268K(1890304K), 0.0616363 secs] [Times: user=0.37 sys=0.00, real=0.06 secs] 
5669.606: [GC (Allocation Failure) [PSYoungGen: 393952K->142592K(493056K)] 803644K->651121K(1891328K), 0.0515618 secs] [Times: user=0.30 sys=0.00, real=0.05 secs] 
5670.765: [GC (Allocation Failure) [PSYoungGen: 442112K->106720K(495104K)] 950641K->740161K(1893376K), 0.0622661 secs] [Times: user=0.37 sys=0.00, real=0.06 secs] 
5673.002: [GC (Allocation Failure) [PSYoungGen: 406240K->134336K(500736K)] 1039681K->873242K(1899008K), 0.0599475 secs] [Times: user=0.36 sys=0.00, real=0.06 secs] 
5674.394: [GC (Allocation Failure) [PSYoungGen: 445120K->114560K(499712K)] 1184026K->978314K(1897984K), 0.0642170 secs] [Times: user=0.38 sys=0.00, real=0.06 secs] 
5675.249: [GC (Allocation Failure) [PSYoungGen: 425344K->142784K(500224K)] 1289098K->1120605K(1898496K), 0.0549389 secs] [Times: user=0.32 sys=0.00, real=0.06 secs] 
5677.338: [GC (Allocation Failure) [PSYoungGen: 460224K->110112K(502784K)] 1438045K->1221997K(1901056K), 0.0655265 secs] [Times: user=0.39 sys=0.00, real=0.07 secs] 
5678.626: [GC (Allocation Failure) [PSYoungGen: 427552K->150560K(506368K)] 1539437K->1371318K(1904640K), 0.0919571 secs] [Times: user=0.55 sys=0.01, real=0.09 secs] 
5681.569: [GC (GCLocker Initiated GC) [PSYoungGen: 476192K->109056K(511488K)] 1696951K->1472159K(1909760K), 0.0671565 secs] [Times: user=0.39 sys=0.01, real=0.07 secs] 
5681.636: [Full GC (Ergonomics) [PSYoungGen: 109056K->0K(511488K)] [ParOldGen: 1363103K->34530K(1398272K)] 1472159K->34530K(1909760K), [Metaspace: 59689K->59689K(1105920K)], 0.0652961 secs] [Times: user=0.24 sys=0.00, real=0.07 secs] 
5682.347: [GC (Allocation Failure) [PSYoungGen: 325632K->165248K(497152K)] 360213K->199829K(1895424K), 0.0310020 secs] [Times: user=0.18 sys=0.00, real=0.03 secs] 
5684.747: [GC (Allocation Failure) [PSYoungGen: 480128K->103520K(506880K)] 514709K->287077K(1905152K), 0.1330885 secs] [Times: user=0.80 sys=0.00, real=0.13 secs] 
5686.258: [GC (Allocation Failure) [PSYoungGen: 418400K->154080K(500224K)] 601957K->436974K(1898496K), 0.0509085 secs] [Times: user=0.30 sys=0.00, real=0.05 secs] 
5688.582: [GC (Allocation Failure) [PSYoungGen: 464864K->101152K(504832K)] 747758K->529590K(1903104K), 0.1679083 secs] [Times: user=0.93 sys=0.00, real=0.16 secs] 
5690.100: [GC (Allocation Failure) [PSYoungGen: 411936K->149216K(502784K)] 840374K->675055K(1901056K), 0.0495412 secs] [Times: user=0.29 sys=0.00, real=0.05 secs] 
5692.472: [GC (Allocation Failure) [PSYoungGen: 460000K->103008K(414208K)] 985839K->769195K(1812480K), 0.1191218 secs] [Times: user=0.71 sys=0.01, real=0.12 secs] 
5693.434: [GC (Allocation Failure) [PSYoungGen: 410311K->148544K(501760K)] 1076498K->914032K(1900032K), 0.0527504 secs] [Times: user=0.31 sys=0.00, real=0.05 secs] 
5696.155: [GC (Allocation Failure) [PSYoungGen: 458816K->100864K(504320K)] 1224304K->1006825K(1902592K), 0.1239967 secs] [Times: user=0.74 sys=0.00, real=0.12 secs] 
5697.979: [GC (Allocation Failure) [PSYoungGen: 411136K->147808K(502784K)] 1317097K->1150305K(1901056K), 0.0489204 secs] [Times: user=0.29 sys=0.00, real=0.05 secs] 
5699.403: [GC (Allocation Failure) [PSYoungGen: 459104K->108448K(419840K)] 1461601K->1249669K(1818112K), 0.1095865 secs] [Times: user=0.64 sys=0.00, real=0.11 secs] 
5699.963: [GC (Allocation Failure) [PSYoungGen: 410794K->145504K(502784K)] 1552015K->1391430K(1901056K), 0.0522848 secs] [Times: user=0.31 sys=0.01, real=0.05 secs] 
5700.015: [Full GC (Ergonomics) [PSYoungGen: 145504K->0K(502784K)] [ParOldGen: 1245926K->195587K(1398272K)] 1391430K->195587K(1901056K), [Metaspace: 59689K->59689K(1105920K)], 0.4947753 secs] [Times: user=2.31 sys=0.00, real=0.49 secs] 
5703.314: [GC (Allocation Failure) [PSYoungGen: 312832K->103520K(503808K)] 508419K->299107K(1902080K), 0.0625493 secs] [Times: user=0.36 sys=0.00, real=0.06 secs] 
5703.738: [GC (Allocation Failure) [PSYoungGen: 407024K->147104K(505344K)] 602612K->442828K(1903616K), 0.0494133 secs] [Times: user=0.29 sys=0.00, real=0.05 secs] 
5706.486: [GC (GCLocker Initiated GC) [PSYoungGen: 463520K->105568K(506880K)] 759244K->539800K(1905152K), 0.1062071 secs] [Times: user=0.63 sys=0.00, real=0.11 secs] 
5707.344: [GC (GCLocker Initiated GC) [PSYoungGen: 421984K->143264K(506880K)] 872603K->696278K(1905152K), 0.3157379 secs] [Times: user=1.89 sys=0.00, real=0.31 secs] 
5711.239: [GC (Allocation Failure) [PSYoungGen: 462240K->96672K(507392K)] 1015258K->793418K(1905664K), 0.3968838 secs] [Times: user=2.37 sys=0.01, real=0.40 secs] 
5712.638: [GC (Allocation Failure) [PSYoungGen: 415648K->158720K(498176K)] 1112394K->945437K(1896448K), 0.0504754 secs] [Times: user=0.30 sys=0.00, real=0.05 secs] 
5714.471: [GC (Allocation Failure) [PSYoungGen: 469504K->94720K(504832K)] 1256221K->1040301K(1903104K), 0.1615833 secs] [Times: user=0.96 sys=0.01, real=0.17 secs] 
5715.161: [GC (Allocation Failure) [PSYoungGen: 405504K->153984K(497664K)] 1351085K->1188150K(1895936K), 0.0556110 secs] [Times: user=0.33 sys=0.00, real=0.06 secs] 
5718.008: [GC (Allocation Failure) [PSYoungGen: 458624K->90496K(501760K)] 1492790K->1278314K(1900032K), 0.1597237 secs] [Times: user=0.93 sys=0.01, real=0.16 secs] 
5718.575: [GC (Allocation Failure) [PSYoungGen: 395136K->150848K(497152K)] 1582954K->1423259K(1895424K), 0.0548624 secs] [Times: user=0.33 sys=0.00, real=0.05 secs] 
5718.630: [Full GC (Ergonomics) [PSYoungGen: 150848K->0K(497152K)] [ParOldGen: 1272411K->217408K(1398272K)] 1423259K->217408K(1895424K), [Metaspace: 59689K->59689K(1105920K)], 0.5194197 secs] [Times: user=2.42 sys=0.00, real=0.52 secs] 
5721.840: [GC (Allocation Failure) [PSYoungGen: 300544K->87008K(499712K)] 517952K->304416K(1897984K), 0.1167469 secs] [Times: user=0.68 sys=0.01, real=0.12 secs] 
5722.751: [GC (Allocation Failure) [PSYoungGen: 387552K->148640K(496128K)] 604960K->446775K(1894400K), 0.0512581 secs] [Times: user=0.30 sys=0.01, real=0.05 secs] 
5724.437: [GC (Allocation Failure) [PSYoungGen: 443671K->91872K(498176K)] 741806K->538187K(1896448K), 0.1430362 secs] [Times: user=0.85 sys=0.00, real=0.14 secs] 
5725.443: [GC (Allocation Failure) [PSYoungGen: 378409K->137888K(495104K)] 824724K->672328K(1893376K), 0.0482486 secs] [Times: user=0.29 sys=0.00, real=0.05 secs] 
5727.868: [GC (Allocation Failure) [PSYoungGen: 437408K->96128K(496640K)] 971848K->760164K(1894912K), 0.1536715 secs] [Times: user=0.92 sys=0.00, real=0.16 secs] 
5729.703: [GC (Allocation Failure) [PSYoungGen: 395648K->143552K(499712K)] 1059684K->899477K(1897984K), 0.0489641 secs] [Times: user=0.29 sys=0.00, real=0.05 secs] 
5730.984: [GC (Allocation Failure) [PSYoungGen: 448704K->102368K(500736K)] 1204629K->992821K(1899008K), 0.0676698 secs] [Times: user=0.41 sys=0.00, real=0.07 secs] 
5732.852: [GC (Allocation Failure) [PSYoungGen: 407520K->144032K(499200K)] 1297973K->1133489K(1897472K), 0.0511985 secs] [Times: user=0.30 sys=0.01, real=0.05 secs] 
5734.083: [GC (Allocation Failure) [PSYoungGen: 451232K->105632K(500736K)] 1440689K->1230146K(1899008K), 0.0653419 secs] [Times: user=0.39 sys=0.00, real=0.06 secs] 
5735.295: [GC (Allocation Failure) [PSYoungGen: 412832K->145792K(500736K)] 1537346K->1374050K(1899008K), 0.1261847 secs] [Times: user=0.74 sys=0.01, real=0.13 secs] 
5735.421: [Full GC (Ergonomics) [PSYoungGen: 145792K->0K(500736K)] [ParOldGen: 1228258K->182046K(1398272K)] 1374050K->182046K(1899008K), [Metaspace: 59689K->59689K(1105920K)], 0.4868541 secs] [Times: user=2.33 sys=0.01, real=0.48 secs] 
5738.177: [GC (Allocation Failure) [PSYoungGen: 311296K->104320K(502784K)] 493342K->286366K(1901056K), 0.0327210 secs] [Times: user=0.19 sys=0.00, real=0.03 secs] 
5740.279: [GC (Allocation Failure) [PSYoungGen: 415616K->146720K(502784K)] 597662K->430303K(1901056K), 0.0513080 secs] [Times: user=0.30 sys=0.00, real=0.05 secs] 
5742.539: [GC (Allocation Failure) [PSYoungGen: 461600K->106176K(505856K)] 745183K->527871K(1904128K), 0.0957546 secs] [Times: user=0.57 sys=0.00, real=0.10 secs] 
5744.073: [GC (Allocation Failure) [PSYoungGen: 421056K->150112K(503808K)] 842751K->674180K(1902080K), 0.0521630 secs] [Times: user=0.30 sys=0.01, real=0.05 secs] 
5745.685: [GC (GCLocker Initiated GC) [PSYoungGen: 466528K->106688K(507392K)] 990596K->771804K(1905664K), 0.1097575 secs] [Times: user=0.65 sys=0.01, real=0.11 secs] 
5746.715: [GC (Allocation Failure) [PSYoungGen: 423104K->144128K(506368K)] 1104607K->928993K(1904640K), 0.2435447 secs] [Times: user=1.46 sys=0.00, real=0.24 secs] 
5750.161: [GC (Allocation Failure) [PSYoungGen: 463104K->95136K(507904K)] 1247969K->1024017K(1906176K), 0.4203551 secs] [Times: user=2.46 sys=0.02, real=0.42 secs] 
5751.402: [GC (Allocation Failure) [PSYoungGen: 414112K->154624K(500736K)] 1342993K->1174574K(1899008K), 0.0554748 secs] [Times: user=0.33 sys=0.00, real=0.05 secs] 
5753.946: [GC (Allocation Failure) [PSYoungGen: 467456K->93792K(505856K)] 1487406K->1267834K(1904128K), 0.1503463 secs] [Times: user=0.89 sys=0.01, real=0.15 secs] 
5754.624: [GC (Allocation Failure) [PSYoungGen: 406624K->156480K(495616K)] 1580666K->1418107K(1893888K), 0.0556573 secs] [Times: user=0.33 sys=0.00, real=0.05 secs] 
5754.680: [Full GC (Ergonomics) [PSYoungGen: 156480K->0K(495616K)] [ParOldGen: 1261627K->215923K(1398272K)] 1418107K->215923K(1893888K), [Metaspace: 59689K->59689K(1105920K)], 0.5132776 secs] [Times: user=2.40 sys=0.00, real=0.52 secs] 
5757.764: [GC (Allocation Failure) [PSYoungGen: 303616K->89856K(501248K)] 519539K->305779K(1899520K), 0.1350850 secs] [Times: user=0.80 sys=0.00, real=0.13 secs] 
5758.666: [GC (Allocation Failure) [PSYoungGen: 393472K->148384K(498176K)] 609395K->448492K(1896448K), 0.0523865 secs] [Times: user=0.32 sys=0.00, real=0.05 secs] 
5760.315: [GC (Allocation Failure) [PSYoungGen: 449952K->94656K(500224K)] 750060K->542612K(1898496K), 0.0983661 secs] [Times: user=0.59 sys=0.01, real=0.10 secs] 
5760.701: [GC (Allocation Failure) [PSYoungGen: 396224K->150624K(496128K)] 844180K->687721K(1894400K), 0.0537180 secs] [Times: user=0.32 sys=0.00, real=0.05 secs] 
5763.500: [GC (Allocation Failure) [PSYoungGen: 450144K->85760K(499200K)] 987241K->773453K(1897472K), 0.1747842 secs] [Times: user=1.04 sys=0.01, real=0.18 secs] 
5764.521: [GC (Allocation Failure) [PSYoungGen: 382719K->142560K(499200K)] 1070413K->912306K(1897472K), 0.0478217 secs] [Times: user=0.28 sys=0.01, real=0.04 secs] 
5766.465: [GC (Allocation Failure) [PSYoungGen: 443104K->99616K(400384K)] 1212850K->1003178K(1798656K), 0.1682344 secs] [Times: user=1.00 sys=0.00, real=0.17 secs] 
5768.422: [GC (Allocation Failure) [PSYoungGen: 400160K->141920K(496128K)] 1303722K->1141951K(1894400K), 0.0488618 secs] [Times: user=0.29 sys=0.00, real=0.05 secs] 
5770.717: [GC (Allocation Failure) [PSYoungGen: 442464K->99168K(496640K)] 1442495K->1232799K(1894912K), 0.0624066 secs] [Times: user=0.37 sys=0.00, real=0.06 secs] 
5772.336: [GC (Allocation Failure) [PSYoungGen: 399712K->141440K(499200K)] 1533343K->1371096K(1897472K), 0.0497250 secs] [Times: user=0.29 sys=0.00, real=0.05 secs] 
5772.386: [Full GC (Ergonomics) [PSYoungGen: 141440K->0K(499200K)] [ParOldGen: 1229656K->177698K(1398272K)] 1371096K->177698K(1897472K), [Metaspace: 59689K->59689K(1105920K)], 0.4347903 secs] [Times: user=2.03 sys=0.00, real=0.43 secs] 
5774.153: [GC (Allocation Failure) [PSYoungGen: 306688K->105152K(499712K)] 484386K->282850K(1897984K), 0.0339154 secs] [Times: user=0.20 sys=0.00, real=0.03 secs] 
5775.023: [GC (Allocation Failure) [PSYoungGen: 411840K->145536K(499712K)] 589538K->426183K(1897984K), 0.0523494 secs] [Times: user=0.30 sys=0.00, real=0.05 secs] 
5776.259: [GC (Allocation Failure) [PSYoungGen: 456320K->106656K(502272K)] 736967K->523659K(1900544K), 0.0646585 secs] [Times: user=0.38 sys=0.00, real=0.07 secs] 
5778.780: [GC (Allocation Failure) [PSYoungGen: 417440K->146688K(502784K)] 834443K->667376K(1901056K), 0.0523817 secs] [Times: user=0.31 sys=0.00, real=0.06 secs] 
5780.825: [GC (GCLocker Initiated GC) [PSYoungGen: 462080K->107456K(505856K)] 982768K->766152K(1904128K), 0.0641290 secs] [Times: user=0.38 sys=0.00, real=0.06 secs] 
5783.095: [GC (Allocation Failure) [PSYoungGen: 422848K->148384K(504320K)] 1081592K->911321K(1902592K), 0.0523965 secs] [Times: user=0.32 sys=0.00, real=0.05 secs] 
5785.411: [GC (Allocation Failure) [PSYoungGen: 466336K->107104K(507392K)] 1229273K->1009497K(1905664K), 0.0879813 secs] [Times: user=0.52 sys=0.00, real=0.09 secs] 
5786.335: [GC (Allocation Failure) [PSYoungGen: 425056K->153632K(502272K)] 1327449K->1159462K(1900544K), 0.0531067 secs] [Times: user=0.31 sys=0.00, real=0.05 secs] 
5788.907: [GC (Allocation Failure) [PSYoungGen: 469536K->105696K(507392K)] 1475366K->1256802K(1905664K), 0.1616902 secs] [Times: user=0.96 sys=0.00, real=0.16 secs] 
5790.209: [GC (Allocation Failure) [PSYoungGen: 411708K->145280K(507392K)] 1562814K->1398107K(1905664K), 0.0508713 secs] [Times: user=0.30 sys=0.00, real=0.05 secs] 
5790.260: [Full GC (Ergonomics) [PSYoungGen: 145280K->0K(507392K)] [ParOldGen: 1252827K->195823K(1398272K)] 1398107K->195823K(1905664K), [Metaspace: 59689K->59689K(1105920K)], 0.4868094 secs] [Times: user=2.28 sys=0.00, real=0.49 secs] 
5793.722: [GC (Allocation Failure) [PSYoungGen: 318976K->106400K(425472K)] 514799K->302223K(1823744K), 0.1004592 secs] [Times: user=0.59 sys=0.01, real=0.10 secs] 
5794.661: [GC (Allocation Failure) [PSYoungGen: 410893K->144608K(506368K)] 606717K->442844K(1904640K), 0.0499504 secs] [Times: user=0.30 sys=0.00, real=0.05 secs] 
5796.866: [GC (Allocation Failure) [PSYoungGen: 464096K->108416K(507392K)] 762332K->542556K(1905664K), 0.1584363 secs] [Times: user=0.94 sys=0.00, real=0.16 secs] 
5797.302: [GC (Allocation Failure) [PSYoungGen: 427904K->156384K(501760K)] 862044K->695305K(1900032K), 0.0520744 secs] [Times: user=0.31 sys=0.00, real=0.05 secs] 
5799.978: [GC (Allocation Failure) [PSYoungGen: 473312K->94816K(507904K)] 1012233K->790217K(1906176K), 0.1650974 secs] [Times: user=0.98 sys=0.01, real=0.17 secs] 
5800.667: [GC (Allocation Failure) [PSYoungGen: 411744K->157632K(497664K)] 1107145K->942014K(1895936K), 0.0555681 secs] [Times: user=0.33 sys=0.00, real=0.06 secs] 
5803.105: [GC (Allocation Failure) [PSYoungGen: 465344K->92544K(503296K)] 1249726K->1034438K(1901568K), 0.1411614 secs] [Times: user=0.84 sys=0.00, real=0.14 secs] 
5803.534: [GC (Allocation Failure) [PSYoungGen: 400256K->152224K(497664K)] 1342150K->1180671K(1895936K), 0.0546454 secs] [Times: user=0.32 sys=0.01, real=0.05 secs] 
5806.847: [GC (Allocation Failure) [PSYoungGen: 454816K->87680K(500736K)] 1483263K->1267919K(1899008K), 0.1673121 secs] [Times: user=0.99 sys=0.00, real=0.17 secs] 
5807.423: [GC (Allocation Failure) [PSYoungGen: 390272K->149696K(496640K)] 1570511K->1411702K(1894912K), 0.0519526 secs] [Times: user=0.31 sys=0.00, real=0.05 secs] 
5807.475: [Full GC (Ergonomics) [PSYoungGen: 149696K->0K(496640K)] [ParOldGen: 1262006K->210521K(1398272K)] 1411702K->210521K(1894912K), [Metaspace: 59689K->59689K(1105920K)], 0.5004020 secs] [Times: user=2.33 sys=0.00, real=0.50 secs] 
5810.286: [GC (Allocation Failure) [PSYoungGen: 296318K->90048K(498688K)] 506840K->300569K(1896960K), 0.1668849 secs] [Times: user=0.99 sys=0.00, real=0.17 secs] 
5811.576: [GC (Allocation Failure) [PSYoungGen: 382298K->138048K(493568K)] 592820K->434882K(1891840K), 0.0477594 secs] [Times: user=0.28 sys=0.00, real=0.05 secs] 
5813.202: [GC (Allocation Failure) [PSYoungGen: 437568K->99552K(496640K)] 734402K->526010K(1894912K), 0.1351515 secs] [Times: user=0.80 sys=0.01, real=0.13 secs] 
5814.164: [GC (Allocation Failure) [PSYoungGen: 399072K->143008K(501248K)] 825530K->665619K(1899520K), 0.0493839 secs] [Times: user=0.28 sys=0.01, real=0.05 secs] 
5816.721: [GC (Allocation Failure) [PSYoungGen: 450208K->103232K(410624K)] 972819K->759643K(1808896K), 0.1216991 secs] [Times: user=0.72 sys=0.00, real=0.12 secs] 
5817.554: [GC (Allocation Failure) [PSYoungGen: 410432K->148384K(498176K)] 1066843K->904769K(1896448K), 0.0508418 secs] [Times: user=0.30 sys=0.00, real=0.05 secs] 
5819.757: [GC (Allocation Failure) [PSYoungGen: 455584K->101984K(501248K)] 1211969K->997997K(1899520K), 0.1043048 secs] [Times: user=0.63 sys=0.00, real=0.11 secs] 
5821.890: [GC (Allocation Failure) [PSYoungGen: 409184K->147904K(502272K)] 1305197K->1142150K(1900544K), 0.0510817 secs] [Times: user=0.31 sys=0.00, real=0.05 secs] 
5823.681: [GC (Allocation Failure) [PSYoungGen: 459200K->103392K(504832K)] 1453446K->1236922K(1903104K), 0.1329046 secs] [Times: user=0.80 sys=0.00, real=0.13 secs] 
5825.392: [GC (Allocation Failure) [PSYoungGen: 414688K->147744K(502272K)] 1548218K->1381063K(1900544K), 0.0519951 secs] [Times: user=0.30 sys=0.00, real=0.05 secs] 
5825.444: [Full GC (Ergonomics) [PSYoungGen: 147744K->0K(502272K)] [ParOldGen: 1233319K->187586K(1398272K)] 1381063K->187586K(1900544K), [Metaspace: 59691K->59691K(1105920K)], 0.4534848 secs] [Times: user=2.13 sys=0.00, real=0.45 secs] 
5827.062: [GC (Allocation Failure) [PSYoungGen: 311808K->106048K(504832K)] 499394K->293634K(1903104K), 0.0432725 secs] [Times: user=0.26 sys=0.00, real=0.04 secs] 
5829.591: [GC (Allocation Failure) [PSYoungGen: 417856K->147488K(502272K)] 605442K->437090K(1900544K), 0.0513015 secs] [Times: user=0.30 sys=0.01, real=0.06 secs] 
5831.033: [GC (Allocation Failure) [PSYoungGen: 460320K->109056K(504832K)] 749922K->537082K(1903104K), 0.0989860 secs] [Times: user=0.59 sys=0.00, real=0.10 secs] 
5832.382: [GC (Allocation Failure) [PSYoungGen: 421888K->148352K(502784K)] 849914K->681695K(1901056K), 0.0517325 secs] [Times: user=0.31 sys=0.00, real=0.05 secs] 
5835.346: [GC (Allocation Failure) [PSYoungGen: 463232K->105344K(505344K)] 996575K->777991K(1903616K), 0.0989828 secs] [Times: user=0.59 sys=0.01, real=0.10 secs] 
5836.364: [GC (Allocation Failure) [PSYoungGen: 410458K->145536K(506880K)] 1083106K->919956K(1905152K), 0.0505852 secs] [Times: user=0.30 sys=0.00, real=0.05 secs] 
5838.735: [GC (Allocation Failure) [PSYoungGen: 464512K->105472K(508416K)] 1238932K->1016956K(1906688K), 0.1566068 secs] [Times: user=0.94 sys=0.00, real=0.16 secs] 
5839.371: [GC (Allocation Failure) [PSYoungGen: 424448K->154368K(502784K)] 1335932K->1167677K(1901056K), 0.0524373 secs] [Times: user=0.31 sys=0.00, real=0.06 secs] 
5841.997: [GC (Allocation Failure) [PSYoungGen: 470272K->95008K(507392K)] 1483581K->1262417K(1905664K), 0.1449910 secs] [Times: user=0.87 sys=0.00, real=0.15 secs] 
5843.258: [GC (Allocation Failure) [PSYoungGen: 410912K->150560K(501248K)] 1578321K->1409614K(1899520K), 0.1010694 secs] [Times: user=0.60 sys=0.00, real=0.10 secs] 
5843.359: [Full GC (Ergonomics) [PSYoungGen: 150560K->0K(501248K)] [ParOldGen: 1259054K->207666K(1398272K)] 1409614K->207666K(1899520K), [Metaspace: 59691K->59691K(1105920K)], 0.5140965 secs] [Times: user=2.44 sys=0.01, real=0.52 secs] 
5847.596: [GC (Allocation Failure) [PSYoungGen: 310784K->91456K(504832K)] 518450K->299122K(1903104K), 0.1416161 secs] [Times: user=0.84 sys=0.00, real=0.14 secs] 
5848.986: [GC (Allocation Failure) [PSYoungGen: 402240K->150368K(499712K)] 609906K->446107K(1897984K), 0.0774996 secs] [Times: user=0.46 sys=0.00, real=0.08 secs] 
5851.884: [GC (Allocation Failure) [PSYoungGen: 457056K->91008K(502784K)] 752795K->537167K(1901056K), 0.1716020 secs] [Times: user=1.01 sys=0.00, real=0.17 secs] 
5853.196: [GC (Allocation Failure) [PSYoungGen: 384692K->140608K(500736K)] 830851K->673279K(1899008K), 0.0490360 secs] [Times: user=0.29 sys=0.00, real=0.05 secs] 
5854.986: [GC (Allocation Failure) [PSYoungGen: 448320K->100480K(502272K)] 980991K->765000K(1900544K), 0.1537036 secs] [Times: user=0.91 sys=0.00, real=0.15 secs] 
5856.573: [GC (Allocation Failure) [PSYoungGen: 408192K->146368K(500736K)] 1072712K->907944K(1899008K), 0.1024314 secs] [Times: user=0.61 sys=0.00, real=0.10 secs] 
5860.934: [GC (Allocation Failure) [PSYoungGen: 455616K->97472K(502784K)] 1217192K->997320K(1901056K), 0.0790365 secs] [Times: user=0.46 sys=0.00, real=0.08 secs] 
5861.598: [GC (Allocation Failure) [PSYoungGen: 406720K->149920K(500224K)] 1306568K->1143641K(1898496K), 0.0505471 secs] [Times: user=0.29 sys=0.00, real=0.05 secs] 
5864.991: [GC (Allocation Failure) [PSYoungGen: 458656K->102048K(503808K)] 1452377K->1237169K(1902080K), 0.0699070 secs] [Times: user=0.42 sys=0.01, real=0.07 secs] 
5866.332: [GC (Allocation Failure) [PSYoungGen: 410784K->147520K(501248K)] 1545905K->1380906K(1899520K), 0.0511972 secs] [Times: user=0.30 sys=0.00, real=0.05 secs] 
5866.383: [Full GC (Ergonomics) [PSYoungGen: 147520K->0K(501248K)] [ParOldGen: 1233386K->187448K(1398272K)] 1380906K->187448K(1899520K), [Metaspace: 59691K->59691K(1105920K)], 0.4632087 secs] [Times: user=2.18 sys=0.00, real=0.46 secs] 
5868.752: [GC (Allocation Failure) [PSYoungGen: 309760K->105824K(503808K)] 497208K->293272K(1902080K), 0.0319472 secs] [Times: user=0.19 sys=0.00, real=0.03 secs] 
5870.211: [GC (Allocation Failure) [PSYoungGen: 415584K->148640K(501248K)] 603032K->436393K(1899520K), 0.0506735 secs] [Times: user=0.29 sys=0.01, real=0.06 secs] 
5873.315: [GC (Allocation Failure) [PSYoungGen: 459424K->101024K(503808K)] 747177K->528809K(1902080K), 0.0638989 secs] [Times: user=0.38 sys=0.00, real=0.06 secs] 
5874.837: [GC (Allocation Failure) [PSYoungGen: 411808K->148352K(502272K)] 839593K->674162K(1900544K), 0.0500717 secs] [Times: user=0.30 sys=0.00, real=0.05 secs] 
5878.023: [GC (Allocation Failure) [PSYoungGen: 460160K->104992K(417280K)] 985970K->770106K(1815552K), 0.0954292 secs] [Times: user=0.56 sys=0.00, real=0.09 secs] 
5878.637: [GC (Allocation Failure) [PSYoungGen: 416800K->150944K(501248K)] 1081914K->917975K(1899520K), 0.0519536 secs] [Times: user=0.31 sys=0.00, real=0.05 secs] 
5880.807: [GC (Allocation Failure) [PSYoungGen: 462240K->103264K(504832K)] 1229271K->1012431K(1903104K), 0.1710601 secs] [Times: user=1.02 sys=0.00, real=0.17 secs] 
5882.192: [GC (Allocation Failure) [PSYoungGen: 414560K->150496K(501760K)] 1323727K->1159025K(1900032K), 0.0508074 secs] [Times: user=0.30 sys=0.00, real=0.05 secs] 
5884.261: [GC (GCLocker Initiated GC) [PSYoungGen: 461280K->102944K(504832K)] 1469810K->1253454K(1903104K), 0.0667826 secs] [Times: user=0.40 sys=0.00, real=0.07 secs] 
5885.007: [GC (Allocation Failure) [PSYoungGen: 413728K->141888K(503296K)] 1580624K->1407964K(1901568K), 0.2744811 secs] [Times: user=1.64 sys=0.01, real=0.28 secs] 
5885.281: [Full GC (Ergonomics) [PSYoungGen: 141888K->0K(503296K)] [ParOldGen: 1266076K->205623K(1398272K)] 1407964K->205623K(1901568K), [Metaspace: 59691K->59691K(1105920K)], 0.4250815 secs] [Times: user=1.88 sys=0.00, real=0.42 secs] 
5887.515: [GC (Allocation Failure) [PSYoungGen: 312896K->95008K(504320K)] 518519K->300631K(1902592K), 0.1667378 secs] [Times: user=0.99 sys=0.00, real=0.17 secs] 
5888.134: [GC (Allocation Failure) [PSYoungGen: 408352K->153184K(499712K)] 613975K->449940K(1897984K), 0.0543879 secs] [Times: user=0.33 sys=0.00, real=0.05 secs] 
5891.591: [GC (Allocation Failure) [PSYoungGen: 462944K->91968K(504320K)] 759700K->541952K(1902592K), 0.0974493 secs] [Times: user=0.58 sys=0.00, real=0.10 secs] 
5892.109: [GC (Allocation Failure) [PSYoungGen: 401728K->151392K(498176K)] 851712K->687957K(1896448K), 0.0575140 secs] [Times: user=0.34 sys=0.00, real=0.06 secs] 
5896.581: [GC (Allocation Failure) [PSYoungGen: 456032K->86240K(501760K)] 992597K->774045K(1900032K), 0.1724312 secs] [Times: user=1.02 sys=0.01, real=0.17 secs] 
5897.895: [GC (Allocation Failure) [PSYoungGen: 382712K->142272K(501248K)] 1070517K->912346K(1899520K), 0.0487382 secs] [Times: user=0.29 sys=0.00, real=0.05 secs] 
5899.315: [GC (Allocation Failure) [PSYoungGen: 447424K->103072K(408576K)] 1217498K->1006586K(1806848K), 0.0631290 secs] [Times: user=0.37 sys=0.00, real=0.06 secs] 
5900.123: [GC (Allocation Failure) [PSYoungGen: 408224K->147584K(496640K)] 1311738K->1150867K(1894912K), 0.0501524 secs] [Times: user=0.30 sys=0.00, real=0.05 secs] 
5902.056: [GC (Allocation Failure) [PSYoungGen: 451200K->100640K(499200K)] 1454483K->1242863K(1897472K), 0.1515913 secs] [Times: user=0.90 sys=0.00, real=0.15 secs] 
5903.579: [GC (Allocation Failure) [PSYoungGen: 404256K->143776K(501760K)] 1546479K->1382919K(1900032K), 0.0491552 secs] [Times: user=0.30 sys=0.00, real=0.05 secs] 
5903.628: [Full GC (Ergonomics) [PSYoungGen: 143776K->0K(501760K)] [ParOldGen: 1239143K->188998K(1398272K)] 1382919K->188998K(1900032K), [Metaspace: 59691K->59691K(1105920K)], 0.4618180 secs] [Times: user=2.14 sys=0.00, real=0.46 secs] 
5905.751: [GC (Allocation Failure) [PSYoungGen: 309248K->103008K(502784K)] 498246K->292006K(1901056K), 0.0534141 secs] [Times: user=0.32 sys=0.00, real=0.06 secs] 
5906.585: [GC (Allocation Failure) [PSYoungGen: 412256K->148832K(499712K)] 601254K->437527K(1897984K), 0.0501002 secs] [Times: user=0.30 sys=0.00, real=0.05 secs] 
5909.280: [GC (Allocation Failure) [PSYoungGen: 458592K->102592K(502784K)] 747287K->531487K(1901056K), 0.0920373 secs] [Times: user=0.55 sys=0.00, real=0.10 secs] 
5909.731: [GC (Allocation Failure) [PSYoungGen: 412352K->151488K(500736K)] 841247K->679984K(1899008K), 0.0512466 secs] [Times: user=0.31 sys=0.00, real=0.05 secs] 
5912.520: [GC (Allocation Failure) [PSYoungGen: 462272K->101376K(504832K)] 990768K->773028K(1903104K), 0.0789464 secs] [Times: user=0.47 sys=0.00, real=0.08 secs] 
5913.066: [GC (Allocation Failure) [PSYoungGen: 409728K->150720K(500224K)] 1081381K->920998K(1898496K), 0.0622735 secs] [Times: user=0.37 sys=0.00, real=0.06 secs] 
5915.251: [GC (Allocation Failure) [PSYoungGen: 459456K->98656K(503808K)] 1229734K->1011522K(1902080K), 0.0651361 secs] [Times: user=0.38 sys=0.00, real=0.06 secs] 
5916.580: [GC (Allocation Failure) [PSYoungGen: 407392K->148064K(501248K)] 1320258K->1156636K(1899520K), 0.0714684 secs] [Times: user=0.42 sys=0.01, real=0.08 secs] 
5919.901: [GC (Allocation Failure) [PSYoungGen: 456800K->101376K(410624K)] 1465372K->1249500K(1808896K), 0.0707739 secs] [Times: user=0.42 sys=0.00, real=0.07 secs] 
5920.382: [GC (Allocation Failure) [PSYoungGen: 410112K->149920K(500224K)] 1558236K->1395814K(1898496K), 0.0509168 secs] [Times: user=0.30 sys=0.00, real=0.05 secs] 
5920.433: [Full GC (Ergonomics) [PSYoungGen: 149920K->0K(500224K)] [ParOldGen: 1245894K->192645K(1398272K)] 1395814K->192645K(1898496K), [Metaspace: 59691K->59691K(1105920K)], 0.4692956 secs] [Times: user=2.18 sys=0.00, real=0.47 secs] 
5924.174: [GC (Allocation Failure) [PSYoungGen: 308224K->101344K(503296K)] 500869K->293989K(1901568K), 0.0355546 secs] [Times: user=0.20 sys=0.00, real=0.03 secs] 
5924.882: [GC (Allocation Failure) [PSYoungGen: 409568K->145952K(502784K)] 602213K->436670K(1901056K), 0.0509265 secs] [Times: user=0.26 sys=0.00, real=0.05 secs] 
5927.885: [GC (Allocation Failure) [PSYoungGen: 456224K->107264K(417792K)] 746942K->534574K(1816064K), 0.0756028 secs] [Times: user=0.45 sys=0.00, real=0.08 secs] 
5928.444: [GC (Allocation Failure) [PSYoungGen: 416675K->150560K(498688K)] 843985K->682095K(1896960K), 0.0515593 secs] [Times: user=0.30 sys=0.00, real=0.05 secs] 
5930.780: [GC (Allocation Failure) [PSYoungGen: 459296K->98912K(502272K)] 990831K->772727K(1900544K), 0.1601260 secs] [Times: user=0.95 sys=0.01, real=0.16 secs] 
5931.915: [GC (Allocation Failure) [PSYoungGen: 407648K->151168K(500224K)] 1081463K->920120K(1898496K), 0.0490117 secs] [Times: user=0.28 sys=0.00, real=0.05 secs] 
5933.634: [GC (Allocation Failure) [PSYoungGen: 459904K->101216K(503808K)] 1228856K->1012872K(1902080K), 0.1342984 secs] [Times: user=0.80 sys=0.00, real=0.13 secs] 
5935.132: [GC (Allocation Failure) [PSYoungGen: 409952K->149984K(501248K)] 1321608K->1159479K(1899520K), 0.0495897 secs] [Times: user=0.27 sys=0.00, real=0.05 secs] 
5937.733: [GC (Allocation Failure) [PSYoungGen: 458720K->100320K(503808K)] 1468215K->1251544K(1902080K), 0.1646026 secs] [Times: user=0.99 sys=0.00, real=0.16 secs] 
5939.554: [GC (Allocation Failure) [PSYoungGen: 409056K->146496K(503296K)] 1560280K->1394444K(1901568K), 0.0502877 secs] [Times: user=0.30 sys=0.01, real=0.05 secs] 
5939.605: [Full GC (Ergonomics) [PSYoungGen: 146496K->0K(503296K)] [ParOldGen: 1247948K->192420K(1398272K)] 1394444K->192420K(1901568K), [Metaspace: 59692K->59692K(1105920K)], 0.4676438 secs] [Times: user=2.17 sys=0.00, real=0.47 secs] 
5941.760: [GC (Allocation Failure) [PSYoungGen: 310272K->102272K(412672K)] 502692K->294692K(1810944K), 0.0784714 secs] [Times: user=0.46 sys=0.00, real=0.08 secs] 
5943.615: [GC (Allocation Failure) [PSYoungGen: 412544K->148640K(500736K)] 604964K->438793K(1899008K), 0.0496946 secs] [Times: user=0.28 sys=0.00, real=0.05 secs] 
5945.309: [GC (Allocation Failure) [PSYoungGen: 457888K->104928K(503296K)] 748041K->534681K(1901568K), 0.1077142 secs] [Times: user=0.62 sys=0.01, real=0.11 secs] 
5946.221: [GC (Allocation Failure) [PSYoungGen: 414176K->149600K(501760K)] 843929K->681026K(1900032K), 0.0515757 secs] [Times: user=0.30 sys=0.00, real=0.05 secs] 
5948.969: [GC (Allocation Failure) [PSYoungGen: 460384K->101248K(504320K)] 991810K->773802K(1902592K), 0.1687527 secs] [Times: user=1.00 sys=0.01, real=0.17 secs] 
5950.401: [GC (Allocation Failure) [PSYoungGen: 412032K->150144K(502272K)] 1084586K->919719K(1900544K), 0.0498312 secs] [Times: user=0.30 sys=0.00, real=0.05 secs] 
5952.265: [GC (Allocation Failure) [PSYoungGen: 460928K->102400K(504832K)] 1230503K->1013551K(1903104K), 0.1700356 secs] [Times: user=1.01 sys=0.00, real=0.17 secs] 
5953.888: [GC (Allocation Failure) [PSYoungGen: 413184K->150048K(501248K)] 1324335K->1158936K(1899520K), 0.0500437 secs] [Times: user=0.30 sys=0.00, real=0.05 secs] 
5955.765: [GC (Allocation Failure) [PSYoungGen: 459808K->103872K(504320K)] 1468696K->1253808K(1902592K), 0.1210164 secs] [Times: user=0.71 sys=0.01, real=0.12 secs] 
5957.842: [GC (Allocation Failure) [PSYoungGen: 413632K->147776K(502272K)] 1563568K->1397021K(1900544K), 0.0512401 secs] [Times: user=0.31 sys=0.00, real=0.05 secs] 
5957.894: [Full GC (Ergonomics) [PSYoungGen: 147776K->0K(502272K)] [ParOldGen: 1249245K->196078K(1398272K)] 1397021K->196078K(1900544K), [Metaspace: 59692K->59692K(1105920K)], 0.4818643 secs] [Times: user=2.25 sys=0.00, real=0.48 secs] 
5960.214: [GC (Allocation Failure) [PSYoungGen: 310784K->103808K(504320K)] 506862K->299886K(1902592K), 0.0948786 secs] [Times: user=0.56 sys=0.00, real=0.09 secs] 
5961.294: [GC (Allocation Failure) [PSYoungGen: 409178K->146688K(503296K)] 605257K->443091K(1901568K), 0.0529637 secs] [Times: user=0.31 sys=0.01, real=0.05 secs] 
5964.514: [GC (Allocation Failure) [PSYoungGen: 459008K->103712K(504832K)] 755411K->538295K(1903104K), 0.1625849 secs] [Times: user=0.96 sys=0.01, real=0.16 secs] 
5966.219: [GC (Allocation Failure) [PSYoungGen: 416032K->148032K(503296K)] 850615K->681940K(1901568K), 0.0503295 secs] [Times: user=0.29 sys=0.00, real=0.05 secs] 
5967.658: [GC (Allocation Failure) [PSYoungGen: 461376K->107904K(505344K)] 995284K->780824K(1903616K), 0.0852610 secs] [Times: user=0.50 sys=0.00, real=0.09 secs] 
5968.906: [GC (Allocation Failure) [PSYoungGen: 413788K->143648K(505344K)] 1086709K->920329K(1903616K), 0.0504492 secs] [Times: user=0.30 sys=0.00, real=0.05 secs] 
5970.766: [GC (Allocation Failure) [PSYoungGen: 460064K->108256K(505856K)] 1236745K->1019269K(1904128K), 0.1217876 secs] [Times: user=0.72 sys=0.01, real=0.12 secs] 
5971.397: [GC (Allocation Failure) [PSYoungGen: 424672K->154688K(502272K)] 1335685K->1170298K(1900544K), 0.0531471 secs] [Times: user=0.32 sys=0.00, real=0.05 secs] 
5973.623: [GC (Allocation Failure) [PSYoungGen: 470592K->94720K(506880K)] 1486202K->1264798K(1905152K), 0.1524207 secs] [Times: user=0.91 sys=0.00, real=0.15 secs] 
5975.427: [GC (Allocation Failure) [PSYoungGen: 410624K->153984K(500224K)] 1580702K->1412771K(1898496K), 0.1193216 secs] [Times: user=0.71 sys=0.00, real=0.12 secs] 
5975.546: [Full GC (Ergonomics) [PSYoungGen: 153984K->0K(500224K)] [ParOldGen: 1258787K->211918K(1398272K)] 1412771K->211918K(1898496K), [Metaspace: 59692K->59692K(1105920K)], 0.5429512 secs] [Times: user=2.59 sys=0.01, real=0.54 secs] 
5978.681: [GC (Allocation Failure) [PSYoungGen: 309760K->90592K(504320K)] 521678K->302510K(1902592K), 0.1607412 secs] [Times: user=0.95 sys=0.00, real=0.16 secs] 
5979.592: [GC (Allocation Failure) [PSYoungGen: 400352K->153024K(497152K)] 612270K->449227K(1895424K), 0.0531800 secs] [Times: user=0.31 sys=0.00, real=0.05 secs] 
5981.320: [GC (Allocation Failure) [PSYoungGen: 455616K->93216K(500736K)] 751819K->541887K(1899008K), 0.1019568 secs] [Times: user=0.60 sys=0.01, real=0.11 secs] 
5981.746: [GC (Allocation Failure) [PSYoungGen: 395808K->148896K(498176K)] 844479K->685788K(1896448K), 0.0533188 secs] [Times: user=0.32 sys=0.00, real=0.05 secs] 
5984.471: [GC (Allocation Failure) [PSYoungGen: 449652K->91584K(500224K)] 986545K->776828K(1898496K), 0.1361628 secs] [Times: user=0.81 sys=0.00, real=0.13 secs] 
5984.961: [GC (Allocation Failure) [PSYoungGen: 393152K->195968K(462336K)] 1078396K->968869K(1860608K), 0.0554815 secs] [Times: user=0.32 sys=0.00, real=0.05 secs] 
5986.381: [GC (Allocation Failure) [PSYoungGen: 460672K->74720K(339456K)] 1233573K->994017K(1737728K), 0.1090950 secs] [Times: user=0.56 sys=0.00, real=0.10 secs] 
5987.766: [GC (Allocation Failure) [PSYoungGen: 339424K->126464K(489472K)] 1258721K->1117230K(1887744K), 0.0519329 secs] [Times: user=0.31 sys=0.00, real=0.05 secs] 
5989.534: [GC (Allocation Failure) [PSYoungGen: 398336K->98560K(370688K)] 1389102K->1207162K(1768960K), 0.0610662 secs] [Times: user=0.36 sys=0.00, real=0.06 secs] 
5991.467: [GC (Allocation Failure) [PSYoungGen: 370432K->111648K(483840K)] 1479034K->1318675K(1882112K), 0.0725595 secs] [Times: user=0.42 sys=0.00, real=0.07 secs] 
5992.782: [GC (Allocation Failure) [PSYoungGen: 384972K->172832K(477184K)] 1591999K->1481303K(1875456K), 0.0696934 secs] [Times: user=0.42 sys=0.00, real=0.07 secs] 
5992.852: [Full GC (Ergonomics) [PSYoungGen: 172832K->0K(477184K)] [ParOldGen: 1308471K->255045K(1398272K)] 1481303K->255045K(1875456K), [Metaspace: 59692K->59692K(1105920K)], 0.5254978 secs] [Times: user=2.13 sys=0.00, real=0.52 secs] 
5996.286: [GC (Allocation Failure) [PSYoungGen: 278528K->82223K(489472K)] 533573K->337268K(1887744K), 0.0349537 secs] [Times: user=0.19 sys=0.01, real=0.04 secs] 
5996.573: [GC (Allocation Failure) [PSYoungGen: 361775K->140224K(419840K)] 616820K->471381K(1818112K), 0.0518953 secs] [Times: user=0.29 sys=0.00, real=0.05 secs] 
5999.146: [GC (Allocation Failure) [PSYoungGen: 419776K->82080K(488448K)] 750933K->553561K(1886720K), 0.1617184 secs] [Times: user=0.96 sys=0.01, real=0.16 secs] 
6000.005: [GC (Allocation Failure) [PSYoungGen: 361006K->137824K(486912K)] 832488K->681638K(1885184K), 0.0462830 secs] [Times: user=0.26 sys=0.01, real=0.05 secs] 
6002.122: [GC (Allocation Failure) [PSYoungGen: 418912K->89792K(489984K)] 962726K->762946K(1888256K), 0.0607985 secs] [Times: user=0.36 sys=0.00, real=0.06 secs] 
6003.376: [GC (Allocation Failure) [PSYoungGen: 378560K->138624K(489984K)] 1051714K->899991K(1888256K), 0.0621416 secs] [Times: user=0.36 sys=0.00, real=0.06 secs] 
6005.417: [GC (Allocation Failure) [PSYoungGen: 427392K->95008K(489984K)] 1188759K->986815K(1888256K), 0.0622419 secs] [Times: user=0.37 sys=0.00, real=0.06 secs] 
6006.920: [GC (Allocation Failure) [PSYoungGen: 391968K->138560K(493568K)] 1283775K->1124052K(1891840K), 0.0539035 secs] [Times: user=0.29 sys=0.00, real=0.06 secs] 
6008.755: [GC (Allocation Failure) [PSYoungGen: 435520K->103168K(493056K)] 1421012K->1218684K(1891328K), 0.0654785 secs] [Times: user=0.40 sys=0.00, real=0.06 secs] 
6010.286: [GC (GCLocker Initiated GC) [PSYoungGen: 408832K->134688K(497664K)] 1524348K->1352429K(1895936K), 0.0594247 secs] [Times: user=0.35 sys=0.00, real=0.06 secs] 
6012.274: [GC (Allocation Failure) [PSYoungGen: 440352K->113248K(494080K)] 1658097K->1456793K(1892352K), 0.0682433 secs] [Times: user=0.39 sys=0.01, real=0.07 secs] 
6012.343: [Full GC (Ergonomics) [PSYoungGen: 113248K->0K(494080K)] [ParOldGen: 1343545K->16796K(1398272K)] 1456793K->16796K(1892352K), [Metaspace: 59692K->59692K(1105920K)], 0.0277649 secs] [Times: user=0.07 sys=0.00, real=0.02 secs] 
6014.159: [GC (Allocation Failure) [PSYoungGen: 316416K->138080K(501248K)] 333212K->154876K(1899520K), 0.0307069 secs] [Times: user=0.18 sys=0.00, real=0.03 secs] 
6016.002: [GC (Allocation Failure) [PSYoungGen: 454496K->4320K(486912K)] 471292K->21256K(1885184K), 0.0018040 secs] [Times: user=0.01 sys=0.00, real=0.00 secs] 
6016.903: [GC (Allocation Failure) [PSYoungGen: 305888K->138720K(440320K)] 322824K->159102K(1838592K), 0.0306254 secs] [Times: user=0.17 sys=0.00, real=0.03 secs] 
6019.075: [GC (Allocation Failure) [PSYoungGen: 440288K->108016K(506368K)] 460670K->258666K(1904640K), 0.0635665 secs] [Times: user=0.38 sys=0.00, real=0.06 secs] 
6020.999: [GC (Allocation Failure) [PSYoungGen: 413680K->135328K(498176K)] 564330K->392983K(1896448K), 0.0604002 secs] [Times: user=0.36 sys=0.00, real=0.06 secs] 
6022.243: [GC (Allocation Failure) [PSYoungGen: 440992K->113120K(498688K)] 698647K->497083K(1896960K), 0.0636559 secs] [Times: user=0.37 sys=0.00, real=0.06 secs] 
6024.232: [GC (Allocation Failure) [PSYoungGen: 426464K->135328K(498688K)] 810427K->631208K(1896960K), 0.0580069 secs] [Times: user=0.34 sys=0.00, real=0.05 secs] 
6025.400: [GC (Allocation Failure) [PSYoungGen: 448672K->115360K(500224K)] 944552K->737136K(1898496K), 0.0632531 secs] [Times: user=0.38 sys=0.00, real=0.07 secs] 
6027.674: [GC (Allocation Failure) [PSYoungGen: 442528K->146048K(506368K)] 1064304K->881804K(1904640K), 0.0548081 secs] [Times: user=0.33 sys=0.00, real=0.05 secs] 
6028.887: [GC (Allocation Failure) [PSYoungGen: 473216K->117952K(511488K)] 1208972K->990205K(1909760K), 0.0667508 secs] [Times: user=0.40 sys=0.00, real=0.07 secs] 
6029.960: [GC (Allocation Failure) [PSYoungGen: 453312K->160288K(496128K)] 1325565K->1148005K(1894400K), 0.0574087 secs] [Times: user=0.34 sys=0.00, real=0.06 secs] 
6031.822: [GC (Allocation Failure) [PSYoungGen: 495648K->115584K(516608K)] 1483365K->1254465K(1914880K), 0.1211784 secs] [Times: user=0.72 sys=0.01, real=0.12 secs] 
6032.236: [GC (Allocation Failure) [PSYoungGen: 444800K->161472K(491008K)] 1583681K->1412142K(1889280K), 0.0566246 secs] [Times: user=0.34 sys=0.00, real=0.06 secs] 
6032.292: [Full GC (Ergonomics) [PSYoungGen: 161472K->0K(491008K)] [ParOldGen: 1250670K->215346K(1398272K)] 1412142K->215346K(1889280K), [Metaspace: 59692K->59692K(1105920K)], 0.5167370 secs] [Times: user=2.43 sys=0.00, real=0.51 secs] 
6035.994: [GC (Allocation Failure) [PSYoungGen: 329216K->98592K(509952K)] 544562K->313938K(1908224K), 0.1386043 secs] [Times: user=0.82 sys=0.00, real=0.14 secs] 
6036.416: [GC (Allocation Failure) [PSYoungGen: 418080K->159808K(479744K)] 633426K->467654K(1878016K), 0.0561922 secs] [Times: user=0.34 sys=0.00, real=0.06 secs] 
6039.082: [GC (Allocation Failure) [PSYoungGen: 479296K->96608K(504832K)] 787142K->564367K(1903104K), 0.1340686 secs] [Times: user=0.80 sys=0.00, real=0.13 secs] 
6039.996: [GC (GCLocker Initiated GC) [PSYoungGen: 405344K->150240K(459264K)] 873103K->708447K(1857536K), 0.0924948 secs] [Times: user=0.55 sys=0.00, real=0.09 secs] 
6043.580: [GC (Allocation Failure) [PSYoungGen: 458976K->90784K(502784K)] 1017187K->799083K(1901056K), 0.1502409 secs] [Times: user=0.89 sys=0.00, real=0.15 secs] 
6043.978: [GC (Allocation Failure) [PSYoungGen: 396448K->153120K(459264K)] 1104747K->946027K(1857536K), 0.0557159 secs] [Times: user=0.33 sys=0.01, real=0.06 secs] 
6046.979: [GC (Allocation Failure) [PSYoungGen: 458784K->89280K(500224K)] 1251691K->1035191K(1898496K), 0.1510291 secs] [Times: user=0.90 sys=0.00, real=0.15 secs] 
6047.374: [GC (Allocation Failure) [PSYoungGen: 389824K->150464K(451072K)] 1335735K->1178974K(1849344K), 0.0550420 secs] [Times: user=0.33 sys=0.00, real=0.05 secs] 
6049.599: [GC (Allocation Failure) [PSYoungGen: 451008K->91392K(499200K)] 1479518K->1270442K(1897472K), 0.1330958 secs] [Times: user=0.79 sys=0.01, real=0.14 secs] 
6049.961: [GC (Allocation Failure) [PSYoungGen: 388864K->147616K(497152K)] 1567914K->1412472K(1895424K), 0.0540555 secs] [Times: user=0.32 sys=0.00, real=0.05 secs] 
6050.015: [Full GC (Ergonomics) [PSYoungGen: 147616K->0K(497152K)] [ParOldGen: 1264856K->218789K(1398272K)] 1412472K->218789K(1895424K), [Metaspace: 59692K->59692K(1105920K)], 0.5259124 secs] [Times: user=2.45 sys=0.00, real=0.53 secs] 
6053.208: [GC (Allocation Failure) [PSYoungGen: 297472K->88512K(497664K)] 516261K->307301K(1895936K), 0.1210130 secs] [Times: user=0.72 sys=0.00, real=0.12 secs] 
6054.423: [GC (Allocation Failure) [PSYoungGen: 386496K->148128K(446464K)] 605285K->444850K(1844736K), 0.0509072 secs] [Times: user=0.30 sys=0.00, real=0.05 secs] 
6056.075: [GC (Allocation Failure) [PSYoungGen: 446112K->91968K(499200K)] 742834K->536506K(1897472K), 0.1082204 secs] [Times: user=0.64 sys=0.01, real=0.11 secs] 
6056.713: [GC (Allocation Failure) [PSYoungGen: 386095K->141216K(496640K)] 830633K->673679K(1894912K), 0.0488386 secs] [Times: user=0.29 sys=0.00, real=0.05 secs] 
6058.697: [GC (Allocation Failure) [PSYoungGen: 438176K->98944K(493568K)] 970639K->763847K(1891840K), 0.0814629 secs] [Times: user=0.48 sys=0.00, real=0.08 secs] 
6059.401: [GC (Allocation Failure) [PSYoungGen: 398464K->144256K(495104K)] 1063367K->905104K(1893376K), 0.0481982 secs] [Times: user=0.28 sys=0.00, real=0.05 secs] 
6062.032: [GC (Allocation Failure) [PSYoungGen: 443776K->96512K(498688K)] 1204624K->993448K(1896960K), 0.0623611 secs] [Times: user=0.37 sys=0.00, real=0.06 secs] 
6063.497: [GC (Allocation Failure) [PSYoungGen: 402688K->146880K(500224K)] 1299624K->1138170K(1898496K), 0.0495866 secs] [Times: user=0.28 sys=0.00, real=0.05 secs] 
6065.093: [GC (Allocation Failure) [PSYoungGen: 453056K->102368K(500224K)] 1444346K->1232002K(1898496K), 0.0643682 secs] [Times: user=0.39 sys=0.00, real=0.06 secs] 
6067.098: [GC (Allocation Failure) [PSYoungGen: 410592K->145632K(501248K)] 1540226K->1375143K(1899520K), 0.0513094 secs] [Times: user=0.30 sys=0.00, real=0.05 secs] 
6067.149: [Full GC (Ergonomics) [PSYoungGen: 145632K->0K(501248K)] [ParOldGen: 1229510K->181919K(1398272K)] 1375143K->181919K(1899520K), [Metaspace: 59692K->59692K(1105920K)], 0.4467656 secs] [Times: user=2.10 sys=0.00, real=0.45 secs] 
6068.705: [GC (Allocation Failure) [PSYoungGen: 308224K->104352K(499712K)] 490143K->286271K(1897984K), 0.0327029 secs] [Times: user=0.19 sys=0.00, real=0.03 secs] 
6070.652: [GC (Allocation Failure) [PSYoungGen: 415136K->145696K(501760K)] 597055K->429884K(1900032K), 0.0520414 secs] [Times: user=0.31 sys=0.00, real=0.05 secs] 
6074.293: [GC (Allocation Failure) [PSYoungGen: 456480K->102432K(503808K)] 740668K->523436K(1902080K), 0.0645769 secs] [Times: user=0.38 sys=0.01, real=0.06 secs] 
6075.654: [GC (Allocation Failure) [PSYoungGen: 417312K->149088K(504832K)] 838316K->669553K(1903104K), 0.0509051 secs] [Times: user=0.30 sys=0.00, real=0.05 secs] 
6076.824: [GC (Allocation Failure) [PSYoungGen: 463968K->108672K(503808K)] 984433K->769325K(1902080K), 0.0654527 secs] [Times: user=0.39 sys=0.00, real=0.06 secs] 
6077.808: [GC (Allocation Failure) [PSYoungGen: 424576K->154112K(504832K)] 1085229K->920602K(1903104K), 0.0531638 secs] [Times: user=0.32 sys=0.00, real=0.06 secs] 
6081.057: [GC (GCLocker Initiated GC) [PSYoungGen: 470016K->100992K(507392K)] 1236506K->1013418K(1905664K), 0.1558357 secs] [Times: user=0.92 sys=0.01, real=0.16 secs] 
6082.318: [GC (Allocation Failure) [PSYoungGen: 414336K->144352K(504832K)] 1343180K->1169732K(1903104K), 0.2404399 secs] [Times: user=1.44 sys=0.00, real=0.24 secs] 
6084.117: [GC (Allocation Failure) [PSYoungGen: 457696K->98400K(504832K)] 1483076K->1268496K(1903104K), 0.3116586 secs] [Times: user=1.86 sys=0.01, real=0.31 secs] 
6085.188: [GC (Allocation Failure) [PSYoungGen: 413280K->154880K(470016K)] 1583376K->1417397K(1868288K), 0.0573637 secs] [Times: user=0.34 sys=0.00, real=0.06 secs] 
6085.245: [Full GC (Ergonomics) [PSYoungGen: 154880K->0K(470016K)] [ParOldGen: 1262517K->214528K(1398272K)] 1417397K->214528K(1868288K), [Metaspace: 59692K->59692K(1105920K)], 0.5166661 secs] [Times: user=2.43 sys=0.00, real=0.52 secs] 
6088.337: [GC (Allocation Failure) [PSYoungGen: 314880K->92992K(504832K)] 529408K->307520K(1903104K), 0.1411438 secs] [Times: user=0.84 sys=0.00, real=0.14 secs] 
6088.915: [GC (Allocation Failure) [PSYoungGen: 402240K->153152K(462848K)] 616768K->454865K(1861120K), 0.0536465 secs] [Times: user=0.32 sys=0.00, real=0.05 secs] 
6091.187: [GC (Allocation Failure) [PSYoungGen: 462400K->93920K(502272K)] 764113K->548985K(1900544K), 0.1695386 secs] [Times: user=1.01 sys=0.00, real=0.17 secs] 
6091.791: [GC (Allocation Failure) [PSYoungGen: 398048K->149504K(454144K)] 853113K->692795K(1852416K), 0.0548378 secs] [Times: user=0.33 sys=0.00, real=0.05 secs] 
6094.317: [GC (Allocation Failure) [PSYoungGen: 453632K->93376K(501760K)] 996923K->786055K(1900032K), 0.1511333 secs] [Times: user=0.89 sys=0.01, real=0.15 secs] 
6094.811: [GC (Allocation Failure) [PSYoungGen: 395968K->149504K(452608K)] 1088647K->929948K(1850880K), 0.0536209 secs] [Times: user=0.32 sys=0.00, real=0.05 secs] 
6097.149: [GC (Allocation Failure) [PSYoungGen: 452096K->90784K(500736K)] 1232540K->1020340K(1899008K), 0.1270679 secs] [Times: user=0.75 sys=0.01, real=0.13 secs] 
6097.671: [GC (Allocation Failure) [PSYoungGen: 391840K->149856K(451072K)] 1321396K->1165221K(1849344K), 0.0535208 secs] [Times: user=0.32 sys=0.00, real=0.05 secs] 
6100.921: [GC (Allocation Failure) [PSYoungGen: 450912K->84896K(498688K)] 1466277K->1250293K(1896960K), 0.1639099 secs] [Times: user=0.97 sys=0.01, real=0.16 secs] 
6102.215: [GC (Allocation Failure) [PSYoungGen: 378516K->142592K(497664K)] 1543913K->1389153K(1895936K), 0.0481405 secs] [Times: user=0.28 sys=0.00, real=0.05 secs] 
6102.263: [Full GC (Ergonomics) [PSYoungGen: 142592K->0K(497664K)] [ParOldGen: 1246561K->195712K(1398272K)] 1389153K->195712K(1895936K), [Metaspace: 59692K->59692K(1105920K)], 0.4817312 secs] [Times: user=2.25 sys=0.00, real=0.48 secs] 
6104.110: [GC (Allocation Failure) [PSYoungGen: 297472K->96832K(493568K)] 493184K->292544K(1891840K), 0.0309577 secs] [Times: user=0.18 sys=0.00, real=0.04 secs] 
6106.169: [GC (Allocation Failure) [PSYoungGen: 395328K->139040K(495616K)] 591040K->428317K(1893888K), 0.0474972 secs] [Times: user=0.28 sys=0.00, real=0.05 secs] 
6107.983: [GC (Allocation Failure) [PSYoungGen: 437536K->103744K(492544K)] 726813K->522801K(1890816K), 0.0621909 secs] [Times: user=0.37 sys=0.00, real=0.06 secs] 
6108.954: [GC (Allocation Failure) [PSYoungGen: 409408K->145120K(497664K)] 828465K->665738K(1895936K), 0.0516740 secs] [Times: user=0.30 sys=0.00, real=0.05 secs] 
6110.888: [GC (Allocation Failure) [PSYoungGen: 450784K->103136K(501760K)] 971402K->760114K(1900032K), 0.0649230 secs] [Times: user=0.39 sys=0.00, real=0.07 secs] 
6111.995: [GC (Allocation Failure) [PSYoungGen: 415968K->148800K(503296K)] 1072946K->906815K(1901568K), 0.0527302 secs] [Times: user=0.31 sys=0.00, real=0.05 secs] 
6113.757: [GC (Allocation Failure) [PSYoungGen: 461632K->105152K(504320K)] 1219647K->1003439K(1902592K), 0.0659973 secs] [Times: user=0.39 sys=0.00, real=0.07 secs] 
6115.937: [GC (Allocation Failure) [PSYoungGen: 420032K->150400K(504832K)] 1318319K->1150495K(1903104K), 0.0527153 secs] [Times: user=0.31 sys=0.00, real=0.05 secs] 
6119.040: [GC (Allocation Failure) [PSYoungGen: 465280K->107008K(505344K)] 1465375K->1249276K(1903616K), 0.1574082 secs] [Times: user=0.94 sys=0.00, real=0.16 secs] 
6120.505: [GC (Allocation Failure) [PSYoungGen: 422400K->150688K(505344K)] 1564668K->1396585K(1903616K), 0.0537790 secs] [Times: user=0.32 sys=0.00, real=0.05 secs] 
6120.559: [Full GC (Ergonomics) [PSYoungGen: 150688K->0K(505344K)] [ParOldGen: 1245897K->195081K(1398272K)] 1396585K->195081K(1903616K), [Metaspace: 59692K->59692K(1105920K)], 0.4724118 secs] [Times: user=2.20 sys=0.00, real=0.48 secs] 
6123.261: [GC (Allocation Failure) [PSYoungGen: 315392K->104000K(505856K)] 510473K->299081K(1904128K), 0.0930495 secs] [Times: user=0.55 sys=0.00, real=0.09 secs] 
6124.607: [GC (Allocation Failure) [PSYoungGen: 410568K->148384K(505344K)] 605649K->442910K(1903616K), 0.0495346 secs] [Times: user=0.29 sys=0.00, real=0.05 secs] 
6126.557: [GC (Allocation Failure) [PSYoungGen: 463264K->105536K(504832K)] 757790K->539718K(1903104K), 0.1543629 secs] [Times: user=0.91 sys=0.01, real=0.16 secs] 
6127.264: [GC (Allocation Failure) [PSYoungGen: 409765K->145344K(505344K)] 843947K->681371K(1903616K), 0.0575807 secs] [Times: user=0.34 sys=0.00, real=0.06 secs] 
6130.082: [GC (Allocation Failure) [PSYoungGen: 460736K->105120K(504832K)] 996763K->778083K(1903104K), 0.1503925 secs] [Times: user=0.89 sys=0.00, real=0.15 secs] 
6131.502: [GC (Allocation Failure) [PSYoungGen: 409274K->145760K(506368K)] 1082237K->920480K(1904640K), 0.0501942 secs] [Times: user=0.30 sys=0.00, real=0.05 secs] 
6134.421: [GC (Allocation Failure) [PSYoungGen: 463712K->105120K(505856K)] 1238432K->1017336K(1904128K), 0.1139707 secs] [Times: user=0.67 sys=0.01, real=0.11 secs] 
6135.523: [GC (Allocation Failure) [PSYoungGen: 413196K->146016K(507392K)] 1325413K->1159873K(1905664K), 0.0503401 secs] [Times: user=0.30 sys=0.00, real=0.05 secs] 
6137.787: [GC (Allocation Failure) [PSYoungGen: 466528K->108384K(507904K)] 1480385K->1259313K(1906176K), 0.0829390 secs] [Times: user=0.49 sys=0.00, real=0.08 secs] 
6138.248: [GC (Allocation Failure) [PSYoungGen: 431456K->155488K(478720K)] 1582385K->1411543K(1876992K), 0.0535683 secs] [Times: user=0.32 sys=0.00, real=0.06 secs] 
6138.301: [Full GC (Ergonomics) [PSYoungGen: 155488K->0K(478720K)] [ParOldGen: 1256055K->209179K(1398272K)] 1411543K->209179K(1876992K), [Metaspace: 59692K->59692K(1105920K)], 0.4948296 secs] [Times: user=2.31 sys=0.00, real=0.49 secs] 
6141.514: [GC (Allocation Failure) [PSYoungGen: 323072K->99456K(509440K)] 532251K->308635K(1907712K), 0.1509635 secs] [Times: user=0.89 sys=0.00, real=0.15 secs] 
6141.977: [GC (Allocation Failure) [PSYoungGen: 417920K->159712K(478208K)] 627099K->462484K(1876480K), 0.0566453 secs] [Times: user=0.34 sys=0.00, real=0.06 secs] 
6145.208: [GC (Allocation Failure) [PSYoungGen: 478176K->93568K(503808K)] 780948K->556140K(1902080K), 0.1509965 secs] [Times: user=0.90 sys=0.00, real=0.15 secs] 
6145.600: [GC (Allocation Failure) [PSYoungGen: 401280K->152288K(460288K)] 863852K->702417K(1858560K), 0.0544334 secs] [Times: user=0.32 sys=0.00, real=0.06 secs] 
6148.983: [GC (Allocation Failure) [PSYoungGen: 460000K->89984K(501248K)] 1010129K->792321K(1899520K), 0.1700660 secs] [Times: user=1.01 sys=0.00, real=0.17 secs] 
6149.403: [GC (Allocation Failure) [PSYoungGen: 393088K->149760K(453120K)] 1095425K->936208K(1851392K), 0.0539375 secs] [Times: user=0.32 sys=0.00, real=0.05 secs] 
6152.273: [GC (Allocation Failure) [PSYoungGen: 452864K->88064K(499712K)] 1239312K->1024080K(1897984K), 0.1308322 secs] [Times: user=0.78 sys=0.00, real=0.13 secs] 
6152.713: [GC (Allocation Failure) [PSYoungGen: 388096K->149056K(449536K)] 1324112K->1167265K(1847808K), 0.0535126 secs] [Times: user=0.32 sys=0.01, real=0.05 secs] 
6154.955: [GC (Allocation Failure) [PSYoungGen: 449088K->89920K(499200K)] 1467297K->1256881K(1897472K), 0.1737369 secs] [Times: user=1.04 sys=0.00, real=0.17 secs] 
6156.039: [GC (Allocation Failure) [PSYoungGen: 374307K->138112K(436224K)] 1541269K->1388654K(1834496K), 0.0489186 secs] [Times: user=0.29 sys=0.00, real=0.05 secs] 
6156.088: [Full GC (Ergonomics) [PSYoungGen: 138112K->0K(436224K)] [ParOldGen: 1250542K->195712K(1398272K)] 1388654K->195712K(1834496K), [Metaspace: 59692K->59692K(1105920K)], 0.4766013 secs] [Times: user=2.22 sys=0.00, real=0.48 secs] 
6158.084: [GC (Allocation Failure) [PSYoungGen: 297984K->98752K(499712K)] 493696K->294464K(1897984K), 0.0922215 secs] [Times: user=0.55 sys=0.00, real=0.09 secs] 
6159.666: [GC (Allocation Failure) [PSYoungGen: 400320K->144256K(496128K)] 596032K->434649K(1894400K), 0.0474251 secs] [Times: user=0.28 sys=0.01, real=0.05 secs] 
6160.880: [GC (Allocation Failure) [PSYoungGen: 445824K->99968K(499200K)] 736217K->525469K(1897472K), 0.0670594 secs] [Times: user=0.40 sys=0.00, real=0.07 secs] 
6163.414: [GC (Allocation Failure) [PSYoungGen: 408192K->145056K(500736K)] 833693K->666306K(1899008K), 0.0492132 secs] [Times: user=0.29 sys=0.00, real=0.05 secs] 
6164.543: [GC (Allocation Failure) [PSYoungGen: 453280K->105920K(500224K)] 974530K->763330K(1898496K), 0.0641130 secs] [Times: user=0.38 sys=0.01, real=0.06 secs] 
6166.510: [GC (Allocation Failure) [PSYoungGen: 417728K->147040K(502272K)] 1075138K->906803K(1900544K), 0.0518664 secs] [Times: user=0.30 sys=0.00, real=0.06 secs] 
6167.689: [GC (Allocation Failure) [PSYoungGen: 458848K->107552K(502784K)] 1218611K->1005643K(1901056K), 0.0648807 secs] [Times: user=0.39 sys=0.00, real=0.07 secs] 
6169.217: [GC (Allocation Failure) [PSYoungGen: 422936K->152224K(504320K)] 1321027K->1154388K(1902592K), 0.0527860 secs] [Times: user=0.31 sys=0.01, real=0.05 secs] 
6170.989: [GC (Allocation Failure) [PSYoungGen: 467616K->106176K(506368K)] 1469780K->1251440K(1904640K), 0.1271828 secs] [Times: user=0.76 sys=0.00, real=0.13 secs] 
6172.469: [GC (Allocation Failure) [PSYoungGen: 418185K->149440K(505344K)] 1563449K->1396605K(1903616K), 0.0516502 secs] [Times: user=0.30 sys=0.00, real=0.05 secs] 
6172.520: [Full GC (Ergonomics) [PSYoungGen: 149440K->0K(505344K)] [ParOldGen: 1247165K->195736K(1398272K)] 1396605K->195736K(1903616K), [Metaspace: 59692K->59692K(1105920K)], 0.4821653 secs] [Times: user=2.27 sys=0.00, real=0.49 secs] 
6175.289: [GC (Allocation Failure) [PSYoungGen: 315392K->104384K(505856K)] 511128K->300120K(1904128K), 0.0986840 secs] [Times: user=0.58 sys=0.00, real=0.10 secs] 
6176.502: [GC (Allocation Failure) [PSYoungGen: 407628K->146688K(505856K)] 603364K->442792K(1904128K), 0.0493027 secs] [Times: user=0.29 sys=0.00, real=0.05 secs] 
6178.408: [GC (Allocation Failure) [PSYoungGen: 462592K->102848K(505344K)] 758696K->537028K(1903616K), 0.1385547 secs] [Times: user=0.83 sys=0.01, real=0.14 secs] 
6179.642: [GC (Allocation Failure) [PSYoungGen: 410732K->148128K(506368K)] 844913K->681542K(1904640K), 0.0634933 secs] [Times: user=0.37 sys=0.00, real=0.06 secs] 
6182.204: [GC (Allocation Failure) [PSYoungGen: 465568K->104160K(507392K)] 998982K->777454K(1905664K), 0.1612355 secs] [Times: user=0.96 sys=0.01, real=0.16 secs] 
6183.488: [GC (Allocation Failure) [PSYoungGen: 422624K->155552K(474112K)] 1095918K->929079K(1872384K), 0.0516360 secs] [Times: user=0.30 sys=0.00, real=0.05 secs] 
6186.032: [GC (Allocation Failure) [PSYoungGen: 474016K->98144K(506368K)] 1247543K->1027079K(1904640K), 0.1805637 secs] [Times: user=1.08 sys=0.00, real=0.18 secs] 
6186.908: [GC (Allocation Failure) [PSYoungGen: 410464K->153920K(466432K)] 1339399K->1175300K(1864704K), 0.0569261 secs] [Times: user=0.34 sys=0.00, real=0.06 secs] 
6189.239: [GC (Allocation Failure) [PSYoungGen: 466240K->93440K(503296K)] 1487620K->1268464K(1901568K), 0.1521304 secs] [Times: user=0.91 sys=0.00, real=0.15 secs] 
6190.103: [GC (Allocation Failure) [PSYoungGen: 400128K->150432K(457216K)] 1575152K->1413317K(1855488K), 0.0534712 secs] [Times: user=0.32 sys=0.01, real=0.05 secs] 
6190.156: [Full GC (Ergonomics) [PSYoungGen: 150432K->0K(457216K)] [ParOldGen: 1262885K->210965K(1398272K)] 1413317K->210965K(1855488K), [Metaspace: 59692K->59692K(1105920K)], 0.5002820 secs] [Times: user=2.34 sys=0.00, real=0.50 secs] 
6192.846: [GC (Allocation Failure) [PSYoungGen: 303634K->90656K(501760K)] 514600K->301621K(1900032K), 0.1383564 secs] [Times: user=0.82 sys=0.01, real=0.14 secs] 
6193.684: [GC (Allocation Failure) [PSYoungGen: 394272K->180064K(483840K)] 605237K->477266K(1882112K), 0.0539732 secs] [Times: user=0.32 sys=0.00, real=0.05 secs] 
6195.736: [GC (Allocation Failure) [PSYoungGen: 483680K->94432K(490496K)] 780882K->538378K(1888768K), 0.1080802 secs] [Times: user=0.65 sys=0.00, real=0.11 secs] 
6196.351: [GC (Allocation Failure) [PSYoungGen: 373984K->136928K(416768K)] 817930K->672031K(1815040K), 0.0487829 secs] [Times: user=0.29 sys=0.00, real=0.04 secs] 
6197.520: [GC (Allocation Failure) [PSYoungGen: 416480K->88704K(484864K)] 951583K->752379K(1883136K), 0.0600130 secs] [Times: user=0.36 sys=0.01, real=0.06 secs] 
6199.761: [GC (Allocation Failure) [PSYoungGen: 369280K->131104K(483840K)] 1032955K->880612K(1882112K), 0.0451396 secs] [Times: user=0.27 sys=0.00, real=0.04 secs] 
6201.305: [GC (Allocation Failure) [PSYoungGen: 411680K->100352K(492032K)] 1161188K->972108K(1890304K), 0.0618591 secs] [Times: user=0.37 sys=0.00, real=0.06 secs] 
6203.541: [GC (Allocation Failure) [PSYoungGen: 395264K->129760K(489472K)] 1267020K->1100781K(1887744K), 0.0574098 secs] [Times: user=0.34 sys=0.00, real=0.05 secs] 
6205.532: [GC (Allocation Failure) [PSYoungGen: 424672K->116640K(498688K)] 1395693K->1207881K(1896960K), 0.0626143 secs] [Times: user=0.37 sys=0.00, real=0.06 secs] 
6206.883: [GC (Allocation Failure) [PSYoungGen: 429472K->127200K(497664K)] 1520713K->1335201K(1895936K), 0.0613014 secs] [Times: user=0.36 sys=0.00, real=0.06 secs] 
6208.894: [GC (Allocation Failure) [PSYoungGen: 440032K->160K(487936K)] 1648033K->1208261K(1886208K), 0.0020249 secs] [Times: user=0.01 sys=0.00, real=0.00 secs] 
6210.337: [GC (Allocation Failure) [PSYoungGen: 307872K->129280K(503296K)] 1515973K->1337405K(1901568K), 0.0346688 secs] [Times: user=0.20 sys=0.00, real=0.04 secs] 
6210.372: [Full GC (Ergonomics) [PSYoungGen: 129280K->0K(503296K)] [ParOldGen: 1208125K->143340K(1398272K)] 1337405K->143340K(1901568K), [Metaspace: 59692K->59692K(1105920K)], 0.3417130 secs] [Times: user=1.57 sys=0.00, real=0.34 secs] 
6211.987: [GC (Allocation Failure) [PSYoungGen: 307712K->118688K(490496K)] 451052K->262028K(1888768K), 0.0418599 secs] [Times: user=0.25 sys=0.00, real=0.04 secs] 
6213.428: [GC (Allocation Failure) [PSYoungGen: 427936K->129664K(497664K)] 571276K->391868K(1895936K), 0.0702567 secs] [Times: user=0.42 sys=0.00, real=0.07 secs] 
6215.146: [GC (Allocation Failure) [PSYoungGen: 438912K->160K(487936K)] 701116K->262440K(1886208K), 0.0014596 secs] [Times: user=0.00 sys=0.00, real=0.00 secs] 
6216.691: [GC (Allocation Failure) [PSYoungGen: 300704K->127520K(499712K)] 562984K->389808K(1897984K), 0.0360537 secs] [Times: user=0.21 sys=0.00, real=0.03 secs] 
6218.631: [GC (Allocation Failure) [PSYoungGen: 428064K->120768K(492032K)] 690352K->500272K(1890304K), 0.0615903 secs] [Times: user=0.37 sys=0.00, real=0.06 secs] 
6220.814: [GC (Allocation Failure) [PSYoungGen: 421824K->117376K(496128K)] 801328K->617536K(1894400K), 0.0703842 secs] [Times: user=0.42 sys=0.00, real=0.07 secs] 
6221.964: [GC (Allocation Failure) [PSYoungGen: 418432K->129856K(503296K)] 918592K->737135K(1901568K), 0.0611420 secs] [Times: user=0.36 sys=0.00, real=0.06 secs] 
6223.072: [GC (Allocation Failure) [PSYoungGen: 443200K->128384K(503296K)] 1050479K->865719K(1901568K), 0.0747020 secs] [Times: user=0.44 sys=0.01, real=0.07 secs] 
6225.126: [GC (Allocation Failure) [PSYoungGen: 441728K->127232K(505856K)] 1179063K->974548K(1904128K), 0.0621324 secs] [Times: user=0.37 sys=0.00, real=0.06 secs] 
6225.928: [GC (Allocation Failure) [PSYoungGen: 447232K->130144K(506880K)] 1294548K->1104876K(1905152K), 0.0697831 secs] [Times: user=0.41 sys=0.00, real=0.07 secs] 
6227.958: [GC (Allocation Failure) [PSYoungGen: 450144K->2176K(488448K)] 1424876K->976932K(1886720K), 0.0023432 secs] [Times: user=0.01 sys=0.00, real=0.00 secs] 
6229.346: [GC (Allocation Failure) [PSYoungGen: 304768K->132352K(435200K)] 1279524K->1107944K(1833472K), 0.0333509 secs] [Times: user=0.20 sys=0.00, real=0.03 secs] 
6230.893: [GC (Allocation Failure) [PSYoungGen: 434944K->114432K(505856K)] 1410536K->1212976K(1904128K), 0.0627746 secs] [Times: user=0.37 sys=0.00, real=0.06 secs] 
6232.747: [GC (Allocation Failure) [PSYoungGen: 421120K->130240K(437248K)] 1519664K->1343336K(1835520K), 0.0657559 secs] [Times: user=0.39 sys=0.00, real=0.07 secs] 
6232.813: [Full GC (Ergonomics) [PSYoungGen: 130240K->0K(437248K)] [ParOldGen: 1213096K->144285K(1398272K)] 1343336K->144285K(1835520K), [Metaspace: 59694K->59694K(1105920K)], 0.3486686 secs] [Times: user=1.54 sys=0.00, real=0.35 secs] 
6234.386: [GC (Allocation Failure) [PSYoungGen: 306688K->117120K(504320K)] 450973K->261405K(1902592K), 0.0409464 secs] [Times: user=0.25 sys=0.00, real=0.04 secs] 
6236.109: [GC (Allocation Failure) [PSYoungGen: 428928K->132288K(499200K)] 573213K->393773K(1897472K), 0.0687488 secs] [Times: user=0.40 sys=0.00, real=0.07 secs] 
6237.840: [GC (Allocation Failure) [PSYoungGen: 444096K->1728K(487936K)] 705581K->263237K(1886208K), 0.0017415 secs] [Times: user=0.01 sys=0.00, real=0.01 secs] 
6239.956: [GC (Allocation Failure) [PSYoungGen: 302272K->127168K(499712K)] 563781K->389257K(1897984K), 0.0347755 secs] [Times: user=0.20 sys=0.00, real=0.04 secs] 
6241.093: [GC (Allocation Failure) [PSYoungGen: 427712K->120128K(492032K)] 689801K->499233K(1890304K), 0.0621421 secs] [Times: user=0.37 sys=0.00, real=0.06 secs] 
6242.122: [GC (Allocation Failure) [PSYoungGen: 421184K->126336K(496128K)] 800289K->625738K(1894400K), 0.0548173 secs] [Times: user=0.32 sys=0.01, real=0.05 secs] 
6243.302: [GC (Allocation Failure) [PSYoungGen: 427392K->122144K(495616K)] 926794K->737473K(1893888K), 0.0624266 secs] [Times: user=0.38 sys=0.00, real=0.06 secs] 
6244.859: [GC (Allocation Failure) [PSYoungGen: 431904K->125984K(500224K)] 1047233K->862985K(1898496K), 0.0634233 secs] [Times: user=0.37 sys=0.00, real=0.07 secs] 
6246.542: [GC (Allocation Failure) [PSYoungGen: 435744K->122016K(499712K)] 1172745K->974937K(1897984K), 0.0626547 secs] [Times: user=0.38 sys=0.00, real=0.06 secs] 
6247.765: [GC (Allocation Failure) [PSYoungGen: 441504K->132928K(504832K)] 1294425K->1107770K(1903104K), 0.0622821 secs] [Times: user=0.37 sys=0.00, real=0.06 secs] 
6250.020: [GC (Allocation Failure) [PSYoungGen: 452416K->2848K(489984K)] 1427258K->977722K(1888256K), 0.0027300 secs] [Times: user=0.01 sys=0.00, real=0.01 secs] 
6251.803: [GC (GCLocker Initiated GC) [PSYoungGen: 307488K->132608K(437760K)] 1282362K->1109035K(1836032K), 0.0268104 secs] [Times: user=0.16 sys=0.00, real=0.02 secs] 
6254.074: [GC (Allocation Failure) [PSYoungGen: 437248K->114656K(505856K)] 1413677K->1214405K(1904128K), 0.0644055 secs] [Times: user=0.38 sys=0.00, real=0.06 secs] 
6255.887: [GC (Allocation Failure) [PSYoungGen: 421856K->138752K(500224K)] 1521605K->1352885K(1898496K), 0.0555327 secs] [Times: user=0.32 sys=0.00, real=0.06 secs] 
6255.943: [Full GC (Ergonomics) [PSYoungGen: 138752K->0K(500224K)] [ParOldGen: 1214133K->145045K(1398272K)] 1352885K->145045K(1898496K), [Metaspace: 59695K->59695K(1105920K)], 0.3430210 secs] [Times: user=1.57 sys=0.00, real=0.34 secs] 
6258.290: [GC (Allocation Failure) [PSYoungGen: 307200K->117248K(496640K)] 452245K->262293K(1894912K), 0.0410331 secs] [Times: user=0.24 sys=0.00, real=0.04 secs] 
6260.250: [GC (Allocation Failure) [PSYoungGen: 427008K->128320K(499712K)] 572053K->390693K(1897984K), 0.0687293 secs] [Times: user=0.41 sys=0.00, real=0.07 secs] 
6261.922: [GC (Allocation Failure) [PSYoungGen: 438080K->119520K(497664K)] 700453K->499950K(1895936K), 0.0622184 secs] [Times: user=0.37 sys=0.00, real=0.06 secs] 
6263.796: [GC (Allocation Failure) [PSYoungGen: 439520K->143712K(503808K)] 819950K->643422K(1902080K), 0.0597213 secs] [Times: user=0.35 sys=0.00, real=0.06 secs] 
6265.476: [GC (Allocation Failure) [PSYoungGen: 463712K->4736K(487424K)] 963422K->504566K(1885696K), 0.0031196 secs] [Times: user=0.02 sys=0.00, real=0.00 secs] 
6266.591: [GC (Allocation Failure) [PSYoungGen: 304256K->136768K(436736K)] 804086K->639771K(1835008K), 0.0286249 secs] [Times: user=0.17 sys=0.00, real=0.02 secs] 
6267.976: [GC (Allocation Failure) [PSYoungGen: 436288K->110400K(505344K)] 939291K->741147K(1903616K), 0.0643461 secs] [Times: user=0.38 sys=0.00, real=0.06 secs] 
6269.330: [GC (Allocation Failure) [PSYoungGen: 413504K->143072K(496640K)] 1044251K->883208K(1894912K), 0.0582514 secs] [Times: user=0.35 sys=0.01, real=0.06 secs] 
6271.770: [GC (Allocation Failure) [PSYoungGen: 446176K->112864K(493568K)] 1186312K->979072K(1891840K), 0.0633378 secs] [Times: user=0.38 sys=0.00, real=0.07 secs] 
6273.487: [GC (Allocation Failure) [PSYoungGen: 420576K->131360K(497152K)] 1286784K->1109405K(1895424K), 0.0659133 secs] [Times: user=0.39 sys=0.00, real=0.07 secs] 
6274.716: [GC (Allocation Failure) [PSYoungGen: 439072K->1120K(486400K)] 1417117K->979321K(1884672K), 0.0023448 secs] [Times: user=0.02 sys=0.00, real=0.00 secs] 
6276.404: [GC (Allocation Failure) [PSYoungGen: 298592K->124704K(498176K)] 1276793K->1103554K(1896448K), 0.0328925 secs] [Times: user=0.20 sys=0.00, real=0.03 secs] 
6278.259: [GC (Allocation Failure) [PSYoungGen: 422176K->122560K(490496K)] 1401026K->1216106K(1888768K), 0.0625157 secs] [Times: user=0.37 sys=0.00, real=0.07 secs] 
6279.513: [GC (Allocation Failure) [PSYoungGen: 421568K->116704K(495104K)] 1515114K->1332970K(1893376K), 0.0796769 secs] [Times: user=0.47 sys=0.00, real=0.08 secs] 
6279.593: [Full GC (Ergonomics) [PSYoungGen: 116704K->0K(495104K)] [ParOldGen: 1216266K->130752K(1398272K)] 1332970K->130752K(1893376K), [Metaspace: 59695K->59695K(1105920K)], 0.3007057 secs] [Times: user=1.36 sys=0.00, real=0.30 secs] 
6280.950: [GC (Allocation Failure) [PSYoungGen: 299008K->132032K(501248K)] 429760K->262784K(1899520K), 0.0452063 secs] [Times: user=0.27 sys=0.00, real=0.05 secs] 
6282.705: [GC (Allocation Failure) [PSYoungGen: 442304K->113536K(423936K)] 573056K->376304K(1822208K), 0.0931850 secs] [Times: user=0.55 sys=0.01, real=0.09 secs] 
6283.901: [GC (Allocation Failure) [PSYoungGen: 423808K->135072K(499200K)] 686576K->500327K(1897472K), 0.0606751 secs] [Times: user=0.37 sys=0.00, real=0.06 secs] 
6284.799: [GC (Allocation Failure) [PSYoungGen: 449440K->124128K(500736K)] 814695K->624655K(1899008K), 0.0573703 secs] [Times: user=0.34 sys=0.01, real=0.06 secs] 
6287.552: [GC (Allocation Failure) [PSYoungGen: 438496K->123840K(507904K)] 939023K->737988K(1906176K), 0.0627225 secs] [Times: user=0.38 sys=0.00, real=0.06 secs] 
6289.763: [GC (Allocation Failure) [PSYoungGen: 453056K->134208K(509440K)] 1067204K->872340K(1907712K), 0.0644448 secs] [Times: user=0.37 sys=0.00, real=0.06 secs] 
6290.957: [GC (Allocation Failure) [PSYoungGen: 463424K->5408K(492544K)] 1201556K->743576K(1890816K), 0.0035303 secs] [Times: user=0.02 sys=0.00, real=0.00 secs] 
6291.719: [GC (Allocation Failure) [PSYoungGen: 317216K->143232K(455168K)] 1055384K->885201K(1853440K), 0.0294260 secs] [Times: user=0.17 sys=0.00, real=0.03 secs] 
6293.014: [GC (Allocation Failure) [PSYoungGen: 455040K->109952K(508928K)] 1197009K->986045K(1907200K), 0.0655698 secs] [Times: user=0.39 sys=0.00, real=0.06 secs] 
6294.721: [GC (Allocation Failure) [PSYoungGen: 420224K->146176K(500224K)] 1296317K->1129831K(1898496K), 0.0533715 secs] [Times: user=0.32 sys=0.00, real=0.06 secs] 
6296.582: [GC (Allocation Failure) [PSYoungGen: 456448K->106400K(500736K)] 1440103K->1227911K(1899008K), 0.0843016 secs] [Times: user=0.50 sys=0.00, real=0.08 secs] 
6298.520: [GC (Allocation Failure) [PSYoungGen: 420256K->142976K(502272K)] 1541767K->1369004K(1900544K), 0.0535971 secs] [Times: user=0.32 sys=0.00, real=0.06 secs] 
6298.573: [Full GC (Ergonomics) [PSYoungGen: 142976K->0K(502272K)] [ParOldGen: 1226028K->167133K(1398272K)] 1369004K->167133K(1900544K), [Metaspace: 59695K->59695K(1105920K)], 0.4010879 secs] [Times: user=1.87 sys=0.00, real=0.40 secs] 
6300.057: [GC (Allocation Failure) [PSYoungGen: 313856K->111424K(500736K)] 480989K->278557K(1899008K), 0.0368107 secs] [Times: user=0.21 sys=0.00, real=0.04 secs] 
6301.729: [GC (Allocation Failure) [PSYoungGen: 429888K->157344K(503808K)] 597021K->433446K(1902080K), 0.0559696 secs] [Times: user=0.33 sys=0.00, real=0.06 secs] 
6302.969: [GC (Allocation Failure) [PSYoungGen: 475808K->112608K(507392K)] 751910K->528502K(1905664K), 0.0658042 secs] [Times: user=0.39 sys=0.00, real=0.07 secs] 
6304.606: [GC (Allocation Failure) [PSYoungGen: 430560K->152480K(505344K)] 846454K->675299K(1903616K), 0.0604217 secs] [Times: user=0.30 sys=0.00, real=0.06 secs] 
6306.002: [GC (Allocation Failure) [PSYoungGen: 470432K->108384K(506880K)] 993251K->774907K(1905152K), 0.1049277 secs] [Times: user=0.62 sys=0.00, real=0.10 secs] 
6307.126: [GC (Allocation Failure) [PSYoungGen: 418004K->149504K(505856K)] 1084527K->920736K(1904128K), 0.0524227 secs] [Times: user=0.31 sys=0.00, real=0.05 secs] 
6310.587: [GC (Allocation Failure) [PSYoungGen: 466944K->103744K(506880K)] 1238176K->1015896K(1905152K), 0.1566516 secs] [Times: user=0.93 sys=0.00, real=0.16 secs] 
6312.426: [GC (Allocation Failure) [PSYoungGen: 408527K->147392K(506368K)] 1320679K->1158940K(1904640K), 0.1248103 secs] [Times: user=0.74 sys=0.00, real=0.13 secs] 
6314.729: [GC (Allocation Failure) [PSYoungGen: 464832K->106432K(505344K)] 1476380K->1257260K(1903616K), 0.1130049 secs] [Times: user=0.67 sys=0.00, real=0.12 secs] 
6315.257: [GC (Allocation Failure) [PSYoungGen: 424896K->155968K(474624K)] 1575724K->1409534K(1872896K), 0.0530424 secs] [Times: user=0.32 sys=0.00, real=0.05 secs] 
6315.310: [Full GC (Ergonomics) [PSYoungGen: 155968K->0K(474624K)] [ParOldGen: 1253566K->207616K(1398272K)] 1409534K->207616K(1872896K), [Metaspace: 59695K->59695K(1105920K)], 0.4933045 secs] [Times: user=2.30 sys=0.01, real=0.50 secs] 
6319.954: [GC (Allocation Failure) [PSYoungGen: 318464K->92640K(506368K)] 526080K->300256K(1904640K), 0.1728419 secs] [Times: user=1.03 sys=0.00, real=0.17 secs] 
6320.764: [GC (Allocation Failure) [PSYoungGen: 404960K->150816K(463360K)] 612576K->447293K(1861632K), 0.0770245 secs] [Times: user=0.45 sys=0.00, real=0.08 secs] 
6324.461: [GC (Allocation Failure) [PSYoungGen: 460221K->92224K(504320K)] 756699K->539573K(1902592K), 0.1495033 secs] [Times: user=0.89 sys=0.00, real=0.14 secs] 
6325.469: [GC (Allocation Failure) [PSYoungGen: 400448K->150528K(459264K)] 847797K->686098K(1857536K), 0.0536876 secs] [Times: user=0.32 sys=0.00, real=0.06 secs] 
6328.547: [GC (Allocation Failure) [PSYoungGen: 458752K->92384K(502784K)] 994322K->778610K(1901056K), 0.1590229 secs] [Times: user=0.94 sys=0.00, real=0.16 secs] 
6329.219: [GC (Allocation Failure) [PSYoungGen: 397024K->147360K(500736K)] 1083250K->922012K(1899008K), 0.0528479 secs] [Times: user=0.31 sys=0.01, real=0.06 secs] 
6331.900: [GC (Allocation Failure) [PSYoungGen: 452000K->93728K(500736K)] 1226652K->1015216K(1899008K), 0.0901934 secs] [Times: user=0.53 sys=0.00, real=0.09 secs] 
6332.382: [GC (Allocation Failure) [PSYoungGen: 398368K->148864K(453632K)] 1319856K->1160753K(1851904K), 0.0535388 secs] [Times: user=0.32 sys=0.00, real=0.05 secs] 
6334.917: [GC (Allocation Failure) [PSYoungGen: 453504K->89440K(501760K)] 1465393K->1250105K(1900032K), 0.1731076 secs] [Times: user=1.03 sys=0.00, real=0.17 secs] 
6335.669: [GC (Allocation Failure) [PSYoungGen: 385505K->144000K(499712K)] 1546170K->1390194K(1897984K), 0.0499705 secs] [Times: user=0.30 sys=0.00, real=0.05 secs] 
6335.719: [Full GC (Ergonomics) [PSYoungGen: 144000K->0K(499712K)] [ParOldGen: 1246194K->195908K(1398272K)] 1390194K->195908K(1897984K), [Metaspace: 59695K->59695K(1105920K)], 0.4826069 secs] [Times: user=2.26 sys=0.00, real=0.49 secs] 
6337.688: [GC (Allocation Failure) [PSYoungGen: 302592K->100160K(495616K)] 498500K->296068K(1893888K), 0.0546433 secs] [Times: user=0.32 sys=0.00, real=0.06 secs] 
6338.841: [GC (Allocation Failure) [PSYoungGen: 403776K->146112K(498176K)] 599684K->439185K(1896448K), 0.0481659 secs] [Times: user=0.28 sys=0.00, real=0.04 secs] 
6342.381: [GC (Allocation Failure) [PSYoungGen: 449728K->96384K(501248K)] 742801K->527261K(1899520K), 0.0633114 secs] [Times: user=0.37 sys=0.00, real=0.07 secs] 
6343.025: [GC (Allocation Failure) [PSYoungGen: 404096K->158528K(466432K)] 834973K->682622K(1864704K), 0.0489042 secs] [Times: user=0.29 sys=0.00, real=0.05 secs] 
6345.460: [GC (Allocation Failure) [PSYoungGen: 466240K->100864K(501760K)] 990334K->766910K(1900032K), 0.1238661 secs] [Times: user=0.74 sys=0.00, real=0.13 secs] 
6346.864: [GC (Allocation Failure) [PSYoungGen: 401920K->146144K(498176K)] 1067966K->909903K(1896448K), 0.0498459 secs] [Times: user=0.30 sys=0.00, real=0.05 secs] 
6348.471: [GC (Allocation Failure) [PSYoungGen: 447200K->100352K(496640K)] 1210959K->1001863K(1894912K), 0.0635130 secs] [Times: user=0.38 sys=0.00, real=0.06 secs] 
6350.275: [GC (Allocation Failure) [PSYoungGen: 403456K->141632K(498176K)] 1304967K->1141323K(1896448K), 0.0502205 secs] [Times: user=0.30 sys=0.00, real=0.05 secs] 
6351.873: [GC (Allocation Failure) [PSYoungGen: 444736K->103712K(496640K)] 1444427K->1236031K(1894912K), 0.0623937 secs] [Times: user=0.37 sys=0.00, real=0.06 secs] 
6354.052: [GC (Allocation Failure) [PSYoungGen: 412448K->143744K(500224K)] 1544767K->1377132K(1898496K), 0.0517740 secs] [Times: user=0.31 sys=0.00, real=0.05 secs] 
6354.103: [Full GC (Ergonomics) [PSYoungGen: 143744K->0K(500224K)] [ParOldGen: 1233388K->174760K(1398272K)] 1377132K->174760K(1898496K), [Metaspace: 59695K->59695K(1105920K)], 0.4284296 secs] [Times: user=2.01 sys=0.00, real=0.43 secs] 
6355.586: [GC (Allocation Failure) [PSYoungGen: 308736K->107360K(501248K)] 483496K->282120K(1899520K), 0.0450960 secs] [Times: user=0.27 sys=0.00, real=0.05 secs] 
6358.411: [GC (Allocation Failure) [PSYoungGen: 422240K->143936K(503808K)] 597000K->423933K(1902080K), 0.0534046 secs] [Times: user=0.31 sys=0.00, real=0.06 secs] 
6360.615: [GC (Allocation Failure) [PSYoungGen: 458816K->105056K(504832K)] 738813K->520213K(1903104K), 0.0642796 secs] [Times: user=0.37 sys=0.01, real=0.06 secs] 
6362.161: [GC (Allocation Failure) [PSYoungGen: 425056K->151904K(506880K)] 840213K->669823K(1905152K), 0.0525288 secs] [Times: user=0.31 sys=0.00, real=0.05 secs] 
6364.597: [GC (Allocation Failure) [PSYoungGen: 471904K->108256K(508416K)] 989823K->769391K(1906688K), 0.0698775 secs] [Times: user=0.41 sys=0.00, real=0.07 secs] 
6365.903: [GC (Allocation Failure) [PSYoungGen: 427744K->153984K(473600K)] 1088879K->919944K(1871872K), 0.0525013 secs] [Times: user=0.31 sys=0.00, real=0.05 secs] 
6367.654: [GC (Allocation Failure) [PSYoungGen: 473472K->105152K(509440K)] 1239432K->1016364K(1907712K), 0.1604742 secs] [Times: user=0.95 sys=0.01, real=0.16 secs] 
6368.557: [GC (Allocation Failure) [PSYoungGen: 410297K->147520K(506368K)] 1321510K->1160364K(1904640K), 0.0722900 secs] [Times: user=0.42 sys=0.00, real=0.07 secs] 
6371.556: [GC (Allocation Failure) [PSYoungGen: 464448K->105472K(506368K)] 1477292K->1257389K(1904640K), 0.0659916 secs] [Times: user=0.40 sys=0.00, real=0.07 secs] 
6372.481: [GC (Allocation Failure) [PSYoungGen: 423424K->153600K(472064K)] 1575341K->1407317K(1870336K), 0.0524504 secs] [Times: user=0.31 sys=0.00, real=0.05 secs] 
6372.533: [Full GC (Ergonomics) [PSYoungGen: 153600K->0K(472064K)] [ParOldGen: 1253717K->203695K(1398272K)] 1407317K->203695K(1870336K), [Metaspace: 59695K->59695K(1105920K)], 0.4836845 secs] [Times: user=2.26 sys=0.01, real=0.48 secs] 
6376.019: [GC (Allocation Failure) [PSYoungGen: 317952K->94496K(506880K)] 521647K->298191K(1905152K), 0.1695037 secs] [Times: user=1.01 sys=0.00, real=0.17 secs] 
6376.879: [GC (Allocation Failure) [PSYoungGen: 408352K->150688K(464896K)] 612047K->444952K(1863168K), 0.0532245 secs] [Times: user=0.31 sys=0.00, real=0.06 secs] 
6378.884: [GC (Allocation Failure) [PSYoungGen: 464544K->99808K(505856K)] 758808K->543784K(1904128K), 0.1482758 secs] [Times: user=0.88 sys=0.00, real=0.15 secs] 
6379.323: [GC (Allocation Failure) [PSYoungGen: 410592K->155040K(465920K)] 854568K->693209K(1864192K), 0.0565137 secs] [Times: user=0.33 sys=0.00, real=0.05 secs] 
6382.209: [GC (Allocation Failure) [PSYoungGen: 465824K->91616K(502272K)] 1003993K->784777K(1900544K), 0.1692972 secs] [Times: user=1.01 sys=0.00, real=0.17 secs] 
6382.866: [GC (Allocation Failure) [PSYoungGen: 396256K->151520K(456192K)] 1089417K->930638K(1854464K), 0.0538019 secs] [Times: user=0.32 sys=0.00, real=0.05 secs] 
6386.146: [GC (Allocation Failure) [PSYoungGen: 456160K->88512K(500224K)] 1235278K->1019318K(1898496K), 0.1485746 secs] [Times: user=0.88 sys=0.01, real=0.15 secs] 
6386.549: [GC (Allocation Failure) [PSYoungGen: 389056K->148768K(449536K)] 1319862K->1162287K(1847808K), 0.0568856 secs] [Times: user=0.32 sys=0.00, real=0.06 secs] 
6388.743: [GC (Allocation Failure) [PSYoungGen: 449312K->90976K(499712K)] 1462831K->1252563K(1897984K), 0.1488446 secs] [Times: user=0.89 sys=0.00, real=0.15 secs] 
6389.601: [GC (Allocation Failure) [PSYoungGen: 382917K->141376K(440832K)] 1544505K->1389872K(1839104K), 0.0503525 secs] [Times: user=0.29 sys=0.01, real=0.05 secs] 
6389.652: [Full GC (Ergonomics) [PSYoungGen: 141376K->0K(440832K)] [ParOldGen: 1248496K->195824K(1398272K)] 1389872K->195824K(1839104K), [Metaspace: 59695K->59695K(1105920K)], 0.4766933 secs] [Times: user=2.22 sys=0.00, real=0.47 secs] 
6391.278: [GC (Allocation Failure) [PSYoungGen: 299008K->99904K(501248K)] 494832K->295728K(1899520K), 0.0348814 secs] [Times: user=0.21 sys=0.00, real=0.04 secs] 
6393.289: [GC (Allocation Failure) [PSYoungGen: 402496K->142848K(497664K)] 598320K->435249K(1895936K), 0.0481238 secs] [Times: user=0.29 sys=0.00, real=0.05 secs] 
6394.950: [GC (Allocation Failure) [PSYoungGen: 445440K->100512K(499200K)] 737841K->527221K(1897472K), 0.0631178 secs] [Times: user=0.37 sys=0.00, real=0.07 secs] 
6396.798: [GC (Allocation Failure) [PSYoungGen: 408224K->153472K(500224K)] 834933K->677306K(1898496K), 0.0544984 secs] [Times: user=0.31 sys=0.00, real=0.06 secs] 
6399.112: [GC (GCLocker Initiated GC) [PSYoungGen: 461184K->104416K(502272K)] 985018K->764554K(1900544K), 0.0744745 secs] [Times: user=0.44 sys=0.00, real=0.07 secs] 
6400.356: [GC (Allocation Failure) [PSYoungGen: 412128K->146464K(501248K)] 1072301K->907406K(1899520K), 0.0518602 secs] [Times: user=0.31 sys=0.00, real=0.05 secs] 
6401.752: [GC (Allocation Failure) [PSYoungGen: 454176K->105344K(499200K)] 1215118K->1003574K(1897472K), 0.0748629 secs] [Times: user=0.45 sys=0.00, real=0.07 secs] 
6403.086: [GC (Allocation Failure) [PSYoungGen: 415104K->150624K(501248K)] 1313334K->1151039K(1899520K), 0.0529468 secs] [Times: user=0.31 sys=0.00, real=0.05 secs] 
6404.462: [GC (Allocation Failure) [PSYoungGen: 460384K->105152K(503808K)] 1460799K->1247759K(1902080K), 0.0659614 secs] [Times: user=0.39 sys=0.00, real=0.06 secs] 
6406.398: [GC (Allocation Failure) [PSYoungGen: 417472K->148320K(503808K)] 1560079K->1392756K(1902080K), 0.0523644 secs] [Times: user=0.31 sys=0.00, real=0.05 secs] 
6406.451: [Full GC (Ergonomics) [PSYoungGen: 148320K->0K(503808K)] [ParOldGen: 1244436K->191402K(1398272K)] 1392756K->191402K(1902080K), [Metaspace: 59695K->59695K(1105920K)], 0.4636705 secs] [Times: user=2.15 sys=0.01, real=0.47 secs] 
6407.954: [GC (Allocation Failure) [PSYoungGen: 312320K->104480K(503808K)] 503722K->295882K(1902080K), 0.0317096 secs] [Times: user=0.18 sys=0.00, real=0.03 secs] 
6408.816: [GC (Allocation Failure) [PSYoungGen: 417824K->151744K(504320K)] 609226K->443839K(1902592K), 0.0503804 secs] [Times: user=0.30 sys=0.00, real=0.05 secs] 
6410.603: [GC (Allocation Failure) [PSYoungGen: 465088K->105184K(504832K)] 757183K->540027K(1903104K), 0.1424132 secs] [Times: user=0.85 sys=0.00, real=0.14 secs] 
6411.784: [GC (Allocation Failure) [PSYoungGen: 407448K->145280K(504320K)] 842292K->681708K(1902592K), 0.0504940 secs] [Times: user=0.30 sys=0.00, real=0.05 secs] 
6414.171: [GC (Allocation Failure) [PSYoungGen: 458112K->102720K(503296K)] 994540K->776076K(1901568K), 0.0647422 secs] [Times: user=0.38 sys=0.00, real=0.07 secs] 
6415.075: [GC (Allocation Failure) [PSYoungGen: 406787K->147776K(504832K)] 1080144K->920489K(1903104K), 0.0500296 secs] [Times: user=0.29 sys=0.00, real=0.05 secs] 
6417.466: [GC (Allocation Failure) [PSYoungGen: 462656K->103584K(505856K)] 1235369K->1015713K(1904128K), 0.1624689 secs] [Times: user=0.88 sys=0.01, real=0.16 secs] 
6418.649: [GC (Allocation Failure) [PSYoungGen: 412527K->147648K(506368K)] 1324656K->1159184K(1904640K), 0.0501041 secs] [Times: user=0.29 sys=0.00, real=0.05 secs] 
6420.945: [GC (Allocation Failure) [PSYoungGen: 464576K->106176K(505344K)] 1476112K->1256720K(1903616K), 0.0765484 secs] [Times: user=0.45 sys=0.00, real=0.08 secs] 
6421.714: [GC (Allocation Failure) [PSYoungGen: 414280K->146176K(506368K)] 1564824K->1398301K(1904640K), 0.0517491 secs] [Times: user=0.31 sys=0.00, real=0.05 secs] 
6421.766: [Full GC (Ergonomics) [PSYoungGen: 146176K->0K(506368K)] [ParOldGen: 1252125K->196420K(1398272K)] 1398301K->196420K(1904640K), [Metaspace: 59695K->59695K(1105920K)], 0.4828103 secs] [Times: user=2.25 sys=0.00, real=0.48 secs] 
6423.705: [GC (GCLocker Initiated GC) [PSYoungGen: 317952K->108992K(505344K)] 514372K->305412K(1903616K), 0.0664602 secs] [Times: user=0.39 sys=0.00, real=0.07 secs] 
6424.197: [GC (Allocation Failure) [PSYoungGen: 428992K->172992K(493056K)] 625446K->474935K(1891328K), 0.0526825 secs] [Times: user=0.31 sys=0.01, real=0.05 secs] 
6427.703: [GC (Allocation Failure) [PSYoungGen: 492992K->95776K(501248K)] 794935K->554439K(1899520K), 0.1684812 secs] [Times: user=0.88 sys=0.00, real=0.17 secs] 
6428.294: [GC (Allocation Failure) [PSYoungGen: 398368K->151808K(454656K)] 857031K->700152K(1852928K), 0.0552582 secs] [Times: user=0.33 sys=0.00, real=0.05 secs] 
6431.537: [GC (Allocation Failure) [PSYoungGen: 452594K->86496K(498176K)] 1000939K->786572K(1896448K), 0.1540869 secs] [Times: user=0.92 sys=0.00, real=0.15 secs] 
6432.384: [GC (Allocation Failure) [PSYoungGen: 373020K->138432K(437248K)] 1073097K->920665K(1835520K), 0.0480958 secs] [Times: user=0.29 sys=0.01, real=0.05 secs] 
6433.648: [GC (Allocation Failure) [PSYoungGen: 436928K->99872K(499200K)] 1219161K->1011741K(1897472K), 0.0905276 secs] [Times: user=0.54 sys=0.00, real=0.09 secs] 
6435.835: [GC (Allocation Failure) [PSYoungGen: 401440K->142688K(496640K)] 1313309K->1151519K(1894912K), 0.0579421 secs] [Times: user=0.35 sys=0.00, real=0.06 secs] 
6437.350: [GC (Allocation Failure) [PSYoungGen: 444256K->99488K(501248K)] 1453087K->1242835K(1899520K), 0.0924611 secs] [Times: user=0.55 sys=0.00, real=0.10 secs] 
6438.999: [GC (Allocation Failure) [PSYoungGen: 408224K->148128K(501248K)] 1551571K->1387828K(1899520K), 0.0511535 secs] [Times: user=0.30 sys=0.00, real=0.05 secs] 
6439.050: [Full GC (Ergonomics) [PSYoungGen: 148128K->0K(501248K)] [ParOldGen: 1239700K->186622K(1398272K)] 1387828K->186622K(1899520K), [Metaspace: 59695K->59695K(1105920K)], 0.4565017 secs] [Times: user=2.12 sys=0.00, real=0.46 secs] 
6442.620: [GC (Allocation Failure) [PSYoungGen: 308736K->101056K(503296K)] 495358K->287678K(1901568K), 0.0316869 secs] [Times: user=0.18 sys=0.00, real=0.04 secs] 
6444.447: [GC (GCLocker Initiated GC) [PSYoungGen: 412864K->145600K(503808K)] 599487K->430376K(1902080K), 0.0728179 secs] [Times: user=0.42 sys=0.01, real=0.07 secs] 
6446.370: [GC (Allocation Failure) [PSYoungGen: 457408K->105792K(501248K)] 742186K->527354K(1899520K), 0.0650134 secs] [Times: user=0.38 sys=0.00, real=0.07 secs] 
6448.270: [GC (Allocation Failure) [PSYoungGen: 419136K->148224K(503296K)] 840698K->672263K(1901568K), 0.0517903 secs] [Times: user=0.31 sys=0.00, real=0.06 secs] 
6450.453: [GC (Allocation Failure) [PSYoungGen: 461568K->107328K(504320K)] 985607K->770959K(1902592K), 0.0652623 secs] [Times: user=0.39 sys=0.00, real=0.06 secs] 
6451.121: [GC (Allocation Failure) [PSYoungGen: 423744K->153856K(505344K)] 1087375K->921376K(1903616K), 0.0526053 secs] [Times: user=0.31 sys=0.00, real=0.06 secs] 
6453.341: [GC (Allocation Failure) [PSYoungGen: 470272K->102912K(507392K)] 1237792K->1015808K(1905664K), 0.1534006 secs] [Times: user=0.91 sys=0.01, real=0.15 secs] 
6454.799: [GC (Allocation Failure) [PSYoungGen: 409077K->148224K(505344K)] 1321973K->1159781K(1903616K), 0.0504296 secs] [Times: user=0.30 sys=0.00, real=0.05 secs] 
6456.675: [GC (Allocation Failure) [PSYoungGen: 462592K->103872K(504832K)] 1474149K->1255037K(1903104K), 0.1464437 secs] [Times: user=0.87 sys=0.01, real=0.15 secs] 
6458.724: [GC (Allocation Failure) [PSYoungGen: 410419K->147488K(505344K)] 1561583K->1398253K(1903616K), 0.0515077 secs] [Times: user=0.30 sys=0.00, real=0.05 secs] 
6458.776: [Full GC (Ergonomics) [PSYoungGen: 147488K->0K(505344K)] [ParOldGen: 1250765K->196209K(1398272K)] 1398253K->196209K(1903616K), [Metaspace: 59695K->59695K(1105920K)], 0.4821317 secs] [Times: user=2.26 sys=0.00, real=0.48 secs] 
6460.685: [GC (Allocation Failure) [PSYoungGen: 314880K->104512K(505344K)] 511089K->300721K(1903616K), 0.0579854 secs] [Times: user=0.34 sys=0.00, real=0.06 secs] 
6461.660: [GC (Allocation Failure) [PSYoungGen: 417482K->148448K(505856K)] 613691K->444284K(1904128K), 0.0494887 secs] [Times: user=0.30 sys=0.00, real=0.05 secs] 
6463.644: [GC (Allocation Failure) [PSYoungGen: 464352K->108960K(503808K)] 760188K->543856K(1902080K), 0.1495415 secs] [Times: user=0.89 sys=0.00, real=0.15 secs] 
6464.334: [GC (Allocation Failure) [PSYoungGen: 425888K->153792K(505344K)] 860784K->694065K(1903616K), 0.0519980 secs] [Times: user=0.31 sys=0.00, real=0.05 secs] 
6466.396: [GC (Allocation Failure) [PSYoungGen: 470720K->98464K(507392K)] 1010993K->791789K(1905664K), 0.1579095 secs] [Times: user=0.94 sys=0.00, real=0.16 secs] 
6467.185: [GC (Allocation Failure) [PSYoungGen: 412832K->153920K(468480K)] 1106157K->939821K(1866752K), 0.0570282 secs] [Times: user=0.34 sys=0.00, real=0.06 secs] 
6470.091: [GC (Allocation Failure) [PSYoungGen: 468288K->94848K(504320K)] 1254189K->1034305K(1902592K), 0.1458200 secs] [Times: user=0.87 sys=0.01, real=0.14 secs] 
6470.645: [GC (Allocation Failure) [PSYoungGen: 403584K->168768K(477696K)] 1343041K->1196771K(1875968K), 0.0557397 secs] [Times: user=0.33 sys=0.00, real=0.05 secs] 
6472.933: [GC (Allocation Failure) [PSYoungGen: 477504K->95776K(496640K)] 1505507K->1275847K(1894912K), 0.1115619 secs] [Times: user=0.66 sys=0.01, real=0.11 secs] 
6473.672: [GC (Allocation Failure) [PSYoungGen: 388640K->144992K(438272K)] 1568711K->1414432K(1836544K), 0.0542760 secs] [Times: user=0.32 sys=0.00, real=0.05 secs] 
6473.726: [Full GC (Ergonomics) [PSYoungGen: 144992K->0K(438272K)] [ParOldGen: 1269440K->211788K(1398272K)] 1414432K->211788K(1836544K), [Metaspace: 59695K->59695K(1105920K)], 0.5095976 secs] [Times: user=2.39 sys=0.00, real=0.51 secs] 
6476.641: [GC (Allocation Failure) [PSYoungGen: 292864K->84256K(494592K)] 504652K->296044K(1892864K), 0.1464399 secs] [Times: user=0.87 sys=0.00, real=0.14 secs] 
6477.718: [GC (Allocation Failure) [PSYoungGen: 377120K->140960K(494592K)] 588908K->433308K(1892864K), 0.0474230 secs] [Times: user=0.28 sys=0.00, real=0.05 secs] 
6478.833: [GC (Allocation Failure) [PSYoungGen: 433824K->99456K(492544K)] 726172K->523916K(1890816K), 0.0623628 secs] [Times: user=0.37 sys=0.00, real=0.06 secs] 
6480.510: [GC (Allocation Failure) [PSYoungGen: 396416K->142304K(494080K)] 820876K->662853K(1892352K), 0.0485295 secs] [Times: user=0.29 sys=0.00, real=0.05 secs] 
6481.715: [GC (Allocation Failure) [PSYoungGen: 439264K->97472K(496640K)] 959813K->751613K(1894912K), 0.0665996 secs] [Times: user=0.40 sys=0.00, real=0.07 secs] 
6483.507: [GC (Allocation Failure) [PSYoungGen: 402112K->142208K(499200K)] 1056253K->891369K(1897472K), 0.0491860 secs] [Times: user=0.29 sys=0.01, real=0.05 secs] 
6484.655: [GC (Allocation Failure) [PSYoungGen: 446848K->104544K(497152K)] 1196009K->987137K(1895424K), 0.0642700 secs] [Times: user=0.38 sys=0.00, real=0.06 secs] 
6487.146: [GC (Allocation Failure) [PSYoungGen: 414304K->143648K(500736K)] 1296897K->1128382K(1899008K), 0.0520948 secs] [Times: user=0.31 sys=0.00, real=0.05 secs] 
6488.331: [GC (Allocation Failure) [PSYoungGen: 453408K->108064K(500736K)] 1438142K->1227602K(1899008K), 0.0885571 secs] [Times: user=0.53 sys=0.00, real=0.08 secs] 
6490.135: [GC (Allocation Failure) [PSYoungGen: 423968K->148768K(503808K)] 1543506K->1374231K(1902080K), 0.0532757 secs] [Times: user=0.32 sys=0.00, real=0.05 secs] 
6490.189: [Full GC (Ergonomics) [PSYoungGen: 148768K->0K(503808K)] [ParOldGen: 1225463K->181534K(1398272K)] 1374231K->181534K(1902080K), [Metaspace: 59695K->59695K(1105920K)], 0.4337786 secs] [Times: user=2.02 sys=0.00, real=0.44 secs] 
6492.374: [GC (Allocation Failure) [PSYoungGen: 315904K->109312K(506368K)] 497438K->290846K(1904640K), 0.0334903 secs] [Times: user=0.20 sys=0.00, real=0.03 secs] 
6493.852: [GC (Allocation Failure) [PSYoungGen: 428800K->149248K(506880K)] 610334K->436871K(1905152K), 0.0692055 secs] [Times: user=0.41 sys=0.00, real=0.07 secs] 
6497.309: [GC (Allocation Failure) [PSYoungGen: 468736K->105696K(508416K)] 756359K->533275K(1906688K), 0.0961639 secs] [Times: user=0.57 sys=0.00, real=0.10 secs] 
6499.832: [GC (Allocation Failure) [PSYoungGen: 426720K->150304K(471552K)] 854299K->680075K(1869824K), 0.0517334 secs] [Times: user=0.30 sys=0.00, real=0.05 secs] 
6501.628: [GC (Allocation Failure) [PSYoungGen: 471328K->112000K(512000K)] 1001099K->783352K(1910272K), 0.1271583 secs] [Times: user=0.76 sys=0.00, real=0.13 secs] 
6502.607: [GC (Allocation Failure) [PSYoungGen: 433024K->186848K(507904K)] 1104376K->981604K(1906176K), 0.0586235 secs] [Times: user=0.35 sys=0.00, real=0.06 secs] 
6505.505: [GC (Allocation Failure) [PSYoungGen: 507872K->100384K(423936K)] 1302628K->1031832K(1822208K), 0.1528553 secs] [Times: user=0.91 sys=0.00, real=0.15 secs] 
6506.127: [GC (Allocation Failure) [PSYoungGen: 333344K->114400K(465920K)] 1264792K->1140733K(1864192K), 0.0491589 secs] [Times: user=0.29 sys=0.00, real=0.05 secs] 
6507.212: [GC (Allocation Failure) [PSYoungGen: 347360K->85184K(465920K)] 1373693K->1217065K(1864192K), 0.0552495 secs] [Times: user=0.33 sys=0.00, real=0.05 secs] 
6508.080: [GC (Allocation Failure) [PSYoungGen: 311952K->92992K(465920K)] 1443834K->1310137K(1864192K), 0.0697314 secs] [Times: user=0.42 sys=0.00, real=0.07 secs] 
6508.373: [GC (Allocation Failure) [PSYoungGen: 325952K->115744K(451584K)] 1543097K->1420374K(1849856K), 0.0511499 secs] [Times: user=0.30 sys=0.00, real=0.05 secs] 
6508.425: [Full GC (Ergonomics) [PSYoungGen: 115744K->0K(451584K)] [ParOldGen: 1304630K->216368K(1398272K)] 1420374K->216368K(1849856K), [Metaspace: 59696K->59696K(1105920K)], 0.5181048 secs] [Times: user=2.42 sys=0.00, real=0.52 secs] 
6509.910: [GC (Allocation Failure) [PSYoungGen: 232960K->60352K(458752K)] 449328K->276720K(1857024K), 0.0494881 secs] [Times: user=0.29 sys=0.01, real=0.05 secs] 
6511.908: [GC (Allocation Failure) [PSYoungGen: 293312K->110432K(456192K)] 509680K->384276K(1854464K), 0.0430634 secs] [Times: user=0.25 sys=0.00, real=0.05 secs] 
6512.915: [GC (Allocation Failure) [PSYoungGen: 356192K->116064K(463872K)] 630036K->491108K(1862144K), 0.0592284 secs] [Times: user=0.36 sys=0.00, real=0.06 secs] 
6514.949: [GC (Allocation Failure) [PSYoungGen: 361824K->73600K(479232K)] 736868K->564048K(1877504K), 0.0983708 secs] [Times: user=0.58 sys=0.00, real=0.10 secs] 
6515.364: [GC (Allocation Failure) [PSYoungGen: 345472K->134880K(479232K)] 835920K->693409K(1877504K), 0.0482338 secs] [Times: user=0.29 sys=0.00, real=0.05 secs] 
6518.340: [GC (Allocation Failure) [PSYoungGen: 406752K->75296K(488960K)] 965281K->768889K(1887232K), 0.1637138 secs] [Times: user=0.97 sys=0.00, real=0.17 secs] 
6519.268: [GC (Allocation Failure) [PSYoungGen: 360992K->139488K(489472K)] 1054585K->904398K(1887744K), 0.0446349 secs] [Times: user=0.27 sys=0.00, real=0.05 secs] 
6520.385: [GC (Allocation Failure) [PSYoungGen: 425184K->94688K(484864K)] 1190094K->990330K(1883136K), 0.0649049 secs] [Times: user=0.37 sys=0.01, real=0.06 secs] 
6523.180: [GC (Allocation Failure) [PSYoungGen: 384992K->143968K(489472K)] 1280634K->1131271K(1887744K), 0.0481838 secs] [Times: user=0.28 sys=0.00, real=0.05 secs] 
6524.316: [GC (Allocation Failure) [PSYoungGen: 434272K->98624K(491520K)] 1421575K->1212651K(1889792K), 0.0629903 secs] [Times: user=0.38 sys=0.00, real=0.06 secs] 
6525.889: [GC (Allocation Failure) [PSYoungGen: 396096K->136800K(494080K)] 1510123K->1348068K(1892352K), 0.0569039 secs] [Times: user=0.34 sys=0.00, real=0.06 secs] 
6527.710: [GC (Allocation Failure) [PSYoungGen: 434272K->107712K(488960K)] 1645540K->1446904K(1887232K), 0.0642642 secs] [Times: user=0.38 sys=0.00, real=0.07 secs] 
6527.774: [Full GC (Ergonomics) [PSYoungGen: 107712K->0K(488960K)] [ParOldGen: 1339192K->16663K(1398272K)] 1446904K->16663K(1887232K), [Metaspace: 59696K->59696K(1105920K)], 0.0278608 secs] [Times: user=0.06 sys=0.00, real=0.03 secs] 
6528.816: [GC (Allocation Failure) [PSYoungGen: 305664K->134912K(495616K)] 322327K->151575K(1893888K), 0.0304991 secs] [Times: user=0.18 sys=0.00, real=0.03 secs] 
6529.958: [GC (Allocation Failure) [PSYoungGen: 440576K->114176K(495616K)] 457239K->256367K(1893888K), 0.0628658 secs] [Times: user=0.37 sys=0.00, real=0.06 secs] 
6530.654: [GC (Allocation Failure) [PSYoungGen: 433152K->139232K(502272K)] 575343K->394156K(1900544K), 0.0541556 secs] [Times: user=0.32 sys=0.00, real=0.05 secs] 
Heap
 PSYoungGen      total 502272K, used 453668K [0x00000000d5